% Running in auto input_syntax mode. Trying TPTP
% Refutation found. Thanks to Tanya!
% SZS status Unsatisfiable for GRP769-1_clausified
% SZS output start Proof for GRP769-1_clausified
1. product(X0,one) = X0 [input(axiom)]
2. product(one,X0) = X0 [input(axiom)]
3. product(X0,difference(X0,X1)) = X1 [input(axiom)]
4. difference(X0,product(X0,X1)) = X1 [input(axiom)]
5. quotient(product(X0,X1),X1) = X0 [input(axiom)]
6. product(quotient(X0,X1),X1) = X0 [input(axiom)]
7. difference(X0,product(product(X0,X1),X2)) = quotient(product(X1,product(X2,X0)),X0) [input(axiom)]
8. difference(product(X0,X1),product(X0,product(X1,X2))) = quotient(quotient(product(X2,product(X0,X1)),X1),X0) [input(axiom)]
9. product(difference(X0,one),X0) = product(X0,quotient(one,X0)) [input(axiom)]
10. product(difference(difference(X0,one),one),X1) = product(product(difference(X0,one),X0),product(X0,X1)) [input(axiom)]
13. product(product(difference(X0,one),X0),product(X1,X2)) = product(product(product(difference(X0,one),X0),X1),X2) [input(axiom)]
17. product(difference(product(X0,X1),one),difference(difference(X0,one),one)) = difference(X1,one) [input(axiom)]
18. product(quotient(one,quotient(one,X0)),quotient(one,product(X1,X0))) = quotient(one,X1) [input(axiom)]
19. difference(X0,one) = product(X1,difference(product(X0,X1),one)) [input(axiom)]
20. quotient(one,X0) = product(quotient(one,product(X1,X0)),X1) [input(axiom)]
21. product(product(x0,x1),x2) != product(product(x0,x2),difference(x2,product(x1,x2))) [input(negated conjecture)]
23. difference(one,X0) = X0 [superposition 2,3]
25. one = difference(X0,X0) [superposition 4,1]
31. quotient(X0,difference(X1,X0)) = X1 [superposition 5,3]
32. one = quotient(X0,X0) [superposition 5,2]
37. difference(quotient(X0,X1),X0) = X1 [superposition 4,6]
63. difference(quotient(X0,X1),one) = product(X1,difference(X0,one)) [superposition 19,6]
77. product(X0,quotient(one,X0)) = product(quotient(one,X0),quotient(one,quotient(one,X0))) [superposition 9,37]
79. quotient(one,difference(X1,X0)) = product(quotient(one,X0),X1) [superposition 20,3]
83. quotient(one,X1) = product(quotient(one,X0),quotient(X0,X1)) [superposition 20,6]
87. quotient(one,product(X1,X0)) = quotient(quotient(one,X0),X1) [superposition 5,20]
204. difference(difference(X1,X0),one) = product(difference(X0,one),difference(difference(X1,one),one)) [superposition 17,3]
299. quotient(one,quotient(X0,X1)) = product(quotient(one,quotient(one,X1)),quotient(one,X0)) [superposition 18,6]
308. quotient(one,quotient(one,product(X0,X1))) = product(quotient(one,quotient(one,X0)),quotient(one,quotient(one,X1))) [superposition 20,18]
369. product(difference(difference(X0,one),one),X1) = product(product(X0,quotient(one,X0)),product(X0,X1)) [superposition 10,9]
382. product(difference(difference(quotient(one,quotient(one,X1)),one),one),quotient(one,product(X0,X1))) = product(product(difference(quotient(one,quotient(one,X1)),one),quotient(one,quotient(one,X1))),quotient(one,X0)) [superposition 10,18]
399. product(difference(difference(quotient(one,quotient(one,X1)),one),one),quotient(one,product(X0,X1))) = product(product(quotient(one,quotient(one,X1)),quotient(one,quotient(one,quotient(one,X1)))),quotient(one,X0)) [forward demodulation 382,9]
419. product(difference(difference(quotient(one,quotient(one,X1)),one),one),quotient(one,product(X0,X1))) = product(quotient(one,quotient(one,product(X1,quotient(one,X1)))),quotient(one,X0)) [forward demodulation 399,308]
434. product(difference(difference(quotient(one,quotient(one,X1)),one),one),quotient(one,product(X0,X1))) = quotient(one,quotient(X0,product(X1,quotient(one,X1)))) [forward demodulation 419,299]
445. quotient(one,quotient(X0,product(X1,quotient(one,X1)))) = product(difference(quotient(one,X1),one),quotient(one,product(X0,X1))) [forward demodulation 434,37]
452. quotient(one,quotient(X0,product(X1,quotient(one,X1)))) = product(X1,quotient(one,product(X0,X1))) [forward demodulation 445,37]
602. quotient(X1,X0) = quotient(one,product(X0,difference(X1,one))) [superposition 31,63]
623. difference(product(difference(difference(X0,one),one),X1),product(product(difference(X0,one),X0),product(product(X0,X1),X2))) = quotient(quotient(product(X2,product(difference(difference(X0,one),one),X1)),product(X0,X1)),product(difference(X0,one),X0)) [superposition 8,10]
639. difference(product(X2,X0),product(X2,product(X0,X1))) = quotient(difference(X0,product(product(X0,X1),X2)),X2) [superposition 8,7]
661. difference(product(difference(difference(X0,one),one),X1),product(product(X0,quotient(one,X0)),product(product(X0,X1),X2))) = quotient(quotient(product(X2,product(difference(difference(X0,one),one),X1)),product(X0,X1)),product(X0,quotient(one,X0))) [forward demodulation 623,9]
923. product(product(difference(X0,one),X0),product(product(X0,X1),X2)) = product(product(difference(difference(X0,one),one),X1),X2) [superposition 13,10]
981. product(product(X0,quotient(one,X0)),product(product(X0,X1),X2)) = product(product(difference(difference(X0,one),one),X1),X2) [forward demodulation 923,9]
1681. quotient(one,X1) = product(X0,quotient(difference(X0,one),X1)) [superposition 83,31]
1700. quotient(X1,X0) = difference(quotient(one,X1),quotient(one,X0)) [superposition 4,83]
1704. product(difference(difference(quotient(one,X1),one),one),quotient(X1,X0)) = product(product(difference(quotient(one,X1),one),quotient(one,X1)),quotient(one,X0)) [superposition 10,83]
1716. product(difference(difference(quotient(one,X1),one),one),quotient(X1,X0)) = product(product(quotient(one,X1),quotient(one,quotient(one,X1))),quotient(one,X0)) [forward demodulation 1704,9]
1733. product(difference(difference(quotient(one,X1),one),one),quotient(X1,X0)) = product(product(X1,quotient(one,X1)),quotient(one,X0)) [forward demodulation 1716,77]
1743. product(product(X1,quotient(one,X1)),quotient(one,X0)) = product(difference(X1,one),quotient(X1,X0)) [forward demodulation 1733,37]
2255. quotient(X2,product(product(difference(X0,one),X0),X1)) = quotient(one,product(product(difference(X0,one),X0),product(X1,difference(X2,one)))) [superposition 602,13]
2275. quotient(one,product(X2,product(X1,difference(X0,one)))) = quotient(quotient(X0,X1),X2) [superposition 87,602]
2307. quotient(X2,product(product(difference(X0,one),X0),X1)) = quotient(quotient(X2,X1),product(difference(X0,one),X0)) [forward demodulation 2255,2275]
2324. quotient(X2,product(product(X0,quotient(one,X0)),X1)) = quotient(quotient(X2,X1),product(X0,quotient(one,X0))) [forward demodulation 2307,9]
3588. quotient(X2,difference(X1,X0)) = difference(quotient(one,X2),product(quotient(one,X0),X1)) [superposition 1700,79]
3590. quotient(X2,product(X1,difference(X0,one))) = difference(quotient(one,X2),quotient(X0,X1)) [superposition 1700,602]
4451. difference(difference(quotient(one,X0),X1),one) = product(difference(X1,one),difference(X0,one)) [superposition 204,37]
5186. quotient(one,quotient(difference(X1,X0),X2)) = product(quotient(one,quotient(one,X2)),product(quotient(one,X0),X1)) [superposition 299,79]
6159. product(difference(difference(quotient(one,X1),one),one),quotient(X1,X0)) = product(product(quotient(one,X1),quotient(one,quotient(one,X1))),quotient(one,X0)) [superposition 369,83]
6225. product(difference(difference(quotient(one,X1),one),one),quotient(X1,X0)) = product(difference(quotient(one,X1),one),quotient(quotient(one,X1),X0)) [forward demodulation 6159,1743]
6297. product(difference(quotient(one,X1),one),quotient(one,product(X0,X1))) = product(difference(difference(quotient(one,X1),one),one),quotient(X1,X0)) [forward demodulation 6225,87]
6356. product(difference(quotient(one,X1),one),quotient(one,product(X0,X1))) = product(product(difference(one,one),difference(X1,one)),quotient(X1,X0)) [forward demodulation 6297,4451]
6407. product(difference(quotient(one,X1),one),quotient(one,product(X0,X1))) = product(product(one,difference(X1,one)),quotient(X1,X0)) [forward demodulation 6356,25]
6442. product(difference(quotient(one,X1),one),quotient(one,product(X0,X1))) = product(difference(X1,one),quotient(X1,X0)) [forward demodulation 6407,2]
6470. product(X1,quotient(one,product(X0,X1))) = product(difference(X1,one),quotient(X1,X0)) [forward demodulation 6442,37]
21286. difference(product(X1,quotient(one,X2)),product(X1,quotient(one,X0))) = quotient(difference(quotient(one,X2),product(quotient(one,X0),X1)),X1) [superposition 639,83]
21380. quotient(quotient(X2,difference(X1,X0)),X1) = difference(product(X1,quotient(one,X2)),product(X1,quotient(one,X0))) [forward demodulation 21286,3588]
37730. product(product(difference(difference(quotient(one,X1),one),one),quotient(X1,X0)),X2) = product(product(quotient(one,X1),quotient(one,quotient(one,X1))),product(quotient(one,X0),X2)) [superposition 981,83]
37732. product(product(difference(difference(quotient(one,quotient(one,X1)),one),one),quotient(one,product(X0,X1))),X2) = product(product(quotient(one,quotient(one,X1)),quotient(one,quotient(one,quotient(one,X1)))),product(quotient(one,X0),X2)) [superposition 981,18]
37954. product(product(difference(difference(quotient(one,quotient(one,X1)),one),one),quotient(one,product(X0,X1))),X2) = product(quotient(one,quotient(one,product(X1,quotient(one,X1)))),product(quotient(one,X0),X2)) [forward demodulation 37732,308]
37956. product(product(X1,quotient(one,X1)),product(quotient(one,X0),X2)) = product(product(difference(difference(quotient(one,X1),one),one),quotient(X1,X0)),X2) [forward demodulation 37730,77]
38135. product(product(difference(difference(quotient(one,quotient(one,X1)),one),one),quotient(one,product(X0,X1))),X2) = quotient(one,quotient(difference(X2,X0),product(X1,quotient(one,X1)))) [forward demodulation 37954,5186]
38137. product(product(X1,quotient(one,X1)),product(quotient(one,X0),X2)) = product(product(product(difference(one,one),difference(X1,one)),quotient(X1,X0)),X2) [forward demodulation 37956,4451]
38289. product(product(difference(difference(quotient(one,quotient(one,X1)),one),one),quotient(one,product(X0,X1))),X2) = product(X1,quotient(one,product(difference(X2,X0),X1))) [forward demodulation 38135,452]
38291. product(product(X1,quotient(one,X1)),product(quotient(one,X0),X2)) = product(product(product(one,difference(X1,one)),quotient(X1,X0)),X2) [forward demodulation 38137,25]
38422. product(X1,quotient(one,product(difference(X2,X0),X1))) = product(product(product(difference(one,one),difference(quotient(one,X1),one)),quotient(one,product(X0,X1))),X2) [forward demodulation 38289,4451]
38424. product(product(X1,quotient(one,X1)),product(quotient(one,X0),X2)) = product(product(difference(X1,one),quotient(X1,X0)),X2) [forward demodulation 38291,2]
38530. product(X1,quotient(one,product(difference(X2,X0),X1))) = product(product(product(difference(one,one),X1),quotient(one,product(X0,X1))),X2) [forward demodulation 38422,37]
38532. product(product(X1,quotient(one,X1)),product(quotient(one,X0),X2)) = product(product(X1,quotient(one,product(X0,X1))),X2) [forward demodulation 38424,6470]
38624. product(X1,quotient(one,product(difference(X2,X0),X1))) = product(product(product(one,X1),quotient(one,product(X0,X1))),X2) [forward demodulation 38530,25]
38700. product(X1,quotient(one,product(difference(X2,X0),X1))) = product(product(X1,quotient(one,product(X0,X1))),X2) [forward demodulation 38624,2]
107342. difference(product(difference(difference(X1,one),one),quotient(difference(X1,one),X0)),product(product(X1,quotient(one,X1)),product(quotient(one,X0),X2))) = quotient(quotient(product(X2,product(difference(difference(X1,one),one),quotient(difference(X1,one),X0))),quotient(one,X0)),product(X1,quotient(one,X1))) [superposition 661,1681]
107621. difference(product(difference(difference(X1,one),one),quotient(difference(X1,one),X0)),product(product(X1,quotient(one,X1)),product(quotient(one,X0),X2))) = quotient(product(X2,product(difference(difference(X1,one),one),quotient(difference(X1,one),X0))),product(product(X1,quotient(one,X1)),quotient(one,X0))) [forward demodulation 107342,2324]
107873. difference(product(difference(difference(X1,one),one),quotient(difference(X1,one),X0)),product(product(X1,quotient(one,X1)),product(quotient(one,X0),X2))) = quotient(product(X2,product(difference(difference(X1,one),one),quotient(difference(X1,one),X0))),product(difference(X1,one),quotient(X1,X0))) [forward demodulation 107621,1743]
108124. difference(product(difference(difference(X1,one),one),quotient(difference(X1,one),X0)),product(product(X1,quotient(one,X1)),product(quotient(one,X0),X2))) = quotient(product(X2,product(difference(difference(X1,one),one),quotient(difference(X1,one),X0))),product(X1,quotient(one,product(X0,X1)))) [forward demodulation 107873,6470]
108372. difference(product(difference(X1,one),quotient(one,product(X0,difference(X1,one)))),product(product(X1,quotient(one,X1)),product(quotient(one,X0),X2))) = quotient(product(X2,product(difference(X1,one),quotient(one,product(X0,difference(X1,one))))),product(X1,quotient(one,product(X0,X1)))) [forward demodulation 108124,6470]
108614. difference(product(difference(X1,one),difference(quotient(one,one),quotient(X1,X0))),product(product(X1,quotient(one,X1)),product(quotient(one,X0),X2))) = quotient(product(X2,product(difference(X1,one),difference(quotient(one,one),quotient(X1,X0)))),product(X1,quotient(one,product(X0,X1)))) [forward demodulation 108372,3590]
108839. difference(product(difference(X1,one),difference(one,quotient(X1,X0))),product(product(X1,quotient(one,X1)),product(quotient(one,X0),X2))) = quotient(product(X2,product(difference(X1,one),difference(one,quotient(X1,X0)))),product(X1,quotient(one,product(X0,X1)))) [forward demodulation 108614,32]
109053. quotient(product(X2,product(difference(X1,one),quotient(X1,X0))),product(X1,quotient(one,product(X0,X1)))) = difference(product(difference(X1,one),quotient(X1,X0)),product(product(X1,quotient(one,X1)),product(quotient(one,X0),X2))) [forward demodulation 108839,23]
109231. quotient(product(X2,product(difference(X1,one),quotient(X1,X0))),product(X1,quotient(one,product(X0,X1)))) = difference(product(difference(X1,one),quotient(X1,X0)),product(product(X1,quotient(one,product(X0,X1))),X2)) [forward demodulation 109053,38532]
109396. quotient(product(X2,product(difference(X1,one),quotient(X1,X0))),product(X1,quotient(one,product(X0,X1)))) = difference(product(difference(X1,one),quotient(X1,X0)),product(X1,quotient(one,product(difference(X2,X0),X1)))) [forward demodulation 109231,38700]
109547. quotient(product(X2,product(X1,quotient(one,product(X0,X1)))),product(X1,quotient(one,product(X0,X1)))) = difference(product(X1,quotient(one,product(X0,X1))),product(X1,quotient(one,product(difference(X2,X0),X1)))) [forward demodulation 109396,6470]
109683. quotient(product(X2,product(X1,quotient(one,product(X0,X1)))),product(X1,quotient(one,product(X0,X1)))) = quotient(quotient(product(X0,X1),difference(X1,product(difference(X2,X0),X1))),X1) [forward demodulation 109547,21380]
109809. quotient(quotient(product(X0,X1),difference(X1,product(difference(X2,X0),X1))),X1) = X2 [forward demodulation 109683,5]
395452. product(X0,X2) = quotient(product(X1,X2),difference(X2,product(difference(X0,X1),X2))) [superposition 6,109809]
461225. product(X2,X1) = product(product(X0,X1),difference(X1,product(difference(X0,X2),X1))) [superposition 6,395452]
514029. product(product(X1,X0),X2) = product(product(X1,X2),difference(X2,product(X0,X2))) [superposition 461225,4]
608776. product(product(x0,x1),x2) != product(product(x0,x1),x2) [superposition 21,514029]
608822. $false [trivial inequality removal 608776]
% SZS output end Proof for GRP769-1_clausified
% ------------------------------
% Version: Vampire 5.0.0 (Release build, commit 2e2c9b7b8 on 2026-01-17 12:24:14 +0100)
% Linked with Z3 4.14.0.0 3c47fd96cf5645d0c42b2c819d9e9a84380aa721 z3-4.8.4-9178-g3c47fd96c
% CaDiCaL version: 2.1.3
% Termination reason: Refutation
% Time elapsed: 11.341 s
% Peak memory usage: 237 MB
% Instructions burned: 34266 (million)
% ------------------------------
% ------------------------------
