% Running in auto input_syntax mode. Trying TPTP
% Refutation found. Thanks to Tanya!
% SZS status Unsatisfiable for GRP591-1
% SZS output start Proof for GRP591-1
1. double_divide(inverse(double_divide(double_divide(X0,X1),inverse(double_divide(X0,inverse(X2))))),X1) = X2 [input(axiom)]
2. multiply(X0,X1) = inverse(double_divide(X1,X0)) [input(axiom)]
3. multiply(multiply(a3,b3),c3) != multiply(a3,multiply(b3,c3)) [input(negated conjecture)]
4. inverse(double_divide(c3,inverse(double_divide(b3,a3)))) != inverse(double_divide(inverse(double_divide(c3,b3)),a3)) [definition unfolding 3,2,2,2,2]
5. double_divide(inverse(double_divide(X0,inverse(double_divide(inverse(double_divide(double_divide(X1,X2),inverse(double_divide(X1,inverse(X0))))),inverse(X3))))),X2) = X3 [superposition 1,1]
6. double_divide(inverse(double_divide(double_divide(inverse(double_divide(double_divide(X1,inverse(X2)),inverse(double_divide(X1,inverse(X0))))),X3),inverse(X0))),X3) = X2 [superposition 1,1]
8. double_divide(inverse(double_divide(X1,inverse(double_divide(inverse(double_divide(X0,inverse(double_divide(inverse(double_divide(X2,inverse(double_divide(inverse(double_divide(double_divide(X3,X4),inverse(double_divide(X3,inverse(X2))))),inverse(X0))))),inverse(X1))))),inverse(X5))))),X4) = X5 [superposition 5,5]
9. double_divide(inverse(double_divide(X1,inverse(double_divide(inverse(double_divide(double_divide(inverse(double_divide(double_divide(X2,inverse(X1)),inverse(double_divide(X2,inverse(X0))))),X3),inverse(X0))),inverse(X4))))),X3) = X4 [superposition 5,1]
10. double_divide(inverse(double_divide(X1,inverse(double_divide(inverse(double_divide(double_divide(inverse(double_divide(X2,inverse(double_divide(inverse(double_divide(double_divide(X3,inverse(X1)),inverse(double_divide(X3,inverse(X2))))),inverse(X0))))),X4),inverse(X0))),inverse(X5))))),X4) = X5 [superposition 5,5]
11. double_divide(inverse(double_divide(X0,inverse(X0))),inverse(X2)) = X2 [superposition 5,1]
13. double_divide(inverse(double_divide(double_divide(inverse(double_divide(X1,inverse(double_divide(inverse(double_divide(double_divide(X2,inverse(X3)),inverse(double_divide(X2,inverse(X1))))),inverse(X0))))),X4),inverse(X0))),X4) = X3 [superposition 1,5]
15. double_divide(inverse(double_divide(double_divide(inverse(double_divide(X0,inverse(double_divide(inverse(double_divide(X1,inverse(double_divide(inverse(double_divide(double_divide(X2,inverse(X3)),inverse(double_divide(X2,inverse(X1))))),inverse(X0))))),inverse(X4))))),X5),inverse(X4))),X5) = X3 [superposition 6,5]
24. double_divide(inverse(double_divide(double_divide(inverse(double_divide(double_divide(inverse(double_divide(double_divide(X1,inverse(X0)),inverse(double_divide(X1,inverse(X2))))),inverse(X3)),inverse(X2))),X4),inverse(X0))),X4) = X3 [superposition 1,6]
27. double_divide(inverse(double_divide(X0,inverse(X2))),inverse(X0)) = X2 [superposition 6,11]
62. double_divide(inverse(X0),inverse(inverse(double_divide(X1,inverse(X1))))) = X0 [superposition 27,11]
71. double_divide(inverse(double_divide(double_divide(X2,inverse(X1)),inverse(double_divide(X2,inverse(X0))))),X3) = double_divide(inverse(double_divide(X1,inverse(X0))),X3) [superposition 9,27]
248. double_divide(inverse(double_divide(double_divide(double_divide(X0,inverse(X1)),inverse(double_divide(X0,inverse(X2)))),inverse(X2))),inverse(inverse(double_divide(X3,inverse(X3))))) = X1 [superposition 6,62]
249. double_divide(double_divide(inverse(double_divide(double_divide(X0,inverse(X1)),inverse(double_divide(X0,inverse(X2))))),inverse(inverse(double_divide(X3,inverse(X3))))),inverse(X2)) = X1 [superposition 6,62]
281. double_divide(double_divide(inverse(double_divide(X1,inverse(X2))),inverse(inverse(double_divide(X3,inverse(X3))))),inverse(X2)) = X1 [forward demodulation 249,71]
282. double_divide(double_divide(double_divide(X0,inverse(X1)),inverse(double_divide(X0,inverse(X2)))),inverse(X2)) = X1 [forward demodulation 248,62]
300. double_divide(double_divide(X1,inverse(X2)),inverse(X2)) = X1 [forward demodulation 281,62]
335. double_divide(X0,inverse(X2)) = double_divide(inverse(double_divide(double_divide(inverse(double_divide(double_divide(X0,inverse(X1)),inverse(X1))),X3),inverse(X2))),X3) [superposition 24,27]
370. double_divide(X0,inverse(X2)) = double_divide(inverse(double_divide(double_divide(inverse(X0),X3),inverse(X2))),X3) [forward demodulation 335,300]
401. double_divide(X0,inverse(X1)) = inverse(double_divide(X1,inverse(X0))) [superposition 300,27]
403. inverse(double_divide(double_divide(inverse(double_divide(double_divide(X1,inverse(X0)),inverse(double_divide(X1,inverse(X2))))),inverse(X3)),inverse(X2))) = double_divide(X0,inverse(X3)) [superposition 300,6]
405. double_divide(X0,inverse(X2)) = inverse(double_divide(double_divide(X1,inverse(X2)),inverse(double_divide(X1,inverse(X0))))) [superposition 300,1]
412. double_divide(X0,inverse(X1)) = double_divide(inverse(double_divide(double_divide(inverse(double_divide(X1,inverse(double_divide(inverse(X0),inverse(X2))))),X3),inverse(X2))),X3) [superposition 13,300]
447. double_divide(X0,inverse(X1)) = double_divide(double_divide(X1,inverse(double_divide(inverse(X0),inverse(X2)))),inverse(X2)) [forward demodulation 412,370]
453. inverse(double_divide(double_divide(inverse(double_divide(X0,inverse(X2))),inverse(X3)),inverse(X2))) = double_divide(X0,inverse(X3)) [forward demodulation 403,71]
462. double_divide(X0,inverse(X1)) = double_divide(double_divide(X1,double_divide(X2,inverse(inverse(X0)))),inverse(X2)) [forward demodulation 447,401]
468. double_divide(X0,inverse(X3)) = double_divide(X2,inverse(double_divide(inverse(double_divide(X0,inverse(X2))),inverse(X3)))) [forward demodulation 453,401]
478. double_divide(X0,inverse(X3)) = double_divide(X2,double_divide(X3,inverse(inverse(double_divide(X0,inverse(X2)))))) [forward demodulation 468,401]
486. double_divide(X0,inverse(X3)) = double_divide(X2,double_divide(X3,inverse(double_divide(X2,inverse(X0))))) [forward demodulation 478,401]
493. double_divide(X0,inverse(X3)) = double_divide(X2,double_divide(X3,double_divide(X0,inverse(X2)))) [forward demodulation 486,401]
550. double_divide(inverse(double_divide(X2,inverse(double_divide(inverse(double_divide(X3,inverse(double_divide(inverse(double_divide(double_divide(X4,inverse(X1)),inverse(double_divide(X4,inverse(X3))))),inverse(X2))))),inverse(X1))))),inverse(X0)) = X0 [superposition 27,8]
566. double_divide(inverse(X0),inverse(inverse(double_divide(X1,inverse(double_divide(inverse(double_divide(X2,inverse(double_divide(inverse(double_divide(X3,inverse(double_divide(inverse(double_divide(double_divide(X4,inverse(X5)),inverse(double_divide(X4,inverse(X3))))),inverse(X2))))),inverse(X1))))),inverse(X0))))))) = X5 [superposition 27,8]
569. double_divide(inverse(X0),inverse(double_divide(double_divide(inverse(double_divide(X2,inverse(double_divide(inverse(double_divide(X3,inverse(double_divide(inverse(double_divide(double_divide(X4,inverse(X5)),inverse(double_divide(X4,inverse(X3))))),inverse(X2))))),inverse(X1))))),inverse(X0)),inverse(X1)))) = X5 [forward demodulation 566,401]
583. double_divide(double_divide(double_divide(inverse(double_divide(X3,inverse(double_divide(inverse(double_divide(double_divide(X4,inverse(X1)),inverse(double_divide(X4,inverse(X3))))),inverse(X2))))),inverse(X1)),inverse(X2)),inverse(X0)) = X0 [forward demodulation 550,401]
625. double_divide(inverse(X0),double_divide(X1,inverse(double_divide(inverse(double_divide(X2,inverse(double_divide(inverse(double_divide(X3,inverse(double_divide(inverse(double_divide(double_divide(X4,inverse(X5)),inverse(double_divide(X4,inverse(X3))))),inverse(X2))))),inverse(X1))))),inverse(X0))))) = X5 [forward demodulation 569,401]
639. double_divide(double_divide(X2,inverse(X2)),inverse(X0)) = X0 [forward demodulation 583,5]
678. double_divide(inverse(X0),double_divide(X1,double_divide(X0,inverse(inverse(double_divide(X2,inverse(double_divide(inverse(double_divide(X3,inverse(double_divide(inverse(double_divide(double_divide(X4,inverse(X5)),inverse(double_divide(X4,inverse(X3))))),inverse(X2))))),inverse(X1))))))))) = X5 [forward demodulation 625,401]
729. double_divide(inverse(X0),double_divide(X1,double_divide(X0,inverse(double_divide(double_divide(inverse(double_divide(X3,inverse(double_divide(inverse(double_divide(double_divide(X4,inverse(X5)),inverse(double_divide(X4,inverse(X3))))),inverse(X2))))),inverse(X1)),inverse(X2)))))) = X5 [forward demodulation 678,401]
777. double_divide(inverse(X0),double_divide(X1,double_divide(X0,double_divide(X2,inverse(double_divide(inverse(double_divide(X3,inverse(double_divide(inverse(double_divide(double_divide(X4,inverse(X5)),inverse(double_divide(X4,inverse(X3))))),inverse(X2))))),inverse(X1))))))) = X5 [forward demodulation 729,401]
823. double_divide(inverse(X0),double_divide(X1,double_divide(X0,double_divide(X2,double_divide(X1,inverse(inverse(double_divide(X3,inverse(double_divide(inverse(double_divide(double_divide(X4,inverse(X5)),inverse(double_divide(X4,inverse(X3))))),inverse(X2))))))))))) = X5 [forward demodulation 777,401]
868. double_divide(inverse(X0),double_divide(X1,double_divide(X0,double_divide(X2,double_divide(X1,inverse(double_divide(double_divide(inverse(double_divide(double_divide(X4,inverse(X5)),inverse(double_divide(X4,inverse(X3))))),inverse(X2)),inverse(X3)))))))) = X5 [forward demodulation 823,401]
909. double_divide(inverse(X0),double_divide(X1,double_divide(X0,double_divide(X2,double_divide(X1,double_divide(X3,inverse(double_divide(inverse(double_divide(double_divide(X4,inverse(X5)),inverse(double_divide(X4,inverse(X3))))),inverse(X2))))))))) = X5 [forward demodulation 868,401]
942. double_divide(inverse(X0),double_divide(X1,double_divide(X0,double_divide(X2,double_divide(X1,double_divide(X3,double_divide(X2,inverse(inverse(double_divide(double_divide(X4,inverse(X5)),inverse(double_divide(X4,inverse(X3))))))))))))) = X5 [forward demodulation 909,401]
967. double_divide(inverse(X0),double_divide(X1,double_divide(X0,double_divide(X2,double_divide(X1,double_divide(X3,double_divide(X2,inverse(double_divide(X3,inverse(X5)))))))))) = X5 [forward demodulation 942,405]
985. double_divide(inverse(X0),double_divide(X1,double_divide(X0,double_divide(X2,double_divide(X1,double_divide(X3,double_divide(X2,double_divide(X5,inverse(X3))))))))) = X5 [forward demodulation 967,401]
997. double_divide(inverse(X0),double_divide(X1,double_divide(X0,double_divide(X2,double_divide(X1,double_divide(X5,inverse(X2))))))) = X5 [forward demodulation 985,493]
1006. double_divide(inverse(X0),double_divide(X1,double_divide(X0,double_divide(X5,inverse(X1))))) = X5 [forward demodulation 997,493]
1010. double_divide(inverse(X0),double_divide(X5,inverse(X0))) = X5 [forward demodulation 1006,493]
1235. double_divide(X1,inverse(double_divide(inverse(double_divide(double_divide(inverse(double_divide(X2,inverse(double_divide(inverse(double_divide(double_divide(X3,inverse(X1)),inverse(double_divide(X3,inverse(X2))))),inverse(X4))))),inverse(inverse(double_divide(X5,inverse(X5))))),inverse(X4))),inverse(X0)))) = X0 [superposition 62,10]
1272. double_divide(X1,double_divide(X0,inverse(inverse(double_divide(double_divide(inverse(double_divide(X2,inverse(double_divide(inverse(double_divide(double_divide(X3,inverse(X1)),inverse(double_divide(X3,inverse(X2))))),inverse(X4))))),inverse(inverse(double_divide(X5,inverse(X5))))),inverse(X4)))))) = X0 [forward demodulation 1235,401]
1337. double_divide(X1,double_divide(X0,inverse(double_divide(X4,inverse(double_divide(inverse(double_divide(X2,inverse(double_divide(inverse(double_divide(double_divide(X3,inverse(X1)),inverse(double_divide(X3,inverse(X2))))),inverse(X4))))),inverse(inverse(double_divide(X5,inverse(X5)))))))))) = X0 [forward demodulation 1272,401]
1401. double_divide(X1,double_divide(X0,double_divide(double_divide(inverse(double_divide(X2,inverse(double_divide(inverse(double_divide(double_divide(X3,inverse(X1)),inverse(double_divide(X3,inverse(X2))))),inverse(X4))))),inverse(inverse(double_divide(X5,inverse(X5))))),inverse(X4)))) = X0 [forward demodulation 1337,401]
1465. double_divide(X1,double_divide(X0,double_divide(double_divide(X2,inverse(double_divide(inverse(double_divide(double_divide(X3,inverse(X1)),inverse(double_divide(X3,inverse(X2))))),inverse(X4)))),inverse(X4)))) = X0 [forward demodulation 1401,62]
1528. double_divide(X1,double_divide(X0,double_divide(double_divide(X2,double_divide(X4,inverse(inverse(double_divide(double_divide(X3,inverse(X1)),inverse(double_divide(X3,inverse(X2)))))))),inverse(X4)))) = X0 [forward demodulation 1465,401]
1587. double_divide(X1,double_divide(X0,double_divide(double_divide(double_divide(X3,inverse(X1)),inverse(double_divide(X3,inverse(X2)))),inverse(X2)))) = X0 [forward demodulation 1528,462]
1643. double_divide(X1,double_divide(X0,X1)) = X0 [forward demodulation 1587,282]
1883. double_divide(X1,X0) = inverse(double_divide(double_divide(inverse(double_divide(double_divide(X2,inverse(X0)),inverse(double_divide(X2,inverse(X3))))),X1),inverse(X3))) [superposition 1643,6]
1885. double_divide(X1,X0) = inverse(double_divide(double_divide(X2,X1),inverse(double_divide(X2,inverse(X0))))) [superposition 1643,1]
1886. double_divide(X1,X0) = inverse(double_divide(X2,inverse(double_divide(inverse(double_divide(double_divide(X3,X1),inverse(double_divide(X3,inverse(X2))))),inverse(X0))))) [superposition 1643,5]
1893. double_divide(X0,inverse(X1)) = double_divide(inverse(X1),X0) [superposition 1643,300]
1895. double_divide(double_divide(X0,X1),X0) = X1 [superposition 1643,1643]
1920. double_divide(X1,X0) = double_divide(double_divide(inverse(double_divide(double_divide(X3,X1),inverse(double_divide(X3,inverse(X2))))),inverse(X0)),inverse(X2)) [forward demodulation 1886,401]
1921. double_divide(X1,X0) = double_divide(double_divide(X2,inverse(X0)),inverse(double_divide(X2,X1))) [forward demodulation 1885,401]
1923. double_divide(X1,X0) = double_divide(X3,inverse(double_divide(inverse(double_divide(double_divide(X2,inverse(X0)),inverse(double_divide(X2,inverse(X3))))),X1))) [forward demodulation 1883,401]
1939. double_divide(X1,X0) = double_divide(inverse(X2),double_divide(inverse(double_divide(double_divide(X3,X1),inverse(double_divide(X3,inverse(X2))))),inverse(X0))) [forward demodulation 1920,1893]
1941. double_divide(X1,X0) = double_divide(X3,inverse(double_divide(inverse(double_divide(X0,inverse(X3))),X1))) [forward demodulation 1923,71]
1954. double_divide(X1,X0) = double_divide(inverse(X2),double_divide(double_divide(double_divide(X3,inverse(X2)),inverse(double_divide(X3,X1))),inverse(X0))) [forward demodulation 1939,401]
1956. double_divide(X1,X0) = double_divide(X3,inverse(double_divide(double_divide(X3,inverse(X0)),X1))) [forward demodulation 1941,401]
1968. double_divide(X1,X0) = double_divide(inverse(X2),double_divide(double_divide(X1,X2),inverse(X0))) [forward demodulation 1954,1921]
2053. double_divide(X1,X0) = inverse(double_divide(double_divide(inverse(double_divide(X2,inverse(double_divide(inverse(double_divide(X3,inverse(double_divide(inverse(double_divide(double_divide(X4,inverse(X0)),inverse(double_divide(X4,inverse(X3))))),inverse(X2))))),inverse(X5))))),X1),inverse(X5))) [superposition 1643,15]
2056. double_divide(inverse(double_divide(X1,inverse(double_divide(inverse(double_divide(X0,inverse(double_divide(inverse(double_divide(double_divide(inverse(double_divide(X2,inverse(double_divide(inverse(double_divide(X3,inverse(double_divide(inverse(double_divide(double_divide(X4,inverse(X0)),inverse(double_divide(X4,inverse(X3))))),inverse(X2))))),inverse(X5))))),X6),inverse(X5))),inverse(X1))))),inverse(X7))))),X6) = X7 [superposition 5,15]
2090. double_divide(X6,inverse(double_divide(X1,inverse(double_divide(inverse(double_divide(X0,inverse(double_divide(inverse(double_divide(double_divide(inverse(double_divide(X2,inverse(double_divide(inverse(double_divide(X3,inverse(double_divide(inverse(double_divide(double_divide(X4,inverse(X0)),inverse(double_divide(X4,inverse(X3))))),inverse(X2))))),inverse(X5))))),X6),inverse(X5))),inverse(X1))))),inverse(X7)))))) = X7 [forward demodulation 2056,1893]
2093. double_divide(X1,X0) = double_divide(X5,inverse(double_divide(inverse(double_divide(X2,inverse(double_divide(inverse(double_divide(X3,inverse(double_divide(inverse(double_divide(double_divide(X4,inverse(X0)),inverse(double_divide(X4,inverse(X3))))),inverse(X2))))),inverse(X5))))),X1))) [forward demodulation 2053,401]
2159. double_divide(X6,double_divide(double_divide(inverse(double_divide(X0,inverse(double_divide(inverse(double_divide(double_divide(inverse(double_divide(X2,inverse(double_divide(inverse(double_divide(X3,inverse(double_divide(inverse(double_divide(double_divide(X4,inverse(X0)),inverse(double_divide(X4,inverse(X3))))),inverse(X2))))),inverse(X5))))),X6),inverse(X5))),inverse(X1))))),inverse(X7)),inverse(X1))) = X7 [forward demodulation 2090,401]
2162. double_divide(X1,X0) = double_divide(X5,inverse(double_divide(double_divide(double_divide(inverse(double_divide(X3,inverse(double_divide(inverse(double_divide(double_divide(X4,inverse(X0)),inverse(double_divide(X4,inverse(X3))))),inverse(X2))))),inverse(X5)),inverse(X2)),X1))) [forward demodulation 2093,401]
2223. double_divide(X6,double_divide(inverse(X1),double_divide(inverse(double_divide(X0,inverse(double_divide(inverse(double_divide(double_divide(inverse(double_divide(X2,inverse(double_divide(inverse(double_divide(X3,inverse(double_divide(inverse(double_divide(double_divide(X4,inverse(X0)),inverse(double_divide(X4,inverse(X3))))),inverse(X2))))),inverse(X5))))),X6),inverse(X5))),inverse(X1))))),inverse(X7)))) = X7 [forward demodulation 2159,1893]
2226. double_divide(X1,X0) = double_divide(X5,inverse(double_divide(double_divide(inverse(X2),double_divide(inverse(double_divide(X3,inverse(double_divide(inverse(double_divide(double_divide(X4,inverse(X0)),inverse(double_divide(X4,inverse(X3))))),inverse(X2))))),inverse(X5))),X1))) [forward demodulation 2162,1893]
2286. double_divide(X6,double_divide(inverse(X1),double_divide(double_divide(double_divide(inverse(double_divide(double_divide(inverse(double_divide(X2,inverse(double_divide(inverse(double_divide(X3,inverse(double_divide(inverse(double_divide(double_divide(X4,inverse(X0)),inverse(double_divide(X4,inverse(X3))))),inverse(X2))))),inverse(X5))))),X6),inverse(X5))),inverse(X1)),inverse(X0)),inverse(X7)))) = X7 [forward demodulation 2223,401]
2289. double_divide(X1,X0) = double_divide(X5,inverse(double_divide(double_divide(inverse(X2),double_divide(double_divide(double_divide(inverse(double_divide(double_divide(X4,inverse(X0)),inverse(double_divide(X4,inverse(X3))))),inverse(X2)),inverse(X3)),inverse(X5))),X1))) [forward demodulation 2226,401]
2349. double_divide(X6,double_divide(inverse(X1),double_divide(double_divide(inverse(X0),double_divide(inverse(double_divide(double_divide(inverse(double_divide(X2,inverse(double_divide(inverse(double_divide(X3,inverse(double_divide(inverse(double_divide(double_divide(X4,inverse(X0)),inverse(double_divide(X4,inverse(X3))))),inverse(X2))))),inverse(X5))))),X6),inverse(X5))),inverse(X1))),inverse(X7)))) = X7 [forward demodulation 2286,1893]
2352. double_divide(X1,X0) = double_divide(X5,inverse(double_divide(double_divide(inverse(X2),double_divide(double_divide(inverse(X3),double_divide(inverse(double_divide(double_divide(X4,inverse(X0)),inverse(double_divide(X4,inverse(X3))))),inverse(X2))),inverse(X5))),X1))) [forward demodulation 2289,1893]
2411. double_divide(X6,double_divide(inverse(X1),double_divide(double_divide(inverse(X0),double_divide(double_divide(X5,inverse(double_divide(inverse(double_divide(X2,inverse(double_divide(inverse(double_divide(X3,inverse(double_divide(inverse(double_divide(double_divide(X4,inverse(X0)),inverse(double_divide(X4,inverse(X3))))),inverse(X2))))),inverse(X5))))),X6))),inverse(X1))),inverse(X7)))) = X7 [forward demodulation 2349,401]
2414. double_divide(X1,X0) = double_divide(X5,inverse(double_divide(double_divide(inverse(X2),double_divide(double_divide(inverse(X3),double_divide(inverse(double_divide(X0,inverse(X3))),inverse(X2))),inverse(X5))),X1))) [forward demodulation 2352,71]
2469. double_divide(X6,double_divide(inverse(X1),double_divide(double_divide(inverse(X0),double_divide(double_divide(X5,inverse(double_divide(double_divide(double_divide(inverse(double_divide(X3,inverse(double_divide(inverse(double_divide(double_divide(X4,inverse(X0)),inverse(double_divide(X4,inverse(X3))))),inverse(X2))))),inverse(X5)),inverse(X2)),X6))),inverse(X1))),inverse(X7)))) = X7 [forward demodulation 2411,401]
2472. double_divide(X1,X0) = double_divide(X5,inverse(double_divide(double_divide(inverse(X2),double_divide(double_divide(inverse(X3),double_divide(double_divide(X3,inverse(X0)),inverse(X2))),inverse(X5))),X1))) [forward demodulation 2414,401]
2524. double_divide(X6,double_divide(inverse(X1),double_divide(double_divide(inverse(X0),double_divide(double_divide(X5,inverse(double_divide(double_divide(inverse(X2),double_divide(inverse(double_divide(X3,inverse(double_divide(inverse(double_divide(double_divide(X4,inverse(X0)),inverse(double_divide(X4,inverse(X3))))),inverse(X2))))),inverse(X5))),X6))),inverse(X1))),inverse(X7)))) = X7 [forward demodulation 2469,1893]
2574. double_divide(X6,double_divide(inverse(X1),double_divide(double_divide(inverse(X0),double_divide(double_divide(X5,inverse(double_divide(double_divide(inverse(X2),double_divide(double_divide(double_divide(inverse(double_divide(double_divide(X4,inverse(X0)),inverse(double_divide(X4,inverse(X3))))),inverse(X2)),inverse(X3)),inverse(X5))),X6))),inverse(X1))),inverse(X7)))) = X7 [forward demodulation 2524,401]
2619. double_divide(X6,double_divide(inverse(X1),double_divide(double_divide(inverse(X0),double_divide(double_divide(X5,inverse(double_divide(double_divide(inverse(X2),double_divide(double_divide(inverse(X3),double_divide(inverse(double_divide(double_divide(X4,inverse(X0)),inverse(double_divide(X4,inverse(X3))))),inverse(X2))),inverse(X5))),X6))),inverse(X1))),inverse(X7)))) = X7 [forward demodulation 2574,1893]
2662. double_divide(X6,double_divide(inverse(X1),double_divide(double_divide(inverse(X0),double_divide(double_divide(X5,inverse(double_divide(double_divide(inverse(X2),double_divide(double_divide(inverse(X3),double_divide(inverse(double_divide(X0,inverse(X3))),inverse(X2))),inverse(X5))),X6))),inverse(X1))),inverse(X7)))) = X7 [forward demodulation 2619,71]
2699. double_divide(X6,double_divide(inverse(X1),double_divide(double_divide(inverse(X0),double_divide(double_divide(X5,inverse(double_divide(double_divide(inverse(X2),double_divide(double_divide(inverse(X3),double_divide(double_divide(X3,inverse(X0)),inverse(X2))),inverse(X5))),X6))),inverse(X1))),inverse(X7)))) = X7 [forward demodulation 2662,401]
2733. double_divide(X6,double_divide(inverse(X1),double_divide(double_divide(inverse(X0),double_divide(double_divide(X6,X0),inverse(X1))),inverse(X7)))) = X7 [forward demodulation 2699,2472]
2766. double_divide(X6,double_divide(inverse(X1),double_divide(double_divide(X6,X1),inverse(X7)))) = X7 [forward demodulation 2733,1968]
2796. double_divide(X6,double_divide(X6,X7)) = X7 [forward demodulation 2766,1968]
2913. double_divide(inverse(double_divide(X1,inverse(double_divide(inverse(double_divide(double_divide(inverse(double_divide(double_divide(X2,inverse(X1)),inverse(double_divide(X2,inverse(X3))))),X4),inverse(X3))),inverse(X0))))),X0) = X4 [superposition 2796,9]
2921. double_divide(X0,X1) = double_divide(X1,X0) [superposition 2796,1643]
2948. double_divide(X0,inverse(double_divide(X1,inverse(double_divide(inverse(double_divide(double_divide(inverse(double_divide(double_divide(X2,inverse(X1)),inverse(double_divide(X2,inverse(X3))))),X4),inverse(X3))),inverse(X0)))))) = X4 [forward demodulation 2913,1893]
2971. double_divide(X0,double_divide(double_divide(inverse(double_divide(double_divide(inverse(double_divide(double_divide(X2,inverse(X1)),inverse(double_divide(X2,inverse(X3))))),X4),inverse(X3))),inverse(X0)),inverse(X1))) = X4 [forward demodulation 2948,401]
2991. double_divide(X0,double_divide(inverse(X1),double_divide(inverse(double_divide(double_divide(inverse(double_divide(double_divide(X2,inverse(X1)),inverse(double_divide(X2,inverse(X3))))),X4),inverse(X3))),inverse(X0)))) = X4 [forward demodulation 2971,1893]
3009. double_divide(inverse(double_divide(double_divide(inverse(double_divide(double_divide(X2,inverse(X1)),inverse(double_divide(X2,inverse(X3))))),X4),inverse(X3))),inverse(inverse(X1))) = X4 [forward demodulation 2991,493]
3025. double_divide(inverse(inverse(X1)),inverse(double_divide(double_divide(inverse(double_divide(double_divide(X2,inverse(X1)),inverse(double_divide(X2,inverse(X3))))),X4),inverse(X3)))) = X4 [forward demodulation 3009,1893]
3039. double_divide(inverse(inverse(X1)),double_divide(X3,inverse(double_divide(inverse(double_divide(double_divide(X2,inverse(X1)),inverse(double_divide(X2,inverse(X3))))),X4)))) = X4 [forward demodulation 3025,401]
3049. double_divide(inverse(inverse(X1)),double_divide(X3,inverse(double_divide(inverse(double_divide(X1,inverse(X3))),X4)))) = X4 [forward demodulation 3039,71]
3058. double_divide(inverse(inverse(X1)),double_divide(X3,inverse(double_divide(double_divide(X3,inverse(X1)),X4)))) = X4 [forward demodulation 3049,401]
3064. double_divide(inverse(inverse(X1)),double_divide(X4,X1)) = X4 [forward demodulation 3058,1956]
4155. inverse(inverse(X0)) = X0 [superposition 639,1895]
7165. inverse(double_divide(c3,inverse(double_divide(b3,a3)))) != inverse(double_divide(inverse(double_divide(b3,c3)),a3)) [superposition 4,2921]
7166. inverse(double_divide(c3,inverse(double_divide(b3,a3)))) != inverse(double_divide(a3,inverse(double_divide(b3,c3)))) [forward demodulation 7165,1893]
7390. inverse(double_divide(c3,inverse(double_divide(b3,a3)))) != double_divide(double_divide(b3,c3),inverse(a3)) [forward demodulation 7166,401]
7608. inverse(double_divide(c3,inverse(double_divide(b3,a3)))) != double_divide(inverse(a3),double_divide(b3,c3)) [forward demodulation 7390,1893]
7813. double_divide(inverse(a3),double_divide(b3,c3)) != double_divide(double_divide(b3,a3),inverse(c3)) [forward demodulation 7608,401]
8008. double_divide(inverse(a3),double_divide(b3,c3)) != double_divide(inverse(c3),double_divide(b3,a3)) [forward demodulation 7813,1893]
8181. double_divide(inverse(a3),double_divide(b3,c3)) != double_divide(inverse(c3),double_divide(a3,b3)) [forward demodulation 8008,2921]
13084. inverse(double_divide(double_divide(inverse(double_divide(double_divide(X2,inverse(X0)),inverse(double_divide(X2,inverse(X3))))),inverse(X1)),inverse(X3))) = double_divide(inverse(X1),X0) [superposition 1010,6]
13155. double_divide(inverse(X1),X0) = double_divide(X3,inverse(double_divide(inverse(double_divide(double_divide(X2,inverse(X0)),inverse(double_divide(X2,inverse(X3))))),inverse(X1)))) [forward demodulation 13084,401]
13186. double_divide(inverse(X1),X0) = double_divide(X3,double_divide(X1,inverse(inverse(double_divide(double_divide(X2,inverse(X0)),inverse(double_divide(X2,inverse(X3)))))))) [forward demodulation 13155,401]
13215. double_divide(inverse(X1),X0) = double_divide(X3,double_divide(X1,double_divide(double_divide(X2,inverse(X0)),inverse(double_divide(X2,inverse(X3)))))) [forward demodulation 13186,4155]
13242. double_divide(inverse(X1),X0) = double_divide(X3,double_divide(X1,double_divide(inverse(X3),X0))) [forward demodulation 13215,1921]
532035. double_divide(inverse(X1),double_divide(X0,X2)) = double_divide(inverse(X2),double_divide(X1,X0)) [superposition 13242,3064]
841155. double_divide(inverse(a3),double_divide(b3,c3)) != double_divide(inverse(a3),double_divide(b3,c3)) [superposition 8181,532035]
841246. $false [trivial inequality removal 841155]
% SZS output end Proof for GRP591-1
% ------------------------------
% Version: Vampire 5.0.0 (Release build, commit 2e2c9b7b8 on 2026-01-17 12:24:14 +0100)
% Linked with Z3 4.14.0.0 3c47fd96cf5645d0c42b2c819d9e9a84380aa721 z3-4.8.4-9178-g3c47fd96c
% CaDiCaL version: 2.1.3
% Termination reason: Refutation
% Time elapsed: 8.985 s
% Peak memory usage: 349 MB
% Instructions burned: 37024 (million)
% ------------------------------
% ------------------------------
