% Running in auto input_syntax mode. Trying TPTP
% Refutation found. Thanks to Tanya!
% SZS status Unsatisfiable for GRP097-1
% SZS output start Proof for GRP097-1
1. divide(X0,inverse(divide(divide(X1,X2),divide(X0,X2)))) = X1 [input(axiom)]
2. multiply(X0,X1) = divide(X0,inverse(X1)) [input(axiom)]
3. multiply(inverse(a1),a1) != multiply(inverse(b1),b1) | multiply(multiply(inverse(b2),b2),a2) != a2 | multiply(multiply(a3,b3),c3) != multiply(a3,multiply(b3,c3)) | multiply(a4,b4) != multiply(b4,a4) [input(negated conjecture)]
4. multiply(inverse(a1),a1) != multiply(inverse(b1),b1) | a2 != multiply(multiply(inverse(b2),b2),a2) | multiply(multiply(a3,b3),c3) != multiply(a3,multiply(b3,c3)) | multiply(a4,b4) != multiply(b4,a4) [reorient equations 3]
5. divide(inverse(a1),inverse(a1)) != divide(inverse(b1),inverse(b1)) | a2 != divide(divide(inverse(b2),inverse(b2)),inverse(a2)) | divide(divide(a3,inverse(b3)),inverse(c3)) != divide(a3,inverse(divide(b3,inverse(c3)))) | divide(a4,inverse(b4)) != divide(b4,inverse(a4)) [definition unfolding 4,2,2,2,2,2,2,2,2,2,2]
7. 1 <=> divide(a4,inverse(b4)) = divide(b4,inverse(a4)) [avatar definition]
9. divide(a4,inverse(b4)) != divide(b4,inverse(a4)) <- (~1) [avatar component clause 7]
11. 2 <=> divide(divide(a3,inverse(b3)),inverse(c3)) = divide(a3,inverse(divide(b3,inverse(c3)))) [avatar definition]
13. divide(divide(a3,inverse(b3)),inverse(c3)) != divide(a3,inverse(divide(b3,inverse(c3)))) <- (~2) [avatar component clause 11]
15. 3 <=> a2 = divide(divide(inverse(b2),inverse(b2)),inverse(a2)) [avatar definition]
17. a2 != divide(divide(inverse(b2),inverse(b2)),inverse(a2)) <- (~3) [avatar component clause 15]
19. 4 <=> divide(inverse(a1),inverse(a1)) = divide(inverse(b1),inverse(b1)) [avatar definition]
21. divide(inverse(a1),inverse(a1)) != divide(inverse(b1),inverse(b1)) <- (~4) [avatar component clause 19]
22. ~1 | ~2 | ~3 | ~4 [avatar split clause 5,19,15,11,7]
23. divide(X1,inverse(divide(X0,divide(X1,inverse(divide(divide(X0,X3),divide(X2,X3))))))) = X2 [superposition 1,1]
24. divide(X1,inverse(divide(divide(X2,inverse(divide(divide(X0,X3),divide(X1,X3)))),X0))) = X2 [superposition 1,1]
29. divide(X1,inverse(divide(X0,X0))) = X1 [superposition 23,1]
30. divide(X1,inverse(divide(divide(X2,inverse(divide(X3,divide(X1,inverse(divide(divide(X3,X4),divide(X0,X4))))))),X0))) = X2 [superposition 1,23]
31. divide(X1,inverse(divide(X0,divide(X1,inverse(divide(X3,divide(X2,inverse(divide(divide(X3,X4),divide(X0,X4)))))))))) = X2 [superposition 1,23]
33. divide(X1,inverse(divide(divide(X2,inverse(divide(X0,divide(X1,inverse(divide(X4,divide(X3,inverse(divide(divide(X4,X5),divide(X0,X5)))))))))),X3))) = X2 [superposition 24,23]
41. divide(X1,inverse(divide(divide(X2,inverse(divide(divide(X0,inverse(divide(divide(X3,X4),divide(X1,X4)))),X3))),X0))) = X2 [superposition 1,24]
45. divide(X0,inverse(divide(X1,X0))) = X1 [superposition 23,29]
83. divide(inverse(divide(X0,X1)),inverse(X0)) = X1 [superposition 45,45]
122. divide(X1,inverse(divide(divide(X0,X2),divide(X3,X2)))) = divide(X1,inverse(divide(X0,X3))) [superposition 30,45]
238. inverse(divide(X2,divide(X1,inverse(divide(divide(X2,X3),divide(X0,X3)))))) = divide(inverse(X0),inverse(X1)) [superposition 83,23]
240. inverse(divide(X2,divide(X1,inverse(divide(X3,divide(X0,inverse(divide(divide(X3,X4),divide(X2,X4))))))))) = divide(inverse(X0),inverse(X1)) [superposition 83,31]
245. inverse(divide(divide(X1,X1),X0)) = X0 [superposition 29,83]
247. inverse(divide(divide(divide(X3,X4),divide(X2,X4)),X0)) = divide(X1,inverse(divide(X2,divide(X1,inverse(divide(X3,X0)))))) [superposition 31,83]
250. divide(X1,inverse(divide(X0,X2))) = inverse(divide(divide(divide(X2,X3),divide(X1,X3)),X0)) [superposition 24,83]
255. inverse(divide(X2,X0)) = divide(X1,inverse(divide(X0,divide(X1,inverse(X2))))) [superposition 1,83]
267. inverse(divide(X1,X0)) = divide(inverse(X1),inverse(X0)) [superposition 45,83]
275. inverse(divide(divide(divide(X3,X4),divide(X2,X4)),X0)) = inverse(divide(divide(X3,X0),X2)) [forward demodulation 247,255]
279. inverse(divide(X0,X1)) = inverse(divide(X2,divide(X1,inverse(divide(X3,divide(X0,inverse(divide(divide(X3,X4),divide(X2,X4))))))))) [forward demodulation 240,267]
281. inverse(divide(X2,divide(X1,inverse(divide(divide(X2,X3),divide(X0,X3)))))) = inverse(divide(X0,X1)) [forward demodulation 238,267]
288. divide(X2,inverse(divide(X0,X3))) = inverse(divide(divide(X3,X0),X2)) [forward demodulation 275,250]
290. inverse(divide(X0,X1)) = inverse(divide(X2,divide(X1,inverse(divide(X3,divide(X0,inverse(divide(X3,X2)))))))) [forward demodulation 279,122]
292. inverse(divide(X0,X1)) = inverse(divide(X2,divide(X1,inverse(divide(X2,X0))))) [forward demodulation 281,122]
333. divide(X1,inverse(divide(X0,X2))) = inverse(divide(divide(divide(X2,inverse(divide(divide(X3,X4),divide(X1,X4)))),X3),X0)) [superposition 41,83]
367. divide(X1,inverse(divide(X0,X2))) = divide(X0,inverse(divide(X3,divide(X2,inverse(divide(divide(X3,X4),divide(X1,X4))))))) [forward demodulation 333,288]
407. divide(X1,inverse(divide(X0,X2))) = divide(X0,inverse(divide(X3,divide(X2,inverse(divide(X3,X1)))))) [forward demodulation 367,122]
441. divide(X0,inverse(divide(X1,X2))) = divide(X1,inverse(divide(X0,X2))) [forward demodulation 407,292]
599. divide(X1,divide(X0,X0)) = X1 [superposition 29,245]
605. divide(X0,X0) = divide(X1,X1) [superposition 45,245]
607. divide(X0,divide(X0,X1)) = X1 [superposition 1,245]
619. divide(inverse(divide(divide(divide(X1,X1),X0),X2)),X0) = X2 [superposition 83,245]
620. divide(divide(X2,inverse(divide(X0,divide(X1,X1)))),X0) = X2 [forward demodulation 619,288]
643. divide(divide(X2,inverse(X0)),X0) = X2 [forward demodulation 620,599]
1030. divide(divide(X1,X1),inverse(X0)) = X0 [superposition 45,599]
1978. divide(X1,inverse(divide(divide(X0,X0),X4))) = inverse(divide(X2,divide(X1,inverse(divide(X3,divide(X4,inverse(divide(divide(X3,X5),divide(X2,X5))))))))) [superposition 33,605]
2032. divide(X1,inverse(divide(divide(X0,X0),X4))) = inverse(divide(X2,divide(X1,inverse(divide(X3,divide(X4,inverse(divide(X3,X2)))))))) [forward demodulation 1978,122]
2109. inverse(divide(X4,X1)) = divide(X1,inverse(divide(divide(X0,X0),X4))) [forward demodulation 2032,290]
2177. divide(X1,X4) = inverse(divide(X4,X1)) [forward demodulation 2109,245]
2549. inverse(X1) = divide(inverse(divide(X1,X0)),X0) [superposition 607,83]
2638. inverse(X1) = divide(divide(X0,X1),X0) [forward demodulation 2549,2177]
3786. divide(X0,inverse(X1)) = divide(X1,inverse(X0)) [superposition 45,643]
13364. divide(inverse(X0),X1) = divide(inverse(X1),X0) [superposition 643,2638]
27711. divide(a4,inverse(b4)) != divide(a4,inverse(b4)) <- (~1) [superposition 9,3786]
27869. $false <- (~1) [trivial inequality removal 27711]
27870. 1 [avatar contradiction clause 27869]
29561. divide(divide(a3,inverse(b3)),inverse(c3)) != divide(a3,divide(inverse(c3),b3)) <- (~2) [forward demodulation 13,2177]
29562. divide(divide(a3,inverse(b3)),inverse(c3)) != divide(a3,divide(inverse(b3),c3)) <- (~2) [forward demodulation 29561,13364]
29563. divide(a3,divide(inverse(b3),c3)) != divide(c3,inverse(divide(a3,inverse(b3)))) <- (~2) [forward demodulation 29562,3786]
29564. divide(a3,divide(inverse(b3),c3)) != divide(a3,inverse(divide(c3,inverse(b3)))) <- (~2) [forward demodulation 29563,441]
29565. divide(a3,divide(inverse(b3),c3)) != divide(a3,divide(inverse(b3),c3)) <- (~2) [forward demodulation 29564,2177]
29566. $false <- (~2) [trivial inequality removal 29565]
29567. 2 [avatar contradiction clause 29566]
29569. $false <- (~3) [forward subsumption resolution 17,1030]
29570. 3 [avatar contradiction clause 29569]
29574. $false <- (~4) [forward subsumption resolution 21,605]
29575. 4 [avatar contradiction clause 29574]
s1. ~4 | ~3 | ~2 | ~1 [sat_conversion 22]
s3. 1 [sat_conversion 27870]
s4. 2 [sat_conversion 29567]
s5. 3 [sat_conversion 29570]
s6. 4 [sat_conversion 29575]
s7. # [rat s1,s3,s4,s5,s6]
29576. $false [avatar sat refutation s7]
% SZS output end Proof for GRP097-1
% ------------------------------
% Version: Vampire 5.0.0 (Release build, commit 2e2c9b7b8 on 2026-01-17 12:24:14 +0100)
% Linked with Z3 4.14.0.0 3c47fd96cf5645d0c42b2c819d9e9a84380aa721 z3-4.8.4-9178-g3c47fd96c
% CaDiCaL version: 2.1.3
% Termination reason: Refutation
% Time elapsed: 0.285 s
% Peak memory usage: 66 MB
% Instructions burned: 1061 (million)
% ------------------------------
% ------------------------------
