% Running in auto input_syntax mode. Trying TPTP
% Refutation found. Thanks to Tanya!
% SZS status Unsatisfiable for GRP566-1
% SZS output start Proof for GRP566-1
1. double_divide(double_divide(X0,double_divide(double_divide(X1,double_divide(X0,X2)),double_divide(identity,X2))),double_divide(identity,identity)) = X1 [input(axiom)]
2. multiply(X0,X1) = double_divide(double_divide(X1,X0),identity) [input(axiom)]
3. inverse(X0) = double_divide(X0,identity) [input(axiom)]
4. identity = double_divide(X0,inverse(X0)) [input(axiom)]
5. multiply(identity,a2) != a2 [input(negated conjecture)]
6. a2 != multiply(identity,a2) [reorient equations 5]
7. identity = double_divide(X0,double_divide(X0,identity)) [definition unfolding 4,3]
8. a2 != double_divide(double_divide(a2,identity),identity) [definition unfolding 6,2]
11. double_divide(double_divide(X0,double_divide(identity,double_divide(identity,identity))),double_divide(identity,identity)) = X0 [superposition 1,7]
12. double_divide(X1,double_divide(double_divide(X0,double_divide(X1,X2)),double_divide(identity,X2))) = double_divide(double_divide(identity,double_divide(X0,double_divide(identity,identity))),double_divide(identity,identity)) [superposition 1,1]
13. double_divide(double_divide(X0,double_divide(double_divide(X1,double_divide(X0,double_divide(identity,identity))),identity)),double_divide(identity,identity)) = X1 [superposition 1,7]
14. double_divide(double_divide(X0,identity),double_divide(identity,identity)) = X0 [forward demodulation 11,7]
16. double_divide(X0,identity) = double_divide(double_divide(identity,double_divide(X0,double_divide(identity,identity))),double_divide(identity,identity)) [superposition 1,14]
19. double_divide(identity,identity) = double_divide(double_divide(identity,identity),double_divide(identity,identity)) [superposition 16,7]
21. double_divide(double_divide(identity,X0),double_divide(identity,identity)) = double_divide(double_divide(X0,identity),identity) [superposition 16,14]
30. identity = double_divide(identity,identity) [forward demodulation 19,14]
49. double_divide(double_divide(X0,double_divide(double_divide(X1,double_divide(X0,identity)),identity)),identity) = X1 [superposition 1,30]
62. double_divide(double_divide(identity,X0),double_divide(identity,identity)) = double_divide(double_divide(X1,double_divide(double_divide(X0,double_divide(X1,double_divide(identity,identity))),identity)),identity) [superposition 16,13]
67. double_divide(double_divide(identity,X0),identity) = double_divide(double_divide(X1,double_divide(double_divide(X0,double_divide(X1,identity)),identity)),identity) [forward demodulation 62,30]
74. double_divide(double_divide(identity,X0),identity) = X0 [forward demodulation 67,49]
80. double_divide(identity,X0) = double_divide(X0,double_divide(identity,identity)) [superposition 14,74]
84. double_divide(X0,identity) = double_divide(identity,X0) [forward demodulation 80,30]
99. double_divide(double_divide(identity,double_divide(X2,double_divide(identity,identity))),double_divide(identity,identity)) = double_divide(X1,double_divide(double_divide(X2,double_divide(double_divide(identity,double_divide(X0,double_divide(identity,identity))),double_divide(identity,identity))),double_divide(identity,double_divide(double_divide(X0,double_divide(X1,X3)),double_divide(identity,X3))))) [superposition 12,12]
121. double_divide(X0,double_divide(double_divide(X1,double_divide(X0,X2)),double_divide(identity,X2))) = double_divide(double_divide(identity,double_divide(X1,identity)),identity) [superposition 12,30]
130. double_divide(double_divide(X1,double_divide(double_divide(X2,double_divide(double_divide(identity,double_divide(X0,double_divide(identity,identity))),double_divide(identity,identity))),double_divide(identity,double_divide(double_divide(X0,double_divide(X1,X3)),double_divide(identity,X3))))),double_divide(identity,identity)) = X2 [superposition 1,12]
131. double_divide(X0,double_divide(double_divide(X1,double_divide(X0,X2)),double_divide(identity,X2))) = double_divide(X1,identity) [superposition 16,12]
142. double_divide(double_divide(X1,double_divide(double_divide(X2,double_divide(double_divide(identity,double_divide(X0,identity)),identity)),double_divide(identity,double_divide(double_divide(X0,double_divide(X1,X3)),double_divide(identity,X3))))),identity) = X2 [forward demodulation 130,30]
150. double_divide(X0,double_divide(double_divide(X1,double_divide(X0,X2)),double_divide(identity,X2))) = double_divide(identity,double_divide(identity,double_divide(X1,identity))) [forward demodulation 121,84]
172. double_divide(double_divide(identity,double_divide(X2,double_divide(identity,identity))),double_divide(identity,identity)) = double_divide(X1,double_divide(double_divide(X2,double_divide(X0,identity)),double_divide(identity,double_divide(double_divide(X0,double_divide(X1,X3)),double_divide(identity,X3))))) [forward demodulation 99,16]
185. double_divide(identity,double_divide(X1,double_divide(double_divide(X2,double_divide(double_divide(identity,double_divide(X0,identity)),identity)),double_divide(identity,double_divide(double_divide(X0,double_divide(X1,X3)),double_divide(identity,X3)))))) = X2 [forward demodulation 142,84]
190. double_divide(X1,identity) = double_divide(identity,double_divide(identity,double_divide(X1,identity))) [forward demodulation 150,131]
202. double_divide(X2,identity) = double_divide(X1,double_divide(double_divide(X2,double_divide(X0,identity)),double_divide(identity,double_divide(double_divide(X0,double_divide(X1,X3)),double_divide(identity,X3))))) [forward demodulation 172,16]
213. double_divide(identity,double_divide(X1,double_divide(double_divide(X2,double_divide(identity,double_divide(identity,double_divide(X0,identity)))),double_divide(identity,double_divide(double_divide(X0,double_divide(X1,X3)),double_divide(identity,X3)))))) = X2 [forward demodulation 185,84]
234. double_divide(identity,double_divide(X1,double_divide(double_divide(X2,double_divide(X0,identity)),double_divide(identity,double_divide(double_divide(X0,double_divide(X1,X3)),double_divide(identity,X3)))))) = X2 [forward demodulation 213,190]
251. double_divide(identity,double_divide(X2,identity)) = X2 [forward demodulation 234,202]
287. double_divide(double_divide(identity,double_divide(double_divide(X1,X0),X0)),double_divide(identity,identity)) = X1 [superposition 1,251]
288. double_divide(double_divide(double_divide(double_divide(X1,X0),X0),identity),identity) = X1 [forward demodulation 287,21]
299. double_divide(identity,double_divide(double_divide(double_divide(X1,X0),X0),identity)) = X1 [forward demodulation 288,84]
305. double_divide(double_divide(X1,X0),X0) = X1 [forward demodulation 299,251]
871. a2 != a2 [superposition 8,305]
878. $false [trivial inequality removal 871]
% SZS output end Proof for GRP566-1
% ------------------------------
% Version: Vampire 5.0.0 (Release build, commit 2e2c9b7b8 on 2026-01-17 12:24:14 +0100)
% Linked with Z3 4.14.0.0 3c47fd96cf5645d0c42b2c819d9e9a84380aa721 z3-4.8.4-9178-g3c47fd96c
% CaDiCaL version: 2.1.3
% Termination reason: Refutation
% Time elapsed: 0.013 s
% Peak memory usage: 64 MB
% Instructions burned: 31 (million)
% ------------------------------
% ------------------------------
