% Running in auto input_syntax mode. Trying TPTP
% Refutation found. Thanks to Tanya!
% SZS status Unsatisfiable for GRP665-10
% SZS output start Proof for GRP665-10
2. ld(X0,mult(X0,X1)) = X1 [input(axiom)]
8. mult(mult(X0,X1),X2) = mult(mult(X0,X2),ld(X2,mult(X1,X2))) [input(axiom)]
9. mult(op_c,X0) = mult(X0,op_c) [input(axiom)]
10. mult(op_c,mult(x0,x1)) != mult(mult(op_c,x0),x1) [input(negated conjecture)]
32. ld(op_c,mult(X0,op_c)) = X0 [superposition 2,9]
77. mult(mult(X0,X1),op_c) = mult(mult(op_c,X0),ld(op_c,mult(X1,op_c))) [superposition 8,9]
105. mult(mult(X0,X1),op_c) = mult(mult(op_c,X0),X1) [forward demodulation 77,32]
112. mult(op_c,mult(X0,X1)) = mult(mult(op_c,X0),X1) [forward demodulation 105,9]
365. mult(op_c,mult(x0,x1)) != mult(op_c,mult(x0,x1)) [superposition 10,112]
382. $false [trivial inequality removal 365]
% SZS output end Proof for GRP665-10
% ------------------------------
% Version: Vampire 5.0.0 (Release build, commit 2e2c9b7b8 on 2026-01-17 12:24:14 +0100)
% Linked with Z3 4.14.0.0 3c47fd96cf5645d0c42b2c819d9e9a84380aa721 z3-4.8.4-9178-g3c47fd96c
% CaDiCaL version: 2.1.3
% Termination reason: Refutation
% Time elapsed: 0.007 s
% Peak memory usage: 59 MB
% Instructions burned: 17 (million)
% ------------------------------
% ------------------------------
