% Running in auto input_syntax mode. Trying TPTP
% Refutation found. Thanks to Tanya!
% SZS status Unsatisfiable for GRP436-1
% SZS output start Proof for GRP436-1
1. multiply(X0,inverse(multiply(X1,multiply(X2,multiply(multiply(inverse(X2),inverse(multiply(X3,X1))),X0))))) = X3 [input(axiom)]
2. multiply(inverse(a1),a1) != multiply(inverse(b1),b1) [input(negated conjecture)]
3. multiply(X1,inverse(multiply(inverse(multiply(X2,multiply(X3,multiply(multiply(inverse(X3),inverse(multiply(X0,X2))),X4)))),multiply(X5,multiply(multiply(inverse(X5),inverse(X0)),X1))))) = X4 [superposition 1,1]
4. multiply(X1,inverse(multiply(multiply(X2,multiply(multiply(inverse(X2),inverse(multiply(X0,X3))),inverse(X4))),multiply(X4,multiply(X0,X1))))) = X3 [superposition 1,1]
5. multiply(inverse(multiply(X1,multiply(X2,multiply(multiply(inverse(X2),inverse(multiply(X0,X1))),multiply(inverse(X3),inverse(multiply(X4,X5))))))),inverse(multiply(X5,multiply(X3,X0)))) = X4 [superposition 1,1]
6. inverse(multiply(X4,multiply(X5,multiply(multiply(inverse(X5),inverse(multiply(X0,X4))),X3)))) = multiply(X1,inverse(multiply(multiply(X2,multiply(multiply(inverse(X2),inverse(X0)),inverse(X6))),multiply(X6,multiply(X3,X1))))) [superposition 4,1]
7. inverse(multiply(multiply(X4,multiply(multiply(inverse(X4),inverse(multiply(X5,X0))),inverse(X6))),multiply(X6,multiply(X5,X3)))) = multiply(X1,inverse(multiply(multiply(X2,multiply(multiply(inverse(X2),inverse(X0)),inverse(X7))),multiply(X7,multiply(X3,X1))))) [superposition 4,4]
9. multiply(X5,multiply(X4,inverse(X2))) = multiply(X1,inverse(multiply(multiply(X2,multiply(X0,inverse(X6))),multiply(X6,multiply(multiply(X3,multiply(multiply(inverse(X3),inverse(multiply(X4,X0))),inverse(X5))),X1))))) [superposition 4,4]
14. multiply(X5,multiply(multiply(inverse(X5),inverse(multiply(X3,X0))),inverse(X2))) = multiply(X1,inverse(multiply(multiply(X2,multiply(X3,inverse(X4))),multiply(X4,multiply(X0,X1))))) [superposition 1,4]
22. multiply(X1,inverse(multiply(inverse(multiply(multiply(X2,multiply(multiply(inverse(X2),inverse(X3)),inverse(X4))),multiply(X4,multiply(X0,X7)))),multiply(X8,multiply(multiply(inverse(X8),inverse(inverse(multiply(X5,multiply(X6,multiply(multiply(inverse(X6),inverse(multiply(X3,X5))),X0)))))),X1))))) = X7 [superposition 3,3]
23. inverse(multiply(X5,multiply(X6,multiply(multiply(inverse(X6),inverse(multiply(X0,X5))),multiply(inverse(X3),inverse(multiply(X4,X2))))))) = multiply(X1,inverse(multiply(inverse(multiply(X2,multiply(X3,X0))),multiply(X7,multiply(multiply(inverse(X7),inverse(X4)),X1))))) [superposition 3,1]
24. inverse(multiply(multiply(X5,multiply(multiply(inverse(X5),inverse(multiply(X6,X0))),inverse(X7))),multiply(X7,multiply(X6,multiply(inverse(X3),inverse(multiply(X4,X2))))))) = multiply(X1,inverse(multiply(inverse(multiply(X2,multiply(X3,X0))),multiply(X8,multiply(multiply(inverse(X8),inverse(X4)),X1))))) [superposition 3,4]
32. multiply(X6,multiply(multiply(inverse(X6),inverse(X5)),inverse(X2))) = multiply(X1,inverse(multiply(multiply(X2,multiply(X0,inverse(X7))),multiply(X7,multiply(inverse(multiply(X3,multiply(X4,multiply(multiply(inverse(X4),inverse(multiply(X5,X3))),X0)))),X1))))) [superposition 4,3]
35. inverse(multiply(inverse(multiply(X4,multiply(X5,multiply(multiply(inverse(X5),inverse(multiply(X6,X4))),X0)))),multiply(X7,multiply(multiply(inverse(X7),inverse(X6)),X3)))) = multiply(X1,inverse(multiply(multiply(X2,multiply(multiply(inverse(X2),inverse(X0)),inverse(X8))),multiply(X8,multiply(X3,X1))))) [superposition 4,3]
69. multiply(inverse(X1),inverse(multiply(X4,multiply(X0,inverse(multiply(multiply(X1,multiply(X2,inverse(X3))),multiply(X3,multiply(X4,X0)))))))) = X2 [superposition 1,14]
83. multiply(X0,multiply(multiply(inverse(X0),inverse(multiply(multiply(inverse(X1),inverse(multiply(X2,X3))),X2))),inverse(X1))) = X3 [superposition 4,14]
94. multiply(inverse(multiply(inverse(multiply(multiply(X1,multiply(multiply(inverse(X1),inverse(multiply(X2,X0))),inverse(X3))),multiply(X3,multiply(X2,X4)))),multiply(X5,multiply(multiply(inverse(X5),inverse(X0)),multiply(inverse(X6),inverse(multiply(X7,X8))))))),inverse(multiply(X8,multiply(X6,X4)))) = X7 [superposition 5,4]
105. multiply(inverse(multiply(X1,multiply(X2,multiply(multiply(inverse(X2),inverse(multiply(X3,X1))),multiply(inverse(X4),inverse(X0)))))),inverse(multiply(inverse(multiply(multiply(X6,multiply(multiply(inverse(X6),inverse(multiply(X7,X0))),inverse(X8))),multiply(X8,multiply(X7,X5)))),multiply(X4,X3)))) = X5 [superposition 5,4]
145. multiply(X6,multiply(multiply(inverse(X6),inverse(X5)),inverse(X2))) = multiply(X1,multiply(multiply(inverse(X1),inverse(multiply(X0,inverse(multiply(X3,multiply(X4,multiply(multiply(inverse(X4),inverse(multiply(X5,X3))),X0))))))),inverse(X2))) [superposition 83,3]
168. multiply(X6,multiply(multiply(inverse(X6),inverse(X5)),inverse(X2))) = multiply(X1,multiply(multiply(inverse(X1),inverse(X5)),inverse(X2))) [forward demodulation 145,1]
307. multiply(multiply(inverse(X5),inverse(X1)),inverse(X2)) = multiply(X3,inverse(multiply(multiply(X4,multiply(multiply(inverse(X4),inverse(multiply(X0,multiply(multiply(inverse(X0),inverse(X1)),inverse(X2))))),inverse(X6))),multiply(X6,multiply(X5,X3))))) [superposition 4,168]
437. multiply(inverse(X1),inverse(multiply(multiply(inverse(X2),inverse(multiply(X0,multiply(X1,multiply(X3,inverse(X2)))))),X0))) = X3 [superposition 69,1]
492. multiply(X8,inverse(multiply(multiply(X9,multiply(multiply(inverse(X9),inverse(multiply(X6,multiply(multiply(inverse(X6),inverse(X2)),inverse(X4))))),inverse(X10))),multiply(X10,multiply(X7,X8))))) = inverse(multiply(multiply(X4,multiply(X3,inverse(X5))),multiply(X5,multiply(inverse(multiply(X0,multiply(X1,multiply(multiply(inverse(X1),inverse(multiply(X2,X0))),X3)))),X7)))) [superposition 6,6]
558. multiply(X4,multiply(X0,inverse(multiply(multiply(X1,multiply(multiply(inverse(X1),inverse(X2)),inverse(X3))),multiply(X3,multiply(X4,X0)))))) = X2 [superposition 1,6]
610. inverse(multiply(X0,multiply(X1,multiply(multiply(inverse(X1),inverse(multiply(multiply(X2,X3),X0))),X2)))) = X3 [superposition 4,6]
645. inverse(multiply(multiply(X4,multiply(X3,inverse(X5))),multiply(X5,multiply(inverse(multiply(X0,multiply(X1,multiply(multiply(inverse(X1),inverse(multiply(X2,X0))),X3)))),X7)))) = multiply(multiply(inverse(X7),inverse(X2)),inverse(X4)) [forward demodulation 492,307]
676. multiply(multiply(inverse(X4),inverse(multiply(X2,X0))),inverse(X1)) = inverse(multiply(multiply(X1,multiply(X2,inverse(X3))),multiply(X3,multiply(X0,X4)))) [superposition 610,4]
727. multiply(X1,multiply(multiply(inverse(X1),inverse(multiply(multiply(X0,inverse(multiply(X5,X6))),X5))),X0)) = X6 [superposition 83,610]
728. multiply(X1,multiply(multiply(inverse(X1),inverse(X2)),X0)) = multiply(X6,multiply(multiply(inverse(X6),inverse(X2)),X0)) [superposition 168,610]
730. multiply(X1,multiply(multiply(inverse(X1),X0),inverse(X5))) = multiply(X6,multiply(multiply(inverse(X6),X0),inverse(X5))) [superposition 168,610]
1408. multiply(X1,multiply(multiply(inverse(X1),X0),X5)) = multiply(X6,multiply(multiply(inverse(X6),X0),X5)) [superposition 728,610]
3296. multiply(inverse(X1),inverse(multiply(multiply(X0,inverse(multiply(X5,multiply(X1,multiply(X6,X0))))),X5))) = X6 [superposition 437,610]
4531. multiply(X1,inverse(multiply(X2,multiply(X3,multiply(X0,X1))))) = multiply(X4,inverse(multiply(X2,multiply(X3,multiply(X0,X4))))) [superposition 1,3296]
10900. multiply(multiply(inverse(X1),inverse(multiply(X0,multiply(X2,multiply(multiply(inverse(X2),inverse(X3)),inverse(X1)))))),X0) = X3 [superposition 558,1]
12028. multiply(multiply(X0,inverse(multiply(X1,multiply(X2,multiply(multiply(inverse(X2),inverse(X3)),X0))))),X1) = X3 [superposition 10900,4531]
12040. multiply(X1,inverse(multiply(multiply(X2,multiply(multiply(inverse(X2),inverse(X0)),inverse(X3))),multiply(X3,X0)))) = X1 [superposition 1,10900]
12050. multiply(X1,multiply(inverse(X1),inverse(X2))) = multiply(X3,inverse(multiply(multiply(X2,multiply(multiply(X4,multiply(multiply(inverse(X4),inverse(X0)),inverse(X5))),inverse(X6))),multiply(X6,multiply(multiply(X5,X0),X3))))) [superposition 9,10900]
12225. multiply(X1,multiply(inverse(X1),inverse(X2))) = multiply(X3,multiply(multiply(inverse(X3),inverse(multiply(multiply(X4,multiply(multiply(inverse(X4),inverse(X0)),inverse(X5))),multiply(X5,X0)))),inverse(X2))) [forward demodulation 12050,676]
12258. multiply(X1,multiply(inverse(X1),inverse(X2))) = multiply(X3,multiply(inverse(X3),inverse(X2))) [forward demodulation 12225,12040]
12985. multiply(X1,multiply(inverse(X1),X0)) = multiply(X5,multiply(inverse(X5),X0)) [superposition 12258,610]
15726. multiply(multiply(X1,inverse(multiply(X2,X0))),X2) = multiply(multiply(X1,inverse(multiply(X4,X0))),X4) [superposition 12028,727]
17211. multiply(multiply(X1,inverse(multiply(X2,inverse(multiply(X3,multiply(X4,multiply(multiply(inverse(X4),inverse(multiply(X0,X3))),X5))))))),X2) = multiply(multiply(X1,inverse(X0)),X5) [superposition 15726,1]
17500. multiply(X3,inverse(multiply(X2,multiply(X0,multiply(multiply(inverse(X0),inverse(multiply(X1,X2))),X1))))) = X3 [superposition 1,15726]
18992. multiply(X4,multiply(inverse(X4),inverse(multiply(X1,multiply(X2,multiply(multiply(inverse(X2),inverse(multiply(X3,X1))),X3)))))) = multiply(X0,inverse(X0)) [superposition 12985,17500]
19098. multiply(multiply(X1,inverse(X0)),X0) = multiply(multiply(X1,inverse(multiply(X2,inverse(multiply(X3,multiply(X4,multiply(multiply(inverse(X4),inverse(multiply(X5,X3))),X5))))))),X2) [superposition 15726,17500]
19193. multiply(multiply(X1,inverse(X0)),X0) = multiply(multiply(X1,inverse(X5)),X5) [forward demodulation 19098,17211]
19225. multiply(X4,inverse(X4)) = multiply(X0,inverse(X0)) [forward demodulation 18992,17500]
20920. multiply(X1,multiply(multiply(inverse(X1),inverse(multiply(multiply(X0,inverse(X0)),X2))),multiply(X2,X3))) = X3 [superposition 727,19225]
21004. inverse(X3) = inverse(multiply(X1,multiply(X2,multiply(multiply(inverse(X2),inverse(multiply(multiply(X0,inverse(X0)),X1))),X3)))) [superposition 610,19225]
22763. multiply(multiply(X0,inverse(X0)),X1) = multiply(multiply(X1,inverse(X2)),X2) [superposition 19193,19225]
25369. multiply(X2,inverse(multiply(X3,multiply(X4,multiply(multiply(inverse(X4),inverse(multiply(multiply(X0,inverse(X0)),X1))),multiply(X1,inverse(X3))))))) = X2 [superposition 17500,22763]
25435. multiply(X2,inverse(multiply(X3,inverse(X3)))) = X2 [forward demodulation 25369,20920]
28008. multiply(X0,X1) = multiply(multiply(X0,inverse(multiply(X2,inverse(X1)))),X2) [superposition 15726,25435]
28009. inverse(X2) = multiply(X1,multiply(multiply(inverse(X1),inverse(multiply(X0,X2))),X0)) [superposition 727,25435]
32530. multiply(multiply(X4,inverse(multiply(X0,inverse(multiply(X1,multiply(X2,multiply(X3,X0))))))),X5) = multiply(X4,multiply(X1,multiply(X2,multiply(X3,X5)))) [superposition 28008,4531]
32676. multiply(X0,multiply(inverse(X0),X1)) = multiply(X3,multiply(multiply(inverse(X3),inverse(multiply(inverse(X2),inverse(X1)))),inverse(X2))) [superposition 730,28008]
32909. inverse(inverse(X1)) = multiply(X0,multiply(inverse(X0),X1)) [forward demodulation 32676,28009]
33001. multiply(X9,inverse(multiply(multiply(X10,multiply(multiply(inverse(X10),inverse(X6)),inverse(X11))),multiply(X11,multiply(X8,X9))))) = inverse(multiply(inverse(multiply(inverse(multiply(X1,multiply(X2,multiply(X3,X4)))),multiply(X5,multiply(multiply(inverse(X5),inverse(multiply(X0,inverse(multiply(X1,multiply(X2,multiply(X3,X0))))))),X6)))),multiply(X7,multiply(multiply(inverse(X7),inverse(X4)),X8)))) [superposition 35,4531]
33091. multiply(X7,inverse(multiply(multiply(X8,multiply(multiply(inverse(X8),inverse(X4)),inverse(X9))),multiply(X9,multiply(X6,X7))))) = inverse(multiply(inverse(multiply(X1,multiply(X2,multiply(X0,X4)))),multiply(X5,multiply(multiply(inverse(X5),inverse(multiply(X3,inverse(multiply(X1,multiply(X2,multiply(X0,X3))))))),X6)))) [superposition 35,3296]
33259. multiply(X6,inverse(multiply(multiply(X7,multiply(multiply(inverse(X7),inverse(X4)),inverse(X8))),multiply(X8,multiply(X5,X6))))) = inverse(multiply(inverse(multiply(X1,multiply(X2,multiply(multiply(inverse(X2),inverse(multiply(multiply(X3,inverse(X3)),X1))),X4)))),multiply(X0,multiply(inverse(X0),X5)))) [superposition 35,25435]
34812. multiply(X6,inverse(multiply(multiply(X7,multiply(multiply(inverse(X7),inverse(X4)),inverse(X8))),multiply(X8,multiply(X5,X6))))) = inverse(multiply(inverse(multiply(X1,multiply(X2,multiply(multiply(inverse(X2),inverse(multiply(multiply(X3,inverse(X3)),X1))),X4)))),inverse(inverse(X5)))) [forward demodulation 33259,32909]
34959. multiply(X7,inverse(multiply(multiply(X8,multiply(multiply(inverse(X8),inverse(X4)),inverse(X9))),multiply(X9,multiply(X6,X7))))) = inverse(multiply(inverse(multiply(X1,multiply(X2,multiply(X0,X4)))),multiply(X5,multiply(inverse(X5),multiply(X1,multiply(X2,multiply(X0,X6))))))) [forward demodulation 33091,32530]
35048. multiply(X9,inverse(multiply(multiply(X10,multiply(multiply(inverse(X10),inverse(X6)),inverse(X11))),multiply(X11,multiply(X8,X9))))) = inverse(multiply(inverse(multiply(inverse(multiply(X1,multiply(X2,multiply(X3,X4)))),multiply(X5,multiply(inverse(X5),multiply(X1,multiply(X2,multiply(X3,X6))))))),multiply(X7,multiply(multiply(inverse(X7),inverse(X4)),X8)))) [forward demodulation 33001,32530]
35347. multiply(X6,inverse(multiply(multiply(X7,multiply(multiply(inverse(X7),inverse(X4)),inverse(X8))),multiply(X8,multiply(X5,X6))))) = inverse(multiply(inverse(X4),inverse(inverse(X5)))) [forward demodulation 34812,21004]
35416. multiply(X7,inverse(multiply(multiply(X8,multiply(multiply(inverse(X8),inverse(X4)),inverse(X9))),multiply(X9,multiply(X6,X7))))) = inverse(multiply(inverse(multiply(X1,multiply(X2,multiply(X0,X4)))),inverse(inverse(multiply(X1,multiply(X2,multiply(X0,X6))))))) [forward demodulation 34959,32909]
35459. multiply(X9,inverse(multiply(multiply(X10,multiply(multiply(inverse(X10),inverse(X6)),inverse(X11))),multiply(X11,multiply(X8,X9))))) = inverse(multiply(inverse(multiply(inverse(multiply(X1,multiply(X2,multiply(X3,X4)))),inverse(inverse(multiply(X1,multiply(X2,multiply(X3,X6))))))),multiply(X7,multiply(multiply(inverse(X7),inverse(X4)),X8)))) [forward demodulation 35048,32909]
35547. multiply(X6,multiply(multiply(inverse(X6),inverse(multiply(multiply(inverse(X7),inverse(X4)),X5))),inverse(X7))) = inverse(multiply(inverse(X4),inverse(inverse(X5)))) [forward demodulation 35347,676]
35562. multiply(X7,multiply(multiply(inverse(X7),inverse(multiply(multiply(inverse(X8),inverse(X4)),X6))),inverse(X8))) = inverse(multiply(inverse(multiply(X1,multiply(X2,multiply(X0,X4)))),inverse(inverse(multiply(X1,multiply(X2,multiply(X0,X6))))))) [forward demodulation 35416,676]
35575. multiply(X9,multiply(multiply(inverse(X9),inverse(multiply(multiply(inverse(X10),inverse(X6)),X8))),inverse(X10))) = inverse(multiply(inverse(multiply(inverse(multiply(X1,multiply(X2,multiply(X3,X4)))),inverse(inverse(multiply(X1,multiply(X2,multiply(X3,X6))))))),multiply(X7,multiply(multiply(inverse(X7),inverse(X4)),X8)))) [forward demodulation 35459,676]
35620. inverse(multiply(inverse(multiply(X1,multiply(X2,multiply(X0,X4)))),inverse(inverse(multiply(X1,multiply(X2,multiply(X0,X6))))))) = inverse(multiply(inverse(X4),inverse(inverse(X6)))) [forward demodulation 35562,35547]
35630. inverse(multiply(inverse(multiply(inverse(multiply(X1,multiply(X2,multiply(X3,X4)))),inverse(inverse(multiply(X1,multiply(X2,multiply(X3,X6))))))),multiply(X7,multiply(multiply(inverse(X7),inverse(X4)),X8)))) = inverse(multiply(inverse(X6),inverse(inverse(X8)))) [forward demodulation 35575,35547]
35653. inverse(multiply(inverse(X6),inverse(inverse(X8)))) = inverse(multiply(inverse(multiply(inverse(X4),inverse(inverse(X6)))),multiply(X7,multiply(multiply(inverse(X7),inverse(X4)),X8)))) [forward demodulation 35630,35620]
35698. multiply(X8,X0) = inverse(inverse(inverse(multiply(inverse(multiply(multiply(X1,multiply(multiply(inverse(X1),inverse(X2)),inverse(X3))),multiply(X3,multiply(X4,X0)))),multiply(X5,multiply(multiply(inverse(X5),inverse(inverse(multiply(X6,multiply(X7,multiply(multiply(inverse(X7),inverse(multiply(X2,X6))),X4)))))),inverse(X8))))))) [superposition 32909,22]
35703. multiply(X7,inverse(multiply(X0,multiply(X1,multiply(multiply(inverse(X1),inverse(multiply(X2,X0))),multiply(inverse(X3),inverse(multiply(X4,X5)))))))) = inverse(inverse(inverse(multiply(inverse(multiply(X5,multiply(X3,X2))),multiply(X6,multiply(multiply(inverse(X6),inverse(X4)),inverse(X7))))))) [superposition 32909,23]
35717. multiply(X3,multiply(X0,multiply(multiply(inverse(X0),X1),X2))) = inverse(inverse(multiply(multiply(inverse(inverse(X3)),X1),X2))) [superposition 32909,1408]
35719. multiply(X3,multiply(X0,multiply(multiply(inverse(X0),X1),inverse(X2)))) = inverse(inverse(multiply(multiply(inverse(inverse(X3)),X1),inverse(X2)))) [superposition 32909,730]
35725. inverse(inverse(multiply(inverse(inverse(X1)),X0))) = multiply(X1,inverse(inverse(X0))) [superposition 32909,32909]
35776. multiply(X3,inverse(multiply(multiply(X4,multiply(multiply(inverse(X4),inverse(X1)),inverse(X5))),multiply(X5,multiply(X2,X3))))) = inverse(inverse(inverse(multiply(multiply(inverse(inverse(X0)),inverse(multiply(X1,X0))),X2)))) [superposition 6,32909]
35805. multiply(X6,inverse(multiply(inverse(multiply(X2,multiply(X0,X5))),multiply(X7,multiply(multiply(inverse(X7),inverse(X1)),X6))))) = inverse(multiply(multiply(X3,multiply(multiply(inverse(X3),inverse(multiply(inverse(X4),X5))),inverse(X4))),inverse(inverse(multiply(inverse(X0),inverse(multiply(X1,X2))))))) [superposition 24,32909]
35813. multiply(X0,inverse(multiply(multiply(X1,multiply(multiply(inverse(X1),inverse(multiply(inverse(X2),X3))),inverse(X2))),inverse(inverse(X0))))) = X3 [superposition 4,32909]
35856. multiply(X4,inverse(multiply(multiply(X5,multiply(multiply(inverse(X5),inverse(X1)),inverse(X6))),multiply(X6,multiply(X3,X4))))) = inverse(multiply(multiply(inverse(X1),X0),multiply(X2,multiply(multiply(inverse(X2),inverse(inverse(inverse(X0)))),X3)))) [superposition 6,32909]
35905. multiply(X1,multiply(multiply(inverse(X1),inverse(X2)),inverse(X3))) = multiply(X4,inverse(multiply(multiply(X3,multiply(X5,inverse(X6))),multiply(X6,multiply(inverse(multiply(multiply(inverse(X2),X0),multiply(X7,multiply(multiply(inverse(X7),inverse(inverse(inverse(X0)))),X5)))),X4))))) [superposition 32,32909]
35938. multiply(inverse(X3),X0) = inverse(multiply(X1,multiply(X2,multiply(multiply(inverse(X2),inverse(multiply(inverse(inverse(X0)),X1))),X3)))) [superposition 610,32909]
36027. multiply(X1,multiply(multiply(inverse(X1),inverse(X2)),inverse(X3))) = multiply(X4,multiply(multiply(inverse(X4),inverse(multiply(X5,inverse(multiply(multiply(inverse(X2),X0),multiply(X7,multiply(multiply(inverse(X7),inverse(inverse(inverse(X0)))),X5))))))),inverse(X3))) [forward demodulation 35905,676]
36055. multiply(X4,multiply(multiply(inverse(X4),inverse(multiply(multiply(inverse(X5),inverse(X1)),X3))),inverse(X5))) = inverse(multiply(multiply(inverse(X1),X0),multiply(X2,multiply(multiply(inverse(X2),inverse(inverse(inverse(X0)))),X3)))) [forward demodulation 35856,676]
36077. multiply(X0,inverse(multiply(inverse(X3),inverse(inverse(X0))))) = X3 [forward demodulation 35813,28009]
36083. multiply(X6,inverse(multiply(inverse(multiply(X2,multiply(X0,X5))),multiply(X7,multiply(multiply(inverse(X7),inverse(X1)),X6))))) = inverse(multiply(inverse(X5),inverse(inverse(multiply(inverse(X0),inverse(multiply(X1,X2))))))) [forward demodulation 35805,28009]
36090. multiply(X3,multiply(multiply(inverse(X3),inverse(multiply(multiply(inverse(X4),inverse(X1)),X2))),inverse(X4))) = inverse(inverse(inverse(multiply(multiply(inverse(inverse(X0)),inverse(multiply(X1,X0))),X2)))) [forward demodulation 35776,676]
36112. multiply(X7,inverse(multiply(X0,multiply(X1,multiply(multiply(inverse(X1),inverse(multiply(X2,X0))),multiply(inverse(X3),inverse(multiply(X4,X5)))))))) = inverse(inverse(inverse(inverse(inverse(multiply(multiply(inverse(inverse(inverse(multiply(X5,multiply(X3,X2))))),inverse(X4)),inverse(X7))))))) [forward demodulation 35703,35719]
36117. multiply(X8,X0) = inverse(inverse(inverse(inverse(inverse(multiply(multiply(inverse(inverse(inverse(multiply(multiply(X1,multiply(multiply(inverse(X1),inverse(X2)),inverse(X3))),multiply(X3,multiply(X4,X0)))))),inverse(inverse(multiply(X6,multiply(X7,multiply(multiply(inverse(X7),inverse(multiply(X2,X6))),X4)))))),inverse(X8))))))) [forward demodulation 35698,35719]
36161. multiply(X1,multiply(multiply(inverse(X1),inverse(X2)),inverse(X3))) = multiply(X4,multiply(inverse(X4),multiply(multiply(inverse(X2),X0),multiply(X7,multiply(multiply(inverse(X7),inverse(inverse(inverse(X0)))),inverse(X3)))))) [forward demodulation 36027,32530]
36180. multiply(X4,multiply(multiply(inverse(X4),inverse(multiply(multiply(inverse(X5),inverse(X1)),X3))),inverse(X5))) = inverse(inverse(inverse(multiply(multiply(inverse(inverse(multiply(inverse(X1),X0))),inverse(inverse(inverse(X0)))),X3)))) [forward demodulation 36055,35717]
36188. inverse(multiply(inverse(X5),inverse(inverse(multiply(inverse(X0),inverse(multiply(X1,X2))))))) = multiply(X6,inverse(inverse(inverse(multiply(multiply(inverse(inverse(inverse(multiply(X2,multiply(X0,X5))))),inverse(X1)),X6))))) [forward demodulation 36083,35717]
36192. inverse(multiply(inverse(X1),inverse(inverse(X2)))) = inverse(inverse(inverse(multiply(multiply(inverse(inverse(X0)),inverse(multiply(X1,X0))),X2)))) [forward demodulation 36090,35547]
36197. inverse(inverse(inverse(inverse(inverse(multiply(multiply(inverse(inverse(inverse(multiply(X5,multiply(X3,X2))))),inverse(X4)),inverse(X7))))))) = multiply(X7,inverse(inverse(inverse(multiply(multiply(inverse(inverse(X0)),inverse(multiply(X2,X0))),multiply(inverse(X3),inverse(multiply(X4,X5)))))))) [forward demodulation 36112,35717]
36202. multiply(X8,X0) = inverse(inverse(inverse(inverse(inverse(multiply(multiply(inverse(inverse(inverse(multiply(multiply(X1,multiply(multiply(inverse(X1),inverse(X2)),inverse(X3))),multiply(X3,multiply(X4,X0)))))),inverse(inverse(inverse(inverse(multiply(multiply(inverse(inverse(X6)),inverse(multiply(X2,X6))),X4)))))),inverse(X8))))))) [forward demodulation 36117,35717]
36221. multiply(X1,multiply(multiply(inverse(X1),inverse(X2)),inverse(X3))) = inverse(inverse(multiply(multiply(inverse(X2),X0),multiply(X7,multiply(multiply(inverse(X7),inverse(inverse(inverse(X0)))),inverse(X3)))))) [forward demodulation 36161,32909]
36227. inverse(multiply(inverse(X1),inverse(inverse(X3)))) = inverse(inverse(inverse(multiply(multiply(inverse(inverse(multiply(inverse(X1),X0))),inverse(inverse(inverse(X0)))),X3)))) [forward demodulation 36180,35547]
36230. inverse(inverse(inverse(inverse(inverse(multiply(multiply(inverse(inverse(inverse(multiply(X5,multiply(X3,X2))))),inverse(X4)),inverse(X7))))))) = multiply(X7,inverse(multiply(inverse(X2),inverse(inverse(multiply(inverse(X3),inverse(multiply(X4,X5)))))))) [forward demodulation 36197,36192]
36232. multiply(X8,X0) = inverse(inverse(inverse(inverse(inverse(multiply(multiply(inverse(inverse(inverse(multiply(multiply(X1,multiply(multiply(inverse(X1),inverse(X2)),inverse(X3))),multiply(X3,multiply(X4,X0)))))),inverse(inverse(multiply(inverse(X2),inverse(inverse(X4)))))),inverse(X8))))))) [forward demodulation 36202,36192]
36244. multiply(X1,multiply(multiply(inverse(X1),inverse(X2)),inverse(X3))) = inverse(inverse(inverse(inverse(multiply(multiply(inverse(inverse(multiply(inverse(X2),X0))),inverse(inverse(inverse(X0)))),inverse(X3)))))) [forward demodulation 36221,35719]
36246. multiply(X8,X0) = multiply(X8,inverse(multiply(inverse(multiply(X4,X0)),inverse(inverse(multiply(inverse(X3),inverse(multiply(inverse(multiply(inverse(X2),inverse(inverse(X4)))),multiply(X1,multiply(multiply(inverse(X1),inverse(X2)),inverse(X3))))))))))) [forward demodulation 36232,36230]
36248. multiply(X1,multiply(multiply(inverse(X1),inverse(X2)),inverse(X3))) = inverse(inverse(multiply(inverse(X2),inverse(inverse(inverse(X3)))))) [forward demodulation 36244,36227]
36250. multiply(X8,X0) = multiply(X8,inverse(multiply(inverse(multiply(X4,X0)),inverse(inverse(multiply(inverse(X3),inverse(multiply(inverse(X4),inverse(inverse(inverse(X3))))))))))) [forward demodulation 36246,35653]
36251. multiply(X8,X0) = multiply(X8,inverse(multiply(inverse(multiply(X4,X0)),inverse(inverse(X4))))) [forward demodulation 36250,36077]
36883. multiply(X1,inverse(multiply(inverse(multiply(multiply(X2,X3),multiply(multiply(inverse(multiply(multiply(X4,multiply(multiply(inverse(X4),inverse(multiply(X5,X6))),inverse(X7))),multiply(X7,multiply(X5,X3)))),multiply(X8,multiply(multiply(inverse(X8),inverse(X6)),multiply(inverse(X2),inverse(multiply(X0,X9)))))),multiply(X0,X10)))),multiply(X11,multiply(multiply(inverse(X11),inverse(X9)),X1))))) = X10 [superposition 3,94]
36908. inverse(multiply(multiply(X1,multiply(multiply(inverse(X1),inverse(multiply(X2,X3))),inverse(X4))),multiply(X4,multiply(X2,X0)))) = multiply(X13,inverse(multiply(inverse(multiply(multiply(X11,X9),multiply(multiply(inverse(multiply(multiply(X5,multiply(multiply(inverse(X5),inverse(multiply(X6,X7))),inverse(X8))),multiply(X8,multiply(X6,X9)))),multiply(X10,multiply(multiply(inverse(X10),inverse(X7)),multiply(inverse(X11),inverse(multiply(X0,X12)))))),X3))),multiply(X14,multiply(multiply(inverse(X14),inverse(X12)),X13))))) [superposition 24,94]
37286. inverse(multiply(multiply(X1,multiply(multiply(inverse(X1),inverse(multiply(X2,X3))),inverse(X4))),multiply(X4,multiply(X2,X0)))) = multiply(X13,inverse(inverse(inverse(multiply(multiply(inverse(inverse(inverse(multiply(multiply(X11,X9),multiply(multiply(inverse(multiply(multiply(X5,multiply(multiply(inverse(X5),inverse(multiply(X6,X7))),inverse(X8))),multiply(X8,multiply(X6,X9)))),multiply(X10,multiply(multiply(inverse(X10),inverse(X7)),multiply(inverse(X11),inverse(multiply(X0,X12)))))),X3))))),inverse(X12)),X13))))) [forward demodulation 36908,35717]
37311. multiply(X1,inverse(inverse(inverse(multiply(multiply(inverse(inverse(inverse(multiply(multiply(X2,X3),multiply(multiply(inverse(multiply(multiply(X4,multiply(multiply(inverse(X4),inverse(multiply(X5,X6))),inverse(X7))),multiply(X7,multiply(X5,X3)))),multiply(X8,multiply(multiply(inverse(X8),inverse(X6)),multiply(inverse(X2),inverse(multiply(X0,X9)))))),multiply(X0,X10)))))),inverse(X9)),X1))))) = X10 [forward demodulation 36883,35717]
38094. inverse(multiply(multiply(X1,multiply(multiply(inverse(X1),inverse(multiply(X2,X3))),inverse(X4))),multiply(X4,multiply(X2,X0)))) = inverse(multiply(inverse(X3),inverse(inverse(multiply(inverse(multiply(inverse(multiply(multiply(X5,multiply(multiply(inverse(X5),inverse(multiply(X6,X7))),inverse(X8))),multiply(X8,multiply(X6,X9)))),multiply(X10,multiply(multiply(inverse(X10),inverse(X7)),multiply(inverse(X11),inverse(multiply(X0,X12))))))),inverse(multiply(X12,multiply(X11,X9)))))))) [forward demodulation 37286,36188]
38119. inverse(multiply(inverse(multiply(X0,X10)),inverse(inverse(multiply(inverse(multiply(inverse(multiply(multiply(X4,multiply(multiply(inverse(X4),inverse(multiply(X5,X6))),inverse(X7))),multiply(X7,multiply(X5,X3)))),multiply(X8,multiply(multiply(inverse(X8),inverse(X6)),multiply(inverse(X2),inverse(multiply(X0,X9))))))),inverse(multiply(X9,multiply(X2,X3)))))))) = X10 [forward demodulation 37311,36188]
38852. inverse(multiply(multiply(X1,multiply(multiply(inverse(X1),inverse(multiply(X2,X3))),inverse(X4))),multiply(X4,multiply(X2,X0)))) = inverse(multiply(inverse(X3),inverse(inverse(X0)))) [forward demodulation 38094,94]
38874. inverse(multiply(inverse(multiply(X0,X10)),inverse(inverse(X0)))) = X10 [forward demodulation 38119,94]
39420. multiply(multiply(inverse(X0),inverse(multiply(multiply(inverse(X1),inverse(multiply(X2,X3))),X2))),inverse(X1)) = inverse(multiply(inverse(X3),inverse(inverse(X0)))) [forward demodulation 38852,676]
40510. inverse(multiply(multiply(X6,multiply(multiply(inverse(X6),inverse(X2)),inverse(X7))),multiply(X7,multiply(X4,X5)))) = inverse(multiply(inverse(inverse(multiply(multiply(X0,multiply(multiply(inverse(X0),inverse(multiply(X1,X2))),inverse(X3))),multiply(X3,multiply(X1,X4))))),inverse(inverse(X5)))) [superposition 38874,7]
40535. multiply(multiply(inverse(X1),inverse(multiply(multiply(X2,inverse(multiply(X3,X0))),X3))),X2) = inverse(multiply(inverse(X0),inverse(inverse(X1)))) [superposition 38874,727]
40568. inverse(multiply(inverse(X0),inverse(inverse(multiply(X1,inverse(multiply(X2,multiply(X3,multiply(multiply(inverse(X3),inverse(X0)),X1))))))))) = X2 [superposition 38874,12028]
40580. multiply(X2,multiply(multiply(inverse(X2),inverse(multiply(multiply(X3,X0),X1))),X3)) = inverse(multiply(X0,inverse(inverse(X1)))) [superposition 38874,610]
40584. inverse(inverse(X1)) = inverse(multiply(X0,inverse(inverse(inverse(multiply(X1,X0)))))) [superposition 38874,38874]
40593. multiply(X1,inverse(X2)) = multiply(multiply(X1,X0),inverse(multiply(X2,X0))) [superposition 28008,38874]
40666. inverse(multiply(multiply(X1,multiply(multiply(inverse(X1),inverse(multiply(X2,X3))),inverse(X4))),multiply(X4,multiply(X2,X5)))) = multiply(X6,inverse(multiply(multiply(multiply(inverse(multiply(X7,X0)),inverse(inverse(X7))),multiply(multiply(X0,inverse(X3)),inverse(X8))),multiply(X8,multiply(X5,X6))))) [superposition 7,38874]
40737. multiply(X1,multiply(multiply(inverse(X1),X0),inverse(X3))) = multiply(X4,inverse(multiply(multiply(X3,multiply(X5,inverse(X6))),multiply(X6,multiply(inverse(multiply(X7,multiply(X8,multiply(multiply(inverse(X8),inverse(multiply(multiply(inverse(multiply(X2,X0)),inverse(inverse(X2))),X7))),X5)))),X4))))) [superposition 32,38874]
40894. multiply(X1,multiply(multiply(inverse(X1),X0),inverse(X3))) = multiply(X4,multiply(multiply(inverse(X4),inverse(multiply(inverse(multiply(X2,X0)),inverse(inverse(X2))))),inverse(X3))) [forward demodulation 40737,645]
40961. inverse(multiply(multiply(X1,multiply(multiply(inverse(X1),inverse(multiply(X2,X3))),inverse(X4))),multiply(X4,multiply(X2,X5)))) = multiply(X6,multiply(multiply(inverse(X6),inverse(multiply(multiply(X0,inverse(X3)),X5))),inverse(multiply(inverse(multiply(X7,X0)),inverse(inverse(X7)))))) [forward demodulation 40666,676]
41040. inverse(multiply(inverse(X0),inverse(inverse(multiply(X1,inverse(inverse(inverse(multiply(multiply(inverse(inverse(X2)),inverse(X0)),X1))))))))) = X2 [forward demodulation 40568,35717]
41077. inverse(multiply(multiply(X6,multiply(multiply(inverse(X6),inverse(X2)),inverse(X7))),multiply(X7,multiply(X4,X5)))) = inverse(multiply(inverse(multiply(multiply(inverse(X4),inverse(multiply(multiply(inverse(X0),inverse(multiply(X1,X2))),X1))),inverse(X0))),inverse(inverse(X5)))) [forward demodulation 40510,676]
41128. multiply(X1,multiply(multiply(inverse(X1),X0),inverse(X3))) = inverse(inverse(multiply(inverse(multiply(inverse(multiply(X2,X0)),inverse(inverse(X2)))),inverse(inverse(inverse(X3)))))) [forward demodulation 40894,36248]
41190. inverse(multiply(multiply(X1,multiply(multiply(inverse(X1),inverse(multiply(X2,X3))),inverse(X4))),multiply(X4,multiply(X2,X5)))) = inverse(inverse(multiply(inverse(multiply(multiply(X0,inverse(X3)),X5)),inverse(inverse(inverse(multiply(inverse(multiply(X7,X0)),inverse(inverse(X7))))))))) [forward demodulation 40961,36248]
41258. inverse(multiply(inverse(X0),inverse(inverse(inverse(multiply(inverse(inverse(X2)),inverse(X0))))))) = X2 [forward demodulation 41040,40584]
41285. inverse(multiply(multiply(X6,multiply(multiply(inverse(X6),inverse(X2)),inverse(X7))),multiply(X7,multiply(X4,X5)))) = inverse(multiply(inverse(inverse(multiply(inverse(X2),inverse(inverse(X4))))),inverse(inverse(X5)))) [forward demodulation 41077,39420]
41321. multiply(X1,multiply(multiply(inverse(X1),X0),inverse(X3))) = inverse(inverse(multiply(X0,inverse(inverse(inverse(X3)))))) [forward demodulation 41128,38874]
41361. inverse(multiply(multiply(X1,multiply(multiply(inverse(X1),inverse(multiply(X2,X3))),inverse(X4))),multiply(X4,multiply(X2,X5)))) = inverse(inverse(multiply(inverse(multiply(multiply(X0,inverse(X3)),X5)),inverse(inverse(X0))))) [forward demodulation 41190,38874]
41414. inverse(inverse(inverse(inverse(X2)))) = X2 [forward demodulation 41258,40584]
41436. multiply(multiply(inverse(X5),inverse(multiply(multiply(inverse(X6),inverse(X2)),X4))),inverse(X6)) = inverse(multiply(inverse(inverse(multiply(inverse(X2),inverse(inverse(X4))))),inverse(inverse(X5)))) [forward demodulation 41285,676]
41494. multiply(multiply(inverse(X5),inverse(multiply(multiply(inverse(X1),inverse(multiply(X2,X3))),X2))),inverse(X1)) = inverse(inverse(multiply(inverse(multiply(multiply(X0,inverse(X3)),X5)),inverse(inverse(X0))))) [forward demodulation 41361,676]
41558. inverse(multiply(inverse(X3),inverse(inverse(X5)))) = inverse(inverse(multiply(inverse(multiply(multiply(X0,inverse(X3)),X5)),inverse(inverse(X0))))) [forward demodulation 41494,39420]
47173. inverse(multiply(X1,multiply(X2,multiply(multiply(inverse(X2),inverse(multiply(inverse(inverse(inverse(X0))),X1))),X3)))) = multiply(X4,inverse(multiply(multiply(X5,multiply(multiply(inverse(X5),X0),inverse(X6))),multiply(X6,multiply(X3,X4))))) [superposition 6,41414]
47176. inverse(multiply(multiply(X1,multiply(multiply(inverse(X1),inverse(multiply(X2,X3))),inverse(X4))),multiply(X4,multiply(X2,X5)))) = multiply(X6,inverse(multiply(multiply(inverse(inverse(inverse(X0))),multiply(multiply(X0,inverse(X3)),inverse(X7))),multiply(X7,multiply(X5,X6))))) [superposition 7,41414]
47247. multiply(X3,inverse(multiply(multiply(X2,multiply(X4,inverse(X5))),multiply(X5,multiply(inverse(multiply(X6,multiply(X7,multiply(multiply(inverse(X7),inverse(multiply(inverse(inverse(inverse(X0))),X6))),X4)))),X3))))) = multiply(X1,multiply(multiply(inverse(X1),X0),inverse(X2))) [superposition 32,41414]
47350. multiply(multiply(X1,inverse(multiply(X2,X0))),X2) = multiply(X1,inverse(inverse(inverse(X0)))) [superposition 28008,41414]
47424. multiply(X3,inverse(multiply(multiply(X2,multiply(X4,inverse(X5))),multiply(X5,multiply(inverse(multiply(X6,multiply(X7,multiply(multiply(inverse(X7),inverse(multiply(inverse(inverse(inverse(X0))),X6))),X4)))),X3))))) = inverse(inverse(multiply(X0,inverse(inverse(inverse(X2)))))) [forward demodulation 47247,41321]
47493. inverse(multiply(multiply(X1,multiply(multiply(inverse(X1),inverse(multiply(X2,X3))),inverse(X4))),multiply(X4,multiply(X2,X5)))) = multiply(X6,multiply(multiply(inverse(X6),inverse(multiply(multiply(X0,inverse(X3)),X5))),inverse(inverse(inverse(inverse(X0)))))) [forward demodulation 47176,676]
47496. inverse(multiply(X1,multiply(X2,multiply(multiply(inverse(X2),inverse(multiply(inverse(inverse(inverse(X0))),X1))),X3)))) = multiply(X4,multiply(multiply(inverse(X4),inverse(multiply(multiply(inverse(X5),X0),X3))),inverse(X5))) [forward demodulation 47173,676]
47565. multiply(X3,multiply(multiply(inverse(X3),inverse(inverse(inverse(inverse(X0))))),inverse(X2))) = inverse(inverse(multiply(X0,inverse(inverse(inverse(X2)))))) [forward demodulation 47424,645]
47628. inverse(multiply(multiply(X1,multiply(multiply(inverse(X1),inverse(multiply(X2,X3))),inverse(X4))),multiply(X4,multiply(X2,X5)))) = inverse(inverse(multiply(inverse(multiply(multiply(X0,inverse(X3)),X5)),inverse(inverse(inverse(inverse(inverse(inverse(X0))))))))) [forward demodulation 47493,36248]
47631. inverse(multiply(X0,inverse(inverse(X3)))) = inverse(multiply(X1,multiply(X2,multiply(multiply(inverse(X2),inverse(multiply(inverse(inverse(inverse(X0))),X1))),X3)))) [forward demodulation 47496,40580]
47680. inverse(inverse(multiply(X0,inverse(inverse(inverse(X2)))))) = inverse(inverse(multiply(inverse(inverse(inverse(inverse(X0)))),inverse(inverse(inverse(X2)))))) [forward demodulation 47565,36248]
47726. inverse(multiply(multiply(X1,multiply(multiply(inverse(X1),inverse(multiply(X2,X3))),inverse(X4))),multiply(X4,multiply(X2,X5)))) = inverse(inverse(multiply(inverse(multiply(multiply(X0,inverse(X3)),X5)),inverse(inverse(X0))))) [forward demodulation 47628,41414]
47728. multiply(inverse(X3),inverse(X0)) = inverse(multiply(X0,inverse(inverse(X3)))) [forward demodulation 47631,35938]
47765. inverse(inverse(multiply(X0,inverse(inverse(inverse(X2)))))) = multiply(inverse(inverse(X0)),inverse(inverse(inverse(inverse(inverse(X2)))))) [forward demodulation 47680,35725]
47793. inverse(multiply(multiply(X1,multiply(multiply(inverse(X1),inverse(multiply(X2,X3))),inverse(X4))),multiply(X4,multiply(X2,X5)))) = inverse(multiply(inverse(X3),inverse(inverse(X5)))) [forward demodulation 47726,41558]
47820. multiply(inverse(inverse(X0)),inverse(X2)) = inverse(inverse(multiply(X0,inverse(inverse(inverse(X2)))))) [forward demodulation 47765,41414]
47843. inverse(multiply(multiply(X1,multiply(multiply(inverse(X1),inverse(multiply(X2,X3))),inverse(X4))),multiply(X4,multiply(X2,X5)))) = multiply(inverse(X5),inverse(inverse(X3))) [forward demodulation 47793,47728]
47858. multiply(inverse(inverse(X0)),inverse(X2)) = inverse(multiply(inverse(inverse(X2)),inverse(X0))) [forward demodulation 47820,47728]
47876. multiply(multiply(inverse(X5),inverse(multiply(multiply(inverse(X1),inverse(multiply(X2,X3))),X2))),inverse(X1)) = multiply(inverse(X5),inverse(inverse(X3))) [forward demodulation 47843,676]
47900. multiply(inverse(X5),inverse(inverse(X3))) = inverse(multiply(inverse(inverse(multiply(inverse(multiply(X2,X3)),inverse(inverse(X2))))),inverse(inverse(X5)))) [forward demodulation 47876,41436]
47917. multiply(inverse(X5),inverse(inverse(X3))) = multiply(inverse(X5),inverse(inverse(inverse(multiply(inverse(multiply(X2,X3)),inverse(inverse(X2))))))) [forward demodulation 47900,47728]
47927. multiply(inverse(X5),inverse(inverse(X3))) = multiply(inverse(X5),inverse(inverse(multiply(inverse(X2),inverse(inverse(multiply(X2,X3))))))) [forward demodulation 47917,47728]
47934. multiply(inverse(X5),inverse(inverse(X3))) = multiply(inverse(X5),inverse(multiply(inverse(multiply(X2,X3)),inverse(inverse(X2))))) [forward demodulation 47927,47728]
47938. multiply(inverse(X5),X3) = multiply(inverse(X5),inverse(inverse(X3))) [forward demodulation 47934,36251]
48572. multiply(inverse(multiply(X1,multiply(X2,multiply(multiply(inverse(X2),inverse(multiply(X3,X1))),multiply(inverse(multiply(inverse(inverse(multiply(multiply(X4,multiply(multiply(inverse(X4),inverse(multiply(X5,X6))),inverse(X7))),multiply(X7,multiply(X5,X8))))),inverse(multiply(multiply(X3,inverse(multiply(X9,X0))),X9)))),inverse(X6)))))),inverse(X0)) = X8 [superposition 105,727]
48696. multiply(X0,inverse(multiply(multiply(X6,multiply(multiply(inverse(X6),inverse(multiply(X7,X5))),inverse(X8))),multiply(X8,multiply(X7,X0))))) = multiply(multiply(inverse(multiply(X1,multiply(X2,multiply(multiply(inverse(X2),inverse(multiply(X3,X1))),multiply(inverse(X4),inverse(X5)))))),inverse(multiply(X9,multiply(X4,X3)))),X9) [superposition 15726,105]
48937. multiply(X0,inverse(multiply(multiply(X6,multiply(multiply(inverse(X6),inverse(multiply(X7,X5))),inverse(X8))),multiply(X8,multiply(X7,X0))))) = multiply(inverse(multiply(X1,multiply(X2,multiply(multiply(inverse(X2),inverse(multiply(X3,X1))),multiply(inverse(X4),inverse(X5)))))),inverse(inverse(inverse(multiply(X4,X3))))) [forward demodulation 48696,47350]
49060. multiply(inverse(inverse(inverse(multiply(multiply(inverse(inverse(X1)),inverse(multiply(X3,X1))),multiply(inverse(multiply(inverse(inverse(multiply(multiply(X4,multiply(multiply(inverse(X4),inverse(multiply(X5,X6))),inverse(X7))),multiply(X7,multiply(X5,X8))))),inverse(multiply(multiply(X3,inverse(multiply(X9,X0))),X9)))),inverse(X6)))))),inverse(X0)) = X8 [forward demodulation 48572,35717]
49766. multiply(X0,inverse(multiply(multiply(X6,multiply(multiply(inverse(X6),inverse(multiply(X7,X5))),inverse(X8))),multiply(X8,multiply(X7,X0))))) = multiply(inverse(multiply(X1,multiply(X2,multiply(multiply(inverse(X2),inverse(multiply(X3,X1))),multiply(inverse(X4),inverse(X5)))))),inverse(multiply(X4,X3))) [forward demodulation 48937,47938]
49887. multiply(inverse(multiply(inverse(X3),inverse(inverse(multiply(inverse(multiply(inverse(inverse(multiply(multiply(X4,multiply(multiply(inverse(X4),inverse(multiply(X5,X6))),inverse(X7))),multiply(X7,multiply(X5,X8))))),inverse(multiply(multiply(X3,inverse(multiply(X9,X0))),X9)))),inverse(X6)))))),inverse(X0)) = X8 [forward demodulation 49060,36192]
50554. multiply(X0,inverse(multiply(multiply(X6,multiply(multiply(inverse(X6),inverse(multiply(X7,X5))),inverse(X8))),multiply(X8,multiply(X7,X0))))) = multiply(inverse(inverse(inverse(multiply(multiply(inverse(inverse(X1)),inverse(multiply(X3,X1))),multiply(inverse(X4),inverse(X5)))))),inverse(multiply(X4,X3))) [forward demodulation 49766,35717]
50672. multiply(multiply(inverse(multiply(inverse(multiply(inverse(inverse(multiply(multiply(X4,multiply(multiply(inverse(X4),inverse(multiply(X5,X6))),inverse(X7))),multiply(X7,multiply(X5,X8))))),inverse(multiply(multiply(X3,inverse(multiply(X9,X0))),X9)))),inverse(X6))),inverse(inverse(X3))),inverse(X0)) = X8 [forward demodulation 49887,47728]
51321. multiply(X0,inverse(multiply(multiply(X6,multiply(multiply(inverse(X6),inverse(multiply(X7,X5))),inverse(X8))),multiply(X8,multiply(X7,X0))))) = multiply(inverse(multiply(inverse(X3),inverse(inverse(multiply(inverse(X4),inverse(X5)))))),inverse(multiply(X4,X3))) [forward demodulation 50554,36192]
51437. multiply(multiply(inverse(multiply(inverse(multiply(inverse(inverse(multiply(multiply(X4,multiply(multiply(inverse(X4),inverse(multiply(X5,X6))),inverse(X7))),multiply(X7,multiply(X5,X8))))),inverse(multiply(multiply(X3,inverse(multiply(X9,X0))),X9)))),inverse(X6))),X3),inverse(X0)) = X8 [forward demodulation 50672,47938]
52083. multiply(X0,inverse(multiply(multiply(X6,multiply(multiply(inverse(X6),inverse(multiply(X7,X5))),inverse(X8))),multiply(X8,multiply(X7,X0))))) = multiply(multiply(inverse(multiply(inverse(X4),inverse(X5))),inverse(inverse(X3))),inverse(multiply(X4,X3))) [forward demodulation 51321,47728]
52199. multiply(multiply(inverse(multiply(multiply(inverse(inverse(multiply(multiply(X3,inverse(multiply(X9,X0))),X9))),inverse(multiply(multiply(X4,multiply(multiply(inverse(X4),inverse(multiply(X5,X6))),inverse(X7))),multiply(X7,multiply(X5,X8))))),inverse(X6))),X3),inverse(X0)) = X8 [forward demodulation 51437,47858]
52828. multiply(X0,inverse(multiply(multiply(X6,multiply(multiply(inverse(X6),inverse(multiply(X7,X5))),inverse(X8))),multiply(X8,multiply(X7,X0))))) = multiply(multiply(inverse(multiply(inverse(X4),inverse(X5))),X3),inverse(multiply(X4,X3))) [forward demodulation 52083,47938]
52942. multiply(multiply(inverse(multiply(multiply(inverse(inverse(multiply(multiply(X3,inverse(multiply(X9,X0))),X9))),multiply(multiply(inverse(X8),inverse(multiply(multiply(inverse(X4),inverse(multiply(X5,X6))),X5))),inverse(X4))),inverse(X6))),X3),inverse(X0)) = X8 [forward demodulation 52199,676]
53541. multiply(X0,inverse(multiply(multiply(X6,multiply(multiply(inverse(X6),inverse(multiply(X7,X5))),inverse(X8))),multiply(X8,multiply(X7,X0))))) = multiply(inverse(multiply(inverse(X4),inverse(X5))),inverse(X4)) [forward demodulation 52828,40593]
53651. multiply(multiply(inverse(multiply(multiply(inverse(inverse(multiply(multiply(X3,inverse(multiply(X9,X0))),X9))),inverse(multiply(inverse(X6),inverse(inverse(X8))))),inverse(X6))),X3),inverse(X0)) = X8 [forward demodulation 52942,39420]
54232. multiply(inverse(multiply(inverse(X4),inverse(X5))),inverse(X4)) = X5 [forward demodulation 53541,4]
54334. multiply(multiply(inverse(multiply(inverse(inverse(multiply(multiply(X3,inverse(multiply(X9,X0))),X9))),inverse(X8))),X3),inverse(X0)) = X8 [forward demodulation 53651,28008]
54973. multiply(multiply(multiply(inverse(inverse(X8)),inverse(multiply(multiply(X3,inverse(multiply(X9,X0))),X9))),X3),inverse(X0)) = X8 [forward demodulation 54334,47858]
55553. multiply(inverse(multiply(inverse(X0),inverse(inverse(inverse(X8))))),inverse(X0)) = X8 [forward demodulation 54973,40535]
56064. inverse(inverse(X8)) = X8 [forward demodulation 55553,54232]
59009. multiply(X1,inverse(X1)) = multiply(inverse(X0),X0) [superposition 19225,56064]
175352. multiply(inverse(a1),a1) != multiply(X0,inverse(X0)) [superposition 2,59009]
175462. $false [forward subsumption resolution 175352,59009]
% SZS output end Proof for GRP436-1
% ------------------------------
% Version: Vampire 5.0.0 (Release build, commit 2e2c9b7b8 on 2026-01-17 12:24:14 +0100)
% Linked with Z3 4.14.0.0 3c47fd96cf5645d0c42b2c819d9e9a84380aa721 z3-4.8.4-9178-g3c47fd96c
% CaDiCaL version: 2.1.3
% Termination reason: Refutation
% Time elapsed: 3.339 s
% Peak memory usage: 152 MB
% Instructions burned: 12396 (million)
% ------------------------------
% ------------------------------
