% Running in auto input_syntax mode. Trying TPTP
% Refutation found. Thanks to Tanya!
% SZS status Unsatisfiable for GRP080-1
% SZS output start Proof for GRP080-1
1. double_divide(double_divide(identity,double_divide(X0,double_divide(X1,identity))),double_divide(double_divide(X1,double_divide(X2,X0)),identity)) = X2 [input(axiom)]
2. multiply(X0,X1) = double_divide(double_divide(X1,X0),identity) [input(axiom)]
3. inverse(X0) = double_divide(X0,identity) [input(axiom)]
4. identity = double_divide(X0,inverse(X0)) [input(axiom)]
5. multiply(inverse(a1),a1) != identity | multiply(identity,a2) != a2 | multiply(multiply(a3,b3),c3) != multiply(a3,multiply(b3,c3)) [input(negated conjecture)]
6. identity != multiply(inverse(a1),a1) | a2 != multiply(identity,a2) | multiply(multiply(a3,b3),c3) != multiply(a3,multiply(b3,c3)) [reorient equations 5]
7. identity = double_divide(X0,double_divide(X0,identity)) [definition unfolding 4,3]
8. identity != double_divide(double_divide(a1,double_divide(a1,identity)),identity) | a2 != double_divide(double_divide(a2,identity),identity) | double_divide(double_divide(c3,double_divide(double_divide(b3,a3),identity)),identity) != double_divide(double_divide(double_divide(double_divide(c3,b3),identity),a3),identity) [definition unfolding 6,2,3,2,2,2,2,2]
10. 1 <=> double_divide(double_divide(c3,double_divide(double_divide(b3,a3),identity)),identity) = double_divide(double_divide(double_divide(double_divide(c3,b3),identity),a3),identity) [avatar definition]
12. double_divide(double_divide(c3,double_divide(double_divide(b3,a3),identity)),identity) != double_divide(double_divide(double_divide(double_divide(c3,b3),identity),a3),identity) <- (~1) [avatar component clause 10]
14. 2 <=> a2 = double_divide(double_divide(a2,identity),identity) [avatar definition]
16. a2 != double_divide(double_divide(a2,identity),identity) <- (~2) [avatar component clause 14]
18. 3 <=> identity = double_divide(double_divide(a1,double_divide(a1,identity)),identity) [avatar definition]
20. identity != double_divide(double_divide(a1,double_divide(a1,identity)),identity) <- (~3) [avatar component clause 18]
21. ~1 | ~2 | ~3 [avatar split clause 8,18,14,10]
22. double_divide(double_divide(identity,identity),double_divide(double_divide(X0,double_divide(X1,X0)),identity)) = X1 [superposition 1,7]
23. double_divide(double_divide(identity,X0),double_divide(double_divide(double_divide(X2,double_divide(X0,X1)),double_divide(X3,double_divide(identity,double_divide(X1,double_divide(X2,identity))))),identity)) = X3 [superposition 1,1]
24. double_divide(double_divide(identity,double_divide(double_divide(X0,identity),double_divide(X1,identity))),double_divide(double_divide(X1,identity),identity)) = X0 [superposition 1,7]
25. double_divide(identity,double_divide(X2,double_divide(X1,identity))) = double_divide(double_divide(identity,double_divide(double_divide(double_divide(X1,double_divide(X0,X2)),identity),double_divide(X3,identity))),double_divide(double_divide(X3,X0),identity)) [superposition 1,1]
26. double_divide(double_divide(identity,double_divide(identity,double_divide(X0,identity))),double_divide(identity,identity)) = X0 [superposition 1,7]
27. double_divide(X2,double_divide(X0,X1)) = double_divide(double_divide(identity,double_divide(identity,double_divide(double_divide(identity,double_divide(X1,double_divide(X2,identity))),identity))),double_divide(X0,identity)) [superposition 1,1]
29. identity = double_divide(identity,identity) [superposition 7,1]
30. double_divide(double_divide(identity,double_divide(identity,double_divide(X0,identity))),identity) = X0 [forward demodulation 26,29]
31. double_divide(identity,double_divide(double_divide(X0,double_divide(X1,X0)),identity)) = X1 [forward demodulation 22,29]
32. double_divide(double_divide(identity,double_divide(X0,identity)),double_divide(double_divide(identity,double_divide(X1,X0)),identity)) = X1 [superposition 1,29]
36. double_divide(identity,double_divide(identity,double_divide(X0,identity))) = double_divide(double_divide(identity,double_divide(identity,X0)),identity) [superposition 30,30]
38. identity = double_divide(double_divide(identity,double_divide(double_divide(X0,identity),double_divide(identity,identity))),X0) [superposition 1,30]
40. identity = double_divide(double_divide(identity,double_divide(identity,double_divide(X0,identity))),X0) [superposition 7,30]
42. identity = double_divide(double_divide(identity,double_divide(double_divide(X0,identity),identity)),X0) [forward demodulation 38,29]
46. double_divide(identity,double_divide(double_divide(double_divide(X0,identity),identity),identity)) = X0 [superposition 31,7]
50. double_divide(identity,double_divide(identity,double_divide(X0,identity))) = double_divide(identity,double_divide(double_divide(identity,X0),identity)) [superposition 31,30]
51. double_divide(identity,double_divide(X0,identity)) = double_divide(X1,double_divide(X0,X1)) [superposition 31,31]
53. double_divide(X1,double_divide(X0,X1)) = double_divide(double_divide(identity,X0),identity) [superposition 30,31]
73. double_divide(double_divide(identity,double_divide(X0,double_divide(double_divide(identity,double_divide(identity,double_divide(double_divide(X1,X0),identity))),identity))),double_divide(identity,identity)) = X1 [superposition 1,40]
75. double_divide(identity,double_divide(identity,double_divide(X0,identity))) = double_divide(double_divide(identity,double_divide(X0,double_divide(X1,identity))),double_divide(double_divide(X1,identity),identity)) [superposition 1,40]
76. double_divide(double_divide(identity,double_divide(X0,double_divide(double_divide(identity,double_divide(identity,double_divide(double_divide(X1,X0),identity))),identity))),identity) = X1 [forward demodulation 73,29]
82. double_divide(double_divide(identity,double_divide(X0,double_divide(X1,X0))),identity) = X1 [forward demodulation 76,30]
93. double_divide(double_divide(identity,double_divide(double_divide(X1,identity),X0)),double_divide(X0,identity)) = X1 [superposition 24,30]
98. double_divide(identity,double_divide(double_divide(X0,identity),double_divide(X1,identity))) = double_divide(double_divide(identity,double_divide(double_divide(double_divide(X1,identity),identity),double_divide(X2,identity))),double_divide(double_divide(X2,X0),identity)) [superposition 1,24]
166. double_divide(double_divide(X2,double_divide(X1,X3)),double_divide(X0,double_divide(identity,double_divide(X3,double_divide(X2,identity))))) = double_divide(double_divide(identity,double_divide(identity,double_divide(double_divide(identity,X1),identity))),double_divide(X0,identity)) [superposition 1,23]
171. double_divide(double_divide(X2,double_divide(X1,X3)),double_divide(X0,double_divide(identity,double_divide(X3,double_divide(X2,identity))))) = double_divide(double_divide(identity,double_divide(identity,double_divide(identity,double_divide(X1,identity)))),double_divide(X0,identity)) [forward demodulation 166,50]
208. double_divide(identity,double_divide(X0,identity)) = double_divide(double_divide(X0,identity),identity) [superposition 31,46]
236. double_divide(identity,double_divide(X0,X1)) = double_divide(double_divide(identity,double_divide(identity,double_divide(double_divide(identity,double_divide(X1,identity)),identity))),double_divide(X0,identity)) [superposition 27,29]
237. double_divide(double_divide(identity,double_divide(identity,double_divide(X0,identity))),double_divide(X1,X2)) = double_divide(double_divide(identity,double_divide(identity,double_divide(double_divide(identity,double_divide(X2,X0)),identity))),double_divide(X1,identity)) [superposition 27,30]
244. double_divide(X1,double_divide(X3,double_divide(identity,double_divide(identity,double_divide(double_divide(identity,double_divide(X2,double_divide(X0,identity))),identity))))) = double_divide(double_divide(identity,double_divide(identity,double_divide(double_divide(identity,double_divide(X0,double_divide(X1,X2))),identity))),double_divide(X3,identity)) [superposition 27,27]
249. double_divide(X0,double_divide(X1,identity)) = double_divide(double_divide(identity,double_divide(identity,X0)),double_divide(X1,identity)) [superposition 27,30]
251. double_divide(X0,double_divide(identity,X1)) = double_divide(double_divide(identity,double_divide(identity,double_divide(double_divide(identity,double_divide(X1,double_divide(X0,identity))),identity))),identity) [superposition 27,29]
282. double_divide(identity,double_divide(X1,double_divide(X0,identity))) = double_divide(X0,double_divide(identity,X1)) [forward demodulation 251,82]
287. double_divide(X1,double_divide(X3,double_divide(identity,double_divide(identity,double_divide(double_divide(identity,double_divide(X2,double_divide(X0,identity))),identity))))) = double_divide(double_divide(double_divide(identity,double_divide(X0,double_divide(X1,X2))),identity),double_divide(X3,identity)) [forward demodulation 244,249]
294. double_divide(double_divide(identity,double_divide(identity,double_divide(X0,identity))),double_divide(X1,X2)) = double_divide(double_divide(double_divide(identity,double_divide(X2,X0)),identity),double_divide(X1,identity)) [forward demodulation 237,249]
295. double_divide(identity,double_divide(X0,X1)) = double_divide(double_divide(double_divide(identity,double_divide(X1,identity)),identity),double_divide(X0,identity)) [forward demodulation 236,249]
305. double_divide(double_divide(double_divide(identity,double_divide(X0,double_divide(X1,X2))),identity),double_divide(X3,identity)) = double_divide(X1,double_divide(X3,double_divide(double_divide(identity,double_divide(X2,double_divide(X0,identity))),double_divide(identity,identity)))) [forward demodulation 287,282]
312. double_divide(double_divide(double_divide(identity,double_divide(X2,X0)),identity),double_divide(X1,identity)) = double_divide(double_divide(X0,double_divide(identity,identity)),double_divide(X1,X2)) [forward demodulation 294,282]
321. double_divide(double_divide(double_divide(identity,double_divide(X0,double_divide(X1,X2))),identity),double_divide(X3,identity)) = double_divide(X1,double_divide(X3,double_divide(double_divide(identity,double_divide(X2,double_divide(X0,identity))),identity))) [forward demodulation 305,29]
326. double_divide(double_divide(double_divide(identity,double_divide(X2,X0)),identity),double_divide(X1,identity)) = double_divide(double_divide(X0,identity),double_divide(X1,X2)) [forward demodulation 312,29]
331. double_divide(double_divide(double_divide(identity,double_divide(X0,double_divide(X1,X2))),identity),double_divide(X3,identity)) = double_divide(X1,double_divide(X3,double_divide(double_divide(X0,double_divide(identity,X2)),identity))) [forward demodulation 321,282]
335. double_divide(X1,double_divide(X3,double_divide(double_divide(X0,double_divide(identity,X2)),identity))) = double_divide(double_divide(double_divide(X1,X2),identity),double_divide(X3,X0)) [forward demodulation 331,326]
340. double_divide(identity,X0) = double_divide(X1,double_divide(double_divide(identity,double_divide(identity,double_divide(X0,identity))),X1)) [superposition 51,30]
351. double_divide(identity,double_divide(double_divide(identity,double_divide(identity,double_divide(double_divide(identity,double_divide(X2,double_divide(X0,identity))),identity))),identity)) = double_divide(double_divide(X1,identity),double_divide(X0,double_divide(X1,X2))) [superposition 51,27]
356. double_divide(X0,identity) = double_divide(identity,double_divide(double_divide(identity,double_divide(identity,double_divide(X0,identity))),identity)) [superposition 51,40]
360. double_divide(X0,double_divide(double_divide(X1,double_divide(X2,X1)),X0)) = X2 [superposition 31,51]
363. double_divide(X2,double_divide(X3,X1)) = double_divide(double_divide(identity,double_divide(X0,double_divide(double_divide(identity,double_divide(X1,double_divide(X2,identity))),X0))),double_divide(X3,identity)) [superposition 27,51]
365. identity = double_divide(X0,double_divide(identity,X0)) [superposition 7,51]
378. double_divide(X2,double_divide(X1,identity)) = double_divide(double_divide(identity,X0),double_divide(double_divide(double_divide(X1,double_divide(X0,X2)),double_divide(identity,double_divide(identity,identity))),identity)) [superposition 23,51]
385. double_divide(X2,double_divide(X1,identity)) = double_divide(double_divide(identity,X0),double_divide(double_divide(double_divide(X1,double_divide(X0,X2)),identity),identity)) [forward demodulation 378,7]
395. double_divide(X2,double_divide(X3,X1)) = double_divide(double_divide(identity,double_divide(X0,double_divide(double_divide(X2,double_divide(identity,X1)),X0))),double_divide(X3,identity)) [forward demodulation 363,282]
397. double_divide(X0,identity) = double_divide(identity,double_divide(identity,double_divide(double_divide(identity,double_divide(X0,identity)),identity))) [forward demodulation 356,50]
401. double_divide(double_divide(X1,identity),double_divide(X0,double_divide(X1,X2))) = double_divide(identity,double_divide(identity,double_divide(double_divide(identity,double_divide(double_divide(identity,double_divide(X2,double_divide(X0,identity))),identity)),identity))) [forward demodulation 351,50]
407. double_divide(identity,X0) = double_divide(X1,double_divide(double_divide(X0,double_divide(identity,identity)),X1)) [forward demodulation 340,282]
409. double_divide(X2,double_divide(X1,identity)) = double_divide(double_divide(identity,X0),double_divide(identity,double_divide(double_divide(X1,double_divide(X0,X2)),identity))) [forward demodulation 385,208]
419. double_divide(X0,identity) = double_divide(double_divide(identity,double_divide(X0,identity)),double_divide(identity,identity)) [forward demodulation 397,282]
421. double_divide(double_divide(X1,identity),double_divide(X0,double_divide(X1,X2))) = double_divide(double_divide(identity,double_divide(double_divide(identity,double_divide(X2,double_divide(X0,identity))),identity)),double_divide(identity,identity)) [forward demodulation 401,282]
426. double_divide(identity,X0) = double_divide(X1,double_divide(double_divide(X0,identity),X1)) [forward demodulation 407,29]
430. double_divide(X0,identity) = double_divide(double_divide(identity,double_divide(X0,identity)),identity) [forward demodulation 419,29]
431. double_divide(double_divide(X1,identity),double_divide(X0,double_divide(X1,X2))) = double_divide(double_divide(identity,double_divide(double_divide(identity,double_divide(X2,double_divide(X0,identity))),identity)),identity) [forward demodulation 421,29]
438. double_divide(double_divide(identity,double_divide(X2,double_divide(X0,identity))),identity) = double_divide(double_divide(X1,identity),double_divide(X0,double_divide(X1,X2))) [forward demodulation 431,430]
443. double_divide(double_divide(X1,identity),double_divide(X0,double_divide(X1,X2))) = double_divide(double_divide(X0,double_divide(identity,X2)),identity) [forward demodulation 438,282]
453. double_divide(identity,double_divide(double_divide(double_divide(X1,double_divide(X0,X1)),identity),double_divide(X2,identity))) = double_divide(double_divide(identity,double_divide(double_divide(double_divide(X2,X0),identity),double_divide(X3,identity))),double_divide(double_divide(X3,identity),identity)) [superposition 25,31]
454. double_divide(identity,double_divide(double_divide(double_divide(double_divide(X0,identity),identity),identity),double_divide(X1,identity))) = double_divide(double_divide(identity,double_divide(double_divide(double_divide(X1,X0),identity),double_divide(X2,identity))),double_divide(double_divide(X2,identity),identity)) [superposition 25,46]
455. double_divide(identity,double_divide(double_divide(X1,identity),double_divide(X2,identity))) = double_divide(double_divide(identity,double_divide(double_divide(double_divide(X2,double_divide(X0,double_divide(X1,X0))),identity),double_divide(X3,identity))),double_divide(double_divide(X3,identity),identity)) [superposition 25,51]
459. double_divide(identity,double_divide(X0,double_divide(X1,identity))) = double_divide(double_divide(identity,double_divide(double_divide(double_divide(X1,identity),identity),double_divide(X2,identity))),double_divide(double_divide(X2,double_divide(identity,double_divide(identity,double_divide(X0,identity)))),identity)) [superposition 25,40]
461. double_divide(identity,double_divide(identity,double_divide(X0,identity))) = double_divide(double_divide(identity,double_divide(double_divide(identity,identity),double_divide(X1,identity))),double_divide(double_divide(X1,X0),identity)) [superposition 25,7]
494. double_divide(identity,double_divide(X0,double_divide(X1,identity))) = double_divide(double_divide(identity,double_divide(double_divide(double_divide(X1,double_divide(X2,X0)),identity),double_divide(double_divide(identity,double_divide(double_divide(X2,identity),identity)),identity))),double_divide(identity,identity)) [superposition 25,42]
520. double_divide(identity,double_divide(X0,double_divide(X1,identity))) = double_divide(double_divide(identity,double_divide(double_divide(double_divide(X1,double_divide(X2,X0)),identity),double_divide(double_divide(identity,double_divide(double_divide(X2,identity),identity)),identity))),identity) [forward demodulation 494,29]
553. double_divide(identity,double_divide(identity,double_divide(X0,identity))) = double_divide(double_divide(X1,double_divide(identity,double_divide(identity,identity))),double_divide(double_divide(X1,X0),identity)) [forward demodulation 461,282]
555. double_divide(identity,double_divide(X0,double_divide(X1,identity))) = double_divide(identity,double_divide(double_divide(double_divide(identity,double_divide(identity,double_divide(X0,identity))),identity),double_divide(X1,identity))) [forward demodulation 459,98]
559. double_divide(identity,double_divide(double_divide(X1,identity),double_divide(X2,identity))) = double_divide(identity,double_divide(identity,double_divide(double_divide(double_divide(X2,double_divide(X0,double_divide(X1,X0))),identity),identity))) [forward demodulation 455,75]
560. double_divide(identity,double_divide(double_divide(double_divide(double_divide(X0,identity),identity),identity),double_divide(X1,identity))) = double_divide(identity,double_divide(identity,double_divide(double_divide(double_divide(X1,X0),identity),identity))) [forward demodulation 454,75]
561. double_divide(identity,double_divide(double_divide(double_divide(X1,double_divide(X0,X1)),identity),double_divide(X2,identity))) = double_divide(identity,double_divide(identity,double_divide(double_divide(double_divide(X2,X0),identity),identity))) [forward demodulation 453,75]
577. double_divide(identity,double_divide(X0,double_divide(X1,identity))) = double_divide(double_divide(double_divide(identity,double_divide(double_divide(X2,identity),identity)),double_divide(identity,double_divide(double_divide(X1,double_divide(X2,X0)),identity))),identity) [forward demodulation 520,282]
606. double_divide(identity,double_divide(identity,double_divide(X0,identity))) = double_divide(double_divide(X1,identity),double_divide(double_divide(X1,X0),identity)) [forward demodulation 553,7]
608. double_divide(identity,double_divide(X0,double_divide(X1,identity))) = double_divide(X1,double_divide(identity,double_divide(double_divide(identity,double_divide(identity,double_divide(X0,identity))),identity))) [forward demodulation 555,282]
612. double_divide(identity,double_divide(double_divide(X1,identity),double_divide(X2,identity))) = double_divide(double_divide(double_divide(X2,double_divide(X0,double_divide(X1,X0))),identity),double_divide(identity,identity)) [forward demodulation 559,282]
613. double_divide(identity,double_divide(double_divide(double_divide(double_divide(X0,identity),identity),identity),double_divide(X1,identity))) = double_divide(double_divide(double_divide(X1,X0),identity),double_divide(identity,identity)) [forward demodulation 560,282]
614. double_divide(identity,double_divide(double_divide(double_divide(X1,double_divide(X0,X1)),identity),double_divide(X2,identity))) = double_divide(double_divide(double_divide(X2,X0),identity),double_divide(identity,identity)) [forward demodulation 561,282]
627. double_divide(identity,double_divide(X0,double_divide(X1,identity))) = double_divide(double_divide(double_divide(identity,X2),double_divide(identity,double_divide(double_divide(X1,double_divide(X2,X0)),identity))),identity) [forward demodulation 577,426]
654. double_divide(X0,double_divide(identity,identity)) = double_divide(double_divide(X1,identity),double_divide(double_divide(X1,X0),identity)) [forward demodulation 606,282]
656. double_divide(identity,double_divide(X0,double_divide(X1,identity))) = double_divide(double_divide(double_divide(X1,double_divide(X0,identity)),identity),double_divide(identity,identity)) [forward demodulation 608,335]
660. double_divide(identity,double_divide(double_divide(X1,identity),double_divide(X2,identity))) = double_divide(double_divide(double_divide(X2,double_divide(X0,double_divide(X1,X0))),identity),identity) [forward demodulation 612,29]
661. double_divide(double_divide(double_divide(X1,X0),identity),identity) = double_divide(identity,double_divide(double_divide(double_divide(double_divide(X0,identity),identity),identity),double_divide(X1,identity))) [forward demodulation 613,29]
662. double_divide(identity,double_divide(double_divide(double_divide(X1,double_divide(X0,X1)),identity),double_divide(X2,identity))) = double_divide(double_divide(double_divide(X2,X0),identity),identity) [forward demodulation 614,29]
672. double_divide(identity,double_divide(X0,double_divide(X1,identity))) = double_divide(double_divide(X0,double_divide(X1,identity)),identity) [forward demodulation 627,409]
692. double_divide(X0,identity) = double_divide(double_divide(X1,identity),double_divide(double_divide(X1,X0),identity)) [forward demodulation 654,29]
693. double_divide(identity,double_divide(X0,double_divide(X1,identity))) = double_divide(double_divide(double_divide(X1,double_divide(X0,identity)),identity),identity) [forward demodulation 656,29]
695. double_divide(identity,double_divide(double_divide(X1,identity),double_divide(X2,identity))) = double_divide(identity,double_divide(double_divide(X2,double_divide(X0,double_divide(X1,X0))),identity)) [forward demodulation 660,208]
696. double_divide(X1,double_divide(identity,double_divide(double_divide(double_divide(X0,identity),identity),identity))) = double_divide(double_divide(double_divide(X1,X0),identity),identity) [forward demodulation 661,282]
697. double_divide(identity,double_divide(double_divide(double_divide(X1,double_divide(X0,X1)),identity),double_divide(X2,identity))) = double_divide(identity,double_divide(double_divide(X2,X0),identity)) [forward demodulation 662,208]
704. double_divide(double_divide(X0,double_divide(X1,identity)),identity) = double_divide(X1,double_divide(identity,X0)) [forward demodulation 672,282]
713. double_divide(identity,double_divide(X0,double_divide(X1,identity))) = double_divide(identity,double_divide(double_divide(X1,double_divide(X0,identity)),identity)) [forward demodulation 693,208]
715. double_divide(X2,double_divide(identity,double_divide(X1,identity))) = double_divide(identity,double_divide(double_divide(X2,double_divide(X0,double_divide(X1,X0))),identity)) [forward demodulation 695,282]
716. double_divide(identity,double_divide(double_divide(X1,X0),identity)) = double_divide(X1,double_divide(identity,double_divide(double_divide(double_divide(X0,identity),identity),identity))) [forward demodulation 696,208]
717. double_divide(X2,double_divide(identity,double_divide(double_divide(X1,double_divide(X0,X1)),identity))) = double_divide(identity,double_divide(double_divide(X2,X0),identity)) [forward demodulation 697,282]
724. double_divide(identity,double_divide(X0,double_divide(X1,identity))) = double_divide(identity,double_divide(X0,double_divide(identity,X1))) [forward demodulation 713,704]
726. double_divide(identity,double_divide(double_divide(X1,X0),identity)) = double_divide(X1,double_divide(identity,double_divide(X0,identity))) [forward demodulation 716,426]
727. double_divide(X2,X0) = double_divide(identity,double_divide(double_divide(X2,X0),identity)) [forward demodulation 717,360]
733. double_divide(X1,double_divide(identity,X0)) = double_divide(identity,double_divide(X0,double_divide(identity,X1))) [forward demodulation 724,282]
756. double_divide(double_divide(identity,identity),double_divide(double_divide(identity,double_divide(X0,identity)),identity)) = X0 [superposition 1,365]
759. double_divide(double_divide(identity,double_divide(double_divide(double_divide(X1,identity),identity),double_divide(X2,identity))),double_divide(double_divide(X2,X0),identity)) = double_divide(identity,double_divide(double_divide(identity,X0),double_divide(X1,identity))) [superposition 25,365]
762. double_divide(identity,double_divide(double_divide(double_divide(identity,X0),identity),identity)) = X0 [superposition 31,365]
763. double_divide(double_divide(identity,double_divide(double_divide(identity,X0),double_divide(X1,identity))),double_divide(double_divide(X1,identity),identity)) = X0 [superposition 1,365]
767. double_divide(identity,double_divide(double_divide(double_divide(X0,double_divide(double_divide(identity,identity),X1)),double_divide(X2,double_divide(identity,double_divide(X1,double_divide(X0,identity))))),identity)) = X2 [superposition 23,365]
770. double_divide(double_divide(X0,double_divide(double_divide(identity,identity),X1)),double_divide(X2,double_divide(identity,double_divide(X1,double_divide(X0,identity))))) = X2 [forward demodulation 767,727]
773. double_divide(identity,double_divide(identity,double_divide(double_divide(identity,X0),identity))) = X0 [forward demodulation 763,75]
774. double_divide(identity,double_divide(identity,X0)) = X0 [forward demodulation 762,426]
776. double_divide(double_divide(identity,double_divide(double_divide(double_divide(X1,identity),identity),double_divide(X2,identity))),double_divide(double_divide(X2,X0),identity)) = double_divide(X1,double_divide(identity,double_divide(identity,X0))) [forward demodulation 759,282]
779. double_divide(double_divide(X0,identity),identity) = X0 [forward demodulation 756,692]
788. double_divide(double_divide(identity,double_divide(identity,double_divide(identity,double_divide(double_divide(identity,identity),identity)))),double_divide(X2,identity)) = X2 [forward demodulation 770,171]
789. double_divide(double_divide(identity,X0),double_divide(identity,identity)) = X0 [forward demodulation 773,282]
791. double_divide(X1,X0) = double_divide(double_divide(identity,double_divide(double_divide(double_divide(X1,identity),identity),double_divide(X2,identity))),double_divide(double_divide(X2,X0),identity)) [forward demodulation 776,774]
796. double_divide(double_divide(identity,double_divide(double_divide(identity,identity),identity)),double_divide(X2,identity)) = X2 [forward demodulation 788,249]
797. double_divide(double_divide(identity,X0),identity) = X0 [forward demodulation 789,29]
799. double_divide(X1,X0) = double_divide(double_divide(X2,double_divide(identity,double_divide(double_divide(X1,identity),identity))),double_divide(double_divide(X2,X0),identity)) [forward demodulation 791,282]
804. double_divide(double_divide(identity,identity),double_divide(X2,identity)) = X2 [forward demodulation 796,426]
806. double_divide(X1,X0) = double_divide(double_divide(X2,double_divide(identity,X1)),double_divide(double_divide(X2,X0),identity)) [forward demodulation 799,426]
809. double_divide(identity,double_divide(X2,identity)) = X2 [forward demodulation 804,29]
820. double_divide(double_divide(X1,identity),double_divide(X0,double_divide(X1,X2))) = double_divide(double_divide(identity,double_divide(identity,double_divide(identity,double_divide(double_divide(identity,double_divide(X2,double_divide(X0,identity))),identity)))),identity) [superposition 53,27]
843. double_divide(identity,double_divide(X1,double_divide(X1,identity))) = double_divide(double_divide(identity,double_divide(double_divide(double_divide(double_divide(identity,X0),identity),identity),double_divide(X2,identity))),double_divide(double_divide(X2,X0),identity)) [superposition 25,53]
849. double_divide(identity,double_divide(double_divide(X0,X1),double_divide(X2,identity))) = double_divide(double_divide(identity,double_divide(double_divide(double_divide(X2,double_divide(double_divide(identity,X0),identity)),identity),double_divide(X3,identity))),double_divide(double_divide(X3,X1),identity)) [superposition 25,53]
852. double_divide(identity,double_divide(X1,identity)) = double_divide(double_divide(X0,X1),double_divide(double_divide(identity,X0),identity)) [superposition 51,53]
876. double_divide(identity,X1) = double_divide(identity,double_divide(double_divide(double_divide(X0,double_divide(X1,X0)),identity),identity)) [superposition 46,53]
882. double_divide(identity,X1) = double_divide(identity,double_divide(double_divide(identity,double_divide(X0,double_divide(X1,X0))),identity)) [superposition 31,53]
883. double_divide(identity,double_divide(identity,double_divide(X1,identity))) = double_divide(identity,X1) [forward demodulation 882,715]
888. double_divide(identity,X1) = double_divide(identity,double_divide(X0,double_divide(X1,X0))) [forward demodulation 876,426]
904. double_divide(identity,double_divide(X1,identity)) = double_divide(double_divide(X0,X1),X0) [forward demodulation 852,797]
907. double_divide(identity,double_divide(double_divide(X0,X1),double_divide(X2,identity))) = double_divide(double_divide(X3,double_divide(identity,double_divide(double_divide(X2,double_divide(double_divide(identity,X0),identity)),identity))),double_divide(double_divide(X3,X1),identity)) [forward demodulation 849,282]
913. double_divide(identity,double_divide(X1,double_divide(X1,identity))) = double_divide(identity,double_divide(double_divide(X0,identity),double_divide(double_divide(identity,X0),identity))) [forward demodulation 843,98]
926. double_divide(double_divide(X1,identity),double_divide(X0,double_divide(X1,X2))) = double_divide(identity,double_divide(identity,double_divide(double_divide(identity,double_divide(double_divide(identity,double_divide(X2,double_divide(X0,identity))),identity)),identity))) [forward demodulation 820,36]
932. double_divide(identity,X1) = double_divide(X1,double_divide(identity,identity)) [forward demodulation 883,282]
945. double_divide(double_divide(X0,X1),X0) = X1 [forward demodulation 904,809]
948. double_divide(identity,double_divide(double_divide(X0,X1),double_divide(X2,identity))) = double_divide(double_divide(double_divide(X2,double_divide(double_divide(identity,X0),identity)),identity),X1) [forward demodulation 907,806]
954. double_divide(identity,double_divide(X1,double_divide(X1,identity))) = double_divide(double_divide(identity,X0),double_divide(identity,double_divide(X0,identity))) [forward demodulation 913,282]
959. double_divide(double_divide(X1,identity),double_divide(X0,double_divide(X1,X2))) = double_divide(double_divide(identity,double_divide(double_divide(identity,double_divide(X2,double_divide(X0,identity))),identity)),double_divide(identity,identity)) [forward demodulation 926,282]
964. double_divide(X1,identity) = double_divide(identity,X1) [forward demodulation 932,29]
975. double_divide(identity,double_divide(double_divide(X0,X1),double_divide(X2,identity))) = double_divide(double_divide(double_divide(identity,X0),double_divide(identity,X2)),X1) [forward demodulation 948,704]
979. double_divide(identity,double_divide(X1,double_divide(X1,identity))) = double_divide(identity,double_divide(double_divide(double_divide(identity,X0),X0),identity)) [forward demodulation 954,726]
982. double_divide(double_divide(X1,identity),double_divide(X0,double_divide(X1,X2))) = double_divide(double_divide(identity,double_divide(double_divide(identity,double_divide(X2,double_divide(X0,identity))),identity)),identity) [forward demodulation 959,29]
992. double_divide(X2,double_divide(identity,double_divide(X0,X1))) = double_divide(double_divide(double_divide(identity,X0),double_divide(identity,X2)),X1) [forward demodulation 975,282]
995. double_divide(identity,double_divide(X1,double_divide(X1,identity))) = double_divide(double_divide(identity,X0),X0) [forward demodulation 979,727]
996. double_divide(identity,double_divide(identity,double_divide(double_divide(identity,double_divide(X2,double_divide(X0,identity))),identity))) = double_divide(double_divide(X1,identity),double_divide(X0,double_divide(X1,X2))) [forward demodulation 982,964]
1005. double_divide(X1,double_divide(identity,X1)) = double_divide(double_divide(identity,X0),X0) [forward demodulation 995,282]
1006. double_divide(identity,double_divide(identity,double_divide(double_divide(identity,double_divide(X2,double_divide(X0,identity))),identity))) = double_divide(double_divide(X0,double_divide(identity,X2)),identity) [forward demodulation 996,443]
1013. identity = double_divide(double_divide(identity,X0),X0) [forward demodulation 1005,365]
1014. double_divide(identity,double_divide(identity,double_divide(double_divide(identity,double_divide(X2,double_divide(X0,identity))),identity))) = double_divide(identity,double_divide(X0,double_divide(identity,X2))) [forward demodulation 1006,964]
1018. double_divide(X2,double_divide(identity,X0)) = double_divide(identity,double_divide(identity,double_divide(double_divide(identity,double_divide(X2,double_divide(X0,identity))),identity))) [forward demodulation 1014,733]
1022. double_divide(X2,double_divide(identity,X0)) = double_divide(double_divide(identity,double_divide(X2,double_divide(X0,identity))),double_divide(identity,identity)) [forward demodulation 1018,282]
1025. double_divide(X2,double_divide(identity,X0)) = double_divide(double_divide(identity,double_divide(X2,double_divide(X0,identity))),identity) [forward demodulation 1022,29]
1026. double_divide(X2,double_divide(identity,X0)) = double_divide(identity,double_divide(identity,double_divide(X2,double_divide(X0,identity)))) [forward demodulation 1025,964]
1027. double_divide(X2,double_divide(X0,identity)) = double_divide(X2,double_divide(identity,X0)) [forward demodulation 1026,774]
1029. double_divide(double_divide(X2,double_divide(X0,X1)),identity) = double_divide(X0,double_divide(identity,double_divide(X1,double_divide(X2,identity)))) [superposition 945,1]
1052. double_divide(X1,double_divide(X2,X0)) = double_divide(double_divide(identity,double_divide(identity,double_divide(X0,double_divide(X1,identity)))),double_divide(X2,identity)) [superposition 27,945]
1053. double_divide(X1,double_divide(X0,X1)) = X0 [superposition 53,945]
1060. double_divide(identity,double_divide(X1,double_divide(X2,identity))) = double_divide(double_divide(identity,double_divide(double_divide(double_divide(X2,double_divide(X0,X1)),identity),double_divide(identity,identity))),X0) [superposition 25,945]
1068. double_divide(double_divide(identity,double_divide(identity,double_divide(double_divide(identity,double_divide(X2,double_divide(X1,identity))),identity))),X0) = double_divide(X1,double_divide(double_divide(identity,X0),X2)) [superposition 27,945]
1101. double_divide(X1,double_divide(double_divide(identity,X0),X2)) = double_divide(double_divide(double_divide(identity,double_divide(X2,double_divide(X1,identity))),double_divide(identity,identity)),X0) [forward demodulation 1068,282]
1107. double_divide(identity,double_divide(X1,double_divide(X2,identity))) = double_divide(double_divide(identity,double_divide(identity,double_divide(double_divide(X2,double_divide(X0,X1)),identity))),X0) [forward demodulation 1060,282]
1111. double_divide(X1,double_divide(X2,X0)) = double_divide(double_divide(X0,double_divide(X1,identity)),double_divide(X2,identity)) [forward demodulation 1052,249]
1121. double_divide(double_divide(X2,double_divide(X0,X1)),identity) = double_divide(X0,double_divide(X2,double_divide(identity,X1))) [forward demodulation 1029,282]
1131. double_divide(X1,double_divide(double_divide(identity,X0),X2)) = double_divide(identity,double_divide(identity,double_divide(double_divide(X2,double_divide(X1,identity)),X0))) [forward demodulation 1101,992]
1135. double_divide(identity,double_divide(X1,double_divide(X2,identity))) = double_divide(double_divide(double_divide(X2,double_divide(X0,X1)),double_divide(identity,identity)),X0) [forward demodulation 1107,282]
1144. double_divide(X0,double_divide(X2,double_divide(identity,X1))) = double_divide(identity,double_divide(X2,double_divide(X0,X1))) [forward demodulation 1121,964]
1150. double_divide(X1,double_divide(double_divide(identity,X0),X2)) = double_divide(double_divide(X2,double_divide(X1,identity)),X0) [forward demodulation 1131,774]
1154. double_divide(identity,double_divide(X1,double_divide(X2,identity))) = double_divide(double_divide(double_divide(X2,double_divide(X0,X1)),identity),X0) [forward demodulation 1135,29]
1165. double_divide(identity,double_divide(X1,double_divide(X2,identity))) = double_divide(double_divide(identity,double_divide(X2,double_divide(X0,X1))),X0) [forward demodulation 1154,964]
1171. double_divide(X2,double_divide(identity,X1)) = double_divide(double_divide(identity,double_divide(X2,double_divide(X0,X1))),X0) [forward demodulation 1165,282]
1515. double_divide(identity,double_divide(identity,double_divide(double_divide(identity,double_divide(double_divide(X0,identity),X1)),identity))) = double_divide(double_divide(identity,double_divide(double_divide(X0,identity),double_divide(X2,identity))),double_divide(double_divide(X2,X1),identity)) [superposition 25,93]
1523. double_divide(double_divide(X1,identity),X0) = double_divide(identity,double_divide(double_divide(identity,double_divide(double_divide(X0,identity),X1)),identity)) [superposition 51,93]
1529. double_divide(double_divide(X1,identity),X0) = double_divide(identity,double_divide(double_divide(X0,identity),X1)) [forward demodulation 1523,1053]
1537. double_divide(identity,double_divide(identity,double_divide(double_divide(identity,double_divide(double_divide(X0,identity),X1)),identity))) = double_divide(double_divide(identity,double_divide(double_divide(X0,identity),double_divide(X2,identity))),double_divide(identity,double_divide(X2,X1))) [forward demodulation 1515,1027]
1568. double_divide(identity,double_divide(identity,double_divide(double_divide(identity,double_divide(double_divide(X0,identity),X1)),identity))) = double_divide(double_divide(double_divide(double_divide(X2,identity),identity),X0),double_divide(identity,double_divide(X2,X1))) [forward demodulation 1537,1529]
1588. double_divide(identity,double_divide(identity,double_divide(double_divide(identity,double_divide(double_divide(X0,identity),X1)),identity))) = double_divide(double_divide(double_divide(identity,double_divide(X2,identity)),X0),double_divide(identity,double_divide(X2,X1))) [forward demodulation 1568,964]
1604. double_divide(identity,double_divide(identity,double_divide(double_divide(identity,double_divide(double_divide(X0,identity),X1)),identity))) = double_divide(double_divide(X2,double_divide(double_divide(identity,X0),identity)),double_divide(identity,double_divide(X2,X1))) [forward demodulation 1588,1150]
1619. double_divide(identity,double_divide(identity,double_divide(double_divide(identity,double_divide(double_divide(X0,identity),X1)),identity))) = double_divide(double_divide(identity,X0),double_divide(double_divide(identity,double_divide(identity,double_divide(X2,X1))),X2)) [forward demodulation 1604,1150]
1627. double_divide(identity,double_divide(identity,double_divide(double_divide(identity,double_divide(double_divide(X0,identity),X1)),identity))) = double_divide(double_divide(identity,X0),double_divide(identity,double_divide(identity,X1))) [forward demodulation 1619,1171]
1632. double_divide(identity,double_divide(identity,double_divide(double_divide(identity,double_divide(double_divide(X0,identity),X1)),identity))) = double_divide(identity,double_divide(identity,double_divide(double_divide(identity,X0),X1))) [forward demodulation 1627,1144]
1636. double_divide(double_divide(identity,X0),X1) = double_divide(identity,double_divide(identity,double_divide(double_divide(identity,double_divide(double_divide(X0,identity),X1)),identity))) [forward demodulation 1632,774]
1638. double_divide(double_divide(identity,X0),X1) = double_divide(double_divide(identity,double_divide(double_divide(X0,identity),X1)),double_divide(identity,identity)) [forward demodulation 1636,282]
1639. double_divide(double_divide(identity,X0),X1) = double_divide(double_divide(identity,double_divide(double_divide(X0,identity),X1)),identity) [forward demodulation 1638,29]
1640. double_divide(double_divide(identity,X0),X1) = double_divide(identity,double_divide(identity,double_divide(double_divide(X0,identity),X1))) [forward demodulation 1639,964]
1641. double_divide(double_divide(X0,identity),X1) = double_divide(double_divide(identity,X0),X1) [forward demodulation 1640,774]
1643. double_divide(identity,double_divide(X1,X0)) = double_divide(double_divide(identity,double_divide(identity,double_divide(X0,identity))),double_divide(identity,X1)) [superposition 282,30]
1648. double_divide(identity,double_divide(X1,X0)) = double_divide(double_divide(identity,X0),double_divide(identity,X1)) [superposition 282,945]
1727. double_divide(identity,double_divide(X1,X0)) = double_divide(identity,double_divide(X1,double_divide(identity,double_divide(X0,identity)))) [forward demodulation 1643,1648]
1757. double_divide(identity,double_divide(X1,X0)) = double_divide(double_divide(X0,identity),double_divide(identity,X1)) [forward demodulation 1727,733]
1873. double_divide(identity,double_divide(X0,double_divide(X1,identity))) = double_divide(double_divide(identity,double_divide(double_divide(double_divide(X1,identity),identity),double_divide(X2,identity))),double_divide(double_divide(X2,double_divide(identity,X0)),identity)) [superposition 25,1013]
1883. double_divide(identity,double_divide(X0,double_divide(X1,identity))) = double_divide(double_divide(identity,double_divide(double_divide(double_divide(X1,identity),identity),double_divide(X2,identity))),double_divide(identity,double_divide(X2,double_divide(identity,X0)))) [forward demodulation 1873,1027]
1907. double_divide(identity,double_divide(X0,double_divide(X1,identity))) = double_divide(identity,double_divide(double_divide(X2,double_divide(identity,X0)),double_divide(double_divide(double_divide(X1,identity),identity),double_divide(X2,identity)))) [forward demodulation 1883,1648]
1925. double_divide(identity,double_divide(X0,double_divide(X1,identity))) = double_divide(identity,double_divide(double_divide(X2,double_divide(identity,X0)),double_divide(double_divide(identity,double_divide(X1,identity)),double_divide(X2,identity)))) [forward demodulation 1907,1641]
1938. double_divide(identity,double_divide(X0,double_divide(X1,identity))) = double_divide(identity,double_divide(double_divide(X2,double_divide(identity,X0)),double_divide(X1,double_divide(X2,identity)))) [forward demodulation 1925,1111]
1949. double_divide(X1,double_divide(identity,X0)) = double_divide(identity,double_divide(double_divide(X2,double_divide(identity,X0)),double_divide(X1,double_divide(X2,identity)))) [forward demodulation 1938,282]
2026. double_divide(identity,double_divide(double_divide(double_divide(X1,X0),identity),double_divide(X2,identity))) = double_divide(double_divide(identity,double_divide(double_divide(double_divide(X2,double_divide(X0,identity)),identity),double_divide(X3,identity))),double_divide(double_divide(X3,double_divide(X1,identity)),identity)) [superposition 25,692]
2032. double_divide(double_divide(X1,X0),identity) = double_divide(double_divide(X0,identity),double_divide(X1,identity)) [superposition 945,692]
2033. double_divide(double_divide(X0,identity),double_divide(X1,identity)) = double_divide(identity,double_divide(X1,X0)) [forward demodulation 2032,964]
2038. double_divide(identity,double_divide(double_divide(double_divide(X1,X0),identity),double_divide(X2,identity))) = double_divide(double_divide(identity,double_divide(double_divide(double_divide(X2,double_divide(X0,identity)),identity),double_divide(X3,identity))),double_divide(identity,double_divide(X3,double_divide(X1,identity)))) [forward demodulation 2026,1027]
2093. double_divide(identity,double_divide(double_divide(double_divide(X1,X0),identity),double_divide(X2,identity))) = double_divide(identity,double_divide(double_divide(X3,double_divide(X1,identity)),double_divide(double_divide(double_divide(X2,double_divide(X0,identity)),identity),double_divide(X3,identity)))) [forward demodulation 2038,1648]
2133. double_divide(identity,double_divide(double_divide(double_divide(X1,X0),identity),double_divide(X2,identity))) = double_divide(identity,double_divide(X1,double_divide(double_divide(identity,double_divide(double_divide(double_divide(X2,double_divide(X0,identity)),identity),double_divide(X3,identity))),X3))) [forward demodulation 2093,1150]
2163. double_divide(identity,double_divide(double_divide(double_divide(X1,X0),identity),double_divide(X2,identity))) = double_divide(identity,double_divide(X1,double_divide(double_divide(double_divide(X2,double_divide(X0,identity)),identity),double_divide(identity,identity)))) [forward demodulation 2133,1171]
2184. double_divide(identity,double_divide(double_divide(double_divide(X1,X0),identity),double_divide(X2,identity))) = double_divide(identity,double_divide(X1,double_divide(identity,double_divide(identity,double_divide(X2,double_divide(X0,identity)))))) [forward demodulation 2163,2033]
2198. double_divide(identity,double_divide(double_divide(double_divide(X1,X0),identity),double_divide(X2,identity))) = double_divide(double_divide(identity,double_divide(X2,double_divide(X0,identity))),double_divide(identity,X1)) [forward demodulation 2184,733]
2210. double_divide(identity,double_divide(double_divide(double_divide(X1,X0),identity),double_divide(X2,identity))) = double_divide(identity,double_divide(X1,double_divide(X2,double_divide(X0,identity)))) [forward demodulation 2198,1648]
2219. double_divide(identity,double_divide(X1,double_divide(X2,double_divide(X0,identity)))) = double_divide(double_divide(double_divide(X2,identity),identity),double_divide(X1,X0)) [forward demodulation 2210,1529]
2226. double_divide(identity,double_divide(X1,double_divide(X2,double_divide(X0,identity)))) = double_divide(double_divide(identity,double_divide(X2,identity)),double_divide(X1,X0)) [forward demodulation 2219,1641]
2230. double_divide(identity,double_divide(X1,double_divide(X2,double_divide(X0,identity)))) = double_divide(X2,double_divide(double_divide(identity,double_divide(X1,X0)),identity)) [forward demodulation 2226,1150]
2233. double_divide(identity,double_divide(X1,double_divide(X2,double_divide(X0,identity)))) = double_divide(X2,double_divide(identity,double_divide(identity,double_divide(X1,X0)))) [forward demodulation 2230,1027]
2234. double_divide(X2,double_divide(X1,X0)) = double_divide(identity,double_divide(X1,double_divide(X2,double_divide(X0,identity)))) [forward demodulation 2233,774]
2407. double_divide(identity,double_divide(double_divide(double_divide(identity,double_divide(X0,X1)),identity),double_divide(X2,identity))) = double_divide(double_divide(identity,double_divide(double_divide(double_divide(X2,X0),identity),double_divide(X3,identity))),double_divide(double_divide(X3,double_divide(identity,double_divide(X1,identity))),identity)) [superposition 25,32]
2421. double_divide(identity,double_divide(double_divide(double_divide(identity,double_divide(X0,X1)),identity),double_divide(X2,identity))) = double_divide(double_divide(identity,double_divide(double_divide(double_divide(X2,X0),identity),double_divide(X3,identity))),double_divide(identity,double_divide(X3,double_divide(identity,double_divide(X1,identity))))) [forward demodulation 2407,1027]
2477. double_divide(identity,double_divide(double_divide(double_divide(identity,double_divide(X0,X1)),identity),double_divide(X2,identity))) = double_divide(identity,double_divide(double_divide(X3,double_divide(identity,double_divide(X1,identity))),double_divide(double_divide(double_divide(X2,X0),identity),double_divide(X3,identity)))) [forward demodulation 2421,1648]
2526. double_divide(identity,double_divide(double_divide(double_divide(identity,double_divide(X0,X1)),identity),double_divide(X2,identity))) = double_divide(double_divide(double_divide(X2,X0),identity),double_divide(identity,double_divide(X1,identity))) [forward demodulation 2477,1949]
2571. double_divide(identity,double_divide(double_divide(double_divide(identity,double_divide(X0,X1)),identity),double_divide(X2,identity))) = double_divide(identity,double_divide(double_divide(double_divide(double_divide(X2,X0),identity),X1),identity)) [forward demodulation 2526,726]
2606. double_divide(identity,double_divide(double_divide(double_divide(identity,double_divide(X0,X1)),identity),double_divide(X2,identity))) = double_divide(double_divide(double_divide(X2,X0),identity),X1) [forward demodulation 2571,1053]
2634. double_divide(identity,double_divide(double_divide(double_divide(identity,double_divide(X0,X1)),identity),double_divide(X2,identity))) = double_divide(double_divide(identity,double_divide(X2,X0)),X1) [forward demodulation 2606,1641]
2654. double_divide(double_divide(identity,double_divide(X2,X0)),X1) = double_divide(double_divide(double_divide(X2,identity),identity),double_divide(identity,double_divide(X0,X1))) [forward demodulation 2634,1529]
2671. double_divide(identity,double_divide(double_divide(X0,X1),double_divide(X2,identity))) = double_divide(double_divide(identity,double_divide(X2,X0)),X1) [forward demodulation 2654,1757]
2680. double_divide(X2,double_divide(identity,double_divide(X0,X1))) = double_divide(double_divide(identity,double_divide(X2,X0)),X1) [forward demodulation 2671,282]
3026. double_divide(double_divide(identity,double_divide(identity,double_divide(double_divide(identity,double_divide(X2,X0)),identity))),double_divide(X1,identity)) = double_divide(double_divide(identity,X0),double_divide(X1,X2)) [superposition 27,797]
3058. double_divide(double_divide(identity,X0),double_divide(X1,X2)) = double_divide(identity,double_divide(identity,double_divide(double_divide(double_divide(identity,double_divide(X2,X0)),identity),double_divide(X1,identity)))) [forward demodulation 3026,2680]
3079. double_divide(double_divide(identity,X0),double_divide(X1,X2)) = double_divide(double_divide(double_divide(identity,double_divide(X2,X0)),identity),double_divide(identity,X1)) [forward demodulation 3058,2234]
3092. double_divide(double_divide(identity,X0),double_divide(X1,X2)) = double_divide(identity,double_divide(X1,double_divide(identity,double_divide(X2,X0)))) [forward demodulation 3079,1757]
3103. double_divide(double_divide(identity,X0),double_divide(X1,X2)) = double_divide(double_divide(X2,X0),double_divide(identity,X1)) [forward demodulation 3092,733]
10935. double_divide(identity,double_divide(double_divide(identity,X0),X1)) = double_divide(double_divide(double_divide(identity,double_divide(X1,identity)),identity),X0) [superposition 295,945]
10952. double_divide(X0,double_divide(X2,double_divide(double_divide(identity,double_divide(X1,identity)),identity))) = double_divide(double_divide(identity,double_divide(identity,double_divide(double_divide(identity,double_divide(identity,double_divide(X0,X1))),identity))),double_divide(X2,identity)) [superposition 27,295]
11009. double_divide(identity,double_divide(X2,double_divide(X0,X1))) = double_divide(X0,double_divide(X2,double_divide(double_divide(identity,double_divide(X1,identity)),identity))) [forward demodulation 10952,395]
11026. double_divide(identity,double_divide(double_divide(identity,X0),X1)) = double_divide(double_divide(identity,double_divide(identity,double_divide(X1,identity))),X0) [forward demodulation 10935,1641]
11088. double_divide(identity,double_divide(X2,double_divide(X0,X1))) = double_divide(X0,double_divide(X2,double_divide(identity,double_divide(identity,double_divide(X1,identity))))) [forward demodulation 11009,1027]
11103. double_divide(identity,double_divide(double_divide(identity,X0),X1)) = double_divide(identity,double_divide(identity,double_divide(double_divide(X1,identity),X0))) [forward demodulation 11026,2680]
11155. double_divide(identity,double_divide(X2,double_divide(X0,X1))) = double_divide(X0,double_divide(X2,double_divide(X1,double_divide(identity,identity)))) [forward demodulation 11088,282]
11167. double_divide(double_divide(X1,identity),X0) = double_divide(identity,double_divide(double_divide(identity,X0),X1)) [forward demodulation 11103,774]
11212. double_divide(identity,double_divide(X2,double_divide(X0,X1))) = double_divide(X0,double_divide(X2,double_divide(X1,identity))) [forward demodulation 11155,29]
33692. double_divide(double_divide(c3,double_divide(double_divide(b3,a3),identity)),identity) != double_divide(double_divide(double_divide(identity,double_divide(c3,b3)),a3),identity) <- (~1) [superposition 12,1641]
34224. double_divide(double_divide(c3,double_divide(double_divide(b3,a3),identity)),identity) != double_divide(identity,double_divide(double_divide(identity,double_divide(c3,b3)),a3)) <- (~1) [forward demodulation 33692,964]
34517. double_divide(double_divide(c3,double_divide(double_divide(b3,a3),identity)),identity) != double_divide(double_divide(a3,identity),double_divide(c3,b3)) <- (~1) [forward demodulation 34224,11167]
34744. double_divide(double_divide(c3,double_divide(double_divide(b3,a3),identity)),identity) != double_divide(double_divide(identity,a3),double_divide(c3,b3)) <- (~1) [forward demodulation 34517,1641]
34919. double_divide(identity,double_divide(c3,double_divide(double_divide(b3,a3),identity))) != double_divide(double_divide(identity,a3),double_divide(c3,b3)) <- (~1) [forward demodulation 34744,964]
35056. double_divide(double_divide(identity,a3),double_divide(c3,b3)) != double_divide(identity,double_divide(c3,double_divide(identity,double_divide(b3,a3)))) <- (~1) [forward demodulation 34919,11212]
35156. double_divide(double_divide(b3,a3),double_divide(identity,c3)) != double_divide(double_divide(identity,a3),double_divide(c3,b3)) <- (~1) [forward demodulation 35056,733]
35233. $false <- (~1) [forward subsumption resolution 35156,3103]
35234. 1 [avatar contradiction clause 35233]
35400. $false <- (~2) [forward subsumption resolution 16,779]
35401. 2 [avatar contradiction clause 35400]
35408. identity != double_divide(identity,double_divide(a1,double_divide(a1,identity))) <- (~3) [forward demodulation 20,964]
35409. identity != double_divide(identity,double_divide(a1,double_divide(identity,a1))) <- (~3) [forward demodulation 35408,11212]
35410. identity != double_divide(identity,identity) <- (~3) [forward demodulation 35409,888]
35411. $false <- (~3) [forward subsumption resolution 35410,29]
35412. 3 [avatar contradiction clause 35411]
s1. ~3 | ~2 | ~1 [sat_conversion 21]
s2. 1 [sat_conversion 35234]
s3. 2 [sat_conversion 35401]
s4. 3 [sat_conversion 35412]
s5. # [rat s1,s2,s3,s4]
35413. $false [avatar sat refutation s5]
% SZS output end Proof for GRP080-1
% ------------------------------
% Version: Vampire 5.0.0 (Release build, commit 2e2c9b7b8 on 2026-01-17 12:24:14 +0100)
% Linked with Z3 4.14.0.0 3c47fd96cf5645d0c42b2c819d9e9a84380aa721 z3-4.8.4-9178-g3c47fd96c
% CaDiCaL version: 2.1.3
% Termination reason: Refutation
% Time elapsed: 0.289 s
% Peak memory usage: 67 MB
% Instructions burned: 1078 (million)
% ------------------------------
% ------------------------------
