% Running in auto input_syntax mode. Trying TPTP
% Refutation found. Thanks to Tanya!
% SZS status Unsatisfiable for GRP062-1
% SZS output start Proof for GRP062-1
1. inverse(multiply(X0,multiply(X1,multiply(multiply(X2,inverse(X2)),inverse(multiply(X3,multiply(X0,X1))))))) = X3 [input(axiom)]
2. multiply(multiply(a3,b3),c3) != multiply(a3,multiply(b3,c3)) | a2 != multiply(multiply(inverse(b2),b2),a2) | multiply(inverse(a1),a1) != multiply(inverse(b1),b1) [input(negated conjecture)]
4. 1 <=> multiply(inverse(a1),a1) = multiply(inverse(b1),b1) [avatar definition]
6. multiply(inverse(a1),a1) != multiply(inverse(b1),b1) <- (~1) [avatar component clause 4]
8. 2 <=> a2 = multiply(multiply(inverse(b2),b2),a2) [avatar definition]
10. a2 != multiply(multiply(inverse(b2),b2),a2) <- (~2) [avatar component clause 8]
12. 3 <=> multiply(multiply(a3,b3),c3) = multiply(a3,multiply(b3,c3)) [avatar definition]
14. multiply(multiply(a3,b3),c3) != multiply(a3,multiply(b3,c3)) <- (~3) [avatar component clause 12]
15. ~1 | ~2 | ~3 [avatar split clause 2,12,8,4]
17. inverse(multiply(X1,multiply(multiply(multiply(X2,inverse(X2)),inverse(multiply(X0,multiply(X3,X1)))),multiply(multiply(X4,inverse(X4)),X0)))) = X3 [superposition 1,1]
20. inverse(multiply(multiply(multiply(X1,inverse(X1)),inverse(multiply(X0,multiply(X2,X3)))),multiply(multiply(multiply(X4,inverse(X4)),X0),multiply(multiply(X5,inverse(X5)),X2)))) = X3 [superposition 17,1]
21. multiply(multiply(X5,inverse(X5)),inverse(multiply(X2,multiply(X0,X4)))) = inverse(multiply(multiply(multiply(X1,inverse(X1)),X2),multiply(multiply(multiply(X3,inverse(X3)),X0),multiply(multiply(X6,inverse(X6)),X4)))) [superposition 17,17]
51. inverse(multiply(multiply(multiply(X1,inverse(X1)),inverse(multiply(X2,multiply(X3,X4)))),multiply(multiply(multiply(multiply(multiply(multiply(X5,inverse(X5)),inverse(multiply(X6,multiply(X7,X0)))),multiply(multiply(multiply(X8,inverse(X8)),X6),multiply(multiply(X9,inverse(X9)),X7))),X0),X2),multiply(multiply(X10,inverse(X10)),X3)))) = X4 [superposition 20,20]
55. inverse(multiply(multiply(multiply(X1,inverse(X1)),inverse(multiply(X2,multiply(X3,X4)))),multiply(multiply(multiply(X5,inverse(X5)),X2),multiply(multiply(multiply(multiply(multiply(X6,inverse(X6)),inverse(multiply(X7,multiply(X8,X0)))),multiply(multiply(multiply(X9,inverse(X9)),X7),multiply(multiply(X10,inverse(X10)),X8))),X0),X3)))) = X4 [superposition 20,20]
63. inverse(multiply(X1,multiply(multiply(multiply(X2,inverse(X2)),inverse(multiply(X3,multiply(X4,X1)))),multiply(multiply(multiply(multiply(multiply(X5,inverse(X5)),inverse(multiply(X6,multiply(X7,X0)))),multiply(multiply(multiply(X8,inverse(X8)),X6),multiply(multiply(X9,inverse(X9)),X7))),X0),X3)))) = X4 [superposition 17,20]
69. inverse(multiply(multiply(multiply(X9,inverse(X9)),X7),multiply(multiply(multiply(X10,inverse(X10)),multiply(X8,inverse(X8))),multiply(multiply(X11,inverse(X11)),inverse(multiply(X1,multiply(X3,X5))))))) = multiply(multiply(X6,inverse(X6)),inverse(multiply(X7,inverse(multiply(multiply(multiply(X0,inverse(X0)),X1),multiply(multiply(multiply(X2,inverse(X2)),X3),multiply(multiply(X4,inverse(X4)),X5))))))) [superposition 21,21]
94. multiply(multiply(X1,inverse(X1)),inverse(multiply(inverse(multiply(X2,multiply(X3,X0))),multiply(X2,X3)))) = X0 [superposition 21,20]
96. multiply(multiply(X1,inverse(X1)),inverse(multiply(X2,multiply(inverse(multiply(X3,multiply(X0,multiply(multiply(X4,inverse(X4)),X2)))),X3)))) = X0 [superposition 21,17]
105. inverse(multiply(X1,multiply(X3,X5))) = inverse(multiply(multiply(multiply(X6,inverse(X6)),inverse(multiply(X7,inverse(multiply(multiply(multiply(X0,inverse(X0)),X1),multiply(multiply(multiply(X2,inverse(X2)),X3),multiply(multiply(X4,inverse(X4)),X5))))))),multiply(multiply(multiply(X9,inverse(X9)),X7),multiply(multiply(X10,inverse(X10)),multiply(X8,inverse(X8)))))) [superposition 20,21]
109. inverse(multiply(multiply(X6,inverse(X6)),multiply(inverse(multiply(X1,multiply(X3,X5))),multiply(multiply(X7,inverse(X7)),inverse(multiply(X8,inverse(multiply(multiply(multiply(X0,inverse(X0)),X1),multiply(multiply(multiply(X2,inverse(X2)),X3),multiply(multiply(X4,inverse(X4)),X5)))))))))) = X8 [superposition 1,21]
133. multiply(multiply(X5,inverse(X5)),X4) = multiply(multiply(X1,inverse(X1)),inverse(multiply(X0,multiply(X2,multiply(multiply(X3,inverse(X3)),inverse(multiply(X4,multiply(X0,X2)))))))) [superposition 94,17]
156. multiply(multiply(X5,inverse(X5)),X4) = multiply(multiply(X1,inverse(X1)),X4) [forward demodulation 133,1]
218. multiply(multiply(X3,inverse(X3)),X2) = multiply(multiply(multiply(X0,inverse(X0)),inverse(multiply(X1,inverse(X1)))),X2) [superposition 156,156]
1081. multiply(X6,inverse(X6)) = multiply(multiply(X4,inverse(X4)),inverse(multiply(X3,multiply(inverse(multiply(X5,multiply(multiply(multiply(X0,inverse(X0)),inverse(multiply(X1,inverse(X1)))),multiply(multiply(X2,inverse(X2)),X3)))),X5)))) [superposition 96,218]
1106. inverse(multiply(inverse(multiply(X1,multiply(X0,multiply(multiply(X2,inverse(X2)),X3)))),multiply(X1,X0))) = X3 [superposition 1,96]
1359. inverse(multiply(X0,multiply(inverse(multiply(X1,multiply(multiply(multiply(X2,inverse(X2)),X3),multiply(multiply(X4,inverse(X4)),X0)))),X1))) = X3 [superposition 1106,1106]
1422. multiply(X6,inverse(X6)) = multiply(multiply(X4,inverse(X4)),inverse(multiply(X1,inverse(X1)))) [backward demodulation 1081,1359]
1666. multiply(X1,inverse(X1)) = multiply(X0,inverse(X0)) [superposition 1422,1422]
1776. inverse(multiply(X4,inverse(X4))) = inverse(multiply(inverse(multiply(X1,multiply(X2,multiply(X0,inverse(X0))))),multiply(X1,X2))) [superposition 1106,1422]
2138. inverse(multiply(X1,multiply(inverse(X1),multiply(multiply(X2,inverse(X2)),inverse(multiply(X3,multiply(X0,inverse(X0)))))))) = X3 [superposition 1,1666]
2158. inverse(X3) = multiply(multiply(X1,inverse(X1)),inverse(multiply(inverse(multiply(X2,multiply(X0,inverse(X0)))),multiply(X2,X3)))) [superposition 94,1666]
2159. multiply(multiply(X1,inverse(X1)),inverse(multiply(inverse(multiply(X2,multiply(inverse(X2),X3))),multiply(X0,inverse(X0))))) = X3 [superposition 94,1666]
2161. inverse(multiply(inverse(multiply(X1,multiply(inverse(X1),multiply(multiply(X2,inverse(X2)),X3)))),multiply(X0,inverse(X0)))) = X3 [superposition 1106,1666]
2625. inverse(multiply(X1,inverse(X1))) = inverse(multiply(X0,inverse(X0))) [superposition 1776,1106]
4142. inverse(multiply(X3,multiply(inverse(X3),X0))) = inverse(multiply(X1,multiply(inverse(X1),X0))) [superposition 2138,94]
4599. inverse(multiply(X2,multiply(inverse(X2),inverse(inverse(X1))))) = inverse(multiply(X1,multiply(X0,inverse(X0)))) [superposition 4142,1666]
4661. inverse(multiply(inverse(X2),multiply(X1,multiply(multiply(X3,inverse(X3)),inverse(multiply(X0,multiply(inverse(X0),X1))))))) = X2 [superposition 1,4142]
4707. inverse(multiply(X2,multiply(inverse(X2),multiply(multiply(X3,inverse(X3)),inverse(multiply(X0,multiply(inverse(X0),inverse(inverse(X1))))))))) = X1 [superposition 2138,4142]
6228. multiply(multiply(X3,inverse(X3)),inverse(multiply(X0,multiply(inverse(X0),inverse(inverse(inverse(multiply(X1,multiply(inverse(X1),X2))))))))) = X2 [superposition 94,4599]
8438. inverse(inverse(X1)) = multiply(multiply(X3,inverse(X3)),inverse(multiply(X0,multiply(inverse(X0),inverse(inverse(inverse(multiply(X1,multiply(X2,inverse(X2)))))))))) [superposition 2158,4599]
11273. inverse(multiply(inverse(X1),multiply(inverse(inverse(inverse(multiply(X2,multiply(inverse(X2),X0))))),X0))) = X1 [superposition 4661,2159]
11345. multiply(multiply(X2,inverse(X2)),inverse(multiply(X3,multiply(inverse(X3),inverse(inverse(X0)))))) = multiply(multiply(X1,inverse(X1)),inverse(multiply(X0,multiply(X4,inverse(X4))))) [superposition 2159,4661]
12112. multiply(inverse(inverse(inverse(multiply(X1,multiply(inverse(X1),X2))))),multiply(X2,multiply(multiply(X3,inverse(X3)),X0))) = X0 [superposition 11273,1106]
12121. inverse(X1) = multiply(multiply(X3,inverse(X3)),multiply(inverse(inverse(inverse(multiply(X0,multiply(inverse(X0),X1))))),multiply(X2,inverse(X2)))) [superposition 2158,11273]
12263. multiply(X3,inverse(X3)) = multiply(multiply(inverse(X0),multiply(inverse(inverse(inverse(multiply(X1,multiply(inverse(X1),X2))))),X2)),X0) [superposition 1666,11273]
14495. inverse(inverse(multiply(X0,multiply(inverse(X0),X1)))) = inverse(inverse(multiply(X2,multiply(inverse(X2),X1)))) [superposition 4661,12112]
14504. inverse(inverse(multiply(X0,multiply(inverse(inverse(inverse(multiply(X1,multiply(inverse(X1),X2))))),X2)))) = X0 [superposition 1,12112]
15659. inverse(inverse(multiply(X1,multiply(X0,inverse(X0))))) = inverse(inverse(multiply(X2,multiply(inverse(X2),inverse(inverse(X1)))))) [superposition 14495,1666]
15876. multiply(X3,inverse(X3)) = multiply(inverse(multiply(X2,multiply(inverse(X2),X1))),inverse(inverse(multiply(X0,multiply(inverse(X0),X1))))) [superposition 1666,14495]
16965. multiply(X3,inverse(X3)) = multiply(inverse(multiply(X0,multiply(inverse(inverse(inverse(multiply(X1,multiply(inverse(X1),X2))))),X2))),X0) [superposition 1666,14504]
17779. inverse(inverse(multiply(X1,multiply(X2,inverse(X2))))) = inverse(inverse(multiply(X1,multiply(X0,inverse(X0))))) [superposition 15659,1666]
17963. inverse(multiply(X2,multiply(inverse(X2),X3))) = inverse(multiply(inverse(multiply(X0,multiply(X4,inverse(X4)))),multiply(inverse(inverse(multiply(X0,multiply(X1,inverse(X1))))),X3))) [superposition 4142,17779]
23105. multiply(X1,inverse(X1)) = multiply(inverse(inverse(multiply(X0,inverse(X0)))),multiply(X2,inverse(X2))) [superposition 16965,12121]
23106. multiply(X1,inverse(X1)) = inverse(inverse(inverse(multiply(X0,inverse(X0))))) [superposition 14504,12121]
23140. multiply(multiply(X1,inverse(X1)),inverse(multiply(X0,inverse(X0)))) = inverse(inverse(inverse(multiply(X2,inverse(X2))))) [superposition 23106,2625]
23216. multiply(X1,inverse(X1)) = inverse(inverse(inverse(multiply(multiply(X2,inverse(X2)),inverse(multiply(X0,inverse(X0))))))) [superposition 23106,2625]
23233. multiply(X1,inverse(X1)) = inverse(inverse(inverse(multiply(inverse(inverse(multiply(X2,inverse(X2)))),multiply(X0,inverse(X0)))))) [superposition 23106,23106]
23282. inverse(multiply(X1,multiply(X2,inverse(X2)))) = inverse(multiply(X1,inverse(inverse(inverse(multiply(X0,inverse(X0))))))) [superposition 4599,23106]
23318. multiply(multiply(X1,inverse(X1)),X2) = multiply(inverse(inverse(inverse(multiply(X0,inverse(X0))))),X2) [superposition 156,23106]
23358. inverse(multiply(X2,inverse(X2))) = inverse(inverse(inverse(inverse(multiply(X0,inverse(X0)))))) [superposition 2625,23106]
23508. inverse(multiply(inverse(multiply(inverse(inverse(multiply(X1,inverse(X1)))),multiply(multiply(X0,inverse(X0)),multiply(multiply(X2,inverse(X2)),X3)))),multiply(X4,inverse(X4)))) = X3 [superposition 2161,23106]
23853. inverse(inverse(multiply(X1,multiply(X3,inverse(X3))))) = inverse(inverse(multiply(X1,multiply(multiply(X2,inverse(X2)),inverse(inverse(inverse(inverse(multiply(X0,inverse(X0)))))))))) [superposition 17779,23358]
24843. multiply(inverse(inverse(inverse(multiply(inverse(multiply(X1,inverse(X1))),multiply(X0,inverse(X0)))))),multiply(multiply(X2,inverse(X2)),multiply(multiply(X3,inverse(X3)),X4))) = X4 [superposition 12112,23105]
26094. multiply(inverse(inverse(inverse(multiply(X4,inverse(X4))))),X3) = multiply(inverse(inverse(inverse(multiply(multiply(X0,inverse(X0)),inverse(multiply(X1,inverse(X1))))))),X3) [superposition 23318,23216]
27645. inverse(inverse(multiply(X1,multiply(multiply(X0,inverse(X0)),inverse(inverse(inverse(inverse(multiply(X2,inverse(X2)))))))))) = X1 [superposition 14504,23233]
27657. inverse(inverse(multiply(X1,multiply(X3,inverse(X3))))) = X1 [backward demodulation 23853,27645]
27659. inverse(inverse(X1)) = multiply(multiply(X3,inverse(X3)),inverse(multiply(X0,multiply(inverse(X0),inverse(X1))))) [backward demodulation 8438,27657]
27669. inverse(inverse(multiply(X2,multiply(inverse(X2),inverse(inverse(X1)))))) = X1 [backward demodulation 15659,27657]
27685. inverse(multiply(X2,multiply(inverse(X2),X3))) = inverse(multiply(inverse(multiply(X0,multiply(X4,inverse(X4)))),multiply(X0,X3))) [backward demodulation 17963,27657]
27734. multiply(inverse(inverse(multiply(X1,inverse(X1)))),multiply(multiply(X2,inverse(X2)),multiply(multiply(X3,inverse(X3)),X4))) = X4 [backward demodulation 24843,27657]
27784. inverse(multiply(X2,multiply(inverse(X2),inverse(inverse(inverse(X1)))))) = X1 [backward demodulation 4707,27659]
27786. multiply(multiply(X1,inverse(X1)),inverse(multiply(X0,multiply(X4,inverse(X4))))) = inverse(inverse(inverse(X0))) [backward demodulation 11345,27659]
27792. multiply(multiply(X3,inverse(X3)),multiply(X1,multiply(inverse(X1),X2))) = X2 [backward demodulation 6228,27784]
27894. inverse(multiply(inverse(X3),multiply(X4,inverse(X4)))) = X3 [backward demodulation 23508,27734]
28087. multiply(X1,multiply(inverse(X1),multiply(multiply(X2,inverse(X2)),X0))) = X0 [superposition 27894,2161]
28539. inverse(multiply(X2,multiply(X3,inverse(X3)))) = inverse(multiply(inverse(multiply(X0,multiply(X1,inverse(X1)))),multiply(X0,inverse(inverse(X2))))) [superposition 4599,27657]
28684. multiply(X3,multiply(inverse(X3),X1)) = inverse(multiply(X2,multiply(inverse(X2),inverse(inverse(inverse(multiply(X0,multiply(inverse(X0),X1)))))))) [superposition 27784,4142]
28724. inverse(multiply(X1,multiply(inverse(X1),inverse(X0)))) = multiply(X0,multiply(inverse(inverse(inverse(multiply(X2,multiply(inverse(X2),X3))))),X3)) [superposition 27784,14504]
28742. multiply(X3,inverse(X3)) = inverse(multiply(X2,multiply(inverse(X2),multiply(multiply(X0,inverse(X0)),inverse(multiply(X1,inverse(X1))))))) [superposition 27784,23140]
28928. multiply(X3,inverse(X3)) = inverse(inverse(multiply(X1,inverse(X1)))) [forward demodulation 28742,28087]
29039. multiply(X1,inverse(X1)) = inverse(inverse(multiply(inverse(multiply(X2,inverse(X2))),multiply(X0,inverse(X0))))) [superposition 28928,28928]
29113. inverse(multiply(inverse(X1),inverse(inverse(multiply(X0,inverse(X0)))))) = X1 [superposition 27784,28928]
29235. inverse(multiply(X1,inverse(inverse(inverse(multiply(X3,inverse(X3))))))) = inverse(multiply(X1,inverse(inverse(multiply(X0,inverse(X0)))))) [superposition 23282,28928]
29387. multiply(inverse(inverse(inverse(multiply(X3,inverse(X3))))),X2) = multiply(multiply(inverse(multiply(X1,inverse(X1))),multiply(X0,inverse(X0))),X2) [superposition 23318,28928]
29416. multiply(X1,inverse(X1)) = inverse(multiply(X2,inverse(X2))) [forward demodulation 29039,27894]
29675. inverse(inverse(multiply(X2,multiply(inverse(X2),inverse(inverse(X1)))))) = inverse(inverse(multiply(X1,inverse(multiply(X0,inverse(X0)))))) [superposition 14495,29416]
30004. inverse(inverse(multiply(X1,inverse(multiply(X0,inverse(X0)))))) = X1 [forward demodulation 29675,27669]
30029. multiply(inverse(multiply(X0,inverse(X0))),X3) = multiply(inverse(inverse(inverse(multiply(X4,inverse(X4))))),X3) [backward demodulation 26094,30004]
31051. multiply(inverse(X0),multiply(X1,inverse(X1))) = inverse(multiply(X0,inverse(inverse(multiply(X2,inverse(X2)))))) [superposition 29113,27894]
31891. multiply(multiply(multiply(X1,multiply(inverse(X1),inverse(inverse(inverse(X0))))),X0),multiply(X2,multiply(inverse(X2),X3))) = X3 [superposition 27792,27784]
33023. multiply(inverse(inverse(X2)),multiply(multiply(X3,inverse(X3)),X0)) = multiply(multiply(X1,inverse(X1)),multiply(X2,X0)) [superposition 27792,28087]
33056. multiply(multiply(X3,inverse(X3)),X0) = multiply(multiply(X1,inverse(X1)),inverse(multiply(inverse(X0),multiply(X2,inverse(X2))))) [superposition 94,28087]
33127. multiply(multiply(X3,inverse(X3)),X0) = inverse(inverse(inverse(inverse(X0)))) [forward demodulation 33056,27786]
33128. inverse(multiply(X1,multiply(multiply(multiply(X2,inverse(X2)),inverse(multiply(X0,multiply(X3,X1)))),inverse(inverse(inverse(inverse(X0))))))) = X3 [backward demodulation 17,33127]
33132. multiply(multiply(X5,inverse(X5)),inverse(multiply(X2,multiply(X0,X4)))) = inverse(multiply(inverse(inverse(inverse(inverse(X2)))),multiply(multiply(multiply(X3,inverse(X3)),X0),multiply(multiply(X6,inverse(X6)),X4)))) [backward demodulation 21,33127]
33150. inverse(multiply(multiply(multiply(X1,inverse(X1)),inverse(multiply(X2,multiply(X3,X4)))),multiply(multiply(multiply(multiply(multiply(multiply(X5,inverse(X5)),inverse(multiply(X6,multiply(X7,X0)))),multiply(inverse(inverse(inverse(inverse(X6)))),multiply(multiply(X9,inverse(X9)),X7))),X0),X2),multiply(multiply(X10,inverse(X10)),X3)))) = X4 [backward demodulation 51,33127]
33153. inverse(multiply(multiply(multiply(X1,inverse(X1)),inverse(multiply(X2,multiply(X3,X4)))),multiply(inverse(inverse(inverse(inverse(X2)))),multiply(multiply(multiply(multiply(multiply(X6,inverse(X6)),inverse(multiply(X7,multiply(X8,X0)))),multiply(multiply(multiply(X9,inverse(X9)),X7),multiply(multiply(X10,inverse(X10)),X8))),X0),X3)))) = X4 [backward demodulation 55,33127]
33158. inverse(multiply(X1,multiply(multiply(multiply(X2,inverse(X2)),inverse(multiply(X3,multiply(X4,X1)))),multiply(multiply(multiply(multiply(multiply(X5,inverse(X5)),inverse(multiply(X6,multiply(X7,X0)))),multiply(inverse(inverse(inverse(inverse(X6)))),multiply(multiply(X9,inverse(X9)),X7))),X0),X3)))) = X4 [backward demodulation 63,33127]
33163. inverse(multiply(multiply(multiply(X9,inverse(X9)),X7),multiply(multiply(multiply(X10,inverse(X10)),multiply(X8,inverse(X8))),multiply(multiply(X11,inverse(X11)),inverse(multiply(X1,multiply(X3,X5))))))) = multiply(multiply(X6,inverse(X6)),inverse(multiply(X7,inverse(multiply(inverse(inverse(inverse(inverse(X1)))),multiply(multiply(multiply(X2,inverse(X2)),X3),multiply(multiply(X4,inverse(X4)),X5))))))) [backward demodulation 69,33127]
33194. inverse(multiply(X1,multiply(X3,X5))) = inverse(multiply(multiply(multiply(X6,inverse(X6)),inverse(multiply(X7,inverse(multiply(inverse(inverse(inverse(inverse(X1)))),multiply(multiply(multiply(X2,inverse(X2)),X3),multiply(multiply(X4,inverse(X4)),X5))))))),multiply(multiply(multiply(X9,inverse(X9)),X7),multiply(multiply(X10,inverse(X10)),multiply(X8,inverse(X8)))))) [backward demodulation 105,33127]
33198. inverse(multiply(multiply(X6,inverse(X6)),multiply(inverse(multiply(X1,multiply(X3,X5))),multiply(multiply(X7,inverse(X7)),inverse(multiply(X8,inverse(multiply(inverse(inverse(inverse(inverse(X1)))),multiply(multiply(multiply(X2,inverse(X2)),X3),multiply(multiply(X4,inverse(X4)),X5)))))))))) = X8 [backward demodulation 109,33127]
34407. inverse(inverse(inverse(inverse(X2)))) = multiply(inverse(inverse(inverse(multiply(X0,inverse(X0))))),X2) [backward demodulation 23318,33127]
34474. multiply(multiply(X1,inverse(X1)),multiply(X2,X0)) = multiply(inverse(inverse(X2)),inverse(inverse(inverse(inverse(X0))))) [backward demodulation 33023,33127]
34708. inverse(multiply(X1,multiply(inverse(inverse(inverse(inverse(inverse(multiply(X0,multiply(X3,X1))))))),inverse(inverse(inverse(inverse(X0))))))) = X3 [forward demodulation 33128,33127]
34714. multiply(multiply(X5,inverse(X5)),inverse(multiply(X2,multiply(X0,X4)))) = inverse(multiply(inverse(inverse(inverse(inverse(X2)))),multiply(multiply(multiply(X3,inverse(X3)),X0),inverse(inverse(inverse(inverse(X4))))))) [forward demodulation 33132,33127]
34715. multiply(multiply(X5,inverse(X5)),inverse(multiply(X2,multiply(X0,X4)))) = inverse(multiply(inverse(inverse(inverse(inverse(X2)))),multiply(inverse(inverse(inverse(inverse(X0)))),inverse(inverse(inverse(inverse(X4))))))) [forward demodulation 34714,33127]
34716. inverse(multiply(inverse(inverse(inverse(inverse(X2)))),multiply(inverse(inverse(inverse(inverse(X0)))),inverse(inverse(inverse(inverse(X4))))))) = inverse(inverse(inverse(inverse(inverse(multiply(X2,multiply(X0,X4))))))) [forward demodulation 34715,33127]
34766. inverse(multiply(multiply(multiply(X1,inverse(X1)),inverse(multiply(X2,multiply(X3,X4)))),multiply(multiply(multiply(multiply(multiply(multiply(X5,inverse(X5)),inverse(multiply(X6,multiply(X7,X0)))),multiply(inverse(inverse(inverse(inverse(X6)))),multiply(multiply(X9,inverse(X9)),X7))),X0),X2),inverse(inverse(inverse(inverse(X3))))))) = X4 [forward demodulation 33150,33127]
34767. inverse(multiply(multiply(multiply(X1,inverse(X1)),inverse(multiply(X2,multiply(X3,X4)))),multiply(multiply(multiply(multiply(multiply(multiply(X5,inverse(X5)),inverse(multiply(X6,multiply(X7,X0)))),multiply(inverse(inverse(inverse(inverse(X6)))),inverse(inverse(inverse(inverse(X7)))))),X0),X2),inverse(inverse(inverse(inverse(X3))))))) = X4 [forward demodulation 34766,33127]
34768. inverse(multiply(multiply(multiply(X1,inverse(X1)),inverse(multiply(X2,multiply(X3,X4)))),multiply(multiply(multiply(multiply(inverse(inverse(inverse(inverse(inverse(multiply(X6,multiply(X7,X0))))))),multiply(inverse(inverse(inverse(inverse(X6)))),inverse(inverse(inverse(inverse(X7)))))),X0),X2),inverse(inverse(inverse(inverse(X3))))))) = X4 [forward demodulation 34767,33127]
34769. inverse(multiply(inverse(inverse(inverse(inverse(inverse(multiply(X2,multiply(X3,X4))))))),multiply(multiply(multiply(multiply(inverse(inverse(inverse(inverse(inverse(multiply(X6,multiply(X7,X0))))))),multiply(inverse(inverse(inverse(inverse(X6)))),inverse(inverse(inverse(inverse(X7)))))),X0),X2),inverse(inverse(inverse(inverse(X3))))))) = X4 [forward demodulation 34768,33127]
34776. inverse(multiply(multiply(multiply(X1,inverse(X1)),inverse(multiply(X2,multiply(X3,X4)))),multiply(inverse(inverse(inverse(inverse(X2)))),multiply(multiply(multiply(multiply(multiply(X6,inverse(X6)),inverse(multiply(X7,multiply(X8,X0)))),multiply(multiply(multiply(X9,inverse(X9)),X7),inverse(inverse(inverse(inverse(X8)))))),X0),X3)))) = X4 [forward demodulation 33153,33127]
34777. inverse(multiply(multiply(multiply(X1,inverse(X1)),inverse(multiply(X2,multiply(X3,X4)))),multiply(inverse(inverse(inverse(inverse(X2)))),multiply(multiply(multiply(multiply(multiply(X6,inverse(X6)),inverse(multiply(X7,multiply(X8,X0)))),multiply(inverse(inverse(inverse(inverse(X7)))),inverse(inverse(inverse(inverse(X8)))))),X0),X3)))) = X4 [forward demodulation 34776,33127]
34778. inverse(multiply(multiply(multiply(X1,inverse(X1)),inverse(multiply(X2,multiply(X3,X4)))),multiply(inverse(inverse(inverse(inverse(X2)))),multiply(multiply(multiply(inverse(inverse(inverse(inverse(inverse(multiply(X7,multiply(X8,X0))))))),multiply(inverse(inverse(inverse(inverse(X7)))),inverse(inverse(inverse(inverse(X8)))))),X0),X3)))) = X4 [forward demodulation 34777,33127]
34779. inverse(multiply(inverse(inverse(inverse(inverse(inverse(multiply(X2,multiply(X3,X4))))))),multiply(inverse(inverse(inverse(inverse(X2)))),multiply(multiply(multiply(inverse(inverse(inverse(inverse(inverse(multiply(X7,multiply(X8,X0))))))),multiply(inverse(inverse(inverse(inverse(X7)))),inverse(inverse(inverse(inverse(X8)))))),X0),X3)))) = X4 [forward demodulation 34778,33127]
34791. inverse(multiply(X1,multiply(multiply(multiply(X2,inverse(X2)),inverse(multiply(X3,multiply(X4,X1)))),multiply(multiply(multiply(multiply(multiply(X5,inverse(X5)),inverse(multiply(X6,multiply(X7,X0)))),multiply(inverse(inverse(inverse(inverse(X6)))),inverse(inverse(inverse(inverse(X7)))))),X0),X3)))) = X4 [forward demodulation 33158,33127]
34792. inverse(multiply(X1,multiply(multiply(multiply(X2,inverse(X2)),inverse(multiply(X3,multiply(X4,X1)))),multiply(multiply(multiply(inverse(inverse(inverse(inverse(inverse(multiply(X6,multiply(X7,X0))))))),multiply(inverse(inverse(inverse(inverse(X6)))),inverse(inverse(inverse(inverse(X7)))))),X0),X3)))) = X4 [forward demodulation 34791,33127]
34793. inverse(multiply(X1,multiply(inverse(inverse(inverse(inverse(inverse(multiply(X3,multiply(X4,X1))))))),multiply(multiply(multiply(inverse(inverse(inverse(inverse(inverse(multiply(X6,multiply(X7,X0))))))),multiply(inverse(inverse(inverse(inverse(X6)))),inverse(inverse(inverse(inverse(X7)))))),X0),X3)))) = X4 [forward demodulation 34792,33127]
34828. inverse(multiply(multiply(multiply(X9,inverse(X9)),X7),multiply(multiply(multiply(X10,inverse(X10)),multiply(X8,inverse(X8))),multiply(multiply(X11,inverse(X11)),inverse(multiply(X1,multiply(X3,X5))))))) = multiply(multiply(X6,inverse(X6)),inverse(multiply(X7,inverse(multiply(inverse(inverse(inverse(inverse(X1)))),multiply(multiply(multiply(X2,inverse(X2)),X3),inverse(inverse(inverse(inverse(X5)))))))))) [forward demodulation 33163,33127]
34829. inverse(multiply(multiply(multiply(X9,inverse(X9)),X7),multiply(multiply(multiply(X10,inverse(X10)),multiply(X8,inverse(X8))),multiply(multiply(X11,inverse(X11)),inverse(multiply(X1,multiply(X3,X5))))))) = multiply(multiply(X6,inverse(X6)),inverse(multiply(X7,inverse(multiply(inverse(inverse(inverse(inverse(X1)))),multiply(inverse(inverse(inverse(inverse(X3)))),inverse(inverse(inverse(inverse(X5)))))))))) [forward demodulation 34828,33127]
34830. inverse(multiply(multiply(multiply(X9,inverse(X9)),X7),multiply(multiply(multiply(X10,inverse(X10)),multiply(X8,inverse(X8))),multiply(multiply(X11,inverse(X11)),inverse(multiply(X1,multiply(X3,X5))))))) = inverse(inverse(inverse(inverse(inverse(multiply(X7,inverse(multiply(inverse(inverse(inverse(inverse(X1)))),multiply(inverse(inverse(inverse(inverse(X3)))),inverse(inverse(inverse(inverse(X5))))))))))))) [forward demodulation 34829,33127]
34831. inverse(multiply(multiply(multiply(X9,inverse(X9)),X7),multiply(multiply(multiply(X10,inverse(X10)),multiply(X8,inverse(X8))),multiply(multiply(X11,inverse(X11)),inverse(multiply(X1,multiply(X3,X5))))))) = inverse(inverse(inverse(inverse(inverse(multiply(X7,inverse(inverse(inverse(inverse(inverse(multiply(X1,multiply(X3,X5))))))))))))) [forward demodulation 34830,34716]
34832. inverse(inverse(inverse(inverse(inverse(multiply(X7,inverse(inverse(inverse(inverse(inverse(multiply(X1,multiply(X3,X5))))))))))))) = inverse(multiply(multiply(multiply(X9,inverse(X9)),X7),multiply(multiply(multiply(X10,inverse(X10)),multiply(X8,inverse(X8))),inverse(inverse(inverse(inverse(inverse(multiply(X1,multiply(X3,X5)))))))))) [forward demodulation 34831,33127]
34833. inverse(inverse(inverse(inverse(inverse(multiply(X7,inverse(inverse(inverse(inverse(inverse(multiply(X1,multiply(X3,X5))))))))))))) = inverse(multiply(multiply(multiply(X9,inverse(X9)),X7),multiply(inverse(inverse(inverse(inverse(multiply(X8,inverse(X8)))))),inverse(inverse(inverse(inverse(inverse(multiply(X1,multiply(X3,X5)))))))))) [forward demodulation 34832,33127]
34834. inverse(inverse(inverse(inverse(inverse(multiply(X7,inverse(inverse(inverse(inverse(inverse(multiply(X1,multiply(X3,X5))))))))))))) = inverse(multiply(inverse(inverse(inverse(inverse(X7)))),multiply(inverse(inverse(inverse(inverse(multiply(X8,inverse(X8)))))),inverse(inverse(inverse(inverse(inverse(multiply(X1,multiply(X3,X5)))))))))) [forward demodulation 34833,33127]
34971. inverse(multiply(X1,multiply(X3,X5))) = inverse(multiply(multiply(multiply(X6,inverse(X6)),inverse(multiply(X7,inverse(multiply(inverse(inverse(inverse(inverse(X1)))),multiply(multiply(multiply(X2,inverse(X2)),X3),multiply(multiply(X4,inverse(X4)),X5))))))),multiply(multiply(multiply(X9,inverse(X9)),X7),inverse(inverse(inverse(inverse(multiply(X8,inverse(X8))))))))) [forward demodulation 33194,33127]
34972. inverse(multiply(X1,multiply(X3,X5))) = inverse(multiply(multiply(multiply(X6,inverse(X6)),inverse(multiply(X7,inverse(multiply(inverse(inverse(inverse(inverse(X1)))),multiply(multiply(multiply(X2,inverse(X2)),X3),multiply(multiply(X4,inverse(X4)),X5))))))),multiply(inverse(inverse(inverse(inverse(X7)))),inverse(inverse(inverse(inverse(multiply(X8,inverse(X8))))))))) [forward demodulation 34971,33127]
34973. inverse(multiply(X1,multiply(X3,X5))) = inverse(multiply(inverse(inverse(inverse(inverse(inverse(multiply(X7,inverse(multiply(inverse(inverse(inverse(inverse(X1)))),multiply(multiply(multiply(X2,inverse(X2)),X3),multiply(multiply(X4,inverse(X4)),X5)))))))))),multiply(inverse(inverse(inverse(inverse(X7)))),inverse(inverse(inverse(inverse(multiply(X8,inverse(X8))))))))) [forward demodulation 34972,33127]
34974. inverse(multiply(X1,multiply(X3,X5))) = inverse(multiply(inverse(inverse(inverse(inverse(inverse(multiply(X7,inverse(multiply(inverse(inverse(inverse(inverse(X1)))),multiply(multiply(multiply(X2,inverse(X2)),X3),inverse(inverse(inverse(inverse(X5))))))))))))),multiply(inverse(inverse(inverse(inverse(X7)))),inverse(inverse(inverse(inverse(multiply(X8,inverse(X8))))))))) [forward demodulation 34973,33127]
34975. inverse(multiply(X1,multiply(X3,X5))) = inverse(multiply(inverse(inverse(inverse(inverse(inverse(multiply(X7,inverse(multiply(inverse(inverse(inverse(inverse(X1)))),multiply(inverse(inverse(inverse(inverse(X3)))),inverse(inverse(inverse(inverse(X5))))))))))))),multiply(inverse(inverse(inverse(inverse(X7)))),inverse(inverse(inverse(inverse(multiply(X8,inverse(X8))))))))) [forward demodulation 34974,33127]
34976. inverse(multiply(X1,multiply(X3,X5))) = inverse(multiply(inverse(inverse(inverse(inverse(inverse(multiply(X7,inverse(inverse(inverse(inverse(inverse(multiply(X1,multiply(X3,X5))))))))))))),multiply(inverse(inverse(inverse(inverse(X7)))),inverse(inverse(inverse(inverse(multiply(X8,inverse(X8))))))))) [forward demodulation 34975,34716]
34992. inverse(inverse(inverse(inverse(inverse(multiply(inverse(multiply(X1,multiply(X3,X5))),multiply(multiply(X7,inverse(X7)),inverse(multiply(X8,inverse(multiply(inverse(inverse(inverse(inverse(X1)))),multiply(multiply(multiply(X2,inverse(X2)),X3),multiply(multiply(X4,inverse(X4)),X5))))))))))))) = X8 [forward demodulation 33198,33127]
34993. inverse(inverse(inverse(inverse(inverse(multiply(inverse(multiply(X1,multiply(X3,X5))),inverse(inverse(inverse(inverse(inverse(multiply(X8,inverse(multiply(inverse(inverse(inverse(inverse(X1)))),multiply(multiply(multiply(X2,inverse(X2)),X3),multiply(multiply(X4,inverse(X4)),X5)))))))))))))))) = X8 [forward demodulation 34992,33127]
34994. inverse(inverse(inverse(inverse(inverse(multiply(inverse(multiply(X1,multiply(X3,X5))),inverse(inverse(inverse(inverse(inverse(multiply(X8,inverse(multiply(inverse(inverse(inverse(inverse(X1)))),multiply(multiply(multiply(X2,inverse(X2)),X3),inverse(inverse(inverse(inverse(X5))))))))))))))))))) = X8 [forward demodulation 34993,33127]
34995. inverse(inverse(inverse(inverse(inverse(multiply(inverse(multiply(X1,multiply(X3,X5))),inverse(inverse(inverse(inverse(inverse(multiply(X8,inverse(multiply(inverse(inverse(inverse(inverse(X1)))),multiply(inverse(inverse(inverse(inverse(X3)))),inverse(inverse(inverse(inverse(X5))))))))))))))))))) = X8 [forward demodulation 34994,33127]
34996. inverse(inverse(inverse(inverse(inverse(multiply(inverse(multiply(X1,multiply(X3,X5))),inverse(inverse(inverse(inverse(inverse(multiply(X8,inverse(inverse(inverse(inverse(inverse(multiply(X1,multiply(X3,X5))))))))))))))))))) = X8 [forward demodulation 34995,34716]
42499. inverse(inverse(inverse(inverse(X2)))) = multiply(multiply(inverse(multiply(X1,inverse(X1))),multiply(X0,inverse(X0))),X2) [backward demodulation 29387,34407]
42500. multiply(inverse(multiply(X0,inverse(X0))),X3) = inverse(inverse(inverse(inverse(X3)))) [backward demodulation 30029,34407]
42623. inverse(inverse(inverse(inverse(X2)))) = multiply(inverse(inverse(inverse(inverse(multiply(X0,inverse(X0)))))),X2) [backward demodulation 42499,42500]
42633. inverse(inverse(inverse(inverse(inverse(multiply(X7,inverse(inverse(inverse(inverse(inverse(multiply(X1,multiply(X3,X5))))))))))))) = inverse(multiply(inverse(inverse(inverse(inverse(X7)))),inverse(inverse(inverse(inverse(inverse(inverse(inverse(inverse(inverse(multiply(X1,multiply(X3,X5))))))))))))) [backward demodulation 34834,42623]
42680. multiply(inverse(inverse(X2)),inverse(inverse(inverse(inverse(X0))))) = inverse(inverse(inverse(inverse(multiply(X2,X0))))) [forward demodulation 34474,33127]
42681. inverse(multiply(X1,inverse(inverse(inverse(inverse(multiply(inverse(inverse(inverse(multiply(X0,multiply(X3,X1))))),X0))))))) = X3 [backward demodulation 34708,42680]
42691. inverse(multiply(inverse(inverse(inverse(inverse(inverse(multiply(X2,multiply(X3,X4))))))),multiply(multiply(multiply(multiply(inverse(inverse(inverse(inverse(inverse(multiply(X6,multiply(X7,X0))))))),inverse(inverse(inverse(inverse(multiply(inverse(inverse(X6)),X7)))))),X0),X2),inverse(inverse(inverse(inverse(X3))))))) = X4 [backward demodulation 34769,42680]
42692. inverse(multiply(inverse(inverse(inverse(inverse(inverse(multiply(X2,multiply(X3,X4))))))),multiply(inverse(inverse(inverse(inverse(X2)))),multiply(multiply(multiply(inverse(inverse(inverse(inverse(inverse(multiply(X7,multiply(X8,X0))))))),inverse(inverse(inverse(inverse(multiply(inverse(inverse(X7)),X8)))))),X0),X3)))) = X4 [backward demodulation 34779,42680]
42693. inverse(multiply(X1,multiply(inverse(inverse(inverse(inverse(inverse(multiply(X3,multiply(X4,X1))))))),multiply(multiply(multiply(inverse(inverse(inverse(inverse(inverse(multiply(X6,multiply(X7,X0))))))),inverse(inverse(inverse(inverse(multiply(inverse(inverse(X6)),X7)))))),X0),X3)))) = X4 [backward demodulation 34793,42680]
42733. inverse(inverse(inverse(inverse(inverse(multiply(X7,inverse(inverse(inverse(inverse(inverse(multiply(X1,multiply(X3,X5))))))))))))) = inverse(inverse(inverse(inverse(inverse(multiply(inverse(inverse(X7)),inverse(inverse(inverse(inverse(inverse(multiply(X1,multiply(X3,X5))))))))))))) [backward demodulation 42633,42680]
42743. inverse(multiply(X1,multiply(X3,X5))) = inverse(multiply(inverse(inverse(inverse(inverse(inverse(multiply(X7,inverse(inverse(inverse(inverse(inverse(multiply(X1,multiply(X3,X5))))))))))))),inverse(inverse(inverse(inverse(multiply(inverse(inverse(X7)),multiply(X8,inverse(X8))))))))) [backward demodulation 34976,42680]
42746. inverse(multiply(inverse(inverse(inverse(inverse(inverse(multiply(X2,multiply(X3,X4))))))),multiply(multiply(multiply(inverse(inverse(inverse(inverse(multiply(inverse(inverse(inverse(multiply(X6,multiply(X7,X0))))),multiply(inverse(inverse(X6)),X7)))))),X0),X2),inverse(inverse(inverse(inverse(X3))))))) = X4 [forward demodulation 42691,42680]
42747. inverse(multiply(inverse(inverse(inverse(inverse(inverse(multiply(X2,multiply(X3,X4))))))),multiply(inverse(inverse(inverse(inverse(X2)))),multiply(multiply(inverse(inverse(inverse(inverse(multiply(inverse(inverse(inverse(multiply(X7,multiply(X8,X0))))),multiply(inverse(inverse(X7)),X8)))))),X0),X3)))) = X4 [forward demodulation 42692,42680]
42748. inverse(multiply(X1,multiply(inverse(inverse(inverse(inverse(inverse(multiply(X3,multiply(X4,X1))))))),multiply(multiply(inverse(inverse(inverse(inverse(multiply(inverse(inverse(inverse(multiply(X6,multiply(X7,X0))))),multiply(inverse(inverse(X6)),X7)))))),X0),X3)))) = X4 [forward demodulation 42693,42680]
42833. inverse(inverse(inverse(inverse(inverse(multiply(X7,inverse(inverse(inverse(inverse(inverse(multiply(X1,multiply(X3,X5))))))))))))) = inverse(inverse(inverse(inverse(inverse(inverse(inverse(inverse(inverse(multiply(X7,inverse(multiply(X1,multiply(X3,X5))))))))))))) [forward demodulation 42733,42680]
42835. inverse(inverse(inverse(inverse(inverse(multiply(inverse(multiply(X1,multiply(X3,X5))),inverse(inverse(inverse(inverse(inverse(inverse(inverse(inverse(inverse(multiply(X8,inverse(multiply(X1,multiply(X3,X5))))))))))))))))))) = X8 [backward demodulation 34996,42833]
42879. inverse(multiply(X1,multiply(X3,X5))) = inverse(inverse(inverse(inverse(inverse(multiply(inverse(inverse(inverse(multiply(X7,inverse(inverse(inverse(inverse(inverse(multiply(X1,multiply(X3,X5))))))))))),multiply(inverse(inverse(X7)),multiply(X8,inverse(X8))))))))) [forward demodulation 42743,42680]
43897. inverse(multiply(X4,multiply(inverse(X4),X2))) = inverse(multiply(inverse(inverse(multiply(X1,multiply(inverse(X1),X2)))),inverse(inverse(inverse(inverse(multiply(inverse(inverse(inverse(multiply(X3,multiply(X0,inverse(X0)))))),X3))))))) [superposition 42681,15876]
43903. inverse(inverse(inverse(multiply(X3,multiply(inverse(X3),X0))))) = inverse(multiply(multiply(X1,inverse(X1)),inverse(inverse(inverse(inverse(multiply(inverse(inverse(inverse(inverse(X0)))),multiply(X2,inverse(X2))))))))) [superposition 42681,12121]
43930. inverse(multiply(X2,inverse(inverse(inverse(inverse(inverse(multiply(multiply(X0,inverse(X0)),multiply(X1,X2))))))))) = X1 [superposition 42681,27894]
43996. inverse(multiply(X0,multiply(inverse(inverse(inverse(multiply(X3,multiply(inverse(X3),X4))))),X4))) = multiply(X1,inverse(inverse(inverse(inverse(multiply(inverse(inverse(inverse(multiply(X2,multiply(X0,X1))))),X2)))))) [superposition 11273,42681]
44007. multiply(multiply(inverse(X3),multiply(inverse(inverse(inverse(multiply(X4,multiply(inverse(X4),X5))))),X5)),X3) = multiply(multiply(X1,inverse(inverse(inverse(inverse(multiply(inverse(inverse(inverse(multiply(X2,multiply(X0,X1))))),X2)))))),X0) [superposition 12263,42681]
44117. inverse(multiply(X4,multiply(inverse(X4),X2))) = inverse(inverse(inverse(inverse(inverse(multiply(multiply(X1,multiply(inverse(X1),X2)),multiply(inverse(inverse(inverse(multiply(X3,multiply(X0,inverse(X0)))))),X3))))))) [forward demodulation 43897,42680]
44118. inverse(multiply(X4,multiply(inverse(X4),X2))) = inverse(inverse(inverse(inverse(inverse(multiply(multiply(X1,multiply(inverse(X1),X2)),multiply(inverse(X3),X3))))))) [forward demodulation 44117,27657]
44127. inverse(inverse(inverse(multiply(X3,multiply(inverse(X3),X0))))) = inverse(inverse(inverse(inverse(inverse(inverse(inverse(inverse(inverse(multiply(inverse(inverse(inverse(inverse(X0)))),multiply(X2,inverse(X2)))))))))))) [forward demodulation 43903,33127]
44128. inverse(inverse(inverse(multiply(X3,multiply(inverse(X3),X0))))) = inverse(inverse(inverse(inverse(inverse(inverse(inverse(inverse(inverse(inverse(inverse(X0))))))))))) [forward demodulation 44127,27657]
44152. inverse(multiply(X2,inverse(inverse(inverse(inverse(inverse(inverse(inverse(inverse(inverse(multiply(X1,X2)))))))))))) = X1 [forward demodulation 43930,33127]
44154. inverse(inverse(inverse(inverse(X8)))) = X8 [backward demodulation 42835,44152]
44180. inverse(multiply(inverse(multiply(X2,multiply(X3,X4))),multiply(multiply(multiply(inverse(inverse(inverse(inverse(multiply(inverse(inverse(inverse(multiply(X6,multiply(X7,X0))))),multiply(inverse(inverse(X6)),X7)))))),X0),X2),inverse(inverse(inverse(inverse(X3))))))) = X4 [backward demodulation 42746,44154]
44181. inverse(multiply(inverse(multiply(X2,multiply(X3,X4))),multiply(inverse(inverse(inverse(inverse(X2)))),multiply(multiply(inverse(inverse(inverse(inverse(multiply(inverse(inverse(inverse(multiply(X7,multiply(X8,X0))))),multiply(inverse(inverse(X7)),X8)))))),X0),X3)))) = X4 [backward demodulation 42747,44154]
44182. inverse(multiply(X1,multiply(inverse(multiply(X3,multiply(X4,X1))),multiply(multiply(inverse(inverse(inverse(inverse(multiply(inverse(inverse(inverse(multiply(X6,multiply(X7,X0))))),multiply(inverse(inverse(X6)),X7)))))),X0),X3)))) = X4 [backward demodulation 42748,44154]
44213. inverse(multiply(X1,multiply(X3,X5))) = inverse(inverse(inverse(inverse(inverse(multiply(inverse(inverse(inverse(multiply(X7,inverse(multiply(X1,multiply(X3,X5))))))),multiply(inverse(inverse(X7)),multiply(X8,inverse(X8))))))))) [backward demodulation 42879,44154]
44341. inverse(inverse(inverse(multiply(X3,multiply(inverse(X3),X0))))) = inverse(inverse(inverse(inverse(inverse(inverse(inverse(X0))))))) [backward demodulation 44128,44154]
44387. multiply(X2,X0) = multiply(inverse(inverse(X2)),inverse(inverse(inverse(inverse(X0))))) [backward demodulation 42680,44154]
44388. inverse(multiply(X4,multiply(inverse(X4),X2))) = inverse(multiply(multiply(X1,multiply(inverse(X1),X2)),multiply(inverse(X3),X3))) [backward demodulation 44118,44154]
44478. inverse(multiply(inverse(multiply(X2,multiply(X3,X4))),multiply(multiply(multiply(inverse(inverse(inverse(inverse(multiply(inverse(inverse(inverse(multiply(X6,multiply(X7,X0))))),multiply(inverse(inverse(X6)),X7)))))),X0),X2),X3))) = X4 [forward demodulation 44180,44154]
44479. inverse(multiply(inverse(multiply(X2,multiply(X3,X4))),multiply(multiply(multiply(multiply(inverse(inverse(inverse(multiply(X6,multiply(X7,X0))))),multiply(inverse(inverse(X6)),X7)),X0),X2),X3))) = X4 [forward demodulation 44478,44154]
44480. inverse(multiply(inverse(multiply(X2,multiply(X3,X4))),multiply(inverse(inverse(inverse(inverse(X2)))),multiply(multiply(multiply(inverse(inverse(inverse(multiply(X7,multiply(X8,X0))))),multiply(inverse(inverse(X7)),X8)),X0),X3)))) = X4 [forward demodulation 44181,44154]
44481. inverse(multiply(inverse(multiply(X2,multiply(X3,X4))),multiply(X2,multiply(multiply(multiply(inverse(inverse(inverse(multiply(X7,multiply(X8,X0))))),multiply(inverse(inverse(X7)),X8)),X0),X3)))) = X4 [forward demodulation 44480,44154]
44482. inverse(multiply(X1,multiply(inverse(multiply(X3,multiply(X4,X1))),multiply(multiply(multiply(inverse(inverse(inverse(multiply(X6,multiply(X7,X0))))),multiply(inverse(inverse(X6)),X7)),X0),X3)))) = X4 [forward demodulation 44182,44154]
44557. inverse(multiply(X1,multiply(X3,X5))) = inverse(multiply(inverse(inverse(inverse(multiply(X7,inverse(multiply(X1,multiply(X3,X5))))))),multiply(inverse(inverse(X7)),multiply(X8,inverse(X8))))) [forward demodulation 44213,44154]
44615. inverse(inverse(inverse(X0))) = inverse(inverse(inverse(multiply(X3,multiply(inverse(X3),X0))))) [forward demodulation 44341,44154]
44631. multiply(X3,multiply(inverse(X3),X1)) = inverse(multiply(X2,multiply(inverse(X2),inverse(inverse(inverse(X1)))))) [backward demodulation 28684,44615]
44632. inverse(multiply(X1,multiply(inverse(X1),inverse(X0)))) = multiply(X0,multiply(inverse(inverse(inverse(X3))),X3)) [backward demodulation 28724,44615]
44648. multiply(X3,multiply(inverse(X3),X1)) = X1 [forward demodulation 44631,27784]
44679. inverse(X3) = inverse(multiply(inverse(multiply(X0,multiply(X4,inverse(X4)))),multiply(X0,X3))) [backward demodulation 27685,44648]
44722. multiply(multiply(multiply(X1,multiply(inverse(X1),inverse(inverse(inverse(X0))))),X0),X3) = X3 [backward demodulation 31891,44648]
44872. inverse(multiply(X2,multiply(X3,inverse(X3)))) = inverse(inverse(inverse(X2))) [backward demodulation 28539,44679]
44879. inverse(inverse(inverse(X1))) = inverse(multiply(X1,inverse(inverse(inverse(multiply(X0,inverse(X0))))))) [backward demodulation 23282,44872]
44958. inverse(inverse(inverse(X1))) = inverse(multiply(X1,inverse(inverse(multiply(X0,inverse(X0)))))) [backward demodulation 29235,44879]
44991. multiply(inverse(X0),multiply(X1,inverse(X1))) = inverse(inverse(inverse(X0))) [backward demodulation 31051,44958]
45077. inverse(multiply(X1,multiply(X3,X5))) = inverse(multiply(inverse(inverse(inverse(multiply(X7,inverse(multiply(X1,multiply(X3,X5))))))),inverse(inverse(inverse(inverse(X7)))))) [backward demodulation 44557,44991]
45213. inverse(multiply(X1,multiply(X3,X5))) = inverse(multiply(inverse(inverse(inverse(multiply(X7,inverse(multiply(X1,multiply(X3,X5))))))),X7)) [forward demodulation 45077,44154]
45353. multiply(multiply(inverse(inverse(inverse(X0))),X0),X3) = X3 [forward demodulation 44722,44648]
45406. inverse(inverse(X0)) = multiply(X0,multiply(inverse(inverse(inverse(X3))),X3)) [forward demodulation 44632,44648]
45450. multiply(X2,X0) = multiply(inverse(inverse(X2)),X0) [forward demodulation 44387,44154]
45476. multiply(multiply(inverse(X0),X0),X3) = X3 [backward demodulation 45353,45450]
45477. inverse(inverse(X0)) = multiply(X0,multiply(inverse(X3),X3)) [backward demodulation 45406,45450]
45481. inverse(multiply(X1,multiply(X3,X5))) = inverse(multiply(inverse(multiply(X7,inverse(multiply(X1,multiply(X3,X5))))),X7)) [backward demodulation 45213,45450]
45487. inverse(multiply(inverse(multiply(X2,multiply(X3,X4))),multiply(multiply(multiply(multiply(inverse(inverse(inverse(multiply(X6,multiply(X7,X0))))),multiply(X6,X7)),X0),X2),X3))) = X4 [backward demodulation 44479,45450]
45488. inverse(multiply(inverse(multiply(X2,multiply(X3,X4))),multiply(X2,multiply(multiply(multiply(inverse(inverse(inverse(multiply(X7,multiply(X8,X0))))),multiply(X7,X8)),X0),X3)))) = X4 [backward demodulation 44481,45450]
45489. inverse(multiply(X1,multiply(inverse(multiply(X3,multiply(X4,X1))),multiply(multiply(multiply(inverse(inverse(inverse(multiply(X6,multiply(X7,X0))))),multiply(X6,X7)),X0),X3)))) = X4 [backward demodulation 44482,45450]
45535. inverse(multiply(inverse(multiply(X2,multiply(X3,X4))),multiply(multiply(multiply(multiply(inverse(multiply(X6,multiply(X7,X0))),multiply(X6,X7)),X0),X2),X3))) = X4 [forward demodulation 45487,45450]
45536. inverse(multiply(inverse(multiply(X2,multiply(X3,X4))),multiply(X2,multiply(multiply(multiply(inverse(multiply(X7,multiply(X8,X0))),multiply(X7,X8)),X0),X3)))) = X4 [forward demodulation 45488,45450]
45537. inverse(multiply(X1,multiply(inverse(multiply(X3,multiply(X4,X1))),multiply(multiply(multiply(inverse(multiply(X6,multiply(X7,X0))),multiply(X6,X7)),X0),X3)))) = X4 [forward demodulation 45489,45450]
45567. inverse(multiply(X4,multiply(inverse(X4),X2))) = inverse(inverse(inverse(multiply(X1,multiply(inverse(X1),X2))))) [forward demodulation 44388,45477]
45568. inverse(multiply(X4,multiply(inverse(X4),X2))) = inverse(inverse(inverse(X2))) [forward demodulation 45567,44648]
45569. inverse(X2) = inverse(inverse(inverse(X2))) [forward demodulation 45568,44648]
45609. inverse(inverse(X8)) = X8 [backward demodulation 44154,45569]
45647. multiply(X0,multiply(inverse(X3),X3)) = X0 [backward demodulation 45477,45609]
46150. inverse(multiply(X0,multiply(inverse(inverse(inverse(multiply(X3,multiply(inverse(X3),X4))))),X4))) = multiply(X1,inverse(inverse(multiply(inverse(inverse(inverse(multiply(X2,multiply(X0,X1))))),X2)))) [forward demodulation 43996,45609]
46151. inverse(multiply(X0,multiply(inverse(inverse(inverse(multiply(X3,multiply(inverse(X3),X4))))),X4))) = multiply(X1,multiply(inverse(inverse(inverse(multiply(X2,multiply(X0,X1))))),X2)) [forward demodulation 46150,45609]
46152. inverse(multiply(X0,multiply(inverse(inverse(inverse(multiply(X3,multiply(inverse(X3),X4))))),X4))) = multiply(X1,multiply(inverse(multiply(X2,multiply(X0,X1))),X2)) [forward demodulation 46151,45609]
46153. multiply(X1,multiply(inverse(multiply(X2,multiply(X0,X1))),X2)) = inverse(multiply(X0,multiply(inverse(multiply(X3,multiply(inverse(X3),X4))),X4))) [forward demodulation 46152,45609]
46154. multiply(X1,multiply(inverse(multiply(X2,multiply(X0,X1))),X2)) = inverse(multiply(X0,multiply(inverse(X4),X4))) [forward demodulation 46153,44648]
46155. inverse(X0) = multiply(X1,multiply(inverse(multiply(X2,multiply(X0,X1))),X2)) [forward demodulation 46154,45647]
46253. multiply(multiply(inverse(X3),multiply(inverse(inverse(inverse(multiply(X4,multiply(inverse(X4),X5))))),X5)),X3) = multiply(multiply(X1,inverse(inverse(multiply(inverse(inverse(inverse(multiply(X2,multiply(X0,X1))))),X2)))),X0) [forward demodulation 44007,45609]
46254. multiply(multiply(inverse(X3),multiply(inverse(inverse(inverse(multiply(X4,multiply(inverse(X4),X5))))),X5)),X3) = multiply(multiply(X1,multiply(inverse(inverse(inverse(multiply(X2,multiply(X0,X1))))),X2)),X0) [forward demodulation 46253,45609]
46255. multiply(multiply(inverse(X3),multiply(inverse(inverse(inverse(multiply(X4,multiply(inverse(X4),X5))))),X5)),X3) = multiply(multiply(X1,multiply(inverse(multiply(X2,multiply(X0,X1))),X2)),X0) [forward demodulation 46254,45609]
46256. multiply(multiply(inverse(X3),multiply(inverse(inverse(inverse(multiply(X4,multiply(inverse(X4),X5))))),X5)),X3) = multiply(inverse(X0),X0) [forward demodulation 46255,46155]
46257. multiply(inverse(X0),X0) = multiply(multiply(inverse(X3),multiply(inverse(multiply(X4,multiply(inverse(X4),X5))),X5)),X3) [forward demodulation 46256,45609]
46258. multiply(inverse(X0),X0) = multiply(multiply(inverse(X3),multiply(inverse(X5),X5)),X3) [forward demodulation 46257,44648]
46259. multiply(inverse(X3),X3) = multiply(inverse(X0),X0) [forward demodulation 46258,45647]
46817. inverse(inverse(multiply(X0,multiply(X1,X2)))) = multiply(inverse(multiply(X3,inverse(multiply(X0,multiply(X1,X2))))),X3) [superposition 45609,45481]
46823. multiply(X0,multiply(X1,X2)) = multiply(inverse(multiply(X3,inverse(multiply(X0,multiply(X1,X2))))),X3) [forward demodulation 46817,45609]
46982. inverse(X0) = multiply(inverse(multiply(X1,multiply(X2,X0))),multiply(multiply(multiply(multiply(inverse(multiply(X3,multiply(X4,X5))),multiply(X3,X4)),X5),X1),X2)) [superposition 45609,45535]
47158. multiply(multiply(multiply(inverse(multiply(X3,multiply(X4,X5))),multiply(X3,X4)),X5),X2) = inverse(multiply(X0,multiply(inverse(multiply(X1,multiply(X2,X0))),multiply(multiply(multiply(inverse(multiply(X6,multiply(X7,X8))),multiply(X6,X7)),X8),X1)))) [superposition 45536,45536]
47244. multiply(multiply(multiply(inverse(multiply(X3,multiply(X4,X5))),multiply(X3,X4)),X5),X2) = X2 [forward demodulation 47158,45537]
47255. inverse(X0) = multiply(inverse(multiply(X1,multiply(X2,X0))),multiply(X1,X2)) [backward demodulation 46982,47244]
47656. inverse(multiply(X1,X2)) = multiply(inverse(multiply(X3,inverse(X0))),multiply(X3,inverse(multiply(X1,multiply(X2,X0))))) [superposition 47255,47255]
47833. multiply(inverse(multiply(X2,inverse(X0))),X2) = X0 [superposition 46823,44648]
48008. inverse(inverse(multiply(X0,multiply(X1,X2)))) = multiply(inverse(inverse(multiply(X0,X1))),multiply(inverse(multiply(X3,inverse(X2))),X3)) [superposition 47255,47656]
48143. inverse(inverse(multiply(X0,multiply(X1,X2)))) = multiply(inverse(inverse(multiply(X0,X1))),X2) [forward demodulation 48008,47833]
48144. multiply(multiply(X0,X1),X2) = inverse(inverse(multiply(X0,multiply(X1,X2)))) [forward demodulation 48143,45609]
48145. multiply(X0,multiply(X1,X2)) = multiply(multiply(X0,X1),X2) [forward demodulation 48144,45609]
48726. multiply(inverse(a1),a1) != multiply(inverse(X0),X0) <- (~1) [superposition 6,46259]
48755. $false <- (~1) [subsumption resolution 48726,46259]
48756. 1 [avatar contradiction clause 48755]
48768. $false <- (~2) [subsumption resolution 10,45476]
48769. 2 [avatar contradiction clause 48768]
48770. $false <- (~3) [subsumption resolution 14,48145]
48771. 3 [avatar contradiction clause 48770]
48772. $false [avatar sat refutation 15,48756,48769,48771]
% SZS output end Proof for GRP062-1
% ------------------------------
% Version: Vampire 4.9 (Release build, commit 0accf6da4 on 2024-12-10 11:55:58 +0000)
% Termination reason: Refutation

% Time elapsed: 5.279 s
% Instructions burned: 23025 (million)
% ------------------------------
% ------------------------------
