% Running in auto input_syntax mode. Trying TPTP
% Refutation found. Thanks to Tanya!
% SZS status Unsatisfiable for GRP444-1_clausified
% SZS output start Proof for GRP444-1_clausified
1. inverse(multiply(X0,multiply(X1,multiply(multiply(X2,inverse(X2)),inverse(multiply(X3,multiply(X0,X1))))))) = X3 [input(axiom)]
2. multiply(multiply(a3,b3),c3) != multiply(a3,multiply(b3,c3)) [input(negated conjecture)]
4. inverse(multiply(X1,multiply(multiply(multiply(X2,inverse(X2)),inverse(multiply(X0,multiply(X3,X1)))),multiply(multiply(X4,inverse(X4)),X0)))) = X3 [superposition 1,1]
7. inverse(multiply(multiply(multiply(X1,inverse(X1)),inverse(multiply(X0,multiply(X2,X3)))),multiply(multiply(multiply(X4,inverse(X4)),X0),multiply(multiply(X5,inverse(X5)),X2)))) = X3 [superposition 4,1]
8. multiply(multiply(X5,inverse(X5)),inverse(multiply(X2,multiply(X0,X4)))) = inverse(multiply(multiply(multiply(X1,inverse(X1)),X2),multiply(multiply(multiply(X3,inverse(X3)),X0),multiply(multiply(X6,inverse(X6)),X4)))) [superposition 4,4]
38. inverse(multiply(multiply(multiply(X1,inverse(X1)),inverse(multiply(X2,multiply(X3,X4)))),multiply(multiply(multiply(multiply(multiply(multiply(X5,inverse(X5)),inverse(multiply(X6,multiply(X7,X0)))),multiply(multiply(multiply(X8,inverse(X8)),X6),multiply(multiply(X9,inverse(X9)),X7))),X0),X2),multiply(multiply(X10,inverse(X10)),X3)))) = X4 [superposition 7,7]
42. inverse(multiply(multiply(multiply(X1,inverse(X1)),inverse(multiply(X2,multiply(X3,X4)))),multiply(multiply(multiply(X5,inverse(X5)),X2),multiply(multiply(multiply(multiply(multiply(X6,inverse(X6)),inverse(multiply(X7,multiply(X8,X0)))),multiply(multiply(multiply(X9,inverse(X9)),X7),multiply(multiply(X10,inverse(X10)),X8))),X0),X3)))) = X4 [superposition 7,7]
50. inverse(multiply(X1,multiply(multiply(multiply(X2,inverse(X2)),inverse(multiply(X3,multiply(X4,X1)))),multiply(multiply(multiply(multiply(multiply(X5,inverse(X5)),inverse(multiply(X6,multiply(X7,X0)))),multiply(multiply(multiply(X8,inverse(X8)),X6),multiply(multiply(X9,inverse(X9)),X7))),X0),X3)))) = X4 [superposition 4,7]
56. inverse(multiply(multiply(multiply(X9,inverse(X9)),X7),multiply(multiply(multiply(X10,inverse(X10)),multiply(X8,inverse(X8))),multiply(multiply(X11,inverse(X11)),inverse(multiply(X1,multiply(X3,X5))))))) = multiply(multiply(X6,inverse(X6)),inverse(multiply(X7,inverse(multiply(multiply(multiply(X0,inverse(X0)),X1),multiply(multiply(multiply(X2,inverse(X2)),X3),multiply(multiply(X4,inverse(X4)),X5))))))) [superposition 8,8]
81. multiply(multiply(X1,inverse(X1)),inverse(multiply(inverse(multiply(X2,multiply(X3,X0))),multiply(X2,X3)))) = X0 [superposition 8,7]
83. multiply(multiply(X1,inverse(X1)),inverse(multiply(X2,multiply(inverse(multiply(X3,multiply(X0,multiply(multiply(X4,inverse(X4)),X2)))),X3)))) = X0 [superposition 8,4]
92. inverse(multiply(X1,multiply(X3,X5))) = inverse(multiply(multiply(multiply(X6,inverse(X6)),inverse(multiply(X7,inverse(multiply(multiply(multiply(X0,inverse(X0)),X1),multiply(multiply(multiply(X2,inverse(X2)),X3),multiply(multiply(X4,inverse(X4)),X5))))))),multiply(multiply(multiply(X9,inverse(X9)),X7),multiply(multiply(X10,inverse(X10)),multiply(X8,inverse(X8)))))) [superposition 7,8]
96. inverse(multiply(multiply(X6,inverse(X6)),multiply(inverse(multiply(X1,multiply(X3,X5))),multiply(multiply(X7,inverse(X7)),inverse(multiply(X8,inverse(multiply(multiply(multiply(X0,inverse(X0)),X1),multiply(multiply(multiply(X2,inverse(X2)),X3),multiply(multiply(X4,inverse(X4)),X5)))))))))) = X8 [superposition 1,8]
120. multiply(multiply(X5,inverse(X5)),X4) = multiply(multiply(X1,inverse(X1)),inverse(multiply(X0,multiply(X2,multiply(multiply(X3,inverse(X3)),inverse(multiply(X4,multiply(X0,X2)))))))) [superposition 81,4]
143. multiply(multiply(X5,inverse(X5)),X4) = multiply(multiply(X1,inverse(X1)),X4) [forward demodulation 120,1]
205. multiply(multiply(X3,inverse(X3)),X2) = multiply(multiply(multiply(X0,inverse(X0)),inverse(multiply(X1,inverse(X1)))),X2) [superposition 143,143]
1068. multiply(X6,inverse(X6)) = multiply(multiply(X4,inverse(X4)),inverse(multiply(X3,multiply(inverse(multiply(X5,multiply(multiply(multiply(X0,inverse(X0)),inverse(multiply(X1,inverse(X1)))),multiply(multiply(X2,inverse(X2)),X3)))),X5)))) [superposition 83,205]
1093. inverse(multiply(inverse(multiply(X1,multiply(X0,multiply(multiply(X2,inverse(X2)),X3)))),multiply(X1,X0))) = X3 [superposition 1,83]
1346. inverse(multiply(X0,multiply(inverse(multiply(X1,multiply(multiply(multiply(X2,inverse(X2)),X3),multiply(multiply(X4,inverse(X4)),X0)))),X1))) = X3 [superposition 1093,1093]
1409. multiply(X6,inverse(X6)) = multiply(multiply(X4,inverse(X4)),inverse(multiply(X1,inverse(X1)))) [backward demodulation 1068,1346]
1653. multiply(X1,inverse(X1)) = multiply(X0,inverse(X0)) [superposition 1409,1409]
1763. inverse(multiply(X4,inverse(X4))) = inverse(multiply(inverse(multiply(X1,multiply(X2,multiply(X0,inverse(X0))))),multiply(X1,X2))) [superposition 1093,1409]
2125. inverse(multiply(X1,multiply(inverse(X1),multiply(multiply(X2,inverse(X2)),inverse(multiply(X3,multiply(X0,inverse(X0)))))))) = X3 [superposition 1,1653]
2145. inverse(X3) = multiply(multiply(X1,inverse(X1)),inverse(multiply(inverse(multiply(X2,multiply(X0,inverse(X0)))),multiply(X2,X3)))) [superposition 81,1653]
2146. multiply(multiply(X1,inverse(X1)),inverse(multiply(inverse(multiply(X2,multiply(inverse(X2),X3))),multiply(X0,inverse(X0))))) = X3 [superposition 81,1653]
2148. inverse(multiply(inverse(multiply(X1,multiply(inverse(X1),multiply(multiply(X2,inverse(X2)),X3)))),multiply(X0,inverse(X0)))) = X3 [superposition 1093,1653]
2612. inverse(multiply(X1,inverse(X1))) = inverse(multiply(X0,inverse(X0))) [superposition 1763,1093]
4129. inverse(multiply(X3,multiply(inverse(X3),X0))) = inverse(multiply(X1,multiply(inverse(X1),X0))) [superposition 2125,81]
4138. inverse(multiply(X0,multiply(X1,inverse(X1)))) = inverse(multiply(X0,multiply(X3,inverse(X3)))) [superposition 1093,2125]
4586. inverse(multiply(X2,multiply(inverse(X2),inverse(inverse(X1))))) = inverse(multiply(X1,multiply(X0,inverse(X0)))) [superposition 4129,1653]
4648. inverse(multiply(inverse(X2),multiply(X1,multiply(multiply(X3,inverse(X3)),inverse(multiply(X0,multiply(inverse(X0),X1))))))) = X2 [superposition 1,4129]
4694. inverse(multiply(X2,multiply(inverse(X2),multiply(multiply(X3,inverse(X3)),inverse(multiply(X0,multiply(inverse(X0),inverse(inverse(X1))))))))) = X1 [superposition 2125,4129]
6215. multiply(multiply(X3,inverse(X3)),inverse(multiply(X0,multiply(inverse(X0),inverse(inverse(inverse(multiply(X1,multiply(inverse(X1),X2))))))))) = X2 [superposition 81,4586]
8425. inverse(inverse(X1)) = multiply(multiply(X3,inverse(X3)),inverse(multiply(X0,multiply(inverse(X0),inverse(inverse(inverse(multiply(X1,multiply(X2,inverse(X2)))))))))) [superposition 2145,4586]
11260. inverse(multiply(inverse(X1),multiply(inverse(inverse(inverse(multiply(X2,multiply(inverse(X2),X0))))),X0))) = X1 [superposition 4648,2146]
11332. multiply(multiply(X2,inverse(X2)),inverse(multiply(X3,multiply(inverse(X3),inverse(inverse(X0)))))) = multiply(multiply(X1,inverse(X1)),inverse(multiply(X0,multiply(X4,inverse(X4))))) [superposition 2146,4648]
12099. multiply(inverse(inverse(inverse(multiply(X1,multiply(inverse(X1),X2))))),multiply(X2,multiply(multiply(X3,inverse(X3)),X0))) = X0 [superposition 11260,1093]
12108. inverse(X1) = multiply(multiply(X3,inverse(X3)),multiply(inverse(inverse(inverse(multiply(X0,multiply(inverse(X0),X1))))),multiply(X2,inverse(X2)))) [superposition 2145,11260]
14482. inverse(inverse(multiply(X0,multiply(inverse(X0),X1)))) = inverse(inverse(multiply(X2,multiply(inverse(X2),X1)))) [superposition 4648,12099]
14491. inverse(inverse(multiply(X0,multiply(inverse(inverse(inverse(multiply(X1,multiply(inverse(X1),X2))))),X2)))) = X0 [superposition 1,12099]
15646. inverse(inverse(multiply(X1,multiply(X0,inverse(X0))))) = inverse(inverse(multiply(X2,multiply(inverse(X2),inverse(inverse(X1)))))) [superposition 14482,1653]
15863. multiply(X3,inverse(X3)) = multiply(inverse(multiply(X2,multiply(inverse(X2),X1))),inverse(inverse(multiply(X0,multiply(inverse(X0),X1))))) [superposition 1653,14482]
16809. multiply(X3,inverse(X3)) = multiply(inverse(multiply(X0,multiply(inverse(inverse(inverse(multiply(X1,multiply(inverse(X1),X2))))),X2))),X0) [superposition 1653,14491]
16876. inverse(inverse(multiply(X1,multiply(X2,inverse(X2))))) = inverse(inverse(multiply(X1,multiply(X0,inverse(X0))))) [superposition 15646,1653]
17060. inverse(multiply(X2,multiply(inverse(X2),X3))) = inverse(multiply(inverse(multiply(X0,multiply(X4,inverse(X4)))),multiply(inverse(inverse(multiply(X0,multiply(X1,inverse(X1))))),X3))) [superposition 4129,16876]
20971. multiply(X1,inverse(X1)) = multiply(inverse(inverse(multiply(X0,inverse(X0)))),multiply(X2,inverse(X2))) [superposition 16809,12108]
20972. multiply(X1,inverse(X1)) = inverse(inverse(inverse(multiply(X0,inverse(X0))))) [superposition 14491,12108]
21006. multiply(multiply(X1,inverse(X1)),inverse(multiply(X0,inverse(X0)))) = inverse(inverse(inverse(multiply(X2,inverse(X2))))) [superposition 20972,2612]
21082. multiply(X1,inverse(X1)) = inverse(inverse(inverse(multiply(multiply(X2,inverse(X2)),inverse(multiply(X0,inverse(X0))))))) [superposition 20972,2612]
21099. multiply(X1,inverse(X1)) = inverse(inverse(inverse(multiply(inverse(inverse(multiply(X2,inverse(X2)))),multiply(X0,inverse(X0)))))) [superposition 20972,20972]
21151. multiply(multiply(X1,inverse(X1)),X2) = multiply(inverse(inverse(inverse(multiply(X0,inverse(X0))))),X2) [superposition 143,20972]
21191. inverse(multiply(X2,inverse(X2))) = inverse(inverse(inverse(inverse(multiply(X0,inverse(X0)))))) [superposition 2612,20972]
21196. inverse(multiply(X1,multiply(X3,inverse(X3)))) = inverse(multiply(X1,inverse(inverse(inverse(multiply(X0,inverse(X0))))))) [superposition 4138,20972]
21374. inverse(multiply(inverse(multiply(inverse(inverse(multiply(X1,inverse(X1)))),multiply(multiply(X0,inverse(X0)),multiply(multiply(X2,inverse(X2)),X3)))),multiply(X4,inverse(X4)))) = X3 [superposition 2148,20972]
21719. inverse(inverse(multiply(X1,multiply(X3,inverse(X3))))) = inverse(inverse(multiply(X1,multiply(multiply(X2,inverse(X2)),inverse(inverse(inverse(inverse(multiply(X0,inverse(X0)))))))))) [superposition 16876,21191]
22709. multiply(inverse(inverse(inverse(multiply(inverse(multiply(X1,inverse(X1))),multiply(X0,inverse(X0)))))),multiply(multiply(X2,inverse(X2)),multiply(multiply(X3,inverse(X3)),X4))) = X4 [superposition 12099,20971]
25419. inverse(inverse(multiply(X1,multiply(multiply(X0,inverse(X0)),inverse(inverse(inverse(inverse(multiply(X2,inverse(X2)))))))))) = X1 [superposition 14491,21099]
25431. inverse(inverse(multiply(X1,multiply(X3,inverse(X3))))) = X1 [backward demodulation 21719,25419]
25433. inverse(inverse(X1)) = multiply(multiply(X3,inverse(X3)),inverse(multiply(X0,multiply(inverse(X0),inverse(X1))))) [backward demodulation 8425,25431]
25459. inverse(multiply(X2,multiply(inverse(X2),X3))) = inverse(multiply(inverse(multiply(X0,multiply(X4,inverse(X4)))),multiply(X0,X3))) [backward demodulation 17060,25431]
25508. multiply(inverse(inverse(multiply(X1,inverse(X1)))),multiply(multiply(X2,inverse(X2)),multiply(multiply(X3,inverse(X3)),X4))) = X4 [backward demodulation 22709,25431]
25558. inverse(multiply(X2,multiply(inverse(X2),inverse(inverse(inverse(X1)))))) = X1 [backward demodulation 4694,25433]
25560. multiply(multiply(X1,inverse(X1)),inverse(multiply(X0,multiply(X4,inverse(X4))))) = inverse(inverse(inverse(X0))) [backward demodulation 11332,25433]
25566. multiply(multiply(X3,inverse(X3)),multiply(X1,multiply(inverse(X1),X2))) = X2 [backward demodulation 6215,25558]
25668. inverse(multiply(inverse(X3),multiply(X4,inverse(X4)))) = X3 [backward demodulation 21374,25508]
25848. inverse(multiply(inverse(X2),inverse(inverse(inverse(multiply(multiply(X0,inverse(X0)),inverse(multiply(X1,inverse(X1))))))))) = X2 [superposition 25668,21082]
25861. multiply(X1,multiply(inverse(X1),multiply(multiply(X2,inverse(X2)),X0))) = X0 [superposition 25668,2148]
26313. inverse(multiply(X2,multiply(X3,inverse(X3)))) = inverse(multiply(inverse(multiply(X0,multiply(X1,inverse(X1)))),multiply(X0,inverse(inverse(X2))))) [superposition 4586,25431]
26458. multiply(X3,multiply(inverse(X3),X1)) = inverse(multiply(X2,multiply(inverse(X2),inverse(inverse(inverse(multiply(X0,multiply(inverse(X0),X1)))))))) [superposition 25558,4129]
26498. inverse(multiply(X1,multiply(inverse(X1),inverse(X0)))) = multiply(X0,multiply(inverse(inverse(inverse(multiply(X2,multiply(inverse(X2),X3))))),X3)) [superposition 25558,14491]
26516. multiply(X3,inverse(X3)) = inverse(multiply(X2,multiply(inverse(X2),multiply(multiply(X0,inverse(X0)),inverse(multiply(X1,inverse(X1))))))) [superposition 25558,21006]
26702. multiply(X3,inverse(X3)) = inverse(inverse(multiply(X1,inverse(X1)))) [forward demodulation 26516,25861]
26813. multiply(X1,inverse(X1)) = inverse(inverse(multiply(inverse(multiply(X2,inverse(X2))),multiply(X0,inverse(X0))))) [superposition 26702,26702]
26993. inverse(multiply(X1,inverse(inverse(inverse(multiply(X3,inverse(X3))))))) = inverse(multiply(X1,inverse(inverse(multiply(X0,inverse(X0)))))) [superposition 21196,26702]
27005. inverse(inverse(multiply(X1,inverse(inverse(multiply(X0,inverse(X0))))))) = X1 [superposition 25431,26702]
27159. multiply(inverse(inverse(inverse(multiply(X3,inverse(X3))))),X2) = multiply(multiply(inverse(multiply(X1,inverse(X1))),multiply(X0,inverse(X0))),X2) [superposition 21151,26702]
27190. multiply(X1,inverse(X1)) = inverse(multiply(X2,inverse(X2))) [forward demodulation 26813,25668]
27527. multiply(inverse(multiply(X0,inverse(X0))),X2) = multiply(inverse(inverse(inverse(multiply(X3,inverse(X3))))),X2) [superposition 21151,27190]
27550. inverse(inverse(multiply(X1,inverse(multiply(X0,inverse(X0)))))) = X1 [superposition 25431,27190]
27783. inverse(multiply(inverse(X2),inverse(multiply(X0,inverse(X0))))) = X2 [backward demodulation 25848,27550]
27863. multiply(inverse(X0),multiply(X1,inverse(X1))) = inverse(multiply(X0,inverse(multiply(X2,inverse(X2))))) [superposition 27783,25668]
28957. inverse(multiply(X0,inverse(inverse(multiply(X1,inverse(X1)))))) = inverse(multiply(X0,inverse(multiply(X2,inverse(X2))))) [superposition 27783,27005]
30725. multiply(multiply(X3,inverse(X3)),X0) = multiply(multiply(X1,inverse(X1)),inverse(multiply(inverse(X0),multiply(X2,inverse(X2))))) [superposition 81,25861]
30732. multiply(inverse(inverse(X2)),multiply(multiply(X3,inverse(X3)),X0)) = multiply(multiply(X1,inverse(X1)),multiply(X2,X0)) [superposition 25566,25861]
30798. multiply(multiply(X3,inverse(X3)),X0) = inverse(inverse(inverse(inverse(X0)))) [forward demodulation 30725,25560]
30799. inverse(multiply(X1,multiply(multiply(multiply(X2,inverse(X2)),inverse(multiply(X0,multiply(X3,X1)))),inverse(inverse(inverse(inverse(X0))))))) = X3 [backward demodulation 4,30798]
30803. multiply(multiply(X5,inverse(X5)),inverse(multiply(X2,multiply(X0,X4)))) = inverse(multiply(inverse(inverse(inverse(inverse(X2)))),multiply(multiply(multiply(X3,inverse(X3)),X0),multiply(multiply(X6,inverse(X6)),X4)))) [backward demodulation 8,30798]
30821. inverse(multiply(multiply(multiply(X1,inverse(X1)),inverse(multiply(X2,multiply(X3,X4)))),multiply(multiply(multiply(multiply(multiply(multiply(X5,inverse(X5)),inverse(multiply(X6,multiply(X7,X0)))),multiply(inverse(inverse(inverse(inverse(X6)))),multiply(multiply(X9,inverse(X9)),X7))),X0),X2),multiply(multiply(X10,inverse(X10)),X3)))) = X4 [backward demodulation 38,30798]
30824. inverse(multiply(multiply(multiply(X1,inverse(X1)),inverse(multiply(X2,multiply(X3,X4)))),multiply(inverse(inverse(inverse(inverse(X2)))),multiply(multiply(multiply(multiply(multiply(X6,inverse(X6)),inverse(multiply(X7,multiply(X8,X0)))),multiply(multiply(multiply(X9,inverse(X9)),X7),multiply(multiply(X10,inverse(X10)),X8))),X0),X3)))) = X4 [backward demodulation 42,30798]
30829. inverse(multiply(X1,multiply(multiply(multiply(X2,inverse(X2)),inverse(multiply(X3,multiply(X4,X1)))),multiply(multiply(multiply(multiply(multiply(X5,inverse(X5)),inverse(multiply(X6,multiply(X7,X0)))),multiply(inverse(inverse(inverse(inverse(X6)))),multiply(multiply(X9,inverse(X9)),X7))),X0),X3)))) = X4 [backward demodulation 50,30798]
30834. inverse(multiply(multiply(multiply(X9,inverse(X9)),X7),multiply(multiply(multiply(X10,inverse(X10)),multiply(X8,inverse(X8))),multiply(multiply(X11,inverse(X11)),inverse(multiply(X1,multiply(X3,X5))))))) = multiply(multiply(X6,inverse(X6)),inverse(multiply(X7,inverse(multiply(inverse(inverse(inverse(inverse(X1)))),multiply(multiply(multiply(X2,inverse(X2)),X3),multiply(multiply(X4,inverse(X4)),X5))))))) [backward demodulation 56,30798]
30865. inverse(multiply(X1,multiply(X3,X5))) = inverse(multiply(multiply(multiply(X6,inverse(X6)),inverse(multiply(X7,inverse(multiply(inverse(inverse(inverse(inverse(X1)))),multiply(multiply(multiply(X2,inverse(X2)),X3),multiply(multiply(X4,inverse(X4)),X5))))))),multiply(multiply(multiply(X9,inverse(X9)),X7),multiply(multiply(X10,inverse(X10)),multiply(X8,inverse(X8)))))) [backward demodulation 92,30798]
30869. inverse(multiply(multiply(X6,inverse(X6)),multiply(inverse(multiply(X1,multiply(X3,X5))),multiply(multiply(X7,inverse(X7)),inverse(multiply(X8,inverse(multiply(inverse(inverse(inverse(inverse(X1)))),multiply(multiply(multiply(X2,inverse(X2)),X3),multiply(multiply(X4,inverse(X4)),X5)))))))))) = X8 [backward demodulation 96,30798]
32078. inverse(inverse(inverse(inverse(X2)))) = multiply(inverse(inverse(inverse(multiply(X0,inverse(X0))))),X2) [backward demodulation 21151,30798]
32377. inverse(multiply(X1,multiply(inverse(inverse(inverse(inverse(inverse(multiply(X0,multiply(X3,X1))))))),inverse(inverse(inverse(inverse(X0))))))) = X3 [forward demodulation 30799,30798]
32383. multiply(multiply(X5,inverse(X5)),inverse(multiply(X2,multiply(X0,X4)))) = inverse(multiply(inverse(inverse(inverse(inverse(X2)))),multiply(multiply(multiply(X3,inverse(X3)),X0),inverse(inverse(inverse(inverse(X4))))))) [forward demodulation 30803,30798]
32384. multiply(multiply(X5,inverse(X5)),inverse(multiply(X2,multiply(X0,X4)))) = inverse(multiply(inverse(inverse(inverse(inverse(X2)))),multiply(inverse(inverse(inverse(inverse(X0)))),inverse(inverse(inverse(inverse(X4))))))) [forward demodulation 32383,30798]
32385. inverse(multiply(inverse(inverse(inverse(inverse(X2)))),multiply(inverse(inverse(inverse(inverse(X0)))),inverse(inverse(inverse(inverse(X4))))))) = inverse(inverse(inverse(inverse(inverse(multiply(X2,multiply(X0,X4))))))) [forward demodulation 32384,30798]
32435. inverse(multiply(multiply(multiply(X1,inverse(X1)),inverse(multiply(X2,multiply(X3,X4)))),multiply(multiply(multiply(multiply(multiply(multiply(X5,inverse(X5)),inverse(multiply(X6,multiply(X7,X0)))),multiply(inverse(inverse(inverse(inverse(X6)))),multiply(multiply(X9,inverse(X9)),X7))),X0),X2),inverse(inverse(inverse(inverse(X3))))))) = X4 [forward demodulation 30821,30798]
32436. inverse(multiply(multiply(multiply(X1,inverse(X1)),inverse(multiply(X2,multiply(X3,X4)))),multiply(multiply(multiply(multiply(multiply(multiply(X5,inverse(X5)),inverse(multiply(X6,multiply(X7,X0)))),multiply(inverse(inverse(inverse(inverse(X6)))),inverse(inverse(inverse(inverse(X7)))))),X0),X2),inverse(inverse(inverse(inverse(X3))))))) = X4 [forward demodulation 32435,30798]
32437. inverse(multiply(multiply(multiply(X1,inverse(X1)),inverse(multiply(X2,multiply(X3,X4)))),multiply(multiply(multiply(multiply(inverse(inverse(inverse(inverse(inverse(multiply(X6,multiply(X7,X0))))))),multiply(inverse(inverse(inverse(inverse(X6)))),inverse(inverse(inverse(inverse(X7)))))),X0),X2),inverse(inverse(inverse(inverse(X3))))))) = X4 [forward demodulation 32436,30798]
32438. inverse(multiply(inverse(inverse(inverse(inverse(inverse(multiply(X2,multiply(X3,X4))))))),multiply(multiply(multiply(multiply(inverse(inverse(inverse(inverse(inverse(multiply(X6,multiply(X7,X0))))))),multiply(inverse(inverse(inverse(inverse(X6)))),inverse(inverse(inverse(inverse(X7)))))),X0),X2),inverse(inverse(inverse(inverse(X3))))))) = X4 [forward demodulation 32437,30798]
32445. inverse(multiply(multiply(multiply(X1,inverse(X1)),inverse(multiply(X2,multiply(X3,X4)))),multiply(inverse(inverse(inverse(inverse(X2)))),multiply(multiply(multiply(multiply(multiply(X6,inverse(X6)),inverse(multiply(X7,multiply(X8,X0)))),multiply(multiply(multiply(X9,inverse(X9)),X7),inverse(inverse(inverse(inverse(X8)))))),X0),X3)))) = X4 [forward demodulation 30824,30798]
32446. inverse(multiply(multiply(multiply(X1,inverse(X1)),inverse(multiply(X2,multiply(X3,X4)))),multiply(inverse(inverse(inverse(inverse(X2)))),multiply(multiply(multiply(multiply(multiply(X6,inverse(X6)),inverse(multiply(X7,multiply(X8,X0)))),multiply(inverse(inverse(inverse(inverse(X7)))),inverse(inverse(inverse(inverse(X8)))))),X0),X3)))) = X4 [forward demodulation 32445,30798]
32447. inverse(multiply(multiply(multiply(X1,inverse(X1)),inverse(multiply(X2,multiply(X3,X4)))),multiply(inverse(inverse(inverse(inverse(X2)))),multiply(multiply(multiply(inverse(inverse(inverse(inverse(inverse(multiply(X7,multiply(X8,X0))))))),multiply(inverse(inverse(inverse(inverse(X7)))),inverse(inverse(inverse(inverse(X8)))))),X0),X3)))) = X4 [forward demodulation 32446,30798]
32448. inverse(multiply(inverse(inverse(inverse(inverse(inverse(multiply(X2,multiply(X3,X4))))))),multiply(inverse(inverse(inverse(inverse(X2)))),multiply(multiply(multiply(inverse(inverse(inverse(inverse(inverse(multiply(X7,multiply(X8,X0))))))),multiply(inverse(inverse(inverse(inverse(X7)))),inverse(inverse(inverse(inverse(X8)))))),X0),X3)))) = X4 [forward demodulation 32447,30798]
32460. inverse(multiply(X1,multiply(multiply(multiply(X2,inverse(X2)),inverse(multiply(X3,multiply(X4,X1)))),multiply(multiply(multiply(multiply(multiply(X5,inverse(X5)),inverse(multiply(X6,multiply(X7,X0)))),multiply(inverse(inverse(inverse(inverse(X6)))),inverse(inverse(inverse(inverse(X7)))))),X0),X3)))) = X4 [forward demodulation 30829,30798]
32461. inverse(multiply(X1,multiply(multiply(multiply(X2,inverse(X2)),inverse(multiply(X3,multiply(X4,X1)))),multiply(multiply(multiply(inverse(inverse(inverse(inverse(inverse(multiply(X6,multiply(X7,X0))))))),multiply(inverse(inverse(inverse(inverse(X6)))),inverse(inverse(inverse(inverse(X7)))))),X0),X3)))) = X4 [forward demodulation 32460,30798]
32462. inverse(multiply(X1,multiply(inverse(inverse(inverse(inverse(inverse(multiply(X3,multiply(X4,X1))))))),multiply(multiply(multiply(inverse(inverse(inverse(inverse(inverse(multiply(X6,multiply(X7,X0))))))),multiply(inverse(inverse(inverse(inverse(X6)))),inverse(inverse(inverse(inverse(X7)))))),X0),X3)))) = X4 [forward demodulation 32461,30798]
32497. inverse(multiply(multiply(multiply(X9,inverse(X9)),X7),multiply(multiply(multiply(X10,inverse(X10)),multiply(X8,inverse(X8))),multiply(multiply(X11,inverse(X11)),inverse(multiply(X1,multiply(X3,X5))))))) = multiply(multiply(X6,inverse(X6)),inverse(multiply(X7,inverse(multiply(inverse(inverse(inverse(inverse(X1)))),multiply(multiply(multiply(X2,inverse(X2)),X3),inverse(inverse(inverse(inverse(X5)))))))))) [forward demodulation 30834,30798]
32498. inverse(multiply(multiply(multiply(X9,inverse(X9)),X7),multiply(multiply(multiply(X10,inverse(X10)),multiply(X8,inverse(X8))),multiply(multiply(X11,inverse(X11)),inverse(multiply(X1,multiply(X3,X5))))))) = multiply(multiply(X6,inverse(X6)),inverse(multiply(X7,inverse(multiply(inverse(inverse(inverse(inverse(X1)))),multiply(inverse(inverse(inverse(inverse(X3)))),inverse(inverse(inverse(inverse(X5)))))))))) [forward demodulation 32497,30798]
32499. inverse(multiply(multiply(multiply(X9,inverse(X9)),X7),multiply(multiply(multiply(X10,inverse(X10)),multiply(X8,inverse(X8))),multiply(multiply(X11,inverse(X11)),inverse(multiply(X1,multiply(X3,X5))))))) = inverse(inverse(inverse(inverse(inverse(multiply(X7,inverse(multiply(inverse(inverse(inverse(inverse(X1)))),multiply(inverse(inverse(inverse(inverse(X3)))),inverse(inverse(inverse(inverse(X5))))))))))))) [forward demodulation 32498,30798]
32500. inverse(multiply(multiply(multiply(X9,inverse(X9)),X7),multiply(multiply(multiply(X10,inverse(X10)),multiply(X8,inverse(X8))),multiply(multiply(X11,inverse(X11)),inverse(multiply(X1,multiply(X3,X5))))))) = inverse(inverse(inverse(inverse(inverse(multiply(X7,inverse(inverse(inverse(inverse(inverse(multiply(X1,multiply(X3,X5))))))))))))) [forward demodulation 32499,32385]
32501. inverse(inverse(inverse(inverse(inverse(multiply(X7,inverse(inverse(inverse(inverse(inverse(multiply(X1,multiply(X3,X5))))))))))))) = inverse(multiply(multiply(multiply(X9,inverse(X9)),X7),multiply(multiply(multiply(X10,inverse(X10)),multiply(X8,inverse(X8))),inverse(inverse(inverse(inverse(inverse(multiply(X1,multiply(X3,X5)))))))))) [forward demodulation 32500,30798]
32502. inverse(inverse(inverse(inverse(inverse(multiply(X7,inverse(inverse(inverse(inverse(inverse(multiply(X1,multiply(X3,X5))))))))))))) = inverse(multiply(multiply(multiply(X9,inverse(X9)),X7),multiply(inverse(inverse(inverse(inverse(multiply(X8,inverse(X8)))))),inverse(inverse(inverse(inverse(inverse(multiply(X1,multiply(X3,X5)))))))))) [forward demodulation 32501,30798]
32503. inverse(inverse(inverse(inverse(inverse(multiply(X7,inverse(inverse(inverse(inverse(inverse(multiply(X1,multiply(X3,X5))))))))))))) = inverse(multiply(inverse(inverse(inverse(inverse(X7)))),multiply(inverse(inverse(inverse(inverse(multiply(X8,inverse(X8)))))),inverse(inverse(inverse(inverse(inverse(multiply(X1,multiply(X3,X5)))))))))) [forward demodulation 32502,30798]
32640. inverse(multiply(X1,multiply(X3,X5))) = inverse(multiply(multiply(multiply(X6,inverse(X6)),inverse(multiply(X7,inverse(multiply(inverse(inverse(inverse(inverse(X1)))),multiply(multiply(multiply(X2,inverse(X2)),X3),multiply(multiply(X4,inverse(X4)),X5))))))),multiply(multiply(multiply(X9,inverse(X9)),X7),inverse(inverse(inverse(inverse(multiply(X8,inverse(X8))))))))) [forward demodulation 30865,30798]
32641. inverse(multiply(X1,multiply(X3,X5))) = inverse(multiply(multiply(multiply(X6,inverse(X6)),inverse(multiply(X7,inverse(multiply(inverse(inverse(inverse(inverse(X1)))),multiply(multiply(multiply(X2,inverse(X2)),X3),multiply(multiply(X4,inverse(X4)),X5))))))),multiply(inverse(inverse(inverse(inverse(X7)))),inverse(inverse(inverse(inverse(multiply(X8,inverse(X8))))))))) [forward demodulation 32640,30798]
32642. inverse(multiply(X1,multiply(X3,X5))) = inverse(multiply(inverse(inverse(inverse(inverse(inverse(multiply(X7,inverse(multiply(inverse(inverse(inverse(inverse(X1)))),multiply(multiply(multiply(X2,inverse(X2)),X3),multiply(multiply(X4,inverse(X4)),X5)))))))))),multiply(inverse(inverse(inverse(inverse(X7)))),inverse(inverse(inverse(inverse(multiply(X8,inverse(X8))))))))) [forward demodulation 32641,30798]
32643. inverse(multiply(X1,multiply(X3,X5))) = inverse(multiply(inverse(inverse(inverse(inverse(inverse(multiply(X7,inverse(multiply(inverse(inverse(inverse(inverse(X1)))),multiply(multiply(multiply(X2,inverse(X2)),X3),inverse(inverse(inverse(inverse(X5))))))))))))),multiply(inverse(inverse(inverse(inverse(X7)))),inverse(inverse(inverse(inverse(multiply(X8,inverse(X8))))))))) [forward demodulation 32642,30798]
32644. inverse(multiply(X1,multiply(X3,X5))) = inverse(multiply(inverse(inverse(inverse(inverse(inverse(multiply(X7,inverse(multiply(inverse(inverse(inverse(inverse(X1)))),multiply(inverse(inverse(inverse(inverse(X3)))),inverse(inverse(inverse(inverse(X5))))))))))))),multiply(inverse(inverse(inverse(inverse(X7)))),inverse(inverse(inverse(inverse(multiply(X8,inverse(X8))))))))) [forward demodulation 32643,30798]
32645. inverse(multiply(X1,multiply(X3,X5))) = inverse(multiply(inverse(inverse(inverse(inverse(inverse(multiply(X7,inverse(inverse(inverse(inverse(inverse(multiply(X1,multiply(X3,X5))))))))))))),multiply(inverse(inverse(inverse(inverse(X7)))),inverse(inverse(inverse(inverse(multiply(X8,inverse(X8))))))))) [forward demodulation 32644,32385]
32661. inverse(inverse(inverse(inverse(inverse(multiply(inverse(multiply(X1,multiply(X3,X5))),multiply(multiply(X7,inverse(X7)),inverse(multiply(X8,inverse(multiply(inverse(inverse(inverse(inverse(X1)))),multiply(multiply(multiply(X2,inverse(X2)),X3),multiply(multiply(X4,inverse(X4)),X5))))))))))))) = X8 [forward demodulation 30869,30798]
32662. inverse(inverse(inverse(inverse(inverse(multiply(inverse(multiply(X1,multiply(X3,X5))),inverse(inverse(inverse(inverse(inverse(multiply(X8,inverse(multiply(inverse(inverse(inverse(inverse(X1)))),multiply(multiply(multiply(X2,inverse(X2)),X3),multiply(multiply(X4,inverse(X4)),X5)))))))))))))))) = X8 [forward demodulation 32661,30798]
32663. inverse(inverse(inverse(inverse(inverse(multiply(inverse(multiply(X1,multiply(X3,X5))),inverse(inverse(inverse(inverse(inverse(multiply(X8,inverse(multiply(inverse(inverse(inverse(inverse(X1)))),multiply(multiply(multiply(X2,inverse(X2)),X3),inverse(inverse(inverse(inverse(X5))))))))))))))))))) = X8 [forward demodulation 32662,30798]
32664. inverse(inverse(inverse(inverse(inverse(multiply(inverse(multiply(X1,multiply(X3,X5))),inverse(inverse(inverse(inverse(inverse(multiply(X8,inverse(multiply(inverse(inverse(inverse(inverse(X1)))),multiply(inverse(inverse(inverse(inverse(X3)))),inverse(inverse(inverse(inverse(X5))))))))))))))))))) = X8 [forward demodulation 32663,30798]
32665. inverse(inverse(inverse(inverse(inverse(multiply(inverse(multiply(X1,multiply(X3,X5))),inverse(inverse(inverse(inverse(inverse(multiply(X8,inverse(inverse(inverse(inverse(inverse(multiply(X1,multiply(X3,X5))))))))))))))))))) = X8 [forward demodulation 32664,32385]
40168. inverse(inverse(inverse(inverse(X2)))) = multiply(multiply(inverse(multiply(X1,inverse(X1))),multiply(X0,inverse(X0))),X2) [backward demodulation 27159,32078]
40169. multiply(inverse(multiply(X0,inverse(X0))),X2) = inverse(inverse(inverse(inverse(X2)))) [backward demodulation 27527,32078]
40292. inverse(inverse(inverse(inverse(X2)))) = multiply(inverse(inverse(inverse(inverse(multiply(X0,inverse(X0)))))),X2) [backward demodulation 40168,40169]
40302. inverse(inverse(inverse(inverse(inverse(multiply(X7,inverse(inverse(inverse(inverse(inverse(multiply(X1,multiply(X3,X5))))))))))))) = inverse(multiply(inverse(inverse(inverse(inverse(X7)))),inverse(inverse(inverse(inverse(inverse(inverse(inverse(inverse(inverse(multiply(X1,multiply(X3,X5))))))))))))) [backward demodulation 32503,40292]
41129. multiply(inverse(inverse(X2)),multiply(multiply(X3,inverse(X3)),X0)) = inverse(inverse(inverse(inverse(multiply(X2,X0))))) [forward demodulation 30732,30798]
41130. inverse(inverse(inverse(inverse(multiply(X2,X0))))) = multiply(inverse(inverse(X2)),inverse(inverse(inverse(inverse(X0))))) [forward demodulation 41129,30798]
41131. inverse(multiply(X1,inverse(inverse(inverse(inverse(multiply(inverse(inverse(inverse(multiply(X0,multiply(X3,X1))))),X0))))))) = X3 [backward demodulation 32377,41130]
41141. inverse(multiply(inverse(inverse(inverse(inverse(inverse(multiply(X2,multiply(X3,X4))))))),multiply(multiply(multiply(multiply(inverse(inverse(inverse(inverse(inverse(multiply(X6,multiply(X7,X0))))))),inverse(inverse(inverse(inverse(multiply(inverse(inverse(X6)),X7)))))),X0),X2),inverse(inverse(inverse(inverse(X3))))))) = X4 [backward demodulation 32438,41130]
41142. inverse(multiply(inverse(inverse(inverse(inverse(inverse(multiply(X2,multiply(X3,X4))))))),multiply(inverse(inverse(inverse(inverse(X2)))),multiply(multiply(multiply(inverse(inverse(inverse(inverse(inverse(multiply(X7,multiply(X8,X0))))))),inverse(inverse(inverse(inverse(multiply(inverse(inverse(X7)),X8)))))),X0),X3)))) = X4 [backward demodulation 32448,41130]
41143. inverse(multiply(X1,multiply(inverse(inverse(inverse(inverse(inverse(multiply(X3,multiply(X4,X1))))))),multiply(multiply(multiply(inverse(inverse(inverse(inverse(inverse(multiply(X6,multiply(X7,X0))))))),inverse(inverse(inverse(inverse(multiply(inverse(inverse(X6)),X7)))))),X0),X3)))) = X4 [backward demodulation 32462,41130]
41183. inverse(inverse(inverse(inverse(inverse(multiply(X7,inverse(inverse(inverse(inverse(inverse(multiply(X1,multiply(X3,X5))))))))))))) = inverse(inverse(inverse(inverse(inverse(multiply(inverse(inverse(X7)),inverse(inverse(inverse(inverse(inverse(multiply(X1,multiply(X3,X5))))))))))))) [backward demodulation 40302,41130]
41193. inverse(multiply(X1,multiply(X3,X5))) = inverse(multiply(inverse(inverse(inverse(inverse(inverse(multiply(X7,inverse(inverse(inverse(inverse(inverse(multiply(X1,multiply(X3,X5))))))))))))),inverse(inverse(inverse(inverse(multiply(inverse(inverse(X7)),multiply(X8,inverse(X8))))))))) [backward demodulation 32645,41130]
41196. inverse(multiply(inverse(inverse(inverse(inverse(inverse(multiply(X2,multiply(X3,X4))))))),multiply(multiply(multiply(inverse(inverse(inverse(inverse(multiply(inverse(inverse(inverse(multiply(X6,multiply(X7,X0))))),multiply(inverse(inverse(X6)),X7)))))),X0),X2),inverse(inverse(inverse(inverse(X3))))))) = X4 [forward demodulation 41141,41130]
41197. inverse(multiply(inverse(inverse(inverse(inverse(inverse(multiply(X2,multiply(X3,X4))))))),multiply(inverse(inverse(inverse(inverse(X2)))),multiply(multiply(inverse(inverse(inverse(inverse(multiply(inverse(inverse(inverse(multiply(X7,multiply(X8,X0))))),multiply(inverse(inverse(X7)),X8)))))),X0),X3)))) = X4 [forward demodulation 41142,41130]
41198. inverse(multiply(X1,multiply(inverse(inverse(inverse(inverse(inverse(multiply(X3,multiply(X4,X1))))))),multiply(multiply(inverse(inverse(inverse(inverse(multiply(inverse(inverse(inverse(multiply(X6,multiply(X7,X0))))),multiply(inverse(inverse(X6)),X7)))))),X0),X3)))) = X4 [forward demodulation 41143,41130]
41283. inverse(inverse(inverse(inverse(inverse(multiply(X7,inverse(inverse(inverse(inverse(inverse(multiply(X1,multiply(X3,X5))))))))))))) = inverse(inverse(inverse(inverse(inverse(inverse(inverse(inverse(inverse(multiply(X7,inverse(multiply(X1,multiply(X3,X5))))))))))))) [forward demodulation 41183,41130]
41285. inverse(inverse(inverse(inverse(inverse(multiply(inverse(multiply(X1,multiply(X3,X5))),inverse(inverse(inverse(inverse(inverse(inverse(inverse(inverse(inverse(multiply(X8,inverse(multiply(X1,multiply(X3,X5))))))))))))))))))) = X8 [backward demodulation 32665,41283]
41329. inverse(multiply(X1,multiply(X3,X5))) = inverse(inverse(inverse(inverse(inverse(multiply(inverse(inverse(inverse(multiply(X7,inverse(inverse(inverse(inverse(inverse(multiply(X1,multiply(X3,X5))))))))))),multiply(inverse(inverse(X7)),multiply(X8,inverse(X8))))))))) [forward demodulation 41193,41130]
41374. inverse(multiply(X4,multiply(inverse(X4),X2))) = inverse(multiply(inverse(inverse(multiply(X1,multiply(inverse(X1),X2)))),inverse(inverse(inverse(inverse(multiply(inverse(inverse(inverse(multiply(X3,multiply(X0,inverse(X0)))))),X3))))))) [superposition 41131,15863]
41380. inverse(inverse(inverse(multiply(X3,multiply(inverse(X3),X0))))) = inverse(multiply(multiply(X1,inverse(X1)),inverse(inverse(inverse(inverse(multiply(inverse(inverse(inverse(inverse(X0)))),multiply(X2,inverse(X2))))))))) [superposition 41131,12108]
41407. inverse(multiply(X2,inverse(inverse(inverse(inverse(inverse(multiply(multiply(X0,inverse(X0)),multiply(X1,X2))))))))) = X1 [superposition 41131,25668]
41594. inverse(multiply(X4,multiply(inverse(X4),X2))) = inverse(inverse(inverse(inverse(inverse(multiply(multiply(X1,multiply(inverse(X1),X2)),multiply(inverse(inverse(inverse(multiply(X3,multiply(X0,inverse(X0)))))),X3))))))) [forward demodulation 41374,41130]
41595. inverse(multiply(X4,multiply(inverse(X4),X2))) = inverse(inverse(inverse(inverse(inverse(multiply(multiply(X1,multiply(inverse(X1),X2)),multiply(inverse(X3),X3))))))) [forward demodulation 41594,25431]
41604. inverse(inverse(inverse(multiply(X3,multiply(inverse(X3),X0))))) = inverse(inverse(inverse(inverse(inverse(inverse(inverse(inverse(inverse(multiply(inverse(inverse(inverse(inverse(X0)))),multiply(X2,inverse(X2)))))))))))) [forward demodulation 41380,30798]
41605. inverse(inverse(inverse(multiply(X3,multiply(inverse(X3),X0))))) = inverse(inverse(inverse(inverse(inverse(inverse(inverse(inverse(inverse(inverse(inverse(X0))))))))))) [forward demodulation 41604,25431]
41629. inverse(multiply(X2,inverse(inverse(inverse(inverse(inverse(inverse(inverse(inverse(inverse(multiply(X1,X2)))))))))))) = X1 [forward demodulation 41407,30798]
41631. inverse(inverse(inverse(inverse(X8)))) = X8 [backward demodulation 41285,41629]
41657. inverse(multiply(inverse(multiply(X2,multiply(X3,X4))),multiply(multiply(multiply(inverse(inverse(inverse(inverse(multiply(inverse(inverse(inverse(multiply(X6,multiply(X7,X0))))),multiply(inverse(inverse(X6)),X7)))))),X0),X2),inverse(inverse(inverse(inverse(X3))))))) = X4 [backward demodulation 41196,41631]
41658. inverse(multiply(inverse(multiply(X2,multiply(X3,X4))),multiply(inverse(inverse(inverse(inverse(X2)))),multiply(multiply(inverse(inverse(inverse(inverse(multiply(inverse(inverse(inverse(multiply(X7,multiply(X8,X0))))),multiply(inverse(inverse(X7)),X8)))))),X0),X3)))) = X4 [backward demodulation 41197,41631]
41659. inverse(multiply(X1,multiply(inverse(multiply(X3,multiply(X4,X1))),multiply(multiply(inverse(inverse(inverse(inverse(multiply(inverse(inverse(inverse(multiply(X6,multiply(X7,X0))))),multiply(inverse(inverse(X6)),X7)))))),X0),X3)))) = X4 [backward demodulation 41198,41631]
41690. inverse(multiply(X1,multiply(X3,X5))) = inverse(inverse(inverse(inverse(inverse(multiply(inverse(inverse(inverse(multiply(X7,inverse(multiply(X1,multiply(X3,X5))))))),multiply(inverse(inverse(X7)),multiply(X8,inverse(X8))))))))) [backward demodulation 41329,41631]
41818. inverse(inverse(inverse(multiply(X3,multiply(inverse(X3),X0))))) = inverse(inverse(inverse(inverse(inverse(inverse(inverse(X0))))))) [backward demodulation 41605,41631]
41864. multiply(X2,X0) = multiply(inverse(inverse(X2)),inverse(inverse(inverse(inverse(X0))))) [backward demodulation 41130,41631]
41865. inverse(multiply(X4,multiply(inverse(X4),X2))) = inverse(multiply(multiply(X1,multiply(inverse(X1),X2)),multiply(inverse(X3),X3))) [backward demodulation 41595,41631]
41955. inverse(multiply(inverse(multiply(X2,multiply(X3,X4))),multiply(multiply(multiply(inverse(inverse(inverse(inverse(multiply(inverse(inverse(inverse(multiply(X6,multiply(X7,X0))))),multiply(inverse(inverse(X6)),X7)))))),X0),X2),X3))) = X4 [forward demodulation 41657,41631]
41956. inverse(multiply(inverse(multiply(X2,multiply(X3,X4))),multiply(multiply(multiply(multiply(inverse(inverse(inverse(multiply(X6,multiply(X7,X0))))),multiply(inverse(inverse(X6)),X7)),X0),X2),X3))) = X4 [forward demodulation 41955,41631]
41957. inverse(multiply(inverse(multiply(X2,multiply(X3,X4))),multiply(inverse(inverse(inverse(inverse(X2)))),multiply(multiply(multiply(inverse(inverse(inverse(multiply(X7,multiply(X8,X0))))),multiply(inverse(inverse(X7)),X8)),X0),X3)))) = X4 [forward demodulation 41658,41631]
41958. inverse(multiply(inverse(multiply(X2,multiply(X3,X4))),multiply(X2,multiply(multiply(multiply(inverse(inverse(inverse(multiply(X7,multiply(X8,X0))))),multiply(inverse(inverse(X7)),X8)),X0),X3)))) = X4 [forward demodulation 41957,41631]
41959. inverse(multiply(X1,multiply(inverse(multiply(X3,multiply(X4,X1))),multiply(multiply(multiply(inverse(inverse(inverse(multiply(X6,multiply(X7,X0))))),multiply(inverse(inverse(X6)),X7)),X0),X3)))) = X4 [forward demodulation 41659,41631]
42034. inverse(multiply(X1,multiply(X3,X5))) = inverse(multiply(inverse(inverse(inverse(multiply(X7,inverse(multiply(X1,multiply(X3,X5))))))),multiply(inverse(inverse(X7)),multiply(X8,inverse(X8))))) [forward demodulation 41690,41631]
42092. inverse(inverse(inverse(X0))) = inverse(inverse(inverse(multiply(X3,multiply(inverse(X3),X0))))) [forward demodulation 41818,41631]
42108. multiply(X3,multiply(inverse(X3),X1)) = inverse(multiply(X2,multiply(inverse(X2),inverse(inverse(inverse(X1)))))) [backward demodulation 26458,42092]
42109. inverse(multiply(X1,multiply(inverse(X1),inverse(X0)))) = multiply(X0,multiply(inverse(inverse(inverse(X3))),X3)) [backward demodulation 26498,42092]
42125. multiply(X3,multiply(inverse(X3),X1)) = X1 [forward demodulation 42108,25558]
42156. inverse(X3) = inverse(multiply(inverse(multiply(X0,multiply(X4,inverse(X4)))),multiply(X0,X3))) [backward demodulation 25459,42125]
42347. inverse(multiply(X2,multiply(X3,inverse(X3)))) = inverse(inverse(inverse(X2))) [backward demodulation 26313,42156]
42353. inverse(inverse(inverse(X1))) = inverse(multiply(X1,inverse(inverse(inverse(multiply(X0,inverse(X0))))))) [backward demodulation 21196,42347]
42433. inverse(inverse(inverse(X1))) = inverse(multiply(X1,inverse(inverse(multiply(X0,inverse(X0)))))) [backward demodulation 26993,42353]
42485. inverse(inverse(inverse(X0))) = inverse(multiply(X0,inverse(multiply(X2,inverse(X2))))) [backward demodulation 28957,42433]
42504. multiply(inverse(X0),multiply(X1,inverse(X1))) = inverse(inverse(inverse(X0))) [backward demodulation 27863,42485]
42591. inverse(multiply(X1,multiply(X3,X5))) = inverse(multiply(inverse(inverse(inverse(multiply(X7,inverse(multiply(X1,multiply(X3,X5))))))),inverse(inverse(inverse(inverse(X7)))))) [backward demodulation 42034,42504]
42599. inverse(multiply(X1,multiply(X3,X5))) = inverse(multiply(inverse(inverse(inverse(multiply(X7,inverse(multiply(X1,multiply(X3,X5))))))),X7)) [forward demodulation 42591,41631]
42884. inverse(inverse(X0)) = multiply(X0,multiply(inverse(inverse(inverse(X3))),X3)) [forward demodulation 42109,42125]
42928. multiply(X2,X0) = multiply(inverse(inverse(X2)),X0) [forward demodulation 41864,41631]
42955. inverse(inverse(X0)) = multiply(X0,multiply(inverse(X3),X3)) [backward demodulation 42884,42928]
42959. inverse(multiply(X1,multiply(X3,X5))) = inverse(multiply(inverse(multiply(X7,inverse(multiply(X1,multiply(X3,X5))))),X7)) [backward demodulation 42599,42928]
42965. inverse(multiply(inverse(multiply(X2,multiply(X3,X4))),multiply(multiply(multiply(multiply(inverse(inverse(inverse(multiply(X6,multiply(X7,X0))))),multiply(X6,X7)),X0),X2),X3))) = X4 [backward demodulation 41956,42928]
42966. inverse(multiply(inverse(multiply(X2,multiply(X3,X4))),multiply(X2,multiply(multiply(multiply(inverse(inverse(inverse(multiply(X7,multiply(X8,X0))))),multiply(X7,X8)),X0),X3)))) = X4 [backward demodulation 41958,42928]
42967. inverse(multiply(X1,multiply(inverse(multiply(X3,multiply(X4,X1))),multiply(multiply(multiply(inverse(inverse(inverse(multiply(X6,multiply(X7,X0))))),multiply(X6,X7)),X0),X3)))) = X4 [backward demodulation 41959,42928]
43013. inverse(multiply(inverse(multiply(X2,multiply(X3,X4))),multiply(multiply(multiply(multiply(inverse(multiply(X6,multiply(X7,X0))),multiply(X6,X7)),X0),X2),X3))) = X4 [forward demodulation 42965,42928]
43014. inverse(multiply(inverse(multiply(X2,multiply(X3,X4))),multiply(X2,multiply(multiply(multiply(inverse(multiply(X7,multiply(X8,X0))),multiply(X7,X8)),X0),X3)))) = X4 [forward demodulation 42966,42928]
43015. inverse(multiply(X1,multiply(inverse(multiply(X3,multiply(X4,X1))),multiply(multiply(multiply(inverse(multiply(X6,multiply(X7,X0))),multiply(X6,X7)),X0),X3)))) = X4 [forward demodulation 42967,42928]
43045. inverse(multiply(X4,multiply(inverse(X4),X2))) = inverse(inverse(inverse(multiply(X1,multiply(inverse(X1),X2))))) [forward demodulation 41865,42955]
43046. inverse(multiply(X4,multiply(inverse(X4),X2))) = inverse(inverse(inverse(X2))) [forward demodulation 43045,42125]
43047. inverse(X2) = inverse(inverse(inverse(X2))) [forward demodulation 43046,42125]
43087. inverse(inverse(X8)) = X8 [backward demodulation 41631,43047]
44295. inverse(inverse(multiply(X0,multiply(X1,X2)))) = multiply(inverse(multiply(X3,inverse(multiply(X0,multiply(X1,X2))))),X3) [superposition 43087,42959]
44301. multiply(X0,multiply(X1,X2)) = multiply(inverse(multiply(X3,inverse(multiply(X0,multiply(X1,X2))))),X3) [forward demodulation 44295,43087]
44460. inverse(X0) = multiply(inverse(multiply(X1,multiply(X2,X0))),multiply(multiply(multiply(multiply(inverse(multiply(X3,multiply(X4,X5))),multiply(X3,X4)),X5),X1),X2)) [superposition 43087,43013]
44636. multiply(multiply(multiply(inverse(multiply(X3,multiply(X4,X5))),multiply(X3,X4)),X5),X2) = inverse(multiply(X0,multiply(inverse(multiply(X1,multiply(X2,X0))),multiply(multiply(multiply(inverse(multiply(X6,multiply(X7,X8))),multiply(X6,X7)),X8),X1)))) [superposition 43014,43014]
44722. multiply(multiply(multiply(inverse(multiply(X3,multiply(X4,X5))),multiply(X3,X4)),X5),X2) = X2 [forward demodulation 44636,43015]
44733. inverse(X0) = multiply(inverse(multiply(X1,multiply(X2,X0))),multiply(X1,X2)) [backward demodulation 44460,44722]
45134. inverse(multiply(X1,X2)) = multiply(inverse(multiply(X3,inverse(X0))),multiply(X3,inverse(multiply(X1,multiply(X2,X0))))) [superposition 44733,44733]
45311. multiply(inverse(multiply(X2,inverse(X0))),X2) = X0 [superposition 44301,42125]
45486. inverse(inverse(multiply(X0,multiply(X1,X2)))) = multiply(inverse(inverse(multiply(X0,X1))),multiply(inverse(multiply(X3,inverse(X2))),X3)) [superposition 44733,45134]
45621. inverse(inverse(multiply(X0,multiply(X1,X2)))) = multiply(inverse(inverse(multiply(X0,X1))),X2) [forward demodulation 45486,45311]
45622. multiply(multiply(X0,X1),X2) = inverse(inverse(multiply(X0,multiply(X1,X2)))) [forward demodulation 45621,43087]
45623. multiply(X0,multiply(X1,X2)) = multiply(multiply(X0,X1),X2) [forward demodulation 45622,43087]
48942. multiply(a3,multiply(b3,c3)) != multiply(a3,multiply(b3,c3)) [superposition 2,45623]
48995. $false [trivial inequality removal 48942]
% SZS output end Proof for GRP444-1_clausified
% ------------------------------
% Version: Vampire 4.9 (Release build, commit 0accf6da4 on 2024-12-10 11:55:58 +0000)
% Termination reason: Refutation

% Time elapsed: 5.507 s
% Instructions burned: 22388 (million)
% ------------------------------
% ------------------------------
