% Running in auto input_syntax mode. Trying TPTP
% Refutation found. Thanks to Tanya!
% SZS status Unsatisfiable for GRP701-1_clausified
% SZS output start Proof for GRP701-1_clausified
1. mult(X0,ld(X0,X1)) = X1 [input(axiom)]
2. ld(X0,mult(X0,X1)) = X1 [input(axiom)]
3. mult(rd(X0,X1),X1) = X0 [input(axiom)]
4. rd(mult(X0,X1),X1) = X0 [input(axiom)]
5. mult(X0,unit) = X0 [input(axiom)]
6. mult(unit,X0) = X0 [input(axiom)]
7. mult(mult(mult(X0,X1),X0),mult(X0,X2)) = mult(X0,mult(mult(mult(X1,X0),X0),X2)) [input(axiom)]
8. mult(mult(X0,X1),mult(X1,mult(X2,X1))) = mult(mult(X0,mult(X1,mult(X1,X2))),X1) [input(axiom)]
9. unit = mult(X0,i(X0)) [input(axiom)]
10. unit = mult(i(X0),X0) [input(axiom)]
11. mult(a,i(mult(b,a))) != i(b) [input(negated conjecture)]
19. ld(unit,X0) = X0 [superposition 6,1]
20. unit = ld(X0,X0) [superposition 2,5]
21. i(X0) = ld(X0,unit) [superposition 2,9]
28. ld(rd(X0,X1),X0) = X1 [superposition 2,3]
29. rd(X0,unit) = X0 [superposition 5,3]
32. rd(unit,i(X0)) = X0 [superposition 4,9]
33. rd(X0,ld(X1,X0)) = X1 [superposition 4,1]
35. i(X0) = rd(unit,X0) [superposition 4,10]
36. i(i(X0)) = X0 [forward demodulation 32,35]
40. mult(X0,mult(mult(mult(unit,X0),X0),X1)) = mult(mult(X0,X0),mult(X0,X1)) [superposition 7,5]
42. mult(X1,mult(mult(mult(ld(X1,X0),X1),X1),X2)) = mult(mult(X0,X1),mult(X1,X2)) [superposition 7,1]
49. mult(X0,mult(mult(mult(X1,X0),X0),unit)) = mult(mult(mult(X0,X1),X0),X0) [superposition 7,5]
50. mult(X0,mult(mult(mult(X1,X0),X0),i(X0))) = mult(mult(mult(X0,X1),X0),unit) [superposition 7,9]
51. mult(X1,mult(mult(mult(X2,X1),X1),ld(X1,X0))) = mult(mult(mult(X1,X2),X1),X0) [superposition 7,1]
55. mult(i(X0),mult(mult(mult(X1,i(X0)),i(X0)),X0)) = mult(mult(mult(i(X0),X1),i(X0)),unit) [superposition 7,10]
56. mult(mult(X0,X1),X0) = rd(mult(X0,mult(mult(mult(X1,X0),X0),X2)),mult(X0,X2)) [superposition 4,7]
57. mult(X0,X2) = ld(mult(mult(X0,X1),X0),mult(X0,mult(mult(mult(X1,X0),X0),X2))) [superposition 2,7]
58. mult(mult(i(X0),X1),i(X0)) = mult(i(X0),mult(mult(mult(X1,i(X0)),i(X0)),X0)) [forward demodulation 55,5]
60. mult(mult(X0,X1),X0) = mult(X0,mult(mult(mult(X1,X0),X0),i(X0))) [forward demodulation 50,5]
61. mult(mult(mult(X0,X1),X0),X0) = mult(X0,mult(mult(X1,X0),X0)) [forward demodulation 49,5]
66. mult(mult(X0,X0),mult(X0,X1)) = mult(X0,mult(mult(X0,X0),X1)) [forward demodulation 40,6]
78. mult(mult(X1,X0),mult(X0,mult(unit,X0))) = mult(mult(X1,mult(X0,X0)),X0) [superposition 8,5]
80. mult(mult(X1,X2),mult(X2,mult(ld(X2,X0),X2))) = mult(mult(X1,mult(X2,X0)),X2) [superposition 8,1]
83. mult(mult(X1,rd(X0,X2)),mult(rd(X0,X2),mult(X2,rd(X0,X2)))) = mult(mult(X1,mult(rd(X0,X2),X0)),rd(X0,X2)) [superposition 8,3]
89. mult(X0,X1) = mult(mult(rd(X0,mult(X1,mult(X1,X2))),X1),mult(X1,mult(X2,X1))) [superposition 8,3]
90. mult(mult(unit,X0),mult(X0,mult(X1,X0))) = mult(mult(X0,mult(X0,X1)),X0) [superposition 8,6]
91. mult(unit,X0) = mult(mult(i(mult(X0,mult(X0,X1))),X0),mult(X0,mult(X1,X0))) [superposition 8,10]
96. mult(X0,mult(X1,mult(X1,X2))) = rd(mult(mult(X0,X1),mult(X1,mult(X2,X1))),X1) [superposition 4,8]
97. ld(mult(X0,mult(X1,mult(X1,X2))),mult(mult(X0,X1),mult(X1,mult(X2,X1)))) = X1 [superposition 2,8]
102. mult(mult(i(mult(X0,mult(X0,X1))),X0),mult(X0,mult(X1,X0))) = X0 [forward demodulation 91,6]
103. mult(mult(X0,mult(X0,X1)),X0) = mult(X0,mult(X0,mult(X1,X0))) [forward demodulation 90,6]
110. mult(mult(X1,mult(X0,X0)),X0) = mult(mult(X1,X0),mult(X0,X0)) [forward demodulation 78,6]
165. mult(X0,mult(mult(unit,X0),X0)) = mult(mult(X0,X0),X0) [superposition 61,5]
167. mult(mult(X0,X1),X1) = mult(X1,mult(mult(ld(X1,X0),X1),X1)) [superposition 61,1]
181. mult(mult(X0,X1),X0) = rd(mult(X0,mult(mult(X1,X0),X0)),X0) [superposition 4,61]
193. mult(mult(X0,X0),X0) = mult(X0,mult(X0,X0)) [forward demodulation 165,6]
209. mult(mult(X0,X0),unit) = mult(X0,mult(mult(X0,X0),i(X0))) [superposition 66,9]
210. mult(X1,mult(mult(X1,X1),ld(X1,X0))) = mult(mult(X1,X1),X0) [superposition 66,1]
217. mult(i(X0),mult(mult(i(X0),i(X0)),X0)) = mult(mult(i(X0),i(X0)),unit) [superposition 66,10]
219. mult(X0,X1) = ld(mult(X0,X0),mult(X0,mult(mult(X0,X0),X1))) [superposition 2,66]
227. mult(i(X0),i(X0)) = mult(i(X0),mult(mult(i(X0),i(X0)),X0)) [forward demodulation 217,5]
229. mult(X0,X0) = mult(X0,mult(mult(X0,X0),i(X0))) [forward demodulation 209,5]
241. mult(X0,X0) = rd(mult(X0,mult(X0,X0)),X0) [superposition 4,193]
275. mult(X1,mult(X1,mult(ld(X1,X0),X1))) = mult(mult(X1,X0),X1) [superposition 103,1]
282. mult(rd(X0,X1),mult(rd(X0,X1),mult(X1,rd(X0,X1)))) = mult(mult(rd(X0,X1),X0),rd(X0,X1)) [superposition 103,3]
290. mult(mult(X0,X0),mult(X0,mult(X1,X0))) = mult(X0,mult(X0,mult(mult(X0,X1),X0))) [superposition 8,103]
291. ld(mult(X0,mult(X0,X1)),mult(X0,mult(X0,mult(X1,X0)))) = X0 [superposition 2,103]
292. mult(X0,mult(X0,X1)) = rd(mult(X0,mult(X0,mult(X1,X0))),X0) [superposition 4,103]
303. mult(X0,mult(mult(X0,X0),mult(X1,X0))) = mult(X0,mult(X0,mult(mult(X0,X1),X0))) [forward demodulation 290,66]
369. mult(unit,X0) = mult(mult(i(mult(X0,X0)),X0),mult(X0,X0)) [superposition 110,10]
376. mult(X0,mult(X1,X1)) = rd(mult(mult(X0,X1),mult(X1,X1)),X1) [superposition 4,110]
391. mult(mult(i(mult(X0,X0)),X0),mult(X0,X0)) = X0 [forward demodulation 369,6]
454. mult(mult(X1,rd(X0,X1)),X1) = mult(X1,mult(mult(X0,X1),i(X1))) [superposition 60,3]
463. mult(mult(mult(X1,X0),X0),i(X0)) = ld(X0,mult(mult(X0,X1),X0)) [superposition 2,60]
525. mult(mult(X0,X0),i(X0)) = ld(X0,mult(X0,X0)) [superposition 2,229]
543. mult(mult(X0,X0),i(X0)) = X0 [forward demodulation 525,2]
596. mult(i(mult(X0,mult(X0,X1))),X0) = rd(X0,mult(X0,mult(X1,X0))) [superposition 4,102]
698. mult(X0,X0) = rd(X0,i(X0)) [superposition 4,543]
748. mult(X0,unit) = mult(mult(X1,X0),mult(X0,i(mult(mult(ld(X0,X1),X0),X0)))) [superposition 42,9]
755. mult(mult(mult(ld(X1,X0),X1),X1),X2) = ld(X1,mult(mult(X0,X1),mult(X1,X2))) [superposition 2,42]
756. rd(mult(mult(X0,X1),mult(X1,X2)),mult(mult(mult(ld(X1,X0),X1),X1),X2)) = X1 [superposition 4,42]
776. mult(mult(X1,X0),mult(X0,i(mult(mult(ld(X0,X1),X0),X0)))) = X0 [forward demodulation 748,5]
838. mult(mult(mult(X1,rd(X0,X1)),X1),X2) = mult(X1,mult(mult(X0,X1),ld(X1,X2))) [superposition 51,3]
855. mult(mult(mult(X1,X0),X0),ld(X0,X2)) = ld(X0,mult(mult(mult(X0,X1),X0),X2)) [superposition 2,51]
922. mult(i(X0),i(X0)) = rd(i(X0),X0) [superposition 698,36]
946. mult(mult(X1,rd(X0,X1)),X1) = rd(mult(X1,mult(mult(X0,X1),X2)),mult(X1,X2)) [superposition 56,3]
956. mult(mult(X1,X2),X1) = rd(mult(X1,X0),mult(X1,ld(mult(mult(X2,X1),X1),X0))) [superposition 56,1]
1189. mult(X0,i(mult(mult(X1,X0),X0))) = ld(mult(mult(X0,X1),X0),mult(X0,unit)) [superposition 57,9]
1202. mult(X0,i(mult(mult(X1,X0),X0))) = ld(mult(mult(X0,X1),X0),X0) [forward demodulation 1189,5]
1372. mult(mult(X0,mult(i(X0),X1)),i(X0)) = mult(unit,mult(i(X0),mult(ld(i(X0),X1),i(X0)))) [superposition 80,9]
1384. mult(mult(rd(X0,X1),mult(X1,X2)),X1) = mult(X0,mult(X1,mult(ld(X1,X2),X1))) [superposition 80,3]
1386. mult(mult(i(X0),mult(X0,X1)),X0) = mult(unit,mult(X0,mult(ld(X0,X1),X0))) [superposition 80,10]
1412. mult(X1,mult(ld(X1,X2),X1)) = ld(mult(X0,X1),mult(mult(X0,mult(X1,X2)),X1)) [superposition 2,80]
1413. mult(X0,X1) = rd(mult(mult(X0,mult(X1,X2)),X1),mult(X1,mult(ld(X1,X2),X1))) [superposition 4,80]
1454. mult(X0,mult(ld(X0,X1),X0)) = mult(mult(i(X0),mult(X0,X1)),X0) [forward demodulation 1386,6]
1461. mult(i(X0),mult(ld(i(X0),X1),i(X0))) = mult(mult(X0,mult(i(X0),X1)),i(X0)) [forward demodulation 1372,6]
1574. mult(rd(X0,mult(X1,mult(X1,X2))),X1) = rd(mult(X0,X1),mult(X1,mult(X2,X1))) [superposition 4,89]
1691. mult(X0,mult(i(X0),mult(i(X0),X1))) = rd(mult(unit,mult(i(X0),mult(X1,i(X0)))),i(X0)) [superposition 96,9]
1704. mult(rd(X0,X1),mult(X1,mult(X1,X2))) = rd(mult(X0,mult(X1,mult(X2,X1))),X1) [superposition 96,3]
1706. mult(i(X0),mult(X0,mult(X0,X1))) = rd(mult(unit,mult(X0,mult(X1,X0))),X0) [superposition 96,10]
1727. mult(X1,mult(X2,mult(X2,rd(X0,X2)))) = rd(mult(mult(X1,X2),mult(X2,X0)),X2) [superposition 96,3]
1778. mult(i(X0),mult(X0,mult(X0,X1))) = rd(mult(X0,mult(X1,X0)),X0) [forward demodulation 1706,6]
1792. mult(X0,mult(i(X0),mult(i(X0),X1))) = mult(rd(unit,i(X0)),mult(i(X0),mult(i(X0),X1))) [forward demodulation 1691,1704]
1813. mult(X0,mult(i(X0),mult(i(X0),X1))) = mult(i(i(X0)),mult(i(X0),mult(i(X0),X1))) [forward demodulation 1792,35]
1828. mult(X0,mult(i(X0),mult(i(X0),X1))) = rd(mult(i(X0),mult(X1,i(X0))),i(X0)) [forward demodulation 1813,1778]
1846. mult(i(mult(X0,X0)),X0) = rd(X0,mult(X0,X0)) [superposition 4,391]
2116. mult(mult(i(X0),mult(X0,X0)),i(X0)) = mult(i(X0),mult(mult(X0,i(X0)),X0)) [superposition 58,543]
2123. mult(mult(i(X1),rd(X0,i(X1))),i(X1)) = mult(i(X1),mult(mult(X0,i(X1)),X1)) [superposition 58,3]
2185. mult(mult(i(X0),mult(X0,X0)),i(X0)) = mult(i(X0),mult(unit,X0)) [forward demodulation 2116,9]
2198. mult(i(X0),X0) = mult(mult(i(X0),mult(X0,X0)),i(X0)) [forward demodulation 2185,6]
2206. unit = mult(mult(i(X0),mult(X0,X0)),i(X0)) [forward demodulation 2198,10]
2223. unit = mult(mult(X0,mult(i(X0),i(X0))),X0) [superposition 2206,36]
2228. i(X0) = ld(mult(i(X0),mult(X0,X0)),unit) [superposition 2,2206]
2229. rd(unit,i(X0)) = mult(i(X0),mult(X0,X0)) [superposition 4,2206]
2274. i(i(X0)) = mult(i(X0),mult(X0,X0)) [forward demodulation 2229,35]
2275. i(X0) = i(mult(i(X0),mult(X0,X0))) [forward demodulation 2228,21]
2280. unit = mult(mult(X0,rd(i(X0),X0)),X0) [forward demodulation 2223,922]
2298. mult(i(X0),mult(X0,X0)) = X0 [forward demodulation 2274,36]
2439. i(X0) = mult(i(i(X0)),rd(i(X0),X0)) [superposition 2298,922]
2443. i(X0) = rd(X0,mult(X0,X0)) [superposition 4,2298]
2485. i(X0) = mult(X0,rd(i(X0),X0)) [forward demodulation 2439,36]
3018. rd(i(X0),X0) = ld(X0,i(X0)) [superposition 2,2485]
8235. mult(mult(ld(X1,X0),X1),X1) = ld(X1,mult(mult(X0,X1),X1)) [superposition 2,167]
8390. i(mult(X0,X0)) = rd(rd(X0,mult(X0,X0)),X0) [superposition 4,1846]
8405. mult(mult(X0,i(mult(X0,X0))),X0) = mult(X0,mult(mult(rd(X0,mult(X0,X0)),X0),i(X0))) [superposition 60,1846]
8489. mult(mult(X0,i(mult(X0,X0))),X0) = mult(mult(X0,rd(rd(X0,mult(X0,X0)),X0)),X0) [forward demodulation 8405,454]
8504. i(mult(X0,X0)) = rd(i(X0),X0) [forward demodulation 8390,2443]
8532. mult(mult(X0,rd(i(X0),X0)),X0) = mult(mult(X0,i(mult(X0,X0))),X0) [forward demodulation 8489,2443]
8557. unit = mult(mult(X0,i(mult(X0,X0))),X0) [forward demodulation 8532,2280]
8639. mult(mult(X1,rd(X0,X1)),X1) = rd(mult(X1,mult(X0,X1)),X1) [superposition 181,3]
8798. i(X0) = mult(X0,i(mult(X0,X0))) [superposition 2485,8504]
8800. i(mult(X0,X0)) = ld(X0,i(X0)) [superposition 3018,8504]
8805. i(X0) = mult(i(mult(X0,X0)),X0) [superposition 3,8504]
9634. mult(X1,ld(mult(X1,X1),X0)) = ld(mult(X1,X1),mult(X1,X0)) [superposition 219,1]
10221. mult(X0,mult(ld(X0,X1),X0)) = ld(X0,mult(mult(X0,X1),X0)) [superposition 2,275]
10912. mult(mult(X0,i(mult(X0,X0))),mult(mult(X0,mult(X0,i(mult(X0,X0)))),mult(X0,i(mult(X0,X0))))) = mult(mult(unit,mult(X0,i(mult(X0,X0)))),mult(X0,i(mult(X0,X0)))) [superposition 61,8557]
11007. mult(i(X0),mult(mult(X0,i(X0)),i(X0))) = mult(mult(unit,i(X0)),i(X0)) [forward demodulation 10912,8798]
11086. mult(i(X0),mult(mult(X0,i(X0)),i(X0))) = mult(i(X0),i(X0)) [forward demodulation 11007,6]
11145. mult(i(X0),mult(mult(X0,i(X0)),i(X0))) = rd(i(X0),X0) [forward demodulation 11086,922]
11189. mult(i(X0),mult(mult(X0,i(X0)),i(X0))) = ld(X0,i(X0)) [forward demodulation 11145,3018]
11221. mult(i(X0),mult(mult(X0,i(X0)),i(X0))) = i(mult(X0,X0)) [forward demodulation 11189,8800]
11247. mult(i(X0),mult(unit,i(X0))) = i(mult(X0,X0)) [forward demodulation 11221,9]
11263. mult(i(X0),i(X0)) = i(mult(X0,X0)) [forward demodulation 11247,6]
12306. mult(rd(X0,X1),mult(X1,X1)) = rd(mult(X0,mult(X1,X1)),X1) [superposition 376,3]
12325. mult(mult(X0,X1),mult(X0,X0)) = rd(mult(X0,mult(mult(mult(X1,X0),X0),X0)),X0) [superposition 376,7]
12348. mult(mult(X0,X1),mult(X0,X0)) = mult(mult(X0,mult(X1,X0)),X0) [forward demodulation 12325,181]
14081. mult(mult(X1,X0),i(X0)) = ld(X0,mult(mult(X0,rd(X1,X0)),X0)) [superposition 2,454]
14197. mult(mult(X1,X0),i(X0)) = mult(X0,mult(ld(X0,rd(X1,X0)),X0)) [forward demodulation 14081,10221]
15332. mult(mult(X0,mult(X0,X0)),i(X0)) = ld(X0,mult(X0,mult(X0,X0))) [superposition 463,193]
15338. mult(mult(mult(X1,mult(i(X0),mult(X0,X0))),mult(i(X0),mult(X0,X0))),i(X0)) = ld(mult(i(X0),mult(X0,X0)),mult(mult(mult(i(X0),mult(X0,X0)),X1),mult(i(X0),mult(X0,X0)))) [superposition 463,2275]
15480. mult(mult(mult(X1,mult(i(X0),mult(X0,X0))),mult(i(X0),mult(X0,X0))),i(X0)) = mult(mult(i(X0),mult(X0,X0)),mult(ld(mult(i(X0),mult(X0,X0)),X1),mult(i(X0),mult(X0,X0)))) [forward demodulation 15338,10221]
15485. mult(X0,X0) = mult(mult(X0,mult(X0,X0)),i(X0)) [forward demodulation 15332,2]
15585. mult(mult(mult(X1,X0),X0),i(X0)) = mult(X0,mult(ld(X0,X1),X0)) [forward demodulation 15480,2298]
15781. mult(X0,mult(X0,X0)) = rd(mult(X0,X0),i(X0)) [superposition 4,15485]
15815. i(X0) = ld(mult(X1,mult(i(X0),mult(i(X0),mult(X0,mult(X0,X0))))),mult(mult(X1,i(X0)),mult(i(X0),mult(X0,X0)))) [superposition 97,15485]
15856. i(X0) = ld(mult(X1,mult(i(X0),mult(i(X0),mult(X0,mult(X0,X0))))),mult(mult(X1,i(X0)),X0)) [forward demodulation 15815,2298]
15913. i(X0) = ld(mult(X1,mult(i(X0),rd(mult(X0,mult(X0,X0)),X0))),mult(mult(X1,i(X0)),X0)) [forward demodulation 15856,1778]
15961. i(X0) = ld(mult(X1,mult(i(X0),mult(X0,X0))),mult(mult(X1,i(X0)),X0)) [forward demodulation 15913,241]
16008. i(X0) = ld(mult(X1,X0),mult(mult(X1,i(X0)),X0)) [forward demodulation 15961,2298]
17448. mult(i(X0),i(mult(X0,X0))) = rd(i(mult(X0,X0)),i(i(X0))) [superposition 15781,11263]
17466. mult(i(X0),i(mult(X0,X0))) = rd(i(mult(X0,X0)),X0) [forward demodulation 17448,36]
19048. mult(mult(X1,X0),i(X0)) = mult(mult(X1,i(X0)),X0) [superposition 1,16008]
19384. mult(X1,i(mult(X0,X1))) = ld(mult(mult(X1,rd(X0,X1)),X1),X1) [superposition 1202,3]
20027. mult(X1,mult(ld(X1,ld(X1,X0)),X1)) = mult(mult(i(X1),X0),X1) [superposition 1454,1]
20107. mult(i(X0),mult(X0,X1)) = rd(mult(X0,mult(ld(X0,X1),X0)),X0) [superposition 4,1454]
20224. mult(i(X0),mult(X0,X1)) = mult(mult(X0,rd(ld(X0,X1),X0)),X0) [forward demodulation 20107,8639]
20545. rd(mult(X1,mult(mult(mult(ld(X1,X0),X1),X1),X1)),X1) = mult(i(X1),mult(X1,mult(mult(X0,X1),X1))) [superposition 1778,167]
20604. mult(i(i(X0)),mult(i(X0),mult(i(X0),i(X0)))) = rd(mult(i(X0),mult(mult(mult(i(X0),i(X0)),X0),i(X0))),i(X0)) [superposition 1778,227]
20611. mult(i(X0),mult(mult(X0,X1),X0)) = rd(mult(X0,mult(mult(ld(X0,X1),X0),X0)),X0) [superposition 1778,275]
20766. mult(mult(X0,ld(X0,X1)),X0) = mult(i(X0),mult(mult(X0,X1),X0)) [forward demodulation 20611,181]
20773. mult(i(i(X0)),mult(i(X0),mult(i(X0),i(X0)))) = mult(mult(i(X0),rd(mult(mult(i(X0),i(X0)),X0),i(X0))),i(X0)) [forward demodulation 20604,8639]
20832. mult(mult(X1,mult(ld(X1,X0),X1)),X1) = mult(i(X1),mult(X1,mult(mult(X0,X1),X1))) [forward demodulation 20545,181]
20887. mult(X1,X0) = mult(i(X0),mult(mult(X0,X1),X0)) [forward demodulation 20766,1]
20894. mult(i(i(X0)),mult(i(X0),mult(i(X0),i(X0)))) = mult(i(X0),mult(mult(mult(mult(i(X0),i(X0)),X0),i(X0)),X0)) [forward demodulation 20773,2123]
20934. mult(i(X1),mult(X1,mult(mult(X0,X1),X1))) = mult(mult(X1,ld(X1,X0)),mult(X1,X1)) [forward demodulation 20832,12348]
20973. mult(i(i(X0)),mult(i(X0),mult(i(X0),i(X0)))) = mult(i(X0),mult(mult(mult(mult(i(X0),i(X0)),X0),X0),i(X0))) [forward demodulation 20894,19048]
21001. mult(X0,mult(X1,X1)) = mult(i(X1),mult(X1,mult(mult(X0,X1),X1))) [forward demodulation 20934,1]
21024. mult(i(i(X0)),mult(i(X0),mult(i(X0),i(X0)))) = mult(i(X0),ld(X0,mult(mult(X0,mult(i(X0),i(X0))),X0))) [forward demodulation 20973,463]
21060. mult(i(i(X0)),mult(i(X0),mult(i(X0),i(X0)))) = mult(i(X0),mult(X0,mult(ld(X0,mult(i(X0),i(X0))),X0))) [forward demodulation 21024,10221]
21088. mult(i(i(X0)),mult(i(X0),rd(i(X0),X0))) = mult(i(X0),mult(X0,mult(ld(X0,rd(i(X0),X0)),X0))) [forward demodulation 21060,922]
21109. mult(i(X0),mult(mult(i(X0),X0),i(X0))) = mult(i(i(X0)),mult(i(X0),rd(i(X0),X0))) [forward demodulation 21088,14197]
21121. mult(i(X0),mult(mult(i(X0),X0),i(X0))) = mult(i(i(X0)),mult(i(X0),ld(X0,i(X0)))) [forward demodulation 21109,3018]
21129. mult(i(X0),mult(mult(i(X0),X0),i(X0))) = mult(i(i(X0)),mult(i(X0),i(mult(X0,X0)))) [forward demodulation 21121,8800]
21136. mult(i(X0),mult(mult(i(X0),X0),i(X0))) = mult(i(i(X0)),rd(i(mult(X0,X0)),X0)) [forward demodulation 21129,17466]
21140. mult(X0,rd(i(mult(X0,X0)),X0)) = mult(i(X0),mult(mult(i(X0),X0),i(X0))) [forward demodulation 21136,36]
21143. mult(i(X0),mult(unit,i(X0))) = mult(X0,rd(i(mult(X0,X0)),X0)) [forward demodulation 21140,10]
21145. mult(i(X0),i(X0)) = mult(X0,rd(i(mult(X0,X0)),X0)) [forward demodulation 21143,6]
21146. rd(i(X0),X0) = mult(X0,rd(i(mult(X0,X0)),X0)) [forward demodulation 21145,922]
21147. ld(X0,i(X0)) = mult(X0,rd(i(mult(X0,X0)),X0)) [forward demodulation 21146,3018]
21148. i(mult(X0,X0)) = mult(X0,rd(i(mult(X0,X0)),X0)) [forward demodulation 21147,8800]
21152. mult(ld(X1,X0),X1) = mult(i(X1),mult(X0,X1)) [superposition 20887,1]
21159. mult(mult(mult(X1,X0),i(X0)),X0) = mult(i(X0),mult(mult(mult(X0,rd(X1,X0)),X0),X0)) [superposition 20887,454]
21237. mult(mult(X1,X0),X1) = ld(i(X1),mult(X0,X1)) [superposition 2,20887]
21379. mult(mult(mult(X1,X0),i(X0)),X0) = mult(i(X0),mult(X0,mult(mult(rd(X1,X0),X0),X0))) [forward demodulation 21159,61]
21438. mult(mult(mult(X1,X0),i(X0)),X0) = mult(rd(X1,X0),mult(X0,X0)) [forward demodulation 21379,21001]
21473. mult(mult(mult(X1,X0),X0),i(X0)) = mult(rd(X1,X0),mult(X0,X0)) [forward demodulation 21438,19048]
21492. mult(X0,mult(ld(X0,X1),X0)) = mult(rd(X1,X0),mult(X0,X0)) [forward demodulation 21473,15585]
21575. mult(X1,mult(mult(X1,X1),X0)) = mult(X1,mult(X1,mult(mult(X1,rd(X0,X1)),X1))) [superposition 303,3]
21609. mult(mult(X0,X0),mult(X1,X0)) = ld(X0,mult(X0,mult(X0,mult(mult(X0,X1),X0)))) [superposition 2,303]
21741. mult(mult(X0,X0),mult(X1,X0)) = mult(X0,mult(mult(X0,X1),X0)) [forward demodulation 21609,2]
23277. mult(ld(i(X0),X1),i(X0)) = mult(X0,mult(X1,i(X0))) [superposition 21152,36]
23332. mult(i(X1),X0) = mult(ld(X1,rd(X0,X1)),X1) [superposition 21152,3]
23346. mult(i(X0),i(X0)) = mult(ld(X0,i(mult(X0,X0))),X0) [superposition 21152,8805]
23467. mult(mult(X1,X0),i(X0)) = mult(i(i(X0)),mult(mult(ld(X0,X1),X0),i(X0))) [superposition 20887,21152]
23468. mult(mult(X1,X0),i(X0)) = mult(ld(i(X0),mult(ld(X0,X1),X0)),i(X0)) [forward demodulation 23467,21152]
23542. rd(i(X0),X0) = mult(ld(X0,i(mult(X0,X0))),X0) [forward demodulation 23346,922]
23583. mult(mult(X1,X0),i(X0)) = mult(X0,mult(mult(ld(X0,X1),X0),i(X0))) [forward demodulation 23468,23277]
23632. ld(X0,i(X0)) = mult(ld(X0,i(mult(X0,X0))),X0) [forward demodulation 23542,3018]
23661. mult(mult(X1,X0),i(X0)) = mult(mult(X0,rd(ld(X0,X1),X0)),X0) [forward demodulation 23583,454]
23695. i(mult(X0,X0)) = mult(ld(X0,i(mult(X0,X0))),X0) [forward demodulation 23632,8800]
23710. mult(mult(X1,X0),i(X0)) = mult(i(X0),mult(X0,X1)) [forward demodulation 23661,20224]
23809. mult(mult(mult(ld(X1,rd(X0,X1)),X1),X1),X2) = ld(X1,mult(X0,mult(X1,X2))) [superposition 755,3]
23823. ld(X0,mult(i(X0),mult(X0,X1))) = mult(mult(mult(ld(X0,i(mult(X0,X0))),X0),X0),X1) [superposition 755,8805]
23989. mult(mult(i(mult(X0,X0)),X0),X1) = ld(X0,mult(i(X0),mult(X0,X1))) [forward demodulation 23823,23695]
24003. ld(X1,mult(X0,mult(X1,X2))) = mult(mult(mult(i(X1),X0),X1),X2) [forward demodulation 23809,23332]
24081. mult(rd(X0,mult(X0,X0)),X1) = ld(X0,mult(i(X0),mult(X0,X1))) [forward demodulation 23989,1846]
24141. mult(i(X0),X1) = ld(X0,mult(i(X0),mult(X0,X1))) [forward demodulation 24081,2443]
24256. mult(mult(i(X0),X1),i(X0)) = ld(X0,mult(X1,i(X0))) [superposition 21237,36]
24311. mult(mult(X1,rd(X0,X1)),X1) = ld(i(X1),X0) [superposition 21237,3]
24681. rd(mult(mult(X1,X0),mult(X0,i(X0))),ld(X0,mult(mult(X0,ld(X0,X1)),X0))) = X0 [superposition 756,463]
24722. rd(mult(mult(X1,X0),mult(X0,i(X0))),mult(X0,mult(ld(X0,ld(X0,X1)),X0))) = X0 [forward demodulation 24681,10221]
24899. rd(mult(mult(X1,X0),mult(X0,i(X0))),mult(mult(i(X0),X1),X0)) = X0 [forward demodulation 24722,20027]
25025. rd(mult(mult(X1,X0),unit),mult(mult(i(X0),X1),X0)) = X0 [forward demodulation 24899,9]
25105. rd(mult(X1,X0),mult(mult(i(X0),X1),X0)) = X0 [forward demodulation 25025,5]
25320. rd(mult(ld(i(X1),X0),X1),mult(X0,X1)) = X1 [superposition 25105,1]
25348. mult(mult(X1,X0),mult(X0,mult(mult(mult(i(X0),X2),X0),X0))) = mult(mult(X1,mult(X0,mult(X2,X0))),X0) [superposition 83,25105]
25351. mult(mult(i(X0),X1),X0) = ld(X0,mult(X1,X0)) [superposition 28,25105]
25352. mult(X1,X0) = mult(X0,mult(mult(i(X0),X1),X0)) [superposition 3,25105]
25355. mult(mult(X1,mult(X0,mult(X2,X0))),X0) = mult(mult(X1,X0),mult(X0,ld(X0,mult(X2,mult(X0,X0))))) [forward demodulation 25348,24003]
25468. mult(mult(X1,mult(X0,mult(X2,X0))),X0) = mult(mult(X1,X0),mult(X2,mult(X0,X0))) [forward demodulation 25355,1]
25756. mult(mult(X0,mult(mult(X1,X0),ld(X0,X0))),i(X0)) = ld(X0,mult(mult(X0,mult(X0,rd(X1,X0))),X0)) [superposition 463,838]
25790. mult(mult(i(X0),mult(i(X0),rd(X1,i(X0)))),i(X0)) = mult(i(X0),mult(mult(i(X0),mult(mult(X1,i(X0)),ld(i(X0),i(X0)))),X0)) [superposition 58,838]
26183. mult(mult(i(X0),mult(i(X0),rd(X1,i(X0)))),i(X0)) = mult(ld(X0,mult(i(X0),mult(mult(X1,i(X0)),ld(i(X0),i(X0))))),X0) [forward demodulation 25790,21152]
26214. mult(mult(X0,mult(mult(X1,X0),ld(X0,X0))),i(X0)) = mult(X0,mult(ld(X0,mult(X0,rd(X1,X0))),X0)) [forward demodulation 25756,10221]
26394. mult(mult(i(X0),mult(i(X0),rd(X1,i(X0)))),i(X0)) = mult(ld(X0,mult(i(X0),mult(mult(X1,i(X0)),unit))),X0) [forward demodulation 26183,20]
26412. mult(X0,mult(rd(X1,X0),X0)) = mult(mult(X0,mult(mult(X1,X0),ld(X0,X0))),i(X0)) [forward demodulation 26214,2]
26531. mult(mult(i(X0),mult(i(X0),rd(X1,i(X0)))),i(X0)) = mult(ld(X0,mult(i(X0),mult(X1,i(X0)))),X0) [forward demodulation 26394,5]
26541. mult(X0,mult(rd(X1,X0),X0)) = mult(mult(X0,mult(mult(X1,X0),unit)),i(X0)) [forward demodulation 26412,20]
26612. mult(ld(X0,mult(i(X0),mult(X1,i(X0)))),X0) = mult(i(X0),mult(i(X0),mult(rd(X1,i(X0)),i(X0)))) [forward demodulation 26531,103]
26618. mult(X0,mult(rd(X1,X0),X0)) = mult(mult(X0,mult(X1,X0)),i(X0)) [forward demodulation 26541,5]
26663. mult(i(X0),mult(i(X0),X1)) = mult(ld(X0,mult(i(X0),mult(X1,i(X0)))),X0) [forward demodulation 26612,3]
26665. mult(X0,X1) = mult(mult(X0,mult(X1,X0)),i(X0)) [forward demodulation 26618,3]
26752. mult(i(X0),mult(mult(X1,X0),X0)) = mult(mult(i(X0),ld(X0,mult(mult(X0,X1),X0))),i(i(X0))) [superposition 26665,463]
26754. mult(X1,rd(X0,X1)) = mult(mult(X1,X0),i(X1)) [superposition 26665,3]
26796. i(X0) = ld(mult(X0,mult(X1,X0)),mult(X0,X1)) [superposition 2,26665]
26797. mult(X0,mult(X1,X0)) = rd(mult(X0,X1),i(X0)) [superposition 4,26665]
26943. mult(i(X0),mult(mult(X1,X0),X0)) = mult(i(X0),rd(ld(X0,mult(mult(X0,X1),X0)),i(X0))) [forward demodulation 26752,26754]
27046. mult(i(X0),mult(mult(X1,X0),X0)) = mult(i(X0),rd(mult(X0,mult(ld(X0,X1),X0)),i(X0))) [forward demodulation 26943,10221]
27114. mult(i(X0),mult(mult(X1,X0),X0)) = mult(i(X0),mult(X0,mult(mult(ld(X0,X1),X0),X0))) [forward demodulation 27046,26797]
27157. mult(i(X0),mult(mult(X1,X0),X0)) = mult(ld(X0,X1),mult(X0,X0)) [forward demodulation 27114,21001]
27176. mult(ld(X0,mult(X1,X0)),X0) = mult(ld(X0,X1),mult(X0,X0)) [forward demodulation 27157,21152]
27198. mult(mult(mult(mult(mult(X1,X0),i(X0)),X0),X0),ld(X0,X2)) = ld(X0,mult(mult(mult(mult(X0,rd(X1,X0)),X0),X0),X2)) [superposition 855,454]
27421. mult(mult(mult(mult(mult(X1,X0),i(X0)),X0),X0),ld(X0,X2)) = ld(X0,mult(mult(X0,mult(mult(rd(X1,X0),X0),X0)),X2)) [forward demodulation 27198,61]
27485. ld(X0,mult(mult(X0,mult(X1,X0)),X2)) = mult(mult(mult(mult(mult(X1,X0),i(X0)),X0),X0),ld(X0,X2)) [forward demodulation 27421,3]
27540. ld(X0,mult(mult(X0,mult(X1,X0)),X2)) = mult(mult(mult(mult(mult(X1,X0),X0),i(X0)),X0),ld(X0,X2)) [forward demodulation 27485,19048]
27580. ld(X0,mult(mult(X0,mult(X1,X0)),X2)) = mult(mult(mult(mult(mult(X1,X0),X0),X0),i(X0)),ld(X0,X2)) [forward demodulation 27540,19048]
27606. ld(X0,mult(mult(X0,mult(X1,X0)),X2)) = mult(mult(i(X0),mult(X0,mult(mult(X1,X0),X0))),ld(X0,X2)) [forward demodulation 27580,23710]
27622. mult(mult(X1,mult(X0,X0)),ld(X0,X2)) = ld(X0,mult(mult(X0,mult(X1,X0)),X2)) [forward demodulation 27606,21001]
29095. mult(X0,mult(X1,X0)) = mult(ld(i(X0),X1),X0) [superposition 3,25320]
29468. mult(mult(X1,rd(X2,X1)),X1) = rd(mult(X1,X0),mult(X1,ld(mult(X2,X1),X0))) [superposition 946,1]
29501. mult(mult(i(X0),rd(X1,i(X0))),i(X0)) = rd(mult(ld(X0,mult(X1,i(X0))),X0),mult(i(X0),X0)) [superposition 946,21152]
29674. mult(mult(i(X0),rd(X1,i(X0))),i(X0)) = rd(mult(ld(X0,mult(X1,i(X0))),X0),unit) [forward demodulation 29501,10]
29707. ld(i(X1),X2) = rd(mult(X1,X0),mult(X1,ld(mult(X2,X1),X0))) [forward demodulation 29468,24311]
29862. mult(mult(i(X0),rd(X1,i(X0))),i(X0)) = mult(ld(X0,mult(X1,i(X0))),X0) [forward demodulation 29674,29]
29989. ld(i(i(X0)),X1) = mult(ld(X0,mult(X1,i(X0))),X0) [forward demodulation 29862,24311]
30069. ld(X0,X1) = mult(ld(X0,mult(X1,i(X0))),X0) [forward demodulation 29989,36]
30165. mult(mult(mult(i(X0),X1),i(X0)),X0) = ld(X0,mult(mult(mult(mult(X1,i(X0)),i(X0)),i(i(X0))),X0)) [superposition 25351,60]
30167. mult(mult(mult(i(X0),rd(X1,i(X0))),i(X0)),X0) = ld(X0,mult(mult(mult(X1,i(X0)),i(i(X0))),X0)) [superposition 25351,454]
30168. mult(mult(mult(i(X0),X1),i(X0)),X0) = ld(X0,mult(mult(i(X0),mult(ld(i(X0),X1),i(X0))),X0)) [superposition 25351,275]
30291. mult(mult(X0,rd(mult(i(X0),X1),X0)),X0) = mult(X0,mult(ld(X0,mult(X1,X0)),i(X0))) [superposition 454,25351]
30292. mult(mult(ld(X0,mult(X1,X0)),X0),i(X0)) = ld(X0,mult(mult(X0,mult(i(X0),X1)),X0)) [superposition 463,25351]
30313. mult(ld(X0,mult(i(X0),X1)),X0) = mult(i(X0),ld(X0,mult(X1,X0))) [superposition 21152,25351]
30314. mult(mult(X0,mult(i(X0),X1)),X0) = ld(i(X0),ld(X0,mult(X1,X0))) [superposition 21237,25351]
30362. mult(mult(ld(X0,mult(X1,X0)),X0),i(X0)) = mult(X0,mult(ld(X0,mult(i(X0),X1)),X0)) [forward demodulation 30292,10221]
30363. ld(i(X0),mult(i(X0),X1)) = mult(X0,mult(ld(X0,mult(X1,X0)),i(X0))) [forward demodulation 30291,24311]
30440. mult(mult(mult(i(X0),X1),i(X0)),X0) = ld(X0,ld(X0,mult(mult(ld(i(X0),X1),i(X0)),X0))) [forward demodulation 30168,25351]
30441. mult(mult(mult(i(X0),rd(X1,i(X0))),i(X0)),X0) = ld(X0,mult(mult(i(i(X0)),mult(i(X0),X1)),X0)) [forward demodulation 30167,23710]
30443. mult(mult(mult(i(X0),X1),i(X0)),X0) = ld(X0,mult(mult(i(i(X0)),mult(i(X0),mult(X1,i(X0)))),X0)) [forward demodulation 30165,23710]
30480. mult(mult(ld(X0,mult(X1,X0)),X0),i(X0)) = mult(X0,mult(i(X0),ld(X0,mult(X1,X0)))) [forward demodulation 30362,30313]
30481. mult(X0,mult(ld(X0,mult(X1,X0)),i(X0))) = X1 [forward demodulation 30363,2]
30528. mult(mult(mult(i(X0),X1),i(X0)),X0) = ld(X0,ld(X0,mult(mult(ld(i(X0),X1),X0),i(X0)))) [forward demodulation 30440,19048]
30529. mult(mult(mult(i(X0),rd(X1,i(X0))),i(X0)),X0) = ld(X0,mult(mult(X0,mult(i(X0),X1)),X0)) [forward demodulation 30441,36]
30530. mult(mult(mult(i(X0),X1),i(X0)),X0) = ld(X0,mult(mult(X0,mult(i(X0),mult(X1,i(X0)))),X0)) [forward demodulation 30443,36]
30548. mult(i(X0),mult(X0,ld(X0,mult(X1,X0)))) = mult(X0,mult(i(X0),ld(X0,mult(X1,X0)))) [forward demodulation 30480,23710]
30581. mult(mult(mult(i(X0),X1),i(X0)),X0) = ld(X0,ld(X0,mult(i(X0),mult(X0,ld(i(X0),X1))))) [forward demodulation 30528,23710]
30582. mult(mult(mult(i(X0),rd(X1,i(X0))),i(X0)),X0) = mult(X0,mult(ld(X0,mult(i(X0),X1)),X0)) [forward demodulation 30529,10221]
30583. mult(mult(mult(i(X0),X1),i(X0)),X0) = mult(X0,mult(ld(X0,mult(i(X0),mult(X1,i(X0)))),X0)) [forward demodulation 30530,10221]
30592. mult(i(X0),mult(X1,X0)) = mult(X0,mult(i(X0),ld(X0,mult(X1,X0)))) [forward demodulation 30548,1]
30606. mult(mult(mult(i(X0),X1),i(X0)),X0) = ld(X0,mult(i(X0),ld(i(X0),X1))) [forward demodulation 30581,24141]
30607. mult(mult(mult(i(X0),rd(X1,i(X0))),i(X0)),X0) = mult(X0,mult(i(X0),ld(X0,mult(X1,X0)))) [forward demodulation 30582,30313]
30608. mult(X0,mult(i(X0),mult(i(X0),X1))) = mult(mult(mult(i(X0),X1),i(X0)),X0) [forward demodulation 30583,26663]
30614. mult(ld(X0,X1),X0) = mult(X0,mult(i(X0),ld(X0,mult(X1,X0)))) [forward demodulation 30592,21152]
30619. ld(X0,X1) = mult(mult(mult(i(X0),X1),i(X0)),X0) [forward demodulation 30606,1]
30620. mult(mult(mult(i(X0),rd(X1,i(X0))),X0),i(X0)) = mult(X0,mult(i(X0),ld(X0,mult(X1,X0)))) [forward demodulation 30607,19048]
30621. mult(X0,mult(i(X0),mult(i(X0),X1))) = mult(mult(mult(i(X0),X1),X0),i(X0)) [forward demodulation 30608,19048]
30625. ld(X0,X1) = mult(mult(mult(i(X0),X1),X0),i(X0)) [forward demodulation 30619,19048]
30626. mult(ld(X0,X1),X0) = mult(mult(mult(i(X0),rd(X1,i(X0))),X0),i(X0)) [forward demodulation 30620,30614]
30627. mult(X0,mult(i(X0),mult(i(X0),X1))) = mult(i(X0),mult(X0,mult(i(X0),X1))) [forward demodulation 30621,23710]
30630. ld(X0,X1) = mult(i(X0),mult(X0,mult(i(X0),X1))) [forward demodulation 30625,23710]
30631. mult(ld(X0,X1),X0) = mult(i(X0),mult(X0,mult(i(X0),rd(X1,i(X0))))) [forward demodulation 30626,23710]
30633. mult(ld(X0,X1),X0) = mult(X0,mult(i(X0),mult(i(X0),rd(X1,i(X0))))) [forward demodulation 30631,30627]
30760. mult(mult(i(X0),mult(X0,mult(X1,X0))),i(X0)) = rd(mult(i(X0),X2),mult(i(X0),ld(mult(mult(X0,X1),i(X0)),X2))) [superposition 956,26665]
30853. mult(mult(i(X0),mult(X0,mult(X1,X0))),i(X0)) = ld(i(i(X0)),mult(X0,X1)) [forward demodulation 30760,29707]
30973. ld(X0,mult(X0,X1)) = mult(mult(i(X0),mult(X0,mult(X1,X0))),i(X0)) [forward demodulation 30853,36]
31044. ld(X0,mult(X0,X1)) = ld(X0,mult(mult(X0,mult(X1,X0)),i(X0))) [forward demodulation 30973,24256]
31086. ld(X0,mult(X0,X1)) = mult(mult(X1,mult(X0,X0)),ld(X0,i(X0))) [forward demodulation 31044,27622]
31112. ld(X0,mult(X0,X1)) = mult(mult(X1,mult(X0,X0)),i(mult(X0,X0))) [forward demodulation 31086,8800]
31131. ld(X0,mult(X0,X1)) = mult(i(mult(X0,X0)),mult(mult(X0,X0),X1)) [forward demodulation 31112,23710]
31143. mult(i(mult(X0,X0)),mult(mult(X0,X0),X1)) = X1 [forward demodulation 31131,2]
31159. mult(X1,i(X0)) = mult(i(X0),mult(mult(X0,X1),i(X0))) [superposition 25352,36]
31216. mult(X2,mult(X1,mult(X1,mult(i(X1),X0)))) = rd(mult(mult(X2,X1),mult(X0,X1)),X1) [superposition 96,25352]
31299. mult(i(X1),mult(X1,mult(X0,X1))) = rd(mult(X1,mult(mult(mult(i(X1),X0),X1),X1)),X1) [superposition 1778,25352]
31365. mult(i(X1),mult(X1,mult(X0,X1))) = mult(mult(X1,mult(i(X1),X0)),X1) [forward demodulation 31299,181]
31483. mult(X1,i(X0)) = mult(i(X0),mult(X0,rd(X1,X0))) [forward demodulation 31159,26754]
31915. mult(X0,i(X1)) = mult(X1,rd(ld(X1,X0),X1)) [superposition 26754,1]
31993. mult(i(X0),rd(X1,i(X0))) = mult(mult(i(X0),X1),X0) [superposition 26754,36]
32106. mult(mult(X0,X1),mult(i(X0),i(X0))) = rd(mult(mult(X0,rd(X1,X0)),mult(i(X0),i(X0))),i(X0)) [superposition 376,26754]
32162. mult(mult(X0,X1),mult(i(X0),i(X0))) = mult(rd(mult(X0,rd(X1,X0)),i(X0)),mult(i(X0),i(X0))) [forward demodulation 32106,12306]
32232. mult(i(X0),rd(X1,i(X0))) = ld(X0,mult(X1,X0)) [forward demodulation 31993,25351]
32299. mult(mult(X0,X1),mult(i(X0),i(X0))) = mult(i(X0),mult(ld(i(X0),mult(X0,rd(X1,X0))),i(X0))) [forward demodulation 32162,21492]
32387. mult(mult(X0,X1),mult(i(X0),i(X0))) = mult(mult(X0,mult(i(X0),mult(X0,rd(X1,X0)))),i(X0)) [forward demodulation 32299,1461]
32458. mult(mult(X0,X1),mult(i(X0),i(X0))) = mult(X0,rd(mult(i(X0),mult(X0,rd(X1,X0))),X0)) [forward demodulation 32387,26754]
32507. mult(X0,rd(mult(X1,i(X0)),X0)) = mult(mult(X0,X1),mult(i(X0),i(X0))) [forward demodulation 32458,31483]
32532. mult(X0,rd(mult(X1,i(X0)),X0)) = mult(mult(X0,X1),rd(i(X0),X0)) [forward demodulation 32507,922]
32544. mult(X0,rd(mult(X1,i(X0)),X0)) = mult(mult(X0,X1),ld(X0,i(X0))) [forward demodulation 32532,3018]
32549. mult(X0,rd(mult(X1,i(X0)),X0)) = mult(mult(X0,X1),i(mult(X0,X0))) [forward demodulation 32544,8800]
33196. i(X1) = ld(mult(X1,mult(mult(mult(i(X1),X0),X1),X1)),mult(X0,X1)) [superposition 26796,25352]
33321. i(X1) = ld(mult(X1,ld(X1,mult(X0,mult(X1,X1)))),mult(X0,X1)) [forward demodulation 33196,24003]
33425. i(X1) = ld(mult(X0,mult(X1,X1)),mult(X0,X1)) [forward demodulation 33321,1]
33657. mult(X1,mult(X2,mult(ld(X2,ld(X2,X0)),X2))) = mult(mult(rd(X1,X2),X0),X2) [superposition 1384,1]
33985. mult(mult(rd(X1,X2),X0),X2) = mult(X1,mult(mult(i(X2),X0),X2)) [forward demodulation 33657,20027]
34093. mult(mult(rd(X1,X2),X0),X2) = mult(X1,ld(X2,mult(X0,X2))) [forward demodulation 33985,25351]
34333. mult(X1,mult(ld(X1,X0),X1)) = rd(X0,i(X1)) [superposition 26797,1]
34342. mult(X1,mult(mult(mult(i(X1),X0),X1),X1)) = rd(mult(X0,X1),i(X1)) [superposition 26797,25352]
34412. mult(i(X0),mult(X1,i(X0))) = rd(mult(i(X0),X1),X0) [superposition 26797,36]
34473. mult(X1,ld(X1,mult(X0,mult(X1,X1)))) = rd(mult(X0,X1),i(X1)) [forward demodulation 34342,24003]
34515. mult(X0,mult(X1,X1)) = rd(mult(X0,X1),i(X1)) [forward demodulation 34473,1]
34816. mult(i(X0),mult(ld(i(X0),X1),i(X0))) = ld(mult(X0,i(X0)),mult(X0,rd(mult(i(X0),X1),X0))) [superposition 1412,26754]
34841. mult(i(X0),mult(ld(i(X0),X1),i(X0))) = ld(unit,mult(X0,rd(mult(i(X0),X1),X0))) [forward demodulation 34816,9]
35073. mult(i(X0),mult(ld(i(X0),X1),i(X0))) = mult(X0,rd(mult(i(X0),X1),X0)) [forward demodulation 34841,19]
35218. mult(X0,rd(mult(i(X0),X1),X0)) = rd(mult(i(X0),ld(i(X0),X1)),X0) [forward demodulation 35073,34412]
35297. rd(X1,X0) = mult(X0,rd(mult(i(X0),X1),X0)) [forward demodulation 35218,1]
35493. ld(mult(X1,X1),X0) = mult(i(mult(X1,X1)),X0) [superposition 31143,1]
35516. mult(X0,mult(X1,X1)) = mult(mult(X1,X1),mult(ld(mult(X1,X1),X0),mult(X1,X1))) [superposition 1454,31143]
35752. mult(X0,mult(X1,X1)) = rd(X0,i(mult(X1,X1))) [forward demodulation 35516,34333]
38638. mult(mult(rd(X1,X0),X0),mult(X0,i(mult(mult(i(X0),X1),X0)))) = X0 [superposition 776,23332]
38641. ld(X0,rd(X1,X0)) = rd(mult(i(X0),X1),X0) [superposition 4,23332]
38717. mult(X0,i(mult(mult(i(X0),X1),X0))) = ld(mult(mult(X0,ld(X0,rd(X1,X0))),X0),X0) [superposition 1202,23332]
38789. mult(X0,i(mult(mult(i(X0),X1),X0))) = ld(mult(rd(X1,X0),X0),X0) [forward demodulation 38717,1]
38852. mult(mult(rd(X1,X0),X0),mult(X0,i(ld(X0,mult(X1,X0))))) = X0 [forward demodulation 38638,25351]
38908. ld(X1,X0) = mult(X0,i(mult(mult(i(X0),X1),X0))) [forward demodulation 38789,3]
38947. mult(X1,mult(X0,i(ld(X0,mult(X1,X0))))) = X0 [forward demodulation 38852,3]
38978. ld(X1,X0) = mult(X0,i(ld(X0,mult(X1,X0)))) [forward demodulation 38908,25351]
40013. mult(rd(X2,X0),mult(X0,mult(X0,ld(X0,rd(X1,X0))))) = rd(mult(X2,mult(X0,mult(i(X0),X1))),X0) [superposition 1704,23332]
40258. rd(mult(X2,mult(X0,mult(i(X0),X1))),X0) = mult(rd(X2,X0),mult(X0,rd(X1,X0))) [forward demodulation 40013,1]
40524. mult(mult(mult(rd(X1,X0),X0),X0),ld(X0,X2)) = ld(X0,mult(ld(i(X0),X1),X2)) [superposition 855,24311]
40762. ld(X0,mult(ld(i(X0),X1),X2)) = mult(mult(X1,ld(X0,mult(X0,X0))),ld(X0,X2)) [forward demodulation 40524,34093]
40865. mult(mult(X1,X0),ld(X0,X2)) = ld(X0,mult(ld(i(X0),X1),X2)) [forward demodulation 40762,2]
41038. mult(X0,mult(i(X0),mult(i(X0),rd(X1,i(X0))))) = rd(mult(unit,mult(i(X0),X1)),i(X0)) [superposition 1727,9]
41090. mult(i(X0),mult(X0,mult(X0,rd(X1,X0)))) = rd(mult(unit,mult(X0,X1)),X0) [superposition 1727,10]
41100. rd(mult(i(X0),mult(X0,X1)),X0) = mult(i(mult(X0,X0)),mult(X0,mult(X0,rd(X1,X0)))) [superposition 1727,8805]
41106. mult(X1,mult(X2,mult(X2,rd(ld(X2,X0),X2)))) = rd(mult(mult(X1,X2),X0),X2) [superposition 1727,1]
41116. mult(X2,mult(X0,mult(X0,rd(mult(X0,mult(ld(X0,X1),X0)),X0)))) = rd(mult(mult(X2,X0),mult(mult(X0,X1),X0)),X0) [superposition 1727,275]
41121. rd(mult(mult(X1,X0),i(X0)),X0) = mult(X1,mult(X0,mult(X0,rd(i(mult(X0,X0)),X0)))) [superposition 1727,8798]
41179. mult(X1,mult(i(X0),mult(i(X0),rd(mult(X0,X0),i(X0))))) = rd(mult(mult(X1,i(X0)),X0),i(X0)) [superposition 1727,2298]
41256. mult(X1,mult(i(X0),mult(i(X0),rd(mult(X0,X0),i(X0))))) = mult(mult(X1,i(X0)),mult(X0,X0)) [forward demodulation 41179,34515]
41297. mult(X1,mult(X0,i(mult(X0,X0)))) = rd(mult(mult(X1,X0),i(X0)),X0) [forward demodulation 41121,21148]
41302. mult(X2,mult(X0,mult(X0,mult(mult(X0,rd(ld(X0,X1),X0)),X0)))) = rd(mult(mult(X2,X0),mult(mult(X0,X1),X0)),X0) [forward demodulation 41116,8639]
41312. rd(mult(mult(X1,X2),X0),X2) = mult(X1,mult(X2,mult(X0,i(X2)))) [forward demodulation 41106,31915]
41317. rd(mult(i(X0),mult(X0,X1)),X0) = ld(mult(X0,X0),mult(X0,mult(X0,rd(X1,X0)))) [forward demodulation 41100,35493]
41326. rd(mult(X0,X1),X0) = mult(i(X0),mult(X0,mult(X0,rd(X1,X0)))) [forward demodulation 41090,6]
41359. mult(X0,mult(i(X0),mult(i(X0),rd(X1,i(X0))))) = rd(mult(i(X0),X1),i(X0)) [forward demodulation 41038,6]
41390. mult(mult(X1,i(X0)),mult(X0,X0)) = mult(X1,mult(i(X0),ld(X0,mult(mult(X0,X0),X0)))) [forward demodulation 41256,32232]
41418. mult(X1,mult(X0,i(mult(X0,X0)))) = rd(mult(i(X0),mult(X0,X1)),X0) [forward demodulation 41297,23710]
41423. mult(X2,mult(X0,mult(mult(X0,X0),ld(X0,X1)))) = rd(mult(mult(X2,X0),mult(mult(X0,X1),X0)),X0) [forward demodulation 41302,21575]
41431. rd(mult(i(X0),mult(X0,X1)),X0) = mult(X0,ld(mult(X0,X0),mult(X0,rd(X1,X0)))) [forward demodulation 41317,9634]
41439. rd(mult(X0,X1),X0) = rd(mult(X0,mult(rd(X1,X0),X0)),X0) [forward demodulation 41326,1778]
41454. mult(ld(X0,X1),X0) = rd(mult(i(X0),X1),i(X0)) [forward demodulation 41359,30633]
41474. mult(mult(X1,i(X0)),mult(X0,X0)) = mult(X1,mult(i(X0),mult(mult(ld(X0,X0),X0),X0))) [forward demodulation 41390,8235]
41497. mult(X1,mult(X0,i(mult(X0,X0)))) = ld(X0,rd(mult(X0,X1),X0)) [forward demodulation 41418,38641]
41501. mult(X2,mult(mult(X0,X0),X1)) = rd(mult(mult(X2,X0),mult(mult(X0,X1),X0)),X0) [forward demodulation 41423,210]
41509. rd(mult(i(X0),mult(X0,X1)),X0) = mult(X0,mult(X0,ld(mult(X0,X0),rd(X1,X0)))) [forward demodulation 41431,9634]
41516. mult(mult(X0,rd(rd(X1,X0),X0)),X0) = rd(mult(X0,X1),X0) [forward demodulation 41439,8639]
41543. mult(mult(X1,i(X0)),mult(X0,X0)) = mult(X1,mult(ld(X0,mult(ld(X0,X0),X0)),X0)) [forward demodulation 41474,21152]
41563. mult(X1,i(X0)) = ld(X0,rd(mult(X0,X1),X0)) [forward demodulation 41497,8798]
41571. ld(X0,rd(mult(X0,X1),X0)) = mult(X0,mult(X0,ld(mult(X0,X0),rd(X1,X0)))) [forward demodulation 41509,38641]
41577. rd(mult(X0,X1),X0) = ld(i(X0),rd(X1,X0)) [forward demodulation 41516,24311]
41593. mult(mult(X1,i(X0)),mult(X0,X0)) = mult(X1,mult(ld(X0,ld(X0,X0)),mult(X0,X0))) [forward demodulation 41543,27176]
41616. mult(X1,i(X0)) = mult(X0,mult(X0,ld(mult(X0,X0),rd(X1,X0)))) [forward demodulation 41571,41563]
41632. mult(mult(X1,i(X0)),mult(X0,X0)) = mult(X1,mult(ld(X0,unit),mult(X0,X0))) [forward demodulation 41593,20]
41657. mult(X1,mult(i(X0),mult(X0,X0))) = mult(mult(X1,i(X0)),mult(X0,X0)) [forward demodulation 41632,21]
41674. mult(X1,X0) = mult(mult(X1,i(X0)),mult(X0,X0)) [forward demodulation 41657,2298]
41703. rd(mult(i(X0),X1),i(X0)) = ld(X0,rd(X1,i(X0))) [superposition 41577,36]
41717. ld(i(X1),X0) = rd(mult(X1,mult(X0,X1)),X1) [superposition 41577,4]
41749. rd(X1,X0) = mult(i(X0),rd(mult(X0,X1),X0)) [superposition 1,41577]
41804. mult(ld(X0,X1),X0) = ld(X0,rd(X1,i(X0))) [forward demodulation 41703,41454]
44237. rd(ld(X1,X0),X1) = mult(i(X1),rd(X0,X1)) [superposition 41749,1]
47456. mult(ld(X0,mult(i(X0),mult(X1,i(X0)))),X0) = ld(X0,ld(i(i(X0)),X1)) [superposition 41804,41717]
47509. ld(X0,ld(X0,X1)) = mult(ld(X0,mult(i(X0),mult(X1,i(X0)))),X0) [forward demodulation 47456,36]
47533. ld(X0,ld(X0,X1)) = mult(i(X0),ld(X0,mult(mult(X1,i(X0)),X0))) [forward demodulation 47509,30313]
47548. ld(X0,ld(X0,X1)) = mult(i(X0),ld(X0,mult(mult(X1,X0),i(X0)))) [forward demodulation 47533,19048]
47557. ld(X0,ld(X0,X1)) = mult(i(X0),ld(X0,mult(i(X0),mult(X0,X1)))) [forward demodulation 47548,23710]
47564. mult(i(X0),mult(i(X0),X1)) = ld(X0,ld(X0,X1)) [forward demodulation 47557,24141]
47590. mult(i(X0),mult(i(i(X0)),X1)) = mult(mult(X0,mult(i(X0),rd(X1,i(X0)))),i(X0)) [superposition 1461,23332]
47611. ld(i(i(X0)),ld(i(X0),X1)) = rd(mult(mult(X0,mult(i(X0),X1)),i(X0)),i(X0)) [superposition 41717,1461]
47706. rd(mult(i(X0),mult(mult(ld(i(X0),X1),i(X0)),i(X0))),i(X0)) = mult(i(i(X0)),mult(i(X0),mult(mult(X0,mult(i(X0),X1)),i(X0)))) [superposition 1778,1461]
47749. rd(mult(i(X0),mult(mult(ld(i(X0),X1),i(X0)),i(X0))),i(X0)) = mult(i(i(X0)),rd(mult(i(X0),mult(X0,mult(i(X0),X1))),X0)) [forward demodulation 47706,34412]
47841. mult(X0,mult(i(X0),X1)) = ld(i(i(X0)),ld(i(X0),X1)) [forward demodulation 47611,4]
47862. mult(i(X0),mult(i(i(X0)),X1)) = mult(X0,rd(mult(i(X0),rd(X1,i(X0))),X0)) [forward demodulation 47590,26754]
47903. rd(mult(i(X0),mult(mult(ld(i(X0),X1),i(X0)),i(X0))),i(X0)) = mult(i(i(X0)),mult(rd(i(X0),X0),mult(X0,rd(X1,X0)))) [forward demodulation 47749,40258]
47995. mult(X0,mult(i(X0),X1)) = ld(X0,ld(i(X0),X1)) [forward demodulation 47841,36]
48016. mult(i(X0),mult(i(i(X0)),X1)) = rd(rd(X1,i(X0)),X0) [forward demodulation 47862,35297]
48055. rd(mult(i(X0),mult(mult(ld(i(X0),X1),i(X0)),i(X0))),i(X0)) = mult(i(i(X0)),mult(ld(X0,i(X0)),mult(X0,rd(X1,X0)))) [forward demodulation 47903,3018]
48165. mult(i(X0),mult(X0,X1)) = rd(rd(X1,i(X0)),X0) [forward demodulation 48016,36]
48201. rd(mult(i(X0),mult(mult(ld(i(X0),X1),i(X0)),i(X0))),i(X0)) = mult(i(i(X0)),mult(i(mult(X0,X0)),mult(X0,rd(X1,X0)))) [forward demodulation 48055,8800]
48336. rd(mult(i(X0),mult(mult(ld(i(X0),X1),i(X0)),i(X0))),i(X0)) = mult(i(i(X0)),ld(mult(X0,X0),mult(X0,rd(X1,X0)))) [forward demodulation 48201,35493]
48449. rd(mult(i(X0),mult(mult(ld(i(X0),X1),i(X0)),i(X0))),i(X0)) = mult(i(i(X0)),mult(X0,ld(mult(X0,X0),rd(X1,X0)))) [forward demodulation 48336,9634]
48546. mult(X0,mult(X0,ld(mult(X0,X0),rd(X1,X0)))) = rd(mult(i(X0),mult(mult(ld(i(X0),X1),i(X0)),i(X0))),i(X0)) [forward demodulation 48449,36]
48623. mult(mult(i(X0),ld(i(X0),X1)),i(X0)) = mult(X0,mult(X0,ld(mult(X0,X0),rd(X1,X0)))) [forward demodulation 48546,181]
48686. mult(X1,i(X0)) = mult(mult(i(X0),ld(i(X0),X1)),i(X0)) [forward demodulation 48623,41616]
48743. mult(X1,i(X0)) = ld(X0,mult(ld(i(X0),X1),i(X0))) [forward demodulation 48686,24256]
48789. mult(X1,i(X0)) = mult(mult(X1,X0),ld(X0,i(X0))) [forward demodulation 48743,40865]
48828. mult(X1,i(X0)) = mult(mult(X1,X0),i(mult(X0,X0))) [forward demodulation 48789,8800]
49367. rd(mult(i(X0),mult(i(X0),mult(ld(i(X0),X1),i(X0)))),i(X0)) = mult(X0,mult(i(X0),mult(i(X0),mult(i(i(X0)),mult(i(X0),X1))))) [superposition 1828,1454]
49391. rd(mult(mult(X0,i(X1)),mult(i(X1),i(X1))),i(X1)) = mult(X1,mult(i(X1),mult(i(X1),mult(mult(ld(i(X1),X0),i(X1)),i(X1))))) [superposition 1828,42]
49441. rd(mult(mult(X0,i(X1)),mult(i(X1),i(X1))),i(X1)) = mult(X1,ld(X1,ld(X1,mult(mult(ld(i(X1),X0),i(X1)),i(X1))))) [forward demodulation 49391,47564]
49465. rd(mult(i(X0),mult(i(X0),mult(ld(i(X0),X1),i(X0)))),i(X0)) = rd(mult(mult(X0,i(X0)),mult(mult(i(X0),X1),i(X0))),i(X0)) [forward demodulation 49367,31216]
49506. ld(X1,mult(mult(ld(i(X1),X0),i(X1)),i(X1))) = rd(mult(mult(X0,i(X1)),mult(i(X1),i(X1))),i(X1)) [forward demodulation 49441,1]
49528. mult(X0,mult(mult(i(X0),i(X0)),X1)) = rd(mult(i(X0),mult(i(X0),mult(ld(i(X0),X1),i(X0)))),i(X0)) [forward demodulation 49465,41501]
49561. ld(X1,mult(mult(ld(i(X1),X0),i(X1)),i(X1))) = mult(rd(mult(X0,i(X1)),i(X1)),mult(i(X1),i(X1))) [forward demodulation 49506,12306]
49581. mult(i(X0),mult(i(X0),ld(i(X0),X1))) = mult(X0,mult(mult(i(X0),i(X0)),X1)) [forward demodulation 49528,292]
49614. ld(X1,mult(mult(ld(i(X1),X0),i(X1)),i(X1))) = mult(i(X1),mult(ld(i(X1),mult(X0,i(X1))),i(X1))) [forward demodulation 49561,21492]
49631. mult(i(X0),mult(i(X0),ld(i(X0),X1))) = mult(X0,mult(rd(i(X0),X0),X1)) [forward demodulation 49581,922]
49657. ld(X1,mult(mult(ld(i(X1),X0),i(X1)),i(X1))) = mult(mult(X1,mult(i(X1),mult(X0,i(X1)))),i(X1)) [forward demodulation 49614,1461]
49671. mult(i(X0),mult(i(X0),ld(i(X0),X1))) = mult(X0,mult(ld(X0,i(X0)),X1)) [forward demodulation 49631,3018]
49691. ld(X1,mult(mult(ld(i(X1),X0),i(X1)),i(X1))) = mult(mult(X1,i(X1)),mult(X0,mult(i(X1),i(X1)))) [forward demodulation 49657,25468]
49700. mult(i(X0),mult(i(X0),ld(i(X0),X1))) = mult(X0,mult(i(mult(X0,X0)),X1)) [forward demodulation 49671,8800]
49714. ld(X1,mult(mult(ld(i(X1),X0),i(X1)),i(X1))) = mult(mult(X1,i(X1)),mult(X0,rd(i(X1),X1))) [forward demodulation 49691,922]
49721. mult(i(X0),mult(i(X0),ld(i(X0),X1))) = mult(X0,ld(mult(X0,X0),X1)) [forward demodulation 49700,35493]
49728. ld(X1,mult(mult(ld(i(X1),X0),i(X1)),i(X1))) = mult(mult(X1,i(X1)),mult(X0,ld(X1,i(X1)))) [forward demodulation 49714,3018]
49733. mult(X0,ld(mult(X0,X0),X1)) = ld(X0,ld(X0,ld(i(X0),X1))) [forward demodulation 49721,47564]
49740. ld(X1,mult(mult(ld(i(X1),X0),i(X1)),i(X1))) = mult(mult(X1,i(X1)),mult(X0,i(mult(X1,X1)))) [forward demodulation 49728,8800]
49742. mult(X0,ld(mult(X0,X0),X1)) = ld(X0,mult(X0,mult(i(X0),X1))) [forward demodulation 49733,47995]
49745. ld(X1,mult(mult(ld(i(X1),X0),i(X1)),i(X1))) = mult(unit,mult(X0,i(mult(X1,X1)))) [forward demodulation 49740,9]
49746. mult(i(X0),X1) = mult(X0,ld(mult(X0,X0),X1)) [forward demodulation 49742,2]
49747. mult(X0,i(mult(X1,X1))) = ld(X1,mult(mult(ld(i(X1),X0),i(X1)),i(X1))) [forward demodulation 49745,6]
49748. mult(X0,i(mult(X1,X1))) = ld(X1,mult(mult(X1,mult(X0,i(X1))),i(X1))) [forward demodulation 49747,23277]
49749. mult(X0,i(mult(X1,X1))) = ld(X1,mult(X1,rd(mult(X0,i(X1)),X1))) [forward demodulation 49748,26754]
49750. mult(X0,i(mult(X1,X1))) = rd(mult(X0,i(X1)),X1) [forward demodulation 49749,2]
49770. mult(X1,X0) = mult(i(X1),mult(mult(X1,X1),X0)) [superposition 49746,2]
49779. ld(mult(X0,X0),X1) = ld(X0,mult(i(X0),X1)) [superposition 2,49746]
49797. mult(mult(X0,X0),mult(i(X0),X1)) = mult(X0,mult(mult(X0,X0),ld(mult(X0,X0),X1))) [superposition 66,49746]
49818. mult(mult(X0,mult(i(X0),X1)),X0) = mult(X0,mult(X0,mult(ld(mult(X0,X0),X1),X0))) [superposition 103,49746]
49871. mult(i(X0),mult(X0,mult(i(X0),X1))) = rd(mult(X0,mult(ld(mult(X0,X0),X1),X0)),X0) [superposition 1778,49746]
49889. rd(mult(i(X0),X1),i(X0)) = mult(X0,mult(ld(mult(X0,X0),X1),X0)) [superposition 26797,49746]
49938. mult(ld(X0,X1),X0) = mult(X0,mult(ld(mult(X0,X0),X1),X0)) [forward demodulation 49889,41454]
49946. mult(i(X0),mult(X0,mult(i(X0),X1))) = mult(mult(X0,rd(ld(mult(X0,X0),X1),X0)),X0) [forward demodulation 49871,8639]
49984. mult(i(X0),mult(X0,mult(X1,X0))) = mult(X0,mult(X0,mult(ld(mult(X0,X0),X1),X0))) [forward demodulation 49818,31365]
49990. mult(X0,X1) = mult(mult(X0,X0),mult(i(X0),X1)) [forward demodulation 49797,1]
50045. mult(i(X0),mult(X0,mult(i(X0),X1))) = ld(i(X0),ld(mult(X0,X0),X1)) [forward demodulation 49946,24311]
50066. mult(X0,mult(ld(X0,X1),X0)) = mult(i(X0),mult(X0,mult(X1,X0))) [forward demodulation 49984,49938]
50103. ld(X0,X1) = ld(i(X0),ld(mult(X0,X0),X1)) [forward demodulation 50045,30630]
50115. mult(i(X0),mult(X0,mult(X1,X0))) = rd(X1,i(X0)) [forward demodulation 50066,34333]
50958. mult(mult(X0,X0),X1) = ld(i(X0),mult(X0,X1)) [superposition 2,49770]
50959. i(X0) = rd(mult(X0,X1),mult(mult(X0,X0),X1)) [superposition 4,49770]
50976. mult(mult(i(X0),i(X0)),mult(X0,X1)) = mult(i(X0),mult(mult(i(X0),i(X0)),mult(mult(X0,X0),X1))) [superposition 66,49770]
51142. mult(rd(i(X0),X0),mult(X0,X1)) = mult(i(X0),mult(rd(i(X0),X0),mult(mult(X0,X0),X1))) [forward demodulation 50976,922]
51280. mult(ld(X0,i(X0)),mult(X0,X1)) = mult(i(X0),mult(ld(X0,i(X0)),mult(mult(X0,X0),X1))) [forward demodulation 51142,3018]
51365. mult(i(mult(X0,X0)),mult(X0,X1)) = mult(i(X0),mult(i(mult(X0,X0)),mult(mult(X0,X0),X1))) [forward demodulation 51280,8800]
51415. mult(i(X0),X1) = mult(i(mult(X0,X0)),mult(X0,X1)) [forward demodulation 51365,31143]
51449. mult(i(X0),X1) = ld(mult(X0,X0),mult(X0,X1)) [forward demodulation 51415,35493]
51641. i(X0) = rd(mult(ld(i(i(X0)),mult(i(X0),rd(X1,i(X0)))),i(X0)),mult(i(X0),mult(mult(X1,i(X0)),X0))) [superposition 25320,2123]
51658. i(X0) = rd(mult(ld(i(i(X0)),mult(i(X0),rd(X1,i(X0)))),i(X0)),mult(ld(X0,mult(X1,i(X0))),X0)) [forward demodulation 51641,21152]
51815. i(X0) = rd(mult(ld(i(i(X0)),mult(i(X0),rd(X1,i(X0)))),i(X0)),ld(X0,X1)) [forward demodulation 51658,30069]
51971. i(X0) = rd(mult(i(X0),mult(mult(i(X0),rd(X1,i(X0))),i(X0))),ld(X0,X1)) [forward demodulation 51815,29095]
52121. i(X0) = rd(rd(mult(i(X0),mult(i(X0),rd(X1,i(X0)))),X0),ld(X0,X1)) [forward demodulation 51971,34412]
52251. i(X0) = rd(ld(X0,rd(mult(i(X0),rd(X1,i(X0))),X0)),ld(X0,X1)) [forward demodulation 52121,38641]
52349. i(X0) = rd(ld(X0,ld(X0,rd(rd(X1,i(X0)),X0))),ld(X0,X1)) [forward demodulation 52251,38641]
52431. i(X0) = rd(ld(X0,ld(X0,mult(i(X0),mult(X0,X1)))),ld(X0,X1)) [forward demodulation 52349,48165]
52494. i(X0) = rd(ld(X0,mult(i(X0),X1)),ld(X0,X1)) [forward demodulation 52431,24141]
52539. i(X0) = rd(ld(mult(X0,X0),X1),ld(X0,X1)) [forward demodulation 52494,49779]
55813. mult(mult(X1,X1),X0) = mult(X1,ld(i(X1),X0)) [superposition 49990,1]
59131. mult(X0,mult(X0,ld(X0,X1))) = mult(mult(X0,mult(X1,i(X0))),X0) [superposition 275,30069]
59190. ld(mult(X0,mult(X0,ld(X0,mult(X1,i(X0))))),mult(X0,mult(X0,ld(X0,X1)))) = X0 [superposition 291,30069]
59347. ld(mult(X0,mult(X0,ld(X0,mult(X1,i(X0))))),mult(X0,X1)) = X0 [forward demodulation 59190,1]
59394. mult(X0,X1) = mult(mult(X0,mult(X1,i(X0))),X0) [forward demodulation 59131,1]
59505. ld(mult(X0,mult(X1,i(X0))),mult(X0,X1)) = X0 [forward demodulation 59347,1]
62482. mult(rd(X0,X1),rd(mult(rd(X0,X1),mult(X1,rd(X0,X1))),rd(X0,X1))) = mult(mult(mult(rd(X0,X1),X0),rd(X0,X1)),i(rd(X0,X1))) [superposition 26754,282]
62499. mult(rd(X0,X1),rd(mult(rd(X0,X1),mult(X1,rd(X0,X1))),rd(X0,X1))) = mult(i(rd(X0,X1)),mult(rd(X0,X1),mult(rd(X0,X1),X0))) [forward demodulation 62482,23710]
62664. mult(rd(X0,X1),rd(mult(rd(X0,X1),mult(X1,rd(X0,X1))),rd(X0,X1))) = rd(mult(rd(X0,X1),mult(X0,rd(X0,X1))),rd(X0,X1)) [forward demodulation 62499,1778]
62787. mult(rd(X0,X1),rd(mult(rd(X0,X1),mult(X1,rd(X0,X1))),rd(X0,X1))) = mult(mult(rd(X0,X1),rd(X0,rd(X0,X1))),rd(X0,X1)) [forward demodulation 62664,8639]
62883. mult(rd(X0,X1),rd(mult(rd(X0,X1),mult(X1,rd(X0,X1))),rd(X0,X1))) = ld(i(rd(X0,X1)),X0) [forward demodulation 62787,24311]
62934. mult(rd(X0,X1),mult(mult(rd(X0,X1),rd(X1,rd(X0,X1))),rd(X0,X1))) = ld(i(rd(X0,X1)),X0) [forward demodulation 62883,8639]
62969. ld(i(rd(X0,X1)),X0) = mult(rd(X0,X1),ld(i(rd(X0,X1)),X1)) [forward demodulation 62934,24311]
62993. mult(mult(rd(X0,X1),rd(X0,X1)),X1) = ld(i(rd(X0,X1)),X0) [forward demodulation 62969,55813]
63007. mult(X0,ld(X1,mult(rd(X0,X1),X1))) = ld(i(rd(X0,X1)),X0) [forward demodulation 62993,34093]
63019. mult(X0,ld(X1,X0)) = ld(i(rd(X0,X1)),X0) [forward demodulation 63007,3]
65152. mult(i(mult(X1,X0)),X1) = rd(X1,mult(X1,mult(mult(ld(X1,mult(X0,X1)),i(X1)),X1))) [superposition 596,30481]
65311. mult(i(mult(X1,X0)),X1) = rd(X1,mult(X1,mult(mult(ld(X1,mult(X0,X1)),X1),i(X1)))) [forward demodulation 65152,19048]
65535. mult(i(mult(X1,X0)),X1) = rd(X1,mult(mult(X1,rd(ld(X1,mult(X0,X1)),X1)),X1)) [forward demodulation 65311,454]
65681. mult(i(mult(X1,X0)),X1) = rd(X1,ld(i(X1),ld(X1,mult(X0,X1)))) [forward demodulation 65535,24311]
65791. mult(i(mult(X1,X0)),X1) = rd(X1,mult(mult(X1,mult(i(X1),X0)),X1)) [forward demodulation 65681,30314]
65860. mult(i(mult(X1,X0)),X1) = rd(X1,mult(i(X1),mult(X1,mult(X0,X1)))) [forward demodulation 65791,31365]
65908. mult(i(mult(X1,X0)),X1) = rd(X1,rd(X0,i(X1))) [forward demodulation 65860,50115]
67243. mult(i(mult(X1,mult(X0,i(X1)))),X1) = rd(X1,mult(X1,mult(rd(ld(X1,X0),X1),X1))) [superposition 596,31915]
67404. mult(i(mult(X1,mult(X0,i(X1)))),X1) = rd(X1,mult(X1,ld(X1,X0))) [forward demodulation 67243,3]
67533. rd(X1,X0) = mult(i(mult(X1,mult(X0,i(X1)))),X1) [forward demodulation 67404,1]
71812. i(X1) = ld(X0,mult(rd(X0,mult(X1,X1)),X1)) [superposition 33425,3]
74193. mult(mult(X1,X0),X1) = mult(X1,rd(X0,i(X1))) [superposition 275,34333]
76359. mult(mult(X0,mult(X1,X0)),mult(i(X0),i(X0))) = rd(mult(X0,X1),i(i(X0))) [superposition 34515,26665]
76464. rd(mult(X0,X1),X0) = mult(mult(X0,mult(X1,X0)),mult(i(X0),i(X0))) [forward demodulation 76359,36]
76549. rd(mult(X0,X1),X0) = mult(mult(X0,mult(X1,X0)),rd(i(X0),X0)) [forward demodulation 76464,922]
76601. rd(mult(X0,X1),X0) = mult(mult(X0,mult(X1,X0)),ld(X0,i(X0))) [forward demodulation 76549,3018]
76640. rd(mult(X0,X1),X0) = mult(mult(X0,mult(X1,X0)),i(mult(X0,X0))) [forward demodulation 76601,8800]
76669. mult(X0,rd(mult(mult(X1,X0),i(X0)),X0)) = rd(mult(X0,X1),X0) [forward demodulation 76640,32549]
76688. mult(X0,mult(mult(X1,X0),i(mult(X0,X0)))) = rd(mult(X0,X1),X0) [forward demodulation 76669,49750]
76699. mult(X0,mult(X1,i(X0))) = rd(mult(X0,X1),X0) [forward demodulation 76688,48828]
77727. rd(X1,i(X0)) = mult(i(X0),rd(mult(X0,X1),i(X0))) [superposition 35297,36]
78188. ld(X0,mult(mult(X0,X1),X0)) = rd(X1,i(X0)) [forward demodulation 77727,32232]
79843. rd(X1,mult(X0,X0)) = ld(mult(X0,X0),rd(mult(mult(X0,X0),X1),mult(X0,X0))) [superposition 41749,35493]
80485. rd(X1,mult(X0,X0)) = mult(X1,i(mult(X0,X0))) [forward demodulation 79843,41563]
94368. mult(mult(X1,X1),mult(ld(X1,X0),X1)) = ld(i(X1),rd(X0,i(X1))) [superposition 50958,34333]
94617. mult(X1,mult(mult(X1,ld(X1,X0)),X1)) = ld(i(X1),rd(X0,i(X1))) [forward demodulation 94368,21741]
94718. mult(X1,mult(X0,X1)) = ld(i(X1),rd(X0,i(X1))) [forward demodulation 94617,1]
97111. i(rd(X0,X1)) = rd(X0,mult(mult(rd(X0,X1),rd(X0,X1)),X1)) [superposition 50959,3]
97318. i(rd(X0,X1)) = rd(X0,mult(X0,ld(X1,mult(rd(X0,X1),X1)))) [forward demodulation 97111,34093]
97466. i(rd(X0,X1)) = rd(X0,mult(X0,ld(X1,X0))) [forward demodulation 97318,3]
122801. ld(i(X0),X1) = mult(X1,ld(ld(X0,X1),X1)) [superposition 63019,33]
129276. mult(rd(X0,X1),mult(X1,i(ld(X1,X0)))) = X1 [superposition 38947,3]
130944. ld(ld(i(X0),X1),X0) = mult(X0,i(ld(X0,mult(X0,mult(X1,X0))))) [superposition 38978,29095]
130978. ld(rd(X0,X1),X1) = mult(X1,i(ld(X1,X0))) [superposition 38978,3]
131015. i(ld(X1,mult(X0,X1))) = ld(X1,ld(X0,X1)) [superposition 2,38978]
131244. ld(ld(i(X0),X1),X0) = ld(rd(mult(X0,mult(X1,X0)),X0),X0) [forward demodulation 130944,130978]
131347. ld(mult(mult(X0,rd(X1,X0)),X0),X0) = ld(ld(i(X0),X1),X0) [forward demodulation 131244,8639]
131410. mult(X0,i(mult(X1,X0))) = ld(ld(i(X0),X1),X0) [forward demodulation 131347,19384]
133706. mult(mult(X0,mult(i(X1),i(X1))),X1) = mult(mult(mult(X0,i(X1)),mult(i(X1),i(X1))),mult(X1,X1)) [superposition 41674,110]
133866. mult(mult(X0,rd(i(X1),X1)),X1) = mult(mult(mult(X0,i(X1)),rd(i(X1),X1)),mult(X1,X1)) [forward demodulation 133706,922]
133946. mult(mult(X0,ld(X1,i(X1))),X1) = mult(mult(mult(X0,i(X1)),ld(X1,i(X1))),mult(X1,X1)) [forward demodulation 133866,3018]
134007. mult(mult(X0,i(mult(X1,X1))),X1) = mult(mult(mult(X0,i(X1)),i(mult(X1,X1))),mult(X1,X1)) [forward demodulation 133946,8800]
134043. mult(mult(X0,i(mult(X1,X1))),X1) = mult(mult(mult(X0,i(X1)),mult(X1,X1)),i(mult(X1,X1))) [forward demodulation 134007,19048]
134068. mult(mult(X0,i(mult(X1,X1))),X1) = rd(mult(mult(X0,i(X1)),mult(X1,X1)),mult(X1,X1)) [forward demodulation 134043,80485]
134085. mult(X0,i(X1)) = mult(mult(X0,i(mult(X1,X1))),X1) [forward demodulation 134068,4]
134096. mult(X0,i(X1)) = mult(rd(X0,mult(X1,X1)),X1) [forward demodulation 134085,80485]
136579. mult(i(mult(X0,mult(X1,i(X0)))),X0) = ld(mult(mult(X0,mult(X1,i(X0))),mult(X0,mult(X1,i(X0)))),mult(X0,X1)) [superposition 51449,59394]
136606. mult(i(mult(X0,mult(X1,i(X0)))),X0) = ld(rd(mult(mult(mult(X0,mult(X1,i(X0))),X0),X1),X0),mult(X0,X1)) [forward demodulation 136579,41312]
136748. mult(i(mult(X0,mult(X1,i(X0)))),X0) = ld(rd(mult(mult(X0,X1),X1),X0),mult(X0,X1)) [forward demodulation 136606,59394]
136865. rd(X0,X1) = ld(rd(mult(mult(X0,X1),X1),X0),mult(X0,X1)) [forward demodulation 136748,67533]
137522. i(mult(X0,mult(X1,i(X0)))) = rd(ld(mult(mult(X0,mult(X1,i(X0))),mult(X0,mult(X1,i(X0)))),mult(X0,X1)),X0) [superposition 52539,59505]
137527. i(mult(X0,mult(X1,i(X0)))) = rd(ld(rd(mult(mult(mult(X0,mult(X1,i(X0))),X0),X1),X0),mult(X0,X1)),X0) [forward demodulation 137522,41312]
137652. i(mult(X0,mult(X1,i(X0)))) = rd(ld(rd(mult(mult(X0,X1),X1),X0),mult(X0,X1)),X0) [forward demodulation 137527,59394]
137763. i(mult(X0,mult(X1,i(X0)))) = rd(rd(X0,X1),X0) [forward demodulation 137652,136865]
137838. i(rd(mult(X0,X1),X0)) = rd(rd(X0,X1),X0) [forward demodulation 137763,76699]
149500. ld(mult(X1,X0),X1) = mult(X1,i(rd(X0,i(X1)))) [superposition 38978,78188]
153172. i(mult(X1,X1)) = ld(X0,rd(X0,mult(X1,X1))) [superposition 2,80485]
158452. ld(i(i(rd(X0,X1))),X0) = mult(X0,ld(mult(X0,ld(X1,X0)),X0)) [superposition 63019,97466]
158455. ld(rd(X0,X1),X0) = mult(X0,ld(mult(X0,ld(X1,X0)),X0)) [forward demodulation 158452,36]
158506. mult(X0,ld(mult(X0,ld(X1,X0)),X0)) = X1 [forward demodulation 158455,28]
159338. rd(X1,X0) = mult(X1,ld(mult(X1,X0),X1)) [superposition 158506,28]
160412. ld(mult(X0,X1),X0) = ld(X0,rd(X0,X1)) [superposition 2,159338]
167442. ld(ld(X0,X1),X1) = ld(X1,ld(i(X0),X1)) [superposition 2,122801]
171180. mult(rd(mult(X1,X0),X1),mult(X1,i(X0))) = X1 [superposition 129276,2]
171186. mult(rd(mult(rd(X1,mult(X0,X0)),X0),X1),mult(X1,i(i(X0)))) = X1 [superposition 129276,71812]
171303. mult(rd(mult(rd(X1,mult(X0,X0)),X0),X1),mult(X1,X0)) = X1 [forward demodulation 171186,36]
171379. mult(rd(mult(X1,i(X0)),X1),mult(X1,X0)) = X1 [forward demodulation 171303,134096]
172186. i(ld(X1,X0)) = ld(X1,ld(rd(X0,X1),X1)) [superposition 2,130978]
173258. ld(X0,mult(X1,X0)) = i(ld(X0,ld(X1,X0))) [superposition 36,131015]
178472. i(rd(X0,X1)) = rd(rd(X1,ld(mult(X1,ld(X0,X1)),X1)),X1) [superposition 137838,158506]
178679. i(rd(X0,X1)) = rd(mult(X1,ld(X0,X1)),X1) [forward demodulation 178472,33]
190417. mult(rd(ld(X0,X1),X1),mult(X1,i(i(ld(X1,mult(X0,X1)))))) = X1 [superposition 171180,38978]
190418. mult(rd(ld(rd(X0,X1),X1),X1),mult(X1,i(i(ld(X1,X0))))) = X1 [superposition 171180,130978]
190636. mult(rd(ld(rd(X0,X1),X1),X1),mult(X1,ld(X1,X0))) = X1 [forward demodulation 190418,36]
190637. mult(rd(ld(X0,X1),X1),mult(X1,ld(X1,mult(X0,X1)))) = X1 [forward demodulation 190417,36]
190724. mult(rd(ld(rd(X0,X1),X1),X1),X0) = X1 [forward demodulation 190636,1]
190725. mult(rd(ld(X0,X1),X1),mult(X0,X1)) = X1 [forward demodulation 190637,1]
191422. rd(X0,X1) = rd(ld(rd(X1,X0),X0),X0) [superposition 4,190724]
192417. rd(X0,mult(X1,X0)) = rd(ld(X1,X0),X0) [superposition 4,190725]
193421. mult(rd(X0,X1),X0) = ld(rd(X1,X0),X0) [superposition 3,191422]
193435. mult(i(X0),rd(X0,X1)) = rd(ld(X0,ld(rd(X1,X0),X0)),X0) [superposition 44237,191422]
193478. mult(i(X0),rd(X0,X1)) = rd(i(ld(X0,X1)),X0) [forward demodulation 193435,172186]
201337. mult(rd(mult(X0,i(X1)),X0),X0) = rd(mult(X0,X0),mult(X0,mult(ld(X0,X1),X0))) [superposition 1413,171379]
201401. mult(rd(mult(X0,i(X1)),X0),X0) = mult(rd(X0,mult(X0,mult(X0,ld(X0,X1)))),X0) [forward demodulation 201337,1574]
201527. mult(rd(X0,mult(X0,X1)),X0) = mult(rd(mult(X0,i(X1)),X0),X0) [forward demodulation 201401,1]
201625. mult(X0,i(X1)) = mult(rd(X0,mult(X0,X1)),X0) [forward demodulation 201527,3]
205008. i(ld(ld(X0,X1),X1)) = ld(X1,mult(i(X0),X1)) [superposition 173258,167442]
206110. mult(X1,ld(X0,X1)) = mult(i(rd(X0,X1)),X1) [superposition 3,178679]
206127. i(ld(X1,mult(X1,ld(X0,X1)))) = ld(X1,ld(i(rd(X0,X1)),X1)) [superposition 172186,178679]
206145. mult(X1,i(rd(X0,i(X1)))) = mult(mult(X1,mult(i(X1),ld(X0,i(X1)))),X1) [superposition 74193,178679]
206154. mult(X1,i(rd(X0,i(X1)))) = mult(i(X1),mult(X1,mult(ld(X0,i(X1)),X1))) [forward demodulation 206145,31365]
206169. ld(ld(rd(X0,X1),X1),X1) = i(ld(X1,mult(X1,ld(X0,X1)))) [forward demodulation 206127,167442]
206228. mult(X1,i(rd(X0,i(X1)))) = rd(ld(X0,i(X1)),i(X1)) [forward demodulation 206154,50115]
206238. i(ld(X0,X1)) = ld(ld(rd(X0,X1),X1),X1) [forward demodulation 206169,2]
206273. mult(X1,i(rd(X0,i(X1)))) = rd(i(X1),mult(X0,i(X1))) [forward demodulation 206228,192417]
206277. i(ld(X0,X1)) = ld(mult(rd(X1,X0),X1),X1) [forward demodulation 206238,193421]
206296. ld(mult(X1,X0),X1) = rd(i(X1),mult(X0,i(X1))) [forward demodulation 206273,149500]
206306. ld(X1,rd(X1,X0)) = rd(i(X1),mult(X0,i(X1))) [forward demodulation 206296,160412]
210957. mult(rd(X1,X0),X1) = mult(X1,i(ld(X1,X0))) [superposition 201625,1]
213567. mult(i(X0),X1) = mult(X1,ld(mult(X0,X1),X1)) [superposition 206110,4]
214461. ld(mult(X0,X1),X1) = i(ld(ld(X0,X1),X1)) [superposition 206277,33]
220480. mult(X1,mult(ld(mult(X0,X1),X1),X1)) = rd(mult(i(X0),X1),i(X1)) [superposition 26797,213567]
220552. mult(X1,mult(ld(mult(X0,X1),X1),X1)) = mult(i(X0),mult(X1,X1)) [forward demodulation 220480,34515]
235906. mult(ld(X0,i(ld(i(X0),X1))),X0) = rd(mult(rd(i(X0),X1),i(X0)),i(X0)) [superposition 41454,210957]
235907. mult(ld(X1,i(ld(i(X1),X0))),X1) = rd(ld(rd(X0,i(X1)),i(X1)),i(X1)) [superposition 41454,130978]
236026. mult(ld(X1,i(ld(i(X1),X0))),X1) = rd(i(X1),mult(rd(X0,i(X1)),i(X1))) [forward demodulation 235907,192417]
236027. rd(i(X0),X1) = mult(ld(X0,i(ld(i(X0),X1))),X0) [forward demodulation 235906,4]
236105. ld(X1,rd(X1,rd(X0,i(X1)))) = mult(ld(X1,i(ld(i(X1),X0))),X1) [forward demodulation 236026,206306]
236167. rd(i(X1),X0) = ld(X1,rd(X1,rd(X0,i(X1)))) [forward demodulation 236105,236027]
236213. rd(i(X1),X0) = ld(X1,mult(i(mult(X1,X0)),X1)) [forward demodulation 236167,65908]
236245. rd(i(X1),X0) = i(ld(ld(mult(X1,X0),X1),X1)) [forward demodulation 236213,205008]
236265. ld(mult(mult(X1,X0),X1),X1) = rd(i(X1),X0) [forward demodulation 236245,214461]
236838. ld(mult(X0,X1),X1) = rd(i(X1),ld(X1,X0)) [superposition 236265,1]
236865. rd(i(X0),i(mult(X1,X1))) = ld(mult(rd(X0,mult(X1,X1)),X0),X0) [superposition 236265,80485]
236983. i(ld(mult(X1,X1),X0)) = rd(i(X0),i(mult(X1,X1))) [forward demodulation 236865,206277]
237046. i(ld(mult(X1,X1),X0)) = mult(i(X0),mult(X1,X1)) [forward demodulation 236983,35752]
237459. i(X1) = mult(ld(mult(X0,X1),X1),ld(X1,X0)) [superposition 3,236838]
237460. ld(X1,X0) = ld(ld(mult(X0,X1),X1),i(X1)) [superposition 28,236838]
240600. i(X1) = mult(ld(X0,X1),ld(X1,rd(X0,X1))) [superposition 237459,3]
240643. i(X1) = mult(ld(mult(rd(X1,mult(X0,X0)),X1),X1),i(mult(X0,X0))) [superposition 237459,153172]
240696. i(X1) = rd(ld(mult(rd(X1,mult(X0,X0)),X1),X1),mult(X0,X0)) [forward demodulation 240643,80485]
240785. i(X1) = rd(i(ld(mult(X0,X0),X1)),mult(X0,X0)) [forward demodulation 240696,206277]
240849. i(X1) = mult(i(mult(X0,X0)),rd(mult(X0,X0),X1)) [forward demodulation 240785,193478]
240888. i(X1) = ld(mult(X0,X0),rd(mult(X0,X0),X1)) [forward demodulation 240849,35493]
247847. i(i(X0)) = mult(ld(X0,X1),ld(i(X0),rd(ld(mult(X1,X0),X0),i(X0)))) [superposition 240600,237460]
247971. i(i(X0)) = mult(ld(X0,X1),mult(X0,mult(ld(mult(X1,X0),X0),X0))) [forward demodulation 247847,94718]
248015. i(i(X0)) = mult(ld(X0,X1),mult(i(X1),mult(X0,X0))) [forward demodulation 247971,220552]
248044. mult(ld(X0,X1),mult(i(X1),mult(X0,X0))) = X0 [forward demodulation 248015,36]
248947. ld(mult(X1,X1),X0) = i(ld(X0,mult(X1,X1))) [superposition 240888,33]
248961. ld(i(X1),i(X0)) = ld(X1,rd(mult(X1,X1),X0)) [superposition 50103,240888]
257394. ld(ld(X0,X1),X0) = mult(i(X1),mult(X0,X0)) [superposition 2,248044]
258255. ld(mult(X0,X0),mult(mult(X0,X0),X1)) = i(ld(mult(X0,X0),rd(mult(X0,X0),X1))) [superposition 248947,160412]
258345. ld(mult(X0,X0),mult(mult(X0,X0),X1)) = mult(i(rd(mult(X0,X0),X1)),mult(X0,X0)) [forward demodulation 258255,237046]
258371. ld(mult(X0,X0),mult(mult(X0,X0),X1)) = ld(ld(X0,rd(mult(X0,X0),X1)),X0) [forward demodulation 258345,257394]
258386. ld(mult(X0,X0),mult(mult(X0,X0),X1)) = ld(ld(i(X0),i(X1)),X0) [forward demodulation 258371,248961]
258395. ld(mult(X0,X0),mult(mult(X0,X0),X1)) = mult(X0,i(mult(i(X1),X0))) [forward demodulation 258386,131410]
258402. mult(X0,i(mult(i(X1),X0))) = X1 [forward demodulation 258395,2]
259323. i(X0) = mult(X1,i(mult(X0,X1))) [superposition 258402,36]
260957. i(b) != i(b) [superposition 11,259323]
260958. $false [trivial inequality removal 260957]
% SZS output end Proof for GRP701-1_clausified
% ------------------------------
% Version: Vampire 5.0.0 (Release build, commit 2e2c9b7b8 on 2026-01-17 12:24:14 +0100)
% Linked with Z3 4.14.0.0 3c47fd96cf5645d0c42b2c819d9e9a84380aa721 z3-4.8.4-9178-g3c47fd96c
% CaDiCaL version: 2.1.3
% Termination reason: Refutation
% Time elapsed: 6.101 s
% Peak memory usage: 146 MB
% Instructions burned: 16290 (million)
% ------------------------------
% ------------------------------
