% Running in auto input_syntax mode. Trying TPTP
% Refutation found. Thanks to Tanya!
% SZS status Unsatisfiable for GRP418-1_clausified
% SZS output start Proof for GRP418-1_clausified
1. inverse(multiply(inverse(multiply(X0,inverse(multiply(inverse(X1),inverse(multiply(X2,inverse(multiply(inverse(X2),X2)))))))),multiply(X0,X2))) = X1 [input(axiom)]
2. multiply(inverse(a1),a1) != multiply(inverse(b1),b1) [input(negated conjecture)]
3. multiply(inverse(multiply(X2,inverse(multiply(inverse(X0),inverse(multiply(X3,inverse(multiply(inverse(X3),X3)))))))),multiply(X2,X3)) = inverse(multiply(inverse(multiply(X1,inverse(multiply(X0,inverse(multiply(X4,inverse(multiply(inverse(X4),X4)))))))),multiply(X1,X4))) [superposition 1,1]
19. multiply(inverse(multiply(X0,inverse(multiply(inverse(inverse(X1)),inverse(multiply(X2,inverse(multiply(inverse(X2),X2)))))))),multiply(X0,X2)) = X1 [superposition 1,3]
66. multiply(inverse(multiply(inverse(multiply(X1,inverse(multiply(inverse(inverse(X0)),inverse(multiply(X2,inverse(multiply(inverse(X2),X2)))))))),inverse(multiply(inverse(inverse(X3)),inverse(multiply(multiply(X1,X2),inverse(multiply(inverse(multiply(X1,X2)),multiply(X1,X2))))))))),X0) = X3 [superposition 19,19]
76. inverse(multiply(inverse(multiply(inverse(multiply(X1,inverse(multiply(inverse(inverse(X0)),inverse(multiply(X2,inverse(multiply(inverse(X2),X2)))))))),inverse(multiply(inverse(X3),inverse(multiply(multiply(X1,X2),inverse(multiply(inverse(multiply(X1,X2)),multiply(X1,X2))))))))),X0)) = X3 [superposition 1,19]
976. multiply(inverse(multiply(X2,inverse(multiply(inverse(inverse(inverse(multiply(X3,inverse(multiply(inverse(X3),X3)))))),inverse(multiply(X4,inverse(multiply(inverse(X4),X4)))))))),inverse(multiply(inverse(X0),inverse(multiply(multiply(X2,X4),inverse(multiply(inverse(multiply(X2,X4)),multiply(X2,X4)))))))) = inverse(multiply(inverse(multiply(X1,X0)),multiply(X1,X3))) [superposition 1,76]
1421. inverse(multiply(inverse(multiply(X0,X1)),multiply(X0,X2))) = inverse(multiply(inverse(multiply(X5,X1)),multiply(X5,X2))) [superposition 976,976]
1472. multiply(inverse(inverse(multiply(inverse(multiply(X0,inverse(X1))),multiply(X0,X2)))),inverse(multiply(X2,inverse(multiply(inverse(X2),X2))))) = X1 [superposition 66,976]
2255. inverse(multiply(inverse(multiply(X2,inverse(multiply(inverse(X3),inverse(multiply(multiply(X4,X1),inverse(multiply(inverse(multiply(X0,X1)),multiply(X0,X1))))))))),multiply(X2,multiply(X4,X1)))) = X3 [superposition 1,1421]
16997. inverse(multiply(inverse(multiply(X1,inverse(multiply(inverse(X2),inverse(multiply(multiply(X3,X4),inverse(multiply(inverse(X0),X0)))))))),multiply(X1,multiply(X3,X4)))) = X2 [superposition 2255,66]
18408. inverse(multiply(inverse(multiply(X1,inverse(multiply(inverse(X2),inverse(multiply(X0,inverse(multiply(inverse(X5),X5)))))))),multiply(X1,X0))) = X2 [superposition 16997,1472]
19890. multiply(inverse(X0),inverse(multiply(X2,inverse(multiply(inverse(X2),X2))))) = multiply(inverse(X0),inverse(multiply(X2,inverse(multiply(inverse(X3),X3))))) [superposition 1472,18408]
21377. multiply(X1,inverse(multiply(inverse(X2),X2))) = multiply(inverse(inverse(multiply(inverse(multiply(inverse(X0),inverse(multiply(X1,inverse(multiply(inverse(X1),X1)))))),multiply(inverse(X0),X3)))),inverse(multiply(X3,inverse(multiply(inverse(X3),X3))))) [superposition 1472,19890]
21505. multiply(X1,inverse(multiply(inverse(X1),X1))) = multiply(X1,inverse(multiply(inverse(X2),X2))) [forward demodulation 21377,1472]
22778. multiply(inverse(X1),X1) = multiply(inverse(inverse(multiply(inverse(multiply(X0,inverse(multiply(inverse(X0),X0)))),multiply(X0,X2)))),inverse(multiply(X2,inverse(multiply(inverse(X2),X2))))) [superposition 1472,21505]
22909. multiply(inverse(X0),X0) = multiply(inverse(X1),X1) [forward demodulation 22778,1472]
24477. multiply(inverse(a1),a1) != multiply(inverse(X0),X0) [superposition 2,22909]
24835. $false [forward subsumption resolution 24477,22909]
% SZS output end Proof for GRP418-1_clausified
% ------------------------------
% Version: Vampire 5.0.0 (Release build, commit 2e2c9b7b8 on 2026-01-17 12:24:14 +0100)
% Linked with Z3 4.14.0.0 3c47fd96cf5645d0c42b2c819d9e9a84380aa721 z3-4.8.4-9178-g3c47fd96c
% CaDiCaL version: 2.1.3
% Termination reason: Refutation
% Time elapsed: 1.597 s
% Peak memory usage: 130 MB
% Instructions burned: 8619 (million)
% ------------------------------
% ------------------------------
