% Running in auto input_syntax mode. Trying TPTP
% Refutation found. Thanks to Tanya!
% SZS status Unsatisfiable for GRP667-10
% SZS output start Proof for GRP667-10
1. ifeq(X0,X0,X1,X2) = X1 [input(axiom)]
2. mult(X0,ld(X0,X1)) = X1 [input(axiom)]
3. ld(X0,mult(X0,X1)) = X1 [input(axiom)]
4. mult(rd(X0,X1),X1) = X0 [input(axiom)]
5. rd(mult(X0,X1),X1) = X0 [input(axiom)]
6. mult(X0,unit) = X0 [input(axiom)]
7. mult(unit,X0) = X0 [input(axiom)]
8. mult(mult(X0,X1),mult(mult(X2,X1),X2)) = mult(mult(X0,mult(mult(X1,X2),X1)),X2) [input(axiom)]
9. mult(mult(X0,X1),X0) = mult(X0,mult(X1,X0)) [input(axiom)]
10. mult(f(X0),f(X0)) = X0 [input(axiom)]
11. ifeq(mult(X0,mult(X1,mult(X2,X1))),mult(mult(mult(X0,X1),X2),X1),mult(X1,mult(X0,mult(X1,X2))),mult(mult(mult(X1,X0),X1),X2)) = mult(mult(mult(X1,X0),X1),X2) [input(axiom)]
12. mult(mult(mult(X1,X0),X1),X2) = ifeq(mult(X0,mult(X1,mult(X2,X1))),mult(mult(mult(X0,X1),X2),X1),mult(X1,mult(X0,mult(X1,X2))),mult(mult(mult(X1,X0),X1),X2)) [reorient equations 11]
15. ifeq(mult(mult(X0,X1),mult(X2,X0)),mult(X0,mult(mult(X1,X2),X0)),mult(X0,mult(X1,mult(X0,X2))),mult(mult(mult(X0,X1),X0),X2)) = mult(mult(mult(X0,X1),X0),X2) [input(axiom)]
16. mult(mult(mult(X0,X1),X0),X2) = ifeq(mult(mult(X0,X1),mult(X2,X0)),mult(X0,mult(mult(X1,X2),X0)),mult(X0,mult(X1,mult(X0,X2))),mult(mult(mult(X0,X1),X0),X2)) [reorient equations 15]
17. mult(a,mult(b,mult(a,c))) != mult(mult(mult(a,b),a),c) [input(negated conjecture)]
18. mult(mult(X0,X1),mult(mult(X2,X1),X2)) = mult(mult(X0,mult(X1,mult(X2,X1))),X2) [forward demodulation 8,9]
19. mult(mult(X0,mult(X1,mult(X2,X1))),X2) = mult(mult(X0,X1),mult(X2,mult(X1,X2))) [forward demodulation 18,9]
22. unit = ld(X0,X0) [superposition 3,6]
32. rd(X0,ld(X1,X0)) = X1 [superposition 5,2]
41. mult(X0,X1) = mult(X1,mult(ld(X1,X0),X1)) [superposition 9,2]
43. mult(rd(X0,X1),mult(X1,rd(X0,X1))) = mult(X0,rd(X0,X1)) [superposition 9,4]
45. mult(X0,f(X0)) = mult(f(X0),X0) [superposition 9,10]
47. mult(a,mult(b,mult(a,c))) != mult(mult(a,mult(b,a)),c) [superposition 17,9]
49. mult(X0,X1) = rd(mult(X0,mult(X1,X0)),X0) [superposition 5,9]
50. ld(mult(X0,X1),mult(X0,mult(X1,X0))) = X0 [superposition 3,9]
55. mult(mult(X1,unit),mult(X0,mult(unit,X0))) = mult(mult(X1,mult(unit,X0)),X0) [superposition 19,6]
65. mult(X0,X2) = mult(mult(rd(X0,mult(X1,mult(X2,X1))),X1),mult(X2,mult(X1,X2))) [superposition 19,4]
71. mult(X0,mult(X1,mult(X2,X1))) = rd(mult(mult(X0,X1),mult(X2,mult(X1,X2))),X2) [superposition 5,19]
72. ld(mult(X0,mult(X1,mult(X2,X1))),mult(mult(X0,X1),mult(X2,mult(X1,X2)))) = X2 [superposition 3,19]
82. mult(mult(X1,X0),X0) = mult(mult(X1,unit),mult(X0,X0)) [forward demodulation 55,7]
87. mult(X1,mult(X0,X0)) = mult(mult(X1,X0),X0) [forward demodulation 82,6]
133. mult(mult(X0,X0),X1) = ifeq(mult(unit,mult(X0,mult(X1,X0))),mult(mult(mult(unit,X0),X1),X0),mult(X0,mult(unit,mult(X0,X1))),mult(mult(X0,X0),X1)) [superposition 12,6]
139. mult(mult(X0,f(X0)),X1) = ifeq(mult(f(X0),mult(f(X0),mult(X1,f(X0)))),mult(mult(X0,X1),f(X0)),mult(f(X0),mult(f(X0),mult(f(X0),X1))),mult(mult(X0,f(X0)),X1)) [superposition 12,10]
146. ifeq(mult(X2,mult(X1,mult(ld(mult(mult(X1,X2),X1),X0),X1))),mult(mult(mult(X2,X1),ld(mult(mult(X1,X2),X1),X0)),X1),mult(X1,mult(X2,mult(X1,ld(mult(mult(X1,X2),X1),X0)))),X0) = X0 [superposition 12,2]
147. ifeq(mult(X2,mult(X1,mult(ld(mult(X1,mult(X2,X1)),X0),X1))),mult(mult(mult(X2,X1),ld(mult(X1,mult(X2,X1)),X0)),X1),mult(X1,mult(X2,mult(X1,ld(mult(X1,mult(X2,X1)),X0)))),X0) = X0 [forward demodulation 146,9]
156. mult(mult(X0,X0),X1) = ifeq(mult(unit,mult(X0,mult(X1,X0))),mult(mult(mult(unit,X0),X1),X0),mult(X0,mult(X0,X1)),mult(mult(X0,X0),X1)) [forward demodulation 133,7]
197. mult(mult(X0,X0),X1) = ifeq(mult(unit,mult(X0,mult(X1,X0))),mult(mult(X0,X1),X0),mult(X0,mult(X0,X1)),mult(mult(X0,X0),X1)) [forward demodulation 156,7]
224. mult(mult(X0,X0),X1) = ifeq(mult(unit,mult(X0,mult(X1,X0))),mult(X0,mult(X1,X0)),mult(X0,mult(X0,X1)),mult(mult(X0,X0),X1)) [forward demodulation 197,9]
243. mult(mult(X0,X0),X1) = ifeq(mult(X0,mult(X1,X0)),mult(X0,mult(X1,X0)),mult(X0,mult(X0,X1)),mult(mult(X0,X0),X1)) [forward demodulation 224,7]
261. mult(X0,mult(X0,X1)) = mult(mult(X0,X0),X1) [forward demodulation 243,1]
533. mult(mult(mult(X0,X0),X0),X1) = ifeq(mult(mult(X0,X0),mult(X1,X0)),mult(X0,mult(X0,mult(X1,X0))),mult(X0,mult(X0,mult(X0,X1))),mult(mult(mult(X0,X0),X0),X1)) [superposition 16,9]
591. mult(mult(X0,mult(X0,X0)),X1) = ifeq(mult(mult(X0,X0),mult(X1,X0)),mult(X0,mult(X0,mult(X1,X0))),mult(X0,mult(X0,mult(X0,X1))),mult(mult(X0,mult(X0,X0)),X1)) [forward demodulation 533,9]
620. mult(mult(X0,mult(X0,X0)),X1) = ifeq(mult(X0,mult(X0,mult(X1,X0))),mult(X0,mult(X0,mult(X1,X0))),mult(X0,mult(X0,mult(X0,X1))),mult(mult(X0,mult(X0,X0)),X1)) [forward demodulation 591,261]
639. mult(X0,mult(X0,mult(X0,X1))) = mult(mult(X0,mult(X0,X0)),X1) [forward demodulation 620,1]
696. mult(f(X0),mult(X0,f(X0))) = mult(mult(X0,f(X0)),f(X0)) [superposition 9,45]
734. mult(f(X0),mult(X0,f(X0))) = mult(X0,mult(f(X0),f(X0))) [forward demodulation 696,87]
744. mult(X0,X0) = mult(f(X0),mult(X0,f(X0))) [forward demodulation 734,10]
762. mult(mult(X2,X1),mult(ld(X1,X0),mult(X1,ld(X1,X0)))) = mult(mult(X2,mult(X0,X1)),ld(X1,X0)) [superposition 19,41]
767. mult(ld(X1,X0),X1) = ld(X1,mult(X0,X1)) [superposition 3,41]
813. mult(mult(X2,mult(X0,X1)),ld(X1,X0)) = mult(mult(X2,X1),mult(ld(X1,X0),X0)) [forward demodulation 762,2]
864. mult(X1,rd(X0,X1)) = rd(mult(X1,X0),X1) [superposition 49,4]
895. f(X0) = ld(mult(X0,f(X0)),mult(f(X0),mult(X0,f(X0)))) [superposition 50,45]
903. f(X0) = ld(X0,mult(f(X0),X0)) [superposition 50,10]
913. f(X0) = mult(ld(X0,f(X0)),X0) [forward demodulation 903,767]
916. f(X0) = mult(ld(mult(X0,f(X0)),f(X0)),mult(X0,f(X0))) [forward demodulation 895,767]
932. mult(X0,X1) = mult(rd(X0,X1),mult(X1,X1)) [superposition 87,4]
950. mult(X0,X1) = rd(mult(X0,mult(X1,X1)),X1) [superposition 5,87]
1025. ld(ld(X0,f(X0)),f(X0)) = X0 [superposition 3,913]
1026. ld(X0,f(X0)) = rd(f(X0),X0) [superposition 5,913]
1027. mult(ld(X0,f(X0)),mult(X0,ld(X0,f(X0)))) = mult(f(X0),ld(X0,f(X0))) [superposition 9,913]
1040. mult(mult(X1,X0),mult(ld(X0,f(X0)),mult(X0,ld(X0,f(X0))))) = mult(mult(X1,mult(X0,f(X0))),ld(X0,f(X0))) [superposition 19,913]
1061. mult(mult(X1,mult(X0,f(X0))),ld(X0,f(X0))) = mult(mult(X1,X0),mult(ld(X0,f(X0)),f(X0))) [forward demodulation 1040,2]
1073. mult(f(X0),ld(X0,f(X0))) = mult(ld(X0,f(X0)),f(X0)) [forward demodulation 1027,2]
1091. mult(X0,X1) = mult(f(X0),mult(f(X0),X1)) [superposition 261,10]
1106. ld(mult(X0,X0),mult(X0,mult(X0,X1))) = X1 [superposition 3,261]
1107. mult(X0,X0) = rd(mult(X0,mult(X0,X1)),X1) [superposition 5,261]
1557. f(X0) = rd(mult(X0,X0),mult(X0,f(X0))) [superposition 5,744]
1694. mult(f(X0),mult(f(X0),mult(f(X0),X1))) = mult(mult(f(X0),X0),X1) [superposition 639,10]
1805. mult(f(X0),mult(f(X0),mult(f(X0),X1))) = mult(mult(X0,f(X0)),X1) [forward demodulation 1694,45]
1842. mult(mult(X0,f(X0)),X1) = mult(X0,mult(f(X0),X1)) [forward demodulation 1805,1091]
1944. ld(X1,X0) = mult(ld(X1,rd(X0,X1)),X1) [superposition 767,4]
1946. ld(X0,X0) = mult(ld(X0,unit),X0) [superposition 767,7]
1958. mult(ld(mult(X0,X0),X0),mult(X0,X0)) = X0 [superposition 50,767]
1971. unit = mult(ld(X0,unit),X0) [forward demodulation 1946,22]
2271. ld(ld(X0,unit),unit) = X0 [superposition 3,1971]
2272. ld(X0,unit) = rd(unit,X0) [superposition 5,1971]
2293. mult(unit,X0) = mult(ld(X0,unit),mult(X0,X0)) [superposition 87,1971]
2308. mult(ld(X0,unit),mult(X0,X0)) = X0 [forward demodulation 2293,7]
3047. mult(ld(X0,unit),mult(X0,mult(X1,X0))) = rd(mult(unit,mult(X1,mult(X0,X1))),X1) [superposition 71,1971]
3137. mult(ld(X0,unit),mult(X0,mult(X1,X0))) = rd(mult(X1,mult(X0,X1)),X1) [forward demodulation 3047,7]
3155. mult(X1,rd(mult(X0,X1),X1)) = mult(ld(X0,unit),mult(X0,mult(X1,X0))) [forward demodulation 3137,864]
3167. mult(X1,X0) = mult(ld(X0,unit),mult(X0,mult(X1,X0))) [forward demodulation 3155,5]
3180. f(X0) = mult(ld(f(X0),unit),X0) [superposition 2308,10]
3185. mult(X0,X0) = ld(ld(X0,unit),X0) [superposition 3,2308]
3186. ld(X0,unit) = rd(X0,mult(X0,X0)) [superposition 5,2308]
3477. ld(mult(X1,mult(rd(X0,X2),mult(X2,rd(X0,X2)))),mult(mult(X1,rd(X0,X2)),mult(X2,X0))) = X2 [superposition 72,4]
3512. ld(mult(X1,mult(X0,rd(X0,X2))),mult(mult(X1,rd(X0,X2)),mult(X2,X0))) = X2 [forward demodulation 3477,43]
3635. rd(f(X0),X0) = ld(f(X0),unit) [superposition 5,3180]
3942. ld(X0,ld(X0,unit)) = mult(ld(X0,unit),ld(X0,unit)) [superposition 3185,2271]
4383. ld(X0,f(X0)) = ld(f(X0),unit) [superposition 1026,3635]
5329. f(X0) = ld(ld(X0,f(X0)),unit) [superposition 2271,4383]
5334. unit = mult(f(X0),ld(X0,f(X0))) [superposition 2,4383]
5989. ld(f(X0),ld(X0,f(X0))) = mult(ld(X0,f(X0)),ld(X0,f(X0))) [superposition 3185,5329]
10366. mult(X1,f(X0)) = mult(rd(X1,f(X0)),X0) [superposition 932,10]
10378. rd(X0,X1) = rd(mult(X0,X1),mult(X1,X1)) [superposition 5,932]
11266. mult(X1,f(X0)) = rd(mult(X1,X0),f(X0)) [superposition 950,10]
11284. rd(X0,X1) = mult(rd(X0,mult(X1,X1)),X1) [superposition 950,4]
11873. mult(mult(X0,X1),f(X0)) = mult(f(X0),mult(mult(f(X0),X1),f(X0))) [superposition 9,1091]
11991. mult(f(X0),mult(f(X0),mult(X1,f(X0)))) = mult(mult(X0,X1),f(X0)) [forward demodulation 11873,9]
12081. mult(mult(X0,X1),f(X0)) = mult(X0,mult(X1,f(X0))) [forward demodulation 11991,1091]
12361. ifeq(mult(f(X1),mult(f(X1),mult(ld(mult(X1,f(X1)),X0),f(X1)))),mult(mult(X1,ld(mult(X1,f(X1)),X0)),f(X1)),mult(f(X1),mult(f(X1),mult(f(X1),ld(mult(X1,f(X1)),X0)))),X0) = X0 [superposition 139,2]
12366. ifeq(mult(f(X1),mult(f(X1),mult(ld(mult(X1,f(X1)),X0),f(X1)))),mult(mult(X1,ld(mult(X1,f(X1)),X0)),f(X1)),mult(X1,mult(f(X1),ld(mult(X1,f(X1)),X0))),X0) = X0 [forward demodulation 12361,1091]
12453. ifeq(mult(f(X1),mult(f(X1),mult(ld(mult(X1,f(X1)),X0),f(X1)))),mult(X1,mult(ld(mult(X1,f(X1)),X0),f(X1))),mult(X1,mult(f(X1),ld(mult(X1,f(X1)),X0))),X0) = X0 [forward demodulation 12366,12081]
12540. ifeq(mult(X1,mult(ld(mult(X1,f(X1)),X0),f(X1))),mult(X1,mult(ld(mult(X1,f(X1)),X0),f(X1))),mult(X1,mult(f(X1),ld(mult(X1,f(X1)),X0))),X0) = X0 [forward demodulation 12453,1091]
12624. mult(X1,mult(f(X1),ld(mult(X1,f(X1)),X0))) = X0 [forward demodulation 12540,1]
12787. ld(X1,X0) = ld(mult(X1,X1),mult(X1,X0)) [superposition 1106,2]
13129. mult(ld(f(X0),unit),ld(f(X0),unit)) = rd(mult(ld(f(X0),unit),f(X0)),X0) [superposition 1107,3180]
13195. rd(unit,X0) = mult(ld(f(X0),unit),ld(f(X0),unit)) [forward demodulation 13129,1971]
13214. rd(unit,X0) = ld(f(X0),ld(f(X0),unit)) [forward demodulation 13195,3942]
13221. ld(X0,unit) = ld(f(X0),ld(f(X0),unit)) [forward demodulation 13214,2272]
14486. ifeq(mult(ld(X0,unit),mult(X0,mult(ld(mult(X0,unit),X1),X0))),mult(mult(unit,ld(mult(X0,unit),X1)),X0),mult(X0,mult(ld(X0,unit),mult(X0,ld(mult(X0,unit),X1)))),X1) = X1 [superposition 147,1971]
14579. ifeq(mult(ld(X0,unit),mult(X0,mult(ld(X0,X1),X0))),mult(mult(unit,ld(X0,X1)),X0),mult(X0,mult(ld(X0,unit),mult(X0,ld(X0,X1)))),X1) = X1 [forward demodulation 14486,6]
14626. ifeq(mult(ld(X0,unit),mult(X0,mult(ld(X0,X1),X0))),mult(mult(unit,ld(X0,X1)),X0),mult(X0,mult(ld(X0,unit),X1)),X1) = X1 [forward demodulation 14579,2]
14666. ifeq(mult(ld(X0,unit),mult(X0,mult(ld(X0,X1),X0))),mult(ld(X0,X1),X0),mult(X0,mult(ld(X0,unit),X1)),X1) = X1 [forward demodulation 14626,7]
14696. ifeq(mult(ld(X0,X1),X0),mult(ld(X0,X1),X0),mult(X0,mult(ld(X0,unit),X1)),X1) = X1 [forward demodulation 14666,3167]
14717. mult(X0,mult(ld(X0,unit),X1)) = X1 [forward demodulation 14696,1]
14772. mult(X1,X0) = ld(ld(X1,unit),X0) [superposition 14717,2]
14844. ld(X1,X0) = mult(ld(X1,unit),X0) [superposition 3,14717]
16021. mult(f(X0),X1) = ld(ld(X0,f(X0)),X1) [superposition 14772,4383]
16031. ld(X0,unit) = rd(X1,mult(X0,X1)) [superposition 32,14772]
16654. ld(X0,unit) = rd(ld(X0,X1),X1) [superposition 5,14844]
16696. mult(ld(X0,X1),X1) = mult(ld(X0,unit),mult(X1,X1)) [superposition 87,14844]
16960. mult(ld(X0,X1),X1) = ld(X0,mult(X1,X1)) [forward demodulation 16696,14844]
19890. rd(X1,X0) = ld(rd(X0,X1),unit) [superposition 16031,4]
21058. mult(rd(X0,X1),X2) = ld(rd(X1,X0),X2) [superposition 14844,19890]
28920. mult(ld(mult(X0,f(X0)),f(X0)),mult(X0,f(X0))) = ld(mult(X0,f(X0)),mult(X0,X0)) [superposition 1944,1557]
28938. ld(ld(X0,rd(X1,X0)),ld(X0,X1)) = X0 [superposition 3,1944]
29212. mult(ld(mult(X0,f(X0)),f(X0)),mult(X0,f(X0))) = mult(ld(mult(X0,f(X0)),X0),X0) [forward demodulation 28920,16960]
29284. f(X0) = mult(ld(mult(X0,f(X0)),X0),X0) [forward demodulation 29212,916]
29745. ld(mult(X0,X0),X0) = rd(X0,mult(X0,X0)) [superposition 5,1958]
29855. mult(ld(mult(X0,X0),X0),ld(mult(X0,X0),X0)) = rd(mult(ld(mult(X0,X0),X0),X0),mult(X0,X0)) [superposition 1107,1958]
29858. mult(ld(mult(X0,X0),X0),ld(mult(X0,X0),X0)) = rd(ld(mult(X0,X0),X0),X0) [forward demodulation 29855,10378]
29964. ld(X0,unit) = ld(mult(X0,X0),X0) [forward demodulation 29745,3186]
29988. ld(mult(X0,X0),unit) = mult(ld(mult(X0,X0),X0),ld(mult(X0,X0),X0)) [forward demodulation 29858,16654]
30102. mult(ld(X0,unit),ld(X0,unit)) = ld(mult(X0,X0),unit) [forward demodulation 29988,29964]
30214. ld(X0,ld(X0,unit)) = ld(mult(X0,X0),unit) [forward demodulation 30102,3942]
37609. mult(ld(X0,unit),X1) = mult(ld(X0,f(X1)),f(X1)) [superposition 10366,16654]
37629. rd(X0,f(X1)) = rd(mult(X0,f(X1)),X1) [superposition 5,10366]
37873. ld(X0,X1) = mult(ld(X0,f(X1)),f(X1)) [forward demodulation 37609,14844]
42279. mult(ld(X0,unit),f(X1)) = rd(ld(X0,X1),f(X1)) [superposition 11266,14844]
42362. ld(X0,f(X1)) = rd(ld(X0,X1),f(X1)) [forward demodulation 42279,14844]
50433. ld(f(X0),ld(X0,f(X0))) = ld(mult(f(X0),f(X0)),unit) [superposition 12787,5334]
50486. ld(f(X0),ld(X0,f(X0))) = ld(f(X0),ld(f(X0),unit)) [forward demodulation 50433,30214]
50540. ld(f(X0),ld(X0,f(X0))) = ld(X0,unit) [forward demodulation 50486,13221]
80330. ld(X0,f(X0)) = ld(ld(ld(X0,f(X0)),rd(f(X0),ld(X0,f(X0)))),X0) [superposition 28938,1025]
80403. ld(X0,f(X0)) = ld(mult(f(X0),rd(f(X0),ld(X0,f(X0)))),X0) [forward demodulation 80330,16021]
80456. ld(X0,f(X0)) = ld(mult(f(X0),X0),X0) [forward demodulation 80403,32]
80483. ld(mult(X0,f(X0)),X0) = ld(X0,f(X0)) [forward demodulation 80456,45]
85923. mult(ld(mult(X0,f(X0)),X0),ld(mult(X0,f(X0)),X0)) = rd(mult(ld(mult(X0,f(X0)),X0),f(X0)),X0) [superposition 1107,29284]
86133. mult(ld(mult(X0,f(X0)),X0),ld(mult(X0,f(X0)),X0)) = rd(ld(mult(X0,f(X0)),X0),f(X0)) [forward demodulation 85923,37629]
86442. ld(mult(X0,f(X0)),f(X0)) = mult(ld(mult(X0,f(X0)),X0),ld(mult(X0,f(X0)),X0)) [forward demodulation 86133,42362]
86703. ld(mult(X0,f(X0)),f(X0)) = mult(ld(X0,f(X0)),ld(X0,f(X0))) [forward demodulation 86442,80483]
86909. ld(mult(X0,f(X0)),f(X0)) = ld(f(X0),ld(X0,f(X0))) [forward demodulation 86703,5989]
87067. ld(mult(X0,f(X0)),f(X0)) = ld(X0,unit) [forward demodulation 86909,50540]
95329. mult(X1,ld(mult(X0,f(X0)),f(X0))) = mult(mult(rd(X1,mult(mult(X0,f(X0)),f(X0))),mult(X0,f(X0))),mult(ld(mult(X0,f(X0)),f(X0)),mult(mult(X0,f(X0)),ld(mult(X0,f(X0)),f(X0))))) [superposition 65,916]
95695. mult(X1,ld(mult(X0,f(X0)),f(X0))) = mult(mult(rd(X1,mult(mult(X0,f(X0)),f(X0))),mult(X0,f(X0))),mult(ld(mult(X0,f(X0)),f(X0)),mult(X0,mult(f(X0),ld(mult(X0,f(X0)),f(X0)))))) [forward demodulation 95329,1842]
95936. mult(X1,ld(mult(X0,f(X0)),f(X0))) = mult(mult(rd(X1,mult(mult(X0,f(X0)),f(X0))),mult(X0,f(X0))),mult(ld(mult(X0,f(X0)),f(X0)),f(X0))) [forward demodulation 95695,12624]
96168. mult(X1,ld(mult(X0,f(X0)),f(X0))) = mult(mult(rd(X1,mult(mult(X0,f(X0)),f(X0))),mult(X0,f(X0))),ld(mult(X0,f(X0)),X0)) [forward demodulation 95936,37873]
96389. mult(X1,ld(mult(X0,f(X0)),f(X0))) = mult(mult(rd(X1,mult(mult(X0,f(X0)),f(X0))),mult(X0,f(X0))),ld(X0,f(X0))) [forward demodulation 96168,80483]
96600. mult(X1,ld(mult(X0,f(X0)),f(X0))) = mult(mult(rd(X1,mult(mult(X0,f(X0)),f(X0))),X0),mult(ld(X0,f(X0)),f(X0))) [forward demodulation 96389,1061]
96783. mult(X1,ld(mult(X0,f(X0)),f(X0))) = mult(mult(rd(X1,mult(mult(X0,f(X0)),f(X0))),X0),mult(f(X0),ld(X0,f(X0)))) [forward demodulation 96600,1073]
96955. mult(X1,ld(mult(X0,f(X0)),f(X0))) = mult(mult(rd(X1,mult(mult(X0,f(X0)),f(X0))),X0),unit) [forward demodulation 96783,5334]
97115. mult(X1,ld(mult(X0,f(X0)),f(X0))) = mult(rd(X1,mult(mult(X0,f(X0)),f(X0))),X0) [forward demodulation 96955,6]
97254. mult(X1,ld(mult(X0,f(X0)),f(X0))) = mult(rd(X1,mult(X0,mult(f(X0),f(X0)))),X0) [forward demodulation 97115,87]
97381. mult(rd(X1,mult(X0,X0)),X0) = mult(X1,ld(mult(X0,f(X0)),f(X0))) [forward demodulation 97254,10]
97488. mult(X1,ld(X0,unit)) = mult(rd(X1,mult(X0,X0)),X0) [forward demodulation 97381,87067]
97573. rd(X1,X0) = mult(X1,ld(X0,unit)) [forward demodulation 97488,11284]
98054. mult(X1,X0) = rd(X1,ld(X0,unit)) [superposition 97573,2271]
98069. mult(X2,rd(X0,X1)) = rd(X2,rd(X1,X0)) [superposition 97573,19890]
98151. ld(X1,unit) = ld(X0,rd(X0,X1)) [superposition 3,97573]
98381. rd(ld(X0,unit),X1) = ld(X0,ld(X1,unit)) [superposition 14844,97573]
98382. ld(X1,unit) = mult(X0,rd(ld(X0,unit),X1)) [superposition 14717,97573]
98570. mult(X0,ld(X1,unit)) = mult(f(X0),rd(f(X0),X1)) [superposition 1091,97573]
98575. rd(X0,X1) = mult(f(X0),rd(f(X0),X1)) [forward demodulation 98570,97573]
102466. ld(X1,X0) = ld(ld(X0,X1),unit) [superposition 98151,32]
102470. ld(mult(X0,X1),unit) = ld(X1,ld(X0,unit)) [superposition 98151,16031]
108360. mult(X2,ld(X1,X0)) = rd(X2,ld(X0,X1)) [superposition 98054,102466]
129614. mult(mult(X2,mult(X1,ld(X0,unit))),mult(X0,X1)) = mult(mult(X2,ld(X0,unit)),mult(mult(X0,X1),X1)) [superposition 813,14772]
129738. mult(mult(X2,mult(X1,ld(X0,unit))),mult(X0,X1)) = mult(mult(X2,ld(X0,unit)),mult(X0,mult(X1,X1))) [forward demodulation 129614,87]
129833. mult(mult(X2,mult(X1,ld(X0,unit))),mult(X0,X1)) = mult(rd(X2,X0),mult(X0,mult(X1,X1))) [forward demodulation 129738,97573]
129895. mult(mult(X2,rd(X1,X0)),mult(X0,X1)) = mult(rd(X2,X0),mult(X0,mult(X1,X1))) [forward demodulation 129833,97573]
140892. rd(X2,mult(X0,X1)) = mult(X2,ld(X1,ld(X0,unit))) [superposition 108360,14772]
149217. ld(mult(X1,X0),ld(X2,unit)) = rd(ld(X0,ld(X1,unit)),X2) [superposition 98381,102470]
151420. ld(mult(X2,rd(X0,X1)),mult(mult(X2,rd(f(X0),X1)),mult(X1,f(X0)))) = X1 [superposition 3512,98575]
151573. ld(mult(X2,rd(X0,X1)),mult(rd(X2,X1),mult(X1,mult(f(X0),f(X0))))) = X1 [forward demodulation 151420,129895]
151635. ld(mult(X2,rd(X0,X1)),mult(rd(X2,X1),mult(X1,X0))) = X1 [forward demodulation 151573,10]
158598. mult(rd(rd(X2,X1),X0),X3) = ld(mult(X0,rd(X1,X2)),X3) [superposition 21058,98069]
381461. ld(mult(X1,rd(rd(ld(X2,unit),X0),X2)),mult(rd(X1,X2),ld(X0,unit))) = X2 [superposition 151635,98382]
381577. mult(rd(rd(X2,rd(ld(X2,unit),X0)),X1),mult(rd(X1,X2),ld(X0,unit))) = X2 [forward demodulation 381461,158598]
381748. mult(rd(rd(X2,rd(ld(X2,unit),X0)),X1),rd(rd(X1,X2),X0)) = X2 [forward demodulation 381577,97573]
381892. mult(rd(mult(X2,rd(X0,ld(X2,unit))),X1),rd(rd(X1,X2),X0)) = X2 [forward demodulation 381748,98069]
381992. mult(rd(mult(X2,mult(X0,X2)),X1),rd(rd(X1,X2),X0)) = X2 [forward demodulation 381892,98054]
423970. mult(mult(mult(X0,mult(X1,X0)),X2),rd(rd(ld(X2,unit),X0),X1)) = X0 [superposition 381992,98054]
424047. mult(mult(mult(X0,mult(X1,X0)),X2),rd(ld(X2,ld(X0,unit)),X1)) = X0 [forward demodulation 423970,98381]
424137. mult(mult(mult(X0,mult(X1,X0)),X2),ld(mult(X0,X2),ld(X1,unit))) = X0 [forward demodulation 424047,149217]
424207. rd(mult(mult(X0,mult(X1,X0)),X2),mult(X1,mult(X0,X2))) = X0 [forward demodulation 424137,140892]
466514. mult(X0,mult(X1,mult(X0,X2))) = mult(mult(X0,mult(X1,X0)),X2) [superposition 4,424207]
511557. mult(a,mult(b,mult(a,c))) != mult(a,mult(b,mult(a,c))) [superposition 47,466514]
511567. $false [trivial inequality removal 511557]
% SZS output end Proof for GRP667-10
% ------------------------------
% Version: Vampire 5.0.0 (Release build, commit 2e2c9b7b8 on 2026-01-17 12:24:14 +0100)
% Linked with Z3 4.14.0.0 3c47fd96cf5645d0c42b2c819d9e9a84380aa721 z3-4.8.4-9178-g3c47fd96c
% CaDiCaL version: 2.1.3
% Termination reason: Refutation
% Time elapsed: 35.834 s
% Peak memory usage: 188 MB
% Instructions burned: 129929 (million)
% ------------------------------
% ------------------------------
