% Running in auto input_syntax mode. Trying TPTP
% Refutation found. Thanks to Tanya!
% SZS status Unsatisfiable for GRP623+1_clausified
% SZS output start Proof for GRP623+1_clausified
1. ~r1_tarski(k4_autgroup(sK0),k1_autgroup(sK0)) [input(negated conjecture)]
2. ~v3_struct_0(sK0) [input(negated conjecture)]
3. v1_group_1(sK0) [input(negated conjecture)]
4. v3_group_1(sK0) [input(negated conjecture)]
5. v4_group_1(sK0) [input(negated conjecture)]
6. l1_group_1(sK0) [input(negated conjecture)]
17. ~r2_hidden(sK1(X0,X1),X1) | r1_tarski(X0,X1) [input(axiom)]
18. r2_hidden(sK1(X0,X1),X0) | r1_tarski(X0,X1) [input(axiom)]
22. m1_fraenkel(k1_autgroup(X0),u1_struct_0(X0),u1_struct_0(X0)) | v3_struct_0(X0) | ~v1_group_1(X0) | ~v3_group_1(X0) | ~v4_group_1(X0) | ~l1_group_1(X0) [input(axiom)]
23. m1_fraenkel(k4_autgroup(X0),u1_struct_0(X0),u1_struct_0(X0)) | v3_struct_0(X0) | ~v1_group_1(X0) | ~v3_group_1(X0) | ~v4_group_1(X0) | ~l1_group_1(X0) [input(axiom)]
24. ~l1_group_1(X0) | l1_struct_0(X0) [input(axiom)]
25. ~m1_fraenkel(X0,X1,X2) | ~v1_xboole_0(X0) [input(axiom)]
43. ~v1_xboole_0(u1_struct_0(X0)) | v3_struct_0(X0) | ~l1_struct_0(X0) [input(axiom)]
82. m2_fraenkel(X0,X1,X2,X3) | ~m1_subset_1(X0,X3) | v1_xboole_0(X2) | ~m1_fraenkel(X3,X1,X2) [input(axiom)]
83. ~m2_fraenkel(X0,X2,X3,X1) | m1_subset_1(X0,X1) | v1_xboole_0(X3) | ~m1_fraenkel(X1,X2,X3) [input(axiom)]
87. ~m2_fraenkel(X0,u1_struct_0(X1),u1_struct_0(X1),k4_autgroup(X1)) | m2_fraenkel(X0,u1_struct_0(X1),u1_struct_0(X1),k1_autgroup(X1)) | v3_struct_0(X1) | ~v1_group_1(X1) | ~v3_group_1(X1) | ~v4_group_1(X1) | ~l1_group_1(X1) [input(axiom)]
88. ~r2_hidden(X0,X1) | m1_subset_1(X0,X1) [input(axiom)]
89. ~m1_subset_1(X1,X0) | r2_hidden(X1,X0) | v1_xboole_0(X0) [input(axiom)]
101. l1_struct_0(sK0) [resolution 24,6]
139. m1_subset_1(sK1(X0,X1),X0) | r1_tarski(X0,X1) [resolution 18,88]
283. ~v1_xboole_0(k1_autgroup(X0)) | ~v1_group_1(X0) | ~v3_group_1(X0) | ~v4_group_1(X0) | ~l1_group_1(X0) | v3_struct_0(X0) [resolution 22,25]
436. m2_fraenkel(X0,u1_struct_0(X1),u1_struct_0(X1),k1_autgroup(X1)) | v3_struct_0(X1) | ~v1_group_1(X1) | ~v3_group_1(X1) | ~v4_group_1(X1) | ~l1_group_1(X1) | ~m1_subset_1(X0,k4_autgroup(X1)) | v1_xboole_0(u1_struct_0(X1)) | ~m1_fraenkel(k4_autgroup(X1),u1_struct_0(X1),u1_struct_0(X1)) [resolution 87,82]
437. m2_fraenkel(X0,u1_struct_0(X1),u1_struct_0(X1),k1_autgroup(X1)) | v3_struct_0(X1) | ~v1_group_1(X1) | ~v3_group_1(X1) | ~v4_group_1(X1) | ~l1_group_1(X1) | ~m1_subset_1(X0,k4_autgroup(X1)) | v1_xboole_0(u1_struct_0(X1)) [forward subsumption resolution 436,23]
669. 24 <=> v1_xboole_0(u1_struct_0(sK0)) [avatar definition]
670. ~v1_xboole_0(u1_struct_0(sK0)) <- (~24) [avatar component clause 669]
671. v1_xboole_0(u1_struct_0(sK0)) <- (24) [avatar component clause 669]
699. v3_struct_0(sK0) | ~l1_struct_0(sK0) <- (24) [resolution 671,43]
709. ~l1_struct_0(sK0) <- (24) [forward subsumption resolution 699,2]
711. $false <- (24) [forward subsumption resolution 709,101]
712. ~24 [avatar contradiction clause 711]
867. v3_struct_0(X0) | ~v1_group_1(X0) | ~v3_group_1(X0) | ~v4_group_1(X0) | ~l1_group_1(X0) | ~m1_subset_1(X1,k4_autgroup(X0)) | v1_xboole_0(u1_struct_0(X0)) | m1_subset_1(X1,k1_autgroup(X0)) | v1_xboole_0(u1_struct_0(X0)) | ~m1_fraenkel(k1_autgroup(X0),u1_struct_0(X0),u1_struct_0(X0)) [resolution 437,83]
870. v3_struct_0(X0) | ~v1_group_1(X0) | ~v3_group_1(X0) | ~v4_group_1(X0) | ~l1_group_1(X0) | ~m1_subset_1(X1,k4_autgroup(X0)) | v1_xboole_0(u1_struct_0(X0)) | m1_subset_1(X1,k1_autgroup(X0)) | ~m1_fraenkel(k1_autgroup(X0),u1_struct_0(X0),u1_struct_0(X0)) [duplicate literal removal 867]
873. ~m1_subset_1(X1,k4_autgroup(X0)) | ~v1_group_1(X0) | ~v3_group_1(X0) | ~v4_group_1(X0) | ~l1_group_1(X0) | v3_struct_0(X0) | v1_xboole_0(u1_struct_0(X0)) | m1_subset_1(X1,k1_autgroup(X0)) [forward subsumption resolution 870,22]
2031. m1_subset_1(sK1(k4_autgroup(X0),X1),k1_autgroup(X0)) | ~v3_group_1(X0) | ~v4_group_1(X0) | ~l1_group_1(X0) | v3_struct_0(X0) | v1_xboole_0(u1_struct_0(X0)) | ~v1_group_1(X0) | r1_tarski(k4_autgroup(X0),X1) [resolution 873,139]
7211. ~v3_group_1(X0) | ~v4_group_1(X0) | ~l1_group_1(X0) | v3_struct_0(X0) | v1_xboole_0(u1_struct_0(X0)) | ~v1_group_1(X0) | r1_tarski(k4_autgroup(X0),X1) | r2_hidden(sK1(k4_autgroup(X0),X1),k1_autgroup(X0)) | v1_xboole_0(k1_autgroup(X0)) [resolution 2031,89]
7214. r2_hidden(sK1(k4_autgroup(X0),X1),k1_autgroup(X0)) | ~v4_group_1(X0) | ~l1_group_1(X0) | v3_struct_0(X0) | v1_xboole_0(u1_struct_0(X0)) | ~v1_group_1(X0) | r1_tarski(k4_autgroup(X0),X1) | ~v3_group_1(X0) [forward subsumption resolution 7211,283]
49976. ~v4_group_1(X0) | ~l1_group_1(X0) | v3_struct_0(X0) | v1_xboole_0(u1_struct_0(X0)) | ~v1_group_1(X0) | r1_tarski(k4_autgroup(X0),k1_autgroup(X0)) | ~v3_group_1(X0) | r1_tarski(k4_autgroup(X0),k1_autgroup(X0)) [resolution 7214,17]
49985. r1_tarski(k4_autgroup(X0),k1_autgroup(X0)) | ~l1_group_1(X0) | v3_struct_0(X0) | v1_xboole_0(u1_struct_0(X0)) | ~v1_group_1(X0) | ~v4_group_1(X0) | ~v3_group_1(X0) [duplicate literal removal 49976]
168412. ~l1_group_1(sK0) | v3_struct_0(sK0) | v1_xboole_0(u1_struct_0(sK0)) | ~v1_group_1(sK0) | ~v4_group_1(sK0) | ~v3_group_1(sK0) [resolution 49985,1]
168456. v3_struct_0(sK0) | v1_xboole_0(u1_struct_0(sK0)) | ~v1_group_1(sK0) | ~v4_group_1(sK0) | ~v3_group_1(sK0) [forward subsumption resolution 168412,6]
168457. v1_xboole_0(u1_struct_0(sK0)) | ~v1_group_1(sK0) | ~v4_group_1(sK0) | ~v3_group_1(sK0) [forward subsumption resolution 168456,2]
168458. ~v1_group_1(sK0) | ~v4_group_1(sK0) | ~v3_group_1(sK0) <- (~24) [forward subsumption resolution 168457,670]
168459. ~v4_group_1(sK0) | ~v3_group_1(sK0) <- (~24) [forward subsumption resolution 168458,3]
168460. ~v3_group_1(sK0) <- (~24) [forward subsumption resolution 168459,5]
168461. $false <- (~24) [forward subsumption resolution 168460,4]
168462. 24 [avatar contradiction clause 168461]
s15. ~24 [sat_conversion 712]
s3366. 24 [sat_conversion 168462]
s3824. # [rat s15,s3366]
168463. $false [avatar sat refutation s3824]
% SZS output end Proof for GRP623+1_clausified
% ------------------------------
% Version: Vampire 5.0.0 (Release build, commit 2e2c9b7b8 on 2026-01-17 12:24:14 +0100)
% Linked with Z3 4.14.0.0 3c47fd96cf5645d0c42b2c819d9e9a84380aa721 z3-4.8.4-9178-g3c47fd96c
% CaDiCaL version: 2.1.3
% Termination reason: Refutation
% Time elapsed: 3.596 s
% Peak memory usage: 90 MB
% Instructions burned: 13166 (million)
% ------------------------------
% ------------------------------
