% Running in auto input_syntax mode. Trying TPTP
% Refutation found. Thanks to Tanya!
% SZS status Unsatisfiable for GRP469-1
% SZS output start Proof for GRP469-1
1. divide(inverse(divide(X0,divide(X1,divide(X2,X3)))),divide(divide(X3,X2),X0)) = X1 [input(axiom)]
2. multiply(X0,X1) = divide(X0,inverse(X1)) [input(axiom)]
3. multiply(inverse(a1),a1) != multiply(inverse(b1),b1) [input(negated conjecture)]
4. divide(inverse(a1),inverse(a1)) != divide(inverse(b1),inverse(b1)) [definition unfolding 3,2,2]
6. inverse(divide(X2,divide(X0,divide(X3,X4)))) = divide(inverse(divide(X1,X0)),divide(divide(X2,divide(X4,X3)),X1)) [superposition 1,1]
7. divide(X4,X3) = divide(inverse(X0),divide(divide(X2,X1),inverse(divide(divide(X1,X2),divide(X0,divide(X3,X4)))))) [superposition 1,1]
8. divide(inverse(divide(X1,divide(X2,divide(divide(divide(X3,X4),X5),inverse(divide(X5,divide(X0,divide(X4,X3)))))))),divide(X0,X1)) = X2 [superposition 1,1]
11. inverse(divide(X1,divide(X2,divide(divide(divide(X3,X4),X5),inverse(divide(X5,divide(X0,divide(X4,X3)))))))) = divide(inverse(divide(X6,X2)),divide(divide(X1,X0),X6)) [superposition 6,1]
13. inverse(divide(inverse(divide(X1,divide(X0,divide(X2,X3)))),divide(X4,divide(X1,divide(X3,X2))))) = divide(inverse(divide(X5,X4)),divide(X0,X5)) [superposition 6,1]
14. inverse(divide(inverse(divide(X4,X1)),divide(X5,divide(X4,divide(X0,divide(X3,X2)))))) = divide(inverse(divide(X6,X5)),divide(inverse(divide(X0,divide(X1,divide(X2,X3)))),X6)) [superposition 6,6]
16. inverse(divide(X0,divide(divide(X1,divide(divide(X2,X3),X0)),divide(X3,X2)))) = X1 [superposition 1,6]
18. divide(X0,divide(X3,X2)) = divide(inverse(inverse(divide(X0,divide(X1,divide(X2,X3))))),divide(divide(X5,X4),inverse(divide(divide(X4,X5),X1)))) [superposition 1,6]
19. divide(inverse(divide(X4,divide(X5,divide(divide(divide(X0,divide(X3,X2)),X6),inverse(divide(X6,X1)))))),divide(inverse(divide(X0,divide(X1,divide(X2,X3)))),X4)) = X5 [superposition 1,6]
22. divide(X1,X2) = divide(inverse(X3),divide(X0,inverse(divide(divide(divide(divide(X6,X5),X4),inverse(divide(X4,divide(X0,divide(X5,X6))))),divide(X3,divide(X2,X1)))))) [superposition 7,1]
30. divide(divide(divide(X2,X3),inverse(divide(divide(X3,X2),divide(X4,divide(X1,X0))))),inverse(X4)) = divide(inverse(X5),divide(divide(X6,X7),inverse(divide(divide(X7,X6),divide(X5,divide(X0,X1)))))) [superposition 7,7]
32. divide(X4,divide(X0,divide(X3,X2))) = divide(inverse(inverse(divide(X4,X1))),divide(divide(X5,X6),inverse(divide(divide(X6,X5),inverse(divide(X0,divide(X1,divide(X2,X3)))))))) [superposition 7,6]
42. divide(X1,X0) = divide(divide(divide(X2,X3),inverse(divide(divide(X3,X2),divide(X4,divide(X1,X0))))),inverse(X4)) [forward demodulation 30,7]
51. inverse(inverse(divide(X0,divide(X1,divide(inverse(divide(divide(X2,X3),X1)),divide(X3,X2)))))) = X0 [superposition 16,6]
166. inverse(divide(X1,divide(X0,divide(divide(divide(X2,X3),X4),inverse(divide(X4,divide(divide(X5,X6),divide(X3,X2)))))))) = inverse(divide(X1,divide(X0,divide(X6,X5)))) [superposition 16,8]
209. divide(divide(divide(X6,X7),inverse(divide(divide(X7,X6),divide(X8,X0)))),inverse(X8)) = X0 [superposition 42,8]
213. divide(divide(X0,divide(X3,X2)),X4) = divide(divide(divide(X5,X6),inverse(divide(divide(X6,X5),inverse(divide(X0,divide(X1,divide(X2,X3))))))),inverse(inverse(divide(X4,X1)))) [superposition 42,6]
216. divide(X1,X2) = divide(divide(divide(X3,X4),X0),inverse(divide(X0,divide(divide(X2,X1),divide(X4,X3))))) [superposition 42,16]
298. divide(inverse(divide(X0,X1)),divide(X2,X0)) = divide(inverse(divide(X6,X1)),divide(X2,X6)) [superposition 13,13]
615. divide(inverse(divide(X1,X2)),divide(inverse(divide(X3,divide(X0,divide(X4,X5)))),X1)) = divide(inverse(divide(divide(divide(X5,X4),X3),X2)),X0) [superposition 298,1]
620. divide(inverse(divide(X1,X2)),divide(inverse(divide(X3,divide(X0,divide(divide(divide(X4,X5),X6),inverse(divide(X6,divide(X7,divide(X5,X4)))))))),X1)) = divide(inverse(divide(divide(X7,X3),X2)),X0) [superposition 298,8]
1550. inverse(divide(inverse(divide(X6,X1)),divide(X7,divide(divide(divide(X8,X9),X10),inverse(divide(X10,divide(divide(divide(X0,X5),X6),divide(X9,X8)))))))) = divide(inverse(divide(X11,X7)),divide(inverse(divide(X0,divide(X1,divide(divide(divide(X2,X3),X4),inverse(divide(X4,divide(X5,divide(X3,X2)))))))),X11)) [superposition 11,11]
1576. divide(divide(inverse(divide(X0,X1)),divide(divide(X2,X3),X0)),divide(X3,X2)) = X1 [superposition 8,11]
1586. divide(X2,X1) = divide(divide(divide(inverse(divide(X5,divide(X4,divide(X6,X7)))),divide(divide(X7,X6),X5)),X3),divide(inverse(divide(X0,divide(X1,X2))),divide(divide(X3,X4),X0))) [superposition 216,11]
1714. divide(X2,X1) = divide(divide(X4,X3),divide(inverse(divide(X0,divide(X1,X2))),divide(divide(X3,X4),X0))) [forward demodulation 1586,1]
1733. inverse(divide(inverse(divide(X6,X1)),divide(X7,divide(divide(divide(X8,X9),X10),inverse(divide(X10,divide(divide(divide(X0,X5),X6),divide(X9,X8)))))))) = divide(inverse(divide(divide(X5,X0),X7)),X1) [forward demodulation 1550,620]
1778. inverse(divide(inverse(divide(X6,X1)),divide(X7,divide(X6,divide(X0,X5))))) = divide(inverse(divide(divide(X5,X0),X7)),X1) [forward demodulation 1733,166]
1856. divide(divide(divide(divide(divide(X1,X2),X3),inverse(divide(X3,X0))),inverse(X0)),inverse(X2)) = X1 [superposition 209,1576]
2467. divide(divide(X0,divide(inverse(X1),X2)),X3) = divide(divide(X0,inverse(X2)),inverse(inverse(divide(X3,X1)))) [superposition 1856,1856]
3021. divide(inverse(inverse(divide(X3,X1))),divide(X0,inverse(X2))) = divide(divide(divide(X4,X5),X6),inverse(divide(X6,divide(divide(divide(X0,divide(inverse(X1),X2)),X3),divide(X5,X4))))) [superposition 216,2467]
3036. divide(inverse(inverse(divide(X3,X1))),divide(X0,inverse(X2))) = divide(X3,divide(X0,divide(inverse(X1),X2))) [forward demodulation 3021,216]
4138. divide(X2,divide(X3,X4)) = divide(inverse(inverse(divide(X2,divide(X1,X0)))),divide(divide(X3,X4),inverse(divide(X0,X1)))) [superposition 7,1714]
4159. divide(X2,divide(inverse(divide(X3,divide(X4,divide(X5,X6)))),divide(divide(X6,X5),X3))) = divide(inverse(inverse(divide(X2,divide(X1,X0)))),divide(X4,inverse(divide(X0,X1)))) [superposition 22,1714]
4163. inverse(divide(inverse(divide(X2,divide(X5,divide(X4,X3)))),divide(X1,X0))) = divide(inverse(divide(X0,X1)),divide(X5,divide(X2,divide(X3,X4)))) [superposition 8,1714]
4337. divide(X2,divide(inverse(divide(X3,divide(X4,divide(X5,X6)))),divide(divide(X6,X5),X3))) = divide(X2,divide(X4,divide(inverse(divide(X1,X0)),divide(X0,X1)))) [forward demodulation 4159,3036]
4343. divide(X2,divide(X3,X4)) = divide(X2,divide(divide(X3,X4),divide(inverse(divide(X1,X0)),divide(X0,X1)))) [forward demodulation 4138,3036]
4407. divide(X2,X4) = divide(X2,divide(X4,divide(inverse(divide(X1,X0)),divide(X0,X1)))) [forward demodulation 4337,1]
5339. divide(X1,divide(inverse(divide(X2,X3)),divide(X3,X2))) = divide(divide(inverse(divide(X0,X1)),divide(divide(X4,X5),X0)),divide(X5,X4)) [superposition 1576,4407]
5386. divide(X1,divide(inverse(divide(X2,X3)),divide(X3,X2))) = X1 [forward demodulation 5339,1576]
6302. inverse(divide(X1,X2)) = divide(inverse(X0),divide(divide(X1,X2),X0)) [superposition 1,5386]
6309. divide(X0,divide(X1,X2)) = divide(inverse(inverse(X0)),divide(divide(X3,X4),inverse(divide(divide(X4,X3),inverse(divide(X1,X2)))))) [superposition 18,5386]
6320. inverse(divide(inverse(divide(X1,X2)),divide(divide(X3,divide(X4,X5)),X1))) = divide(inverse(X0),divide(inverse(divide(X3,divide(X2,divide(X5,X4)))),X0)) [superposition 19,5386]
6450. inverse(inverse(divide(X2,divide(divide(inverse(divide(X3,X4)),divide(X4,X3)),divide(inverse(divide(X0,X1)),divide(X1,X0)))))) = X2 [superposition 51,5386]
6468. inverse(inverse(divide(X2,divide(inverse(divide(X3,X4)),divide(X4,X3))))) = X2 [forward demodulation 6450,4343]
6507. divide(inverse(X0),divide(inverse(divide(X3,divide(X2,divide(X5,X4)))),X0)) = inverse(inverse(divide(X3,divide(X2,divide(X5,X4))))) [forward demodulation 6320,6]
6550. inverse(inverse(X2)) = X2 [forward demodulation 6468,5386]
7572. inverse(divide(inverse(divide(X1,X2)),divide(divide(inverse(divide(X3,X4)),divide(X4,X3)),divide(X1,divide(X5,divide(X6,X7)))))) = divide(inverse(X0),divide(inverse(divide(X5,divide(X2,divide(X7,X6)))),X0)) [superposition 14,5386]
8172. inverse(divide(inverse(divide(X1,X2)),divide(divide(inverse(divide(X3,X4)),divide(X4,X3)),divide(X1,divide(X5,divide(X6,X7)))))) = inverse(inverse(divide(X5,divide(X2,divide(X7,X6))))) [forward demodulation 7572,6507]
8555. divide(X5,divide(X2,divide(X7,X6))) = inverse(divide(inverse(divide(X1,X2)),divide(divide(inverse(divide(X3,X4)),divide(X4,X3)),divide(X1,divide(X5,divide(X6,X7)))))) [forward demodulation 8172,6550]
8777. divide(X5,divide(X2,divide(X7,X6))) = divide(inverse(divide(divide(divide(X6,X7),X5),divide(inverse(divide(X3,X4)),divide(X4,X3)))),X2) [forward demodulation 8555,1778]
8902. divide(X5,divide(X2,divide(X7,X6))) = divide(inverse(divide(divide(X6,X7),X5)),X2) [forward demodulation 8777,5386]
9167. inverse(inverse(divide(X3,X5))) = divide(inverse(divide(X4,inverse(divide(divide(X0,divide(X1,X2)),X3)))),divide(inverse(divide(X0,divide(X5,divide(X2,X1)))),X4)) [superposition 19,6302]
9205. inverse(divide(inverse(divide(X2,divide(X0,X1))),divide(X3,divide(X2,divide(inverse(divide(X4,X5)),divide(X5,X4)))))) = divide(inverse(divide(X6,X3)),divide(inverse(inverse(divide(X0,X1))),X6)) [superposition 14,6302]
9393. divide(inverse(divide(X6,X3)),divide(divide(X0,X1),X6)) = inverse(divide(inverse(divide(X2,divide(X0,X1))),divide(X3,divide(X2,divide(inverse(divide(X4,X5)),divide(X5,X4)))))) [forward demodulation 9205,6550]
9422. inverse(inverse(divide(X3,X5))) = divide(inverse(divide(divide(divide(X1,X2),X0),inverse(divide(divide(X0,divide(X1,X2)),X3)))),X5) [forward demodulation 9167,615]
9486. divide(inverse(divide(X6,X3)),divide(divide(X0,X1),X6)) = divide(inverse(divide(divide(divide(X5,X4),inverse(divide(X4,X5))),X3)),divide(X0,X1)) [forward demodulation 9393,1778]
9504. inverse(inverse(divide(X3,X5))) = divide(inverse(divide(divide(X0,divide(X1,X2)),X3)),divide(X5,divide(X0,divide(X1,X2)))) [forward demodulation 9422,8902]
9534. divide(inverse(divide(X6,X3)),divide(divide(X0,X1),X6)) = divide(X3,divide(divide(X0,X1),divide(inverse(divide(X4,X5)),divide(X5,X4)))) [forward demodulation 9486,8902]
9542. inverse(inverse(divide(X3,X5))) = divide(X3,divide(divide(X5,divide(X0,divide(X1,X2))),divide(divide(X1,X2),X0))) [forward demodulation 9504,8902]
9555. divide(inverse(divide(X6,X3)),divide(divide(X0,X1),X6)) = divide(X3,divide(X0,X1)) [forward demodulation 9534,4343]
9559. divide(X3,X5) = divide(X3,divide(divide(X5,divide(X0,divide(X1,X2))),divide(divide(X1,X2),X0))) [forward demodulation 9542,6550]
9600. divide(divide(inverse(divide(X1,X0)),divide(divide(X2,X3),X1)),divide(X4,divide(X5,X6))) = divide(inverse(inverse(X0)),divide(divide(X7,X8),inverse(divide(divide(X8,X7),inverse(divide(X4,divide(divide(X3,X2),divide(X6,X5)))))))) [superposition 32,1576]
9820. divide(inverse(divide(X10,X9)),divide(X5,X10)) = inverse(divide(inverse(divide(X4,divide(X5,divide(X0,divide(X1,divide(X2,X3)))))),divide(X9,divide(X4,divide(divide(divide(X7,X8),inverse(divide(divide(X8,X7),inverse(divide(X1,divide(X6,divide(X3,X2))))))),inverse(inverse(divide(X0,X6)))))))) [superposition 13,32]
9834. divide(inverse(divide(X4,divide(X5,divide(divide(divide(X6,divide(X0,divide(X1,divide(X2,X3)))),X10),inverse(divide(X10,X11)))))),divide(inverse(divide(X6,divide(X11,divide(divide(divide(X8,X9),inverse(divide(divide(X9,X8),inverse(divide(X1,divide(X7,divide(X3,X2))))))),inverse(inverse(divide(X0,X7))))))),X4)) = X5 [superposition 19,32]
9955. divide(inverse(divide(divide(divide(inverse(inverse(divide(X0,X7))),divide(divide(X8,X9),inverse(divide(divide(X9,X8),inverse(divide(X1,divide(X7,divide(X3,X2)))))))),X6),divide(X5,divide(divide(divide(X6,divide(X0,divide(X1,divide(X2,X3)))),X10),inverse(divide(X10,X11)))))),X11) = X5 [forward demodulation 9834,615]
9969. divide(inverse(divide(X10,X9)),divide(X5,X10)) = divide(inverse(divide(divide(X4,divide(divide(divide(X7,X8),inverse(divide(divide(X8,X7),inverse(divide(X1,divide(X6,divide(X3,X2))))))),inverse(inverse(divide(X0,X6))))),X9)),divide(X5,divide(X4,divide(divide(X1,divide(X2,X3)),X0)))) [forward demodulation 9820,4163]
10180. divide(divide(inverse(divide(X1,X0)),divide(divide(X2,X3),X1)),divide(X4,divide(X5,X6))) = divide(X0,divide(X4,divide(divide(X3,X2),divide(X6,X5)))) [forward demodulation 9600,6309]
10262. divide(divide(X5,divide(divide(divide(X6,divide(X0,divide(X1,divide(X2,X3)))),X10),inverse(divide(X10,X11)))),divide(X11,divide(X6,divide(inverse(inverse(divide(X0,X7))),divide(divide(X8,X9),inverse(divide(divide(X9,X8),inverse(divide(X1,divide(X7,divide(X3,X2))))))))))) = X5 [forward demodulation 9955,8902]
10274. divide(inverse(divide(X10,X9)),divide(X5,X10)) = divide(X9,divide(divide(X5,divide(X4,divide(divide(X1,divide(X2,X3)),X0))),divide(divide(divide(divide(X7,X8),inverse(divide(divide(X8,X7),inverse(divide(X1,divide(X6,divide(X3,X2))))))),inverse(inverse(divide(X0,X6)))),X4))) [forward demodulation 9969,8902]
10440. divide(X0,divide(X4,divide(divide(X3,X2),divide(X6,X5)))) = divide(divide(X0,divide(X2,X3)),divide(X4,divide(X5,X6))) [forward demodulation 10180,9555]
10503. divide(divide(X5,divide(divide(divide(X6,divide(X0,divide(X1,divide(X2,X3)))),X10),inverse(divide(X10,X11)))),divide(X11,divide(X6,divide(X0,divide(X1,divide(X2,X3)))))) = X5 [forward demodulation 10262,32]
10515. divide(inverse(divide(X10,X9)),divide(X5,X10)) = divide(X9,divide(divide(X5,divide(X4,divide(divide(X1,divide(X2,X3)),X0))),divide(divide(divide(X1,divide(X2,X3)),X0),X4))) [forward demodulation 10274,213]
10698. divide(X5,divide(X11,divide(divide(inverse(divide(X10,X11)),divide(divide(X6,divide(X0,divide(X1,divide(X2,X3)))),X10)),divide(divide(X0,divide(X1,divide(X2,X3))),X6)))) = X5 [forward demodulation 10503,10440]
10709. divide(X9,X5) = divide(inverse(divide(X10,X9)),divide(X5,X10)) [forward demodulation 10515,9559]
10845. divide(X5,divide(X11,X11)) = X5 [forward demodulation 10698,1576]
11539. divide(X1,X1) = divide(divide(inverse(X0),divide(divide(X2,X3),X0)),divide(X3,X2)) [superposition 1576,10845]
11629. divide(inverse(divide(X2,X3)),divide(X3,X2)) = divide(X1,X1) [forward demodulation 11539,6302]
11840. divide(X1,X1) = divide(X3,X3) [forward demodulation 11629,10709]
20299. divide(inverse(a1),inverse(a1)) != divide(X0,X0) [superposition 4,11840]
20645. $false [forward subsumption resolution 20299,11840]
% SZS output end Proof for GRP469-1
% ------------------------------
% Version: Vampire 5.0.0 (Release build, commit 2e2c9b7b8 on 2026-01-17 12:24:14 +0100)
% Linked with Z3 4.14.0.0 3c47fd96cf5645d0c42b2c819d9e9a84380aa721 z3-4.8.4-9178-g3c47fd96c
% CaDiCaL version: 2.1.3
% Termination reason: Refutation
% Time elapsed: 0.334 s
% Peak memory usage: 56 MB
% Instructions burned: 1262 (million)
% ------------------------------
% ------------------------------
