% Running in auto input_syntax mode. Trying TPTP
% Refutation found. Thanks to Tanya!
% SZS status Unsatisfiable for GRP593-1
% SZS output start Proof for GRP593-1
1. inverse(double_divide(double_divide(X0,X1),inverse(double_divide(X0,inverse(double_divide(X2,X1)))))) = X2 [input(axiom)]
2. multiply(X0,X1) = inverse(double_divide(X1,X0)) [input(axiom)]
3. multiply(inverse(a1),a1) != multiply(inverse(b1),b1) [input(negated conjecture)]
4. inverse(double_divide(a1,inverse(a1))) != inverse(double_divide(b1,inverse(b1))) [definition unfolding 3,2,2]
5. double_divide(X2,X3) = inverse(double_divide(double_divide(X1,inverse(double_divide(X2,inverse(double_divide(X0,X3))))),inverse(double_divide(X1,X0)))) [superposition 1,1]
6. inverse(double_divide(double_divide(double_divide(X1,X2),inverse(double_divide(X0,X2))),X0)) = X1 [superposition 1,1]
7. inverse(double_divide(double_divide(double_divide(X1,inverse(double_divide(X2,inverse(double_divide(X0,X3))))),X0),double_divide(X2,X3))) = X1 [superposition 6,1]
8. inverse(double_divide(double_divide(double_divide(X1,X2),X0),double_divide(double_divide(X0,X3),inverse(double_divide(X2,X3))))) = X1 [superposition 6,6]
9. double_divide(double_divide(X0,X3),inverse(double_divide(X2,X3))) = inverse(double_divide(double_divide(X1,X2),inverse(double_divide(X1,X0)))) [superposition 1,6]
10. inverse(double_divide(double_divide(double_divide(double_divide(X0,X1),inverse(double_divide(inverse(double_divide(X2,X3)),X1))),X3),X0)) = X2 [superposition 1,6]
11. double_divide(X1,inverse(double_divide(X2,inverse(double_divide(X0,X3))))) = inverse(double_divide(double_divide(X4,inverse(double_divide(X1,X0))),inverse(double_divide(X4,double_divide(X2,X3))))) [superposition 5,1]
15. double_divide(double_divide(X2,inverse(double_divide(X0,inverse(double_divide(X3,X1))))),X3) = inverse(double_divide(double_divide(X4,double_divide(X0,X1)),inverse(double_divide(X4,X2)))) [superposition 5,5]
20. double_divide(inverse(double_divide(double_divide(X0,inverse(double_divide(X1,X2))),X1)),X2) = X0 [superposition 5,6]
29. inverse(double_divide(double_divide(X0,inverse(double_divide(X1,inverse(double_divide(X2,X3))))),X1)) = double_divide(inverse(double_divide(X0,X2)),X3) [superposition 20,20]
30. double_divide(double_divide(inverse(double_divide(X0,X1)),X2),inverse(double_divide(X1,X2))) = X0 [superposition 20,5]
32. inverse(double_divide(double_divide(X0,inverse(double_divide(X3,X2))),X3)) = inverse(double_divide(double_divide(X1,X2),inverse(double_divide(X1,inverse(X0))))) [superposition 1,20]
37. double_divide(inverse(double_divide(double_divide(X0,inverse(double_divide(X1,inverse(double_divide(X2,X3))))),X1)),X3) = inverse(double_divide(double_divide(X4,inverse(X0)),inverse(double_divide(X4,X2)))) [superposition 5,20]
38. inverse(double_divide(double_divide(inverse(double_divide(double_divide(X0,inverse(double_divide(X1,inverse(double_divide(X2,X3))))),X1)),X3),inverse(X0))) = X2 [superposition 1,20]
40. inverse(double_divide(double_divide(X4,inverse(X0)),inverse(double_divide(X4,X2)))) = double_divide(double_divide(inverse(double_divide(X0,X2)),X3),X3) [forward demodulation 37,29]
41. inverse(double_divide(double_divide(double_divide(inverse(double_divide(X0,X2)),X3),X3),inverse(X0))) = X2 [forward demodulation 38,29]
50. double_divide(inverse(double_divide(double_divide(X1,X0),double_divide(double_divide(X0,X2),X3))),double_divide(double_divide(X3,X4),inverse(double_divide(X2,X4)))) = X1 [superposition 20,8]
57. double_divide(X1,X2) = double_divide(double_divide(X0,X3),inverse(double_divide(inverse(double_divide(X1,inverse(double_divide(X0,X2)))),X3))) [superposition 30,1]
78. double_divide(inverse(double_divide(X0,X1)),X2) = inverse(double_divide(double_divide(X0,X3),double_divide(double_divide(X3,X4),inverse(double_divide(inverse(double_divide(X1,X2)),X4))))) [superposition 8,30]
94. inverse(double_divide(double_divide(X0,inverse(double_divide(X1,inverse(double_divide(X2,inverse(double_divide(X3,X4))))))),X1)) = inverse(double_divide(double_divide(X0,X3),double_divide(X2,X4))) [superposition 7,20]
95. double_divide(inverse(double_divide(X0,X1)),inverse(double_divide(X2,X3))) = inverse(double_divide(double_divide(X0,X2),double_divide(X1,X3))) [superposition 7,30]
106. double_divide(double_divide(X0,inverse(double_divide(X1,inverse(double_divide(X2,X3))))),X2) = double_divide(double_divide(X0,X4),inverse(double_divide(double_divide(X1,X3),X4))) [superposition 30,7]
117. inverse(double_divide(X1,inverse(double_divide(X0,X2)))) = inverse(double_divide(double_divide(double_divide(X0,X3),X3),inverse(double_divide(X1,X2)))) [superposition 41,1]
118. inverse(double_divide(X2,X3)) = inverse(double_divide(double_divide(double_divide(double_divide(X0,X1),X4),X4),inverse(double_divide(X2,inverse(double_divide(X0,inverse(double_divide(X3,X1)))))))) [superposition 41,5]
130. double_divide(X0,X2) = double_divide(inverse(double_divide(X1,X0)),inverse(double_divide(inverse(X1),X2))) [superposition 20,41]
136. double_divide(X1,inverse(X2)) = inverse(double_divide(double_divide(X3,inverse(double_divide(X1,X0))),inverse(double_divide(X3,double_divide(double_divide(inverse(double_divide(X2,X0)),X4),X4))))) [superposition 5,41]
142. double_divide(double_divide(inverse(double_divide(X1,X0)),X2),X2) = double_divide(double_divide(X0,X3),inverse(double_divide(inverse(X1),X3))) [superposition 30,41]
144. double_divide(X0,inverse(double_divide(X3,inverse(double_divide(X1,X2))))) = inverse(double_divide(double_divide(X4,X3),inverse(double_divide(X4,double_divide(inverse(double_divide(X0,X1)),X2))))) [superposition 9,30]
147. double_divide(double_divide(X1,inverse(double_divide(X2,X3))),inverse(X0)) = inverse(double_divide(double_divide(X4,double_divide(inverse(double_divide(X0,X2)),X3)),inverse(double_divide(X4,X1)))) [superposition 9,30]
151. double_divide(double_divide(X2,inverse(double_divide(X3,X4))),double_divide(X0,X1)) = inverse(double_divide(double_divide(X5,double_divide(X3,inverse(double_divide(X0,inverse(double_divide(X4,X1)))))),inverse(double_divide(X5,X2)))) [superposition 9,5]
155. double_divide(double_divide(X1,inverse(X2)),X0) = inverse(double_divide(double_divide(X4,double_divide(double_divide(inverse(double_divide(X2,X0)),X3),X3)),inverse(double_divide(X4,X1)))) [superposition 9,41]
160. double_divide(double_divide(X3,X4),inverse(double_divide(inverse(double_divide(X1,X5)),X4))) = inverse(double_divide(inverse(double_divide(double_divide(X0,X1),inverse(double_divide(X0,X2)))),inverse(double_divide(double_divide(X2,X5),X3)))) [superposition 9,9]
177. inverse(double_divide(inverse(double_divide(double_divide(X0,X1),inverse(double_divide(X0,X2)))),X1)) = X2 [superposition 6,9]
188. double_divide(X2,X4) = inverse(double_divide(double_divide(X3,inverse(double_divide(X1,X4))),inverse(double_divide(X3,inverse(inverse(double_divide(double_divide(X0,X1),inverse(double_divide(X0,X2))))))))) [superposition 1,9]
220. double_divide(double_divide(X3,X4),inverse(double_divide(inverse(double_divide(X1,X5)),X4))) = inverse(inverse(double_divide(double_divide(double_divide(X0,X1),double_divide(X2,X5)),double_divide(inverse(double_divide(X0,X2)),X3)))) [forward demodulation 160,95]
232. inverse(double_divide(inverse(double_divide(X0,inverse(double_divide(inverse(double_divide(double_divide(X0,inverse(double_divide(X1,X2))),X1)),X3)))),X2)) = X3 [superposition 177,20]
238. inverse(double_divide(X1,inverse(double_divide(X0,X2)))) = inverse(double_divide(inverse(double_divide(double_divide(double_divide(X1,X2),X3),X0)),X3)) [superposition 177,1]
242. double_divide(double_divide(X2,X4),inverse(double_divide(X1,X4))) = inverse(double_divide(inverse(double_divide(double_divide(double_divide(double_divide(X0,X1),X2),X3),X0)),X3)) [superposition 177,8]
257. double_divide(double_divide(X1,X2),X0) = inverse(double_divide(double_divide(X4,inverse(double_divide(double_divide(X3,X2),inverse(double_divide(X3,X0))))),inverse(double_divide(X4,X1)))) [superposition 9,177]
259. double_divide(double_divide(inverse(double_divide(X1,inverse(double_divide(double_divide(X2,X3),inverse(double_divide(X2,X0)))))),X3),X0) = X1 [superposition 30,177]
285. double_divide(X0,inverse(double_divide(X3,X2))) = inverse(double_divide(double_divide(double_divide(double_divide(X1,X2),inverse(X0)),X3),X1)) [superposition 10,20]
326. double_divide(X0,inverse(double_divide(inverse(double_divide(X1,X2)),X3))) = double_divide(inverse(double_divide(X1,inverse(double_divide(X0,X2)))),X3) [superposition 130,1]
334. double_divide(X1,X2) = double_divide(X0,inverse(double_divide(inverse(inverse(double_divide(double_divide(X3,X1),inverse(double_divide(X3,X0))))),X2))) [superposition 130,177]
369. double_divide(double_divide(X0,X1),inverse(double_divide(X3,inverse(double_divide(inverse(X2),X1))))) = inverse(double_divide(double_divide(X4,X3),inverse(double_divide(X4,inverse(double_divide(X2,X0)))))) [superposition 9,130]
382. inverse(double_divide(inverse(double_divide(double_divide(X0,inverse(double_divide(X1,X2))),X1)),inverse(double_divide(inverse(double_divide(X0,X3)),X2)))) = X3 [backward demodulation 232,326]
383. double_divide(double_divide(double_divide(X2,X3),inverse(double_divide(inverse(double_divide(X1,inverse(double_divide(X2,X0)))),X3))),X0) = X1 [backward demodulation 259,326]
387. double_divide(X1,X2) = double_divide(double_divide(X0,X3),inverse(double_divide(X0,inverse(double_divide(inverse(double_divide(X1,X2)),X3))))) [backward demodulation 57,326]
395. inverse(inverse(double_divide(double_divide(double_divide(X0,inverse(double_divide(X1,X2))),inverse(double_divide(X0,X3))),double_divide(X1,X2)))) = X3 [forward demodulation 382,95]
396. double_divide(double_divide(double_divide(X2,X3),inverse(double_divide(X2,inverse(double_divide(inverse(double_divide(X1,X0)),X3))))),X0) = X1 [forward demodulation 383,326]
397. double_divide(double_divide(X1,X0),X0) = X1 [backward demodulation 396,387]
400. inverse(double_divide(X0,inverse(double_divide(X1,X2)))) = inverse(double_divide(X1,inverse(double_divide(X0,X2)))) [backward demodulation 117,397]
410. inverse(double_divide(X0,X2)) = inverse(double_divide(double_divide(X4,inverse(X0)),inverse(double_divide(X4,X2)))) [backward demodulation 40,397]
416. double_divide(X1,inverse(X2)) = inverse(double_divide(double_divide(X3,inverse(double_divide(X1,X0))),inverse(double_divide(X3,inverse(double_divide(X2,X0)))))) [backward demodulation 136,397]
420. inverse(double_divide(X1,X0)) = double_divide(double_divide(X0,X3),inverse(double_divide(inverse(X1),X3))) [backward demodulation 142,397]
421. double_divide(double_divide(X1,inverse(X2)),X0) = inverse(double_divide(double_divide(X4,inverse(double_divide(X2,X0))),inverse(double_divide(X4,X1)))) [backward demodulation 155,397]
425. inverse(double_divide(X2,X3)) = inverse(double_divide(double_divide(X0,X1),inverse(double_divide(X2,inverse(double_divide(X0,inverse(double_divide(X3,X1)))))))) [backward demodulation 118,397]
445. double_divide(X2,X4) = inverse(double_divide(double_divide(X3,inverse(double_divide(X1,X4))),inverse(double_divide(X3,inverse(inverse(double_divide(X0,inverse(double_divide(double_divide(X0,X1),X2))))))))) [backward demodulation 188,400]
458. double_divide(double_divide(X1,X2),X0) = inverse(double_divide(double_divide(X4,inverse(double_divide(X3,inverse(double_divide(double_divide(X3,X2),X0))))),inverse(double_divide(X4,X1)))) [backward demodulation 257,400]
470. double_divide(X1,inverse(double_divide(X2,inverse(double_divide(X0,X3))))) = inverse(double_divide(double_divide(X1,X0),double_divide(X2,X3))) [backward demodulation 11,410]
492. inverse(double_divide(double_divide(X4,double_divide(X0,X1)),inverse(double_divide(X4,X2)))) = double_divide(inverse(double_divide(double_divide(X2,X3),double_divide(X0,X1))),X3) [backward demodulation 15,470]
495. double_divide(inverse(double_divide(X0,X2)),X3) = inverse(double_divide(inverse(double_divide(double_divide(X0,X2),double_divide(X1,X3))),X1)) [backward demodulation 29,470]
502. inverse(double_divide(double_divide(X0,X3),double_divide(X2,X4))) = inverse(double_divide(double_divide(X0,inverse(inverse(double_divide(double_divide(X1,X3),double_divide(X2,X4))))),X1)) [backward demodulation 94,470]
506. double_divide(double_divide(X0,X4),inverse(double_divide(double_divide(X1,X3),X4))) = double_divide(inverse(double_divide(double_divide(X0,X2),double_divide(X1,X3))),X2) [backward demodulation 106,470]
508. inverse(double_divide(double_divide(X4,X3),inverse(double_divide(X4,double_divide(inverse(double_divide(X0,X1)),X2))))) = inverse(double_divide(double_divide(X0,X1),double_divide(X3,X2))) [backward demodulation 144,470]
509. double_divide(double_divide(X2,inverse(double_divide(X3,X4))),double_divide(X0,X1)) = inverse(double_divide(double_divide(X5,inverse(double_divide(double_divide(X3,X4),double_divide(X0,X1)))),inverse(double_divide(X5,X2)))) [backward demodulation 151,470]
518. double_divide(double_divide(X1,X2),X0) = inverse(double_divide(inverse(double_divide(double_divide(X4,double_divide(X3,X2)),double_divide(X3,X0))),inverse(double_divide(X4,X1)))) [backward demodulation 458,470]
527. double_divide(double_divide(X2,inverse(double_divide(X3,X4))),double_divide(X0,X1)) = inverse(double_divide(double_divide(double_divide(X3,X4),double_divide(X0,X1)),X2)) [forward demodulation 509,410]
529. inverse(inverse(inverse(double_divide(double_divide(double_divide(X0,X3),double_divide(X1,X2)),double_divide(X0,inverse(double_divide(X1,X2))))))) = X3 [backward demodulation 395,527]
551. double_divide(double_divide(X1,X2),X0) = inverse(inverse(double_divide(double_divide(double_divide(X4,double_divide(X3,X2)),X4),double_divide(double_divide(X3,X0),X1)))) [forward demodulation 518,95]
555. double_divide(X1,inverse(X2)) = inverse(inverse(double_divide(double_divide(double_divide(X3,inverse(double_divide(X1,X0))),X2),double_divide(X3,X0)))) [forward demodulation 416,470]
560. double_divide(inverse(double_divide(X0,X1)),X2) = inverse(double_divide(double_divide(X0,X3),inverse(double_divide(double_divide(X1,X2),X3)))) [backward demodulation 78,420]
563. inverse(inverse(double_divide(double_divide(double_divide(X0,X1),double_divide(X2,X5)),double_divide(inverse(double_divide(X0,X2)),X3)))) = inverse(double_divide(double_divide(X1,X5),X3)) [backward demodulation 220,420]
585. double_divide(double_divide(X1,inverse(X2)),X0) = inverse(double_divide(double_divide(X2,X0),X1)) [forward demodulation 421,410]
588. double_divide(inverse(inverse(double_divide(double_divide(double_divide(X1,X2),X1),X0))),X2) = X0 [backward demodulation 20,585]
590. inverse(double_divide(double_divide(X1,X2),inverse(double_divide(X1,inverse(X0))))) = inverse(inverse(double_divide(double_divide(double_divide(X3,X2),X3),X0))) [backward demodulation 32,585]
606. inverse(double_divide(double_divide(X0,X3),double_divide(X2,X4))) = inverse(inverse(double_divide(double_divide(inverse(double_divide(double_divide(X1,X3),double_divide(X2,X4))),X1),X0))) [backward demodulation 502,585]
613. double_divide(X0,inverse(double_divide(X3,X2))) = inverse(double_divide(inverse(double_divide(double_divide(X0,X3),double_divide(X1,X2))),X1)) [backward demodulation 285,585]
627. double_divide(X1,inverse(X2)) = inverse(inverse(double_divide(inverse(double_divide(double_divide(double_divide(X1,X0),X2),X3)),double_divide(X3,X0)))) [backward demodulation 555,585]
639. inverse(double_divide(double_divide(X4,double_divide(inverse(double_divide(X0,X2)),X3)),inverse(double_divide(X4,X1)))) = inverse(double_divide(double_divide(double_divide(X2,X3),inverse(X0)),X1)) [backward demodulation 147,585]
641. inverse(double_divide(X0,X2)) = inverse(inverse(double_divide(double_divide(X0,inverse(double_divide(X4,X2))),X4))) [backward demodulation 410,585]
650. double_divide(X2,X4) = inverse(inverse(double_divide(double_divide(double_divide(X1,X4),inverse(double_divide(X3,inverse(inverse(double_divide(X0,inverse(double_divide(double_divide(X0,X1),X2)))))))),X3))) [backward demodulation 445,585]
666. double_divide(X0,inverse(double_divide(X2,X3))) = double_divide(inverse(double_divide(X0,X2)),X3) [backward demodulation 495,613]
670. inverse(double_divide(double_divide(X0,X3),double_divide(X2,X4))) = inverse(inverse(double_divide(double_divide(double_divide(X1,X3),inverse(double_divide(double_divide(X2,X4),X1))),X0))) [backward demodulation 606,666]
711. inverse(double_divide(double_divide(X0,X1),double_divide(X3,X2))) = inverse(double_divide(double_divide(X4,X3),inverse(double_divide(X4,double_divide(X0,inverse(double_divide(X1,X2))))))) [backward demodulation 508,666]
713. double_divide(X0,inverse(double_divide(X1,X2))) = inverse(double_divide(double_divide(X0,X3),inverse(double_divide(double_divide(X1,X2),X3)))) [backward demodulation 560,666]
715. inverse(double_divide(double_divide(X1,X5),X3)) = inverse(inverse(double_divide(double_divide(double_divide(X0,X1),double_divide(X2,X5)),double_divide(X0,inverse(double_divide(X2,X3)))))) [backward demodulation 563,666]
722. inverse(double_divide(X1,inverse(double_divide(X0,X2)))) = inverse(double_divide(double_divide(double_divide(X1,X2),X3),inverse(double_divide(X0,X3)))) [backward demodulation 238,666]
725. double_divide(X0,inverse(double_divide(X3,X2))) = inverse(double_divide(double_divide(X0,X3),inverse(double_divide(double_divide(X1,X2),X1)))) [backward demodulation 613,666]
728. double_divide(double_divide(X2,X4),inverse(double_divide(X1,X4))) = inverse(double_divide(double_divide(double_divide(double_divide(X0,X1),X2),X3),inverse(double_divide(X0,X3)))) [backward demodulation 242,666]
755. inverse(double_divide(double_divide(X0,X3),double_divide(X2,X4))) = inverse(inverse(inverse(double_divide(double_divide(double_divide(double_divide(X2,X4),X1),X0),double_divide(X1,X3))))) [forward demodulation 670,585]
809. inverse(inverse(double_divide(double_divide(X3,X2),X2))) = X3 [backward demodulation 529,715]
810. inverse(inverse(X3)) = X3 [forward demodulation 809,397]
818. double_divide(double_divide(double_divide(double_divide(X1,X2),X1),X0),X2) = X0 [backward demodulation 588,810]
823. inverse(double_divide(double_divide(X0,X3),double_divide(X2,X4))) = inverse(double_divide(double_divide(double_divide(double_divide(X2,X4),X1),X0),double_divide(X1,X3))) [backward demodulation 755,810]
920. double_divide(X1,inverse(X2)) = inverse(inverse(double_divide(double_divide(double_divide(X1,X0),X2),inverse(double_divide(X3,double_divide(X3,X0)))))) [forward demodulation 627,666]
973. inverse(double_divide(double_divide(X4,double_divide(inverse(double_divide(X0,X2)),X3)),inverse(double_divide(X4,X1)))) = inverse(inverse(double_divide(double_divide(X0,X1),double_divide(X2,X3)))) [forward demodulation 639,585]
974. double_divide(double_divide(X0,X1),double_divide(X2,X3)) = inverse(double_divide(double_divide(X4,double_divide(inverse(double_divide(X0,X2)),X3)),inverse(double_divide(X4,X1)))) [forward demodulation 973,810]
975. double_divide(double_divide(X0,X1),double_divide(X2,X3)) = inverse(double_divide(double_divide(X4,double_divide(X0,inverse(double_divide(X2,X3)))),inverse(double_divide(X4,X1)))) [forward demodulation 974,666]
979. inverse(double_divide(X0,X2)) = inverse(inverse(inverse(double_divide(double_divide(double_divide(X4,X2),X4),X0)))) [forward demodulation 641,585]
980. inverse(double_divide(X0,X2)) = inverse(double_divide(double_divide(double_divide(X4,X2),X4),X0)) [forward demodulation 979,810]
981. inverse(double_divide(double_divide(X1,X2),inverse(double_divide(X1,inverse(X0))))) = inverse(inverse(double_divide(X0,X2))) [backward demodulation 590,980]
987. double_divide(double_divide(X1,X2),X0) = inverse(inverse(double_divide(double_divide(double_divide(X3,X0),X1),double_divide(X3,X2)))) [backward demodulation 551,980]
993. double_divide(X0,X2) = inverse(double_divide(double_divide(X1,X2),inverse(double_divide(X1,inverse(X0))))) [forward demodulation 981,810]
1029. double_divide(X2,X4) = inverse(inverse(inverse(double_divide(double_divide(double_divide(X3,inverse(inverse(double_divide(X0,inverse(double_divide(double_divide(X0,X1),X2)))))),X3),double_divide(X1,X4))))) [forward demodulation 650,585]
1030. double_divide(X2,X4) = inverse(double_divide(double_divide(double_divide(X3,inverse(inverse(double_divide(X0,inverse(double_divide(double_divide(X0,X1),X2)))))),X3),double_divide(X1,X4))) [forward demodulation 1029,810]
1031. double_divide(X2,X4) = inverse(double_divide(inverse(double_divide(double_divide(inverse(double_divide(X0,inverse(double_divide(double_divide(X0,X1),X2)))),X3),X3)),double_divide(X1,X4))) [forward demodulation 1030,585]
1032. double_divide(X2,X4) = inverse(double_divide(double_divide(inverse(double_divide(X0,inverse(double_divide(double_divide(X0,X1),X2)))),X3),inverse(double_divide(X3,double_divide(X1,X4))))) [forward demodulation 1031,666]
1033. double_divide(X2,X4) = inverse(double_divide(double_divide(X0,inverse(double_divide(inverse(double_divide(double_divide(X0,X1),X2)),X3))),inverse(double_divide(X3,double_divide(X1,X4))))) [forward demodulation 1032,666]
1034. double_divide(X2,X4) = inverse(inverse(double_divide(double_divide(double_divide(inverse(double_divide(double_divide(X0,X1),X2)),X3),inverse(double_divide(X3,double_divide(X1,X4)))),X0))) [forward demodulation 1033,585]
1035. double_divide(X2,X4) = inverse(inverse(inverse(double_divide(double_divide(double_divide(X3,double_divide(X1,X4)),X0),double_divide(inverse(double_divide(double_divide(X0,X1),X2)),X3))))) [forward demodulation 1034,585]
1036. double_divide(X2,X4) = inverse(double_divide(double_divide(double_divide(X3,double_divide(X1,X4)),X0),double_divide(inverse(double_divide(double_divide(X0,X1),X2)),X3))) [forward demodulation 1035,810]
1037. double_divide(X2,X4) = inverse(double_divide(double_divide(double_divide(X3,double_divide(X1,X4)),X0),double_divide(double_divide(X0,X1),inverse(double_divide(X2,X3))))) [forward demodulation 1036,666]
1058. inverse(double_divide(X2,X3)) = inverse(inverse(double_divide(double_divide(double_divide(X0,X1),X0),double_divide(X2,inverse(double_divide(X3,X1)))))) [forward demodulation 425,470]
1059. inverse(double_divide(X2,X3)) = inverse(inverse(double_divide(double_divide(X2,inverse(double_divide(X3,X1))),X1))) [forward demodulation 1058,980]
1060. inverse(double_divide(X2,X3)) = inverse(inverse(inverse(double_divide(double_divide(double_divide(X3,X1),X1),X2)))) [forward demodulation 1059,585]
1061. inverse(double_divide(X2,X3)) = inverse(double_divide(double_divide(double_divide(X3,X1),X1),X2)) [forward demodulation 1060,810]
1062. inverse(double_divide(X2,X3)) = inverse(double_divide(X3,X2)) [forward demodulation 1061,397]
1064. double_divide(X0,inverse(double_divide(X3,X2))) = inverse(double_divide(double_divide(X0,X3),inverse(double_divide(X1,double_divide(X1,X2))))) [backward demodulation 725,1062]
1086. double_divide(X1,inverse(X2)) = inverse(double_divide(double_divide(X1,X0),inverse(double_divide(X2,X0)))) [backward demodulation 920,1064]
1090. inverse(double_divide(X1,inverse(double_divide(X0,X2)))) = double_divide(double_divide(X1,X2),inverse(X0)) [backward demodulation 722,1086]
1095. inverse(double_divide(double_divide(X1,X0),double_divide(X2,X3))) = double_divide(X1,double_divide(double_divide(X2,X3),inverse(X0))) [backward demodulation 470,1090]
1106. double_divide(X2,X4) = inverse(inverse(double_divide(double_divide(double_divide(double_divide(X3,double_divide(X1,X4)),X0),double_divide(X2,X3)),double_divide(X0,X1)))) [backward demodulation 1037,1095]
1129. double_divide(X2,X4) = inverse(inverse(double_divide(double_divide(double_divide(X2,X3),X1),double_divide(X3,double_divide(X1,X4))))) [forward demodulation 1106,823]
1315. double_divide(X1,X2) = double_divide(X0,inverse(double_divide(double_divide(double_divide(X3,X1),inverse(double_divide(X3,X0))),X2))) [forward demodulation 334,810]
1316. double_divide(X1,X2) = double_divide(X0,inverse(inverse(double_divide(double_divide(double_divide(X3,X0),X2),double_divide(X3,X1))))) [forward demodulation 1315,585]
1317. double_divide(X1,X2) = double_divide(X0,double_divide(double_divide(X2,X1),X0)) [forward demodulation 1316,987]
1456. double_divide(double_divide(X0,X1),inverse(double_divide(X3,inverse(double_divide(inverse(X2),X1))))) = double_divide(double_divide(X2,X0),X3) [forward demodulation 369,993]
1457. double_divide(double_divide(X2,X0),X3) = double_divide(double_divide(X0,X1),double_divide(double_divide(X3,X1),inverse(inverse(X2)))) [forward demodulation 1456,1090]
1458. double_divide(double_divide(X2,X0),X3) = double_divide(double_divide(X0,X1),double_divide(double_divide(X3,X1),X2)) [forward demodulation 1457,810]
1525. double_divide(double_divide(X0,X1),X0) = X1 [superposition 818,818]
1531. double_divide(double_divide(X1,X2),inverse(X0)) = inverse(double_divide(double_divide(X4,double_divide(double_divide(double_divide(X3,X2),X3),X0)),inverse(double_divide(X4,X1)))) [superposition 9,818]
1601. double_divide(double_divide(X1,X2),inverse(X0)) = inverse(double_divide(double_divide(X4,double_divide(X2,X0)),inverse(double_divide(X4,X1)))) [forward demodulation 1531,1525]
1603. double_divide(inverse(double_divide(double_divide(X2,X3),double_divide(X0,X1))),X3) = double_divide(double_divide(X2,X0),inverse(X1)) [backward demodulation 492,1601]
1606. double_divide(double_divide(X0,X4),inverse(double_divide(double_divide(X1,X3),X4))) = double_divide(double_divide(X0,X1),inverse(X3)) [backward demodulation 506,1603]
1608. double_divide(X0,inverse(double_divide(X1,X2))) = inverse(double_divide(double_divide(X0,X1),inverse(X2))) [backward demodulation 713,1606]
1613. inverse(double_divide(double_divide(X0,X1),inverse(double_divide(X2,X1)))) = double_divide(double_divide(X3,X2),inverse(double_divide(X3,X0))) [superposition 810,9]
1615. double_divide(X0,inverse(X2)) = double_divide(double_divide(X3,X2),inverse(double_divide(X3,X0))) [forward demodulation 1613,1086]
1616. double_divide(double_divide(X0,X3),inverse(double_divide(X2,X3))) = inverse(double_divide(X0,inverse(X2))) [backward demodulation 9,1615]
1623. double_divide(double_divide(X0,X1),double_divide(X2,X3)) = inverse(double_divide(X1,inverse(double_divide(X0,inverse(double_divide(X2,X3)))))) [backward demodulation 975,1615]
1624. inverse(double_divide(double_divide(X0,X1),double_divide(X3,X2))) = inverse(double_divide(double_divide(X0,inverse(double_divide(X1,X2))),inverse(X3))) [backward demodulation 711,1615]
1628. double_divide(inverse(double_divide(double_divide(X1,X0),double_divide(double_divide(X0,X2),X3))),inverse(double_divide(X3,inverse(X2)))) = X1 [backward demodulation 50,1616]
1632. inverse(double_divide(double_divide(double_divide(double_divide(X0,X1),X2),X3),inverse(double_divide(X0,X3)))) = inverse(double_divide(X2,inverse(X1))) [backward demodulation 728,1616]
1646. inverse(double_divide(X2,inverse(X1))) = inverse(inverse(double_divide(double_divide(double_divide(X0,X1),X2),inverse(X0)))) [forward demodulation 1632,1616]
1647. inverse(double_divide(double_divide(X0,X1),inverse(double_divide(X2,X0)))) = inverse(double_divide(X2,inverse(X1))) [forward demodulation 1646,1608]
1649. double_divide(double_divide(X0,X1),double_divide(X2,X3)) = inverse(double_divide(X1,double_divide(double_divide(X0,X3),inverse(X2)))) [forward demodulation 1623,1090]
1650. double_divide(double_divide(X0,X1),double_divide(X2,X3)) = inverse(inverse(double_divide(double_divide(X1,X2),double_divide(X0,X3)))) [forward demodulation 1649,1095]
1651. inverse(double_divide(double_divide(X0,X1),double_divide(X3,X2))) = inverse(inverse(double_divide(double_divide(double_divide(X1,X2),inverse(X3)),X0))) [forward demodulation 1624,585]
1652. inverse(double_divide(double_divide(X0,X1),double_divide(X3,X2))) = inverse(inverse(inverse(double_divide(double_divide(X3,X0),double_divide(X1,X2))))) [forward demodulation 1651,585]
1653. inverse(double_divide(double_divide(X0,X1),double_divide(X3,X2))) = inverse(double_divide(double_divide(X1,X3),double_divide(X0,X2))) [forward demodulation 1652,1650]
1655. double_divide(X2,X4) = inverse(inverse(double_divide(double_divide(X1,X3),double_divide(double_divide(X2,X3),double_divide(X1,X4))))) [backward demodulation 1129,1653]
1657. inverse(double_divide(double_divide(X1,X5),X3)) = inverse(inverse(double_divide(double_divide(double_divide(X2,X5),X0),double_divide(double_divide(X0,X1),inverse(double_divide(X2,X3)))))) [backward demodulation 715,1653]
1661. double_divide(X2,X4) = inverse(inverse(double_divide(double_divide(double_divide(X1,X4),X1),X2))) [forward demodulation 1655,1458]
1662. double_divide(X2,X4) = inverse(inverse(double_divide(X4,X2))) [forward demodulation 1661,1525]
1664. inverse(double_divide(double_divide(X1,X5),X3)) = inverse(inverse(inverse(double_divide(double_divide(double_divide(double_divide(X2,X5),X0),double_divide(X2,X3)),double_divide(X0,X1))))) [forward demodulation 1657,1095]
1665. inverse(double_divide(double_divide(X1,X5),X3)) = inverse(double_divide(double_divide(X0,double_divide(double_divide(X2,X5),X0)),double_divide(double_divide(X2,X3),X1))) [forward demodulation 1664,1650]
1666. inverse(double_divide(double_divide(X1,X5),X3)) = inverse(double_divide(double_divide(X5,X2),double_divide(double_divide(X2,X3),X1))) [forward demodulation 1665,1317]
1670. double_divide(inverse(double_divide(double_divide(X3,X1),X2)),inverse(double_divide(X3,inverse(X2)))) = X1 [backward demodulation 1628,1666]
1689. inverse(double_divide(inverse(X2),X1)) = double_divide(double_divide(X0,X1),inverse(double_divide(X2,X0))) [superposition 1525,130]
1697. inverse(double_divide(X2,inverse(X1))) = inverse(inverse(double_divide(inverse(X2),X1))) [backward demodulation 1647,1689]
1699. double_divide(X1,inverse(X2)) = inverse(double_divide(X2,inverse(X1))) [forward demodulation 1697,1662]
1719. double_divide(inverse(double_divide(double_divide(X3,X1),X2)),double_divide(X2,inverse(X3))) = X1 [backward demodulation 1670,1699]
1720. double_divide(a1,inverse(a1)) != inverse(double_divide(b1,inverse(b1))) [backward demodulation 4,1699]
2742. double_divide(a1,inverse(a1)) != double_divide(b1,inverse(b1)) [superposition 1720,1699]
2971. double_divide(inverse(X0),double_divide(X1,inverse(X1))) = X0 [superposition 1719,1525]
3324. double_divide(X1,inverse(X1)) = double_divide(X0,inverse(X0)) [superposition 1525,2971]
4231. double_divide(a1,inverse(a1)) != double_divide(X0,inverse(X0)) [superposition 2742,3324]
4312. $false [subsumption resolution 4231,3324]
% SZS output end Proof for GRP593-1
% ------------------------------
% Version: Vampire 4.9 (Release build, commit 0accf6da4 on 2024-12-10 11:55:58 +0000)
% Termination reason: Refutation

% Time elapsed: 0.154 s
% Instructions burned: 459 (million)
% ------------------------------
% ------------------------------
