% Running in auto input_syntax mode. Trying TPTP
% Refutation found. Thanks to Tanya!
% SZS status Unsatisfiable for GRP511-1_clausified
% SZS output start Proof for GRP511-1_clausified
1. multiply(multiply(multiply(X0,X1),X2),inverse(multiply(X0,X2))) = X1 [input(axiom)]
2. multiply(multiply(a3,b3),c3) != multiply(a3,multiply(b3,c3)) [input(negated conjecture)]
3. inverse(multiply(X1,X2)) = multiply(multiply(X0,X3),inverse(multiply(multiply(multiply(X1,X0),X2),X3))) [superposition 1,1]
4. multiply(X0,inverse(multiply(multiply(X1,X0),inverse(multiply(X1,X2))))) = X2 [superposition 1,1]
5. multiply(multiply(multiply(multiply(multiply(X1,X0),X2),X3),inverse(multiply(X1,X2))),inverse(X0)) = X3 [superposition 1,1]
6. multiply(inverse(multiply(X1,X2)),inverse(multiply(X0,inverse(multiply(multiply(multiply(X1,X0),X2),X3))))) = X3 [superposition 4,1]
7. multiply(inverse(multiply(multiply(X1,X2),inverse(multiply(X1,X0)))),inverse(multiply(X0,inverse(multiply(X2,X3))))) = X3 [superposition 4,4]
8. inverse(multiply(X2,X3)) = multiply(X1,inverse(multiply(multiply(multiply(multiply(X2,X0),X3),X1),inverse(X0)))) [superposition 4,1]
9. inverse(multiply(multiply(X3,X2),inverse(multiply(X3,X0)))) = multiply(X1,inverse(multiply(multiply(X2,X1),inverse(X0)))) [superposition 4,4]
10. multiply(X0,inverse(multiply(X1,inverse(multiply(multiply(X3,multiply(X1,X2)),inverse(multiply(X3,X0))))))) = X2 [superposition 1,4]
11. multiply(multiply(multiply(X1,X2),inverse(multiply(multiply(X3,X1),inverse(multiply(X3,X0))))),inverse(X0)) = X2 [superposition 1,4]
12. inverse(multiply(multiply(X2,X1),inverse(multiply(X2,X0)))) = multiply(multiply(X0,X3),inverse(multiply(X1,X3))) [superposition 1,4]
13. inverse(multiply(X1,X2)) = multiply(X0,inverse(multiply(multiply(multiply(X1,multiply(multiply(X3,X0),X4)),X2),inverse(multiply(X3,X4))))) [superposition 3,1]
20. inverse(multiply(X2,inverse(multiply(multiply(multiply(X0,X2),X1),X3)))) = multiply(multiply(X3,X4),inverse(multiply(inverse(multiply(X0,X1)),X4))) [superposition 3,3]
22. inverse(multiply(X1,X2)) = multiply(multiply(X0,inverse(multiply(X1,X2))),inverse(X0)) [superposition 3,1]
27. inverse(multiply(X0,multiply(X1,inverse(multiply(multiply(X0,X1),X2))))) = X2 [superposition 4,3]
31. inverse(multiply(multiply(multiply(X0,X2),X1),X3)) = multiply(multiply(inverse(multiply(X0,X1)),X4),inverse(multiply(multiply(X2,X3),X4))) [superposition 1,3]
39. inverse(multiply(multiply(X3,multiply(X1,X2)),inverse(multiply(X3,X0)))) = inverse(multiply(X1,multiply(X2,inverse(X0)))) [superposition 27,4]
55. inverse(multiply(multiply(X4,multiply(multiply(X1,X2),X3)),inverse(multiply(X4,X0)))) = multiply(multiply(X0,inverse(multiply(X1,X3))),inverse(X2)) [superposition 5,4]
66. inverse(multiply(multiply(multiply(X1,X2),X3),inverse(multiply(X1,X3)))) = multiply(multiply(X0,inverse(X2)),inverse(X0)) [superposition 3,5]
76. inverse(X2) = multiply(multiply(X0,inverse(X2)),inverse(X0)) [forward demodulation 66,1]
79. multiply(multiply(X0,inverse(multiply(X1,X3))),inverse(X2)) = inverse(multiply(multiply(X1,X2),multiply(X3,inverse(X0)))) [forward demodulation 55,39]
81. multiply(multiply(X3,X0),inverse(X3)) = X0 [superposition 76,27]
82. inverse(multiply(X1,X2)) = multiply(X0,inverse(multiply(multiply(X1,X0),X2))) [superposition 76,1]
83. inverse(multiply(multiply(multiply(X0,X2),X1),X3)) = multiply(inverse(multiply(X0,X1)),inverse(multiply(X2,X3))) [superposition 76,3]
153. inverse(multiply(X1,X0)) = multiply(multiply(X2,inverse(multiply(X1,X2))),inverse(X0)) [superposition 3,81]
155. inverse(X1) = multiply(X0,inverse(multiply(X1,X0))) [superposition 76,81]
169. inverse(multiply(X1,X0)) = multiply(inverse(X1),inverse(X0)) [forward demodulation 153,155]
183. multiply(X0,inverse(multiply(X3,inverse(multiply(multiply(multiply(X1,X3),multiply(X2,inverse(multiply(multiply(X1,X2),X0)))),X4))))) = X4 [superposition 6,27]
217. inverse(multiply(X4,inverse(multiply(multiply(multiply(X2,X4),X3),X0)))) = multiply(X1,inverse(multiply(multiply(inverse(multiply(X2,X3)),X1),inverse(X0)))) [superposition 4,6]
222. inverse(multiply(X3,inverse(multiply(multiply(multiply(X1,X3),X2),X0)))) = multiply(X0,inverse(inverse(multiply(X1,X2)))) [superposition 81,6]
226. inverse(multiply(X4,inverse(multiply(multiply(multiply(X2,X4),X3),X0)))) = inverse(multiply(inverse(multiply(X2,X3)),inverse(X0))) [forward demodulation 217,82]
251. multiply(X0,multiply(X4,inverse(inverse(multiply(X1,multiply(X2,inverse(multiply(multiply(X1,X2),X0)))))))) = X4 [forward demodulation 183,222]
260. inverse(multiply(X4,inverse(multiply(multiply(multiply(X2,X4),X3),X0)))) = inverse(inverse(multiply(multiply(X2,X3),X0))) [forward demodulation 226,169]
277. multiply(X0,multiply(X4,inverse(X0))) = X4 [forward demodulation 251,27]
281. multiply(X0,inverse(inverse(multiply(X2,X3)))) = inverse(inverse(multiply(multiply(X2,X3),X0))) [forward demodulation 260,222]
290. multiply(X0,inverse(X1)) = multiply(multiply(X0,X2),inverse(multiply(X1,X2))) [superposition 1,277]
295. multiply(X1,inverse(multiply(multiply(X2,X1),inverse(X0)))) = multiply(X0,inverse(X2)) [superposition 4,277]
304. multiply(X0,inverse(multiply(X1,X2))) = inverse(multiply(X1,multiply(X2,inverse(X0)))) [superposition 27,277]
308. multiply(multiply(X0,inverse(multiply(X1,X3))),inverse(X2)) = multiply(X0,inverse(multiply(multiply(X1,X2),X3))) [superposition 5,277]
317. multiply(X0,inverse(X2)) = inverse(multiply(X2,inverse(X0))) [forward demodulation 295,82]
335. inverse(multiply(multiply(X1,X0),X2)) = multiply(X3,inverse(multiply(multiply(multiply(X0,X2),X3),inverse(inverse(X1))))) [superposition 8,81]
345. inverse(multiply(X1,multiply(X0,inverse(multiply(X1,X2))))) = multiply(X3,inverse(multiply(multiply(X0,X3),inverse(X2)))) [superposition 8,277]
359. inverse(X2) = inverse(multiply(multiply(multiply(X0,X2),X1),inverse(multiply(X0,X1)))) [superposition 27,8]
405. inverse(X2) = multiply(multiply(X0,X1),inverse(multiply(multiply(X0,X2),X1))) [forward demodulation 359,317]
416. inverse(multiply(X1,multiply(X0,inverse(multiply(X1,X2))))) = inverse(multiply(X0,inverse(X2))) [forward demodulation 345,82]
425. inverse(multiply(multiply(X1,X0),X2)) = inverse(multiply(multiply(X0,X2),inverse(inverse(X1)))) [forward demodulation 335,82]
452. inverse(X2) = multiply(X0,inverse(multiply(X0,X2))) [forward demodulation 405,290]
459. multiply(X2,inverse(X0)) = inverse(multiply(X1,multiply(X0,inverse(multiply(X1,X2))))) [forward demodulation 416,317]
468. inverse(multiply(multiply(X1,X0),X2)) = multiply(inverse(X1),inverse(multiply(X0,X2))) [forward demodulation 425,317]
491. multiply(multiply(X1,X2),inverse(multiply(X1,X0))) = multiply(X2,inverse(X0)) [forward demodulation 459,304]
498. inverse(multiply(multiply(X1,X0),X2)) = inverse(multiply(X1,multiply(X0,X2))) [forward demodulation 468,169]
557. inverse(inverse(multiply(X1,X0))) = multiply(X1,inverse(inverse(X0))) [superposition 452,452]
562. inverse(inverse(X1)) = multiply(multiply(X1,X0),inverse(X0)) [superposition 452,81]
564. multiply(X2,X0) = inverse(multiply(X1,inverse(multiply(multiply(X2,X1),X0)))) [superposition 452,27]
567. multiply(multiply(X1,X0),inverse(X0)) = X1 [superposition 277,452]
587. inverse(multiply(X1,inverse(multiply(multiply(X1,X2),X0)))) = multiply(multiply(X2,X3),inverse(multiply(inverse(X0),X3))) [superposition 3,452]
599. multiply(X2,inverse(inverse(X0))) = inverse(multiply(X1,inverse(multiply(multiply(X1,X2),X0)))) [forward demodulation 587,290]
616. multiply(X2,X0) = multiply(multiply(multiply(X2,X1),X0),inverse(X1)) [forward demodulation 564,317]
617. inverse(inverse(X1)) = X1 [forward demodulation 562,567]
630. multiply(X2,inverse(inverse(X0))) = multiply(multiply(multiply(X1,X2),X0),inverse(X1)) [forward demodulation 599,317]
650. multiply(X2,X0) = multiply(multiply(multiply(X1,X2),X0),inverse(X1)) [forward demodulation 630,617]
681. multiply(X0,inverse(X2)) = multiply(X1,inverse(multiply(X2,inverse(multiply(multiply(X3,X0),inverse(multiply(X3,X1))))))) [superposition 10,277]
720. multiply(X3,inverse(X0)) = inverse(inverse(multiply(X1,inverse(multiply(multiply(X2,multiply(X1,X0)),inverse(multiply(X2,X3))))))) [superposition 452,10]
744. multiply(X3,inverse(X0)) = multiply(X1,inverse(inverse(inverse(multiply(multiply(X2,multiply(X1,X0)),inverse(multiply(X2,X3))))))) [forward demodulation 720,557]
780. multiply(X0,inverse(X2)) = multiply(X1,multiply(multiply(multiply(X3,X0),inverse(multiply(X3,X1))),inverse(X2))) [forward demodulation 681,317]
802. multiply(X3,inverse(X0)) = multiply(X1,inverse(multiply(multiply(X2,multiply(X1,X0)),inverse(multiply(X2,X3))))) [forward demodulation 744,617]
836. multiply(X0,inverse(X2)) = multiply(X1,multiply(multiply(X3,X0),inverse(multiply(multiply(X3,X2),X1)))) [forward demodulation 780,308]
857. multiply(X3,inverse(X0)) = multiply(X1,multiply(multiply(X2,X3),inverse(multiply(X2,multiply(X1,X0))))) [forward demodulation 802,317]
887. multiply(X0,inverse(X2)) = multiply(X1,multiply(multiply(X3,X0),inverse(multiply(X3,multiply(X2,X1))))) [forward demodulation 836,498]
908. multiply(X3,inverse(X0)) = multiply(X1,multiply(X3,inverse(multiply(X1,X0)))) [forward demodulation 857,491]
936. multiply(X0,inverse(X2)) = multiply(X1,multiply(X0,inverse(multiply(X2,X1)))) [forward demodulation 887,491]
1114. inverse(multiply(multiply(X1,X0),inverse(X2))) = multiply(multiply(inverse(multiply(multiply(X3,X1),inverse(multiply(X3,X2)))),X4),inverse(multiply(X0,X4))) [superposition 3,11]
1162. inverse(multiply(multiply(X1,X0),inverse(X2))) = multiply(inverse(multiply(multiply(X3,X1),inverse(multiply(X3,X2)))),inverse(X0)) [forward demodulation 1114,290]
1235. inverse(multiply(multiply(X1,X0),inverse(X2))) = inverse(multiply(multiply(multiply(X3,X1),inverse(multiply(X3,X2))),X0)) [forward demodulation 1162,169]
1304. inverse(multiply(multiply(X1,X0),inverse(X2))) = inverse(multiply(multiply(X3,X1),multiply(inverse(multiply(X3,X2)),X0))) [forward demodulation 1235,498]
1362. inverse(multiply(multiply(X1,X0),inverse(X2))) = inverse(multiply(X3,multiply(X1,multiply(inverse(multiply(X3,X2)),X0)))) [forward demodulation 1304,498]
1418. inverse(multiply(X3,multiply(X1,multiply(inverse(multiply(X3,X2)),X0)))) = multiply(X2,inverse(multiply(X1,X0))) [forward demodulation 1362,317]
1681. inverse(multiply(inverse(multiply(X0,X1)),inverse(multiply(multiply(X2,inverse(multiply(X0,X1))),X3)))) = multiply(multiply(X3,X4),inverse(multiply(inverse(X2),X4))) [superposition 12,22]
1717. inverse(multiply(multiply(X2,X3),inverse(multiply(X2,multiply(X4,inverse(multiply(X0,X1))))))) = multiply(inverse(multiply(X0,X1)),inverse(multiply(X3,inverse(X4)))) [superposition 12,22]
1718. inverse(multiply(multiply(X1,X2),inverse(multiply(X1,multiply(X3,X0))))) = multiply(X0,inverse(multiply(X2,inverse(X3)))) [superposition 12,81]
1721. inverse(multiply(multiply(X1,X2),inverse(multiply(X1,multiply(multiply(X3,X0),X4))))) = multiply(X0,inverse(multiply(X2,inverse(multiply(X3,X4))))) [superposition 12,1]
1931. inverse(multiply(multiply(X1,X2),inverse(multiply(X1,multiply(multiply(X3,X0),X4))))) = multiply(X0,multiply(multiply(X3,X4),inverse(X2))) [forward demodulation 1721,317]
1934. inverse(multiply(multiply(X1,X2),inverse(multiply(X1,multiply(X3,X0))))) = multiply(X0,multiply(X3,inverse(X2))) [forward demodulation 1718,317]
1935. inverse(multiply(multiply(X2,X3),inverse(multiply(X2,multiply(X4,inverse(multiply(X0,X1))))))) = inverse(multiply(multiply(multiply(X0,X3),X1),inverse(X4))) [forward demodulation 1717,83]
1969. inverse(multiply(inverse(multiply(X0,X1)),inverse(multiply(multiply(X2,inverse(multiply(X0,X1))),X3)))) = multiply(X3,inverse(inverse(X2))) [forward demodulation 1681,290]
2063. multiply(X0,multiply(multiply(X3,X4),inverse(X2))) = multiply(multiply(X1,multiply(multiply(X3,X0),X4)),inverse(multiply(X1,X2))) [forward demodulation 1931,317]
2066. multiply(X0,multiply(X3,inverse(X2))) = multiply(multiply(X1,multiply(X3,X0)),inverse(multiply(X1,X2))) [forward demodulation 1934,317]
2067. inverse(multiply(multiply(X2,X3),inverse(multiply(X2,multiply(X4,inverse(multiply(X0,X1))))))) = multiply(X4,inverse(multiply(multiply(X0,X3),X1))) [forward demodulation 1935,317]
2099. multiply(X3,X2) = inverse(multiply(inverse(multiply(X0,X1)),inverse(multiply(multiply(X2,inverse(multiply(X0,X1))),X3)))) [forward demodulation 1969,617]
2176. multiply(X0,multiply(multiply(X3,X4),inverse(X2))) = multiply(multiply(multiply(X3,X0),X4),inverse(X2)) [forward demodulation 2063,491]
2179. multiply(X0,multiply(X3,inverse(X2))) = multiply(multiply(X3,X0),inverse(X2)) [forward demodulation 2066,491]
2180. inverse(multiply(multiply(X2,X3),inverse(multiply(X2,multiply(X4,inverse(multiply(X0,X1))))))) = multiply(X4,inverse(multiply(X0,multiply(X3,X1)))) [forward demodulation 2067,498]
2209. multiply(X3,X2) = multiply(multiply(multiply(X2,inverse(multiply(X0,X1))),X3),inverse(inverse(multiply(X0,X1)))) [forward demodulation 2099,317]
2276. multiply(X4,inverse(multiply(X0,multiply(X3,X1)))) = multiply(multiply(X2,multiply(X4,inverse(multiply(X0,X1)))),inverse(multiply(X2,X3))) [forward demodulation 2180,317]
2300. multiply(X2,X3) = multiply(X3,X2) [forward demodulation 2209,616]
2355. multiply(X4,inverse(multiply(X0,multiply(X3,X1)))) = multiply(multiply(X4,inverse(multiply(X0,X1))),inverse(X3)) [forward demodulation 2276,491]
2422. multiply(X4,inverse(multiply(X0,multiply(X3,X1)))) = multiply(inverse(multiply(X0,X1)),multiply(X4,inverse(X3))) [forward demodulation 2355,2179]
2728. multiply(X0,multiply(inverse(X0),X1)) = X1 [superposition 277,2300]
2756. multiply(a3,multiply(b3,c3)) != multiply(c3,multiply(a3,b3)) [superposition 2,2300]
3223. inverse(multiply(multiply(inverse(multiply(multiply(X1,X2),inverse(multiply(X1,X3)))),X4),inverse(X0))) = multiply(multiply(inverse(multiply(X3,inverse(multiply(X2,X0)))),X5),inverse(multiply(X4,X5))) [superposition 12,7]
3239. inverse(multiply(multiply(inverse(multiply(multiply(X1,X2),inverse(multiply(X1,X3)))),X4),inverse(X0))) = multiply(inverse(multiply(X3,inverse(multiply(X2,X0)))),inverse(X4)) [forward demodulation 3223,290]
3352. inverse(multiply(multiply(inverse(multiply(multiply(X1,X2),inverse(multiply(X1,X3)))),X4),inverse(X0))) = inverse(multiply(multiply(X3,inverse(multiply(X2,X0))),X4)) [forward demodulation 3239,169]
3464. inverse(multiply(multiply(inverse(multiply(multiply(X1,X2),inverse(multiply(X1,X3)))),X4),inverse(X0))) = inverse(multiply(X3,multiply(inverse(multiply(X2,X0)),X4))) [forward demodulation 3352,498]
3575. multiply(X0,inverse(multiply(inverse(multiply(multiply(X1,X2),inverse(multiply(X1,X3)))),X4))) = inverse(multiply(X3,multiply(inverse(multiply(X2,X0)),X4))) [forward demodulation 3464,317]
3684. inverse(multiply(X3,multiply(inverse(multiply(X2,X0)),X4))) = multiply(X0,inverse(multiply(multiply(multiply(X1,X3),inverse(multiply(X1,X2))),X4))) [forward demodulation 3575,317]
3788. inverse(multiply(X3,multiply(inverse(multiply(X2,X0)),X4))) = multiply(X0,inverse(multiply(multiply(X1,X3),multiply(inverse(multiply(X1,X2)),X4)))) [forward demodulation 3684,498]
3878. inverse(multiply(X3,multiply(inverse(multiply(X2,X0)),X4))) = multiply(X0,inverse(multiply(X1,multiply(X3,multiply(inverse(multiply(X1,X2)),X4))))) [forward demodulation 3788,498]
3955. inverse(multiply(X3,multiply(inverse(multiply(X2,X0)),X4))) = multiply(X0,multiply(X2,inverse(multiply(X3,X4)))) [forward demodulation 3878,1418]
4219. inverse(multiply(inverse(multiply(multiply(X0,X1),inverse(multiply(X0,X2)))),inverse(multiply(multiply(X2,X3),X4)))) = multiply(X5,inverse(multiply(multiply(inverse(multiply(X1,X3)),X5),inverse(X4)))) [superposition 9,12]
4273. inverse(multiply(multiply(X1,inverse(multiply(X2,X3))),inverse(multiply(X1,X4)))) = multiply(inverse(multiply(X5,inverse(multiply(multiply(multiply(X2,X5),X3),X0)))),inverse(multiply(X0,inverse(X4)))) [superposition 9,6]
4289. multiply(X4,inverse(inverse(multiply(X0,X1)))) = inverse(multiply(multiply(X2,X3),inverse(multiply(X2,multiply(multiply(multiply(X0,X3),X1),X4))))) [superposition 9,3]
4367. inverse(multiply(multiply(X3,X4),inverse(inverse(multiply(multiply(X0,X1),inverse(multiply(X0,X2))))))) = multiply(multiply(inverse(multiply(multiply(X1,X3),inverse(X2))),X5),inverse(multiply(X4,X5))) [superposition 12,9]
4404. inverse(multiply(multiply(X3,X4),inverse(inverse(multiply(multiply(X0,X1),inverse(multiply(X0,X2))))))) = multiply(inverse(multiply(multiply(X1,X3),inverse(X2))),inverse(X4)) [forward demodulation 4367,290]
4476. multiply(X4,inverse(inverse(multiply(X0,X1)))) = multiply(multiply(X2,multiply(multiply(multiply(X0,X3),X1),X4)),inverse(multiply(X2,X3))) [forward demodulation 4289,317]
4492. inverse(multiply(multiply(X1,inverse(multiply(X2,X3))),inverse(multiply(X1,X4)))) = inverse(multiply(multiply(multiply(X5,X0),inverse(multiply(multiply(multiply(X2,X5),X3),X0))),inverse(X4))) [forward demodulation 4273,83]
4545. inverse(multiply(inverse(multiply(multiply(X0,X1),inverse(multiply(X0,X2)))),inverse(multiply(multiply(X2,X3),X4)))) = inverse(multiply(inverse(multiply(X1,X3)),inverse(X4))) [forward demodulation 4219,82]
4570. inverse(multiply(multiply(X3,X4),inverse(inverse(multiply(multiply(X0,X1),inverse(multiply(X0,X2))))))) = inverse(multiply(multiply(multiply(X1,X3),inverse(X2)),X4)) [forward demodulation 4404,169]
4642. multiply(X4,inverse(inverse(multiply(X0,X1)))) = multiply(multiply(multiply(multiply(X0,X3),X1),X4),inverse(X3)) [forward demodulation 4476,491]
4655. inverse(multiply(multiply(X1,inverse(multiply(X2,X3))),inverse(multiply(X1,X4)))) = multiply(X4,inverse(multiply(multiply(X5,X0),inverse(multiply(multiply(multiply(X2,X5),X3),X0))))) [forward demodulation 4492,317]
4705. inverse(multiply(inverse(multiply(multiply(X0,X1),inverse(multiply(X0,X2)))),inverse(multiply(multiply(X2,X3),X4)))) = multiply(X4,inverse(inverse(multiply(X1,X3)))) [forward demodulation 4545,317]
4730. inverse(multiply(multiply(X3,X4),inverse(inverse(multiply(multiply(X0,X1),inverse(multiply(X0,X2))))))) = inverse(multiply(multiply(X1,X3),multiply(inverse(X2),X4))) [forward demodulation 4570,498]
4794. multiply(X4,inverse(inverse(multiply(X0,X1)))) = multiply(X1,multiply(multiply(multiply(X0,X3),X4),inverse(X3))) [forward demodulation 4642,2176]
4804. inverse(multiply(multiply(X1,inverse(multiply(X2,X3))),inverse(multiply(X1,X4)))) = multiply(X4,multiply(multiply(multiply(multiply(X2,X5),X3),X0),inverse(multiply(X5,X0)))) [forward demodulation 4655,317]
4850. inverse(multiply(inverse(multiply(multiply(X0,X1),inverse(multiply(X0,X2)))),inverse(multiply(multiply(X2,X3),X4)))) = multiply(X4,multiply(X1,inverse(inverse(X3)))) [forward demodulation 4705,557]
4874. inverse(multiply(multiply(X3,X4),inverse(inverse(multiply(multiply(X0,X1),inverse(multiply(X0,X2))))))) = inverse(multiply(X1,multiply(X3,multiply(inverse(X2),X4)))) [forward demodulation 4730,498]
4934. multiply(X4,inverse(inverse(multiply(X0,X1)))) = multiply(X1,multiply(X0,X4)) [forward demodulation 4794,616]
4942. inverse(multiply(multiply(X1,inverse(multiply(X2,X3))),inverse(multiply(X1,X4)))) = multiply(X4,multiply(X3,multiply(multiply(multiply(X2,X5),X0),inverse(multiply(X5,X0))))) [forward demodulation 4804,2176]
4987. inverse(multiply(inverse(multiply(multiply(X0,X1),inverse(multiply(X0,X2)))),inverse(multiply(multiply(X2,X3),X4)))) = multiply(X4,multiply(X1,X3)) [forward demodulation 4850,617]
5010. multiply(inverse(multiply(multiply(X0,X1),inverse(multiply(X0,X2)))),inverse(multiply(X3,X4))) = inverse(multiply(X1,multiply(X3,multiply(inverse(X2),X4)))) [forward demodulation 4874,317]
5065. multiply(X1,multiply(X0,X4)) = multiply(X4,multiply(X0,inverse(inverse(X1)))) [forward demodulation 4934,557]
5071. inverse(multiply(multiply(X1,inverse(multiply(X2,X3))),inverse(multiply(X1,X4)))) = multiply(X4,multiply(X3,multiply(X5,multiply(multiply(X2,X0),inverse(multiply(X5,X0)))))) [forward demodulation 4942,2176]
5105. multiply(multiply(multiply(X2,X3),X4),inverse(inverse(multiply(multiply(X0,X1),inverse(multiply(X0,X2)))))) = multiply(X4,multiply(X1,X3)) [forward demodulation 4987,317]
5127. inverse(multiply(multiply(multiply(multiply(X0,X1),X3),inverse(multiply(X0,X2))),X4)) = inverse(multiply(X1,multiply(X3,multiply(inverse(X2),X4)))) [forward demodulation 5010,83]
5174. multiply(X1,multiply(X0,X4)) = multiply(X4,multiply(X0,X1)) [forward demodulation 5065,617]
5179. inverse(multiply(multiply(X1,inverse(multiply(X2,X3))),inverse(multiply(X1,X4)))) = multiply(X4,multiply(X3,multiply(multiply(X2,X0),inverse(X0)))) [forward demodulation 5071,908]
5207. multiply(X4,multiply(X1,X3)) = multiply(X3,multiply(multiply(X2,X4),inverse(inverse(multiply(multiply(X0,X1),inverse(multiply(X0,X2))))))) [forward demodulation 5105,2176]
5226. inverse(multiply(multiply(multiply(X0,X1),X3),multiply(inverse(multiply(X0,X2)),X4))) = inverse(multiply(X1,multiply(X3,multiply(inverse(X2),X4)))) [forward demodulation 5127,498]
5270. multiply(X4,multiply(X3,X2)) = inverse(multiply(multiply(X1,inverse(multiply(X2,X3))),inverse(multiply(X1,X4)))) [forward demodulation 5179,567]
5297. multiply(X4,multiply(X1,X3)) = multiply(X3,multiply(X4,multiply(X2,inverse(inverse(multiply(multiply(X0,X1),inverse(multiply(X0,X2)))))))) [forward demodulation 5207,2179]
5312. multiply(X2,multiply(X0,inverse(multiply(multiply(multiply(X0,X1),X3),X4)))) = inverse(multiply(X1,multiply(X3,multiply(inverse(X2),X4)))) [forward demodulation 5226,3955]
5348. multiply(X4,multiply(X3,X2)) = multiply(multiply(X1,X4),inverse(multiply(X1,inverse(multiply(X2,X3))))) [forward demodulation 5270,317]
5372. multiply(X4,multiply(X1,X3)) = multiply(X3,multiply(X4,multiply(X2,multiply(inverse(multiply(X0,X2)),inverse(inverse(multiply(X0,X1))))))) [forward demodulation 5297,281]
5382. multiply(X2,multiply(X0,inverse(multiply(multiply(X0,X1),multiply(X3,X4))))) = inverse(multiply(X1,multiply(X3,multiply(inverse(X2),X4)))) [forward demodulation 5312,498]
5414. multiply(X4,multiply(X3,X2)) = multiply(X4,inverse(inverse(multiply(X2,X3)))) [forward demodulation 5348,491]
5435. multiply(X4,multiply(X1,X3)) = multiply(X3,multiply(X4,multiply(X2,inverse(multiply(multiply(X0,X2),inverse(multiply(X0,X1))))))) [forward demodulation 5372,169]
5443. inverse(multiply(X1,multiply(X3,multiply(inverse(X2),X4)))) = multiply(X2,multiply(X0,inverse(multiply(X0,multiply(X1,multiply(X3,X4)))))) [forward demodulation 5382,498]
5472. multiply(X4,multiply(X3,X2)) = multiply(X4,multiply(X2,inverse(inverse(X3)))) [forward demodulation 5414,557]
5490. multiply(X4,multiply(X1,X3)) = multiply(X3,multiply(X4,X1)) [forward demodulation 5435,4]
5496. inverse(multiply(X1,multiply(X3,multiply(inverse(X2),X4)))) = multiply(X2,inverse(multiply(X1,multiply(X3,X4)))) [forward demodulation 5443,452]
5521. multiply(X4,multiply(X3,X2)) = multiply(X4,multiply(X2,X3)) [forward demodulation 5472,617]
5604. multiply(multiply(X1,X0),X2) = multiply(X0,inverse(inverse(multiply(X1,X2)))) [superposition 567,1]
5737. multiply(multiply(X1,X0),X2) = multiply(X0,multiply(X1,inverse(inverse(X2)))) [forward demodulation 5604,557]
5788. multiply(multiply(X1,X0),X2) = multiply(X0,multiply(X1,X2)) [forward demodulation 5737,617]
6007. multiply(multiply(X1,X3),multiply(X2,inverse(X0))) = inverse(multiply(multiply(X0,inverse(multiply(X1,X2))),inverse(X3))) [superposition 617,79]
6010. multiply(multiply(X1,X3),multiply(X2,inverse(X0))) = multiply(X3,inverse(multiply(X0,inverse(multiply(X1,X2))))) [forward demodulation 6007,317]
6083. multiply(multiply(X1,X3),multiply(X2,inverse(X0))) = multiply(X3,multiply(multiply(X1,X2),inverse(X0))) [forward demodulation 6010,317]
6154. multiply(multiply(X1,X3),multiply(X2,inverse(X0))) = multiply(X3,multiply(X2,multiply(X1,inverse(X0)))) [forward demodulation 6083,2179]
6224. multiply(X3,multiply(X1,multiply(X2,inverse(X0)))) = multiply(X3,multiply(X2,multiply(X1,inverse(X0)))) [forward demodulation 6154,5788]
8803. inverse(multiply(X1,inverse(multiply(multiply(X1,multiply(multiply(X2,X3),X4)),X0)))) = multiply(X3,inverse(multiply(inverse(X0),inverse(multiply(X2,X4))))) [superposition 13,452]
8991. inverse(multiply(X1,inverse(multiply(multiply(X1,multiply(multiply(X2,X3),X4)),X0)))) = multiply(X3,multiply(multiply(X2,X4),inverse(inverse(X0)))) [forward demodulation 8803,317]
9147. inverse(multiply(X1,inverse(multiply(multiply(X1,multiply(multiply(X2,X3),X4)),X0)))) = multiply(X3,multiply(X4,multiply(X2,inverse(inverse(X0))))) [forward demodulation 8991,2179]
9300. inverse(multiply(X1,inverse(multiply(multiply(X1,multiply(multiply(X2,X3),X4)),X0)))) = multiply(X3,multiply(X4,multiply(X2,X0))) [forward demodulation 9147,617]
9445. multiply(X3,multiply(X4,multiply(X2,X0))) = multiply(multiply(multiply(X1,multiply(multiply(X2,X3),X4)),X0),inverse(X1)) [forward demodulation 9300,317]
9579. multiply(multiply(multiply(X2,X3),X4),X0) = multiply(X3,multiply(X4,multiply(X2,X0))) [forward demodulation 9445,650]
9707. multiply(X4,multiply(multiply(X2,X3),X0)) = multiply(X3,multiply(X4,multiply(X2,X0))) [forward demodulation 9579,5788]
9826. multiply(X3,multiply(X4,multiply(X2,X0))) = multiply(X4,multiply(X3,multiply(X2,X0))) [forward demodulation 9707,5788]
14811. multiply(multiply(multiply(multiply(X1,X3),X4),inverse(multiply(X5,multiply(inverse(multiply(X0,X2)),X4)))),inverse(X6)) = inverse(multiply(multiply(X5,X6),inverse(multiply(multiply(multiply(X0,X1),X2),X3)))) [superposition 79,31]
14894. multiply(multiply(multiply(multiply(X1,X3),X4),inverse(multiply(X5,multiply(inverse(multiply(X0,X2)),X4)))),inverse(X6)) = multiply(multiply(multiply(multiply(X0,X1),X2),X3),inverse(multiply(X5,X6))) [forward demodulation 14811,317]
15070. multiply(multiply(multiply(multiply(X1,X3),X4),inverse(multiply(X5,multiply(inverse(multiply(X0,X2)),X4)))),inverse(X6)) = multiply(X2,multiply(multiply(multiply(X0,X1),X3),inverse(multiply(X5,X6)))) [forward demodulation 14894,2176]
15242. multiply(multiply(multiply(multiply(X1,X3),X4),inverse(multiply(X5,multiply(inverse(multiply(X0,X2)),X4)))),inverse(X6)) = multiply(X2,multiply(X1,multiply(multiply(X0,X3),inverse(multiply(X5,X6))))) [forward demodulation 15070,2176]
15405. multiply(multiply(multiply(multiply(X1,X3),X4),inverse(multiply(X5,multiply(inverse(multiply(X0,X2)),X4)))),inverse(X6)) = multiply(X2,multiply(X1,multiply(X3,multiply(X0,inverse(multiply(X5,X6)))))) [forward demodulation 15242,2179]
15563. multiply(X2,multiply(X1,multiply(X3,multiply(X0,inverse(multiply(X5,X6)))))) = multiply(X4,multiply(multiply(multiply(X1,X3),inverse(multiply(X5,multiply(inverse(multiply(X0,X2)),X4)))),inverse(X6))) [forward demodulation 15405,2176]
15713. multiply(X2,multiply(X1,multiply(X3,multiply(X0,inverse(multiply(X5,X6)))))) = multiply(X4,multiply(X3,multiply(multiply(X1,inverse(multiply(X5,multiply(inverse(multiply(X0,X2)),X4)))),inverse(X6)))) [forward demodulation 15563,2176]
15851. multiply(X2,multiply(X1,multiply(X3,multiply(X0,inverse(multiply(X5,X6)))))) = multiply(X4,multiply(X3,multiply(inverse(multiply(X5,multiply(inverse(multiply(X0,X2)),X4))),multiply(X1,inverse(X6))))) [forward demodulation 15713,2179]
15978. multiply(X2,multiply(X1,multiply(X3,multiply(X0,inverse(multiply(X5,X6)))))) = multiply(X4,multiply(X3,multiply(X1,inverse(multiply(X5,multiply(X6,multiply(inverse(multiply(X0,X2)),X4))))))) [forward demodulation 15851,2422]
16094. multiply(X2,multiply(X1,multiply(X3,multiply(X0,inverse(multiply(X5,X6)))))) = multiply(X4,multiply(X3,multiply(X1,multiply(multiply(X0,X2),inverse(multiply(X5,multiply(X6,X4))))))) [forward demodulation 15978,5496]
16199. multiply(X2,multiply(X1,multiply(X3,multiply(X0,inverse(multiply(X5,X6)))))) = multiply(X4,multiply(X3,multiply(X1,multiply(X2,multiply(X0,inverse(multiply(X5,multiply(X6,X4)))))))) [forward demodulation 16094,2179]
25343. inverse(multiply(X1,inverse(multiply(multiply(multiply(X2,X1),X3),X4)))) = multiply(X0,inverse(multiply(inverse(multiply(X2,X3)),inverse(multiply(X5,inverse(multiply(multiply(X6,multiply(X5,X0)),inverse(multiply(X6,X4))))))))) [superposition 20,10]
25797. inverse(multiply(X1,inverse(multiply(multiply(multiply(X2,X1),X3),X4)))) = multiply(X0,multiply(multiply(X5,inverse(multiply(multiply(X6,multiply(X5,X0)),inverse(multiply(X6,X4))))),inverse(inverse(multiply(X2,X3))))) [forward demodulation 25343,317]
26141. inverse(multiply(X1,inverse(multiply(multiply(multiply(X2,X1),X3),X4)))) = multiply(X0,multiply(inverse(multiply(multiply(X6,multiply(X5,X0)),inverse(multiply(X6,X4)))),multiply(X5,inverse(inverse(multiply(X2,X3)))))) [forward demodulation 25797,2179]
26472. inverse(multiply(X1,inverse(multiply(multiply(multiply(X2,X1),X3),X4)))) = multiply(X0,multiply(X5,multiply(inverse(multiply(multiply(X6,multiply(X5,X0)),inverse(multiply(X6,X4)))),inverse(inverse(multiply(X2,X3)))))) [forward demodulation 26141,6224]
26790. inverse(multiply(X1,inverse(multiply(multiply(multiply(X2,X1),X3),X4)))) = multiply(X0,multiply(X5,inverse(multiply(multiply(multiply(X6,multiply(X5,X0)),inverse(multiply(X6,X4))),inverse(multiply(X2,X3)))))) [forward demodulation 26472,169]
27093. inverse(multiply(X1,inverse(multiply(multiply(multiply(X2,X1),X3),X4)))) = multiply(X0,multiply(X5,multiply(multiply(X2,X3),inverse(multiply(multiply(X6,multiply(X5,X0)),inverse(multiply(X6,X4))))))) [forward demodulation 26790,317]
27382. inverse(multiply(X1,inverse(multiply(multiply(multiply(X2,X1),X3),X4)))) = multiply(X0,multiply(X5,multiply(X3,multiply(X2,inverse(multiply(multiply(X6,multiply(X5,X0)),inverse(multiply(X6,X4)))))))) [forward demodulation 27093,2179]
27655. inverse(multiply(X1,inverse(multiply(multiply(multiply(X2,X1),X3),X4)))) = multiply(X0,multiply(X5,multiply(X3,multiply(X2,multiply(multiply(X6,X4),inverse(multiply(X6,multiply(X5,X0)))))))) [forward demodulation 27382,317]
27912. inverse(multiply(X1,inverse(multiply(multiply(multiply(X2,X1),X3),X4)))) = multiply(X2,multiply(X3,multiply(X5,multiply(multiply(X6,X4),inverse(multiply(X6,X5)))))) [forward demodulation 27655,16199]
28143. inverse(multiply(X1,inverse(multiply(multiply(multiply(X2,X1),X3),X4)))) = multiply(X2,multiply(X3,multiply(multiply(X6,X4),inverse(X6)))) [forward demodulation 27912,936]
28352. inverse(multiply(X1,inverse(multiply(multiply(multiply(X2,X1),X3),X4)))) = multiply(X2,multiply(X3,multiply(inverse(X6),multiply(X6,X4)))) [forward demodulation 28143,5521]
28539. inverse(multiply(X1,inverse(multiply(multiply(multiply(X2,X1),X3),X4)))) = multiply(X2,multiply(X3,multiply(X6,multiply(X4,inverse(X6))))) [forward demodulation 28352,5490]
28702. multiply(X2,multiply(X3,X4)) = inverse(multiply(X1,inverse(multiply(multiply(multiply(X2,X1),X3),X4)))) [forward demodulation 28539,277]
28841. multiply(X2,multiply(X3,X4)) = multiply(multiply(multiply(multiply(X2,X1),X3),X4),inverse(X1)) [forward demodulation 28702,317]
28958. multiply(X2,multiply(X3,X4)) = multiply(X3,multiply(multiply(multiply(X2,X1),X4),inverse(X1))) [forward demodulation 28841,2176]
29061. multiply(X2,multiply(X3,X4)) = multiply(X3,multiply(inverse(X1),multiply(multiply(X2,X1),X4))) [forward demodulation 28958,5521]
29148. multiply(X2,multiply(X3,X4)) = multiply(X3,multiply(inverse(X1),multiply(X1,multiply(X2,X4)))) [forward demodulation 29061,5788]
29216. multiply(X2,multiply(X3,X4)) = multiply(X3,multiply(X1,multiply(inverse(X1),multiply(X2,X4)))) [forward demodulation 29148,9826]
29271. multiply(X2,multiply(X3,X4)) = multiply(X3,multiply(X2,X4)) [forward demodulation 29216,2728]
209643. multiply(a3,multiply(b3,c3)) != multiply(b3,multiply(a3,c3)) [superposition 2756,5174]
209644. $false [forward subsumption resolution 209643,29271]
% SZS output end Proof for GRP511-1_clausified
% ------------------------------
% Version: Vampire 5.0.0 (Release build, commit 2e2c9b7b8 on 2026-01-17 12:24:14 +0100)
% Linked with Z3 4.14.0.0 3c47fd96cf5645d0c42b2c819d9e9a84380aa721 z3-4.8.4-9178-g3c47fd96c
% CaDiCaL version: 2.1.3
% Termination reason: Refutation
% Time elapsed: 2.302 s
% Peak memory usage: 88 MB
% Instructions burned: 8324 (million)
% ------------------------------
% ------------------------------
