% Running in auto input_syntax mode. Trying TPTP
% Refutation found. Thanks to Tanya!
% SZS status Unsatisfiable for GRP478-1_clausified
% SZS output start Proof for GRP478-1_clausified
1. divide(inverse(divide(divide(divide(X0,X0),X1),divide(X2,divide(X1,X3)))),X3) = X2 [input(axiom)]
2. divide(inverse(a1),inverse(a1)) != divide(inverse(b1),inverse(b1)) [input(negated conjecture)]
3. divide(inverse(divide(divide(divide(X1,X1),inverse(divide(divide(divide(X2,X2),X3),divide(X0,divide(X3,X4))))),divide(X5,X0))),X4) = X5 [superposition 1,1]
4. inverse(divide(divide(divide(X3,X3),X4),divide(X0,divide(X4,divide(X2,X5))))) = divide(inverse(divide(divide(divide(X1,X1),X2),X0)),X5) [superposition 1,1]
30. divide(divide(inverse(divide(divide(divide(X0,X0),X1),X2)),X3),divide(X1,X3)) = X2 [superposition 1,4]
32. inverse(divide(divide(divide(X0,X0),X1),divide(divide(X2,X3),divide(X1,divide(inverse(divide(divide(divide(X4,X4),X5),divide(X3,divide(X5,X6)))),X6))))) = X2 [superposition 3,4]
40. inverse(divide(divide(divide(X7,X7),X3),X2)) = divide(inverse(divide(divide(divide(X6,X6),X4),inverse(divide(divide(divide(X0,X0),X1),divide(X2,divide(X1,divide(X3,divide(X4,X5)))))))),X5) [superposition 1,4]
41. inverse(divide(divide(divide(X0,X0),X1),divide(divide(X2,X3),divide(X1,X3)))) = X2 [forward demodulation 32,1]
44. divide(divide(inverse(divide(X0,X3)),X4),divide(divide(X2,inverse(divide(divide(divide(X1,X1),X2),X0))),X4)) = X3 [superposition 30,30]
79. divide(divide(X0,X3),divide(X2,X3)) = divide(divide(X0,X4),divide(X2,X4)) [superposition 30,41]
105. divide(divide(X1,X2),divide(divide(inverse(divide(divide(divide(X3,X3),X4),X0)),X5),X2)) = divide(divide(X1,divide(X4,X5)),X0) [superposition 79,30]
142. divide(divide(inverse(divide(divide(divide(X0,X1),divide(X2,X1)),X3)),X4),divide(divide(X2,X0),X4)) = X3 [superposition 30,79]
147. divide(X2,X3) = divide(divide(inverse(divide(divide(divide(X0,X0),X1),divide(X2,X1))),X4),divide(X3,X4)) [superposition 30,79]
518. divide(divide(inverse(divide(divide(divide(X1,X2),X0),X5)),X6),divide(divide(inverse(divide(divide(divide(X3,X3),X4),divide(X0,divide(X4,X2)))),X1),X6)) = X5 [superposition 142,1]
617. divide(divide(inverse(divide(divide(divide(X1,X2),X0),X5)),divide(X4,X1)),divide(X0,divide(X4,X2))) = X5 [forward demodulation 518,105]
5458. divide(X0,X1) = divide(X0,divide(X2,inverse(divide(divide(divide(X3,X3),X2),divide(divide(X4,X4),X1))))) [superposition 147,44]
6439. divide(X4,inverse(divide(divide(divide(X5,X5),X4),divide(divide(X6,X6),X3)))) = divide(divide(inverse(divide(divide(divide(X0,X1),X2),X3)),divide(X7,X0)),divide(X2,divide(X7,X1))) [superposition 617,5458]
6446. divide(X4,inverse(divide(divide(divide(X5,X5),X4),divide(divide(X6,X6),X3)))) = X3 [forward demodulation 6439,617]
7343. divide(inverse(divide(divide(divide(X0,X0),X1),divide(X2,divide(X1,X3)))),X3) = inverse(divide(divide(divide(X4,X4),X2),divide(X5,X5))) [superposition 40,6446]
7414. inverse(divide(divide(divide(X4,X4),X2),divide(X5,X5))) = X2 [forward demodulation 7343,1]
8473. divide(X0,X0) = divide(X2,X2) [superposition 6446,7414]
9660. divide(X0,X0) != divide(inverse(a1),inverse(a1)) [superposition 2,8473]
10121. $false [forward subsumption resolution 9660,8473]
% SZS output end Proof for GRP478-1_clausified
% ------------------------------
% Version: Vampire 5.0.0 (Release build, commit 2e2c9b7b8 on 2026-01-17 12:24:14 +0100)
% Linked with Z3 4.14.0.0 3c47fd96cf5645d0c42b2c819d9e9a84380aa721 z3-4.8.4-9178-g3c47fd96c
% CaDiCaL version: 2.1.3
% Termination reason: Refutation
% Time elapsed: 0.230 s
% Peak memory usage: 68 MB
% Instructions burned: 1112 (million)
% ------------------------------
% ------------------------------
