% Running in auto input_syntax mode. Trying TPTP
% Refutation found. Thanks to Tanya!
% SZS status Unsatisfiable for GRP594-1
% SZS output start Proof for GRP594-1
1. inverse(double_divide(double_divide(X0,X1),inverse(double_divide(X0,inverse(double_divide(X2,X1)))))) = X2 [input(axiom)]
2. multiply(X0,X1) = inverse(double_divide(X1,X0)) [input(axiom)]
3. multiply(multiply(inverse(b2),b2),a2) != a2 [input(negated conjecture)]
4. a2 != multiply(multiply(inverse(b2),b2),a2) [reorient equations 3]
5. a2 != inverse(double_divide(a2,inverse(double_divide(b2,inverse(b2))))) [definition unfolding 4,2,2]
6. double_divide(X2,X3) = inverse(double_divide(double_divide(X1,inverse(double_divide(X2,inverse(double_divide(X0,X3))))),inverse(double_divide(X1,X0)))) [superposition 1,1]
7. inverse(double_divide(double_divide(double_divide(X1,X2),inverse(double_divide(X0,X2))),X0)) = X1 [superposition 1,1]
8. inverse(double_divide(double_divide(double_divide(X1,inverse(double_divide(X2,inverse(double_divide(X0,X3))))),X0),double_divide(X2,X3))) = X1 [superposition 7,1]
9. inverse(double_divide(double_divide(double_divide(X1,X2),X0),double_divide(double_divide(X0,X3),inverse(double_divide(X2,X3))))) = X1 [superposition 7,7]
11. double_divide(double_divide(X0,X3),inverse(double_divide(X2,X3))) = inverse(double_divide(double_divide(X1,X2),inverse(double_divide(X1,X0)))) [superposition 1,7]
16. double_divide(double_divide(X2,inverse(double_divide(X0,inverse(double_divide(X3,X1))))),X3) = inverse(double_divide(double_divide(X4,double_divide(X0,X1)),inverse(double_divide(X4,X2)))) [superposition 6,6]
17. double_divide(double_divide(double_divide(X0,X1),inverse(double_divide(inverse(double_divide(X2,X3)),X1))),X3) = inverse(double_divide(double_divide(X4,X0),inverse(double_divide(X4,X2)))) [superposition 6,7]
18. double_divide(X1,X2) = inverse(double_divide(double_divide(double_divide(X3,X4),inverse(double_divide(X1,inverse(double_divide(inverse(double_divide(X3,inverse(double_divide(X0,X4)))),X2))))),X0)) [superposition 6,1]
19. double_divide(X2,X3) = inverse(double_divide(double_divide(double_divide(X4,inverse(double_divide(X0,inverse(double_divide(X5,X1))))),inverse(double_divide(X2,inverse(double_divide(inverse(double_divide(X4,X5)),X3))))),double_divide(X0,X1))) [superposition 6,6]
20. double_divide(X1,X2) = inverse(double_divide(double_divide(double_divide(double_divide(X0,X3),inverse(double_divide(X4,X3))),inverse(double_divide(X1,inverse(double_divide(X4,X2))))),X0)) [superposition 6,7]
23. inverse(double_divide(double_divide(double_divide(X2,inverse(double_divide(X3,X4))),double_divide(X0,X1)),double_divide(X3,inverse(double_divide(X0,inverse(double_divide(X4,X1))))))) = X2 [superposition 7,6]
24. double_divide(X3,inverse(double_divide(X0,inverse(double_divide(X4,X1))))) = inverse(double_divide(double_divide(X2,inverse(double_divide(X3,X4))),inverse(double_divide(X2,double_divide(X0,X1))))) [superposition 1,6]
25. double_divide(inverse(double_divide(double_divide(X0,inverse(double_divide(X1,X2))),X1)),X2) = X0 [superposition 7,6]
33. double_divide(double_divide(inverse(double_divide(X0,X1)),X2),inverse(double_divide(X1,X2))) = X0 [superposition 25,6]
61. double_divide(double_divide(X0,X1),X2) = double_divide(double_divide(X0,X4),inverse(double_divide(double_divide(double_divide(X2,X3),inverse(double_divide(X1,X3))),X4))) [superposition 33,9]
70. inverse(double_divide(double_divide(double_divide(inverse(double_divide(X0,X1)),X2),X2),inverse(X0))) = X1 [superposition 1,33]
97. double_divide(inverse(double_divide(X0,X1)),inverse(double_divide(X2,X3))) = inverse(double_divide(double_divide(X0,X2),double_divide(X1,X3))) [superposition 8,33]
130. double_divide(X0,X2) = double_divide(inverse(double_divide(X1,X0)),inverse(double_divide(inverse(X1),X2))) [superposition 25,70]
141. double_divide(X0,X2) = inverse(double_divide(double_divide(X1,inverse(X1)),double_divide(X0,X2))) [forward demodulation 130,97]
199. inverse(double_divide(double_divide(X3,inverse(X3)),X0)) = X0 [superposition 141,33]
217. double_divide(X0,inverse(double_divide(X3,X2))) = inverse(double_divide(double_divide(X4,X3),inverse(double_divide(X4,inverse(double_divide(double_divide(X0,inverse(double_divide(X1,X2))),X1)))))) [superposition 11,25]
349. inverse(double_divide(X1,inverse(X2))) = inverse(inverse(double_divide(double_divide(X0,X1),inverse(double_divide(X0,X2))))) [superposition 199,11]
368. double_divide(X0,X2) = inverse(double_divide(double_divide(X0,inverse(double_divide(X1,X2))),X1)) [superposition 6,199]
369. inverse(double_divide(X0,inverse(double_divide(X1,inverse(X0))))) = X1 [superposition 1,199]
370. inverse(double_divide(X0,X1)) = double_divide(double_divide(X1,X2),inverse(double_divide(inverse(X0),X2))) [superposition 11,199]
441. double_divide(X3,inverse(double_divide(X1,inverse(double_divide(X5,X2))))) = inverse(double_divide(double_divide(X4,X5),inverse(double_divide(X4,inverse(inverse(double_divide(double_divide(X0,double_divide(X1,X2)),inverse(double_divide(X0,X3))))))))) [superposition 1,16]
444. double_divide(X3,inverse(double_divide(X1,inverse(double_divide(X4,X2))))) = inverse(double_divide(double_divide(inverse(double_divide(double_divide(X0,double_divide(X1,X2)),inverse(double_divide(X0,X3)))),inverse(double_divide(X5,X4))),X5)) [superposition 7,16]
530. double_divide(X3,inverse(double_divide(X1,inverse(double_divide(X4,X2))))) = double_divide(inverse(double_divide(double_divide(X0,double_divide(X1,X2)),inverse(double_divide(X0,X3)))),X4) [forward demodulation 444,368]
533. double_divide(X3,inverse(double_divide(X1,inverse(double_divide(X5,X2))))) = inverse(double_divide(double_divide(X4,X5),inverse(double_divide(X4,inverse(double_divide(double_divide(X1,X2),inverse(X3))))))) [forward demodulation 441,349]
587. inverse(double_divide(X1,inverse(X0))) = inverse(double_divide(double_divide(X0,inverse(double_divide(X2,inverse(X1)))),X2)) [superposition 369,25]
588. double_divide(inverse(double_divide(X0,X1)),X2) = inverse(double_divide(double_divide(X1,X2),inverse(X0))) [superposition 369,33]
590. inverse(double_divide(X4,inverse(inverse(double_divide(double_divide(X0,double_divide(X1,X2)),inverse(double_divide(X0,X3))))))) = double_divide(X3,inverse(double_divide(X1,inverse(double_divide(inverse(X4),X2))))) [superposition 369,16]
592. double_divide(X3,X2) = inverse(double_divide(double_divide(X3,X0),double_divide(double_divide(X0,X1),inverse(double_divide(X2,X1))))) [superposition 369,11]
593. double_divide(X2,inverse(double_divide(X0,inverse(double_divide(X3,X1))))) = inverse(double_divide(double_divide(X2,X3),double_divide(X0,X1))) [superposition 369,6]
597. inverse(double_divide(X1,X0)) = double_divide(double_divide(inverse(double_divide(X1,X0)),X2),X2) [superposition 369,70]
599. inverse(double_divide(double_divide(X0,inverse(X1)),X0)) = X1 [superposition 369,369]
624. inverse(double_divide(X0,inverse(double_divide(X1,inverse(X1))))) = X0 [superposition 199,369]
636. inverse(double_divide(X4,inverse(inverse(double_divide(double_divide(X0,double_divide(X1,X2)),inverse(double_divide(X0,X3))))))) = inverse(double_divide(double_divide(X3,inverse(X4)),double_divide(X1,X2))) [forward demodulation 590,593]
638. inverse(double_divide(X1,inverse(X0))) = double_divide(X0,inverse(X1)) [forward demodulation 587,368]
650. inverse(double_divide(X4,inverse(double_divide(double_divide(X1,X2),inverse(X3))))) = inverse(double_divide(double_divide(X3,inverse(X4)),double_divide(X1,X2))) [forward demodulation 636,349]
655. inverse(double_divide(double_divide(X3,inverse(X4)),double_divide(X1,X2))) = double_divide(double_divide(double_divide(X1,X2),inverse(X3)),inverse(X4)) [forward demodulation 650,638]
661. double_divide(double_divide(double_divide(X1,X2),inverse(double_divide(inverse(X0),X2))),X4) = inverse(double_divide(double_divide(X5,X1),inverse(double_divide(X5,inverse(double_divide(double_divide(X0,inverse(double_divide(X3,X4))),X3)))))) [superposition 17,25]
664. double_divide(double_divide(double_divide(X4,X5),inverse(double_divide(inverse(inverse(double_divide(double_divide(X0,double_divide(X1,X2)),inverse(double_divide(X0,X3))))),X5))),X6) = inverse(double_divide(double_divide(X7,X4),inverse(double_divide(X7,double_divide(X3,inverse(double_divide(X1,inverse(double_divide(X6,X2))))))))) [superposition 17,16]
665. inverse(double_divide(double_divide(X7,X3),inverse(double_divide(X7,double_divide(double_divide(X1,X5),inverse(double_divide(inverse(double_divide(X2,X6)),X5))))))) = double_divide(double_divide(double_divide(X3,X4),inverse(double_divide(inverse(inverse(double_divide(double_divide(X0,X1),inverse(double_divide(X0,X2))))),X4))),X6) [superposition 17,17]
676. double_divide(double_divide(double_divide(X1,X2),inverse(double_divide(X0,X2))),inverse(X3)) = inverse(double_divide(double_divide(X5,X1),inverse(double_divide(X5,double_divide(double_divide(inverse(double_divide(X3,X0)),X4),X4))))) [superposition 17,70]
679. double_divide(double_divide(double_divide(X1,X2),inverse(X0)),X3) = inverse(double_divide(double_divide(X4,X1),inverse(double_divide(X4,double_divide(X0,inverse(double_divide(X3,X2))))))) [superposition 17,25]
721. double_divide(double_divide(X1,X5),inverse(double_divide(inverse(double_divide(X2,X4)),X5))) = inverse(double_divide(double_divide(X3,X4),inverse(double_divide(X3,inverse(inverse(double_divide(double_divide(X0,X1),inverse(double_divide(X0,X2))))))))) [superposition 1,17]
728. double_divide(double_divide(X1,X3),inverse(double_divide(inverse(double_divide(X2,X4)),X3))) = inverse(double_divide(double_divide(inverse(double_divide(double_divide(X0,X1),inverse(double_divide(X0,X2)))),X5),double_divide(double_divide(X5,X6),inverse(double_divide(X4,X6))))) [superposition 9,17]
742. double_divide(double_divide(inverse(double_divide(X3,double_divide(double_divide(X1,X4),inverse(double_divide(inverse(double_divide(X2,X5)),X4))))),X5),inverse(inverse(double_divide(double_divide(X0,X1),inverse(double_divide(X0,X2)))))) = X3 [superposition 33,17]
755. double_divide(double_divide(X1,X3),inverse(double_divide(inverse(double_divide(X2,inverse(double_divide(X4,X5)))),X3))) = double_divide(inverse(double_divide(inverse(double_divide(double_divide(X0,X1),inverse(double_divide(X0,X2)))),X4)),X5) [superposition 25,17]
825. double_divide(double_divide(X1,X3),inverse(double_divide(inverse(double_divide(X2,inverse(double_divide(X4,X5)))),X3))) = double_divide(inverse(double_divide(double_divide(inverse(double_divide(double_divide(X0,X2),X0)),X1),X4)),X5) [forward demodulation 755,588]
836. double_divide(double_divide(inverse(double_divide(X3,double_divide(double_divide(X1,X4),inverse(double_divide(inverse(double_divide(X2,X5)),X4))))),X5),inverse(double_divide(X1,inverse(X2)))) = X3 [forward demodulation 742,349]
850. double_divide(double_divide(X1,X3),inverse(double_divide(inverse(double_divide(X2,X4)),X3))) = double_divide(inverse(double_divide(double_divide(X0,X1),inverse(double_divide(X0,X2)))),X4) [forward demodulation 728,592]
857. double_divide(double_divide(X1,X5),inverse(double_divide(inverse(double_divide(X2,X4)),X5))) = double_divide(inverse(double_divide(double_divide(X3,inverse(inverse(double_divide(double_divide(X0,X1),inverse(double_divide(X0,X2)))))),X3)),X4) [forward demodulation 721,588]
894. double_divide(double_divide(double_divide(X1,X2),inverse(X0)),X3) = double_divide(inverse(double_divide(double_divide(X4,double_divide(X0,inverse(double_divide(X3,X2)))),X4)),X1) [forward demodulation 679,588]
897. double_divide(double_divide(double_divide(X1,X2),inverse(double_divide(X0,X2))),inverse(X3)) = double_divide(inverse(double_divide(double_divide(X5,double_divide(double_divide(inverse(double_divide(X3,X0)),X4),X4)),X5)),X1) [forward demodulation 676,588]
908. inverse(double_divide(double_divide(X7,X3),inverse(double_divide(X7,double_divide(double_divide(X1,X5),inverse(double_divide(inverse(double_divide(X2,X6)),X5))))))) = double_divide(inverse(double_divide(inverse(double_divide(double_divide(X0,X1),inverse(double_divide(X0,X2)))),X3)),X6) [forward demodulation 665,370]
909. double_divide(double_divide(double_divide(X4,X5),inverse(double_divide(inverse(inverse(double_divide(double_divide(X0,double_divide(X1,X2)),inverse(double_divide(X0,X3))))),X5))),X6) = double_divide(inverse(double_divide(double_divide(X7,double_divide(X3,inverse(double_divide(X1,inverse(double_divide(X6,X2)))))),X7)),X4) [forward demodulation 664,588]
912. double_divide(double_divide(double_divide(X1,X2),inverse(double_divide(inverse(X0),X2))),X4) = double_divide(X0,inverse(double_divide(X1,X4))) [forward demodulation 661,217]
940. double_divide(inverse(double_divide(double_divide(inverse(double_divide(double_divide(X0,X2),X0)),X1),X4)),X5) = inverse(double_divide(double_divide(X2,inverse(double_divide(X4,X5))),X1)) [forward demodulation 825,370]
950. double_divide(double_divide(inverse(double_divide(X3,double_divide(double_divide(X1,X4),inverse(double_divide(inverse(double_divide(X2,X5)),X4))))),X5),double_divide(X2,inverse(X1))) = X3 [forward demodulation 836,638]
964. double_divide(double_divide(X1,X3),inverse(double_divide(inverse(double_divide(X2,X4)),X3))) = double_divide(double_divide(inverse(double_divide(double_divide(X0,X2),X0)),X1),X4) [forward demodulation 850,588]
971. double_divide(inverse(double_divide(double_divide(X0,X1),inverse(double_divide(X0,X2)))),X4) = double_divide(double_divide(X1,X5),inverse(double_divide(inverse(double_divide(X2,X4)),X5))) [forward demodulation 857,599]
1003. double_divide(double_divide(double_divide(X1,X2),inverse(double_divide(X0,X2))),inverse(X3)) = double_divide(inverse(double_divide(double_divide(X5,inverse(double_divide(X3,X0))),X5)),X1) [forward demodulation 897,597]
1011. inverse(double_divide(double_divide(X7,X3),inverse(double_divide(X7,double_divide(double_divide(X1,X5),inverse(double_divide(inverse(double_divide(X2,X6)),X5))))))) = double_divide(inverse(double_divide(double_divide(inverse(double_divide(double_divide(X0,X2),X0)),X1),X3)),X6) [forward demodulation 908,588]
1012. double_divide(double_divide(double_divide(X4,X5),inverse(double_divide(inverse(inverse(double_divide(double_divide(X0,double_divide(X1,X2)),inverse(double_divide(X0,X3))))),X5))),X6) = double_divide(double_divide(double_divide(X4,inverse(double_divide(X6,X2))),inverse(X3)),X1) [forward demodulation 909,894]
1015. double_divide(X0,inverse(double_divide(X1,X4))) = double_divide(inverse(double_divide(X0,X1)),X4) [forward demodulation 912,370]
1039. double_divide(double_divide(inverse(double_divide(X3,inverse(double_divide(double_divide(X2,X5),X1)))),X5),double_divide(X2,inverse(X1))) = X3 [forward demodulation 950,370]
1052. double_divide(double_divide(inverse(double_divide(double_divide(X0,X2),X0)),X1),X4) = inverse(double_divide(double_divide(X2,X4),X1)) [forward demodulation 964,370]
1059. double_divide(inverse(double_divide(double_divide(X0,X1),inverse(double_divide(X0,X2)))),X4) = inverse(double_divide(double_divide(X2,X4),X1)) [forward demodulation 971,370]
1076. double_divide(double_divide(double_divide(X1,X2),inverse(double_divide(X0,X2))),inverse(X3)) = double_divide(double_divide(X3,X0),X1) [forward demodulation 1003,599]
1078. inverse(double_divide(double_divide(X7,X3),inverse(double_divide(X7,double_divide(double_divide(X1,X5),inverse(double_divide(inverse(double_divide(X2,X6)),X5))))))) = inverse(double_divide(double_divide(X2,inverse(double_divide(X3,X6))),X1)) [forward demodulation 1011,940]
1079. double_divide(double_divide(double_divide(X4,inverse(double_divide(X6,X2))),inverse(X3)),X1) = double_divide(inverse(double_divide(inverse(double_divide(double_divide(X0,double_divide(X1,X2)),inverse(double_divide(X0,X3)))),X4)),X6) [forward demodulation 1012,370]
1103. double_divide(double_divide(X3,inverse(double_divide(inverse(double_divide(double_divide(X2,X5),X1)),X5))),double_divide(X2,inverse(X1))) = X3 [forward demodulation 1039,1015]
1114. inverse(double_divide(double_divide(X2,X4),X1)) = double_divide(double_divide(double_divide(X0,X2),inverse(double_divide(X0,X1))),X4) [forward demodulation 1052,1015]
1121. inverse(double_divide(double_divide(X2,X4),X1)) = double_divide(double_divide(X0,X1),inverse(double_divide(inverse(double_divide(X0,X2)),X4))) [forward demodulation 1059,1015]
1138. inverse(double_divide(double_divide(X2,inverse(double_divide(X3,X6))),X1)) = double_divide(inverse(double_divide(double_divide(X7,double_divide(double_divide(X1,X5),inverse(double_divide(inverse(double_divide(X2,X6)),X5)))),X7)),X3) [forward demodulation 1078,588]
1139. double_divide(double_divide(double_divide(X4,inverse(double_divide(X6,X2))),inverse(X3)),X1) = double_divide(inverse(double_divide(double_divide(X0,double_divide(X1,X2)),inverse(double_divide(X0,X3)))),inverse(double_divide(X4,X6))) [forward demodulation 1079,1015]
1158. double_divide(double_divide(X3,inverse(double_divide(double_divide(X2,X5),inverse(double_divide(X1,X5))))),double_divide(X2,inverse(X1))) = X3 [forward demodulation 1103,1015]
1174. inverse(double_divide(double_divide(X2,X4),X1)) = double_divide(double_divide(X0,X1),inverse(double_divide(X0,inverse(double_divide(X2,X4))))) [forward demodulation 1121,1015]
1186. inverse(double_divide(double_divide(X2,inverse(double_divide(X3,X6))),X1)) = double_divide(double_divide(double_divide(X3,X5),inverse(double_divide(X1,X5))),inverse(double_divide(X2,X6))) [forward demodulation 1138,894]
1187. double_divide(double_divide(double_divide(X4,inverse(double_divide(X6,X2))),inverse(X3)),X1) = double_divide(X3,inverse(double_divide(X1,inverse(double_divide(inverse(double_divide(X4,X6)),X2))))) [forward demodulation 1139,530]
1202. double_divide(inverse(double_divide(double_divide(X3,X1),double_divide(double_divide(X2,X5),X5))),double_divide(X2,inverse(X1))) = X3 [forward demodulation 1158,593]
1212. inverse(double_divide(double_divide(X2,X4),X1)) = inverse(double_divide(double_divide(double_divide(X0,X1),X2),double_divide(X0,X4))) [forward demodulation 1174,593]
1222. inverse(double_divide(double_divide(X2,inverse(double_divide(X3,X6))),X1)) = double_divide(double_divide(double_divide(X2,X6),X1),X3) [forward demodulation 1186,1076]
1223. double_divide(double_divide(double_divide(X4,inverse(double_divide(X6,X2))),inverse(X3)),X1) = inverse(double_divide(double_divide(X3,inverse(double_divide(X4,X6))),double_divide(X1,X2))) [forward demodulation 1187,593]
1236. double_divide(double_divide(X3,X1),inverse(double_divide(double_divide(double_divide(X2,X5),X5),double_divide(X2,inverse(X1))))) = X3 [forward demodulation 1202,1015]
1249. double_divide(double_divide(double_divide(X4,inverse(double_divide(X6,X2))),inverse(X3)),X1) = double_divide(double_divide(double_divide(X3,X6),double_divide(X1,X2)),X4) [forward demodulation 1223,1222]
1259. double_divide(double_divide(X3,X1),inverse(double_divide(double_divide(X5,inverse(X1)),X5))) = X3 [forward demodulation 1236,1212]
1273. double_divide(double_divide(X3,X1),X1) = X3 [forward demodulation 1259,599]
1297. inverse(double_divide(double_divide(double_divide(X1,X2),inverse(X0)),double_divide(X0,X2))) = X1 [superposition 7,1273]
1307. double_divide(X0,inverse(double_divide(X2,X1))) = inverse(double_divide(double_divide(X3,X2),inverse(double_divide(X3,double_divide(X0,X1))))) [superposition 11,1273]
1308. double_divide(double_divide(X1,X2),inverse(X0)) = inverse(double_divide(double_divide(X3,double_divide(X0,X2)),inverse(double_divide(X3,X1)))) [superposition 11,1273]
1312. inverse(double_divide(double_divide(X4,double_divide(X0,X1)),inverse(double_divide(X4,X2)))) = double_divide(double_divide(X0,inverse(double_divide(inverse(double_divide(X2,X3)),X1))),X3) [superposition 17,1273]
1332. inverse(double_divide(double_divide(double_divide(X0,inverse(double_divide(X1,X2))),X2),inverse(X0))) = X1 [superposition 1,1273]
1339. double_divide(inverse(double_divide(X0,double_divide(X0,inverse(double_divide(X1,X2))))),X2) = X1 [forward demodulation 1332,588]
1353. inverse(double_divide(double_divide(X4,double_divide(X0,X1)),inverse(double_divide(X4,X2)))) = double_divide(double_divide(X0,inverse(double_divide(X2,inverse(double_divide(X3,X1))))),X3) [forward demodulation 1312,1015]
1355. double_divide(double_divide(X1,X2),inverse(X0)) = double_divide(inverse(double_divide(double_divide(X3,X1),X3)),double_divide(X0,X2)) [forward demodulation 1308,588]
1356. double_divide(X0,inverse(double_divide(X2,X1))) = double_divide(inverse(double_divide(double_divide(X3,double_divide(X0,X1)),X3)),X2) [forward demodulation 1307,588]
1363. double_divide(double_divide(double_divide(X0,X2),inverse(double_divide(X1,X2))),inverse(X0)) = X1 [forward demodulation 1297,655]
1373. double_divide(X0,inverse(double_divide(double_divide(X0,inverse(double_divide(X1,X2))),X2))) = X1 [forward demodulation 1339,1015]
1384. inverse(double_divide(double_divide(X4,double_divide(X0,X1)),inverse(double_divide(X4,X2)))) = double_divide(inverse(double_divide(double_divide(X0,X3),double_divide(X2,X1))),X3) [forward demodulation 1353,593]
1386. double_divide(double_divide(X1,X2),inverse(X0)) = double_divide(double_divide(X3,X1),inverse(double_divide(X3,double_divide(X0,X2)))) [forward demodulation 1355,1015]
1387. double_divide(X0,inverse(double_divide(X2,X1))) = double_divide(double_divide(X3,double_divide(X0,X1)),inverse(double_divide(X3,X2))) [forward demodulation 1356,1015]
1392. double_divide(double_divide(X0,X1),X0) = X1 [forward demodulation 1363,1076]
1400. double_divide(X0,double_divide(double_divide(double_divide(X0,X2),X2),X1)) = X1 [forward demodulation 1373,1222]
1406. inverse(double_divide(double_divide(X4,double_divide(X0,X1)),inverse(double_divide(X4,X2)))) = double_divide(double_divide(X0,X3),inverse(double_divide(double_divide(X2,X1),X3))) [forward demodulation 1384,1015]
1413. double_divide(X0,double_divide(X0,X1)) = X1 [forward demodulation 1400,1273]
1416. double_divide(double_divide(X0,X3),inverse(double_divide(double_divide(X2,X1),X3))) = double_divide(inverse(double_divide(double_divide(X4,X2),X4)),double_divide(X0,X1)) [forward demodulation 1406,588]
1421. double_divide(double_divide(X0,X3),inverse(double_divide(double_divide(X2,X1),X3))) = double_divide(double_divide(X4,X2),inverse(double_divide(X4,double_divide(X0,X1)))) [forward demodulation 1416,1015]
1423. double_divide(double_divide(X0,X3),inverse(double_divide(double_divide(X2,X1),X3))) = double_divide(double_divide(X2,X1),inverse(X0)) [forward demodulation 1421,1386]
1457. double_divide(X3,inverse(double_divide(X1,X4))) = inverse(double_divide(double_divide(double_divide(double_divide(X5,X6),inverse(double_divide(double_divide(X2,X4),X6))),inverse(double_divide(X3,inverse(inverse(double_divide(double_divide(X0,X1),inverse(double_divide(X0,X2)))))))),X5)) [superposition 20,11]
1465. double_divide(X1,X2) = inverse(double_divide(double_divide(double_divide(double_divide(X3,X4),inverse(double_divide(double_divide(double_divide(X0,X5),inverse(double_divide(X2,X5))),X4))),inverse(double_divide(X1,X0))),X3)) [superposition 20,7]
1468. double_divide(X1,inverse(X2)) = inverse(double_divide(double_divide(double_divide(double_divide(X3,X4),inverse(double_divide(double_divide(double_divide(inverse(double_divide(X2,X0)),X5),X5),X4))),inverse(double_divide(X1,X0))),X3)) [superposition 20,70]
1502. double_divide(double_divide(double_divide(X3,X4),inverse(double_divide(X5,X4))),inverse(double_divide(X0,inverse(double_divide(X5,X1))))) = inverse(double_divide(double_divide(X2,X3),inverse(double_divide(X2,double_divide(X0,X1))))) [superposition 1,20]
1557. double_divide(double_divide(double_divide(X3,X4),inverse(double_divide(X5,X4))),inverse(double_divide(X0,inverse(double_divide(X5,X1))))) = double_divide(inverse(double_divide(double_divide(X2,double_divide(X0,X1)),X2)),X3) [forward demodulation 1502,588]
1585. double_divide(X1,inverse(X2)) = double_divide(double_divide(double_divide(double_divide(double_divide(X3,X4),inverse(double_divide(double_divide(double_divide(inverse(double_divide(X2,X0)),X5),X5),X4))),X0),X3),X1) [forward demodulation 1468,1222]
1588. double_divide(X1,X2) = double_divide(double_divide(double_divide(double_divide(double_divide(X3,X4),inverse(double_divide(double_divide(double_divide(X0,X5),inverse(double_divide(X2,X5))),X4))),X0),X3),X1) [forward demodulation 1465,1222]
1596. double_divide(X3,inverse(double_divide(X1,X4))) = double_divide(double_divide(double_divide(double_divide(double_divide(X5,X6),inverse(double_divide(double_divide(X2,X4),X6))),inverse(inverse(double_divide(double_divide(X0,X1),inverse(double_divide(X0,X2)))))),X5),X3) [forward demodulation 1457,1222]
1648. double_divide(double_divide(double_divide(X3,X4),inverse(double_divide(X5,X4))),inverse(double_divide(X0,inverse(double_divide(X5,X1))))) = double_divide(double_divide(X2,double_divide(X0,X1)),inverse(double_divide(X2,X3))) [forward demodulation 1557,1015]
1672. double_divide(X1,inverse(X2)) = double_divide(double_divide(double_divide(double_divide(double_divide(double_divide(inverse(double_divide(X2,X0)),X5),X5),inverse(X3)),X0),X3),X1) [forward demodulation 1585,1423]
1675. double_divide(X1,X2) = double_divide(double_divide(double_divide(double_divide(double_divide(X3,X2),X0),X0),X3),X1) [forward demodulation 1588,61]
1683. double_divide(X3,inverse(double_divide(X1,X4))) = double_divide(double_divide(double_divide(double_divide(inverse(double_divide(double_divide(X0,X1),inverse(double_divide(X0,X2)))),double_divide(X2,X4)),double_divide(X5,X6)),double_divide(X5,X6)),X3) [forward demodulation 1596,1249]
1728. double_divide(X0,inverse(double_divide(X3,X1))) = double_divide(double_divide(double_divide(X3,X4),inverse(double_divide(X5,X4))),inverse(double_divide(X0,inverse(double_divide(X5,X1))))) [forward demodulation 1648,1387]
1749. double_divide(X1,inverse(X2)) = double_divide(double_divide(double_divide(double_divide(inverse(double_divide(X2,X0)),inverse(X3)),X0),X3),X1) [forward demodulation 1672,597]
1751. double_divide(X1,X2) = double_divide(double_divide(double_divide(X3,X2),X3),X1) [forward demodulation 1675,1273]
1758. double_divide(X3,inverse(double_divide(X1,X4))) = double_divide(double_divide(inverse(double_divide(double_divide(X0,X1),inverse(double_divide(X0,X2)))),double_divide(X2,X4)),X3) [forward demodulation 1683,1273]
1796. double_divide(X0,inverse(double_divide(X3,X1))) = double_divide(double_divide(double_divide(X0,inverse(double_divide(X5,X1))),X5),X3) [forward demodulation 1728,1076]
1816. double_divide(X1,inverse(X2)) = double_divide(double_divide(double_divide(double_divide(X2,inverse(double_divide(X0,inverse(X3)))),X0),X3),X1) [forward demodulation 1749,1015]
1818. double_divide(X2,X1) = double_divide(X1,X2) [forward demodulation 1751,1392]
1823. double_divide(X3,inverse(double_divide(X1,X4))) = double_divide(double_divide(double_divide(X0,X1),inverse(double_divide(inverse(double_divide(X0,X2)),double_divide(X2,X4)))),X3) [forward demodulation 1758,1015]
1866. double_divide(X1,inverse(X2)) = double_divide(double_divide(X2,inverse(double_divide(X3,inverse(X3)))),X1) [forward demodulation 1816,1796]
1870. double_divide(X3,inverse(double_divide(X1,X4))) = double_divide(double_divide(double_divide(X0,X1),inverse(double_divide(X0,inverse(double_divide(X2,double_divide(X2,X4)))))),X3) [forward demodulation 1823,1015]
1907. double_divide(X1,inverse(X2)) = double_divide(double_divide(X2,double_divide(X3,inverse(X3))),X1) [forward demodulation 1866,638]
1910. double_divide(X3,inverse(double_divide(X1,X4))) = inverse(double_divide(double_divide(X1,X3),inverse(double_divide(X2,double_divide(X2,X4))))) [forward demodulation 1870,1114]
1937. double_divide(X3,inverse(double_divide(X1,X4))) = double_divide(inverse(double_divide(double_divide(X2,double_divide(X2,X4)),X1)),X3) [forward demodulation 1910,588]
1951. double_divide(X3,inverse(double_divide(X1,X4))) = double_divide(double_divide(X2,double_divide(X2,X4)),inverse(double_divide(X1,X3))) [forward demodulation 1937,1015]
1961. double_divide(X4,inverse(double_divide(X1,X3))) = double_divide(X3,inverse(double_divide(X1,X4))) [forward demodulation 1951,1413]
2087. double_divide(double_divide(double_divide(X2,X3),inverse(double_divide(inverse(double_divide(X0,X1)),X3))),X0) = inverse(double_divide(double_divide(X4,X2),inverse(double_divide(X4,X1)))) [superposition 17,1818]
2101. double_divide(X0,double_divide(X1,X0)) = X1 [superposition 1273,1818]
2131. double_divide(inverse(double_divide(X0,X1)),double_divide(X2,X1)) = inverse(double_divide(double_divide(X3,X0),inverse(double_divide(X3,X2)))) [superposition 11,1818]
2133. inverse(double_divide(double_divide(inverse(double_divide(X0,X1)),double_divide(X2,X1)),X0)) = X2 [superposition 7,1818]
2134. inverse(double_divide(double_divide(X4,X3),inverse(double_divide(X4,X0)))) = double_divide(double_divide(inverse(double_divide(inverse(double_divide(X0,X1)),X2)),double_divide(X3,X2)),X1) [superposition 17,1818]
2147. inverse(double_divide(double_divide(X4,X3),inverse(double_divide(X4,X0)))) = double_divide(X1,double_divide(inverse(double_divide(inverse(double_divide(X0,X1)),X2)),double_divide(X3,X2))) [forward demodulation 2134,1818]
2148. inverse(double_divide(X0,double_divide(inverse(double_divide(X0,X1)),double_divide(X2,X1)))) = X2 [forward demodulation 2133,1818]
2150. double_divide(inverse(double_divide(X0,X1)),double_divide(X2,X1)) = double_divide(inverse(double_divide(double_divide(X3,X2),X3)),X0) [forward demodulation 2131,588]
2189. double_divide(double_divide(double_divide(X2,X3),inverse(double_divide(inverse(double_divide(X0,X1)),X3))),X0) = double_divide(inverse(double_divide(double_divide(X4,X1),X4)),X2) [forward demodulation 2087,588]
2299. inverse(double_divide(double_divide(X4,X3),inverse(double_divide(X4,X0)))) = double_divide(X1,double_divide(inverse(double_divide(X0,X1)),inverse(double_divide(X2,double_divide(X3,X2))))) [forward demodulation 2147,1015]
2300. inverse(double_divide(X0,double_divide(X0,inverse(double_divide(X1,double_divide(X2,X1)))))) = X2 [forward demodulation 2148,1015]
2302. double_divide(double_divide(X3,X2),inverse(double_divide(X3,X0))) = double_divide(inverse(double_divide(X0,X1)),double_divide(X2,X1)) [forward demodulation 2150,1015]
2334. double_divide(double_divide(X4,X1),inverse(double_divide(X4,X2))) = double_divide(double_divide(double_divide(X2,X3),inverse(double_divide(inverse(double_divide(X0,X1)),X3))),X0) [forward demodulation 2189,1015]
2425. inverse(double_divide(double_divide(X4,X3),inverse(double_divide(X4,X0)))) = double_divide(X1,inverse(double_divide(double_divide(X0,X2),double_divide(X1,double_divide(X3,X2))))) [forward demodulation 2299,97]
2426. inverse(inverse(double_divide(X1,double_divide(X2,X1)))) = X2 [forward demodulation 2300,1413]
2428. double_divide(double_divide(X3,X2),inverse(double_divide(X3,X0))) = double_divide(X0,inverse(double_divide(X1,double_divide(X2,X1)))) [forward demodulation 2302,1015]
2454. double_divide(double_divide(X4,X1),inverse(double_divide(X4,X2))) = double_divide(X0,double_divide(double_divide(X2,X3),inverse(double_divide(inverse(double_divide(X0,X1)),X3)))) [forward demodulation 2334,1818]
2527. double_divide(X1,inverse(double_divide(double_divide(X0,X2),double_divide(X1,double_divide(X3,X2))))) = double_divide(inverse(double_divide(double_divide(X4,X0),X4)),X3) [forward demodulation 2425,588]
2528. inverse(inverse(X2)) = X2 [forward demodulation 2426,2101]
2530. double_divide(double_divide(X3,X2),inverse(double_divide(X3,X0))) = double_divide(X0,inverse(X2)) [forward demodulation 2428,2101]
2549. double_divide(double_divide(X4,X1),inverse(double_divide(X4,X2))) = double_divide(X0,inverse(double_divide(double_divide(X0,X1),X2))) [forward demodulation 2454,370]
2597. double_divide(X1,inverse(double_divide(double_divide(X0,X2),double_divide(X1,double_divide(X3,X2))))) = double_divide(double_divide(X4,X0),inverse(double_divide(X4,X3))) [forward demodulation 2527,1015]
2610. double_divide(X2,inverse(X1)) = double_divide(X0,inverse(double_divide(double_divide(X0,X1),X2))) [forward demodulation 2549,2530]
2638. double_divide(X3,inverse(X0)) = double_divide(X1,inverse(double_divide(double_divide(X0,X2),double_divide(X1,double_divide(X3,X2))))) [forward demodulation 2597,2530]
2693. double_divide(double_divide(X1,X3),inverse(double_divide(inverse(double_divide(X2,inverse(double_divide(X4,X5)))),X3))) = inverse(double_divide(double_divide(inverse(double_divide(double_divide(X0,X1),inverse(double_divide(X0,X2)))),double_divide(X6,X7)),double_divide(X4,inverse(double_divide(X6,inverse(double_divide(X5,X7))))))) [superposition 23,17]
2778. double_divide(double_divide(X0,inverse(double_divide(X1,X2))),double_divide(X3,X4)) = double_divide(double_divide(X0,X5),inverse(double_divide(double_divide(X1,inverse(double_divide(X3,inverse(double_divide(X2,X4))))),X5))) [superposition 33,23]
2791. double_divide(double_divide(X0,inverse(double_divide(X1,X2))),double_divide(X3,X4)) = double_divide(double_divide(X1,inverse(double_divide(X3,inverse(double_divide(X2,X4))))),inverse(X0)) [forward demodulation 2778,1423]
2863. double_divide(double_divide(X1,X3),inverse(double_divide(inverse(double_divide(X2,inverse(double_divide(X4,X5)))),X3))) = inverse(double_divide(double_divide(inverse(double_divide(double_divide(X0,X1),inverse(double_divide(X0,X2)))),double_divide(X6,X7)),inverse(double_divide(double_divide(X4,X5),double_divide(X6,X7))))) [forward demodulation 2693,593]
2898. double_divide(double_divide(X0,inverse(double_divide(X1,X2))),double_divide(X3,X4)) = double_divide(inverse(double_divide(double_divide(X1,X2),double_divide(X3,X4))),inverse(X0)) [forward demodulation 2791,593]
2969. double_divide(double_divide(X1,X3),inverse(double_divide(inverse(double_divide(X2,inverse(double_divide(X4,X5)))),X3))) = double_divide(inverse(double_divide(double_divide(double_divide(X4,X5),double_divide(X6,X7)),inverse(double_divide(double_divide(X0,X1),inverse(double_divide(X0,X2)))))),double_divide(X6,X7)) [forward demodulation 2863,588]
3002. double_divide(double_divide(X0,inverse(double_divide(X1,X2))),double_divide(X3,X4)) = double_divide(double_divide(X1,X2),inverse(double_divide(double_divide(X3,X4),inverse(X0)))) [forward demodulation 2898,1015]
3067. double_divide(double_divide(X1,X3),inverse(double_divide(inverse(double_divide(X2,inverse(double_divide(X4,X5)))),X3))) = double_divide(double_divide(double_divide(X4,X5),double_divide(X6,X7)),inverse(double_divide(inverse(double_divide(double_divide(X0,X1),inverse(double_divide(X0,X2)))),double_divide(X6,X7)))) [forward demodulation 2969,1015]
3096. double_divide(double_divide(X0,inverse(double_divide(X1,X2))),double_divide(X3,X4)) = double_divide(double_divide(X1,X2),double_divide(inverse(double_divide(X0,X3)),X4)) [forward demodulation 3002,588]
3144. double_divide(double_divide(X1,X3),inverse(double_divide(inverse(double_divide(X2,inverse(double_divide(X4,X5)))),X3))) = inverse(double_divide(double_divide(double_divide(X0,X1),inverse(double_divide(X0,X2))),double_divide(X4,X5))) [forward demodulation 3067,370]
3170. double_divide(double_divide(X0,inverse(double_divide(X1,X2))),double_divide(X3,X4)) = double_divide(double_divide(X1,X2),double_divide(X0,inverse(double_divide(X3,X4)))) [forward demodulation 3096,1015]
3204. double_divide(double_divide(X1,X3),inverse(double_divide(inverse(double_divide(X2,inverse(double_divide(X4,X5)))),X3))) = double_divide(double_divide(double_divide(double_divide(X0,X1),X2),double_divide(X4,X5)),X0) [forward demodulation 3144,1222]
3256. double_divide(double_divide(X1,X3),inverse(double_divide(inverse(double_divide(X2,inverse(double_divide(X4,X5)))),X3))) = double_divide(X0,double_divide(double_divide(double_divide(X0,X1),X2),double_divide(X4,X5))) [forward demodulation 3204,1818]
3295. inverse(double_divide(double_divide(X2,inverse(double_divide(X4,X5))),X1)) = double_divide(X0,double_divide(double_divide(double_divide(X0,X1),X2),double_divide(X4,X5))) [forward demodulation 3256,370]
3323. double_divide(double_divide(double_divide(X2,X5),X1),X4) = double_divide(X0,double_divide(double_divide(double_divide(X0,X1),X2),double_divide(X4,X5))) [forward demodulation 3295,1222]
3364. inverse(double_divide(double_divide(X0,X1),inverse(double_divide(X2,X1)))) = double_divide(double_divide(X3,X2),inverse(double_divide(X3,X0))) [superposition 2528,11]
3365. inverse(double_divide(X0,X1)) = double_divide(double_divide(X2,inverse(double_divide(X0,inverse(double_divide(X3,X1))))),inverse(double_divide(X2,X3))) [superposition 2528,6]
3394. inverse(double_divide(X0,X1)) = double_divide(X3,inverse(inverse(double_divide(X0,inverse(double_divide(X3,X1)))))) [forward demodulation 3365,2530]
3395. inverse(double_divide(double_divide(X0,X1),inverse(double_divide(X2,X1)))) = double_divide(X0,inverse(X2)) [forward demodulation 3364,2530]
3407. inverse(double_divide(X0,X1)) = double_divide(X3,double_divide(X0,inverse(double_divide(X3,X1)))) [forward demodulation 3394,2528]
3408. double_divide(X0,inverse(X2)) = double_divide(inverse(double_divide(double_divide(X2,X1),X0)),X1) [forward demodulation 3395,588]
3416. double_divide(X0,inverse(X2)) = double_divide(double_divide(X2,X1),inverse(double_divide(X0,X1))) [forward demodulation 3408,1015]
3421. double_divide(X0,inverse(X2)) = double_divide(X1,inverse(double_divide(X0,double_divide(X2,X1)))) [forward demodulation 3416,1961]
3478. double_divide(X1,inverse(double_divide(X0,inverse(inverse(double_divide(X2,inverse(double_divide(X3,X4)))))))) = inverse(double_divide(double_divide(double_divide(X2,X4),inverse(double_divide(X1,X0))),X3)) [superposition 18,369]
3528. double_divide(double_divide(double_divide(X2,X3),inverse(double_divide(X0,inverse(double_divide(inverse(double_divide(X2,inverse(double_divide(inverse(double_divide(X4,X5)),X3)))),X1))))),X5) = inverse(double_divide(double_divide(X6,double_divide(X0,X1)),inverse(double_divide(X6,X4)))) [superposition 6,18]
3533. inverse(double_divide(X2,double_divide(X0,X1))) = double_divide(double_divide(X3,X4),inverse(double_divide(X0,inverse(double_divide(inverse(double_divide(X3,inverse(double_divide(inverse(X2),X4)))),X1))))) [superposition 369,18]
3544. inverse(double_divide(X2,double_divide(X0,X1))) = inverse(double_divide(double_divide(double_divide(X3,X4),inverse(double_divide(X3,inverse(double_divide(inverse(X2),X4))))),double_divide(X0,X1))) [forward demodulation 3533,593]
3549. double_divide(double_divide(double_divide(X2,X3),inverse(double_divide(X0,inverse(double_divide(inverse(double_divide(X2,inverse(double_divide(inverse(double_divide(X4,X5)),X3)))),X1))))),X5) = double_divide(inverse(double_divide(double_divide(X6,X4),X6)),double_divide(X0,X1)) [forward demodulation 3528,588]
3597. double_divide(X1,inverse(double_divide(X0,inverse(inverse(double_divide(X2,inverse(double_divide(X3,X4)))))))) = double_divide(double_divide(double_divide(double_divide(X2,X4),X0),X3),X1) [forward demodulation 3478,1222]
3649. inverse(double_divide(X2,double_divide(X0,X1))) = double_divide(double_divide(double_divide(double_divide(X3,X4),inverse(double_divide(inverse(X2),X4))),double_divide(X0,X1)),X3) [forward demodulation 3544,1222]
3654. double_divide(double_divide(double_divide(X2,X3),inverse(double_divide(X0,inverse(double_divide(inverse(double_divide(X2,inverse(double_divide(inverse(double_divide(X4,X5)),X3)))),X1))))),X5) = double_divide(double_divide(X6,X4),inverse(double_divide(X6,double_divide(X0,X1)))) [forward demodulation 3549,1015]
3702. double_divide(double_divide(double_divide(double_divide(X2,X4),X0),X3),X1) = double_divide(X1,double_divide(inverse(double_divide(X2,inverse(double_divide(X3,X4)))),inverse(X0))) [forward demodulation 3597,638]
3754. inverse(double_divide(X2,double_divide(X0,X1))) = double_divide(X3,double_divide(double_divide(double_divide(X3,X4),inverse(double_divide(inverse(X2),X4))),double_divide(X0,X1))) [forward demodulation 3649,1818]
3759. double_divide(double_divide(X4,X1),inverse(X0)) = double_divide(double_divide(double_divide(X2,X3),inverse(double_divide(X0,inverse(double_divide(inverse(double_divide(X2,inverse(double_divide(inverse(double_divide(X4,X5)),X3)))),X1))))),X5) [forward demodulation 3654,1386]
3805. double_divide(double_divide(double_divide(double_divide(X2,X4),X0),X3),X1) = double_divide(X1,double_divide(X2,inverse(double_divide(inverse(double_divide(X3,X4)),inverse(X0))))) [forward demodulation 3702,1015]
3855. inverse(double_divide(X2,double_divide(X0,X1))) = double_divide(double_divide(double_divide(inverse(double_divide(inverse(X2),X4)),X1),X4),X0) [forward demodulation 3754,3323]
3860. double_divide(double_divide(X4,X1),inverse(X0)) = double_divide(X5,double_divide(double_divide(X2,X3),inverse(double_divide(X0,inverse(double_divide(inverse(double_divide(X2,inverse(double_divide(inverse(double_divide(X4,X5)),X3)))),X1)))))) [forward demodulation 3759,1818]
3904. double_divide(double_divide(double_divide(double_divide(X2,X4),X0),X3),X1) = double_divide(X1,double_divide(X2,double_divide(X0,inverse(inverse(double_divide(X3,X4)))))) [forward demodulation 3805,638]
3953. inverse(double_divide(X2,double_divide(X0,X1))) = double_divide(double_divide(X4,double_divide(inverse(double_divide(inverse(X2),X4)),X1)),X0) [forward demodulation 3855,1818]
3958. double_divide(double_divide(X4,X1),inverse(X0)) = double_divide(X5,inverse(double_divide(double_divide(double_divide(X2,X3),inverse(double_divide(X2,inverse(double_divide(inverse(double_divide(X4,X5)),X3))))),double_divide(X0,X1)))) [forward demodulation 3860,593]
3999. double_divide(double_divide(double_divide(double_divide(X2,X4),X0),X3),X1) = double_divide(X1,double_divide(X2,double_divide(X0,double_divide(X3,X4)))) [forward demodulation 3904,2528]
4048. inverse(double_divide(X2,double_divide(X0,X1))) = double_divide(double_divide(X4,double_divide(inverse(X2),inverse(double_divide(X4,X1)))),X0) [forward demodulation 3953,1015]
4053. double_divide(double_divide(X4,X1),inverse(X0)) = double_divide(X5,double_divide(double_divide(double_divide(double_divide(X2,X3),inverse(double_divide(inverse(double_divide(X4,X5)),X3))),double_divide(X0,X1)),X2)) [forward demodulation 3958,1222]
4136. inverse(double_divide(X2,double_divide(X0,X1))) = double_divide(inverse(double_divide(inverse(X2),X1)),X0) [forward demodulation 4048,3407]
4141. double_divide(double_divide(X4,X1),inverse(X0)) = double_divide(X5,double_divide(X2,double_divide(X2,double_divide(inverse(double_divide(inverse(double_divide(X4,X5)),X3)),double_divide(double_divide(X0,X1),X3))))) [forward demodulation 4053,3999]
4215. inverse(double_divide(X2,double_divide(X0,X1))) = double_divide(inverse(X2),inverse(double_divide(X1,X0))) [forward demodulation 4136,1015]
4220. double_divide(double_divide(X4,X1),inverse(X0)) = double_divide(X5,double_divide(inverse(double_divide(inverse(double_divide(X4,X5)),X3)),double_divide(double_divide(X0,X1),X3))) [forward demodulation 4141,1413]
4287. double_divide(double_divide(X4,X1),inverse(X0)) = double_divide(X5,double_divide(inverse(double_divide(X4,X5)),inverse(double_divide(X3,double_divide(double_divide(X0,X1),X3))))) [forward demodulation 4220,1015]
4341. double_divide(double_divide(X4,X1),inverse(X0)) = double_divide(X5,inverse(double_divide(double_divide(X4,X3),double_divide(X5,double_divide(double_divide(X0,X1),X3))))) [forward demodulation 4287,97]
4386. double_divide(double_divide(X0,X1),inverse(X4)) = double_divide(double_divide(X4,X1),inverse(X0)) [forward demodulation 4341,2638]
4490. inverse(double_divide(X1,X3)) = double_divide(inverse(double_divide(double_divide(X0,X1),inverse(double_divide(X0,X2)))),double_divide(X2,X3)) [superposition 1392,11]
4516. double_divide(double_divide(X1,X2),inverse(X0)) = inverse(double_divide(double_divide(X3,double_divide(X2,X0)),inverse(double_divide(X3,X1)))) [superposition 11,1392]
4560. double_divide(double_divide(X1,inverse(X0)),X2) = inverse(double_divide(double_divide(X4,double_divide(double_divide(inverse(double_divide(X2,X3)),X0),X3)),inverse(double_divide(X4,X1)))) [superposition 16,1392]
4568. inverse(double_divide(double_divide(X0,X2),double_divide(X1,X3))) = double_divide(inverse(double_divide(X1,inverse(double_divide(X2,X3)))),X0) [superposition 8,1392]
4574. inverse(double_divide(double_divide(X0,X2),double_divide(X1,X3))) = double_divide(X1,inverse(double_divide(inverse(double_divide(X2,X3)),X0))) [forward demodulation 4568,1015]
4582. double_divide(double_divide(X1,inverse(X0)),X2) = double_divide(inverse(double_divide(double_divide(X4,X1),X4)),double_divide(double_divide(inverse(double_divide(X2,X3)),X0),X3)) [forward demodulation 4560,588]
4620. double_divide(double_divide(X1,X2),inverse(X0)) = double_divide(inverse(double_divide(double_divide(X3,X1),X3)),double_divide(X2,X0)) [forward demodulation 4516,588]
4641. inverse(double_divide(X1,X3)) = double_divide(double_divide(X0,X1),inverse(double_divide(inverse(double_divide(X0,X2)),double_divide(X2,X3)))) [forward demodulation 4490,1015]
4648. inverse(double_divide(double_divide(X0,X2),double_divide(X1,X3))) = double_divide(X1,inverse(double_divide(X2,inverse(double_divide(X3,X0))))) [forward demodulation 4574,1015]
4655. double_divide(double_divide(X1,inverse(X0)),X2) = double_divide(double_divide(X4,X1),inverse(double_divide(X4,double_divide(double_divide(inverse(double_divide(X2,X3)),X0),X3)))) [forward demodulation 4582,1015]
4688. double_divide(double_divide(X1,X2),inverse(X0)) = double_divide(double_divide(X3,X1),inverse(double_divide(X3,double_divide(X2,X0)))) [forward demodulation 4620,1015]
4708. inverse(double_divide(X1,X3)) = double_divide(double_divide(X0,X1),inverse(double_divide(X0,inverse(double_divide(X2,double_divide(X2,X3)))))) [forward demodulation 4641,1015]
4714. inverse(double_divide(double_divide(X0,X2),double_divide(X1,X3))) = double_divide(X1,double_divide(double_divide(X3,X0),inverse(X2))) [forward demodulation 4648,638]
4721. double_divide(double_divide(X1,inverse(X0)),X2) = double_divide(double_divide(X1,X3),inverse(double_divide(inverse(double_divide(X2,X3)),X0))) [forward demodulation 4655,1386]
4751. double_divide(double_divide(X1,X2),inverse(X0)) = double_divide(double_divide(X2,X0),inverse(X1)) [forward demodulation 4688,2530]
4768. inverse(double_divide(X1,X3)) = double_divide(inverse(double_divide(X2,double_divide(X2,X3))),inverse(X1)) [forward demodulation 4708,2530]
4778. double_divide(double_divide(X1,inverse(X0)),X2) = double_divide(double_divide(X1,X3),inverse(double_divide(X2,inverse(double_divide(X3,X0))))) [forward demodulation 4721,1015]
4809. inverse(double_divide(X1,X3)) = double_divide(X2,inverse(double_divide(double_divide(X2,X3),inverse(X1)))) [forward demodulation 4768,1015]
4818. double_divide(double_divide(X1,inverse(X0)),X2) = inverse(double_divide(double_divide(double_divide(X1,X3),X3),double_divide(X2,X0))) [forward demodulation 4778,593]
4842. inverse(double_divide(X1,X3)) = double_divide(inverse(X1),inverse(X3)) [forward demodulation 4809,2610]
4850. double_divide(double_divide(X1,inverse(X0)),X2) = double_divide(X2,double_divide(double_divide(X0,double_divide(X1,X3)),inverse(X3))) [forward demodulation 4818,4714]
4873. double_divide(double_divide(X1,inverse(X0)),X2) = double_divide(X2,double_divide(double_divide(X3,X0),inverse(double_divide(X1,X3)))) [forward demodulation 4850,4751]
4890. double_divide(double_divide(X1,inverse(X0)),X2) = double_divide(X2,double_divide(X3,inverse(double_divide(X1,double_divide(X3,X0))))) [forward demodulation 4873,1961]
4908. double_divide(double_divide(X1,X0),inverse(double_divide(X2,inverse(double_divide(X1,X3))))) = inverse(double_divide(double_divide(X4,inverse(X0)),inverse(double_divide(X4,double_divide(X2,X3))))) [superposition 24,1392]
4909. inverse(double_divide(double_divide(X4,inverse(X0)),inverse(double_divide(X4,double_divide(X2,X3))))) = double_divide(double_divide(X0,X1),inverse(double_divide(X2,inverse(double_divide(X1,X3))))) [superposition 24,1273]
4948. double_divide(X3,inverse(double_divide(double_divide(X2,X4),inverse(double_divide(X5,inverse(double_divide(X1,X4))))))) = inverse(double_divide(double_divide(X6,inverse(double_divide(X3,X5))),inverse(double_divide(X6,inverse(double_divide(double_divide(X0,X1),inverse(double_divide(X0,X2)))))))) [superposition 24,11]
4959. double_divide(X2,inverse(double_divide(X0,inverse(double_divide(X3,X1))))) = inverse(double_divide(double_divide(double_divide(X4,inverse(X4)),inverse(double_divide(X2,X3))),double_divide(X0,X1))) [superposition 24,199]
4962. double_divide(X1,inverse(double_divide(double_divide(X2,X3),inverse(double_divide(X4,inverse(double_divide(X5,X3))))))) = inverse(double_divide(double_divide(double_divide(double_divide(X0,X5),X2),inverse(double_divide(X1,X4))),X0)) [superposition 24,9]
5065. double_divide(X1,inverse(double_divide(double_divide(X2,X3),inverse(double_divide(X4,inverse(double_divide(X5,X3))))))) = double_divide(double_divide(double_divide(double_divide(double_divide(X0,X5),X2),X4),X0),X1) [forward demodulation 4962,1222]
5068. double_divide(X2,inverse(double_divide(X0,inverse(double_divide(X3,X1))))) = double_divide(X0,double_divide(double_divide(X1,double_divide(X4,inverse(X4))),inverse(inverse(double_divide(X2,X3))))) [forward demodulation 4959,4714]
5079. double_divide(X3,inverse(double_divide(double_divide(X2,X4),inverse(double_divide(X5,inverse(double_divide(X1,X4))))))) = double_divide(double_divide(X0,X2),inverse(double_divide(X0,inverse(double_divide(inverse(double_divide(X3,X5)),X1))))) [forward demodulation 4948,533]
5118. inverse(double_divide(double_divide(X4,inverse(X0)),inverse(double_divide(X4,double_divide(X2,X3))))) = inverse(double_divide(double_divide(double_divide(X0,X1),X1),double_divide(X2,X3))) [forward demodulation 4909,593]
5119. double_divide(double_divide(X1,X0),inverse(double_divide(X2,inverse(double_divide(X1,X3))))) = double_divide(inverse(double_divide(double_divide(X4,double_divide(X2,X3)),X4)),inverse(X0)) [forward demodulation 4908,588]
5164. double_divide(X1,inverse(double_divide(double_divide(X2,X3),inverse(double_divide(X4,inverse(double_divide(X5,X3))))))) = double_divide(double_divide(X0,double_divide(X0,double_divide(X2,double_divide(X4,X5)))),X1) [forward demodulation 5065,3999]
5167. double_divide(X2,inverse(double_divide(X0,inverse(double_divide(X3,X1))))) = double_divide(X0,double_divide(inverse(inverse(double_divide(X2,X3))),inverse(X1))) [forward demodulation 5068,1907]
5178. double_divide(X3,inverse(double_divide(double_divide(X2,X4),inverse(double_divide(X5,inverse(double_divide(X1,X4))))))) = double_divide(inverse(double_divide(inverse(double_divide(X3,X5)),X1)),inverse(X2)) [forward demodulation 5079,2530]
5217. inverse(double_divide(double_divide(X4,inverse(X0)),inverse(double_divide(X4,double_divide(X2,X3))))) = double_divide(X2,double_divide(double_divide(X3,double_divide(X0,X1)),inverse(X1))) [forward demodulation 5118,4714]
5218. double_divide(double_divide(X1,X0),inverse(double_divide(X2,inverse(double_divide(X1,X3))))) = double_divide(double_divide(X4,double_divide(X2,X3)),inverse(double_divide(X4,inverse(X0)))) [forward demodulation 5119,1015]
5262. double_divide(X1,inverse(double_divide(double_divide(X2,X3),inverse(double_divide(X4,inverse(double_divide(X5,X3))))))) = double_divide(double_divide(X2,double_divide(X4,X5)),X1) [forward demodulation 5164,1413]
5265. double_divide(X2,inverse(double_divide(X0,inverse(double_divide(X3,X1))))) = double_divide(X0,inverse(double_divide(inverse(double_divide(X2,X3)),X1))) [forward demodulation 5167,4842]
5276. double_divide(X3,inverse(double_divide(double_divide(X2,X4),inverse(double_divide(X5,inverse(double_divide(X1,X4))))))) = double_divide(inverse(double_divide(X3,X5)),inverse(double_divide(X1,inverse(X2)))) [forward demodulation 5178,1015]
5315. inverse(double_divide(double_divide(X4,inverse(X0)),inverse(double_divide(X4,double_divide(X2,X3))))) = double_divide(X2,double_divide(double_divide(X1,X3),inverse(double_divide(X0,X1)))) [forward demodulation 5217,4751]
5316. double_divide(double_divide(X1,X0),inverse(double_divide(X2,inverse(double_divide(X1,X3))))) = double_divide(inverse(X0),inverse(double_divide(X2,X3))) [forward demodulation 5218,2530]
5357. double_divide(double_divide(X2,double_divide(X4,X5)),X1) = inverse(double_divide(double_divide(X1,X4),double_divide(double_divide(X2,X3),inverse(double_divide(X5,X3))))) [forward demodulation 5262,593]
5359. double_divide(X2,inverse(double_divide(X0,inverse(double_divide(X3,X1))))) = double_divide(X0,inverse(double_divide(X2,inverse(double_divide(X3,X1))))) [forward demodulation 5265,1015]
5370. double_divide(X3,inverse(double_divide(double_divide(X2,X4),inverse(double_divide(X5,inverse(double_divide(X1,X4))))))) = inverse(double_divide(double_divide(X3,X1),double_divide(X5,inverse(X2)))) [forward demodulation 5276,97]
5409. inverse(double_divide(double_divide(X4,inverse(X0)),inverse(double_divide(X4,double_divide(X2,X3))))) = double_divide(X2,double_divide(X1,inverse(double_divide(X0,double_divide(X1,X3))))) [forward demodulation 5315,1961]
5410. double_divide(double_divide(X1,X0),inverse(double_divide(X2,inverse(double_divide(X1,X3))))) = inverse(double_divide(X0,double_divide(X3,X2))) [forward demodulation 5316,4215]
5449. double_divide(double_divide(X2,double_divide(X4,X5)),X1) = double_divide(double_divide(X2,X3),double_divide(double_divide(inverse(double_divide(X5,X3)),X1),inverse(X4))) [forward demodulation 5357,4714]
5451. double_divide(X2,inverse(double_divide(X0,inverse(double_divide(X3,X1))))) = inverse(double_divide(double_divide(X0,X3),double_divide(X2,X1))) [forward demodulation 5359,593]
5462. double_divide(X3,inverse(double_divide(double_divide(X2,X4),inverse(double_divide(X5,inverse(double_divide(X1,X4))))))) = double_divide(X5,double_divide(double_divide(inverse(X2),X3),inverse(X1))) [forward demodulation 5370,4714]
5499. inverse(double_divide(double_divide(X4,inverse(X0)),inverse(double_divide(X4,double_divide(X2,X3))))) = double_divide(double_divide(X0,inverse(X3)),X2) [forward demodulation 5409,4890]
5500. inverse(double_divide(X0,double_divide(X3,X2))) = inverse(double_divide(double_divide(double_divide(X1,X0),X1),double_divide(X2,X3))) [forward demodulation 5410,593]
5537. double_divide(double_divide(X2,double_divide(X4,X5)),X1) = double_divide(double_divide(X2,X3),double_divide(double_divide(X5,inverse(double_divide(X3,X1))),inverse(X4))) [forward demodulation 5449,1015]
5539. double_divide(X2,inverse(double_divide(X0,inverse(double_divide(X3,X1))))) = double_divide(X2,double_divide(double_divide(X1,X0),inverse(X3))) [forward demodulation 5451,4714]
5544. double_divide(X5,double_divide(double_divide(inverse(X2),X3),inverse(X1))) = inverse(double_divide(double_divide(X3,X5),double_divide(double_divide(X2,X4),inverse(double_divide(X1,X4))))) [forward demodulation 5462,593]
5577. double_divide(inverse(double_divide(double_divide(X4,double_divide(X2,X3)),X4)),inverse(X0)) = double_divide(double_divide(X0,inverse(X3)),X2) [forward demodulation 5499,588]
5578. inverse(double_divide(X0,double_divide(X3,X2))) = double_divide(X2,double_divide(double_divide(X3,double_divide(X1,X0)),inverse(X1))) [forward demodulation 5500,4714]
5610. double_divide(X2,double_divide(double_divide(X3,X1),inverse(X0))) = double_divide(X2,double_divide(double_divide(X1,X0),inverse(X3))) [forward demodulation 5539,638]
5615. double_divide(X5,double_divide(double_divide(inverse(X2),X3),inverse(X1))) = double_divide(double_divide(X2,X4),double_divide(double_divide(inverse(double_divide(X1,X4)),X3),inverse(X5))) [forward demodulation 5544,4714]
5641. double_divide(double_divide(X4,double_divide(X2,X3)),inverse(double_divide(X4,inverse(X0)))) = double_divide(double_divide(X0,inverse(X3)),X2) [forward demodulation 5577,1015]
5642. inverse(double_divide(X0,double_divide(X3,X2))) = double_divide(X2,double_divide(double_divide(X1,X3),inverse(double_divide(X1,X0)))) [forward demodulation 5578,4751]
5670. double_divide(X5,double_divide(double_divide(inverse(X2),X3),inverse(X1))) = double_divide(double_divide(X2,X4),double_divide(double_divide(X1,inverse(double_divide(X4,X3))),inverse(X5))) [forward demodulation 5615,1015]
5694. double_divide(inverse(X0),inverse(double_divide(X2,X3))) = double_divide(double_divide(X0,inverse(X3)),X2) [forward demodulation 5641,2530]
5695. inverse(double_divide(X0,double_divide(X3,X2))) = double_divide(X2,double_divide(X0,inverse(X3))) [forward demodulation 5642,2530]
5718. double_divide(X5,double_divide(double_divide(inverse(X2),X3),inverse(X1))) = double_divide(double_divide(X2,double_divide(X5,X1)),X3) [forward demodulation 5670,5537]
5742. inverse(double_divide(X0,double_divide(X2,X3))) = double_divide(double_divide(X0,inverse(X3)),X2) [forward demodulation 5694,4842]
5782. double_divide(double_divide(X0,inverse(X3)),X2) = double_divide(X3,double_divide(X0,inverse(X2))) [forward demodulation 5742,5695]
6023. inverse(double_divide(X0,inverse(double_divide(X2,X1)))) = double_divide(double_divide(X1,inverse(double_divide(X2,inverse(double_divide(X3,X0))))),X3) [superposition 16,1413]
6040. inverse(double_divide(double_divide(X3,X2),inverse(double_divide(X3,X1)))) = double_divide(double_divide(X1,double_divide(X2,X0)),inverse(X0)) [superposition 11,1413]
6099. inverse(double_divide(double_divide(X3,X2),inverse(double_divide(X3,X1)))) = double_divide(double_divide(X0,X1),inverse(double_divide(X2,X0))) [forward demodulation 6040,4751]
6116. inverse(double_divide(X0,inverse(double_divide(X2,X1)))) = double_divide(double_divide(X2,inverse(double_divide(X3,X0))),double_divide(X1,inverse(X3))) [forward demodulation 6023,5782]
6150. inverse(double_divide(double_divide(X3,X2),inverse(double_divide(X3,X1)))) = double_divide(X0,inverse(double_divide(X2,double_divide(X0,X1)))) [forward demodulation 6099,1961]
6165. inverse(double_divide(X0,inverse(double_divide(X2,X1)))) = double_divide(double_divide(X3,X0),double_divide(X2,inverse(double_divide(X1,inverse(X3))))) [forward demodulation 6116,3170]
6197. inverse(double_divide(double_divide(X3,X2),inverse(double_divide(X3,X1)))) = double_divide(X0,double_divide(X1,double_divide(X2,inverse(X0)))) [forward demodulation 6150,5695]
6210. inverse(double_divide(X0,inverse(double_divide(X2,X1)))) = double_divide(double_divide(X3,X0),double_divide(X2,double_divide(X3,inverse(X1)))) [forward demodulation 6165,638]
6239. double_divide(X0,double_divide(X1,double_divide(X2,inverse(X0)))) = double_divide(inverse(double_divide(double_divide(X3,X1),X3)),X2) [forward demodulation 6197,588]
6249. double_divide(double_divide(X2,X1),inverse(X0)) = double_divide(double_divide(X3,X0),double_divide(X2,double_divide(X3,inverse(X1)))) [forward demodulation 6210,638]
6275. double_divide(double_divide(X3,X1),inverse(double_divide(X3,X2))) = double_divide(X0,double_divide(X1,double_divide(X2,inverse(X0)))) [forward demodulation 6239,1015]
6305. double_divide(X2,inverse(X1)) = double_divide(X0,double_divide(X1,double_divide(X2,inverse(X0)))) [forward demodulation 6275,2530]
6496. double_divide(X2,inverse(X2)) = inverse(double_divide(double_divide(double_divide(X0,inverse(double_divide(X3,inverse(double_divide(X1,X4))))),inverse(double_divide(X0,X1))),double_divide(X3,X4))) [superposition 19,369]
6598. double_divide(X2,inverse(X2)) = double_divide(X3,double_divide(double_divide(X4,double_divide(X0,inverse(double_divide(X3,inverse(double_divide(X1,X4)))))),inverse(inverse(double_divide(X0,X1))))) [forward demodulation 6496,4714]
6756. double_divide(X2,inverse(X2)) = double_divide(X3,double_divide(double_divide(inverse(double_divide(X0,X1)),X4),inverse(double_divide(X0,inverse(double_divide(X3,inverse(double_divide(X1,X4)))))))) [forward demodulation 6598,5610]
6914. double_divide(X2,inverse(X2)) = double_divide(double_divide(double_divide(X0,X1),double_divide(X3,double_divide(X0,inverse(double_divide(X3,inverse(double_divide(X1,X4))))))),X4) [forward demodulation 6756,5718]
7071. double_divide(X2,inverse(X2)) = double_divide(X4,double_divide(double_divide(X0,X1),double_divide(X3,double_divide(X0,inverse(double_divide(X3,inverse(double_divide(X1,X4)))))))) [forward demodulation 6914,1818]
7227. double_divide(X2,inverse(X2)) = double_divide(X4,double_divide(double_divide(X3,double_divide(X3,inverse(double_divide(X1,X4)))),inverse(X1))) [forward demodulation 7071,6249]
7383. double_divide(X2,inverse(X2)) = double_divide(X4,double_divide(double_divide(X1,X3),inverse(double_divide(X3,inverse(double_divide(X1,X4)))))) [forward demodulation 7227,5610]
7539. double_divide(X2,inverse(X2)) = double_divide(X4,inverse(double_divide(double_divide(double_divide(X1,X3),X1),double_divide(X3,X4)))) [forward demodulation 7383,593]
7695. double_divide(X2,inverse(X2)) = double_divide(double_divide(double_divide(X1,X3),X1),inverse(X3)) [forward demodulation 7539,3421]
7851. double_divide(X2,inverse(X2)) = double_divide(double_divide(X3,X1),inverse(double_divide(X1,X3))) [forward demodulation 7695,4386]
8005. double_divide(X2,inverse(X2)) = double_divide(X3,inverse(double_divide(X1,double_divide(X3,X1)))) [forward demodulation 7851,1961]
8155. double_divide(X2,inverse(X2)) = double_divide(X3,double_divide(X1,double_divide(X1,inverse(X3)))) [forward demodulation 8005,5695]
8304. double_divide(X1,inverse(X1)) = double_divide(X2,inverse(X2)) [forward demodulation 8155,6305]
33489. a2 != inverse(double_divide(a2,inverse(double_divide(X0,inverse(X0))))) [superposition 5,8304]
33634. $false [forward subsumption resolution 33489,624]
% SZS output end Proof for GRP594-1
% ------------------------------
% Version: Vampire 5.0.0 (Release build, commit 2e2c9b7b8 on 2026-01-17 12:24:14 +0100)
% Linked with Z3 4.14.0.0 3c47fd96cf5645d0c42b2c819d9e9a84380aa721 z3-4.8.4-9178-g3c47fd96c
% CaDiCaL version: 2.1.3
% Termination reason: Refutation
% Time elapsed: 0.333 s
% Peak memory usage: 58 MB
% Instructions burned: 1218 (million)
% ------------------------------
% ------------------------------
