% Running in auto input_syntax mode. Trying TPTP
% Refutation found. Thanks to Tanya!
% SZS status Unsatisfiable for GRP660-13
% SZS output start Proof for GRP660-13
1. mult(X0,ld(X0,X1)) = X1 [input(axiom)]
2. ld(X0,mult(X0,X1)) = X1 [input(axiom)]
3. mult(rd(X0,X1),X1) = X0 [input(axiom)]
4. rd(mult(X0,X1),X1) = X0 [input(axiom)]
5. mult(mult(mult(X0,X1),X2),X0) = mult(X0,mult(X1,mult(X2,X0))) [input(axiom)]
6. mult(x0,ld(x1,x1)) != x0 [input(negated conjecture)]
7. x0 != mult(x0,ld(x1,x1)) [reorient equations 6]
8. ld(rd(X0,X1),X0) = X1 [superposition 2,3]
9. rd(X0,ld(X1,X0)) = X1 [superposition 4,1]
10. mult(X1,mult(ld(X1,X0),mult(X2,X1))) = mult(mult(X0,X2),X1) [superposition 5,1]
13. mult(mult(X0,X1),mult(X2,mult(X0,mult(X0,X1)))) = mult(mult(X0,mult(X1,mult(X2,X0))),mult(X0,X1)) [superposition 5,5]
14. mult(X0,X1) = mult(X1,mult(X2,mult(ld(mult(X1,X2),X0),X1))) [superposition 5,1]
15. mult(mult(X0,X1),X2) = rd(mult(X0,mult(X1,mult(X2,X0))),X0) [superposition 4,5]
16. ld(mult(mult(X0,X1),X2),mult(X0,mult(X1,mult(X2,X0)))) = X0 [superposition 2,5]
25. mult(mult(X2,rd(X0,X1)),X1) = mult(X1,mult(ld(X1,X2),X0)) [superposition 10,3]
29. mult(ld(X2,X0),mult(X1,X2)) = ld(X2,mult(mult(X0,X1),X2)) [superposition 2,10]
42. mult(X2,mult(ld(mult(X1,X2),X0),X1)) = ld(X1,mult(X0,X1)) [superposition 2,14]
57. mult(mult(X1,X2),rd(X0,X1)) = rd(mult(X1,mult(X2,X0)),X1) [superposition 15,3]
59. mult(mult(mult(X1,X2),X2),ld(X2,X0)) = rd(mult(mult(X1,X2),mult(mult(X0,X1),X2)),mult(X1,X2)) [superposition 15,10]
61. mult(mult(X1,rd(X0,mult(X2,X1))),X2) = rd(mult(X1,X0),X1) [superposition 15,3]
85. ld(mult(mult(X1,X2),rd(X0,X1)),mult(X1,mult(X2,X0))) = X1 [superposition 16,3]
112. mult(X0,X2) = mult(X2,mult(ld(X2,rd(X0,rd(X1,X2))),X1)) [superposition 25,3]
117. ld(mult(X1,rd(X2,X0)),mult(X0,mult(ld(X0,X1),X2))) = X0 [superposition 2,25]
125. ld(mult(X0,mult(ld(X0,X1),X2)),mult(X1,mult(rd(X2,X0),mult(X0,X1)))) = X1 [superposition 16,25]
254. ld(X1,mult(X0,X1)) = mult(ld(X1,X2),mult(ld(X2,X0),X1)) [superposition 29,1]
257. ld(X1,mult(X0,X1)) = mult(ld(X1,rd(X0,X2)),mult(X2,X1)) [superposition 29,3]
264. mult(ld(mult(X0,X1),X0),mult(mult(X1,mult(X2,X0)),mult(X0,X1))) = ld(mult(X0,X1),mult(mult(X0,X1),mult(X2,mult(X0,mult(X0,X1))))) [superposition 29,13]
276. mult(X2,mult(X0,mult(X0,X1))) = mult(ld(mult(X0,X1),X0),mult(mult(X1,mult(X2,X0)),mult(X0,X1))) [forward demodulation 264,2]
401. mult(ld(mult(X0,X2),X1),X0) = ld(X2,ld(X0,mult(X1,X0))) [superposition 2,42]
402. rd(ld(X0,mult(X1,X0)),mult(ld(mult(X0,X2),X1),X0)) = X2 [superposition 4,42]
444. rd(mult(X1,X0),X1) = mult(mult(X1,X2),rd(ld(X2,X0),X1)) [superposition 57,1]
448. rd(mult(X1,X0),X1) = mult(mult(X1,rd(X0,X2)),rd(X2,X1)) [superposition 57,3]
456. mult(mult(X2,ld(mult(X0,X2),X1)),rd(X0,X2)) = rd(ld(X0,mult(X1,X0)),X2) [superposition 57,42]
487. rd(mult(ld(X1,X0),X2),ld(X1,X0)) = mult(mult(ld(X1,X0),rd(X2,X0)),X1) [superposition 61,1]
575. ld(mult(mult(X2,ld(mult(X0,X2),X1)),rd(X0,X2)),ld(X0,mult(X1,X0))) = X2 [superposition 85,42]
594. mult(ld(mult(X0,mult(mult(X2,ld(mult(X0,X2),X1)),rd(X0,X2))),X1),X0) = X2 [forward demodulation 575,401]
611. mult(ld(mult(X0,rd(ld(X0,mult(X1,X0)),X2)),X1),X0) = X2 [forward demodulation 594,456]
639. ld(X1,mult(X0,X1)) = mult(ld(X1,rd(X0,rd(X2,X1))),X2) [superposition 2,112]
640. rd(mult(X0,X1),mult(ld(X1,rd(X0,rd(X2,X1))),X2)) = X1 [superposition 4,112]
765. ld(mult(X1,rd(ld(ld(X2,X1),X0),X2)),mult(X2,X0)) = X2 [superposition 117,1]
1251. ld(X0,X2) = rd(ld(X0,mult(X1,X0)),mult(ld(X2,X1),X0)) [superposition 4,254]
1472. ld(ld(X1,X0),mult(X2,ld(X1,X0))) = mult(ld(ld(X1,X0),rd(X2,X1)),X0) [superposition 257,1]
1502. ld(X0,rd(X1,X2)) = rd(ld(X0,mult(X1,X0)),mult(X2,X0)) [superposition 4,257]
2003. mult(ld(mult(X1,X2),rd(X0,X1)),X1) = ld(X2,ld(X1,X0)) [superposition 401,3]
2005. ld(X1,X0) = mult(ld(mult(X0,X1),X0),X0) [superposition 401,2]
2219. ld(ld(X1,X0),X1) = mult(ld(X0,X1),X1) [superposition 2005,1]
2241. ld(ld(mult(X1,X0),X1),ld(X0,X1)) = X1 [superposition 2,2005]
2242. ld(mult(X1,X0),X1) = rd(ld(X0,X1),X1) [superposition 4,2005]
2539. ld(X1,X0) = rd(X1,mult(ld(X0,X1),X1)) [superposition 9,2219]
2699. mult(X1,X0) = ld(ld(mult(mult(X1,X0),X1),mult(X1,X0)),X0) [superposition 2241,2]
2711. ld(ld(mult(X1,rd(X1,X0)),X1),X0) = X1 [superposition 2241,8]
3255. rd(X1,mult(X0,X1)) = ld(X1,rd(X1,X0)) [superposition 2539,8]
5484. rd(mult(X1,X2),X1) = mult(X0,rd(ld(ld(X1,X0),X2),X1)) [superposition 444,1]
5506. rd(mult(rd(X0,X1),X2),rd(X0,X1)) = mult(X0,rd(ld(X1,X2),rd(X0,X1))) [superposition 444,3]
8158. rd(X0,X1) = ld(mult(X1,rd(ld(X1,mult(X2,X1)),X0)),X2) [superposition 4,611]
9142. ld(X1,X0) = rd(X0,mult(ld(ld(X1,X0),rd(X1,rd(X2,ld(X1,X0)))),X2)) [superposition 640,1]
9292. ld(X1,X0) = rd(X0,ld(ld(X1,X0),mult(X1,ld(X1,X0)))) [forward demodulation 9142,639]
9328. ld(X1,X0) = rd(X0,mult(ld(ld(X1,X0),rd(X1,X1)),X0)) [forward demodulation 9292,1472]
9349. ld(X1,X0) = ld(X0,rd(X0,ld(ld(X1,X0),rd(X1,X1)))) [forward demodulation 9328,3255]
9945. rd(X0,X2) = ld(mult(X1,rd(ld(ld(rd(X0,X2),X1),X2),rd(X0,X2))),X0) [superposition 765,3]
9951. mult(X0,mult(X0,X1)) = ld(rd(ld(ld(X0,mult(X0,X1)),X1),X0),mult(X0,X1)) [superposition 2005,765]
9955. rd(ld(ld(X0,X1),X2),X0) = rd(ld(X1,mult(mult(X0,X2),X1)),mult(X0,X1)) [superposition 402,765]
9999. rd(ld(ld(X0,X1),X2),X0) = ld(X1,rd(mult(X0,X2),X0)) [forward demodulation 9955,1502]
10002. mult(X0,mult(X0,X1)) = ld(rd(ld(X1,X1),X0),mult(X0,X1)) [forward demodulation 9951,2]
10008. rd(X0,X2) = ld(rd(mult(rd(X0,X2),X2),rd(X0,X2)),X0) [forward demodulation 9945,5484]
10061. rd(X0,X2) = ld(mult(X0,rd(ld(X2,X2),rd(X0,X2))),X0) [forward demodulation 10008,5506]
11026. ld(X1,X2) = rd(ld(X1,X0),mult(ld(X2,rd(X0,X1)),X1)) [superposition 1251,3]
13577. ld(ld(X1,X0),ld(X1,X2)) = mult(ld(X0,rd(X2,X1)),X1) [superposition 2003,1]
20066. mult(X1,ld(X0,X1)) = rd(X1,ld(ld(X0,X1),rd(X0,X0))) [superposition 1,9349]
20497. ld(ld(X1,X0),X2) = mult(ld(X0,rd(mult(X1,X2),X1)),X1) [superposition 3,9999]
21155. mult(X0,X1) = mult(rd(ld(X1,X1),X0),mult(X0,mult(X0,X1))) [superposition 1,10002]
22084. ld(X0,X0) = ld(rd(ld(X0,X0),X0),rd(ld(X0,X0),X0)) [superposition 2711,10061]
22154. ld(X0,X0) = ld(ld(mult(X0,X0),X0),ld(mult(X0,X0),X0)) [forward demodulation 22084,2242]
22188. ld(X0,X0) = mult(ld(X0,rd(X0,mult(X0,X0))),mult(X0,X0)) [forward demodulation 22154,13577]
22209. ld(X0,X0) = mult(ld(X0,ld(X0,rd(X0,X0))),mult(X0,X0)) [forward demodulation 22188,3255]
25347. rd(mult(mult(ld(X1,rd(X2,X0)),X0),X2),mult(ld(X1,rd(X2,X0)),X0)) = mult(mult(mult(ld(X1,rd(X2,X0)),X0),X0),ld(X0,X1)) [superposition 444,11026]
37596. ld(ld(X1,X0),rd(X1,X1)) = ld(mult(X0,ld(X1,X0)),X0) [superposition 8,20066]
58719. mult(X0,ld(X0,X0)) = mult(mult(ld(X0,rd(X0,X0)),X0),X0) [superposition 10,22209]
58730. mult(mult(X0,ld(X0,ld(X0,rd(X0,X0)))),X0) = rd(mult(X0,ld(X0,X0)),X0) [superposition 15,22209]
59058. rd(X0,X0) = mult(mult(X0,ld(X0,ld(X0,rd(X0,X0)))),X0) [forward demodulation 58730,1]
59066. mult(mult(ld(X0,rd(X0,X0)),X0),X0) = X0 [forward demodulation 58719,1]
59136. rd(X0,X0) = mult(ld(X0,rd(X0,X0)),X0) [forward demodulation 59058,1]
60928. mult(ld(X0,rd(X0,X0)),X0) = ld(mult(X1,rd(ld(ld(mult(ld(X0,rd(X0,X0)),X0),X1),X0),mult(ld(X0,rd(X0,X0)),X0))),X0) [superposition 765,59066]
60955. mult(rd(ld(X0,X0),mult(ld(X0,rd(X0,X0)),X0)),mult(mult(ld(X0,rd(X0,X0)),X0),X0)) = X0 [superposition 21155,59066]
61249. mult(rd(ld(X0,X0),mult(ld(X0,rd(X0,X0)),X0)),X0) = X0 [forward demodulation 60955,59066]
61276. mult(ld(X0,rd(X0,X0)),X0) = ld(rd(mult(mult(ld(X0,rd(X0,X0)),X0),X0),mult(ld(X0,rd(X0,X0)),X0)),X0) [forward demodulation 60928,5484]
61501. mult(ld(X0,X0),X0) = X0 [forward demodulation 61249,11026]
61513. mult(ld(X0,rd(X0,X0)),X0) = ld(mult(mult(mult(ld(X0,rd(X0,X0)),X0),X0),ld(X0,X0)),X0) [forward demodulation 61276,25347]
61636. mult(ld(X0,rd(X0,X0)),X0) = ld(mult(X0,ld(X0,X0)),X0) [forward demodulation 61513,59066]
61682. ld(ld(X0,X0),rd(X0,X0)) = mult(ld(X0,rd(X0,X0)),X0) [forward demodulation 61636,37596]
61695. rd(X0,X0) = ld(ld(X0,X0),rd(X0,X0)) [forward demodulation 61682,59136]
63116. ld(X0,X0) = rd(X0,X0) [superposition 4,61501]
63138. ld(ld(X0,X0),mult(X1,ld(X0,X0))) = mult(X0,mult(ld(X0,X1),ld(X0,X0))) [superposition 42,61501]
63493. mult(ld(ld(X0,X0),rd(X1,X0)),X0) = mult(X0,mult(ld(X0,X1),ld(X0,X0))) [forward demodulation 63138,1472]
71607. mult(ld(X0,X0),rd(X0,X0)) = ld(X0,mult(rd(X0,X0),X0)) [superposition 254,59136]
71872. ld(X0,X0) = mult(ld(X0,X0),rd(X0,X0)) [forward demodulation 71607,3]
72090. ld(X0,X0) = mult(ld(X0,X0),ld(X0,X0)) [forward demodulation 71872,63116]
72907. rd(X0,X0) = ld(mult(ld(X0,X0),mult(rd(X0,X0),X1)),mult(rd(X0,X0),mult(rd(X1,ld(X0,X0)),mult(ld(X0,X0),rd(X0,X0))))) [superposition 125,61695]
72976. ld(X0,X0) = ld(mult(ld(X0,X0),mult(ld(X0,X0),X1)),mult(ld(X0,X0),mult(rd(X1,ld(X0,X0)),mult(ld(X0,X0),ld(X0,X0))))) [forward demodulation 72907,63116]
73032. ld(X0,X0) = ld(mult(ld(X0,X0),mult(ld(X0,X0),X1)),mult(ld(X0,X0),mult(rd(X1,ld(X0,X0)),ld(X0,X0)))) [forward demodulation 72976,72090]
73075. ld(X0,X0) = ld(mult(ld(X0,X0),mult(ld(X0,X0),X1)),mult(ld(X0,X0),X1)) [forward demodulation 73032,3]
74029. mult(mult(ld(X0,X0),ld(X0,X0)),ld(ld(X0,X0),X1)) = rd(mult(ld(X0,X0),mult(mult(X1,ld(X0,X0)),ld(X0,X0))),ld(X0,X0)) [superposition 59,72090]
74254. mult(mult(ld(X0,X0),ld(X0,X0)),ld(ld(X0,X0),X1)) = mult(mult(ld(X0,X0),mult(X1,ld(X0,X0))),rd(ld(X0,X0),ld(X0,X0))) [forward demodulation 74029,57]
74319. mult(mult(ld(X0,X0),ld(X0,X0)),ld(ld(X0,X0),X1)) = mult(mult(ld(X0,X0),mult(X1,ld(X0,X0))),ld(ld(X0,X0),ld(X0,X0))) [forward demodulation 74254,63116]
74372. mult(mult(ld(X0,X0),ld(X0,X0)),ld(ld(X0,X0),X1)) = mult(mult(ld(X0,X0),mult(X1,ld(X0,X0))),mult(ld(X0,rd(X0,X0)),X0)) [forward demodulation 74319,13577]
74416. mult(mult(ld(X0,X0),ld(X0,X0)),ld(ld(X0,X0),X1)) = mult(mult(ld(X0,X0),mult(X1,ld(X0,X0))),rd(X0,X0)) [forward demodulation 74372,59136]
74443. mult(mult(ld(X0,X0),ld(X0,X0)),ld(ld(X0,X0),X1)) = mult(mult(ld(X0,X0),mult(X1,ld(X0,X0))),ld(X0,X0)) [forward demodulation 74416,63116]
74456. mult(ld(X0,X0),ld(ld(X0,X0),X1)) = mult(mult(ld(X0,X0),mult(X1,ld(X0,X0))),ld(X0,X0)) [forward demodulation 74443,72090]
74464. mult(mult(ld(X0,X0),mult(X1,ld(X0,X0))),ld(X0,X0)) = X1 [forward demodulation 74456,1]
82051. mult(X1,mult(ld(X0,X0),ld(X0,X0))) = mult(ld(ld(X0,X0),ld(X0,X0)),mult(mult(ld(X0,X0),mult(X1,ld(X0,X0))),ld(X0,X0))) [superposition 276,72090]
82085. mult(X1,mult(ld(X0,X0),ld(X0,X0))) = mult(ld(ld(X0,X0),ld(X0,X0)),X1) [forward demodulation 82051,74464]
82118. mult(mult(ld(X0,rd(X0,X0)),X0),X1) = mult(X1,mult(ld(X0,X0),ld(X0,X0))) [forward demodulation 82085,13577]
82133. mult(X1,ld(X0,X0)) = mult(mult(ld(X0,rd(X0,X0)),X0),X1) [forward demodulation 82118,72090]
82141. mult(X1,ld(X0,X0)) = mult(rd(X0,X0),X1) [forward demodulation 82133,59136]
82144. mult(X1,ld(X0,X0)) = mult(ld(X0,X0),X1) [forward demodulation 82141,63116]
82173. ld(ld(X0,X0),mult(X2,ld(X0,X0))) = mult(X1,mult(ld(X0,X0),ld(mult(ld(X0,X0),X1),X2))) [superposition 42,82144]
82190. mult(ld(X0,X0),X1) = ld(ld(mult(ld(X0,X0),mult(ld(X0,X0),X1)),mult(ld(X0,X0),X1)),X1) [superposition 2699,82144]
82196. ld(X0,X0) = ld(X1,mult(ld(X0,X0),X1)) [superposition 2,82144]
82240. mult(ld(mult(ld(X0,X0),X2),X1),ld(X0,X0)) = ld(X2,ld(ld(X0,X0),mult(ld(X0,X0),X1))) [superposition 401,82144]
82295. mult(ld(X0,X0),rd(X1,ld(X0,X0))) = X1 [superposition 3,82144]
82436. ld(ld(ld(X1,X1),X2),X0) = mult(ld(X2,rd(mult(X0,ld(X1,X1)),ld(X1,X1))),ld(X1,X1)) [superposition 20497,82144]
82454. rd(mult(X0,ld(X1,X1)),ld(X1,X1)) = mult(mult(ld(X1,X1),rd(X0,X1)),X1) [superposition 487,82144]
82518. mult(X1,mult(ld(X1,ld(X1,X1)),X0)) = rd(mult(X0,ld(X1,X1)),ld(X1,X1)) [forward demodulation 82454,25]
82526. ld(ld(ld(X1,X1),X2),X0) = mult(ld(X1,X1),ld(X2,rd(mult(X0,ld(X1,X1)),ld(X1,X1)))) [forward demodulation 82436,82144]
82638. ld(X2,X1) = mult(ld(mult(ld(X0,X0),X2),X1),ld(X0,X0)) [forward demodulation 82240,2]
82658. ld(ld(X0,X0),X1) = mult(ld(X0,X0),X1) [forward demodulation 82190,73075]
82669. mult(X1,mult(ld(X0,X0),ld(mult(ld(X0,X0),X1),X2))) = mult(ld(ld(X0,X0),rd(X2,X0)),X0) [forward demodulation 82173,1472]
82684. mult(X1,mult(ld(X1,ld(X1,X1)),X0)) = X0 [forward demodulation 82518,4]
82687. ld(ld(ld(X1,X1),X2),X0) = mult(ld(X1,X1),ld(X2,X0)) [forward demodulation 82526,4]
82751. ld(X2,X1) = mult(ld(X0,X0),ld(mult(ld(X0,X0),X2),X1)) [forward demodulation 82638,82144]
82768. mult(X1,mult(ld(X0,X0),ld(mult(ld(X0,X0),X1),X2))) = mult(X0,mult(ld(X0,X2),ld(X0,X0))) [forward demodulation 82669,63493]
82777. ld(mult(ld(X1,X1),X2),X0) = mult(ld(X1,X1),ld(X2,X0)) [forward demodulation 82687,82658]
82831. mult(X1,ld(X1,X2)) = mult(X0,mult(ld(X0,X2),ld(X0,X0))) [forward demodulation 82768,82751]
82871. mult(X0,mult(ld(X0,X2),ld(X0,X0))) = X2 [forward demodulation 82831,1]
83014. ld(X1,X1) = ld(ld(ld(X1,X1),X0),X0) [superposition 82196,1]
83159. ld(X1,X1) = ld(mult(ld(X1,X1),X0),X0) [forward demodulation 83014,82658]
83203. ld(X1,X1) = mult(ld(X1,X1),ld(X0,X0)) [forward demodulation 83159,82777]
83360. rd(mult(ld(X1,X1),X0),ld(X1,X1)) = mult(X0,rd(ld(X1,X1),ld(X1,X1))) [superposition 448,82295]
83366. rd(ld(X0,X0),ld(X0,X0)) = ld(ld(ld(X0,X0),mult(X1,ld(X0,X0))),X1) [superposition 8158,82295]
83370. ld(ld(X1,X1),X0) = rd(X0,ld(X1,X1)) [superposition 2,82295]
83482. mult(ld(X1,X1),X0) = rd(X0,ld(X1,X1)) [forward demodulation 83370,82658]
83485. rd(ld(X0,X0),ld(X0,X0)) = ld(mult(ld(ld(X0,X0),rd(X1,X0)),X0),X1) [forward demodulation 83366,1472]
83490. rd(mult(ld(X1,X1),X0),ld(X1,X1)) = mult(X0,ld(ld(X1,X1),ld(X1,X1))) [forward demodulation 83360,63116]
83530. rd(ld(X0,X0),ld(X0,X0)) = ld(mult(X0,mult(ld(X0,X1),ld(X0,X0))),X1) [forward demodulation 83485,63493]
83534. mult(X0,mult(ld(X1,rd(X1,X1)),X1)) = rd(mult(ld(X1,X1),X0),ld(X1,X1)) [forward demodulation 83490,13577]
83559. ld(X1,X1) = rd(ld(X0,X0),ld(X0,X0)) [forward demodulation 83530,82871]
83563. mult(X0,mult(ld(X1,rd(X1,X1)),X1)) = mult(mult(ld(X1,X1),rd(X0,X1)),X1) [forward demodulation 83534,487]
83587. ld(X1,X1) = mult(ld(X0,X0),ld(X0,X0)) [forward demodulation 83559,83482]
83590. mult(X0,mult(ld(X1,rd(X1,X1)),X1)) = mult(X1,mult(ld(X1,ld(X1,X1)),X0)) [forward demodulation 83563,25]
83604. ld(X1,X1) = ld(X0,X0) [forward demodulation 83587,83203]
83606. mult(X0,mult(ld(X1,rd(X1,X1)),X1)) = X0 [forward demodulation 83590,82684]
83615. mult(X0,rd(X1,X1)) = X0 [forward demodulation 83606,59136]
83621. mult(X0,ld(X1,X1)) = X0 [forward demodulation 83615,63116]
83969. x0 != mult(x0,ld(X0,X0)) [superposition 7,83604]
83970. $false [forward subsumption resolution 83969,83621]
% SZS output end Proof for GRP660-13
% ------------------------------
% Version: Vampire 5.0.0 (Release build, commit 2e2c9b7b8 on 2026-01-17 12:24:14 +0100)
% Linked with Z3 4.14.0.0 3c47fd96cf5645d0c42b2c819d9e9a84380aa721 z3-4.8.4-9178-g3c47fd96c
% CaDiCaL version: 2.1.3
% Termination reason: Refutation
% Time elapsed: 3.267 s
% Peak memory usage: 109 MB
% Instructions burned: 10304 (million)
% ------------------------------
% ------------------------------
