% Running in auto input_syntax mode. Trying TPTP
% Refutation found. Thanks to Tanya!
% SZS status Unsatisfiable for GRP495-1
% SZS output start Proof for GRP495-1
1. double_divide(double_divide(identity,X0),double_divide(double_divide(double_divide(X1,X2),double_divide(identity,identity)),double_divide(X0,X2))) = X1 [input(axiom)]
2. multiply(X0,X1) = double_divide(double_divide(X1,X0),identity) [input(axiom)]
3. inverse(X0) = double_divide(X0,identity) [input(axiom)]
4. identity = double_divide(X0,inverse(X0)) [input(axiom)]
5. multiply(multiply(a3,b3),c3) != multiply(a3,multiply(b3,c3)) [input(negated conjecture)]
6. identity = double_divide(X0,double_divide(X0,identity)) [definition unfolding 4,3]
7. double_divide(double_divide(c3,double_divide(double_divide(b3,a3),identity)),identity) != double_divide(double_divide(double_divide(double_divide(c3,b3),identity),a3),identity) [definition unfolding 5,2,2,2,2]
8. double_divide(identity,double_divide(double_divide(double_divide(X0,X1),double_divide(identity,identity)),double_divide(double_divide(identity,identity),X1))) = X0 [superposition 1,6]
9. double_divide(double_divide(identity,X0),double_divide(double_divide(identity,double_divide(identity,identity)),double_divide(X0,double_divide(X1,identity)))) = X1 [superposition 1,6]
11. double_divide(double_divide(identity,X0),double_divide(double_divide(double_divide(X1,double_divide(X0,identity)),double_divide(identity,identity)),identity)) = X1 [superposition 1,6]
12. double_divide(double_divide(identity,double_divide(identity,X1)),double_divide(double_divide(double_divide(X2,double_divide(double_divide(double_divide(X0,X3),double_divide(identity,identity)),double_divide(X1,X3))),double_divide(identity,identity)),X0)) = X2 [superposition 1,1]
13. double_divide(double_divide(identity,double_divide(double_divide(X0,identity),double_divide(identity,identity))),identity) = X0 [superposition 1,6]
14. double_divide(double_divide(identity,X0),double_divide(identity,double_divide(X0,double_divide(X1,identity)))) = X1 [forward demodulation 9,6]
15. double_divide(identity,double_divide(double_divide(X0,identity),double_divide(identity,identity))) = double_divide(double_divide(identity,double_divide(X0,double_divide(identity,identity))),identity) [superposition 13,13]
16. identity = double_divide(double_divide(identity,double_divide(double_divide(X0,identity),double_divide(identity,identity))),X0) [superposition 6,13]
17. double_divide(double_divide(identity,double_divide(identity,double_divide(double_divide(X0,identity),double_divide(identity,identity)))),double_divide(double_divide(double_divide(X1,identity),double_divide(identity,identity)),X0)) = X1 [superposition 1,13]
19. double_divide(identity,double_divide(identity,double_divide(double_divide(identity,identity),double_divide(X0,identity)))) = X0 [superposition 14,6]
21. double_divide(double_divide(identity,X0),double_divide(identity,identity)) = X0 [superposition 14,6]
30. double_divide(identity,double_divide(double_divide(double_divide(X1,double_divide(identity,double_divide(identity,double_divide(X0,identity)))),double_divide(identity,identity)),X0)) = X1 [superposition 8,14]
31. double_divide(identity,double_divide(double_divide(double_divide(X0,double_divide(double_divide(identity,identity),identity)),double_divide(identity,identity)),identity)) = X0 [superposition 8,6]
32. double_divide(identity,identity) = double_divide(double_divide(identity,double_divide(double_divide(X0,identity),double_divide(identity,identity))),X0) [superposition 14,8]
38. identity = double_divide(identity,identity) [forward demodulation 32,16]
39. double_divide(double_divide(identity,X0),double_divide(double_divide(double_divide(X1,X2),identity),double_divide(X0,X2))) = X1 [backward demodulation 1,38]
42. double_divide(double_divide(identity,X0),double_divide(double_divide(double_divide(X1,double_divide(X0,identity)),identity),identity)) = X1 [backward demodulation 11,38]
43. double_divide(double_divide(identity,double_divide(identity,X1)),double_divide(double_divide(double_divide(X2,double_divide(double_divide(double_divide(X0,X3),identity),double_divide(X1,X3))),identity),X0)) = X2 [backward demodulation 12,38]
44. double_divide(double_divide(identity,double_divide(double_divide(X0,identity),identity)),identity) = X0 [backward demodulation 13,38]
45. double_divide(identity,double_divide(double_divide(X0,identity),identity)) = double_divide(double_divide(identity,double_divide(X0,identity)),identity) [backward demodulation 15,38]
47. double_divide(double_divide(identity,double_divide(identity,double_divide(double_divide(X0,identity),identity))),double_divide(double_divide(double_divide(X1,identity),identity),X0)) = X1 [backward demodulation 17,38]
49. double_divide(identity,double_divide(identity,double_divide(identity,double_divide(X0,identity)))) = X0 [backward demodulation 19,38]
51. double_divide(double_divide(identity,X0),identity) = X0 [backward demodulation 21,38]
59. double_divide(identity,double_divide(double_divide(double_divide(X1,double_divide(identity,double_divide(identity,double_divide(X0,identity)))),identity),X0)) = X1 [backward demodulation 30,38]
60. double_divide(identity,double_divide(double_divide(double_divide(X0,double_divide(identity,identity)),identity),identity)) = X0 [backward demodulation 31,38]
61. double_divide(X0,identity) = double_divide(identity,double_divide(double_divide(X0,identity),identity)) [backward demodulation 45,51]
64. double_divide(double_divide(identity,double_divide(X0,identity)),double_divide(double_divide(double_divide(X1,identity),identity),X0)) = X1 [backward demodulation 47,61]
66. double_divide(double_divide(X0,identity),identity) = X0 [backward demodulation 44,61]
67. double_divide(double_divide(identity,double_divide(X0,identity)),double_divide(X1,X0)) = X1 [backward demodulation 64,66]
68. double_divide(identity,X0) = double_divide(X0,identity) [backward demodulation 61,66]
69. double_divide(double_divide(identity,X0),double_divide(X1,double_divide(X0,identity))) = X1 [backward demodulation 42,66]
70. double_divide(double_divide(identity,double_divide(identity,X1)),double_divide(double_divide(double_divide(X2,double_divide(double_divide(identity,double_divide(X0,X3)),double_divide(X1,X3))),identity),X0)) = X2 [backward demodulation 43,68]
73. double_divide(double_divide(identity,X0),double_divide(double_divide(identity,double_divide(X1,X2)),double_divide(X0,X2))) = X1 [backward demodulation 39,68]
74. double_divide(double_divide(c3,double_divide(double_divide(b3,a3),identity)),identity) != double_divide(identity,double_divide(double_divide(double_divide(c3,b3),identity),a3)) [backward demodulation 7,68]
75. double_divide(double_divide(identity,double_divide(identity,X1)),double_divide(double_divide(identity,double_divide(X2,double_divide(double_divide(identity,double_divide(X0,X3)),double_divide(X1,X3)))),X0)) = X2 [forward demodulation 70,68]
76. double_divide(double_divide(c3,double_divide(double_divide(b3,a3),identity)),identity) != double_divide(identity,double_divide(double_divide(identity,double_divide(c3,b3)),a3)) [forward demodulation 74,68]
77. double_divide(identity,double_divide(double_divide(identity,double_divide(c3,b3)),a3)) != double_divide(identity,double_divide(c3,double_divide(double_divide(b3,a3),identity))) [forward demodulation 76,68]
78. double_divide(identity,double_divide(double_divide(identity,double_divide(c3,b3)),a3)) != double_divide(identity,double_divide(c3,double_divide(identity,double_divide(b3,a3)))) [forward demodulation 77,68]
88. double_divide(identity,double_divide(double_divide(identity,double_divide(X1,double_divide(identity,double_divide(identity,double_divide(X0,identity))))),X0)) = X1 [forward demodulation 59,68]
89. double_divide(identity,double_divide(X0,double_divide(identity,identity))) = X0 [forward demodulation 60,66]
90. double_divide(identity,double_divide(X0,identity)) = X0 [forward demodulation 89,38]
91. double_divide(identity,double_divide(double_divide(identity,double_divide(X1,double_divide(identity,X0))),X0)) = X1 [backward demodulation 88,90]
92. double_divide(X0,double_divide(X1,X0)) = X1 [backward demodulation 67,90]
93. double_divide(identity,double_divide(identity,X0)) = X0 [backward demodulation 49,90]
95. double_divide(X1,double_divide(double_divide(identity,double_divide(X2,double_divide(double_divide(identity,double_divide(X0,X3)),double_divide(X1,X3)))),X0)) = X2 [backward demodulation 75,93]
284. double_divide(double_divide(identity,double_divide(identity,double_divide(X0,double_divide(double_divide(identity,double_divide(identity,X1)),double_divide(X2,X1))))),X0) = X2 [superposition 69,95]
285. double_divide(identity,double_divide(X0,double_divide(double_divide(identity,double_divide(identity,X2)),double_divide(X1,X2)))) = double_divide(double_divide(identity,X1),double_divide(identity,X0)) [superposition 14,95]
289. double_divide(identity,double_divide(X0,double_divide(double_divide(identity,double_divide(X2,X3)),double_divide(identity,X3)))) = double_divide(double_divide(identity,X1),double_divide(X0,double_divide(X1,X2))) [superposition 73,95]
326. double_divide(double_divide(X0,double_divide(double_divide(identity,double_divide(identity,X1)),double_divide(X2,X1))),X0) = X2 [forward demodulation 284,93]
327. double_divide(double_divide(X0,double_divide(X1,double_divide(X2,X1))),X0) = X2 [forward demodulation 326,93]
328. double_divide(double_divide(X0,X2),X0) = X2 [forward demodulation 327,92]
330. double_divide(double_divide(identity,X1),double_divide(identity,X0)) = double_divide(identity,double_divide(X0,double_divide(X2,double_divide(X1,X2)))) [forward demodulation 285,93]
331. double_divide(identity,double_divide(X0,X1)) = double_divide(double_divide(identity,X1),double_divide(identity,X0)) [forward demodulation 330,92]
341. double_divide(double_divide(identity,X1),double_divide(X0,double_divide(X1,X2))) = double_divide(identity,double_divide(X0,double_divide(identity,double_divide(X3,double_divide(X2,X3))))) [forward demodulation 289,331]
342. double_divide(double_divide(identity,X1),double_divide(X0,double_divide(X1,X2))) = double_divide(identity,double_divide(X0,double_divide(identity,X2))) [forward demodulation 341,92]
1040. double_divide(identity,double_divide(double_divide(identity,X0),X1)) = double_divide(double_divide(identity,X1),X0) [superposition 91,328]
1082. double_divide(identity,double_divide(c3,double_divide(identity,double_divide(b3,a3)))) != double_divide(double_divide(identity,a3),double_divide(c3,b3)) [backward demodulation 78,1040]
1326. double_divide(identity,double_divide(X1,double_divide(identity,X0))) = double_divide(X0,double_divide(identity,X1)) [superposition 331,93]
1357. double_divide(double_divide(identity,X1),double_divide(X0,double_divide(X1,X2))) = double_divide(X2,double_divide(identity,X0)) [backward demodulation 342,1326]
2945. double_divide(double_divide(X0,X1),double_divide(identity,X2)) = double_divide(double_divide(identity,X1),double_divide(X2,X0)) [superposition 1357,92]
4979. double_divide(double_divide(identity,a3),double_divide(c3,b3)) != double_divide(double_divide(b3,a3),double_divide(identity,c3)) [superposition 1082,1326]
5063. $false [subsumption resolution 4979,2945]
% SZS output end Proof for GRP495-1
% ------------------------------
% Version: Vampire 4.9 (Release build, commit 0accf6da4 on 2024-12-10 11:55:58 +0000)
% Termination reason: Refutation

% Time elapsed: 0.076 s
% Instructions burned: 232 (million)
% ------------------------------
% ------------------------------
