% Running in auto input_syntax mode. Trying TPTP
% Refutation found. Thanks to Tanya!
% SZS status Unsatisfiable for GRP134-2.003_clausified
% SZS output start Proof for GRP134-2.003_clausified
1. next(e_1,e_2) [input(axiom)]
5. greater(e_3,e_2) [input(axiom)]
6. ~product(X0,e_1,X1) | ~next(X0,X2) | ~greater(X1,X2) [input(axiom)]
7. group_element(e_1) [input(axiom)]
8. group_element(e_2) [input(axiom)]
9. group_element(e_3) [input(axiom)]
10. ~equalish(e_1,e_2) [input(axiom)]
11. ~equalish(e_1,e_3) [input(axiom)]
12. ~equalish(e_2,e_1) [input(axiom)]
13. ~equalish(e_2,e_3) [input(axiom)]
14. ~equalish(e_3,e_1) [input(axiom)]
15. ~equalish(e_3,e_2) [input(axiom)]
16. product(X0,X1,e_3) | ~group_element(X1) | product(X0,X1,e_1) | product(X0,X1,e_2) | ~group_element(X0) [input(axiom)]
17. ~product(X0,X1,X3) | ~product(X0,X1,X2) | equalish(X2,X3) [input(axiom)]
18. ~product(X0,X3,X2) | ~product(X0,X1,X2) | equalish(X1,X3) [input(axiom)]
19. ~product(X3,X1,X2) | ~product(X0,X1,X2) | equalish(X0,X3) [input(axiom)]
20. ~product(X1,X0,X3) | ~product(X0,X1,X2) | product(X2,X3,X1) [input(negated conjecture)]
21. ~product(X2,X0,e_3) | product(X1,X0,e_1) | product(X1,X0,e_2) | ~group_element(X1) | ~group_element(X0) | equalish(X2,X1) [resolution 16,19]
22. ~product(X1,X2,e_3) | product(X1,X0,e_1) | product(X1,X0,e_2) | ~group_element(X1) | ~group_element(X0) | equalish(X2,X0) [resolution 16,18]
24. ~product(X0,X1,X2) | product(X1,X0,e_1) | product(X1,X0,e_2) | ~group_element(X1) | ~group_element(X0) | product(X2,e_3,X1) [resolution 16,20]
25. ~group_element(e_1) | product(X0,e_1,e_1) | product(X0,e_1,e_2) | ~group_element(X0) | ~next(X0,X1) | ~greater(e_3,X1) [resolution 16,6]
26. ~greater(e_3,X1) | product(X0,e_1,e_2) | ~group_element(X0) | ~next(X0,X1) | product(X0,e_1,e_1) [forward subsumption resolution 25,7]
27. product(X0,X1,e_1) | product(X0,X1,e_2) | ~group_element(X0) | ~group_element(X1) | product(e_3,e_3,X0) | ~group_element(X0) | product(X1,X0,e_1) | product(X1,X0,e_2) | ~group_element(X1) [resolution 24,16]
28. product(e_3,e_3,X0) | product(X1,X0,e_2) | product(X0,X1,e_2) | ~group_element(X1) | ~group_element(X0) | product(X1,X0,e_1) | product(X0,X1,e_1) [duplicate literal removal 27]
30. product(X0,e_1,e_2) | ~group_element(X0) | ~next(X0,e_2) | product(X0,e_1,e_1) [resolution 26,5]
32. ~product(X2,e_3,X0) | product(X0,X1,e_2) | ~group_element(X1) | ~group_element(X0) | product(X1,X0,e_1) | product(X0,X1,e_1) | product(X1,X0,e_2) | equalish(X2,e_3) [resolution 28,19]
42. product(e_3,e_3,X0) | product(X1,X0,e_2) | ~group_element(X1) | ~group_element(X0) | product(X1,X0,e_1) | product(X0,X1,e_1) | product(X1,X0,e_1) | product(X1,X0,e_2) | ~group_element(X1) | ~group_element(X0) | product(e_2,e_3,X1) [resolution 28,24]
46. ~product(X1,X0,X2) | product(X1,X0,e_2) | ~group_element(X1) | ~group_element(X0) | product(X1,X0,e_1) | product(X0,X1,e_1) | product(e_3,e_3,X0) | product(X2,e_2,X0) [resolution 28,20]
48. product(e_3,e_3,X0) | product(X0,X0,e_2) | ~group_element(X0) | ~group_element(X0) | product(X0,X0,e_1) | product(X0,X0,e_1) [factoring 28]
49. product(e_3,e_3,X0) | product(X0,X0,e_2) | ~group_element(X0) | product(X0,X0,e_1) [duplicate literal removal 48]
50. product(e_3,e_3,X0) | product(e_2,e_3,X1) | product(X1,X0,e_2) | product(X0,X1,e_1) | product(X1,X0,e_1) | ~group_element(X0) | ~group_element(X1) [duplicate literal removal 42]
60. 2 <=> product(e_3,e_3,e_1) [avatar definition]
61. ~product(e_3,e_3,e_1) <- (~2) [avatar component clause 60]
62. product(e_3,e_3,e_1) <- (2) [avatar component clause 60]
65. 3 <=> product(e_3,e_3,e_2) [avatar definition]
66. ~product(e_3,e_3,e_2) <- (~3) [avatar component clause 65]
67. product(e_3,e_3,e_2) <- (3) [avatar component clause 65]
72. product(X0,X1,e_1) | product(X0,X1,e_2) | ~group_element(X0) | ~group_element(X1) | equalish(X2,X0) | ~group_element(X1) | product(X2,X1,e_1) | product(X2,X1,e_2) | ~group_element(X2) [resolution 21,16]
75. product(X2,X1,e_2) | product(X0,X1,e_2) | equalish(X2,X0) | ~group_element(X1) | ~group_element(X0) | product(X2,X1,e_1) | product(X0,X1,e_1) | ~group_element(X2) [duplicate literal removal 72]
78. 5 <=> ! [X1] : (product(X1,e_3,e_2) | product(e_3,X1,e_1) | product(X1,e_3,e_1) | ~group_element(X1) | product(e_3,X1,e_2)) [avatar definition]
79. product(e_3,X1,e_2) | product(X1,e_3,e_2) | product(X1,e_3,e_1) | ~group_element(X1) | product(e_3,X1,e_1) <- (5) [avatar component clause 78]
81. 6 <=> ! [X0] : (product(X0,e_3,e_1) | equalish(e_3,X0) | ~group_element(X0) | product(X0,e_3,e_2)) [avatar definition]
82. product(X0,e_3,e_2) | equalish(e_3,X0) | ~group_element(X0) | product(X0,e_3,e_1) <- (6) [avatar component clause 81]
85. ~product(X0,e_3,e_1) | equalish(X0,e_3) <- (2) [resolution 62,19]
90. product(X0,X1,e_1) | product(X0,X1,e_2) | ~group_element(X0) | ~group_element(X1) | equalish(X2,X1) | ~group_element(X2) | product(X0,X2,e_1) | product(X0,X2,e_2) | ~group_element(X0) [resolution 22,16]
93. product(X0,X2,e_2) | product(X0,X1,e_2) | equalish(X2,X1) | ~group_element(X1) | ~group_element(X0) | ~group_element(X2) | product(X0,X2,e_1) | product(X0,X1,e_1) [duplicate literal removal 90]
118. 7 <=> product(e_2,e_3,e_1) [avatar definition]
119. ~product(e_2,e_3,e_1) <- (~7) [avatar component clause 118]
120. product(e_2,e_3,e_1) <- (7) [avatar component clause 118]
125. equalish(e_2,e_3) <- (2, 7) [resolution 120,85]
133. $false <- (2, 7) [forward subsumption resolution 125,13]
134. ~2 | ~7 [avatar contradiction clause 133]
141. 10 <=> product(e_3,e_2,e_2) [avatar definition]
142. ~product(e_3,e_2,e_2) <- (~10) [avatar component clause 141]
143. product(e_3,e_2,e_2) <- (10) [avatar component clause 141]
145. 11 <=> product(e_3,e_2,e_1) [avatar definition]
146. ~product(e_3,e_2,e_1) <- (~11) [avatar component clause 145]
147. product(e_3,e_2,e_1) <- (11) [avatar component clause 145]
155. ~product(e_1,X0,X1) | ~next(X0,e_2) | product(X0,e_1,e_1) | ~group_element(X0) | product(X1,e_2,X0) [resolution 30,20]
264. 12 <=> product(e_2,e_2,e_1) [avatar definition]
265. ~product(e_2,e_2,e_1) <- (~12) [avatar component clause 264]
266. product(e_2,e_2,e_1) <- (12) [avatar component clause 264]
268. 13 <=> product(e_1,e_1,e_1) [avatar definition]
269. ~product(e_1,e_1,e_1) <- (~13) [avatar component clause 268]
270. product(e_1,e_1,e_1) <- (13) [avatar component clause 268]
317. 18 <=> product(e_1,e_3,e_2) [avatar definition]
319. product(e_1,e_3,e_2) <- (18) [avatar component clause 317]
335. 21 <=> product(e_1,e_1,e_2) [avatar definition]
337. product(e_1,e_1,e_2) <- (21) [avatar component clause 335]
377. 24 <=> product(e_3,e_3,e_3) [avatar definition]
378. ~product(e_3,e_3,e_3) <- (~24) [avatar component clause 377]
379. product(e_3,e_3,e_3) <- (24) [avatar component clause 377]
381. 25 <=> product(e_3,e_1,e_2) [avatar definition]
382. ~product(e_3,e_1,e_2) <- (~25) [avatar component clause 381]
383. product(e_3,e_1,e_2) <- (25) [avatar component clause 381]
392. ~next(e_1,e_2) | product(e_1,e_1,e_1) | ~group_element(e_1) | product(e_2,e_2,e_1) | ~group_element(e_1) | ~next(e_1,e_2) | product(e_1,e_1,e_1) [resolution 155,30]
395. ~next(e_1,e_2) | product(e_1,e_1,e_1) | ~group_element(e_1) | product(e_2,e_2,e_1) [duplicate literal removal 392]
414. ~product(e_1,e_1,X0) | equalish(X0,e_1) <- (13) [resolution 270,17]
441. 26 <=> product(e_2,e_3,e_3) [avatar definition]
442. ~product(e_2,e_3,e_3) <- (~26) [avatar component clause 441]
443. product(e_2,e_3,e_3) <- (26) [avatar component clause 441]
484. product(e_3,e_2,e_1) | product(e_3,e_2,e_2) | ~group_element(e_3) | ~group_element(e_2) | product(e_3,e_3,e_3) <- (26) [resolution 443,24]
489. product(e_3,e_2,e_1) | product(e_3,e_2,e_2) | ~group_element(e_2) | product(e_3,e_3,e_3) <- (26) [forward subsumption resolution 484,9]
492. product(e_3,e_2,e_1) | product(e_3,e_2,e_2) | product(e_3,e_3,e_3) <- (26) [forward subsumption resolution 489,8]
493. 24 | 10 | 11 | ~26 [avatar split clause 492,441,145,141,377]
528. ~product(X0,e_3,e_1) | equalish(X0,e_3) <- (2) [resolution 62,19]
529. ~product(e_3,X0,e_1) | equalish(X0,e_3) <- (2) [resolution 62,18]
530. ~product(e_3,e_3,X0) | equalish(X0,e_1) <- (2) [resolution 62,17]
677. product(e_2,e_3,e_1) | product(e_2,e_3,e_2) | ~group_element(e_2) | ~group_element(e_3) | product(e_1,e_3,e_2) <- (11) [resolution 147,24]
682. product(e_2,e_3,e_2) | ~group_element(e_2) | ~group_element(e_3) | product(e_1,e_3,e_2) <- (~7, 11) [forward subsumption resolution 677,119]
683. product(e_2,e_3,e_2) | ~group_element(e_3) | product(e_1,e_3,e_2) <- (~7, 11) [forward subsumption resolution 682,8]
684. product(e_2,e_3,e_2) | product(e_1,e_3,e_2) <- (~7, 11) [forward subsumption resolution 683,9]
686. 31 <=> product(e_2,e_3,e_2) [avatar definition]
687. ~product(e_2,e_3,e_2) <- (~31) [avatar component clause 686]
688. product(e_2,e_3,e_2) <- (31) [avatar component clause 686]
689. 18 | 31 | 7 | ~11 [avatar split clause 684,145,118,686,317]
751. product(e_3,X0,e_2) | ~group_element(X0) | ~group_element(e_3) | product(X0,e_3,e_1) | product(e_3,X0,e_1) | product(X0,e_3,e_2) | equalish(e_2,e_3) <- (26) [resolution 32,443]
769. product(e_3,X0,e_2) | ~group_element(X0) | product(X0,e_3,e_1) | product(e_3,X0,e_1) | product(X0,e_3,e_2) | equalish(e_2,e_3) <- (26) [forward subsumption resolution 751,9]
772. product(e_3,X0,e_2) | ~group_element(X0) | product(X0,e_3,e_1) | product(e_3,X0,e_1) | product(X0,e_3,e_2) <- (26) [forward subsumption resolution 769,13]
774. 5 | ~26 [avatar split clause 772,441,78]
841. product(e_2,e_2,e_2) | ~group_element(e_2) | product(e_2,e_2,e_1) <- (~3) [resolution 66,49]
846. product(X0,e_3,e_2) | equalish(e_3,X0) | ~group_element(e_3) | ~group_element(X0) | product(e_3,e_3,e_1) | product(X0,e_3,e_1) | ~group_element(e_3) <- (~3) [resolution 66,75]
851. product(X0,e_3,e_2) | equalish(e_3,X0) | ~group_element(e_3) | ~group_element(X0) | product(e_3,e_3,e_1) | product(X0,e_3,e_1) <- (~3) [duplicate literal removal 846]
853. product(e_2,e_2,e_2) | product(e_2,e_2,e_1) <- (~3) [forward subsumption resolution 841,8]
856. 40 <=> product(e_2,e_2,e_2) [avatar definition]
857. ~product(e_2,e_2,e_2) <- (~40) [avatar component clause 856]
858. product(e_2,e_2,e_2) <- (40) [avatar component clause 856]
859. 12 | 40 | 3 [avatar split clause 853,65,856,264]
874. product(e_3,e_3,e_2) | product(e_3,e_3,e_1) | ~group_element(e_3) | product(e_3,e_3,e_1) <- (5) [factoring 79]
875. product(e_3,e_3,e_2) | product(e_3,e_3,e_1) | ~group_element(e_3) <- (5) [duplicate literal removal 874]
932. ~product(e_3,e_2,X0) | product(X0,e_2,e_2) <- (31) [resolution 688,20]
1357. equalish(X0,e_3) | product(e_3,e_3,e_3) | product(e_2,e_3,X0) | product(X0,e_3,e_2) | product(X0,e_3,e_1) | ~group_element(e_3) | ~group_element(X0) <- (2) [resolution 529,50]
1464. equalish(e_3,e_1) <- (2, 24) [resolution 530,379]
1477. $false <- (2, 24) [forward subsumption resolution 1464,14]
1478. ~2 | ~24 [avatar contradiction clause 1477]
1490. equalish(X0,e_3) | product(e_2,e_3,X0) | product(X0,e_3,e_2) | product(X0,e_3,e_1) | ~group_element(e_3) | ~group_element(X0) <- (2, ~24) [forward subsumption resolution 1357,378]
1499. equalish(X0,e_3) | product(e_2,e_3,X0) | product(X0,e_3,e_2) | product(X0,e_3,e_1) | ~group_element(X0) <- (2, ~24) [forward subsumption resolution 1490,9]
1594. product(e_3,e_2,e_2) | ~group_element(e_3) | ~group_element(e_2) | product(e_3,e_2,e_1) | product(e_2,e_3,e_1) | product(e_3,e_3,e_2) | product(e_2,e_2,e_2) <- (10) [resolution 143,46]
1596. ~group_element(e_3) | ~group_element(e_2) | product(e_3,e_2,e_1) | product(e_2,e_3,e_1) | product(e_3,e_3,e_2) | product(e_2,e_2,e_2) <- (10, 31) [forward subsumption resolution 1594,932]
1707. equalish(e_2,e_3) <- (2, 11) [resolution 147,529]
1723. $false <- (2, 11) [forward subsumption resolution 1707,13]
1724. ~2 | ~11 [avatar contradiction clause 1723]
1736. equalish(X0,e_3) | product(e_2,e_3,X0) | product(X0,e_3,e_2) | ~group_element(X0) <- (2, ~24) [forward subsumption resolution 1499,528]
1738. 64 <=> ! [X1] : (equalish(X1,e_3) | ~group_element(X1) | product(X1,e_3,e_2) | product(e_2,e_3,X1)) [avatar definition]
1739. product(e_2,e_3,X1) | product(X1,e_3,e_2) | ~group_element(X1) | equalish(X1,e_3) <- (64) [avatar component clause 1738]
1749. 64 | ~2 | 24 [avatar split clause 1736,377,60,1738]
1903. ~product(X0,e_2,e_1) | equalish(X0,e_2) <- (12) [resolution 266,19]
2185. 68 <=> ! [X3] : (equalish(e_2,X3) | product(e_3,X3,e_2) | product(e_3,X3,e_1) | ~group_element(X3)) [avatar definition]
2186. product(e_3,X3,e_2) | equalish(e_2,X3) | product(e_3,X3,e_1) | ~group_element(X3) <- (68) [avatar component clause 2185]
3481. ~group_element(e_2) | product(e_3,e_2,e_1) | product(e_2,e_3,e_1) | product(e_3,e_3,e_2) | product(e_2,e_2,e_2) <- (10, 31) [forward subsumption resolution 1596,9]
3485. product(e_3,e_2,e_1) | product(e_2,e_3,e_1) | product(e_3,e_3,e_2) | product(e_2,e_2,e_2) <- (10, 31) [forward subsumption resolution 3481,8]
3489. product(e_2,e_3,e_1) | product(e_3,e_3,e_2) | product(e_2,e_2,e_2) <- (10, ~11, 31) [forward subsumption resolution 3485,146]
3493. product(e_3,e_3,e_2) | product(e_2,e_2,e_2) <- (~7, 10, ~11, 31) [forward subsumption resolution 3489,119]
3497. product(e_2,e_2,e_2) <- (~3, ~7, 10, ~11, 31) [forward subsumption resolution 3493,66]
3501. $false <- (~3, ~7, 10, ~11, 31, ~40) [forward subsumption resolution 3497,857]
3502. 3 | 7 | ~10 | 11 | ~31 | 40 [avatar contradiction clause 3501]
3608. product(e_3,e_3,e_1) | ~group_element(e_3) <- (~3, 5) [forward subsumption resolution 875,66]
3633. product(X0,e_3,e_2) | equalish(e_3,X0) | ~group_element(X0) | product(e_3,e_3,e_1) | product(X0,e_3,e_1) <- (~3) [forward subsumption resolution 851,9]
3665. ~group_element(e_3) <- (~2, ~3, 5) [forward subsumption resolution 3608,61]
3689. product(X0,e_3,e_2) | equalish(e_3,X0) | ~group_element(X0) | product(X0,e_3,e_1) <- (~2, ~3) [forward subsumption resolution 3633,61]
3719. $false <- (~2, ~3, 5) [forward subsumption resolution 3665,9]
3720. 2 | 3 | ~5 [avatar contradiction clause 3719]
3747. 6 | 2 | 3 [avatar split clause 3689,65,60,81]
3789. ~product(e_3,X0,e_2) | equalish(X0,e_3) <- (3) [resolution 67,18]
3790. ~product(X0,e_3,e_2) | equalish(X0,e_3) <- (3) [resolution 67,19]
4027. product(e_3,e_2,e_1) | product(e_3,e_2,e_2) | ~group_element(e_3) | ~group_element(e_2) | product(e_2,e_3,e_3) <- (31) [resolution 688,24]
4077. equalish(e_2,e_3) <- (3, 10) [resolution 3789,143]
4112. $false <- (3, 10) [forward subsumption resolution 4077,13]
4113. ~3 | ~10 [avatar contradiction clause 4112]
4222. product(e_2,e_3,e_2) | product(e_2,e_3,e_1) | ~group_element(e_2) | product(e_3,e_2,e_1) <- (5, ~10) [resolution 142,79]
4226. product(e_3,X0,e_2) | equalish(e_2,X0) | ~group_element(X0) | ~group_element(e_3) | ~group_element(e_2) | product(e_3,e_2,e_1) | product(e_3,X0,e_1) <- (~10) [resolution 142,93]
4566. equalish(e_1,e_3) <- (3, 18) [resolution 3790,319]
4567. equalish(e_2,e_3) <- (3, 31) [resolution 3790,688]
4581. $false <- (3, 31) [forward subsumption resolution 4567,13]
4582. ~3 | ~31 [avatar contradiction clause 4581]
4583. $false <- (3, 18) [forward subsumption resolution 4566,11]
4584. ~3 | ~18 [avatar contradiction clause 4583]
4609. product(e_3,e_2,e_2) | ~group_element(e_3) | ~group_element(e_2) | product(e_2,e_3,e_3) <- (~11, 31) [forward subsumption resolution 4027,146]
4635. ~group_element(e_3) | ~group_element(e_2) | product(e_2,e_3,e_3) <- (~10, ~11, 31) [forward subsumption resolution 4609,142]
4649. ~group_element(e_2) | product(e_2,e_3,e_3) <- (~10, ~11, 31) [forward subsumption resolution 4635,9]
4663. product(e_2,e_3,e_3) <- (~10, ~11, 31) [forward subsumption resolution 4649,8]
4693. $false <- (~10, ~11, ~26, 31) [forward subsumption resolution 4663,442]
4694. 10 | 11 | 26 | ~31 [avatar contradiction clause 4693]
4711. product(e_2,e_3,e_1) | ~group_element(e_2) | product(e_3,e_2,e_1) <- (5, ~10, ~31) [forward subsumption resolution 4222,687]
4724. ~group_element(e_2) | product(e_3,e_2,e_1) <- (5, ~7, ~10, ~31) [forward subsumption resolution 4711,119]
4730. product(e_3,e_2,e_1) <- (5, ~7, ~10, ~31) [forward subsumption resolution 4724,8]
4732. $false <- (5, ~7, ~10, ~11, ~31) [forward subsumption resolution 4730,146]
4733. ~5 | 7 | 10 | 11 | 31 [avatar contradiction clause 4732]
4735. 108 <=> product(e_2,e_1,e_2) [avatar definition]
4736. ~product(e_2,e_1,e_2) <- (~108) [avatar component clause 4735]
4737. product(e_2,e_1,e_2) <- (108) [avatar component clause 4735]
5266. ~group_element(e_3) | product(e_2,e_3,e_1) | product(e_2,e_3,e_2) | ~group_element(e_2) <- (~26) [resolution 442,16]
5267. product(e_2,e_3,e_1) | product(e_2,e_3,e_2) | ~group_element(e_2) <- (~26) [forward subsumption resolution 5266,9]
5268. product(e_2,e_3,e_2) | ~group_element(e_2) <- (~7, ~26) [forward subsumption resolution 5267,119]
5269. ~group_element(e_2) <- (~7, ~26, ~31) [forward subsumption resolution 5268,687]
5270. $false <- (~7, ~26, ~31) [forward subsumption resolution 5269,8]
5271. 7 | 26 | 31 [avatar contradiction clause 5270]
6296. equalish(e_3,e_2) <- (11, 12) [resolution 1903,147]
6297. $false <- (11, 12) [forward subsumption resolution 6296,15]
6298. ~11 | ~12 [avatar contradiction clause 6297]
6374. ~product(e_2,X0,e_2) | equalish(X0,e_2) <- (40) [resolution 858,18]
6954. product(e_2,e_3,e_2) | ~group_element(e_2) | equalish(e_2,e_3) <- (64) [factoring 1739]
7005. equalish(e_2,e_3) | product(e_3,e_3,e_1) | ~group_element(e_3) <- (~3, 68) [resolution 2186,66]
7073. product(e_3,e_3,e_1) | ~group_element(e_3) <- (~3, 68) [forward subsumption resolution 7005,13]
7074. ~group_element(e_3) <- (~2, ~3, 68) [forward subsumption resolution 7073,61]
7075. $false <- (~2, ~3, 68) [forward subsumption resolution 7074,9]
7076. 2 | 3 | ~68 [avatar contradiction clause 7075]
7077. equalish(e_3,e_2) <- (31, 40) [resolution 6374,688]
7105. equalish(e_3,e_2) | equalish(e_3,e_2) | ~group_element(e_2) | product(e_2,e_3,e_1) <- (6, 40) [resolution 6374,82]
7106. equalish(e_3,e_2) | ~group_element(e_2) | product(e_2,e_3,e_1) <- (6, 40) [duplicate literal removal 7105]
7107. ~group_element(e_2) | product(e_2,e_3,e_1) <- (6, 40) [forward subsumption resolution 7106,15]
7118. $false <- (31, 40) [forward subsumption resolution 7077,15]
7119. ~31 | ~40 [avatar contradiction clause 7118]
7120. product(e_2,e_3,e_1) <- (6, 40) [forward subsumption resolution 7107,8]
7126. $false <- (6, ~7, 40) [forward subsumption resolution 7120,119]
7127. ~6 | 7 | ~40 [avatar contradiction clause 7126]
7145. ~product(e_2,X0,e_1) | equalish(X0,e_3) <- (7) [resolution 120,18]
7147. ~product(e_3,e_2,X0) | product(X0,e_1,e_2) <- (7) [resolution 120,20]
7217. equalish(e_1,e_2) <- (40, 108) [resolution 4737,6374]
7268. $false <- (40, 108) [forward subsumption resolution 7217,10]
7269. ~40 | ~108 [avatar contradiction clause 7268]
7347. product(e_1,e_1,e_2) <- (7, 11) [resolution 7147,147]
7349. product(e_3,e_1,e_2) | ~group_element(e_2) | product(e_3,e_2,e_1) | product(e_3,e_2,e_2) | ~group_element(e_3) <- (7) [resolution 7147,16]
7354. product(e_2,e_1,e_2) | product(e_3,X0,e_2) | equalish(e_2,X0) | ~group_element(X0) | ~group_element(e_3) | ~group_element(e_2) | product(e_3,e_2,e_1) | product(e_3,X0,e_1) <- (7) [resolution 7147,93]
7377. 21 | ~7 | ~11 [avatar split clause 7347,145,118,335]
7378. equalish(e_2,e_1) <- (13, 21) [resolution 337,414]
7444. $false <- (13, 21) [forward subsumption resolution 7378,12]
7445. ~13 | ~21 [avatar contradiction clause 7444]
7448. product(e_1,e_1,e_1) | ~group_element(e_1) | product(e_2,e_2,e_1) [forward subsumption resolution 395,1]
7471. ~group_element(e_1) | product(e_2,e_2,e_1) <- (~13) [forward subsumption resolution 7448,269]
7486. product(e_2,e_2,e_1) <- (~13) [forward subsumption resolution 7471,7]
7493. $false <- (~12, ~13) [forward subsumption resolution 7486,265]
7494. 12 | 13 [avatar contradiction clause 7493]
7537. product(e_3,X0,e_2) | equalish(e_2,X0) | ~group_element(X0) | ~group_element(e_2) | product(e_3,e_2,e_1) | product(e_3,X0,e_1) <- (~10) [forward subsumption resolution 4226,9]
7542. product(e_3,X0,e_2) | equalish(e_2,X0) | ~group_element(X0) | ~group_element(e_3) | ~group_element(e_2) | product(e_3,e_2,e_1) | product(e_3,X0,e_1) <- (7, ~108) [forward subsumption resolution 7354,4736]
7565. ~group_element(e_2) | equalish(e_2,e_3) <- (~31, 64) [forward subsumption resolution 6954,687]
7604. product(e_3,X0,e_2) | equalish(e_2,X0) | ~group_element(X0) | product(e_3,e_2,e_1) | product(e_3,X0,e_1) <- (~10) [forward subsumption resolution 7537,8]
7609. product(e_3,X0,e_2) | equalish(e_2,X0) | ~group_element(X0) | ~group_element(e_2) | product(e_3,e_2,e_1) | product(e_3,X0,e_1) <- (7, ~108) [forward subsumption resolution 7542,9]
7632. equalish(e_2,e_3) <- (~31, 64) [forward subsumption resolution 7565,8]
7681. product(e_3,X0,e_2) | equalish(e_2,X0) | ~group_element(X0) | product(e_3,X0,e_1) <- (~10, ~11) [forward subsumption resolution 7604,146]
7686. product(e_3,X0,e_2) | equalish(e_2,X0) | ~group_element(X0) | product(e_3,e_2,e_1) | product(e_3,X0,e_1) <- (7, ~108) [forward subsumption resolution 7609,8]
7714. $false <- (~31, 64) [forward subsumption resolution 7632,13]
7715. 31 | ~64 [avatar contradiction clause 7714]
7746. 68 | 10 | 11 [avatar split clause 7681,145,141,2185]
7753. product(e_3,X0,e_2) | equalish(e_2,X0) | ~group_element(X0) | product(e_3,X0,e_1) <- (7, ~11, ~108) [forward subsumption resolution 7686,146]
7767. 68 | ~7 | 11 | 108 [avatar split clause 7753,4735,145,118,2185]
7796. ~product(e_3,X0,e_2) | equalish(X0,e_3) <- (3) [resolution 67,18]
8078. equalish(e_1,e_3) <- (3, 25) [resolution 7796,383]
8114. $false <- (3, 25) [forward subsumption resolution 8078,11]
8115. ~3 | ~25 [avatar contradiction clause 8114]
8117. ~group_element(e_2) | product(e_3,e_2,e_1) | product(e_3,e_2,e_2) | ~group_element(e_3) <- (7, ~25) [forward subsumption resolution 7349,382]
8122. product(e_3,e_2,e_1) | product(e_3,e_2,e_2) | ~group_element(e_3) <- (7, ~25) [forward subsumption resolution 8117,8]
8123. product(e_3,e_2,e_2) | ~group_element(e_3) <- (7, ~11, ~25) [forward subsumption resolution 8122,146]
8124. ~group_element(e_3) <- (7, ~10, ~11, ~25) [forward subsumption resolution 8123,142]
8125. $false <- (7, ~10, ~11, ~25) [forward subsumption resolution 8124,9]
8126. ~7 | 10 | 11 | 25 [avatar contradiction clause 8125]
8377. equalish(e_2,e_3) <- (7, 12) [resolution 266,7145]
8410. $false <- (7, 12) [forward subsumption resolution 8377,13]
8411. ~7 | ~12 [avatar contradiction clause 8410]
s5. ~7 | ~2 [sat_conversion 134]
s20. ~26 | 10 | 11 | 24 [sat_conversion 493]
s25. ~11 | 7 | 18 | 31 [sat_conversion 689]
s28. ~26 | 5 [sat_conversion 774]
s38. 3 | 12 | 40 [sat_conversion 859]
s54. ~24 | ~2 [sat_conversion 1478]
s65. ~11 | ~2 [sat_conversion 1724]
s70. ~2 | 24 | 64 [sat_conversion 1749]
s91. ~31 | ~10 | 3 | 7 | 11 | 40 [sat_conversion 3502]
s103. ~5 | 2 | 3 [sat_conversion 3720]
s111. 2 | 3 | 6 [sat_conversion 3747]
s126. ~10 | ~3 [sat_conversion 4113]
s140. ~31 | ~3 [sat_conversion 4582]
s141. ~18 | ~3 [sat_conversion 4584]
s154. ~31 | 10 | 11 | 26 [sat_conversion 4694]
s166. ~5 | 7 | 10 | 11 | 31 [sat_conversion 4733]
s170. 7 | 26 | 31 [sat_conversion 5271]
s180. ~12 | ~11 [sat_conversion 6298]
s192. ~68 | 2 | 3 [sat_conversion 7076]
s193. ~40 | ~31 [sat_conversion 7119]
s194. ~40 | ~6 | 7 [sat_conversion 7127]
s195. ~108 | ~40 [sat_conversion 7269]
s198. ~11 | ~7 | 21 [sat_conversion 7377]
s199. ~21 | ~13 [sat_conversion 7445]
s206. 12 | 13 [sat_conversion 7494]
s235. ~64 | 31 [sat_conversion 7715]
s240. 10 | 11 | 68 [sat_conversion 7746]
s245. ~7 | 11 | 68 | 108 [sat_conversion 7767]
s259. ~25 | ~3 [sat_conversion 8115]
s261. ~7 | 10 | 11 | 25 [sat_conversion 8126]
s267. ~12 | ~7 [sat_conversion 8411]
s268. ~2 [rat s20,s154,s91,s140,s193,s235,s70,s5,s54,s65]
s272. 7 | 3 [rat s91,s240,s180,s38,s170,s194,s192,s111,s28,s103,s268]
s273. 3 [rat s245,s198,s195,s199,s38,s206,s267,s272,s192,s268]
s274. ~25 [rat s259,s273]
s284. ~18 [rat s141,s273]
s285. ~31 [rat s140,s273]
s286. ~10 [rat s126,s273]
s289. 7 [rat s28,s166,s25,s170,s286,s285,s284]
s290. ~12 [rat s267,s289]
s294. 11 [rat s261,s274,s286,s289]
s295. 13 [rat s206,s290]
s299. 21 [rat s198,s289,s294]
s301. # [rat s199,s295,s299]
8412. $false [avatar sat refutation s301]
% SZS output end Proof for GRP134-2.003_clausified
% ------------------------------
% Version: Vampire 5.0.0 (Release build, commit 2e2c9b7b8 on 2026-01-17 12:24:14 +0100)
% Linked with Z3 4.14.0.0 3c47fd96cf5645d0c42b2c819d9e9a84380aa721 z3-4.8.4-9178-g3c47fd96c
% CaDiCaL version: 2.1.3
% Termination reason: Refutation
% Time elapsed: 0.322 s
% Peak memory usage: 58 MB
% Instructions burned: 1335 (million)
% ------------------------------
% ------------------------------
