% Running in auto input_syntax mode. Trying TPTP
% Refutation found. Thanks to Tanya!
% SZS status Unsatisfiable for GRP522-1_clausified
% SZS output start Proof for GRP522-1_clausified
1. divide(X0,divide(X1,divide(X2,divide(X0,X1)))) = X2 [input(axiom)]
2. multiply(X0,X1) = divide(X0,divide(divide(X2,X2),X1)) [input(axiom)]
3. inverse(X0) = divide(divide(X1,X1),X0) [input(axiom)]
4. a2 != multiply(multiply(inverse(b2),b2),a2) [input(negated conjecture)]
5. multiply(X0,X1) = divide(X0,inverse(X1)) [forward demodulation 2,3]
8. inverse(X1) = divide(multiply(inverse(X0),X0),X1) [superposition 3,5]
9. multiply(divide(X0,X0),X1) = inverse(inverse(X1)) [superposition 3,5]
11. divide(X0,divide(inverse(X1),divide(X2,multiply(X0,X1)))) = X2 [superposition 1,5]
13. divide(X2,X2) = divide(X0,divide(X1,inverse(divide(X0,X1)))) [superposition 1,3]
14. divide(X1,divide(divide(X0,divide(X2,X1)),X0)) = X2 [superposition 1,1]
15. divide(X1,inverse(divide(X0,divide(X1,divide(X2,X2))))) = X0 [superposition 1,3]
17. inverse(divide(X1,divide(X0,divide(divide(X2,X2),X1)))) = X0 [superposition 3,1]
18. inverse(divide(X1,divide(X0,inverse(X1)))) = X0 [forward demodulation 17,3]
20. multiply(X1,divide(X0,divide(X1,divide(X2,X2)))) = X0 [forward demodulation 15,5]
21. divide(X2,X2) = divide(X0,multiply(X1,divide(X0,X1))) [forward demodulation 13,5]
23. inverse(divide(X1,multiply(X0,X1))) = X0 [forward demodulation 18,5]
26. inverse(inverse(multiply(X0,divide(X1,X1)))) = X0 [superposition 23,3]
93. divide(X1,inverse(divide(X0,X1))) = X0 [superposition 14,3]
106. multiply(X1,divide(X0,X1)) = X0 [forward demodulation 93,5]
111. multiply(inverse(X1),multiply(X0,X1)) = X0 [superposition 106,5]
118. inverse(inverse(X0)) = X0 [superposition 26,106]
136. inverse(inverse(divide(X0,divide(divide(X1,X1),divide(X2,X2))))) = X0 [superposition 9,20]
137. divide(X0,divide(divide(X1,X1),divide(X2,X2))) = X0 [forward demodulation 136,118]
146. divide(X0,inverse(divide(X2,X2))) = X0 [forward demodulation 137,3]
151. multiply(X0,divide(X2,X2)) = X0 [forward demodulation 146,5]
192. multiply(X2,divide(X0,multiply(X1,divide(X0,X1)))) = divide(X2,divide(X3,X3)) [superposition 20,21]
213. multiply(X2,divide(X0,X0)) = divide(X2,divide(X3,X3)) [forward demodulation 192,106]
241. divide(X2,divide(X3,X3)) = X2 [forward demodulation 213,151]
280. multiply(inverse(X2),X2) = divide(X0,divide(inverse(X1),inverse(multiply(X0,X1)))) [superposition 11,8]
307. multiply(inverse(X2),X2) = divide(X0,multiply(inverse(X1),multiply(X0,X1))) [forward demodulation 280,5]
323. divide(X0,X0) = multiply(inverse(X2),X2) [forward demodulation 307,111]
554. multiply(divide(X1,X1),X0) = X0 [superposition 106,241]
842. a2 != multiply(divide(X0,X0),a2) [superposition 4,323]
849. $false [forward subsumption resolution 842,554]
% SZS output end Proof for GRP522-1_clausified
% ------------------------------
% Version: Vampire 5.0.0 (Release build, commit 2e2c9b7b8 on 2026-01-17 12:24:14 +0100)
% Linked with Z3 4.14.0.0 3c47fd96cf5645d0c42b2c819d9e9a84380aa721 z3-4.8.4-9178-g3c47fd96c
% CaDiCaL version: 2.1.3
% Termination reason: Refutation
% Time elapsed: 0.012 s
% Peak memory usage: 65 MB
% Instructions burned: 29 (million)
% ------------------------------
% ------------------------------
