% Running in auto input_syntax mode. Trying TPTP
% Refutation found. Thanks to Tanya!
% SZS status Unsatisfiable for GRP593-1
% SZS output start Proof for GRP593-1
1. inverse(double_divide(double_divide(X0,X1),inverse(double_divide(X0,inverse(double_divide(X2,X1)))))) = X2 [input(axiom)]
2. multiply(X0,X1) = inverse(double_divide(X1,X0)) [input(axiom)]
3. multiply(inverse(a1),a1) != multiply(inverse(b1),b1) [input(negated conjecture)]
4. inverse(double_divide(a1,inverse(a1))) != inverse(double_divide(b1,inverse(b1))) [definition unfolding 3,2,2]
5. double_divide(X2,X3) = inverse(double_divide(double_divide(X1,inverse(double_divide(X2,inverse(double_divide(X0,X3))))),inverse(double_divide(X1,X0)))) [superposition 1,1]
6. inverse(double_divide(double_divide(double_divide(X1,X2),inverse(double_divide(X0,X2))),X0)) = X1 [superposition 1,1]
7. inverse(double_divide(double_divide(double_divide(X1,inverse(double_divide(X2,inverse(double_divide(X0,X3))))),X0),double_divide(X2,X3))) = X1 [superposition 6,1]
8. inverse(double_divide(double_divide(double_divide(X1,X2),X0),double_divide(double_divide(X0,X3),inverse(double_divide(X2,X3))))) = X1 [superposition 6,6]
9. double_divide(double_divide(X0,X3),inverse(double_divide(X2,X3))) = inverse(double_divide(double_divide(X1,X2),inverse(double_divide(X1,X0)))) [superposition 1,6]
15. double_divide(double_divide(X2,inverse(double_divide(X0,inverse(double_divide(X3,X1))))),X3) = inverse(double_divide(double_divide(X4,double_divide(X0,X1)),inverse(double_divide(X4,X2)))) [superposition 5,5]
16. double_divide(double_divide(double_divide(X0,X1),inverse(double_divide(inverse(double_divide(X2,X3)),X1))),X3) = inverse(double_divide(double_divide(X4,X0),inverse(double_divide(X4,X2)))) [superposition 5,6]
17. double_divide(X1,X2) = inverse(double_divide(double_divide(double_divide(X3,X4),inverse(double_divide(X1,inverse(double_divide(inverse(double_divide(X3,inverse(double_divide(X0,X4)))),X2))))),X0)) [superposition 5,1]
19. double_divide(X1,X2) = inverse(double_divide(double_divide(double_divide(double_divide(X0,X3),inverse(double_divide(X4,X3))),inverse(double_divide(X1,inverse(double_divide(X4,X2))))),X0)) [superposition 5,6]
21. double_divide(inverse(double_divide(double_divide(X0,inverse(double_divide(X1,X2))),X1)),X2) = X0 [superposition 6,5]
32. double_divide(double_divide(inverse(double_divide(X0,X1)),X2),inverse(double_divide(X1,X2))) = X0 [superposition 21,5]
60. double_divide(double_divide(X0,X1),X2) = double_divide(double_divide(X0,X4),inverse(double_divide(double_divide(double_divide(X2,X3),inverse(double_divide(X1,X3))),X4))) [superposition 32,8]
70. inverse(double_divide(double_divide(double_divide(inverse(double_divide(X0,X1)),X2),X2),inverse(X0))) = X1 [superposition 1,32]
96. double_divide(inverse(double_divide(X0,X1)),inverse(double_divide(X2,X3))) = inverse(double_divide(double_divide(X0,X2),double_divide(X1,X3))) [superposition 7,32]
126. double_divide(X0,X2) = double_divide(inverse(double_divide(X1,X0)),inverse(double_divide(inverse(X1),X2))) [superposition 21,70]
140. double_divide(X0,X2) = inverse(double_divide(double_divide(X1,inverse(X1)),double_divide(X0,X2))) [forward demodulation 126,96]
143. double_divide(X0,inverse(double_divide(X3,X2))) = inverse(double_divide(double_divide(X4,X3),inverse(double_divide(X4,inverse(double_divide(double_divide(X0,inverse(double_divide(X1,X2))),X1)))))) [superposition 9,21]
253. inverse(double_divide(double_divide(X3,inverse(X3)),X0)) = X0 [superposition 140,32]
346. inverse(double_divide(X1,inverse(X2))) = inverse(inverse(double_divide(double_divide(X0,X1),inverse(double_divide(X0,X2))))) [superposition 253,9]
352. double_divide(X0,X2) = inverse(double_divide(double_divide(X0,inverse(double_divide(X1,X2))),X1)) [superposition 5,253]
353. inverse(double_divide(X0,inverse(double_divide(X1,inverse(X0))))) = X1 [superposition 1,253]
354. inverse(double_divide(X0,X1)) = double_divide(double_divide(X1,X2),inverse(double_divide(inverse(X0),X2))) [superposition 9,253]
584. inverse(double_divide(X1,inverse(X0))) = inverse(double_divide(double_divide(X0,inverse(double_divide(X2,inverse(X1)))),X2)) [superposition 353,21]
585. double_divide(inverse(double_divide(X0,X1)),X2) = inverse(double_divide(double_divide(X1,X2),inverse(X0))) [superposition 353,32]
587. inverse(double_divide(X4,inverse(inverse(double_divide(double_divide(X0,double_divide(X1,X2)),inverse(double_divide(X0,X3))))))) = double_divide(X3,inverse(double_divide(X1,inverse(double_divide(inverse(X4),X2))))) [superposition 353,15]
590. double_divide(X2,inverse(double_divide(X0,inverse(double_divide(X3,X1))))) = inverse(double_divide(double_divide(X2,X3),double_divide(X0,X1))) [superposition 353,5]
592. double_divide(X1,inverse(X1)) = inverse(double_divide(X0,inverse(X0))) [superposition 353,253]
594. inverse(double_divide(X1,X0)) = double_divide(double_divide(inverse(double_divide(X1,X0)),X2),X2) [superposition 353,70]
596. inverse(double_divide(double_divide(X0,inverse(X1)),X0)) = X1 [superposition 353,353]
633. inverse(double_divide(X4,inverse(inverse(double_divide(double_divide(X0,double_divide(X1,X2)),inverse(double_divide(X0,X3))))))) = inverse(double_divide(double_divide(X3,inverse(X4)),double_divide(X1,X2))) [forward demodulation 587,590]
635. inverse(double_divide(X1,inverse(X0))) = double_divide(X0,inverse(X1)) [forward demodulation 584,352]
647. inverse(double_divide(X4,inverse(double_divide(double_divide(X1,X2),inverse(X3))))) = inverse(double_divide(double_divide(X3,inverse(X4)),double_divide(X1,X2))) [forward demodulation 633,346]
652. inverse(double_divide(double_divide(X3,inverse(X4)),double_divide(X1,X2))) = double_divide(double_divide(double_divide(X1,X2),inverse(X3)),inverse(X4)) [forward demodulation 647,635]
658. double_divide(double_divide(double_divide(X1,X2),inverse(double_divide(inverse(X0),X2))),X4) = inverse(double_divide(double_divide(X5,X1),inverse(double_divide(X5,inverse(double_divide(double_divide(X0,inverse(double_divide(X3,X4))),X3)))))) [superposition 16,21]
662. inverse(double_divide(double_divide(X7,X3),inverse(double_divide(X7,double_divide(double_divide(X1,X5),inverse(double_divide(inverse(double_divide(X2,X6)),X5))))))) = double_divide(double_divide(double_divide(X3,X4),inverse(double_divide(inverse(inverse(double_divide(double_divide(X0,X1),inverse(double_divide(X0,X2))))),X4))),X6) [superposition 16,16]
673. double_divide(double_divide(double_divide(X1,X2),inverse(double_divide(X0,X2))),inverse(X3)) = inverse(double_divide(double_divide(X5,X1),inverse(double_divide(X5,double_divide(double_divide(inverse(double_divide(X3,X0)),X4),X4))))) [superposition 16,70]
676. double_divide(double_divide(double_divide(X1,X2),inverse(X0)),X3) = inverse(double_divide(double_divide(X4,X1),inverse(double_divide(X4,double_divide(X0,inverse(double_divide(X3,X2))))))) [superposition 16,21]
725. double_divide(double_divide(X1,X5),inverse(double_divide(inverse(double_divide(X2,X4)),X5))) = inverse(double_divide(double_divide(X3,X4),inverse(double_divide(X3,inverse(inverse(double_divide(double_divide(X0,X1),inverse(double_divide(X0,X2))))))))) [superposition 1,16]
746. double_divide(double_divide(inverse(double_divide(X3,double_divide(double_divide(X1,X4),inverse(double_divide(inverse(double_divide(X2,X5)),X4))))),X5),inverse(inverse(double_divide(double_divide(X0,X1),inverse(double_divide(X0,X2)))))) = X3 [superposition 32,16]
751. double_divide(double_divide(X1,X3),inverse(double_divide(inverse(double_divide(X2,inverse(double_divide(X4,X5)))),X3))) = double_divide(inverse(double_divide(inverse(double_divide(double_divide(X0,X1),inverse(double_divide(X0,X2)))),X4)),X5) [superposition 21,16]
823. double_divide(double_divide(X1,X3),inverse(double_divide(inverse(double_divide(X2,inverse(double_divide(X4,X5)))),X3))) = double_divide(inverse(double_divide(double_divide(inverse(double_divide(double_divide(X0,X2),X0)),X1),X4)),X5) [forward demodulation 751,585]
827. double_divide(double_divide(inverse(double_divide(X3,double_divide(double_divide(X1,X4),inverse(double_divide(inverse(double_divide(X2,X5)),X4))))),X5),inverse(double_divide(X1,inverse(X2)))) = X3 [forward demodulation 746,346]
848. double_divide(double_divide(X1,X5),inverse(double_divide(inverse(double_divide(X2,X4)),X5))) = double_divide(inverse(double_divide(double_divide(X3,inverse(inverse(double_divide(double_divide(X0,X1),inverse(double_divide(X0,X2)))))),X3)),X4) [forward demodulation 725,585]
891. double_divide(double_divide(double_divide(X1,X2),inverse(X0)),X3) = double_divide(inverse(double_divide(double_divide(X4,double_divide(X0,inverse(double_divide(X3,X2)))),X4)),X1) [forward demodulation 676,585]
894. double_divide(double_divide(double_divide(X1,X2),inverse(double_divide(X0,X2))),inverse(X3)) = double_divide(inverse(double_divide(double_divide(X5,double_divide(double_divide(inverse(double_divide(X3,X0)),X4),X4)),X5)),X1) [forward demodulation 673,585]
905. inverse(double_divide(double_divide(X7,X3),inverse(double_divide(X7,double_divide(double_divide(X1,X5),inverse(double_divide(inverse(double_divide(X2,X6)),X5))))))) = double_divide(inverse(double_divide(inverse(double_divide(double_divide(X0,X1),inverse(double_divide(X0,X2)))),X3)),X6) [forward demodulation 662,354]
909. double_divide(double_divide(double_divide(X1,X2),inverse(double_divide(inverse(X0),X2))),X4) = double_divide(X0,inverse(double_divide(X1,X4))) [forward demodulation 658,143]
938. double_divide(inverse(double_divide(double_divide(inverse(double_divide(double_divide(X0,X2),X0)),X1),X4)),X5) = inverse(double_divide(double_divide(X2,inverse(double_divide(X4,X5))),X1)) [forward demodulation 823,354]
942. double_divide(double_divide(inverse(double_divide(X3,double_divide(double_divide(X1,X4),inverse(double_divide(inverse(double_divide(X2,X5)),X4))))),X5),double_divide(X2,inverse(X1))) = X3 [forward demodulation 827,635]
963. double_divide(inverse(double_divide(double_divide(X0,X1),inverse(double_divide(X0,X2)))),X4) = double_divide(double_divide(X1,X5),inverse(double_divide(inverse(double_divide(X2,X4)),X5))) [forward demodulation 848,596]
1000. double_divide(double_divide(double_divide(X1,X2),inverse(double_divide(X0,X2))),inverse(X3)) = double_divide(inverse(double_divide(double_divide(X5,inverse(double_divide(X3,X0))),X5)),X1) [forward demodulation 894,594]
1008. inverse(double_divide(double_divide(X7,X3),inverse(double_divide(X7,double_divide(double_divide(X1,X5),inverse(double_divide(inverse(double_divide(X2,X6)),X5))))))) = double_divide(inverse(double_divide(double_divide(inverse(double_divide(double_divide(X0,X2),X0)),X1),X3)),X6) [forward demodulation 905,585]
1012. double_divide(X0,inverse(double_divide(X1,X4))) = double_divide(inverse(double_divide(X0,X1)),X4) [forward demodulation 909,354]
1031. double_divide(double_divide(inverse(double_divide(X3,inverse(double_divide(double_divide(X2,X5),X1)))),X5),double_divide(X2,inverse(X1))) = X3 [forward demodulation 942,354]
1051. double_divide(inverse(double_divide(double_divide(X0,X1),inverse(double_divide(X0,X2)))),X4) = inverse(double_divide(double_divide(X2,X4),X1)) [forward demodulation 963,354]
1073. double_divide(double_divide(double_divide(X1,X2),inverse(double_divide(X0,X2))),inverse(X3)) = double_divide(double_divide(X3,X0),X1) [forward demodulation 1000,596]
1078. inverse(double_divide(double_divide(X7,X3),inverse(double_divide(X7,double_divide(double_divide(X1,X5),inverse(double_divide(inverse(double_divide(X2,X6)),X5))))))) = inverse(double_divide(double_divide(X2,inverse(double_divide(X3,X6))),X1)) [forward demodulation 1008,938]
1099. double_divide(double_divide(X3,inverse(double_divide(inverse(double_divide(double_divide(X2,X5),X1)),X5))),double_divide(X2,inverse(X1))) = X3 [forward demodulation 1031,1012]
1117. inverse(double_divide(double_divide(X2,X4),X1)) = double_divide(double_divide(X0,X1),inverse(double_divide(inverse(double_divide(X0,X2)),X4))) [forward demodulation 1051,1012]
1137. double_divide(double_divide(X3,X0),X1) = inverse(double_divide(double_divide(double_divide(X0,X2),inverse(X3)),double_divide(X1,X2))) [forward demodulation 1073,652]
1141. inverse(double_divide(double_divide(X2,inverse(double_divide(X3,X6))),X1)) = double_divide(inverse(double_divide(double_divide(X7,double_divide(double_divide(X1,X5),inverse(double_divide(inverse(double_divide(X2,X6)),X5)))),X7)),X3) [forward demodulation 1078,585]
1158. double_divide(double_divide(X3,inverse(double_divide(double_divide(X2,X5),inverse(double_divide(X1,X5))))),double_divide(X2,inverse(X1))) = X3 [forward demodulation 1099,1012]
1173. inverse(double_divide(double_divide(X2,X4),X1)) = double_divide(double_divide(X0,X1),inverse(double_divide(X0,inverse(double_divide(X2,X4))))) [forward demodulation 1117,1012]
1190. inverse(double_divide(double_divide(X2,inverse(double_divide(X3,X6))),X1)) = double_divide(double_divide(double_divide(X3,X5),inverse(double_divide(X1,X5))),inverse(double_divide(X2,X6))) [forward demodulation 1141,891]
1204. double_divide(inverse(double_divide(double_divide(X3,X1),double_divide(double_divide(X2,X5),X5))),double_divide(X2,inverse(X1))) = X3 [forward demodulation 1158,590]
1210. inverse(double_divide(double_divide(X2,X4),X1)) = inverse(double_divide(double_divide(double_divide(X0,X1),X2),double_divide(X0,X4))) [forward demodulation 1173,590]
1222. inverse(double_divide(double_divide(X2,inverse(double_divide(X3,X6))),X1)) = inverse(double_divide(double_divide(double_divide(X1,X5),inverse(double_divide(X2,X6))),double_divide(X3,X5))) [forward demodulation 1190,652]
1234. double_divide(double_divide(X3,X1),inverse(double_divide(double_divide(double_divide(X2,X5),X5),double_divide(X2,inverse(X1))))) = X3 [forward demodulation 1204,1012]
1247. inverse(double_divide(double_divide(X2,inverse(double_divide(X3,X6))),X1)) = double_divide(double_divide(double_divide(X2,X6),X1),X3) [forward demodulation 1222,1137]
1256. double_divide(double_divide(X3,X1),inverse(double_divide(double_divide(X5,inverse(X1)),X5))) = X3 [forward demodulation 1234,1210]
1266. double_divide(double_divide(X3,X1),X1) = X3 [forward demodulation 1256,596]
1297. inverse(double_divide(double_divide(double_divide(X1,X2),inverse(X0)),double_divide(X0,X2))) = X1 [superposition 6,1266]
1325. inverse(double_divide(double_divide(double_divide(X0,inverse(double_divide(X1,X2))),X2),inverse(X0))) = X1 [superposition 1,1266]
1333. double_divide(inverse(double_divide(X0,double_divide(X0,inverse(double_divide(X1,X2))))),X2) = X1 [forward demodulation 1325,585]
1353. double_divide(double_divide(X0,X1),X0) = X1 [forward demodulation 1297,1137]
1368. double_divide(X0,inverse(double_divide(double_divide(X0,inverse(double_divide(X1,X2))),X2))) = X1 [forward demodulation 1333,1012]
1394. double_divide(X0,double_divide(double_divide(double_divide(X0,X2),X2),X1)) = X1 [forward demodulation 1368,1247]
1408. double_divide(X0,double_divide(X0,X1)) = X1 [forward demodulation 1394,1266]
1459. double_divide(X1,X2) = inverse(double_divide(double_divide(double_divide(double_divide(X3,X4),inverse(double_divide(double_divide(double_divide(X0,X5),inverse(double_divide(X2,X5))),X4))),inverse(double_divide(X1,X0))),X3)) [superposition 19,6]
1581. double_divide(X1,X2) = double_divide(double_divide(double_divide(double_divide(double_divide(X3,X4),inverse(double_divide(double_divide(double_divide(X0,X5),inverse(double_divide(X2,X5))),X4))),X0),X3),X1) [forward demodulation 1459,1247]
1671. double_divide(X1,X2) = double_divide(double_divide(double_divide(double_divide(double_divide(X3,X2),X0),X0),X3),X1) [forward demodulation 1581,60]
1755. double_divide(X1,X2) = double_divide(double_divide(double_divide(X3,X2),X3),X1) [forward demodulation 1671,1266]
1835. double_divide(X2,X1) = double_divide(X1,X2) [forward demodulation 1755,1353]
2216. double_divide(X0,double_divide(X1,X0)) = X1 [superposition 1266,1835]
2232. inverse(double_divide(double_divide(inverse(double_divide(X0,X1)),double_divide(X2,X1)),X0)) = X2 [superposition 6,1835]
2257. inverse(double_divide(X0,double_divide(inverse(double_divide(X0,X1)),double_divide(X2,X1)))) = X2 [forward demodulation 2232,1835]
2402. inverse(double_divide(X0,double_divide(X0,inverse(double_divide(X1,double_divide(X2,X1)))))) = X2 [forward demodulation 2257,1012]
2532. inverse(inverse(double_divide(X1,double_divide(X2,X1)))) = X2 [forward demodulation 2402,1408]
2633. inverse(inverse(X2)) = X2 [forward demodulation 2532,2216]
3482. double_divide(double_divide(double_divide(X0,X1),inverse(double_divide(X2,X1))),X2) = inverse(X0) [superposition 2633,6]
3504. inverse(X0) = double_divide(X2,double_divide(double_divide(X0,X1),inverse(double_divide(X2,X1)))) [forward demodulation 3482,1835]
3610. double_divide(X3,inverse(X3)) = inverse(double_divide(double_divide(double_divide(X0,X2),inverse(double_divide(X0,inverse(double_divide(X1,X2))))),X1)) [superposition 17,353]
3690. double_divide(X3,inverse(X3)) = double_divide(double_divide(double_divide(double_divide(X0,X2),inverse(double_divide(X1,X2))),X1),X0) [forward demodulation 3610,1247]
3795. double_divide(X3,inverse(X3)) = double_divide(X0,double_divide(double_divide(double_divide(X0,X2),inverse(double_divide(X1,X2))),X1)) [forward demodulation 3690,1835]
3900. double_divide(X3,inverse(X3)) = double_divide(X0,double_divide(X1,double_divide(double_divide(X0,X2),inverse(double_divide(X1,X2))))) [forward demodulation 3795,1835]
4000. double_divide(X0,inverse(X0)) = double_divide(X3,inverse(X3)) [forward demodulation 3900,3504]
33553. inverse(double_divide(a1,inverse(a1))) != inverse(double_divide(X0,inverse(X0))) [superposition 4,4000]
33554. inverse(double_divide(a1,inverse(a1))) != double_divide(X0,inverse(X0)) [forward demodulation 33553,635]
33802. $false [forward subsumption resolution 33554,592]
% SZS output end Proof for GRP593-1
% ------------------------------
% Version: Vampire 5.0.0 (Release build, commit 2e2c9b7b8 on 2026-01-17 12:24:14 +0100)
% Linked with Z3 4.14.0.0 3c47fd96cf5645d0c42b2c819d9e9a84380aa721 z3-4.8.4-9178-g3c47fd96c
% CaDiCaL version: 2.1.3
% Termination reason: Refutation
% Time elapsed: 0.464 s
% Peak memory usage: 52 MB
% Instructions burned: 1207 (million)
% ------------------------------
% ------------------------------
