% Running in auto input_syntax mode. Trying TPTP
% Refutation found. Thanks to Tanya!
% SZS status Unsatisfiable for GRP110-1
% SZS output start Proof for GRP110-1
1. inverse(double_divide(inverse(double_divide(inverse(double_divide(X0,X1)),X2)),double_divide(X0,X2))) = X1 [input(axiom)]
2. multiply(X0,X1) = inverse(double_divide(X1,X0)) [input(axiom)]
3. multiply(inverse(a1),a1) != multiply(inverse(b1),b1) | multiply(multiply(inverse(b2),b2),a2) != a2 | multiply(multiply(a3,b3),c3) != multiply(a3,multiply(b3,c3)) | multiply(a4,b4) != multiply(b4,a4) [input(negated conjecture)]
4. multiply(inverse(a1),a1) != multiply(inverse(b1),b1) | a2 != multiply(multiply(inverse(b2),b2),a2) | multiply(multiply(a3,b3),c3) != multiply(a3,multiply(b3,c3)) | multiply(a4,b4) != multiply(b4,a4) [reorient equations 3]
5. inverse(double_divide(a1,inverse(a1))) != inverse(double_divide(b1,inverse(b1))) | a2 != inverse(double_divide(a2,inverse(double_divide(b2,inverse(b2))))) | inverse(double_divide(c3,inverse(double_divide(b3,a3)))) != inverse(double_divide(inverse(double_divide(c3,b3)),a3)) | inverse(double_divide(b4,a4)) != inverse(double_divide(a4,b4)) [definition unfolding 4,2,2,2,2,2,2,2,2,2,2]
7. 1 <=> inverse(double_divide(b4,a4)) = inverse(double_divide(a4,b4)) [avatar definition]
9. inverse(double_divide(b4,a4)) != inverse(double_divide(a4,b4)) <- (~1) [avatar component clause 7]
11. 2 <=> inverse(double_divide(c3,inverse(double_divide(b3,a3)))) = inverse(double_divide(inverse(double_divide(c3,b3)),a3)) [avatar definition]
13. inverse(double_divide(c3,inverse(double_divide(b3,a3)))) != inverse(double_divide(inverse(double_divide(c3,b3)),a3)) <- (~2) [avatar component clause 11]
15. 3 <=> a2 = inverse(double_divide(a2,inverse(double_divide(b2,inverse(b2))))) [avatar definition]
17. a2 != inverse(double_divide(a2,inverse(double_divide(b2,inverse(b2))))) <- (~3) [avatar component clause 15]
19. 4 <=> inverse(double_divide(a1,inverse(a1))) = inverse(double_divide(b1,inverse(b1))) [avatar definition]
21. inverse(double_divide(a1,inverse(a1))) != inverse(double_divide(b1,inverse(b1))) <- (~4) [avatar component clause 19]
22. ~1 | ~2 | ~3 | ~4 [avatar split clause 5,19,15,11,7]
23. double_divide(X1,X2) = inverse(double_divide(inverse(double_divide(X0,X3)),double_divide(inverse(double_divide(inverse(double_divide(X1,X0)),X2)),X3))) [superposition 1,1]
24. inverse(double_divide(X0,double_divide(inverse(double_divide(X1,X0)),double_divide(X1,X2)))) = X2 [superposition 1,1]
25. inverse(double_divide(double_divide(X1,X2),double_divide(X0,double_divide(inverse(double_divide(inverse(double_divide(X1,X0)),X2)),X3)))) = X3 [superposition 24,1]
26. inverse(double_divide(double_divide(inverse(double_divide(X1,X2)),double_divide(X1,X0)),double_divide(X0,double_divide(X2,X3)))) = X3 [superposition 24,24]
27. double_divide(inverse(double_divide(X2,X1)),double_divide(X2,X0)) = inverse(double_divide(inverse(double_divide(X0,X3)),double_divide(X1,X3))) [superposition 1,24]
31. double_divide(X1,X2) = inverse(double_divide(X0,double_divide(inverse(double_divide(inverse(double_divide(X1,X3)),X2)),double_divide(inverse(double_divide(X4,X3)),double_divide(X4,X0))))) [superposition 23,24]
36. double_divide(X2,double_divide(inverse(double_divide(inverse(double_divide(X0,X2)),X1)),X3)) = inverse(double_divide(inverse(double_divide(X3,X4)),double_divide(double_divide(X0,X1),X4))) [superposition 23,23]
37. double_divide(X1,double_divide(inverse(double_divide(X2,inverse(double_divide(X1,X3)))),double_divide(X2,X0))) = inverse(double_divide(inverse(double_divide(X3,X4)),double_divide(X0,X4))) [superposition 23,24]
40. double_divide(X0,inverse(double_divide(X1,double_divide(inverse(double_divide(X0,X1)),X2)))) = X2 [superposition 24,23]
42. double_divide(inverse(double_divide(inverse(double_divide(X0,X2)),X1)),X3) = inverse(double_divide(inverse(double_divide(double_divide(X0,X1),X4)),double_divide(inverse(double_divide(X2,X3)),X4))) [superposition 1,23]
50. double_divide(inverse(double_divide(X0,X1)),double_divide(X0,inverse(double_divide(X1,X2)))) = X2 [superposition 40,23]
87. inverse(double_divide(inverse(X0),double_divide(X1,double_divide(X1,inverse(double_divide(X2,X0)))))) = X2 [superposition 1,50]
115. double_divide(inverse(double_divide(X1,X3)),inverse(double_divide(X2,X0))) = inverse(double_divide(double_divide(X1,X2),double_divide(X3,X0))) [superposition 25,50]
148. double_divide(X1,X0) = double_divide(inverse(double_divide(X1,inverse(X2))),inverse(double_divide(X0,X2))) [superposition 40,87]
159. double_divide(X1,X0) = inverse(double_divide(double_divide(X1,X0),double_divide(inverse(X2),X2))) [forward demodulation 148,115]
162. double_divide(inverse(X0),double_divide(X1,X3)) = inverse(double_divide(inverse(double_divide(X3,X4)),double_divide(inverse(double_divide(X2,double_divide(inverse(double_divide(X1,X2)),X0))),X4))) [superposition 27,40]
163. double_divide(inverse(X0),double_divide(inverse(double_divide(X1,X2)),X3)) = inverse(double_divide(inverse(double_divide(X3,X4)),double_divide(double_divide(X1,inverse(double_divide(X2,X0))),X4))) [superposition 27,50]
180. double_divide(inverse(double_divide(X1,X2)),double_divide(X1,inverse(double_divide(inverse(double_divide(X3,X0)),X4)))) = inverse(double_divide(X0,double_divide(X2,double_divide(X3,X4)))) [superposition 27,1]
263. inverse(double_divide(X0,double_divide(inverse(X3),X3))) = X0 [superposition 159,50]
365. inverse(double_divide(inverse(X0),X2)) = inverse(inverse(double_divide(inverse(double_divide(X0,X1)),double_divide(X2,X1)))) [superposition 263,27]
434. double_divide(X2,X3) = inverse(double_divide(X4,double_divide(inverse(double_divide(inverse(double_divide(X2,double_divide(inverse(X5),X5))),X3)),double_divide(double_divide(X0,X1),double_divide(double_divide(X0,X1),X4))))) [superposition 31,159]
447. double_divide(X0,double_divide(X0,X1)) = X1 [superposition 263,31]
463. double_divide(X1,X2) = double_divide(X0,double_divide(X0,double_divide(X1,X2))) [superposition 159,31]
480. double_divide(X2,X3) = inverse(double_divide(X4,double_divide(inverse(double_divide(inverse(double_divide(X2,double_divide(inverse(X5),X5))),X3)),X4))) [forward demodulation 434,447]
515. double_divide(X2,X3) = inverse(double_divide(X4,double_divide(inverse(double_divide(X2,X3)),X4))) [forward demodulation 480,263]
548. double_divide(X2,X3) = inverse(double_divide(inverse(double_divide(X0,X1)),double_divide(X0,inverse(double_divide(inverse(double_divide(X2,X1)),X3))))) [superposition 31,447]
549. inverse(double_divide(double_divide(inverse(double_divide(X1,X2)),double_divide(X1,X2)),X0)) = X0 [superposition 26,447]
553. inverse(double_divide(inverse(double_divide(inverse(double_divide(X1,X2)),double_divide(X1,X0))),X0)) = X2 [superposition 1,447]
554. double_divide(X1,X2) = inverse(double_divide(inverse(double_divide(double_divide(X1,X0),X3)),double_divide(inverse(double_divide(inverse(X0),X2)),X3))) [superposition 23,447]
565. double_divide(inverse(X0),double_divide(X1,X2)) = inverse(double_divide(inverse(double_divide(X2,X3)),double_divide(double_divide(X1,X0),X3))) [superposition 27,447]
574. double_divide(X2,X0) = double_divide(inverse(double_divide(X1,X2)),double_divide(X1,inverse(X0))) [superposition 50,447]
577. inverse(double_divide(inverse(double_divide(inverse(double_divide(X0,double_divide(X0,X1))),X1)),X2)) = X2 [superposition 25,447]
582. double_divide(inverse(double_divide(X1,X2)),X0) = double_divide(X1,inverse(double_divide(X2,X0))) [superposition 40,447]
593. inverse(double_divide(inverse(double_divide(X0,double_divide(X0,X1))),inverse(double_divide(X1,X2)))) = X2 [forward demodulation 577,582]
595. double_divide(X2,X0) = double_divide(X1,inverse(double_divide(X2,double_divide(X1,inverse(X0))))) [forward demodulation 574,582]
601. double_divide(inverse(X0),double_divide(X1,X2)) = inverse(double_divide(X2,inverse(double_divide(X3,double_divide(double_divide(X1,X0),X3))))) [forward demodulation 565,582]
609. double_divide(X1,X2) = double_divide(inverse(double_divide(inverse(double_divide(X1,inverse(X0))),X0)),X2) [forward demodulation 554,42]
610. inverse(double_divide(inverse(double_divide(X1,X2)),inverse(double_divide(double_divide(X1,X0),X0)))) = X2 [forward demodulation 553,582]
613. inverse(double_divide(double_divide(X1,inverse(double_divide(X2,double_divide(X1,X2)))),X0)) = X0 [forward demodulation 549,582]
614. double_divide(X2,X3) = inverse(inverse(double_divide(X1,double_divide(X1,double_divide(X2,X3))))) [forward demodulation 548,180]
620. inverse(inverse(double_divide(double_divide(X0,X1),double_divide(double_divide(X0,X1),X2)))) = X2 [forward demodulation 593,115]
629. double_divide(X1,X2) = double_divide(inverse(double_divide(X1,inverse(X0))),inverse(double_divide(X0,X2))) [forward demodulation 609,582]
630. inverse(inverse(double_divide(double_divide(X1,double_divide(X1,X0)),double_divide(X2,X0)))) = X2 [forward demodulation 610,115]
632. double_divide(X2,X3) = inverse(inverse(double_divide(X2,X3))) [forward demodulation 614,463]
634. inverse(inverse(X2)) = X2 [forward demodulation 620,447]
638. double_divide(X1,X2) = inverse(double_divide(double_divide(X1,X0),double_divide(inverse(X0),X2))) [forward demodulation 629,115]
639. inverse(inverse(double_divide(X0,double_divide(X2,X0)))) = X2 [forward demodulation 630,447]
641. double_divide(X0,double_divide(X2,X0)) = X2 [forward demodulation 639,632]
642. inverse(double_divide(inverse(double_divide(X4,X5)),double_divide(double_divide(X2,X3),X5))) = double_divide(inverse(double_divide(X1,double_divide(inverse(double_divide(X2,X1)),X0))),double_divide(inverse(double_divide(inverse(X0),X3)),X4)) [superposition 36,40]
651. inverse(double_divide(inverse(double_divide(X4,X5)),double_divide(double_divide(inverse(X2),X3),X5))) = double_divide(double_divide(X1,double_divide(X1,inverse(double_divide(X0,X2)))),double_divide(inverse(double_divide(X0,X3)),X4)) [superposition 36,87]
653. inverse(double_divide(inverse(double_divide(X6,X7)),double_divide(double_divide(X4,X5),X7))) = double_divide(double_divide(inverse(double_divide(inverse(double_divide(X0,X2)),X1)),double_divide(inverse(double_divide(X3,X2)),double_divide(X3,X4))),double_divide(inverse(double_divide(double_divide(X0,X1),X5)),X6)) [superposition 36,31]
699. double_divide(X1,double_divide(inverse(double_divide(inverse(double_divide(inverse(double_divide(X2,X3)),X1)),double_divide(X2,inverse(double_divide(X3,X0))))),X4)) = inverse(double_divide(inverse(double_divide(X4,X5)),double_divide(X0,X5))) [superposition 36,50]
717. inverse(double_divide(inverse(double_divide(inverse(double_divide(X4,X5)),double_divide(inverse(double_divide(inverse(double_divide(X2,X4)),X3)),X0))),inverse(double_divide(inverse(double_divide(X0,X1)),double_divide(double_divide(X2,X3),X1))))) = X5 [superposition 1,36]
741. double_divide(inverse(double_divide(inverse(double_divide(X2,X4)),X3)),X0) = double_divide(X4,inverse(double_divide(inverse(double_divide(X0,X1)),double_divide(double_divide(X2,X3),X1)))) [superposition 447,36]
748. double_divide(inverse(double_divide(inverse(double_divide(X2,inverse(double_divide(X4,X5)))),X3)),X0) = double_divide(X4,inverse(double_divide(X5,inverse(double_divide(inverse(double_divide(X0,X1)),double_divide(double_divide(X2,X3),X1)))))) [superposition 40,36]
801. double_divide(inverse(double_divide(inverse(double_divide(X2,inverse(double_divide(X4,X5)))),X3)),X0) = double_divide(X4,inverse(double_divide(X5,inverse(double_divide(X0,inverse(double_divide(X1,double_divide(double_divide(X2,X3),X1)))))))) [forward demodulation 748,582]
808. double_divide(inverse(double_divide(inverse(double_divide(X2,X4)),X3)),X0) = double_divide(X4,inverse(double_divide(X0,inverse(double_divide(X1,double_divide(double_divide(X2,X3),X1)))))) [forward demodulation 741,582]
831. inverse(inverse(double_divide(double_divide(inverse(double_divide(X4,X5)),inverse(double_divide(X0,X1))),double_divide(double_divide(inverse(double_divide(inverse(double_divide(X2,X4)),X3)),X0),double_divide(double_divide(X2,X3),X1))))) = X5 [forward demodulation 717,115]
846. double_divide(X1,double_divide(inverse(double_divide(inverse(double_divide(inverse(double_divide(X2,X3)),X1)),double_divide(X2,inverse(double_divide(X3,X0))))),X4)) = inverse(double_divide(X4,inverse(double_divide(X5,double_divide(X0,X5))))) [forward demodulation 699,582]
886. inverse(double_divide(inverse(double_divide(X6,X7)),double_divide(double_divide(X4,X5),X7))) = double_divide(double_divide(inverse(double_divide(inverse(double_divide(X0,X2)),X1)),double_divide(inverse(double_divide(X3,X2)),double_divide(X3,X4))),double_divide(double_divide(X0,X1),inverse(double_divide(X5,X6)))) [forward demodulation 653,582]
887. inverse(double_divide(inverse(double_divide(X4,X5)),double_divide(double_divide(inverse(X2),X3),X5))) = double_divide(double_divide(X1,double_divide(X1,inverse(double_divide(X0,X2)))),double_divide(X0,inverse(double_divide(X3,X4)))) [forward demodulation 651,582]
895. inverse(double_divide(inverse(double_divide(X4,X5)),double_divide(double_divide(X2,X3),X5))) = double_divide(X1,inverse(double_divide(double_divide(inverse(double_divide(X2,X1)),X0),double_divide(inverse(double_divide(inverse(X0),X3)),X4)))) [forward demodulation 642,582]
918. double_divide(inverse(double_divide(inverse(double_divide(X2,inverse(double_divide(X4,X5)))),X3)),X0) = double_divide(X4,inverse(double_divide(X5,double_divide(inverse(X3),double_divide(X2,X0))))) [forward demodulation 801,601]
923. double_divide(inverse(double_divide(inverse(double_divide(X2,X4)),X3)),X0) = double_divide(X4,double_divide(inverse(X3),double_divide(X2,X0))) [forward demodulation 808,601]
946. double_divide(double_divide(inverse(double_divide(X4,X5)),inverse(double_divide(X0,X1))),double_divide(double_divide(inverse(double_divide(inverse(double_divide(X2,X4)),X3)),X0),double_divide(double_divide(X2,X3),X1))) = X5 [forward demodulation 831,632]
958. double_divide(X1,double_divide(inverse(double_divide(inverse(double_divide(inverse(double_divide(X2,X3)),X1)),double_divide(X2,inverse(double_divide(X3,X0))))),X4)) = inverse(double_divide(X4,inverse(X0))) [forward demodulation 846,641]
997. inverse(double_divide(inverse(double_divide(X6,X7)),double_divide(double_divide(X4,X5),X7))) = double_divide(double_divide(inverse(double_divide(X0,X2)),inverse(double_divide(X1,double_divide(inverse(double_divide(X3,X2)),double_divide(X3,X4))))),double_divide(double_divide(X0,X1),inverse(double_divide(X5,X6)))) [forward demodulation 886,582]
998. inverse(double_divide(inverse(double_divide(X4,X5)),double_divide(double_divide(inverse(X2),X3),X5))) = double_divide(inverse(double_divide(X0,X2)),double_divide(X0,inverse(double_divide(X3,X4)))) [forward demodulation 887,447]
1006. inverse(double_divide(inverse(double_divide(X4,X5)),double_divide(double_divide(X2,X3),X5))) = double_divide(X1,inverse(double_divide(double_divide(inverse(double_divide(X2,X1)),X0),double_divide(inverse(X0),inverse(double_divide(X3,X4)))))) [forward demodulation 895,582]
1029. double_divide(inverse(double_divide(X2,inverse(double_divide(X4,X5)))),inverse(double_divide(X3,X0))) = double_divide(X4,inverse(double_divide(X5,double_divide(inverse(X3),double_divide(X2,X0))))) [forward demodulation 918,582]
1034. double_divide(inverse(double_divide(X2,X4)),inverse(double_divide(X3,X0))) = double_divide(X4,double_divide(inverse(X3),double_divide(X2,X0))) [forward demodulation 923,582]
1056. double_divide(double_divide(inverse(double_divide(X4,X5)),inverse(double_divide(X0,X1))),double_divide(double_divide(inverse(double_divide(X2,X4)),inverse(double_divide(X3,X0))),double_divide(double_divide(X2,X3),X1))) = X5 [forward demodulation 946,582]
1068. inverse(double_divide(X4,inverse(X0))) = double_divide(X1,double_divide(inverse(double_divide(inverse(double_divide(X2,X3)),X1)),inverse(double_divide(double_divide(X2,inverse(double_divide(X3,X0))),X4)))) [forward demodulation 958,582]
1103. inverse(double_divide(inverse(double_divide(X6,X7)),double_divide(double_divide(X4,X5),X7))) = double_divide(inverse(double_divide(double_divide(X0,X1),double_divide(X2,double_divide(inverse(double_divide(X3,X2)),double_divide(X3,X4))))),double_divide(double_divide(X0,X1),inverse(double_divide(X5,X6)))) [forward demodulation 997,115]
1104. inverse(double_divide(inverse(double_divide(X4,X5)),double_divide(double_divide(inverse(X2),X3),X5))) = double_divide(X0,inverse(double_divide(X2,double_divide(X0,inverse(double_divide(X3,X4)))))) [forward demodulation 998,582]
1112. inverse(double_divide(inverse(double_divide(X4,X5)),double_divide(double_divide(X2,X3),X5))) = double_divide(X1,double_divide(inverse(double_divide(X2,X1)),inverse(double_divide(X3,X4)))) [forward demodulation 1006,638]
1133. inverse(double_divide(double_divide(X2,X3),double_divide(inverse(double_divide(X4,X5)),X0))) = double_divide(X4,inverse(double_divide(X5,double_divide(inverse(X3),double_divide(X2,X0))))) [forward demodulation 1029,115]
1138. double_divide(X4,double_divide(inverse(X3),double_divide(X2,X0))) = inverse(double_divide(double_divide(X2,X3),double_divide(X4,X0))) [forward demodulation 1034,115]
1158. double_divide(double_divide(inverse(double_divide(X4,X5)),inverse(double_divide(X0,X1))),double_divide(inverse(double_divide(double_divide(X2,X3),double_divide(X4,X0))),double_divide(double_divide(X2,X3),X1))) = X5 [forward demodulation 1056,115]
1168. inverse(double_divide(X4,inverse(X0))) = double_divide(X1,inverse(double_divide(double_divide(inverse(double_divide(X2,X3)),double_divide(X2,inverse(double_divide(X3,X0)))),double_divide(X1,X4)))) [forward demodulation 1068,115]
1196. inverse(double_divide(inverse(double_divide(X6,X7)),double_divide(double_divide(X4,X5),X7))) = double_divide(double_divide(X0,X1),inverse(double_divide(double_divide(X2,double_divide(inverse(double_divide(X3,X2)),double_divide(X3,X4))),double_divide(double_divide(X0,X1),inverse(double_divide(X5,X6)))))) [forward demodulation 1103,582]
1197. double_divide(X2,double_divide(X3,X4)) = inverse(double_divide(inverse(double_divide(X4,X5)),double_divide(double_divide(inverse(X2),X3),X5))) [forward demodulation 1104,595]
1204. inverse(double_divide(inverse(double_divide(X4,X5)),double_divide(double_divide(X2,X3),X5))) = double_divide(X1,inverse(double_divide(double_divide(X2,X3),double_divide(X1,X4)))) [forward demodulation 1112,115]
1218. double_divide(X4,inverse(double_divide(X5,double_divide(inverse(X3),double_divide(X2,X0))))) = inverse(double_divide(double_divide(X2,X3),double_divide(X4,inverse(double_divide(X5,X0))))) [forward demodulation 1133,582]
1241. inverse(double_divide(double_divide(double_divide(X2,X3),double_divide(double_divide(X2,X3),double_divide(X4,X0))),double_divide(double_divide(inverse(double_divide(X4,X5)),inverse(double_divide(X0,X1))),X1))) = X5 [forward demodulation 1158,1138]
1249. inverse(double_divide(X4,inverse(X0))) = double_divide(X1,inverse(double_divide(X0,double_divide(X1,X4)))) [forward demodulation 1168,50]
1266. inverse(double_divide(inverse(double_divide(X6,X7)),double_divide(double_divide(X4,X5),X7))) = double_divide(double_divide(X2,double_divide(inverse(double_divide(X3,X2)),double_divide(X3,X4))),double_divide(X5,X6)) [forward demodulation 1196,595]
1267. double_divide(X2,double_divide(X3,X4)) = inverse(double_divide(X4,inverse(double_divide(X5,double_divide(double_divide(inverse(X2),X3),X5))))) [forward demodulation 1197,582]
1273. double_divide(X1,inverse(double_divide(double_divide(X2,X3),double_divide(X1,X4)))) = inverse(double_divide(X4,inverse(double_divide(X5,double_divide(double_divide(X2,X3),X5))))) [forward demodulation 1204,582]
1282. inverse(double_divide(double_divide(X2,X3),double_divide(X4,inverse(double_divide(X5,X0))))) = double_divide(X4,inverse(inverse(double_divide(double_divide(X2,X3),double_divide(X5,X0))))) [forward demodulation 1218,1138]
1300. inverse(double_divide(double_divide(double_divide(X2,X3),double_divide(double_divide(X2,X3),double_divide(X4,X0))),double_divide(inverse(double_divide(double_divide(X4,X0),double_divide(X5,X1))),X1))) = X5 [forward demodulation 1241,115]
1316. inverse(double_divide(inverse(double_divide(X6,X7)),double_divide(double_divide(X4,X5),X7))) = double_divide(inverse(double_divide(double_divide(X3,double_divide(X3,X2)),double_divide(X2,X4))),double_divide(X5,X6)) [forward demodulation 1266,1138]
1317. double_divide(X2,double_divide(X3,X4)) = double_divide(inverse(X3),double_divide(inverse(X2),X4)) [forward demodulation 1267,601]
1323. double_divide(X1,inverse(double_divide(double_divide(X2,X3),double_divide(X1,X4)))) = double_divide(inverse(X3),double_divide(X2,X4)) [forward demodulation 1273,601]
1331. inverse(double_divide(double_divide(X2,X3),double_divide(X4,inverse(double_divide(X5,X0))))) = double_divide(X4,double_divide(double_divide(X2,X3),double_divide(X5,X0))) [forward demodulation 1282,632]
1344. inverse(double_divide(double_divide(double_divide(X2,X3),double_divide(double_divide(X2,X3),double_divide(X4,X0))),double_divide(double_divide(X4,X0),inverse(double_divide(double_divide(X5,X1),X1))))) = X5 [forward demodulation 1300,582]
1358. inverse(double_divide(inverse(double_divide(X6,X7)),double_divide(double_divide(X4,X5),X7))) = double_divide(double_divide(X3,double_divide(X3,X2)),inverse(double_divide(double_divide(X2,X4),double_divide(X5,X6)))) [forward demodulation 1316,582]
1363. inverse(double_divide(X4,inverse(double_divide(X2,X3)))) = double_divide(inverse(X3),double_divide(X2,X4)) [forward demodulation 1323,1249]
1381. double_divide(double_divide(X4,X0),double_divide(double_divide(double_divide(X2,X3),double_divide(double_divide(X2,X3),double_divide(X4,X0))),double_divide(double_divide(X5,X1),X1))) = X5 [forward demodulation 1344,1331]
1394. inverse(double_divide(inverse(double_divide(X6,X7)),double_divide(double_divide(X4,X5),X7))) = double_divide(X2,inverse(double_divide(double_divide(X2,X4),double_divide(X5,X6)))) [forward demodulation 1358,447]
1407. double_divide(double_divide(X4,X0),double_divide(double_divide(X4,X0),double_divide(double_divide(X5,X1),X1))) = X5 [forward demodulation 1381,463]
1419. double_divide(X2,inverse(double_divide(double_divide(X2,X4),double_divide(X5,X6)))) = inverse(double_divide(X6,inverse(double_divide(X7,double_divide(double_divide(X4,X5),X7))))) [forward demodulation 1394,582]
1427. double_divide(double_divide(X5,X1),X1) = X5 [forward demodulation 1407,463]
1437. double_divide(X2,inverse(double_divide(double_divide(X2,X4),double_divide(X5,X6)))) = double_divide(inverse(X5),double_divide(X4,X6)) [forward demodulation 1419,601]
1456. inverse(double_divide(inverse(double_divide(X0,X1)),double_divide(X0,X2))) = double_divide(inverse(double_divide(X2,X3)),double_divide(X1,X3)) [superposition 634,27]
1458. inverse(double_divide(X0,X1)) = double_divide(inverse(double_divide(X2,X3)),double_divide(inverse(double_divide(inverse(double_divide(X0,X2)),X1)),X3)) [superposition 634,23]
1478. inverse(double_divide(X0,X1)) = double_divide(X2,inverse(double_divide(X3,double_divide(inverse(double_divide(inverse(double_divide(X0,X2)),X1)),X3)))) [forward demodulation 1458,582]
1480. inverse(double_divide(inverse(double_divide(X0,X1)),double_divide(X0,X2))) = double_divide(X2,inverse(double_divide(X3,double_divide(X1,X3)))) [forward demodulation 1456,582]
1488. inverse(double_divide(X0,X1)) = double_divide(X2,double_divide(inverse(double_divide(X0,X2)),X1)) [forward demodulation 1478,515]
1490. inverse(double_divide(inverse(double_divide(X0,X1)),double_divide(X0,X2))) = double_divide(X2,inverse(X1)) [forward demodulation 1480,641]
1497. inverse(double_divide(X0,X1)) = double_divide(X2,double_divide(X0,inverse(double_divide(X2,X1)))) [forward demodulation 1488,582]
1499. inverse(double_divide(X0,inverse(double_divide(X1,double_divide(X0,X2))))) = double_divide(X2,inverse(X1)) [forward demodulation 1490,582]
1506. double_divide(X2,inverse(X1)) = double_divide(inverse(double_divide(X0,X2)),double_divide(X1,X0)) [forward demodulation 1499,1363]
1511. double_divide(X2,inverse(X1)) = double_divide(X0,inverse(double_divide(X2,double_divide(X1,X0)))) [forward demodulation 1506,582]
1525. inverse(double_divide(inverse(double_divide(double_divide(inverse(double_divide(X3,X1)),double_divide(X3,X0)),X5)),double_divide(X4,X5))) = double_divide(X1,double_divide(inverse(double_divide(X2,X0)),double_divide(X2,X4))) [superposition 37,24]
1529. inverse(double_divide(inverse(double_divide(double_divide(X3,double_divide(X2,X0)),X6)),double_divide(X5,X6))) = double_divide(double_divide(inverse(double_divide(X1,X2)),double_divide(X1,X3)),double_divide(inverse(double_divide(X4,X0)),double_divide(X4,X5))) [superposition 37,26]
1533. inverse(double_divide(inverse(double_divide(X3,X5)),double_divide(inverse(double_divide(X4,double_divide(inverse(double_divide(X2,X4)),X0))),X5))) = double_divide(X1,double_divide(inverse(double_divide(X2,inverse(double_divide(X1,X3)))),X0)) [superposition 37,40]
1549. double_divide(X1,double_divide(inverse(double_divide(X2,inverse(double_divide(X1,inverse(double_divide(inverse(double_divide(X3,X0)),X4)))))),double_divide(X2,X5))) = inverse(double_divide(X0,double_divide(X5,double_divide(X3,X4)))) [superposition 37,1]
1559. double_divide(X1,double_divide(inverse(double_divide(X2,inverse(double_divide(X1,double_divide(inverse(double_divide(X3,X4)),double_divide(X3,X5)))))),double_divide(X2,X6))) = inverse(double_divide(X0,double_divide(X6,double_divide(X5,double_divide(X4,X0))))) [superposition 37,26]
1580. double_divide(X2,inverse(double_divide(X3,X0))) = inverse(inverse(double_divide(inverse(double_divide(X0,X1)),double_divide(double_divide(X2,X3),X1)))) [superposition 31,37]
1581. inverse(double_divide(inverse(double_divide(X0,X1)),double_divide(X2,X1))) = inverse(double_divide(inverse(double_divide(double_divide(inverse(double_divide(X4,X3)),X2),X5)),double_divide(double_divide(X4,inverse(double_divide(X3,X0))),X5))) [superposition 36,37]
1610. double_divide(inverse(double_divide(X5,inverse(double_divide(X4,X0)))),double_divide(X5,X2)) = double_divide(inverse(double_divide(X3,X4)),double_divide(X3,inverse(inverse(double_divide(inverse(double_divide(X0,X1)),double_divide(X2,X1)))))) [superposition 50,37]
1617. inverse(inverse(double_divide(inverse(double_divide(X0,X1)),double_divide(X2,X1)))) = double_divide(inverse(double_divide(X3,inverse(double_divide(X4,inverse(double_divide(inverse(double_divide(X5,double_divide(X4,X2))),X0)))))),double_divide(X3,X5)) [superposition 27,37]
1646. inverse(double_divide(inverse(double_divide(X5,X6)),double_divide(double_divide(X3,X4),X6))) = double_divide(double_divide(X0,double_divide(inverse(double_divide(X1,inverse(double_divide(X0,X2)))),double_divide(X1,X3))),double_divide(inverse(double_divide(X2,X4)),X5)) [superposition 27,37]
1654. double_divide(X3,X5) = double_divide(inverse(double_divide(X4,inverse(double_divide(X2,X5)))),double_divide(X4,double_divide(X0,double_divide(inverse(double_divide(X1,inverse(double_divide(X0,X2)))),double_divide(X1,X3))))) [superposition 50,37]
1656. double_divide(inverse(double_divide(X2,X4)),double_divide(X3,X4)) = inverse(double_divide(X0,double_divide(inverse(double_divide(X1,inverse(double_divide(X0,X2)))),double_divide(X1,X3)))) [superposition 634,37]
1663. double_divide(inverse(double_divide(X2,X4)),double_divide(X3,X4)) = inverse(inverse(double_divide(double_divide(X1,double_divide(X1,inverse(double_divide(X0,X2)))),double_divide(X0,X3)))) [forward demodulation 1656,1138]
1665. double_divide(X3,X5) = double_divide(X4,inverse(double_divide(inverse(double_divide(X2,X5)),double_divide(X4,double_divide(X0,double_divide(inverse(double_divide(X1,inverse(double_divide(X0,X2)))),double_divide(X1,X3))))))) [forward demodulation 1654,582]
1673. inverse(double_divide(inverse(double_divide(X5,X6)),double_divide(double_divide(X3,X4),X6))) = double_divide(double_divide(X0,double_divide(inverse(double_divide(X1,inverse(double_divide(X0,X2)))),double_divide(X1,X3))),double_divide(X2,inverse(double_divide(X4,X5)))) [forward demodulation 1646,582]
1696. inverse(inverse(double_divide(inverse(double_divide(X0,X1)),double_divide(X2,X1)))) = double_divide(X3,inverse(double_divide(inverse(double_divide(X4,inverse(double_divide(inverse(double_divide(X5,double_divide(X4,X2))),X0)))),double_divide(X3,X5)))) [forward demodulation 1617,582]
1702. double_divide(inverse(double_divide(X5,inverse(double_divide(X4,X0)))),double_divide(X5,X2)) = double_divide(X3,inverse(double_divide(X4,double_divide(X3,inverse(inverse(double_divide(inverse(double_divide(X0,X1)),double_divide(X2,X1)))))))) [forward demodulation 1610,582]
1731. inverse(double_divide(inverse(double_divide(X0,X1)),double_divide(X2,X1))) = double_divide(inverse(X0),double_divide(inverse(double_divide(X4,X3)),double_divide(inverse(double_divide(X4,X3)),X2))) [forward demodulation 1581,163]
1732. double_divide(X2,inverse(double_divide(X3,X0))) = inverse(double_divide(inverse(X0),double_divide(X2,X3))) [forward demodulation 1580,365]
1750. inverse(double_divide(X0,double_divide(X6,double_divide(X5,double_divide(X4,X0))))) = inverse(double_divide(double_divide(X2,double_divide(X2,inverse(double_divide(X1,double_divide(inverse(double_divide(X3,X4)),double_divide(X3,X5)))))),double_divide(X1,X6))) [forward demodulation 1559,1138]
1760. inverse(double_divide(X0,double_divide(X5,double_divide(X3,X4)))) = inverse(double_divide(double_divide(X2,double_divide(X2,inverse(double_divide(X1,inverse(double_divide(inverse(double_divide(X3,X0)),X4)))))),double_divide(X1,X5))) [forward demodulation 1549,1138]
1774. inverse(double_divide(inverse(double_divide(X3,X5)),double_divide(inverse(double_divide(X4,double_divide(inverse(double_divide(X2,X4)),X0))),X5))) = double_divide(X1,double_divide(X2,inverse(double_divide(inverse(double_divide(X1,X3)),X0)))) [forward demodulation 1533,582]
1778. inverse(double_divide(inverse(double_divide(double_divide(X3,double_divide(X2,X0)),X6)),double_divide(X5,X6))) = inverse(double_divide(double_divide(X4,double_divide(X4,X0)),double_divide(double_divide(inverse(double_divide(X1,X2)),double_divide(X1,X3)),X5))) [forward demodulation 1529,1138]
1782. inverse(double_divide(inverse(double_divide(double_divide(inverse(double_divide(X3,X1)),double_divide(X3,X0)),X5)),double_divide(X4,X5))) = inverse(double_divide(double_divide(X2,double_divide(X2,X0)),double_divide(X1,X4))) [forward demodulation 1525,1138]
1797. double_divide(inverse(double_divide(X2,X4)),double_divide(X3,X4)) = double_divide(double_divide(X1,double_divide(X1,inverse(double_divide(X0,X2)))),double_divide(X0,X3)) [forward demodulation 1663,632]
1799. double_divide(X3,X5) = inverse(double_divide(double_divide(X0,double_divide(inverse(double_divide(X1,inverse(double_divide(X0,X2)))),double_divide(X1,X3))),inverse(inverse(double_divide(X2,X5))))) [forward demodulation 1665,1249]
1806. inverse(double_divide(inverse(double_divide(X5,X6)),double_divide(double_divide(X3,X4),X6))) = double_divide(inverse(double_divide(double_divide(X1,double_divide(X1,inverse(double_divide(X0,X2)))),double_divide(X0,X3))),double_divide(X2,inverse(double_divide(X4,X5)))) [forward demodulation 1673,1138]
1829. inverse(inverse(double_divide(inverse(double_divide(X0,X1)),double_divide(X2,X1)))) = inverse(double_divide(X5,inverse(inverse(double_divide(X4,inverse(double_divide(inverse(double_divide(X5,double_divide(X4,X2))),X0))))))) [forward demodulation 1696,1249]
1834. double_divide(X4,inverse(double_divide(inverse(double_divide(X0,X1)),double_divide(X2,X1)))) = double_divide(inverse(double_divide(X5,inverse(double_divide(X4,X0)))),double_divide(X5,X2)) [forward demodulation 1702,595]
1862. inverse(double_divide(inverse(double_divide(X0,X1)),double_divide(X2,X1))) = inverse(double_divide(double_divide(inverse(double_divide(X4,X3)),double_divide(X4,X3)),double_divide(inverse(X0),X2))) [forward demodulation 1731,1138]
1880. inverse(double_divide(X0,double_divide(X6,double_divide(X5,double_divide(X4,X0))))) = inverse(double_divide(inverse(double_divide(X1,double_divide(inverse(double_divide(X3,X4)),double_divide(X3,X5)))),double_divide(X1,X6))) [forward demodulation 1750,447]
1889. inverse(double_divide(X0,double_divide(X5,double_divide(X3,X4)))) = inverse(double_divide(inverse(double_divide(X1,inverse(double_divide(inverse(double_divide(X3,X0)),X4)))),double_divide(X1,X5))) [forward demodulation 1760,447]
1903. inverse(double_divide(inverse(double_divide(X3,X5)),double_divide(inverse(double_divide(X4,double_divide(inverse(double_divide(X2,X4)),X0))),X5))) = double_divide(X1,double_divide(X2,inverse(double_divide(X1,inverse(double_divide(X3,X0)))))) [forward demodulation 1774,582]
1907. inverse(double_divide(inverse(double_divide(double_divide(X3,double_divide(X2,X0)),X6)),double_divide(X5,X6))) = inverse(double_divide(double_divide(X4,double_divide(X4,X0)),double_divide(double_divide(X1,inverse(double_divide(X2,double_divide(X1,X3)))),X5))) [forward demodulation 1778,582]
1911. inverse(double_divide(X0,double_divide(X1,X4))) = inverse(double_divide(inverse(double_divide(double_divide(inverse(double_divide(X3,X1)),double_divide(X3,X0)),X5)),double_divide(X4,X5))) [forward demodulation 1782,447]
1926. double_divide(inverse(double_divide(X2,X4)),double_divide(X3,X4)) = double_divide(inverse(double_divide(X0,X2)),double_divide(X0,X3)) [forward demodulation 1797,447]
1928. double_divide(X3,X5) = inverse(double_divide(double_divide(X0,double_divide(inverse(double_divide(X1,inverse(double_divide(X0,X2)))),double_divide(X1,X3))),double_divide(X2,X5))) [forward demodulation 1799,632]
1935. inverse(double_divide(inverse(double_divide(X5,X6)),double_divide(double_divide(X3,X4),X6))) = double_divide(double_divide(X1,double_divide(X1,inverse(double_divide(X0,X2)))),inverse(double_divide(double_divide(X0,X3),double_divide(X2,inverse(double_divide(X4,X5)))))) [forward demodulation 1806,582]
1958. inverse(inverse(double_divide(inverse(double_divide(X0,X1)),double_divide(X2,X1)))) = inverse(double_divide(X5,double_divide(X4,inverse(double_divide(inverse(double_divide(X5,double_divide(X4,X2))),X0))))) [forward demodulation 1829,632]
1963. double_divide(X4,inverse(double_divide(inverse(double_divide(X0,X1)),double_divide(X2,X1)))) = double_divide(X5,inverse(double_divide(inverse(double_divide(X4,X0)),double_divide(X5,X2)))) [forward demodulation 1834,582]
1991. inverse(double_divide(inverse(double_divide(X0,X1)),double_divide(X2,X1))) = inverse(double_divide(double_divide(X4,inverse(double_divide(X3,double_divide(X4,X3)))),double_divide(inverse(X0),X2))) [forward demodulation 1862,582]
2009. inverse(double_divide(X0,double_divide(X6,double_divide(X5,double_divide(X4,X0))))) = double_divide(X1,inverse(double_divide(X6,double_divide(X1,double_divide(inverse(double_divide(X3,X4)),double_divide(X3,X5)))))) [forward demodulation 1880,1732]
2018. inverse(double_divide(X0,double_divide(X5,double_divide(X3,X4)))) = double_divide(X1,inverse(double_divide(X5,double_divide(X1,inverse(double_divide(inverse(double_divide(X3,X0)),X4)))))) [forward demodulation 1889,1732]
2032. inverse(double_divide(X2,inverse(double_divide(X3,X0)))) = inverse(double_divide(inverse(double_divide(X3,X5)),double_divide(inverse(double_divide(X4,double_divide(inverse(double_divide(X2,X4)),X0))),X5))) [forward demodulation 1903,1497]
2036. inverse(double_divide(inverse(double_divide(double_divide(X3,double_divide(X2,X0)),X6)),double_divide(X5,X6))) = inverse(double_divide(double_divide(X4,double_divide(X4,X0)),double_divide(inverse(double_divide(X3,inverse(X2))),X5))) [forward demodulation 1907,1249]
2040. inverse(double_divide(X0,double_divide(X1,X4))) = double_divide(X4,inverse(double_divide(X5,double_divide(double_divide(inverse(double_divide(X3,X1)),double_divide(X3,X0)),X5)))) [forward demodulation 1911,1732]
2055. double_divide(inverse(double_divide(X2,X4)),double_divide(X3,X4)) = double_divide(X0,inverse(double_divide(X2,double_divide(X0,X3)))) [forward demodulation 1926,582]
2057. double_divide(X3,X5) = inverse(double_divide(inverse(double_divide(double_divide(X1,double_divide(X1,inverse(double_divide(X0,X2)))),double_divide(X0,X3))),double_divide(X2,X5))) [forward demodulation 1928,1138]
2064. inverse(double_divide(inverse(double_divide(X5,X6)),double_divide(double_divide(X3,X4),X6))) = double_divide(double_divide(X1,double_divide(X1,inverse(double_divide(X0,X2)))),double_divide(X2,double_divide(double_divide(X0,X3),double_divide(X4,X5)))) [forward demodulation 1935,1331]
2087. inverse(inverse(double_divide(inverse(double_divide(X0,X1)),double_divide(X2,X1)))) = inverse(double_divide(X5,double_divide(X4,inverse(double_divide(X5,inverse(double_divide(double_divide(X4,X2),X0))))))) [forward demodulation 1958,582]
2092. double_divide(X4,inverse(double_divide(inverse(double_divide(X0,X1)),double_divide(X2,X1)))) = inverse(double_divide(X2,inverse(inverse(double_divide(X4,X0))))) [forward demodulation 1963,1249]
2120. double_divide(inverse(X0),X2) = inverse(double_divide(inverse(double_divide(X0,X1)),double_divide(X2,X1))) [forward demodulation 1991,613]
2138. inverse(double_divide(X0,double_divide(X6,double_divide(X5,double_divide(X4,X0))))) = inverse(double_divide(double_divide(inverse(double_divide(X3,X4)),double_divide(X3,X5)),inverse(X6))) [forward demodulation 2009,1249]
2147. inverse(double_divide(X0,double_divide(X5,double_divide(X3,X4)))) = double_divide(X5,double_divide(inverse(double_divide(X3,X0)),X4)) [forward demodulation 2018,595]
2160. double_divide(inverse(X0),double_divide(X2,X3)) = inverse(double_divide(X2,inverse(double_divide(X3,X0)))) [forward demodulation 2032,162]
2164. inverse(double_divide(inverse(double_divide(double_divide(X3,double_divide(X2,X0)),X6)),double_divide(X5,X6))) = inverse(double_divide(double_divide(X4,double_divide(X4,X0)),double_divide(X3,inverse(double_divide(inverse(X2),X5))))) [forward demodulation 2036,582]
2168. inverse(double_divide(X0,double_divide(X1,X4))) = double_divide(X4,inverse(double_divide(inverse(double_divide(X3,X1)),double_divide(X3,X0)))) [forward demodulation 2040,641]
2183. inverse(double_divide(X3,inverse(X2))) = double_divide(inverse(double_divide(X2,X4)),double_divide(X3,X4)) [forward demodulation 2055,1249]
2185. double_divide(X3,X5) = double_divide(X2,inverse(double_divide(X5,double_divide(double_divide(X1,double_divide(X1,inverse(double_divide(X0,X2)))),double_divide(X0,X3))))) [forward demodulation 2057,1732]
2192. inverse(double_divide(inverse(double_divide(X5,X6)),double_divide(double_divide(X3,X4),X6))) = double_divide(inverse(double_divide(X0,X2)),double_divide(X2,double_divide(double_divide(X0,X3),double_divide(X4,X5)))) [forward demodulation 2064,447]
2213. inverse(inverse(double_divide(inverse(double_divide(X0,X1)),double_divide(X2,X1)))) = inverse(inverse(double_divide(X4,inverse(double_divide(double_divide(X4,X2),X0))))) [forward demodulation 2087,1497]
2217. double_divide(X4,inverse(double_divide(inverse(double_divide(X0,X1)),double_divide(X2,X1)))) = inverse(double_divide(X2,double_divide(X4,X0))) [forward demodulation 2092,632]
2244. double_divide(inverse(X0),X2) = double_divide(X2,inverse(double_divide(X1,double_divide(X0,X1)))) [forward demodulation 2120,1732]
2258. inverse(double_divide(X0,double_divide(X6,double_divide(X5,double_divide(X4,X0))))) = inverse(double_divide(double_divide(X3,inverse(double_divide(X4,double_divide(X3,X5)))),inverse(X6))) [forward demodulation 2138,582]
2266. inverse(double_divide(X0,double_divide(X5,double_divide(X3,X4)))) = double_divide(X5,double_divide(X3,inverse(double_divide(X0,X4)))) [forward demodulation 2147,582]
2282. inverse(double_divide(inverse(double_divide(double_divide(X3,double_divide(X2,X0)),X6)),double_divide(X5,X6))) = double_divide(X3,double_divide(double_divide(X4,double_divide(X4,X0)),double_divide(inverse(X2),X5))) [forward demodulation 2164,1331]
2286. inverse(double_divide(X0,double_divide(X1,X4))) = double_divide(X4,double_divide(X3,inverse(double_divide(X0,double_divide(X3,X1))))) [forward demodulation 2168,1732]
2301. inverse(double_divide(X3,inverse(X2))) = double_divide(X2,inverse(double_divide(X4,double_divide(X3,X4)))) [forward demodulation 2183,582]
2303. double_divide(X3,X5) = double_divide(X2,inverse(double_divide(X5,double_divide(inverse(double_divide(X0,X2)),double_divide(X0,X3))))) [forward demodulation 2185,447]
2310. inverse(double_divide(inverse(double_divide(X5,X6)),double_divide(double_divide(X3,X4),X6))) = double_divide(X0,inverse(double_divide(X2,double_divide(X2,double_divide(double_divide(X0,X3),double_divide(X4,X5)))))) [forward demodulation 2192,582]
2330. inverse(inverse(double_divide(inverse(double_divide(X0,X1)),double_divide(X2,X1)))) = double_divide(X4,inverse(double_divide(double_divide(X4,X2),X0))) [forward demodulation 2213,632]
2333. inverse(double_divide(X2,double_divide(X4,X0))) = double_divide(X4,double_divide(X2,inverse(double_divide(X1,double_divide(X0,X1))))) [forward demodulation 2217,1732]
2359. double_divide(inverse(X0),X2) = double_divide(X2,inverse(X0)) [forward demodulation 2244,641]
2372. inverse(double_divide(X0,double_divide(X6,double_divide(X5,double_divide(X4,X0))))) = inverse(double_divide(inverse(double_divide(X5,inverse(X4))),inverse(X6))) [forward demodulation 2258,1249]
2390. inverse(double_divide(inverse(double_divide(double_divide(X3,double_divide(X2,X0)),X6)),double_divide(X5,X6))) = double_divide(X3,double_divide(X0,double_divide(inverse(X2),X5))) [forward demodulation 2282,447]
2393. inverse(double_divide(X0,double_divide(X1,X4))) = inverse(double_divide(X0,double_divide(X4,double_divide(X3,double_divide(X3,X1))))) [forward demodulation 2286,2266]
2407. inverse(double_divide(X3,inverse(X2))) = double_divide(X2,inverse(X3)) [forward demodulation 2301,641]
2409. double_divide(X3,X5) = double_divide(X2,inverse(inverse(double_divide(double_divide(X0,double_divide(X0,X2)),double_divide(X5,X3))))) [forward demodulation 2303,1138]
2415. inverse(double_divide(inverse(double_divide(X5,X6)),double_divide(double_divide(X3,X4),X6))) = double_divide(X0,inverse(double_divide(double_divide(X0,X3),double_divide(X4,X5)))) [forward demodulation 2310,463]
2433. inverse(double_divide(inverse(X0),X2)) = double_divide(X4,inverse(double_divide(double_divide(X4,X2),X0))) [forward demodulation 2330,365]
2436. inverse(double_divide(X2,double_divide(X4,X0))) = inverse(double_divide(X1,double_divide(X4,double_divide(X2,double_divide(X0,X1))))) [forward demodulation 2333,2266]
2470. inverse(double_divide(X0,double_divide(X6,double_divide(X5,double_divide(X4,X0))))) = inverse(double_divide(X5,inverse(double_divide(inverse(X4),inverse(X6))))) [forward demodulation 2372,582]
2485. double_divide(X3,double_divide(X0,double_divide(inverse(X2),X5))) = double_divide(X5,inverse(double_divide(X6,double_divide(double_divide(X3,double_divide(X2,X0)),X6)))) [forward demodulation 2390,1732]
2488. inverse(double_divide(X0,double_divide(X1,X4))) = inverse(double_divide(X0,double_divide(X4,X1))) [forward demodulation 2393,447]
2500. double_divide(X3,X5) = double_divide(X2,double_divide(double_divide(X0,double_divide(X0,X2)),double_divide(X5,X3))) [forward demodulation 2409,632]
2506. inverse(double_divide(inverse(double_divide(X5,X6)),double_divide(double_divide(X3,X4),X6))) = double_divide(inverse(X4),double_divide(X3,X5)) [forward demodulation 2415,1437]
2554. inverse(double_divide(X0,double_divide(X6,double_divide(X5,double_divide(X4,X0))))) = double_divide(inverse(inverse(X6)),double_divide(inverse(X4),X5)) [forward demodulation 2470,1363]
2567. double_divide(X3,double_divide(X0,double_divide(inverse(X2),X5))) = double_divide(X5,inverse(double_divide(X3,double_divide(X2,X0)))) [forward demodulation 2485,641]
2580. double_divide(X3,X5) = double_divide(X2,double_divide(X2,double_divide(X5,X3))) [forward demodulation 2500,447]
2586. double_divide(inverse(X4),double_divide(X3,X5)) = double_divide(double_divide(X3,X4),inverse(double_divide(X6,double_divide(X5,X6)))) [forward demodulation 2506,1732]
2630. inverse(double_divide(X0,double_divide(X6,double_divide(X5,double_divide(X4,X0))))) = double_divide(X4,double_divide(inverse(X6),X5)) [forward demodulation 2554,1317]
2652. double_divide(X3,X5) = double_divide(X5,X3) [forward demodulation 2580,447]
2657. double_divide(inverse(X4),double_divide(X3,X5)) = double_divide(double_divide(X3,X4),inverse(X5)) [forward demodulation 2586,641]
2699. double_divide(X4,double_divide(inverse(X6),X5)) = inverse(double_divide(X5,double_divide(X6,X4))) [forward demodulation 2630,2436]
3008. inverse(double_divide(inverse(double_divide(X1,X3)),double_divide(X2,X3))) = double_divide(inverse(double_divide(double_divide(X0,X1),X2)),X0) [superposition 27,1427]
3059. inverse(double_divide(inverse(double_divide(X1,X3)),double_divide(X2,X3))) = double_divide(X0,inverse(double_divide(double_divide(X0,X1),X2))) [forward demodulation 3008,2652]
3102. inverse(double_divide(inverse(double_divide(X1,X3)),double_divide(X2,X3))) = inverse(double_divide(inverse(X2),X1)) [forward demodulation 3059,2433]
3144. double_divide(X2,inverse(double_divide(X3,double_divide(X1,X3)))) = inverse(double_divide(inverse(X2),X1)) [forward demodulation 3102,1732]
3175. double_divide(X2,inverse(X1)) = inverse(double_divide(inverse(X2),X1)) [forward demodulation 3144,641]
4777. inverse(double_divide(a4,b4)) != inverse(double_divide(a4,b4)) <- (~1) [superposition 9,2652]
4798. inverse(double_divide(inverse(double_divide(X3,X4)),double_divide(double_divide(X0,X1),X4))) = double_divide(X2,double_divide(inverse(double_divide(inverse(double_divide(X1,X2)),X0)),X3)) [superposition 36,2652]
4815. inverse(double_divide(double_divide(inverse(X0),X0),X1)) = X1 [superposition 263,2652]
4854. $false <- (~1) [trivial inequality removal 4777]
4855. 1 [avatar contradiction clause 4854]
4888. inverse(double_divide(double_divide(X0,inverse(X0)),X1)) = X1 [forward demodulation 4815,2652]
4903. inverse(double_divide(inverse(double_divide(X3,X4)),double_divide(double_divide(X0,X1),X4))) = inverse(double_divide(X3,double_divide(double_divide(inverse(double_divide(X1,X2)),X0),X2))) [forward demodulation 4798,2699]
5038. inverse(double_divide(inverse(double_divide(X3,X4)),double_divide(double_divide(X0,X1),X4))) = inverse(double_divide(X3,double_divide(X2,double_divide(inverse(double_divide(X1,X2)),X0)))) [forward demodulation 4903,2488]
5164. inverse(double_divide(inverse(double_divide(X3,X4)),double_divide(double_divide(X0,X1),X4))) = inverse(double_divide(X3,inverse(double_divide(X0,double_divide(double_divide(X1,X2),X2))))) [forward demodulation 5038,2699]
5278. inverse(double_divide(inverse(double_divide(X3,X4)),double_divide(double_divide(X0,X1),X4))) = double_divide(inverse(double_divide(double_divide(X1,X2),X2)),double_divide(X0,X3)) [forward demodulation 5164,1363]
5365. inverse(double_divide(inverse(double_divide(X3,X4)),double_divide(double_divide(X0,X1),X4))) = double_divide(double_divide(X1,X2),inverse(double_divide(X2,double_divide(X0,X3)))) [forward demodulation 5278,582]
5440. inverse(double_divide(inverse(double_divide(X3,X4)),double_divide(double_divide(X0,X1),X4))) = double_divide(X2,double_divide(X3,double_divide(inverse(X0),double_divide(X1,X2)))) [forward demodulation 5365,2567]
5503. inverse(double_divide(inverse(double_divide(X3,X4)),double_divide(double_divide(X0,X1),X4))) = double_divide(X2,inverse(double_divide(double_divide(X1,X0),double_divide(X3,X2)))) [forward demodulation 5440,1138]
5559. inverse(double_divide(inverse(double_divide(X3,X4)),double_divide(double_divide(X0,X1),X4))) = double_divide(double_divide(X1,X0),inverse(X3)) [forward demodulation 5503,1511]
5601. inverse(double_divide(inverse(double_divide(X3,X4)),double_divide(double_divide(X0,X1),X4))) = double_divide(inverse(X0),double_divide(X1,X3)) [forward demodulation 5559,2657]
5633. double_divide(inverse(X0),double_divide(X1,X3)) = double_divide(double_divide(X0,X1),inverse(double_divide(X4,double_divide(X3,X4)))) [forward demodulation 5601,1732]
5657. double_divide(inverse(X0),double_divide(X1,X3)) = double_divide(inverse(X1),double_divide(X0,double_divide(X4,double_divide(X3,X4)))) [forward demodulation 5633,2657]
5676. double_divide(inverse(X0),double_divide(X1,X3)) = double_divide(inverse(X1),double_divide(X0,X3)) [forward demodulation 5657,641]
5711. inverse(double_divide(c3,inverse(double_divide(b3,a3)))) != double_divide(double_divide(c3,b3),inverse(a3)) <- (~2) [forward demodulation 13,3175]
5712. inverse(double_divide(c3,inverse(double_divide(b3,a3)))) != double_divide(inverse(a3),double_divide(c3,b3)) <- (~2) [forward demodulation 5711,2359]
5713. $false <- (~2) [forward subsumption resolution 5712,2160]
5714. 2 [avatar contradiction clause 5713]
5716. a2 != double_divide(inverse(inverse(b2)),double_divide(b2,a2)) <- (~3) [forward demodulation 17,1363]
5718. a2 != double_divide(inverse(b2),double_divide(inverse(b2),a2)) <- (~3) [forward demodulation 5716,5676]
5719. $false <- (~3) [forward subsumption resolution 5718,447]
5720. 3 [avatar contradiction clause 5719]
5722. inverse(double_divide(a1,inverse(a1))) != double_divide(b1,inverse(b1)) <- (~4) [forward demodulation 21,2407]
5724. double_divide(a1,inverse(a1)) != double_divide(b1,inverse(b1)) <- (~4) [forward demodulation 5722,2407]
15333. double_divide(inverse(X0),X0) = double_divide(X1,inverse(X1)) [superposition 263,4888]
15352. double_divide(X0,inverse(X0)) = double_divide(X1,inverse(X1)) [forward demodulation 15333,2652]
19398. double_divide(a1,inverse(a1)) != double_divide(X0,inverse(X0)) <- (~4) [superposition 5724,15352]
19549. $false <- (~4) [forward subsumption resolution 19398,15352]
19550. 4 [avatar contradiction clause 19549]
s1. ~4 | ~3 | ~2 | ~1 [sat_conversion 22]
s3. 1 [sat_conversion 4855]
s4. 2 [sat_conversion 5714]
s5. 3 [sat_conversion 5720]
s7. 4 [sat_conversion 19550]
s8. # [rat s1,s3,s4,s5,s7]
21168. $false [avatar sat refutation s8]
% SZS output end Proof for GRP110-1
% ------------------------------
% Version: Vampire 5.0.0 (Release build, commit 2e2c9b7b8 on 2026-01-17 12:24:14 +0100)
% Linked with Z3 4.14.0.0 3c47fd96cf5645d0c42b2c819d9e9a84380aa721 z3-4.8.4-9178-g3c47fd96c
% CaDiCaL version: 2.1.3
% Termination reason: Refutation
% Time elapsed: 0.262 s
% Peak memory usage: 57 MB
% Instructions burned: 801 (million)
% ------------------------------
% ------------------------------
