% Running in auto input_syntax mode. Trying TPTP
% Refutation found. Thanks to Tanya!
% SZS status Unsatisfiable for GRP130-4.003_clausified
% SZS output start Proof for GRP130-4.003_clausified
1. product(e_3,X0,X1) | ~group_element(X1) | product(e_1,X0,X1) | product(e_2,X0,X1) | ~group_element(X0) [input(axiom)]
2. product(X0,e_3,X1) | ~group_element(X1) | product(X0,e_1,X1) | product(X0,e_2,X1) | ~group_element(X0) [input(axiom)]
3. ~product(X3,X1,X0) | product(X0,X1,X2) | ~product(X0,X2,X3) [input(negated conjecture)]
4. ~product(X2,X3,X0) | product(X0,X1,X2) | ~product(X0,X3,X1) [input(negated conjecture)]
5. group_element(e_1) [input(axiom)]
6. group_element(e_2) [input(axiom)]
7. group_element(e_3) [input(axiom)]
8. ~equalish(e_1,e_2) [input(axiom)]
9. ~equalish(e_1,e_3) [input(axiom)]
10. ~equalish(e_2,e_1) [input(axiom)]
11. ~equalish(e_2,e_3) [input(axiom)]
12. ~equalish(e_3,e_1) [input(axiom)]
13. ~equalish(e_3,e_2) [input(axiom)]
14. product(X0,X1,e_3) | ~group_element(X1) | product(X0,X1,e_1) | product(X0,X1,e_2) | ~group_element(X0) [input(axiom)]
15. ~product(X0,X1,X3) | ~product(X0,X1,X2) | equalish(X2,X3) [input(axiom)]
16. ~product(X0,X3,X2) | ~product(X0,X1,X2) | equalish(X1,X3) [input(axiom)]
17. ~product(X3,X1,X2) | ~product(X0,X1,X2) | equalish(X0,X3) [input(axiom)]
18. ~product(X0,X2,X3) | ~product(X0,X1,X2) | product(X3,X1,X0) [input(negated conjecture)]
21. ~product(e_3,X1,X2) | product(e_1,X1,X0) | product(e_2,X1,X0) | ~group_element(X1) | ~group_element(X0) | equalish(X2,X0) [resolution 1,15]
22. ~product(e_3,X2,X1) | product(e_1,X1,X0) | product(e_2,X1,X0) | ~group_element(X1) | ~group_element(X0) | product(X0,X2,e_3) [resolution 1,18]
24. ~product(X0,X2,e_3) | product(e_1,X1,X0) | product(e_2,X1,X0) | ~group_element(X1) | product(X0,X1,X2) | ~group_element(X0) [resolution 1,3]
25. product(e_1,X0,X1) | product(e_2,X0,X1) | ~group_element(X0) | ~group_element(X1) | product(X1,X2,e_3) | ~group_element(X0) | product(e_1,X2,X0) | product(e_2,X2,X0) | ~group_element(X2) [resolution 22,1]
26. product(e_2,X2,X0) | product(e_2,X0,X1) | product(X1,X2,e_3) | ~group_element(X1) | ~group_element(X0) | product(e_1,X2,X0) | product(e_1,X0,X1) | ~group_element(X2) [duplicate literal removal 25]
30. ~product(X1,X2,e_3) | product(X1,e_1,X0) | product(X1,e_2,X0) | ~group_element(X1) | ~group_element(X0) | product(X0,X2,X1) [resolution 2,18]
31. ~product(X0,e_3,X2) | product(X1,e_1,X0) | product(X1,e_2,X0) | ~group_element(X1) | product(X0,X2,X1) | ~group_element(X0) [resolution 2,4]
32. ~product(X0,X2,X1) | product(X1,e_1,X0) | product(X1,e_2,X0) | ~group_element(X1) | product(X0,e_3,X2) | ~group_element(X0) [resolution 2,3]
42. ~product(e_3,X2,X1) | product(X1,X0,e_1) | product(X1,X0,e_2) | ~group_element(X1) | product(e_3,X0,X2) | ~group_element(X0) [resolution 14,3]
47. ~product(X1,X2,X0) | product(X1,X0,e_1) | product(X1,X0,e_2) | ~group_element(X1) | ~group_element(X0) | product(e_3,X2,X1) [resolution 14,18]
49. ~group_element(X0) | product(e_3,X0,e_1) | product(e_3,X0,e_2) | ~group_element(e_3) | product(e_1,e_3,X1) | product(e_2,e_3,X1) | ~group_element(e_3) | ~group_element(X1) | product(X1,X0,e_3) [resolution 14,22]
50. ~group_element(X0) | product(e_3,X0,e_1) | product(e_3,X0,e_2) | ~group_element(e_3) | product(e_1,e_3,X1) | product(e_2,e_3,X1) | ~group_element(X1) | product(X1,X0,e_3) [duplicate literal removal 49]
52. product(e_3,X0,e_2) | product(e_2,e_3,X1) | product(X1,X0,e_3) | product(e_1,e_3,X1) | product(e_3,X0,e_1) | ~group_element(X1) | ~group_element(X0) [forward subsumption resolution 50,7]
62. product(e_3,e_1,X0) | product(e_3,e_2,X0) | ~group_element(e_3) | ~group_element(X0) | product(X0,X1,e_3) | ~group_element(e_3) | product(e_1,X1,e_3) | product(e_2,X1,e_3) | ~group_element(X1) [resolution 30,1]
65. product(e_3,e_1,X0) | product(e_3,e_2,X0) | ~group_element(e_3) | ~group_element(X0) | product(X0,X1,e_3) | product(e_1,X1,e_3) | product(e_2,X1,e_3) | ~group_element(X1) [duplicate literal removal 62]
68. product(e_3,e_2,X0) | product(e_2,X1,e_3) | product(X0,X1,e_3) | ~group_element(X0) | product(e_1,X1,e_3) | product(e_3,e_1,X0) | ~group_element(X1) [forward subsumption resolution 65,7]
70. product(X0,e_1,X1) | product(X0,e_2,X1) | ~group_element(X0) | product(X1,X2,X0) | ~group_element(X1) | ~group_element(X2) | product(X1,e_1,X2) | product(X1,e_2,X2) | ~group_element(X1) [resolution 31,2]
73. product(X1,e_2,X2) | product(X1,X2,X0) | product(X0,e_2,X1) | ~group_element(X0) | ~group_element(X1) | ~group_element(X2) | product(X1,e_1,X2) | product(X0,e_1,X1) [duplicate literal removal 70]
78. product(X0,e_1,X1) | product(X0,e_2,X1) | ~group_element(X0) | product(X1,e_3,e_3) | ~group_element(X1) | ~group_element(X0) | product(X1,e_1,X0) | product(X1,e_2,X0) | ~group_element(X1) [resolution 32,2]
81. product(X1,e_3,e_3) | product(X1,e_2,X0) | product(X0,e_2,X1) | ~group_element(X0) | ~group_element(X1) | product(X1,e_1,X0) | product(X0,e_1,X1) [duplicate literal removal 78]
87. product(e_3,X0,e_1) | product(e_3,X0,e_2) | ~group_element(e_3) | product(e_3,X0,X1) | ~group_element(X0) | ~group_element(X1) | product(e_3,X1,e_1) | product(e_3,X1,e_2) | ~group_element(e_3) [resolution 42,14]
88. product(e_3,X0,e_1) | product(e_3,X0,e_2) | ~group_element(e_3) | product(e_3,X0,X1) | ~group_element(X0) | ~group_element(X1) | product(e_3,X1,e_1) | product(e_3,X1,e_2) [duplicate literal removal 87]
91. product(e_3,X1,e_2) | product(e_3,X0,e_2) | product(e_3,X0,X1) | ~group_element(X0) | ~group_element(X1) | product(e_3,X1,e_1) | product(e_3,X0,e_1) [forward subsumption resolution 88,7]
102. product(X0,X1,e_1) | product(X0,X1,e_2) | ~group_element(X0) | ~group_element(X1) | product(e_3,e_3,X0) | ~group_element(X1) | product(X0,e_1,X1) | product(X0,e_2,X1) | ~group_element(X0) [resolution 47,2]
103. product(X0,e_3,e_1) | product(X0,e_3,e_2) | ~group_element(X0) | ~group_element(e_3) | product(e_3,X1,X0) | ~group_element(X1) | product(X0,X1,e_1) | product(X0,X1,e_2) | ~group_element(X0) [resolution 47,14]
104. product(X0,e_3,e_1) | product(X0,e_3,e_2) | ~group_element(X0) | ~group_element(e_3) | product(e_3,X1,X0) | ~group_element(X1) | product(X0,X1,e_1) | product(X0,X1,e_2) [duplicate literal removal 103]
105. product(e_3,e_3,X0) | product(X0,e_2,X1) | product(X0,X1,e_2) | ~group_element(X1) | ~group_element(X0) | product(X0,e_1,X1) | product(X0,X1,e_1) [duplicate literal removal 102]
107. product(e_3,X1,X0) | product(X0,e_3,e_2) | product(X0,X1,e_2) | ~group_element(X0) | ~group_element(X1) | product(X0,X1,e_1) | product(X0,e_3,e_1) [forward subsumption resolution 104,7]
193. 3 <=> product(e_3,e_1,e_3) [avatar definition]
194. ~product(e_3,e_1,e_3) <- (~3) [avatar component clause 193]
195. product(e_3,e_1,e_3) <- (3) [avatar component clause 193]
200. 5 <=> product(e_3,e_2,e_3) [avatar definition]
201. ~product(e_3,e_2,e_3) <- (~5) [avatar component clause 200]
202. product(e_3,e_2,e_3) <- (5) [avatar component clause 200]
237. product(e_1,e_3,X0) | product(e_2,e_3,X0) | ~group_element(e_3) | ~group_element(X0) | equalish(X1,X0) | ~group_element(X1) | product(e_3,e_1,X1) | product(e_3,e_2,X1) | ~group_element(e_3) [resolution 21,2]
244. product(e_1,e_3,X0) | product(e_2,e_3,X0) | ~group_element(e_3) | ~group_element(X0) | equalish(X1,X0) | ~group_element(X1) | product(e_3,e_1,X1) | product(e_3,e_2,X1) [duplicate literal removal 237]
271. 7 <=> product(e_3,e_1,e_2) [avatar definition]
272. ~product(e_3,e_1,e_2) <- (~7) [avatar component clause 271]
273. product(e_3,e_1,e_2) <- (7) [avatar component clause 271]
275. 8 <=> product(e_3,e_1,e_1) [avatar definition]
276. ~product(e_3,e_1,e_1) <- (~8) [avatar component clause 275]
277. product(e_3,e_1,e_1) <- (8) [avatar component clause 275]
337. ~product(e_3,e_2,X0) | equalish(X0,e_3) <- (5) [resolution 202,15]
506. 9 <=> product(e_1,e_3,e_3) [avatar definition]
507. ~product(e_1,e_3,e_3) <- (~9) [avatar component clause 506]
508. product(e_1,e_3,e_3) <- (9) [avatar component clause 506]
513. 11 <=> product(e_2,e_3,e_3) [avatar definition]
514. ~product(e_2,e_3,e_3) <- (~11) [avatar component clause 513]
515. product(e_2,e_3,e_3) <- (11) [avatar component clause 513]
523. 13 <=> product(e_3,e_3,e_2) [avatar definition]
524. ~product(e_3,e_3,e_2) <- (~13) [avatar component clause 523]
525. product(e_3,e_3,e_2) <- (13) [avatar component clause 523]
540. 17 <=> product(e_2,e_3,e_2) [avatar definition]
541. ~product(e_2,e_3,e_2) <- (~17) [avatar component clause 540]
542. product(e_2,e_3,e_2) <- (17) [avatar component clause 540]
544. 18 <=> product(e_2,e_3,e_1) [avatar definition]
546. product(e_2,e_3,e_1) <- (18) [avatar component clause 544]
676. product(e_2,e_1,e_3) | product(e_2,e_2,e_3) | ~group_element(e_2) | product(e_3,e_3,e_3) | ~group_element(e_3) <- (13) [resolution 525,32]
681. product(e_2,e_1,e_3) | product(e_2,e_2,e_3) | product(e_3,e_3,e_3) | ~group_element(e_3) <- (13) [forward subsumption resolution 676,6]
687. product(e_2,e_1,e_3) | product(e_2,e_2,e_3) | product(e_3,e_3,e_3) <- (13) [forward subsumption resolution 681,7]
689. 20 <=> product(e_3,e_3,e_3) [avatar definition]
690. ~product(e_3,e_3,e_3) <- (~20) [avatar component clause 689]
691. product(e_3,e_3,e_3) <- (20) [avatar component clause 689]
693. 21 <=> product(e_2,e_2,e_3) [avatar definition]
694. ~product(e_2,e_2,e_3) <- (~21) [avatar component clause 693]
695. product(e_2,e_2,e_3) <- (21) [avatar component clause 693]
697. 22 <=> product(e_2,e_1,e_3) [avatar definition]
699. product(e_2,e_1,e_3) <- (22) [avatar component clause 697]
700. 20 | 21 | 22 | ~13 [avatar split clause 687,523,697,693,689]
799. ~group_element(e_2) | product(e_3,e_1,e_2) | product(e_3,e_2,e_2) | ~group_element(e_3) <- (~13) [resolution 524,2]
900. ~product(e_2,X0,e_2) | equalish(X0,e_3) <- (17) [resolution 542,16]
1039. 23 <=> product(e_3,e_3,e_1) [avatar definition]
1041. product(e_3,e_3,e_1) <- (23) [avatar component clause 1039]
1043. product(e_3,e_1,e_2) | product(e_3,e_2,e_2) | ~group_element(e_3) <- (~13) [forward subsumption resolution 799,6]
1044. product(e_3,e_2,e_2) | ~group_element(e_3) <- (~7, ~13) [forward subsumption resolution 1043,272]
1045. product(e_3,e_2,e_2) <- (~7, ~13) [forward subsumption resolution 1044,7]
1096. 24 <=> product(e_1,e_2,e_3) [avatar definition]
1097. ~product(e_1,e_2,e_3) <- (~24) [avatar component clause 1096]
1098. product(e_1,e_2,e_3) <- (24) [avatar component clause 1096]
1100. 25 <=> product(e_1,e_1,e_3) [avatar definition]
1101. ~product(e_1,e_1,e_3) <- (~25) [avatar component clause 1100]
1102. product(e_1,e_1,e_3) <- (25) [avatar component clause 1100]
1298. product(e_3,e_2,e_2) | product(e_2,X0,e_3) | ~group_element(e_2) | product(e_1,X0,e_3) | product(e_3,e_1,e_2) | ~group_element(X0) [factoring 68]
1347. product(e_3,e_1,e_2) | product(e_3,e_2,e_2) | ~group_element(e_3) | product(e_2,e_3,e_2) | ~group_element(e_2) <- (21) [resolution 695,32]
1590. 26 <=> product(e_3,e_2,e_1) [avatar definition]
1592. product(e_3,e_2,e_1) <- (26) [avatar component clause 1590]
1597. product(e_3,e_2,e_2) | product(e_2,X0,e_3) | product(e_1,X0,e_3) | product(e_3,e_1,e_2) | ~group_element(X0) [forward subsumption resolution 1298,6]
1599. product(e_3,e_2,e_2) | product(e_2,X0,e_3) | product(e_1,X0,e_3) | ~group_element(X0) <- (~7) [forward subsumption resolution 1597,272]
1602. 28 <=> ! [X0] : (product(e_2,X0,e_3) | ~group_element(X0) | product(e_1,X0,e_3)) [avatar definition]
1603. product(e_2,X0,e_3) | ~group_element(X0) | product(e_1,X0,e_3) <- (28) [avatar component clause 1602]
1605. 29 <=> product(e_3,e_2,e_2) [avatar definition]
1606. ~product(e_3,e_2,e_2) <- (~29) [avatar component clause 1605]
1607. product(e_3,e_2,e_2) <- (29) [avatar component clause 1605]
1608. 28 | 29 | 7 [avatar split clause 1599,271,1605,1602]
1678. product(X0,e_3,e_3) | product(X0,e_2,X0) | ~group_element(X0) | ~group_element(X0) | product(X0,e_1,X0) | product(X0,e_1,X0) [factoring 81]
1679. product(X0,e_3,e_3) | product(X0,e_2,X0) | ~group_element(X0) | product(X0,e_1,X0) [duplicate literal removal 1678]
1880. equalish(e_2,e_3) <- (5, 29) [resolution 1607,337]
1901. $false <- (5, 29) [forward subsumption resolution 1880,11]
1902. ~5 | ~29 [avatar contradiction clause 1901]
2010. 37 <=> product(e_2,e_2,e_2) [avatar definition]
2011. ~product(e_2,e_2,e_2) <- (~37) [avatar component clause 2010]
2012. product(e_2,e_2,e_2) <- (37) [avatar component clause 2010]
2014. 38 <=> product(e_1,e_2,e_2) [avatar definition]
2016. product(e_1,e_2,e_2) <- (38) [avatar component clause 2014]
2091. product(e_3,X0,e_2) | product(e_3,X0,X0) | ~group_element(X0) | ~group_element(X0) | product(e_3,X0,e_1) | product(e_3,X0,e_1) [factoring 91]
2092. product(e_3,e_2,e_2) | product(e_3,e_2,e_2) | ~group_element(e_2) | ~group_element(e_2) | product(e_3,e_2,e_1) | product(e_3,e_2,e_1) [factoring 91]
2094. product(e_3,e_2,e_2) | ~group_element(e_2) | product(e_3,e_2,e_1) [duplicate literal removal 2092]
2095. product(e_3,X0,e_2) | product(e_3,X0,X0) | ~group_element(X0) | product(e_3,X0,e_1) [duplicate literal removal 2091]
2447. ~group_element(e_2) | product(e_3,e_2,e_1) <- (~29) [forward subsumption resolution 2094,1606]
2489. product(e_3,e_2,e_1) <- (~29) [forward subsumption resolution 2447,6]
2523. 26 | 29 [avatar split clause 2489,1605,1590]
2568. 29 | 7 | 13 [avatar split clause 1045,523,271,1605]
2875. product(e_3,e_3,X0) | product(X0,e_2,e_2) | ~group_element(e_2) | ~group_element(X0) | product(X0,e_1,e_2) | product(X0,e_2,e_1) [factoring 105]
2909. product(e_3,e_3,X0) | product(X0,e_2,e_2) | ~group_element(X0) | product(X0,e_1,e_2) | product(X0,e_2,e_1) [forward subsumption resolution 2875,6]
2984. product(e_3,e_3,X0) | product(X0,e_3,e_2) | ~group_element(X0) | ~group_element(e_3) | product(X0,e_3,e_1) | product(X0,e_3,e_1) [factoring 107]
2985. product(e_3,e_3,X0) | product(X0,e_3,e_2) | ~group_element(X0) | ~group_element(e_3) | product(X0,e_3,e_1) [duplicate literal removal 2984]
3034. ~product(e_3,e_3,X0) | equalish(X0,e_2) <- (13) [resolution 525,15]
3035. ~product(e_3,X0,e_2) | equalish(X0,e_3) <- (13) [resolution 525,16]
3228. product(e_2,X0,X0) | product(X0,X0,e_3) | ~group_element(X0) | ~group_element(X0) | product(e_1,X0,X0) | product(e_1,X0,X0) | ~group_element(X0) [factoring 26]
3230. product(e_2,X0,X0) | product(X0,X0,e_3) | ~group_element(X0) | product(e_1,X0,X0) [duplicate literal removal 3228]
3550. equalish(e_2,e_3) <- (17, 37) [resolution 900,2012]
3569. $false <- (17, 37) [forward subsumption resolution 3550,11]
3570. ~17 | ~37 [avatar contradiction clause 3569]
3573. 67 <=> product(e_2,e_1,e_2) [avatar definition]
3574. ~product(e_2,e_1,e_2) <- (~67) [avatar component clause 3573]
3575. product(e_2,e_1,e_2) <- (67) [avatar component clause 3573]
3645. product(X0,e_2,X0) | product(X0,X0,X0) | ~group_element(X0) | ~group_element(X0) | ~group_element(X0) | product(X0,e_1,X0) | product(X0,e_1,X0) [factoring 73]
3648. product(X0,e_2,X0) | product(X0,X0,X0) | ~group_element(X0) | product(X0,e_1,X0) [duplicate literal removal 3645]
3730. 69 <=> product(e_1,e_3,e_2) [avatar definition]
3731. ~product(e_1,e_3,e_2) <- (~69) [avatar component clause 3730]
3732. product(e_1,e_3,e_2) <- (69) [avatar component clause 3730]
3854. ~product(e_2,e_3,X0) | equalish(X0,e_1) <- (18) [resolution 546,15]
3861. product(e_1,e_1,e_2) | product(e_1,e_2,e_2) | ~group_element(e_1) | product(e_2,e_3,e_3) | ~group_element(e_2) <- (18) [resolution 546,32]
3864. product(e_1,e_1,e_2) | product(e_1,e_2,e_2) | product(e_2,e_3,e_3) | ~group_element(e_2) <- (18) [forward subsumption resolution 3861,5]
3868. product(e_1,e_1,e_2) | product(e_1,e_2,e_2) | ~group_element(e_2) <- (~11, 18) [forward subsumption resolution 3864,514]
3869. product(e_1,e_1,e_2) | product(e_1,e_2,e_2) <- (~11, 18) [forward subsumption resolution 3868,6]
3871. 72 <=> product(e_1,e_1,e_2) [avatar definition]
3873. product(e_1,e_1,e_2) <- (72) [avatar component clause 3871]
3874. 38 | 72 | 11 | ~18 [avatar split clause 3869,544,513,3871,2014]
3996. ~product(e_2,e_3,X0) | equalish(X0,e_3) <- (11) [resolution 515,15]
4025. product(e_2,e_1,e_1) | product(e_2,e_2,e_1) | ~group_element(e_2) | product(e_1,e_3,e_3) | ~group_element(e_1) <- (69) [resolution 3732,32]
4029. product(e_2,e_1,e_1) | product(e_2,e_2,e_1) | product(e_1,e_3,e_3) | ~group_element(e_1) <- (69) [forward subsumption resolution 4025,6]
4034. product(e_2,e_1,e_1) | product(e_2,e_2,e_1) | product(e_1,e_3,e_3) <- (69) [forward subsumption resolution 4029,5]
4041. 74 <=> product(e_2,e_2,e_1) [avatar definition]
4043. product(e_2,e_2,e_1) <- (74) [avatar component clause 4041]
4045. 75 <=> product(e_2,e_1,e_1) [avatar definition]
4046. ~product(e_2,e_1,e_1) <- (~75) [avatar component clause 4045]
4047. product(e_2,e_1,e_1) <- (75) [avatar component clause 4045]
4048. 9 | 74 | 75 | ~69 [avatar split clause 4034,3730,4045,4041,506]
4736. equalish(e_3,e_2) <- (13, 20) [resolution 3034,691]
4769. $false <- (13, 20) [forward subsumption resolution 4736,13]
4770. ~13 | ~20 [avatar contradiction clause 4769]
4792. product(e_3,e_3,X0) | product(X0,e_3,e_2) | ~group_element(X0) | product(X0,e_3,e_1) [forward subsumption resolution 2985,7]
4980. product(e_3,e_3,e_2) | product(e_2,e_3,e_3) | product(e_1,e_3,e_3) | product(e_3,e_3,e_1) | ~group_element(e_3) | ~group_element(e_3) <- (~20) [resolution 690,52]
4997. ~group_element(e_3) | product(e_3,e_1,e_3) | product(e_3,e_2,e_3) | ~group_element(e_3) <- (~20) [resolution 690,2]
5004. ~group_element(e_3) | product(e_3,e_1,e_3) | product(e_3,e_2,e_3) <- (~20) [duplicate literal removal 4997]
5019. product(e_3,e_3,e_2) | product(e_2,e_3,e_3) | product(e_1,e_3,e_3) | product(e_3,e_3,e_1) | ~group_element(e_3) <- (~20) [duplicate literal removal 4980]
5026. product(e_3,e_1,e_3) | product(e_3,e_2,e_3) <- (~20) [forward subsumption resolution 5004,7]
5033. product(e_3,e_2,e_3) <- (~3, ~20) [forward subsumption resolution 5026,194]
5348. equalish(e_2,e_3) <- (13, 29) [resolution 3035,1607]
5412. $false <- (13, 29) [forward subsumption resolution 5348,11]
5413. ~13 | ~29 [avatar contradiction clause 5412]
5426. product(e_3,e_2,e_2) | ~group_element(e_3) | product(e_2,e_3,e_2) | ~group_element(e_2) <- (~7, 21) [forward subsumption resolution 1347,272]
5428. ~group_element(e_3) | product(e_2,e_3,e_2) | ~group_element(e_2) <- (~7, 21, ~29) [forward subsumption resolution 5426,1606]
5429. product(e_2,e_3,e_2) | ~group_element(e_2) <- (~7, 21, ~29) [forward subsumption resolution 5428,7]
5430. ~group_element(e_2) <- (~7, ~17, 21, ~29) [forward subsumption resolution 5429,541]
5431. $false <- (~7, ~17, 21, ~29) [forward subsumption resolution 5430,6]
5432. 7 | 17 | ~21 | 29 [avatar contradiction clause 5431]
5507. ~group_element(X0) | product(e_1,X0,e_3) | ~product(e_2,X1,X0) | product(e_3,X1,e_2) <- (28) [resolution 1603,18]
6064. product(e_3,e_2,X1) | product(e_2,e_3,X0) | equalish(X1,X0) | ~group_element(X0) | ~group_element(X1) | product(e_3,e_1,X1) | product(e_1,e_3,X0) [forward subsumption resolution 244,7]
6399. product(e_2,e_3,X0) | equalish(e_3,X0) | ~group_element(X0) | ~group_element(e_3) | product(e_3,e_1,e_3) | product(e_1,e_3,X0) | product(e_3,e_1,X1) | product(e_3,e_2,X1) | ~group_element(e_3) | ~group_element(X1) | product(X1,e_2,e_3) [resolution 6064,30]
6422. product(e_2,e_3,X0) | equalish(e_3,X0) | ~group_element(X0) | ~group_element(e_3) | product(e_3,e_1,e_3) | product(e_1,e_3,X0) | product(e_3,e_1,X1) | product(e_3,e_2,X1) | ~group_element(X1) | product(X1,e_2,e_3) [duplicate literal removal 6399]
6569. ~product(e_1,X0,e_1) | product(e_2,X0,e_1) <- (72) [resolution 3873,18]
7064. equalish(e_3,e_1) <- (11, 18) [resolution 3854,515]
7078. $false <- (11, 18) [forward subsumption resolution 7064,12]
7079. ~11 | ~18 [avatar contradiction clause 7078]
7246. ~product(e_1,e_3,X0) | equalish(X0,e_3) <- (9) [resolution 508,15]
7248. ~product(X0,e_3,e_3) | equalish(X0,e_1) <- (9) [resolution 508,17]
7420. ~product(e_3,X0,e_2) | product(e_1,X0,e_3) <- (26) [resolution 1592,18]
7652. product(e_1,X0,e_1) | product(e_2,X0,e_1) | ~group_element(X0) | product(e_1,X0,e_1) | ~group_element(e_1) <- (25) [resolution 1102,24]
7667. product(e_1,X0,e_1) | product(e_2,X0,e_1) | ~group_element(X0) | ~group_element(e_1) <- (25) [duplicate literal removal 7652]
7668. product(e_2,X0,e_1) | ~group_element(X0) | ~group_element(e_1) <- (25, 72) [forward subsumption resolution 7667,6569]
7672. product(e_2,X0,e_1) | ~group_element(X0) <- (25, 72) [forward subsumption resolution 7668,5]
7711. product(e_2,e_2,e_2) | ~group_element(e_2) | product(e_2,e_1,e_2) [factoring 3648]
7737. ~group_element(e_2) | product(e_2,e_1,e_2) <- (~37) [forward subsumption resolution 7711,2011]
7742. product(e_2,e_1,e_2) <- (~37) [forward subsumption resolution 7737,6]
7745. $false <- (~37, ~67) [forward subsumption resolution 7742,3574]
7746. 37 | 67 [avatar contradiction clause 7745]
7749. product(e_2,X0,e_2) | ~product(e_2,e_1,X0) <- (67) [resolution 3575,4]
7887. ~group_element(e_1) <- (25, 72, ~75) [resolution 7672,4046]
7909. $false <- (25, 72, ~75) [forward subsumption resolution 7887,5]
7910. ~25 | ~72 | 75 [avatar contradiction clause 7909]
8237. equalish(e_2,e_3) <- (11, 17) [resolution 3996,542]
8265. $false <- (11, 17) [forward subsumption resolution 8237,11]
8266. ~11 | ~17 [avatar contradiction clause 8265]
8299. product(e_3,e_3,e_2) | product(e_1,e_3,e_3) | product(e_3,e_3,e_1) | ~group_element(e_3) <- (~20, 28) [forward subsumption resolution 5019,5507]
8310. product(e_1,e_3,e_3) | product(e_3,e_3,e_1) | ~group_element(e_3) <- (~20, 26, 28) [forward subsumption resolution 8299,7420]
8318. product(e_2,e_2,e_2) | ~group_element(e_2) | product(e_2,e_1,e_2) <- (~11) [resolution 514,1679]
8343. product(e_2,e_2,e_2) | ~group_element(e_2) <- (~11, 67) [forward subsumption resolution 8318,7749]
8345. ~group_element(e_2) <- (~11, ~37, 67) [forward subsumption resolution 8343,2011]
8347. $false <- (~11, ~37, 67) [forward subsumption resolution 8345,6]
8348. 11 | 37 | ~67 [avatar contradiction clause 8347]
8359. 5 | 3 | 20 [avatar split clause 5033,689,193,200]
8373. product(e_2,e_3,X0) | equalish(e_3,X0) | ~group_element(X0) | product(e_3,e_1,e_3) | product(e_1,e_3,X0) | product(e_3,e_1,X1) | product(e_3,e_2,X1) | ~group_element(X1) | product(X1,e_2,e_3) [forward subsumption resolution 6422,7]
8383. product(e_2,e_3,X0) | equalish(e_3,X0) | ~group_element(X0) | product(e_1,e_3,X0) | product(e_3,e_1,X1) | product(e_3,e_2,X1) | ~group_element(X1) | product(X1,e_2,e_3) <- (~3) [forward subsumption resolution 8373,194]
8390. 98 <=> ! [X1] : (product(e_3,e_1,X1) | product(X1,e_2,e_3) | ~group_element(X1) | product(e_3,e_2,X1)) [avatar definition]
8391. product(e_3,e_2,X1) | product(X1,e_2,e_3) | ~group_element(X1) | product(e_3,e_1,X1) <- (98) [avatar component clause 8390]
8393. 99 <=> ! [X0] : (product(e_2,e_3,X0) | product(e_1,e_3,X0) | ~group_element(X0) | equalish(e_3,X0)) [avatar definition]
8394. product(e_2,e_3,X0) | product(e_1,e_3,X0) | ~group_element(X0) | equalish(e_3,X0) <- (99) [avatar component clause 8393]
8395. 98 | 99 | 3 [avatar split clause 8383,193,8393,8390]
8430. ~product(e_3,e_1,X0) | equalish(X0,e_3) <- (3) [resolution 195,15]
8536. ~product(e_3,e_3,X0) | equalish(X0,e_2) <- (13) [resolution 525,15]
8705. ~product(e_2,e_2,X0) | equalish(X0,e_2) <- (37) [resolution 2012,15]
8788. ~product(e_1,e_2,X0) | equalish(X0,e_2) <- (38) [resolution 2016,15]
9151. equalish(e_2,e_3) <- (9, 69) [resolution 7246,3732]
9170. $false <- (9, 69) [forward subsumption resolution 9151,11]
9171. ~9 | ~69 [avatar contradiction clause 9170]
10019. equalish(e_2,e_1) <- (9, 11) [resolution 7248,515]
10084. $false <- (9, 11) [forward subsumption resolution 10019,10]
10085. ~9 | ~11 [avatar contradiction clause 10084]
10090. product(e_3,e_3,e_1) | ~group_element(e_3) <- (~9, ~20, 26, 28) [forward subsumption resolution 8310,507]
10094. product(e_3,e_3,e_1) <- (~9, ~20, 26, 28) [forward subsumption resolution 10090,7]
10097. 23 | 9 | 20 | ~26 | ~28 [avatar split clause 10094,1602,1590,689,506,1039]
10941. equalish(e_2,e_3) <- (3, 7) [resolution 8430,273]
10942. equalish(e_2,e_3) | product(e_3,e_1,e_1) | ~group_element(e_1) | product(e_3,e_1,e_1) <- (3) [resolution 8430,2095]
10964. equalish(e_2,e_3) | product(e_3,e_1,e_1) | ~group_element(e_1) <- (3) [duplicate literal removal 10942]
10967. product(e_3,e_1,e_1) | ~group_element(e_1) <- (3) [forward subsumption resolution 10964,11]
10968. $false <- (3, 7) [forward subsumption resolution 10941,11]
10969. ~3 | ~7 [avatar contradiction clause 10968]
10973. ~group_element(e_1) <- (3, ~8) [forward subsumption resolution 10967,276]
10976. $false <- (3, ~8) [forward subsumption resolution 10973,5]
10977. ~3 | 8 [avatar contradiction clause 10976]
11016. ~product(e_3,e_2,X0) | equalish(X0,e_3) <- (5) [resolution 202,15]
11061. equalish(e_1,e_2) <- (13, 23) [resolution 8536,1041]
11142. $false <- (13, 23) [forward subsumption resolution 11061,8]
11143. ~13 | ~23 [avatar contradiction clause 11142]
11196. product(e_2,e_3,e_2) | ~group_element(e_2) | product(e_2,e_3,e_1) <- (~13) [resolution 524,4792]
11321. product(e_3,e_2,e_3) | ~group_element(e_3) | product(e_3,e_1,e_3) <- (98) [factoring 8391]
11657. equalish(e_1,e_3) <- (5, 26) [resolution 11016,1592]
11702. $false <- (5, 26) [forward subsumption resolution 11657,9]
11703. ~5 | ~26 [avatar contradiction clause 11702]
11823. ~group_element(e_3) | product(e_3,e_1,e_3) <- (~5, 98) [forward subsumption resolution 11321,201]
11869. product(e_3,e_1,e_3) <- (~5, 98) [forward subsumption resolution 11823,7]
11910. $false <- (~3, ~5, 98) [forward subsumption resolution 11869,194]
11911. 3 | 5 | ~98 [avatar contradiction clause 11910]
12006. ~product(e_3,e_2,X0) | equalish(X0,e_2) <- (29) [resolution 1607,15]
12288. product(e_1,e_3,e_2) | ~group_element(e_2) | equalish(e_3,e_2) <- (~17, 99) [resolution 8394,541]
13195. equalish(X0,e_2) | ~group_element(X0) | product(e_1,e_2,X0) | product(e_2,e_2,X0) | ~group_element(e_2) <- (29) [resolution 12006,1]
13278. equalish(X0,e_2) | ~group_element(X0) | product(e_1,e_2,X0) | product(e_2,e_2,X0) <- (29) [forward subsumption resolution 13195,6]
13297. equalish(X0,e_2) | ~group_element(X0) | product(e_2,e_2,X0) <- (29, 38) [forward subsumption resolution 13278,8788]
13300. equalish(X0,e_2) | ~group_element(X0) <- (29, 37, 38) [forward subsumption resolution 13297,8705]
13503. ~group_element(e_1) <- (29, 37, 38) [resolution 13300,8]
13507. $false <- (29, 37, 38) [forward subsumption resolution 13503,5]
13508. ~29 | ~37 | ~38 [avatar contradiction clause 13507]
13524. ~group_element(e_2) | product(e_2,e_3,e_1) <- (~13, ~17) [forward subsumption resolution 11196,541]
13552. product(e_2,e_3,e_1) <- (~13, ~17) [forward subsumption resolution 13524,6]
13645. ~product(e_2,X0,e_1) | equalish(X0,e_3) <- (18) [resolution 546,16]
13726. product(e_1,X0,e_3) | ~product(e_1,e_1,X0) <- (8) [resolution 277,4]
13808. product(e_3,e_1,X0) | ~product(e_3,X0,e_2) <- (22) [resolution 699,3]
14120. product(e_3,e_2,X0) | ~product(e_3,X0,e_1) <- (24) [resolution 1098,3]
15095. equalish(e_1,e_3) <- (18, 75) [resolution 13645,4047]
15098. equalish(e_1,e_3) | product(e_1,e_1,e_3) | ~group_element(e_1) | product(e_1,e_1,e_1) <- (18) [resolution 13645,3230]
15161. equalish(e_1,e_3) | product(e_1,e_1,e_3) | ~group_element(e_1) <- (8, 18) [forward subsumption resolution 15098,13726]
15162. $false <- (18, 75) [forward subsumption resolution 15095,9]
15163. ~18 | ~75 [avatar contradiction clause 15162]
15166. product(e_1,e_1,e_3) | ~group_element(e_1) <- (8, 18) [forward subsumption resolution 15161,9]
15169. ~group_element(e_1) <- (8, 18, ~25) [forward subsumption resolution 15166,1101]
15172. $false <- (8, 18, ~25) [forward subsumption resolution 15169,5]
15173. ~8 | ~18 | 25 [avatar contradiction clause 15172]
15192. ~group_element(e_2) | equalish(e_3,e_2) <- (~17, ~69, 99) [forward subsumption resolution 12288,3731]
15286. equalish(e_3,e_2) <- (~17, ~69, 99) [forward subsumption resolution 15192,6]
15338. $false <- (~17, ~69, 99) [forward subsumption resolution 15286,13]
15339. 17 | 69 | ~99 [avatar contradiction clause 15338]
15622. product(e_3,e_2,e_2) | ~group_element(e_3) | product(e_3,e_1,e_2) | product(e_3,e_2,e_1) <- (~20) [resolution 690,2909]
15669. product(e_3,e_2,e_2) | ~group_element(e_3) | product(e_3,e_1,e_2) <- (~20, 24) [forward subsumption resolution 15622,14120]
15672. ~group_element(e_3) | product(e_3,e_1,e_2) <- (~20, 22, 24) [forward subsumption resolution 15669,13808]
15674. product(e_3,e_1,e_2) <- (~20, 22, 24) [forward subsumption resolution 15672,7]
15675. $false <- (~7, ~20, 22, 24) [forward subsumption resolution 15674,272]
15676. 7 | 20 | ~22 | ~24 [avatar contradiction clause 15675]
15735. ~group_element(e_2) | product(e_1,e_2,e_3) <- (~21, 28) [resolution 694,1603]
15764. product(e_1,e_2,e_3) <- (~21, 28) [forward subsumption resolution 15735,6]
15769. $false <- (~21, ~24, 28) [forward subsumption resolution 15764,1097]
15770. 21 | 24 | ~28 [avatar contradiction clause 15769]
15787. 18 | 13 | 17 [avatar split clause 13552,540,523,544]
16035. ~product(e_2,X0,e_1) | equalish(X0,e_3) <- (18) [resolution 546,16]
17348. equalish(e_2,e_3) <- (18, 74) [resolution 16035,4043]
17415. $false <- (18, 74) [forward subsumption resolution 17348,11]
17416. ~18 | ~74 [avatar contradiction clause 17415]
s13. ~13 | 20 | 21 | 22 [sat_conversion 700]
s18. 7 | 28 | 29 [sat_conversion 1608]
s26. ~29 | ~5 [sat_conversion 1902]
s32. 26 | 29 [sat_conversion 2523]
s42. 7 | 13 | 29 [sat_conversion 2568]
s66. ~37 | ~17 [sat_conversion 3570]
s70. ~18 | 11 | 38 | 72 [sat_conversion 3874]
s72. ~69 | 9 | 74 | 75 [sat_conversion 4048]
s76. ~20 | ~13 [sat_conversion 4770]
s80. ~29 | ~13 [sat_conversion 5413]
s82. ~21 | 7 | 17 | 29 [sat_conversion 5432]
s114. ~18 | ~11 [sat_conversion 7079]
s129. 37 | 67 [sat_conversion 7746]
s130. ~72 | ~25 | 75 [sat_conversion 7910]
s133. ~17 | ~11 [sat_conversion 8266]
s134. ~67 | 11 | 37 [sat_conversion 8348]
s136. 3 | 5 | 20 [sat_conversion 8359]
s137. 3 | 98 | 99 [sat_conversion 8395]
s146. ~69 | ~9 [sat_conversion 9171]
s155. ~11 | ~9 [sat_conversion 10085]
s156. ~28 | ~26 | 9 | 20 | 23 [sat_conversion 10097]
s179. ~7 | ~3 [sat_conversion 10969]
s180. ~3 | 8 [sat_conversion 10977]
s185. ~23 | ~13 [sat_conversion 11143]
s186. ~26 | ~5 [sat_conversion 11703]
s193. ~98 | 3 | 5 [sat_conversion 11911]
s228. ~38 | ~37 | ~29 [sat_conversion 13508]
s243. ~75 | ~18 [sat_conversion 15163]
s244. ~18 | ~8 | 25 [sat_conversion 15173]
s246. ~99 | 17 | 69 [sat_conversion 15339]
s249. ~24 | ~22 | 7 | 20 [sat_conversion 15676]
s250. ~28 | 21 | 24 [sat_conversion 15770]
s252. 13 | 17 | 18 [sat_conversion 15787]
s255. ~74 | ~18 [sat_conversion 17416]
s256. ~5 [rat s32,s26,s186]
s257. ~11 | 13 [rat s252,s114,s133]
s258. 17 | 9 | 3 [rat s72,s243,s255,s246,s252,s76,s136,s137,s193,s256]
s259. 37 | 11 [rat s134,s129]
s260. 3 [rat s146,s258,s246,s66,s259,s257,s137,s76,s193,s136,s256]
s261. 8 [rat s180,s260]
s262. ~7 [rat s179,s260]
s264. 13 [rat s130,s70,s243,s244,s252,s66,s228,s259,s42,s257,s261,s262]
s265. ~23 [rat s185,s264]
s266. ~29 [rat s80,s264]
s267. ~20 [rat s76,s264]
s273. 26 [rat s32,s266]
s275. 28 [rat s18,s262,s266]
s284. 9 [rat s156,s265,s267,s275,s273]
s285. ~11 [rat s155,s284]
s290. 37 [rat s259,s285]
s293. ~17 [rat s66,s290]
s300. ~21 [rat s82,s266,s262,s293]
s305. 24 [rat s250,s275,s300]
s306. 22 [rat s13,s267,s264,s300]
s308. # [rat s249,s267,s262,s306,s305]
17421. $false [avatar sat refutation s308]
% SZS output end Proof for GRP130-4.003_clausified
% ------------------------------
% Version: Vampire 5.0.0 (Release build, commit 2e2c9b7b8 on 2026-01-17 12:24:14 +0100)
% Linked with Z3 4.14.0.0 3c47fd96cf5645d0c42b2c819d9e9a84380aa721 z3-4.8.4-9178-g3c47fd96c
% CaDiCaL version: 2.1.3
% Termination reason: Refutation
% Time elapsed: 0.705 s
% Peak memory usage: 69 MB
% Instructions burned: 2729 (million)
% ------------------------------
% ------------------------------
