% Running in auto input_syntax mode. Trying TPTP
% Refutation found. Thanks to Tanya!
% SZS status Unsatisfiable for GRP128-4.003_clausified
% SZS output start Proof for GRP128-4.003_clausified
1. product(e_1,X0,X1) | ~group_element(X1) | ~group_element(X0) | product(e_2,X0,X1) | product(e_3,X0,X1) [input(axiom)]
2. product(X0,e_1,X1) | ~group_element(X1) | ~group_element(X0) | product(X0,e_2,X1) | product(X0,e_3,X1) [input(axiom)]
3. ~product(X2,X1,X3) | ~product(X0,X2,X3) | product(X0,X1,X2) [input(negated conjecture)]
4. ~product(X0,X2,X3) | product(X2,X1,X3) | ~product(X0,X1,X2) [input(negated conjecture)]
5. group_element(e_1) [input(axiom)]
6. group_element(e_2) [input(axiom)]
7. group_element(e_3) [input(axiom)]
8. ~equalish(e_1,e_2) [input(axiom)]
9. ~equalish(e_1,e_3) [input(axiom)]
10. ~equalish(e_2,e_1) [input(axiom)]
12. ~equalish(e_3,e_1) [input(axiom)]
13. ~equalish(e_3,e_2) [input(axiom)]
14. product(X0,X1,e_1) | ~group_element(X1) | ~group_element(X0) | product(X0,X1,e_2) | product(X0,X1,e_3) [input(axiom)]
15. ~product(X0,X1,X5) | ~product(X0,X1,X4) | equalish(X4,X5) [input(axiom)]
16. ~product(X0,X5,X1) | ~product(X0,X4,X1) | equalish(X4,X5) [input(axiom)]
17. ~product(X5,X1,X0) | ~product(X4,X1,X0) | equalish(X4,X5) [input(axiom)]
18. ~product(X2,X1,X3) | ~product(X0,X1,X2) | product(X0,X2,X3) [input(negated conjecture)]
21. ~product(X2,e_1,X0) | ~group_element(X1) | product(e_2,X1,X0) | product(e_3,X1,X0) | ~group_element(X0) | product(X2,X1,e_1) [resolution 1,3]
22. ~product(X2,X1,X0) | ~group_element(X1) | product(e_2,X1,X0) | product(e_3,X1,X0) | ~group_element(X0) | equalish(X2,e_1) [resolution 1,17]
26. ~product(X1,X2,e_1) | ~group_element(X1) | product(X1,e_2,X0) | product(X1,e_3,X0) | product(e_1,X2,X0) | ~group_element(X0) [resolution 2,4]
27. ~product(X2,X1,X0) | ~group_element(X1) | product(X1,e_2,X0) | product(X1,e_3,X0) | ~group_element(X0) | product(X2,e_1,X1) [resolution 2,3]
30. ~product(X1,e_1,X2) | ~group_element(X1) | product(X1,e_2,X0) | product(X1,e_3,X0) | ~group_element(X0) | equalish(X2,X0) [resolution 2,15]
31. ~product(X2,X0,X1) | ~group_element(X1) | product(X1,X0,e_2) | product(X1,X0,e_3) | ~group_element(X0) | product(X2,X1,e_1) [resolution 14,18]
32. ~product(X1,X2,X0) | ~group_element(X1) | product(X1,X0,e_2) | product(X1,X0,e_3) | product(X0,X2,e_1) | ~group_element(X0) [resolution 14,4]
34. ~product(X2,X0,e_1) | ~group_element(X1) | product(X1,X0,e_2) | product(X1,X0,e_3) | ~group_element(X0) | equalish(X2,X1) [resolution 14,17]
35. ~product(X1,X2,e_1) | ~group_element(X1) | product(X1,X0,e_2) | product(X1,X0,e_3) | ~group_element(X0) | equalish(X2,X0) [resolution 14,16]
113. ~group_element(e_1) | product(e_1,e_2,X0) | product(e_1,e_3,X0) | ~group_element(X0) | equalish(X1,X0) | ~group_element(X1) | ~group_element(e_1) | product(e_2,e_1,X1) | product(e_3,e_1,X1) [resolution 30,1]
119. ~group_element(e_1) | product(e_1,e_2,X0) | product(e_1,e_3,X0) | ~group_element(X0) | equalish(X1,X0) | ~group_element(X1) | product(e_2,e_1,X1) | product(e_3,e_1,X1) [duplicate literal removal 113]
141. product(e_1,e_2,X0) | product(e_2,e_1,X1) | equalish(X1,X0) | ~group_element(X0) | ~group_element(X1) | product(e_1,e_3,X0) | product(e_3,e_1,X1) [subsumption resolution 119,5]
158. ~group_element(X0) | product(X0,X1,e_2) | product(X0,X1,e_3) | ~group_element(X1) | equalish(e_1,X1) | ~group_element(e_1) | ~group_element(X0) | product(X0,e_2,e_1) | product(X0,e_3,e_1) [resolution 35,2]
159. ~group_element(X0) | product(X0,X1,e_2) | product(X0,X1,e_3) | ~group_element(X1) | equalish(e_1,X1) | ~group_element(e_1) | product(X0,e_2,e_1) | product(X0,e_3,e_1) [duplicate literal removal 158]
163. product(X0,e_2,e_1) | product(X0,X1,e_2) | product(X0,X1,e_3) | ~group_element(X1) | equalish(e_1,X1) | ~group_element(X0) | product(X0,e_3,e_1) [subsumption resolution 159,5]
188. ~group_element(X0) | product(e_2,X0,X1) | product(e_3,X0,X1) | ~group_element(X1) | product(e_1,X0,e_1) | ~group_element(X1) | ~group_element(e_1) | product(e_2,e_1,X1) | product(e_3,e_1,X1) [resolution 21,1]
193. ~group_element(X0) | product(e_2,X0,X1) | product(e_3,X0,X1) | ~group_element(X1) | product(e_1,X0,e_1) | ~group_element(e_1) | product(e_2,e_1,X1) | product(e_3,e_1,X1) [duplicate literal removal 188]
194. product(e_1,X0,e_1) | product(e_2,e_1,X1) | product(e_2,X0,X1) | ~group_element(X1) | product(e_3,X0,X1) | ~group_element(X0) | product(e_3,e_1,X1) [subsumption resolution 193,5]
204. ~group_element(X0) | product(X0,e_2,X1) | product(X0,e_3,X1) | product(e_1,X2,X1) | ~group_element(X1) | ~group_element(X2) | ~group_element(X0) | product(X0,X2,e_2) | product(X0,X2,e_3) [resolution 26,14]
209. product(e_1,X2,X1) | product(X0,e_2,X1) | product(X0,X2,e_2) | product(X0,e_3,X1) | ~group_element(X1) | ~group_element(X2) | ~group_element(X0) | product(X0,X2,e_3) [duplicate literal removal 204]
212. ~group_element(X0) | product(X0,e_2,X1) | product(X0,e_3,X1) | ~group_element(X1) | product(e_1,e_1,X0) | ~group_element(X1) | ~group_element(X0) | product(e_2,X0,X1) | product(e_3,X0,X1) [resolution 27,1]
213. ~group_element(e_1) | product(e_1,e_2,X0) | product(e_1,e_3,X0) | ~group_element(X0) | product(X1,e_1,e_1) | ~group_element(X0) | ~group_element(X1) | product(X1,e_2,X0) | product(X1,e_3,X0) [resolution 27,2]
216. ~group_element(e_1) | product(e_1,e_2,X0) | product(e_1,e_3,X0) | ~group_element(X0) | product(X1,e_1,e_1) | ~group_element(X1) | product(X1,e_2,X0) | product(X1,e_3,X0) [duplicate literal removal 213]
217. product(e_1,e_1,X0) | product(e_2,X0,X1) | product(X0,e_2,X1) | ~group_element(X1) | product(X0,e_3,X1) | ~group_element(X0) | product(e_3,X0,X1) [duplicate literal removal 212]
218. product(e_1,e_2,X0) | product(X1,e_1,e_1) | product(X1,e_2,X0) | ~group_element(X0) | ~group_element(X1) | product(e_1,e_3,X0) | product(X1,e_3,X0) [subsumption resolution 216,5]
230. ~group_element(X0) | product(X0,e_1,e_2) | product(X0,e_1,e_3) | product(e_1,X1,e_1) | ~group_element(e_1) | ~group_element(X1) | ~group_element(X0) | product(X0,X1,e_2) | product(X0,X1,e_3) [resolution 32,14]
231. ~group_element(X0) | product(X0,e_1,e_2) | product(X0,e_1,e_3) | product(e_1,X1,e_1) | ~group_element(e_1) | ~group_element(X1) | product(X0,X1,e_2) | product(X0,X1,e_3) [duplicate literal removal 230]
235. product(e_1,X1,e_1) | product(X0,e_1,e_2) | product(X0,X1,e_2) | product(X0,e_1,e_3) | ~group_element(X1) | ~group_element(X0) | product(X0,X1,e_3) [subsumption resolution 231,5]
312. 6 <=> product(e_2,e_1,e_3) [avatar definition]
314. product(e_2,e_1,e_3) <- (6) [avatar component clause 312]
316. 7 <=> product(e_2,e_1,e_2) [avatar definition]
317. ~product(e_2,e_1,e_2) <- (~7) [avatar component clause 316]
318. product(e_2,e_1,e_2) <- (7) [avatar component clause 316]
328. 10 <=> product(e_3,e_1,e_1) [avatar definition]
330. product(e_3,e_1,e_1) <- (10) [avatar component clause 328]
431. 22 <=> product(e_1,e_1,e_1) [avatar definition]
432. ~product(e_1,e_1,e_1) <- (~22) [avatar component clause 431]
433. product(e_1,e_1,e_1) <- (22) [avatar component clause 431]
439. 24 <=> product(e_3,e_1,e_2) [avatar definition]
440. ~product(e_3,e_1,e_2) <- (~24) [avatar component clause 439]
441. product(e_3,e_1,e_2) <- (24) [avatar component clause 439]
658. 33 <=> product(e_1,e_3,e_2) [avatar definition]
659. ~product(e_1,e_3,e_2) <- (~33) [avatar component clause 658]
660. product(e_1,e_3,e_2) <- (33) [avatar component clause 658]
662. 34 <=> product(e_1,e_2,e_2) [avatar definition]
663. ~product(e_1,e_2,e_2) <- (~34) [avatar component clause 662]
664. product(e_1,e_2,e_2) <- (34) [avatar component clause 662]
675. 37 <=> product(e_1,e_1,e_3) [avatar definition]
676. ~product(e_1,e_1,e_3) <- (~37) [avatar component clause 675]
677. product(e_1,e_1,e_3) <- (37) [avatar component clause 675]
704. 42 <=> product(e_1,e_2,e_3) [avatar definition]
706. product(e_1,e_2,e_3) <- (42) [avatar component clause 704]
725. 46 <=> product(e_1,e_3,e_1) [avatar definition]
726. ~product(e_1,e_3,e_1) <- (~46) [avatar component clause 725]
727. product(e_1,e_3,e_1) <- (46) [avatar component clause 725]
729. 47 <=> product(e_1,e_2,e_1) [avatar definition]
730. ~product(e_1,e_2,e_1) <- (~47) [avatar component clause 729]
731. product(e_1,e_2,e_1) <- (47) [avatar component clause 729]
837. ~product(X0,e_1,e_1) | equalish(X0,e_3) <- (10) [resolution 330,17]
1011. product(e_1,e_2,e_1) | product(e_2,e_1,e_2) | ~group_element(e_1) | ~group_element(e_2) | product(e_1,e_3,e_1) | product(e_3,e_1,e_2) [resolution 141,10]
1131. ~group_element(e_2) | product(e_2,e_2,e_2) | product(e_2,e_2,e_3) | ~group_element(e_2) | product(e_1,e_2,e_1) <- (34) [resolution 664,31]
1134. ~group_element(e_2) | product(e_2,e_2,e_2) | product(e_2,e_2,e_3) | product(e_1,e_2,e_1) <- (34) [duplicate literal removal 1131]
1140. product(e_2,e_2,e_2) | product(e_2,e_2,e_3) | product(e_1,e_2,e_1) <- (34) [subsumption resolution 1134,6]
1142. 56 <=> product(e_2,e_2,e_3) [avatar definition]
1144. product(e_2,e_2,e_3) <- (56) [avatar component clause 1142]
1146. 57 <=> product(e_2,e_2,e_2) [avatar definition]
1148. product(e_2,e_2,e_2) <- (57) [avatar component clause 1146]
1149. 47 | 56 | 57 | ~34 [avatar split clause 1140,662,1146,1142,729]
1255. 61 <=> product(e_2,e_3,e_3) [avatar definition]
1257. product(e_2,e_3,e_3) <- (61) [avatar component clause 1255]
1259. 62 <=> product(e_2,e_3,e_2) [avatar definition]
1260. ~product(e_2,e_3,e_2) <- (~62) [avatar component clause 1259]
1261. product(e_2,e_3,e_2) <- (62) [avatar component clause 1259]
1334. ~product(e_1,e_2,X0) | equalish(X0,e_2) <- (34) [resolution 664,15]
1336. ~product(X0,e_2,e_2) | equalish(X0,e_1) <- (34) [resolution 664,17]
1429. product(e_1,X0,e_3) | ~product(e_1,X0,e_1) <- (37) [resolution 677,4]
3183. equalish(e_1,e_3) <- (10, 22) [resolution 837,433]
3220. $false <- (10, 22) [subsumption resolution 3183,9]
3221. ~10 | ~22 [avatar contradiction clause 3220]
3581. product(e_1,e_2,X0) | product(e_1,e_1,e_1) | ~group_element(X0) | ~group_element(e_1) | product(e_1,e_3,X0) | product(e_1,e_3,X0) [factoring 218]
3582. product(e_1,e_2,X0) | product(e_1,e_1,e_1) | ~group_element(X0) | ~group_element(e_1) | product(e_1,e_3,X0) [duplicate literal removal 3581]
3982. 82 <=> ! [X1] : (~group_element(X1) | equalish(e_1,X1) | product(X1,e_1,e_3) | product(X1,e_1,e_2)) [avatar definition]
3983. product(X1,e_1,e_2) | equalish(e_1,X1) | product(X1,e_1,e_3) | ~group_element(X1) <- (82) [avatar component clause 3982]
3987. 83 <=> ! [X1] : (product(e_1,X1,e_2) | equalish(e_1,X1) | ~group_element(X1) | product(e_1,X1,e_3)) [avatar definition]
3988. product(e_1,X1,e_2) | equalish(e_1,X1) | ~group_element(X1) | product(e_1,X1,e_3) <- (83) [avatar component clause 3987]
4405. ~group_element(X0) | product(X0,e_1,e_2) | product(X0,e_1,e_3) | ~group_element(e_1) | equalish(e_1,X0) <- (22) [resolution 433,34]
4424. ~group_element(X0) | product(X0,e_1,e_2) | product(X0,e_1,e_3) | equalish(e_1,X0) <- (22) [subsumption resolution 4405,5]
4425. 82 | ~22 [avatar split clause 4424,431,3982]
4465. 95 <=> product(e_3,e_2,e_2) [avatar definition]
4466. ~product(e_3,e_2,e_2) <- (~95) [avatar component clause 4465]
4467. product(e_3,e_2,e_2) <- (95) [avatar component clause 4465]
4646. product(e_1,e_1,e_1) | product(X0,e_1,e_2) | product(X0,e_1,e_3) | ~group_element(e_1) | ~group_element(X0) | product(X0,e_1,e_3) [factoring 235]
4647. product(e_1,e_1,e_1) | product(X0,e_1,e_2) | product(X0,e_1,e_3) | ~group_element(e_1) | ~group_element(X0) [duplicate literal removal 4646]
4698. 97 <=> ! [X0] : (product(X0,e_1,e_2) | ~group_element(X0) | product(X0,e_1,e_3)) [avatar definition]
4699. product(X0,e_1,e_2) | ~group_element(X0) | product(X0,e_1,e_3) <- (97) [avatar component clause 4698]
4708. product(X0,e_1,e_2) | product(X0,e_1,e_3) | ~group_element(e_1) | ~group_element(X0) <- (~22) [subsumption resolution 4647,432]
4709. product(X0,e_1,e_2) | product(X0,e_1,e_3) | ~group_element(X0) <- (~22) [subsumption resolution 4708,5]
4710. 97 | 22 [avatar split clause 4709,431,4698]
5369. ~group_element(e_1) | product(e_1,X0,e_2) | product(e_1,X0,e_3) | ~group_element(X0) | equalish(e_1,X0) <- (22) [resolution 433,35]
5495. 101 <=> product(e_3,e_3,e_2) [avatar definition]
5496. ~product(e_3,e_3,e_2) <- (~101) [avatar component clause 5495]
5497. product(e_3,e_3,e_2) <- (101) [avatar component clause 5495]
6073. equalish(e_3,e_2) <- (34, 42) [resolution 1334,706]
6099. equalish(e_1,e_2) <- (34, 47) [resolution 1334,731]
6123. $false <- (34, 42) [subsumption resolution 6073,13]
6124. ~34 | ~42 [avatar contradiction clause 6123]
6129. $false <- (34, 47) [subsumption resolution 6099,8]
6130. ~34 | ~47 [avatar contradiction clause 6129]
6176. product(e_1,X0,e_2) | product(e_1,X0,e_3) | ~group_element(X0) | equalish(e_1,X0) <- (22) [subsumption resolution 5369,5]
6177. 83 | ~22 [avatar split clause 6176,431,3987]
6400. product(e_1,e_2,X0) | product(e_1,e_2,e_2) | product(e_1,e_3,X0) | ~group_element(X0) | ~group_element(e_2) | ~group_element(e_1) | product(e_1,e_2,e_3) [factoring 209]
6404. product(e_1,e_2,e_2) | product(X0,e_2,e_2) | product(X0,e_3,e_2) | ~group_element(e_2) | ~group_element(e_2) | ~group_element(X0) | product(X0,e_2,e_3) [factoring 209]
6407. product(e_1,e_2,e_2) | product(X0,e_2,e_2) | product(X0,e_3,e_2) | ~group_element(e_2) | ~group_element(X0) | product(X0,e_2,e_3) [duplicate literal removal 6404]
6998. equalish(e_2,e_1) <- (34, 57) [resolution 1336,1148]
7098. $false <- (34, 57) [subsumption resolution 6998,10]
7099. ~34 | ~57 [avatar contradiction clause 7098]
7130. product(e_1,e_2,e_2) | product(X0,e_2,e_2) | product(X0,e_3,e_2) | ~group_element(X0) | product(X0,e_2,e_3) [subsumption resolution 6407,6]
7132. 106 <=> ! [X0] : (product(X0,e_2,e_2) | product(X0,e_2,e_3) | ~group_element(X0) | product(X0,e_3,e_2)) [avatar definition]
7133. product(X0,e_2,e_2) | product(X0,e_2,e_3) | ~group_element(X0) | product(X0,e_3,e_2) <- (106) [avatar component clause 7132]
7134. 106 | 34 [avatar split clause 7130,662,7132]
7464. product(e_1,e_2,e_1) | product(e_1,e_2,e_3) | ~group_element(e_2) | equalish(e_1,e_2) | ~group_element(e_1) | product(e_1,e_3,e_1) <- (~34) [resolution 663,163]
7488. ~group_element(e_2) | ~group_element(e_2) | product(e_2,e_2,e_2) | product(e_3,e_2,e_2) <- (~34) [resolution 663,1]
7515. ~group_element(e_2) | product(e_2,e_2,e_2) | product(e_3,e_2,e_2) <- (~34) [duplicate literal removal 7488]
7525. product(e_1,e_2,e_3) | ~group_element(e_2) | equalish(e_1,e_2) | ~group_element(e_1) | product(e_1,e_3,e_1) <- (~34, 37) [subsumption resolution 7464,1429]
7625. ~group_element(e_2) | product(e_2,e_3,e_2) | product(e_2,e_3,e_3) | product(e_3,e_1,e_1) | ~group_element(e_3) <- (6) [resolution 314,32]
7630. product(e_2,e_3,e_2) | product(e_2,e_3,e_3) | product(e_3,e_1,e_1) | ~group_element(e_3) <- (6) [subsumption resolution 7625,6]
7634. product(e_2,e_3,e_2) | product(e_2,e_3,e_3) | product(e_3,e_1,e_1) <- (6) [subsumption resolution 7630,7]
7635. 10 | 61 | 62 | ~6 [avatar split clause 7634,312,1259,1255,328]
7677. product(e_1,e_2,X0) | product(e_1,e_1,e_1) | ~group_element(X0) | product(e_1,e_3,X0) [subsumption resolution 3582,5]
7679. 128 <=> ! [X0] : (product(e_1,e_2,X0) | product(e_1,e_3,X0) | ~group_element(X0)) [avatar definition]
7680. product(e_1,e_2,X0) | product(e_1,e_3,X0) | ~group_element(X0) <- (128) [avatar component clause 7679]
7681. 22 | 128 [avatar split clause 7677,7679,431]
7928. ~group_element(e_1) | product(e_1,e_2,X0) | product(e_1,e_3,X0) | product(e_1,e_3,X0) | ~group_element(X0) <- (46) [resolution 727,26]
7946. ~group_element(e_1) | product(e_1,e_2,X0) | product(e_1,e_3,X0) | ~group_element(X0) <- (46) [duplicate literal removal 7928]
8097. ~group_element(e_1) | product(e_1,e_2,e_2) | product(e_1,e_3,e_2) | ~group_element(e_2) | product(e_3,e_1,e_1) <- (24) [resolution 441,27]
8132. product(e_2,X0,e_2) | ~product(e_3,X0,e_2) <- (95) [resolution 4467,4]
8137. ~group_element(e_2) | product(e_2,e_2,e_2) | product(e_3,e_2,e_2) | ~group_element(e_2) | equalish(e_3,e_1) <- (95) [resolution 4467,22]
8145. ~group_element(e_2) | product(e_2,e_2,e_2) | product(e_3,e_2,e_2) | equalish(e_3,e_1) <- (95) [duplicate literal removal 8137]
8147. product(e_1,e_3,e_2) | ~group_element(e_2) <- (~34, 128) [resolution 7680,663]
8177. ~group_element(e_2) <- (~33, ~34, 128) [subsumption resolution 8147,659]
8178. $false <- (~33, ~34, 128) [subsumption resolution 8177,6]
8179. 33 | 34 | ~128 [avatar contradiction clause 8178]
8181. ~group_element(e_2) | product(e_2,e_2,e_2) | equalish(e_3,e_1) <- (95) [subsumption resolution 8145,8132]
8182. product(e_2,e_2,e_2) | equalish(e_3,e_1) <- (95) [subsumption resolution 8181,6]
8183. product(e_2,e_2,e_2) <- (95) [subsumption resolution 8182,12]
8184. 57 | ~95 [avatar split clause 8183,4465,1146]
8219. product(e_1,e_2,e_2) | product(e_1,e_3,e_2) | ~group_element(e_2) | product(e_3,e_1,e_1) <- (24) [subsumption resolution 8097,5]
8220. product(e_1,e_3,e_2) | ~group_element(e_2) | product(e_3,e_1,e_1) <- (24, ~34) [subsumption resolution 8219,663]
8221. ~group_element(e_2) | product(e_3,e_1,e_1) <- (24, ~33, ~34) [subsumption resolution 8220,659]
8222. product(e_3,e_1,e_1) <- (24, ~33, ~34) [subsumption resolution 8221,6]
8223. 10 | ~24 | 33 | 34 [avatar split clause 8222,662,658,439,328]
8224. product(e_1,e_2,X0) | product(e_1,e_3,X0) | ~group_element(X0) <- (46) [subsumption resolution 7946,5]
8225. 128 | ~46 [avatar split clause 8224,725,7679]
8300. product(e_1,e_2,e_3) | equalish(e_1,e_2) | ~group_element(e_1) | product(e_1,e_3,e_1) <- (~34, 37) [subsumption resolution 7525,6]
8301. product(e_1,e_2,e_3) | ~group_element(e_1) | product(e_1,e_3,e_1) <- (~34, 37) [subsumption resolution 8300,8]
8302. product(e_1,e_2,e_3) | product(e_1,e_3,e_1) <- (~34, 37) [subsumption resolution 8301,5]
8303. 46 | 42 | 34 | ~37 [avatar split clause 8302,675,662,704,725]
8336. product(e_2,e_2,e_2) | product(e_3,e_2,e_2) <- (~34) [subsumption resolution 7515,6]
8337. 95 | 57 | 34 [avatar split clause 8336,662,1146,4465]
8492. ~group_element(e_1) | product(e_1,e_2,X0) | product(e_1,e_3,X0) | product(e_1,e_2,X0) | ~group_element(X0) <- (47) [resolution 731,26]
8510. ~group_element(e_1) | product(e_1,e_2,X0) | product(e_1,e_3,X0) | ~group_element(X0) <- (47) [duplicate literal removal 8492]
8511. product(e_1,e_2,X0) | product(e_1,e_3,X0) | ~group_element(X0) <- (47) [subsumption resolution 8510,5]
8512. 128 | ~47 [avatar split clause 8511,729,7679]
8533. ~group_element(e_2) | ~group_element(e_1) | product(e_1,e_2,e_2) | product(e_1,e_2,e_3) <- (~47) [resolution 730,14]
8894. ~product(X0,e_2,e_2) | product(X0,e_2,e_3) <- (56) [resolution 1144,18]
9193. product(e_2,e_1,e_2) | ~group_element(e_1) | ~group_element(e_2) | product(e_1,e_3,e_1) | product(e_3,e_1,e_2) <- (~47) [subsumption resolution 1011,730]
9247. product(e_2,e_1,e_2) | ~group_element(e_2) | product(e_1,e_3,e_1) | product(e_3,e_1,e_2) <- (~47) [subsumption resolution 9193,5]
9248. product(e_2,e_1,e_2) | product(e_1,e_3,e_1) | product(e_3,e_1,e_2) <- (~47) [subsumption resolution 9247,6]
9249. product(e_2,e_1,e_2) | product(e_3,e_1,e_2) <- (~46, ~47) [subsumption resolution 9248,726]
9250. product(e_2,e_1,e_2) <- (~24, ~46, ~47) [subsumption resolution 9249,440]
9251. 7 | 24 | 46 | 47 [avatar split clause 9250,729,725,439,316]
9428. ~group_element(e_1) | product(e_1,e_2,e_2) | product(e_1,e_2,e_3) <- (~47) [subsumption resolution 8533,6]
9429. product(e_1,e_2,e_2) | product(e_1,e_2,e_3) <- (~47) [subsumption resolution 9428,5]
9430. product(e_1,e_2,e_3) <- (~47, 56) [subsumption resolution 9429,8894]
9431. 42 | 47 | ~56 [avatar split clause 9430,1142,729,704]
9548. product(e_1,e_2,X0) | product(e_1,e_2,e_2) | product(e_1,e_3,X0) | ~group_element(X0) | ~group_element(e_1) | product(e_1,e_2,e_3) [subsumption resolution 6400,6]
9549. product(e_1,e_2,X0) | product(e_1,e_2,e_2) | product(e_1,e_3,X0) | ~group_element(X0) | product(e_1,e_2,e_3) [subsumption resolution 9548,5]
9550. 42 | 34 | 128 [avatar split clause 9549,7679,662,704]
9595. ~product(e_1,e_3,X0) | equalish(X0,e_2) <- (33) [resolution 660,15]
9596. ~product(e_1,X0,e_2) | equalish(X0,e_3) <- (33) [resolution 660,16]
9597. ~product(X0,e_3,e_2) | equalish(X0,e_1) <- (33) [resolution 660,17]
9709. ~product(e_1,X0,e_3) | equalish(X0,e_2) <- (42) [resolution 706,16]
9892. equalish(e_1,e_2) | ~group_element(e_2) | product(e_1,e_2,e_3) <- (~34, 83) [resolution 3988,663]
9947. product(e_1,e_1,e_3) | product(e_2,e_3,e_2) | ~group_element(e_2) | product(e_3,e_3,e_2) | ~group_element(e_3) | product(e_3,e_3,e_2) <- (~95) [resolution 4466,217]
9957. product(e_1,e_1,e_3) | product(e_2,e_3,e_2) | ~group_element(e_2) | product(e_3,e_3,e_2) | ~group_element(e_3) <- (~95) [duplicate literal removal 9947]
10336. equalish(e_1,e_3) | ~group_element(e_1) | product(e_1,e_1,e_3) <- (33, 97) [resolution 9596,4699]
10405. ~group_element(e_1) | product(e_1,e_1,e_3) <- (33, 97) [subsumption resolution 10336,9]
10406. product(e_1,e_1,e_3) <- (33, 97) [subsumption resolution 10405,5]
10407. $false <- (33, ~37, 97) [subsumption resolution 10406,676]
10408. ~33 | 37 | ~97 [avatar contradiction clause 10407]
10627. ~product(X0,e_2,e_3) | product(X0,e_3,e_2) <- (61) [resolution 1257,3]
10687. equalish(e_2,e_1) <- (33, 62) [resolution 9597,1261]
10721. equalish(e_2,e_1) | product(e_1,e_3,e_1) | product(e_2,e_1,e_2) | ~group_element(e_2) | product(e_3,e_3,e_2) | ~group_element(e_3) | product(e_3,e_1,e_2) <- (33) [resolution 9597,194]
10746. $false <- (33, 62) [subsumption resolution 10687,10]
10747. ~33 | ~62 [avatar contradiction clause 10746]
11041. equalish(e_1,e_2) <- (37, 42) [resolution 9709,677]
11091. $false <- (37, 42) [subsumption resolution 11041,8]
11092. ~37 | ~42 [avatar contradiction clause 11091]
11118. product(e_1,e_1,e_3) | ~group_element(e_2) | product(e_3,e_3,e_2) | ~group_element(e_3) <- (~62, ~95) [subsumption resolution 9957,1260]
11119. product(e_1,e_1,e_3) | product(e_3,e_3,e_2) | ~group_element(e_3) <- (~62, ~95) [subsumption resolution 11118,6]
11120. product(e_1,e_1,e_3) | ~group_element(e_3) <- (~62, ~95, ~101) [subsumption resolution 11119,5496]
11121. product(e_1,e_1,e_3) <- (~62, ~95, ~101) [subsumption resolution 11120,7]
11122. 37 | 62 | 95 | 101 [avatar split clause 11121,5495,4465,1259,675]
11170. equalish(e_3,e_1) <- (33, 101) [resolution 5497,9597]
11184. $false <- (33, 101) [subsumption resolution 11170,12]
11185. ~33 | ~101 [avatar contradiction clause 11184]
11855. ~product(e_2,X0,e_2) | equalish(X0,e_1) <- (7) [resolution 318,16]
12415. product(X0,e_2,e_3) | ~group_element(X0) | product(X0,e_3,e_2) | product(e_2,X1,e_2) | ~product(X0,X1,e_2) <- (106) [resolution 7133,4]
12440. ~group_element(X0) | product(X0,e_3,e_2) | product(e_2,X1,e_2) | ~product(X0,X1,e_2) <- (61, 106) [subsumption resolution 12415,10627]
12602. equalish(e_2,e_1) <- (7, 57) [resolution 11855,1148]
12722. $false <- (7, 57) [subsumption resolution 12602,10]
12723. ~7 | ~57 [avatar contradiction clause 12722]
12853. equalish(e_1,e_2) | product(e_2,e_1,e_3) | ~group_element(e_2) <- (~7, 82) [resolution 317,3983]
13134. equalish(e_2,e_1) | product(e_1,e_3,e_1) | product(e_2,e_1,e_2) | ~group_element(e_2) | product(e_3,e_3,e_2) | ~group_element(e_3) <- (33, 61, 106) [subsumption resolution 10721,12440]
13135. product(e_1,e_3,e_1) | product(e_2,e_1,e_2) | ~group_element(e_2) | product(e_3,e_3,e_2) | ~group_element(e_3) <- (33, 61, 106) [subsumption resolution 13134,10]
13136. product(e_1,e_3,e_1) | ~group_element(e_2) | product(e_3,e_3,e_2) | ~group_element(e_3) <- (~7, 33, 61, 106) [subsumption resolution 13135,317]
13137. product(e_1,e_3,e_1) | product(e_3,e_3,e_2) | ~group_element(e_3) <- (~7, 33, 61, 106) [subsumption resolution 13136,6]
13138. product(e_1,e_3,e_1) | ~group_element(e_3) <- (~7, 33, 61, ~101, 106) [subsumption resolution 13137,5496]
13139. product(e_1,e_3,e_1) <- (~7, 33, 61, ~101, 106) [subsumption resolution 13138,7]
13140. 46 | 7 | ~33 | ~61 | 101 | ~106 [avatar split clause 13139,7132,5495,1255,658,316,725]
13323. ~group_element(e_2) | product(e_1,e_2,e_3) <- (~34, 83) [subsumption resolution 9892,8]
13324. product(e_1,e_2,e_3) <- (~34, 83) [subsumption resolution 13323,6]
13325. 42 | 34 | ~83 [avatar split clause 13324,3987,662,704]
13492. product(e_2,e_1,e_3) | ~group_element(e_2) <- (~7, 82) [subsumption resolution 12853,8]
13493. product(e_2,e_1,e_3) <- (~7, 82) [subsumption resolution 13492,6]
13494. 6 | 7 | ~82 [avatar split clause 13493,3982,316,312]
13615. equalish(e_1,e_2) <- (33, 46) [resolution 727,9595]
13639. $false <- (33, 46) [subsumption resolution 13615,8]
13640. ~33 | ~46 [avatar contradiction clause 13639]
13644. $false [avatar sat refutation 1149,3221,4425,4710,6124,6130,6177,7099,7134,7635,7681,8179,8184,8223,8225,8303,8337,8512,9251,9431,9550,10408,10747,11092,11122,11185,12723,13140,13325,13494,13640]
% SZS output end Proof for GRP128-4.003_clausified
% ------------------------------
% Version: Vampire 4.9 (Release build, commit 0accf6da4 on 2024-12-10 11:55:58 +0000)
% Termination reason: Refutation

% Time elapsed: 0.852 s
% Instructions burned: 2694 (million)
% ------------------------------
% ------------------------------
