% Running in auto input_syntax mode. Trying TPTP
% Refutation found. Thanks to Tanya!
% SZS status Unsatisfiable for GRP064-1
% SZS output start Proof for GRP064-1
1. divide(X0,divide(divide(divide(divide(X1,X1),X1),X2),divide(divide(divide(X1,X1),X0),X2))) = X1 [input(axiom)]
2. multiply(X0,X1) = divide(X0,divide(divide(X2,X2),X1)) [input(axiom)]
3. inverse(X0) = divide(divide(X2,X2),X0) [input(axiom)]
4. multiply(multiply(a3,b3),c3) != multiply(a3,multiply(b3,c3)) | a2 != multiply(multiply(inverse(b2),b2),a2) | multiply(inverse(a1),a1) != multiply(inverse(b1),b1) [input(negated conjecture)]
5. divide(X0,divide(divide(inverse(X1),X2),divide(divide(divide(X1,X1),X0),X2))) = X1 [backward demodulation 1,3]
6. multiply(X0,X1) = divide(X0,inverse(X1)) [backward demodulation 2,3]
7. divide(X0,divide(divide(inverse(X1),X2),divide(inverse(X0),X2))) = X1 [forward demodulation 5,3]
9. 1 <=> multiply(inverse(a1),a1) = multiply(inverse(b1),b1) [avatar definition]
11. multiply(inverse(a1),a1) != multiply(inverse(b1),b1) <- (~1) [avatar component clause 9]
13. 2 <=> a2 = multiply(multiply(inverse(b2),b2),a2) [avatar definition]
15. a2 != multiply(multiply(inverse(b2),b2),a2) <- (~2) [avatar component clause 13]
17. 3 <=> multiply(multiply(a3,b3),c3) = multiply(a3,multiply(b3,c3)) [avatar definition]
19. multiply(multiply(a3,b3),c3) != multiply(a3,multiply(b3,c3)) <- (~3) [avatar component clause 17]
20. ~1 | ~2 | ~3 [avatar split clause 4,17,13,9]
21. inverse(X1) = divide(inverse(divide(X0,X0)),X1) [superposition 3,3]
22. inverse(inverse(X0)) = multiply(divide(X1,X1),X0) [superposition 6,3]
28. divide(X1,divide(divide(inverse(X2),divide(divide(inverse(X0),X3),divide(inverse(inverse(X1)),X3))),X0)) = X2 [superposition 7,7]
29. divide(X0,inverse(divide(inverse(X0),inverse(X1)))) = X1 [superposition 7,3]
30. inverse(divide(divide(inverse(X0),X1),divide(inverse(divide(X2,X2)),X1))) = X0 [superposition 7,3]
34. divide(X0,inverse(multiply(inverse(X0),X1))) = X1 [forward demodulation 29,6]
35. inverse(divide(divide(inverse(X0),X1),inverse(X1))) = X0 [forward demodulation 30,21]
36. inverse(multiply(divide(inverse(X0),X1),X1)) = X0 [forward demodulation 35,6]
42. inverse(inverse(X1)) = multiply(inverse(divide(X0,X0)),X1) [superposition 21,6]
55. inverse(inverse(X1)) = multiply(multiply(inverse(X0),X0),X1) [superposition 22,6]
68. multiply(X0,multiply(inverse(X0),X1)) = X1 [superposition 34,6]
69. inverse(inverse(multiply(inverse(divide(X0,X0)),X1))) = X1 [superposition 34,3]
78. inverse(inverse(inverse(inverse(X1)))) = X1 [forward demodulation 69,42]
90. multiply(X1,inverse(inverse(inverse(X0)))) = divide(X1,X0) [superposition 6,78]
94. divide(X1,X1) = inverse(multiply(inverse(X0),X0)) [superposition 36,21]
96. inverse(multiply(X0,inverse(multiply(inverse(inverse(X1)),X0)))) = X1 [superposition 36,34]
114. multiply(inverse(inverse(inverse(X0))),multiply(X0,X1)) = X1 [superposition 68,78]
115. multiply(inverse(inverse(X1)),X0) = multiply(X1,X0) [superposition 68,68]
119. inverse(multiply(X0,inverse(multiply(X1,X0)))) = X1 [backward demodulation 96,115]
159. divide(X1,X1) = inverse(multiply(X0,inverse(inverse(inverse(X0))))) [superposition 94,78]
161. divide(X1,X1) = divide(X0,X0) [superposition 94,94]
170. divide(X1,divide(divide(inverse(X2),inverse(X1)),inverse(multiply(inverse(X0),X0)))) = X2 [superposition 7,94]
173. divide(X1,divide(X0,X0)) = X1 [superposition 34,94]
174. divide(X1,divide(X0,X0)) = multiply(X1,multiply(inverse(X2),X2)) [superposition 6,94]
183. divide(X1,X1) = inverse(divide(X0,X0)) [forward demodulation 159,90]
185. divide(X1,multiply(divide(inverse(X2),inverse(X1)),multiply(inverse(X0),X0))) = X2 [forward demodulation 170,6]
186. divide(X1,multiply(multiply(inverse(X2),X1),multiply(inverse(X0),X0))) = X2 [forward demodulation 185,6]
189. multiply(X1,multiply(inverse(X2),X2)) = X1 [forward demodulation 174,173]
190. divide(X1,multiply(inverse(X2),X1)) = X2 [backward demodulation 186,189]
285. divide(X1,X1) = multiply(inverse(X0),X0) [superposition 161,6]
529. divide(X1,X0) = inverse(multiply(X0,inverse(X1))) [superposition 34,119]
609. divide(X1,divide(X0,X0)) = multiply(X1,divide(X2,X2)) [superposition 6,183]
644. multiply(X1,divide(X2,X2)) = X1 [forward demodulation 609,173]
927. inverse(multiply(inverse(X0),divide(X1,X1))) = X0 [superposition 190,3]
946. inverse(inverse(X0)) = X0 [forward demodulation 927,644]
949. divide(X1,divide(divide(inverse(X2),divide(divide(inverse(X0),X3),divide(X1,X3))),X0)) = X2 [backward demodulation 28,946]
951. multiply(multiply(inverse(X0),X0),X1) = X1 [backward demodulation 55,946]
958. divide(X1,X0) = multiply(X1,inverse(X0)) [backward demodulation 90,946]
963. multiply(inverse(X0),multiply(X0,X1)) = X1 [backward demodulation 114,946]
1031. divide(X1,X0) = inverse(divide(X0,X1)) [backward demodulation 529,958]
1643. divide(inverse(X1),X0) = inverse(multiply(X0,X1)) [superposition 1031,6]
1678. divide(X1,divide(divide(inverse(X2),divide(inverse(multiply(X3,X0)),divide(X1,X3))),X0)) = X2 [backward demodulation 949,1643]
1751. divide(X1,divide(inverse(multiply(divide(inverse(multiply(X3,X0)),divide(X1,X3)),X2)),X0)) = X2 [forward demodulation 1678,1643]
1752. divide(X1,inverse(multiply(X0,multiply(divide(inverse(multiply(X3,X0)),divide(X1,X3)),X2)))) = X2 [forward demodulation 1751,1643]
1753. divide(X1,inverse(multiply(X0,multiply(inverse(multiply(divide(X1,X3),multiply(X3,X0))),X2)))) = X2 [forward demodulation 1752,1643]
2030. multiply(inverse(a1),a1) != divide(X0,X0) <- (~1) [superposition 11,285]
2045. $false <- (~1) [subsumption resolution 2030,285]
2046. 1 [avatar contradiction clause 2045]
2053. $false <- (~2) [subsumption resolution 15,951]
2054. 2 [avatar contradiction clause 2053]
2267. multiply(multiply(divide(X1,X3),multiply(X3,X2)),X0) = divide(X1,inverse(multiply(X2,X0))) [superposition 1753,963]
2268. multiply(divide(X1,X3),multiply(X3,X2)) = divide(X1,inverse(multiply(X2,divide(X0,X0)))) [superposition 1753,285]
2320. multiply(X1,multiply(X2,X0)) = multiply(multiply(divide(X1,X3),multiply(X3,X2)),X0) [forward demodulation 2267,6]
2322. multiply(divide(X1,X3),multiply(X3,X2)) = divide(X1,inverse(X2)) [forward demodulation 2268,644]
2323. multiply(X1,X2) = multiply(divide(X1,X3),multiply(X3,X2)) [forward demodulation 2322,6]
2345. multiply(X1,multiply(X2,X0)) = multiply(multiply(X1,X2),X0) [backward demodulation 2320,2323]
10378. multiply(a3,multiply(b3,c3)) != multiply(a3,multiply(b3,c3)) <- (~3) [superposition 19,2345]
10411. $false <- (~3) [trivial inequality removal 10378]
10412. 3 [avatar contradiction clause 10411]
10474. $false [avatar sat refutation 20,2046,2054,10412]
% SZS output end Proof for GRP064-1
% ------------------------------
% Version: Vampire 4.9 (Release build, commit 0accf6da4 on 2024-12-10 11:55:58 +0000)
% Termination reason: Refutation

% Time elapsed: 0.157 s
% Instructions burned: 371 (million)
% ------------------------------
% ------------------------------
