% Running in auto input_syntax mode. Trying TPTP
% Refutation found. Thanks to Tanya!
% SZS status Unsatisfiable for GRP415-1
% SZS output start Proof for GRP415-1
1. inverse(multiply(X0,inverse(multiply(inverse(multiply(inverse(multiply(X1,X0)),multiply(X1,inverse(X2)))),inverse(multiply(inverse(X0),X0)))))) = X2 [input(axiom)]
2. multiply(inverse(a1),a1) != multiply(inverse(b1),b1) [input(negated conjecture)]
4. multiply(X3,inverse(multiply(inverse(multiply(inverse(multiply(X4,X3)),multiply(X4,inverse(X0)))),inverse(multiply(inverse(X3),X3))))) = inverse(multiply(X1,inverse(multiply(inverse(multiply(inverse(multiply(X2,X1)),multiply(X2,X0))),inverse(multiply(inverse(X1),X1)))))) [superposition 1,1]
27. multiply(X0,inverse(multiply(inverse(multiply(inverse(multiply(X1,X0)),multiply(X1,inverse(inverse(X2))))),inverse(multiply(inverse(X0),X0))))) = X2 [superposition 1,4]
144. multiply(inverse(multiply(inverse(multiply(X3,X2)),multiply(X3,inverse(inverse(X0))))),inverse(multiply(inverse(X2),X2))) = inverse(multiply(X1,inverse(multiply(inverse(multiply(inverse(multiply(X2,X1)),X0)),inverse(multiply(inverse(X1),X1)))))) [superposition 1,27]
329. multiply(X1,inverse(inverse(multiply(X0,inverse(multiply(inverse(multiply(inverse(multiply(X1,X0)),X2)),inverse(multiply(inverse(X0),X0)))))))) = X2 [superposition 27,144]
357. multiply(inverse(multiply(inverse(multiply(X0,X1)),multiply(X0,inverse(inverse(multiply(X1,inverse(X2))))))),inverse(multiply(inverse(X1),X1))) = X2 [superposition 1,144]
561. multiply(X1,inverse(inverse(multiply(X2,inverse(multiply(inverse(X0),inverse(multiply(inverse(X2),X2)))))))) = inverse(inverse(multiply(X3,inverse(multiply(inverse(multiply(inverse(multiply(inverse(multiply(X1,X2)),X3)),X0)),inverse(multiply(inverse(X3),X3))))))) [superposition 329,329]
887. multiply(inverse(X3),X3) = multiply(inverse(multiply(inverse(multiply(X1,inverse(multiply(inverse(multiply(X2,X3)),multiply(X2,inverse(inverse(multiply(X3,inverse(X0))))))))),multiply(X1,inverse(inverse(X0))))),inverse(multiply(inverse(inverse(multiply(inverse(multiply(X2,X3)),multiply(X2,inverse(inverse(multiply(X3,inverse(X0)))))))),inverse(multiply(inverse(multiply(X2,X3)),multiply(X2,inverse(inverse(multiply(X3,inverse(X0)))))))))) [superposition 357,357]
952. multiply(inverse(multiply(inverse(multiply(X1,inverse(multiply(inverse(multiply(X2,X3)),multiply(X2,inverse(inverse(multiply(X3,inverse(X0))))))))),multiply(X1,inverse(inverse(X4))))),inverse(multiply(inverse(inverse(multiply(inverse(multiply(X2,X3)),multiply(X2,inverse(inverse(multiply(X3,inverse(X0)))))))),inverse(multiply(inverse(multiply(X2,X3)),multiply(X2,inverse(inverse(multiply(X3,inverse(X0)))))))))) = inverse(multiply(inverse(multiply(inverse(X3),X3)),inverse(multiply(inverse(multiply(inverse(X0),X4)),inverse(multiply(inverse(inverse(multiply(inverse(X3),X3))),inverse(multiply(inverse(X3),X3)))))))) [superposition 144,357]
966. multiply(inverse(X3),X3) = inverse(multiply(inverse(multiply(inverse(X3),X3)),inverse(multiply(inverse(multiply(inverse(X0),X0)),inverse(multiply(inverse(inverse(multiply(inverse(X3),X3))),inverse(multiply(inverse(X3),X3)))))))) [forward demodulation 887,952]
17799. multiply(inverse(multiply(X0,X1)),multiply(X0,inverse(inverse(multiply(X1,inverse(multiply(inverse(X2),inverse(multiply(inverse(X1),X1))))))))) = X2 [superposition 329,561]
20260. multiply(inverse(X2),X2) = multiply(inverse(multiply(X1,inverse(multiply(inverse(X0),X0)))),multiply(X1,inverse(multiply(inverse(X0),X0)))) [superposition 17799,966]
24443. multiply(inverse(X0),X0) = multiply(inverse(X1),X1) [superposition 20260,20260]
27495. multiply(inverse(X0),X0) != multiply(inverse(a1),a1) [superposition 2,24443]
27723. $false [forward subsumption resolution 27495,24443]
% SZS output end Proof for GRP415-1
% ------------------------------
% Version: Vampire 5.0.0 (Release build, commit 2e2c9b7b8 on 2026-01-17 12:24:14 +0100)
% Linked with Z3 4.14.0.0 3c47fd96cf5645d0c42b2c819d9e9a84380aa721 z3-4.8.4-9178-g3c47fd96c
% CaDiCaL version: 2.1.3
% Termination reason: Refutation
% Time elapsed: 1.403 s
% Peak memory usage: 64 MB
% Instructions burned: 6658 (million)
% ------------------------------
% ------------------------------
