% Running in auto input_syntax mode. Trying TPTP
% Refutation found. Thanks to Tanya!
% SZS status Theorem for GRP638+1
% SZS output start Proof for GRP638+1
1. ! [X0] : ((~v3_struct_0(X0) & v3_group_1(X0) & v4_group_1(X0) & l1_group_1(X0)) => ! [X1] : ((~v3_struct_0(X1) & v3_group_1(X1) & v4_group_1(X1) & l1_group_1(X1)) => ! [X2] : ((v1_funct_1(X2) & v1_funct_2(X2,u1_struct_0(X0),u1_struct_0(X1)) & v1_group_6(X2,X0,X1) & m2_relset_1(X2,u1_struct_0(X0),u1_struct_0(X1))) => ! [X3] : (m1_group_2(X3,X1) => ! [X4] : (m1_group_2(X4,X1) => ! [X5] : (m1_group_2(X5,X0) => ! [X6] : (m1_group_2(X6,X0) => ((u1_struct_0(X5) = k3_funct_2(u1_struct_0(X0),u1_struct_0(X1),X2,u1_struct_0(X3)) & u1_struct_0(X6) = k3_funct_2(u1_struct_0(X0),u1_struct_0(X1),X2,u1_struct_0(X4)) & m1_group_6(X3,X1,X4)) => m1_group_6(X5,X0,X6))))))))) [input(conjecture)]
2. ~! [X0] : ((~v3_struct_0(X0) & v3_group_1(X0) & v4_group_1(X0) & l1_group_1(X0)) => ! [X1] : ((~v3_struct_0(X1) & v3_group_1(X1) & v4_group_1(X1) & l1_group_1(X1)) => ! [X2] : ((v1_funct_1(X2) & v1_funct_2(X2,u1_struct_0(X0),u1_struct_0(X1)) & v1_group_6(X2,X0,X1) & m2_relset_1(X2,u1_struct_0(X0),u1_struct_0(X1))) => ! [X3] : (m1_group_2(X3,X1) => ! [X4] : (m1_group_2(X4,X1) => ! [X5] : (m1_group_2(X5,X0) => ! [X6] : (m1_group_2(X6,X0) => ((u1_struct_0(X5) = k3_funct_2(u1_struct_0(X0),u1_struct_0(X1),X2,u1_struct_0(X3)) & u1_struct_0(X6) = k3_funct_2(u1_struct_0(X0),u1_struct_0(X1),X2,u1_struct_0(X4)) & m1_group_6(X3,X1,X4)) => m1_group_6(X5,X0,X6))))))))) [negated conjecture 1]
5. ! [X0,X1,X2] : (m1_subset_1(X2,k1_zfmisc_1(k2_zfmisc_1(X0,X1))) => v1_relat_1(X2)) [input(axiom)]
8. ! [X0] : ((~v3_struct_0(X0) & v3_group_1(X0) & l1_group_1(X0)) => ! [X1] : ((~v3_struct_0(X1) & v3_group_1(X1) & l1_group_1(X1)) => (m1_group_2(X1,X0) <=> (r1_tarski(u1_struct_0(X1),u1_struct_0(X0)) & u1_group_1(X1) = k1_realset1(u1_group_1(X0),u1_struct_0(X1)))))) [input(axiom)]
17. ! [X0] : ((~v3_struct_0(X0) & v3_group_1(X0) & l1_group_1(X0)) => ! [X1] : (m1_group_2(X1,X0) => (~v3_struct_0(X1) & v3_group_1(X1) & l1_group_1(X1)))) [input(axiom)]
21. ! [X0,X1,X2] : (m2_relset_1(X2,X0,X1) => m1_subset_1(X2,k1_zfmisc_1(k2_zfmisc_1(X0,X1)))) [input(axiom)]
43. ! [X0,X1,X2,X3] : ((v1_funct_1(X2) & m1_relset_1(X2,X0,X1)) => k3_funct_2(X0,X1,X2,X3) = k10_relat_1(X2,X3)) [input(axiom)]
44. ! [X0,X1] : ((~v3_struct_0(X0) & v3_group_1(X0) & v4_group_1(X0) & l1_group_1(X0) & m1_group_2(X1,X0)) => ! [X2] : (m1_group_6(X2,X0,X1) <=> m1_group_2(X2,X1))) [input(axiom)]
45. ! [X0,X1,X2] : (m2_relset_1(X2,X0,X1) <=> m1_relset_1(X2,X0,X1)) [input(axiom)]
47. ! [X0,X1,X2] : (v1_relat_1(X2) => (r1_tarski(X0,X1) => r1_tarski(k10_relat_1(X2,X0),k10_relat_1(X2,X1)))) [input(axiom)]
53. ! [X0] : ((~v3_struct_0(X0) & v3_group_1(X0) & v4_group_1(X0) & l1_group_1(X0)) => ! [X1] : (m1_group_2(X1,X0) => ! [X2] : (m1_group_2(X2,X0) => (r1_tarski(u1_struct_0(X1),u1_struct_0(X2)) => m1_group_2(X1,X2))))) [input(axiom)]
58. ~! [X0] : ((~v3_struct_0(X0) & v3_group_1(X0) & v4_group_1(X0) & l1_group_1(X0)) => ! [X1] : ((~v3_struct_0(X1) & v3_group_1(X1) & v4_group_1(X1) & l1_group_1(X1)) => ! [X2] : ((v1_funct_1(X2) & v1_funct_2(X2,u1_struct_0(X0),u1_struct_0(X1)) & m2_relset_1(X2,u1_struct_0(X0),u1_struct_0(X1))) => ! [X3] : (m1_group_2(X3,X1) => ! [X4] : (m1_group_2(X4,X1) => ! [X5] : (m1_group_2(X5,X0) => ! [X6] : (m1_group_2(X6,X0) => ((u1_struct_0(X5) = k3_funct_2(u1_struct_0(X0),u1_struct_0(X1),X2,u1_struct_0(X3)) & u1_struct_0(X6) = k3_funct_2(u1_struct_0(X0),u1_struct_0(X1),X2,u1_struct_0(X4)) & m1_group_6(X3,X1,X4)) => m1_group_6(X5,X0,X6))))))))) [pure predicate removal 2]
59. ? [X0] : (? [X1] : (? [X2] : (? [X3] : (? [X4] : (? [X5] : (? [X6] : ((~m1_group_6(X5,X0,X6) & (u1_struct_0(X5) = k3_funct_2(u1_struct_0(X0),u1_struct_0(X1),X2,u1_struct_0(X3)) & u1_struct_0(X6) = k3_funct_2(u1_struct_0(X0),u1_struct_0(X1),X2,u1_struct_0(X4)) & m1_group_6(X3,X1,X4))) & m1_group_2(X6,X0)) & m1_group_2(X5,X0)) & m1_group_2(X4,X1)) & m1_group_2(X3,X1)) & (v1_funct_1(X2) & v1_funct_2(X2,u1_struct_0(X0),u1_struct_0(X1)) & m2_relset_1(X2,u1_struct_0(X0),u1_struct_0(X1)))) & (~v3_struct_0(X1) & v3_group_1(X1) & v4_group_1(X1) & l1_group_1(X1))) & (~v3_struct_0(X0) & v3_group_1(X0) & v4_group_1(X0) & l1_group_1(X0))) [ennf transformation 58]
60. ? [X0] : (? [X1] : (? [X2] : (? [X3] : (? [X4] : (? [X5] : (? [X6] : (~m1_group_6(X5,X0,X6) & u1_struct_0(X5) = k3_funct_2(u1_struct_0(X0),u1_struct_0(X1),X2,u1_struct_0(X3)) & u1_struct_0(X6) = k3_funct_2(u1_struct_0(X0),u1_struct_0(X1),X2,u1_struct_0(X4)) & m1_group_6(X3,X1,X4) & m1_group_2(X6,X0)) & m1_group_2(X5,X0)) & m1_group_2(X4,X1)) & m1_group_2(X3,X1)) & v1_funct_1(X2) & v1_funct_2(X2,u1_struct_0(X0),u1_struct_0(X1)) & m2_relset_1(X2,u1_struct_0(X0),u1_struct_0(X1))) & ~v3_struct_0(X1) & v3_group_1(X1) & v4_group_1(X1) & l1_group_1(X1)) & ~v3_struct_0(X0) & v3_group_1(X0) & v4_group_1(X0) & l1_group_1(X0)) [flattening 59]
64. ! [X0,X1,X2] : (v1_relat_1(X2) | ~m1_subset_1(X2,k1_zfmisc_1(k2_zfmisc_1(X0,X1)))) [ennf transformation 5]
69. ! [X0] : (! [X1] : ((m1_group_2(X1,X0) <=> (r1_tarski(u1_struct_0(X1),u1_struct_0(X0)) & u1_group_1(X1) = k1_realset1(u1_group_1(X0),u1_struct_0(X1)))) | (v3_struct_0(X1) | ~v3_group_1(X1) | ~l1_group_1(X1))) | (v3_struct_0(X0) | ~v3_group_1(X0) | ~l1_group_1(X0))) [ennf transformation 8]
70. ! [X0] : (! [X1] : ((m1_group_2(X1,X0) <=> (r1_tarski(u1_struct_0(X1),u1_struct_0(X0)) & u1_group_1(X1) = k1_realset1(u1_group_1(X0),u1_struct_0(X1)))) | v3_struct_0(X1) | ~v3_group_1(X1) | ~l1_group_1(X1)) | v3_struct_0(X0) | ~v3_group_1(X0) | ~l1_group_1(X0)) [flattening 69]
74. ! [X0] : (! [X1] : ((~v3_struct_0(X1) & v3_group_1(X1) & l1_group_1(X1)) | ~m1_group_2(X1,X0)) | (v3_struct_0(X0) | ~v3_group_1(X0) | ~l1_group_1(X0))) [ennf transformation 17]
75. ! [X0] : (! [X1] : ((~v3_struct_0(X1) & v3_group_1(X1) & l1_group_1(X1)) | ~m1_group_2(X1,X0)) | v3_struct_0(X0) | ~v3_group_1(X0) | ~l1_group_1(X0)) [flattening 74]
78. ! [X0,X1,X2] : (m1_subset_1(X2,k1_zfmisc_1(k2_zfmisc_1(X0,X1))) | ~m2_relset_1(X2,X0,X1)) [ennf transformation 21]
91. ! [X0,X1,X2,X3] : (k3_funct_2(X0,X1,X2,X3) = k10_relat_1(X2,X3) | (~v1_funct_1(X2) | ~m1_relset_1(X2,X0,X1))) [ennf transformation 43]
92. ! [X0,X1,X2,X3] : (k3_funct_2(X0,X1,X2,X3) = k10_relat_1(X2,X3) | ~v1_funct_1(X2) | ~m1_relset_1(X2,X0,X1)) [flattening 91]
93. ! [X0,X1] : (! [X2] : (m1_group_6(X2,X0,X1) <=> m1_group_2(X2,X1)) | (v3_struct_0(X0) | ~v3_group_1(X0) | ~v4_group_1(X0) | ~l1_group_1(X0) | ~m1_group_2(X1,X0))) [ennf transformation 44]
94. ! [X0,X1] : (! [X2] : (m1_group_6(X2,X0,X1) <=> m1_group_2(X2,X1)) | v3_struct_0(X0) | ~v3_group_1(X0) | ~v4_group_1(X0) | ~l1_group_1(X0) | ~m1_group_2(X1,X0)) [flattening 93]
95. ! [X0,X1,X2] : ((r1_tarski(k10_relat_1(X2,X0),k10_relat_1(X2,X1)) | ~r1_tarski(X0,X1)) | ~v1_relat_1(X2)) [ennf transformation 47]
96. ! [X0,X1,X2] : (r1_tarski(k10_relat_1(X2,X0),k10_relat_1(X2,X1)) | ~r1_tarski(X0,X1) | ~v1_relat_1(X2)) [flattening 95]
103. ! [X0] : (! [X1] : (! [X2] : ((m1_group_2(X1,X2) | ~r1_tarski(u1_struct_0(X1),u1_struct_0(X2))) | ~m1_group_2(X2,X0)) | ~m1_group_2(X1,X0)) | (v3_struct_0(X0) | ~v3_group_1(X0) | ~v4_group_1(X0) | ~l1_group_1(X0))) [ennf transformation 53]
104. ! [X0] : (! [X1] : (! [X2] : (m1_group_2(X1,X2) | ~r1_tarski(u1_struct_0(X1),u1_struct_0(X2)) | ~m1_group_2(X2,X0)) | ~m1_group_2(X1,X0)) | v3_struct_0(X0) | ~v3_group_1(X0) | ~v4_group_1(X0) | ~l1_group_1(X0)) [flattening 103]
108. ? [X0] : (? [X1] : (? [X2] : (? [X3] : (? [X4] : (? [X5] : (? [X6] : (~m1_group_6(X5,X0,X6) & u1_struct_0(X5) = k3_funct_2(u1_struct_0(X0),u1_struct_0(X1),X2,u1_struct_0(X3)) & u1_struct_0(X6) = k3_funct_2(u1_struct_0(X0),u1_struct_0(X1),X2,u1_struct_0(X4)) & m1_group_6(X3,X1,X4) & m1_group_2(X6,X0)) & m1_group_2(X5,X0)) & m1_group_2(X4,X1)) & m1_group_2(X3,X1)) & v1_funct_1(X2) & v1_funct_2(X2,u1_struct_0(X0),u1_struct_0(X1)) & m2_relset_1(X2,u1_struct_0(X0),u1_struct_0(X1))) & ~v3_struct_0(X1) & v3_group_1(X1) & v4_group_1(X1) & l1_group_1(X1)) & ~v3_struct_0(X0) & v3_group_1(X0) & v4_group_1(X0) & l1_group_1(X0)) => (? [X1] : (? [X2] : (? [X3] : (? [X4] : (? [X5] : (? [X6] : (~m1_group_6(X5,sK0,X6) & u1_struct_0(X5) = k3_funct_2(u1_struct_0(sK0),u1_struct_0(X1),X2,u1_struct_0(X3)) & u1_struct_0(X6) = k3_funct_2(u1_struct_0(sK0),u1_struct_0(X1),X2,u1_struct_0(X4)) & m1_group_6(X3,X1,X4) & m1_group_2(X6,sK0)) & m1_group_2(X5,sK0)) & m1_group_2(X4,X1)) & m1_group_2(X3,X1)) & v1_funct_1(X2) & v1_funct_2(X2,u1_struct_0(sK0),u1_struct_0(X1)) & m2_relset_1(X2,u1_struct_0(sK0),u1_struct_0(X1))) & ~v3_struct_0(X1) & v3_group_1(X1) & v4_group_1(X1) & l1_group_1(X1)) & ~v3_struct_0(sK0) & v3_group_1(sK0) & v4_group_1(sK0) & l1_group_1(sK0)) [skolem symbol introduction]
109. ? [X1] : (? [X2] : (? [X3] : (? [X4] : (? [X5] : (? [X6] : (~m1_group_6(X5,sK0,X6) & u1_struct_0(X5) = k3_funct_2(u1_struct_0(sK0),u1_struct_0(X1),X2,u1_struct_0(X3)) & u1_struct_0(X6) = k3_funct_2(u1_struct_0(sK0),u1_struct_0(X1),X2,u1_struct_0(X4)) & m1_group_6(X3,X1,X4) & m1_group_2(X6,sK0)) & m1_group_2(X5,sK0)) & m1_group_2(X4,X1)) & m1_group_2(X3,X1)) & v1_funct_1(X2) & v1_funct_2(X2,u1_struct_0(sK0),u1_struct_0(X1)) & m2_relset_1(X2,u1_struct_0(sK0),u1_struct_0(X1))) & ~v3_struct_0(X1) & v3_group_1(X1) & v4_group_1(X1) & l1_group_1(X1)) => (? [X2] : (? [X3] : (? [X4] : (? [X5] : (? [X6] : (~m1_group_6(X5,sK0,X6) & u1_struct_0(X5) = k3_funct_2(u1_struct_0(sK0),u1_struct_0(sK1),X2,u1_struct_0(X3)) & u1_struct_0(X6) = k3_funct_2(u1_struct_0(sK0),u1_struct_0(sK1),X2,u1_struct_0(X4)) & m1_group_6(X3,sK1,X4) & m1_group_2(X6,sK0)) & m1_group_2(X5,sK0)) & m1_group_2(X4,sK1)) & m1_group_2(X3,sK1)) & v1_funct_1(X2) & v1_funct_2(X2,u1_struct_0(sK0),u1_struct_0(sK1)) & m2_relset_1(X2,u1_struct_0(sK0),u1_struct_0(sK1))) & ~v3_struct_0(sK1) & v3_group_1(sK1) & v4_group_1(sK1) & l1_group_1(sK1)) [skolem symbol introduction]
110. ? [X2] : (? [X3] : (? [X4] : (? [X5] : (? [X6] : (~m1_group_6(X5,sK0,X6) & u1_struct_0(X5) = k3_funct_2(u1_struct_0(sK0),u1_struct_0(sK1),X2,u1_struct_0(X3)) & u1_struct_0(X6) = k3_funct_2(u1_struct_0(sK0),u1_struct_0(sK1),X2,u1_struct_0(X4)) & m1_group_6(X3,sK1,X4) & m1_group_2(X6,sK0)) & m1_group_2(X5,sK0)) & m1_group_2(X4,sK1)) & m1_group_2(X3,sK1)) & v1_funct_1(X2) & v1_funct_2(X2,u1_struct_0(sK0),u1_struct_0(sK1)) & m2_relset_1(X2,u1_struct_0(sK0),u1_struct_0(sK1))) => (? [X3] : (? [X4] : (? [X5] : (? [X6] : (~m1_group_6(X5,sK0,X6) & u1_struct_0(X5) = k3_funct_2(u1_struct_0(sK0),u1_struct_0(sK1),sK2,u1_struct_0(X3)) & u1_struct_0(X6) = k3_funct_2(u1_struct_0(sK0),u1_struct_0(sK1),sK2,u1_struct_0(X4)) & m1_group_6(X3,sK1,X4) & m1_group_2(X6,sK0)) & m1_group_2(X5,sK0)) & m1_group_2(X4,sK1)) & m1_group_2(X3,sK1)) & v1_funct_1(sK2) & v1_funct_2(sK2,u1_struct_0(sK0),u1_struct_0(sK1)) & m2_relset_1(sK2,u1_struct_0(sK0),u1_struct_0(sK1))) [skolem symbol introduction]
111. ? [X3] : (? [X4] : (? [X5] : (? [X6] : (~m1_group_6(X5,sK0,X6) & u1_struct_0(X5) = k3_funct_2(u1_struct_0(sK0),u1_struct_0(sK1),sK2,u1_struct_0(X3)) & u1_struct_0(X6) = k3_funct_2(u1_struct_0(sK0),u1_struct_0(sK1),sK2,u1_struct_0(X4)) & m1_group_6(X3,sK1,X4) & m1_group_2(X6,sK0)) & m1_group_2(X5,sK0)) & m1_group_2(X4,sK1)) & m1_group_2(X3,sK1)) => (? [X4] : (? [X5] : (? [X6] : (~m1_group_6(X5,sK0,X6) & u1_struct_0(X5) = k3_funct_2(u1_struct_0(sK0),u1_struct_0(sK1),sK2,u1_struct_0(sK3)) & u1_struct_0(X6) = k3_funct_2(u1_struct_0(sK0),u1_struct_0(sK1),sK2,u1_struct_0(X4)) & m1_group_6(sK3,sK1,X4) & m1_group_2(X6,sK0)) & m1_group_2(X5,sK0)) & m1_group_2(X4,sK1)) & m1_group_2(sK3,sK1)) [skolem symbol introduction]
112. ? [X4] : (? [X5] : (? [X6] : (~m1_group_6(X5,sK0,X6) & u1_struct_0(X5) = k3_funct_2(u1_struct_0(sK0),u1_struct_0(sK1),sK2,u1_struct_0(sK3)) & u1_struct_0(X6) = k3_funct_2(u1_struct_0(sK0),u1_struct_0(sK1),sK2,u1_struct_0(X4)) & m1_group_6(sK3,sK1,X4) & m1_group_2(X6,sK0)) & m1_group_2(X5,sK0)) & m1_group_2(X4,sK1)) => (? [X5] : (? [X6] : (~m1_group_6(X5,sK0,X6) & u1_struct_0(X5) = k3_funct_2(u1_struct_0(sK0),u1_struct_0(sK1),sK2,u1_struct_0(sK3)) & u1_struct_0(X6) = k3_funct_2(u1_struct_0(sK0),u1_struct_0(sK1),sK2,u1_struct_0(sK4)) & m1_group_6(sK3,sK1,sK4) & m1_group_2(X6,sK0)) & m1_group_2(X5,sK0)) & m1_group_2(sK4,sK1)) [skolem symbol introduction]
113. ? [X5] : (? [X6] : (~m1_group_6(X5,sK0,X6) & u1_struct_0(X5) = k3_funct_2(u1_struct_0(sK0),u1_struct_0(sK1),sK2,u1_struct_0(sK3)) & u1_struct_0(X6) = k3_funct_2(u1_struct_0(sK0),u1_struct_0(sK1),sK2,u1_struct_0(sK4)) & m1_group_6(sK3,sK1,sK4) & m1_group_2(X6,sK0)) & m1_group_2(X5,sK0)) => (? [X6] : (~m1_group_6(sK5,sK0,X6) & k3_funct_2(u1_struct_0(sK0),u1_struct_0(sK1),sK2,u1_struct_0(sK3)) = u1_struct_0(sK5) & u1_struct_0(X6) = k3_funct_2(u1_struct_0(sK0),u1_struct_0(sK1),sK2,u1_struct_0(sK4)) & m1_group_6(sK3,sK1,sK4) & m1_group_2(X6,sK0)) & m1_group_2(sK5,sK0)) [skolem symbol introduction]
114. ? [X6] : (~m1_group_6(sK5,sK0,X6) & k3_funct_2(u1_struct_0(sK0),u1_struct_0(sK1),sK2,u1_struct_0(sK3)) = u1_struct_0(sK5) & u1_struct_0(X6) = k3_funct_2(u1_struct_0(sK0),u1_struct_0(sK1),sK2,u1_struct_0(sK4)) & m1_group_6(sK3,sK1,sK4) & m1_group_2(X6,sK0)) => (~m1_group_6(sK5,sK0,sK6) & k3_funct_2(u1_struct_0(sK0),u1_struct_0(sK1),sK2,u1_struct_0(sK3)) = u1_struct_0(sK5) & k3_funct_2(u1_struct_0(sK0),u1_struct_0(sK1),sK2,u1_struct_0(sK4)) = u1_struct_0(sK6) & m1_group_6(sK3,sK1,sK4) & m1_group_2(sK6,sK0)) [skolem symbol introduction]
115. ((((((~m1_group_6(sK5,sK0,sK6) & k3_funct_2(u1_struct_0(sK0),u1_struct_0(sK1),sK2,u1_struct_0(sK3)) = u1_struct_0(sK5) & k3_funct_2(u1_struct_0(sK0),u1_struct_0(sK1),sK2,u1_struct_0(sK4)) = u1_struct_0(sK6) & m1_group_6(sK3,sK1,sK4) & m1_group_2(sK6,sK0)) & m1_group_2(sK5,sK0)) & m1_group_2(sK4,sK1)) & m1_group_2(sK3,sK1)) & v1_funct_1(sK2) & v1_funct_2(sK2,u1_struct_0(sK0),u1_struct_0(sK1)) & m2_relset_1(sK2,u1_struct_0(sK0),u1_struct_0(sK1))) & ~v3_struct_0(sK1) & v3_group_1(sK1) & v4_group_1(sK1) & l1_group_1(sK1)) & ~v3_struct_0(sK0) & v3_group_1(sK0) & v4_group_1(sK0) & l1_group_1(sK0) [skolemisation 60,114,113,112,111,110,109,108]
116. ! [X0] : (! [X1] : (((m1_group_2(X1,X0) | (~r1_tarski(u1_struct_0(X1),u1_struct_0(X0)) | u1_group_1(X1) != k1_realset1(u1_group_1(X0),u1_struct_0(X1)))) & ((r1_tarski(u1_struct_0(X1),u1_struct_0(X0)) & u1_group_1(X1) = k1_realset1(u1_group_1(X0),u1_struct_0(X1))) | ~m1_group_2(X1,X0))) | v3_struct_0(X1) | ~v3_group_1(X1) | ~l1_group_1(X1)) | v3_struct_0(X0) | ~v3_group_1(X0) | ~l1_group_1(X0)) [nnf transformation 70]
117. ! [X0] : (! [X1] : (((m1_group_2(X1,X0) | ~r1_tarski(u1_struct_0(X1),u1_struct_0(X0)) | u1_group_1(X1) != k1_realset1(u1_group_1(X0),u1_struct_0(X1))) & ((r1_tarski(u1_struct_0(X1),u1_struct_0(X0)) & u1_group_1(X1) = k1_realset1(u1_group_1(X0),u1_struct_0(X1))) | ~m1_group_2(X1,X0))) | v3_struct_0(X1) | ~v3_group_1(X1) | ~l1_group_1(X1)) | v3_struct_0(X0) | ~v3_group_1(X0) | ~l1_group_1(X0)) [flattening 116]
148. ! [X0,X1] : (! [X2] : ((m1_group_6(X2,X0,X1) | ~m1_group_2(X2,X1)) & (m1_group_2(X2,X1) | ~m1_group_6(X2,X0,X1))) | v3_struct_0(X0) | ~v3_group_1(X0) | ~v4_group_1(X0) | ~l1_group_1(X0) | ~m1_group_2(X1,X0)) [nnf transformation 94]
149. ! [X0,X1,X2] : ((m2_relset_1(X2,X0,X1) | ~m1_relset_1(X2,X0,X1)) & (m1_relset_1(X2,X0,X1) | ~m2_relset_1(X2,X0,X1))) [nnf transformation 45]
151. l1_group_1(sK0) [cnf transformation 115]
152. v4_group_1(sK0) [cnf transformation 115]
153. v3_group_1(sK0) [cnf transformation 115]
154. ~v3_struct_0(sK0) [cnf transformation 115]
155. l1_group_1(sK1) [cnf transformation 115]
156. v4_group_1(sK1) [cnf transformation 115]
157. v3_group_1(sK1) [cnf transformation 115]
158. ~v3_struct_0(sK1) [cnf transformation 115]
159. m2_relset_1(sK2,u1_struct_0(sK0),u1_struct_0(sK1)) [cnf transformation 115]
161. v1_funct_1(sK2) [cnf transformation 115]
163. m1_group_2(sK4,sK1) [cnf transformation 115]
164. m1_group_2(sK5,sK0) [cnf transformation 115]
165. m1_group_2(sK6,sK0) [cnf transformation 115]
166. m1_group_6(sK3,sK1,sK4) [cnf transformation 115]
167. k3_funct_2(u1_struct_0(sK0),u1_struct_0(sK1),sK2,u1_struct_0(sK4)) = u1_struct_0(sK6) [cnf transformation 115]
168. k3_funct_2(u1_struct_0(sK0),u1_struct_0(sK1),sK2,u1_struct_0(sK3)) = u1_struct_0(sK5) [cnf transformation 115]
169. ~m1_group_6(sK5,sK0,sK6) [cnf transformation 115]
173. ~m1_subset_1(X2,k1_zfmisc_1(k2_zfmisc_1(X0,X1))) | v1_relat_1(X2) [cnf transformation 64]
182. r1_tarski(u1_struct_0(X1),u1_struct_0(X0)) | ~m1_group_2(X1,X0) | v3_struct_0(X1) | ~v3_group_1(X1) | ~l1_group_1(X1) | v3_struct_0(X0) | ~v3_group_1(X0) | ~l1_group_1(X0) [cnf transformation 117]
186. ~m1_group_2(X1,X0) | l1_group_1(X1) | v3_struct_0(X0) | ~v3_group_1(X0) | ~l1_group_1(X0) [cnf transformation 75]
187. ~m1_group_2(X1,X0) | v3_group_1(X1) | v3_struct_0(X0) | ~v3_group_1(X0) | ~l1_group_1(X0) [cnf transformation 75]
188. ~m1_group_2(X1,X0) | ~v3_struct_0(X1) | v3_struct_0(X0) | ~v3_group_1(X0) | ~l1_group_1(X0) [cnf transformation 75]
190. m1_subset_1(X2,k1_zfmisc_1(k2_zfmisc_1(X0,X1))) | ~m2_relset_1(X2,X0,X1) [cnf transformation 78]
222. ~m1_relset_1(X2,X0,X1) | ~v1_funct_1(X2) | k3_funct_2(X0,X1,X2,X3) = k10_relat_1(X2,X3) [cnf transformation 92]
223. ~m1_group_6(X2,X0,X1) | m1_group_2(X2,X1) | v3_struct_0(X0) | ~v3_group_1(X0) | ~v4_group_1(X0) | ~l1_group_1(X0) | ~m1_group_2(X1,X0) [cnf transformation 148]
224. m1_group_6(X2,X0,X1) | ~m1_group_2(X2,X1) | v3_struct_0(X0) | ~v3_group_1(X0) | ~v4_group_1(X0) | ~l1_group_1(X0) | ~m1_group_2(X1,X0) [cnf transformation 148]
225. ~m2_relset_1(X2,X0,X1) | m1_relset_1(X2,X0,X1) [cnf transformation 149]
228. r1_tarski(k10_relat_1(X2,X0),k10_relat_1(X2,X1)) | ~r1_tarski(X0,X1) | ~v1_relat_1(X2) [cnf transformation 96]
235. ~r1_tarski(u1_struct_0(X1),u1_struct_0(X2)) | m1_group_2(X1,X2) | ~m1_group_2(X2,X0) | ~m1_group_2(X1,X0) | v3_struct_0(X0) | ~v3_group_1(X0) | ~v4_group_1(X0) | ~l1_group_1(X0) [cnf transformation 104]
240. r1_tarski(u1_struct_0(X1),u1_struct_0(X0)) | ~m1_group_2(X1,X0) | ~v3_group_1(X1) | ~l1_group_1(X1) | v3_struct_0(X0) | ~v3_group_1(X0) | ~l1_group_1(X0) [forward subsumption resolution 182,188]
242. r1_tarski(u1_struct_0(X1),u1_struct_0(X0)) | ~m1_group_2(X1,X0) | ~l1_group_1(X1) | v3_struct_0(X0) | ~v3_group_1(X0) | ~l1_group_1(X0) [forward subsumption resolution 240,187]
244. r1_tarski(u1_struct_0(X1),u1_struct_0(X0)) | ~m1_group_2(X1,X0) | v3_struct_0(X0) | ~v3_group_1(X0) | ~l1_group_1(X0) [forward subsumption resolution 242,186]
271. m1_relset_1(sK2,u1_struct_0(sK0),u1_struct_0(sK1)) [resolution 225,159]
304. ~m2_relset_1(X0,X1,X2) | v1_relat_1(X0) [resolution 190,173]
325. l1_group_1(sK4) | v3_struct_0(sK1) | ~v3_group_1(sK1) | ~l1_group_1(sK1) [resolution 186,163]
332. l1_group_1(sK4) | ~v3_group_1(sK1) | ~l1_group_1(sK1) [forward subsumption resolution 325,158]
336. l1_group_1(sK4) | ~l1_group_1(sK1) [forward subsumption resolution 332,157]
340. l1_group_1(sK4) [forward subsumption resolution 336,155]
344. v3_group_1(sK4) | v3_struct_0(sK1) | ~v3_group_1(sK1) | ~l1_group_1(sK1) [resolution 187,163]
351. v3_group_1(sK4) | ~v3_group_1(sK1) | ~l1_group_1(sK1) [forward subsumption resolution 344,158]
355. v3_group_1(sK4) | ~l1_group_1(sK1) [forward subsumption resolution 351,157]
359. v3_group_1(sK4) [forward subsumption resolution 355,155]
363. ~v3_struct_0(sK4) | v3_struct_0(sK1) | ~v3_group_1(sK1) | ~l1_group_1(sK1) [resolution 188,163]
370. ~v3_struct_0(sK4) | ~v3_group_1(sK1) | ~l1_group_1(sK1) [forward subsumption resolution 363,158]
374. ~v3_struct_0(sK4) | ~l1_group_1(sK1) [forward subsumption resolution 370,157]
378. ~v3_struct_0(sK4) [forward subsumption resolution 374,155]
399. ~v1_funct_1(sK2) | k3_funct_2(u1_struct_0(sK0),u1_struct_0(sK1),sK2,X0) = k10_relat_1(sK2,X0) [resolution 222,271]
400. k3_funct_2(u1_struct_0(sK0),u1_struct_0(sK1),sK2,X0) = k10_relat_1(sK2,X0) [forward subsumption resolution 399,161]
456. m1_group_2(sK3,sK4) | v3_struct_0(sK1) | ~v3_group_1(sK1) | ~v4_group_1(sK1) | ~l1_group_1(sK1) | ~m1_group_2(sK4,sK1) [resolution 223,166]
459. m1_group_2(sK3,sK4) | ~v3_group_1(sK1) | ~v4_group_1(sK1) | ~l1_group_1(sK1) | ~m1_group_2(sK4,sK1) [forward subsumption resolution 456,158]
460. m1_group_2(sK3,sK4) | ~v4_group_1(sK1) | ~l1_group_1(sK1) | ~m1_group_2(sK4,sK1) [forward subsumption resolution 459,157]
461. m1_group_2(sK3,sK4) | ~l1_group_1(sK1) | ~m1_group_2(sK4,sK1) [forward subsumption resolution 460,156]
462. m1_group_2(sK3,sK4) | ~m1_group_2(sK4,sK1) [forward subsumption resolution 461,155]
463. m1_group_2(sK3,sK4) [forward subsumption resolution 462,163]
471. ~m1_group_2(sK5,sK6) | v3_struct_0(sK0) | ~v3_group_1(sK0) | ~v4_group_1(sK0) | ~l1_group_1(sK0) | ~m1_group_2(sK6,sK0) [resolution 224,169]
476. ~m1_group_2(sK5,sK6) | ~v3_group_1(sK0) | ~v4_group_1(sK0) | ~l1_group_1(sK0) | ~m1_group_2(sK6,sK0) [forward subsumption resolution 471,154]
477. ~m1_group_2(sK5,sK6) | ~v4_group_1(sK0) | ~l1_group_1(sK0) | ~m1_group_2(sK6,sK0) [forward subsumption resolution 476,153]
478. ~m1_group_2(sK5,sK6) | ~l1_group_1(sK0) | ~m1_group_2(sK6,sK0) [forward subsumption resolution 477,152]
479. ~m1_group_2(sK5,sK6) | ~m1_group_2(sK6,sK0) [forward subsumption resolution 478,151]
480. ~m1_group_2(sK5,sK6) [forward subsumption resolution 479,165]
540. v1_relat_1(sK2) [resolution 304,159]
630. u1_struct_0(sK6) = k10_relat_1(sK2,u1_struct_0(sK4)) [superposition 167,400]
631. u1_struct_0(sK5) = k10_relat_1(sK2,u1_struct_0(sK3)) [superposition 168,400]
635. r1_tarski(k10_relat_1(sK2,X0),u1_struct_0(sK6)) | ~r1_tarski(X0,u1_struct_0(sK4)) | ~v1_relat_1(sK2) [superposition 228,630]
638. r1_tarski(k10_relat_1(sK2,X0),u1_struct_0(sK6)) | ~r1_tarski(X0,u1_struct_0(sK4)) [forward subsumption resolution 635,540]
5070. r1_tarski(u1_struct_0(sK5),u1_struct_0(sK6)) | ~r1_tarski(u1_struct_0(sK3),u1_struct_0(sK4)) [superposition 638,631]
5072. 185 <=> r1_tarski(u1_struct_0(sK3),u1_struct_0(sK4)) [avatar definition]
5074. ~r1_tarski(u1_struct_0(sK3),u1_struct_0(sK4)) <- (~185) [avatar component clause 5072]
5076. 186 <=> r1_tarski(u1_struct_0(sK5),u1_struct_0(sK6)) [avatar definition]
5078. r1_tarski(u1_struct_0(sK5),u1_struct_0(sK6)) <- (186) [avatar component clause 5076]
5079. ~185 | 186 [avatar split clause 5070,5076,5072]
5080. ~m1_group_2(sK3,sK4) | v3_struct_0(sK4) | ~v3_group_1(sK4) | ~l1_group_1(sK4) <- (~185) [resolution 5074,244]
5081. v3_struct_0(sK4) | ~v3_group_1(sK4) | ~l1_group_1(sK4) <- (~185) [forward subsumption resolution 5080,463]
5082. ~v3_group_1(sK4) | ~l1_group_1(sK4) <- (~185) [forward subsumption resolution 5081,378]
5083. ~l1_group_1(sK4) <- (~185) [forward subsumption resolution 5082,359]
5084. $false <- (~185) [forward subsumption resolution 5083,340]
5085. 185 [avatar contradiction clause 5084]
5099. m1_group_2(sK5,sK6) | ~m1_group_2(sK6,X0) | ~m1_group_2(sK5,X0) | v3_struct_0(X0) | ~v3_group_1(X0) | ~v4_group_1(X0) | ~l1_group_1(X0) <- (186) [resolution 5078,235]
5102. ~m1_group_2(sK6,X0) | ~m1_group_2(sK5,X0) | v3_struct_0(X0) | ~v3_group_1(X0) | ~v4_group_1(X0) | ~l1_group_1(X0) <- (186) [forward subsumption resolution 5099,480]
696258. ~m1_group_2(sK5,sK0) | v3_struct_0(sK0) | ~v3_group_1(sK0) | ~v4_group_1(sK0) | ~l1_group_1(sK0) <- (186) [resolution 5102,165]
696260. v3_struct_0(sK0) | ~v3_group_1(sK0) | ~v4_group_1(sK0) | ~l1_group_1(sK0) <- (186) [forward subsumption resolution 696258,164]
696261. ~v3_group_1(sK0) | ~v4_group_1(sK0) | ~l1_group_1(sK0) <- (186) [forward subsumption resolution 696260,154]
696262. ~v4_group_1(sK0) | ~l1_group_1(sK0) <- (186) [forward subsumption resolution 696261,153]
696263. ~l1_group_1(sK0) <- (186) [forward subsumption resolution 696262,152]
696264. $false <- (186) [forward subsumption resolution 696263,151]
696265. ~186 [avatar contradiction clause 696264]
s159. ~185 | 186 [sat_conversion 5079]
s160. 185 [sat_conversion 5085]
s3723. ~186 [sat_conversion 696265]
s4203. # [rat s159,s3723,s160]
696266. $false [avatar sat refutation s4203]
% SZS output end Proof for GRP638+1
% ------------------------------
% Version: Vampire 5.0.0 (Release build, commit 2e2c9b7b8 on 2026-01-17 12:24:14 +0100)
% Linked with Z3 4.14.0.0 3c47fd96cf5645d0c42b2c819d9e9a84380aa721 z3-4.8.4-9178-g3c47fd96c
% CaDiCaL version: 2.1.3
% Termination reason: Refutation
% Time elapsed: 17.754 s
% Peak memory usage: 283 MB
% Instructions burned: 54398 (million)
% ------------------------------
% ------------------------------
