% Running in auto input_syntax mode. Trying TPTP
% Refutation found. Thanks to Tanya!
% SZS status Unsatisfiable for GRP474-1
% SZS output start Proof for GRP474-1
1. divide(divide(inverse(divide(X0,X1)),divide(divide(X2,X3),X0)),divide(X3,X2)) = X1 [input(axiom)]
2. multiply(X0,X1) = divide(X0,inverse(X1)) [input(axiom)]
3. multiply(multiply(a3,b3),c3) != multiply(a3,multiply(b3,c3)) [input(negated conjecture)]
4. divide(divide(a3,inverse(b3)),inverse(c3)) != divide(a3,inverse(divide(b3,inverse(c3)))) [definition unfolding 3,2,2,2,2]
5. divide(X3,X2) = divide(divide(inverse(X0),divide(divide(X4,X5),divide(inverse(divide(X1,X0)),divide(divide(X2,X3),X1)))),divide(X5,X4)) [superposition 1,1]
6. divide(divide(inverse(divide(X1,X2)),divide(X0,X1)),divide(divide(X5,X4),divide(inverse(divide(X3,X0)),divide(divide(X4,X5),X3)))) = X2 [superposition 1,1]
7. divide(divide(inverse(divide(divide(X1,X2),X3)),X0),divide(divide(divide(X2,X1),X4),inverse(divide(X4,X0)))) = X3 [superposition 1,1]
8. divide(divide(inverse(divide(X1,X2)),divide(divide(divide(X3,X4),divide(inverse(divide(X5,X0)),divide(divide(X4,X3),X5))),X1)),X0) = X2 [superposition 1,1]
9. divide(divide(inverse(divide(X0,X4)),X5),divide(divide(divide(divide(X3,X2),divide(inverse(divide(X1,X0)),divide(divide(X2,X3),X1))),X6),inverse(divide(X6,X5)))) = X4 [superposition 7,1]
11. divide(X3,X2) = divide(divide(inverse(X0),X4),divide(divide(divide(divide(divide(X2,X3),X1),inverse(divide(X1,X0))),X5),inverse(divide(X5,X4)))) [superposition 7,1]
15. divide(divide(inverse(divide(divide(divide(divide(X1,X2),X3),inverse(divide(X3,X0))),X4)),X5),divide(X0,inverse(divide(divide(X2,X1),X5)))) = X4 [superposition 7,1]
19. divide(divide(inverse(divide(X1,X2)),divide(divide(divide(divide(divide(X3,X4),X5),inverse(divide(X5,X6))),divide(inverse(divide(divide(X4,X3),X0)),X6)),X1)),X0) = X2 [superposition 1,7]
20. divide(divide(inverse(divide(X1,X2)),divide(X0,X1)),divide(divide(divide(divide(X4,X3),X6),inverse(divide(X6,X5))),divide(inverse(divide(divide(X3,X4),X0)),X5))) = X2 [superposition 1,7]
21. divide(divide(divide(X2,X1),X4),inverse(divide(X4,X3))) = divide(divide(inverse(X0),divide(divide(X5,X6),divide(inverse(divide(divide(X1,X2),X0)),X3))),divide(X6,X5)) [superposition 1,7]
31. divide(divide(X2,X3),divide(inverse(X4),divide(divide(X3,X2),divide(inverse(divide(X5,X4)),divide(divide(X1,X0),X5))))) = divide(divide(inverse(X6),divide(divide(X7,X8),divide(inverse(divide(X9,X6)),divide(divide(X0,X1),X9)))),divide(X8,X7)) [superposition 5,5]
34. divide(divide(divide(X2,X3),divide(inverse(divide(X4,X5)),divide(divide(X1,X0),X4))),inverse(X5)) = divide(divide(inverse(X6),divide(divide(X7,X8),divide(inverse(divide(divide(X3,X2),X6)),divide(X0,X1)))),divide(X8,X7)) [superposition 5,5]
49. divide(X1,X0) = divide(divide(X2,X3),divide(inverse(X4),divide(divide(X3,X2),divide(inverse(divide(X5,X4)),divide(divide(X1,X0),X5))))) [forward demodulation 31,5]
166. divide(divide(X4,X5),divide(inverse(X6),divide(divide(X5,X4),divide(inverse(divide(X7,X6)),divide(X0,X7))))) = X0 [superposition 49,1]
229. divide(divide(divide(divide(X1,X2),X3),inverse(divide(X3,X4))),divide(inverse(divide(divide(X2,X1),X0)),X4)) = divide(divide(inverse(X5),X6),divide(divide(divide(divide(X0,X7),inverse(divide(X7,X5))),X8),inverse(divide(X8,X6)))) [superposition 11,7]
232. divide(X1,divide(inverse(divide(X2,X0)),divide(divide(divide(X3,X4),divide(inverse(divide(X5,X1)),divide(divide(X4,X3),X5))),X2))) = divide(divide(inverse(X6),X7),divide(divide(divide(divide(X0,X8),inverse(divide(X8,X6))),X9),inverse(divide(X9,X7)))) [superposition 11,8]
256. divide(divide(divide(divide(divide(X1,X0),X4),inverse(divide(X4,X2))),X5),inverse(divide(X5,X3))) = divide(divide(inverse(divide(X0,X1)),divide(divide(X6,X7),divide(inverse(X2),X3))),divide(X7,X6)) [superposition 1,11]
334. divide(divide(divide(divide(divide(X1,X2),inverse(divide(X2,X3))),X4),inverse(divide(X4,X0))),divide(inverse(X3),X0)) = X1 [superposition 166,1]
337. divide(inverse(X3),divide(divide(X2,X1),divide(inverse(divide(X4,X3)),divide(X0,X4)))) = divide(divide(inverse(X0),divide(divide(X5,X6),divide(X1,X2))),divide(X6,X5)) [superposition 1,166]
371. divide(divide(inverse(divide(divide(inverse(X1),divide(divide(divide(inverse(divide(X2,X3)),divide(divide(X4,X5),X2)),divide(X5,X4)),divide(inverse(divide(X6,X1)),divide(X0,X6)))),X7)),X0),X3) = X7 [superposition 8,166]
379. divide(divide(inverse(divide(divide(inverse(X1),divide(X3,divide(inverse(divide(X6,X1)),divide(X0,X6)))),X7)),X0),X3) = X7 [forward demodulation 371,1]
494. divide(divide(X0,X1),inverse(divide(X1,X2))) = divide(divide(X0,inverse(divide(divide(inverse(X2),X4),X5))),divide(inverse(X4),X5)) [superposition 334,334]
714. divide(X4,X3) = divide(divide(inverse(divide(X0,X1)),divide(X1,X0)),divide(X3,X4)) [superposition 379,5]
952. divide(divide(X1,X2),divide(inverse(divide(X3,X0)),divide(divide(X2,X1),X3))) = divide(divide(inverse(divide(X4,X5)),divide(X5,X4)),X0) [superposition 714,1]
954. divide(divide(X1,X0),divide(inverse(divide(X2,X3)),divide(X3,X2))) = divide(divide(inverse(divide(X4,X5)),divide(X5,X4)),divide(X0,X1)) [superposition 714,714]
968. divide(inverse(divide(X1,divide(X0,divide(X2,X3)))),divide(divide(X3,X2),X1)) = X0 [superposition 714,7]
972. divide(X4,X3) = divide(divide(X0,X1),divide(inverse(divide(X2,divide(X3,X4))),divide(divide(X1,X0),X2))) [superposition 714,8]
981. divide(X0,X1) = divide(divide(divide(X4,X5),inverse(divide(X5,X4))),divide(inverse(X3),divide(divide(divide(X0,X1),X2),inverse(divide(X2,X3))))) [superposition 49,714]
990. divide(divide(inverse(divide(divide(inverse(X2),divide(divide(X0,X1),inverse(divide(X1,X2)))),X5)),X0),divide(inverse(divide(X3,X4)),divide(X4,X3))) = X5 [superposition 379,714]
998. divide(divide(inverse(divide(divide(X1,X0),X2)),divide(X0,X1)),divide(divide(X5,X6),divide(inverse(divide(X7,divide(inverse(divide(X3,X4)),divide(X4,X3)))),divide(divide(X6,X5),X7)))) = X2 [superposition 6,714]
1058. divide(X1,X0) = divide(divide(X1,X0),divide(inverse(divide(X2,X3)),divide(X3,X2))) [forward demodulation 954,714]
1113. divide(divide(inverse(divide(divide(X1,X0),X2)),divide(X0,X1)),divide(divide(X4,X3),inverse(divide(X3,X4)))) = X2 [forward demodulation 998,972]
1364. divide(inverse(divide(divide(X2,X3),X0)),X4) = divide(inverse(divide(X1,X0)),divide(divide(inverse(divide(X5,X4)),divide(divide(X3,X2),X5)),X1)) [superposition 968,7]
1375. inverse(divide(X2,divide(X0,divide(X3,X4)))) = divide(inverse(divide(X1,X0)),divide(divide(X2,divide(X4,X3)),X1)) [superposition 968,968]
1378. divide(inverse(divide(divide(X0,X1),X2)),divide(divide(X1,X0),divide(inverse(divide(X3,X4)),divide(X4,X3)))) = X2 [superposition 968,714]
1431. divide(divide(X3,X2),X1) = divide(divide(inverse(X0),divide(divide(X4,X5),inverse(divide(X1,divide(X0,divide(X2,X3)))))),divide(X5,X4)) [superposition 1,968]
1486. divide(divide(inverse(divide(X4,X5)),divide(X5,X4)),X0) = divide(divide(divide(X1,X2),X3),inverse(divide(X3,divide(X0,divide(X2,X1))))) [superposition 714,968]
1489. divide(X0,divide(X5,X6)) = divide(X0,divide(X4,inverse(divide(divide(X2,X1),divide(divide(X6,X5),divide(divide(divide(X1,X2),X3),inverse(divide(X3,X4)))))))) [superposition 15,968]
1545. divide(divide(inverse(X6),X7),divide(divide(divide(divide(X0,X8),inverse(divide(X8,X6))),X9),inverse(divide(X9,X7)))) = divide(X1,inverse(divide(divide(X3,X4),divide(X0,divide(divide(divide(X4,X3),X5),inverse(divide(X5,X1))))))) [backward demodulation 232,1375]
1582. divide(inverse(divide(divide(divide(divide(X3,X4),X5),inverse(divide(X5,X6))),divide(X2,divide(X6,inverse(divide(divide(X4,X3),X0)))))),X0) = X2 [backward demodulation 19,1375]
1633. divide(inverse(divide(divide(X0,X1),X2)),divide(X1,X0)) = X2 [forward demodulation 1378,1058]
1640. divide(X2,divide(divide(X4,X3),inverse(divide(X3,X4)))) = X2 [backward demodulation 1113,1633]
1795. divide(divide(divide(divide(X0,inverse(divide(X5,X6))),X7),inverse(divide(X7,X8))),divide(inverse(X6),X8)) = inverse(divide(divide(divide(divide(X1,X2),X3),inverse(divide(X3,X4))),divide(X0,divide(X4,inverse(divide(divide(X2,X1),X5)))))) [superposition 334,1582]
1877. divide(inverse(divide(X1,X0)),divide(divide(X2,X3),divide(inverse(divide(X4,X1)),divide(divide(X3,X2),X4)))) = X0 [superposition 1640,9]
1881. divide(X0,X1) = divide(inverse(X2),divide(divide(inverse(divide(X3,X4)),divide(X4,X3)),divide(inverse(divide(X5,X2)),divide(divide(X1,X0),X5)))) [superposition 1640,5]
1883. divide(inverse(divide(divide(inverse(X1),divide(divide(divide(X2,X3),inverse(divide(X3,X2))),divide(inverse(divide(X4,X1)),divide(X5,X4)))),X0)),X5) = X0 [superposition 1640,379]
1885. inverse(divide(divide(divide(divide(X1,X2),X3),inverse(divide(X3,X4))),divide(X0,divide(X4,inverse(divide(divide(X2,X1),divide(divide(X5,X6),inverse(divide(X6,X5))))))))) = X0 [superposition 1640,1582]
2005. divide(X0,X1) = divide(inverse(X2),divide(divide(divide(X1,X0),X5),inverse(divide(X5,X2)))) [forward demodulation 1881,714]
2007. divide(X0,X1) = divide(divide(divide(X4,X5),inverse(divide(X5,X4))),divide(X1,X0)) [backward demodulation 981,2005]
2012. divide(inverse(divide(divide(inverse(X1),divide(divide(X5,X4),inverse(divide(X4,X1)))),X0)),X5) = X0 [forward demodulation 1883,2007]
2013. divide(X5,divide(inverse(divide(X3,X4)),divide(X4,X3))) = X5 [backward demodulation 990,2012]
2020. inverse(divide(divide(divide(divide(X1,X2),X3),inverse(divide(X3,X4))),divide(X0,divide(X4,inverse(divide(X2,X1)))))) = X0 [forward demodulation 1885,1640]
2041. divide(divide(X3,X4),divide(inverse(divide(X5,X2)),divide(divide(X4,X3),X5))) = divide(divide(inverse(X0),divide(X6,divide(inverse(divide(X1,X0)),divide(X2,X1)))),divide(divide(divide(divide(X7,X8),X9),inverse(divide(X9,X10))),divide(inverse(divide(divide(X8,X7),X6)),X10))) [superposition 20,6]
2042. divide(divide(divide(divide(X3,X4),X5),inverse(divide(X5,X6))),divide(inverse(divide(divide(X4,X3),X2)),X6)) = divide(divide(inverse(X0),divide(X7,divide(inverse(divide(X1,X0)),divide(X2,X1)))),divide(divide(divide(divide(X8,X9),X10),inverse(divide(X10,X11))),divide(inverse(divide(divide(X9,X8),X7)),X11))) [superposition 20,20]
2324. divide(X1,divide(inverse(divide(divide(inverse(divide(X2,X3)),divide(X3,X2)),X0)),X0)) = X1 [superposition 2013,2013]
2337. inverse(divide(X1,X0)) = divide(divide(X3,X4),divide(inverse(X2),divide(divide(X4,X3),inverse(divide(divide(X0,X1),X2))))) [superposition 166,2013]
2352. divide(inverse(divide(divide(divide(X0,X1),X2),inverse(divide(X2,X3)))),X4) = inverse(divide(inverse(divide(divide(X1,X0),X4)),X3)) [superposition 1582,2013]
2404. divide(divide(X1,X2),divide(inverse(X3),divide(divide(X2,X1),divide(inverse(divide(divide(inverse(divide(X4,X5)),divide(X5,X4)),X3)),X0)))) = X0 [superposition 166,2013]
2411. divide(X1,X2) = divide(divide(inverse(divide(divide(inverse(divide(X3,X4)),divide(X4,X3)),X0)),X0),divide(X2,X1)) [superposition 714,2013]
2423. divide(divide(inverse(divide(divide(inverse(divide(X2,X3)),divide(X3,X2)),X4)),divide(X0,X1)),divide(X1,X0)) = X4 [superposition 1,2013]
2588. divide(X0,inverse(divide(X2,X5))) = divide(divide(inverse(X6),divide(divide(X7,X8),divide(inverse(divide(divide(X4,inverse(divide(divide(inverse(X1),divide(X2,divide(inverse(divide(X3,X1)),divide(X4,X3)))),X0))),X6)),X5))),divide(X8,X7)) [superposition 21,379]
2592. divide(divide(inverse(X8),divide(divide(X9,X10),divide(inverse(divide(divide(X6,divide(X4,X3)),X8)),X7))),divide(X10,X9)) = divide(divide(divide(inverse(X0),divide(divide(X1,X2),divide(inverse(divide(divide(X3,X4),X0)),X5))),divide(X2,X1)),inverse(divide(inverse(divide(X6,X5)),X7))) [superposition 21,21]
2598. divide(divide(divide(X2,X3),divide(inverse(divide(X4,X5)),divide(X5,X4))),inverse(divide(X0,X1))) = divide(divide(inverse(X6),divide(divide(X7,X8),divide(inverse(divide(divide(X3,X2),X6)),divide(X1,X0)))),divide(X8,X7)) [superposition 21,714]
2668. divide(divide(divide(divide(divide(X2,X3),divide(inverse(divide(X4,X5)),divide(divide(X1,X0),X4))),inverse(X5)),X6),inverse(divide(X6,X7))) = divide(divide(inverse(divide(X3,X2)),divide(divide(X8,X9),divide(inverse(divide(X0,X1)),X7))),divide(X9,X8)) [superposition 21,5]
2670. divide(divide(divide(X2,inverse(X3)),X4),inverse(divide(X4,X5))) = divide(divide(inverse(divide(divide(divide(divide(divide(X1,X0),X6),inverse(divide(X6,X3))),X7),inverse(divide(X7,X2)))),divide(divide(X8,X9),divide(inverse(divide(X0,X1)),X5))),divide(X9,X8)) [superposition 21,11]
2691. divide(divide(divide(X2,X3),X4),inverse(divide(X4,divide(X5,divide(X3,X2))))) = divide(divide(inverse(X5),divide(X0,X1)),divide(X1,X0)) [superposition 21,2013]
2715. divide(divide(divide(X4,X3),X6),inverse(divide(X6,X5))) = divide(inverse(X0),divide(divide(inverse(divide(X1,X2)),divide(X2,X1)),divide(inverse(divide(divide(X3,X4),X0)),X5))) [superposition 21,1640]
2786. divide(inverse(divide(X6,X5)),divide(divide(X4,X3),X6)) = divide(divide(inverse(divide(X7,X8)),divide(X8,X7)),divide(divide(inverse(X0),divide(divide(X1,X2),divide(inverse(divide(divide(X3,X4),X0)),X5))),divide(X2,X1))) [superposition 714,21]
2920. divide(divide(X2,X3),inverse(divide(X0,X1))) = divide(divide(inverse(X6),divide(divide(X7,X8),divide(inverse(divide(divide(X3,X2),X6)),divide(X1,X0)))),divide(X8,X7)) [forward demodulation 2598,1058]
2921. divide(divide(divide(X2,X3),divide(inverse(divide(X4,X5)),divide(divide(X1,X0),X4))),inverse(X5)) = divide(divide(X2,X3),inverse(divide(X1,X0))) [backward demodulation 34,2920]
3328. divide(divide(inverse(divide(X3,X2)),divide(divide(X8,X9),divide(inverse(divide(X0,X1)),X7))),divide(X9,X8)) = divide(divide(divide(divide(X2,X3),inverse(divide(X1,X0))),X6),inverse(divide(X6,X7))) [forward demodulation 2668,2921]
3330. divide(divide(divide(X2,inverse(X3)),X4),inverse(divide(X4,X5))) = divide(inverse(divide(inverse(divide(divide(inverse(divide(X6,X3)),divide(divide(X1,X0),X6)),divide(divide(X8,X9),divide(inverse(divide(X0,X1)),X5)))),X2)),divide(X9,X8)) [forward demodulation 2670,2352]
3353. divide(divide(divide(X4,X3),X6),inverse(divide(X6,X5))) = divide(inverse(X0),divide(X5,inverse(divide(divide(X3,X4),X0)))) [forward demodulation 2715,714]
3464. divide(divide(divide(divide(divide(X1,X0),X4),inverse(divide(X4,X2))),X5),inverse(divide(X5,X3))) = divide(inverse(divide(X0,X1)),divide(X3,inverse(X2))) [superposition 1633,11]
3467. divide(inverse(X3),divide(divide(X2,X1),divide(inverse(divide(X4,X3)),divide(X0,X4)))) = divide(inverse(X0),divide(X2,X1)) [superposition 1633,166]
3494. inverse(divide(divide(inverse(divide(X0,X1)),divide(X1,X0)),X2)) = X2 [superposition 1633,1640]
3587. divide(divide(inverse(divide(X0,X1)),divide(divide(X6,X7),divide(inverse(X2),X3))),divide(X7,X6)) = divide(inverse(divide(X0,X1)),divide(X3,inverse(X2))) [backward demodulation 256,3464]
3637. divide(divide(divide(divide(X2,X3),inverse(divide(X1,X0))),X6),inverse(divide(X6,X7))) = divide(inverse(divide(X3,X2)),divide(X7,inverse(divide(X0,X1)))) [backward demodulation 3328,3587]
3652. divide(divide(divide(divide(X1,X2),X3),inverse(divide(X3,X4))),divide(inverse(divide(divide(X2,X1),X0)),X4)) = divide(divide(inverse(X5),X6),divide(inverse(divide(X7,X0)),divide(X6,inverse(divide(X5,X7))))) [backward demodulation 229,3637]
3698. divide(X1,inverse(divide(divide(X3,X4),divide(X0,divide(divide(divide(X4,X3),X5),inverse(divide(X5,X1))))))) = divide(divide(inverse(X6),X7),divide(inverse(divide(X8,X0)),divide(X7,inverse(divide(X6,X8))))) [backward demodulation 1545,3637]
3934. divide(divide(inverse(X0),divide(divide(X5,X6),divide(X1,X2))),divide(X6,X5)) = divide(inverse(X0),divide(X2,X1)) [backward demodulation 337,3467]
4058. divide(divide(inverse(X8),divide(divide(X9,X10),divide(inverse(divide(divide(X6,divide(X4,X3)),X8)),X7))),divide(X10,X9)) = divide(divide(inverse(X0),divide(X5,inverse(divide(divide(X3,X4),X0)))),inverse(divide(inverse(divide(X6,X5)),X7))) [backward demodulation 2592,3934]
4095. divide(inverse(divide(X6,X5)),divide(divide(X4,X3),X6)) = divide(divide(inverse(divide(X7,X8)),divide(X8,X7)),divide(inverse(X0),divide(X5,inverse(divide(divide(X3,X4),X0))))) [backward demodulation 2786,3934]
4165. divide(X1,divide(X0,X0)) = X1 [backward demodulation 2324,3494]
4169. divide(divide(X1,X2),divide(inverse(X3),divide(divide(X2,X1),divide(X3,X0)))) = X0 [backward demodulation 2404,3494]
4172. divide(X1,X2) = divide(divide(X0,X0),divide(X2,X1)) [backward demodulation 2411,3494]
4174. divide(divide(X4,divide(X0,X1)),divide(X1,X0)) = X4 [backward demodulation 2423,3494]
4185. inverse(X5) = divide(divide(divide(X2,X3),X4),inverse(divide(X4,divide(X5,divide(X3,X2))))) [backward demodulation 2691,4174]
4255. inverse(X0) = divide(divide(inverse(divide(X4,X5)),divide(X5,X4)),X0) [backward demodulation 1486,4185]
4271. inverse(X0) = divide(divide(X1,X2),divide(inverse(divide(X3,X0)),divide(divide(X2,X1),X3))) [backward demodulation 952,4255]
4505. divide(inverse(divide(X1,X0)),inverse(X1)) = X0 [backward demodulation 1877,4271]
4515. inverse(X2) = divide(divide(inverse(X0),divide(X6,divide(inverse(divide(X1,X0)),divide(X2,X1)))),divide(divide(divide(divide(X7,X8),X9),inverse(divide(X9,X10))),divide(inverse(divide(divide(X8,X7),X6)),X10))) [backward demodulation 2041,4271]
4708. divide(divide(divide(divide(X3,X4),X5),inverse(divide(X5,X6))),divide(inverse(divide(divide(X4,X3),X2)),X6)) = inverse(X2) [backward demodulation 2042,4515]
4782. inverse(X0) = divide(divide(inverse(X5),X6),divide(inverse(divide(X7,X0)),divide(X6,inverse(divide(X5,X7))))) [backward demodulation 3652,4708]
4836. inverse(X0) = divide(X1,inverse(divide(divide(X3,X4),divide(X0,divide(divide(divide(X4,X3),X5),inverse(divide(X5,X1))))))) [backward demodulation 3698,4782]
4950. divide(X0,divide(X5,X6)) = divide(X0,inverse(divide(X6,X5))) [backward demodulation 1489,4836]
4977. divide(divide(divide(divide(X0,inverse(divide(X5,X6))),X7),inverse(divide(X7,X8))),divide(inverse(X6),X8)) = inverse(divide(divide(divide(divide(X1,X2),X3),inverse(divide(X3,X4))),divide(X0,divide(X4,divide(X5,divide(X2,X1)))))) [backward demodulation 1795,4950]
5050. divide(divide(divide(X4,X3),X6),inverse(divide(X6,X5))) = divide(inverse(X0),divide(X5,divide(X0,divide(X3,X4)))) [backward demodulation 3353,4950]
5075. divide(divide(inverse(X8),divide(divide(X9,X10),divide(inverse(divide(divide(X6,divide(X4,X3)),X8)),X7))),divide(X10,X9)) = divide(divide(inverse(X0),divide(X5,divide(X0,divide(X3,X4)))),inverse(divide(inverse(divide(X6,X5)),X7))) [backward demodulation 4058,4950]
5106. divide(inverse(divide(X6,X5)),divide(divide(X4,X3),X6)) = divide(divide(inverse(divide(X7,X8)),divide(X8,X7)),divide(inverse(X0),divide(X5,divide(X0,divide(X3,X4))))) [backward demodulation 4095,4950]
5210. divide(X0,inverse(divide(X2,X5))) = divide(divide(inverse(X6),divide(divide(X7,X8),divide(inverse(divide(divide(X4,divide(X0,divide(inverse(X1),divide(X2,divide(inverse(divide(X3,X1)),divide(X4,X3)))))),X6)),X5))),divide(X8,X7)) [backward demodulation 2588,4950]
5217. divide(divide(X0,X1),inverse(divide(X1,X2))) = divide(divide(X0,divide(X5,divide(inverse(X2),X4))),divide(inverse(X4),X5)) [backward demodulation 494,4950]
5252. inverse(divide(divide(divide(divide(X1,X2),X3),inverse(divide(X3,X4))),divide(X0,divide(X4,divide(X1,X2))))) = X0 [backward demodulation 2020,4950]
5570. divide(divide(X3,X2),X1) = divide(divide(inverse(X0),divide(divide(X4,X5),divide(divide(X0,divide(X2,X3)),X1))),divide(X5,X4)) [backward demodulation 1431,4950]
5583. inverse(divide(X1,X0)) = divide(divide(X3,X4),divide(inverse(X2),divide(divide(X4,X3),divide(X2,divide(X0,X1))))) [backward demodulation 2337,4950]
5793. divide(divide(a3,inverse(b3)),inverse(c3)) != divide(a3,divide(inverse(c3),b3)) [backward demodulation 4,4950]
5828. divide(divide(divide(divide(X0,inverse(divide(X5,X6))),X7),inverse(divide(X7,X8))),divide(inverse(X6),X8)) = inverse(divide(divide(divide(divide(X1,X2),X3),divide(X4,X3)),divide(X0,divide(X4,divide(X5,divide(X2,X1)))))) [forward demodulation 4977,4950]
5829. inverse(divide(divide(divide(divide(X1,X2),X3),divide(X4,X3)),divide(X0,divide(X4,divide(X5,divide(X2,X1)))))) = divide(divide(divide(divide(X0,inverse(divide(X5,X6))),X7),divide(X8,X7)),divide(inverse(X6),X8)) [forward demodulation 5828,4950]
5830. inverse(divide(divide(divide(divide(X1,X2),X3),divide(X4,X3)),divide(X0,divide(X4,divide(X5,divide(X2,X1)))))) = divide(divide(divide(divide(X0,divide(X6,X5)),X7),divide(X8,X7)),divide(inverse(X6),X8)) [forward demodulation 5829,4950]
6100. divide(divide(inverse(X6),divide(divide(X7,X8),divide(inverse(divide(divide(X4,divide(X0,divide(inverse(X1),divide(X2,divide(inverse(divide(X3,X1)),divide(X4,X3)))))),X6)),X5))),divide(X8,X7)) = divide(X0,divide(X5,X2)) [forward demodulation 5210,4950]
6146. inverse(divide(divide(divide(divide(X1,X2),X3),divide(X4,X3)),divide(X0,divide(X4,divide(X1,X2))))) = X0 [forward demodulation 5252,4950]
6761. divide(X0,X1) = inverse(divide(X1,X0)) [forward demodulation 5583,4169]
6763. divide(divide(inverse(X0),divide(divide(X5,X6),divide(inverse(divide(divide(X1,X2),X0)),X3))),divide(X6,X5)) = divide(divide(divide(X2,X1),X4),divide(X3,X4)) [backward demodulation 21,6761]
6787. divide(inverse(divide(divide(X2,X3),X0)),X4) = divide(divide(X0,X1),divide(divide(inverse(divide(X5,X4)),divide(divide(X3,X2),X5)),X1)) [backward demodulation 1364,6761]
6812. divide(divide(divide(X2,inverse(X3)),X4),inverse(divide(X4,X5))) = divide(inverse(divide(inverse(divide(divide(inverse(divide(X6,X3)),divide(divide(X1,X0),X6)),divide(divide(X8,X9),divide(divide(X1,X0),X5)))),X2)),divide(X9,X8)) [backward demodulation 3330,6761]
6815. divide(inverse(X0),divide(X2,X1)) = divide(inverse(X3),divide(divide(X2,X1),divide(divide(X3,X4),divide(X0,X4)))) [backward demodulation 3467,6761]
6849. inverse(X0) = divide(divide(divide(X5,X4),divide(X5,X4)),X0) [backward demodulation 4255,6761]
6850. inverse(X0) = divide(divide(X1,X2),divide(divide(X0,X3),divide(divide(X2,X1),X3))) [backward demodulation 4271,6761]
6874. divide(divide(X0,X1),inverse(X1)) = X0 [backward demodulation 4505,6761]
6904. divide(inverse(X0),divide(X5,divide(X0,divide(X3,X4)))) = divide(divide(divide(X4,X3),X6),divide(X5,X6)) [backward demodulation 5050,6761]
6908. divide(divide(inverse(X8),divide(divide(X9,X10),divide(inverse(divide(divide(X6,divide(X4,X3)),X8)),X7))),divide(X10,X9)) = divide(divide(inverse(X0),divide(X5,divide(X0,divide(X3,X4)))),inverse(divide(divide(X5,X6),X7))) [backward demodulation 5075,6761]
6921. divide(divide(inverse(divide(X7,X8)),divide(X8,X7)),divide(inverse(X0),divide(X5,divide(X0,divide(X3,X4))))) = divide(divide(X5,X6),divide(divide(X4,X3),X6)) [backward demodulation 5106,6761]
6947. divide(divide(X0,divide(X5,divide(inverse(X2),X4))),divide(inverse(X4),X5)) = divide(divide(X0,X1),divide(X2,X1)) [backward demodulation 5217,6761]
7103. divide(X0,divide(X5,X2)) = divide(divide(inverse(X6),divide(divide(X7,X8),divide(inverse(divide(divide(X4,divide(X0,divide(inverse(X1),divide(X2,divide(divide(X1,X3),divide(X4,X3)))))),X6)),X5))),divide(X8,X7)) [backward demodulation 6100,6761]
7523. divide(divide(divide(X2,X1),X4),divide(X3,X4)) = divide(divide(inverse(X0),divide(divide(X5,X6),divide(divide(X0,divide(X1,X2)),X3))),divide(X6,X5)) [forward demodulation 6763,6761]
7524. divide(divide(X2,X1),X3) = divide(divide(divide(X2,X1),X4),divide(X3,X4)) [forward demodulation 7523,5570]
7525. divide(divide(divide(divide(X0,divide(X6,X5)),X7),divide(X8,X7)),divide(inverse(X6),X8)) = inverse(divide(divide(divide(X1,X2),X4),divide(X0,divide(X4,divide(X5,divide(X2,X1)))))) [backward demodulation 5830,7524]
7531. inverse(divide(divide(divide(X1,X2),X4),divide(X0,divide(X4,divide(X1,X2))))) = X0 [backward demodulation 6146,7524]
7539. inverse(divide(divide(divide(X1,X2),X4),divide(X0,divide(X4,divide(X5,divide(X2,X1)))))) = divide(divide(divide(X0,divide(X6,X5)),X8),divide(inverse(X6),X8)) [forward demodulation 7525,7524]
7565. divide(inverse(divide(divide(X2,X3),X0)),X4) = divide(divide(X0,X1),divide(divide(divide(X4,X5),divide(divide(X3,X2),X5)),X1)) [forward demodulation 6787,6761]
7566. divide(divide(X0,divide(X2,X3)),X4) = divide(divide(X0,X1),divide(divide(divide(X4,X5),divide(divide(X3,X2),X5)),X1)) [forward demodulation 7565,6761]
7603. divide(divide(divide(X2,inverse(X3)),X4),inverse(divide(X4,X5))) = divide(divide(X2,inverse(divide(divide(inverse(divide(X6,X3)),divide(divide(X1,X0),X6)),divide(divide(X8,X9),divide(divide(X1,X0),X5))))),divide(X9,X8)) [forward demodulation 6812,6761]
7604. divide(divide(divide(X2,inverse(X3)),X4),inverse(divide(X4,X5))) = divide(divide(X2,divide(divide(divide(X8,X9),divide(divide(X1,X0),X5)),divide(inverse(divide(X6,X3)),divide(divide(X1,X0),X6)))),divide(X9,X8)) [forward demodulation 7603,6761]
7605. divide(divide(divide(X2,inverse(X3)),X4),inverse(divide(X4,X5))) = divide(divide(X2,divide(divide(divide(X8,X9),divide(divide(X1,X0),X5)),divide(divide(X3,X6),divide(divide(X1,X0),X6)))),divide(X9,X8)) [forward demodulation 7604,6761]
7606. divide(divide(divide(X2,inverse(X3)),X4),divide(X5,X4)) = divide(divide(X2,divide(divide(divide(X8,X9),divide(divide(X1,X0),X5)),divide(divide(X3,X6),divide(divide(X1,X0),X6)))),divide(X9,X8)) [forward demodulation 7605,6761]
7607. divide(divide(X2,inverse(X3)),X5) = divide(divide(X2,divide(divide(divide(X8,X9),divide(divide(X1,X0),X5)),divide(divide(X3,X6),divide(divide(X1,X0),X6)))),divide(X9,X8)) [forward demodulation 7606,7524]
7731. divide(divide(X4,X3),X5) = divide(inverse(X0),divide(X5,divide(X0,divide(X3,X4)))) [forward demodulation 6904,7524]
7754. divide(divide(inverse(X8),divide(divide(X9,X10),divide(inverse(divide(divide(X6,divide(X4,X3)),X8)),X7))),divide(X10,X9)) = divide(divide(inverse(X0),divide(X5,divide(X0,divide(X3,X4)))),divide(X7,divide(X5,X6))) [forward demodulation 6908,6761]
7755. divide(divide(inverse(X8),divide(divide(X9,X10),divide(inverse(divide(divide(X6,divide(X4,X3)),X8)),X7))),divide(X10,X9)) = divide(divide(divide(X4,X3),X5),divide(X7,divide(X5,X6))) [forward demodulation 7754,7731]
7756. divide(divide(divide(X4,X3),X5),divide(X7,divide(X5,X6))) = divide(divide(inverse(X8),divide(divide(X9,X10),divide(divide(X8,divide(X6,divide(X4,X3))),X7))),divide(X10,X9)) [forward demodulation 7755,6761]
7757. divide(divide(divide(X4,X3),X5),divide(X7,divide(X5,X6))) = divide(divide(divide(X4,X3),X6),X7) [forward demodulation 7756,5570]
7758. divide(divide(divide(X0,divide(X6,X5)),X8),divide(inverse(X6),X8)) = inverse(divide(divide(divide(X1,X2),divide(X5,divide(X2,X1))),X0)) [backward demodulation 7539,7757]
7761. inverse(divide(divide(divide(X1,X2),divide(X1,X2)),X0)) = X0 [backward demodulation 7531,7757]
7769. inverse(inverse(X0)) = X0 [forward demodulation 7761,6849]
7809. divide(divide(X5,X6),divide(divide(X4,X3),X6)) = divide(divide(inverse(divide(X7,X8)),divide(X8,X7)),divide(divide(X4,X3),X5)) [forward demodulation 6921,7731]
7810. divide(divide(X5,X6),divide(divide(X4,X3),X6)) = divide(divide(divide(X8,X7),divide(X8,X7)),divide(divide(X4,X3),X5)) [forward demodulation 7809,6761]
7811. divide(X5,divide(X4,X3)) = divide(divide(X5,X6),divide(divide(X4,X3),X6)) [forward demodulation 7810,4172]
7818. inverse(X0) = divide(divide(X1,X2),divide(X0,divide(X2,X1))) [backward demodulation 6850,7811]
7824. divide(divide(X0,divide(X2,X3)),X4) = divide(divide(X0,X1),divide(divide(X4,divide(X3,X2)),X1)) [backward demodulation 7566,7811]
7828. divide(divide(X2,inverse(X3)),X5) = divide(divide(X2,divide(divide(divide(X8,X9),divide(divide(X1,X0),X5)),divide(X3,divide(X1,X0)))),divide(X9,X8)) [backward demodulation 7607,7811]
7845. inverse(divide(inverse(X5),X0)) = divide(divide(divide(X0,divide(X6,X5)),X8),divide(inverse(X6),X8)) [backward demodulation 7758,7818]
7848. divide(X0,inverse(X5)) = divide(divide(divide(X0,divide(X6,X5)),X8),divide(inverse(X6),X8)) [forward demodulation 7845,6761]
7868. divide(X0,divide(X4,divide(X3,X2))) = divide(divide(X0,divide(X2,X3)),X4) [forward demodulation 7824,7811]
7880. divide(X0,inverse(X5)) = divide(divide(X0,divide(X8,divide(X5,X6))),divide(inverse(X6),X8)) [backward demodulation 7848,7868]
8208. divide(divide(X2,inverse(X3)),X5) = divide(divide(X2,divide(divide(X8,X9),divide(divide(X3,divide(X1,X0)),divide(X5,divide(X1,X0))))),divide(X9,X8)) [forward demodulation 7828,7868]
8209. divide(divide(X2,inverse(X3)),X5) = divide(divide(X2,divide(divide(X8,X9),divide(X3,divide(divide(X5,divide(X1,X0)),divide(X0,X1))))),divide(X9,X8)) [forward demodulation 8208,7868]
8210. divide(divide(X2,inverse(X3)),X5) = divide(divide(X2,divide(divide(X8,X9),divide(X3,X5))),divide(X9,X8)) [forward demodulation 8209,4174]
8343. divide(divide(X0,X1),divide(X2,X1)) = divide(X0,inverse(inverse(X2))) [forward demodulation 6947,7880]
8344. divide(X0,X2) = divide(divide(X0,X1),divide(X2,X1)) [forward demodulation 8343,7769]
8353. divide(inverse(X0),divide(X2,X1)) = divide(inverse(X3),divide(divide(X2,X1),divide(X3,X0))) [backward demodulation 6815,8344]
9376. divide(X0,divide(X5,X2)) = divide(divide(inverse(X6),divide(divide(X7,X8),divide(divide(X6,divide(X4,divide(X0,divide(inverse(X1),divide(X2,divide(divide(X1,X3),divide(X4,X3))))))),X5))),divide(X8,X7)) [forward demodulation 7103,6761]
9377. divide(X0,divide(X5,X2)) = divide(divide(inverse(X6),divide(divide(X7,X8),divide(X6,divide(X5,divide(divide(X0,divide(inverse(X1),divide(X2,divide(divide(X1,X3),divide(X4,X3))))),X4))))),divide(X8,X7)) [forward demodulation 9376,7868]
9378. divide(X0,divide(X5,X2)) = divide(divide(inverse(divide(X5,divide(divide(X0,divide(inverse(X1),divide(X2,divide(divide(X1,X3),divide(X4,X3))))),X4))),divide(X7,X8)),divide(X8,X7)) [forward demodulation 9377,8353]
9379. divide(X0,divide(X5,X2)) = divide(divide(divide(divide(divide(X0,divide(inverse(X1),divide(X2,divide(divide(X1,X3),divide(X4,X3))))),X4),X5),divide(X7,X8)),divide(X8,X7)) [forward demodulation 9378,6761]
9380. divide(X0,divide(X5,X2)) = divide(divide(divide(divide(X0,divide(X4,divide(divide(X2,divide(divide(X1,X3),divide(X4,X3))),inverse(X1)))),X5),divide(X7,X8)),divide(X8,X7)) [forward demodulation 9379,7868]
9381. divide(X0,divide(X5,X2)) = divide(divide(divide(X0,divide(X5,divide(divide(divide(X2,divide(divide(X1,X3),divide(X4,X3))),inverse(X1)),X4))),divide(X7,X8)),divide(X8,X7)) [forward demodulation 9380,7868]
9382. divide(X0,divide(X5,X2)) = divide(divide(X0,divide(divide(X7,X8),divide(divide(divide(divide(X2,divide(divide(X1,X3),divide(X4,X3))),inverse(X1)),X4),X5))),divide(X8,X7)) [forward demodulation 9381,7868]
9383. divide(X0,divide(X5,X2)) = divide(divide(X0,divide(divide(X7,X8),divide(divide(divide(X2,divide(inverse(X1),divide(divide(X4,X3),divide(X1,X3)))),X4),X5))),divide(X8,X7)) [forward demodulation 9382,7868]
9384. divide(X0,divide(X5,X2)) = divide(divide(X0,divide(divide(X7,X8),divide(divide(X2,divide(X4,divide(divide(divide(X4,X3),divide(X1,X3)),inverse(X1)))),X5))),divide(X8,X7)) [forward demodulation 9383,7868]
9385. divide(X0,divide(X5,X2)) = divide(divide(X0,divide(divide(X7,X8),divide(X2,divide(X5,divide(divide(divide(divide(X4,X3),divide(X1,X3)),inverse(X1)),X4))))),divide(X8,X7)) [forward demodulation 9384,7868]
9386. divide(X0,divide(X5,X2)) = divide(divide(X0,divide(divide(X7,X8),divide(X2,divide(X5,divide(divide(divide(X4,X3),divide(inverse(X1),divide(X3,X1))),X4))))),divide(X8,X7)) [forward demodulation 9385,7868]
9387. divide(X0,divide(X5,X2)) = divide(divide(X0,divide(divide(X7,X8),divide(X2,divide(X5,divide(divide(X4,X3),divide(X4,divide(divide(X3,X1),inverse(X1)))))))),divide(X8,X7)) [forward demodulation 9386,7868]
9388. divide(X0,divide(X5,X2)) = divide(divide(X0,divide(divide(X7,X8),divide(X2,divide(X5,divide(divide(X4,X3),divide(X4,X3)))))),divide(X8,X7)) [forward demodulation 9387,6874]
9389. divide(X0,divide(X5,X2)) = divide(divide(X0,divide(divide(X7,X8),divide(X2,X5))),divide(X8,X7)) [forward demodulation 9388,4165]
9390. divide(X2,divide(X5,X3)) = divide(divide(X2,inverse(X3)),X5) [backward demodulation 8210,9389]
13334. $false [subsumption resolution 5793,9390]
% SZS output end Proof for GRP474-1
% ------------------------------
% Version: Vampire 4.9 (Release build, commit 0accf6da4 on 2024-12-10 11:55:58 +0000)
% Termination reason: Refutation

% Time elapsed: 0.931 s
% Instructions burned: 2632 (million)
% ------------------------------
% ------------------------------
