% Running in auto input_syntax mode. Trying TPTP
% Refutation found. Thanks to Tanya!
% SZS status Unsatisfiable for GRP459-1_clausified
% SZS output start Proof for GRP459-1_clausified
1. divide(divide(divide(X0,X0),divide(X0,divide(X1,divide(divide(identity,X0),X2)))),X2) = X1 [input(axiom)]
2. divide(X0,X0) = identity [input(axiom)]
3. divide(divide(a3,divide(identity,b3)),divide(identity,c3)) != divide(a3,divide(identity,divide(b3,divide(identity,c3)))) [input(negated conjecture)]
4. divide(divide(identity,divide(X0,divide(X1,divide(divide(identity,X0),X2)))),X2) = X1 [forward demodulation 1,2]
5. divide(divide(identity,divide(identity,divide(X0,divide(identity,X1)))),X1) = X0 [superposition 4,2]
7. divide(divide(identity,divide(X0,divide(X1,identity))),divide(identity,X0)) = X1 [superposition 4,2]
8. divide(divide(identity,X0),X1) = divide(divide(identity,divide(X0,identity)),X1) [superposition 4,2]
9. divide(identity,divide(X2,divide(X0,divide(divide(identity,X2),divide(divide(identity,X1),X3))))) = divide(divide(identity,divide(X1,X0)),X3) [superposition 4,4]
10. divide(divide(identity,divide(identity,divide(X0,identity))),identity) = X0 [superposition 5,2]
12. divide(identity,divide(X1,divide(X0,divide(divide(identity,X1),divide(identity,X2))))) = divide(divide(identity,divide(identity,X0)),X2) [superposition 5,4]
14. divide(divide(identity,divide(divide(identity,divide(X0,divide(identity,X1))),divide(X2,X0))),X1) = X2 [superposition 4,5]
31. divide(divide(identity,identity),divide(identity,divide(X0,identity))) = X0 [superposition 7,2]
37. divide(divide(identity,divide(identity,X0)),X1) = divide(identity,divide(X1,divide(X0,identity))) [superposition 5,7]
38. divide(identity,divide(identity,divide(X0,identity))) = X0 [forward demodulation 31,2]
47. divide(identity,divide(identity,divide(X0,identity))) = divide(identity,divide(identity,X0)) [superposition 38,10]
48. divide(X0,identity) = X0 [superposition 10,38]
51. divide(divide(identity,divide(divide(identity,divide(X0,identity)),divide(X1,identity))),X0) = X1 [superposition 7,38]
60. divide(divide(identity,divide(divide(identity,X0),divide(X1,identity))),X0) = X1 [forward demodulation 51,8]
63. divide(identity,divide(identity,X0)) = X0 [forward demodulation 47,38]
70. divide(divide(identity,divide(divide(identity,X0),X1)),X0) = X1 [forward demodulation 60,48]
77. divide(divide(identity,X0),X1) = divide(divide(identity,divide(identity,divide(identity,divide(X0,identity)))),X1) [superposition 8,10]
100. divide(divide(identity,X0),X1) = divide(identity,divide(X1,divide(divide(identity,divide(X0,identity)),identity))) [forward demodulation 77,37]
107. divide(divide(identity,X0),X1) = divide(identity,divide(X1,divide(identity,divide(X0,identity)))) [forward demodulation 100,48]
112. divide(divide(identity,X0),X1) = divide(identity,divide(X1,divide(identity,X0))) [forward demodulation 107,48]
225. divide(divide(X0,divide(identity,X1)),X1) = X0 [superposition 5,63]
266. divide(identity,divide(X1,divide(X2,divide(divide(identity,X1),divide(X0,X3))))) = divide(divide(identity,divide(divide(identity,X0),X2)),X3) [superposition 9,63]
277. divide(divide(identity,divide(X0,X2)),identity) = divide(identity,divide(X1,divide(X2,divide(divide(identity,X1),divide(identity,X0))))) [superposition 9,48]
299. divide(X3,divide(X1,divide(divide(identity,X3),divide(divide(identity,X0),X2)))) = divide(identity,divide(divide(identity,divide(X0,X1)),X2)) [superposition 63,9]
331. divide(identity,divide(X0,X2)) = divide(identity,divide(X1,divide(X2,divide(divide(identity,X1),divide(identity,X0))))) [forward demodulation 277,48]
356. divide(identity,divide(X0,X2)) = divide(divide(identity,divide(divide(identity,identity),X2)),X0) [forward demodulation 331,266]
365. divide(identity,divide(X0,X2)) = divide(divide(identity,divide(identity,X2)),X0) [forward demodulation 356,2]
369. divide(X2,X0) = divide(identity,divide(X0,X2)) [forward demodulation 365,63]
673. divide(divide(identity,divide(divide(identity,divide(X0,X1)),X2)),X4) = divide(identity,divide(X4,divide(divide(X3,divide(X1,divide(divide(identity,X3),divide(divide(identity,X0),X2)))),identity))) [superposition 37,9]
692. divide(divide(identity,divide(divide(identity,X1),X3)),X0) = divide(identity,divide(X2,divide(X3,divide(divide(identity,X2),divide(identity,divide(X0,divide(X1,identity))))))) [superposition 9,37]
747. divide(divide(identity,divide(divide(identity,X1),X3)),X0) = divide(divide(identity,divide(identity,X3)),divide(X0,divide(X1,identity))) [forward demodulation 692,12]
763. divide(divide(identity,divide(divide(identity,divide(X0,X1)),X2)),X4) = divide(divide(divide(X3,divide(X1,divide(divide(identity,X3),divide(divide(identity,X0),X2)))),identity),X4) [forward demodulation 673,369]
790. divide(divide(identity,divide(divide(identity,X1),X3)),X0) = divide(identity,divide(divide(X0,divide(X1,identity)),divide(X3,identity))) [forward demodulation 747,37]
801. divide(divide(X3,divide(X1,divide(divide(identity,X3),divide(divide(identity,X0),X2)))),X4) = divide(divide(identity,divide(divide(identity,divide(X0,X1)),X2)),X4) [forward demodulation 763,48]
820. divide(divide(identity,divide(divide(identity,X1),X3)),X0) = divide(divide(X3,identity),divide(X0,divide(X1,identity))) [forward demodulation 790,369]
824. divide(divide(X3,divide(X1,divide(divide(identity,X3),divide(divide(identity,X0),X2)))),X4) = divide(divide(X2,divide(identity,divide(X0,X1))),X4) [forward demodulation 801,369]
838. divide(divide(identity,divide(divide(identity,X1),X3)),X0) = divide(divide(X3,identity),divide(X0,X1)) [forward demodulation 820,48]
841. divide(divide(X3,divide(X1,divide(divide(identity,X3),divide(divide(identity,X0),X2)))),X4) = divide(divide(X2,divide(X1,X0)),X4) [forward demodulation 824,369]
853. divide(divide(identity,divide(divide(identity,X1),X3)),X0) = divide(X3,divide(X0,X1)) [forward demodulation 838,48]
856. divide(divide(identity,divide(divide(identity,divide(X0,X1)),X2)),X4) = divide(divide(X2,divide(X1,X0)),X4) [forward demodulation 841,299]
865. divide(X3,divide(X0,X1)) = divide(divide(X3,divide(identity,X1)),X0) [forward demodulation 853,369]
867. divide(divide(X2,divide(identity,divide(X0,X1))),X4) = divide(divide(X2,divide(X1,X0)),X4) [forward demodulation 856,369]
874. divide(divide(X2,divide(X1,X0)),X4) = divide(X2,divide(X4,divide(X0,X1))) [forward demodulation 867,865]
1192. divide(X1,divide(divide(identity,divide(identity,X3)),divide(divide(identity,X0),X2))) = divide(divide(divide(identity,divide(X0,X1)),X2),X3) [superposition 70,9]
1242. divide(X1,divide(divide(identity,divide(identity,X3)),divide(divide(identity,X0),X2))) = divide(divide(identity,divide(X2,divide(X1,X0))),X3) [forward demodulation 1192,874]
1274. divide(X1,divide(divide(identity,divide(identity,X3)),divide(divide(identity,X0),X2))) = divide(identity,divide(X3,divide(divide(X1,X0),X2))) [forward demodulation 1242,874]
1294. divide(X1,divide(divide(identity,divide(identity,X3)),divide(divide(identity,X0),X2))) = divide(divide(divide(X1,X0),X2),X3) [forward demodulation 1274,369]
1307. divide(X1,divide(identity,divide(divide(divide(identity,X0),X2),divide(X3,identity)))) = divide(divide(divide(X1,X0),X2),X3) [forward demodulation 1294,37]
1312. divide(divide(divide(X1,X0),X2),X3) = divide(X1,divide(divide(X3,identity),divide(divide(identity,X0),X2))) [forward demodulation 1307,369]
1317. divide(divide(divide(X1,X0),X2),X3) = divide(X1,divide(X3,divide(divide(identity,X0),X2))) [forward demodulation 1312,48]
1397. divide(divide(identity,divide(X2,X4)),X3) = divide(identity,divide(divide(divide(identity,divide(X1,divide(identity,divide(divide(identity,X2),X3)))),divide(X0,X1)),divide(X4,X0))) [superposition 9,14]
1406. divide(X0,X2) = divide(identity,divide(divide(identity,divide(X1,divide(identity,divide(identity,X2)))),divide(X0,X1))) [superposition 225,14]
1420. divide(X0,X2) = divide(divide(X0,X1),divide(identity,divide(X1,divide(identity,divide(identity,X2))))) [forward demodulation 1406,369]
1429. divide(divide(identity,divide(X2,X4)),X3) = divide(divide(X4,X0),divide(divide(identity,divide(X1,divide(identity,divide(divide(identity,X2),X3)))),divide(X0,X1))) [forward demodulation 1397,369]
1489. divide(X0,X2) = divide(divide(X0,X1),divide(divide(identity,divide(identity,X2)),X1)) [forward demodulation 1420,112]
1498. divide(divide(identity,divide(X2,X4)),X3) = divide(divide(X4,X0),divide(identity,divide(divide(X0,X1),divide(divide(identity,divide(divide(identity,X2),X3)),X1)))) [forward demodulation 1429,874]
1552. divide(X0,X2) = divide(divide(X0,X1),divide(identity,divide(X1,divide(X2,identity)))) [forward demodulation 1489,37]
1560. divide(divide(identity,divide(X2,X4)),X3) = divide(divide(X4,X0),divide(divide(divide(identity,divide(divide(identity,X2),X3)),X1),divide(X0,X1))) [forward demodulation 1498,1317]
1607. divide(X0,X2) = divide(divide(X0,X1),divide(divide(X2,identity),X1)) [forward demodulation 1552,369]
1614. divide(divide(identity,divide(X2,X4)),X3) = divide(divide(X4,X0),divide(divide(identity,divide(X1,divide(X3,divide(identity,X2)))),divide(X0,X1))) [forward demodulation 1560,874]
1654. divide(X0,X2) = divide(divide(X0,X1),divide(X2,X1)) [forward demodulation 1607,48]
1661. divide(divide(identity,divide(X2,X4)),X3) = divide(divide(X4,X0),divide(identity,divide(divide(X0,X1),divide(divide(X3,divide(identity,X2)),X1)))) [forward demodulation 1614,874]
1699. divide(divide(identity,divide(X2,X4)),X3) = divide(divide(X4,X0),divide(divide(divide(X3,divide(identity,X2)),X1),divide(X0,X1))) [forward demodulation 1661,369]
1729. divide(divide(identity,divide(X2,X4)),X3) = divide(divide(X4,X0),divide(divide(X3,divide(identity,X2)),X0)) [forward demodulation 1699,1654]
1747. divide(divide(identity,divide(X2,X4)),X3) = divide(X4,divide(X3,divide(identity,X2))) [forward demodulation 1729,1654]
1762. divide(X4,divide(X3,divide(identity,X2))) = divide(identity,divide(X3,divide(X4,X2))) [forward demodulation 1747,874]
1774. divide(X4,divide(X3,divide(identity,X2))) = divide(divide(X4,X2),X3) [forward demodulation 1762,369]
15938. divide(a3,divide(identity,divide(b3,divide(identity,c3)))) != divide(a3,divide(divide(identity,c3),b3)) [superposition 3,865]
16089. divide(a3,divide(divide(identity,c3),b3)) != divide(a3,divide(divide(identity,c3),b3)) [forward demodulation 15938,1774]
16090. $false [trivial inequality removal 16089]
% SZS output end Proof for GRP459-1_clausified
% ------------------------------
% Version: Vampire 5.0.0 (Release build, commit 2e2c9b7b8 on 2026-01-17 12:24:14 +0100)
% Linked with Z3 4.14.0.0 3c47fd96cf5645d0c42b2c819d9e9a84380aa721 z3-4.8.4-9178-g3c47fd96c
% CaDiCaL version: 2.1.3
% Termination reason: Refutation
% Time elapsed: 0.113 s
% Peak memory usage: 62 MB
% Instructions burned: 434 (million)
% ------------------------------
% ------------------------------
