% Running in auto input_syntax mode. Trying TPTP
% Refutation found. Thanks to Tanya!
% SZS status Unsatisfiable for GRP498-1_clausified
% SZS output start Proof for GRP498-1_clausified
1. double_divide(double_divide(identity,double_divide(X0,double_divide(X1,identity))),double_divide(double_divide(X1,double_divide(X2,X0)),identity)) = X2 [input(axiom)]
2. identity = double_divide(X0,double_divide(X0,identity)) [input(axiom)]
3. double_divide(double_divide(c3,double_divide(double_divide(b3,a3),identity)),identity) != double_divide(double_divide(double_divide(double_divide(c3,b3),identity),a3),identity) [input(negated conjecture)]
4. double_divide(double_divide(identity,identity),double_divide(double_divide(X0,double_divide(X1,X0)),identity)) = X1 [superposition 1,2]
5. double_divide(double_divide(identity,X0),double_divide(double_divide(double_divide(X2,double_divide(X0,X1)),double_divide(X3,double_divide(identity,double_divide(X1,double_divide(X2,identity))))),identity)) = X3 [superposition 1,1]
6. double_divide(double_divide(identity,double_divide(double_divide(X0,identity),double_divide(X1,identity))),double_divide(double_divide(X1,identity),identity)) = X0 [superposition 1,2]
7. double_divide(identity,double_divide(X2,double_divide(X1,identity))) = double_divide(double_divide(identity,double_divide(double_divide(double_divide(X1,double_divide(X0,X2)),identity),double_divide(X3,identity))),double_divide(double_divide(X3,X0),identity)) [superposition 1,1]
8. double_divide(double_divide(identity,double_divide(identity,double_divide(X0,identity))),double_divide(identity,identity)) = X0 [superposition 1,2]
9. double_divide(X2,double_divide(X0,X1)) = double_divide(double_divide(identity,double_divide(identity,double_divide(double_divide(identity,double_divide(X1,double_divide(X2,identity))),identity))),double_divide(X0,identity)) [superposition 1,1]
11. identity = double_divide(identity,identity) [superposition 2,1]
12. double_divide(double_divide(identity,double_divide(identity,double_divide(X0,identity))),identity) = X0 [forward demodulation 8,11]
13. double_divide(identity,double_divide(double_divide(X0,double_divide(X1,X0)),identity)) = X1 [forward demodulation 4,11]
14. double_divide(double_divide(identity,double_divide(X0,identity)),double_divide(double_divide(identity,double_divide(X1,X0)),identity)) = X1 [superposition 1,11]
18. double_divide(identity,double_divide(identity,double_divide(X0,identity))) = double_divide(double_divide(identity,double_divide(identity,X0)),identity) [superposition 12,12]
20. identity = double_divide(double_divide(identity,double_divide(double_divide(X0,identity),double_divide(identity,identity))),X0) [superposition 1,12]
22. identity = double_divide(double_divide(identity,double_divide(identity,double_divide(X0,identity))),X0) [superposition 2,12]
24. identity = double_divide(double_divide(identity,double_divide(double_divide(X0,identity),identity)),X0) [forward demodulation 20,11]
28. double_divide(identity,double_divide(double_divide(double_divide(X0,identity),identity),identity)) = X0 [superposition 13,2]
32. double_divide(identity,double_divide(identity,double_divide(X0,identity))) = double_divide(identity,double_divide(double_divide(identity,X0),identity)) [superposition 13,12]
33. double_divide(identity,double_divide(X0,identity)) = double_divide(X1,double_divide(X0,X1)) [superposition 13,13]
35. double_divide(X1,double_divide(X0,X1)) = double_divide(double_divide(identity,X0),identity) [superposition 12,13]
55. double_divide(double_divide(identity,double_divide(X0,double_divide(double_divide(identity,double_divide(identity,double_divide(double_divide(X1,X0),identity))),identity))),double_divide(identity,identity)) = X1 [superposition 1,22]
57. double_divide(identity,double_divide(identity,double_divide(X0,identity))) = double_divide(double_divide(identity,double_divide(X0,double_divide(X1,identity))),double_divide(double_divide(X1,identity),identity)) [superposition 1,22]
58. double_divide(double_divide(identity,double_divide(X0,double_divide(double_divide(identity,double_divide(identity,double_divide(double_divide(X1,X0),identity))),identity))),identity) = X1 [forward demodulation 55,11]
64. double_divide(double_divide(identity,double_divide(X0,double_divide(X1,X0))),identity) = X1 [forward demodulation 58,12]
75. double_divide(double_divide(identity,double_divide(double_divide(X1,identity),X0)),double_divide(X0,identity)) = X1 [superposition 6,12]
80. double_divide(identity,double_divide(double_divide(X0,identity),double_divide(X1,identity))) = double_divide(double_divide(identity,double_divide(double_divide(double_divide(X1,identity),identity),double_divide(X2,identity))),double_divide(double_divide(X2,X0),identity)) [superposition 1,6]
148. double_divide(double_divide(X2,double_divide(X1,X3)),double_divide(X0,double_divide(identity,double_divide(X3,double_divide(X2,identity))))) = double_divide(double_divide(identity,double_divide(identity,double_divide(double_divide(identity,X1),identity))),double_divide(X0,identity)) [superposition 1,5]
153. double_divide(double_divide(X2,double_divide(X1,X3)),double_divide(X0,double_divide(identity,double_divide(X3,double_divide(X2,identity))))) = double_divide(double_divide(identity,double_divide(identity,double_divide(identity,double_divide(X1,identity)))),double_divide(X0,identity)) [forward demodulation 148,32]
190. double_divide(identity,double_divide(X0,identity)) = double_divide(double_divide(X0,identity),identity) [superposition 13,28]
218. double_divide(identity,double_divide(X0,X1)) = double_divide(double_divide(identity,double_divide(identity,double_divide(double_divide(identity,double_divide(X1,identity)),identity))),double_divide(X0,identity)) [superposition 9,11]
219. double_divide(double_divide(identity,double_divide(identity,double_divide(X0,identity))),double_divide(X1,X2)) = double_divide(double_divide(identity,double_divide(identity,double_divide(double_divide(identity,double_divide(X2,X0)),identity))),double_divide(X1,identity)) [superposition 9,12]
226. double_divide(X1,double_divide(X3,double_divide(identity,double_divide(identity,double_divide(double_divide(identity,double_divide(X2,double_divide(X0,identity))),identity))))) = double_divide(double_divide(identity,double_divide(identity,double_divide(double_divide(identity,double_divide(X0,double_divide(X1,X2))),identity))),double_divide(X3,identity)) [superposition 9,9]
231. double_divide(X0,double_divide(X1,identity)) = double_divide(double_divide(identity,double_divide(identity,X0)),double_divide(X1,identity)) [superposition 9,12]
233. double_divide(X0,double_divide(identity,X1)) = double_divide(double_divide(identity,double_divide(identity,double_divide(double_divide(identity,double_divide(X1,double_divide(X0,identity))),identity))),identity) [superposition 9,11]
264. double_divide(identity,double_divide(X1,double_divide(X0,identity))) = double_divide(X0,double_divide(identity,X1)) [forward demodulation 233,64]
269. double_divide(X1,double_divide(X3,double_divide(identity,double_divide(identity,double_divide(double_divide(identity,double_divide(X2,double_divide(X0,identity))),identity))))) = double_divide(double_divide(double_divide(identity,double_divide(X0,double_divide(X1,X2))),identity),double_divide(X3,identity)) [forward demodulation 226,231]
276. double_divide(double_divide(identity,double_divide(identity,double_divide(X0,identity))),double_divide(X1,X2)) = double_divide(double_divide(double_divide(identity,double_divide(X2,X0)),identity),double_divide(X1,identity)) [forward demodulation 219,231]
277. double_divide(identity,double_divide(X0,X1)) = double_divide(double_divide(double_divide(identity,double_divide(X1,identity)),identity),double_divide(X0,identity)) [forward demodulation 218,231]
287. double_divide(double_divide(double_divide(identity,double_divide(X0,double_divide(X1,X2))),identity),double_divide(X3,identity)) = double_divide(X1,double_divide(X3,double_divide(double_divide(identity,double_divide(X2,double_divide(X0,identity))),double_divide(identity,identity)))) [forward demodulation 269,264]
294. double_divide(double_divide(double_divide(identity,double_divide(X2,X0)),identity),double_divide(X1,identity)) = double_divide(double_divide(X0,double_divide(identity,identity)),double_divide(X1,X2)) [forward demodulation 276,264]
303. double_divide(double_divide(double_divide(identity,double_divide(X0,double_divide(X1,X2))),identity),double_divide(X3,identity)) = double_divide(X1,double_divide(X3,double_divide(double_divide(identity,double_divide(X2,double_divide(X0,identity))),identity))) [forward demodulation 287,11]
308. double_divide(double_divide(double_divide(identity,double_divide(X2,X0)),identity),double_divide(X1,identity)) = double_divide(double_divide(X0,identity),double_divide(X1,X2)) [forward demodulation 294,11]
313. double_divide(double_divide(double_divide(identity,double_divide(X0,double_divide(X1,X2))),identity),double_divide(X3,identity)) = double_divide(X1,double_divide(X3,double_divide(double_divide(X0,double_divide(identity,X2)),identity))) [forward demodulation 303,264]
317. double_divide(X1,double_divide(X3,double_divide(double_divide(X0,double_divide(identity,X2)),identity))) = double_divide(double_divide(double_divide(X1,X2),identity),double_divide(X3,X0)) [forward demodulation 313,308]
322. double_divide(identity,X0) = double_divide(X1,double_divide(double_divide(identity,double_divide(identity,double_divide(X0,identity))),X1)) [superposition 33,12]
333. double_divide(identity,double_divide(double_divide(identity,double_divide(identity,double_divide(double_divide(identity,double_divide(X2,double_divide(X0,identity))),identity))),identity)) = double_divide(double_divide(X1,identity),double_divide(X0,double_divide(X1,X2))) [superposition 33,9]
338. double_divide(X0,identity) = double_divide(identity,double_divide(double_divide(identity,double_divide(identity,double_divide(X0,identity))),identity)) [superposition 33,22]
342. double_divide(X0,double_divide(double_divide(X1,double_divide(X2,X1)),X0)) = X2 [superposition 13,33]
347. identity = double_divide(X0,double_divide(identity,X0)) [superposition 2,33]
360. double_divide(X2,double_divide(X1,identity)) = double_divide(double_divide(identity,X0),double_divide(double_divide(double_divide(X1,double_divide(X0,X2)),double_divide(identity,double_divide(identity,identity))),identity)) [superposition 5,33]
367. double_divide(X2,double_divide(X1,identity)) = double_divide(double_divide(identity,X0),double_divide(double_divide(double_divide(X1,double_divide(X0,X2)),identity),identity)) [forward demodulation 360,2]
379. double_divide(X0,identity) = double_divide(identity,double_divide(identity,double_divide(double_divide(identity,double_divide(X0,identity)),identity))) [forward demodulation 338,32]
383. double_divide(double_divide(X1,identity),double_divide(X0,double_divide(X1,X2))) = double_divide(identity,double_divide(identity,double_divide(double_divide(identity,double_divide(double_divide(identity,double_divide(X2,double_divide(X0,identity))),identity)),identity))) [forward demodulation 333,32]
389. double_divide(identity,X0) = double_divide(X1,double_divide(double_divide(X0,double_divide(identity,identity)),X1)) [forward demodulation 322,264]
391. double_divide(X2,double_divide(X1,identity)) = double_divide(double_divide(identity,X0),double_divide(identity,double_divide(double_divide(X1,double_divide(X0,X2)),identity))) [forward demodulation 367,190]
401. double_divide(X0,identity) = double_divide(double_divide(identity,double_divide(X0,identity)),double_divide(identity,identity)) [forward demodulation 379,264]
403. double_divide(double_divide(X1,identity),double_divide(X0,double_divide(X1,X2))) = double_divide(double_divide(identity,double_divide(double_divide(identity,double_divide(X2,double_divide(X0,identity))),identity)),double_divide(identity,identity)) [forward demodulation 383,264]
408. double_divide(identity,X0) = double_divide(X1,double_divide(double_divide(X0,identity),X1)) [forward demodulation 389,11]
412. double_divide(X0,identity) = double_divide(double_divide(identity,double_divide(X0,identity)),identity) [forward demodulation 401,11]
413. double_divide(double_divide(X1,identity),double_divide(X0,double_divide(X1,X2))) = double_divide(double_divide(identity,double_divide(double_divide(identity,double_divide(X2,double_divide(X0,identity))),identity)),identity) [forward demodulation 403,11]
420. double_divide(double_divide(identity,double_divide(X2,double_divide(X0,identity))),identity) = double_divide(double_divide(X1,identity),double_divide(X0,double_divide(X1,X2))) [forward demodulation 413,412]
425. double_divide(double_divide(X1,identity),double_divide(X0,double_divide(X1,X2))) = double_divide(double_divide(X0,double_divide(identity,X2)),identity) [forward demodulation 420,264]
435. double_divide(identity,double_divide(double_divide(double_divide(X1,double_divide(X0,X1)),identity),double_divide(X2,identity))) = double_divide(double_divide(identity,double_divide(double_divide(double_divide(X2,X0),identity),double_divide(X3,identity))),double_divide(double_divide(X3,identity),identity)) [superposition 7,13]
436. double_divide(identity,double_divide(double_divide(double_divide(double_divide(X0,identity),identity),identity),double_divide(X1,identity))) = double_divide(double_divide(identity,double_divide(double_divide(double_divide(X1,X0),identity),double_divide(X2,identity))),double_divide(double_divide(X2,identity),identity)) [superposition 7,28]
437. double_divide(identity,double_divide(double_divide(X1,identity),double_divide(X2,identity))) = double_divide(double_divide(identity,double_divide(double_divide(double_divide(X2,double_divide(X0,double_divide(X1,X0))),identity),double_divide(X3,identity))),double_divide(double_divide(X3,identity),identity)) [superposition 7,33]
441. double_divide(identity,double_divide(X0,double_divide(X1,identity))) = double_divide(double_divide(identity,double_divide(double_divide(double_divide(X1,identity),identity),double_divide(X2,identity))),double_divide(double_divide(X2,double_divide(identity,double_divide(identity,double_divide(X0,identity)))),identity)) [superposition 7,22]
443. double_divide(identity,double_divide(identity,double_divide(X0,identity))) = double_divide(double_divide(identity,double_divide(double_divide(identity,identity),double_divide(X1,identity))),double_divide(double_divide(X1,X0),identity)) [superposition 7,2]
476. double_divide(identity,double_divide(X0,double_divide(X1,identity))) = double_divide(double_divide(identity,double_divide(double_divide(double_divide(X1,double_divide(X2,X0)),identity),double_divide(double_divide(identity,double_divide(double_divide(X2,identity),identity)),identity))),double_divide(identity,identity)) [superposition 7,24]
502. double_divide(identity,double_divide(X0,double_divide(X1,identity))) = double_divide(double_divide(identity,double_divide(double_divide(double_divide(X1,double_divide(X2,X0)),identity),double_divide(double_divide(identity,double_divide(double_divide(X2,identity),identity)),identity))),identity) [forward demodulation 476,11]
535. double_divide(identity,double_divide(identity,double_divide(X0,identity))) = double_divide(double_divide(X1,double_divide(identity,double_divide(identity,identity))),double_divide(double_divide(X1,X0),identity)) [forward demodulation 443,264]
537. double_divide(identity,double_divide(X0,double_divide(X1,identity))) = double_divide(identity,double_divide(double_divide(double_divide(identity,double_divide(identity,double_divide(X0,identity))),identity),double_divide(X1,identity))) [forward demodulation 441,80]
541. double_divide(identity,double_divide(double_divide(X1,identity),double_divide(X2,identity))) = double_divide(identity,double_divide(identity,double_divide(double_divide(double_divide(X2,double_divide(X0,double_divide(X1,X0))),identity),identity))) [forward demodulation 437,57]
542. double_divide(identity,double_divide(double_divide(double_divide(double_divide(X0,identity),identity),identity),double_divide(X1,identity))) = double_divide(identity,double_divide(identity,double_divide(double_divide(double_divide(X1,X0),identity),identity))) [forward demodulation 436,57]
543. double_divide(identity,double_divide(double_divide(double_divide(X1,double_divide(X0,X1)),identity),double_divide(X2,identity))) = double_divide(identity,double_divide(identity,double_divide(double_divide(double_divide(X2,X0),identity),identity))) [forward demodulation 435,57]
559. double_divide(identity,double_divide(X0,double_divide(X1,identity))) = double_divide(double_divide(double_divide(identity,double_divide(double_divide(X2,identity),identity)),double_divide(identity,double_divide(double_divide(X1,double_divide(X2,X0)),identity))),identity) [forward demodulation 502,264]
588. double_divide(identity,double_divide(identity,double_divide(X0,identity))) = double_divide(double_divide(X1,identity),double_divide(double_divide(X1,X0),identity)) [forward demodulation 535,2]
590. double_divide(identity,double_divide(X0,double_divide(X1,identity))) = double_divide(X1,double_divide(identity,double_divide(double_divide(identity,double_divide(identity,double_divide(X0,identity))),identity))) [forward demodulation 537,264]
594. double_divide(identity,double_divide(double_divide(X1,identity),double_divide(X2,identity))) = double_divide(double_divide(double_divide(X2,double_divide(X0,double_divide(X1,X0))),identity),double_divide(identity,identity)) [forward demodulation 541,264]
595. double_divide(identity,double_divide(double_divide(double_divide(double_divide(X0,identity),identity),identity),double_divide(X1,identity))) = double_divide(double_divide(double_divide(X1,X0),identity),double_divide(identity,identity)) [forward demodulation 542,264]
596. double_divide(identity,double_divide(double_divide(double_divide(X1,double_divide(X0,X1)),identity),double_divide(X2,identity))) = double_divide(double_divide(double_divide(X2,X0),identity),double_divide(identity,identity)) [forward demodulation 543,264]
609. double_divide(identity,double_divide(X0,double_divide(X1,identity))) = double_divide(double_divide(double_divide(identity,X2),double_divide(identity,double_divide(double_divide(X1,double_divide(X2,X0)),identity))),identity) [forward demodulation 559,408]
636. double_divide(X0,double_divide(identity,identity)) = double_divide(double_divide(X1,identity),double_divide(double_divide(X1,X0),identity)) [forward demodulation 588,264]
638. double_divide(identity,double_divide(X0,double_divide(X1,identity))) = double_divide(double_divide(double_divide(X1,double_divide(X0,identity)),identity),double_divide(identity,identity)) [forward demodulation 590,317]
642. double_divide(identity,double_divide(double_divide(X1,identity),double_divide(X2,identity))) = double_divide(double_divide(double_divide(X2,double_divide(X0,double_divide(X1,X0))),identity),identity) [forward demodulation 594,11]
643. double_divide(double_divide(double_divide(X1,X0),identity),identity) = double_divide(identity,double_divide(double_divide(double_divide(double_divide(X0,identity),identity),identity),double_divide(X1,identity))) [forward demodulation 595,11]
644. double_divide(identity,double_divide(double_divide(double_divide(X1,double_divide(X0,X1)),identity),double_divide(X2,identity))) = double_divide(double_divide(double_divide(X2,X0),identity),identity) [forward demodulation 596,11]
654. double_divide(identity,double_divide(X0,double_divide(X1,identity))) = double_divide(double_divide(X0,double_divide(X1,identity)),identity) [forward demodulation 609,391]
674. double_divide(X0,identity) = double_divide(double_divide(X1,identity),double_divide(double_divide(X1,X0),identity)) [forward demodulation 636,11]
675. double_divide(identity,double_divide(X0,double_divide(X1,identity))) = double_divide(double_divide(double_divide(X1,double_divide(X0,identity)),identity),identity) [forward demodulation 638,11]
677. double_divide(identity,double_divide(double_divide(X1,identity),double_divide(X2,identity))) = double_divide(identity,double_divide(double_divide(X2,double_divide(X0,double_divide(X1,X0))),identity)) [forward demodulation 642,190]
678. double_divide(X1,double_divide(identity,double_divide(double_divide(double_divide(X0,identity),identity),identity))) = double_divide(double_divide(double_divide(X1,X0),identity),identity) [forward demodulation 643,264]
679. double_divide(identity,double_divide(double_divide(double_divide(X1,double_divide(X0,X1)),identity),double_divide(X2,identity))) = double_divide(identity,double_divide(double_divide(X2,X0),identity)) [forward demodulation 644,190]
686. double_divide(double_divide(X0,double_divide(X1,identity)),identity) = double_divide(X1,double_divide(identity,X0)) [forward demodulation 654,264]
695. double_divide(identity,double_divide(X0,double_divide(X1,identity))) = double_divide(identity,double_divide(double_divide(X1,double_divide(X0,identity)),identity)) [forward demodulation 675,190]
697. double_divide(X2,double_divide(identity,double_divide(X1,identity))) = double_divide(identity,double_divide(double_divide(X2,double_divide(X0,double_divide(X1,X0))),identity)) [forward demodulation 677,264]
698. double_divide(identity,double_divide(double_divide(X1,X0),identity)) = double_divide(X1,double_divide(identity,double_divide(double_divide(double_divide(X0,identity),identity),identity))) [forward demodulation 678,190]
699. double_divide(X2,double_divide(identity,double_divide(double_divide(X1,double_divide(X0,X1)),identity))) = double_divide(identity,double_divide(double_divide(X2,X0),identity)) [forward demodulation 679,264]
706. double_divide(identity,double_divide(X0,double_divide(X1,identity))) = double_divide(identity,double_divide(X0,double_divide(identity,X1))) [forward demodulation 695,686]
708. double_divide(identity,double_divide(double_divide(X1,X0),identity)) = double_divide(X1,double_divide(identity,double_divide(X0,identity))) [forward demodulation 698,408]
709. double_divide(X2,X0) = double_divide(identity,double_divide(double_divide(X2,X0),identity)) [forward demodulation 699,342]
715. double_divide(X1,double_divide(identity,X0)) = double_divide(identity,double_divide(X0,double_divide(identity,X1))) [forward demodulation 706,264]
738. double_divide(double_divide(identity,identity),double_divide(double_divide(identity,double_divide(X0,identity)),identity)) = X0 [superposition 1,347]
741. double_divide(double_divide(identity,double_divide(double_divide(double_divide(X1,identity),identity),double_divide(X2,identity))),double_divide(double_divide(X2,X0),identity)) = double_divide(identity,double_divide(double_divide(identity,X0),double_divide(X1,identity))) [superposition 7,347]
744. double_divide(identity,double_divide(double_divide(double_divide(identity,X0),identity),identity)) = X0 [superposition 13,347]
745. double_divide(double_divide(identity,double_divide(double_divide(identity,X0),double_divide(X1,identity))),double_divide(double_divide(X1,identity),identity)) = X0 [superposition 1,347]
749. double_divide(identity,double_divide(double_divide(double_divide(X0,double_divide(double_divide(identity,identity),X1)),double_divide(X2,double_divide(identity,double_divide(X1,double_divide(X0,identity))))),identity)) = X2 [superposition 5,347]
752. double_divide(double_divide(X0,double_divide(double_divide(identity,identity),X1)),double_divide(X2,double_divide(identity,double_divide(X1,double_divide(X0,identity))))) = X2 [forward demodulation 749,709]
755. double_divide(identity,double_divide(identity,double_divide(double_divide(identity,X0),identity))) = X0 [forward demodulation 745,57]
756. double_divide(identity,double_divide(identity,X0)) = X0 [forward demodulation 744,408]
758. double_divide(double_divide(identity,double_divide(double_divide(double_divide(X1,identity),identity),double_divide(X2,identity))),double_divide(double_divide(X2,X0),identity)) = double_divide(X1,double_divide(identity,double_divide(identity,X0))) [forward demodulation 741,264]
761. double_divide(double_divide(X0,identity),identity) = X0 [forward demodulation 738,674]
770. double_divide(double_divide(identity,double_divide(identity,double_divide(identity,double_divide(double_divide(identity,identity),identity)))),double_divide(X2,identity)) = X2 [forward demodulation 752,153]
771. double_divide(double_divide(identity,X0),double_divide(identity,identity)) = X0 [forward demodulation 755,264]
773. double_divide(X1,X0) = double_divide(double_divide(identity,double_divide(double_divide(double_divide(X1,identity),identity),double_divide(X2,identity))),double_divide(double_divide(X2,X0),identity)) [forward demodulation 758,756]
778. double_divide(double_divide(identity,double_divide(double_divide(identity,identity),identity)),double_divide(X2,identity)) = X2 [forward demodulation 770,231]
779. double_divide(double_divide(identity,X0),identity) = X0 [forward demodulation 771,11]
781. double_divide(X1,X0) = double_divide(double_divide(X2,double_divide(identity,double_divide(double_divide(X1,identity),identity))),double_divide(double_divide(X2,X0),identity)) [forward demodulation 773,264]
786. double_divide(double_divide(identity,identity),double_divide(X2,identity)) = X2 [forward demodulation 778,408]
788. double_divide(X1,X0) = double_divide(double_divide(X2,double_divide(identity,X1)),double_divide(double_divide(X2,X0),identity)) [forward demodulation 781,408]
791. double_divide(identity,double_divide(X2,identity)) = X2 [forward demodulation 786,11]
802. double_divide(double_divide(X1,identity),double_divide(X0,double_divide(X1,X2))) = double_divide(double_divide(identity,double_divide(identity,double_divide(identity,double_divide(double_divide(identity,double_divide(X2,double_divide(X0,identity))),identity)))),identity) [superposition 35,9]
825. double_divide(identity,double_divide(X1,double_divide(X1,identity))) = double_divide(double_divide(identity,double_divide(double_divide(double_divide(double_divide(identity,X0),identity),identity),double_divide(X2,identity))),double_divide(double_divide(X2,X0),identity)) [superposition 7,35]
831. double_divide(identity,double_divide(double_divide(X0,X1),double_divide(X2,identity))) = double_divide(double_divide(identity,double_divide(double_divide(double_divide(X2,double_divide(double_divide(identity,X0),identity)),identity),double_divide(X3,identity))),double_divide(double_divide(X3,X1),identity)) [superposition 7,35]
834. double_divide(identity,double_divide(X1,identity)) = double_divide(double_divide(X0,X1),double_divide(double_divide(identity,X0),identity)) [superposition 33,35]
864. double_divide(identity,X1) = double_divide(identity,double_divide(double_divide(identity,double_divide(X0,double_divide(X1,X0))),identity)) [superposition 13,35]
865. double_divide(identity,double_divide(identity,double_divide(X1,identity))) = double_divide(identity,X1) [forward demodulation 864,697]
886. double_divide(identity,double_divide(X1,identity)) = double_divide(double_divide(X0,X1),X0) [forward demodulation 834,779]
889. double_divide(identity,double_divide(double_divide(X0,X1),double_divide(X2,identity))) = double_divide(double_divide(X3,double_divide(identity,double_divide(double_divide(X2,double_divide(double_divide(identity,X0),identity)),identity))),double_divide(double_divide(X3,X1),identity)) [forward demodulation 831,264]
895. double_divide(identity,double_divide(X1,double_divide(X1,identity))) = double_divide(identity,double_divide(double_divide(X0,identity),double_divide(double_divide(identity,X0),identity))) [forward demodulation 825,80]
908. double_divide(double_divide(X1,identity),double_divide(X0,double_divide(X1,X2))) = double_divide(identity,double_divide(identity,double_divide(double_divide(identity,double_divide(double_divide(identity,double_divide(X2,double_divide(X0,identity))),identity)),identity))) [forward demodulation 802,18]
914. double_divide(identity,X1) = double_divide(X1,double_divide(identity,identity)) [forward demodulation 865,264]
927. double_divide(double_divide(X0,X1),X0) = X1 [forward demodulation 886,791]
930. double_divide(identity,double_divide(double_divide(X0,X1),double_divide(X2,identity))) = double_divide(double_divide(double_divide(X2,double_divide(double_divide(identity,X0),identity)),identity),X1) [forward demodulation 889,788]
936. double_divide(identity,double_divide(X1,double_divide(X1,identity))) = double_divide(double_divide(identity,X0),double_divide(identity,double_divide(X0,identity))) [forward demodulation 895,264]
941. double_divide(double_divide(X1,identity),double_divide(X0,double_divide(X1,X2))) = double_divide(double_divide(identity,double_divide(double_divide(identity,double_divide(X2,double_divide(X0,identity))),identity)),double_divide(identity,identity)) [forward demodulation 908,264]
946. double_divide(X1,identity) = double_divide(identity,X1) [forward demodulation 914,11]
957. double_divide(identity,double_divide(double_divide(X0,X1),double_divide(X2,identity))) = double_divide(double_divide(double_divide(identity,X0),double_divide(identity,X2)),X1) [forward demodulation 930,686]
961. double_divide(identity,double_divide(X1,double_divide(X1,identity))) = double_divide(identity,double_divide(double_divide(double_divide(identity,X0),X0),identity)) [forward demodulation 936,708]
964. double_divide(double_divide(X1,identity),double_divide(X0,double_divide(X1,X2))) = double_divide(double_divide(identity,double_divide(double_divide(identity,double_divide(X2,double_divide(X0,identity))),identity)),identity) [forward demodulation 941,11]
974. double_divide(X2,double_divide(identity,double_divide(X0,X1))) = double_divide(double_divide(double_divide(identity,X0),double_divide(identity,X2)),X1) [forward demodulation 957,264]
977. double_divide(identity,double_divide(X1,double_divide(X1,identity))) = double_divide(double_divide(identity,X0),X0) [forward demodulation 961,709]
978. double_divide(identity,double_divide(identity,double_divide(double_divide(identity,double_divide(X2,double_divide(X0,identity))),identity))) = double_divide(double_divide(X1,identity),double_divide(X0,double_divide(X1,X2))) [forward demodulation 964,946]
987. double_divide(X1,double_divide(identity,X1)) = double_divide(double_divide(identity,X0),X0) [forward demodulation 977,264]
988. double_divide(identity,double_divide(identity,double_divide(double_divide(identity,double_divide(X2,double_divide(X0,identity))),identity))) = double_divide(double_divide(X0,double_divide(identity,X2)),identity) [forward demodulation 978,425]
995. identity = double_divide(double_divide(identity,X0),X0) [forward demodulation 987,347]
996. double_divide(identity,double_divide(identity,double_divide(double_divide(identity,double_divide(X2,double_divide(X0,identity))),identity))) = double_divide(identity,double_divide(X0,double_divide(identity,X2))) [forward demodulation 988,946]
1000. double_divide(X2,double_divide(identity,X0)) = double_divide(identity,double_divide(identity,double_divide(double_divide(identity,double_divide(X2,double_divide(X0,identity))),identity))) [forward demodulation 996,715]
1004. double_divide(X2,double_divide(identity,X0)) = double_divide(double_divide(identity,double_divide(X2,double_divide(X0,identity))),double_divide(identity,identity)) [forward demodulation 1000,264]
1007. double_divide(X2,double_divide(identity,X0)) = double_divide(double_divide(identity,double_divide(X2,double_divide(X0,identity))),identity) [forward demodulation 1004,11]
1008. double_divide(X2,double_divide(identity,X0)) = double_divide(identity,double_divide(identity,double_divide(X2,double_divide(X0,identity)))) [forward demodulation 1007,946]
1009. double_divide(X2,double_divide(X0,identity)) = double_divide(X2,double_divide(identity,X0)) [forward demodulation 1008,756]
1011. double_divide(double_divide(X2,double_divide(X0,X1)),identity) = double_divide(X0,double_divide(identity,double_divide(X1,double_divide(X2,identity)))) [superposition 927,1]
1034. double_divide(X1,double_divide(X2,X0)) = double_divide(double_divide(identity,double_divide(identity,double_divide(X0,double_divide(X1,identity)))),double_divide(X2,identity)) [superposition 9,927]
1035. double_divide(X1,double_divide(X0,X1)) = X0 [superposition 35,927]
1042. double_divide(identity,double_divide(X1,double_divide(X2,identity))) = double_divide(double_divide(identity,double_divide(double_divide(double_divide(X2,double_divide(X0,X1)),identity),double_divide(identity,identity))),X0) [superposition 7,927]
1050. double_divide(double_divide(identity,double_divide(identity,double_divide(double_divide(identity,double_divide(X2,double_divide(X1,identity))),identity))),X0) = double_divide(X1,double_divide(double_divide(identity,X0),X2)) [superposition 9,927]
1083. double_divide(X1,double_divide(double_divide(identity,X0),X2)) = double_divide(double_divide(double_divide(identity,double_divide(X2,double_divide(X1,identity))),double_divide(identity,identity)),X0) [forward demodulation 1050,264]
1089. double_divide(identity,double_divide(X1,double_divide(X2,identity))) = double_divide(double_divide(identity,double_divide(identity,double_divide(double_divide(X2,double_divide(X0,X1)),identity))),X0) [forward demodulation 1042,264]
1093. double_divide(X1,double_divide(X2,X0)) = double_divide(double_divide(X0,double_divide(X1,identity)),double_divide(X2,identity)) [forward demodulation 1034,231]
1103. double_divide(double_divide(X2,double_divide(X0,X1)),identity) = double_divide(X0,double_divide(X2,double_divide(identity,X1))) [forward demodulation 1011,264]
1113. double_divide(X1,double_divide(double_divide(identity,X0),X2)) = double_divide(identity,double_divide(identity,double_divide(double_divide(X2,double_divide(X1,identity)),X0))) [forward demodulation 1083,974]
1117. double_divide(identity,double_divide(X1,double_divide(X2,identity))) = double_divide(double_divide(double_divide(X2,double_divide(X0,X1)),double_divide(identity,identity)),X0) [forward demodulation 1089,264]
1126. double_divide(X0,double_divide(X2,double_divide(identity,X1))) = double_divide(identity,double_divide(X2,double_divide(X0,X1))) [forward demodulation 1103,946]
1132. double_divide(X1,double_divide(double_divide(identity,X0),X2)) = double_divide(double_divide(X2,double_divide(X1,identity)),X0) [forward demodulation 1113,756]
1136. double_divide(identity,double_divide(X1,double_divide(X2,identity))) = double_divide(double_divide(double_divide(X2,double_divide(X0,X1)),identity),X0) [forward demodulation 1117,11]
1147. double_divide(identity,double_divide(X1,double_divide(X2,identity))) = double_divide(double_divide(identity,double_divide(X2,double_divide(X0,X1))),X0) [forward demodulation 1136,946]
1153. double_divide(X2,double_divide(identity,X1)) = double_divide(double_divide(identity,double_divide(X2,double_divide(X0,X1))),X0) [forward demodulation 1147,264]
1497. double_divide(identity,double_divide(identity,double_divide(double_divide(identity,double_divide(double_divide(X0,identity),X1)),identity))) = double_divide(double_divide(identity,double_divide(double_divide(X0,identity),double_divide(X2,identity))),double_divide(double_divide(X2,X1),identity)) [superposition 7,75]
1505. double_divide(double_divide(X1,identity),X0) = double_divide(identity,double_divide(double_divide(identity,double_divide(double_divide(X0,identity),X1)),identity)) [superposition 33,75]
1511. double_divide(double_divide(X1,identity),X0) = double_divide(identity,double_divide(double_divide(X0,identity),X1)) [forward demodulation 1505,1035]
1519. double_divide(identity,double_divide(identity,double_divide(double_divide(identity,double_divide(double_divide(X0,identity),X1)),identity))) = double_divide(double_divide(identity,double_divide(double_divide(X0,identity),double_divide(X2,identity))),double_divide(identity,double_divide(X2,X1))) [forward demodulation 1497,1009]
1550. double_divide(identity,double_divide(identity,double_divide(double_divide(identity,double_divide(double_divide(X0,identity),X1)),identity))) = double_divide(double_divide(double_divide(double_divide(X2,identity),identity),X0),double_divide(identity,double_divide(X2,X1))) [forward demodulation 1519,1511]
1570. double_divide(identity,double_divide(identity,double_divide(double_divide(identity,double_divide(double_divide(X0,identity),X1)),identity))) = double_divide(double_divide(double_divide(identity,double_divide(X2,identity)),X0),double_divide(identity,double_divide(X2,X1))) [forward demodulation 1550,946]
1586. double_divide(identity,double_divide(identity,double_divide(double_divide(identity,double_divide(double_divide(X0,identity),X1)),identity))) = double_divide(double_divide(X2,double_divide(double_divide(identity,X0),identity)),double_divide(identity,double_divide(X2,X1))) [forward demodulation 1570,1132]
1601. double_divide(identity,double_divide(identity,double_divide(double_divide(identity,double_divide(double_divide(X0,identity),X1)),identity))) = double_divide(double_divide(identity,X0),double_divide(double_divide(identity,double_divide(identity,double_divide(X2,X1))),X2)) [forward demodulation 1586,1132]
1609. double_divide(identity,double_divide(identity,double_divide(double_divide(identity,double_divide(double_divide(X0,identity),X1)),identity))) = double_divide(double_divide(identity,X0),double_divide(identity,double_divide(identity,X1))) [forward demodulation 1601,1153]
1614. double_divide(identity,double_divide(identity,double_divide(double_divide(identity,double_divide(double_divide(X0,identity),X1)),identity))) = double_divide(identity,double_divide(identity,double_divide(double_divide(identity,X0),X1))) [forward demodulation 1609,1126]
1618. double_divide(double_divide(identity,X0),X1) = double_divide(identity,double_divide(identity,double_divide(double_divide(identity,double_divide(double_divide(X0,identity),X1)),identity))) [forward demodulation 1614,756]
1620. double_divide(double_divide(identity,X0),X1) = double_divide(double_divide(identity,double_divide(double_divide(X0,identity),X1)),double_divide(identity,identity)) [forward demodulation 1618,264]
1621. double_divide(double_divide(identity,X0),X1) = double_divide(double_divide(identity,double_divide(double_divide(X0,identity),X1)),identity) [forward demodulation 1620,11]
1622. double_divide(double_divide(identity,X0),X1) = double_divide(identity,double_divide(identity,double_divide(double_divide(X0,identity),X1))) [forward demodulation 1621,946]
1623. double_divide(double_divide(X0,identity),X1) = double_divide(double_divide(identity,X0),X1) [forward demodulation 1622,756]
1625. double_divide(identity,double_divide(X1,X0)) = double_divide(double_divide(identity,double_divide(identity,double_divide(X0,identity))),double_divide(identity,X1)) [superposition 264,12]
1630. double_divide(identity,double_divide(X1,X0)) = double_divide(double_divide(identity,X0),double_divide(identity,X1)) [superposition 264,927]
1709. double_divide(identity,double_divide(X1,X0)) = double_divide(identity,double_divide(X1,double_divide(identity,double_divide(X0,identity)))) [forward demodulation 1625,1630]
1739. double_divide(identity,double_divide(X1,X0)) = double_divide(double_divide(X0,identity),double_divide(identity,X1)) [forward demodulation 1709,715]
1855. double_divide(identity,double_divide(X0,double_divide(X1,identity))) = double_divide(double_divide(identity,double_divide(double_divide(double_divide(X1,identity),identity),double_divide(X2,identity))),double_divide(double_divide(X2,double_divide(identity,X0)),identity)) [superposition 7,995]
1865. double_divide(identity,double_divide(X0,double_divide(X1,identity))) = double_divide(double_divide(identity,double_divide(double_divide(double_divide(X1,identity),identity),double_divide(X2,identity))),double_divide(identity,double_divide(X2,double_divide(identity,X0)))) [forward demodulation 1855,1009]
1889. double_divide(identity,double_divide(X0,double_divide(X1,identity))) = double_divide(identity,double_divide(double_divide(X2,double_divide(identity,X0)),double_divide(double_divide(double_divide(X1,identity),identity),double_divide(X2,identity)))) [forward demodulation 1865,1630]
1907. double_divide(identity,double_divide(X0,double_divide(X1,identity))) = double_divide(identity,double_divide(double_divide(X2,double_divide(identity,X0)),double_divide(double_divide(identity,double_divide(X1,identity)),double_divide(X2,identity)))) [forward demodulation 1889,1623]
1920. double_divide(identity,double_divide(X0,double_divide(X1,identity))) = double_divide(identity,double_divide(double_divide(X2,double_divide(identity,X0)),double_divide(X1,double_divide(X2,identity)))) [forward demodulation 1907,1093]
1931. double_divide(X1,double_divide(identity,X0)) = double_divide(identity,double_divide(double_divide(X2,double_divide(identity,X0)),double_divide(X1,double_divide(X2,identity)))) [forward demodulation 1920,264]
2008. double_divide(identity,double_divide(double_divide(double_divide(X1,X0),identity),double_divide(X2,identity))) = double_divide(double_divide(identity,double_divide(double_divide(double_divide(X2,double_divide(X0,identity)),identity),double_divide(X3,identity))),double_divide(double_divide(X3,double_divide(X1,identity)),identity)) [superposition 7,674]
2014. double_divide(double_divide(X0,identity),double_divide(X1,identity)) = double_divide(double_divide(X1,X0),identity) [superposition 927,674]
2015. double_divide(double_divide(X0,identity),double_divide(X1,identity)) = double_divide(identity,double_divide(X1,X0)) [forward demodulation 2014,946]
2020. double_divide(identity,double_divide(double_divide(double_divide(X1,X0),identity),double_divide(X2,identity))) = double_divide(double_divide(identity,double_divide(double_divide(double_divide(X2,double_divide(X0,identity)),identity),double_divide(X3,identity))),double_divide(identity,double_divide(X3,double_divide(X1,identity)))) [forward demodulation 2008,1009]
2075. double_divide(identity,double_divide(double_divide(double_divide(X1,X0),identity),double_divide(X2,identity))) = double_divide(identity,double_divide(double_divide(X3,double_divide(X1,identity)),double_divide(double_divide(double_divide(X2,double_divide(X0,identity)),identity),double_divide(X3,identity)))) [forward demodulation 2020,1630]
2115. double_divide(identity,double_divide(double_divide(double_divide(X1,X0),identity),double_divide(X2,identity))) = double_divide(identity,double_divide(X1,double_divide(double_divide(identity,double_divide(double_divide(double_divide(X2,double_divide(X0,identity)),identity),double_divide(X3,identity))),X3))) [forward demodulation 2075,1132]
2145. double_divide(identity,double_divide(double_divide(double_divide(X1,X0),identity),double_divide(X2,identity))) = double_divide(identity,double_divide(X1,double_divide(double_divide(double_divide(X2,double_divide(X0,identity)),identity),double_divide(identity,identity)))) [forward demodulation 2115,1153]
2166. double_divide(identity,double_divide(double_divide(double_divide(X1,X0),identity),double_divide(X2,identity))) = double_divide(identity,double_divide(X1,double_divide(identity,double_divide(identity,double_divide(X2,double_divide(X0,identity)))))) [forward demodulation 2145,2015]
2180. double_divide(identity,double_divide(double_divide(double_divide(X1,X0),identity),double_divide(X2,identity))) = double_divide(double_divide(identity,double_divide(X2,double_divide(X0,identity))),double_divide(identity,X1)) [forward demodulation 2166,715]
2192. double_divide(identity,double_divide(double_divide(double_divide(X1,X0),identity),double_divide(X2,identity))) = double_divide(identity,double_divide(X1,double_divide(X2,double_divide(X0,identity)))) [forward demodulation 2180,1630]
2201. double_divide(identity,double_divide(X1,double_divide(X2,double_divide(X0,identity)))) = double_divide(double_divide(double_divide(X2,identity),identity),double_divide(X1,X0)) [forward demodulation 2192,1511]
2208. double_divide(identity,double_divide(X1,double_divide(X2,double_divide(X0,identity)))) = double_divide(double_divide(identity,double_divide(X2,identity)),double_divide(X1,X0)) [forward demodulation 2201,1623]
2212. double_divide(identity,double_divide(X1,double_divide(X2,double_divide(X0,identity)))) = double_divide(X2,double_divide(double_divide(identity,double_divide(X1,X0)),identity)) [forward demodulation 2208,1132]
2215. double_divide(identity,double_divide(X1,double_divide(X2,double_divide(X0,identity)))) = double_divide(X2,double_divide(identity,double_divide(identity,double_divide(X1,X0)))) [forward demodulation 2212,1009]
2216. double_divide(X2,double_divide(X1,X0)) = double_divide(identity,double_divide(X1,double_divide(X2,double_divide(X0,identity)))) [forward demodulation 2215,756]
2389. double_divide(identity,double_divide(double_divide(double_divide(identity,double_divide(X0,X1)),identity),double_divide(X2,identity))) = double_divide(double_divide(identity,double_divide(double_divide(double_divide(X2,X0),identity),double_divide(X3,identity))),double_divide(double_divide(X3,double_divide(identity,double_divide(X1,identity))),identity)) [superposition 7,14]
2403. double_divide(identity,double_divide(double_divide(double_divide(identity,double_divide(X0,X1)),identity),double_divide(X2,identity))) = double_divide(double_divide(identity,double_divide(double_divide(double_divide(X2,X0),identity),double_divide(X3,identity))),double_divide(identity,double_divide(X3,double_divide(identity,double_divide(X1,identity))))) [forward demodulation 2389,1009]
2459. double_divide(identity,double_divide(double_divide(double_divide(identity,double_divide(X0,X1)),identity),double_divide(X2,identity))) = double_divide(identity,double_divide(double_divide(X3,double_divide(identity,double_divide(X1,identity))),double_divide(double_divide(double_divide(X2,X0),identity),double_divide(X3,identity)))) [forward demodulation 2403,1630]
2508. double_divide(identity,double_divide(double_divide(double_divide(identity,double_divide(X0,X1)),identity),double_divide(X2,identity))) = double_divide(double_divide(double_divide(X2,X0),identity),double_divide(identity,double_divide(X1,identity))) [forward demodulation 2459,1931]
2553. double_divide(identity,double_divide(double_divide(double_divide(identity,double_divide(X0,X1)),identity),double_divide(X2,identity))) = double_divide(identity,double_divide(double_divide(double_divide(double_divide(X2,X0),identity),X1),identity)) [forward demodulation 2508,708]
2588. double_divide(identity,double_divide(double_divide(double_divide(identity,double_divide(X0,X1)),identity),double_divide(X2,identity))) = double_divide(double_divide(double_divide(X2,X0),identity),X1) [forward demodulation 2553,1035]
2616. double_divide(identity,double_divide(double_divide(double_divide(identity,double_divide(X0,X1)),identity),double_divide(X2,identity))) = double_divide(double_divide(identity,double_divide(X2,X0)),X1) [forward demodulation 2588,1623]
2636. double_divide(double_divide(identity,double_divide(X2,X0)),X1) = double_divide(double_divide(double_divide(X2,identity),identity),double_divide(identity,double_divide(X0,X1))) [forward demodulation 2616,1511]
2653. double_divide(identity,double_divide(double_divide(X0,X1),double_divide(X2,identity))) = double_divide(double_divide(identity,double_divide(X2,X0)),X1) [forward demodulation 2636,1739]
2662. double_divide(X2,double_divide(identity,double_divide(X0,X1))) = double_divide(double_divide(identity,double_divide(X2,X0)),X1) [forward demodulation 2653,264]
2709. double_divide(double_divide(identity,double_divide(identity,double_divide(double_divide(identity,double_divide(X2,X0)),identity))),double_divide(X1,identity)) = double_divide(double_divide(X0,identity),double_divide(X1,X2)) [superposition 9,761]
2742. double_divide(double_divide(X0,identity),double_divide(X1,X2)) = double_divide(identity,double_divide(identity,double_divide(double_divide(double_divide(identity,double_divide(X2,X0)),identity),double_divide(X1,identity)))) [forward demodulation 2709,2662]
2759. double_divide(double_divide(X0,identity),double_divide(X1,X2)) = double_divide(double_divide(double_divide(identity,double_divide(X2,X0)),identity),double_divide(identity,X1)) [forward demodulation 2742,2216]
2770. double_divide(double_divide(X0,identity),double_divide(X1,X2)) = double_divide(identity,double_divide(X1,double_divide(identity,double_divide(X2,X0)))) [forward demodulation 2759,1739]
2780. double_divide(double_divide(X0,identity),double_divide(X1,X2)) = double_divide(double_divide(X2,X0),double_divide(identity,X1)) [forward demodulation 2770,715]
10917. double_divide(identity,double_divide(double_divide(identity,X0),X1)) = double_divide(double_divide(double_divide(identity,double_divide(X1,identity)),identity),X0) [superposition 277,927]
11008. double_divide(identity,double_divide(double_divide(identity,X0),X1)) = double_divide(double_divide(identity,double_divide(identity,double_divide(X1,identity))),X0) [forward demodulation 10917,1623]
11085. double_divide(identity,double_divide(double_divide(identity,X0),X1)) = double_divide(identity,double_divide(identity,double_divide(double_divide(X1,identity),X0))) [forward demodulation 11008,2662]
11149. double_divide(double_divide(X1,identity),X0) = double_divide(identity,double_divide(double_divide(identity,X0),X1)) [forward demodulation 11085,756]
33674. double_divide(double_divide(c3,double_divide(double_divide(b3,a3),identity)),identity) != double_divide(double_divide(double_divide(identity,double_divide(c3,b3)),a3),identity) [superposition 3,1623]
34206. double_divide(double_divide(c3,double_divide(double_divide(b3,a3),identity)),identity) != double_divide(identity,double_divide(double_divide(identity,double_divide(c3,b3)),a3)) [forward demodulation 33674,946]
34499. double_divide(double_divide(c3,double_divide(double_divide(b3,a3),identity)),identity) != double_divide(double_divide(a3,identity),double_divide(c3,b3)) [forward demodulation 34206,11149]
34726. double_divide(double_divide(c3,double_divide(double_divide(b3,a3),identity)),identity) != double_divide(double_divide(b3,a3),double_divide(identity,c3)) [forward demodulation 34499,2780]
34901. $false [forward subsumption resolution 34726,686]
% SZS output end Proof for GRP498-1_clausified
% ------------------------------
% Version: Vampire 5.0.0 (Release build, commit 2e2c9b7b8 on 2026-01-17 12:24:14 +0100)
% Linked with Z3 4.14.0.0 3c47fd96cf5645d0c42b2c819d9e9a84380aa721 z3-4.8.4-9178-g3c47fd96c
% CaDiCaL version: 2.1.3
% Termination reason: Refutation
% Time elapsed: 0.295 s
% Peak memory usage: 56 MB
% Instructions burned: 1062 (million)
% ------------------------------
% ------------------------------
