% Running in auto input_syntax mode. Trying TPTP
% Refutation found. Thanks to Tanya!
% SZS status Unsatisfiable for GRP593-1_clausified
% SZS output start Proof for GRP593-1_clausified
1. inverse(double_divide(double_divide(X0,X1),inverse(double_divide(X0,inverse(double_divide(X2,X1)))))) = X2 [input(axiom)]
2. inverse(double_divide(a1,inverse(a1))) != inverse(double_divide(b1,inverse(b1))) [input(negated conjecture)]
3. double_divide(X2,X3) = inverse(double_divide(double_divide(X1,inverse(double_divide(X2,inverse(double_divide(X0,X3))))),inverse(double_divide(X1,X0)))) [superposition 1,1]
4. inverse(double_divide(double_divide(double_divide(X1,X2),inverse(double_divide(X0,X2))),X0)) = X1 [superposition 1,1]
5. inverse(double_divide(double_divide(double_divide(X1,inverse(double_divide(X2,inverse(double_divide(X0,X3))))),X0),double_divide(X2,X3))) = X1 [superposition 4,1]
6. inverse(double_divide(double_divide(double_divide(X1,X2),X0),double_divide(double_divide(X0,X3),inverse(double_divide(X2,X3))))) = X1 [superposition 4,4]
7. double_divide(double_divide(X0,X3),inverse(double_divide(X2,X3))) = inverse(double_divide(double_divide(X1,X2),inverse(double_divide(X1,X0)))) [superposition 1,4]
8. inverse(double_divide(double_divide(double_divide(double_divide(X0,X1),inverse(double_divide(inverse(double_divide(X2,X3)),X1))),X3),X0)) = X2 [superposition 1,4]
9. double_divide(X1,inverse(double_divide(X2,inverse(double_divide(X0,X3))))) = inverse(double_divide(double_divide(X4,inverse(double_divide(X1,X0))),inverse(double_divide(X4,double_divide(X2,X3))))) [superposition 3,1]
13. double_divide(double_divide(X2,inverse(double_divide(X0,inverse(double_divide(X3,X1))))),X3) = inverse(double_divide(double_divide(X4,double_divide(X0,X1)),inverse(double_divide(X4,X2)))) [superposition 3,3]
18. double_divide(inverse(double_divide(double_divide(X0,inverse(double_divide(X1,X2))),X1)),X2) = X0 [superposition 3,4]
27. inverse(double_divide(double_divide(X0,inverse(double_divide(X1,inverse(double_divide(X2,X3))))),X1)) = double_divide(inverse(double_divide(X0,X2)),X3) [superposition 18,18]
28. double_divide(double_divide(inverse(double_divide(X0,X1)),X2),inverse(double_divide(X1,X2))) = X0 [superposition 18,3]
30. inverse(double_divide(double_divide(X0,inverse(double_divide(X3,X2))),X3)) = inverse(double_divide(double_divide(X1,X2),inverse(double_divide(X1,inverse(X0))))) [superposition 1,18]
35. double_divide(inverse(double_divide(double_divide(X0,inverse(double_divide(X1,inverse(double_divide(X2,X3))))),X1)),X3) = inverse(double_divide(double_divide(X4,inverse(X0)),inverse(double_divide(X4,X2)))) [superposition 3,18]
36. inverse(double_divide(double_divide(inverse(double_divide(double_divide(X0,inverse(double_divide(X1,inverse(double_divide(X2,X3))))),X1)),X3),inverse(X0))) = X2 [superposition 1,18]
38. inverse(double_divide(double_divide(X4,inverse(X0)),inverse(double_divide(X4,X2)))) = double_divide(double_divide(inverse(double_divide(X0,X2)),X3),X3) [forward demodulation 35,27]
39. inverse(double_divide(double_divide(double_divide(inverse(double_divide(X0,X2)),X3),X3),inverse(X0))) = X2 [forward demodulation 36,27]
48. double_divide(inverse(double_divide(double_divide(X1,X0),double_divide(double_divide(X0,X2),X3))),double_divide(double_divide(X3,X4),inverse(double_divide(X2,X4)))) = X1 [superposition 18,6]
55. double_divide(X1,X2) = double_divide(double_divide(X0,X3),inverse(double_divide(inverse(double_divide(X1,inverse(double_divide(X0,X2)))),X3))) [superposition 28,1]
76. double_divide(inverse(double_divide(X0,X1)),X2) = inverse(double_divide(double_divide(X0,X3),double_divide(double_divide(X3,X4),inverse(double_divide(inverse(double_divide(X1,X2)),X4))))) [superposition 6,28]
92. inverse(double_divide(double_divide(X0,inverse(double_divide(X1,inverse(double_divide(X2,inverse(double_divide(X3,X4))))))),X1)) = inverse(double_divide(double_divide(X0,X3),double_divide(X2,X4))) [superposition 5,18]
93. double_divide(inverse(double_divide(X0,X1)),inverse(double_divide(X2,X3))) = inverse(double_divide(double_divide(X0,X2),double_divide(X1,X3))) [superposition 5,28]
104. double_divide(double_divide(X0,inverse(double_divide(X1,inverse(double_divide(X2,X3))))),X2) = double_divide(double_divide(X0,X4),inverse(double_divide(double_divide(X1,X3),X4))) [superposition 28,5]
115. inverse(double_divide(X1,inverse(double_divide(X0,X2)))) = inverse(double_divide(double_divide(double_divide(X0,X3),X3),inverse(double_divide(X1,X2)))) [superposition 39,1]
116. inverse(double_divide(X2,X3)) = inverse(double_divide(double_divide(double_divide(double_divide(X0,X1),X4),X4),inverse(double_divide(X2,inverse(double_divide(X0,inverse(double_divide(X3,X1)))))))) [superposition 39,3]
128. double_divide(X0,X2) = double_divide(inverse(double_divide(X1,X0)),inverse(double_divide(inverse(X1),X2))) [superposition 18,39]
133. double_divide(X1,inverse(X2)) = inverse(double_divide(double_divide(X3,inverse(double_divide(X1,X0))),inverse(double_divide(X3,double_divide(double_divide(inverse(double_divide(X2,X0)),X4),X4))))) [superposition 3,39]
140. double_divide(double_divide(inverse(double_divide(X1,X0)),X2),X2) = double_divide(double_divide(X0,X3),inverse(double_divide(inverse(X1),X3))) [superposition 28,39]
142. double_divide(X0,inverse(double_divide(X3,inverse(double_divide(X1,X2))))) = inverse(double_divide(double_divide(X4,X3),inverse(double_divide(X4,double_divide(inverse(double_divide(X0,X1)),X2))))) [superposition 7,28]
145. double_divide(double_divide(X1,inverse(double_divide(X2,X3))),inverse(X0)) = inverse(double_divide(double_divide(X4,double_divide(inverse(double_divide(X0,X2)),X3)),inverse(double_divide(X4,X1)))) [superposition 7,28]
149. double_divide(double_divide(X2,inverse(double_divide(X3,X4))),double_divide(X0,X1)) = inverse(double_divide(double_divide(X5,double_divide(X3,inverse(double_divide(X0,inverse(double_divide(X4,X1)))))),inverse(double_divide(X5,X2)))) [superposition 7,3]
153. double_divide(double_divide(X1,inverse(X2)),X0) = inverse(double_divide(double_divide(X4,double_divide(double_divide(inverse(double_divide(X2,X0)),X3),X3)),inverse(double_divide(X4,X1)))) [superposition 7,39]
158. double_divide(double_divide(X3,X4),inverse(double_divide(inverse(double_divide(X1,X5)),X4))) = inverse(double_divide(inverse(double_divide(double_divide(X0,X1),inverse(double_divide(X0,X2)))),inverse(double_divide(double_divide(X2,X5),X3)))) [superposition 7,7]
175. inverse(double_divide(inverse(double_divide(double_divide(X0,X1),inverse(double_divide(X0,X2)))),X1)) = X2 [superposition 4,7]
186. double_divide(X2,X4) = inverse(double_divide(double_divide(X3,inverse(double_divide(X1,X4))),inverse(double_divide(X3,inverse(inverse(double_divide(double_divide(X0,X1),inverse(double_divide(X0,X2))))))))) [superposition 1,7]
218. double_divide(double_divide(X3,X4),inverse(double_divide(inverse(double_divide(X1,X5)),X4))) = inverse(inverse(double_divide(double_divide(double_divide(X0,X1),double_divide(X2,X5)),double_divide(inverse(double_divide(X0,X2)),X3)))) [forward demodulation 158,93]
230. inverse(double_divide(inverse(double_divide(X0,inverse(double_divide(inverse(double_divide(double_divide(X0,inverse(double_divide(X1,X2))),X1)),X3)))),X2)) = X3 [superposition 175,18]
236. inverse(double_divide(X1,inverse(double_divide(X0,X2)))) = inverse(double_divide(inverse(double_divide(double_divide(double_divide(X1,X2),X3),X0)),X3)) [superposition 175,1]
240. double_divide(double_divide(X2,X4),inverse(double_divide(X1,X4))) = inverse(double_divide(inverse(double_divide(double_divide(double_divide(double_divide(X0,X1),X2),X3),X0)),X3)) [superposition 175,6]
255. double_divide(double_divide(X1,X2),X0) = inverse(double_divide(double_divide(X4,inverse(double_divide(double_divide(X3,X2),inverse(double_divide(X3,X0))))),inverse(double_divide(X4,X1)))) [superposition 7,175]
257. double_divide(double_divide(inverse(double_divide(X1,inverse(double_divide(double_divide(X2,X3),inverse(double_divide(X2,X0)))))),X3),X0) = X1 [superposition 28,175]
283. double_divide(X0,inverse(double_divide(X3,X2))) = inverse(double_divide(double_divide(double_divide(double_divide(X1,X2),inverse(X0)),X3),X1)) [superposition 8,18]
324. double_divide(X0,inverse(double_divide(inverse(double_divide(X1,X2)),X3))) = double_divide(inverse(double_divide(X1,inverse(double_divide(X0,X2)))),X3) [superposition 128,1]
332. double_divide(X1,X2) = double_divide(X0,inverse(double_divide(inverse(inverse(double_divide(double_divide(X3,X1),inverse(double_divide(X3,X0))))),X2))) [superposition 128,175]
366. double_divide(double_divide(X0,X1),inverse(double_divide(X3,inverse(double_divide(inverse(X2),X1))))) = inverse(double_divide(double_divide(X4,X3),inverse(double_divide(X4,inverse(double_divide(X2,X0)))))) [superposition 7,128]
380. inverse(double_divide(inverse(double_divide(double_divide(X0,inverse(double_divide(X1,X2))),X1)),inverse(double_divide(inverse(double_divide(X0,X3)),X2)))) = X3 [backward demodulation 230,324]
381. double_divide(double_divide(double_divide(X2,X3),inverse(double_divide(inverse(double_divide(X1,inverse(double_divide(X2,X0)))),X3))),X0) = X1 [backward demodulation 257,324]
385. double_divide(X1,X2) = double_divide(double_divide(X0,X3),inverse(double_divide(X0,inverse(double_divide(inverse(double_divide(X1,X2)),X3))))) [backward demodulation 55,324]
393. inverse(inverse(double_divide(double_divide(double_divide(X0,inverse(double_divide(X1,X2))),inverse(double_divide(X0,X3))),double_divide(X1,X2)))) = X3 [forward demodulation 380,93]
394. double_divide(double_divide(double_divide(X2,X3),inverse(double_divide(X2,inverse(double_divide(inverse(double_divide(X1,X0)),X3))))),X0) = X1 [forward demodulation 381,324]
395. double_divide(double_divide(X1,X0),X0) = X1 [backward demodulation 394,385]
398. inverse(double_divide(X0,inverse(double_divide(X1,X2)))) = inverse(double_divide(X1,inverse(double_divide(X0,X2)))) [backward demodulation 115,395]
408. inverse(double_divide(X0,X2)) = inverse(double_divide(double_divide(X4,inverse(X0)),inverse(double_divide(X4,X2)))) [backward demodulation 38,395]
413. double_divide(X1,inverse(X2)) = inverse(double_divide(double_divide(X3,inverse(double_divide(X1,X0))),inverse(double_divide(X3,inverse(double_divide(X2,X0)))))) [backward demodulation 133,395]
418. inverse(double_divide(X1,X0)) = double_divide(double_divide(X0,X3),inverse(double_divide(inverse(X1),X3))) [backward demodulation 140,395]
419. double_divide(double_divide(X1,inverse(X2)),X0) = inverse(double_divide(double_divide(X4,inverse(double_divide(X2,X0))),inverse(double_divide(X4,X1)))) [backward demodulation 153,395]
423. inverse(double_divide(X2,X3)) = inverse(double_divide(double_divide(X0,X1),inverse(double_divide(X2,inverse(double_divide(X0,inverse(double_divide(X3,X1)))))))) [backward demodulation 116,395]
443. double_divide(X2,X4) = inverse(double_divide(double_divide(X3,inverse(double_divide(X1,X4))),inverse(double_divide(X3,inverse(inverse(double_divide(X0,inverse(double_divide(double_divide(X0,X1),X2))))))))) [backward demodulation 186,398]
456. double_divide(double_divide(X1,X2),X0) = inverse(double_divide(double_divide(X4,inverse(double_divide(X3,inverse(double_divide(double_divide(X3,X2),X0))))),inverse(double_divide(X4,X1)))) [backward demodulation 255,398]
468. double_divide(X1,inverse(double_divide(X2,inverse(double_divide(X0,X3))))) = inverse(double_divide(double_divide(X1,X0),double_divide(X2,X3))) [backward demodulation 9,408]
490. inverse(double_divide(double_divide(X4,double_divide(X0,X1)),inverse(double_divide(X4,X2)))) = double_divide(inverse(double_divide(double_divide(X2,X3),double_divide(X0,X1))),X3) [backward demodulation 13,468]
493. double_divide(inverse(double_divide(X0,X2)),X3) = inverse(double_divide(inverse(double_divide(double_divide(X0,X2),double_divide(X1,X3))),X1)) [backward demodulation 27,468]
500. inverse(double_divide(double_divide(X0,X3),double_divide(X2,X4))) = inverse(double_divide(double_divide(X0,inverse(inverse(double_divide(double_divide(X1,X3),double_divide(X2,X4))))),X1)) [backward demodulation 92,468]
504. double_divide(double_divide(X0,X4),inverse(double_divide(double_divide(X1,X3),X4))) = double_divide(inverse(double_divide(double_divide(X0,X2),double_divide(X1,X3))),X2) [backward demodulation 104,468]
506. inverse(double_divide(double_divide(X4,X3),inverse(double_divide(X4,double_divide(inverse(double_divide(X0,X1)),X2))))) = inverse(double_divide(double_divide(X0,X1),double_divide(X3,X2))) [backward demodulation 142,468]
507. double_divide(double_divide(X2,inverse(double_divide(X3,X4))),double_divide(X0,X1)) = inverse(double_divide(double_divide(X5,inverse(double_divide(double_divide(X3,X4),double_divide(X0,X1)))),inverse(double_divide(X5,X2)))) [backward demodulation 149,468]
516. double_divide(double_divide(X1,X2),X0) = inverse(double_divide(inverse(double_divide(double_divide(X4,double_divide(X3,X2)),double_divide(X3,X0))),inverse(double_divide(X4,X1)))) [backward demodulation 456,468]
525. double_divide(double_divide(X2,inverse(double_divide(X3,X4))),double_divide(X0,X1)) = inverse(double_divide(double_divide(double_divide(X3,X4),double_divide(X0,X1)),X2)) [forward demodulation 507,408]
527. inverse(inverse(inverse(double_divide(double_divide(double_divide(X0,X3),double_divide(X1,X2)),double_divide(X0,inverse(double_divide(X1,X2))))))) = X3 [backward demodulation 393,525]
549. double_divide(double_divide(X1,X2),X0) = inverse(inverse(double_divide(double_divide(double_divide(X4,double_divide(X3,X2)),X4),double_divide(double_divide(X3,X0),X1)))) [forward demodulation 516,93]
552. double_divide(X1,inverse(X2)) = inverse(inverse(double_divide(double_divide(double_divide(X3,inverse(double_divide(X1,X0))),X2),double_divide(X3,X0)))) [forward demodulation 413,468]
558. double_divide(inverse(double_divide(X0,X1)),X2) = inverse(double_divide(double_divide(X0,X3),inverse(double_divide(double_divide(X1,X2),X3)))) [backward demodulation 76,418]
561. inverse(inverse(double_divide(double_divide(double_divide(X0,X1),double_divide(X2,X5)),double_divide(inverse(double_divide(X0,X2)),X3)))) = inverse(double_divide(double_divide(X1,X5),X3)) [backward demodulation 218,418]
583. double_divide(double_divide(X1,inverse(X2)),X0) = inverse(double_divide(double_divide(X2,X0),X1)) [forward demodulation 419,408]
586. double_divide(inverse(inverse(double_divide(double_divide(double_divide(X1,X2),X1),X0))),X2) = X0 [backward demodulation 18,583]
588. inverse(double_divide(double_divide(X1,X2),inverse(double_divide(X1,inverse(X0))))) = inverse(inverse(double_divide(double_divide(double_divide(X3,X2),X3),X0))) [backward demodulation 30,583]
604. inverse(double_divide(double_divide(X0,X3),double_divide(X2,X4))) = inverse(inverse(double_divide(double_divide(inverse(double_divide(double_divide(X1,X3),double_divide(X2,X4))),X1),X0))) [backward demodulation 500,583]
611. double_divide(X0,inverse(double_divide(X3,X2))) = inverse(double_divide(inverse(double_divide(double_divide(X0,X3),double_divide(X1,X2))),X1)) [backward demodulation 283,583]
625. double_divide(X1,inverse(X2)) = inverse(inverse(double_divide(inverse(double_divide(double_divide(double_divide(X1,X0),X2),X3)),double_divide(X3,X0)))) [backward demodulation 552,583]
637. inverse(double_divide(double_divide(X4,double_divide(inverse(double_divide(X0,X2)),X3)),inverse(double_divide(X4,X1)))) = inverse(double_divide(double_divide(double_divide(X2,X3),inverse(X0)),X1)) [backward demodulation 145,583]
639. inverse(double_divide(X0,X2)) = inverse(inverse(double_divide(double_divide(X0,inverse(double_divide(X4,X2))),X4))) [backward demodulation 408,583]
648. double_divide(X2,X4) = inverse(inverse(double_divide(double_divide(double_divide(X1,X4),inverse(double_divide(X3,inverse(inverse(double_divide(X0,inverse(double_divide(double_divide(X0,X1),X2)))))))),X3))) [backward demodulation 443,583]
664. double_divide(X0,inverse(double_divide(X2,X3))) = double_divide(inverse(double_divide(X0,X2)),X3) [backward demodulation 493,611]
668. inverse(double_divide(double_divide(X0,X3),double_divide(X2,X4))) = inverse(inverse(double_divide(double_divide(double_divide(X1,X3),inverse(double_divide(double_divide(X2,X4),X1))),X0))) [backward demodulation 604,664]
709. inverse(double_divide(double_divide(X0,X1),double_divide(X3,X2))) = inverse(double_divide(double_divide(X4,X3),inverse(double_divide(X4,double_divide(X0,inverse(double_divide(X1,X2))))))) [backward demodulation 506,664]
711. double_divide(X0,inverse(double_divide(X1,X2))) = inverse(double_divide(double_divide(X0,X3),inverse(double_divide(double_divide(X1,X2),X3)))) [backward demodulation 558,664]
713. inverse(double_divide(double_divide(X1,X5),X3)) = inverse(inverse(double_divide(double_divide(double_divide(X0,X1),double_divide(X2,X5)),double_divide(X0,inverse(double_divide(X2,X3)))))) [backward demodulation 561,664]
720. inverse(double_divide(X1,inverse(double_divide(X0,X2)))) = inverse(double_divide(double_divide(double_divide(X1,X2),X3),inverse(double_divide(X0,X3)))) [backward demodulation 236,664]
723. double_divide(X0,inverse(double_divide(X3,X2))) = inverse(double_divide(double_divide(X0,X3),inverse(double_divide(double_divide(X1,X2),X1)))) [backward demodulation 611,664]
726. double_divide(double_divide(X2,X4),inverse(double_divide(X1,X4))) = inverse(double_divide(double_divide(double_divide(double_divide(X0,X1),X2),X3),inverse(double_divide(X0,X3)))) [backward demodulation 240,664]
753. inverse(double_divide(double_divide(X0,X3),double_divide(X2,X4))) = inverse(inverse(inverse(double_divide(double_divide(double_divide(double_divide(X2,X4),X1),X0),double_divide(X1,X3))))) [forward demodulation 668,583]
807. inverse(inverse(double_divide(double_divide(X3,X2),X2))) = X3 [backward demodulation 527,713]
808. inverse(inverse(X3)) = X3 [forward demodulation 807,395]
816. double_divide(double_divide(double_divide(double_divide(X1,X2),X1),X0),X2) = X0 [backward demodulation 586,808]
821. inverse(double_divide(double_divide(X0,X3),double_divide(X2,X4))) = inverse(double_divide(double_divide(double_divide(double_divide(X2,X4),X1),X0),double_divide(X1,X3))) [backward demodulation 753,808]
918. double_divide(X1,inverse(X2)) = inverse(inverse(double_divide(double_divide(double_divide(X1,X0),X2),inverse(double_divide(X3,double_divide(X3,X0)))))) [forward demodulation 625,664]
971. inverse(double_divide(double_divide(X4,double_divide(inverse(double_divide(X0,X2)),X3)),inverse(double_divide(X4,X1)))) = inverse(inverse(double_divide(double_divide(X0,X1),double_divide(X2,X3)))) [forward demodulation 637,583]
972. double_divide(double_divide(X0,X1),double_divide(X2,X3)) = inverse(double_divide(double_divide(X4,double_divide(inverse(double_divide(X0,X2)),X3)),inverse(double_divide(X4,X1)))) [forward demodulation 971,808]
973. double_divide(double_divide(X0,X1),double_divide(X2,X3)) = inverse(double_divide(double_divide(X4,double_divide(X0,inverse(double_divide(X2,X3)))),inverse(double_divide(X4,X1)))) [forward demodulation 972,664]
977. inverse(double_divide(X0,X2)) = inverse(inverse(inverse(double_divide(double_divide(double_divide(X4,X2),X4),X0)))) [forward demodulation 639,583]
978. inverse(double_divide(X0,X2)) = inverse(double_divide(double_divide(double_divide(X4,X2),X4),X0)) [forward demodulation 977,808]
979. inverse(double_divide(double_divide(X1,X2),inverse(double_divide(X1,inverse(X0))))) = inverse(inverse(double_divide(X0,X2))) [backward demodulation 588,978]
985. double_divide(double_divide(X1,X2),X0) = inverse(inverse(double_divide(double_divide(double_divide(X3,X0),X1),double_divide(X3,X2)))) [backward demodulation 549,978]
991. double_divide(X0,X2) = inverse(double_divide(double_divide(X1,X2),inverse(double_divide(X1,inverse(X0))))) [forward demodulation 979,808]
1027. double_divide(X2,X4) = inverse(inverse(inverse(double_divide(double_divide(double_divide(X3,inverse(inverse(double_divide(X0,inverse(double_divide(double_divide(X0,X1),X2)))))),X3),double_divide(X1,X4))))) [forward demodulation 648,583]
1028. double_divide(X2,X4) = inverse(double_divide(double_divide(double_divide(X3,inverse(inverse(double_divide(X0,inverse(double_divide(double_divide(X0,X1),X2)))))),X3),double_divide(X1,X4))) [forward demodulation 1027,808]
1029. double_divide(X2,X4) = inverse(double_divide(inverse(double_divide(double_divide(inverse(double_divide(X0,inverse(double_divide(double_divide(X0,X1),X2)))),X3),X3)),double_divide(X1,X4))) [forward demodulation 1028,583]
1030. double_divide(X2,X4) = inverse(double_divide(double_divide(inverse(double_divide(X0,inverse(double_divide(double_divide(X0,X1),X2)))),X3),inverse(double_divide(X3,double_divide(X1,X4))))) [forward demodulation 1029,664]
1031. double_divide(X2,X4) = inverse(double_divide(double_divide(X0,inverse(double_divide(inverse(double_divide(double_divide(X0,X1),X2)),X3))),inverse(double_divide(X3,double_divide(X1,X4))))) [forward demodulation 1030,664]
1032. double_divide(X2,X4) = inverse(inverse(double_divide(double_divide(double_divide(inverse(double_divide(double_divide(X0,X1),X2)),X3),inverse(double_divide(X3,double_divide(X1,X4)))),X0))) [forward demodulation 1031,583]
1033. double_divide(X2,X4) = inverse(inverse(inverse(double_divide(double_divide(double_divide(X3,double_divide(X1,X4)),X0),double_divide(inverse(double_divide(double_divide(X0,X1),X2)),X3))))) [forward demodulation 1032,583]
1034. double_divide(X2,X4) = inverse(double_divide(double_divide(double_divide(X3,double_divide(X1,X4)),X0),double_divide(inverse(double_divide(double_divide(X0,X1),X2)),X3))) [forward demodulation 1033,808]
1035. double_divide(X2,X4) = inverse(double_divide(double_divide(double_divide(X3,double_divide(X1,X4)),X0),double_divide(double_divide(X0,X1),inverse(double_divide(X2,X3))))) [forward demodulation 1034,664]
1056. inverse(double_divide(X2,X3)) = inverse(inverse(double_divide(double_divide(double_divide(X0,X1),X0),double_divide(X2,inverse(double_divide(X3,X1)))))) [forward demodulation 423,468]
1057. inverse(double_divide(X2,X3)) = inverse(inverse(double_divide(double_divide(X2,inverse(double_divide(X3,X1))),X1))) [forward demodulation 1056,978]
1058. inverse(double_divide(X2,X3)) = inverse(inverse(inverse(double_divide(double_divide(double_divide(X3,X1),X1),X2)))) [forward demodulation 1057,583]
1059. inverse(double_divide(X2,X3)) = inverse(double_divide(double_divide(double_divide(X3,X1),X1),X2)) [forward demodulation 1058,808]
1060. inverse(double_divide(X2,X3)) = inverse(double_divide(X3,X2)) [forward demodulation 1059,395]
1062. double_divide(X0,inverse(double_divide(X3,X2))) = inverse(double_divide(double_divide(X0,X3),inverse(double_divide(X1,double_divide(X1,X2))))) [backward demodulation 723,1060]
1084. double_divide(X1,inverse(X2)) = inverse(double_divide(double_divide(X1,X0),inverse(double_divide(X2,X0)))) [backward demodulation 918,1062]
1088. inverse(double_divide(X1,inverse(double_divide(X0,X2)))) = double_divide(double_divide(X1,X2),inverse(X0)) [backward demodulation 720,1084]
1093. inverse(double_divide(double_divide(X1,X0),double_divide(X2,X3))) = double_divide(X1,double_divide(double_divide(X2,X3),inverse(X0))) [backward demodulation 468,1088]
1104. double_divide(X2,X4) = inverse(inverse(double_divide(double_divide(double_divide(double_divide(X3,double_divide(X1,X4)),X0),double_divide(X2,X3)),double_divide(X0,X1)))) [backward demodulation 1035,1093]
1127. double_divide(X2,X4) = inverse(inverse(double_divide(double_divide(double_divide(X2,X3),X1),double_divide(X3,double_divide(X1,X4))))) [forward demodulation 1104,821]
1313. double_divide(X1,X2) = double_divide(X0,inverse(double_divide(double_divide(double_divide(X3,X1),inverse(double_divide(X3,X0))),X2))) [forward demodulation 332,808]
1314. double_divide(X1,X2) = double_divide(X0,inverse(inverse(double_divide(double_divide(double_divide(X3,X0),X2),double_divide(X3,X1))))) [forward demodulation 1313,583]
1315. double_divide(X1,X2) = double_divide(X0,double_divide(double_divide(X2,X1),X0)) [forward demodulation 1314,985]
1449. double_divide(double_divide(X0,X1),inverse(double_divide(X3,inverse(double_divide(inverse(X2),X1))))) = double_divide(double_divide(X2,X0),X3) [forward demodulation 366,991]
1450. double_divide(double_divide(X2,X0),X3) = double_divide(double_divide(X0,X1),double_divide(double_divide(X3,X1),inverse(inverse(X2)))) [forward demodulation 1449,1088]
1451. double_divide(double_divide(X2,X0),X3) = double_divide(double_divide(X0,X1),double_divide(double_divide(X3,X1),X2)) [forward demodulation 1450,808]
1523. double_divide(double_divide(X0,X1),X0) = X1 [superposition 816,816]
1528. double_divide(double_divide(X1,X2),inverse(X0)) = inverse(double_divide(double_divide(X4,double_divide(double_divide(double_divide(X3,X2),X3),X0)),inverse(double_divide(X4,X1)))) [superposition 7,816]
1598. double_divide(double_divide(X1,X2),inverse(X0)) = inverse(double_divide(double_divide(X4,double_divide(X2,X0)),inverse(double_divide(X4,X1)))) [forward demodulation 1528,1523]
1600. double_divide(inverse(double_divide(double_divide(X2,X3),double_divide(X0,X1))),X3) = double_divide(double_divide(X2,X0),inverse(X1)) [backward demodulation 490,1598]
1603. double_divide(double_divide(X0,X4),inverse(double_divide(double_divide(X1,X3),X4))) = double_divide(double_divide(X0,X1),inverse(X3)) [backward demodulation 504,1600]
1605. double_divide(X0,inverse(double_divide(X1,X2))) = inverse(double_divide(double_divide(X0,X1),inverse(X2))) [backward demodulation 711,1603]
1611. inverse(double_divide(double_divide(X0,X1),inverse(double_divide(X2,X1)))) = double_divide(double_divide(X3,X2),inverse(double_divide(X3,X0))) [superposition 808,7]
1613. double_divide(X0,inverse(X2)) = double_divide(double_divide(X3,X2),inverse(double_divide(X3,X0))) [forward demodulation 1611,1084]
1614. double_divide(double_divide(X0,X3),inverse(double_divide(X2,X3))) = inverse(double_divide(X0,inverse(X2))) [backward demodulation 7,1613]
1621. double_divide(double_divide(X0,X1),double_divide(X2,X3)) = inverse(double_divide(X1,inverse(double_divide(X0,inverse(double_divide(X2,X3)))))) [backward demodulation 973,1613]
1622. inverse(double_divide(double_divide(X0,X1),double_divide(X3,X2))) = inverse(double_divide(double_divide(X0,inverse(double_divide(X1,X2))),inverse(X3))) [backward demodulation 709,1613]
1626. double_divide(inverse(double_divide(double_divide(X1,X0),double_divide(double_divide(X0,X2),X3))),inverse(double_divide(X3,inverse(X2)))) = X1 [backward demodulation 48,1614]
1630. inverse(double_divide(double_divide(double_divide(double_divide(X0,X1),X2),X3),inverse(double_divide(X0,X3)))) = inverse(double_divide(X2,inverse(X1))) [backward demodulation 726,1614]
1644. inverse(double_divide(X2,inverse(X1))) = inverse(inverse(double_divide(double_divide(double_divide(X0,X1),X2),inverse(X0)))) [forward demodulation 1630,1614]
1645. inverse(double_divide(double_divide(X0,X1),inverse(double_divide(X2,X0)))) = inverse(double_divide(X2,inverse(X1))) [forward demodulation 1644,1605]
1647. double_divide(double_divide(X0,X1),double_divide(X2,X3)) = inverse(double_divide(X1,double_divide(double_divide(X0,X3),inverse(X2)))) [forward demodulation 1621,1088]
1648. double_divide(double_divide(X0,X1),double_divide(X2,X3)) = inverse(inverse(double_divide(double_divide(X1,X2),double_divide(X0,X3)))) [forward demodulation 1647,1093]
1649. inverse(double_divide(double_divide(X0,X1),double_divide(X3,X2))) = inverse(inverse(double_divide(double_divide(double_divide(X1,X2),inverse(X3)),X0))) [forward demodulation 1622,583]
1650. inverse(double_divide(double_divide(X0,X1),double_divide(X3,X2))) = inverse(inverse(inverse(double_divide(double_divide(X3,X0),double_divide(X1,X2))))) [forward demodulation 1649,583]
1651. inverse(double_divide(double_divide(X0,X1),double_divide(X3,X2))) = inverse(double_divide(double_divide(X1,X3),double_divide(X0,X2))) [forward demodulation 1650,1648]
1653. double_divide(X2,X4) = inverse(inverse(double_divide(double_divide(X1,X3),double_divide(double_divide(X2,X3),double_divide(X1,X4))))) [backward demodulation 1127,1651]
1655. inverse(double_divide(double_divide(X1,X5),X3)) = inverse(inverse(double_divide(double_divide(double_divide(X2,X5),X0),double_divide(double_divide(X0,X1),inverse(double_divide(X2,X3)))))) [backward demodulation 713,1651]
1659. double_divide(X2,X4) = inverse(inverse(double_divide(double_divide(double_divide(X1,X4),X1),X2))) [forward demodulation 1653,1451]
1660. double_divide(X2,X4) = inverse(inverse(double_divide(X4,X2))) [forward demodulation 1659,1523]
1662. inverse(double_divide(double_divide(X1,X5),X3)) = inverse(inverse(inverse(double_divide(double_divide(double_divide(double_divide(X2,X5),X0),double_divide(X2,X3)),double_divide(X0,X1))))) [forward demodulation 1655,1093]
1663. inverse(double_divide(double_divide(X1,X5),X3)) = inverse(double_divide(double_divide(X0,double_divide(double_divide(X2,X5),X0)),double_divide(double_divide(X2,X3),X1))) [forward demodulation 1662,1648]
1664. inverse(double_divide(double_divide(X1,X5),X3)) = inverse(double_divide(double_divide(X5,X2),double_divide(double_divide(X2,X3),X1))) [forward demodulation 1663,1315]
1668. double_divide(inverse(double_divide(double_divide(X3,X1),X2)),inverse(double_divide(X3,inverse(X2)))) = X1 [backward demodulation 1626,1664]
1687. inverse(double_divide(inverse(X2),X1)) = double_divide(double_divide(X0,X1),inverse(double_divide(X2,X0))) [superposition 1523,128]
1695. inverse(double_divide(X2,inverse(X1))) = inverse(inverse(double_divide(inverse(X2),X1))) [backward demodulation 1645,1687]
1697. double_divide(X1,inverse(X2)) = inverse(double_divide(X2,inverse(X1))) [forward demodulation 1695,1660]
1717. double_divide(inverse(double_divide(double_divide(X3,X1),X2)),double_divide(X2,inverse(X3))) = X1 [backward demodulation 1668,1697]
1718. double_divide(a1,inverse(a1)) != inverse(double_divide(b1,inverse(b1))) [backward demodulation 2,1697]
2740. double_divide(a1,inverse(a1)) != double_divide(b1,inverse(b1)) [superposition 1718,1697]
2969. double_divide(inverse(X0),double_divide(X1,inverse(X1))) = X0 [superposition 1717,1523]
3322. double_divide(X1,inverse(X1)) = double_divide(X0,inverse(X0)) [superposition 1523,2969]
4229. double_divide(a1,inverse(a1)) != double_divide(X0,inverse(X0)) [superposition 2740,3322]
4310. $false [subsumption resolution 4229,3322]
% SZS output end Proof for GRP593-1_clausified
% ------------------------------
% Version: Vampire 4.9 (Release build, commit 0accf6da4 on 2024-12-10 11:55:58 +0000)
% Termination reason: Refutation

% Time elapsed: 0.154 s
% Instructions burned: 458 (million)
% ------------------------------
% ------------------------------
