% Running in auto input_syntax mode. Trying TPTP
% Refutation found. Thanks to Tanya!
% SZS status Theorem for GRP637+1
% SZS output start Proof for GRP637+1
1. ! [X0] : ((~v3_struct_0(X0) & v3_group_1(X0) & v4_group_1(X0) & l1_group_1(X0)) => ! [X1] : ((~v3_struct_0(X1) & v3_group_1(X1) & v4_group_1(X1) & l1_group_1(X1)) => ! [X2] : ((v1_funct_1(X2) & v1_funct_2(X2,u1_struct_0(X0),u1_struct_0(X1)) & v1_group_6(X2,X0,X1) & m2_relset_1(X2,u1_struct_0(X0),u1_struct_0(X1))) => ! [X3] : (m1_group_2(X3,X0) => ! [X4] : (m1_group_2(X4,X0) => ! [X5] : (m1_group_2(X5,X1) => ! [X6] : (m1_group_2(X6,X1) => ((u1_struct_0(X5) = k2_funct_2(u1_struct_0(X0),u1_struct_0(X1),X2,u1_struct_0(X3)) & u1_struct_0(X6) = k2_funct_2(u1_struct_0(X0),u1_struct_0(X1),X2,u1_struct_0(X4)) & m1_group_6(X3,X0,X4)) => m1_group_6(X5,X1,X6))))))))) [input(conjecture)]
2. ~! [X0] : ((~v3_struct_0(X0) & v3_group_1(X0) & v4_group_1(X0) & l1_group_1(X0)) => ! [X1] : ((~v3_struct_0(X1) & v3_group_1(X1) & v4_group_1(X1) & l1_group_1(X1)) => ! [X2] : ((v1_funct_1(X2) & v1_funct_2(X2,u1_struct_0(X0),u1_struct_0(X1)) & v1_group_6(X2,X0,X1) & m2_relset_1(X2,u1_struct_0(X0),u1_struct_0(X1))) => ! [X3] : (m1_group_2(X3,X0) => ! [X4] : (m1_group_2(X4,X0) => ! [X5] : (m1_group_2(X5,X1) => ! [X6] : (m1_group_2(X6,X1) => ((u1_struct_0(X5) = k2_funct_2(u1_struct_0(X0),u1_struct_0(X1),X2,u1_struct_0(X3)) & u1_struct_0(X6) = k2_funct_2(u1_struct_0(X0),u1_struct_0(X1),X2,u1_struct_0(X4)) & m1_group_6(X3,X0,X4)) => m1_group_6(X5,X1,X6))))))))) [negated conjecture 1]
5. ! [X0,X1,X2] : (m1_subset_1(X2,k1_zfmisc_1(k2_zfmisc_1(X0,X1))) => v1_relat_1(X2)) [input(axiom)]
8. ! [X0] : ((~v3_struct_0(X0) & v3_group_1(X0) & l1_group_1(X0)) => ! [X1] : ((~v3_struct_0(X1) & v3_group_1(X1) & l1_group_1(X1)) => (m1_group_2(X1,X0) <=> (r1_tarski(u1_struct_0(X1),u1_struct_0(X0)) & u1_group_1(X1) = k1_realset1(u1_group_1(X0),u1_struct_0(X1)))))) [input(axiom)]
17. ! [X0] : ((~v3_struct_0(X0) & v3_group_1(X0) & l1_group_1(X0)) => ! [X1] : (m1_group_2(X1,X0) => (~v3_struct_0(X1) & v3_group_1(X1) & l1_group_1(X1)))) [input(axiom)]
21. ! [X0,X1,X2] : (m2_relset_1(X2,X0,X1) => m1_subset_1(X2,k1_zfmisc_1(k2_zfmisc_1(X0,X1)))) [input(axiom)]
43. ! [X0,X1,X2,X3] : ((v1_funct_1(X2) & v1_funct_2(X2,X0,X1) & m1_relset_1(X2,X0,X1)) => k2_funct_2(X0,X1,X2,X3) = k9_relat_1(X2,X3)) [input(axiom)]
44. ! [X0,X1] : ((~v3_struct_0(X0) & v3_group_1(X0) & v4_group_1(X0) & l1_group_1(X0) & m1_group_2(X1,X0)) => ! [X2] : (m1_group_6(X2,X0,X1) <=> m1_group_2(X2,X1))) [input(axiom)]
45. ! [X0,X1,X2] : (m2_relset_1(X2,X0,X1) <=> m1_relset_1(X2,X0,X1)) [input(axiom)]
47. ! [X0,X1,X2] : (v1_relat_1(X2) => (r1_tarski(X0,X1) => r1_tarski(k9_relat_1(X2,X0),k9_relat_1(X2,X1)))) [input(axiom)]
53. ! [X0] : ((~v3_struct_0(X0) & v3_group_1(X0) & v4_group_1(X0) & l1_group_1(X0)) => ! [X1] : (m1_group_2(X1,X0) => ! [X2] : (m1_group_2(X2,X0) => (r1_tarski(u1_struct_0(X1),u1_struct_0(X2)) => m1_group_2(X1,X2))))) [input(axiom)]
58. ~! [X0] : ((~v3_struct_0(X0) & v3_group_1(X0) & v4_group_1(X0) & l1_group_1(X0)) => ! [X1] : ((~v3_struct_0(X1) & v3_group_1(X1) & v4_group_1(X1) & l1_group_1(X1)) => ! [X2] : ((v1_funct_1(X2) & v1_funct_2(X2,u1_struct_0(X0),u1_struct_0(X1)) & m2_relset_1(X2,u1_struct_0(X0),u1_struct_0(X1))) => ! [X3] : (m1_group_2(X3,X0) => ! [X4] : (m1_group_2(X4,X0) => ! [X5] : (m1_group_2(X5,X1) => ! [X6] : (m1_group_2(X6,X1) => ((u1_struct_0(X5) = k2_funct_2(u1_struct_0(X0),u1_struct_0(X1),X2,u1_struct_0(X3)) & u1_struct_0(X6) = k2_funct_2(u1_struct_0(X0),u1_struct_0(X1),X2,u1_struct_0(X4)) & m1_group_6(X3,X0,X4)) => m1_group_6(X5,X1,X6))))))))) [pure predicate removal 2]
59. ? [X0] : (? [X1] : (? [X2] : (? [X3] : (? [X4] : (? [X5] : (? [X6] : ((~m1_group_6(X5,X1,X6) & (u1_struct_0(X5) = k2_funct_2(u1_struct_0(X0),u1_struct_0(X1),X2,u1_struct_0(X3)) & u1_struct_0(X6) = k2_funct_2(u1_struct_0(X0),u1_struct_0(X1),X2,u1_struct_0(X4)) & m1_group_6(X3,X0,X4))) & m1_group_2(X6,X1)) & m1_group_2(X5,X1)) & m1_group_2(X4,X0)) & m1_group_2(X3,X0)) & (v1_funct_1(X2) & v1_funct_2(X2,u1_struct_0(X0),u1_struct_0(X1)) & m2_relset_1(X2,u1_struct_0(X0),u1_struct_0(X1)))) & (~v3_struct_0(X1) & v3_group_1(X1) & v4_group_1(X1) & l1_group_1(X1))) & (~v3_struct_0(X0) & v3_group_1(X0) & v4_group_1(X0) & l1_group_1(X0))) [ennf transformation 58]
60. ? [X0] : (? [X1] : (? [X2] : (? [X3] : (? [X4] : (? [X5] : (? [X6] : (~m1_group_6(X5,X1,X6) & u1_struct_0(X5) = k2_funct_2(u1_struct_0(X0),u1_struct_0(X1),X2,u1_struct_0(X3)) & u1_struct_0(X6) = k2_funct_2(u1_struct_0(X0),u1_struct_0(X1),X2,u1_struct_0(X4)) & m1_group_6(X3,X0,X4) & m1_group_2(X6,X1)) & m1_group_2(X5,X1)) & m1_group_2(X4,X0)) & m1_group_2(X3,X0)) & v1_funct_1(X2) & v1_funct_2(X2,u1_struct_0(X0),u1_struct_0(X1)) & m2_relset_1(X2,u1_struct_0(X0),u1_struct_0(X1))) & ~v3_struct_0(X1) & v3_group_1(X1) & v4_group_1(X1) & l1_group_1(X1)) & ~v3_struct_0(X0) & v3_group_1(X0) & v4_group_1(X0) & l1_group_1(X0)) [flattening 59]
64. ! [X0,X1,X2] : (v1_relat_1(X2) | ~m1_subset_1(X2,k1_zfmisc_1(k2_zfmisc_1(X0,X1)))) [ennf transformation 5]
69. ! [X0] : (! [X1] : ((m1_group_2(X1,X0) <=> (r1_tarski(u1_struct_0(X1),u1_struct_0(X0)) & u1_group_1(X1) = k1_realset1(u1_group_1(X0),u1_struct_0(X1)))) | (v3_struct_0(X1) | ~v3_group_1(X1) | ~l1_group_1(X1))) | (v3_struct_0(X0) | ~v3_group_1(X0) | ~l1_group_1(X0))) [ennf transformation 8]
70. ! [X0] : (! [X1] : ((m1_group_2(X1,X0) <=> (r1_tarski(u1_struct_0(X1),u1_struct_0(X0)) & u1_group_1(X1) = k1_realset1(u1_group_1(X0),u1_struct_0(X1)))) | v3_struct_0(X1) | ~v3_group_1(X1) | ~l1_group_1(X1)) | v3_struct_0(X0) | ~v3_group_1(X0) | ~l1_group_1(X0)) [flattening 69]
74. ! [X0] : (! [X1] : ((~v3_struct_0(X1) & v3_group_1(X1) & l1_group_1(X1)) | ~m1_group_2(X1,X0)) | (v3_struct_0(X0) | ~v3_group_1(X0) | ~l1_group_1(X0))) [ennf transformation 17]
75. ! [X0] : (! [X1] : ((~v3_struct_0(X1) & v3_group_1(X1) & l1_group_1(X1)) | ~m1_group_2(X1,X0)) | v3_struct_0(X0) | ~v3_group_1(X0) | ~l1_group_1(X0)) [flattening 74]
78. ! [X0,X1,X2] : (m1_subset_1(X2,k1_zfmisc_1(k2_zfmisc_1(X0,X1))) | ~m2_relset_1(X2,X0,X1)) [ennf transformation 21]
91. ! [X0,X1,X2,X3] : (k2_funct_2(X0,X1,X2,X3) = k9_relat_1(X2,X3) | (~v1_funct_1(X2) | ~v1_funct_2(X2,X0,X1) | ~m1_relset_1(X2,X0,X1))) [ennf transformation 43]
92. ! [X0,X1,X2,X3] : (k2_funct_2(X0,X1,X2,X3) = k9_relat_1(X2,X3) | ~v1_funct_1(X2) | ~v1_funct_2(X2,X0,X1) | ~m1_relset_1(X2,X0,X1)) [flattening 91]
93. ! [X0,X1] : (! [X2] : (m1_group_6(X2,X0,X1) <=> m1_group_2(X2,X1)) | (v3_struct_0(X0) | ~v3_group_1(X0) | ~v4_group_1(X0) | ~l1_group_1(X0) | ~m1_group_2(X1,X0))) [ennf transformation 44]
94. ! [X0,X1] : (! [X2] : (m1_group_6(X2,X0,X1) <=> m1_group_2(X2,X1)) | v3_struct_0(X0) | ~v3_group_1(X0) | ~v4_group_1(X0) | ~l1_group_1(X0) | ~m1_group_2(X1,X0)) [flattening 93]
95. ! [X0,X1,X2] : ((r1_tarski(k9_relat_1(X2,X0),k9_relat_1(X2,X1)) | ~r1_tarski(X0,X1)) | ~v1_relat_1(X2)) [ennf transformation 47]
96. ! [X0,X1,X2] : (r1_tarski(k9_relat_1(X2,X0),k9_relat_1(X2,X1)) | ~r1_tarski(X0,X1) | ~v1_relat_1(X2)) [flattening 95]
103. ! [X0] : (! [X1] : (! [X2] : ((m1_group_2(X1,X2) | ~r1_tarski(u1_struct_0(X1),u1_struct_0(X2))) | ~m1_group_2(X2,X0)) | ~m1_group_2(X1,X0)) | (v3_struct_0(X0) | ~v3_group_1(X0) | ~v4_group_1(X0) | ~l1_group_1(X0))) [ennf transformation 53]
104. ! [X0] : (! [X1] : (! [X2] : (m1_group_2(X1,X2) | ~r1_tarski(u1_struct_0(X1),u1_struct_0(X2)) | ~m1_group_2(X2,X0)) | ~m1_group_2(X1,X0)) | v3_struct_0(X0) | ~v3_group_1(X0) | ~v4_group_1(X0) | ~l1_group_1(X0)) [flattening 103]
108. ? [X0] : (? [X1] : (? [X2] : (? [X3] : (? [X4] : (? [X5] : (? [X6] : (~m1_group_6(X5,X1,X6) & u1_struct_0(X5) = k2_funct_2(u1_struct_0(X0),u1_struct_0(X1),X2,u1_struct_0(X3)) & u1_struct_0(X6) = k2_funct_2(u1_struct_0(X0),u1_struct_0(X1),X2,u1_struct_0(X4)) & m1_group_6(X3,X0,X4) & m1_group_2(X6,X1)) & m1_group_2(X5,X1)) & m1_group_2(X4,X0)) & m1_group_2(X3,X0)) & v1_funct_1(X2) & v1_funct_2(X2,u1_struct_0(X0),u1_struct_0(X1)) & m2_relset_1(X2,u1_struct_0(X0),u1_struct_0(X1))) & ~v3_struct_0(X1) & v3_group_1(X1) & v4_group_1(X1) & l1_group_1(X1)) & ~v3_struct_0(X0) & v3_group_1(X0) & v4_group_1(X0) & l1_group_1(X0)) => (? [X1] : (? [X2] : (? [X3] : (? [X4] : (? [X5] : (? [X6] : (~m1_group_6(X5,X1,X6) & u1_struct_0(X5) = k2_funct_2(u1_struct_0(sK0),u1_struct_0(X1),X2,u1_struct_0(X3)) & u1_struct_0(X6) = k2_funct_2(u1_struct_0(sK0),u1_struct_0(X1),X2,u1_struct_0(X4)) & m1_group_6(X3,sK0,X4) & m1_group_2(X6,X1)) & m1_group_2(X5,X1)) & m1_group_2(X4,sK0)) & m1_group_2(X3,sK0)) & v1_funct_1(X2) & v1_funct_2(X2,u1_struct_0(sK0),u1_struct_0(X1)) & m2_relset_1(X2,u1_struct_0(sK0),u1_struct_0(X1))) & ~v3_struct_0(X1) & v3_group_1(X1) & v4_group_1(X1) & l1_group_1(X1)) & ~v3_struct_0(sK0) & v3_group_1(sK0) & v4_group_1(sK0) & l1_group_1(sK0)) [skolem symbol introduction]
109. ? [X1] : (? [X2] : (? [X3] : (? [X4] : (? [X5] : (? [X6] : (~m1_group_6(X5,X1,X6) & u1_struct_0(X5) = k2_funct_2(u1_struct_0(sK0),u1_struct_0(X1),X2,u1_struct_0(X3)) & u1_struct_0(X6) = k2_funct_2(u1_struct_0(sK0),u1_struct_0(X1),X2,u1_struct_0(X4)) & m1_group_6(X3,sK0,X4) & m1_group_2(X6,X1)) & m1_group_2(X5,X1)) & m1_group_2(X4,sK0)) & m1_group_2(X3,sK0)) & v1_funct_1(X2) & v1_funct_2(X2,u1_struct_0(sK0),u1_struct_0(X1)) & m2_relset_1(X2,u1_struct_0(sK0),u1_struct_0(X1))) & ~v3_struct_0(X1) & v3_group_1(X1) & v4_group_1(X1) & l1_group_1(X1)) => (? [X2] : (? [X3] : (? [X4] : (? [X5] : (? [X6] : (~m1_group_6(X5,sK1,X6) & u1_struct_0(X5) = k2_funct_2(u1_struct_0(sK0),u1_struct_0(sK1),X2,u1_struct_0(X3)) & u1_struct_0(X6) = k2_funct_2(u1_struct_0(sK0),u1_struct_0(sK1),X2,u1_struct_0(X4)) & m1_group_6(X3,sK0,X4) & m1_group_2(X6,sK1)) & m1_group_2(X5,sK1)) & m1_group_2(X4,sK0)) & m1_group_2(X3,sK0)) & v1_funct_1(X2) & v1_funct_2(X2,u1_struct_0(sK0),u1_struct_0(sK1)) & m2_relset_1(X2,u1_struct_0(sK0),u1_struct_0(sK1))) & ~v3_struct_0(sK1) & v3_group_1(sK1) & v4_group_1(sK1) & l1_group_1(sK1)) [skolem symbol introduction]
110. ? [X2] : (? [X3] : (? [X4] : (? [X5] : (? [X6] : (~m1_group_6(X5,sK1,X6) & u1_struct_0(X5) = k2_funct_2(u1_struct_0(sK0),u1_struct_0(sK1),X2,u1_struct_0(X3)) & u1_struct_0(X6) = k2_funct_2(u1_struct_0(sK0),u1_struct_0(sK1),X2,u1_struct_0(X4)) & m1_group_6(X3,sK0,X4) & m1_group_2(X6,sK1)) & m1_group_2(X5,sK1)) & m1_group_2(X4,sK0)) & m1_group_2(X3,sK0)) & v1_funct_1(X2) & v1_funct_2(X2,u1_struct_0(sK0),u1_struct_0(sK1)) & m2_relset_1(X2,u1_struct_0(sK0),u1_struct_0(sK1))) => (? [X3] : (? [X4] : (? [X5] : (? [X6] : (~m1_group_6(X5,sK1,X6) & u1_struct_0(X5) = k2_funct_2(u1_struct_0(sK0),u1_struct_0(sK1),sK2,u1_struct_0(X3)) & u1_struct_0(X6) = k2_funct_2(u1_struct_0(sK0),u1_struct_0(sK1),sK2,u1_struct_0(X4)) & m1_group_6(X3,sK0,X4) & m1_group_2(X6,sK1)) & m1_group_2(X5,sK1)) & m1_group_2(X4,sK0)) & m1_group_2(X3,sK0)) & v1_funct_1(sK2) & v1_funct_2(sK2,u1_struct_0(sK0),u1_struct_0(sK1)) & m2_relset_1(sK2,u1_struct_0(sK0),u1_struct_0(sK1))) [skolem symbol introduction]
111. ? [X3] : (? [X4] : (? [X5] : (? [X6] : (~m1_group_6(X5,sK1,X6) & u1_struct_0(X5) = k2_funct_2(u1_struct_0(sK0),u1_struct_0(sK1),sK2,u1_struct_0(X3)) & u1_struct_0(X6) = k2_funct_2(u1_struct_0(sK0),u1_struct_0(sK1),sK2,u1_struct_0(X4)) & m1_group_6(X3,sK0,X4) & m1_group_2(X6,sK1)) & m1_group_2(X5,sK1)) & m1_group_2(X4,sK0)) & m1_group_2(X3,sK0)) => (? [X4] : (? [X5] : (? [X6] : (~m1_group_6(X5,sK1,X6) & u1_struct_0(X5) = k2_funct_2(u1_struct_0(sK0),u1_struct_0(sK1),sK2,u1_struct_0(sK3)) & u1_struct_0(X6) = k2_funct_2(u1_struct_0(sK0),u1_struct_0(sK1),sK2,u1_struct_0(X4)) & m1_group_6(sK3,sK0,X4) & m1_group_2(X6,sK1)) & m1_group_2(X5,sK1)) & m1_group_2(X4,sK0)) & m1_group_2(sK3,sK0)) [skolem symbol introduction]
112. ? [X4] : (? [X5] : (? [X6] : (~m1_group_6(X5,sK1,X6) & u1_struct_0(X5) = k2_funct_2(u1_struct_0(sK0),u1_struct_0(sK1),sK2,u1_struct_0(sK3)) & u1_struct_0(X6) = k2_funct_2(u1_struct_0(sK0),u1_struct_0(sK1),sK2,u1_struct_0(X4)) & m1_group_6(sK3,sK0,X4) & m1_group_2(X6,sK1)) & m1_group_2(X5,sK1)) & m1_group_2(X4,sK0)) => (? [X5] : (? [X6] : (~m1_group_6(X5,sK1,X6) & u1_struct_0(X5) = k2_funct_2(u1_struct_0(sK0),u1_struct_0(sK1),sK2,u1_struct_0(sK3)) & u1_struct_0(X6) = k2_funct_2(u1_struct_0(sK0),u1_struct_0(sK1),sK2,u1_struct_0(sK4)) & m1_group_6(sK3,sK0,sK4) & m1_group_2(X6,sK1)) & m1_group_2(X5,sK1)) & m1_group_2(sK4,sK0)) [skolem symbol introduction]
113. ? [X5] : (? [X6] : (~m1_group_6(X5,sK1,X6) & u1_struct_0(X5) = k2_funct_2(u1_struct_0(sK0),u1_struct_0(sK1),sK2,u1_struct_0(sK3)) & u1_struct_0(X6) = k2_funct_2(u1_struct_0(sK0),u1_struct_0(sK1),sK2,u1_struct_0(sK4)) & m1_group_6(sK3,sK0,sK4) & m1_group_2(X6,sK1)) & m1_group_2(X5,sK1)) => (? [X6] : (~m1_group_6(sK5,sK1,X6) & k2_funct_2(u1_struct_0(sK0),u1_struct_0(sK1),sK2,u1_struct_0(sK3)) = u1_struct_0(sK5) & u1_struct_0(X6) = k2_funct_2(u1_struct_0(sK0),u1_struct_0(sK1),sK2,u1_struct_0(sK4)) & m1_group_6(sK3,sK0,sK4) & m1_group_2(X6,sK1)) & m1_group_2(sK5,sK1)) [skolem symbol introduction]
114. ? [X6] : (~m1_group_6(sK5,sK1,X6) & k2_funct_2(u1_struct_0(sK0),u1_struct_0(sK1),sK2,u1_struct_0(sK3)) = u1_struct_0(sK5) & u1_struct_0(X6) = k2_funct_2(u1_struct_0(sK0),u1_struct_0(sK1),sK2,u1_struct_0(sK4)) & m1_group_6(sK3,sK0,sK4) & m1_group_2(X6,sK1)) => (~m1_group_6(sK5,sK1,sK6) & k2_funct_2(u1_struct_0(sK0),u1_struct_0(sK1),sK2,u1_struct_0(sK3)) = u1_struct_0(sK5) & k2_funct_2(u1_struct_0(sK0),u1_struct_0(sK1),sK2,u1_struct_0(sK4)) = u1_struct_0(sK6) & m1_group_6(sK3,sK0,sK4) & m1_group_2(sK6,sK1)) [skolem symbol introduction]
115. ((((((~m1_group_6(sK5,sK1,sK6) & k2_funct_2(u1_struct_0(sK0),u1_struct_0(sK1),sK2,u1_struct_0(sK3)) = u1_struct_0(sK5) & k2_funct_2(u1_struct_0(sK0),u1_struct_0(sK1),sK2,u1_struct_0(sK4)) = u1_struct_0(sK6) & m1_group_6(sK3,sK0,sK4) & m1_group_2(sK6,sK1)) & m1_group_2(sK5,sK1)) & m1_group_2(sK4,sK0)) & m1_group_2(sK3,sK0)) & v1_funct_1(sK2) & v1_funct_2(sK2,u1_struct_0(sK0),u1_struct_0(sK1)) & m2_relset_1(sK2,u1_struct_0(sK0),u1_struct_0(sK1))) & ~v3_struct_0(sK1) & v3_group_1(sK1) & v4_group_1(sK1) & l1_group_1(sK1)) & ~v3_struct_0(sK0) & v3_group_1(sK0) & v4_group_1(sK0) & l1_group_1(sK0) [skolemisation 60,114,113,112,111,110,109,108]
116. ! [X0] : (! [X1] : (((m1_group_2(X1,X0) | (~r1_tarski(u1_struct_0(X1),u1_struct_0(X0)) | u1_group_1(X1) != k1_realset1(u1_group_1(X0),u1_struct_0(X1)))) & ((r1_tarski(u1_struct_0(X1),u1_struct_0(X0)) & u1_group_1(X1) = k1_realset1(u1_group_1(X0),u1_struct_0(X1))) | ~m1_group_2(X1,X0))) | v3_struct_0(X1) | ~v3_group_1(X1) | ~l1_group_1(X1)) | v3_struct_0(X0) | ~v3_group_1(X0) | ~l1_group_1(X0)) [nnf transformation 70]
117. ! [X0] : (! [X1] : (((m1_group_2(X1,X0) | ~r1_tarski(u1_struct_0(X1),u1_struct_0(X0)) | u1_group_1(X1) != k1_realset1(u1_group_1(X0),u1_struct_0(X1))) & ((r1_tarski(u1_struct_0(X1),u1_struct_0(X0)) & u1_group_1(X1) = k1_realset1(u1_group_1(X0),u1_struct_0(X1))) | ~m1_group_2(X1,X0))) | v3_struct_0(X1) | ~v3_group_1(X1) | ~l1_group_1(X1)) | v3_struct_0(X0) | ~v3_group_1(X0) | ~l1_group_1(X0)) [flattening 116]
148. ! [X0,X1] : (! [X2] : ((m1_group_6(X2,X0,X1) | ~m1_group_2(X2,X1)) & (m1_group_2(X2,X1) | ~m1_group_6(X2,X0,X1))) | v3_struct_0(X0) | ~v3_group_1(X0) | ~v4_group_1(X0) | ~l1_group_1(X0) | ~m1_group_2(X1,X0)) [nnf transformation 94]
149. ! [X0,X1,X2] : ((m2_relset_1(X2,X0,X1) | ~m1_relset_1(X2,X0,X1)) & (m1_relset_1(X2,X0,X1) | ~m2_relset_1(X2,X0,X1))) [nnf transformation 45]
151. l1_group_1(sK0) [cnf transformation 115]
152. v4_group_1(sK0) [cnf transformation 115]
153. v3_group_1(sK0) [cnf transformation 115]
154. ~v3_struct_0(sK0) [cnf transformation 115]
155. l1_group_1(sK1) [cnf transformation 115]
156. v4_group_1(sK1) [cnf transformation 115]
157. v3_group_1(sK1) [cnf transformation 115]
158. ~v3_struct_0(sK1) [cnf transformation 115]
159. m2_relset_1(sK2,u1_struct_0(sK0),u1_struct_0(sK1)) [cnf transformation 115]
160. v1_funct_2(sK2,u1_struct_0(sK0),u1_struct_0(sK1)) [cnf transformation 115]
161. v1_funct_1(sK2) [cnf transformation 115]
163. m1_group_2(sK4,sK0) [cnf transformation 115]
164. m1_group_2(sK5,sK1) [cnf transformation 115]
165. m1_group_2(sK6,sK1) [cnf transformation 115]
166. m1_group_6(sK3,sK0,sK4) [cnf transformation 115]
167. k2_funct_2(u1_struct_0(sK0),u1_struct_0(sK1),sK2,u1_struct_0(sK4)) = u1_struct_0(sK6) [cnf transformation 115]
168. k2_funct_2(u1_struct_0(sK0),u1_struct_0(sK1),sK2,u1_struct_0(sK3)) = u1_struct_0(sK5) [cnf transformation 115]
169. ~m1_group_6(sK5,sK1,sK6) [cnf transformation 115]
173. ~m1_subset_1(X2,k1_zfmisc_1(k2_zfmisc_1(X0,X1))) | v1_relat_1(X2) [cnf transformation 64]
182. r1_tarski(u1_struct_0(X1),u1_struct_0(X0)) | ~m1_group_2(X1,X0) | v3_struct_0(X1) | ~v3_group_1(X1) | ~l1_group_1(X1) | v3_struct_0(X0) | ~v3_group_1(X0) | ~l1_group_1(X0) [cnf transformation 117]
186. ~m1_group_2(X1,X0) | l1_group_1(X1) | v3_struct_0(X0) | ~v3_group_1(X0) | ~l1_group_1(X0) [cnf transformation 75]
187. ~m1_group_2(X1,X0) | v3_group_1(X1) | v3_struct_0(X0) | ~v3_group_1(X0) | ~l1_group_1(X0) [cnf transformation 75]
188. ~m1_group_2(X1,X0) | ~v3_struct_0(X1) | v3_struct_0(X0) | ~v3_group_1(X0) | ~l1_group_1(X0) [cnf transformation 75]
190. m1_subset_1(X2,k1_zfmisc_1(k2_zfmisc_1(X0,X1))) | ~m2_relset_1(X2,X0,X1) [cnf transformation 78]
222. ~m1_relset_1(X2,X0,X1) | ~v1_funct_1(X2) | ~v1_funct_2(X2,X0,X1) | k2_funct_2(X0,X1,X2,X3) = k9_relat_1(X2,X3) [cnf transformation 92]
223. ~m1_group_6(X2,X0,X1) | m1_group_2(X2,X1) | v3_struct_0(X0) | ~v3_group_1(X0) | ~v4_group_1(X0) | ~l1_group_1(X0) | ~m1_group_2(X1,X0) [cnf transformation 148]
224. m1_group_6(X2,X0,X1) | ~m1_group_2(X2,X1) | v3_struct_0(X0) | ~v3_group_1(X0) | ~v4_group_1(X0) | ~l1_group_1(X0) | ~m1_group_2(X1,X0) [cnf transformation 148]
225. ~m2_relset_1(X2,X0,X1) | m1_relset_1(X2,X0,X1) [cnf transformation 149]
228. r1_tarski(k9_relat_1(X2,X0),k9_relat_1(X2,X1)) | ~r1_tarski(X0,X1) | ~v1_relat_1(X2) [cnf transformation 96]
235. ~r1_tarski(u1_struct_0(X1),u1_struct_0(X2)) | m1_group_2(X1,X2) | ~m1_group_2(X2,X0) | ~m1_group_2(X1,X0) | v3_struct_0(X0) | ~v3_group_1(X0) | ~v4_group_1(X0) | ~l1_group_1(X0) [cnf transformation 104]
240. r1_tarski(u1_struct_0(X1),u1_struct_0(X0)) | ~m1_group_2(X1,X0) | ~v3_group_1(X1) | ~l1_group_1(X1) | v3_struct_0(X0) | ~v3_group_1(X0) | ~l1_group_1(X0) [forward subsumption resolution 182,188]
242. r1_tarski(u1_struct_0(X1),u1_struct_0(X0)) | ~m1_group_2(X1,X0) | ~l1_group_1(X1) | v3_struct_0(X0) | ~v3_group_1(X0) | ~l1_group_1(X0) [forward subsumption resolution 240,187]
244. r1_tarski(u1_struct_0(X1),u1_struct_0(X0)) | ~m1_group_2(X1,X0) | v3_struct_0(X0) | ~v3_group_1(X0) | ~l1_group_1(X0) [forward subsumption resolution 242,186]
271. m1_relset_1(sK2,u1_struct_0(sK0),u1_struct_0(sK1)) [resolution 225,159]
304. ~m2_relset_1(X0,X1,X2) | v1_relat_1(X0) [resolution 190,173]
325. l1_group_1(sK4) | v3_struct_0(sK0) | ~v3_group_1(sK0) | ~l1_group_1(sK0) [resolution 186,163]
332. l1_group_1(sK4) | ~v3_group_1(sK0) | ~l1_group_1(sK0) [forward subsumption resolution 325,154]
336. l1_group_1(sK4) | ~l1_group_1(sK0) [forward subsumption resolution 332,153]
340. l1_group_1(sK4) [forward subsumption resolution 336,151]
344. v3_group_1(sK4) | v3_struct_0(sK0) | ~v3_group_1(sK0) | ~l1_group_1(sK0) [resolution 187,163]
351. v3_group_1(sK4) | ~v3_group_1(sK0) | ~l1_group_1(sK0) [forward subsumption resolution 344,154]
355. v3_group_1(sK4) | ~l1_group_1(sK0) [forward subsumption resolution 351,153]
359. v3_group_1(sK4) [forward subsumption resolution 355,151]
363. ~v3_struct_0(sK4) | v3_struct_0(sK0) | ~v3_group_1(sK0) | ~l1_group_1(sK0) [resolution 188,163]
370. ~v3_struct_0(sK4) | ~v3_group_1(sK0) | ~l1_group_1(sK0) [forward subsumption resolution 363,154]
374. ~v3_struct_0(sK4) | ~l1_group_1(sK0) [forward subsumption resolution 370,153]
378. ~v3_struct_0(sK4) [forward subsumption resolution 374,151]
450. m1_group_2(sK3,sK4) | v3_struct_0(sK0) | ~v3_group_1(sK0) | ~v4_group_1(sK0) | ~l1_group_1(sK0) | ~m1_group_2(sK4,sK0) [resolution 223,166]
453. m1_group_2(sK3,sK4) | ~v3_group_1(sK0) | ~v4_group_1(sK0) | ~l1_group_1(sK0) | ~m1_group_2(sK4,sK0) [forward subsumption resolution 450,154]
454. m1_group_2(sK3,sK4) | ~v4_group_1(sK0) | ~l1_group_1(sK0) | ~m1_group_2(sK4,sK0) [forward subsumption resolution 453,153]
455. m1_group_2(sK3,sK4) | ~l1_group_1(sK0) | ~m1_group_2(sK4,sK0) [forward subsumption resolution 454,152]
456. m1_group_2(sK3,sK4) | ~m1_group_2(sK4,sK0) [forward subsumption resolution 455,151]
457. m1_group_2(sK3,sK4) [forward subsumption resolution 456,163]
458. ~m1_group_2(sK5,sK6) | v3_struct_0(sK1) | ~v3_group_1(sK1) | ~v4_group_1(sK1) | ~l1_group_1(sK1) | ~m1_group_2(sK6,sK1) [resolution 224,169]
463. ~m1_group_2(sK5,sK6) | ~v3_group_1(sK1) | ~v4_group_1(sK1) | ~l1_group_1(sK1) | ~m1_group_2(sK6,sK1) [forward subsumption resolution 458,158]
464. ~m1_group_2(sK5,sK6) | ~v4_group_1(sK1) | ~l1_group_1(sK1) | ~m1_group_2(sK6,sK1) [forward subsumption resolution 463,157]
465. ~m1_group_2(sK5,sK6) | ~l1_group_1(sK1) | ~m1_group_2(sK6,sK1) [forward subsumption resolution 464,156]
466. ~m1_group_2(sK5,sK6) | ~m1_group_2(sK6,sK1) [forward subsumption resolution 465,155]
467. ~m1_group_2(sK5,sK6) [forward subsumption resolution 466,165]
479. ~v1_funct_1(sK2) | ~v1_funct_2(sK2,u1_struct_0(sK0),u1_struct_0(sK1)) | k2_funct_2(u1_struct_0(sK0),u1_struct_0(sK1),sK2,X0) = k9_relat_1(sK2,X0) [resolution 222,271]
480. ~v1_funct_2(sK2,u1_struct_0(sK0),u1_struct_0(sK1)) | k2_funct_2(u1_struct_0(sK0),u1_struct_0(sK1),sK2,X0) = k9_relat_1(sK2,X0) [forward subsumption resolution 479,161]
483. k2_funct_2(u1_struct_0(sK0),u1_struct_0(sK1),sK2,X0) = k9_relat_1(sK2,X0) [forward subsumption resolution 480,160]
540. v1_relat_1(sK2) [resolution 304,159]
630. u1_struct_0(sK6) = k9_relat_1(sK2,u1_struct_0(sK4)) [superposition 167,483]
631. u1_struct_0(sK5) = k9_relat_1(sK2,u1_struct_0(sK3)) [superposition 168,483]
636. r1_tarski(k9_relat_1(sK2,X0),u1_struct_0(sK6)) | ~r1_tarski(X0,u1_struct_0(sK4)) | ~v1_relat_1(sK2) [superposition 228,630]
639. r1_tarski(k9_relat_1(sK2,X0),u1_struct_0(sK6)) | ~r1_tarski(X0,u1_struct_0(sK4)) [forward subsumption resolution 636,540]
4912. r1_tarski(u1_struct_0(sK5),u1_struct_0(sK6)) | ~r1_tarski(u1_struct_0(sK3),u1_struct_0(sK4)) [superposition 639,631]
4914. 171 <=> r1_tarski(u1_struct_0(sK3),u1_struct_0(sK4)) [avatar definition]
4916. ~r1_tarski(u1_struct_0(sK3),u1_struct_0(sK4)) <- (~171) [avatar component clause 4914]
4918. 172 <=> r1_tarski(u1_struct_0(sK5),u1_struct_0(sK6)) [avatar definition]
4920. r1_tarski(u1_struct_0(sK5),u1_struct_0(sK6)) <- (172) [avatar component clause 4918]
4921. ~171 | 172 [avatar split clause 4912,4918,4914]
4926. ~m1_group_2(sK3,sK4) | v3_struct_0(sK4) | ~v3_group_1(sK4) | ~l1_group_1(sK4) <- (~171) [resolution 4916,244]
4927. v3_struct_0(sK4) | ~v3_group_1(sK4) | ~l1_group_1(sK4) <- (~171) [forward subsumption resolution 4926,457]
4928. ~v3_group_1(sK4) | ~l1_group_1(sK4) <- (~171) [forward subsumption resolution 4927,378]
4929. ~l1_group_1(sK4) <- (~171) [forward subsumption resolution 4928,359]
4930. $false <- (~171) [forward subsumption resolution 4929,340]
4931. 171 [avatar contradiction clause 4930]
4946. m1_group_2(sK5,sK6) | ~m1_group_2(sK6,X0) | ~m1_group_2(sK5,X0) | v3_struct_0(X0) | ~v3_group_1(X0) | ~v4_group_1(X0) | ~l1_group_1(X0) <- (172) [resolution 4920,235]
4949. ~m1_group_2(sK6,X0) | ~m1_group_2(sK5,X0) | v3_struct_0(X0) | ~v3_group_1(X0) | ~v4_group_1(X0) | ~l1_group_1(X0) <- (172) [forward subsumption resolution 4946,467]
899240. ~m1_group_2(sK5,sK1) | v3_struct_0(sK1) | ~v3_group_1(sK1) | ~v4_group_1(sK1) | ~l1_group_1(sK1) <- (172) [resolution 4949,165]
899242. v3_struct_0(sK1) | ~v3_group_1(sK1) | ~v4_group_1(sK1) | ~l1_group_1(sK1) <- (172) [forward subsumption resolution 899240,164]
899243. ~v3_group_1(sK1) | ~v4_group_1(sK1) | ~l1_group_1(sK1) <- (172) [forward subsumption resolution 899242,158]
899244. ~v4_group_1(sK1) | ~l1_group_1(sK1) <- (172) [forward subsumption resolution 899243,157]
899245. ~l1_group_1(sK1) <- (172) [forward subsumption resolution 899244,156]
899246. $false <- (172) [forward subsumption resolution 899245,155]
899247. ~172 [avatar contradiction clause 899246]
s137. ~171 | 172 [sat_conversion 4921]
s138. 171 [sat_conversion 4931]
s4068. ~172 [sat_conversion 899247]
s4558. # [rat s137,s4068,s138]
899248. $false [avatar sat refutation s4558]
% SZS output end Proof for GRP637+1
% ------------------------------
% Version: Vampire 5.0.0 (Release build, commit 2e2c9b7b8 on 2026-01-17 12:24:14 +0100)
% Linked with Z3 4.14.0.0 3c47fd96cf5645d0c42b2c819d9e9a84380aa721 z3-4.8.4-9178-g3c47fd96c
% CaDiCaL version: 2.1.3
% Termination reason: Refutation
% Time elapsed: 20.677 s
% Peak memory usage: 329 MB
% Instructions burned: 60727 (million)
% ------------------------------
% ------------------------------
