% Running in auto input_syntax mode. Trying TPTP
% Refutation found. Thanks to Tanya!
% SZS status Unsatisfiable for GRP574-1_clausified
% SZS output start Proof for GRP574-1_clausified
1. double_divide(double_divide(X0,double_divide(double_divide(X1,double_divide(X2,X0)),double_divide(X2,identity))),double_divide(identity,identity)) = X1 [input(axiom)]
2. identity = double_divide(X0,double_divide(X0,identity)) [input(axiom)]
3. a2 != double_divide(double_divide(a2,identity),identity) [input(negated conjecture)]
5. double_divide(double_divide(double_divide(identity,identity),double_divide(double_divide(X1,X0),double_divide(double_divide(X2,double_divide(double_divide(X0,double_divide(X3,X2)),double_divide(X3,identity))),identity))),double_divide(identity,identity)) = X1 [superposition 1,1]
6. double_divide(double_divide(identity,double_divide(identity,double_divide(X0,identity))),double_divide(identity,identity)) = X0 [superposition 1,2]
7. double_divide(X1,double_divide(double_divide(X0,double_divide(X2,X1)),double_divide(X2,identity))) = double_divide(double_divide(identity,double_divide(X0,double_divide(identity,identity))),double_divide(identity,identity)) [superposition 1,1]
8. identity = double_divide(double_divide(identity,identity),double_divide(identity,identity)) [superposition 6,2]
12. double_divide(identity,identity) = double_divide(double_divide(identity,double_divide(identity,double_divide(identity,identity))),double_divide(identity,identity)) [superposition 1,8]
14. identity = double_divide(identity,identity) [forward demodulation 12,6]
25. double_divide(double_divide(X0,double_divide(double_divide(X1,double_divide(X2,X0)),double_divide(X2,identity))),identity) = X1 [superposition 1,14]
50. double_divide(double_divide(identity,double_divide(identity,double_divide(identity,identity))),double_divide(identity,identity)) = double_divide(double_divide(X0,identity),X0) [superposition 7,6]
85. identity = double_divide(double_divide(X0,identity),X0) [forward demodulation 50,6]
173. double_divide(double_divide(X1,X0),identity) = double_divide(double_divide(X0,double_divide(identity,double_divide(X1,identity))),double_divide(identity,identity)) [superposition 1,85]
187. double_divide(double_divide(X1,X0),identity) = double_divide(double_divide(X0,double_divide(identity,double_divide(X1,identity))),identity) [forward demodulation 173,14]
199. double_divide(double_divide(double_divide(identity,identity),double_divide(identity,double_divide(double_divide(X1,double_divide(double_divide(double_divide(X0,identity),double_divide(X2,X1)),double_divide(X2,identity))),identity))),double_divide(identity,identity)) = X0 [superposition 5,2]
279. double_divide(double_divide(identity,double_divide(identity,double_divide(double_divide(X1,double_divide(double_divide(double_divide(X0,identity),double_divide(X2,X1)),double_divide(X2,identity))),identity))),identity) = X0 [forward demodulation 199,14]
316. double_divide(double_divide(double_divide(X1,double_divide(double_divide(double_divide(X0,identity),double_divide(X2,X1)),double_divide(X2,identity))),identity),identity) = X0 [forward demodulation 279,187]
351. double_divide(double_divide(X0,identity),identity) = X0 [forward demodulation 316,25]
458. a2 != a2 [superposition 3,351]
471. $false [trivial inequality removal 458]
% SZS output end Proof for GRP574-1_clausified
% ------------------------------
% Version: Vampire 5.0.0 (Release build, commit 2e2c9b7b8 on 2026-01-17 12:24:14 +0100)
% Linked with Z3 4.14.0.0 3c47fd96cf5645d0c42b2c819d9e9a84380aa721 z3-4.8.4-9178-g3c47fd96c
% CaDiCaL version: 2.1.3
% Termination reason: Refutation
% Time elapsed: 0.007 s
% Peak memory usage: 71 MB
% Instructions burned: 19 (million)
% ------------------------------
% ------------------------------
