% Running in auto input_syntax mode. Trying TPTP
% Refutation found. Thanks to Tanya!
% SZS status Unsatisfiable for GRP134-1.003
% SZS output start Proof for GRP134-1.003
1. group_element(e_1) [input(axiom)]
2. group_element(e_2) [input(axiom)]
3. group_element(e_3) [input(axiom)]
4. ~equalish(e_1,e_2) [input(axiom)]
5. ~equalish(e_1,e_3) [input(axiom)]
6. ~equalish(e_2,e_1) [input(axiom)]
7. ~equalish(e_2,e_3) [input(axiom)]
8. ~equalish(e_3,e_1) [input(axiom)]
9. ~equalish(e_3,e_2) [input(axiom)]
10. product(X0,X1,e_3) | ~group_element(X1) | product(X0,X1,e_1) | product(X0,X1,e_2) | ~group_element(X0) [input(axiom)]
11. ~product(X0,X1,X3) | ~product(X0,X1,X2) | equalish(X2,X3) [input(axiom)]
12. ~product(X0,X3,X2) | ~product(X0,X1,X2) | equalish(X1,X3) [input(axiom)]
13. ~product(X3,X1,X2) | ~product(X0,X1,X2) | equalish(X0,X3) [input(axiom)]
14. ~product(X1,X0,X3) | ~product(X0,X1,X2) | product(X2,X3,X1) [input(negated conjecture)]
15. ~product(X2,X0,e_3) | product(X1,X0,e_1) | product(X1,X0,e_2) | ~group_element(X1) | ~group_element(X0) | equalish(X2,X1) [resolution 10,13]
16. ~product(X1,X2,e_3) | product(X1,X0,e_1) | product(X1,X0,e_2) | ~group_element(X1) | ~group_element(X0) | equalish(X2,X0) [resolution 10,12]
17. ~product(X1,X0,X2) | product(X1,X0,e_1) | product(X1,X0,e_2) | ~group_element(X1) | ~group_element(X0) | equalish(X2,e_3) [resolution 10,11]
18. ~product(X0,X1,X2) | product(X1,X0,e_1) | product(X1,X0,e_2) | ~group_element(X1) | ~group_element(X0) | product(X2,e_3,X1) [resolution 10,14]
19. product(X0,X1,e_1) | product(X0,X1,e_2) | ~group_element(X0) | ~group_element(X1) | product(e_3,e_3,X0) | ~group_element(X0) | product(X1,X0,e_1) | product(X1,X0,e_2) | ~group_element(X1) [resolution 18,10]
20. product(e_3,e_3,X0) | product(X1,X0,e_2) | product(X0,X1,e_2) | ~group_element(X1) | ~group_element(X0) | product(X1,X0,e_1) | product(X0,X1,e_1) [duplicate literal removal 19]
21. product(X0,X1,e_1) | product(X0,X1,e_2) | ~group_element(X0) | ~group_element(X1) | equalish(X2,X0) | ~group_element(X1) | product(X2,X1,e_1) | product(X2,X1,e_2) | ~group_element(X2) [resolution 15,10]
22. product(X2,X1,e_2) | product(X0,X1,e_2) | equalish(X2,X0) | ~group_element(X1) | ~group_element(X0) | product(X2,X1,e_1) | product(X0,X1,e_1) | ~group_element(X2) [duplicate literal removal 21]
24. ~product(X2,e_3,X0) | product(X0,X1,e_2) | ~group_element(X1) | ~group_element(X0) | product(X1,X0,e_1) | product(X0,X1,e_1) | product(X1,X0,e_2) | equalish(X2,e_3) [resolution 20,13]
25. ~product(e_3,X2,X0) | product(X0,X1,e_2) | ~group_element(X1) | ~group_element(X0) | product(X1,X0,e_1) | product(X0,X1,e_1) | product(X1,X0,e_2) | equalish(X2,e_3) [resolution 20,12]
33. ~product(X1,X0,X2) | product(X1,X0,e_2) | ~group_element(X0) | ~group_element(X1) | product(X0,X1,e_1) | product(X1,X0,e_1) | product(e_3,e_3,X1) | product(X2,e_2,X0) [resolution 20,14]
34. product(e_3,e_3,X0) | product(X1,X0,e_2) | ~group_element(X1) | ~group_element(X0) | product(X1,X0,e_1) | product(X0,X1,e_1) | product(X1,X0,e_1) | product(X1,X0,e_2) | ~group_element(X1) | ~group_element(X0) | product(e_2,e_3,X1) [resolution 20,18]
39. product(e_3,e_3,X0) | product(X0,X0,e_2) | ~group_element(X0) | ~group_element(X0) | product(X0,X0,e_1) | product(X0,X0,e_1) [factoring 20]
40. product(e_3,e_3,X0) | product(X0,X0,e_2) | ~group_element(X0) | product(X0,X0,e_1) [duplicate literal removal 39]
41. product(e_3,e_3,X0) | product(e_2,e_3,X1) | product(X1,X0,e_2) | product(X0,X1,e_1) | product(X1,X0,e_1) | ~group_element(X0) | ~group_element(X1) [duplicate literal removal 34]
48. 1 <=> ! [X1] : (product(X1,e_3,e_1) | equalish(e_3,X1) | ~group_element(X1) | product(X1,e_3,e_2)) [avatar definition]
49. product(X1,e_3,e_2) | equalish(e_3,X1) | ~group_element(X1) | product(X1,e_3,e_1) <- (1) [avatar component clause 48]
55. 3 <=> product(e_3,e_3,e_2) [avatar definition]
56. ~product(e_3,e_3,e_2) <- (~3) [avatar component clause 55]
57. product(e_3,e_3,e_2) <- (3) [avatar component clause 55]
59. 4 <=> product(e_3,e_3,e_1) [avatar definition]
60. ~product(e_3,e_3,e_1) <- (~4) [avatar component clause 59]
61. product(e_3,e_3,e_1) <- (4) [avatar component clause 59]
66. product(X0,X1,e_1) | product(X0,X1,e_2) | ~group_element(X0) | ~group_element(X1) | equalish(X2,X1) | ~group_element(X2) | product(X0,X2,e_1) | product(X0,X2,e_2) | ~group_element(X0) [resolution 16,10]
69. product(X0,X2,e_2) | product(X0,X1,e_2) | equalish(X2,X1) | ~group_element(X1) | ~group_element(X0) | ~group_element(X2) | product(X0,X2,e_1) | product(X0,X1,e_1) [duplicate literal removal 66]
79. product(e_3,e_3,e_1) | product(e_3,e_3,e_2) | ~group_element(e_3) | ~group_element(e_3) | equalish(X0,e_3) | product(X1,X0,e_2) | product(X0,X1,e_2) | ~group_element(X1) | ~group_element(X0) | product(X1,X0,e_1) | product(X0,X1,e_1) [resolution 17,20]
82. product(e_3,e_3,e_1) | product(e_3,e_3,e_2) | ~group_element(e_3) | equalish(X0,e_3) | product(X1,X0,e_2) | product(X0,X1,e_2) | ~group_element(X1) | ~group_element(X0) | product(X1,X0,e_1) | product(X0,X1,e_1) [duplicate literal removal 79]
103. 8 <=> product(e_3,e_3,e_3) [avatar definition]
104. ~product(e_3,e_3,e_3) <- (~8) [avatar component clause 103]
105. product(e_3,e_3,e_3) <- (8) [avatar component clause 103]
110. product(e_3,e_3,e_1) | ~group_element(e_3) | equalish(X0,e_3) | product(X1,X0,e_2) | product(X0,X1,e_2) | ~group_element(X1) | ~group_element(X0) | product(X1,X0,e_1) | product(X0,X1,e_1) <- (~3) [forward subsumption resolution 82,56]
111. product(e_3,e_3,e_1) | equalish(X0,e_3) | product(X1,X0,e_2) | product(X0,X1,e_2) | ~group_element(X1) | ~group_element(X0) | product(X1,X0,e_1) | product(X0,X1,e_1) <- (~3) [forward subsumption resolution 110,3]
113. 10 <=> ! [X0,X1] : (equalish(X0,e_3) | product(X0,X1,e_1) | product(X1,X0,e_1) | ~group_element(X0) | ~group_element(X1) | product(X0,X1,e_2) | product(X1,X0,e_2)) [avatar definition]
114. product(X1,X0,e_2) | product(X0,X1,e_2) | product(X1,X0,e_1) | ~group_element(X0) | ~group_element(X1) | product(X0,X1,e_1) | equalish(X0,e_3) <- (10) [avatar component clause 113]
115. 10 | 4 | 3 [avatar split clause 111,55,59,113]
118. ~product(X0,e_3,e_2) | equalish(X0,e_3) <- (3) [resolution 57,13]
129. ~product(X1,X0,X3) | equalish(X0,X2) | ~group_element(X1) | ~group_element(X2) | product(X0,X1,e_1) | product(X2,X1,e_1) | ~group_element(X0) | product(X2,X1,e_2) | product(X3,e_2,X0) [resolution 22,14]
143. product(X0,e_3,e_1) | product(X0,e_3,e_2) | ~group_element(X0) | ~group_element(e_3) | equalish(e_3,X0) <- (8) [resolution 105,15]
152. product(X0,e_3,e_1) | product(X0,e_3,e_2) | ~group_element(X0) | equalish(e_3,X0) <- (8) [forward subsumption resolution 143,3]
154. 1 | ~8 [avatar split clause 152,103,48]
187. ~product(X1,X0,e_2) | ~group_element(X0) | product(X0,X0,e_1) | product(e_3,e_3,X0) | equalish(X1,X0) [resolution 40,13]
188. ~product(X0,X1,e_2) | ~group_element(X0) | product(X0,X0,e_1) | product(e_3,e_3,X0) | equalish(X1,X0) [resolution 40,12]
232. 11 <=> product(e_2,e_3,e_3) [avatar definition]
233. ~product(e_2,e_3,e_3) <- (~11) [avatar component clause 232]
234. product(e_2,e_3,e_3) <- (11) [avatar component clause 232]
251. product(e_3,e_2,e_1) | product(e_3,e_2,e_2) | ~group_element(e_3) | ~group_element(e_2) | product(e_3,e_3,e_3) <- (11) [resolution 234,18]
256. product(e_3,e_2,e_1) | product(e_3,e_2,e_2) | ~group_element(e_2) | product(e_3,e_3,e_3) <- (11) [forward subsumption resolution 251,3]
259. product(e_3,e_2,e_1) | product(e_3,e_2,e_2) | product(e_3,e_3,e_3) <- (11) [forward subsumption resolution 256,2]
260. product(e_3,e_2,e_1) | product(e_3,e_2,e_2) <- (~8, 11) [forward subsumption resolution 259,104]
262. 14 <=> product(e_3,e_2,e_2) [avatar definition]
263. ~product(e_3,e_2,e_2) <- (~14) [avatar component clause 262]
264. product(e_3,e_2,e_2) <- (14) [avatar component clause 262]
266. 15 <=> product(e_3,e_2,e_1) [avatar definition]
267. ~product(e_3,e_2,e_1) <- (~15) [avatar component clause 266]
268. product(e_3,e_2,e_1) <- (15) [avatar component clause 266]
269. 14 | 15 | 8 | ~11 [avatar split clause 260,232,103,266,262]
310. ~group_element(e_3) | product(e_2,e_3,e_1) | product(e_2,e_3,e_2) | ~group_element(e_2) <- (~11) [resolution 233,10]
311. product(e_2,e_3,e_1) | product(e_2,e_3,e_2) | ~group_element(e_2) <- (~11) [forward subsumption resolution 310,3]
312. product(e_2,e_3,e_1) | product(e_2,e_3,e_2) <- (~11) [forward subsumption resolution 311,2]
314. 16 <=> product(e_2,e_3,e_2) [avatar definition]
315. ~product(e_2,e_3,e_2) <- (~16) [avatar component clause 314]
316. product(e_2,e_3,e_2) <- (16) [avatar component clause 314]
318. 17 <=> product(e_2,e_3,e_1) [avatar definition]
319. ~product(e_2,e_3,e_1) <- (~17) [avatar component clause 318]
320. product(e_2,e_3,e_1) <- (17) [avatar component clause 318]
321. 16 | 17 | 11 [avatar split clause 312,232,318,314]
431. product(e_2,e_3,e_1) | product(e_2,e_3,e_2) | ~group_element(e_2) | ~group_element(e_3) | product(e_2,e_3,e_2) <- (14) [resolution 264,18]
436. product(e_2,e_3,e_1) | product(e_2,e_3,e_2) | ~group_element(e_2) | ~group_element(e_3) <- (14) [duplicate literal removal 431]
468. equalish(e_2,e_3) <- (3, 16) [resolution 316,118]
475. $false <- (3, 16) [forward subsumption resolution 468,7]
476. ~3 | ~16 [avatar contradiction clause 475]
512. equalish(e_3,e_2) | ~group_element(e_2) | product(e_2,e_3,e_1) <- (1, ~16) [resolution 315,49]
568. 21 <=> ! [X0] : (product(e_2,X0,e_2) | product(X0,e_2,e_2) | product(e_2,X0,e_1) | product(X0,e_2,e_1) | ~group_element(X0)) [avatar definition]
569. product(e_2,X0,e_2) | product(X0,e_2,e_2) | product(e_2,X0,e_1) | product(X0,e_2,e_1) | ~group_element(X0) <- (21) [avatar component clause 568]
596. 27 <=> ! [X0] : (product(e_1,X0,e_2) | product(X0,e_1,e_2) | product(e_1,X0,e_1) | product(X0,e_1,e_1) | ~group_element(X0)) [avatar definition]
597. product(e_1,X0,e_2) | product(X0,e_1,e_2) | product(e_1,X0,e_1) | product(X0,e_1,e_1) | ~group_element(X0) <- (27) [avatar component clause 596]
645. 33 <=> ! [X1] : (equalish(X1,e_3) | ~group_element(X1) | product(e_3,X1,e_2) | product(e_3,e_3,X1)) [avatar definition]
646. product(e_3,e_3,X1) | product(e_3,X1,e_2) | ~group_element(X1) | equalish(X1,e_3) <- (33) [avatar component clause 645]
670. 35 <=> product(e_2,e_2,e_1) [avatar definition]
671. ~product(e_2,e_2,e_1) <- (~35) [avatar component clause 670]
672. product(e_2,e_2,e_1) <- (35) [avatar component clause 670]
674. 36 <=> product(e_2,e_2,e_2) [avatar definition]
675. ~product(e_2,e_2,e_2) <- (~36) [avatar component clause 674]
676. product(e_2,e_2,e_2) <- (36) [avatar component clause 674]
685. ~product(e_3,X0,e_2) | equalish(X0,e_3) <- (3) [resolution 57,12]
694. ~product(X0,e_3,e_1) | equalish(X0,e_3) <- (4) [resolution 61,13]
695. ~product(e_3,X0,e_1) | equalish(X0,e_3) <- (4) [resolution 61,12]
758. product(e_3,e_3,e_2) | ~group_element(e_3) | product(e_3,e_3,e_1) <- (~8) [resolution 104,40]
1021. equalish(e_2,e_3) <- (3, 14) [resolution 685,264]
1037. $false <- (3, 14) [forward subsumption resolution 1021,7]
1038. ~3 | ~14 [avatar contradiction clause 1037]
1062. ~product(e_2,e_2,X0) | equalish(X0,e_1) <- (35) [resolution 672,11]
1126. equalish(X0,e_3) | product(e_3,e_3,X0) | product(e_2,e_3,e_3) | product(e_3,X0,e_2) | product(e_3,X0,e_1) | ~group_element(X0) | ~group_element(e_3) <- (4) [resolution 694,41]
1132. equalish(e_2,e_3) <- (4, 17) [resolution 694,320]
1133. $false <- (4, 17) [forward subsumption resolution 1132,7]
1134. ~4 | ~17 [avatar contradiction clause 1133]
1135. equalish(X0,e_3) | product(e_3,e_3,X0) | product(e_3,X0,e_2) | product(e_3,X0,e_1) | ~group_element(X0) | ~group_element(e_3) <- (4, ~11) [forward subsumption resolution 1126,233]
1137. equalish(X0,e_3) | product(e_3,e_3,X0) | product(e_3,X0,e_2) | product(e_3,X0,e_1) | ~group_element(X0) <- (4, ~11) [forward subsumption resolution 1135,3]
1139. equalish(X0,e_3) | product(e_3,e_3,X0) | product(e_3,X0,e_2) | ~group_element(X0) <- (4, ~11) [forward subsumption resolution 1137,695]
1141. 33 | ~4 | 11 [avatar split clause 1139,232,59,645]
1144. product(e_2,e_3,e_2) | ~group_element(e_2) | ~group_element(e_3) <- (14, ~17) [forward subsumption resolution 436,319]
1149. ~group_element(e_2) | product(e_2,e_3,e_1) <- (1, ~16) [forward subsumption resolution 512,9]
1150. ~group_element(e_2) | ~group_element(e_3) <- (14, ~16, ~17) [forward subsumption resolution 1144,315]
1155. product(e_2,e_3,e_1) <- (1, ~16) [forward subsumption resolution 1149,2]
1156. ~group_element(e_3) <- (14, ~16, ~17) [forward subsumption resolution 1150,2]
1163. $false <- (14, ~16, ~17) [forward subsumption resolution 1156,3]
1164. ~14 | 16 | 17 [avatar contradiction clause 1163]
1174. ~group_element(e_3) | product(e_3,e_3,e_1) <- (~3, ~8) [forward subsumption resolution 758,56]
1186. product(e_3,e_3,e_1) <- (~3, ~8) [forward subsumption resolution 1174,3]
1233. ~product(e_2,e_3,X0) | equalish(X0,e_3) <- (11) [resolution 234,11]
1271. product(X0,X0,e_2) | product(X0,X0,e_1) | ~group_element(X0) | ~group_element(X0) | product(X0,X0,e_1) | equalish(X0,e_3) <- (10) [factoring 114]
1272. product(X0,X0,e_2) | product(X0,X0,e_1) | ~group_element(X0) | equalish(X0,e_3) <- (10) [duplicate literal removal 1271]
1302. ~product(e_3,e_2,X0) | product(X0,e_2,e_2) <- (16) [resolution 316,14]
1354. product(e_3,e_2,e_2) | ~group_element(e_2) | ~group_element(e_3) | product(e_2,e_3,e_1) | product(e_3,e_2,e_1) | product(e_3,e_3,e_3) | product(e_2,e_2,e_2) <- (14) [resolution 33,264]
1386. ~group_element(e_2) | ~group_element(e_3) | product(e_2,e_3,e_1) | product(e_3,e_2,e_1) | product(e_3,e_3,e_3) | product(e_2,e_2,e_2) <- (14, 16) [forward subsumption resolution 1354,1302]
1388. ~group_element(e_3) | product(e_2,e_3,e_1) | product(e_3,e_2,e_1) | product(e_3,e_3,e_3) | product(e_2,e_2,e_2) <- (14, 16) [forward subsumption resolution 1386,2]
1390. product(e_2,e_3,e_1) | product(e_3,e_2,e_1) | product(e_3,e_3,e_3) | product(e_2,e_2,e_2) <- (14, 16) [forward subsumption resolution 1388,3]
1392. 52 <=> product(e_2,e_2,e_3) [avatar definition]
1394. product(e_2,e_2,e_3) <- (52) [avatar component clause 1392]
1399. product(e_3,e_2,e_1) | product(e_3,e_3,e_3) | product(e_2,e_2,e_2) <- (14, 16, ~17) [forward subsumption resolution 1390,319]
1400. product(e_3,e_2,e_1) | product(e_2,e_2,e_2) <- (~8, 14, 16, ~17) [forward subsumption resolution 1399,104]
1401. 36 | 15 | 8 | ~14 | ~16 | 17 [avatar split clause 1400,318,314,262,103,266,674]
1408. ~product(e_2,e_2,X0) | equalish(X0,e_2) <- (36) [resolution 676,11]
1409. ~product(e_2,X0,e_2) | equalish(X0,e_2) <- (36) [resolution 676,12]
1666. 59 <=> product(e_1,e_2,e_2) [avatar definition]
1667. ~product(e_1,e_2,e_2) <- (~59) [avatar component clause 1666]
1668. product(e_1,e_2,e_2) <- (59) [avatar component clause 1666]
1778. product(e_1,e_1,e_2) | ~group_element(e_1) | product(e_1,e_1,e_1) <- (~4) [resolution 60,40]
1780. product(e_1,e_1,e_2) | product(e_1,e_1,e_1) <- (~4) [forward subsumption resolution 1778,1]
1783. 71 <=> product(e_1,e_1,e_1) [avatar definition]
1784. ~product(e_1,e_1,e_1) <- (~71) [avatar component clause 1783]
1785. product(e_1,e_1,e_1) <- (71) [avatar component clause 1783]
1787. 72 <=> product(e_1,e_1,e_2) [avatar definition]
1789. product(e_1,e_1,e_2) <- (72) [avatar component clause 1787]
1790. 71 | 72 | 4 [avatar split clause 1780,59,1787,1783]
1795. 73 <=> ! [X0] : (equalish(X0,e_3) | product(X0,e_2,e_2) | ~group_element(X0) | product(X0,e_2,e_1)) [avatar definition]
1796. product(X0,e_2,e_2) | equalish(X0,e_3) | ~group_element(X0) | product(X0,e_2,e_1) <- (73) [avatar component clause 1795]
1802. ~product(e_3,e_3,X0) | equalish(X0,e_1) <- (4) [resolution 61,11]
1803. ~product(e_3,X0,e_1) | equalish(X0,e_3) <- (4) [resolution 61,12]
2377. 77 <=> ! [X3] : (equalish(X3,e_2) | product(e_3,X3,e_2) | product(e_3,X3,e_1) | ~group_element(X3)) [avatar definition]
2378. product(e_3,X3,e_2) | equalish(X3,e_2) | product(e_3,X3,e_1) | ~group_element(X3) <- (77) [avatar component clause 2377]
2544. product(X0,e_2,e_2) | equalish(X0,e_3) | ~group_element(e_2) | ~group_element(e_3) | product(X0,e_2,e_1) | product(e_3,e_2,e_1) | ~group_element(X0) <- (~14) [resolution 263,22]
2547. product(e_3,X0,e_2) | equalish(X0,e_2) | ~group_element(e_2) | ~group_element(e_3) | ~group_element(X0) | product(e_3,X0,e_1) | product(e_3,e_2,e_1) <- (~14) [resolution 263,69]
2989. product(e_2,e_1,e_1) | product(e_2,e_1,e_2) | ~group_element(e_2) | ~group_element(e_1) | product(e_2,e_3,e_2) <- (59) [resolution 1668,18]
3079. equalish(e_3,e_1) <- (4, 8) [resolution 1802,105]
3113. $false <- (4, 8) [forward subsumption resolution 3079,8]
3114. ~4 | ~8 [avatar contradiction clause 3113]
3319. equalish(e_2,e_3) <- (4, 15) [resolution 1803,268]
3326. $false <- (4, 15) [forward subsumption resolution 3319,7]
3327. ~4 | ~15 [avatar contradiction clause 3326]
3331. product(e_2,e_1,e_1) | product(e_2,e_1,e_2) | ~group_element(e_1) | product(e_2,e_3,e_2) <- (59) [forward subsumption resolution 2989,2]
3348. product(e_2,e_1,e_1) | product(e_2,e_1,e_2) | product(e_2,e_3,e_2) <- (59) [forward subsumption resolution 3331,1]
3356. product(e_2,e_1,e_1) | product(e_2,e_1,e_2) <- (~16, 59) [forward subsumption resolution 3348,315]
3376. 88 <=> product(e_2,e_1,e_2) [avatar definition]
3377. ~product(e_2,e_1,e_2) <- (~88) [avatar component clause 3376]
3378. product(e_2,e_1,e_2) <- (88) [avatar component clause 3376]
3380. 89 <=> product(e_2,e_1,e_1) [avatar definition]
3381. ~product(e_2,e_1,e_1) <- (~89) [avatar component clause 3380]
3382. product(e_2,e_1,e_1) <- (89) [avatar component clause 3380]
3383. 88 | 89 | 16 | ~59 [avatar split clause 3356,1666,314,3380,3376]
3694. 17 | ~1 | 16 [avatar split clause 1155,314,48,318]
3966. 92 <=> product(e_1,e_2,e_1) [avatar definition]
3967. ~product(e_1,e_2,e_1) <- (~92) [avatar component clause 3966]
3968. product(e_1,e_2,e_1) <- (92) [avatar component clause 3966]
4291. equalish(e_2,e_1) <- (35, 36) [resolution 1062,676]
4292. equalish(e_3,e_1) <- (35, 52) [resolution 1062,1394]
4307. $false <- (35, 52) [forward subsumption resolution 4292,8]
4308. ~35 | ~52 [avatar contradiction clause 4307]
4309. $false <- (35, 36) [forward subsumption resolution 4291,6]
4310. ~35 | ~36 [avatar contradiction clause 4309]
4491. equalish(e_2,e_3) <- (11, 16) [resolution 1233,316]
4504. $false <- (11, 16) [forward subsumption resolution 4491,7]
4505. ~11 | ~16 [avatar contradiction clause 4504]
4515. equalish(e_3,e_2) <- (36, 52) [resolution 1408,1394]
4531. $false <- (36, 52) [forward subsumption resolution 4515,9]
4532. ~36 | ~52 [avatar contradiction clause 4531]
4544. equalish(e_3,e_2) <- (16, 36) [resolution 1409,316]
4584. $false <- (16, 36) [forward subsumption resolution 4544,9]
4585. ~16 | ~36 [avatar contradiction clause 4584]
4691. ~product(e_3,e_3,X0) | product(X0,e_2,e_3) <- (3) [resolution 57,14]
4919. ~product(e_2,e_1,X0) | product(X0,e_1,e_1) <- (92) [resolution 3968,14]
4921. product(e_2,e_1,e_1) | product(e_2,e_1,e_2) | ~group_element(e_2) | ~group_element(e_1) | product(e_1,e_3,e_2) <- (92) [resolution 3968,18]
4940. product(e_2,e_1,e_1) | product(e_2,e_1,e_2) | ~group_element(e_1) | product(e_1,e_3,e_2) <- (92) [forward subsumption resolution 4921,2]
4945. product(e_2,e_1,e_1) | ~group_element(e_1) | product(e_1,e_3,e_2) <- (92) [forward subsumption resolution 4940,4919]
4950. product(e_2,e_1,e_1) | product(e_1,e_3,e_2) <- (92) [forward subsumption resolution 4945,1]
4968. 108 <=> product(e_1,e_3,e_2) [avatar definition]
4969. ~product(e_1,e_3,e_2) <- (~108) [avatar component clause 4968]
4970. product(e_1,e_3,e_2) <- (108) [avatar component clause 4968]
4971. 108 | 89 | ~92 [avatar split clause 4950,3966,3380,4968]
4976. product(e_2,e_2,e_3) <- (3) [resolution 4691,57]
5074. 4 | 3 | 8 [avatar split clause 1186,103,55,59]
5109. product(e_3,X0,e_2) | equalish(X0,e_2) | ~group_element(e_3) | ~group_element(X0) | product(e_3,X0,e_1) | product(e_3,e_2,e_1) <- (~14) [forward subsumption resolution 2547,2]
5110. product(X0,e_2,e_2) | equalish(X0,e_3) | ~group_element(e_3) | product(X0,e_2,e_1) | product(e_3,e_2,e_1) | ~group_element(X0) <- (~14) [forward subsumption resolution 2544,2]
5152. product(e_3,X0,e_2) | equalish(X0,e_2) | ~group_element(X0) | product(e_3,X0,e_1) | product(e_3,e_2,e_1) <- (~14) [forward subsumption resolution 5109,3]
5153. product(X0,e_2,e_2) | equalish(X0,e_3) | product(X0,e_2,e_1) | product(e_3,e_2,e_1) | ~group_element(X0) <- (~14) [forward subsumption resolution 5110,3]
5195. product(e_3,X0,e_2) | equalish(X0,e_2) | ~group_element(X0) | product(e_3,X0,e_1) <- (~14, ~15) [forward subsumption resolution 5152,267]
5196. product(X0,e_2,e_2) | equalish(X0,e_3) | product(X0,e_2,e_1) | ~group_element(X0) <- (~14, ~15) [forward subsumption resolution 5153,267]
5238. 115 <=> ! [X0] : (equalish(X0,e_3) | product(e_2,X0,e_2) | product(e_2,X0,e_1) | ~group_element(X0)) [avatar definition]
5239. product(e_2,X0,e_2) | equalish(X0,e_3) | product(e_2,X0,e_1) | ~group_element(X0) <- (115) [avatar component clause 5238]
5248. 116 <=> ! [X0] : (equalish(e_2,X0) | product(X0,e_3,e_2) | product(X0,e_3,e_1) | ~group_element(X0)) [avatar definition]
5249. product(X0,e_3,e_2) | equalish(e_2,X0) | product(X0,e_3,e_1) | ~group_element(X0) <- (116) [avatar component clause 5248]
5271. 77 | 14 | 15 [avatar split clause 5195,266,262,2377]
5272. 73 | 14 | 15 [avatar split clause 5196,266,262,1795]
5362. ~product(e_2,X0,e_1) | equalish(X0,e_2) <- (35) [resolution 672,12]
5363. ~product(X0,e_2,e_1) | equalish(X0,e_2) <- (35) [resolution 672,13]
5890. product(e_1,e_2,e_2) | product(e_2,e_1,e_1) | ~group_element(e_1) | ~group_element(e_2) | product(e_1,e_2,e_1) | equalish(e_1,e_3) <- (10, ~88) [resolution 3377,114]
5895. product(e_3,e_2,e_2) | ~group_element(e_2) | equalish(e_2,e_3) <- (~3, 33) [resolution 646,56]
6025. ~group_element(e_2) | equalish(e_2,e_3) <- (~3, ~14, 33) [forward subsumption resolution 5895,263]
6040. equalish(e_2,e_3) <- (~3, ~14, 33) [forward subsumption resolution 6025,2]
6046. $false <- (~3, ~14, 33) [forward subsumption resolution 6040,7]
6047. 3 | 14 | ~33 [avatar contradiction clause 6046]
6080. equalish(e_2,X0) | ~group_element(e_3) | ~group_element(X0) | product(e_2,e_3,e_1) | product(X0,e_3,e_1) | ~group_element(e_2) | product(X0,e_3,e_2) | product(e_2,e_2,e_2) <- (14) [resolution 264,129]
6442. product(e_2,e_2,e_1) | ~group_element(e_2) | equalish(e_2,e_3) <- (10, ~36) [resolution 1272,675]
6521. equalish(e_2,e_3) | ~group_element(e_2) | product(e_2,e_2,e_1) <- (~36, 73) [resolution 1796,675]
6601. ~product(e_1,X0,e_2) | equalish(X0,e_1) <- (72) [resolution 1789,12]
6647. equalish(e_3,e_2) | product(e_3,e_3,e_1) | ~group_element(e_3) <- (~3, 77) [resolution 2378,56]
6710. product(e_3,e_3,e_1) | ~group_element(e_3) <- (~3, 77) [forward subsumption resolution 6647,9]
6711. ~group_element(e_3) <- (~3, ~4, 77) [forward subsumption resolution 6710,60]
6712. $false <- (~3, ~4, 77) [forward subsumption resolution 6711,3]
6713. 3 | 4 | ~77 [avatar contradiction clause 6712]
6794. product(e_1,X0,e_2) | ~group_element(X0) | ~group_element(e_1) | product(X0,e_1,e_1) | product(e_1,X0,e_1) | product(X0,e_1,e_2) | equalish(e_2,e_3) <- (15) [resolution 268,25]
6797. ~product(X0,e_2,e_1) | equalish(X0,e_3) <- (15) [resolution 268,13]
6962. equalish(e_3,e_2) <- (17, 35) [resolution 5362,320]
6982. $false <- (17, 35) [forward subsumption resolution 6962,9]
6983. ~17 | ~35 [avatar contradiction clause 6982]
7019. 126 <=> product(e_1,e_3,e_1) [avatar definition]
7020. ~product(e_1,e_3,e_1) <- (~126) [avatar component clause 7019]
7021. product(e_1,e_3,e_1) <- (126) [avatar component clause 7019]
7103. equalish(e_2,e_3) | product(e_2,e_2,e_1) | ~group_element(e_2) <- (~36, 115) [resolution 5239,675]
7247. equalish(e_2,e_3) | product(e_3,e_3,e_1) | ~group_element(e_3) <- (~3, 116) [resolution 5249,56]
7271. product(e_3,e_3,e_1) | ~group_element(e_3) <- (~3, 116) [forward subsumption resolution 7247,7]
7276. ~group_element(e_3) <- (~3, ~4, 116) [forward subsumption resolution 7271,60]
7277. $false <- (~3, ~4, 116) [forward subsumption resolution 7276,3]
7278. 3 | 4 | ~116 [avatar contradiction clause 7277]
7279. equalish(e_2,X0) | ~group_element(X0) | product(e_2,e_3,e_1) | product(X0,e_3,e_1) | ~group_element(e_2) | product(X0,e_3,e_2) | product(e_2,e_2,e_2) <- (14) [forward subsumption resolution 6080,3]
7281. equalish(e_2,X0) | ~group_element(X0) | product(X0,e_3,e_1) | ~group_element(e_2) | product(X0,e_3,e_2) | product(e_2,e_2,e_2) <- (14, ~17) [forward subsumption resolution 7279,319]
7282. equalish(e_2,X0) | ~group_element(X0) | product(X0,e_3,e_1) | product(X0,e_3,e_2) | product(e_2,e_2,e_2) <- (14, ~17) [forward subsumption resolution 7281,2]
7283. equalish(e_2,X0) | ~group_element(X0) | product(X0,e_3,e_1) | product(X0,e_3,e_2) <- (14, ~17, ~36) [forward subsumption resolution 7282,675]
7284. 116 | ~14 | 17 | 36 [avatar split clause 7283,674,318,262,5248]
7498. 131 <=> product(e_1,e_3,e_3) [avatar definition]
7499. ~product(e_1,e_3,e_3) <- (~131) [avatar component clause 7498]
7500. product(e_1,e_3,e_3) <- (131) [avatar component clause 7498]
7756. equalish(e_3,e_2) <- (15, 35) [resolution 5363,268]
7760. $false <- (15, 35) [forward subsumption resolution 7756,9]
7761. ~15 | ~35 [avatar contradiction clause 7760]
7775. 52 | ~3 [avatar split clause 4976,55,1392]
7782. ~group_element(e_2) | equalish(e_2,e_3) <- (10, 15, ~36) [forward subsumption resolution 6442,6797]
7783. ~group_element(e_2) | product(e_2,e_2,e_1) <- (~36, 73) [forward subsumption resolution 6521,7]
7790. product(e_2,e_2,e_1) | ~group_element(e_2) <- (~36, 115) [forward subsumption resolution 7103,7]
7799. equalish(e_2,e_3) <- (10, 15, ~36) [forward subsumption resolution 7782,2]
7800. product(e_2,e_2,e_1) <- (~36, 73) [forward subsumption resolution 7783,2]
7807. ~group_element(e_2) <- (~35, ~36, 115) [forward subsumption resolution 7790,671]
7815. $false <- (10, 15, ~36) [forward subsumption resolution 7799,7]
7816. ~10 | ~15 | 36 [avatar contradiction clause 7815]
7817. $false <- (~35, ~36, 73) [forward subsumption resolution 7800,671]
7818. 35 | 36 | ~73 [avatar contradiction clause 7817]
7827. $false <- (~35, ~36, 115) [forward subsumption resolution 7807,2]
7828. 35 | 36 | ~115 [avatar contradiction clause 7827]
7864. ~product(X0,e_3,e_2) | equalish(X0,e_3) <- (3) [resolution 57,13]
7938. product(e_2,X0,e_2) | equalish(X0,e_3) | ~group_element(e_3) | ~group_element(e_2) | ~group_element(X0) | product(e_2,X0,e_1) | product(e_2,e_3,e_1) <- (~16) [resolution 315,69]
8122. ~product(e_2,X0,e_1) | equalish(X0,e_3) <- (17) [resolution 320,12]
8219. equalish(e_1,e_3) <- (3, 108) [resolution 7864,4970]
8234. $false <- (3, 108) [forward subsumption resolution 8219,5]
8235. ~3 | ~108 [avatar contradiction clause 8234]
8244. ~group_element(e_3) | product(e_1,e_3,e_1) | product(e_1,e_3,e_2) | ~group_element(e_1) <- (~131) [resolution 7499,10]
8484. equalish(e_2,e_1) <- (59, 72) [resolution 6601,1668]
8506. $false <- (59, 72) [forward subsumption resolution 8484,6]
8507. ~59 | ~72 [avatar contradiction clause 8506]
8509. ~product(e_1,X0,e_1) | equalish(X0,e_1) <- (71) [resolution 1785,12]
9029. equalish(e_3,e_1) <- (71, 126) [resolution 8509,7021]
9031. $false <- (71, 126) [forward subsumption resolution 9029,8]
9032. ~71 | ~126 [avatar contradiction clause 9031]
9036. product(e_1,e_3,e_1) | product(e_1,e_3,e_2) | ~group_element(e_1) <- (~131) [forward subsumption resolution 8244,3]
9040. product(e_1,e_3,e_2) | ~group_element(e_1) <- (~126, ~131) [forward subsumption resolution 9036,7020]
9042. ~group_element(e_1) <- (~108, ~126, ~131) [forward subsumption resolution 9040,4969]
9045. $false <- (~108, ~126, ~131) [forward subsumption resolution 9042,1]
9046. 108 | 126 | 131 [avatar contradiction clause 9045]
9133. ~product(e_3,e_1,X0) | product(X0,e_3,e_1) <- (131) [resolution 7500,14]
9430. ~group_element(e_1) | product(e_1,e_1,e_1) | product(e_3,e_3,e_1) | equalish(e_2,e_1) <- (88) [resolution 187,3378]
10559. product(e_2,e_2,e_2) | product(e_2,e_2,e_1) | product(e_2,e_2,e_1) | ~group_element(e_2) <- (21) [factoring 569]
10560. product(e_2,e_2,e_2) | product(e_2,e_2,e_1) | ~group_element(e_2) <- (21) [duplicate literal removal 10559]
10605. product(e_2,e_2,e_1) | ~group_element(e_2) <- (21, ~36) [forward subsumption resolution 10560,675]
10617. ~group_element(e_2) <- (21, ~35, ~36) [forward subsumption resolution 10605,671]
10619. $false <- (21, ~35, ~36) [forward subsumption resolution 10617,2]
10620. ~21 | 35 | 36 [avatar contradiction clause 10619]
10716. product(e_1,e_3,e_2) | product(e_1,e_3,e_1) | product(e_3,e_1,e_1) | ~group_element(e_3) | product(e_2,X0,e_2) | ~group_element(X0) | ~group_element(e_2) | product(X0,e_2,e_1) | product(e_2,X0,e_1) | product(X0,e_2,e_2) | equalish(e_1,e_3) <- (27) [resolution 597,25]
10763. product(e_1,e_3,e_1) | product(e_3,e_1,e_1) | ~group_element(e_3) | product(e_2,X0,e_2) | ~group_element(X0) | ~group_element(e_2) | product(X0,e_2,e_1) | product(e_2,X0,e_1) | product(X0,e_2,e_2) | equalish(e_1,e_3) <- (27) [forward subsumption resolution 10716,24]
10777. product(e_1,e_3,e_1) | ~group_element(e_3) | product(e_2,X0,e_2) | ~group_element(X0) | ~group_element(e_2) | product(X0,e_2,e_1) | product(e_2,X0,e_1) | product(X0,e_2,e_2) | equalish(e_1,e_3) <- (27, 131) [forward subsumption resolution 10763,9133]
10780. ~group_element(e_3) | product(e_2,X0,e_2) | ~group_element(X0) | ~group_element(e_2) | product(X0,e_2,e_1) | product(e_2,X0,e_1) | product(X0,e_2,e_2) | equalish(e_1,e_3) <- (27, ~126, 131) [forward subsumption resolution 10777,7020]
10783. product(e_2,X0,e_2) | ~group_element(X0) | ~group_element(e_2) | product(X0,e_2,e_1) | product(e_2,X0,e_1) | product(X0,e_2,e_2) | equalish(e_1,e_3) <- (27, ~126, 131) [forward subsumption resolution 10780,3]
10786. product(e_2,X0,e_2) | ~group_element(X0) | product(X0,e_2,e_1) | product(e_2,X0,e_1) | product(X0,e_2,e_2) | equalish(e_1,e_3) <- (27, ~126, 131) [forward subsumption resolution 10783,2]
10790. product(e_2,X0,e_2) | ~group_element(X0) | product(X0,e_2,e_1) | product(e_2,X0,e_1) | product(X0,e_2,e_2) <- (27, ~126, 131) [forward subsumption resolution 10786,5]
10792. 21 | ~27 | 126 | ~131 [avatar split clause 10790,7498,7019,596,568]
10812. product(e_1,e_1,e_1) | product(e_3,e_3,e_1) | equalish(e_2,e_1) <- (88) [forward subsumption resolution 9430,1]
10820. product(e_3,e_3,e_1) | equalish(e_2,e_1) <- (~71, 88) [forward subsumption resolution 10812,1784]
10821. equalish(e_2,e_1) <- (~4, ~71, 88) [forward subsumption resolution 10820,60]
10822. $false <- (~4, ~71, 88) [forward subsumption resolution 10821,6]
10823. 4 | 71 | ~88 [avatar contradiction clause 10822]
11122. product(e_1,e_2,e_2) | product(e_1,e_2,e_1) | product(e_2,e_1,e_1) | ~group_element(e_2) <- (27, ~88) [resolution 3377,597]
11129. product(e_1,e_2,e_1) | product(e_2,e_1,e_1) | ~group_element(e_2) <- (27, ~59, ~88) [forward subsumption resolution 11122,1667]
11130. product(e_2,e_1,e_1) | ~group_element(e_2) <- (27, ~59, ~88, ~92) [forward subsumption resolution 11129,3967]
11131. product(e_2,e_1,e_1) <- (27, ~59, ~88, ~92) [forward subsumption resolution 11130,2]
11132. 89 | ~27 | 59 | 88 | 92 [avatar split clause 11131,3966,3376,1666,596,3380]
11265. equalish(e_1,e_3) <- (17, 89) [resolution 3382,8122]
11290. $false <- (17, 89) [forward subsumption resolution 11265,5]
11291. ~17 | ~89 [avatar contradiction clause 11290]
11302. product(e_2,X0,e_2) | equalish(X0,e_3) | ~group_element(e_2) | ~group_element(X0) | product(e_2,X0,e_1) | product(e_2,e_3,e_1) <- (~16) [forward subsumption resolution 7938,3]
11347. product(e_2,X0,e_2) | equalish(X0,e_3) | ~group_element(X0) | product(e_2,X0,e_1) | product(e_2,e_3,e_1) <- (~16) [forward subsumption resolution 11302,2]
11398. product(e_2,X0,e_2) | equalish(X0,e_3) | ~group_element(X0) | product(e_2,X0,e_1) <- (~16, ~17) [forward subsumption resolution 11347,319]
11414. 115 | 16 | 17 [avatar split clause 11398,318,314,5238]
11541. product(e_2,e_1,e_1) | ~group_element(e_1) | ~group_element(e_2) | product(e_1,e_2,e_1) | equalish(e_1,e_3) <- (10, ~59, ~88) [forward subsumption resolution 5890,1667]
11552. product(e_1,X0,e_2) | ~group_element(X0) | product(X0,e_1,e_1) | product(e_1,X0,e_1) | product(X0,e_1,e_2) | equalish(e_2,e_3) <- (15) [forward subsumption resolution 6794,1]
11559. ~group_element(e_1) | ~group_element(e_2) | product(e_1,e_2,e_1) | equalish(e_1,e_3) <- (10, ~59, ~88, ~89) [forward subsumption resolution 11541,3381]
11569. product(e_1,X0,e_2) | ~group_element(X0) | product(X0,e_1,e_1) | product(e_1,X0,e_1) | product(X0,e_1,e_2) <- (15) [forward subsumption resolution 11552,7]
11582. ~group_element(e_2) | product(e_1,e_2,e_1) | equalish(e_1,e_3) <- (10, ~59, ~88, ~89) [forward subsumption resolution 11559,1]
11591. 27 | ~15 [avatar split clause 11569,266,596]
11594. product(e_1,e_2,e_1) | equalish(e_1,e_3) <- (10, ~59, ~88, ~89) [forward subsumption resolution 11582,2]
11601. equalish(e_1,e_3) <- (10, 15, ~59, ~88, ~89) [forward subsumption resolution 11594,6797]
11606. $false <- (10, 15, ~59, ~88, ~89) [forward subsumption resolution 11601,5]
11607. ~10 | ~15 | 59 | 88 | 89 [avatar contradiction clause 11606]
12277. ~group_element(e_2) | product(e_2,e_2,e_1) | product(e_3,e_3,e_2) | equalish(e_3,e_2) <- (14) [resolution 264,187]
12299. product(e_2,e_2,e_1) | product(e_3,e_3,e_2) | equalish(e_3,e_2) <- (14) [forward subsumption resolution 12277,2]
12307. product(e_3,e_3,e_2) | equalish(e_3,e_2) <- (14, ~35) [forward subsumption resolution 12299,671]
12308. equalish(e_3,e_2) <- (~3, 14, ~35) [forward subsumption resolution 12307,56]
12309. $false <- (~3, 14, ~35) [forward subsumption resolution 12308,9]
12310. 3 | ~14 | 35 [avatar contradiction clause 12309]
12930. ~group_element(e_2) | product(e_2,e_2,e_1) | product(e_3,e_3,e_2) | equalish(e_1,e_2) <- (88) [resolution 3378,188]
12950. product(e_2,e_2,e_1) | product(e_3,e_3,e_2) | equalish(e_1,e_2) <- (88) [forward subsumption resolution 12930,2]
12959. product(e_3,e_3,e_2) | equalish(e_1,e_2) <- (~35, 88) [forward subsumption resolution 12950,671]
12960. equalish(e_1,e_2) <- (~3, ~35, 88) [forward subsumption resolution 12959,56]
12961. $false <- (~3, ~35, 88) [forward subsumption resolution 12960,4]
12962. 3 | 35 | ~88 [avatar contradiction clause 12961]
s5. 3 | 4 | 10 [sat_conversion 115]
s6. ~8 | 1 [sat_conversion 154]
s11. ~11 | 8 | 14 | 15 [sat_conversion 269]
s13. 11 | 16 | 17 [sat_conversion 321]
s16. ~16 | ~3 [sat_conversion 476]
s46. ~14 | ~3 [sat_conversion 1038]
s47. ~17 | ~4 [sat_conversion 1134]
s48. ~4 | 11 | 33 [sat_conversion 1141]
s51. ~14 | 16 | 17 [sat_conversion 1164]
s62. ~16 | ~14 | 8 | 15 | 17 | 36 [sat_conversion 1401]
s86. 4 | 71 | 72 [sat_conversion 1790]
s95. ~8 | ~4 [sat_conversion 3114]
s101. ~15 | ~4 [sat_conversion 3327]
s111. ~59 | 16 | 88 | 89 [sat_conversion 3383]
s115. ~1 | 16 | 17 [sat_conversion 3694]
s121. ~52 | ~35 [sat_conversion 4308]
s122. ~36 | ~35 [sat_conversion 4310]
s124. ~16 | ~11 [sat_conversion 4505]
s126. ~52 | ~36 [sat_conversion 4532]
s127. ~36 | ~16 [sat_conversion 4585]
s142. ~92 | 89 | 108 [sat_conversion 4971]
s148. 3 | 4 | 8 [sat_conversion 5074]
s178. 14 | 15 | 77 [sat_conversion 5271]
s179. 14 | 15 | 73 [sat_conversion 5272]
s194. ~33 | 3 | 14 [sat_conversion 6047]
s205. ~77 | 3 | 4 [sat_conversion 6713]
s210. ~35 | ~17 [sat_conversion 6983]
s216. ~116 | 3 | 4 [sat_conversion 7278]
s217. ~14 | 17 | 36 | 116 [sat_conversion 7284]
s223. ~35 | ~15 [sat_conversion 7761]
s225. ~3 | 52 [sat_conversion 7775]
s228. ~15 | ~10 | 36 [sat_conversion 7816]
s229. ~73 | 35 | 36 [sat_conversion 7818]
s232. ~115 | 35 | 36 [sat_conversion 7828]
s240. ~108 | ~3 [sat_conversion 8235]
s242. ~72 | ~59 [sat_conversion 8507]
s244. ~126 | ~71 [sat_conversion 9032]
s246. 108 | 126 | 131 [sat_conversion 9046]
s249. ~21 | 35 | 36 [sat_conversion 10620]
s252. ~131 | ~27 | 21 | 126 [sat_conversion 10792]
s254. ~88 | 4 | 71 [sat_conversion 10823]
s258. ~27 | 59 | 88 | 89 | 92 [sat_conversion 11132]
s260. ~89 | ~17 [sat_conversion 11291]
s273. 16 | 17 | 115 [sat_conversion 11414]
s306. ~15 | 27 [sat_conversion 11591]
s311. ~15 | ~10 | 59 | 88 | 89 [sat_conversion 11607]
s314. ~14 | 3 | 35 [sat_conversion 12310]
s316. ~88 | 3 | 35 [sat_conversion 12962]
s317. 11 | 3 | 8 [rat s62,s127,s194,s13,s48,s101,s47,s148]
s318. 3 | 8 [rat s51,s11,s124,s317,s47,s101,s148]
s319. 126 | ~3 [rat s252,s246,s240,s249,s306,s179,s229,s121,s126,s225,s46]
s320. ~3 [rat s258,s242,s254,s86,s244,s319,s142,s306,s47,s260,s179,s273,s229,s232,s121,s126,s16,s46,s225,s240]
s321. 8 [rat s318,s320]
s322. ~4 [rat s95,s321]
s324. 1 [rat s6,s321]
s329. 10 [rat s5,s320,s322]
s334. ~116 [rat s216,s320,s322]
s335. ~77 [rat s205,s320,s322]
s337. ~15 [rat s311,s111,s260,s115,s316,s127,s223,s228,s329,s324,s320]
s338. 14 [rat s178,s335,s337]
s343. 35 [rat s314,s320,s338]
s346. ~17 [rat s210,s343]
s348. ~36 [rat s122,s343]
s356. # [rat s217,s334,s338,s346,s348]
12963. $false [avatar sat refutation s356]
% SZS output end Proof for GRP134-1.003
% ------------------------------
% Version: Vampire 5.0.0 (Release build, commit 2e2c9b7b8 on 2026-01-17 12:24:14 +0100)
% Linked with Z3 4.14.0.0 3c47fd96cf5645d0c42b2c819d9e9a84380aa721 z3-4.8.4-9178-g3c47fd96c
% CaDiCaL version: 2.1.3
% Termination reason: Refutation
% Time elapsed: 0.693 s
% Peak memory usage: 59 MB
% Instructions burned: 2126 (million)
% ------------------------------
% ------------------------------
