% Running in auto input_syntax mode. Trying TPTP
% Refutation found. Thanks to Tanya!
% SZS status Unsatisfiable for GRP069-1
% SZS output start Proof for GRP069-1
1. divide(X0,divide(divide(divide(divide(X0,X0),X1),X2),divide(divide(identity,X0),X2))) = X1 [input(axiom)]
2. multiply(X0,X1) = divide(X0,divide(identity,X1)) [input(axiom)]
3. inverse(X0) = divide(identity,X0) [input(axiom)]
4. divide(identity,X0) = inverse(X0) [reorient equations 3]
5. identity = divide(X0,X0) [input(axiom)]
6. divide(X0,X0) = identity [reorient equations 5]
7. multiply(inverse(a1),a1) != identity | multiply(identity,a2) != a2 | multiply(multiply(a3,b3),c3) != multiply(a3,multiply(b3,c3)) [input(negated conjecture)]
8. identity != multiply(inverse(a1),a1) | a2 != multiply(identity,a2) | multiply(multiply(a3,b3),c3) != multiply(a3,multiply(b3,c3)) [reorient equations 7]
9. identity != divide(divide(identity,a1),divide(identity,a1)) | a2 != divide(identity,divide(identity,a2)) | divide(divide(a3,divide(identity,b3)),divide(identity,c3)) != divide(a3,divide(identity,divide(b3,divide(identity,c3)))) [definition unfolding 8,2,4,2,2,2,2,2]
11. 1 <=> divide(divide(a3,divide(identity,b3)),divide(identity,c3)) = divide(a3,divide(identity,divide(b3,divide(identity,c3)))) [avatar definition]
13. divide(divide(a3,divide(identity,b3)),divide(identity,c3)) != divide(a3,divide(identity,divide(b3,divide(identity,c3)))) <- (~1) [avatar component clause 11]
15. 2 <=> a2 = divide(identity,divide(identity,a2)) [avatar definition]
17. a2 != divide(identity,divide(identity,a2)) <- (~2) [avatar component clause 15]
19. 3 <=> identity = divide(divide(identity,a1),divide(identity,a1)) [avatar definition]
21. identity != divide(divide(identity,a1),divide(identity,a1)) <- (~3) [avatar component clause 19]
22. ~1 | ~2 | ~3 [avatar split clause 9,19,15,11]
23. divide(X0,divide(divide(divide(identity,X1),X2),divide(divide(identity,X0),X2))) = X1 [forward demodulation 1,6]
26. divide(X0,divide(identity,divide(divide(identity,X0),divide(identity,X1)))) = X1 [superposition 23,6]
27. divide(X1,divide(X0,divide(divide(identity,X1),divide(divide(divide(identity,X0),X3),divide(divide(identity,divide(identity,X2)),X3))))) = X2 [superposition 23,23]
29. divide(divide(divide(divide(identity,X0),X1),divide(divide(identity,identity),X1)),divide(divide(divide(identity,X2),X3),divide(X0,X3))) = X2 [superposition 23,23]
30. divide(X0,divide(divide(divide(identity,X1),divide(identity,X0)),identity)) = X1 [superposition 23,6]
31. divide(X1,divide(divide(divide(identity,X2),divide(divide(divide(identity,X0),X3),divide(divide(identity,divide(identity,X1)),X3))),X0)) = X2 [superposition 23,23]
32. divide(X0,identity) = X0 [superposition 23,6]
33. divide(X0,divide(divide(identity,X1),divide(identity,X0))) = X1 [forward demodulation 30,32]
34. divide(divide(divide(divide(identity,X0),X1),divide(identity,X1)),divide(divide(divide(identity,X2),X3),divide(X0,X3))) = X2 [forward demodulation 29,6]
44. divide(X1,divide(X0,divide(identity,X1))) = divide(divide(identity,X0),divide(identity,identity)) [superposition 33,33]
48. divide(divide(divide(identity,X0),divide(identity,identity)),divide(divide(identity,X1),X0)) = X1 [superposition 33,33]
49. divide(identity,divide(divide(identity,X0),identity)) = X0 [superposition 33,32]
53. divide(divide(divide(identity,X0),divide(identity,identity)),divide(divide(divide(identity,X1),X2),divide(X0,X2))) = X1 [superposition 23,33]
56. divide(divide(divide(identity,X0),identity),divide(divide(divide(identity,X1),X2),divide(X0,X2))) = X1 [forward demodulation 53,6]
57. divide(identity,divide(identity,X0)) = X0 [forward demodulation 49,32]
58. divide(divide(divide(identity,X0),identity),divide(divide(identity,X1),X0)) = X1 [forward demodulation 48,6]
61. divide(divide(identity,X0),identity) = divide(X1,divide(X0,divide(identity,X1))) [forward demodulation 44,6]
64. divide(divide(identity,X0),divide(divide(divide(identity,X1),X2),divide(X0,X2))) = X1 [forward demodulation 56,32]
65. divide(divide(identity,X0),divide(divide(identity,X1),X0)) = X1 [forward demodulation 58,32]
66. divide(identity,X0) = divide(X1,divide(X0,divide(identity,X1))) [forward demodulation 61,32]
117. divide(identity,X0) = divide(divide(divide(identity,X0),X1),divide(divide(identity,identity),X1)) [superposition 57,23]
130. divide(identity,X0) = divide(divide(divide(identity,X0),X1),divide(identity,X1)) [forward demodulation 117,6]
149. divide(divide(divide(identity,divide(identity,X1)),divide(identity,X0)),X0) = X1 [superposition 33,26]
172. divide(divide(X1,divide(identity,X0)),X0) = X1 [forward demodulation 149,57]
343. divide(divide(X1,X0),divide(identity,X0)) = X1 [superposition 172,57]
929. divide(divide(identity,divide(divide(identity,X0),X1)),X0) = X1 [superposition 65,65]
1447. divide(X1,X0) = divide(identity,divide(X0,X1)) [superposition 66,343]
1698. divide(X0,divide(identity,X1)) = divide(identity,divide(divide(divide(identity,X1),X2),divide(divide(identity,divide(identity,X0)),X2))) [superposition 31,172]
1791. divide(X0,divide(identity,X1)) = divide(divide(divide(identity,divide(identity,X0)),X2),divide(divide(identity,X1),X2)) [forward demodulation 1698,1447]
1903. divide(X0,divide(identity,X1)) = divide(divide(X0,X2),divide(divide(identity,X1),X2)) [forward demodulation 1791,57]
2132. divide(divide(X2,divide(X1,X0)),divide(X0,X1)) = X2 [superposition 343,1447]
2964. divide(divide(identity,divide(divide(divide(identity,X2),X3),divide(divide(identity,divide(identity,X1)),X3))),X0) = divide(X1,divide(X0,X2)) [superposition 31,929]
2973. divide(divide(identity,X3),X0) = divide(divide(divide(divide(identity,X1),X2),divide(identity,X2)),divide(X0,divide(X1,X3))) [superposition 34,929]
2994. divide(divide(identity,X3),X0) = divide(divide(identity,X1),divide(X0,divide(X1,X3))) [forward demodulation 2973,130]
2998. divide(X1,divide(X0,X2)) = divide(divide(divide(divide(identity,divide(identity,X1)),X3),divide(divide(identity,X2),X3)),X0) [forward demodulation 2964,1447]
3036. divide(X1,divide(X0,X2)) = divide(divide(divide(identity,divide(identity,X1)),divide(identity,X2)),X0) [forward demodulation 2998,1903]
3055. divide(X1,divide(X0,X2)) = divide(divide(X1,divide(identity,X2)),X0) [forward demodulation 3036,57]
3782. divide(divide(identity,X1),divide(X0,divide(X1,divide(X3,divide(divide(identity,divide(identity,X2)),divide(divide(divide(identity,X3),X4),divide(divide(identity,divide(identity,X0)),X4))))))) = X2 [superposition 64,27]
3834. divide(divide(identity,X0),X1) = divide(divide(divide(identity,X0),X2),divide(X1,X2)) [superposition 929,64]
3892. divide(divide(identity,divide(X3,divide(divide(identity,divide(identity,X2)),divide(divide(divide(identity,X3),X4),divide(divide(identity,divide(identity,X0)),X4))))),X0) = X2 [forward demodulation 3782,2994]
3954. divide(divide(divide(divide(identity,divide(identity,X2)),divide(divide(divide(identity,X3),X4),divide(divide(identity,divide(identity,X0)),X4))),X3),X0) = X2 [forward demodulation 3892,1447]
3986. divide(divide(divide(identity,divide(divide(divide(divide(identity,X3),X4),divide(divide(identity,divide(identity,X0)),X4)),X2)),X3),X0) = X2 [forward demodulation 3954,3055]
4008. divide(divide(divide(X2,divide(divide(divide(identity,X3),X4),divide(divide(identity,divide(identity,X0)),X4))),X3),X0) = X2 [forward demodulation 3986,1447]
4020. divide(divide(divide(X2,divide(divide(identity,X3),divide(identity,divide(identity,X0)))),X3),X0) = X2 [forward demodulation 4008,3834]
4026. divide(divide(divide(X2,divide(divide(identity,X3),X0)),X3),X0) = X2 [forward demodulation 4020,57]
9479. divide(X0,divide(X1,divide(identity,X2))) = divide(divide(X0,X2),X1) [superposition 4026,2132]
15921. divide(a3,divide(identity,divide(b3,divide(identity,c3)))) != divide(a3,divide(divide(identity,c3),b3)) <- (~1) [superposition 13,3055]
16033. divide(a3,divide(divide(identity,c3),b3)) != divide(a3,divide(divide(identity,c3),b3)) <- (~1) [forward demodulation 15921,9479]
16034. $false <- (~1) [trivial inequality removal 16033]
16035. 1 [avatar contradiction clause 16034]
16506. $false <- (~2) [forward subsumption resolution 17,57]
16507. 2 [avatar contradiction clause 16506]
16508. $false <- (~3) [forward subsumption resolution 21,6]
16509. 3 [avatar contradiction clause 16508]
s1. ~3 | ~2 | ~1 [sat_conversion 22]
s2. 1 [sat_conversion 16035]
s3. 2 [sat_conversion 16507]
s4. 3 [sat_conversion 16509]
s5. # [rat s1,s2,s3,s4]
16510. $false [avatar sat refutation s5]
% SZS output end Proof for GRP069-1
% ------------------------------
% Version: Vampire 5.0.0 (Release build, commit 2e2c9b7b8 on 2026-01-17 12:24:14 +0100)
% Linked with Z3 4.14.0.0 3c47fd96cf5645d0c42b2c819d9e9a84380aa721 z3-4.8.4-9178-g3c47fd96c
% CaDiCaL version: 2.1.3
% Termination reason: Refutation
% Time elapsed: 0.169 s
% Peak memory usage: 71 MB
% Instructions burned: 495 (million)
% ------------------------------
% ------------------------------
