% Running in auto input_syntax mode. Trying TPTP
% Refutation found. Thanks to Tanya!
% SZS status Unsatisfiable for GRP683+1_clausified
% SZS output start Proof for GRP683+1_clausified
1. ld(X0,mult(X0,X0)) = X0 [input(axiom)]
2. rd(mult(X0,X0),X0) = X0 [input(axiom)]
3. mult(X0,ld(X0,X1)) = ld(X0,mult(X0,X1)) [input(axiom)]
4. mult(rd(X0,X1),X1) = rd(mult(X0,X1),X1) [input(axiom)]
5. ld(ld(X0,X1),mult(ld(X0,X1),mult(X2,X3))) = mult(ld(X0,mult(X0,X2)),X3) [input(axiom)]
6. rd(mult(mult(X0,X1),rd(X2,X3)),rd(X2,X3)) = mult(X0,rd(mult(X1,X3),X3)) [input(axiom)]
7. ld(X0,mult(X0,ld(X1,X1))) = rd(mult(rd(X0,X0),X1),X1) [input(axiom)]
8. mult(sK0,ld(sK1,mult(sK1,sK2))) != mult(sK0,sK2) | mult(sK0,sK2) != mult(rd(mult(sK0,sK1),sK1),sK2) [input(negated conjecture)]
10. 1 <=> mult(sK0,sK2) = mult(rd(mult(sK0,sK1),sK1),sK2) [avatar definition]
12. mult(sK0,sK2) != mult(rd(mult(sK0,sK1),sK1),sK2) <- (~1) [avatar component clause 10]
14. 2 <=> mult(sK0,ld(sK1,mult(sK1,sK2))) = mult(sK0,sK2) [avatar definition]
16. mult(sK0,ld(sK1,mult(sK1,sK2))) != mult(sK0,sK2) <- (~2) [avatar component clause 14]
17. ~1 | ~2 [avatar split clause 8,14,10]
18. mult(rd(X0,X0),X0) = X0 [forward demodulation 2,4]
19. mult(X0,ld(X0,X0)) = X0 [forward demodulation 1,3]
20. mult(sK0,sK2) != mult(mult(rd(sK0,sK1),sK1),sK2) <- (~1) [forward demodulation 12,4]
21. ld(rd(X0,X0),X0) = mult(rd(X0,X0),ld(rd(X0,X0),X0)) [superposition 3,18]
22. ld(X0,X0) = mult(X0,ld(X0,ld(X0,X0))) [superposition 3,19]
23. rd(X0,X0) = mult(rd(rd(X0,X0),X0),X0) [superposition 4,18]
25. rd(X0,X0) = ld(X0,mult(X0,ld(X0,X0))) [superposition 7,18]
28. ld(X0,mult(X0,ld(X1,X1))) = mult(rd(rd(X0,X0),X1),X1) [superposition 4,7]
29. mult(rd(rd(X0,X0),X1),X1) = mult(X0,ld(X0,ld(X1,X1))) [forward demodulation 28,3]
32. rd(X0,X0) = mult(X0,ld(X0,ld(X0,X0))) [forward demodulation 25,3]
33. rd(X0,X0) = ld(X0,X0) [forward demodulation 32,22]
34. ld(X0,mult(X0,ld(X1,X1))) = rd(mult(ld(X0,X0),X1),X1) [superposition 7,33]
35. mult(ld(X0,X0),X0) = X0 [superposition 18,33]
36. ld(X0,mult(X0,ld(X1,X1))) = mult(rd(ld(X0,X0),X1),X1) [forward demodulation 34,4]
37. mult(X0,ld(X0,ld(X1,X1))) = mult(rd(ld(X0,X0),X1),X1) [forward demodulation 36,3]
38. mult(ld(X0,mult(X0,X2)),X3) = ld(mult(X0,ld(X0,X1)),mult(mult(X0,ld(X0,X1)),mult(X2,X3))) [superposition 5,3]
39. mult(ld(ld(X0,X3),mult(ld(X0,X3),X4)),X5) = ld(mult(ld(X0,mult(X0,X1)),X2),mult(mult(ld(X0,mult(X0,X1)),X2),mult(X4,X5))) [superposition 5,5]
40. mult(ld(X1,mult(X1,rd(X0,X0))),X0) = ld(ld(X1,X2),mult(ld(X1,X2),X0)) [superposition 5,18]
41. ld(ld(X1,X2),mult(ld(X1,X2),X0)) = mult(ld(X1,mult(X1,X0)),ld(X0,X0)) [superposition 5,19]
43. mult(ld(X0,mult(X0,X1)),X2) = mult(ld(X0,X3),ld(ld(X0,X3),mult(X1,X2))) [superposition 3,5]
44. mult(ld(X0,X3),ld(ld(X0,X3),mult(X1,X2))) = mult(mult(X0,ld(X0,X1)),X2) [forward demodulation 43,3]
46. ld(ld(X1,X2),mult(ld(X1,X2),X0)) = mult(mult(X1,ld(X1,X0)),ld(X0,X0)) [forward demodulation 41,3]
47. mult(ld(X1,mult(X1,rd(X0,X0))),X0) = mult(ld(X1,X2),ld(ld(X1,X2),X0)) [forward demodulation 40,3]
48. mult(ld(ld(X0,X3),mult(ld(X0,X3),X4)),X5) = mult(mult(ld(X0,mult(X0,X1)),X2),ld(mult(ld(X0,mult(X0,X1)),X2),mult(X4,X5))) [forward demodulation 39,3]
49. mult(ld(X0,mult(X0,X2)),X3) = mult(mult(X0,ld(X0,X1)),ld(mult(X0,ld(X0,X1)),mult(X2,X3))) [forward demodulation 38,3]
50. mult(mult(X1,ld(X1,X0)),ld(X0,X0)) = mult(ld(X1,X2),ld(ld(X1,X2),X0)) [forward demodulation 46,3]
51. mult(ld(X1,X2),ld(ld(X1,X2),X0)) = mult(mult(X1,ld(X1,rd(X0,X0))),X0) [forward demodulation 47,3]
52. mult(ld(ld(X0,X3),mult(ld(X0,X3),X4)),X5) = mult(mult(mult(X0,ld(X0,X1)),X2),ld(mult(mult(X0,ld(X0,X1)),X2),mult(X4,X5))) [forward demodulation 48,3]
53. mult(mult(X0,ld(X0,X2)),X3) = mult(mult(X0,ld(X0,X1)),ld(mult(X0,ld(X0,X1)),mult(X2,X3))) [forward demodulation 49,3]
54. mult(ld(X1,X2),ld(ld(X1,X2),X0)) = mult(mult(X1,ld(X1,ld(X0,X0))),X0) [forward demodulation 51,33]
55. mult(mult(mult(X0,ld(X0,X1)),X2),ld(mult(mult(X0,ld(X0,X1)),X2),mult(X4,X5))) = mult(mult(ld(X0,X3),ld(ld(X0,X3),X4)),X5) [forward demodulation 52,3]
59. ld(ld(X0,X0),X0) = mult(ld(X0,X0),ld(ld(X0,X0),X0)) [superposition 3,35]
66. rd(mult(X0,rd(X1,X2)),rd(X1,X2)) = mult(X0,rd(mult(ld(X0,X0),X2),X2)) [superposition 6,19]
68. mult(X2,rd(mult(X3,X1),X1)) = rd(mult(mult(X2,X3),mult(rd(X0,X1),X1)),mult(rd(X0,X1),X1)) [superposition 6,4]
69. mult(X2,rd(mult(X3,X1),X1)) = rd(mult(mult(X2,X3),ld(X0,mult(X0,ld(X1,X1)))),ld(X0,mult(X0,ld(X1,X1)))) [superposition 6,7]
70. mult(X3,rd(mult(X4,rd(X5,X2)),rd(X5,X2))) = rd(mult(mult(X3,X4),mult(X0,rd(mult(X1,X2),X2))),mult(X0,rd(mult(X1,X2),X2))) [superposition 6,6]
71. mult(X1,rd(mult(X2,X0),X0)) = rd(mult(mult(X1,X2),ld(X0,X0)),ld(X0,X0)) [superposition 6,33]
73. mult(X0,rd(mult(X1,X2),X2)) = mult(rd(mult(X0,X1),rd(X3,X2)),rd(X3,X2)) [superposition 4,6]
74. mult(rd(mult(X0,X1),rd(X3,X2)),rd(X3,X2)) = mult(X0,mult(rd(X1,X2),X2)) [forward demodulation 73,4]
76. mult(X1,rd(mult(X2,X0),X0)) = mult(rd(mult(X1,X2),ld(X0,X0)),ld(X0,X0)) [forward demodulation 71,4]
77. mult(X3,rd(mult(X4,rd(X5,X2)),rd(X5,X2))) = mult(rd(mult(X3,X4),mult(X0,rd(mult(X1,X2),X2))),mult(X0,rd(mult(X1,X2),X2))) [forward demodulation 70,4]
78. mult(X2,rd(mult(X3,X1),X1)) = mult(rd(mult(X2,X3),ld(X0,mult(X0,ld(X1,X1)))),ld(X0,mult(X0,ld(X1,X1)))) [forward demodulation 69,4]
79. mult(X2,rd(mult(X3,X1),X1)) = mult(rd(mult(X2,X3),mult(rd(X0,X1),X1)),mult(rd(X0,X1),X1)) [forward demodulation 68,4]
81. rd(mult(X0,rd(X1,X2)),rd(X1,X2)) = mult(X0,mult(rd(ld(X0,X0),X2),X2)) [forward demodulation 66,4]
83. mult(rd(mult(X1,X2),ld(X0,X0)),ld(X0,X0)) = mult(X1,mult(rd(X2,X0),X0)) [forward demodulation 76,4]
84. mult(X3,rd(mult(X4,rd(X5,X2)),rd(X5,X2))) = mult(rd(mult(X3,X4),mult(X0,mult(rd(X1,X2),X2))),mult(X0,mult(rd(X1,X2),X2))) [forward demodulation 77,4]
85. mult(X2,rd(mult(X3,X1),X1)) = mult(rd(mult(X2,X3),mult(X0,ld(X0,ld(X1,X1)))),mult(X0,ld(X0,ld(X1,X1)))) [forward demodulation 78,3]
86. mult(rd(mult(X2,X3),mult(rd(X0,X1),X1)),mult(rd(X0,X1),X1)) = mult(X2,mult(rd(X3,X1),X1)) [forward demodulation 79,4]
88. rd(mult(X0,rd(X1,X2)),rd(X1,X2)) = mult(X0,mult(X0,ld(X0,ld(X2,X2)))) [forward demodulation 81,37]
90. mult(rd(mult(X3,X4),mult(X0,mult(rd(X1,X2),X2))),mult(X0,mult(rd(X1,X2),X2))) = mult(X3,mult(rd(X4,rd(X5,X2)),rd(X5,X2))) [forward demodulation 84,4]
91. mult(rd(mult(X2,X3),mult(X0,ld(X0,ld(X1,X1)))),mult(X0,ld(X0,ld(X1,X1)))) = mult(X2,mult(rd(X3,X1),X1)) [forward demodulation 85,4]
92. mult(rd(X0,rd(X1,X2)),rd(X1,X2)) = mult(X0,mult(X0,ld(X0,ld(X2,X2)))) [forward demodulation 88,4]
94. mult(X0,rd(mult(ld(X0,ld(X0,X0)),X2),X2)) = rd(mult(ld(X0,X0),rd(X1,X2)),rd(X1,X2)) [superposition 6,22]
101. mult(X0,rd(mult(ld(X0,ld(X0,X0)),X2),X2)) = mult(rd(ld(X0,X0),rd(X1,X2)),rd(X1,X2)) [forward demodulation 94,4]
104. mult(X0,rd(mult(ld(X0,ld(X0,X0)),X2),X2)) = mult(X0,ld(X0,ld(rd(X1,X2),rd(X1,X2)))) [forward demodulation 101,37]
105. mult(X0,ld(X0,ld(rd(X1,X2),rd(X1,X2)))) = mult(X0,mult(rd(ld(X0,ld(X0,X0)),X2),X2)) [forward demodulation 104,4]
107. mult(rd(rd(X0,X0),X0),rd(mult(X0,X2),X2)) = rd(mult(rd(X0,X0),rd(X1,X2)),rd(X1,X2)) [superposition 6,23]
109. rd(rd(X0,X0),X0) = mult(rd(rd(rd(X0,X0),X0),X0),X0) [superposition 4,23]
110. mult(rd(rd(X0,X0),X0),ld(rd(rd(X0,X0),X0),X0)) = ld(rd(rd(X0,X0),X0),rd(X0,X0)) [superposition 3,23]
111. mult(rd(ld(X0,X0),X0),ld(rd(ld(X0,X0),X0),X0)) = ld(rd(ld(X0,X0),X0),ld(X0,X0)) [forward demodulation 110,33]
112. rd(ld(X0,X0),X0) = mult(rd(rd(ld(X0,X0),X0),X0),X0) [forward demodulation 109,33]
114. mult(rd(rd(X0,X0),X0),rd(mult(X0,X2),X2)) = ld(X0,mult(X0,ld(rd(X1,X2),rd(X1,X2)))) [forward demodulation 107,7]
117. mult(X0,ld(X0,ld(rd(X1,X2),rd(X1,X2)))) = mult(rd(rd(X0,X0),X0),rd(mult(X0,X2),X2)) [forward demodulation 114,3]
119. mult(X0,ld(X0,ld(rd(X1,X2),rd(X1,X2)))) = mult(rd(rd(X0,X0),X0),mult(rd(X0,X2),X2)) [forward demodulation 117,4]
120. mult(X0,ld(X0,ld(rd(X1,X2),rd(X1,X2)))) = mult(rd(ld(X0,X0),X0),mult(rd(X0,X2),X2)) [forward demodulation 119,33]
155. rd(X0,X0) = mult(X0,ld(X0,ld(rd(X0,X0),rd(X0,X0)))) [superposition 18,29]
160. mult(rd(rd(rd(X0,X0),X1),X1),X1) = rd(mult(X0,ld(X0,ld(X1,X1))),X1) [superposition 4,29]
163. rd(mult(X0,ld(X0,ld(X1,X1))),X1) = mult(rd(rd(ld(X0,X0),X1),X1),X1) [forward demodulation 160,33]
167. rd(X0,X0) = mult(X0,mult(rd(ld(X0,ld(X0,X0)),X0),X0)) [forward demodulation 155,105]
175. ld(X0,X0) = mult(X0,mult(rd(ld(X0,ld(X0,X0)),X0),X0)) [forward demodulation 167,33]
197. mult(mult(X0,ld(X0,ld(X0,X3))),mult(X1,X2)) = mult(ld(X0,X3),mult(ld(X0,mult(X0,X1)),X2)) [superposition 44,5]
198. mult(mult(X0,ld(X0,ld(X0,X1))),X2) = mult(ld(X0,X1),mult(ld(X0,X1),ld(ld(X0,X1),X2))) [superposition 44,3]
205. mult(mult(X0,ld(X0,ld(X0,X3))),mult(X1,X2)) = mult(ld(X0,X3),mult(mult(X0,ld(X0,X1)),X2)) [forward demodulation 197,3]
240. mult(ld(X0,X2),ld(ld(X0,X2),mult(X0,X1))) = mult(mult(X0,mult(X0,ld(X0,X1))),ld(mult(X0,X1),mult(X0,X1))) [superposition 50,3]
242. mult(X0,ld(X0,X0)) = mult(ld(X0,X1),ld(ld(X0,X1),X0)) [superposition 50,19]
247. mult(ld(X0,X1),ld(ld(X0,X1),X2)) = mult(ld(X0,X3),ld(ld(X0,X3),X2)) [superposition 50,50]
272. mult(ld(X0,X1),ld(ld(X0,X1),X0)) = X0 [forward demodulation 242,19]
274. mult(mult(X0,mult(X0,ld(X0,X1))),ld(mult(X0,X1),mult(X0,X1))) = mult(mult(X0,ld(X0,X0)),X1) [forward demodulation 240,44]
280. mult(X0,X1) = mult(mult(X0,mult(X0,ld(X0,X1))),ld(mult(X0,X1),mult(X0,X1))) [forward demodulation 274,19]
398. mult(mult(X0,X1),mult(rd(rd(X3,X2),X2),X2)) = mult(mult(X0,rd(mult(X1,X2),X2)),rd(X3,X2)) [superposition 74,6]
416. mult(mult(X0,X1),mult(rd(rd(X3,X2),X2),X2)) = mult(mult(X0,mult(rd(X1,X2),X2)),rd(X3,X2)) [forward demodulation 398,4]
451. mult(X2,mult(X2,ld(X2,ld(X1,X1)))) = mult(rd(X2,mult(rd(X0,X1),X1)),mult(rd(X0,X1),X1)) [superposition 92,4]
458. mult(X0,ld(X0,X0)) = mult(rd(X0,rd(X1,X0)),rd(X1,X0)) [superposition 92,22]
463. mult(rd(ld(X0,X0),ld(X0,X0)),ld(rd(ld(X0,X0),ld(X0,X0)),ld(X0,X0))) = mult(rd(rd(ld(X0,X0),ld(X0,X0)),rd(X1,X0)),rd(X1,X0)) [superposition 92,21]
464. mult(rd(X0,rd(X1,X2)),rd(X1,X2)) = mult(rd(X0,rd(X3,X2)),rd(X3,X2)) [superposition 92,92]
467. mult(X0,ld(X0,ld(rd(X2,X1),rd(X2,X1)))) = mult(ld(X0,X0),mult(ld(X0,X0),ld(ld(X0,X0),ld(X1,X1)))) [superposition 37,92]
493. mult(X0,ld(X0,ld(rd(X2,X1),rd(X2,X1)))) = mult(mult(X0,ld(X0,ld(X0,X0))),ld(X1,X1)) [forward demodulation 467,198]
495. mult(rd(ld(X0,X0),ld(X0,X0)),ld(rd(ld(X0,X0),ld(X0,X0)),ld(X0,X0))) = mult(ld(X0,X0),ld(ld(X0,X0),ld(rd(X1,X0),rd(X1,X0)))) [forward demodulation 463,29]
498. mult(rd(X0,rd(X1,X0)),rd(X1,X0)) = X0 [forward demodulation 458,19]
508. mult(X0,ld(X0,ld(rd(X2,X1),rd(X2,X1)))) = mult(ld(X0,X0),ld(X1,X1)) [forward demodulation 493,22]
510. ld(rd(ld(X0,X0),ld(X0,X0)),ld(X0,X0)) = mult(ld(X0,X0),ld(ld(X0,X0),ld(rd(X1,X0),rd(X1,X0)))) [forward demodulation 495,21]
519. mult(ld(ld(X0,X0),ld(X0,X0)),ld(X0,X0)) = ld(rd(ld(X0,X0),ld(X0,X0)),ld(X0,X0)) [forward demodulation 510,508]
522. mult(ld(ld(X0,X0),ld(X0,X0)),ld(X0,X0)) = ld(ld(ld(X0,X0),ld(X0,X0)),ld(X0,X0)) [forward demodulation 519,33]
523. ld(X0,X0) = ld(ld(ld(X0,X0),ld(X0,X0)),ld(X0,X0)) [forward demodulation 522,35]
564. mult(mult(X0,ld(X0,X1)),X2) = mult(X0,ld(X0,mult(X1,X2))) [superposition 53,19]
574. mult(mult(X1,ld(X1,X0)),ld(X0,ld(X0,X0))) = mult(mult(X1,ld(X1,X2)),ld(mult(X1,ld(X1,X2)),ld(X0,X0))) [superposition 53,22]
588. mult(mult(X1,ld(X1,rd(X0,X0))),ld(rd(X0,X0),X0)) = mult(mult(X1,ld(X1,X2)),ld(mult(X1,ld(X1,X2)),ld(rd(X0,X0),X0))) [superposition 53,21]
595. mult(mult(X0,ld(X0,mult(X0,ld(X0,X1)))),X2) = mult(mult(X0,ld(X0,X1)),mult(mult(X0,ld(X0,X1)),ld(mult(X0,ld(X0,X1)),X2))) [superposition 53,3]
610. mult(mult(X0,ld(X0,X1)),mult(mult(X0,ld(X0,X1)),ld(mult(X0,ld(X0,X1)),X2))) = mult(mult(X0,mult(X0,ld(X0,ld(X0,X1)))),X2) [forward demodulation 595,3]
615. mult(mult(X1,ld(X1,ld(X0,X0))),ld(ld(X0,X0),X0)) = mult(mult(X1,ld(X1,X2)),ld(mult(X1,ld(X1,X2)),ld(ld(X0,X0),X0))) [forward demodulation 588,33]
632. mult(mult(X0,mult(X0,ld(X0,ld(X0,X1)))),X2) = mult(X0,ld(X0,mult(X1,mult(mult(X0,ld(X0,X1)),ld(mult(X0,ld(X0,X1)),X2))))) [forward demodulation 610,564]
634. mult(mult(X1,ld(X1,ld(X0,X0))),ld(ld(X0,X0),X0)) = mult(X1,ld(X1,mult(X2,ld(mult(X1,ld(X1,X2)),ld(ld(X0,X0),X0))))) [forward demodulation 615,564]
643. mult(mult(X0,mult(X0,ld(X0,ld(X0,X1)))),X2) = mult(X0,ld(X0,mult(X1,mult(X0,ld(X0,mult(X1,ld(mult(X0,ld(X0,X1)),X2))))))) [forward demodulation 632,564]
645. mult(X1,ld(X1,mult(X2,ld(mult(X1,ld(X1,X2)),ld(ld(X0,X0),X0))))) = mult(X1,ld(X1,mult(ld(X0,X0),ld(ld(X0,X0),X0)))) [forward demodulation 634,564]
652. mult(X1,ld(X1,mult(X2,ld(mult(X1,ld(X1,X2)),ld(ld(X0,X0),X0))))) = mult(X1,ld(X1,ld(ld(X0,X0),X0))) [forward demodulation 645,59]
662. mult(rd(X0,mult(rd(ld(X0,ld(X0,X0)),X0),X0)),mult(rd(ld(X0,ld(X0,X0)),X0),X0)) = rd(ld(X0,X0),mult(rd(ld(X0,ld(X0,X0)),X0),X0)) [superposition 4,175]
677. mult(X0,mult(X0,ld(X0,ld(X0,X0)))) = rd(ld(X0,X0),mult(rd(ld(X0,ld(X0,X0)),X0),X0)) [forward demodulation 662,451]
685. mult(X0,ld(X0,X0)) = rd(ld(X0,X0),mult(rd(ld(X0,ld(X0,X0)),X0),X0)) [forward demodulation 677,22]
689. rd(ld(X0,X0),mult(rd(ld(X0,ld(X0,X0)),X0),X0)) = X0 [forward demodulation 685,19]
720. mult(X2,mult(rd(X3,X1),X1)) = mult(rd(mult(X2,X3),mult(ld(X0,mult(X0,ld(X1,X1))),X1)),mult(ld(X0,mult(X0,ld(X1,X1))),X1)) [superposition 86,7]
723. mult(X1,mult(rd(X2,X0),X0)) = mult(rd(mult(X1,X2),X0),X0) [superposition 86,18]
732. mult(rd(mult(X1,X2),X0),X0) = mult(X1,mult(rd(X2,rd(X3,X0)),rd(X3,X0))) [superposition 86,498]
752. mult(X2,mult(rd(X3,X1),X1)) = mult(X2,mult(rd(X3,mult(ld(X0,mult(X0,ld(X1,X1))),X1)),mult(ld(X0,mult(X0,ld(X1,X1))),X1))) [forward demodulation 720,723]
784. mult(X2,mult(rd(X3,X1),X1)) = mult(X2,mult(rd(X3,mult(mult(X0,ld(X0,ld(X1,X1))),X1)),mult(mult(X0,ld(X0,ld(X1,X1))),X1))) [forward demodulation 752,3]
802. mult(X2,mult(rd(X3,X1),X1)) = mult(X2,mult(rd(X3,mult(X0,ld(X0,mult(ld(X1,X1),X1)))),mult(X0,ld(X0,mult(ld(X1,X1),X1))))) [forward demodulation 784,564]
812. mult(X2,mult(rd(X3,X1),X1)) = mult(X2,mult(rd(X3,mult(X0,ld(X0,X1))),mult(X0,ld(X0,X1)))) [forward demodulation 802,35]
890. mult(X1,mult(rd(X2,X0),X0)) = mult(rd(mult(X1,X2),mult(ld(ld(X0,X0),ld(X0,X0)),ld(X0,X0))),mult(ld(ld(X0,X0),ld(X0,X0)),ld(X0,X0))) [superposition 91,523]
900. mult(rd(mult(X3,X4),mult(X0,mult(rd(X1,X2),X2))),mult(X0,mult(rd(X1,X2),X2))) = mult(X3,mult(rd(X4,mult(X5,ld(X5,ld(X2,X2)))),mult(X5,ld(X5,ld(X2,X2))))) [superposition 86,91]
915. mult(rd(mult(X3,X4),mult(X0,mult(rd(X1,X2),X2))),mult(X0,mult(rd(X1,X2),X2))) = mult(X3,mult(rd(X4,ld(X2,X2)),ld(X2,X2))) [forward demodulation 900,812]
920. mult(X1,mult(rd(X2,X0),X0)) = mult(X1,mult(rd(X2,mult(ld(ld(X0,X0),ld(X0,X0)),ld(X0,X0))),mult(ld(ld(X0,X0),ld(X0,X0)),ld(X0,X0)))) [forward demodulation 890,723]
951. mult(X3,mult(rd(X4,ld(X2,X2)),ld(X2,X2))) = mult(X3,mult(rd(X4,mult(X0,mult(rd(X1,X2),X2))),mult(X0,mult(rd(X1,X2),X2)))) [forward demodulation 915,723]
956. mult(X1,mult(rd(X2,X0),X0)) = mult(X1,mult(rd(X2,ld(X0,X0)),ld(X0,X0))) [forward demodulation 920,35]
995. mult(X0,ld(X0,mult(mult(X0,X1),X2))) = mult(mult(X0,mult(X0,ld(X0,X1))),X2) [superposition 564,3]
998. mult(X0,X1) = mult(X0,ld(X0,mult(X0,X1))) [superposition 564,19]
1007. mult(rd(X0,X0),ld(rd(X0,X0),mult(X0,X1))) = mult(ld(rd(X0,X0),X0),X1) [superposition 564,21]
1017. mult(ld(X0,X2),ld(ld(X0,X2),X1)) = mult(X0,ld(X0,mult(X1,ld(X1,X1)))) [superposition 50,564]
1037. mult(rd(mult(X0,ld(X0,X1)),rd(X3,X2)),rd(X3,X2)) = mult(X0,ld(X0,mult(X1,mult(mult(X0,ld(X0,X1)),ld(mult(X0,ld(X0,X1)),ld(X2,X2)))))) [superposition 92,564]
1040. mult(rd(mult(X0,ld(X0,X1)),rd(X3,X2)),rd(X3,X2)) = mult(X0,ld(X0,mult(X1,mult(X0,ld(X0,mult(X1,ld(mult(X0,ld(X0,X1)),ld(X2,X2)))))))) [forward demodulation 1037,564]
1058. mult(X0,ld(X0,X1)) = mult(ld(X0,X2),ld(ld(X0,X2),X1)) [forward demodulation 1017,19]
1066. mult(ld(X0,X0),ld(ld(X0,X0),mult(X0,X1))) = mult(ld(ld(X0,X0),X0),X1) [forward demodulation 1007,33]
1073. mult(X0,X1) = mult(X0,mult(X0,ld(X0,X1))) [forward demodulation 998,3]
1076. mult(rd(mult(X0,ld(X0,X1)),rd(X3,X2)),rd(X3,X2)) = mult(mult(X0,mult(X0,ld(X0,ld(X0,X1)))),ld(X2,X2)) [forward demodulation 1040,643]
1089. mult(mult(X0,ld(X0,X0)),X1) = mult(ld(ld(X0,X0),X0),X1) [forward demodulation 1066,44]
1097. mult(rd(mult(X0,ld(X0,X1)),rd(X3,X2)),rd(X3,X2)) = mult(X0,ld(X0,mult(mult(X0,ld(X0,X1)),ld(X2,X2)))) [forward demodulation 1076,995]
1106. mult(X0,ld(X0,mult(X0,X1))) = mult(ld(ld(X0,X0),X0),X1) [forward demodulation 1089,564]
1114. mult(rd(mult(X0,ld(X0,X1)),rd(X3,X2)),rd(X3,X2)) = mult(X0,ld(X0,mult(X0,ld(X0,mult(X1,ld(X2,X2)))))) [forward demodulation 1097,564]
1120. mult(X0,mult(X0,ld(X0,X1))) = mult(ld(ld(X0,X0),X0),X1) [forward demodulation 1106,3]
1124. mult(rd(mult(X0,ld(X0,X1)),rd(X3,X2)),rd(X3,X2)) = mult(X0,mult(X0,ld(X0,ld(X0,mult(X1,ld(X2,X2)))))) [forward demodulation 1114,3]
1128. mult(X0,X1) = mult(ld(ld(X0,X0),X0),X1) [forward demodulation 1120,1073]
1131. mult(rd(mult(X0,ld(X0,X1)),rd(X3,X2)),rd(X3,X2)) = mult(X0,ld(X0,mult(X1,ld(X2,X2)))) [forward demodulation 1124,1073]
1134. mult(X0,mult(rd(ld(X0,X1),X2),X2)) = mult(X0,ld(X0,mult(X1,ld(X2,X2)))) [forward demodulation 1131,74]
1197. mult(mult(X0,ld(X0,X3)),mult(X1,X2)) = mult(mult(X0,ld(X0,X3)),mult(mult(X0,ld(X0,X1)),X2)) [superposition 1073,53]
1199. mult(ld(X0,X3),mult(X1,X2)) = mult(ld(X0,X3),mult(mult(X0,ld(X0,X1)),X2)) [superposition 1073,44]
1200. mult(ld(X0,X2),X1) = mult(ld(X0,X2),mult(mult(X0,ld(X0,ld(X1,X1))),X1)) [superposition 1073,54]
1205. mult(X0,ld(X1,X1)) = mult(rd(X0,rd(X2,X1)),rd(X2,X1)) [superposition 92,1073]
1212. mult(rd(mult(X0,X1),rd(X2,X3)),rd(X2,X3)) = mult(X0,mult(rd(mult(X0,ld(X0,X1)),X3),X3)) [superposition 74,1073]
1214. mult(rd(mult(X0,X1),mult(X2,ld(X2,ld(X3,X3)))),mult(X2,ld(X2,ld(X3,X3)))) = mult(X0,mult(rd(mult(X0,ld(X0,X1)),X3),X3)) [superposition 91,1073]
1221. mult(rd(mult(X0,X1),mult(X2,ld(X2,ld(X3,X3)))),mult(X2,ld(X2,ld(X3,X3)))) = mult(X0,mult(X0,mult(rd(ld(X0,X1),X3),X3))) [forward demodulation 1214,723]
1223. mult(rd(mult(X0,X1),rd(X2,X3)),rd(X2,X3)) = mult(X0,mult(X0,mult(rd(ld(X0,X1),X3),X3))) [forward demodulation 1212,723]
1232. mult(ld(X0,X2),X1) = mult(ld(X0,X2),mult(X0,ld(X0,mult(ld(X1,X1),X1)))) [forward demodulation 1200,564]
1233. mult(ld(X0,X3),mult(X1,X2)) = mult(ld(X0,X3),mult(X0,ld(X0,mult(X1,X2)))) [forward demodulation 1199,564]
1235. mult(mult(X0,ld(X0,X3)),mult(X1,X2)) = mult(X0,ld(X0,mult(X3,mult(mult(X0,ld(X0,X1)),X2)))) [forward demodulation 1197,564]
1242. mult(X0,mult(rd(X1,X3),X3)) = mult(X0,mult(X0,mult(rd(ld(X0,X1),X3),X3))) [forward demodulation 1221,91]
1244. mult(X0,mult(X0,mult(rd(ld(X0,X1),X3),X3))) = mult(mult(X0,X1),ld(X3,X3)) [forward demodulation 1223,1205]
1253. mult(ld(X0,X2),X1) = mult(ld(X0,X2),mult(X0,ld(X0,X1))) [forward demodulation 1232,35]
1255. mult(mult(X0,ld(X0,X3)),mult(X1,X2)) = mult(X0,ld(X0,mult(X3,mult(X0,ld(X0,mult(X1,X2)))))) [forward demodulation 1235,564]
1259. mult(X0,mult(rd(X1,X3),X3)) = mult(mult(X0,X1),ld(X3,X3)) [forward demodulation 1244,1242]
1265. mult(X0,ld(X0,mult(X3,mult(X0,ld(X0,mult(X1,X2)))))) = mult(X0,ld(X0,mult(X3,mult(X1,X2)))) [forward demodulation 1255,564]
1275. mult(mult(ld(X0,X4),ld(ld(X0,X4),X2)),X3) = mult(mult(X0,X1),ld(mult(X0,X1),mult(X2,X3))) [superposition 55,19]
1330. mult(mult(mult(X1,ld(X1,X2)),X3),ld(mult(mult(X1,ld(X1,X2)),X3),X0)) = mult(mult(ld(X1,X5),ld(ld(X1,X5),rd(X0,rd(X4,X0)))),rd(X4,X0)) [superposition 55,498]
1344. mult(ld(X0,X1),X4) = mult(mult(mult(X0,ld(X0,X2)),X3),ld(mult(mult(X0,ld(X0,X2)),X3),mult(ld(X0,X1),X4))) [superposition 55,19]
1345. mult(ld(ld(X0,X1),ld(X0,X1)),X4) = mult(mult(mult(X0,ld(X0,X2)),X3),ld(mult(mult(X0,ld(X0,X2)),X3),mult(ld(ld(X0,X1),ld(X0,X1)),X4))) [superposition 55,22]
1376. mult(mult(mult(X0,ld(X0,X1)),X2),ld(mult(mult(X0,ld(X0,X1)),X2),mult(ld(X3,X3),X3))) = mult(ld(ld(X0,X4),X5),ld(ld(ld(X0,X4),X5),X3)) [superposition 54,55]
1431. mult(ld(X0,X4),ld(ld(X0,X4),X3)) = mult(mult(mult(X0,ld(X0,X1)),X2),ld(mult(mult(X0,ld(X0,X1)),X2),mult(ld(X3,X3),X3))) [forward demodulation 1376,1058]
1462. mult(ld(ld(X0,X1),ld(X0,X1)),X4) = mult(mult(X0,ld(X0,mult(X2,X3))),ld(mult(X0,ld(X0,mult(X2,X3))),mult(ld(ld(X0,X1),ld(X0,X1)),X4))) [forward demodulation 1345,564]
1463. mult(ld(X0,X1),X4) = mult(mult(X0,ld(X0,mult(X2,X3))),ld(mult(X0,ld(X0,mult(X2,X3))),mult(ld(X0,X1),X4))) [forward demodulation 1344,564]
1476. mult(mult(mult(X1,ld(X1,X2)),X3),ld(mult(mult(X1,ld(X1,X2)),X3),X0)) = mult(ld(X1,X5),ld(ld(X1,X5),mult(rd(X0,rd(X4,X0)),rd(X4,X0)))) [forward demodulation 1330,564]
1528. mult(mult(X0,X1),ld(mult(X0,X1),mult(X2,X3))) = mult(ld(X0,X4),ld(ld(X0,X4),mult(X2,X3))) [forward demodulation 1275,564]
1559. mult(ld(X0,X4),ld(ld(X0,X4),X3)) = mult(mult(mult(X0,ld(X0,X1)),X2),ld(mult(mult(X0,ld(X0,X1)),X2),X3)) [forward demodulation 1431,35]
1590. mult(ld(ld(X0,X1),ld(X0,X1)),X4) = mult(mult(X0,ld(X0,ld(ld(X0,X1),ld(X0,X1)))),X4) [forward demodulation 1462,53]
1591. mult(ld(X0,X1),X4) = mult(mult(X0,ld(X0,ld(X0,X1))),X4) [forward demodulation 1463,53]
1604. mult(mult(mult(X1,ld(X1,X2)),X3),ld(mult(mult(X1,ld(X1,X2)),X3),X0)) = mult(mult(X1,ld(X1,rd(X0,rd(X4,X0)))),rd(X4,X0)) [forward demodulation 1476,44]
1655. mult(mult(X0,ld(X0,X2)),X3) = mult(mult(X0,X1),ld(mult(X0,X1),mult(X2,X3))) [forward demodulation 1528,44]
1684. mult(ld(X0,X4),ld(ld(X0,X4),X3)) = mult(mult(X0,ld(X0,mult(X1,X2))),ld(mult(X0,ld(X0,mult(X1,X2))),X3)) [forward demodulation 1559,564]
1714. mult(ld(ld(X0,X1),ld(X0,X1)),X4) = mult(X0,ld(X0,mult(ld(ld(X0,X1),ld(X0,X1)),X4))) [forward demodulation 1590,564]
1715. mult(ld(X0,X1),X4) = mult(X0,ld(X0,mult(ld(X0,X1),X4))) [forward demodulation 1591,564]
1728. mult(mult(mult(X1,ld(X1,X2)),X3),ld(mult(mult(X1,ld(X1,X2)),X3),X0)) = mult(X1,ld(X1,mult(rd(X0,rd(X4,X0)),rd(X4,X0)))) [forward demodulation 1604,564]
1777. mult(X0,ld(X0,mult(X2,X3))) = mult(mult(X0,X1),ld(mult(X0,X1),mult(X2,X3))) [forward demodulation 1655,564]
1804. mult(ld(X0,X4),ld(ld(X0,X4),X3)) = mult(X0,ld(X0,mult(mult(X1,X2),ld(mult(X0,ld(X0,mult(X1,X2))),X3)))) [forward demodulation 1684,564]
1836. mult(mult(mult(X1,ld(X1,X2)),X3),ld(mult(mult(X1,ld(X1,X2)),X3),X0)) = mult(X1,ld(X1,mult(X0,ld(X0,X0)))) [forward demodulation 1728,1205]
1904. mult(X0,ld(X0,X3)) = mult(X0,ld(X0,mult(mult(X1,X2),ld(mult(X0,ld(X0,mult(X1,X2))),X3)))) [forward demodulation 1804,1058]
1928. mult(mult(mult(X1,ld(X1,X2)),X3),ld(mult(mult(X1,ld(X1,X2)),X3),X0)) = mult(X1,mult(rd(ld(X1,X0),X0),X0)) [forward demodulation 1836,1134]
2002. mult(mult(X1,ld(X1,mult(X2,X3))),ld(mult(X1,ld(X1,mult(X2,X3))),X0)) = mult(X1,mult(rd(ld(X1,X0),X0),X0)) [forward demodulation 1928,564]
2062. mult(X1,ld(X1,mult(mult(X2,X3),ld(mult(X1,ld(X1,mult(X2,X3))),X0)))) = mult(X1,mult(rd(ld(X1,X0),X0),X0)) [forward demodulation 2002,564]
2107. mult(X1,ld(X1,X0)) = mult(X1,mult(rd(ld(X1,X0),X0),X0)) [forward demodulation 2062,1904]
2184. ld(ld(X0,X0),X0) = mult(X0,ld(ld(ld(X0,X0),X0),ld(ld(X0,X0),X0))) [superposition 19,1128]
2327. mult(rd(X0,rd(X2,X1)),mult(rd(rd(X2,X1),rd(X6,X5)),rd(X6,X5))) = mult(rd(mult(X0,mult(X0,ld(X0,ld(X1,X1)))),mult(X3,mult(rd(X4,X5),X5))),mult(X3,mult(rd(X4,X5),X5))) [superposition 90,92]
2336. mult(X1,mult(rd(X2,rd(X4,X0)),rd(X4,X0))) = mult(rd(mult(X1,X2),mult(X3,X0)),mult(X3,X0)) [superposition 90,18]
2358. mult(X2,mult(rd(X3,rd(X4,X1)),rd(X4,X1))) = mult(rd(mult(X2,X3),rd(ld(mult(rd(X0,X1),X1),mult(rd(X0,X1),X1)),mult(rd(X0,X1),X1))),rd(ld(mult(rd(X0,X1),X1),mult(rd(X0,X1),X1)),mult(rd(X0,X1),X1))) [superposition 90,112]
2372. mult(rd(mult(X3,X4),mult(X5,mult(rd(X6,rd(X7,X2)),rd(X7,X2)))),mult(X5,mult(rd(X6,rd(X7,X2)),rd(X7,X2)))) = mult(X3,mult(rd(X4,mult(X0,rd(mult(X1,X2),X2))),mult(X0,rd(mult(X1,X2),X2)))) [superposition 90,6]
2374. mult(rd(mult(X2,X0),mult(X3,mult(rd(X4,X1),X1))),mult(X3,mult(rd(X4,X1),X1))) = mult(X2,mult(X0,mult(X0,ld(X0,ld(X1,X1))))) [superposition 90,92]
2376. mult(X2,rd(X0,X1)) = mult(rd(mult(X2,rd(X0,X1)),mult(X3,mult(rd(X4,X1),X1))),mult(X3,mult(rd(X4,X1),X1))) [superposition 90,18]
2380. mult(X3,mult(X0,ld(X0,ld(rd(X1,X2),rd(X1,X2))))) = mult(rd(mult(X3,ld(X0,X0)),mult(X4,mult(rd(X5,X2),X2))),mult(X4,mult(rd(X5,X2),X2))) [superposition 90,37]
2394. mult(X0,mult(rd(X1,rd(X2,X3)),rd(X2,X3))) = mult(X0,mult(rd(X1,mult(rd(X5,X3),X3)),mult(rd(X5,X3),X3))) [superposition 86,90]
2475. mult(rd(mult(X0,X1),X3),X3) = mult(X0,mult(rd(X1,mult(rd(X5,X3),X3)),mult(rd(X5,X3),X3))) [forward demodulation 2394,732]
2489. mult(X3,mult(X0,ld(X0,ld(rd(X1,X2),rd(X1,X2))))) = mult(X3,mult(rd(ld(X0,X0),mult(X4,mult(rd(X5,X2),X2))),mult(X4,mult(rd(X5,X2),X2)))) [forward demodulation 2380,723]
2493. mult(X2,rd(X0,X1)) = mult(X2,mult(rd(rd(X0,X1),mult(X3,mult(rd(X4,X1),X1))),mult(X3,mult(rd(X4,X1),X1)))) [forward demodulation 2376,723]
2495. mult(rd(mult(X2,X0),mult(X3,mult(rd(X4,X1),X1))),mult(X3,mult(rd(X4,X1),X1))) = mult(X2,mult(X0,ld(X1,X1))) [forward demodulation 2374,1073]
2497. mult(X3,mult(rd(X4,mult(X0,mult(rd(X1,X2),X2))),mult(X0,mult(rd(X1,X2),X2)))) = mult(rd(mult(X3,X4),mult(X5,mult(rd(X6,rd(X7,X2)),rd(X7,X2)))),mult(X5,mult(rd(X6,rd(X7,X2)),rd(X7,X2)))) [forward demodulation 2372,4]
2509. mult(X2,mult(rd(X3,rd(X4,X1)),rd(X4,X1))) = mult(mult(X2,X3),ld(mult(rd(X0,X1),X1),mult(rd(X0,X1),X1))) [forward demodulation 2358,1205]
2530. mult(X1,mult(rd(X2,rd(X4,X0)),rd(X4,X0))) = mult(X1,mult(rd(X2,mult(X3,X0)),mult(X3,X0))) [forward demodulation 2336,723]
2539. mult(rd(X0,rd(X2,X1)),mult(rd(rd(X2,X1),rd(X6,X5)),rd(X6,X5))) = mult(X0,mult(rd(mult(X0,ld(X0,ld(X1,X1))),mult(X3,mult(rd(X4,X5),X5))),mult(X3,mult(rd(X4,X5),X5)))) [forward demodulation 2327,723]
2611. mult(X0,mult(rd(X1,X3),X3)) = mult(X0,mult(rd(X1,mult(rd(X5,X3),X3)),mult(rd(X5,X3),X3))) [forward demodulation 2475,723]
2625. mult(X3,mult(X0,ld(X0,ld(rd(X1,X2),rd(X1,X2))))) = mult(X3,mult(rd(ld(X0,X0),ld(X2,X2)),ld(X2,X2))) [forward demodulation 2489,951]
2629. mult(X2,rd(X0,X1)) = mult(X2,mult(rd(rd(X0,X1),ld(X1,X1)),ld(X1,X1))) [forward demodulation 2493,951]
2631. mult(X2,mult(X0,ld(X1,X1))) = mult(X2,mult(rd(X0,mult(X3,mult(rd(X4,X1),X1))),mult(X3,mult(rd(X4,X1),X1)))) [forward demodulation 2495,723]
2633. mult(X3,mult(rd(X4,mult(X0,mult(rd(X1,X2),X2))),mult(X0,mult(rd(X1,X2),X2)))) = mult(X3,mult(rd(X4,mult(X5,mult(rd(X6,rd(X7,X2)),rd(X7,X2)))),mult(X5,mult(rd(X6,rd(X7,X2)),rd(X7,X2))))) [forward demodulation 2497,723]
2644. mult(X2,mult(rd(X3,rd(X4,X1)),rd(X4,X1))) = mult(X2,mult(rd(X3,mult(rd(X0,X1),X1)),mult(rd(X0,X1),X1))) [forward demodulation 2509,1259]
2665. mult(rd(mult(X1,X2),X0),X0) = mult(X1,mult(rd(X2,mult(X3,X0)),mult(X3,X0))) [forward demodulation 2530,732]
2674. mult(rd(X0,rd(X2,X1)),mult(rd(rd(X2,X1),rd(X6,X5)),rd(X6,X5))) = mult(X0,mult(rd(mult(X0,ld(X0,ld(X1,X1))),ld(X5,X5)),ld(X5,X5))) [forward demodulation 2539,951]
2756. mult(X3,mult(X0,ld(X0,ld(rd(X1,X2),rd(X1,X2))))) = mult(X3,mult(rd(ld(X0,X0),X2),X2)) [forward demodulation 2625,956]
2760. mult(X2,rd(X0,X1)) = mult(X2,mult(rd(rd(X0,X1),X1),X1)) [forward demodulation 2629,956]
2763. mult(X3,mult(rd(X4,mult(X0,mult(rd(X1,X2),X2))),mult(X0,mult(rd(X1,X2),X2)))) = mult(X3,mult(rd(X4,ld(rd(X7,X2),rd(X7,X2))),ld(rd(X7,X2),rd(X7,X2)))) [forward demodulation 2633,951]
2773. mult(X2,mult(rd(X3,X1),X1)) = mult(X2,mult(rd(X3,rd(X4,X1)),rd(X4,X1))) [forward demodulation 2644,2611]
2791. mult(X1,mult(rd(X2,X0),X0)) = mult(X1,mult(rd(X2,mult(X3,X0)),mult(X3,X0))) [forward demodulation 2665,723]
2799. mult(rd(X0,rd(X2,X1)),mult(rd(rd(X2,X1),rd(X6,X5)),rd(X6,X5))) = mult(X0,mult(rd(mult(X0,ld(X0,ld(X1,X1))),X5),X5)) [forward demodulation 2674,956]
2873. mult(X3,mult(X0,ld(X0,ld(X2,X2)))) = mult(X3,mult(X0,ld(X0,ld(rd(X1,X2),rd(X1,X2))))) [forward demodulation 2756,37]
2876. mult(X3,mult(rd(X4,mult(X0,mult(rd(X1,X2),X2))),mult(X0,mult(rd(X1,X2),X2)))) = mult(X3,mult(rd(X4,rd(X7,X2)),rd(X7,X2))) [forward demodulation 2763,956]
2882. mult(X2,mult(rd(X3,X1),X1)) = mult(X2,mult(X3,ld(X1,X1))) [forward demodulation 2773,1205]
2899. mult(rd(X0,rd(X2,X1)),mult(rd(rd(X2,X1),rd(X6,X5)),rd(X6,X5))) = mult(X0,mult(X0,mult(rd(ld(X0,ld(X1,X1)),X5),X5))) [forward demodulation 2799,723]
2958. mult(X3,mult(X0,ld(X0,ld(X2,X2)))) = mult(X3,mult(ld(X0,X0),ld(X2,X2))) [forward demodulation 2873,508]
2961. mult(rd(mult(X3,X4),X2),X2) = mult(X3,mult(rd(X4,mult(X0,mult(rd(X1,X2),X2))),mult(X0,mult(rd(X1,X2),X2)))) [forward demodulation 2876,732]
2975. mult(rd(X0,rd(X2,X1)),mult(rd(rd(X2,X1),rd(X6,X5)),rd(X6,X5))) = mult(X0,mult(rd(ld(X1,X1),X5),X5)) [forward demodulation 2899,1242]
3025. mult(rd(mult(X3,X4),X2),X2) = mult(X3,mult(X4,ld(X2,X2))) [forward demodulation 2961,2631]
3035. mult(rd(X0,rd(X2,X1)),mult(rd(rd(X2,X1),rd(X6,X5)),rd(X6,X5))) = mult(X0,mult(ld(X1,X1),ld(X5,X5))) [forward demodulation 2975,2882]
3081. mult(rd(X0,rd(X2,X1)),mult(rd(rd(X2,X1),rd(X6,X5)),rd(X6,X5))) = mult(X0,mult(X1,ld(X1,ld(X5,X5)))) [forward demodulation 3035,2958]
3118. mult(X0,mult(X1,ld(X1,ld(X5,X5)))) = mult(rd(mult(rd(X0,rd(X2,X1)),rd(X2,X1)),X5),X5) [forward demodulation 3081,732]
3152. mult(X0,mult(X1,ld(X1,ld(X5,X5)))) = mult(rd(X0,rd(X2,X1)),mult(rd(rd(X2,X1),X5),X5)) [forward demodulation 3118,723]
3176. mult(X0,mult(X1,ld(X1,ld(X5,X5)))) = mult(rd(X0,rd(X2,X1)),mult(rd(X2,X1),ld(X5,X5))) [forward demodulation 3152,2882]
3228. mult(rd(ld(X0,X0),X1),X1) = mult(X0,mult(rd(ld(X0,ld(X0,X0)),X1),X1)) [superposition 723,22]
3241. mult(rd(X0,X1),X1) = mult(ld(X0,X0),mult(rd(X0,X1),X1)) [superposition 723,35]
3260. mult(rd(X0,X2),X2) = mult(rd(X0,rd(X1,X0)),mult(rd(rd(X1,X0),X2),X2)) [superposition 723,498]
3261. mult(mult(rd(X0,X1),X1),X1) = mult(X0,mult(rd(X1,X1),X1)) [superposition 723,4]
3262. mult(ld(X0,mult(X0,ld(X1,X1))),X1) = mult(rd(X0,X0),mult(rd(X1,X1),X1)) [superposition 723,7]
3331. mult(ld(X0,mult(X0,ld(X1,X1))),X1) = mult(rd(X0,X0),mult(X1,ld(X1,X1))) [forward demodulation 3262,2882]
3332. mult(mult(rd(X0,X1),X1),X1) = mult(X0,mult(X1,ld(X1,X1))) [forward demodulation 3261,2882]
3333. mult(rd(X0,X2),X2) = mult(rd(X0,rd(X1,X0)),mult(rd(X1,X0),ld(X2,X2))) [forward demodulation 3260,2882]
3352. mult(rd(X0,X1),X1) = mult(ld(X0,X0),mult(X0,ld(X1,X1))) [forward demodulation 3241,2882]
3365. mult(rd(ld(X0,X0),X1),X1) = mult(X0,mult(ld(X0,ld(X0,X0)),ld(X1,X1))) [forward demodulation 3228,2882]
3392. mult(rd(X0,X0),X1) = mult(ld(X0,mult(X0,ld(X1,X1))),X1) [forward demodulation 3331,19]
3393. mult(X0,X1) = mult(mult(rd(X0,X1),X1),X1) [forward demodulation 3332,19]
3394. mult(rd(X0,X2),X2) = mult(X0,mult(X0,ld(X0,ld(X2,X2)))) [forward demodulation 3333,3176]
3417. mult(X0,ld(X0,ld(X1,X1))) = mult(X0,mult(ld(X0,ld(X0,X0)),ld(X1,X1))) [forward demodulation 3365,37]
3436. mult(rd(X0,X0),X1) = mult(mult(X0,ld(X0,ld(X1,X1))),X1) [forward demodulation 3392,3]
3437. mult(rd(X0,X2),X2) = mult(X0,ld(X2,X2)) [forward demodulation 3394,1073]
3470. mult(rd(X0,X0),X1) = mult(X0,ld(X0,mult(ld(X1,X1),X1))) [forward demodulation 3436,564]
3498. mult(X0,ld(X0,X1)) = mult(rd(X0,X0),X1) [forward demodulation 3470,35]
3519. mult(X0,ld(X0,X1)) = mult(ld(X0,X0),X1) [forward demodulation 3498,33]
3590. mult(X0,X1) = mult(ld(X0,X0),ld(ld(X0,X0),mult(X0,X1))) [superposition 1715,1128]
3591. ld(X0,X1) = mult(X0,ld(X0,ld(X0,X1))) [superposition 1715,19]
3663. mult(X0,X1) = mult(X0,ld(X0,ld(ld(X0,X0),mult(X0,X1)))) [forward demodulation 3590,3519]
4181. mult(X0,X1) = mult(mult(X0,ld(X1,X1)),X1) [superposition 3393,3437]
4185. mult(X2,rd(X0,X1)) = mult(X2,mult(rd(X0,X1),ld(X1,X1))) [superposition 2760,3437]
4196. mult(sK0,sK2) != mult(mult(sK0,ld(sK1,sK1)),sK2) <- (~1) [superposition 20,3437]
4208. mult(rd(X0,X1),mult(rd(X1,X2),X2)) = mult(rd(mult(X0,ld(X1,X1)),X2),X2) [superposition 723,3437]
4215. mult(rd(X0,X1),mult(rd(X1,X2),X2)) = mult(mult(X0,ld(X1,X1)),ld(X2,X2)) [forward demodulation 4208,3437]
4252. mult(rd(X0,X1),mult(rd(X1,X2),X2)) = mult(X0,mult(rd(ld(X1,X1),X2),X2)) [forward demodulation 4215,1259]
4279. mult(X0,mult(ld(X1,X1),ld(X2,X2))) = mult(rd(X0,X1),mult(rd(X1,X2),X2)) [forward demodulation 4252,2882]
4302. mult(X0,mult(ld(X1,X1),ld(X2,X2))) = mult(rd(X0,X1),mult(X1,ld(X2,X2))) [forward demodulation 4279,2882]
4319. mult(X0,mult(X1,ld(X1,ld(X2,X2)))) = mult(rd(X0,X1),mult(X1,ld(X2,X2))) [forward demodulation 4302,2958]
4383. mult(rd(ld(rd(X0,X0),X0),X1),X1) = mult(rd(X0,X0),mult(ld(rd(X0,X0),X0),ld(X1,X1))) [superposition 3025,21]
4385. mult(rd(ld(X0,X0),X1),mult(X1,ld(X2,X2))) = mult(rd(mult(X0,ld(X0,ld(X1,X1))),X2),X2) [superposition 3025,37]
4489. mult(rd(ld(X0,X0),X1),mult(X1,ld(X2,X2))) = mult(mult(X0,ld(X0,ld(X1,X1))),ld(X2,X2)) [forward demodulation 4385,3437]
4491. mult(rd(ld(ld(X0,X0),X0),X1),X1) = mult(ld(X0,X0),mult(ld(ld(X0,X0),X0),ld(X1,X1))) [forward demodulation 4383,33]
4553. mult(rd(ld(X0,X0),X1),mult(X1,ld(X2,X2))) = mult(X0,ld(X0,mult(ld(X1,X1),ld(X2,X2)))) [forward demodulation 4489,564]
4555. mult(rd(ld(ld(X0,X0),X0),X1),X1) = mult(X0,ld(X0,mult(ld(ld(X0,X0),X0),ld(X1,X1)))) [forward demodulation 4491,3519]
4604. mult(X0,mult(rd(ld(X0,ld(X1,X1)),X2),X2)) = mult(rd(ld(X0,X0),X1),mult(X1,ld(X2,X2))) [forward demodulation 4553,1134]
4606. mult(rd(ld(ld(X0,X0),X0),X1),X1) = mult(X0,mult(rd(ld(X0,ld(ld(X0,X0),X0)),X1),X1)) [forward demodulation 4555,1134]
4651. mult(X0,mult(rd(ld(X0,ld(X1,X1)),X2),X2)) = mult(ld(X0,X0),mult(X1,ld(X1,ld(X2,X2)))) [forward demodulation 4604,4319]
4653. mult(rd(ld(ld(X0,X0),X0),X1),X1) = mult(X0,mult(ld(X0,ld(ld(X0,X0),X0)),ld(X1,X1))) [forward demodulation 4606,2882]
4690. mult(X0,mult(rd(ld(X0,ld(X1,X1)),X2),X2)) = mult(X0,ld(X0,mult(X1,ld(X1,ld(X2,X2))))) [forward demodulation 4651,3519]
4692. mult(ld(ld(X0,X0),X0),ld(X1,X1)) = mult(X0,mult(ld(X0,ld(ld(X0,X0),X0)),ld(X1,X1))) [forward demodulation 4653,3437]
4724. mult(X0,ld(X0,mult(X1,ld(X1,ld(X2,X2))))) = mult(X0,mult(ld(X0,ld(X1,X1)),ld(X2,X2))) [forward demodulation 4690,2882]
4726. mult(X0,ld(X1,X1)) = mult(X0,mult(ld(X0,ld(ld(X0,X0),X0)),ld(X1,X1))) [forward demodulation 4692,1128]
4817. mult(rd(X0,ld(X1,X1)),ld(X1,X1)) = mult(ld(X0,X0),mult(rd(X0,X1),X1)) [superposition 83,35]
4912. mult(rd(X0,ld(X1,X1)),ld(X1,X1)) = mult(ld(X0,X0),mult(X0,ld(X1,X1))) [forward demodulation 4817,2882]
4969. mult(rd(X0,X1),X1) = mult(rd(X0,ld(X1,X1)),ld(X1,X1)) [forward demodulation 4912,3352]
5023. mult(rd(X0,X1),X1) = mult(X0,ld(ld(X1,X1),ld(X1,X1))) [forward demodulation 4969,3437]
5072. mult(X0,ld(X1,X1)) = mult(X0,ld(ld(X1,X1),ld(X1,X1))) [forward demodulation 5023,3437]
5293. mult(X0,ld(X0,ld(ld(X0,X0),X0))) = X0 [superposition 272,3519]
5510. mult(X0,mult(ld(X0,ld(X1,X1)),ld(X1,X1))) = mult(mult(rd(rd(ld(X0,X0),X1),X1),X1),X1) [superposition 3025,163]
5542. mult(rd(ld(X0,X0),X1),X1) = mult(X0,mult(ld(X0,ld(X1,X1)),ld(X1,X1))) [forward demodulation 5510,3393]
5567. mult(ld(X0,X0),ld(X1,X1)) = mult(X0,mult(ld(X0,ld(X1,X1)),ld(X1,X1))) [forward demodulation 5542,3437]
5586. mult(X0,ld(X0,ld(X1,X1))) = mult(X0,mult(ld(X0,ld(X1,X1)),ld(X1,X1))) [forward demodulation 5567,3519]
5682. ld(ld(X0,X1),X2) = mult(X0,ld(X0,ld(ld(X0,X1),X2))) [superposition 1715,3591]
5777. mult(ld(X0,X2),ld(ld(X0,X2),X3)) = mult(mult(X0,ld(X0,X1)),ld(mult(X0,ld(X0,X1)),X3)) [superposition 247,3]
5857. mult(ld(X0,X3),ld(ld(X0,X3),ld(ld(X0,X3),X2))) = ld(ld(X0,X3),mult(ld(X0,X1),ld(ld(X0,X1),X2))) [superposition 3,247]
5884. mult(ld(X0,X3),ld(ld(X0,X3),ld(ld(X0,X3),X2))) = ld(ld(X0,X3),mult(X0,ld(X0,X2))) [forward demodulation 5857,1058]
5944. mult(ld(X0,X2),ld(ld(X0,X2),X3)) = mult(X0,ld(X0,mult(X1,ld(mult(X0,ld(X0,X1)),X3)))) [forward demodulation 5777,564]
5972. ld(ld(X0,X3),X2) = ld(ld(X0,X3),mult(X0,ld(X0,X2))) [forward demodulation 5884,3591]
6012. mult(X0,ld(X0,X3)) = mult(X0,ld(X0,mult(X1,ld(mult(X0,ld(X0,X1)),X3)))) [forward demodulation 5944,1058]
6191. mult(mult(X0,ld(X0,ld(ld(X1,X1),ld(X1,X1)))),X1) = mult(rd(ld(X0,X0),ld(X1,X1)),X1) [superposition 4181,37]
6192. mult(mult(X0,ld(ld(X1,X1),ld(X1,X1))),X1) = mult(rd(X0,ld(X1,X1)),X1) [superposition 4181,3437]
6247. mult(mult(X0,ld(X1,X1)),X1) = mult(rd(X0,ld(X1,X1)),X1) [forward demodulation 6192,5072]
6248. mult(rd(ld(X0,X0),ld(X1,X1)),X1) = mult(X0,ld(X0,mult(ld(ld(X1,X1),ld(X1,X1)),X1))) [forward demodulation 6191,564]
6285. mult(X0,X1) = mult(rd(X0,ld(X1,X1)),X1) [forward demodulation 6247,4181]
6286. mult(rd(ld(X0,X0),ld(X1,X1)),X1) = mult(X0,ld(X0,mult(ld(X1,X1),ld(ld(X1,X1),X1)))) [forward demodulation 6248,3519]
6314. mult(rd(ld(X0,X0),ld(X1,X1)),X1) = mult(X0,ld(X0,ld(ld(X1,X1),X1))) [forward demodulation 6286,59]
6336. mult(ld(X0,X0),X1) = mult(X0,ld(X0,ld(ld(X1,X1),X1))) [forward demodulation 6314,6285]
6352. mult(X0,ld(X0,X1)) = mult(X0,ld(X0,ld(ld(X1,X1),X1))) [forward demodulation 6336,3519]
6452. mult(mult(X2,ld(X2,X3)),ld(mult(X2,ld(X2,X3)),mult(X0,X1))) = mult(mult(X2,ld(X2,mult(X0,mult(X0,ld(X0,X1))))),ld(mult(X0,X1),mult(X0,X1))) [superposition 53,280]
6469. mult(mult(X2,ld(X2,X3)),ld(mult(X2,ld(X2,X3)),mult(X0,X1))) = mult(X2,ld(X2,mult(mult(X0,mult(X0,ld(X0,X1))),ld(mult(X0,X1),mult(X0,X1))))) [forward demodulation 6452,564]
6550. mult(mult(X2,ld(X2,X3)),ld(mult(X2,ld(X2,X3)),mult(X0,X1))) = mult(X2,mult(rd(ld(X2,mult(X0,mult(X0,ld(X0,X1)))),mult(X0,X1)),mult(X0,X1))) [forward demodulation 6469,1134]
6629. mult(mult(X2,ld(X2,X3)),ld(mult(X2,ld(X2,X3)),mult(X0,X1))) = mult(X2,mult(rd(ld(X2,mult(X0,mult(X0,ld(X0,X1)))),X1),X1)) [forward demodulation 6550,2791]
6708. mult(mult(X2,ld(X2,X3)),ld(mult(X2,ld(X2,X3)),mult(X0,X1))) = mult(X2,mult(ld(X2,mult(X0,mult(X0,ld(X0,X1)))),ld(X1,X1))) [forward demodulation 6629,2882]
6786. mult(mult(X2,ld(X2,X3)),ld(mult(X2,ld(X2,X3)),mult(X0,X1))) = mult(X2,mult(ld(X2,mult(X0,X1)),ld(X1,X1))) [forward demodulation 6708,1073]
6864. mult(mult(X2,ld(X2,X0)),X1) = mult(X2,mult(ld(X2,mult(X0,X1)),ld(X1,X1))) [forward demodulation 6786,53]
6937. mult(X2,ld(X2,mult(X0,X1))) = mult(X2,mult(ld(X2,mult(X0,X1)),ld(X1,X1))) [forward demodulation 6864,564]
7740. mult(X0,ld(ld(ld(X0,X0),X0),ld(ld(X0,X0),X0))) = mult(ld(X0,X1),ld(ld(X0,X1),ld(ld(X0,X0),X0))) [superposition 50,5293]
7790. mult(ld(X0,X1),ld(ld(X0,X1),X0)) = mult(X0,ld(ld(ld(X0,X0),X0),ld(ld(X0,X0),X0))) [forward demodulation 7740,6352]
7821. ld(ld(X0,X0),X0) = mult(ld(X0,X1),ld(ld(X0,X1),X0)) [forward demodulation 7790,2184]
7842. mult(X0,ld(X0,X0)) = ld(ld(X0,X0),X0) [forward demodulation 7821,1058]
7854. ld(ld(X0,X0),X0) = X0 [forward demodulation 7842,19]
8580. mult(X0,rd(X3,X2)) = mult(mult(rd(X0,rd(X1,X2)),rd(X1,X2)),rd(X3,X2)) [superposition 3393,464]
8625. mult(X0,rd(X3,X2)) = mult(mult(X0,ld(X2,X2)),rd(X3,X2)) [forward demodulation 8580,1205]
10282. mult(mult(X0,ld(X1,X1)),ld(mult(X0,ld(X1,X1)),mult(X2,X3))) = mult(rd(X0,X1),ld(rd(X0,X1),mult(X2,X3))) [superposition 1777,3437]
10353. mult(X1,ld(X1,X0)) = mult(mult(X1,X3),ld(mult(X1,X3),X0)) [superposition 1777,498]
10430. mult(X0,ld(X0,mult(X2,X3))) = mult(rd(X0,X1),ld(rd(X0,X1),mult(X2,X3))) [forward demodulation 10282,1777]
10743. mult(X3,mult(rd(ld(X0,X0),X2),X2)) = mult(X3,mult(X0,ld(X0,ld(mult(X1,X2),mult(X1,X2))))) [superposition 2791,37]
10773. ld(mult(X0,X1),mult(X0,X1)) = mult(mult(X0,X1),mult(rd(ld(mult(X0,X1),ld(mult(X0,X1),mult(X0,X1))),X1),X1)) [superposition 175,2791]
10871. ld(mult(X0,X1),mult(X0,X1)) = mult(mult(X0,X1),mult(ld(mult(X0,X1),ld(mult(X0,X1),mult(X0,X1))),ld(X1,X1))) [forward demodulation 10773,2882]
10901. mult(X3,mult(ld(X0,X0),ld(X2,X2))) = mult(X3,mult(X0,ld(X0,ld(mult(X1,X2),mult(X1,X2))))) [forward demodulation 10743,2882]
11000. ld(mult(X0,X1),mult(X0,X1)) = mult(mult(X0,X1),ld(mult(X0,X1),ld(X1,X1))) [forward demodulation 10871,3417]
11026. mult(X3,mult(X0,ld(X0,ld(X2,X2)))) = mult(X3,mult(X0,ld(X0,ld(mult(X1,X2),mult(X1,X2))))) [forward demodulation 10901,2958]
11103. mult(X0,ld(X0,ld(X1,X1))) = ld(mult(X0,X1),mult(X0,X1)) [forward demodulation 11000,10353]
13994. mult(mult(X0,mult(rd(ld(X0,ld(X0,X0)),X1),X1)),X3) = mult(X0,ld(X0,mult(ld(rd(X2,X1),rd(X2,X1)),X3))) [superposition 564,105]
14120. mult(mult(X0,mult(rd(ld(X0,ld(X0,X0)),X1),X1)),X3) = mult(X0,ld(X0,mult(rd(X2,X1),ld(rd(X2,X1),X3)))) [forward demodulation 13994,3519]
14237. mult(X0,ld(X0,mult(rd(X2,X1),ld(rd(X2,X1),X3)))) = mult(mult(X0,mult(ld(X0,ld(X0,X0)),ld(X1,X1))),X3) [forward demodulation 14120,2882]
14346. mult(mult(X0,ld(X0,ld(X1,X1))),X3) = mult(X0,ld(X0,mult(rd(X2,X1),ld(rd(X2,X1),X3)))) [forward demodulation 14237,3417]
14449. mult(X0,ld(X0,mult(ld(X1,X1),X3))) = mult(X0,ld(X0,mult(rd(X2,X1),ld(rd(X2,X1),X3)))) [forward demodulation 14346,564]
14545. mult(X0,ld(X0,mult(X1,ld(X1,X3)))) = mult(X0,ld(X0,mult(rd(X2,X1),ld(rd(X2,X1),X3)))) [forward demodulation 14449,3519]
14936. mult(ld(rd(ld(X0,X0),X0),ld(X0,X0)),X1) = mult(rd(ld(X0,X0),X0),ld(rd(ld(X0,X0),X0),mult(X0,X1))) [superposition 564,111]
14954. mult(rd(ld(X0,X0),X0),mult(rd(ld(rd(ld(X0,X0),X0),X0),rd(X4,X3)),rd(X4,X3))) = mult(rd(ld(rd(ld(X0,X0),X0),ld(X0,X0)),mult(X1,mult(rd(X2,X3),X3))),mult(X1,mult(rd(X2,X3),X3))) [superposition 90,111]
14956. ld(rd(ld(X0,X0),X0),ld(X0,X0)) = mult(mult(rd(ld(X0,X0),X0),mult(rd(ld(X0,X0),X0),ld(rd(ld(X0,X0),X0),ld(rd(ld(X0,X0),X0),X0)))),ld(ld(rd(ld(X0,X0),X0),ld(X0,X0)),ld(rd(ld(X0,X0),X0),ld(X0,X0)))) [superposition 280,111]
14960. mult(X1,mult(rd(X2,ld(rd(ld(X0,X0),X0),X0)),ld(rd(ld(X0,X0),X0),X0))) = mult(X1,mult(rd(X2,ld(rd(ld(X0,X0),X0),ld(X0,X0))),ld(rd(ld(X0,X0),X0),ld(X0,X0)))) [superposition 2791,111]
14964. mult(X1,mult(rd(X2,ld(rd(ld(X0,X0),X0),X0)),ld(rd(ld(X0,X0),X0),X0))) = mult(X1,mult(X2,ld(ld(rd(ld(X0,X0),X0),ld(X0,X0)),ld(rd(ld(X0,X0),X0),ld(X0,X0))))) [forward demodulation 14960,2882]
14966. ld(rd(ld(X0,X0),X0),ld(X0,X0)) = mult(rd(ld(X0,X0),X0),ld(rd(ld(X0,X0),X0),mult(mult(rd(ld(X0,X0),X0),ld(rd(ld(X0,X0),X0),X0)),ld(ld(rd(ld(X0,X0),X0),ld(X0,X0)),ld(rd(ld(X0,X0),X0),ld(X0,X0)))))) [forward demodulation 14956,995]
14968. mult(rd(ld(X0,X0),X0),mult(rd(ld(rd(ld(X0,X0),X0),X0),rd(X4,X3)),rd(X4,X3))) = mult(ld(rd(ld(X0,X0),X0),ld(X0,X0)),ld(mult(X1,mult(rd(X2,X3),X3)),mult(X1,mult(rd(X2,X3),X3)))) [forward demodulation 14954,3437]
14986. mult(ld(X0,X0),ld(ld(X0,X0),mult(X0,X1))) = mult(ld(rd(ld(X0,X0),X0),ld(X0,X0)),X1) [forward demodulation 14936,10430]
14992. mult(X1,mult(X2,ld(ld(rd(ld(X0,X0),X0),ld(X0,X0)),ld(rd(ld(X0,X0),X0),ld(X0,X0))))) = mult(X1,mult(X2,ld(ld(rd(ld(X0,X0),X0),X0),ld(rd(ld(X0,X0),X0),X0)))) [forward demodulation 14964,2882]
14994. ld(rd(ld(X0,X0),X0),ld(X0,X0)) = mult(ld(X0,X0),ld(ld(X0,X0),mult(mult(rd(ld(X0,X0),X0),ld(rd(ld(X0,X0),X0),X0)),ld(ld(rd(ld(X0,X0),X0),ld(X0,X0)),ld(rd(ld(X0,X0),X0),ld(X0,X0)))))) [forward demodulation 14966,10430]
14996. mult(rd(ld(X0,X0),X0),mult(rd(ld(rd(ld(X0,X0),X0),X0),rd(X4,X3)),rd(X4,X3))) = mult(ld(rd(ld(X0,X0),X0),ld(X0,X0)),mult(X1,ld(X1,ld(mult(rd(X2,X3),X3),mult(rd(X2,X3),X3))))) [forward demodulation 14968,11103]
15012. mult(X0,ld(X0,ld(ld(X0,X0),mult(X0,X1)))) = mult(ld(rd(ld(X0,X0),X0),ld(X0,X0)),X1) [forward demodulation 14986,3519]
15018. ld(rd(ld(X0,X0),X0),ld(X0,X0)) = mult(ld(X0,X0),mult(rd(ld(ld(X0,X0),mult(rd(ld(X0,X0),X0),ld(rd(ld(X0,X0),X0),X0))),ld(rd(ld(X0,X0),X0),ld(X0,X0))),ld(rd(ld(X0,X0),X0),ld(X0,X0)))) [forward demodulation 14994,1134]
15020. mult(rd(ld(X0,X0),X0),mult(rd(ld(rd(ld(X0,X0),X0),X0),rd(X4,X3)),rd(X4,X3))) = mult(ld(rd(ld(X0,X0),X0),ld(X0,X0)),mult(X1,ld(X1,ld(X3,X3)))) [forward demodulation 14996,11026]
15035. mult(X0,X1) = mult(ld(rd(ld(X0,X0),X0),ld(X0,X0)),X1) [forward demodulation 15012,3663]
15040. ld(rd(ld(X0,X0),X0),ld(X0,X0)) = mult(ld(X0,X0),mult(ld(ld(X0,X0),mult(rd(ld(X0,X0),X0),ld(rd(ld(X0,X0),X0),X0))),ld(ld(rd(ld(X0,X0),X0),ld(X0,X0)),ld(rd(ld(X0,X0),X0),ld(X0,X0))))) [forward demodulation 15018,2882]
15041. mult(ld(rd(ld(X0,X0),X0),ld(X0,X0)),mult(X1,ld(X1,ld(X3,X3)))) = mult(rd(mult(rd(ld(X0,X0),X0),ld(rd(ld(X0,X0),X0),X0)),X3),X3) [forward demodulation 15020,732]
15058. ld(rd(ld(X0,X0),X0),ld(X0,X0)) = mult(ld(X0,X0),mult(ld(ld(X0,X0),mult(rd(ld(X0,X0),X0),ld(rd(ld(X0,X0),X0),X0))),ld(ld(rd(ld(X0,X0),X0),X0),ld(rd(ld(X0,X0),X0),X0)))) [forward demodulation 15040,14992]
15059. mult(ld(rd(ld(X0,X0),X0),ld(X0,X0)),mult(X1,ld(X1,ld(X3,X3)))) = mult(mult(rd(ld(X0,X0),X0),ld(rd(ld(X0,X0),X0),X0)),ld(X3,X3)) [forward demodulation 15041,3437]
15073. ld(rd(ld(X0,X0),X0),ld(X0,X0)) = mult(ld(X0,X0),ld(ld(X0,X0),mult(rd(ld(X0,X0),X0),ld(rd(ld(X0,X0),X0),X0)))) [forward demodulation 15058,6937]
15074. mult(ld(rd(ld(X0,X0),X0),ld(X0,X0)),mult(X1,ld(X1,ld(X3,X3)))) = mult(rd(ld(X0,X0),X0),ld(rd(ld(X0,X0),X0),mult(X0,ld(X3,X3)))) [forward demodulation 15059,564]
15085. ld(rd(ld(X0,X0),X0),ld(X0,X0)) = mult(ld(X0,X0),ld(ld(X0,X0),mult(X0,ld(X0,X0)))) [forward demodulation 15073,14545]
15086. mult(ld(rd(ld(X0,X0),X0),ld(X0,X0)),mult(X1,ld(X1,ld(X3,X3)))) = mult(ld(X0,X0),ld(ld(X0,X0),mult(X0,ld(X3,X3)))) [forward demodulation 15074,10430]
15093. ld(rd(ld(X0,X0),X0),ld(X0,X0)) = mult(ld(X0,X0),mult(rd(ld(ld(X0,X0),X0),X0),X0)) [forward demodulation 15085,1134]
15094. mult(ld(X0,X0),mult(rd(ld(ld(X0,X0),X0),X3),X3)) = mult(ld(rd(ld(X0,X0),X0),ld(X0,X0)),mult(X1,ld(X1,ld(X3,X3)))) [forward demodulation 15086,1134]
15100. mult(ld(X0,X0),ld(ld(X0,X0),X0)) = ld(rd(ld(X0,X0),X0),ld(X0,X0)) [forward demodulation 15093,2107]
15101. mult(ld(X0,X0),mult(rd(ld(ld(X0,X0),X0),X3),X3)) = mult(X0,mult(X1,ld(X1,ld(X3,X3)))) [forward demodulation 15094,15035]
15104. ld(ld(X0,X0),X0) = ld(rd(ld(X0,X0),X0),ld(X0,X0)) [forward demodulation 15100,59]
15105. mult(X0,mult(X1,ld(X1,ld(X3,X3)))) = mult(ld(X0,X0),mult(ld(ld(X0,X0),X0),ld(X3,X3))) [forward demodulation 15101,2882]
15108. ld(rd(ld(X0,X0),X0),ld(X0,X0)) = X0 [forward demodulation 15104,7854]
15109. mult(X0,mult(X1,ld(X1,ld(X3,X3)))) = mult(X0,ld(X0,mult(ld(ld(X0,X0),X0),ld(X3,X3)))) [forward demodulation 15105,3519]
15112. mult(X0,mult(X1,ld(X1,ld(X3,X3)))) = mult(X0,mult(rd(ld(X0,ld(ld(X0,X0),X0)),X3),X3)) [forward demodulation 15109,1134]
15114. mult(X0,mult(X1,ld(X1,ld(X3,X3)))) = mult(X0,mult(ld(X0,ld(ld(X0,X0),X0)),ld(X3,X3))) [forward demodulation 15112,2882]
15115. mult(X0,ld(X3,X3)) = mult(X0,mult(X1,ld(X1,ld(X3,X3)))) [forward demodulation 15114,4726]
16366. mult(mult(rd(X0,X0),X1),ld(mult(rd(X0,X0),X1),ld(rd(X2,X1),rd(X2,X1)))) = mult(rd(ld(mult(rd(X0,X0),X1),mult(rd(X0,X0),X1)),mult(rd(X0,X0),X1)),mult(ld(X0,mult(X0,ld(X1,X1))),X1)) [superposition 120,7]
16579. mult(mult(rd(X0,X0),X1),ld(mult(rd(X0,X0),X1),ld(rd(X2,X1),rd(X2,X1)))) = mult(rd(ld(mult(rd(X0,X0),X1),mult(rd(X0,X0),X1)),mult(rd(X0,X0),X1)),mult(mult(X0,ld(X0,ld(X1,X1))),X1)) [forward demodulation 16366,3]
16702. mult(mult(rd(X0,X0),X1),ld(mult(rd(X0,X0),X1),ld(rd(X2,X1),rd(X2,X1)))) = mult(rd(ld(mult(rd(X0,X0),X1),mult(rd(X0,X0),X1)),mult(rd(X0,X0),X1)),mult(X0,ld(X0,mult(ld(X1,X1),X1)))) [forward demodulation 16579,564]
16816. mult(mult(rd(X0,X0),X1),ld(mult(rd(X0,X0),X1),ld(rd(X2,X1),rd(X2,X1)))) = mult(rd(ld(mult(rd(X0,X0),X1),mult(rd(X0,X0),X1)),mult(rd(X0,X0),X1)),mult(X0,ld(X0,X1))) [forward demodulation 16702,35]
16926. mult(mult(ld(X0,X0),X1),ld(mult(ld(X0,X0),X1),ld(rd(X2,X1),rd(X2,X1)))) = mult(rd(ld(mult(ld(X0,X0),X1),mult(ld(X0,X0),X1)),mult(ld(X0,X0),X1)),mult(X0,ld(X0,X1))) [forward demodulation 16816,33]
17030. mult(mult(X0,ld(X0,X1)),ld(mult(X0,ld(X0,X1)),ld(rd(X2,X1),rd(X2,X1)))) = mult(rd(ld(mult(X0,ld(X0,X1)),mult(X0,ld(X0,X1))),mult(X0,ld(X0,X1))),mult(X0,ld(X0,X1))) [forward demodulation 16926,3519]
17122. mult(ld(mult(X0,ld(X0,X1)),mult(X0,ld(X0,X1))),ld(mult(X0,ld(X0,X1)),mult(X0,ld(X0,X1)))) = mult(mult(X0,ld(X0,X1)),ld(mult(X0,ld(X0,X1)),ld(rd(X2,X1),rd(X2,X1)))) [forward demodulation 17030,3437]
17198. mult(ld(mult(X0,ld(X0,X1)),mult(X0,ld(X0,X1))),ld(mult(X0,ld(X0,X1)),mult(X0,ld(X0,X1)))) = mult(ld(mult(X0,ld(X0,X1)),mult(X0,ld(X0,X1))),ld(X1,X1)) [forward demodulation 17122,508]
17265. mult(mult(X0,ld(X0,X1)),ld(mult(X0,ld(X0,X1)),ld(X1,X1))) = mult(ld(mult(X0,ld(X0,X1)),mult(X0,ld(X0,X1))),ld(mult(X0,ld(X0,X1)),mult(X0,ld(X0,X1)))) [forward demodulation 17198,3519]
17314. mult(mult(X0,ld(X0,X1)),ld(mult(X0,ld(X0,X1)),ld(X1,X1))) = mult(mult(X0,ld(X0,X1)),ld(mult(X0,ld(X0,X1)),ld(mult(X0,ld(X0,X1)),mult(X0,ld(X0,X1))))) [forward demodulation 17265,3519]
17354. mult(mult(X0,ld(X0,X1)),ld(mult(X0,ld(X0,X1)),ld(X1,X1))) = ld(mult(X0,ld(X0,X1)),mult(X0,ld(X0,X1))) [forward demodulation 17314,22]
17387. mult(X0,ld(X0,ld(ld(X0,X1),ld(X0,X1)))) = mult(mult(X0,ld(X0,X1)),ld(mult(X0,ld(X0,X1)),ld(X1,X1))) [forward demodulation 17354,11103]
17414. mult(X0,ld(X0,ld(ld(X0,X1),ld(X0,X1)))) = mult(mult(X0,ld(X0,X1)),ld(X1,ld(X1,X1))) [forward demodulation 17387,574]
17429. mult(X0,ld(X0,ld(ld(X0,X1),ld(X0,X1)))) = mult(X0,ld(X0,mult(X1,ld(X1,ld(X1,X1))))) [forward demodulation 17414,564]
17436. mult(X0,ld(X0,ld(ld(X0,X1),ld(X0,X1)))) = mult(X0,mult(ld(X0,ld(X1,X1)),ld(X1,X1))) [forward demodulation 17429,4724]
17440. mult(X0,ld(X0,ld(X1,X1))) = mult(X0,ld(X0,ld(ld(X0,X1),ld(X0,X1)))) [forward demodulation 17436,5586]
17443. mult(X0,ld(X0,ld(X1,X1))) = ld(ld(X0,X1),ld(X0,X1)) [forward demodulation 17440,5682]
31278. mult(mult(X2,mult(X0,ld(X0,ld(X1,X1)))),rd(X3,X1)) = mult(mult(X2,ld(X0,X0)),mult(rd(rd(X3,X1),X1),X1)) [superposition 416,37]
31474. mult(mult(X2,mult(X0,ld(X0,ld(X1,X1)))),rd(X3,X1)) = mult(mult(X2,ld(X0,X0)),mult(rd(X3,X1),ld(X1,X1))) [forward demodulation 31278,2882]
31580. mult(mult(X2,mult(X0,ld(X0,ld(X1,X1)))),rd(X3,X1)) = mult(mult(X2,ld(X0,X0)),rd(X3,X1)) [forward demodulation 31474,4185]
31679. mult(mult(X2,ld(X1,X1)),rd(X3,X1)) = mult(mult(X2,ld(X0,X0)),rd(X3,X1)) [forward demodulation 31580,15115]
31774. mult(mult(X2,ld(X0,X0)),rd(X3,X1)) = mult(X2,rd(X3,X1)) [forward demodulation 31679,8625]
35936. ld(X0,X1) = ld(X0,mult(ld(X0,X0),ld(ld(X0,X0),X1))) [superposition 5972,7854]
36067. ld(X0,X1) = ld(X0,mult(X0,ld(X0,ld(ld(X0,X0),X1)))) [forward demodulation 35936,3519]
36104. ld(X0,X1) = mult(X0,ld(X0,ld(X0,ld(ld(X0,X0),X1)))) [forward demodulation 36067,3]
36131. ld(X0,X1) = ld(X0,ld(ld(X0,X0),X1)) [forward demodulation 36104,3591]
37119. mult(ld(X0,X1),ld(ld(X0,X1),X2)) = mult(X0,ld(X0,ld(ld(ld(X0,X1),ld(X0,X1)),X2))) [superposition 1058,36131]
37123. mult(ld(X0,X1),ld(ld(X0,X1),X2)) = mult(X0,ld(X0,ld(mult(X0,ld(X0,ld(X1,X1))),X2))) [forward demodulation 37119,17443]
37151. mult(X0,ld(X0,X2)) = mult(X0,ld(X0,ld(mult(X0,ld(X0,ld(X1,X1))),X2))) [forward demodulation 37123,1058]
40842. ld(ld(ld(X0,X1),ld(X0,X1)),X2) = mult(X0,ld(X0,ld(ld(ld(X0,X1),ld(X0,X1)),X2))) [superposition 1714,3591]
41012. ld(mult(X0,ld(X0,ld(X1,X1))),X2) = mult(X0,ld(X0,ld(mult(X0,ld(X0,ld(X1,X1))),X2))) [forward demodulation 40842,17443]
41087. mult(X0,ld(X0,X2)) = ld(mult(X0,ld(X0,ld(X1,X1))),X2) [forward demodulation 41012,37151]
44105. mult(mult(X0,X1),ld(mult(X0,X1),X2)) = mult(mult(X0,ld(X0,ld(X1,X1))),X2) [superposition 3519,11103]
44210. mult(mult(X0,X1),ld(mult(X0,X1),X2)) = mult(X0,ld(X0,mult(ld(X1,X1),X2))) [forward demodulation 44105,564]
44414. mult(X0,ld(X0,mult(X1,ld(X1,X2)))) = mult(mult(X0,X1),ld(mult(X0,X1),X2)) [forward demodulation 44210,3519]
44604. mult(X0,ld(X0,X2)) = mult(X0,ld(X0,mult(X1,ld(X1,X2)))) [forward demodulation 44414,10353]
53964. mult(X1,X0) = mult(mult(X1,ld(X2,X2)),X0) [superposition 31774,689]
55233. mult(sK0,sK2) != mult(sK0,sK2) <- (~1) [superposition 4196,53964]
55353. $false <- (~1) [trivial inequality removal 55233]
55354. 1 [avatar contradiction clause 55353]
56058. mult(sK0,sK2) != mult(sK0,mult(sK1,ld(sK1,sK2))) <- (~2) [forward demodulation 16,3]
136621. mult(mult(X0,ld(X0,X1)),X3) = mult(mult(X0,ld(X0,X1)),mult(mult(X0,ld(X0,ld(X2,X2))),ld(mult(X0,ld(X0,ld(X2,X2))),X3))) [superposition 1253,41087]
136803. mult(mult(X0,ld(X0,X1)),X3) = mult(X0,ld(X0,mult(X1,mult(mult(X0,ld(X0,ld(X2,X2))),ld(mult(X0,ld(X0,ld(X2,X2))),X3))))) [forward demodulation 136621,564]
137137. mult(mult(X0,ld(X0,X1)),X3) = mult(X0,ld(X0,mult(X1,mult(X0,ld(X0,mult(ld(X2,X2),ld(mult(X0,ld(X0,ld(X2,X2))),X3))))))) [forward demodulation 136803,564]
137452. mult(mult(X0,ld(X0,X1)),X3) = mult(X0,ld(X0,mult(X1,mult(ld(X2,X2),ld(mult(X0,ld(X0,ld(X2,X2))),X3))))) [forward demodulation 137137,1265]
137727. mult(mult(X0,ld(X0,X1)),X3) = mult(X0,ld(X0,mult(X1,mult(X2,ld(X2,ld(mult(X0,ld(X0,ld(X2,X2))),X3)))))) [forward demodulation 137452,3519]
137961. mult(mult(X0,ld(X0,X1)),X3) = mult(X0,ld(X0,mult(X1,mult(X2,ld(X2,mult(X0,ld(X0,X3))))))) [forward demodulation 137727,41087]
138153. mult(mult(X0,ld(X0,X1)),X3) = mult(X0,ld(X0,mult(X1,mult(X2,ld(X2,X3))))) [forward demodulation 137961,44604]
138312. mult(X0,ld(X0,mult(X1,X3))) = mult(X0,ld(X0,mult(X1,mult(X2,ld(X2,X3))))) [forward demodulation 138153,564]
147837. mult(ld(X2,X3),mult(mult(X2,ld(X2,X0)),ld(X0,mult(X4,ld(mult(X0,ld(X0,X4)),ld(ld(X1,X1),X1)))))) = mult(mult(X2,ld(X2,ld(X2,X3))),mult(X0,ld(X0,ld(ld(X1,X1),X1)))) [superposition 205,652]
147943. mult(ld(X2,X3),mult(mult(X2,ld(X2,X0)),ld(X0,mult(X4,ld(mult(X0,ld(X0,X4)),ld(ld(X1,X1),X1)))))) = mult(X2,ld(X2,mult(ld(X2,X3),mult(X0,ld(X0,ld(ld(X1,X1),X1)))))) [forward demodulation 147837,564]
148126. mult(ld(X2,X3),mult(mult(X2,ld(X2,X0)),ld(X0,mult(X4,ld(mult(X0,ld(X0,X4)),ld(ld(X1,X1),X1)))))) = mult(X2,ld(X2,mult(ld(X2,X3),ld(ld(X1,X1),X1)))) [forward demodulation 147943,138312]
148284. mult(ld(X2,X3),mult(mult(X2,ld(X2,X0)),ld(X0,mult(X4,ld(mult(X0,ld(X0,X4)),ld(ld(X1,X1),X1)))))) = mult(ld(X2,X3),ld(ld(X1,X1),X1)) [forward demodulation 148126,1715]
148418. mult(ld(X2,X3),mult(mult(X2,ld(X2,X0)),ld(X0,mult(X4,ld(mult(X0,ld(X0,X4)),X1))))) = mult(ld(X2,X3),X1) [forward demodulation 148284,7854]
148531. mult(ld(X2,X3),X1) = mult(ld(X2,X3),mult(X2,ld(X2,mult(X0,ld(X0,mult(X4,ld(mult(X0,ld(X0,X4)),X1))))))) [forward demodulation 148418,564]
148631. mult(ld(X2,X3),mult(X0,ld(X0,mult(X4,ld(mult(X0,ld(X0,X4)),X1))))) = mult(ld(X2,X3),X1) [forward demodulation 148531,1233]
148709. mult(ld(X2,X3),mult(X0,ld(X0,X1))) = mult(ld(X2,X3),X1) [forward demodulation 148631,6012]
148920. mult(X0,X2) = mult(X0,mult(X1,ld(X1,X2))) [superposition 148709,15108]
151312. mult(sK0,sK2) != mult(sK0,sK2) <- (~2) [superposition 56058,148920]
151313. $false <- (~2) [trivial inequality removal 151312]
151314. 2 [avatar contradiction clause 151313]
s1. ~2 | ~1 [sat_conversion 17]
s2. 1 [sat_conversion 55354]
s3. 2 [sat_conversion 151314]
s4. # [rat s1,s2,s3]
151986. $false [avatar sat refutation s4]
% SZS output end Proof for GRP683+1_clausified
% ------------------------------
% Version: Vampire 5.0.0 (Release build, commit 2e2c9b7b8 on 2026-01-17 12:24:14 +0100)
% Linked with Z3 4.14.0.0 3c47fd96cf5645d0c42b2c819d9e9a84380aa721 z3-4.8.4-9178-g3c47fd96c
% CaDiCaL version: 2.1.3
% Termination reason: Refutation
% Time elapsed: 1.424 s
% Peak memory usage: 70 MB
% Instructions burned: 5323 (million)
% ------------------------------
% ------------------------------
