% Running in auto input_syntax mode. Trying TPTP
% Refutation found. Thanks to Tanya!
% SZS status Unsatisfiable for GRP417-1_clausified
% SZS output start Proof for GRP417-1_clausified
1. inverse(multiply(X0,inverse(multiply(inverse(multiply(inverse(multiply(X1,X0)),multiply(X1,inverse(X2)))),inverse(multiply(inverse(X0),X0)))))) = X2 [input(axiom)]
2. multiply(multiply(a3,b3),c3) != multiply(a3,multiply(b3,c3)) [input(negated conjecture)]
4. multiply(X3,inverse(multiply(inverse(multiply(inverse(multiply(X4,X3)),multiply(X4,inverse(X0)))),inverse(multiply(inverse(X3),X3))))) = inverse(multiply(X1,inverse(multiply(inverse(multiply(inverse(multiply(X2,X1)),multiply(X2,X0))),inverse(multiply(inverse(X1),X1)))))) [superposition 1,1]
24. inverse(inverse(multiply(X0,inverse(multiply(inverse(multiply(inverse(multiply(X1,X0)),multiply(X1,X2))),inverse(multiply(inverse(X0),X0))))))) = X2 [superposition 1,4]
27. multiply(X0,inverse(multiply(inverse(multiply(inverse(multiply(X1,X0)),multiply(X1,inverse(inverse(X2))))),inverse(multiply(inverse(X0),X0))))) = X2 [superposition 1,4]
144. multiply(inverse(multiply(inverse(multiply(X3,X2)),multiply(X3,inverse(inverse(X0))))),inverse(multiply(inverse(X2),X2))) = inverse(multiply(X1,inverse(multiply(inverse(multiply(inverse(multiply(X2,X1)),X0)),inverse(multiply(inverse(X1),X1)))))) [superposition 1,27]
329. multiply(X1,inverse(inverse(multiply(X0,inverse(multiply(inverse(multiply(inverse(multiply(X1,X0)),X2)),inverse(multiply(inverse(X0),X0)))))))) = X2 [superposition 27,144]
333. inverse(X2) = inverse(multiply(X1,inverse(inverse(multiply(X0,inverse(multiply(inverse(multiply(inverse(multiply(X1,X0)),X2)),inverse(multiply(inverse(X0),X0))))))))) [superposition 1,144]
357. multiply(inverse(multiply(inverse(multiply(X0,X1)),multiply(X0,inverse(inverse(multiply(X1,inverse(X2))))))),inverse(multiply(inverse(X1),X1))) = X2 [superposition 1,144]
360. inverse(multiply(inverse(multiply(inverse(multiply(X0,X1)),multiply(X0,inverse(inverse(multiply(X1,X2)))))),inverse(multiply(inverse(X1),X1)))) = X2 [superposition 24,144]
561. multiply(X1,inverse(inverse(multiply(X2,inverse(multiply(inverse(X0),inverse(multiply(inverse(X2),X2)))))))) = inverse(inverse(multiply(X3,inverse(multiply(inverse(multiply(inverse(multiply(inverse(multiply(X1,X2)),X3)),X0)),inverse(multiply(inverse(X3),X3))))))) [superposition 329,329]
887. multiply(inverse(X3),X3) = multiply(inverse(multiply(inverse(multiply(X1,inverse(multiply(inverse(multiply(X2,X3)),multiply(X2,inverse(inverse(multiply(X3,inverse(X0))))))))),multiply(X1,inverse(inverse(X0))))),inverse(multiply(inverse(inverse(multiply(inverse(multiply(X2,X3)),multiply(X2,inverse(inverse(multiply(X3,inverse(X0)))))))),inverse(multiply(inverse(multiply(X2,X3)),multiply(X2,inverse(inverse(multiply(X3,inverse(X0)))))))))) [superposition 357,357]
952. multiply(inverse(multiply(inverse(multiply(X1,inverse(multiply(inverse(multiply(X2,X3)),multiply(X2,inverse(inverse(multiply(X3,inverse(X0))))))))),multiply(X1,inverse(inverse(X4))))),inverse(multiply(inverse(inverse(multiply(inverse(multiply(X2,X3)),multiply(X2,inverse(inverse(multiply(X3,inverse(X0)))))))),inverse(multiply(inverse(multiply(X2,X3)),multiply(X2,inverse(inverse(multiply(X3,inverse(X0)))))))))) = inverse(multiply(inverse(multiply(inverse(X3),X3)),inverse(multiply(inverse(multiply(inverse(X0),X4)),inverse(multiply(inverse(inverse(multiply(inverse(X3),X3))),inverse(multiply(inverse(X3),X3)))))))) [superposition 144,357]
966. multiply(inverse(X3),X3) = inverse(multiply(inverse(multiply(inverse(X3),X3)),inverse(multiply(inverse(multiply(inverse(X0),X0)),inverse(multiply(inverse(inverse(multiply(inverse(X3),X3))),inverse(multiply(inverse(X3),X3)))))))) [forward demodulation 887,952]
17799. multiply(inverse(multiply(X0,X1)),multiply(X0,inverse(inverse(multiply(X1,inverse(multiply(inverse(X2),inverse(multiply(inverse(X1),X1))))))))) = X2 [superposition 329,561]
20260. multiply(inverse(X2),X2) = multiply(inverse(multiply(X1,inverse(multiply(inverse(X0),X0)))),multiply(X1,inverse(multiply(inverse(X0),X0)))) [superposition 17799,966]
20284. multiply(inverse(multiply(X1,X2)),multiply(X1,X0)) = multiply(inverse(multiply(X3,X2)),multiply(X3,X0)) [superposition 17799,24]
24443. multiply(inverse(X0),X0) = multiply(inverse(X1),X1) [superposition 20260,20260]
27403. inverse(multiply(inverse(X1),inverse(multiply(inverse(multiply(inverse(X0),X0)),inverse(multiply(inverse(inverse(X1)),inverse(X1))))))) = X1 [superposition 1,24443]
27455. inverse(inverse(multiply(X1,inverse(multiply(inverse(multiply(inverse(X0),X0)),inverse(multiply(inverse(X1),X1))))))) = X1 [superposition 24,24443]
27491. multiply(inverse(X1),X1) = inverse(multiply(inverse(multiply(inverse(X1),X1)),inverse(multiply(inverse(multiply(inverse(X2),X2)),inverse(multiply(inverse(X0),X0)))))) [superposition 966,24443]
27619. multiply(inverse(multiply(X1,X2)),multiply(X1,X3)) = multiply(inverse(multiply(inverse(X0),X0)),multiply(inverse(X2),X3)) [superposition 20284,24443]
27620. multiply(inverse(multiply(X1,X2)),multiply(X1,X3)) = multiply(inverse(multiply(inverse(X3),X2)),multiply(inverse(X0),X0)) [superposition 20284,24443]
29564. inverse(inverse(multiply(X1,inverse(multiply(inverse(multiply(inverse(X2),X2)),inverse(multiply(inverse(X0),X0))))))) = X1 [superposition 27455,24443]
34020. multiply(inverse(X2),X2) = multiply(inverse(multiply(inverse(X0),X0)),multiply(inverse(X1),X1)) [superposition 24443,27619]
36837. inverse(multiply(inverse(X1),X1)) = inverse(multiply(inverse(X2),inverse(inverse(multiply(X2,inverse(multiply(inverse(multiply(inverse(X0),X0)),inverse(multiply(inverse(X2),X2))))))))) [superposition 333,34020]
37017. inverse(multiply(inverse(X1),X1)) = inverse(multiply(inverse(X2),X2)) [forward demodulation 36837,27455]
53796. inverse(multiply(inverse(X1),inverse(multiply(inverse(multiply(inverse(X2),X2)),inverse(multiply(inverse(X0),X0)))))) = X1 [superposition 27403,37017]
54632. inverse(multiply(inverse(X2),inverse(multiply(inverse(multiply(inverse(X3),X3)),inverse(multiply(inverse(multiply(inverse(X0),X0)),inverse(multiply(inverse(X1),X1)))))))) = X2 [superposition 53796,53796]
54684. inverse(inverse(multiply(X2,inverse(multiply(inverse(multiply(inverse(X3),X3)),inverse(multiply(inverse(multiply(inverse(X0),X0)),inverse(multiply(inverse(X1),X1))))))))) = X2 [superposition 29564,53796]
54774. inverse(inverse(multiply(X2,multiply(inverse(X3),X3)))) = X2 [forward demodulation 54684,27491]
54779. inverse(multiply(inverse(X2),multiply(inverse(X3),X3))) = X2 [forward demodulation 54632,27491]
55948. inverse(inverse(X0)) = inverse(multiply(inverse(inverse(inverse(multiply(X1,inverse(multiply(inverse(X0),inverse(multiply(inverse(X1),X1)))))))),X1)) [superposition 54774,17799]
57236. inverse(multiply(inverse(multiply(X0,X1)),multiply(X0,X2))) = multiply(inverse(X2),X1) [superposition 54779,20284]
57303. multiply(inverse(X0),X0) = inverse(multiply(inverse(X1),X1)) [superposition 37017,54779]
58280. inverse(inverse(multiply(X1,inverse(multiply(inverse(X0),X0))))) = X1 [superposition 54774,57303]
58281. inverse(multiply(inverse(X1),inverse(multiply(inverse(X0),X0)))) = X1 [superposition 54779,57303]
58344. multiply(inverse(multiply(inverse(inverse(inverse(multiply(X1,inverse(multiply(inverse(X2),inverse(multiply(inverse(X1),X1)))))))),X1)),inverse(multiply(inverse(X0),X0))) = X2 [superposition 17799,57303]
58553. multiply(inverse(inverse(X2)),inverse(multiply(inverse(X0),X0))) = X2 [forward demodulation 58344,55948]
61176. inverse(X0) = inverse(multiply(inverse(multiply(X1,X2)),multiply(X1,inverse(inverse(multiply(X2,X0)))))) [superposition 58280,360]
61276. inverse(X0) = multiply(inverse(inverse(inverse(multiply(X2,X0)))),X2) [forward demodulation 61176,57236]
63681. multiply(inverse(inverse(X1)),multiply(inverse(X0),X0)) = X1 [superposition 58553,54779]
66214. inverse(multiply(inverse(X1),X2)) = multiply(inverse(inverse(inverse(multiply(inverse(multiply(X0,X1)),multiply(X0,X2))))),inverse(multiply(inverse(X3),X3))) [superposition 61276,27619]
66264. inverse(X0) = inverse(multiply(multiply(inverse(X1),X1),X0)) [superposition 63681,61276]
66355. inverse(multiply(inverse(multiply(X0,X1)),multiply(X0,X2))) = inverse(multiply(inverse(X1),X2)) [forward demodulation 66214,58553]
66369. multiply(inverse(X2),X1) = inverse(multiply(inverse(X1),X2)) [forward demodulation 66355,57236]
67728. multiply(inverse(multiply(inverse(X0),multiply(multiply(inverse(X1),X1),inverse(inverse(multiply(X0,inverse(X2))))))),inverse(multiply(inverse(X0),X0))) = X2 [superposition 357,66264]
67734. multiply(inverse(X0),multiply(multiply(inverse(X1),X1),X2)) = multiply(inverse(multiply(inverse(X2),X0)),multiply(inverse(X3),X3)) [superposition 27620,66264]
67749. multiply(inverse(multiply(X1,multiply(multiply(inverse(X2),X2),X0))),multiply(X1,X3)) = multiply(inverse(multiply(inverse(X4),X4)),multiply(inverse(X0),X3)) [superposition 27619,66264]
67801. multiply(inverse(inverse(X0)),multiply(inverse(X2),X2)) = multiply(multiply(inverse(X1),X1),X0) [superposition 63681,66264]
67802. multiply(multiply(inverse(X1),X1),X0) = X0 [forward demodulation 67801,63681]
67847. multiply(inverse(multiply(X1,multiply(multiply(inverse(X2),X2),X0))),multiply(X1,X3)) = multiply(multiply(inverse(X4),X4),multiply(inverse(X0),X3)) [forward demodulation 67749,66369]
67855. multiply(inverse(X0),multiply(multiply(inverse(X1),X1),X2)) = multiply(multiply(inverse(X0),X2),multiply(inverse(X3),X3)) [forward demodulation 67734,66369]
67859. multiply(inverse(multiply(inverse(X0),multiply(multiply(inverse(X1),X1),inverse(inverse(multiply(X0,inverse(X2))))))),multiply(inverse(X0),X0)) = X2 [forward demodulation 67728,66369]
67924. multiply(inverse(X0),X3) = multiply(inverse(multiply(X1,multiply(multiply(inverse(X2),X2),X0))),multiply(X1,X3)) [forward demodulation 67847,67802]
67928. multiply(inverse(X0),X2) = multiply(multiply(inverse(X0),X2),multiply(inverse(X3),X3)) [forward demodulation 67855,67802]
67932. multiply(multiply(inverse(multiply(multiply(inverse(X1),X1),inverse(inverse(multiply(X0,inverse(X2)))))),X0),multiply(inverse(X0),X0)) = X2 [forward demodulation 67859,66369]
67962. multiply(inverse(X0),X3) = multiply(inverse(multiply(X1,X0)),multiply(X1,X3)) [forward demodulation 67924,67802]
67964. multiply(inverse(multiply(multiply(inverse(X1),X1),inverse(inverse(multiply(X0,inverse(X2)))))),X0) = X2 [forward demodulation 67932,67928]
67975. multiply(inverse(inverse(inverse(multiply(X0,inverse(X2))))),X0) = X2 [forward demodulation 67964,66264]
67978. inverse(inverse(X2)) = X2 [forward demodulation 67975,61276]
69003. multiply(inverse(multiply(X2,X0)),multiply(X2,multiply(X0,inverse(multiply(inverse(X1),inverse(multiply(inverse(X0),X0))))))) = X1 [superposition 17799,67978]
69155. multiply(inverse(X0),multiply(X0,inverse(multiply(inverse(X1),inverse(multiply(inverse(X0),X0)))))) = X1 [forward demodulation 69003,67962]
69235. multiply(inverse(X0),multiply(X0,X1)) = X1 [forward demodulation 69155,58281]
76462. multiply(X1,inverse(inverse(multiply(X2,inverse(multiply(inverse(X0),inverse(multiply(inverse(X2),X2)))))))) = multiply(multiply(X1,X2),X0) [superposition 329,69235]
76497. multiply(multiply(X1,X2),X0) = multiply(X1,multiply(X2,inverse(multiply(inverse(X0),inverse(multiply(inverse(X2),X2)))))) [forward demodulation 76462,67978]
76569. multiply(X1,multiply(X2,X0)) = multiply(multiply(X1,X2),X0) [forward demodulation 76497,58281]
97612. multiply(a3,multiply(b3,c3)) != multiply(a3,multiply(b3,c3)) [superposition 2,76569]
97677. $false [trivial inequality removal 97612]
% SZS output end Proof for GRP417-1_clausified
% ------------------------------
% Version: Vampire 5.0.0 (Release build, commit 2e2c9b7b8 on 2026-01-17 12:24:14 +0100)
% Linked with Z3 4.14.0.0 3c47fd96cf5645d0c42b2c819d9e9a84380aa721 z3-4.8.4-9178-g3c47fd96c
% CaDiCaL version: 2.1.3
% Termination reason: Refutation
% Time elapsed: 7.423 s
% Peak memory usage: 163 MB
% Instructions burned: 26439 (million)
% ------------------------------
% ------------------------------
