% Running in auto input_syntax mode. Trying TPTP
% Refutation found. Thanks to Tanya!
% SZS status Theorem for GRP704+1
% SZS output start Proof for GRP704+1
1. ! [X0,X1] : mult(X1,ld(X1,X0)) = X0 [input(axiom)]
6. ! [X0] : mult(unit,X0) = X0 [input(axiom)]
8. ! [X0,X1] : mult(op_c,mult(X1,X0)) = mult(mult(op_c,X1),X0) [input(axiom)]
9. ! [X0,X1] : mult(X1,mult(X0,op_c)) = mult(mult(X1,X0),op_c) [input(axiom)]
10. ! [X0,X1] : mult(X1,mult(op_c,X0)) = mult(mult(X1,op_c),X0) [input(axiom)]
13. ! [X0,X1] : op_f = mult(X1,mult(X0,ld(mult(X1,X0),op_c))) [input(axiom)]
14. ! [X0,X1] : (mult(op_f,mult(X0,X1)) = mult(mult(op_f,X0),X1) & mult(X0,mult(X1,op_f)) = mult(mult(X0,X1),op_f) & mult(X0,mult(op_f,X1)) = mult(mult(X0,op_f),X1)) [input(conjecture)]
15. ~! [X0,X1] : (mult(op_f,mult(X0,X1)) = mult(mult(op_f,X0),X1) & mult(X0,mult(X1,op_f)) = mult(mult(X0,X1),op_f) & mult(X0,mult(op_f,X1)) = mult(mult(X0,op_f),X1)) [negated conjecture 14]
16. ? [X0,X1] : (mult(op_f,mult(X0,X1)) != mult(mult(op_f,X0),X1) | mult(X0,mult(X1,op_f)) != mult(mult(X0,X1),op_f) | mult(X0,mult(op_f,X1)) != mult(mult(X0,op_f),X1)) [ennf transformation 15]
17. ? [X0,X1] : (mult(op_f,mult(X0,X1)) != mult(mult(op_f,X0),X1) | mult(X0,mult(X1,op_f)) != mult(mult(X0,X1),op_f) | mult(X0,mult(op_f,X1)) != mult(mult(X0,op_f),X1)) => (mult(op_f,mult(sK0,sK1)) != mult(mult(op_f,sK0),sK1) | mult(sK0,mult(sK1,op_f)) != mult(mult(sK0,sK1),op_f) | mult(sK0,mult(op_f,sK1)) != mult(mult(sK0,op_f),sK1)) [skolem symbol introduction]
18. mult(op_f,mult(sK0,sK1)) != mult(mult(op_f,sK0),sK1) | mult(sK0,mult(sK1,op_f)) != mult(mult(sK0,sK1),op_f) | mult(sK0,mult(op_f,sK1)) != mult(mult(sK0,op_f),sK1) [skolemisation 16,17]
19. mult(X1,ld(X1,X0)) = X0 [cnf transformation 1]
24. mult(unit,X0) = X0 [cnf transformation 6]
26. mult(op_c,mult(X1,X0)) = mult(mult(op_c,X1),X0) [cnf transformation 8]
27. mult(X1,mult(X0,op_c)) = mult(mult(X1,X0),op_c) [cnf transformation 9]
28. mult(X1,mult(op_c,X0)) = mult(mult(X1,op_c),X0) [cnf transformation 10]
31. op_f = mult(X1,mult(X0,ld(mult(X1,X0),op_c))) [cnf transformation 13]
32. mult(op_f,mult(sK0,sK1)) != mult(mult(op_f,sK0),sK1) | mult(sK0,mult(sK1,op_f)) != mult(mult(sK0,sK1),op_f) | mult(sK0,mult(op_f,sK1)) != mult(mult(sK0,op_f),sK1) [cnf transformation 18]
34. 1 <=> mult(sK0,mult(op_f,sK1)) = mult(mult(sK0,op_f),sK1) [avatar definition]
36. mult(sK0,mult(op_f,sK1)) != mult(mult(sK0,op_f),sK1) <- (~1) [avatar component clause 34]
38. 2 <=> mult(sK0,mult(sK1,op_f)) = mult(mult(sK0,sK1),op_f) [avatar definition]
40. mult(sK0,mult(sK1,op_f)) != mult(mult(sK0,sK1),op_f) <- (~2) [avatar component clause 38]
42. 3 <=> mult(op_f,mult(sK0,sK1)) = mult(mult(op_f,sK0),sK1) [avatar definition]
44. mult(op_f,mult(sK0,sK1)) != mult(mult(op_f,sK0),sK1) <- (~3) [avatar component clause 42]
45. ~1 | ~2 | ~3 [avatar split clause 32,42,38,34]
235. op_f = mult(X0,ld(mult(unit,X0),op_c)) [superposition 24,31]
239. op_f = mult(X0,ld(X0,op_c)) [forward demodulation 235,24]
258. op_c = op_f [forward demodulation 239,19]
270. mult(sK0,mult(op_c,sK1)) != mult(mult(sK0,op_c),sK1) <- (~1) [superposition 36,258]
271. $false <- (~1) [forward subsumption resolution 270,28]
272. 1 [avatar contradiction clause 271]
274. mult(sK0,mult(sK1,op_c)) != mult(mult(sK0,sK1),op_c) <- (~2) [forward demodulation 40,258]
275. $false <- (~2) [forward subsumption resolution 274,27]
276. 2 [avatar contradiction clause 275]
278. mult(op_c,mult(sK0,sK1)) != mult(mult(op_c,sK0),sK1) <- (~3) [forward demodulation 44,258]
279. $false <- (~3) [forward subsumption resolution 278,26]
280. 3 [avatar contradiction clause 279]
s1. ~3 | ~2 | ~1 [sat_conversion 45]
s2. 1 [sat_conversion 272]
s3. 2 [sat_conversion 276]
s4. 3 [sat_conversion 280]
s5. # [rat s1,s2,s3,s4]
281. $false [avatar sat refutation s5]
% SZS output end Proof for GRP704+1
% ------------------------------
% Version: Vampire 5.0.0 (Release build, commit 2e2c9b7b8 on 2026-01-17 12:24:14 +0100)
% Linked with Z3 4.14.0.0 3c47fd96cf5645d0c42b2c819d9e9a84380aa721 z3-4.8.4-9178-g3c47fd96c
% CaDiCaL version: 2.1.3
% Termination reason: Refutation
% Time elapsed: 0.005 s
% Peak memory usage: 68 MB
% Instructions burned: 13 (million)
% ------------------------------
% ------------------------------
