% Running in auto input_syntax mode. Trying TPTP
% Refutation found. Thanks to Tanya!
% SZS status Unsatisfiable for GRP707-1_clausified
% SZS output start Proof for GRP707-1_clausified
1. mult(X0,ld(X0,X1)) = X1 [input(axiom)]
2. ld(X0,mult(X0,X1)) = X1 [input(axiom)]
3. mult(rd(X0,X1),X1) = X0 [input(axiom)]
4. rd(mult(X0,X1),X1) = X0 [input(axiom)]
5. mult(X0,unit) = X0 [input(axiom)]
6. mult(unit,X0) = X0 [input(axiom)]
7. mult(X0,mult(X1,mult(X1,X2))) = mult(mult(mult(X0,X1),X1),X2) [input(axiom)]
8. unit = mult(X0,mult(X0,mult(X0,X0))) [input(axiom)]
9. mult(mult(X0,X0),X1) = mult(X1,mult(X0,X0)) [input(axiom)]
10. mult(mult(a,b),a) != mult(a,mult(b,a)) [input(negated conjecture)]
24. rd(X0,ld(X1,X0)) = X1 [superposition 4,1]
34. mult(X0,mult(X0,X0)) = ld(X0,unit) [superposition 2,8]
53. rd(mult(mult(X0,X0),X1),mult(X0,X0)) = X1 [superposition 4,9]
63. mult(X1,mult(ld(X1,X0),mult(ld(X1,X0),X2))) = mult(mult(X0,ld(X1,X0)),X2) [superposition 7,1]
65. mult(X1,mult(mult(X0,X0),mult(mult(X0,X0),X2))) = mult(mult(mult(mult(X0,X0),X1),mult(X0,X0)),X2) [superposition 7,9]
68. mult(rd(X0,X1),mult(X1,mult(X1,X2))) = mult(mult(X0,X1),X2) [superposition 7,3]
69. mult(mult(X0,X0),X1) = mult(unit,mult(X0,mult(X0,X1))) [superposition 7,6]
70. mult(mult(X0,mult(X0,X0)),X1) = mult(X0,mult(X0,mult(X0,X1))) [superposition 7,9]
71. mult(mult(X0,X1),mult(X1,mult(X1,X2))) = mult(mult(X0,mult(X1,mult(X1,X1))),X2) [superposition 7,7]
73. mult(X1,mult(mult(X0,X0),mult(mult(X0,X0),X2))) = mult(mult(mult(X0,X0),mult(X1,mult(X0,X0))),X2) [superposition 7,9]
80. mult(mult(X0,X1),X1) = rd(mult(X0,mult(X1,mult(X1,X2))),X2) [superposition 4,7]
82. mult(X0,mult(X1,mult(X1,ld(mult(mult(X0,X1),X1),X2)))) = X2 [superposition 1,7]
84. unit = mult(X0,mult(X1,mult(X1,mult(mult(mult(X0,X1),X1),mult(mult(mult(X0,X1),X1),mult(mult(X0,X1),X1)))))) [superposition 8,7]
85. mult(X0,mult(X1,mult(X1,mult(X2,X2)))) = mult(mult(X2,X2),mult(mult(X0,X1),X1)) [superposition 9,7]
86. mult(mult(X0,X1),X1) = mult(X0,mult(X1,mult(X1,unit))) [superposition 5,7]
87. mult(mult(X0,X1),X1) = mult(X0,mult(X1,X1)) [forward demodulation 86,5]
88. unit = mult(X0,mult(X1,mult(X1,mult(X0,mult(X1,mult(X1,mult(mult(mult(X0,X1),X1),mult(mult(X0,X1),X1)))))))) [forward demodulation 84,7]
94. mult(mult(X0,X1),mult(X1,mult(X1,X2))) = mult(mult(X0,ld(X1,unit)),X2) [forward demodulation 71,34]
95. mult(X0,mult(X0,mult(X0,X1))) = mult(ld(X0,unit),X1) [forward demodulation 70,34]
96. mult(mult(X0,X0),X1) = mult(X0,mult(X0,X1)) [forward demodulation 69,6]
98. mult(X1,mult(mult(X0,X0),mult(mult(X0,X0),X2))) = mult(mult(mult(X0,X0),mult(mult(X0,X0),X1)),X2) [forward demodulation 65,9]
101. unit = mult(X0,mult(X1,mult(X1,mult(X0,mult(X1,mult(X1,mult(X0,mult(X1,mult(X1,mult(mult(X0,X1),X1)))))))))) [forward demodulation 88,7]
106. mult(X1,mult(mult(X0,X0),mult(mult(X0,X0),X2))) = mult(mult(X0,mult(X0,mult(mult(X0,X0),X1))),X2) [forward demodulation 98,96]
109. unit = mult(X0,mult(X1,mult(X1,mult(X0,mult(X1,mult(X1,mult(X0,mult(X1,mult(X1,mult(X0,mult(X1,X1))))))))))) [forward demodulation 101,87]
113. mult(X1,mult(mult(X0,X0),mult(mult(X0,X0),X2))) = mult(mult(X0,mult(X0,mult(X0,mult(X0,X1)))),X2) [forward demodulation 106,96]
115. mult(X1,mult(mult(X0,X0),mult(mult(X0,X0),X2))) = mult(mult(ld(X0,unit),mult(X0,X1)),X2) [forward demodulation 113,95]
116. mult(mult(ld(X0,unit),mult(X0,X1)),X2) = mult(X1,mult(X0,mult(X0,mult(mult(X0,X0),X2)))) [forward demodulation 115,96]
117. mult(mult(ld(X0,unit),mult(X0,X1)),X2) = mult(X1,mult(X0,mult(X0,mult(X0,mult(X0,X2))))) [forward demodulation 116,96]
118. mult(mult(ld(X0,unit),mult(X0,X1)),X2) = mult(X1,mult(ld(X0,unit),mult(X0,X2))) [forward demodulation 117,95]
125. mult(X0,mult(mult(X0,X0),mult(mult(X0,X0),X1))) = mult(mult(ld(X0,unit),mult(X0,X0)),X1) [superposition 7,34]
132. mult(X0,mult(mult(X0,X0),mult(mult(X0,X0),X1))) = mult(X0,mult(ld(X0,unit),mult(X0,X1))) [forward demodulation 125,118]
138. mult(X0,mult(ld(X0,unit),mult(X0,X1))) = mult(X0,mult(X0,mult(X0,mult(mult(X0,X0),X1)))) [forward demodulation 132,96]
139. mult(X0,mult(ld(X0,unit),mult(X0,X1))) = mult(ld(X0,unit),mult(mult(X0,X0),X1)) [forward demodulation 138,95]
140. mult(X0,mult(ld(X0,unit),mult(X0,X1))) = mult(ld(X0,unit),mult(X0,mult(X0,X1))) [forward demodulation 139,96]
280. mult(X1,mult(mult(X0,X0),mult(X0,X0))) = mult(mult(mult(X0,X0),X1),mult(X0,X0)) [superposition 87,9]
281. mult(mult(X1,X1),mult(X0,X0)) = mult(mult(X0,mult(X1,X1)),X0) [superposition 87,9]
292. mult(X0,mult(X1,mult(X1,X2))) = mult(mult(X0,mult(X1,X1)),X2) [superposition 7,87]
295. mult(X0,X1) = rd(mult(X0,mult(X1,X1)),X1) [superposition 4,87]
299. mult(X0,mult(mult(X1,X1),mult(X1,X1))) = mult(mult(X1,X1),mult(X0,mult(X1,X1))) [superposition 9,87]
301. mult(X1,mult(X1,mult(X0,mult(X1,X1)))) = mult(X0,mult(mult(X1,X1),mult(X1,X1))) [forward demodulation 299,96]
311. mult(mult(X1,X1),mult(X0,X0)) = mult(X0,mult(X1,mult(X1,X0))) [forward demodulation 281,292]
312. mult(X1,mult(mult(X0,X0),mult(X0,X0))) = mult(mult(X0,X0),mult(mult(X0,X0),X1)) [forward demodulation 280,9]
315. mult(X1,mult(X1,mult(X0,mult(X1,X1)))) = mult(X0,mult(X1,mult(X1,mult(X1,X1)))) [forward demodulation 301,96]
320. mult(X0,mult(X1,mult(X1,X0))) = mult(X1,mult(X1,mult(X0,X0))) [forward demodulation 311,96]
321. mult(X1,mult(mult(X0,X0),mult(X0,X0))) = mult(X0,mult(X0,mult(mult(X0,X0),X1))) [forward demodulation 312,96]
323. mult(X0,unit) = mult(X1,mult(X1,mult(X0,mult(X1,X1)))) [forward demodulation 315,8]
325. mult(X1,mult(mult(X0,X0),mult(X0,X0))) = mult(X0,mult(X0,mult(X0,mult(X0,X1)))) [forward demodulation 321,96]
327. mult(X1,mult(X1,mult(X0,mult(X1,X1)))) = X0 [forward demodulation 323,5]
329. mult(X1,mult(mult(X0,X0),mult(X0,X0))) = mult(ld(X0,unit),mult(X0,X1)) [forward demodulation 325,95]
331. mult(ld(X0,unit),mult(X0,X1)) = mult(X1,mult(X0,mult(X0,mult(X0,X0)))) [forward demodulation 329,96]
333. mult(X1,unit) = mult(ld(X0,unit),mult(X0,X1)) [forward demodulation 331,8]
335. mult(ld(X0,unit),mult(X0,X1)) = X1 [forward demodulation 333,5]
338. mult(mult(X0,mult(X1,mult(X1,mult(mult(X0,X1),X1)))),X2) = mult(mult(mult(X0,X1),X1),mult(mult(mult(X0,X1),X1),X2)) [superposition 96,7]
349. mult(X1,mult(X0,X0)) = mult(X0,mult(X0,X1)) [superposition 9,96]
352. unit = mult(mult(X0,X0),mult(mult(X0,X0),mult(X0,mult(X0,mult(X0,X0))))) [superposition 8,96]
367. ld(mult(X0,X0),unit) = mult(X0,mult(X0,mult(mult(X0,X0),mult(X0,X0)))) [superposition 34,96]
378. mult(X0,X0) = ld(mult(X0,X0),unit) [forward demodulation 367,327]
390. unit = mult(X0,mult(X0,mult(mult(X0,X0),mult(X0,mult(X0,mult(X0,X0)))))) [forward demodulation 352,96]
396. mult(mult(X0,mult(X1,mult(X1,mult(mult(X0,X1),X1)))),X2) = mult(X0,mult(X1,mult(X1,mult(mult(mult(X0,X1),X1),X2)))) [forward demodulation 338,7]
409. unit = mult(X0,mult(X0,mult(X0,mult(X0,mult(X0,mult(X0,mult(X0,X0))))))) [forward demodulation 390,96]
411. mult(mult(X0,mult(X1,mult(X1,mult(mult(X0,X1),X1)))),X2) = mult(X0,mult(X1,mult(X1,mult(X0,mult(X1,mult(X1,X2)))))) [forward demodulation 396,7]
416. unit = mult(ld(X0,unit),mult(X0,mult(X0,mult(X0,mult(X0,X0))))) [forward demodulation 409,95]
418. mult(mult(X0,mult(X1,mult(X1,mult(X0,mult(X1,X1))))),X2) = mult(X0,mult(X1,mult(X1,mult(X0,mult(X1,mult(X1,X2)))))) [forward demodulation 411,87]
423. unit = mult(X0,mult(ld(X0,unit),mult(X0,mult(X0,mult(X0,X0))))) [forward demodulation 416,140]
425. mult(mult(X0,X0),X2) = mult(X0,mult(X1,mult(X1,mult(X0,mult(X1,mult(X1,X2)))))) [forward demodulation 418,327]
428. unit = mult(X0,mult(X0,mult(ld(X0,unit),mult(X0,mult(X0,X0))))) [forward demodulation 423,140]
429. mult(X0,mult(X0,X2)) = mult(X0,mult(X1,mult(X1,mult(X0,mult(X1,mult(X1,X2)))))) [forward demodulation 425,96]
432. unit = mult(X0,mult(X0,mult(X0,mult(ld(X0,unit),mult(X0,X0))))) [forward demodulation 428,140]
433. unit = mult(ld(X0,unit),mult(ld(X0,unit),mult(X0,X0))) [forward demodulation 432,95]
434. unit = mult(X0,mult(ld(X0,unit),mult(ld(X0,unit),X0))) [forward demodulation 433,320]
435. unit = mult(mult(unit,ld(X0,unit)),X0) [forward demodulation 434,63]
436. unit = mult(ld(X0,unit),X0) [forward demodulation 435,6]
444. ld(X0,unit) = rd(unit,X0) [superposition 4,436]
455. mult(X1,mult(X1,X0)) = mult(ld(X1,unit),ld(X1,X0)) [superposition 95,1]
564. mult(mult(mult(mult(X1,X1),X0),mult(X1,X1)),X2) = mult(X0,mult(mult(X1,X1),mult(mult(X1,X1),X2))) [superposition 68,53]
572. mult(mult(X0,ld(X1,unit)),X1) = mult(rd(X0,ld(X1,unit)),mult(ld(X1,unit),unit)) [superposition 68,436]
581. mult(mult(X0,X1),mult(X1,X1)) = mult(rd(X0,X1),unit) [superposition 68,8]
596. rd(X0,X1) = mult(mult(X0,X1),mult(X1,X1)) [forward demodulation 581,5]
602. mult(mult(X0,ld(X1,unit)),X1) = mult(rd(X0,ld(X1,unit)),ld(X1,unit)) [forward demodulation 572,5]
609. mult(mult(mult(mult(X1,X1),X0),mult(X1,X1)),X2) = mult(X0,mult(X1,mult(X1,mult(mult(X1,X1),X2)))) [forward demodulation 564,96]
617. rd(X0,X1) = mult(X1,mult(X1,mult(X0,X1))) [forward demodulation 596,349]
623. mult(mult(X0,ld(X1,unit)),X1) = X0 [forward demodulation 602,3]
627. mult(mult(mult(mult(X1,X1),X0),mult(X1,X1)),X2) = mult(X0,mult(X1,mult(X1,mult(X1,mult(X1,X2))))) [forward demodulation 609,96]
638. mult(mult(mult(mult(X1,X1),X0),mult(X1,X1)),X2) = mult(X0,mult(ld(X1,unit),mult(X1,X2))) [forward demodulation 627,95]
645. mult(X0,X2) = mult(mult(mult(mult(X1,X1),X0),mult(X1,X1)),X2) [forward demodulation 638,335]
651. mult(X0,X2) = mult(mult(mult(X1,X1),X0),mult(X1,mult(X1,X2))) [forward demodulation 645,292]
654. mult(X0,X2) = mult(mult(X1,mult(X1,X0)),mult(X1,mult(X1,X2))) [forward demodulation 651,96]
698. mult(mult(mult(X0,mult(X1,mult(X1,X2))),X1),X1) = rd(mult(X0,mult(mult(X1,mult(X1,X2)),mult(X1,mult(X1,X2)))),X2) [superposition 80,87]
720. mult(mult(mult(X0,mult(X1,mult(X1,X2))),X1),X1) = rd(mult(X0,mult(X2,X2)),X2) [forward demodulation 698,654]
751. mult(X0,X2) = mult(mult(mult(X0,mult(X1,mult(X1,X2))),X1),X1) [forward demodulation 720,295]
772. mult(X0,X2) = mult(mult(X0,mult(X1,mult(X1,X2))),mult(X1,X1)) [forward demodulation 751,87]
787. mult(X0,X2) = mult(mult(X1,X1),mult(X0,mult(X1,mult(X1,X2)))) [forward demodulation 772,9]
799. mult(X0,X2) = mult(X1,mult(X1,mult(X0,mult(X1,mult(X1,X2))))) [forward demodulation 787,96]
820. ld(X1,X0) = mult(ld(X1,unit),X0) [superposition 335,1]
840. mult(X1,X0) = ld(ld(X1,unit),X0) [superposition 2,335]
841. ld(X1,unit) = rd(X0,mult(X1,X0)) [superposition 4,335]
1174. ld(X1,X0) = mult(X2,mult(X2,ld(mult(mult(X1,X2),X2),X0))) [superposition 2,82]
1182. mult(X1,mult(X1,X0)) = mult(ld(X1,unit),mult(X2,mult(X2,ld(mult(mult(X1,X2),X2),X0)))) [superposition 95,82]
1199. mult(X1,mult(X1,X0)) = ld(X1,mult(X2,mult(X2,ld(mult(mult(X1,X2),X2),X0)))) [forward demodulation 1182,820]
1207. ld(X1,X0) = mult(X2,mult(X2,ld(mult(X1,mult(X2,X2)),X0))) [forward demodulation 1174,87]
1255. mult(X1,mult(X1,X0)) = ld(X1,mult(X2,mult(X2,ld(mult(X1,mult(X2,X2)),X0)))) [forward demodulation 1199,87]
1294. mult(X1,mult(X1,X0)) = ld(X1,ld(X1,X0)) [forward demodulation 1255,1207]
1460. mult(mult(X1,ld(mult(X0,X0),unit)),X2) = mult(mult(mult(X0,X0),X1),mult(mult(X0,X0),mult(mult(X0,X0),X2))) [superposition 94,9]
1495. mult(mult(X1,ld(X0,unit)),X0) = mult(mult(X1,X0),ld(X0,unit)) [superposition 94,34]
1542. mult(mult(X1,X0),ld(X0,unit)) = X1 [forward demodulation 1495,623]
1570. mult(mult(X1,ld(mult(X0,X0),unit)),X2) = mult(mult(mult(X0,X0),X1),mult(X0,mult(X0,mult(mult(X0,X0),X2)))) [forward demodulation 1460,96]
1604. mult(mult(X1,ld(mult(X0,X0),unit)),X2) = mult(mult(mult(X0,X0),X1),mult(X0,mult(X0,mult(X0,mult(X0,X2))))) [forward demodulation 1570,96]
1619. mult(mult(X1,ld(mult(X0,X0),unit)),X2) = mult(mult(mult(X0,X0),X1),mult(ld(X0,unit),mult(X0,X2))) [forward demodulation 1604,95]
1628. mult(mult(X1,ld(mult(X0,X0),unit)),X2) = mult(mult(mult(X0,X0),X1),X2) [forward demodulation 1619,335]
1633. mult(mult(X0,mult(X0,X1)),X2) = mult(mult(X1,ld(mult(X0,X0),unit)),X2) [forward demodulation 1628,96]
1634. mult(mult(X0,mult(X0,X1)),X2) = mult(mult(X1,mult(X0,X0)),X2) [forward demodulation 1633,378]
1635. mult(mult(X0,mult(X0,X1)),X2) = mult(X1,mult(X0,mult(X0,X2))) [forward demodulation 1634,292]
1653. rd(X0,X1) = mult(X0,ld(X1,unit)) [superposition 1542,3]
2656. mult(mult(X0,X0),ld(X1,unit)) = ld(X1,mult(X0,X0)) [superposition 820,9]
2680. mult(ld(X0,unit),mult(X1,mult(X1,X2))) = mult(mult(ld(X0,X1),X1),X2) [superposition 7,820]
2686. mult(ld(X0,unit),mult(X1,X1)) = mult(ld(X0,X1),X1) [superposition 87,820]
2740. mult(ld(X0,X1),X1) = ld(X0,mult(X1,X1)) [forward demodulation 2686,820]
2746. ld(X0,mult(X1,mult(X1,X2))) = mult(mult(ld(X0,X1),X1),X2) [forward demodulation 2680,820]
2766. mult(X0,mult(X0,ld(X1,unit))) = ld(X1,mult(X0,X0)) [forward demodulation 2656,96]
2810. mult(X0,mult(X0,ld(X1,unit))) = mult(ld(X1,X0),X0) [forward demodulation 2766,2740]
2836. mult(X0,rd(X0,X1)) = mult(ld(X1,X0),X0) [forward demodulation 2810,1653]
2983. mult(ld(X1,unit),mult(X2,mult(X2,mult(X0,X0)))) = mult(X1,mult(X1,mult(mult(X0,X0),mult(mult(X1,X2),X2)))) [superposition 95,85]
3082. mult(ld(X1,unit),mult(X2,mult(X2,mult(X0,X0)))) = mult(X1,mult(X1,mult(X0,mult(X0,mult(mult(X1,X2),X2))))) [forward demodulation 2983,96]
3240. mult(ld(X1,unit),mult(X2,mult(X2,mult(X0,X0)))) = mult(X1,mult(X1,mult(X0,mult(X0,mult(X1,mult(X2,X2)))))) [forward demodulation 3082,87]
3392. ld(X1,mult(X2,mult(X2,mult(X0,X0)))) = mult(X1,mult(X1,mult(X0,mult(X0,mult(X1,mult(X2,X2)))))) [forward demodulation 3240,820]
3532. mult(mult(ld(X1,X2),X2),mult(X0,X0)) = mult(X1,mult(X1,mult(X0,mult(X0,mult(X1,mult(X2,X2)))))) [forward demodulation 3392,2746]
3647. mult(mult(X2,rd(X2,X1)),mult(X0,X0)) = mult(X1,mult(X1,mult(X0,mult(X0,mult(X1,mult(X2,X2)))))) [forward demodulation 3532,2836]
4850. mult(mult(mult(X1,X1),mult(X0,mult(X1,X1))),mult(X0,mult(mult(X1,X1),mult(mult(X1,X1),mult(mult(X1,X1),mult(X0,mult(X1,X1))))))) = ld(mult(mult(X1,X1),mult(X0,mult(X1,X1))),unit) [superposition 34,73]
4957. ld(mult(X1,mult(X1,mult(X0,mult(X1,X1)))),unit) = mult(mult(X1,mult(X1,mult(X0,mult(X1,X1)))),mult(X0,mult(mult(X1,X1),mult(mult(X1,X1),mult(X1,mult(X1,mult(X0,mult(X1,X1)))))))) [forward demodulation 4850,96]
5058. ld(mult(X1,mult(X1,mult(X0,mult(X1,X1)))),unit) = mult(mult(X0,mult(X1,X1)),mult(X1,mult(X1,mult(X0,mult(mult(X1,X1),mult(mult(X1,X1),mult(X1,mult(X1,mult(X0,mult(X1,X1)))))))))) [forward demodulation 4957,1635]
5155. ld(mult(X1,mult(X1,mult(X0,mult(X1,X1)))),unit) = mult(X0,mult(X1,mult(X1,mult(X1,mult(X1,mult(X0,mult(mult(X1,X1),mult(mult(X1,X1),mult(X1,mult(X1,mult(X0,mult(X1,X1)))))))))))) [forward demodulation 5058,292]
5248. ld(mult(X1,mult(X1,mult(X0,mult(X1,X1)))),unit) = mult(X0,mult(ld(X1,unit),mult(X1,mult(X0,mult(mult(X1,X1),mult(mult(X1,X1),mult(X1,mult(X1,mult(X0,mult(X1,X1)))))))))) [forward demodulation 5155,95]
5331. ld(mult(X1,mult(X1,mult(X0,mult(X1,X1)))),unit) = mult(X0,mult(X0,mult(mult(X1,X1),mult(mult(X1,X1),mult(X1,mult(X1,mult(X0,mult(X1,X1)))))))) [forward demodulation 5248,335]
5411. ld(mult(X1,mult(X1,mult(X0,mult(X1,X1)))),unit) = mult(X0,mult(X0,mult(X1,mult(X1,mult(mult(X1,X1),mult(X1,mult(X1,mult(X0,mult(X1,X1))))))))) [forward demodulation 5331,96]
5478. ld(mult(X1,mult(X1,mult(X0,mult(X1,X1)))),unit) = mult(X0,mult(X0,mult(mult(X1,X1),mult(X0,mult(X1,X1))))) [forward demodulation 5411,799]
5531. ld(mult(X1,mult(X1,mult(X0,mult(X1,X1)))),unit) = mult(X0,mult(X0,mult(X1,mult(X1,mult(X0,mult(X1,X1)))))) [forward demodulation 5478,96]
5578. ld(mult(X1,mult(X1,mult(X0,mult(X1,X1)))),unit) = mult(mult(X1,rd(X1,X0)),mult(X1,X1)) [forward demodulation 5531,3647]
5620. ld(mult(X1,mult(X1,mult(X0,mult(X1,X1)))),unit) = mult(mult(X1,X1),mult(X1,rd(X1,X0))) [forward demodulation 5578,9]
5654. ld(mult(X1,mult(X1,mult(X0,mult(X1,X1)))),unit) = mult(X1,mult(X1,mult(X1,rd(X1,X0)))) [forward demodulation 5620,96]
5681. ld(mult(X1,mult(X1,mult(X0,mult(X1,X1)))),unit) = mult(ld(X1,unit),rd(X1,X0)) [forward demodulation 5654,95]
5705. ld(mult(X1,mult(X1,mult(X0,mult(X1,X1)))),unit) = ld(X1,rd(X1,X0)) [forward demodulation 5681,820]
5728. ld(X0,unit) = ld(X1,rd(X1,X0)) [forward demodulation 5705,327]
5785. ld(X1,X0) = ld(ld(X0,X1),unit) [superposition 5728,24]
6692. ld(mult(X0,X1),unit) = rd(ld(X1,unit),X0) [superposition 841,1542]
6701. ld(mult(X0,X1),unit) = ld(X1,ld(X0,unit)) [superposition 5728,841]
6714. rd(ld(X1,unit),X0) = ld(X1,ld(X0,unit)) [forward demodulation 6692,6701]
6906. rd(unit,mult(X1,mult(X1,mult(X0,mult(X1,mult(X1,mult(X0,mult(X1,mult(X1,mult(X0,mult(X1,X1))))))))))) = X0 [superposition 4,109]
6973. ld(mult(X1,mult(X1,mult(X0,mult(X1,mult(X1,mult(X0,mult(X1,mult(X1,mult(X0,mult(X1,X1)))))))))),unit) = X0 [forward demodulation 6906,444]
7152. ld(mult(X1,mult(X0,mult(X1,mult(X1,mult(X0,mult(X1,mult(X1,mult(X0,mult(X1,X1))))))))),ld(X1,unit)) = X0 [forward demodulation 6973,6701]
7331. ld(mult(X1,mult(X0,mult(X0,mult(X0,mult(X1,X1))))),ld(X1,unit)) = X0 [forward demodulation 7152,429]
7504. ld(mult(X1,mult(ld(X0,unit),mult(X1,X1))),ld(X1,unit)) = X0 [forward demodulation 7331,95]
7668. ld(mult(X1,ld(X0,mult(X1,X1))),ld(X1,unit)) = X0 [forward demodulation 7504,820]
7819. ld(mult(X1,mult(ld(X0,X1),X1)),ld(X1,unit)) = X0 [forward demodulation 7668,2740]
7957. ld(mult(X1,mult(X1,rd(X1,X0))),ld(X1,unit)) = X0 [forward demodulation 7819,2836]
8768. mult(ld(X0,unit),ld(X1,unit)) = mult(X0,mult(X0,rd(X0,X1))) [superposition 95,1653]
8825. rd(ld(X0,unit),X1) = mult(X0,mult(X0,rd(X0,X1))) [forward demodulation 8768,1653]
8888. ld(X0,ld(X1,unit)) = mult(X0,mult(X0,rd(X0,X1))) [forward demodulation 8825,6714]
10504. mult(ld(X1,X0),X2) = ld(ld(X0,X1),X2) [superposition 840,5785]
15432. mult(X1,mult(X0,X1)) = ld(X1,rd(X0,X1)) [superposition 2,617]
18934. mult(ld(X0,unit),mult(ld(X0,X1),ld(X0,X1))) = mult(mult(X0,mult(X0,X1)),ld(X0,X1)) [superposition 87,455]
18971. mult(ld(X0,unit),mult(ld(X0,X1),ld(X0,X1))) = mult(X1,mult(X0,mult(X0,ld(X0,X1)))) [forward demodulation 18934,1635]
19073. mult(X1,mult(X0,X1)) = mult(ld(X0,unit),mult(ld(X0,X1),ld(X0,X1))) [forward demodulation 18971,1]
19157. mult(X1,mult(X0,X1)) = ld(X0,mult(ld(X0,X1),ld(X0,X1))) [forward demodulation 19073,820]
19219. mult(X1,mult(X0,X1)) = mult(ld(X0,ld(X0,X1)),ld(X0,X1)) [forward demodulation 19157,2740]
19264. mult(X1,mult(X0,X1)) = mult(ld(X0,X1),rd(ld(X0,X1),X0)) [forward demodulation 19219,2836]
26046. mult(mult(X1,mult(X1,rd(X1,X0))),mult(mult(X1,mult(X1,rd(X1,X0))),ld(X1,unit))) = ld(mult(X1,mult(X1,rd(X1,X0))),X0) [superposition 1294,7957]
26055. mult(ld(X1,ld(X0,unit)),mult(ld(X1,ld(X0,unit)),ld(X1,unit))) = ld(ld(X1,ld(X0,unit)),X0) [forward demodulation 26046,8888]
26123. mult(ld(X1,ld(X0,unit)),mult(ld(X1,ld(X0,unit)),ld(X1,unit))) = mult(ld(ld(X0,unit),X1),X0) [forward demodulation 26055,10504]
26186. mult(mult(X0,X1),X0) = mult(ld(X1,ld(X0,unit)),mult(ld(X1,ld(X0,unit)),ld(X1,unit))) [forward demodulation 26123,840]
26243. mult(mult(X0,X1),X0) = mult(ld(X1,unit),mult(ld(X1,ld(X0,unit)),ld(X1,ld(X0,unit)))) [forward demodulation 26186,349]
26293. mult(mult(X0,X1),X0) = ld(X1,mult(ld(X1,ld(X0,unit)),ld(X1,ld(X0,unit)))) [forward demodulation 26243,820]
26324. mult(mult(X0,X1),X0) = mult(ld(X1,ld(X1,ld(X0,unit))),ld(X1,ld(X0,unit))) [forward demodulation 26293,2740]
26352. mult(mult(X0,X1),X0) = mult(ld(X1,ld(X0,unit)),rd(ld(X1,ld(X0,unit)),X1)) [forward demodulation 26324,2836]
26374. mult(mult(X0,X1),X0) = mult(ld(X0,unit),mult(X1,ld(X0,unit))) [forward demodulation 26352,19264]
26390. mult(mult(X0,X1),X0) = ld(X0,mult(X1,ld(X0,unit))) [forward demodulation 26374,820]
26405. mult(mult(X0,X1),X0) = ld(X0,rd(X1,X0)) [forward demodulation 26390,1653]
26420. mult(X0,mult(X1,X0)) = mult(mult(X0,X1),X0) [forward demodulation 26405,15432]
57463. mult(a,mult(b,a)) != mult(a,mult(b,a)) [superposition 10,26420]
57561. $false [trivial inequality removal 57463]
% SZS output end Proof for GRP707-1_clausified
% ------------------------------
% Version: Vampire 5.0.0 (Release build, commit 2e2c9b7b8 on 2026-01-17 12:24:14 +0100)
% Linked with Z3 4.14.0.0 3c47fd96cf5645d0c42b2c819d9e9a84380aa721 z3-4.8.4-9178-g3c47fd96c
% CaDiCaL version: 2.1.3
% Termination reason: Refutation
% Time elapsed: 0.572 s
% Peak memory usage: 70 MB
% Instructions burned: 1937 (million)
% ------------------------------
% ------------------------------
