% Running in auto input_syntax mode. Trying TPTP
% Refutation found. Thanks to Tanya!
% SZS status Unsatisfiable for GRP685-11_clausified
% SZS output start Proof for GRP685-11_clausified
1. ld(X0,mult(X0,X0)) = X0 [input(axiom)]
2. rd(mult(X0,X0),X0) = X0 [input(axiom)]
3. mult(X0,ld(X0,X1)) = ld(X0,mult(X0,X1)) [input(axiom)]
4. mult(rd(X0,X1),X1) = rd(mult(X0,X1),X1) [input(axiom)]
5. ld(ld(X0,X1),mult(ld(X0,X1),mult(X2,X3))) = mult(ld(X0,mult(X0,X2)),X3) [input(axiom)]
6. rd(mult(mult(X0,X1),rd(X2,X3)),rd(X2,X3)) = mult(X0,rd(mult(X1,X3),X3)) [input(axiom)]
7. ld(X0,mult(X0,ld(X1,X1))) = rd(mult(rd(X0,X0),X1),X1) [input(axiom)]
8. rd(mult(x6,rd(x7,x8)),rd(x7,x8)) != rd(mult(x6,x8),x8) [input(negated conjecture)]
9. mult(rd(X0,X0),X0) = X0 [forward demodulation 2,4]
10. mult(X0,ld(X0,X0)) = X0 [forward demodulation 1,3]
11. ld(rd(X0,X0),X0) = mult(rd(X0,X0),ld(rd(X0,X0),X0)) [superposition 3,9]
13. rd(X0,X0) = mult(rd(rd(X0,X0),X0),X0) [superposition 4,9]
15. rd(mult(x6,x8),x8) != mult(rd(x6,rd(x7,x8)),rd(x7,x8)) [superposition 8,4]
16. mult(rd(x6,rd(x7,x8)),rd(x7,x8)) != mult(rd(x6,x8),x8) [forward demodulation 15,4]
18. ld(X0,X0) = rd(mult(rd(X0,X0),X0),X0) [superposition 7,10]
20. rd(mult(rd(X0,X0),X1),X1) = mult(X0,ld(X0,ld(X1,X1))) [superposition 3,7]
21. mult(X0,ld(X0,ld(X1,X1))) = mult(rd(rd(X0,X0),X1),X1) [forward demodulation 20,4]
23. ld(X0,X0) = mult(rd(rd(X0,X0),X0),X0) [forward demodulation 18,4]
25. rd(X0,X0) = ld(X0,X0) [forward demodulation 23,13]
27. mult(ld(X0,mult(X0,X2)),X3) = ld(mult(X0,ld(X0,X1)),mult(mult(X0,ld(X0,X1)),mult(X2,X3))) [superposition 5,3]
29. mult(ld(ld(X0,X3),mult(ld(X0,X3),X4)),X5) = ld(mult(ld(X0,mult(X0,X1)),X2),mult(mult(ld(X0,mult(X0,X1)),X2),mult(X4,X5))) [superposition 5,5]
30. mult(ld(X1,mult(X1,rd(X0,X0))),X0) = ld(ld(X1,X2),mult(ld(X1,X2),X0)) [superposition 5,9]
33. mult(ld(X0,mult(X0,X1)),X2) = mult(ld(X0,X3),ld(ld(X0,X3),mult(X1,X2))) [superposition 3,5]
34. mult(ld(X0,X3),ld(ld(X0,X3),mult(X1,X2))) = mult(mult(X0,ld(X0,X1)),X2) [forward demodulation 33,3]
37. mult(ld(X1,mult(X1,rd(X0,X0))),X0) = mult(ld(X1,X2),ld(ld(X1,X2),X0)) [forward demodulation 30,3]
38. mult(ld(ld(X0,X3),mult(ld(X0,X3),X4)),X5) = mult(mult(ld(X0,mult(X0,X1)),X2),ld(mult(ld(X0,mult(X0,X1)),X2),mult(X4,X5))) [forward demodulation 29,3]
40. mult(ld(X0,mult(X0,X2)),X3) = mult(mult(X0,ld(X0,X1)),ld(mult(X0,ld(X0,X1)),mult(X2,X3))) [forward demodulation 27,3]
42. mult(ld(X1,X2),ld(ld(X1,X2),X0)) = mult(mult(X1,ld(X1,rd(X0,X0))),X0) [forward demodulation 37,3]
43. mult(ld(ld(X0,X3),mult(ld(X0,X3),X4)),X5) = mult(mult(mult(X0,ld(X0,X1)),X2),ld(mult(mult(X0,ld(X0,X1)),X2),mult(X4,X5))) [forward demodulation 38,3]
45. mult(mult(X0,ld(X0,X2)),X3) = mult(mult(X0,ld(X0,X1)),ld(mult(X0,ld(X0,X1)),mult(X2,X3))) [forward demodulation 40,3]
47. mult(mult(mult(X0,ld(X0,X1)),X2),ld(mult(mult(X0,ld(X0,X1)),X2),mult(X4,X5))) = mult(mult(ld(X0,X3),ld(ld(X0,X3),X4)),X5) [forward demodulation 43,3]
51. mult(X0,rd(X0,X0)) = X0 [superposition 10,25]
58. mult(rd(X0,X0),rd(mult(X0,X2),X2)) = rd(mult(X0,rd(X1,X2)),rd(X1,X2)) [superposition 6,9]
59. rd(mult(X0,rd(X1,X2)),rd(X1,X2)) = mult(X0,rd(mult(ld(X0,X0),X2),X2)) [superposition 6,10]
60. mult(X2,rd(mult(X3,X1),X1)) = rd(mult(mult(X2,X3),mult(rd(X0,X1),X1)),mult(rd(X0,X1),X1)) [superposition 6,4]
61. mult(X3,rd(mult(X4,rd(X5,X2)),rd(X5,X2))) = rd(mult(mult(X3,X4),mult(X0,rd(mult(X1,X2),X2))),mult(X0,rd(mult(X1,X2),X2))) [superposition 6,6]
63. mult(X0,rd(mult(X1,X2),X2)) = mult(rd(mult(X0,X1),rd(X3,X2)),rd(X3,X2)) [superposition 4,6]
64. mult(rd(mult(X0,X1),rd(X3,X2)),rd(X3,X2)) = mult(X0,mult(rd(X1,X2),X2)) [forward demodulation 63,4]
66. mult(X3,rd(mult(X4,rd(X5,X2)),rd(X5,X2))) = mult(rd(mult(X3,X4),mult(X0,rd(mult(X1,X2),X2))),mult(X0,rd(mult(X1,X2),X2))) [forward demodulation 61,4]
67. mult(X2,rd(mult(X3,X1),X1)) = mult(rd(mult(X2,X3),mult(rd(X0,X1),X1)),mult(rd(X0,X1),X1)) [forward demodulation 60,4]
68. rd(mult(X0,rd(X1,X2)),rd(X1,X2)) = mult(X0,mult(rd(ld(X0,X0),X2),X2)) [forward demodulation 59,4]
69. mult(rd(X0,X0),rd(mult(X0,X2),X2)) = mult(rd(X0,rd(X1,X2)),rd(X1,X2)) [forward demodulation 58,4]
70. mult(X3,rd(mult(X4,rd(X5,X2)),rd(X5,X2))) = mult(rd(mult(X3,X4),mult(X0,mult(rd(X1,X2),X2))),mult(X0,mult(rd(X1,X2),X2))) [forward demodulation 66,4]
71. mult(rd(mult(X2,X3),mult(rd(X0,X1),X1)),mult(rd(X0,X1),X1)) = mult(X2,mult(rd(X3,X1),X1)) [forward demodulation 67,4]
72. rd(mult(X0,rd(X1,X2)),rd(X1,X2)) = mult(X0,mult(rd(rd(X0,X0),X2),X2)) [forward demodulation 68,25]
73. mult(rd(X0,rd(X1,X2)),rd(X1,X2)) = mult(rd(X0,X0),mult(rd(X0,X2),X2)) [forward demodulation 69,4]
74. mult(rd(mult(X3,X4),mult(X0,mult(rd(X1,X2),X2))),mult(X0,mult(rd(X1,X2),X2))) = mult(X3,mult(rd(X4,rd(X5,X2)),rd(X5,X2))) [forward demodulation 70,4]
75. rd(mult(X0,rd(X1,X2)),rd(X1,X2)) = mult(X0,mult(X0,ld(X0,ld(X2,X2)))) [forward demodulation 72,21]
76. rd(mult(X0,rd(X1,X2)),rd(X1,X2)) = mult(X0,mult(X0,ld(X0,rd(X2,X2)))) [forward demodulation 75,25]
77. mult(rd(X0,rd(X1,X2)),rd(X1,X2)) = mult(X0,mult(X0,ld(X0,rd(X2,X2)))) [forward demodulation 76,4]
81. ld(X0,X0) = mult(X0,ld(X0,rd(X0,X0))) [superposition 3,51]
84. rd(X0,X0) = mult(X0,ld(X0,rd(X0,X0))) [forward demodulation 81,25]
303. mult(rd(X0,X0),X0) = mult(ld(X0,X1),ld(ld(X0,X1),X0)) [superposition 42,84]
304. mult(rd(X0,X0),X0) = mult(ld(rd(X0,X0),X1),ld(ld(rd(X0,X0),X1),X0)) [superposition 42,10]
331. mult(ld(rd(X0,X0),X1),ld(ld(rd(X0,X0),X1),X0)) = X0 [forward demodulation 304,9]
332. mult(ld(X0,X1),ld(ld(X0,X1),X0)) = X0 [forward demodulation 303,9]
354. mult(rd(X0,X0),ld(rd(X0,X0),X0)) = X0 [superposition 332,25]
582. mult(rd(X0,X0),X0) = mult(rd(X0,rd(X1,X0)),rd(X1,X0)) [superposition 73,9]
619. mult(rd(X0,rd(X1,X0)),rd(X1,X0)) = X0 [forward demodulation 582,9]
663. mult(rd(x6,x8),x8) != mult(x6,mult(x6,ld(x6,rd(x8,x8)))) [superposition 16,77]
665. mult(X0,mult(X0,ld(X0,rd(X1,X1)))) = mult(rd(X0,X0),mult(rd(X0,X1),X1)) [superposition 73,77]
718. mult(mult(X0,ld(X0,X1)),X2) = mult(X0,ld(X0,mult(X1,X2))) [superposition 45,10]
752. mult(mult(X0,ld(X0,mult(X0,ld(X0,X1)))),X2) = mult(mult(X0,ld(X0,X1)),mult(mult(X0,ld(X0,X1)),ld(mult(X0,ld(X0,X1)),X2))) [superposition 45,3]
754. mult(mult(X0,ld(X0,X0)),ld(X0,X1)) = mult(mult(X0,ld(X0,X1)),rd(mult(X0,ld(X0,X1)),mult(X0,ld(X0,X1)))) [superposition 45,25]
771. mult(X0,ld(X0,X1)) = mult(mult(X0,ld(X0,X0)),ld(X0,X1)) [forward demodulation 754,51]
773. mult(mult(X0,ld(X0,X1)),mult(mult(X0,ld(X0,X1)),ld(mult(X0,ld(X0,X1)),X2))) = mult(mult(X0,mult(X0,ld(X0,ld(X0,X1)))),X2) [forward demodulation 752,3]
801. mult(X0,ld(X0,X1)) = mult(X0,ld(X0,mult(X0,ld(X0,X1)))) [forward demodulation 771,718]
803. mult(mult(X0,mult(X0,ld(X0,ld(X0,X1)))),X2) = mult(X0,ld(X0,mult(X1,mult(mult(X0,ld(X0,X1)),ld(mult(X0,ld(X0,X1)),X2))))) [forward demodulation 773,718]
816. mult(X0,ld(X0,X1)) = mult(X0,mult(X0,ld(X0,ld(X0,X1)))) [forward demodulation 801,3]
818. mult(mult(X0,mult(X0,ld(X0,ld(X0,X1)))),X2) = mult(X0,ld(X0,mult(X1,mult(X0,ld(X0,mult(X1,ld(mult(X0,ld(X0,X1)),X2))))))) [forward demodulation 803,718]
829. mult(mult(X0,ld(X0,X1)),X2) = mult(X0,ld(X0,mult(X1,mult(X0,ld(X0,mult(X1,ld(mult(X0,ld(X0,X1)),X2))))))) [forward demodulation 818,816]
837. mult(X0,ld(X0,mult(X1,X2))) = mult(X0,ld(X0,mult(X1,mult(X0,ld(X0,mult(X1,ld(mult(X0,ld(X0,X1)),X2))))))) [forward demodulation 829,718]
862. mult(ld(X1,X2),ld(ld(X1,X2),X0)) = mult(mult(X1,ld(X1,rd(X0,rd(X3,X0)))),rd(X3,X0)) [superposition 34,619]
866. mult(ld(X1,X2),ld(ld(X1,X2),X0)) = mult(X1,ld(X1,mult(rd(X0,rd(X3,X0)),rd(X3,X0)))) [forward demodulation 862,718]
879. mult(ld(X1,X2),ld(ld(X1,X2),X0)) = mult(X1,ld(X1,X0)) [forward demodulation 866,619]
919. mult(rd(mult(X1,X2),X0),X0) = mult(X1,mult(rd(X2,X0),X0)) [superposition 71,9]
928. mult(rd(mult(X1,X2),X0),X0) = mult(X1,mult(rd(X2,rd(X3,X0)),rd(X3,X0))) [superposition 71,619]
1017. ld(rd(X0,X0),X0) = X0 [superposition 11,354]
1065. mult(mult(ld(X0,X4),ld(ld(X0,X4),X2)),X3) = mult(mult(X0,X1),ld(mult(X0,X1),mult(X2,X3))) [superposition 47,10]
1134. mult(X0,X3) = mult(mult(mult(X0,ld(X0,X1)),X2),ld(mult(mult(X0,ld(X0,X1)),X2),mult(X0,X3))) [superposition 47,332]
1181. mult(rd(mult(ld(X0,X4),ld(ld(X0,X4),X3)),rd(X6,X5)),rd(X6,X5)) = mult(mult(ld(X0,X4),ld(ld(X0,X4),X3)),mult(mult(mult(X0,ld(X0,X1)),X2),ld(mult(mult(X0,ld(X0,X1)),X2),mult(X3,ld(mult(ld(X0,X4),ld(ld(X0,X4),X3)),rd(X5,X5)))))) [superposition 77,47]
1188. mult(rd(mult(ld(X0,X4),ld(ld(X0,X4),X3)),rd(X6,X5)),rd(X6,X5)) = mult(ld(X0,X4),ld(ld(X0,X4),mult(X3,mult(mult(mult(X0,ld(X0,X1)),X2),ld(mult(mult(X0,ld(X0,X1)),X2),mult(X3,ld(mult(ld(X0,X4),ld(ld(X0,X4),X3)),rd(X5,X5)))))))) [forward demodulation 1181,718]
1235. mult(X0,X3) = mult(mult(X0,ld(X0,mult(X1,X2))),ld(mult(X0,ld(X0,mult(X1,X2))),mult(X0,X3))) [forward demodulation 1134,718]
1300. mult(mult(X0,X1),ld(mult(X0,X1),mult(X2,X3))) = mult(ld(X0,X4),ld(ld(X0,X4),mult(X2,X3))) [forward demodulation 1065,718]
1309. mult(rd(mult(ld(X0,X4),ld(ld(X0,X4),X3)),rd(X6,X5)),rd(X6,X5)) = mult(mult(X0,ld(X0,X3)),mult(mult(mult(X0,ld(X0,X1)),X2),ld(mult(mult(X0,ld(X0,X1)),X2),mult(X3,ld(mult(ld(X0,X4),ld(ld(X0,X4),X3)),rd(X5,X5)))))) [forward demodulation 1188,34]
1356. mult(X0,X3) = mult(mult(X0,ld(X0,X0)),X3) [forward demodulation 1235,45]
1420. mult(mult(X0,ld(X0,X2)),X3) = mult(mult(X0,X1),ld(mult(X0,X1),mult(X2,X3))) [forward demodulation 1300,34]
1429. mult(rd(mult(ld(X0,X4),ld(ld(X0,X4),X3)),rd(X6,X5)),rd(X6,X5)) = mult(X0,ld(X0,mult(X3,mult(mult(mult(X0,ld(X0,X1)),X2),ld(mult(mult(X0,ld(X0,X1)),X2),mult(X3,ld(mult(ld(X0,X4),ld(ld(X0,X4),X3)),rd(X5,X5)))))))) [forward demodulation 1309,718]
1476. mult(X0,X3) = mult(X0,ld(X0,mult(X0,X3))) [forward demodulation 1356,718]
1537. mult(X0,ld(X0,mult(X2,X3))) = mult(mult(X0,X1),ld(mult(X0,X1),mult(X2,X3))) [forward demodulation 1420,718]
1545. mult(rd(mult(X0,ld(X0,X3)),rd(X6,X5)),rd(X6,X5)) = mult(X0,ld(X0,mult(X3,mult(mult(mult(X0,ld(X0,X1)),X2),ld(mult(mult(X0,ld(X0,X1)),X2),mult(X3,ld(mult(X0,ld(X0,X3)),rd(X5,X5)))))))) [forward demodulation 1429,879]
1582. mult(X0,X3) = mult(X0,mult(X0,ld(X0,X3))) [forward demodulation 1476,3]
1645. mult(rd(mult(X0,ld(X0,X3)),rd(X6,X5)),rd(X6,X5)) = mult(X0,ld(X0,mult(X3,mult(mult(X0,ld(X0,X1)),ld(mult(X0,ld(X0,X1)),mult(X3,ld(mult(X0,ld(X0,X3)),rd(X5,X5)))))))) [forward demodulation 1545,1537]
1719. mult(rd(mult(X0,ld(X0,X3)),rd(X6,X5)),rd(X6,X5)) = mult(X0,ld(X0,mult(X3,mult(mult(X0,ld(X0,X3)),ld(mult(X0,ld(X0,X3)),rd(X5,X5)))))) [forward demodulation 1645,45]
1773. mult(rd(mult(X0,ld(X0,X3)),rd(X6,X5)),rd(X6,X5)) = mult(X0,ld(X0,mult(X3,mult(X0,ld(X0,mult(X3,ld(mult(X0,ld(X0,X3)),rd(X5,X5)))))))) [forward demodulation 1719,718]
1811. mult(rd(mult(X0,ld(X0,X3)),rd(X6,X5)),rd(X6,X5)) = mult(X0,ld(X0,mult(X3,rd(X5,X5)))) [forward demodulation 1773,837]
1840. mult(X0,mult(rd(ld(X0,X3),X5),X5)) = mult(X0,ld(X0,mult(X3,rd(X5,X5)))) [forward demodulation 1811,64]
1918. mult(ld(X0,X2),mult(rd(ld(ld(X0,X2),X1),rd(X6,X5)),rd(X6,X5))) = mult(rd(mult(mult(X0,ld(X0,rd(X1,X1))),X1),mult(X3,mult(rd(X4,X5),X5))),mult(X3,mult(rd(X4,X5),X5))) [superposition 74,42]
1951. mult(X5,mult(rd(X6,rd(X8,rd(X7,X4))),rd(X8,rd(X7,X4)))) = mult(rd(mult(X5,X6),mult(rd(mult(X0,X1),mult(X2,mult(rd(X3,X4),X4))),mult(X2,mult(rd(X3,X4),X4)))),mult(rd(mult(X0,X1),mult(X2,mult(rd(X3,X4),X4))),mult(X2,mult(rd(X3,X4),X4)))) [superposition 74,74]
1969. mult(rd(mult(X2,X0),mult(X3,mult(rd(X4,X1),X1))),mult(X3,mult(rd(X4,X1),X1))) = mult(X2,mult(X0,mult(X0,ld(X0,rd(X1,X1))))) [superposition 74,77]
2068. mult(rd(mult(X2,X0),mult(X3,mult(rd(X4,X1),X1))),mult(X3,mult(rd(X4,X1),X1))) = mult(X2,mult(X0,rd(X1,X1))) [forward demodulation 1969,1582]
2084. mult(X5,mult(rd(X6,rd(X8,rd(X7,X4))),rd(X8,rd(X7,X4)))) = mult(X5,mult(rd(X6,mult(X2,mult(rd(X3,X4),X4))),mult(X2,mult(rd(X3,X4),X4)))) [forward demodulation 1951,71]
2116. mult(ld(X0,X2),mult(rd(ld(ld(X0,X2),X1),rd(X6,X5)),rd(X6,X5))) = mult(mult(X0,ld(X0,rd(X1,X1))),mult(rd(X1,mult(X3,mult(rd(X4,X5),X5))),mult(X3,mult(rd(X4,X5),X5)))) [forward demodulation 1918,919]
2170. mult(X2,mult(X0,rd(X1,X1))) = mult(X2,mult(rd(X0,mult(X3,mult(rd(X4,X1),X1))),mult(X3,mult(rd(X4,X1),X1)))) [forward demodulation 2068,919]
2185. mult(X5,mult(rd(X6,mult(X2,mult(rd(X3,X4),X4))),mult(X2,mult(rd(X3,X4),X4)))) = mult(rd(mult(X5,X6),rd(X7,X4)),rd(X7,X4)) [forward demodulation 2084,928]
2215. mult(ld(X0,X2),mult(rd(ld(ld(X0,X2),X1),rd(X6,X5)),rd(X6,X5))) = mult(X0,ld(X0,mult(rd(X1,X1),mult(rd(X1,mult(X3,mult(rd(X4,X5),X5))),mult(X3,mult(rd(X4,X5),X5)))))) [forward demodulation 2116,718]
2273. mult(X5,mult(rd(X6,X4),X4)) = mult(X5,mult(rd(X6,mult(X2,mult(rd(X3,X4),X4))),mult(X2,mult(rd(X3,X4),X4)))) [forward demodulation 2185,64]
2301. mult(ld(X0,X2),mult(rd(ld(ld(X0,X2),X1),rd(X6,X5)),rd(X6,X5))) = mult(X0,ld(X0,mult(X1,mult(X1,ld(X1,rd(mult(X3,mult(rd(X4,X5),X5)),mult(X3,mult(rd(X4,X5),X5)))))))) [forward demodulation 2215,665]
2348. mult(X5,mult(rd(X6,X4),X4)) = mult(X5,mult(X6,rd(X4,X4))) [forward demodulation 2273,2170]
2374. mult(ld(X0,X2),mult(rd(ld(ld(X0,X2),X1),rd(X6,X5)),rd(X6,X5))) = mult(X0,ld(X0,mult(X1,rd(mult(X3,mult(rd(X4,X5),X5)),mult(X3,mult(rd(X4,X5),X5)))))) [forward demodulation 2301,1582]
2430. mult(ld(X0,X2),mult(rd(ld(ld(X0,X2),X1),rd(X6,X5)),rd(X6,X5))) = mult(X0,mult(rd(ld(X0,X1),mult(X3,mult(rd(X4,X5),X5))),mult(X3,mult(rd(X4,X5),X5)))) [forward demodulation 2374,1840]
2478. mult(ld(X0,X2),mult(rd(ld(ld(X0,X2),X1),rd(X6,X5)),rd(X6,X5))) = mult(X0,mult(ld(X0,X1),rd(X5,X5))) [forward demodulation 2430,2170]
2519. mult(rd(mult(ld(X0,X2),ld(ld(X0,X2),X1)),X5),X5) = mult(X0,mult(ld(X0,X1),rd(X5,X5))) [forward demodulation 2478,928]
2547. mult(ld(X0,X2),mult(rd(ld(ld(X0,X2),X1),X5),X5)) = mult(X0,mult(ld(X0,X1),rd(X5,X5))) [forward demodulation 2519,919]
2565. mult(X0,mult(ld(X0,X1),rd(X5,X5))) = mult(ld(X0,X2),mult(ld(ld(X0,X2),X1),rd(X5,X5))) [forward demodulation 2547,2348]
2607. mult(X0,rd(X1,X1)) = mult(rd(X0,rd(X2,X1)),rd(X2,X1)) [superposition 77,1582]
2621. mult(rd(x6,x8),x8) != mult(x6,rd(x8,x8)) [superposition 663,1582]
2840. mult(rd(X0,rd(X2,X3)),rd(X2,X3)) = mult(ld(rd(X0,X0),X1),mult(rd(ld(ld(rd(X0,X0),X1),X0),X3),X3)) [superposition 64,331]
2845. mult(rd(X0,rd(X2,X3)),rd(X2,X3)) = mult(ld(rd(X0,X0),X1),mult(ld(ld(rd(X0,X0),X1),X0),rd(X3,X3))) [forward demodulation 2840,2348]
2868. mult(rd(X0,rd(X2,X3)),rd(X2,X3)) = mult(rd(X0,X0),mult(ld(rd(X0,X0),X0),rd(X3,X3))) [forward demodulation 2845,2565]
2888. mult(rd(X0,rd(X2,X3)),rd(X2,X3)) = mult(rd(X0,X0),mult(X0,rd(X3,X3))) [forward demodulation 2868,1017]
2908. mult(X0,rd(X3,X3)) = mult(rd(X0,X0),mult(X0,rd(X3,X3))) [forward demodulation 2888,2607]
3346. mult(rd(X0,X1),X1) = mult(rd(X0,X0),mult(rd(X0,X1),X1)) [superposition 919,9]
3443. mult(rd(X0,X1),X1) = mult(rd(X0,X0),mult(X0,rd(X1,X1))) [forward demodulation 3346,2348]
3499. mult(rd(X0,X1),X1) = mult(X0,rd(X1,X1)) [forward demodulation 3443,2908]
4220. mult(x6,rd(x8,x8)) != mult(x6,rd(x8,x8)) [superposition 2621,3499]
4237. $false [trivial inequality removal 4220]
% SZS output end Proof for GRP685-11_clausified
% ------------------------------
% Version: Vampire 5.0.0 (Release build, commit 2e2c9b7b8 on 2026-01-17 12:24:14 +0100)
% Linked with Z3 4.14.0.0 3c47fd96cf5645d0c42b2c819d9e9a84380aa721 z3-4.8.4-9178-g3c47fd96c
% CaDiCaL version: 2.1.3
% Termination reason: Refutation
% Time elapsed: 0.050 s
% Peak memory usage: 59 MB
% Instructions burned: 182 (million)
% ------------------------------
% ------------------------------
