% Running in auto input_syntax mode. Trying TPTP
% Refutation found. Thanks to Tanya!
% SZS status Unsatisfiable for GRP748+1_clausified
% SZS output start Proof for GRP748+1_clausified
1. mult(X0,ld(X0,X1)) = X1 [input(axiom)]
2. ld(X0,mult(X0,X1)) = X1 [input(axiom)]
3. mult(rd(X0,X1),X1) = X0 [input(axiom)]
4. rd(mult(X0,X1),X1) = X0 [input(axiom)]
5. mult(X0,unit) = X0 [input(axiom)]
6. mult(unit,X0) = X0 [input(axiom)]
7. mult(mult(mult(X0,X1),X2),X1) = mult(X0,mult(mult(X1,X2),X1)) [input(axiom)]
8. mult(mult(X0,X1),i(X1)) = X0 [input(axiom)]
9. unit = mult(X0,i(X0)) [input(axiom)]
10. unit = mult(i(X0),X0) [input(axiom)]
11. mult(i(X0),mult(X0,X1)) = X1 | mult(X0,X1) = mult(X1,X0) [input(axiom)]
13. mult(sK3,mult(sK5,mult(sK4,sK5))) != mult(mult(mult(sK3,sK5),sK4),sK5) [input(negated conjecture)]
37. rd(unit,i(X0)) = X0 [superposition 4,9]
38. rd(X0,ld(X1,X0)) = X1 [superposition 4,1]
40. i(X0) = rd(unit,X0) [superposition 4,10]
43. i(i(X0)) = X0 [forward demodulation 37,40]
49. rd(X0,X1) = mult(X0,i(X1)) [superposition 8,3]
53. mult(X0,X1) = rd(X0,i(X1)) [superposition 4,8]
54. i(X1) = ld(mult(X0,X1),X0) [superposition 2,8]
67. mult(X0,mult(mult(i(X0),X1),i(X0))) = mult(mult(unit,X1),i(X0)) [superposition 7,9]
69. mult(mult(X0,X1),mult(mult(i(X1),X2),i(X1))) = mult(mult(X0,X2),i(X1)) [superposition 7,8]
73. mult(i(X0),mult(mult(X0,X1),X0)) = mult(mult(unit,X1),X0) [superposition 7,10]
76. mult(X0,mult(mult(X1,unit),X1)) = mult(mult(X0,X1),X1) [superposition 7,5]
77. mult(unit,X1) = mult(X0,mult(mult(X1,i(mult(X0,X1))),X1)) [superposition 7,9]
92. mult(unit,X1) = mult(X0,mult(rd(X1,mult(X0,X1)),X1)) [forward demodulation 77,49]
93. mult(mult(X0,X1),X1) = mult(X0,mult(X1,X1)) [forward demodulation 76,5]
95. mult(X1,X0) = mult(i(X0),mult(mult(X0,X1),X0)) [forward demodulation 73,6]
96. mult(mult(X0,X1),mult(mult(i(X1),X2),i(X1))) = rd(mult(X0,X2),X1) [forward demodulation 69,49]
97. mult(X0,mult(mult(i(X0),X1),i(X0))) = rd(mult(unit,X1),X0) [forward demodulation 67,49]
101. mult(X0,mult(rd(X1,mult(X0,X1)),X1)) = X1 [forward demodulation 92,6]
102. rd(mult(X0,X2),X1) = mult(mult(X0,X1),rd(mult(i(X1),X2),X1)) [forward demodulation 96,49]
103. rd(X1,X0) = mult(X0,mult(mult(i(X0),X1),i(X0))) [forward demodulation 97,6]
105. rd(X1,X0) = mult(X0,rd(mult(i(X0),X1),X0)) [forward demodulation 103,49]
110. mult(ld(X1,X0),X1) = X0 | ld(X1,X0) = mult(i(X1),X0) [superposition 11,1]
120. mult(X1,X0) = ld(i(X1),X0) | mult(X0,X1) = mult(X1,X0) [superposition 2,11]
212. ld(X0,X1) = i(ld(X1,X0)) [superposition 54,1]
247. mult(X0,X1) = mult(rd(X0,X1),mult(X1,X1)) [superposition 93,3]
258. mult(mult(X0,X1),mult(mult(X1,X2),X1)) = mult(mult(mult(X0,mult(X1,X1)),X2),X1) [superposition 7,93]
309. mult(rd(X0,X1),mult(rd(X1,X0),X1)) = X1 [superposition 101,3]
317. ld(X1,X0) = mult(rd(X0,mult(X1,X0)),X0) [superposition 2,101]
393. mult(mult(X1,X0),X1) = ld(i(X1),mult(X0,X1)) [superposition 2,95]
398. i(mult(mult(X1,X0),X1)) = ld(mult(X0,X1),i(X1)) [superposition 54,95]
474. i(rd(mult(i(X1),X0),X1)) = ld(rd(X0,X1),X1) [superposition 54,105]
1104. ld(X1,X0) = mult(i(X1),X0) | rd(X0,X1) = ld(X1,X0) [superposition 4,110]
1399. ld(X0,X1) = mult(i(X0),X1) | mult(X1,i(X0)) = mult(i(X0),X1) [superposition 120,43]
1430. rd(X1,X0) = mult(i(X0),X1) | ld(X0,X1) = mult(i(X0),X1) [forward demodulation 1399,49]
1561. mult(mult(X1,X2),rd(X0,X2)) = rd(mult(X1,ld(i(X2),X0)),X2) [superposition 102,1]
1586. i(rd(mult(i(X2),X1),X2)) = ld(rd(mult(X0,X1),X2),mult(X0,X2)) [superposition 54,102]
1607. ld(rd(mult(X0,X1),X2),mult(X0,X2)) = ld(rd(X1,X2),X2) [forward demodulation 1586,474]
2071. mult(rd(X0,X1),X0) = ld(rd(X1,X0),X0) [superposition 2,309]
2257. mult(rd(i(X1),X0),i(X1)) = ld(mult(X0,X1),i(X1)) [superposition 317,8]
2287. i(X1) = ld(ld(X0,X1),rd(X1,mult(X0,X1))) [superposition 54,317]
2337. mult(rd(i(X1),X0),i(X1)) = i(mult(mult(X1,X0),X1)) [forward demodulation 2257,398]
2358. rd(rd(i(X1),X0),X1) = i(mult(mult(X1,X0),X1)) [forward demodulation 2337,49]
53534. ld(X0,X1) != rd(X1,X0) | ld(X0,X1) = mult(i(X0),X1) [equality factoring 1430]
53538. ld(X0,X1) = mult(i(X0),X1) [forward subsumption resolution 53534,1104]
53782. mult(ld(X0,X1),X2) = ld(ld(X1,X0),X2) [superposition 53538,212]
53788. mult(X0,X1) = ld(i(X0),X1) [superposition 53538,43]
53949. mult(mult(X1,i(X0)),X1) = ld(i(X1),ld(X0,X1)) [superposition 393,53538]
53984. i(X1) = ld(ld(i(X0),X1),rd(X1,ld(X0,X1))) [superposition 2287,53538]
54136. i(X1) = ld(ld(i(X0),X1),X0) [forward demodulation 53984,38]
54169. mult(rd(X1,X0),X1) = ld(i(X1),ld(X0,X1)) [forward demodulation 53949,49]
54328. i(X1) = mult(ld(X1,i(X0)),X0) [forward demodulation 54136,53782]
54350. mult(X1,ld(X0,X1)) = mult(rd(X1,X0),X1) [forward demodulation 54169,53788]
54896. ld(rd(ld(i(X1),X2),X1),X1) = ld(mult(mult(X0,X1),rd(X2,X1)),mult(X0,X1)) [superposition 1607,1561]
55032. i(rd(X2,X1)) = ld(rd(ld(i(X1),X2),X1),X1) [forward demodulation 54896,54]
55151. i(rd(X2,X1)) = mult(rd(X1,ld(i(X1),X2)),X1) [forward demodulation 55032,2071]
55242. i(rd(X2,X1)) = mult(X1,ld(ld(i(X1),X2),X1)) [forward demodulation 55151,54350]
55312. i(rd(X2,X1)) = mult(X1,mult(ld(X2,i(X1)),X1)) [forward demodulation 55242,53782]
55350. mult(X1,i(X2)) = i(rd(X2,X1)) [forward demodulation 55312,54328]
55376. rd(X1,X2) = i(rd(X2,X1)) [forward demodulation 55350,49]
55461. i(i(mult(mult(X0,X1),X0))) = rd(X0,rd(i(X0),X1)) [superposition 55376,2358]
55490. rd(X2,rd(X0,X1)) = mult(X2,rd(X1,X0)) [superposition 53,55376]
55597. mult(X0,rd(X1,i(X0))) = i(i(mult(mult(X0,X1),X0))) [forward demodulation 55461,55490]
55652. mult(mult(X0,X1),X0) = mult(X0,rd(X1,i(X0))) [forward demodulation 55597,43]
55678. mult(mult(X0,X1),X0) = mult(X0,mult(X1,X0)) [forward demodulation 55652,53]
85499. mult(mult(mult(X0,X1),X2),X1) = mult(mult(rd(X0,X1),X1),mult(mult(X1,X2),X1)) [superposition 258,247]
85966. mult(mult(mult(X0,X1),X2),X1) = mult(mult(rd(X0,X1),X1),mult(X1,mult(X2,X1))) [forward demodulation 85499,55678]
86187. mult(mult(mult(X0,X1),X2),X1) = mult(X0,mult(X1,mult(X2,X1))) [forward demodulation 85966,3]
723637. mult(sK3,mult(sK5,mult(sK4,sK5))) != mult(sK3,mult(sK5,mult(sK4,sK5))) [superposition 13,86187]
723647. $false [trivial inequality removal 723637]
% SZS output end Proof for GRP748+1_clausified
% ------------------------------
% Version: Vampire 5.0.0 (Release build, commit 2e2c9b7b8 on 2026-01-17 12:24:14 +0100)
% Linked with Z3 4.14.0.0 3c47fd96cf5645d0c42b2c819d9e9a84380aa721 z3-4.8.4-9178-g3c47fd96c
% CaDiCaL version: 2.1.3
% Termination reason: Refutation
% Time elapsed: 12.633 s
% Peak memory usage: 354 MB
% Instructions burned: 41016 (million)
% ------------------------------
% ------------------------------
