% Running in auto input_syntax mode. Trying TPTP
% Refutation found. Thanks to Tanya!
% SZS status Unsatisfiable for GRP050-1_clausified
% SZS output start Proof for GRP050-1_clausified
1. multiply(X0,inverse(multiply(inverse(multiply(inverse(multiply(X0,X1)),X2)),multiply(inverse(X1),multiply(inverse(X1),X1))))) = X2 [input(axiom)]
2. multiply(inverse(a1),a1) != multiply(inverse(b1),b1) | a2 != multiply(multiply(inverse(b2),b2),a2) | multiply(multiply(a3,b3),c3) != multiply(a3,multiply(b3,c3)) [input(negated conjecture)]
4. 1 <=> multiply(multiply(a3,b3),c3) = multiply(a3,multiply(b3,c3)) [avatar definition]
6. multiply(multiply(a3,b3),c3) != multiply(a3,multiply(b3,c3)) <- (~1) [avatar component clause 4]
8. 2 <=> a2 = multiply(multiply(inverse(b2),b2),a2) [avatar definition]
10. a2 != multiply(multiply(inverse(b2),b2),a2) <- (~2) [avatar component clause 8]
12. 3 <=> multiply(inverse(a1),a1) = multiply(inverse(b1),b1) [avatar definition]
14. multiply(inverse(a1),a1) != multiply(inverse(b1),b1) <- (~3) [avatar component clause 12]
15. ~1 | ~2 | ~3 [avatar split clause 2,12,8,4]
16. multiply(X1,inverse(multiply(inverse(multiply(inverse(X0),X3)),multiply(inverse(inverse(multiply(inverse(multiply(inverse(multiply(X1,X2)),X0)),multiply(inverse(X2),multiply(inverse(X2),X2))))),multiply(inverse(inverse(multiply(inverse(multiply(inverse(multiply(X1,X2)),X0)),multiply(inverse(X2),multiply(inverse(X2),X2))))),inverse(multiply(inverse(multiply(inverse(multiply(X1,X2)),X0)),multiply(inverse(X2),multiply(inverse(X2),X2))))))))) = X3 [superposition 1,1]
17. inverse(multiply(inverse(multiply(inverse(multiply(inverse(multiply(X1,X2)),X3)),X0)),multiply(inverse(X3),multiply(inverse(X3),X3)))) = multiply(X1,inverse(multiply(inverse(X0),multiply(inverse(X2),multiply(inverse(X2),X2))))) [superposition 1,1]
19. multiply(X0,inverse(multiply(inverse(X5),multiply(inverse(inverse(multiply(inverse(X3),multiply(inverse(X1),multiply(inverse(X1),X1))))),multiply(inverse(inverse(multiply(inverse(X3),multiply(inverse(X1),multiply(inverse(X1),X1))))),inverse(multiply(inverse(X3),multiply(inverse(X1),multiply(inverse(X1),X1))))))))) = inverse(multiply(inverse(multiply(inverse(multiply(inverse(inverse(multiply(inverse(multiply(inverse(multiply(inverse(multiply(X0,X1)),X2)),X3)),multiply(inverse(X2),multiply(inverse(X2),X2))))),X4)),X5)),multiply(inverse(X4),multiply(inverse(X4),X4)))) [superposition 17,17]
23. multiply(inverse(multiply(inverse(multiply(X0,X2)),X3)),inverse(multiply(inverse(X4),multiply(inverse(X1),multiply(inverse(X1),X1))))) = inverse(multiply(inverse(multiply(multiply(X0,inverse(multiply(inverse(X1),multiply(inverse(X2),multiply(inverse(X2),X2))))),X4)),multiply(inverse(multiply(inverse(X3),multiply(inverse(X3),X3))),multiply(inverse(multiply(inverse(X3),multiply(inverse(X3),X3))),multiply(inverse(X3),multiply(inverse(X3),X3)))))) [superposition 17,17]
35. multiply(inverse(multiply(X0,X2)),multiply(X0,inverse(multiply(inverse(X1),multiply(inverse(X2),multiply(inverse(X2),X2)))))) = X1 [superposition 1,17]
38. multiply(X3,inverse(multiply(inverse(multiply(inverse(multiply(X3,multiply(inverse(multiply(inverse(multiply(inverse(multiply(X0,X2)),X4)),X1)),multiply(inverse(X4),multiply(inverse(X4),X4))))),X5)),multiply(multiply(X0,inverse(multiply(inverse(X1),multiply(inverse(X2),multiply(inverse(X2),X2))))),multiply(multiply(X0,inverse(multiply(inverse(X1),multiply(inverse(X2),multiply(inverse(X2),X2))))),multiply(inverse(multiply(inverse(multiply(inverse(multiply(X0,X2)),X4)),X1)),multiply(inverse(X4),multiply(inverse(X4),X4)))))))) = X5 [superposition 1,17]
42. inverse(multiply(inverse(X4),multiply(inverse(X2),multiply(inverse(X2),X2)))) = multiply(X0,inverse(multiply(inverse(inverse(multiply(inverse(multiply(inverse(multiply(inverse(multiply(inverse(multiply(X0,X1)),X2)),X3)),X4)),multiply(inverse(X3),multiply(inverse(X3),X3))))),multiply(inverse(X1),multiply(inverse(X1),X1))))) [superposition 1,17]
46. inverse(multiply(inverse(X3),multiply(inverse(X1),multiply(inverse(X1),X1)))) = multiply(X4,inverse(multiply(inverse(inverse(multiply(inverse(multiply(inverse(multiply(inverse(multiply(inverse(X0),X1)),X2)),X3)),multiply(inverse(X2),multiply(inverse(X2),X2))))),multiply(inverse(inverse(multiply(inverse(multiply(inverse(multiply(X4,X5)),X0)),multiply(inverse(X5),multiply(inverse(X5),X5))))),multiply(inverse(inverse(multiply(inverse(multiply(inverse(multiply(X4,X5)),X0)),multiply(inverse(X5),multiply(inverse(X5),X5))))),inverse(multiply(inverse(multiply(inverse(multiply(X4,X5)),X0)),multiply(inverse(X5),multiply(inverse(X5),X5))))))))) [superposition 16,17]
58. multiply(inverse(multiply(X0,X2)),inverse(multiply(inverse(multiply(inverse(X1),X3)),multiply(inverse(multiply(X0,inverse(multiply(inverse(X1),multiply(inverse(X2),multiply(inverse(X2),X2)))))),multiply(inverse(multiply(X0,inverse(multiply(inverse(X1),multiply(inverse(X2),multiply(inverse(X2),X2)))))),multiply(X0,inverse(multiply(inverse(X1),multiply(inverse(X2),multiply(inverse(X2),X2)))))))))) = X3 [superposition 16,17]
61. inverse(multiply(inverse(multiply(inverse(multiply(inverse(multiply(X1,inverse(multiply(inverse(multiply(inverse(multiply(X1,X2)),X3)),multiply(inverse(X2),multiply(inverse(X2),X2)))))),X4)),multiply(inverse(X3),X0))),multiply(inverse(X4),multiply(inverse(X4),X4)))) = X0 [superposition 17,16]
69. inverse(multiply(inverse(multiply(inverse(multiply(inverse(X3),X4)),multiply(inverse(X3),X0))),multiply(inverse(X4),multiply(inverse(X4),X4)))) = X0 [forward demodulation 61,1]
80. multiply(inverse(multiply(inverse(multiply(X0,X2)),X4)),X1) = multiply(inverse(multiply(X3,X4)),multiply(X3,multiply(X0,inverse(multiply(inverse(X1),multiply(inverse(X2),multiply(inverse(X2),X2))))))) [superposition 35,17]
98. inverse(multiply(inverse(multiply(inverse(multiply(X0,X3)),multiply(X0,X4))),multiply(inverse(X3),multiply(inverse(X3),X3)))) = X4 [superposition 69,69]
113. multiply(inverse(multiply(inverse(X3),X2)),multiply(inverse(X3),X0)) = multiply(inverse(multiply(X1,X2)),multiply(X1,X0)) [superposition 35,69]
140. multiply(inverse(multiply(inverse(X1),X2)),X0) = multiply(inverse(multiply(X4,X2)),multiply(X4,inverse(multiply(inverse(multiply(inverse(multiply(inverse(X1),X3)),X0)),multiply(inverse(X3),multiply(inverse(X3),X3)))))) [superposition 113,1]
146. multiply(inverse(multiply(X0,X1)),multiply(X0,X2)) = multiply(inverse(multiply(X4,X1)),multiply(X4,X2)) [superposition 113,113]
167. multiply(inverse(X2),X1) = multiply(inverse(multiply(X3,X2)),multiply(X3,inverse(multiply(inverse(multiply(X0,X1)),multiply(X0,multiply(inverse(X2),X2)))))) [superposition 35,113]
188. multiply(inverse(X2),X1) = multiply(inverse(multiply(X3,X2)),multiply(X3,inverse(multiply(inverse(multiply(inverse(X0),X1)),multiply(inverse(X0),multiply(inverse(X2),X2)))))) [superposition 35,113]
367. multiply(inverse(multiply(X2,multiply(X3,X1))),multiply(X2,inverse(multiply(inverse(X4),multiply(inverse(multiply(X3,X1)),multiply(inverse(multiply(X0,X1)),multiply(X0,X1))))))) = X4 [superposition 35,146]
370. multiply(inverse(multiply(X5,X4)),multiply(X5,multiply(X3,X2))) = multiply(inverse(multiply(inverse(multiply(X3,X1)),X4)),multiply(inverse(multiply(X0,X1)),multiply(X0,X2))) [superposition 113,146]
371. multiply(inverse(multiply(X5,multiply(X3,X2))),multiply(X5,X4)) = multiply(inverse(multiply(inverse(multiply(X0,X1)),multiply(X0,X2))),multiply(inverse(multiply(X3,X1)),X4)) [superposition 113,146]
549. inverse(multiply(inverse(multiply(inverse(multiply(X2,multiply(X3,X1))),multiply(X2,X4))),multiply(inverse(multiply(X3,X1)),multiply(inverse(multiply(X0,X1)),multiply(X0,X1))))) = X4 [superposition 98,146]
576. multiply(inverse(multiply(X1,multiply(inverse(X2),multiply(inverse(X2),X2)))),multiply(X1,X3)) = multiply(X0,multiply(inverse(multiply(inverse(multiply(X4,X2)),multiply(X4,X0))),X3)) [superposition 146,98]
881. inverse(multiply(inverse(multiply(X3,X1)),multiply(X3,multiply(inverse(X0),X0)))) = inverse(multiply(inverse(multiply(inverse(X0),X1)),multiply(inverse(X0),multiply(inverse(X0),X0)))) [superposition 98,167]
4142. multiply(inverse(multiply(X0,multiply(X1,X2))),multiply(X0,multiply(X1,X3))) = multiply(inverse(multiply(X4,multiply(X5,X2))),multiply(X4,multiply(X5,X3))) [superposition 370,371]
7779. inverse(multiply(inverse(multiply(X0,X1)),multiply(X0,multiply(inverse(X2),X2)))) = inverse(multiply(inverse(multiply(X3,X1)),multiply(X3,multiply(inverse(X2),X2)))) [superposition 881,881]
13448. multiply(inverse(multiply(X4,multiply(inverse(multiply(X2,X1)),multiply(X2,inverse(X3))))),multiply(X4,inverse(multiply(inverse(multiply(X0,multiply(inverse(X1),multiply(inverse(X1),X1)))),multiply(X0,multiply(inverse(multiply(inverse(multiply(X2,X1)),multiply(X2,inverse(X3)))),multiply(inverse(multiply(X2,X1)),multiply(X2,inverse(X3))))))))) = X3 [superposition 35,576]
13513. multiply(inverse(multiply(inverse(multiply(X2,X1)),multiply(X2,inverse(X3)))),multiply(inverse(X1),multiply(inverse(X1),X1))) = X3 [forward demodulation 13448,167]
14836. multiply(inverse(X0),X0) = multiply(inverse(multiply(X1,multiply(inverse(X2),multiply(inverse(X2),X2)))),multiply(X1,multiply(inverse(X2),multiply(inverse(X2),X2)))) [superposition 576,13513]
15709. multiply(inverse(X1),X1) = multiply(inverse(X0),X0) [superposition 14836,14836]
16470. inverse(multiply(inverse(multiply(inverse(multiply(inverse(inverse(multiply(inverse(multiply(inverse(multiply(inverse(multiply(X4,X3)),X5)),X2)),multiply(inverse(X5),multiply(inverse(X5),X5))))),X6)),multiply(inverse(inverse(multiply(inverse(X2),multiply(inverse(X3),multiply(inverse(X3),X3))))),X1))),multiply(inverse(X6),multiply(inverse(X6),X6)))) = multiply(X4,inverse(multiply(inverse(multiply(X0,X1)),multiply(X0,multiply(inverse(inverse(multiply(inverse(X2),multiply(inverse(X3),multiply(inverse(X3),X3))))),inverse(multiply(inverse(X2),multiply(inverse(X3),multiply(inverse(X3),X3))))))))) [superposition 19,7779]
17433. inverse(multiply(inverse(multiply(inverse(multiply(inverse(inverse(multiply(inverse(multiply(inverse(multiply(inverse(multiply(X4,X3)),X5)),X2)),multiply(inverse(X5),multiply(inverse(X5),X5))))),X6)),multiply(inverse(inverse(multiply(inverse(X2),multiply(inverse(X3),multiply(inverse(X3),X3))))),X1))),multiply(inverse(X6),multiply(inverse(X6),X6)))) = multiply(X4,inverse(multiply(inverse(multiply(inverse(multiply(inverse(inverse(multiply(inverse(X2),multiply(inverse(X3),multiply(inverse(X3),X3))))),X3)),X1)),X2))) [forward demodulation 16470,80]
17961. inverse(multiply(inverse(X1),multiply(inverse(multiply(X2,X3)),multiply(inverse(X0),X0)))) = multiply(X2,inverse(multiply(inverse(inverse(multiply(inverse(multiply(inverse(multiply(inverse(multiply(inverse(X0),X0)),X4)),X1)),multiply(inverse(X4),multiply(inverse(X4),X4))))),multiply(inverse(X3),multiply(inverse(X3),X3))))) [superposition 42,15709]
18030. multiply(X1,inverse(multiply(inverse(X0),X0))) = inverse(multiply(inverse(multiply(inverse(multiply(inverse(inverse(multiply(inverse(multiply(inverse(multiply(inverse(multiply(X1,X3)),X4)),X2)),multiply(inverse(X4),multiply(inverse(X4),X4))))),X5)),multiply(inverse(inverse(multiply(inverse(X2),multiply(inverse(X3),multiply(inverse(X3),X3))))),multiply(inverse(inverse(multiply(inverse(X2),multiply(inverse(X3),multiply(inverse(X3),X3))))),inverse(multiply(inverse(X2),multiply(inverse(X3),multiply(inverse(X3),X3)))))))),multiply(inverse(X5),multiply(inverse(X5),X5)))) [superposition 19,15709]
18034. inverse(multiply(inverse(multiply(inverse(X0),X0)),multiply(inverse(X2),multiply(inverse(X2),X2)))) = X2 [superposition 98,15709]
18096. multiply(inverse(X1),X2) = multiply(inverse(multiply(X3,X1)),multiply(X3,inverse(multiply(inverse(multiply(inverse(X0),X0)),multiply(inverse(X2),multiply(inverse(X1),X1)))))) [superposition 167,15709]
18146. multiply(inverse(multiply(inverse(inverse(multiply(inverse(X1),multiply(inverse(X2),multiply(inverse(X2),X2))))),X2)),multiply(inverse(X0),X0)) = X1 [superposition 35,15709]
18178. multiply(X1,inverse(multiply(inverse(X0),X0))) = multiply(X1,inverse(multiply(inverse(multiply(inverse(multiply(inverse(inverse(multiply(inverse(X2),multiply(inverse(X3),multiply(inverse(X3),X3))))),X3)),multiply(inverse(inverse(multiply(inverse(X2),multiply(inverse(X3),multiply(inverse(X3),X3))))),inverse(multiply(inverse(X2),multiply(inverse(X3),multiply(inverse(X3),X3))))))),X2))) [forward demodulation 18030,17433]
18236. multiply(X1,inverse(multiply(inverse(X0),X0))) = multiply(X1,inverse(multiply(inverse(X2),X2))) [forward demodulation 18178,18146]
20173. inverse(multiply(inverse(X6),X6)) = multiply(X0,inverse(multiply(inverse(multiply(inverse(multiply(X0,multiply(inverse(multiply(inverse(multiply(inverse(multiply(X1,X2)),X3)),X4)),multiply(inverse(X3),multiply(inverse(X3),X3))))),inverse(multiply(inverse(X5),X5)))),multiply(multiply(X1,inverse(multiply(inverse(X4),multiply(inverse(X2),multiply(inverse(X2),X2))))),multiply(multiply(X1,inverse(multiply(inverse(X4),multiply(inverse(X2),multiply(inverse(X2),X2))))),multiply(inverse(multiply(inverse(multiply(inverse(multiply(X1,X2)),X3)),X4)),multiply(inverse(X3),multiply(inverse(X3),X3)))))))) [superposition 38,18236]
20175. inverse(multiply(inverse(X5),X5)) = inverse(multiply(inverse(X6),X6)) [forward demodulation 20173,38]
22218. multiply(inverse(X1),X1) = multiply(inverse(multiply(inverse(X0),X0)),multiply(inverse(X2),X2)) [superposition 15709,20175]
23948. multiply(inverse(X2),X3) = multiply(inverse(multiply(X4,X2)),multiply(X4,inverse(multiply(inverse(multiply(inverse(X5),X3)),multiply(inverse(X5),multiply(inverse(multiply(inverse(X0),X0)),multiply(inverse(X1),X1))))))) [superposition 188,22218]
24535. multiply(inverse(X1),multiply(inverse(X2),X2)) = multiply(inverse(multiply(X3,X1)),multiply(X3,inverse(multiply(inverse(multiply(inverse(X0),X0)),multiply(inverse(multiply(inverse(X4),X4)),multiply(inverse(X1),X1)))))) [superposition 167,22218]
24580. multiply(inverse(X1),multiply(inverse(X4),X4)) = multiply(inverse(X1),multiply(inverse(X2),X2)) [forward demodulation 24535,18096]
25824. multiply(X0,multiply(inverse(X6),X6)) = multiply(X0,multiply(inverse(X5),X5)) [superposition 24580,549]
26655. multiply(inverse(multiply(inverse(X2),X2)),X3) = multiply(inverse(multiply(inverse(X0),multiply(inverse(X1),X1))),multiply(inverse(X0),inverse(multiply(inverse(multiply(inverse(X4),X3)),multiply(inverse(X4),multiply(inverse(multiply(inverse(X2),X2)),multiply(inverse(X2),X2))))))) [superposition 188,24580]
26697. multiply(inverse(multiply(inverse(X2),X2)),X3) = multiply(inverse(multiply(inverse(X1),X1)),X3) [forward demodulation 26655,23948]
32978. inverse(multiply(inverse(X2),multiply(inverse(X3),multiply(inverse(X3),X3)))) = multiply(X4,inverse(multiply(inverse(inverse(multiply(inverse(multiply(inverse(multiply(inverse(multiply(inverse(X0),X0)),X1)),X2)),multiply(inverse(X1),multiply(inverse(X1),X1))))),multiply(inverse(inverse(multiply(inverse(multiply(inverse(multiply(X4,X5)),X3)),multiply(inverse(X5),multiply(inverse(X5),X5))))),multiply(inverse(inverse(multiply(inverse(multiply(inverse(multiply(X4,X5)),X3)),multiply(inverse(X5),multiply(inverse(X5),X5))))),inverse(multiply(inverse(multiply(inverse(multiply(X4,X5)),X3)),multiply(inverse(X5),multiply(inverse(X5),X5))))))))) [superposition 46,26697]
34359. inverse(multiply(inverse(X2),multiply(inverse(X3),multiply(inverse(X3),X3)))) = inverse(multiply(inverse(X2),multiply(inverse(multiply(X4,inverse(multiply(inverse(multiply(inverse(multiply(X4,X5)),X3)),multiply(inverse(X5),multiply(inverse(X5),X5)))))),multiply(inverse(X0),X0)))) [forward demodulation 32978,17961]
34509. inverse(multiply(inverse(X2),multiply(inverse(X3),multiply(inverse(X3),X3)))) = inverse(multiply(inverse(X2),multiply(inverse(X3),multiply(inverse(X0),X0)))) [forward demodulation 34359,1]
34769. inverse(multiply(inverse(multiply(X1,X0)),multiply(X1,multiply(inverse(X0),X0)))) = X0 [superposition 7779,18034]
34775. multiply(inverse(X0),X0) = inverse(multiply(X0,multiply(inverse(X0),multiply(inverse(X0),X0)))) [superposition 98,18034]
36494. multiply(X1,inverse(multiply(inverse(X0),multiply(inverse(X2),multiply(inverse(X2),X2))))) = inverse(multiply(inverse(X0),multiply(inverse(multiply(X1,X2)),multiply(inverse(multiply(X1,inverse(multiply(inverse(X0),multiply(inverse(X2),multiply(inverse(X2),X2)))))),multiply(X1,inverse(multiply(inverse(X0),multiply(inverse(X2),multiply(inverse(X2),X2))))))))) [superposition 34769,35]
36681. inverse(multiply(inverse(multiply(X0,X2)),multiply(X0,multiply(inverse(X1),X1)))) = X2 [superposition 34769,25824]
37209. multiply(X1,inverse(multiply(inverse(X0),multiply(inverse(X2),multiply(inverse(X2),X2))))) = inverse(multiply(inverse(X0),multiply(inverse(multiply(X1,X2)),multiply(inverse(multiply(X1,X2)),multiply(X1,X2))))) [forward demodulation 36494,34509]
39074. multiply(X1,inverse(multiply(inverse(X0),multiply(inverse(X2),multiply(inverse(X2),X2))))) = inverse(multiply(inverse(X0),multiply(inverse(multiply(X1,X2)),multiply(inverse(X3),X3)))) [superposition 36681,35]
39099. multiply(inverse(multiply(inverse(multiply(X4,X1)),multiply(X4,X3))),X2) = inverse(multiply(inverse(multiply(inverse(multiply(X0,multiply(inverse(X1),multiply(inverse(X1),X1)))),multiply(X0,X2))),multiply(X3,multiply(inverse(X5),X5)))) [superposition 36681,576]
39192. inverse(multiply(inverse(multiply(X1,X2)),multiply(X1,multiply(X0,multiply(inverse(multiply(X3,X0)),multiply(X3,multiply(inverse(X0),X0))))))) = X2 [superposition 36681,34769]
39252. inverse(multiply(inverse(multiply(inverse(multiply(inverse(inverse(multiply(inverse(X0),multiply(inverse(multiply(X1,X2)),multiply(inverse(multiply(X3,X2)),multiply(X3,X2)))))),multiply(X1,X2))),X4)),X0)) = X4 [superposition 36681,367]
39282. multiply(inverse(X3),X2) = inverse(multiply(inverse(multiply(X0,multiply(X1,X2))),multiply(X0,multiply(X1,X3)))) [superposition 36681,4142]
39336. multiply(X0,inverse(multiply(inverse(X3),multiply(inverse(X4),multiply(inverse(X4),X4))))) = inverse(multiply(inverse(multiply(multiply(X1,inverse(multiply(inverse(X4),multiply(inverse(X0),multiply(inverse(X0),X0))))),X3)),multiply(inverse(multiply(inverse(multiply(X1,multiply(inverse(X2),X2))),multiply(inverse(multiply(X1,multiply(inverse(X2),X2))),multiply(X1,multiply(inverse(X2),X2))))),multiply(inverse(multiply(inverse(multiply(X1,multiply(inverse(X2),X2))),multiply(inverse(multiply(X1,multiply(inverse(X2),X2))),multiply(X1,multiply(inverse(X2),X2))))),multiply(inverse(multiply(X1,multiply(inverse(X2),X2))),multiply(inverse(multiply(X1,multiply(inverse(X2),X2))),multiply(X1,multiply(inverse(X2),X2)))))))) [superposition 23,36681]
39411. multiply(inverse(X2),X0) = multiply(inverse(multiply(X1,X2)),multiply(X1,X0)) [superposition 35,36681]
39421. multiply(inverse(multiply(X1,X2)),inverse(multiply(inverse(multiply(inverse(multiply(inverse(X2),X0)),X3)),multiply(inverse(multiply(X1,X0)),multiply(inverse(multiply(X1,X0)),multiply(X1,X0)))))) = X3 [superposition 58,36681]
39744. multiply(inverse(multiply(X1,X2)),multiply(X1,inverse(multiply(inverse(multiply(inverse(multiply(inverse(X2),X0)),X3)),multiply(inverse(X0),multiply(inverse(X0),X0)))))) = X3 [forward demodulation 39421,37209]
39806. multiply(X0,inverse(multiply(inverse(X3),multiply(inverse(X4),multiply(inverse(X4),X4))))) = multiply(inverse(multiply(X1,multiply(inverse(X2),X2))),inverse(multiply(inverse(multiply(multiply(X1,inverse(multiply(inverse(X4),multiply(inverse(X0),multiply(inverse(X0),X0))))),X3)),multiply(inverse(multiply(inverse(multiply(X1,multiply(inverse(X2),X2))),multiply(X1,multiply(inverse(X2),X2)))),multiply(inverse(multiply(inverse(multiply(X1,multiply(inverse(X2),X2))),multiply(X1,multiply(inverse(X2),X2)))),multiply(inverse(multiply(X1,multiply(inverse(X2),X2))),multiply(X1,multiply(inverse(X2),X2)))))))) [forward demodulation 39336,37209]
39828. multiply(inverse(X3),X2) = inverse(multiply(inverse(multiply(X1,X2)),multiply(X1,X3))) [forward demodulation 39282,39411]
39836. inverse(multiply(inverse(multiply(inverse(multiply(inverse(inverse(multiply(inverse(X0),multiply(inverse(multiply(X1,X2)),multiply(inverse(X2),X2))))),multiply(X1,X2))),X4)),X0)) = X4 [forward demodulation 39252,39411]
39872. inverse(multiply(inverse(X2),multiply(X0,multiply(inverse(multiply(X3,X0)),multiply(X3,multiply(inverse(X0),X0)))))) = X2 [forward demodulation 39192,39411]
39929. multiply(inverse(multiply(inverse(multiply(X4,X1)),multiply(X4,X3))),X2) = inverse(multiply(inverse(multiply(inverse(multiply(inverse(X1),multiply(inverse(X1),X1))),X2)),multiply(X3,multiply(inverse(X5),X5)))) [forward demodulation 39099,39411]
40023. multiply(inverse(multiply(inverse(X2),X2)),X3) = X3 [forward demodulation 39744,140]
40068. multiply(X0,inverse(multiply(inverse(X3),multiply(inverse(X4),multiply(inverse(X4),X4))))) = multiply(inverse(multiply(X1,multiply(inverse(X2),X2))),multiply(inverse(multiply(X1,multiply(inverse(X2),X2))),inverse(multiply(inverse(multiply(multiply(X1,inverse(multiply(inverse(X4),multiply(inverse(X0),multiply(inverse(X0),X0))))),X3)),multiply(inverse(multiply(X1,multiply(inverse(X2),X2))),multiply(inverse(multiply(X1,multiply(inverse(X2),X2))),multiply(X1,multiply(inverse(X2),X2)))))))) [forward demodulation 39806,37209]
40075. inverse(multiply(inverse(X2),X3)) = multiply(inverse(X3),X2) [forward demodulation 39828,39411]
40080. inverse(multiply(inverse(multiply(inverse(multiply(inverse(multiply(X1,inverse(multiply(inverse(X0),multiply(inverse(X2),multiply(inverse(X2),X2)))))),multiply(X1,X2))),X4)),X0)) = X4 [forward demodulation 39836,39074]
40095. inverse(multiply(inverse(X2),multiply(X0,multiply(inverse(X0),multiply(inverse(X0),X0))))) = X2 [forward demodulation 39872,39411]
40122. multiply(inverse(multiply(inverse(X1),X3)),X2) = inverse(multiply(inverse(multiply(inverse(multiply(inverse(X1),multiply(inverse(X1),X1))),X2)),multiply(X3,multiply(inverse(X5),X5)))) [forward demodulation 39929,39411]
40204. multiply(X0,inverse(multiply(inverse(X3),multiply(inverse(X4),multiply(inverse(X4),X4))))) = multiply(inverse(multiply(X1,multiply(inverse(X2),X2))),multiply(inverse(multiply(X1,multiply(inverse(X2),X2))),multiply(X1,inverse(multiply(inverse(multiply(multiply(X1,inverse(multiply(inverse(X4),multiply(inverse(X0),multiply(inverse(X0),X0))))),X3)),multiply(inverse(multiply(inverse(X2),X2)),multiply(inverse(multiply(inverse(X2),X2)),multiply(inverse(X2),X2)))))))) [forward demodulation 40068,37209]
40210. multiply(inverse(X0),multiply(inverse(multiply(inverse(multiply(X1,inverse(multiply(inverse(X0),multiply(inverse(X2),multiply(inverse(X2),X2)))))),multiply(X1,X2))),X4)) = X4 [forward demodulation 40080,40075]
40225. multiply(inverse(multiply(X0,multiply(inverse(X0),multiply(inverse(X0),X0)))),X2) = X2 [forward demodulation 40095,40075]
40251. multiply(inverse(multiply(inverse(X1),X3)),X2) = multiply(inverse(multiply(X3,multiply(inverse(X5),X5))),multiply(inverse(multiply(inverse(X1),multiply(inverse(X1),X1))),X2)) [forward demodulation 40122,40075]
40325. multiply(X0,inverse(multiply(inverse(X3),multiply(inverse(X4),multiply(inverse(X4),X4))))) = multiply(inverse(multiply(X1,multiply(inverse(X2),X2))),multiply(multiply(X1,inverse(multiply(inverse(X4),multiply(inverse(X0),multiply(inverse(X0),X0))))),X3)) [forward demodulation 40204,35]
40331. multiply(inverse(X0),multiply(multiply(inverse(multiply(X1,X2)),multiply(X1,inverse(multiply(inverse(X0),multiply(inverse(X2),multiply(inverse(X2),X2)))))),X4)) = X4 [forward demodulation 40210,40075]
40346. multiply(multiply(inverse(X0),X0),X2) = X2 [forward demodulation 40225,34775]
40371. multiply(inverse(multiply(inverse(X1),X3)),X2) = multiply(inverse(multiply(X3,multiply(inverse(X5),X5))),multiply(multiply(inverse(multiply(inverse(X1),X1)),X1),X2)) [forward demodulation 40251,40075]
40443. multiply(X0,inverse(multiply(inverse(X3),multiply(inverse(X4),multiply(inverse(X4),X4))))) = multiply(inverse(multiply(X1,multiply(inverse(X2),X2))),multiply(multiply(X1,multiply(inverse(multiply(inverse(X0),multiply(inverse(X0),X0))),X4)),X3)) [forward demodulation 40325,40075]
40448. multiply(inverse(X0),multiply(X0,X4)) = X4 [forward demodulation 40331,35]
40480. multiply(inverse(multiply(inverse(X1),X3)),X2) = multiply(inverse(multiply(X3,multiply(inverse(X5),X5))),multiply(X1,X2)) [forward demodulation 40371,40023]
40548. multiply(X0,inverse(multiply(inverse(X3),multiply(inverse(X4),multiply(inverse(X4),X4))))) = multiply(inverse(multiply(X1,multiply(inverse(X2),X2))),multiply(multiply(X1,multiply(multiply(inverse(multiply(inverse(X0),X0)),X0),X4)),X3)) [forward demodulation 40443,40075]
40571. multiply(inverse(multiply(X3,multiply(inverse(X5),X5))),multiply(X1,X2)) = multiply(multiply(inverse(X3),X1),X2) [forward demodulation 40480,40075]
40630. multiply(X0,inverse(multiply(inverse(X3),multiply(inverse(X4),multiply(inverse(X4),X4))))) = multiply(inverse(multiply(X1,multiply(inverse(X2),X2))),multiply(multiply(X1,multiply(X0,X4)),X3)) [forward demodulation 40548,40023]
40705. multiply(X0,inverse(multiply(inverse(X3),multiply(inverse(X4),multiply(inverse(X4),X4))))) = multiply(multiply(inverse(X1),multiply(X1,multiply(X0,X4))),X3) [forward demodulation 40630,40571]
40771. multiply(X0,inverse(multiply(inverse(X3),multiply(inverse(X4),multiply(inverse(X4),X4))))) = multiply(multiply(X0,X4),X3) [forward demodulation 40705,40448]
40832. multiply(multiply(X0,X4),X3) = multiply(X0,multiply(inverse(multiply(inverse(X4),multiply(inverse(X4),X4))),X3)) [forward demodulation 40771,40075]
40887. multiply(multiply(X0,X4),X3) = multiply(X0,multiply(multiply(inverse(multiply(inverse(X4),X4)),X4),X3)) [forward demodulation 40832,40075]
40936. multiply(multiply(X0,X4),X3) = multiply(X0,multiply(X4,X3)) [forward demodulation 40887,40023]
169134. multiply(a3,multiply(b3,c3)) != multiply(a3,multiply(b3,c3)) <- (~1) [superposition 6,40936]
169251. $false <- (~1) [trivial inequality removal 169134]
169252. 1 [avatar contradiction clause 169251]
169946. $false <- (~2) [forward subsumption resolution 10,40346]
169947. 2 [avatar contradiction clause 169946]
169948. $false <- (~3) [forward subsumption resolution 14,15709]
169949. 3 [avatar contradiction clause 169948]
s1. ~3 | ~2 | ~1 [sat_conversion 15]
s2. 1 [sat_conversion 169252]
s3. 2 [sat_conversion 169947]
s4. 3 [sat_conversion 169949]
s5. # [rat s1,s2,s3,s4]
169950. $false [avatar sat refutation s5]
% SZS output end Proof for GRP050-1_clausified
% ------------------------------
% Version: Vampire 5.0.0 (Release build, commit 2e2c9b7b8 on 2026-01-17 12:24:14 +0100)
% Linked with Z3 4.14.0.0 3c47fd96cf5645d0c42b2c819d9e9a84380aa721 z3-4.8.4-9178-g3c47fd96c
% CaDiCaL version: 2.1.3
% Termination reason: Refutation
% Time elapsed: 3.548 s
% Peak memory usage: 149 MB
% Instructions burned: 16985 (million)
% ------------------------------
% ------------------------------
