% Running in auto input_syntax mode. Trying TPTP
% Refutation found. Thanks to Tanya!
% SZS status Unsatisfiable for GRP444-1_clausified
% SZS output start Proof for GRP444-1_clausified
1. inverse(multiply(X0,multiply(X1,multiply(multiply(X2,inverse(X2)),inverse(multiply(X3,multiply(X0,X1))))))) = X3 [input(axiom)]
2. multiply(multiply(a3,b3),c3) != multiply(a3,multiply(b3,c3)) [input(negated conjecture)]
3. inverse(multiply(X1,multiply(X2,multiply(multiply(multiply(X3,multiply(X4,multiply(multiply(X5,inverse(X5)),inverse(multiply(X0,multiply(X3,X4)))))),X0),inverse(multiply(X6,multiply(X1,X2))))))) = X6 [superposition 1,1]
4. inverse(multiply(X1,multiply(multiply(multiply(X2,inverse(X2)),inverse(multiply(X0,multiply(X3,X1)))),multiply(multiply(X4,inverse(X4)),X0)))) = X3 [superposition 1,1]
8. multiply(multiply(X5,inverse(X5)),inverse(multiply(X2,multiply(X0,X4)))) = inverse(multiply(multiply(multiply(X1,inverse(X1)),X2),multiply(multiply(multiply(X3,inverse(X3)),X0),multiply(multiply(X6,inverse(X6)),X4)))) [superposition 4,4]
10. inverse(multiply(X1,multiply(multiply(multiply(X2,inverse(X2)),inverse(multiply(X3,multiply(X4,X1)))),multiply(multiply(multiply(X5,multiply(multiply(multiply(X6,inverse(X6)),inverse(multiply(X7,multiply(X0,X5)))),multiply(multiply(X8,inverse(X8)),X7))),X0),X3)))) = X4 [superposition 4,4]
11. inverse(multiply(multiply(multiply(X1,inverse(X1)),inverse(multiply(X2,multiply(X0,X3)))),multiply(multiply(multiply(X4,inverse(X4)),X2),multiply(multiply(X5,inverse(X5)),X0)))) = X3 [superposition 1,4]
97. multiply(multiply(X0,inverse(X0)),inverse(multiply(inverse(multiply(X1,multiply(X2,X3))),multiply(X1,X2)))) = X3 [superposition 11,8]
98. multiply(multiply(X0,inverse(X0)),inverse(multiply(X1,multiply(inverse(multiply(X2,multiply(X3,multiply(multiply(X4,inverse(X4)),X1)))),X2)))) = X3 [superposition 4,8]
123. multiply(multiply(X7,inverse(X7)),X3) = multiply(multiply(X4,inverse(X4)),inverse(multiply(multiply(multiply(X0,inverse(X0)),inverse(multiply(X1,multiply(X2,X3)))),multiply(multiply(multiply(X5,inverse(X5)),X1),multiply(multiply(X6,inverse(X6)),X2))))) [superposition 97,8]
144. multiply(multiply(X4,inverse(X4)),X3) = multiply(multiply(X7,inverse(X7)),X3) [forward demodulation 123,11]
328. multiply(X7,inverse(X7)) = inverse(multiply(X1,multiply(X2,multiply(multiply(multiply(X3,multiply(X4,multiply(multiply(X5,inverse(X5)),inverse(multiply(X6,multiply(X3,X4)))))),X6),inverse(multiply(multiply(X0,inverse(X0)),multiply(X1,X2))))))) [superposition 3,144]
345. multiply(X0,inverse(X0)) = multiply(X7,inverse(X7)) [forward demodulation 328,3]
521. inverse(multiply(X1,multiply(inverse(X1),multiply(multiply(X2,inverse(X2)),inverse(multiply(X3,multiply(X0,inverse(X0)))))))) = X3 [superposition 1,345]
531. multiply(multiply(X1,inverse(X1)),inverse(multiply(inverse(multiply(X2,multiply(inverse(X2),X3))),multiply(X0,inverse(X0))))) = X3 [superposition 97,345]
532. inverse(X3) = multiply(multiply(X1,inverse(X1)),inverse(multiply(inverse(multiply(X2,multiply(X0,inverse(X0)))),multiply(X2,X3)))) [superposition 97,345]
1076. inverse(multiply(inverse(X1),multiply(multiply(multiply(X2,inverse(X2)),inverse(multiply(X3,multiply(X0,inverse(X0))))),multiply(multiply(multiply(X4,multiply(multiply(multiply(X5,inverse(X5)),inverse(multiply(X6,multiply(X7,X4)))),multiply(multiply(X8,inverse(X8)),X6))),X7),X3)))) = X1 [superposition 10,345]
2243. inverse(multiply(X3,multiply(inverse(X3),X0))) = inverse(multiply(X1,multiply(inverse(X1),X0))) [superposition 521,97]
2627. inverse(multiply(X2,multiply(X0,inverse(X0)))) = inverse(multiply(X1,multiply(inverse(X1),inverse(inverse(X2))))) [superposition 2243,345]
2720. inverse(multiply(inverse(X2),multiply(X1,multiply(multiply(X3,inverse(X3)),inverse(multiply(X0,multiply(inverse(X0),X1))))))) = X2 [superposition 1,2243]
2787. multiply(X2,inverse(X2)) = multiply(multiply(X3,multiply(inverse(X3),X1)),inverse(multiply(X0,multiply(inverse(X0),X1)))) [superposition 345,2243]
3133. inverse(multiply(X0,multiply(X1,inverse(X1)))) = inverse(multiply(X0,multiply(X2,inverse(X2)))) [superposition 2627,2627]
3249. inverse(inverse(X0)) = multiply(multiply(X2,inverse(X2)),inverse(multiply(inverse(multiply(X0,multiply(X1,inverse(X1)))),multiply(X3,inverse(X3))))) [superposition 97,2627]
3862. multiply(X2,inverse(X2)) = multiply(multiply(X0,multiply(X3,inverse(X3))),inverse(multiply(X0,multiply(X1,inverse(X1))))) [superposition 345,3133]
4532. multiply(X5,multiply(inverse(X5),X2)) = inverse(multiply(inverse(multiply(X1,multiply(inverse(X1),X2))),multiply(multiply(multiply(X3,inverse(X3)),inverse(multiply(X4,multiply(X0,inverse(X0))))),multiply(multiply(multiply(X6,multiply(multiply(multiply(X7,inverse(X7)),inverse(multiply(X8,multiply(X9,X6)))),multiply(multiply(X10,inverse(X10)),X8))),X9),X4)))) [superposition 10,2787]
4558. multiply(X1,multiply(inverse(X1),X2)) = multiply(X5,multiply(inverse(X5),X2)) [forward demodulation 4532,1076]
4978. multiply(X2,multiply(X0,inverse(X0))) = multiply(X1,multiply(inverse(X1),inverse(inverse(X2)))) [superposition 4558,345]
4980. multiply(X2,multiply(inverse(X2),multiply(inverse(inverse(X3)),X1))) = multiply(X3,multiply(X0,multiply(inverse(X0),X1))) [superposition 4558,4558]
5238. multiply(X0,multiply(inverse(X0),X1)) = multiply(multiply(X2,inverse(X2)),multiply(inverse(multiply(X3,inverse(X3))),X1)) [superposition 144,4558]
5729. multiply(X0,multiply(X1,inverse(X1))) = multiply(X0,multiply(X2,inverse(X2))) [superposition 4978,4978]
8327. multiply(X2,multiply(X0,multiply(X1,inverse(X1)))) = multiply(X2,multiply(X3,multiply(inverse(X3),inverse(inverse(X0))))) [superposition 4980,4978]
8337. multiply(X0,multiply(X1,multiply(inverse(X1),X2))) = multiply(X0,multiply(X4,multiply(inverse(X4),X2))) [superposition 4980,4980]
8891. inverse(multiply(inverse(multiply(X1,multiply(X0,multiply(multiply(X2,inverse(X2)),X3)))),multiply(X1,X0))) = X3 [superposition 1,98]
9975. inverse(multiply(X3,inverse(X3))) = inverse(multiply(inverse(multiply(X2,multiply(X0,multiply(X1,inverse(X1))))),multiply(X2,X0))) [superposition 8891,5729]
29144. inverse(multiply(inverse(multiply(X2,inverse(X2))),X1)) = multiply(multiply(X3,inverse(X3)),inverse(multiply(inverse(multiply(multiply(X4,inverse(X4)),multiply(X5,inverse(X5)))),multiply(X0,multiply(inverse(X0),X1))))) [superposition 532,5238]
29148. inverse(inverse(multiply(X1,multiply(inverse(X1),X2)))) = multiply(multiply(X3,inverse(X3)),inverse(multiply(inverse(multiply(multiply(X4,multiply(inverse(X4),X2)),multiply(X5,inverse(X5)))),multiply(X0,inverse(X0))))) [superposition 532,2787]
29149. inverse(inverse(multiply(X1,multiply(X2,inverse(X2))))) = multiply(multiply(X3,inverse(X3)),inverse(multiply(inverse(multiply(multiply(X1,multiply(X4,inverse(X4))),multiply(X5,inverse(X5)))),multiply(X0,inverse(X0))))) [superposition 532,3862]
29184. inverse(multiply(inverse(X0),X3)) = multiply(multiply(X4,inverse(X4)),inverse(multiply(inverse(multiply(X0,multiply(X1,inverse(X1)))),multiply(X2,multiply(inverse(X2),X3))))) [superposition 532,8337]
29420. inverse(inverse(multiply(X1,multiply(X2,inverse(X2))))) = inverse(inverse(multiply(X1,multiply(X4,inverse(X4))))) [forward demodulation 29149,3249]
29421. inverse(inverse(multiply(X1,multiply(inverse(X1),X2)))) = inverse(inverse(multiply(X4,multiply(inverse(X4),X2)))) [forward demodulation 29148,3249]
29424. inverse(multiply(inverse(multiply(X2,inverse(X2))),X1)) = inverse(multiply(inverse(multiply(X4,inverse(X4))),X1)) [forward demodulation 29144,29184]
32471. inverse(inverse(multiply(X2,multiply(inverse(X2),inverse(inverse(X0)))))) = inverse(inverse(multiply(X0,multiply(X1,inverse(X1))))) [superposition 29421,3133]
44467. inverse(multiply(inverse(X1),multiply(inverse(inverse(inverse(multiply(X2,multiply(inverse(X2),X0))))),X0))) = X1 [superposition 2720,531]
46235. inverse(multiply(inverse(X2),multiply(inverse(inverse(inverse(multiply(X0,multiply(X1,inverse(X1)))))),inverse(inverse(X0))))) = X2 [superposition 44467,29420]
46267. multiply(multiply(X3,inverse(X3)),multiply(inverse(inverse(inverse(multiply(X0,multiply(inverse(X0),X1))))),multiply(X1,X2))) = X2 [superposition 97,44467]
46268. multiply(inverse(inverse(inverse(multiply(X0,multiply(inverse(X0),X1))))),multiply(X1,multiply(multiply(X2,inverse(X2)),X3))) = X3 [superposition 8891,44467]
46269. inverse(X1) = multiply(multiply(X3,inverse(X3)),multiply(inverse(inverse(inverse(multiply(X0,multiply(inverse(X0),X1))))),multiply(X2,inverse(X2)))) [superposition 532,44467]
54323. inverse(inverse(multiply(X0,multiply(inverse(inverse(inverse(multiply(X1,multiply(inverse(X1),X2))))),X2)))) = X0 [superposition 1,46268]
62371. multiply(inverse(multiply(X1,multiply(X2,multiply(X3,inverse(X3))))),multiply(X1,X2)) = inverse(multiply(inverse(multiply(X0,inverse(X0))),multiply(inverse(inverse(inverse(multiply(X4,multiply(X5,inverse(X5)))))),inverse(inverse(X4))))) [superposition 46235,9975]
62381. multiply(X0,inverse(X0)) = multiply(inverse(multiply(X1,multiply(X2,multiply(X3,inverse(X3))))),multiply(X1,X2)) [forward demodulation 62371,46235]
65511. multiply(X3,X4) = multiply(multiply(X1,inverse(X1)),multiply(inverse(inverse(inverse(multiply(X2,multiply(inverse(X2),inverse(multiply(X3,multiply(X4,multiply(X5,inverse(X5)))))))))),multiply(X0,inverse(X0)))) [superposition 46267,62381]
65512. multiply(X3,X4) = inverse(inverse(multiply(X3,multiply(X4,multiply(X5,inverse(X5)))))) [forward demodulation 65511,46269]
67303. multiply(X1,X2) = inverse(inverse(multiply(X0,multiply(inverse(X0),multiply(inverse(inverse(X1)),inverse(inverse(X2))))))) [superposition 65512,4980]
67306. multiply(X0,X2) = inverse(inverse(multiply(X0,multiply(X1,multiply(inverse(X1),inverse(inverse(X2))))))) [superposition 65512,8327]
67372. multiply(X0,inverse(inverse(inverse(multiply(X1,multiply(inverse(X1),multiply(X2,inverse(X2)))))))) = X0 [superposition 54323,65512]
67691. multiply(X0,inverse(multiply(X1,inverse(X1)))) = X0 [forward demodulation 67372,65512]
69630. multiply(X2,inverse(multiply(inverse(multiply(X0,inverse(X0))),inverse(inverse(multiply(X1,inverse(X1))))))) = X2 [superposition 67691,29424]
70043. inverse(inverse(multiply(X2,inverse(inverse(inverse(multiply(X0,multiply(inverse(X0),inverse(multiply(X1,inverse(X1))))))))))) = X2 [superposition 54323,67691]
70297. inverse(inverse(multiply(X2,inverse(inverse(inverse(multiply(X0,inverse(X0)))))))) = X2 [forward demodulation 70043,67691]
76623. multiply(X1,inverse(X1)) = multiply(inverse(multiply(X0,inverse(inverse(inverse(multiply(X2,inverse(X2))))))),X0) [superposition 345,70297]
83637. multiply(X1,X2) = inverse(inverse(multiply(X1,multiply(multiply(inverse(inverse(X2)),inverse(inverse(inverse(multiply(X3,inverse(X3)))))),multiply(X0,inverse(X0)))))) [superposition 67306,76623]
83682. multiply(X1,X2) = multiply(X1,multiply(inverse(inverse(X2)),inverse(inverse(inverse(multiply(X3,inverse(X3))))))) [forward demodulation 83637,65512]
84167. multiply(X1,inverse(multiply(X2,inverse(X2)))) = inverse(inverse(multiply(X1,multiply(inverse(X0),X0)))) [superposition 67306,83682]
84239. inverse(inverse(multiply(X0,multiply(inverse(X0),X1)))) = inverse(inverse(multiply(X2,multiply(inverse(X2),multiply(inverse(inverse(X1)),inverse(inverse(inverse(multiply(X3,inverse(X3)))))))))) [superposition 29421,83682]
84266. inverse(inverse(multiply(X0,multiply(inverse(X0),X1)))) = multiply(X1,inverse(multiply(X3,inverse(X3)))) [forward demodulation 84239,67303]
84277. inverse(inverse(multiply(X1,multiply(inverse(X0),X0)))) = X1 [forward demodulation 84167,67691]
84311. inverse(inverse(multiply(X0,multiply(inverse(X0),X1)))) = X1 [forward demodulation 84266,67691]
84365. inverse(inverse(multiply(X2,inverse(inverse(multiply(inverse(multiply(X0,inverse(X0))),inverse(inverse(multiply(X1,inverse(X1)))))))))) = X2 [superposition 84277,69630]
84393. multiply(inverse(inverse(X0)),X2) = inverse(inverse(multiply(X0,multiply(X1,multiply(inverse(X1),X2))))) [superposition 84277,4980]
84396. inverse(inverse(multiply(X0,inverse(inverse(multiply(X1,inverse(X1))))))) = X0 [superposition 84277,83682]
84410. inverse(X0) = multiply(multiply(X1,inverse(X1)),inverse(multiply(X0,multiply(X2,inverse(X2))))) [superposition 84277,521]
84423. inverse(inverse(X0)) = inverse(inverse(multiply(X0,multiply(X1,inverse(X1))))) [superposition 32471,84277]
84624. inverse(inverse(multiply(X2,inverse(multiply(X0,inverse(X0)))))) = X2 [forward demodulation 84365,84396]
84659. inverse(inverse(X2)) = X2 [forward demodulation 84624,67691]
84768. multiply(X0,multiply(inverse(X0),X1)) = inverse(inverse(multiply(X2,multiply(inverse(X2),X1)))) [superposition 29421,84659]
84772. multiply(X0,multiply(inverse(X1),X1)) = X0 [superposition 84277,84659]
84902. inverse(inverse(multiply(X1,multiply(inverse(X1),X2)))) = inverse(inverse(multiply(inverse(X0),multiply(X0,X2)))) [superposition 29421,84659]
84951. inverse(inverse(multiply(X1,multiply(X0,inverse(X0))))) = X1 [superposition 84277,84659]
84952. multiply(X1,multiply(X0,inverse(X0))) = X1 [forward demodulation 84951,84659]
84993. inverse(inverse(multiply(X1,multiply(inverse(X1),X2)))) = multiply(inverse(X0),multiply(X0,X2)) [forward demodulation 84902,84659]
85061. multiply(X0,multiply(inverse(X0),X1)) = X1 [forward demodulation 84768,84311]
85176. multiply(inverse(X0),multiply(X0,X2)) = X2 [forward demodulation 84993,84311]
85382. inverse(multiply(inverse(X0),multiply(X0,inverse(multiply(multiply(X1,inverse(X1)),X2))))) = X2 [superposition 8891,84772]
85404. inverse(X0) = multiply(multiply(X2,inverse(X2)),inverse(inverse(multiply(inverse(X0),multiply(X1,inverse(X1)))))) [superposition 532,84772]
85494. inverse(X0) = multiply(multiply(X2,inverse(X2)),inverse(inverse(inverse(X0)))) [forward demodulation 85404,84423]
85511. inverse(inverse(multiply(multiply(X1,inverse(X1)),X2))) = X2 [forward demodulation 85382,85176]
85641. inverse(X0) = multiply(multiply(X2,inverse(X2)),inverse(X0)) [forward demodulation 85494,84659]
85646. multiply(multiply(X1,inverse(X1)),X2) = X2 [forward demodulation 85511,84659]
85880. multiply(multiply(X1,inverse(X1)),inverse(multiply(inverse(multiply(X0,multiply(multiply(X2,inverse(X2)),X3))),X0))) = X3 [superposition 97,84952]
85921. multiply(inverse(inverse(inverse(multiply(X0,inverse(X0))))),multiply(multiply(X1,inverse(X1)),multiply(multiply(X2,inverse(X2)),X3))) = X3 [superposition 46268,84952]
85976. multiply(inverse(inverse(inverse(multiply(X0,inverse(X0))))),multiply(multiply(X2,inverse(X2)),X3)) = X3 [forward demodulation 85921,85646]
86015. inverse(multiply(inverse(multiply(X0,multiply(multiply(X2,inverse(X2)),X3))),X0)) = X3 [forward demodulation 85880,85641]
86134. multiply(inverse(inverse(inverse(multiply(X0,inverse(X0))))),X3) = X3 [forward demodulation 85976,85646]
86152. inverse(multiply(inverse(multiply(X0,X3)),X0)) = X3 [forward demodulation 86015,85646]
86209. multiply(inverse(multiply(X0,inverse(X0))),X3) = X3 [forward demodulation 86134,84659]
92267. inverse(multiply(X2,multiply(inverse(multiply(X3,multiply(X0,multiply(multiply(X4,inverse(X4)),X2)))),X3))) = inverse(multiply(inverse(X0),multiply(X1,inverse(X1)))) [superposition 86152,98]
92302. multiply(inverse(X1),X0) = inverse(multiply(inverse(X0),X1)) [superposition 86152,85061]
92360. multiply(inverse(X1),multiply(multiply(X2,inverse(X2)),inverse(multiply(X0,multiply(X3,inverse(X3)))))) = inverse(multiply(X0,X1)) [superposition 86152,521]
92568. inverse(inverse(multiply(X1,multiply(X3,multiply(inverse(X3),inverse(X0)))))) = multiply(X1,multiply(inverse(multiply(X2,X0)),X2)) [superposition 67306,86152]
92592. inverse(X0) = multiply(inverse(multiply(X1,X0)),X1) [superposition 84659,86152]
92627. inverse(inverse(multiply(X1,multiply(X3,multiply(inverse(X3),inverse(X0)))))) = multiply(X1,inverse(X0)) [forward demodulation 92568,92592]
92826. multiply(inverse(X1),inverse(X0)) = inverse(multiply(X0,X1)) [forward demodulation 92360,84410]
92909. inverse(multiply(X2,multiply(inverse(multiply(X3,multiply(X0,multiply(multiply(X4,inverse(X4)),X2)))),X3))) = multiply(inverse(multiply(X1,inverse(X1))),X0) [forward demodulation 92267,92302]
92932. multiply(X1,inverse(X0)) = multiply(inverse(inverse(X1)),inverse(X0)) [forward demodulation 92627,84393]
93116. inverse(multiply(X2,multiply(inverse(multiply(X3,multiply(X0,multiply(multiply(X4,inverse(X4)),X2)))),X3))) = X0 [forward demodulation 92909,86209]
93135. multiply(X1,inverse(X0)) = inverse(multiply(X0,inverse(X1))) [forward demodulation 92932,92826]
93238. inverse(multiply(X2,inverse(multiply(X0,multiply(multiply(X4,inverse(X4)),X2))))) = X0 [forward demodulation 93116,92592]
93289. multiply(multiply(X0,multiply(multiply(X4,inverse(X4)),X2)),inverse(X2)) = X0 [forward demodulation 93238,93135]
93311. multiply(multiply(X0,X2),inverse(X2)) = X0 [forward demodulation 93289,85646]
93390. inverse(X1) = multiply(X0,inverse(multiply(X1,X0))) [superposition 93311,85176]
99842. multiply(multiply(X1,X2),X0) = inverse(inverse(multiply(X1,multiply(X2,multiply(multiply(X3,inverse(X3)),X0))))) [superposition 93390,8891]
100021. multiply(X1,multiply(X2,multiply(multiply(X3,inverse(X3)),X0))) = multiply(multiply(X1,X2),X0) [forward demodulation 99842,84659]
100139. multiply(X1,multiply(X2,X0)) = multiply(multiply(X1,X2),X0) [forward demodulation 100021,85646]
139535. multiply(a3,multiply(b3,c3)) != multiply(a3,multiply(b3,c3)) [superposition 2,100139]
139768. $false [trivial inequality removal 139535]
% SZS output end Proof for GRP444-1_clausified
% ------------------------------
% Version: Vampire 5.0.0 (Release build, commit 2e2c9b7b8 on 2026-01-17 12:24:14 +0100)
% Linked with Z3 4.14.0.0 3c47fd96cf5645d0c42b2c819d9e9a84380aa721 z3-4.8.4-9178-g3c47fd96c
% CaDiCaL version: 2.1.3
% Termination reason: Refutation
% Time elapsed: 4.322 s
% Peak memory usage: 197 MB
% Instructions burned: 19783 (million)
% ------------------------------
% ------------------------------
