% Running in auto input_syntax mode. Trying TPTP
% Refutation found. Thanks to Tanya!
% SZS status Unsatisfiable for GRP669-1
% SZS output start Proof for GRP669-1
4. rd(mult(X0,X1),X1) = X0 [input(axiom)]
5. mult(X0,unit) = X0 [input(axiom)]
7. mult(X0,mult(X1,mult(X0,X2))) = mult(mult(mult(X0,X1),X0),X2) [input(axiom)]
8. mult(X0,mult(X1,mult(X2,X1))) = mult(mult(mult(X0,X1),X2),X1) [input(axiom)]
10. mult(mult(X0,X1),mult(X2,X0)) = mult(X0,mult(mult(X1,X2),X0)) [input(axiom)]
11. mult(mult(a,b),mult(c,mult(a,b))) != mult(mult(mult(a,mult(b,c)),a),b) [input(negated conjecture)]
40. mult(mult(a,b),mult(c,mult(a,b))) != mult(a,mult(mult(b,c),mult(a,b))) [superposition 11,7]
41. mult(mult(X0,X1),X0) = mult(X0,mult(X1,mult(X0,unit))) [superposition 5,7]
43. mult(mult(X0,X1),X0) = rd(mult(X0,mult(X1,mult(X0,X2))),X2) [superposition 4,7]
45. mult(mult(X0,X1),X0) = mult(X0,mult(X1,X0)) [forward demodulation 41,5]
46. mult(mult(a,b),mult(c,mult(a,b))) != mult(a,mult(b,mult(mult(c,a),b))) [forward demodulation 40,10]
97. mult(X1,mult(mult(X3,mult(mult(X0,X1),X2)),X1)) = mult(mult(X1,X3),mult(X0,mult(X1,mult(X2,X1)))) [superposition 10,8]
184. mult(X0,X1) = rd(mult(X0,mult(X1,X0)),X0) [superposition 4,45]
623. mult(mult(mult(X0,X1),X2),mult(X0,X1)) = rd(mult(mult(X0,X1),mult(X2,mult(X0,mult(X1,X0)))),X0) [superposition 43,45]
671. mult(mult(mult(X0,X1),X2),mult(X0,X1)) = rd(mult(X0,mult(mult(X1,mult(mult(X2,X0),X1)),X0)),X0) [forward demodulation 623,97]
694. mult(X0,mult(X1,mult(mult(X2,X0),X1))) = mult(mult(mult(X0,X1),X2),mult(X0,X1)) [forward demodulation 671,184]
704. mult(X0,mult(X1,mult(mult(X2,X0),X1))) = mult(mult(X0,X1),mult(X2,mult(X0,X1))) [forward demodulation 694,45]
168613. mult(a,mult(b,mult(mult(c,a),b))) != mult(a,mult(b,mult(mult(c,a),b))) [superposition 46,704]
168686. $false [trivial inequality removal 168613]
% SZS output end Proof for GRP669-1
% ------------------------------
% Version: Vampire 5.0.0 (Release build, commit 2e2c9b7b8 on 2026-01-17 12:24:14 +0100)
% Linked with Z3 4.14.0.0 3c47fd96cf5645d0c42b2c819d9e9a84380aa721 z3-4.8.4-9178-g3c47fd96c
% CaDiCaL version: 2.1.3
% Termination reason: Refutation
% Time elapsed: 3.248 s
% Peak memory usage: 85 MB
% Instructions burned: 9302 (million)
% ------------------------------
% ------------------------------
