% Running in auto input_syntax mode. Trying TPTP
% Refutation found. Thanks to Tanya!
% SZS status Theorem for GRP618+1
% SZS output start Proof for GRP618+1
1. ! [X0] : ((~v3_struct_0(X0) & v1_group_1(X0) & v3_group_1(X0) & v4_group_1(X0) & l1_group_1(X0)) => ! [X1] : (m1_group_2(X1,X0) => (! [X2] : (m1_subset_1(X2,u1_struct_0(X0)) => ! [X3] : (m1_subset_1(X3,u1_struct_0(X0)) => (m1_subset_1(X3,u1_struct_0(X1)) => r1_rlvect_1(X1,k2_group_3(X0,X3,X2))))) <=> v1_group_3(X1,X0)))) [input(conjecture)]
2. ~! [X0] : ((~v3_struct_0(X0) & v1_group_1(X0) & v3_group_1(X0) & v4_group_1(X0) & l1_group_1(X0)) => ! [X1] : (m1_group_2(X1,X0) => (! [X2] : (m1_subset_1(X2,u1_struct_0(X0)) => ! [X3] : (m1_subset_1(X3,u1_struct_0(X0)) => (m1_subset_1(X3,u1_struct_0(X1)) => r1_rlvect_1(X1,k2_group_3(X0,X3,X2))))) <=> v1_group_3(X1,X0)))) [negated conjecture 1]
61. ! [X0] : ((~v3_struct_0(X0) & v1_group_1(X0) & v3_group_1(X0) & v4_group_1(X0) & l1_group_1(X0)) => ! [X1] : (m1_group_2(X1,X0) => (! [X2] : (m1_subset_1(X2,u1_struct_0(X0)) => ! [X3] : (m1_subset_1(X3,u1_struct_0(X0)) => (m1_subset_1(X3,u1_struct_0(X1)) => r1_rlvect_1(X1,k2_group_3(X0,X3,X2))))) => v1_group_3(X1,X0)))) [input(axiom)]
62. ! [X0] : ((~v3_struct_0(X0) & v1_group_1(X0) & v3_group_1(X0) & v4_group_1(X0) & l1_group_1(X0)) => ! [X1] : (m1_group_2(X1,X0) => (v1_group_3(X1,X0) => ! [X2] : (m1_subset_1(X2,u1_struct_0(X0)) => ! [X3] : (m1_subset_1(X3,u1_struct_0(X0)) => (m1_subset_1(X3,u1_struct_0(X1)) => r1_rlvect_1(X1,k2_group_3(X0,X3,X2)))))))) [input(axiom)]
72. ? [X0] : (? [X1] : ((! [X2] : (! [X3] : ((r1_rlvect_1(X1,k2_group_3(X0,X3,X2)) | ~m1_subset_1(X3,u1_struct_0(X1))) | ~m1_subset_1(X3,u1_struct_0(X0))) | ~m1_subset_1(X2,u1_struct_0(X0))) <~> v1_group_3(X1,X0)) & m1_group_2(X1,X0)) & (~v3_struct_0(X0) & v1_group_1(X0) & v3_group_1(X0) & v4_group_1(X0) & l1_group_1(X0))) [ennf transformation 2]
73. ? [X0] : (? [X1] : ((! [X2] : (! [X3] : (r1_rlvect_1(X1,k2_group_3(X0,X3,X2)) | ~m1_subset_1(X3,u1_struct_0(X1)) | ~m1_subset_1(X3,u1_struct_0(X0))) | ~m1_subset_1(X2,u1_struct_0(X0))) <~> v1_group_3(X1,X0)) & m1_group_2(X1,X0)) & ~v3_struct_0(X0) & v1_group_1(X0) & v3_group_1(X0) & v4_group_1(X0) & l1_group_1(X0)) [flattening 72]
124. ! [X0] : (! [X1] : ((v1_group_3(X1,X0) | ? [X2] : (? [X3] : ((~r1_rlvect_1(X1,k2_group_3(X0,X3,X2)) & m1_subset_1(X3,u1_struct_0(X1))) & m1_subset_1(X3,u1_struct_0(X0))) & m1_subset_1(X2,u1_struct_0(X0)))) | ~m1_group_2(X1,X0)) | (v3_struct_0(X0) | ~v1_group_1(X0) | ~v3_group_1(X0) | ~v4_group_1(X0) | ~l1_group_1(X0))) [ennf transformation 61]
125. ! [X0] : (! [X1] : (v1_group_3(X1,X0) | ? [X2] : (? [X3] : (~r1_rlvect_1(X1,k2_group_3(X0,X3,X2)) & m1_subset_1(X3,u1_struct_0(X1)) & m1_subset_1(X3,u1_struct_0(X0))) & m1_subset_1(X2,u1_struct_0(X0))) | ~m1_group_2(X1,X0)) | v3_struct_0(X0) | ~v1_group_1(X0) | ~v3_group_1(X0) | ~v4_group_1(X0) | ~l1_group_1(X0)) [flattening 124]
126. ! [X0] : (! [X1] : ((! [X2] : (! [X3] : ((r1_rlvect_1(X1,k2_group_3(X0,X3,X2)) | ~m1_subset_1(X3,u1_struct_0(X1))) | ~m1_subset_1(X3,u1_struct_0(X0))) | ~m1_subset_1(X2,u1_struct_0(X0))) | ~v1_group_3(X1,X0)) | ~m1_group_2(X1,X0)) | (v3_struct_0(X0) | ~v1_group_1(X0) | ~v3_group_1(X0) | ~v4_group_1(X0) | ~l1_group_1(X0))) [ennf transformation 62]
127. ! [X0] : (! [X1] : (! [X2] : (! [X3] : (r1_rlvect_1(X1,k2_group_3(X0,X3,X2)) | ~m1_subset_1(X3,u1_struct_0(X1)) | ~m1_subset_1(X3,u1_struct_0(X0))) | ~m1_subset_1(X2,u1_struct_0(X0))) | ~v1_group_3(X1,X0) | ~m1_group_2(X1,X0)) | v3_struct_0(X0) | ~v1_group_1(X0) | ~v3_group_1(X0) | ~v4_group_1(X0) | ~l1_group_1(X0)) [flattening 126]
128. ? [X0] : (? [X1] : (((~v1_group_3(X1,X0) | ? [X2] : (? [X3] : (~r1_rlvect_1(X1,k2_group_3(X0,X3,X2)) & m1_subset_1(X3,u1_struct_0(X1)) & m1_subset_1(X3,u1_struct_0(X0))) & m1_subset_1(X2,u1_struct_0(X0)))) & (v1_group_3(X1,X0) | ! [X2] : (! [X3] : (r1_rlvect_1(X1,k2_group_3(X0,X3,X2)) | ~m1_subset_1(X3,u1_struct_0(X1)) | ~m1_subset_1(X3,u1_struct_0(X0))) | ~m1_subset_1(X2,u1_struct_0(X0))))) & m1_group_2(X1,X0)) & ~v3_struct_0(X0) & v1_group_1(X0) & v3_group_1(X0) & v4_group_1(X0) & l1_group_1(X0)) [nnf transformation 73]
129. ? [X0] : (? [X1] : ((~v1_group_3(X1,X0) | ? [X2] : (? [X3] : (~r1_rlvect_1(X1,k2_group_3(X0,X3,X2)) & m1_subset_1(X3,u1_struct_0(X1)) & m1_subset_1(X3,u1_struct_0(X0))) & m1_subset_1(X2,u1_struct_0(X0)))) & (v1_group_3(X1,X0) | ! [X2] : (! [X3] : (r1_rlvect_1(X1,k2_group_3(X0,X3,X2)) | ~m1_subset_1(X3,u1_struct_0(X1)) | ~m1_subset_1(X3,u1_struct_0(X0))) | ~m1_subset_1(X2,u1_struct_0(X0)))) & m1_group_2(X1,X0)) & ~v3_struct_0(X0) & v1_group_1(X0) & v3_group_1(X0) & v4_group_1(X0) & l1_group_1(X0)) [flattening 128]
130. ? [X0] : (? [X1] : ((~v1_group_3(X1,X0) | ? [X2] : (? [X3] : (~r1_rlvect_1(X1,k2_group_3(X0,X3,X2)) & m1_subset_1(X3,u1_struct_0(X1)) & m1_subset_1(X3,u1_struct_0(X0))) & m1_subset_1(X2,u1_struct_0(X0)))) & (v1_group_3(X1,X0) | ! [X4] : (! [X5] : (r1_rlvect_1(X1,k2_group_3(X0,X5,X4)) | ~m1_subset_1(X5,u1_struct_0(X1)) | ~m1_subset_1(X5,u1_struct_0(X0))) | ~m1_subset_1(X4,u1_struct_0(X0)))) & m1_group_2(X1,X0)) & ~v3_struct_0(X0) & v1_group_1(X0) & v3_group_1(X0) & v4_group_1(X0) & l1_group_1(X0)) [rectify 129]
131. ? [X0] : (? [X1] : ((~v1_group_3(X1,X0) | ? [X2] : (? [X3] : (~r1_rlvect_1(X1,k2_group_3(X0,X3,X2)) & m1_subset_1(X3,u1_struct_0(X1)) & m1_subset_1(X3,u1_struct_0(X0))) & m1_subset_1(X2,u1_struct_0(X0)))) & (v1_group_3(X1,X0) | ! [X4] : (! [X5] : (r1_rlvect_1(X1,k2_group_3(X0,X5,X4)) | ~m1_subset_1(X5,u1_struct_0(X1)) | ~m1_subset_1(X5,u1_struct_0(X0))) | ~m1_subset_1(X4,u1_struct_0(X0)))) & m1_group_2(X1,X0)) & ~v3_struct_0(X0) & v1_group_1(X0) & v3_group_1(X0) & v4_group_1(X0) & l1_group_1(X0)) => (? [X1] : ((~v1_group_3(X1,sK0) | ? [X2] : (? [X3] : (~r1_rlvect_1(X1,k2_group_3(sK0,X3,X2)) & m1_subset_1(X3,u1_struct_0(X1)) & m1_subset_1(X3,u1_struct_0(sK0))) & m1_subset_1(X2,u1_struct_0(sK0)))) & (v1_group_3(X1,sK0) | ! [X4] : (! [X5] : (r1_rlvect_1(X1,k2_group_3(sK0,X5,X4)) | ~m1_subset_1(X5,u1_struct_0(X1)) | ~m1_subset_1(X5,u1_struct_0(sK0))) | ~m1_subset_1(X4,u1_struct_0(sK0)))) & m1_group_2(X1,sK0)) & ~v3_struct_0(sK0) & v1_group_1(sK0) & v3_group_1(sK0) & v4_group_1(sK0) & l1_group_1(sK0)) [skolem symbol introduction]
132. ? [X1] : ((~v1_group_3(X1,sK0) | ? [X2] : (? [X3] : (~r1_rlvect_1(X1,k2_group_3(sK0,X3,X2)) & m1_subset_1(X3,u1_struct_0(X1)) & m1_subset_1(X3,u1_struct_0(sK0))) & m1_subset_1(X2,u1_struct_0(sK0)))) & (v1_group_3(X1,sK0) | ! [X4] : (! [X5] : (r1_rlvect_1(X1,k2_group_3(sK0,X5,X4)) | ~m1_subset_1(X5,u1_struct_0(X1)) | ~m1_subset_1(X5,u1_struct_0(sK0))) | ~m1_subset_1(X4,u1_struct_0(sK0)))) & m1_group_2(X1,sK0)) => ((~v1_group_3(sK1,sK0) | ? [X2] : (? [X3] : (~r1_rlvect_1(sK1,k2_group_3(sK0,X3,X2)) & m1_subset_1(X3,u1_struct_0(sK1)) & m1_subset_1(X3,u1_struct_0(sK0))) & m1_subset_1(X2,u1_struct_0(sK0)))) & (v1_group_3(sK1,sK0) | ! [X4] : (! [X5] : (r1_rlvect_1(sK1,k2_group_3(sK0,X5,X4)) | ~m1_subset_1(X5,u1_struct_0(sK1)) | ~m1_subset_1(X5,u1_struct_0(sK0))) | ~m1_subset_1(X4,u1_struct_0(sK0)))) & m1_group_2(sK1,sK0)) [skolem symbol introduction]
133. ? [X2] : (? [X3] : (~r1_rlvect_1(sK1,k2_group_3(sK0,X3,X2)) & m1_subset_1(X3,u1_struct_0(sK1)) & m1_subset_1(X3,u1_struct_0(sK0))) & m1_subset_1(X2,u1_struct_0(sK0))) => (? [X3] : (~r1_rlvect_1(sK1,k2_group_3(sK0,X3,sK2)) & m1_subset_1(X3,u1_struct_0(sK1)) & m1_subset_1(X3,u1_struct_0(sK0))) & m1_subset_1(sK2,u1_struct_0(sK0))) [skolem symbol introduction]
134. ? [X3] : (~r1_rlvect_1(sK1,k2_group_3(sK0,X3,sK2)) & m1_subset_1(X3,u1_struct_0(sK1)) & m1_subset_1(X3,u1_struct_0(sK0))) => (~r1_rlvect_1(sK1,k2_group_3(sK0,sK3,sK2)) & m1_subset_1(sK3,u1_struct_0(sK1)) & m1_subset_1(sK3,u1_struct_0(sK0))) [skolem symbol introduction]
135. ((~v1_group_3(sK1,sK0) | ((~r1_rlvect_1(sK1,k2_group_3(sK0,sK3,sK2)) & m1_subset_1(sK3,u1_struct_0(sK1)) & m1_subset_1(sK3,u1_struct_0(sK0))) & m1_subset_1(sK2,u1_struct_0(sK0)))) & (v1_group_3(sK1,sK0) | ! [X4] : (! [X5] : (r1_rlvect_1(sK1,k2_group_3(sK0,X5,X4)) | ~m1_subset_1(X5,u1_struct_0(sK1)) | ~m1_subset_1(X5,u1_struct_0(sK0))) | ~m1_subset_1(X4,u1_struct_0(sK0)))) & m1_group_2(sK1,sK0)) & ~v3_struct_0(sK0) & v1_group_1(sK0) & v3_group_1(sK0) & v4_group_1(sK0) & l1_group_1(sK0) [skolemisation 130,134,133,132,131]
179. ! [X0,X1] : (? [X2] : (? [X3] : (~r1_rlvect_1(X1,k2_group_3(X0,X3,X2)) & m1_subset_1(X3,u1_struct_0(X1)) & m1_subset_1(X3,u1_struct_0(X0))) & m1_subset_1(X2,u1_struct_0(X0))) => (? [X3] : (~r1_rlvect_1(X1,k2_group_3(X0,X3,sK25(X0,X1))) & m1_subset_1(X3,u1_struct_0(X1)) & m1_subset_1(X3,u1_struct_0(X0))) & m1_subset_1(sK25(X0,X1),u1_struct_0(X0)))) [skolem symbol introduction]
180. ! [X0,X1] : (? [X3] : (~r1_rlvect_1(X1,k2_group_3(X0,X3,sK25(X0,X1))) & m1_subset_1(X3,u1_struct_0(X1)) & m1_subset_1(X3,u1_struct_0(X0))) => (~r1_rlvect_1(X1,k2_group_3(X0,sK26(X0,X1),sK25(X0,X1))) & m1_subset_1(sK26(X0,X1),u1_struct_0(X1)) & m1_subset_1(sK26(X0,X1),u1_struct_0(X0)))) [skolem symbol introduction]
181. ! [X0] : (! [X1] : (v1_group_3(X1,X0) | ((~r1_rlvect_1(X1,k2_group_3(X0,sK26(X0,X1),sK25(X0,X1))) & m1_subset_1(sK26(X0,X1),u1_struct_0(X1)) & m1_subset_1(sK26(X0,X1),u1_struct_0(X0))) & m1_subset_1(sK25(X0,X1),u1_struct_0(X0))) | ~m1_group_2(X1,X0)) | v3_struct_0(X0) | ~v1_group_1(X0) | ~v3_group_1(X0) | ~v4_group_1(X0) | ~l1_group_1(X0)) [skolemisation 125,180,179]
182. l1_group_1(sK0) [cnf transformation 135]
183. v4_group_1(sK0) [cnf transformation 135]
184. v3_group_1(sK0) [cnf transformation 135]
185. v1_group_1(sK0) [cnf transformation 135]
186. ~v3_struct_0(sK0) [cnf transformation 135]
187. m1_group_2(sK1,sK0) [cnf transformation 135]
188. v1_group_3(sK1,sK0) | r1_rlvect_1(sK1,k2_group_3(sK0,X5,X4)) | ~m1_subset_1(X5,u1_struct_0(sK1)) | ~m1_subset_1(X5,u1_struct_0(sK0)) | ~m1_subset_1(X4,u1_struct_0(sK0)) [cnf transformation 135]
189. ~v1_group_3(sK1,sK0) | m1_subset_1(sK2,u1_struct_0(sK0)) [cnf transformation 135]
190. ~v1_group_3(sK1,sK0) | m1_subset_1(sK3,u1_struct_0(sK0)) [cnf transformation 135]
191. ~v1_group_3(sK1,sK0) | m1_subset_1(sK3,u1_struct_0(sK1)) [cnf transformation 135]
192. ~v1_group_3(sK1,sK0) | ~r1_rlvect_1(sK1,k2_group_3(sK0,sK3,sK2)) [cnf transformation 135]
288. m1_subset_1(sK25(X0,X1),u1_struct_0(X0)) | v1_group_3(X1,X0) | ~m1_group_2(X1,X0) | v3_struct_0(X0) | ~v1_group_1(X0) | ~v3_group_1(X0) | ~v4_group_1(X0) | ~l1_group_1(X0) [cnf transformation 181]
289. m1_subset_1(sK26(X0,X1),u1_struct_0(X0)) | v1_group_3(X1,X0) | ~m1_group_2(X1,X0) | v3_struct_0(X0) | ~v1_group_1(X0) | ~v3_group_1(X0) | ~v4_group_1(X0) | ~l1_group_1(X0) [cnf transformation 181]
290. m1_subset_1(sK26(X0,X1),u1_struct_0(X1)) | v1_group_3(X1,X0) | ~m1_group_2(X1,X0) | v3_struct_0(X0) | ~v1_group_1(X0) | ~v3_group_1(X0) | ~v4_group_1(X0) | ~l1_group_1(X0) [cnf transformation 181]
291. ~r1_rlvect_1(X1,k2_group_3(X0,sK26(X0,X1),sK25(X0,X1))) | v1_group_3(X1,X0) | ~m1_group_2(X1,X0) | v3_struct_0(X0) | ~v1_group_1(X0) | ~v3_group_1(X0) | ~v4_group_1(X0) | ~l1_group_1(X0) [cnf transformation 181]
292. r1_rlvect_1(X1,k2_group_3(X0,X3,X2)) | ~m1_subset_1(X3,u1_struct_0(X1)) | ~m1_subset_1(X3,u1_struct_0(X0)) | ~m1_subset_1(X2,u1_struct_0(X0)) | ~v1_group_3(X1,X0) | ~m1_group_2(X1,X0) | v3_struct_0(X0) | ~v1_group_1(X0) | ~v3_group_1(X0) | ~v4_group_1(X0) | ~l1_group_1(X0) [cnf transformation 127]
294. 1 <=> ! [X4,X5] : (r1_rlvect_1(sK1,k2_group_3(sK0,X5,X4)) | ~m1_subset_1(X4,u1_struct_0(sK0)) | ~m1_subset_1(X5,u1_struct_0(sK0)) | ~m1_subset_1(X5,u1_struct_0(sK1))) [avatar definition]
295. r1_rlvect_1(sK1,k2_group_3(sK0,X5,X4)) | ~m1_subset_1(X4,u1_struct_0(sK0)) | ~m1_subset_1(X5,u1_struct_0(sK0)) | ~m1_subset_1(X5,u1_struct_0(sK1)) <- (1) [avatar component clause 294]
297. 2 <=> v1_group_3(sK1,sK0) [avatar definition]
298. ~v1_group_3(sK1,sK0) <- (~2) [avatar component clause 297]
299. v1_group_3(sK1,sK0) <- (2) [avatar component clause 297]
300. 1 | 2 [avatar split clause 188,297,294]
302. 3 <=> m1_subset_1(sK2,u1_struct_0(sK0)) [avatar definition]
304. m1_subset_1(sK2,u1_struct_0(sK0)) <- (3) [avatar component clause 302]
305. 3 | ~2 [avatar split clause 189,297,302]
307. 4 <=> m1_subset_1(sK3,u1_struct_0(sK0)) [avatar definition]
309. m1_subset_1(sK3,u1_struct_0(sK0)) <- (4) [avatar component clause 307]
310. 4 | ~2 [avatar split clause 190,297,307]
312. 5 <=> m1_subset_1(sK3,u1_struct_0(sK1)) [avatar definition]
314. m1_subset_1(sK3,u1_struct_0(sK1)) <- (5) [avatar component clause 312]
315. 5 | ~2 [avatar split clause 191,297,312]
317. 6 <=> r1_rlvect_1(sK1,k2_group_3(sK0,sK3,sK2)) [avatar definition]
319. ~r1_rlvect_1(sK1,k2_group_3(sK0,sK3,sK2)) <- (~6) [avatar component clause 317]
320. ~6 | ~2 [avatar split clause 192,297,317]
633. v1_group_3(sK1,sK0) | ~m1_group_2(sK1,sK0) | v3_struct_0(sK0) | ~v1_group_1(sK0) | ~v3_group_1(sK0) | ~v4_group_1(sK0) | ~l1_group_1(sK0) | ~m1_subset_1(sK25(sK0,sK1),u1_struct_0(sK0)) | ~m1_subset_1(sK26(sK0,sK1),u1_struct_0(sK0)) | ~m1_subset_1(sK26(sK0,sK1),u1_struct_0(sK1)) <- (1) [resolution 291,295]
634. ~m1_group_2(sK1,sK0) | v3_struct_0(sK0) | ~v1_group_1(sK0) | ~v3_group_1(sK0) | ~v4_group_1(sK0) | ~l1_group_1(sK0) | ~m1_subset_1(sK25(sK0,sK1),u1_struct_0(sK0)) | ~m1_subset_1(sK26(sK0,sK1),u1_struct_0(sK0)) | ~m1_subset_1(sK26(sK0,sK1),u1_struct_0(sK1)) <- (1, ~2) [forward subsumption resolution 633,298]
635. v3_struct_0(sK0) | ~v1_group_1(sK0) | ~v3_group_1(sK0) | ~v4_group_1(sK0) | ~l1_group_1(sK0) | ~m1_subset_1(sK25(sK0,sK1),u1_struct_0(sK0)) | ~m1_subset_1(sK26(sK0,sK1),u1_struct_0(sK0)) | ~m1_subset_1(sK26(sK0,sK1),u1_struct_0(sK1)) <- (1, ~2) [forward subsumption resolution 634,187]
636. ~v1_group_1(sK0) | ~v3_group_1(sK0) | ~v4_group_1(sK0) | ~l1_group_1(sK0) | ~m1_subset_1(sK25(sK0,sK1),u1_struct_0(sK0)) | ~m1_subset_1(sK26(sK0,sK1),u1_struct_0(sK0)) | ~m1_subset_1(sK26(sK0,sK1),u1_struct_0(sK1)) <- (1, ~2) [forward subsumption resolution 635,186]
637. ~v3_group_1(sK0) | ~v4_group_1(sK0) | ~l1_group_1(sK0) | ~m1_subset_1(sK25(sK0,sK1),u1_struct_0(sK0)) | ~m1_subset_1(sK26(sK0,sK1),u1_struct_0(sK0)) | ~m1_subset_1(sK26(sK0,sK1),u1_struct_0(sK1)) <- (1, ~2) [forward subsumption resolution 636,185]
638. ~v4_group_1(sK0) | ~l1_group_1(sK0) | ~m1_subset_1(sK25(sK0,sK1),u1_struct_0(sK0)) | ~m1_subset_1(sK26(sK0,sK1),u1_struct_0(sK0)) | ~m1_subset_1(sK26(sK0,sK1),u1_struct_0(sK1)) <- (1, ~2) [forward subsumption resolution 637,184]
639. ~l1_group_1(sK0) | ~m1_subset_1(sK25(sK0,sK1),u1_struct_0(sK0)) | ~m1_subset_1(sK26(sK0,sK1),u1_struct_0(sK0)) | ~m1_subset_1(sK26(sK0,sK1),u1_struct_0(sK1)) <- (1, ~2) [forward subsumption resolution 638,183]
640. ~m1_subset_1(sK25(sK0,sK1),u1_struct_0(sK0)) | ~m1_subset_1(sK26(sK0,sK1),u1_struct_0(sK0)) | ~m1_subset_1(sK26(sK0,sK1),u1_struct_0(sK1)) <- (1, ~2) [forward subsumption resolution 639,182]
642. 23 <=> m1_subset_1(sK26(sK0,sK1),u1_struct_0(sK1)) [avatar definition]
644. ~m1_subset_1(sK26(sK0,sK1),u1_struct_0(sK1)) <- (~23) [avatar component clause 642]
646. 24 <=> m1_subset_1(sK26(sK0,sK1),u1_struct_0(sK0)) [avatar definition]
648. ~m1_subset_1(sK26(sK0,sK1),u1_struct_0(sK0)) <- (~24) [avatar component clause 646]
650. 25 <=> m1_subset_1(sK25(sK0,sK1),u1_struct_0(sK0)) [avatar definition]
652. ~m1_subset_1(sK25(sK0,sK1),u1_struct_0(sK0)) <- (~25) [avatar component clause 650]
653. ~23 | ~24 | ~25 | ~1 | 2 [avatar split clause 640,297,294,650,646,642]
654. v1_group_3(sK1,sK0) | ~m1_group_2(sK1,sK0) | v3_struct_0(sK0) | ~v1_group_1(sK0) | ~v3_group_1(sK0) | ~v4_group_1(sK0) | ~l1_group_1(sK0) <- (~23) [resolution 644,290]
655. ~m1_group_2(sK1,sK0) | v3_struct_0(sK0) | ~v1_group_1(sK0) | ~v3_group_1(sK0) | ~v4_group_1(sK0) | ~l1_group_1(sK0) <- (~2, ~23) [forward subsumption resolution 654,298]
656. v3_struct_0(sK0) | ~v1_group_1(sK0) | ~v3_group_1(sK0) | ~v4_group_1(sK0) | ~l1_group_1(sK0) <- (~2, ~23) [forward subsumption resolution 655,187]
657. ~v1_group_1(sK0) | ~v3_group_1(sK0) | ~v4_group_1(sK0) | ~l1_group_1(sK0) <- (~2, ~23) [forward subsumption resolution 656,186]
658. ~v3_group_1(sK0) | ~v4_group_1(sK0) | ~l1_group_1(sK0) <- (~2, ~23) [forward subsumption resolution 657,185]
659. ~v4_group_1(sK0) | ~l1_group_1(sK0) <- (~2, ~23) [forward subsumption resolution 658,184]
660. ~l1_group_1(sK0) <- (~2, ~23) [forward subsumption resolution 659,183]
661. $false <- (~2, ~23) [forward subsumption resolution 660,182]
662. 2 | 23 [avatar contradiction clause 661]
663. ~m1_subset_1(sK3,u1_struct_0(sK1)) | ~m1_subset_1(sK3,u1_struct_0(sK0)) | ~m1_subset_1(sK2,u1_struct_0(sK0)) | ~v1_group_3(sK1,sK0) | ~m1_group_2(sK1,sK0) | v3_struct_0(sK0) | ~v1_group_1(sK0) | ~v3_group_1(sK0) | ~v4_group_1(sK0) | ~l1_group_1(sK0) <- (~6) [resolution 292,319]
686. ~m1_subset_1(sK3,u1_struct_0(sK0)) | ~m1_subset_1(sK2,u1_struct_0(sK0)) | ~v1_group_3(sK1,sK0) | ~m1_group_2(sK1,sK0) | v3_struct_0(sK0) | ~v1_group_1(sK0) | ~v3_group_1(sK0) | ~v4_group_1(sK0) | ~l1_group_1(sK0) <- (5, ~6) [forward subsumption resolution 663,314]
688. ~m1_subset_1(sK2,u1_struct_0(sK0)) | ~v1_group_3(sK1,sK0) | ~m1_group_2(sK1,sK0) | v3_struct_0(sK0) | ~v1_group_1(sK0) | ~v3_group_1(sK0) | ~v4_group_1(sK0) | ~l1_group_1(sK0) <- (4, 5, ~6) [forward subsumption resolution 686,309]
690. ~v1_group_3(sK1,sK0) | ~m1_group_2(sK1,sK0) | v3_struct_0(sK0) | ~v1_group_1(sK0) | ~v3_group_1(sK0) | ~v4_group_1(sK0) | ~l1_group_1(sK0) <- (3, 4, 5, ~6) [forward subsumption resolution 688,304]
693. ~m1_group_2(sK1,sK0) | v3_struct_0(sK0) | ~v1_group_1(sK0) | ~v3_group_1(sK0) | ~v4_group_1(sK0) | ~l1_group_1(sK0) <- (2, 3, 4, 5, ~6) [forward subsumption resolution 690,299]
694. v3_struct_0(sK0) | ~v1_group_1(sK0) | ~v3_group_1(sK0) | ~v4_group_1(sK0) | ~l1_group_1(sK0) <- (2, 3, 4, 5, ~6) [forward subsumption resolution 693,187]
695. ~v1_group_1(sK0) | ~v3_group_1(sK0) | ~v4_group_1(sK0) | ~l1_group_1(sK0) <- (2, 3, 4, 5, ~6) [forward subsumption resolution 694,186]
696. ~v3_group_1(sK0) | ~v4_group_1(sK0) | ~l1_group_1(sK0) <- (2, 3, 4, 5, ~6) [forward subsumption resolution 695,185]
697. ~v4_group_1(sK0) | ~l1_group_1(sK0) <- (2, 3, 4, 5, ~6) [forward subsumption resolution 696,184]
698. ~l1_group_1(sK0) <- (2, 3, 4, 5, ~6) [forward subsumption resolution 697,183]
699. $false <- (2, 3, 4, 5, ~6) [forward subsumption resolution 698,182]
700. ~2 | ~3 | ~4 | ~5 | 6 [avatar contradiction clause 699]
726. v1_group_3(sK1,sK0) | ~m1_group_2(sK1,sK0) | v3_struct_0(sK0) | ~v1_group_1(sK0) | ~v3_group_1(sK0) | ~v4_group_1(sK0) | ~l1_group_1(sK0) <- (~25) [resolution 652,288]
727. ~m1_group_2(sK1,sK0) | v3_struct_0(sK0) | ~v1_group_1(sK0) | ~v3_group_1(sK0) | ~v4_group_1(sK0) | ~l1_group_1(sK0) <- (~2, ~25) [forward subsumption resolution 726,298]
728. v3_struct_0(sK0) | ~v1_group_1(sK0) | ~v3_group_1(sK0) | ~v4_group_1(sK0) | ~l1_group_1(sK0) <- (~2, ~25) [forward subsumption resolution 727,187]
729. ~v1_group_1(sK0) | ~v3_group_1(sK0) | ~v4_group_1(sK0) | ~l1_group_1(sK0) <- (~2, ~25) [forward subsumption resolution 728,186]
730. ~v3_group_1(sK0) | ~v4_group_1(sK0) | ~l1_group_1(sK0) <- (~2, ~25) [forward subsumption resolution 729,185]
731. ~v4_group_1(sK0) | ~l1_group_1(sK0) <- (~2, ~25) [forward subsumption resolution 730,184]
732. ~l1_group_1(sK0) <- (~2, ~25) [forward subsumption resolution 731,183]
733. $false <- (~2, ~25) [forward subsumption resolution 732,182]
734. 2 | 25 [avatar contradiction clause 733]
735. v1_group_3(sK1,sK0) | ~m1_group_2(sK1,sK0) | v3_struct_0(sK0) | ~v1_group_1(sK0) | ~v3_group_1(sK0) | ~v4_group_1(sK0) | ~l1_group_1(sK0) <- (~24) [resolution 648,289]
736. ~m1_group_2(sK1,sK0) | v3_struct_0(sK0) | ~v1_group_1(sK0) | ~v3_group_1(sK0) | ~v4_group_1(sK0) | ~l1_group_1(sK0) <- (~2, ~24) [forward subsumption resolution 735,298]
737. v3_struct_0(sK0) | ~v1_group_1(sK0) | ~v3_group_1(sK0) | ~v4_group_1(sK0) | ~l1_group_1(sK0) <- (~2, ~24) [forward subsumption resolution 736,187]
738. ~v1_group_1(sK0) | ~v3_group_1(sK0) | ~v4_group_1(sK0) | ~l1_group_1(sK0) <- (~2, ~24) [forward subsumption resolution 737,186]
739. ~v3_group_1(sK0) | ~v4_group_1(sK0) | ~l1_group_1(sK0) <- (~2, ~24) [forward subsumption resolution 738,185]
740. ~v4_group_1(sK0) | ~l1_group_1(sK0) <- (~2, ~24) [forward subsumption resolution 739,184]
741. ~l1_group_1(sK0) <- (~2, ~24) [forward subsumption resolution 740,183]
742. $false <- (~2, ~24) [forward subsumption resolution 741,182]
743. 2 | 24 [avatar contradiction clause 742]
s1. 1 | 2 [sat_conversion 300]
s2. ~2 | 3 [sat_conversion 305]
s3. ~2 | 4 [sat_conversion 310]
s4. ~2 | 5 [sat_conversion 315]
s5. ~6 | ~2 [sat_conversion 320]
s14. ~25 | ~24 | ~23 | ~1 | 2 [sat_conversion 653]
s15. 2 | 23 [sat_conversion 662]
s19. ~5 | ~4 | ~3 | ~2 | 6 [sat_conversion 700]
s21. 2 | 25 [sat_conversion 734]
s22. 2 | 24 [sat_conversion 743]
s27. ~2 [rat s19,s2,s3,s4,s5]
s28. 24 [rat s22,s27]
s29. 25 [rat s21,s27]
s30. 23 [rat s15,s27]
s31. 1 [rat s1,s27]
s32. # [rat s14,s30,s28,s29,s27,s31]
744. $false [avatar sat refutation s32]
% SZS output end Proof for GRP618+1
% ------------------------------
% Version: Vampire 5.0.0 (Release build, commit 2e2c9b7b8 on 2026-01-17 12:24:14 +0100)
% Linked with Z3 4.14.0.0 3c47fd96cf5645d0c42b2c819d9e9a84380aa721 z3-4.8.4-9178-g3c47fd96c
% CaDiCaL version: 2.1.3
% Termination reason: Refutation
% Time elapsed: 0.019 s
% Peak memory usage: 61 MB
% Instructions burned: 23 (million)
% ------------------------------
% ------------------------------
