% Running in auto input_syntax mode. Trying TPTP
% Refutation found. Thanks to Tanya!
% SZS status Unsatisfiable for GRP135-1.002_clausified
% SZS output start Proof for GRP135-1.002_clausified
1. group_element(e_1) [input(axiom)]
2. group_element(e_2) [input(axiom)]
3. ~equalish(e_1,e_2) [input(axiom)]
4. ~equalish(e_2,e_1) [input(axiom)]
5. product(X0,X1,e_2) | ~group_element(X1) | product(X0,X1,e_1) | ~group_element(X0) [input(axiom)]
6. ~product(X0,X1,X3) | ~product(X0,X1,X2) | equalish(X2,X3) [input(axiom)]
7. ~product(X0,X3,X2) | ~product(X0,X1,X2) | equalish(X1,X3) [input(axiom)]
8. ~product(X3,X1,X2) | ~product(X0,X1,X2) | equalish(X0,X3) [input(axiom)]
9. ~product(X2,X0,X3) | ~product(X0,X1,X2) | product(X3,X0,X1) [input(negated conjecture)]
12. ~product(X1,X0,X2) | product(X1,X0,e_1) | ~group_element(X1) | ~group_element(X0) | equalish(X2,e_2) [resolution 5,6]
13. ~product(X0,X2,X1) | product(X1,X0,e_1) | ~group_element(X1) | ~group_element(X0) | product(e_2,X0,X2) [resolution 5,9]
14. product(e_2,X0,e_1) | ~group_element(e_2) | ~group_element(X0) | product(e_2,X0,X1) | ~group_element(X1) | product(X0,X1,e_1) | ~group_element(X0) [resolution 13,5]
15. product(e_2,X0,e_1) | ~group_element(e_2) | ~group_element(X0) | product(e_2,X0,X1) | ~group_element(X1) | product(X0,X1,e_1) [duplicate literal removal 14]
16. product(e_2,X0,e_1) | product(e_2,X0,X1) | product(X0,X1,e_1) | ~group_element(X1) | ~group_element(X0) [forward subsumption resolution 15,2]
17. product(e_2,X0,X1) | product(X0,X1,e_1) | ~group_element(X1) | ~group_element(X0) | product(e_1,e_2,e_1) | ~group_element(e_1) | ~group_element(e_2) | product(e_2,e_2,X0) [resolution 16,13]
27. product(e_2,X0,e_1) | product(e_2,X0,X1) | ~group_element(X1) | ~group_element(X0) | product(e_1,X0,e_1) | ~group_element(e_1) | ~group_element(X0) | product(e_2,X0,X1) [resolution 16,13]
33. product(e_2,X0,e_1) | product(e_2,X0,X1) | ~group_element(X1) | ~group_element(X0) | product(e_1,X0,e_1) | ~group_element(e_1) [duplicate literal removal 27]
36. product(e_2,X0,e_1) | product(e_2,X0,X1) | ~group_element(X1) | ~group_element(X0) | product(e_1,X0,e_1) [forward subsumption resolution 33,1]
38. product(e_2,X0,X1) | product(X0,X1,e_1) | ~group_element(X1) | ~group_element(X0) | product(e_1,e_2,e_1) | ~group_element(e_2) | product(e_2,e_2,X0) [forward subsumption resolution 17,1]
39. product(e_2,X0,X1) | product(X0,X1,e_1) | ~group_element(X1) | ~group_element(X0) | product(e_1,e_2,e_1) | product(e_2,e_2,X0) [forward subsumption resolution 38,2]
41. 1 <=> product(e_1,e_2,e_1) [avatar definition]
42. ~product(e_1,e_2,e_1) <- (~1) [avatar component clause 41]
43. product(e_1,e_2,e_1) <- (1) [avatar component clause 41]
45. 2 <=> ! [X0,X1] : (product(e_2,X0,X1) | product(e_2,e_2,X0) | ~group_element(X0) | ~group_element(X1) | product(X0,X1,e_1)) [avatar definition]
46. product(e_2,e_2,X0) | product(e_2,X0,X1) | product(X0,X1,e_1) | ~group_element(X1) | ~group_element(X0) <- (2) [avatar component clause 45]
47. 1 | 2 [avatar split clause 39,45,41]
76. product(e_1,e_1,e_1) | ~group_element(e_1) | ~group_element(e_1) | product(e_2,e_1,e_2) <- (1) [resolution 43,13]
77. ~product(X0,e_2,e_1) | equalish(X0,e_1) <- (1) [resolution 43,8]
81. product(e_1,e_1,e_1) | ~group_element(e_1) | product(e_2,e_1,e_2) <- (1) [duplicate literal removal 76]
82. product(e_1,e_1,e_1) | product(e_2,e_1,e_2) <- (1) [forward subsumption resolution 81,1]
84. 4 <=> product(e_2,e_1,e_2) [avatar definition]
86. product(e_2,e_1,e_2) <- (4) [avatar component clause 84]
88. 5 <=> product(e_1,e_1,e_1) [avatar definition]
90. product(e_1,e_1,e_1) <- (5) [avatar component clause 88]
91. 4 | 5 | ~1 [avatar split clause 82,41,88,84]
117. product(e_2,e_2,e_1) | ~group_element(e_2) | ~group_element(e_2) | product(e_2,e_2,e_1) <- (4) [resolution 86,13]
122. product(e_2,e_2,e_1) | ~group_element(e_2) <- (4) [duplicate literal removal 117]
123. product(e_2,e_2,e_1) <- (4) [forward subsumption resolution 122,2]
156. equalish(e_2,e_1) <- (1, 4) [resolution 77,123]
162. $false <- (1, 4) [forward subsumption resolution 156,4]
163. ~1 | ~4 [avatar contradiction clause 162]
288. 8 <=> product(e_2,e_2,e_2) [avatar definition]
290. product(e_2,e_2,e_2) <- (8) [avatar component clause 288]
296. 10 <=> product(e_2,e_2,e_1) [avatar definition]
297. ~product(e_2,e_2,e_1) <- (~10) [avatar component clause 296]
298. product(e_2,e_2,e_1) <- (10) [avatar component clause 296]
468. product(e_1,e_2,e_1) | ~group_element(e_1) | ~group_element(e_2) | product(e_2,e_2,e_2) <- (10) [resolution 298,13]
469. ~product(X0,e_2,e_1) | equalish(X0,e_2) <- (10) [resolution 298,8]
474. ~group_element(e_1) | ~group_element(e_2) | product(e_2,e_2,e_2) <- (~1, 10) [forward subsumption resolution 468,42]
475. ~group_element(e_2) | product(e_2,e_2,e_2) <- (~1, 10) [forward subsumption resolution 474,1]
476. product(e_2,e_2,e_2) <- (~1, 10) [forward subsumption resolution 475,2]
477. 8 | 1 | ~10 [avatar split clause 476,296,41,288]
543. 26 <=> ! [X2] : (equalish(X2,e_2) | ~group_element(X2)) [avatar definition]
544. equalish(X2,e_2) | ~group_element(X2) <- (26) [avatar component clause 543]
588. ~product(e_2,e_2,X0) | equalish(X0,e_2) <- (8) [resolution 290,6]
591. ~product(e_2,X0,e_2) | product(e_2,e_2,X0) <- (8) [resolution 290,9]
673. equalish(X0,e_2) | product(e_2,e_2,X0) | product(e_2,X0,e_2) | ~group_element(e_2) | ~group_element(X0) <- (2, 10) [resolution 469,46]
689. equalish(X0,e_2) | product(e_2,e_2,X0) | ~group_element(e_2) | ~group_element(X0) <- (2, 8, 10) [forward subsumption resolution 673,591]
690. equalish(X0,e_2) | product(e_2,e_2,X0) | ~group_element(X0) <- (2, 8, 10) [forward subsumption resolution 689,2]
691. equalish(X0,e_2) | ~group_element(X0) <- (2, 8, 10) [forward subsumption resolution 690,588]
692. 26 | ~2 | ~8 | ~10 [avatar split clause 691,296,288,45,543]
727. product(e_2,e_2,X0) | ~group_element(X0) | ~group_element(e_2) | product(e_1,e_2,e_1) <- (~10) [resolution 297,36]
740. product(e_2,e_2,X0) | ~group_element(X0) | product(e_1,e_2,e_1) <- (~10) [forward subsumption resolution 727,2]
742. product(e_2,e_2,X0) | ~group_element(X0) <- (~1, ~10) [forward subsumption resolution 740,42]
776. ~group_element(X0) | product(e_2,e_2,e_1) | ~group_element(e_2) | ~group_element(e_2) | equalish(X0,e_2) <- (~1, ~10) [resolution 742,12]
788. ~group_element(X0) | product(e_2,e_2,e_1) | ~group_element(e_2) | equalish(X0,e_2) <- (~1, ~10) [duplicate literal removal 776]
790. ~group_element(X0) | ~group_element(e_2) | equalish(X0,e_2) <- (~1, ~10) [forward subsumption resolution 788,297]
794. ~group_element(X0) | equalish(X0,e_2) <- (~1, ~10) [forward subsumption resolution 790,2]
796. 26 | 1 | 10 [avatar split clause 794,296,41,543]
913. ~group_element(e_1) <- (26) [resolution 544,3]
914. $false <- (26) [forward subsumption resolution 913,1]
915. ~26 [avatar contradiction clause 914]
923. ~product(e_1,X0,e_1) | equalish(X0,e_2) <- (1) [resolution 43,7]
1047. equalish(e_1,e_2) <- (1, 5) [resolution 923,90]
1058. $false <- (1, 5) [forward subsumption resolution 1047,3]
1059. ~1 | ~5 [avatar contradiction clause 1058]
s1. 1 | 2 [sat_conversion 47]
s3. ~1 | 4 | 5 [sat_conversion 91]
s5. ~4 | ~1 [sat_conversion 163]
s17. ~10 | 1 | 8 [sat_conversion 477]
s27. ~10 | ~8 | ~2 | 26 [sat_conversion 692]
s31. 1 | 10 | 26 [sat_conversion 796]
s33. ~26 [sat_conversion 915]
s34. ~5 | ~1 [sat_conversion 1059]
s35. 1 | 10 [rat s31,s33]
s36. ~10 | ~8 | ~2 [rat s27,s33]
s38. 1 [rat s36,s17,s1,s35]
s39. ~5 [rat s34,s38]
s40. ~4 [rat s5,s38]
s41. # [rat s3,s39,s40,s38]
1060. $false [avatar sat refutation s41]
% SZS output end Proof for GRP135-1.002_clausified
% ------------------------------
% Version: Vampire 5.0.0 (Release build, commit 2e2c9b7b8 on 2026-01-17 12:24:14 +0100)
% Linked with Z3 4.14.0.0 3c47fd96cf5645d0c42b2c819d9e9a84380aa721 z3-4.8.4-9178-g3c47fd96c
% CaDiCaL version: 2.1.3
% Termination reason: Refutation
% Time elapsed: 0.023 s
% Peak memory usage: 56 MB
% Instructions burned: 54 (million)
% ------------------------------
% ------------------------------
