% Running in auto input_syntax mode. Trying TPTP
% Refutation found. Thanks to Tanya!
% SZS status Unsatisfiable for GRP517-1_clausified
% SZS output start Proof for GRP517-1_clausified
1. multiply(X0,multiply(multiply(inverse(multiply(X0,X1)),X2),X1)) = X2 [input(axiom)]
2. multiply(inverse(a1),a1) != multiply(inverse(b1),b1) [input(negated conjecture)]
3. multiply(X1,multiply(multiply(inverse(X0),X3),multiply(multiply(inverse(multiply(X1,X2)),X0),X2))) = X3 [superposition 1,1]
4. multiply(multiply(inverse(multiply(inverse(multiply(X1,X2)),X3)),X0),X3) = multiply(X1,multiply(X0,X2)) [superposition 1,1]
5. multiply(multiply(inverse(multiply(inverse(X2),X3)),X0),X3) = multiply(X1,multiply(X0,multiply(multiply(inverse(multiply(X1,X4)),X2),X4))) [superposition 3,1]
11. multiply(multiply(inverse(X0),X1),X0) = X1 [superposition 3,1]
12. multiply(X1,multiply(X0,X2)) = multiply(multiply(inverse(X3),X0),multiply(multiply(inverse(multiply(inverse(multiply(X1,X2)),X4)),X3),X4)) [superposition 1,3]
13. multiply(X1,multiply(multiply(inverse(X0),X4),multiply(multiply(inverse(X2),X0),multiply(multiply(inverse(multiply(X1,X3)),X2),X3)))) = X4 [superposition 1,3]
14. multiply(X1,multiply(X0,X2)) = multiply(multiply(inverse(X3),X0),multiply(X1,multiply(X3,X2))) [forward demodulation 12,4]
20. multiply(multiply(inverse(multiply(inverse(multiply(X0,X2)),X3)),X1),multiply(X5,X3)) = multiply(multiply(inverse(multiply(inverse(multiply(X0,multiply(X1,X2))),X4)),X5),X4) [superposition 4,4]
26. multiply(inverse(multiply(X0,X2)),multiply(X0,multiply(X1,X2))) = X1 [superposition 1,4]
34. multiply(multiply(inverse(multiply(inverse(multiply(X0,X2)),X3)),X1),multiply(X5,X3)) = multiply(X0,multiply(X5,multiply(X1,X2))) [forward demodulation 20,4]
50. multiply(inverse(multiply(inverse(multiply(X0,X2)),X4)),X1) = multiply(inverse(multiply(X3,X4)),multiply(X3,multiply(X0,multiply(X1,X2)))) [superposition 26,4]
51. multiply(inverse(X2),X0) = multiply(inverse(multiply(X1,X2)),multiply(X1,X0)) [superposition 26,11]
57. multiply(X1,multiply(X0,X2)) = multiply(X0,multiply(X1,X2)) [superposition 11,26]
70. multiply(inverse(X2),X0) = multiply(X1,multiply(inverse(multiply(X1,X2)),X0)) [forward demodulation 51,57]
71. multiply(inverse(multiply(inverse(multiply(X0,X2)),X4)),X1) = multiply(X3,multiply(inverse(multiply(X3,X4)),multiply(X0,multiply(X1,X2)))) [forward demodulation 50,57]
78. multiply(inverse(multiply(inverse(multiply(X0,X2)),X4)),X1) = multiply(inverse(X4),multiply(X0,multiply(X1,X2))) [forward demodulation 71,70]
93. multiply(X2,X0) = multiply(X1,multiply(X2,multiply(multiply(inverse(multiply(X1,X3)),X0),X3))) [superposition 57,1]
97. multiply(X3,multiply(X0,multiply(X1,X2))) = multiply(X1,multiply(X3,multiply(X0,X2))) [superposition 57,57]
123. multiply(X0,multiply(inverse(multiply(X0,X1)),multiply(X2,X1))) = X2 [superposition 26,57]
151. multiply(inverse(X1),multiply(X2,X1)) = X2 [forward demodulation 123,70]
180. multiply(X1,multiply(multiply(X2,multiply(X0,X3)),X4)) = multiply(X0,multiply(X1,multiply(multiply(X2,X3),X4))) [superposition 14,26]
188. multiply(X3,multiply(X4,multiply(X0,multiply(X5,X2)))) = multiply(multiply(inverse(multiply(inverse(X5),X1)),X4),multiply(X3,multiply(X0,multiply(X1,X2)))) [superposition 14,14]
189. multiply(X1,multiply(X2,multiply(multiply(inverse(multiply(X3,X4)),X0),X4))) = multiply(multiply(inverse(X3),X2),multiply(X1,X0)) [superposition 14,1]
192. multiply(X1,multiply(X2,X3)) = multiply(multiply(inverse(multiply(inverse(X3),X0)),X2),multiply(X1,X0)) [superposition 14,11]
195. multiply(X1,multiply(X3,X2)) = multiply(multiply(inverse(X0),X3),multiply(X0,multiply(X1,X2))) [superposition 14,57]
200. multiply(multiply(inverse(X1),X3),X0) = multiply(multiply(inverse(multiply(X1,X2)),X0),multiply(X3,X2)) [superposition 14,11]
231. multiply(X1,multiply(X3,X2)) = multiply(X0,multiply(X1,multiply(multiply(inverse(X0),X3),X2))) [forward demodulation 195,97]
233. multiply(X1,multiply(X2,X3)) = multiply(multiply(inverse(inverse(X3)),X1),X2) [forward demodulation 192,200]
256. multiply(inverse(X3),X1) = multiply(inverse(multiply(X0,multiply(X3,X2))),multiply(X0,multiply(X1,X2))) [superposition 151,14]
291. multiply(inverse(X3),X1) = multiply(X0,multiply(X1,multiply(inverse(multiply(X0,multiply(X3,X2))),X2))) [forward demodulation 256,97]
297. multiply(X1,multiply(X5,multiply(X4,multiply(X0,X2)))) = multiply(multiply(inverse(multiply(inverse(multiply(X0,multiply(X1,X2))),X3)),X4),multiply(X5,X3)) [superposition 34,57]
298. multiply(inverse(X1),multiply(X4,multiply(X3,multiply(X0,X1)))) = multiply(multiply(inverse(multiply(inverse(X0),X2)),X3),multiply(X4,X2)) [superposition 34,151]
304. multiply(multiply(inverse(multiply(inverse(X0),X2)),X3),multiply(X4,X2)) = multiply(multiply(inverse(X1),X0),multiply(X4,multiply(X3,X1))) [superposition 34,11]
341. multiply(X4,multiply(X5,multiply(X1,X6))) = multiply(multiply(inverse(multiply(inverse(multiply(inverse(multiply(X0,X3)),X6)),X2)),X5),multiply(X4,multiply(X0,multiply(X1,multiply(X2,X3))))) [superposition 14,34]
343. multiply(inverse(multiply(X0,multiply(X1,multiply(X2,X3)))),multiply(multiply(inverse(multiply(inverse(multiply(X0,X3)),X4)),X2),multiply(X5,multiply(X1,X4)))) = X5 [superposition 26,34]
350. multiply(inverse(multiply(X0,multiply(X1,multiply(X2,X3)))),multiply(multiply(inverse(X4),multiply(X0,multiply(X2,X3))),multiply(X5,multiply(X1,X4)))) = X5 [forward demodulation 343,78]
352. multiply(X4,multiply(X5,multiply(X1,X6))) = multiply(X0,multiply(multiply(inverse(multiply(inverse(multiply(inverse(multiply(X0,X3)),X6)),X2)),X5),multiply(X4,multiply(X1,multiply(X2,X3))))) [forward demodulation 341,97]
385. multiply(multiply(inverse(X1),X0),multiply(X4,multiply(X3,X1))) = multiply(multiply(inverse(inverse(X0)),X4),X3) [forward demodulation 304,200]
391. multiply(inverse(X1),multiply(X4,multiply(X3,multiply(X0,X1)))) = multiply(multiply(inverse(inverse(X0)),X4),X3) [forward demodulation 298,200]
392. multiply(X1,multiply(X5,multiply(X4,multiply(X0,X2)))) = multiply(X0,multiply(X5,multiply(X4,multiply(X1,X2)))) [forward demodulation 297,34]
396. multiply(X0,multiply(inverse(multiply(X0,multiply(X1,multiply(X2,X3)))),multiply(multiply(inverse(X4),multiply(X2,X3)),multiply(X5,multiply(X1,X4))))) = X5 [forward demodulation 350,180]
398. multiply(X4,multiply(X5,multiply(X1,X6))) = multiply(X0,multiply(X4,multiply(X5,multiply(X1,multiply(multiply(inverse(multiply(X0,X3)),X6),X3))))) [forward demodulation 352,188]
418. multiply(multiply(inverse(X1),X0),multiply(X4,multiply(X3,X1))) = multiply(X4,multiply(X3,X0)) [forward demodulation 385,233]
423. multiply(inverse(X1),multiply(X4,multiply(X3,multiply(X0,X1)))) = multiply(X4,multiply(X3,X0)) [forward demodulation 391,233]
425. multiply(inverse(multiply(X1,multiply(X2,X3))),multiply(multiply(inverse(X4),multiply(X2,X3)),multiply(X5,multiply(X1,X4)))) = X5 [forward demodulation 396,70]
427. multiply(X4,multiply(X5,multiply(X1,X6))) = multiply(X0,multiply(X4,multiply(multiply(inverse(X0),X1),multiply(X5,X6)))) [forward demodulation 398,189]
441. multiply(X2,multiply(inverse(multiply(X1,multiply(X2,X3))),multiply(multiply(inverse(X4),X3),multiply(X5,multiply(X1,X4))))) = X5 [forward demodulation 425,180]
442. multiply(X4,multiply(X5,multiply(X1,X6))) = multiply(X4,multiply(X1,multiply(X5,X6))) [forward demodulation 427,231]
449. multiply(X2,multiply(X1,multiply(multiply(inverse(X4),X3),multiply(X5,multiply(inverse(multiply(X1,multiply(X2,X3))),X4))))) = X5 [forward demodulation 441,392]
452. multiply(X2,multiply(X1,multiply(X5,multiply(inverse(multiply(X1,multiply(X2,X3))),X3)))) = X5 [forward demodulation 449,418]
455. multiply(X2,multiply(inverse(X2),X5)) = X5 [forward demodulation 452,291]
456. multiply(X1,multiply(X0,X2)) = multiply(multiply(X1,X2),X0) [superposition 455,26]
459. multiply(X0,X1) = multiply(X1,X0) [superposition 455,151]
599. multiply(inverse(multiply(inverse(X3),X4)),X1) = multiply(inverse(X4),multiply(X0,multiply(X1,multiply(multiply(inverse(multiply(X0,X2)),X3),X2)))) [superposition 151,5]
613. multiply(X3,multiply(X7,multiply(multiply(X2,multiply(multiply(inverse(multiply(inverse(multiply(inverse(multiply(X3,X4)),X5)),X6)),X0),X6)),X4))) = multiply(multiply(multiply(inverse(multiply(inverse(X0),X1)),X2),X1),multiply(X7,X5)) [superposition 34,5]
628. multiply(X3,multiply(X7,multiply(X6,multiply(X2,multiply(multiply(inverse(multiply(X3,X4)),X0),X4))))) = multiply(multiply(inverse(multiply(inverse(multiply(multiply(inverse(multiply(inverse(X0),X1)),X2),X1)),X5)),X6),multiply(X7,X5)) [superposition 34,5]
639. multiply(X3,multiply(X7,multiply(X6,multiply(X2,multiply(multiply(inverse(multiply(X3,X4)),X0),X4))))) = multiply(multiply(inverse(multiply(inverse(X0),X1)),X2),multiply(X7,multiply(X6,X1))) [forward demodulation 628,34]
653. multiply(X3,multiply(X7,multiply(multiply(X2,multiply(multiply(inverse(multiply(inverse(multiply(inverse(multiply(X3,X4)),X5)),X6)),X0),X6)),X4))) = multiply(multiply(inverse(multiply(inverse(X0),X1)),X2),multiply(multiply(X7,X5),X1)) [forward demodulation 613,456]
667. multiply(inverse(multiply(inverse(X3),X4)),X1) = multiply(inverse(X4),multiply(X1,X3)) [forward demodulation 599,93]
740. multiply(X3,multiply(X7,multiply(X6,multiply(X2,multiply(multiply(inverse(multiply(X3,X4)),X0),X4))))) = multiply(inverse(multiply(inverse(X0),X1)),multiply(multiply(X7,multiply(X6,X1)),X2)) [forward demodulation 639,456]
754. multiply(X3,multiply(X7,multiply(multiply(X2,multiply(multiply(inverse(multiply(inverse(multiply(inverse(multiply(X3,X4)),X5)),X6)),X0),X6)),X4))) = multiply(multiply(inverse(inverse(X0)),multiply(X7,X5)),X2) [forward demodulation 653,200]
835. multiply(X3,multiply(X7,multiply(X6,multiply(X2,multiply(multiply(inverse(multiply(X3,X4)),X0),X4))))) = multiply(inverse(X1),multiply(multiply(multiply(X7,multiply(X6,X1)),X2),X0)) [forward demodulation 740,667]
849. multiply(X3,multiply(X7,multiply(multiply(X2,multiply(multiply(inverse(multiply(inverse(multiply(inverse(multiply(X3,X4)),X5)),X6)),X0),X6)),X4))) = multiply(multiply(X7,X5),multiply(X2,X0)) [forward demodulation 754,233]
921. multiply(X3,multiply(X7,multiply(X6,multiply(X2,multiply(multiply(inverse(multiply(X3,X4)),X0),X4))))) = multiply(inverse(X1),multiply(multiply(X7,multiply(X6,X1)),multiply(X0,X2))) [forward demodulation 835,456]
930. multiply(X3,multiply(X7,multiply(multiply(X2,multiply(multiply(inverse(multiply(inverse(multiply(inverse(multiply(X3,X4)),X5)),X6)),X0),X6)),X4))) = multiply(X7,multiply(multiply(X2,X0),X5)) [forward demodulation 849,456]
983. multiply(X3,multiply(X7,multiply(X6,multiply(X2,multiply(multiply(inverse(multiply(X3,X4)),X0),X4))))) = multiply(inverse(X1),multiply(X7,multiply(multiply(X0,X2),multiply(X6,X1)))) [forward demodulation 921,456]
991. multiply(X3,multiply(X7,multiply(multiply(X2,multiply(multiply(inverse(multiply(inverse(multiply(inverse(multiply(X3,X4)),X5)),X6)),X0),X6)),X4))) = multiply(X7,multiply(X2,multiply(X5,X0))) [forward demodulation 930,456]
1030. multiply(X3,multiply(X7,multiply(X6,multiply(X2,multiply(multiply(inverse(multiply(X3,X4)),X0),X4))))) = multiply(X7,multiply(multiply(X0,X2),X6)) [forward demodulation 983,423]
1038. multiply(X7,multiply(X2,multiply(X5,X0))) = multiply(X3,multiply(X7,multiply(X4,multiply(X2,multiply(multiply(inverse(multiply(inverse(multiply(inverse(multiply(X3,X4)),X5)),X6)),X0),X6))))) [forward demodulation 991,459]
1070. multiply(X3,multiply(X7,multiply(X6,multiply(X2,multiply(multiply(inverse(multiply(X3,X4)),X0),X4))))) = multiply(X7,multiply(X0,multiply(X6,X2))) [forward demodulation 1030,456]
1077. multiply(X7,multiply(X2,multiply(X5,X0))) = multiply(X3,multiply(X7,multiply(multiply(inverse(inverse(multiply(inverse(multiply(X3,X4)),X5))),X2),multiply(X4,X0)))) [forward demodulation 1038,189]
1107. multiply(X7,multiply(X0,multiply(X6,X2))) = multiply(X3,multiply(X7,multiply(multiply(inverse(X3),X2),multiply(X6,X0)))) [forward demodulation 1070,189]
1112. multiply(X7,multiply(X2,multiply(X5,X0))) = multiply(X3,multiply(X7,multiply(X4,multiply(multiply(inverse(inverse(multiply(inverse(multiply(X3,X4)),X5))),X2),X0)))) [forward demodulation 1077,442]
1137. multiply(X7,multiply(X0,multiply(X6,X2))) = multiply(X7,multiply(X2,multiply(X6,X0))) [forward demodulation 1107,231]
1141. multiply(X7,multiply(X2,multiply(X5,X0))) = multiply(X3,multiply(X7,multiply(X4,multiply(X2,multiply(X0,multiply(inverse(multiply(X3,X4)),X5)))))) [forward demodulation 1112,233]
1260. multiply(X0,multiply(multiply(inverse(X3),X4),multiply(multiply(inverse(multiply(X0,X1)),X2),multiply(multiply(inverse(X2),X3),X1)))) = X4 [superposition 13,57]
1341. multiply(X0,multiply(multiply(inverse(X3),X4),multiply(X1,multiply(multiply(inverse(X2),X3),multiply(inverse(multiply(X0,X1)),X2))))) = X4 [forward demodulation 1260,1137]
1424. multiply(X0,multiply(inverse(X3),multiply(multiply(X1,multiply(multiply(inverse(X2),X3),multiply(inverse(multiply(X0,X1)),X2))),X4))) = X4 [forward demodulation 1341,456]
1497. multiply(X0,multiply(inverse(X3),multiply(X1,multiply(X4,multiply(multiply(inverse(X2),X3),multiply(inverse(multiply(X0,X1)),X2)))))) = X4 [forward demodulation 1424,456]
1570. multiply(inverse(X3),multiply(X4,multiply(X2,multiply(inverse(X2),X3)))) = X4 [forward demodulation 1497,1141]
1638. multiply(X4,multiply(X2,inverse(X2))) = X4 [forward demodulation 1570,423]
1927. multiply(inverse(a1),a1) != multiply(b1,inverse(b1)) [superposition 2,459]
1983. multiply(b1,inverse(b1)) != multiply(a1,inverse(a1)) [forward demodulation 1927,459]
7105. multiply(X1,inverse(X1)) = multiply(X0,inverse(X0)) [superposition 455,1638]
23330. multiply(a1,inverse(a1)) != multiply(X0,inverse(X0)) [superposition 1983,7105]
23331. $false [forward subsumption resolution 23330,7105]
% SZS output end Proof for GRP517-1_clausified
% ------------------------------
% Version: Vampire 5.0.0 (Release build, commit 2e2c9b7b8 on 2026-01-17 12:24:14 +0100)
% Linked with Z3 4.14.0.0 3c47fd96cf5645d0c42b2c819d9e9a84380aa721 z3-4.8.4-9178-g3c47fd96c
% CaDiCaL version: 2.1.3
% Termination reason: Refutation
% Time elapsed: 0.249 s
% Peak memory usage: 62 MB
% Instructions burned: 1099 (million)
% ------------------------------
% ------------------------------
