% Running in auto input_syntax mode. Trying TPTP
% Refutation found. Thanks to Tanya!
% SZS status Unsatisfiable for GRP708-1_clausified
% SZS output start Proof for GRP708-1_clausified
1. mult(X0,ld(X0,X1)) = X1 [input(axiom)]
2. ld(X0,mult(X0,X1)) = X1 [input(axiom)]
6. mult(unit,X0) = X0 [input(axiom)]
7. mult(X0,mult(X1,mult(X0,X2))) = mult(mult(X0,mult(X1,X0)),X2) [input(axiom)]
8. mult(op_c,X0) = mult(X0,op_c) [input(axiom)]
9. mult(mult(op_c,op_c),mult(X0,X1)) = mult(mult(mult(op_c,op_c),X0),X1) [input(axiom)]
10. mult(a,mult(b,op_c)) != mult(mult(a,b),op_c) [input(negated conjecture)]
32. ld(op_c,mult(X0,op_c)) = X0 [superposition 2,8]
35. mult(a,mult(b,op_c)) != mult(op_c,mult(a,b)) [superposition 10,8]
38. mult(op_c,mult(a,b)) != mult(a,mult(op_c,b)) [forward demodulation 35,8]
44. mult(X0,mult(unit,mult(X0,X1))) = mult(mult(X0,X0),X1) [superposition 7,6]
53. mult(X0,mult(X1,mult(X0,ld(mult(X0,mult(X1,X0)),X2)))) = X2 [superposition 1,7]
58. mult(mult(X0,X0),X1) = mult(X0,mult(X0,X1)) [forward demodulation 44,6]
69. mult(X0,X1) = mult(mult(op_c,op_c),mult(ld(mult(op_c,op_c),X0),X1)) [superposition 9,1]
96. mult(X0,X1) = mult(op_c,mult(op_c,mult(ld(mult(op_c,op_c),X0),X1))) [forward demodulation 69,58]
134. mult(mult(op_c,op_c),X0) = ld(op_c,mult(mult(op_c,op_c),mult(X0,op_c))) [superposition 32,9]
139. mult(mult(op_c,op_c),X0) = ld(op_c,mult(op_c,mult(op_c,mult(X0,op_c)))) [forward demodulation 134,58]
140. mult(mult(op_c,op_c),X0) = mult(op_c,mult(X0,op_c)) [forward demodulation 139,2]
141. mult(op_c,mult(X0,op_c)) = mult(op_c,mult(op_c,X0)) [forward demodulation 140,58]
179. mult(X0,mult(X0,ld(mult(X0,X0),X1))) = X1 [superposition 1,58]
1478. mult(op_c,X0) = mult(X1,mult(op_c,ld(mult(op_c,mult(ld(mult(op_c,op_c),X1),op_c)),X0))) [superposition 96,53]
1507. mult(op_c,X0) = mult(X1,mult(op_c,ld(mult(op_c,mult(op_c,ld(mult(op_c,op_c),X1))),X0))) [forward demodulation 1478,141]
1520. mult(op_c,X0) = mult(X1,mult(op_c,ld(X1,X0))) [forward demodulation 1507,179]
2458. mult(op_c,mult(X1,X0)) = mult(X1,mult(op_c,X0)) [superposition 1520,2]
94115. mult(op_c,mult(a,b)) != mult(op_c,mult(a,b)) [superposition 38,2458]
94116. $false [trivial inequality removal 94115]
% SZS output end Proof for GRP708-1_clausified
% ------------------------------
% Version: Vampire 5.0.0 (Release build, commit 2e2c9b7b8 on 2026-01-17 12:24:14 +0100)
% Linked with Z3 4.14.0.0 3c47fd96cf5645d0c42b2c819d9e9a84380aa721 z3-4.8.4-9178-g3c47fd96c
% CaDiCaL version: 2.1.3
% Termination reason: Refutation
% Time elapsed: 1.631 s
% Peak memory usage: 62 MB
% Instructions burned: 5132 (million)
% ------------------------------
% ------------------------------
