% Running in auto input_syntax mode. Trying TPTP
% Refutation found. Thanks to Tanya!
% SZS status Unsatisfiable for GRP103-1
% SZS output start Proof for GRP103-1
1. double_divide(double_divide(X0,double_divide(double_divide(identity,X1),double_divide(X2,double_divide(X1,X0)))),double_divide(identity,identity)) = X2 [input(axiom)]
2. multiply(X0,X1) = double_divide(double_divide(X1,X0),identity) [input(axiom)]
3. inverse(X0) = double_divide(X0,identity) [input(axiom)]
4. identity = double_divide(X0,inverse(X0)) [input(axiom)]
5. multiply(inverse(a1),a1) != identity | multiply(identity,a2) != a2 | multiply(multiply(a3,b3),c3) != multiply(a3,multiply(b3,c3)) | multiply(a4,b4) != multiply(b4,a4) [input(negated conjecture)]
6. identity != multiply(inverse(a1),a1) | a2 != multiply(identity,a2) | multiply(multiply(a3,b3),c3) != multiply(a3,multiply(b3,c3)) | multiply(a4,b4) != multiply(b4,a4) [reorient equations 5]
7. identity = double_divide(X0,double_divide(X0,identity)) [definition unfolding 4,3]
8. identity != double_divide(double_divide(a1,double_divide(a1,identity)),identity) | a2 != double_divide(double_divide(a2,identity),identity) | double_divide(double_divide(c3,double_divide(double_divide(b3,a3),identity)),identity) != double_divide(double_divide(double_divide(double_divide(c3,b3),identity),a3),identity) | double_divide(double_divide(b4,a4),identity) != double_divide(double_divide(a4,b4),identity) [definition unfolding 6,2,3,2,2,2,2,2,2,2]
10. 1 <=> double_divide(double_divide(b4,a4),identity) = double_divide(double_divide(a4,b4),identity) [avatar definition]
12. double_divide(double_divide(b4,a4),identity) != double_divide(double_divide(a4,b4),identity) <- (~1) [avatar component clause 10]
14. 2 <=> double_divide(double_divide(c3,double_divide(double_divide(b3,a3),identity)),identity) = double_divide(double_divide(double_divide(double_divide(c3,b3),identity),a3),identity) [avatar definition]
16. double_divide(double_divide(c3,double_divide(double_divide(b3,a3),identity)),identity) != double_divide(double_divide(double_divide(double_divide(c3,b3),identity),a3),identity) <- (~2) [avatar component clause 14]
18. 3 <=> a2 = double_divide(double_divide(a2,identity),identity) [avatar definition]
20. a2 != double_divide(double_divide(a2,identity),identity) <- (~3) [avatar component clause 18]
22. 4 <=> identity = double_divide(double_divide(a1,double_divide(a1,identity)),identity) [avatar definition]
24. identity != double_divide(double_divide(a1,double_divide(a1,identity)),identity) <- (~4) [avatar component clause 22]
25. ~1 | ~2 | ~3 | ~4 [avatar split clause 8,22,18,14,10]
26. double_divide(double_divide(X0,double_divide(identity,double_divide(X1,double_divide(double_divide(identity,identity),X0)))),double_divide(identity,identity)) = X1 [superposition 1,7]
27. double_divide(double_divide(double_divide(X0,identity),double_divide(double_divide(identity,X0),double_divide(X1,identity))),double_divide(identity,identity)) = X1 [superposition 1,7]
28. double_divide(double_divide(double_divide(identity,identity),double_divide(double_divide(identity,double_divide(X1,double_divide(double_divide(identity,X2),double_divide(X0,double_divide(X2,X1))))),double_divide(X3,X0))),double_divide(identity,identity)) = X3 [superposition 1,1]
29. double_divide(double_divide(identity,double_divide(double_divide(identity,X0),identity)),double_divide(identity,identity)) = X0 [superposition 1,7]
30. double_divide(X1,double_divide(double_divide(identity,X2),double_divide(X0,double_divide(X2,X1)))) = double_divide(double_divide(identity,double_divide(double_divide(identity,identity),X0)),double_divide(identity,identity)) [superposition 1,1]
31. double_divide(identity,identity) = double_divide(double_divide(identity,double_divide(identity,identity)),double_divide(identity,identity)) [superposition 29,7]
32. double_divide(identity,double_divide(double_divide(identity,X0),identity)) = double_divide(double_divide(identity,double_divide(double_divide(identity,identity),X0)),double_divide(identity,identity)) [superposition 1,29]
34. double_divide(identity,identity) = double_divide(identity,double_divide(identity,identity)) [forward demodulation 31,7]
35. identity = double_divide(identity,identity) [forward demodulation 34,7]
36. double_divide(double_divide(identity,double_divide(double_divide(identity,X0),identity)),identity) = X0 [superposition 29,35]
41. double_divide(double_divide(identity,double_divide(identity,double_divide(X0,identity))),identity) = X0 [superposition 1,35]
46. double_divide(double_divide(identity,double_divide(double_divide(identity,identity),X0)),double_divide(identity,identity)) = double_divide(X1,double_divide(identity,double_divide(X0,double_divide(double_divide(identity,identity),X1)))) [superposition 1,26]
49. double_divide(X1,double_divide(identity,double_divide(X0,double_divide(identity,X1)))) = double_divide(double_divide(identity,double_divide(identity,X0)),identity) [forward demodulation 46,35]
65. identity = double_divide(double_divide(double_divide(X0,identity),double_divide(double_divide(identity,X0),identity)),identity) [superposition 27,35]
67. identity = double_divide(double_divide(double_divide(double_divide(double_divide(identity,X0),identity),identity),X0),double_divide(identity,identity)) [superposition 27,29]
69. identity = double_divide(double_divide(double_divide(double_divide(identity,double_divide(X0,double_divide(double_divide(identity,identity),identity))),identity),X0),double_divide(identity,identity)) [superposition 27,26]
70. double_divide(identity,X0) = double_divide(double_divide(double_divide(X0,identity),identity),double_divide(identity,identity)) [superposition 27,7]
72. double_divide(double_divide(identity,double_divide(double_divide(identity,identity),X0)),double_divide(identity,identity)) = double_divide(double_divide(X1,identity),double_divide(double_divide(identity,X1),double_divide(X0,identity))) [superposition 1,27]
75. double_divide(identity,double_divide(double_divide(identity,X0),identity)) = double_divide(double_divide(X1,identity),double_divide(double_divide(identity,X1),double_divide(X0,identity))) [forward demodulation 72,32]
76. double_divide(identity,X0) = double_divide(double_divide(double_divide(X0,identity),identity),identity) [forward demodulation 70,35]
77. identity = double_divide(double_divide(double_divide(double_divide(identity,double_divide(X0,double_divide(identity,identity))),identity),X0),identity) [forward demodulation 69,35]
79. identity = double_divide(double_divide(double_divide(double_divide(double_divide(identity,X0),identity),identity),X0),identity) [forward demodulation 67,35]
83. identity = double_divide(double_divide(double_divide(double_divide(identity,double_divide(X0,identity)),identity),X0),identity) [forward demodulation 77,35]
86. double_divide(identity,double_divide(identity,double_divide(double_divide(identity,X0),identity))) = double_divide(double_divide(X0,identity),identity) [superposition 76,36]
88. double_divide(double_divide(identity,X0),identity) = double_divide(identity,double_divide(X0,identity)) [superposition 76,76]
97. double_divide(double_divide(X0,identity),identity) = double_divide(identity,double_divide(identity,double_divide(identity,double_divide(X0,identity)))) [forward demodulation 86,88]
103. double_divide(X0,double_divide(identity,double_divide(X1,double_divide(double_divide(identity,identity),X0)))) = double_divide(double_divide(identity,double_divide(double_divide(identity,identity),X1)),double_divide(identity,identity)) [superposition 30,7]
104. double_divide(double_divide(identity,double_divide(double_divide(identity,identity),X3)),double_divide(identity,identity)) = double_divide(X1,double_divide(double_divide(double_divide(identity,double_divide(double_divide(identity,identity),X0)),double_divide(identity,identity)),double_divide(X3,double_divide(double_divide(double_divide(identity,X2),double_divide(X0,double_divide(X2,identity))),X1)))) [superposition 30,30]
117. double_divide(double_divide(identity,double_divide(double_divide(identity,identity),X2)),double_divide(identity,identity)) = double_divide(double_divide(X0,double_divide(X1,X2)),double_divide(double_divide(identity,double_divide(identity,X1)),double_divide(double_divide(identity,double_divide(double_divide(identity,identity),X0)),double_divide(identity,identity)))) [superposition 30,30]
118. double_divide(double_divide(identity,double_divide(double_divide(identity,identity),double_divide(identity,X1))),double_divide(identity,identity)) = double_divide(double_divide(X1,double_divide(identity,X0)),double_divide(double_divide(identity,double_divide(double_divide(identity,identity),X0)),double_divide(identity,identity))) [superposition 30,30]
121. double_divide(X0,double_divide(double_divide(identity,X1),double_divide(X2,double_divide(X1,X0)))) = double_divide(double_divide(identity,double_divide(identity,X2)),identity) [superposition 30,35]
122. double_divide(X0,double_divide(double_divide(identity,X1),double_divide(X2,double_divide(X1,X0)))) = double_divide(X3,double_divide(double_divide(identity,X4),double_divide(X2,double_divide(X4,X3)))) [superposition 30,30]
126. double_divide(double_divide(double_divide(X0,double_divide(identity,X1)),double_divide(identity,double_divide(double_divide(identity,double_divide(double_divide(identity,identity),X0)),double_divide(identity,identity)))),double_divide(identity,identity)) = X1 [superposition 26,30]
127. double_divide(double_divide(double_divide(X0,double_divide(X1,X2)),double_divide(double_divide(identity,double_divide(identity,X1)),double_divide(double_divide(identity,double_divide(double_divide(identity,identity),X0)),double_divide(identity,identity)))),double_divide(identity,identity)) = X2 [superposition 1,30]
132. double_divide(double_divide(identity,X1),double_divide(X0,double_divide(X1,identity))) = double_divide(double_divide(identity,double_divide(double_divide(double_divide(identity,double_divide(double_divide(identity,identity),X0)),double_divide(identity,identity)),identity)),double_divide(identity,identity)) [superposition 29,30]
136. identity = double_divide(X0,double_divide(double_divide(identity,X1),double_divide(identity,double_divide(X1,X0)))) [superposition 29,30]
138. double_divide(X0,double_divide(double_divide(identity,X1),double_divide(double_divide(X2,double_divide(identity,identity)),double_divide(X1,X0)))) = X2 [superposition 1,30]
143. double_divide(X0,double_divide(double_divide(identity,X1),double_divide(double_divide(X2,identity),double_divide(X1,X0)))) = X2 [forward demodulation 138,35]
148. double_divide(double_divide(identity,X1),double_divide(X0,double_divide(X1,identity))) = double_divide(double_divide(identity,double_divide(double_divide(double_divide(identity,double_divide(identity,X0)),identity),identity)),identity) [forward demodulation 132,35]
153. double_divide(double_divide(double_divide(X0,double_divide(X1,X2)),double_divide(double_divide(identity,double_divide(identity,X1)),double_divide(double_divide(identity,double_divide(identity,X0)),identity))),identity) = X2 [forward demodulation 127,35]
154. double_divide(double_divide(double_divide(X0,double_divide(identity,X1)),double_divide(identity,double_divide(double_divide(identity,double_divide(identity,X0)),identity))),identity) = X1 [forward demodulation 126,35]
157. double_divide(X0,double_divide(double_divide(identity,X1),double_divide(X2,double_divide(X1,X0)))) = double_divide(identity,double_divide(double_divide(identity,X2),identity)) [forward demodulation 121,88]
160. double_divide(double_divide(identity,double_divide(double_divide(identity,identity),double_divide(identity,X1))),double_divide(identity,identity)) = double_divide(double_divide(X1,double_divide(identity,X0)),double_divide(identity,double_divide(double_divide(identity,X0),identity))) [forward demodulation 118,32]
161. double_divide(double_divide(identity,double_divide(double_divide(identity,identity),X2)),double_divide(identity,identity)) = double_divide(double_divide(X0,double_divide(X1,X2)),double_divide(double_divide(identity,double_divide(identity,X1)),double_divide(identity,double_divide(double_divide(identity,X0),identity)))) [forward demodulation 117,32]
172. double_divide(double_divide(identity,double_divide(double_divide(identity,identity),X3)),double_divide(identity,identity)) = double_divide(X1,double_divide(double_divide(identity,double_divide(double_divide(identity,X0),identity)),double_divide(X3,double_divide(double_divide(double_divide(identity,X2),double_divide(X0,double_divide(X2,identity))),X1)))) [forward demodulation 104,32]
173. double_divide(X0,double_divide(identity,double_divide(X1,double_divide(double_divide(identity,identity),X0)))) = double_divide(identity,double_divide(double_divide(identity,X1),identity)) [forward demodulation 103,32]
180. double_divide(double_divide(identity,X1),double_divide(X0,double_divide(X1,identity))) = double_divide(identity,double_divide(double_divide(double_divide(double_divide(identity,double_divide(identity,X0)),identity),identity),identity)) [forward demodulation 148,88]
185. double_divide(double_divide(double_divide(X0,double_divide(X1,X2)),double_divide(double_divide(identity,double_divide(identity,X1)),double_divide(identity,double_divide(double_divide(identity,X0),identity)))),identity) = X2 [forward demodulation 153,88]
186. double_divide(double_divide(double_divide(X0,double_divide(identity,X1)),double_divide(identity,double_divide(identity,double_divide(double_divide(identity,X0),identity)))),identity) = X1 [forward demodulation 154,88]
188. double_divide(X0,double_divide(double_divide(identity,X1),double_divide(X2,double_divide(X1,X0)))) = double_divide(identity,double_divide(identity,double_divide(X2,identity))) [forward demodulation 157,88]
191. double_divide(double_divide(identity,double_divide(double_divide(identity,identity),double_divide(identity,X1))),double_divide(identity,identity)) = double_divide(double_divide(X1,double_divide(identity,X0)),double_divide(identity,double_divide(identity,double_divide(X0,identity)))) [forward demodulation 160,88]
192. double_divide(double_divide(identity,double_divide(double_divide(identity,identity),X2)),double_divide(identity,identity)) = double_divide(double_divide(X0,double_divide(X1,X2)),double_divide(double_divide(identity,double_divide(identity,X1)),double_divide(identity,double_divide(identity,double_divide(X0,identity))))) [forward demodulation 161,88]
201. double_divide(double_divide(identity,double_divide(double_divide(identity,identity),X3)),double_divide(identity,identity)) = double_divide(X1,double_divide(double_divide(identity,double_divide(identity,double_divide(X0,identity))),double_divide(X3,double_divide(double_divide(double_divide(identity,X2),double_divide(X0,double_divide(X2,identity))),X1)))) [forward demodulation 172,88]
202. double_divide(X0,double_divide(identity,double_divide(X1,double_divide(double_divide(identity,identity),X0)))) = double_divide(identity,double_divide(identity,double_divide(X1,identity))) [forward demodulation 173,88]
207. double_divide(double_divide(identity,X1),double_divide(X0,double_divide(X1,identity))) = double_divide(identity,double_divide(identity,double_divide(identity,double_divide(identity,X0)))) [forward demodulation 180,76]
212. double_divide(double_divide(double_divide(X0,double_divide(X1,X2)),double_divide(double_divide(identity,double_divide(identity,X1)),double_divide(identity,double_divide(identity,double_divide(X0,identity))))),identity) = X2 [forward demodulation 185,88]
213. double_divide(double_divide(double_divide(X0,double_divide(identity,X1)),double_divide(identity,double_divide(identity,double_divide(identity,double_divide(X0,identity))))),identity) = X1 [forward demodulation 186,88]
215. double_divide(double_divide(X1,double_divide(identity,X0)),double_divide(identity,double_divide(identity,double_divide(X0,identity)))) = double_divide(identity,double_divide(double_divide(identity,double_divide(identity,X1)),identity)) [forward demodulation 191,32]
216. double_divide(identity,double_divide(double_divide(identity,X2),identity)) = double_divide(double_divide(X0,double_divide(X1,X2)),double_divide(double_divide(identity,double_divide(identity,X1)),double_divide(identity,double_divide(identity,double_divide(X0,identity))))) [forward demodulation 192,32]
224. double_divide(identity,double_divide(double_divide(identity,X3),identity)) = double_divide(X1,double_divide(double_divide(identity,double_divide(identity,double_divide(X0,identity))),double_divide(X3,double_divide(double_divide(double_divide(identity,X2),double_divide(X0,double_divide(X2,identity))),X1)))) [forward demodulation 201,32]
225. double_divide(X0,double_divide(identity,double_divide(X1,double_divide(identity,X0)))) = double_divide(identity,double_divide(identity,double_divide(X1,identity))) [forward demodulation 202,35]
228. double_divide(double_divide(double_divide(X0,double_divide(identity,X1)),double_divide(double_divide(X0,identity),identity)),identity) = X1 [forward demodulation 213,97]
230. double_divide(double_divide(X1,double_divide(identity,X0)),double_divide(identity,double_divide(identity,double_divide(X0,identity)))) = double_divide(identity,double_divide(identity,double_divide(double_divide(identity,X1),identity))) [forward demodulation 215,88]
231. double_divide(identity,double_divide(identity,double_divide(X2,identity))) = double_divide(double_divide(X0,double_divide(X1,X2)),double_divide(double_divide(identity,double_divide(identity,X1)),double_divide(identity,double_divide(identity,double_divide(X0,identity))))) [forward demodulation 216,88]
239. double_divide(identity,double_divide(double_divide(identity,X3),identity)) = double_divide(X1,double_divide(double_divide(identity,double_divide(identity,double_divide(X0,identity))),double_divide(X3,double_divide(double_divide(identity,double_divide(identity,double_divide(identity,double_divide(identity,X0)))),X1)))) [forward demodulation 224,207]
243. double_divide(double_divide(X1,double_divide(identity,X0)),double_divide(identity,double_divide(identity,double_divide(X0,identity)))) = double_divide(identity,double_divide(identity,double_divide(identity,double_divide(X1,identity)))) [forward demodulation 230,88]
248. double_divide(identity,double_divide(identity,double_divide(X3,identity))) = double_divide(X1,double_divide(double_divide(identity,double_divide(identity,double_divide(X0,identity))),double_divide(X3,double_divide(double_divide(identity,double_divide(identity,double_divide(identity,double_divide(identity,X0)))),X1)))) [forward demodulation 239,88]
251. double_divide(double_divide(X1,double_divide(identity,X0)),double_divide(identity,double_divide(identity,double_divide(X0,identity)))) = double_divide(double_divide(X1,identity),identity) [forward demodulation 243,97]
308. double_divide(double_divide(double_divide(identity,identity),double_divide(double_divide(identity,double_divide(identity,double_divide(double_divide(identity,identity),X0))),double_divide(X1,double_divide(identity,double_divide(double_divide(identity,X0),identity))))),double_divide(identity,identity)) = X1 [superposition 28,29]
323. double_divide(double_divide(double_divide(identity,identity),double_divide(double_divide(identity,double_divide(X1,double_divide(double_divide(identity,X2),double_divide(double_divide(double_divide(identity,X3),double_divide(X0,double_divide(X3,X4))),double_divide(X2,X1))))),double_divide(double_divide(identity,double_divide(double_divide(identity,identity),X0)),double_divide(identity,identity)))),double_divide(identity,identity)) = X4 [superposition 28,30]
344. double_divide(double_divide(identity,double_divide(double_divide(identity,double_divide(X1,double_divide(double_divide(identity,X2),double_divide(double_divide(double_divide(identity,X3),double_divide(X0,double_divide(X3,X4))),double_divide(X2,X1))))),double_divide(double_divide(identity,double_divide(identity,X0)),identity))),identity) = X4 [forward demodulation 323,35]
359. double_divide(double_divide(identity,double_divide(double_divide(identity,double_divide(identity,double_divide(identity,X0))),double_divide(X1,double_divide(identity,double_divide(double_divide(identity,X0),identity))))),identity) = X1 [forward demodulation 308,35]
384. double_divide(identity,double_divide(double_divide(double_divide(identity,double_divide(X1,double_divide(double_divide(identity,X2),double_divide(double_divide(double_divide(identity,X3),double_divide(X0,double_divide(X3,X4))),double_divide(X2,X1))))),double_divide(double_divide(identity,double_divide(identity,X0)),identity)),identity)) = X4 [forward demodulation 344,88]
399. double_divide(identity,double_divide(double_divide(double_divide(identity,double_divide(identity,double_divide(identity,X0))),double_divide(X1,double_divide(identity,double_divide(double_divide(identity,X0),identity)))),identity)) = X1 [forward demodulation 359,88]
422. double_divide(identity,double_divide(double_divide(double_divide(identity,double_divide(X1,double_divide(double_divide(identity,X2),double_divide(double_divide(double_divide(identity,X3),double_divide(X0,double_divide(X3,X4))),double_divide(X2,X1))))),double_divide(identity,double_divide(double_divide(identity,X0),identity))),identity)) = X4 [forward demodulation 384,88]
436. double_divide(identity,double_divide(double_divide(double_divide(identity,double_divide(identity,double_divide(identity,X0))),double_divide(X1,double_divide(identity,double_divide(identity,double_divide(X0,identity))))),identity)) = X1 [forward demodulation 399,88]
455. double_divide(identity,double_divide(double_divide(double_divide(identity,double_divide(X1,double_divide(double_divide(identity,X2),double_divide(double_divide(double_divide(identity,X3),double_divide(X0,double_divide(X3,X4))),double_divide(X2,X1))))),double_divide(identity,double_divide(identity,double_divide(X0,identity)))),identity)) = X4 [forward demodulation 422,88]
487. double_divide(identity,double_divide(double_divide(double_divide(identity,double_divide(identity,double_divide(identity,double_divide(double_divide(double_divide(identity,X3),double_divide(X0,double_divide(X3,X4))),identity)))),double_divide(identity,double_divide(identity,double_divide(X0,identity)))),identity)) = X4 [forward demodulation 455,188]
515. double_divide(identity,double_divide(double_divide(double_divide(double_divide(double_divide(double_divide(identity,X3),double_divide(X0,double_divide(X3,X4))),identity),identity),double_divide(identity,double_divide(identity,double_divide(X0,identity)))),identity)) = X4 [forward demodulation 487,97]
644. double_divide(double_divide(double_divide(double_divide(identity,X1),identity),identity),X1) = double_divide(double_divide(double_divide(X0,identity),double_divide(double_divide(identity,X0),identity)),double_divide(identity,identity)) [superposition 27,79]
656. double_divide(double_divide(double_divide(X0,identity),double_divide(double_divide(identity,X0),identity)),identity) = double_divide(double_divide(double_divide(double_divide(identity,X1),identity),identity),X1) [forward demodulation 644,35]
672. double_divide(double_divide(double_divide(X0,identity),double_divide(double_divide(identity,X0),identity)),identity) = double_divide(double_divide(double_divide(identity,double_divide(X1,identity)),identity),X1) [forward demodulation 656,88]
685. double_divide(double_divide(double_divide(X0,identity),double_divide(double_divide(identity,X0),identity)),identity) = double_divide(double_divide(identity,double_divide(double_divide(X1,identity),identity)),X1) [forward demodulation 672,88]
695. identity = double_divide(double_divide(identity,double_divide(double_divide(X1,identity),identity)),X1) [forward demodulation 685,65]
795. identity = double_divide(double_divide(X0,double_divide(identity,X0)),identity) [superposition 83,36]
876. double_divide(double_divide(identity,double_divide(identity,identity)),identity) = double_divide(X0,double_divide(identity,X0)) [superposition 41,795]
891. identity = double_divide(X0,double_divide(identity,X0)) [forward demodulation 876,795]
1133. double_divide(double_divide(identity,double_divide(double_divide(identity,identity),X0)),double_divide(identity,identity)) = double_divide(X0,double_divide(double_divide(identity,identity),identity)) [superposition 30,891]
1134. double_divide(double_divide(X0,double_divide(double_divide(identity,identity),identity)),double_divide(identity,identity)) = X0 [superposition 1,891]
1181. double_divide(double_divide(X0,double_divide(identity,identity)),identity) = X0 [forward demodulation 1134,35]
1182. double_divide(double_divide(identity,double_divide(double_divide(identity,identity),X0)),double_divide(identity,identity)) = double_divide(X0,double_divide(identity,double_divide(identity,identity))) [forward demodulation 1133,88]
1199. double_divide(double_divide(X0,identity),identity) = X0 [forward demodulation 1181,35]
1200. double_divide(X0,identity) = double_divide(double_divide(identity,double_divide(double_divide(identity,identity),X0)),double_divide(identity,identity)) [forward demodulation 1182,7]
1207. double_divide(X0,identity) = double_divide(double_divide(identity,double_divide(identity,X0)),identity) [forward demodulation 1200,35]
1213. double_divide(X0,identity) = double_divide(identity,double_divide(double_divide(identity,X0),identity)) [forward demodulation 1207,88]
1214. double_divide(X0,identity) = double_divide(identity,double_divide(identity,double_divide(X0,identity))) [forward demodulation 1213,88]
1225. double_divide(double_divide(X0,identity),identity) = double_divide(X1,double_divide(double_divide(identity,X2),double_divide(double_divide(identity,X0),double_divide(X2,X1)))) [superposition 143,76]
1226. double_divide(X0,double_divide(double_divide(identity,X1),double_divide(identity,double_divide(X1,X0)))) = double_divide(double_divide(double_divide(double_divide(identity,X2),identity),identity),X2) [superposition 143,79]
1248. double_divide(identity,double_divide(double_divide(identity,double_divide(X0,double_divide(identity,X0))),double_divide(double_divide(X1,identity),identity))) = X1 [superposition 143,795]
1267. double_divide(double_divide(double_divide(identity,identity),double_divide(double_divide(identity,double_divide(X1,double_divide(double_divide(identity,X2),double_divide(double_divide(double_divide(identity,X3),double_divide(double_divide(X0,identity),double_divide(X3,X4))),double_divide(X2,X1))))),X0)),double_divide(identity,identity)) = X4 [superposition 28,143]
1276. double_divide(double_divide(double_divide(identity,identity),double_divide(double_divide(identity,double_divide(X1,double_divide(X0,double_divide(X3,double_divide(double_divide(double_divide(identity,X2),double_divide(double_divide(X0,identity),double_divide(X2,identity))),X1))))),double_divide(X4,X3))),double_divide(identity,identity)) = X4 [superposition 28,143]
1278. double_divide(double_divide(identity,double_divide(double_divide(identity,identity),X3)),double_divide(identity,identity)) = double_divide(X1,double_divide(X0,double_divide(X3,double_divide(double_divide(double_divide(identity,X2),double_divide(double_divide(X0,identity),double_divide(X2,identity))),X1)))) [superposition 30,143]
1281. double_divide(X0,identity) = double_divide(identity,double_divide(double_divide(double_divide(identity,X1),double_divide(double_divide(X0,identity),double_divide(X1,identity))),identity)) [superposition 88,143]
1300. double_divide(X0,identity) = double_divide(identity,double_divide(double_divide(identity,double_divide(identity,double_divide(identity,double_divide(identity,double_divide(X0,identity))))),identity)) [forward demodulation 1281,207]
1303. double_divide(double_divide(identity,double_divide(double_divide(identity,identity),X3)),double_divide(identity,identity)) = double_divide(X1,double_divide(X0,double_divide(X3,double_divide(double_divide(identity,double_divide(identity,double_divide(identity,double_divide(identity,double_divide(X0,identity))))),X1)))) [forward demodulation 1278,207]
1305. double_divide(double_divide(identity,double_divide(double_divide(identity,double_divide(X1,double_divide(X0,double_divide(X3,double_divide(double_divide(double_divide(identity,X2),double_divide(double_divide(X0,identity),double_divide(X2,identity))),X1))))),double_divide(X4,X3))),identity) = X4 [forward demodulation 1276,35]
1313. double_divide(double_divide(identity,double_divide(double_divide(identity,double_divide(X1,double_divide(double_divide(identity,X2),double_divide(double_divide(double_divide(identity,X3),double_divide(double_divide(X0,identity),double_divide(X3,X4))),double_divide(X2,X1))))),X0)),identity) = X4 [forward demodulation 1267,35]
1326. double_divide(identity,double_divide(double_divide(identity,double_divide(X0,double_divide(identity,X0))),X1)) = X1 [forward demodulation 1248,1199]
1346. double_divide(X0,double_divide(double_divide(identity,X1),double_divide(identity,double_divide(X1,X0)))) = double_divide(double_divide(identity,X2),X2) [forward demodulation 1226,1199]
1347. double_divide(identity,double_divide(identity,double_divide(double_divide(identity,X0),identity))) = double_divide(double_divide(X0,identity),identity) [forward demodulation 1225,188]
1364. double_divide(X0,identity) = double_divide(identity,double_divide(identity,double_divide(double_divide(identity,double_divide(identity,double_divide(identity,double_divide(X0,identity)))),identity))) [forward demodulation 1300,88]
1366. double_divide(double_divide(identity,double_divide(double_divide(identity,identity),X3)),double_divide(identity,identity)) = double_divide(X1,double_divide(X0,double_divide(X3,double_divide(double_divide(identity,double_divide(double_divide(X0,identity),identity)),X1)))) [forward demodulation 1303,97]
1368. double_divide(identity,double_divide(double_divide(double_divide(identity,double_divide(X1,double_divide(X0,double_divide(X3,double_divide(double_divide(double_divide(identity,X2),double_divide(double_divide(X0,identity),double_divide(X2,identity))),X1))))),double_divide(X4,X3)),identity)) = X4 [forward demodulation 1305,88]
1374. double_divide(identity,double_divide(double_divide(double_divide(identity,double_divide(X1,double_divide(double_divide(identity,X2),double_divide(double_divide(double_divide(identity,X3),double_divide(double_divide(X0,identity),double_divide(X3,X4))),double_divide(X2,X1))))),X0),identity)) = X4 [forward demodulation 1313,88]
1382. double_divide(identity,double_divide(double_divide(identity,identity),X1)) = X1 [forward demodulation 1326,891]
1396. double_divide(identity,double_divide(identity,double_divide(identity,identity))) = double_divide(double_divide(identity,X2),X2) [forward demodulation 1346,188]
1397. double_divide(identity,double_divide(identity,double_divide(double_divide(identity,X0),identity))) = X0 [forward demodulation 1347,1199]
1410. double_divide(X0,identity) = double_divide(double_divide(identity,double_divide(identity,double_divide(identity,double_divide(X0,identity)))),identity) [forward demodulation 1364,1214]
1411. double_divide(double_divide(identity,double_divide(double_divide(identity,identity),X3)),double_divide(identity,identity)) = double_divide(X1,double_divide(X0,double_divide(X3,double_divide(double_divide(identity,X0),X1)))) [forward demodulation 1366,1199]
1413. double_divide(identity,double_divide(double_divide(double_divide(identity,double_divide(X1,double_divide(X0,double_divide(X3,double_divide(double_divide(identity,double_divide(identity,double_divide(identity,double_divide(identity,double_divide(X0,identity))))),X1))))),double_divide(X4,X3)),identity)) = X4 [forward demodulation 1368,207]
1418. double_divide(identity,double_divide(double_divide(double_divide(identity,double_divide(identity,double_divide(identity,double_divide(double_divide(double_divide(identity,X3),double_divide(double_divide(X0,identity),double_divide(X3,X4))),identity)))),X0),identity)) = X4 [forward demodulation 1374,188]
1422. double_divide(identity,double_divide(identity,X1)) = X1 [forward demodulation 1382,35]
1431. double_divide(identity,identity) = double_divide(double_divide(identity,X2),X2) [forward demodulation 1396,1214]
1432. double_divide(double_divide(identity,X0),identity) = X0 [forward demodulation 1397,1214]
1440. double_divide(X0,identity) = double_divide(identity,double_divide(double_divide(identity,double_divide(identity,double_divide(X0,identity))),identity)) [forward demodulation 1410,88]
1441. double_divide(identity,double_divide(double_divide(identity,X3),identity)) = double_divide(X1,double_divide(X0,double_divide(X3,double_divide(double_divide(identity,X0),X1)))) [forward demodulation 1411,32]
1442. double_divide(identity,double_divide(double_divide(double_divide(identity,double_divide(X1,double_divide(X0,double_divide(X3,double_divide(double_divide(identity,double_divide(double_divide(X0,identity),identity)),X1))))),double_divide(X4,X3)),identity)) = X4 [forward demodulation 1413,97]
1445. double_divide(identity,double_divide(double_divide(double_divide(double_divide(double_divide(double_divide(identity,X3),double_divide(double_divide(X0,identity),double_divide(X3,X4))),identity),identity),X0),identity)) = X4 [forward demodulation 1418,97]
1452. identity = double_divide(double_divide(identity,X2),X2) [forward demodulation 1431,35]
1456. double_divide(X0,identity) = double_divide(identity,X0) [forward demodulation 1440,41]
1457. double_divide(identity,double_divide(identity,double_divide(X3,identity))) = double_divide(X1,double_divide(X0,double_divide(X3,double_divide(double_divide(identity,X0),X1)))) [forward demodulation 1441,88]
1458. double_divide(identity,double_divide(double_divide(double_divide(identity,double_divide(X1,double_divide(X0,double_divide(X3,double_divide(double_divide(identity,X0),X1))))),double_divide(X4,X3)),identity)) = X4 [forward demodulation 1442,1199]
1460. double_divide(identity,double_divide(double_divide(double_divide(double_divide(identity,X3),double_divide(double_divide(X0,identity),double_divide(X3,X4))),X0),identity)) = X4 [forward demodulation 1445,1199]
1464. double_divide(X3,identity) = double_divide(X1,double_divide(X0,double_divide(X3,double_divide(double_divide(identity,X0),X1)))) [forward demodulation 1457,1214]
1465. double_divide(identity,double_divide(identity,double_divide(double_divide(identity,double_divide(X1,double_divide(X0,double_divide(X3,double_divide(double_divide(identity,X0),X1))))),double_divide(X4,X3)))) = X4 [forward demodulation 1458,1456]
1467. double_divide(identity,double_divide(identity,double_divide(double_divide(double_divide(identity,X3),double_divide(double_divide(X0,identity),double_divide(X3,X4))),X0))) = X4 [forward demodulation 1460,1456]
1469. double_divide(double_divide(identity,double_divide(X1,double_divide(X0,double_divide(X3,double_divide(double_divide(identity,X0),X1))))),double_divide(X4,X3)) = X4 [forward demodulation 1465,1422]
1471. double_divide(double_divide(double_divide(identity,X3),double_divide(double_divide(X0,identity),double_divide(X3,X4))),X0) = X4 [forward demodulation 1467,1422]
1473. double_divide(double_divide(identity,double_divide(X3,identity)),double_divide(X4,X3)) = X4 [forward demodulation 1469,1464]
1509. double_divide(double_divide(identity,double_divide(double_divide(identity,double_divide(identity,X0)),double_divide(X1,X0))),double_divide(identity,identity)) = X1 [superposition 1,1432]
1510. double_divide(double_divide(identity,double_divide(double_divide(identity,double_divide(identity,X0)),double_divide(X1,X0))),identity) = X1 [forward demodulation 1509,35]
1529. double_divide(identity,double_divide(identity,double_divide(double_divide(identity,double_divide(identity,X0)),double_divide(X1,X0)))) = X1 [forward demodulation 1510,1456]
1543. double_divide(double_divide(identity,double_divide(identity,X0)),double_divide(X1,X0)) = X1 [forward demodulation 1529,1422]
1550. double_divide(X0,double_divide(X1,X0)) = X1 [forward demodulation 1543,1422]
1565. double_divide(double_divide(identity,X2),double_divide(double_divide(X0,identity),double_divide(X2,identity))) = double_divide(double_divide(double_divide(X1,X0),double_divide(double_divide(X1,identity),identity)),identity) [superposition 228,143]
1599. double_divide(X1,double_divide(double_divide(identity,X2),double_divide(X0,double_divide(X2,X1)))) = double_divide(double_divide(X3,double_divide(identity,X0)),double_divide(double_divide(X3,identity),identity)) [superposition 143,228]
1612. double_divide(X1,double_divide(double_divide(identity,X2),double_divide(X0,double_divide(X2,X1)))) = double_divide(double_divide(X3,double_divide(identity,X0)),double_divide(identity,double_divide(X3,identity))) [forward demodulation 1599,1456]
1644. double_divide(double_divide(identity,X2),double_divide(double_divide(X0,identity),double_divide(X2,identity))) = double_divide(identity,double_divide(double_divide(X1,X0),double_divide(double_divide(X1,identity),identity))) [forward demodulation 1565,1456]
1654. double_divide(X1,double_divide(double_divide(identity,X2),double_divide(X0,double_divide(X2,X1)))) = double_divide(double_divide(X3,double_divide(identity,X0)),X3) [forward demodulation 1612,1550]
1683. double_divide(double_divide(identity,X2),double_divide(double_divide(X0,identity),double_divide(X2,identity))) = double_divide(identity,double_divide(double_divide(X1,X0),double_divide(identity,double_divide(X1,identity)))) [forward demodulation 1644,1456]
1690. double_divide(identity,double_divide(identity,double_divide(X0,identity))) = double_divide(double_divide(X3,double_divide(identity,X0)),X3) [forward demodulation 1654,188]
1712. double_divide(double_divide(identity,X2),double_divide(double_divide(X0,identity),double_divide(X2,identity))) = double_divide(identity,double_divide(double_divide(X1,X0),X1)) [forward demodulation 1683,1550]
1719. double_divide(X0,identity) = double_divide(double_divide(X3,double_divide(identity,X0)),X3) [forward demodulation 1690,1214]
1736. double_divide(identity,double_divide(identity,double_divide(identity,double_divide(identity,double_divide(X0,identity))))) = double_divide(identity,double_divide(double_divide(X1,X0),X1)) [forward demodulation 1712,207]
1755. double_divide(identity,double_divide(identity,double_divide(X0,identity))) = double_divide(identity,double_divide(double_divide(X1,X0),X1)) [forward demodulation 1736,1422]
1767. double_divide(X0,identity) = double_divide(identity,double_divide(double_divide(X1,X0),X1)) [forward demodulation 1755,1214]
1807. double_divide(X0,double_divide(double_divide(identity,X1),identity)) = double_divide(double_divide(identity,double_divide(double_divide(identity,identity),double_divide(identity,double_divide(X1,X0)))),double_divide(identity,identity)) [superposition 30,1452]
1808. double_divide(identity,double_divide(X1,X0)) = double_divide(double_divide(X0,double_divide(double_divide(identity,X1),identity)),double_divide(identity,identity)) [superposition 1,1452]
1811. double_divide(X0,double_divide(double_divide(identity,double_divide(identity,X0)),double_divide(double_divide(X1,identity),identity))) = X1 [superposition 143,1452]
1822. double_divide(X0,double_divide(double_divide(identity,double_divide(identity,X0)),double_divide(identity,double_divide(X1,identity)))) = X1 [forward demodulation 1811,1456]
1825. double_divide(identity,double_divide(X1,X0)) = double_divide(double_divide(X0,double_divide(double_divide(identity,X1),identity)),identity) [forward demodulation 1808,35]
1826. double_divide(X0,double_divide(double_divide(identity,X1),identity)) = double_divide(identity,double_divide(double_divide(identity,double_divide(identity,double_divide(X1,X0))),identity)) [forward demodulation 1807,32]
1844. double_divide(X0,double_divide(double_divide(identity,double_divide(identity,X0)),X1)) = X1 [forward demodulation 1822,1550]
1847. double_divide(identity,double_divide(X1,X0)) = double_divide(identity,double_divide(X0,double_divide(double_divide(identity,X1),identity))) [forward demodulation 1825,1456]
1848. double_divide(X0,double_divide(double_divide(identity,X1),identity)) = double_divide(identity,double_divide(identity,double_divide(X1,X0))) [forward demodulation 1826,1550]
1863. double_divide(X0,double_divide(X0,X1)) = X1 [forward demodulation 1844,1422]
1865. double_divide(identity,double_divide(X1,X0)) = double_divide(identity,double_divide(X0,double_divide(identity,double_divide(identity,X1)))) [forward demodulation 1847,1456]
1866. double_divide(X1,X0) = double_divide(X0,double_divide(double_divide(identity,X1),identity)) [forward demodulation 1848,1422]
1877. double_divide(identity,double_divide(X1,X0)) = double_divide(identity,double_divide(X0,X1)) [forward demodulation 1865,1863]
1878. double_divide(X1,X0) = double_divide(X0,double_divide(identity,double_divide(identity,X1))) [forward demodulation 1866,1456]
1885. double_divide(X1,X0) = double_divide(X0,X1) [forward demodulation 1878,1863]
1890. double_divide(double_divide(identity,double_divide(identity,X2)),identity) = double_divide(double_divide(double_divide(identity,X1),double_divide(double_divide(X0,identity),double_divide(X1,identity))),double_divide(identity,double_divide(X2,X0))) [superposition 49,143]
1908. double_divide(X0,double_divide(identity,X1)) = double_divide(double_divide(double_divide(double_divide(identity,double_divide(identity,X0)),identity),double_divide(double_divide(X1,identity),identity)),identity) [superposition 228,49]
1976. double_divide(X0,double_divide(identity,X1)) = double_divide(identity,double_divide(double_divide(double_divide(identity,double_divide(identity,X0)),identity),double_divide(double_divide(X1,identity),identity))) [forward demodulation 1908,1456]
1994. double_divide(double_divide(identity,double_divide(identity,X2)),identity) = double_divide(double_divide(identity,double_divide(identity,double_divide(identity,double_divide(identity,double_divide(X0,identity))))),double_divide(identity,double_divide(X2,X0))) [forward demodulation 1890,207]
2030. double_divide(X0,double_divide(identity,X1)) = double_divide(identity,double_divide(double_divide(double_divide(identity,double_divide(identity,X0)),identity),double_divide(identity,double_divide(X1,identity)))) [forward demodulation 1976,1456]
2047. double_divide(double_divide(identity,double_divide(identity,X2)),identity) = double_divide(double_divide(identity,double_divide(identity,double_divide(X0,identity))),double_divide(identity,double_divide(X2,X0))) [forward demodulation 1994,1863]
2080. double_divide(X0,double_divide(identity,X1)) = double_divide(identity,double_divide(double_divide(double_divide(identity,double_divide(identity,X0)),identity),X1)) [forward demodulation 2030,1550]
2097. double_divide(double_divide(identity,double_divide(identity,X2)),identity) = double_divide(double_divide(X0,identity),double_divide(identity,double_divide(X2,X0))) [forward demodulation 2047,1863]
2128. double_divide(X0,double_divide(identity,X1)) = double_divide(identity,double_divide(double_divide(identity,double_divide(identity,double_divide(identity,X0))),X1)) [forward demodulation 2080,1456]
2138. double_divide(identity,double_divide(identity,double_divide(identity,X2))) = double_divide(double_divide(X0,identity),double_divide(identity,double_divide(X2,X0))) [forward demodulation 2097,1456]
2162. double_divide(X0,double_divide(identity,X1)) = double_divide(identity,double_divide(double_divide(identity,X0),X1)) [forward demodulation 2128,1863]
2166. double_divide(identity,X2) = double_divide(double_divide(X0,identity),double_divide(identity,double_divide(X2,X0))) [forward demodulation 2138,1863]
2251. double_divide(double_divide(a4,b4),identity) != double_divide(identity,double_divide(b4,a4)) <- (~1) [superposition 12,1456]
2300. double_divide(double_divide(a4,b4),identity) != double_divide(identity,double_divide(a4,b4)) <- (~1) [forward demodulation 2251,1877]
2348. $false <- (~1) [forward subsumption resolution 2300,1456]
2349. 1 [avatar contradiction clause 2348]
2415. double_divide(double_divide(c3,double_divide(double_divide(b3,a3),identity)),identity) != double_divide(identity,double_divide(double_divide(double_divide(c3,b3),identity),a3)) <- (~2) [forward demodulation 16,1456]
2417. double_divide(double_divide(c3,double_divide(double_divide(b3,a3),identity)),identity) != double_divide(identity,double_divide(a3,double_divide(double_divide(c3,b3),identity))) <- (~2) [forward demodulation 2415,1877]
2418. double_divide(double_divide(c3,double_divide(double_divide(b3,a3),identity)),identity) != double_divide(identity,double_divide(a3,double_divide(identity,double_divide(c3,b3)))) <- (~2) [forward demodulation 2417,1456]
2419. double_divide(double_divide(c3,double_divide(double_divide(b3,a3),identity)),identity) != double_divide(identity,double_divide(a3,double_divide(identity,double_divide(b3,c3)))) <- (~2) [forward demodulation 2418,1877]
2420. double_divide(identity,double_divide(a3,double_divide(identity,double_divide(b3,c3)))) != double_divide(identity,double_divide(c3,double_divide(double_divide(b3,a3),identity))) <- (~2) [forward demodulation 2419,1456]
2421. double_divide(identity,double_divide(a3,double_divide(identity,double_divide(b3,c3)))) != double_divide(identity,double_divide(c3,double_divide(identity,double_divide(b3,a3)))) <- (~2) [forward demodulation 2420,1456]
2422. double_divide(identity,double_divide(a3,double_divide(identity,double_divide(b3,c3)))) != double_divide(identity,double_divide(c3,double_divide(identity,double_divide(a3,b3)))) <- (~2) [forward demodulation 2421,1877]
3071. double_divide(X0,double_divide(identity,X1)) = double_divide(double_divide(double_divide(identity,double_divide(identity,double_divide(X0,identity))),double_divide(double_divide(X1,identity),identity)),identity) [superposition 228,225]
3145. double_divide(X0,double_divide(identity,X1)) = double_divide(identity,double_divide(double_divide(identity,double_divide(identity,double_divide(X0,identity))),double_divide(double_divide(X1,identity),identity))) [forward demodulation 3071,1456]
3206. double_divide(X0,double_divide(identity,X1)) = double_divide(double_divide(identity,double_divide(X0,identity)),double_divide(identity,double_divide(double_divide(X1,identity),identity))) [forward demodulation 3145,2162]
3260. double_divide(X0,double_divide(identity,X1)) = double_divide(double_divide(identity,double_divide(X0,identity)),double_divide(X1,identity)) [forward demodulation 3206,1550]
3303. double_divide(X0,double_divide(identity,X1)) = double_divide(X0,double_divide(X1,identity)) [forward demodulation 3260,1550]
3771. double_divide(double_divide(identity,X2),double_divide(X0,double_divide(X2,X1))) = double_divide(X1,double_divide(double_divide(identity,double_divide(double_divide(identity,identity),X0)),double_divide(identity,identity))) [superposition 1863,30]
3772. double_divide(X0,identity) = double_divide(double_divide(identity,X1),double_divide(identity,double_divide(X1,X0))) [superposition 1863,136]
3774. double_divide(identity,double_divide(X0,double_divide(identity,X1))) = double_divide(X1,double_divide(identity,double_divide(identity,double_divide(X0,identity)))) [superposition 1863,225]
3842. double_divide(identity,X0) = double_divide(double_divide(double_divide(X1,X0),double_divide(double_divide(X1,identity),identity)),identity) [superposition 228,1863]
3871. double_divide(identity,X0) = double_divide(identity,double_divide(double_divide(X1,X0),double_divide(double_divide(X1,identity),identity))) [forward demodulation 3842,1456]
3917. double_divide(identity,double_divide(X0,double_divide(identity,X1))) = double_divide(X1,double_divide(X0,identity)) [forward demodulation 3774,1863]
3918. double_divide(double_divide(identity,X2),double_divide(X0,double_divide(X2,X1))) = double_divide(X1,double_divide(double_divide(identity,identity),double_divide(identity,double_divide(double_divide(identity,identity),X0)))) [forward demodulation 3771,1885]
3936. double_divide(identity,X0) = double_divide(identity,double_divide(double_divide(X1,X0),double_divide(identity,double_divide(X1,identity)))) [forward demodulation 3871,3303]
3969. double_divide(double_divide(identity,X2),double_divide(X0,double_divide(X2,X1))) = double_divide(X1,double_divide(double_divide(identity,identity),double_divide(identity,double_divide(identity,X0)))) [forward demodulation 3918,2162]
3983. double_divide(identity,X0) = double_divide(double_divide(X1,identity),double_divide(double_divide(X1,X0),identity)) [forward demodulation 3936,3917]
4009. double_divide(double_divide(identity,X2),double_divide(X0,double_divide(X2,X1))) = double_divide(X1,double_divide(X0,identity)) [forward demodulation 3969,3772]
4018. double_divide(identity,X0) = double_divide(double_divide(X1,identity),double_divide(identity,double_divide(X1,X0))) [forward demodulation 3983,3303]
4101. double_divide(double_divide(X0,identity),double_divide(double_divide(identity,double_divide(identity,X1)),double_divide(identity,double_divide(double_divide(identity,X0),identity)))) = X1 [superposition 143,75]
4134. double_divide(double_divide(X0,identity),double_divide(double_divide(identity,double_divide(identity,X1)),double_divide(identity,X0))) = X1 [forward demodulation 4101,1550]
4199. double_divide(double_divide(X0,identity),double_divide(X1,double_divide(identity,X0))) = X1 [forward demodulation 4134,1863]
5814. double_divide(identity,double_divide(identity,double_divide(identity,double_divide(identity,X1)))) = double_divide(double_divide(identity,X0),double_divide(double_divide(X0,identity),X1)) [superposition 207,1885]
5851. double_divide(X0,double_divide(X1,identity)) = double_divide(double_divide(identity,X1),double_divide(identity,double_divide(identity,double_divide(identity,double_divide(identity,X0))))) [superposition 1863,207]
5852. double_divide(X0,double_divide(X1,identity)) = double_divide(double_divide(identity,X1),double_divide(identity,double_divide(identity,X0))) [forward demodulation 5851,1863]
5885. double_divide(identity,double_divide(identity,X1)) = double_divide(double_divide(identity,X0),double_divide(double_divide(X0,identity),X1)) [forward demodulation 5814,1863]
5933. double_divide(double_divide(identity,X1),X0) = double_divide(X0,double_divide(X1,identity)) [forward demodulation 5852,1863]
5961. double_divide(double_divide(identity,X0),double_divide(double_divide(X0,identity),X1)) = X1 [forward demodulation 5885,1863]
6392. double_divide(X0,double_divide(identity,X1)) = double_divide(double_divide(identity,double_divide(identity,double_divide(X1,identity))),double_divide(double_divide(X0,identity),identity)) [superposition 1550,251]
6399. double_divide(X0,double_divide(identity,X1)) = double_divide(double_divide(identity,double_divide(identity,double_divide(X1,identity))),double_divide(identity,double_divide(X0,identity))) [forward demodulation 6392,3303]
6476. double_divide(X0,double_divide(identity,X1)) = double_divide(double_divide(identity,double_divide(identity,double_divide(X1,identity))),X0) [forward demodulation 6399,1550]
6550. double_divide(X0,double_divide(identity,X1)) = double_divide(double_divide(X1,identity),X0) [forward demodulation 6476,1863]
6798. double_divide(double_divide(X0,double_divide(double_divide(identity,X1),identity)),double_divide(identity,identity)) = double_divide(identity,double_divide(double_divide(double_divide(X1,X0),identity),identity)) [superposition 1,695]
6834. double_divide(double_divide(X1,X0),identity) = double_divide(double_divide(X0,double_divide(double_divide(identity,X1),identity)),double_divide(identity,identity)) [forward demodulation 6798,1550]
6881. double_divide(double_divide(X1,X0),identity) = double_divide(double_divide(identity,identity),double_divide(X0,double_divide(double_divide(identity,X1),identity))) [forward demodulation 6834,6550]
6918. double_divide(double_divide(X1,X0),identity) = double_divide(double_divide(identity,identity),double_divide(X0,double_divide(identity,double_divide(identity,X1)))) [forward demodulation 6881,3303]
6951. double_divide(double_divide(X1,X0),identity) = double_divide(double_divide(identity,X1),double_divide(X0,identity)) [forward demodulation 6918,4009]
6978. double_divide(double_divide(identity,X1),double_divide(X0,identity)) = double_divide(identity,double_divide(X1,X0)) [forward demodulation 6951,1456]
12237. double_divide(double_divide(double_divide(identity,double_divide(identity,X0)),identity),X1) = double_divide(double_divide(X0,double_divide(identity,X1)),identity) [superposition 1719,49]
12297. double_divide(X1,double_divide(double_divide(identity,X2),double_divide(X0,identity))) = double_divide(double_divide(identity,double_divide(double_divide(identity,identity),double_divide(double_divide(X2,X1),double_divide(identity,X0)))),double_divide(identity,identity)) [superposition 30,1719]
12319. double_divide(X1,double_divide(identity,X0)) = double_divide(double_divide(identity,double_divide(X1,identity)),double_divide(X0,identity)) [superposition 1473,1719]
12327. double_divide(X1,double_divide(identity,X0)) = double_divide(identity,double_divide(double_divide(X1,identity),X0)) [forward demodulation 12319,6978]
12349. double_divide(X1,double_divide(double_divide(identity,X2),double_divide(X0,identity))) = double_divide(double_divide(identity,identity),double_divide(identity,double_divide(double_divide(identity,identity),double_divide(double_divide(X2,X1),double_divide(identity,X0))))) [forward demodulation 12297,6550]
12391. double_divide(identity,double_divide(X0,double_divide(identity,X1))) = double_divide(double_divide(double_divide(identity,double_divide(identity,X0)),identity),X1) [forward demodulation 12237,1456]
12436. double_divide(X1,double_divide(double_divide(identity,X2),double_divide(X0,identity))) = double_divide(double_divide(identity,identity),double_divide(identity,double_divide(identity,double_divide(double_divide(X2,X1),double_divide(identity,X0))))) [forward demodulation 12349,2162]
12465. double_divide(identity,double_divide(X0,double_divide(identity,X1))) = double_divide(double_divide(identity,double_divide(identity,double_divide(identity,X0))),X1) [forward demodulation 12391,1456]
12504. double_divide(X1,double_divide(double_divide(identity,X2),double_divide(X0,identity))) = double_divide(identity,double_divide(double_divide(X2,X1),double_divide(identity,X0))) [forward demodulation 12436,4018]
12521. double_divide(identity,double_divide(X0,double_divide(identity,X1))) = double_divide(double_divide(identity,X0),X1) [forward demodulation 12465,1863]
12545. double_divide(X1,double_divide(double_divide(identity,X2),double_divide(X0,identity))) = double_divide(X0,double_divide(double_divide(X2,X1),identity)) [forward demodulation 12504,3917]
12569. double_divide(X1,double_divide(double_divide(identity,X2),double_divide(X0,identity))) = double_divide(X0,double_divide(identity,double_divide(X2,X1))) [forward demodulation 12545,3303]
12584. double_divide(X1,double_divide(identity,double_divide(X2,X0))) = double_divide(X0,double_divide(identity,double_divide(X2,X1))) [forward demodulation 12569,6978]
12818. double_divide(X1,double_divide(double_divide(identity,X2),double_divide(X3,double_divide(X2,X1)))) = double_divide(double_divide(X0,double_divide(X4,X3)),double_divide(double_divide(identity,double_divide(identity,X4)),double_divide(double_divide(identity,double_divide(double_divide(identity,identity),X0)),double_divide(identity,identity)))) [superposition 122,30]
13164. double_divide(X1,double_divide(double_divide(identity,X2),double_divide(X3,double_divide(X2,X1)))) = double_divide(double_divide(X0,double_divide(X4,X3)),double_divide(double_divide(identity,double_divide(identity,X4)),double_divide(double_divide(identity,identity),double_divide(identity,double_divide(double_divide(identity,identity),X0))))) [forward demodulation 12818,6550]
13516. double_divide(X1,double_divide(double_divide(identity,X2),double_divide(X3,double_divide(X2,X1)))) = double_divide(double_divide(X0,double_divide(X4,X3)),double_divide(double_divide(identity,double_divide(identity,X4)),double_divide(double_divide(identity,identity),double_divide(identity,double_divide(identity,X0))))) [forward demodulation 13164,2162]
13805. double_divide(X1,double_divide(double_divide(identity,X2),double_divide(X3,double_divide(X2,X1)))) = double_divide(double_divide(X0,double_divide(X4,X3)),double_divide(double_divide(identity,double_divide(identity,X4)),double_divide(identity,X0))) [forward demodulation 13516,4018]
14053. double_divide(X1,double_divide(double_divide(identity,X2),double_divide(X3,double_divide(X2,X1)))) = double_divide(double_divide(X0,double_divide(X4,X3)),double_divide(X4,double_divide(identity,X0))) [forward demodulation 13805,1863]
14269. double_divide(identity,double_divide(identity,double_divide(X3,identity))) = double_divide(double_divide(X0,double_divide(X4,X3)),double_divide(X4,double_divide(identity,X0))) [forward demodulation 14053,188]
14440. double_divide(X3,identity) = double_divide(double_divide(X0,double_divide(X4,X3)),double_divide(X4,double_divide(identity,X0))) [forward demodulation 14269,1863]
14800. double_divide(identity,double_divide(X0,X2)) = double_divide(double_divide(double_divide(identity,X1),double_divide(double_divide(X0,identity),double_divide(X1,X2))),identity) [superposition 1767,143]
14833. double_divide(double_divide(double_divide(identity,identity),X1),X0) = double_divide(double_divide(X1,double_divide(X0,identity)),double_divide(identity,identity)) [superposition 26,1767]
14968. double_divide(double_divide(identity,identity),double_divide(X1,double_divide(X0,identity))) = double_divide(double_divide(double_divide(identity,identity),X1),X0) [forward demodulation 14833,6550]
14992. double_divide(identity,double_divide(X0,X2)) = double_divide(identity,double_divide(double_divide(identity,X1),double_divide(double_divide(X0,identity),double_divide(X1,X2)))) [forward demodulation 14800,1456]
15091. double_divide(double_divide(identity,X1),X0) = double_divide(identity,double_divide(X1,double_divide(X0,identity))) [forward demodulation 14968,35]
15111. double_divide(identity,double_divide(X0,X2)) = double_divide(X1,double_divide(identity,double_divide(double_divide(X0,identity),double_divide(X1,X2)))) [forward demodulation 14992,2162]
15204. double_divide(identity,double_divide(X0,X2)) = double_divide(X1,double_divide(X0,double_divide(identity,double_divide(X1,X2)))) [forward demodulation 15111,12327]
15428. double_divide(X2,X0) = double_divide(double_divide(double_divide(X1,X0),double_divide(double_divide(identity,double_divide(identity,X2)),double_divide(identity,double_divide(identity,double_divide(X1,identity))))),identity) [superposition 212,1863]
15441. double_divide(double_divide(identity,X3),double_divide(X0,double_divide(X3,X2))) = double_divide(double_divide(double_divide(X1,double_divide(double_divide(identity,double_divide(double_divide(identity,identity),X0)),double_divide(identity,identity))),double_divide(double_divide(identity,double_divide(identity,X2)),double_divide(identity,double_divide(identity,double_divide(X1,identity))))),identity) [superposition 212,30]
15470. double_divide(identity,double_divide(X1,X0)) = double_divide(double_divide(identity,double_divide(double_divide(identity,double_divide(identity,double_divide(identity,X1))),double_divide(identity,double_divide(identity,double_divide(X0,identity))))),identity) [superposition 212,136]
15736. double_divide(identity,double_divide(X1,X0)) = double_divide(identity,double_divide(identity,double_divide(double_divide(identity,double_divide(identity,double_divide(identity,X1))),double_divide(identity,double_divide(identity,double_divide(X0,identity)))))) [forward demodulation 15470,1456]
15765. double_divide(double_divide(identity,X3),double_divide(X0,double_divide(X3,X2))) = double_divide(identity,double_divide(double_divide(X1,double_divide(double_divide(identity,double_divide(double_divide(identity,identity),X0)),double_divide(identity,identity))),double_divide(double_divide(identity,double_divide(identity,X2)),double_divide(identity,double_divide(identity,double_divide(X1,identity)))))) [forward demodulation 15441,1456]
15778. double_divide(X2,X0) = double_divide(identity,double_divide(double_divide(X1,X0),double_divide(double_divide(identity,double_divide(identity,X2)),double_divide(identity,double_divide(identity,double_divide(X1,identity)))))) [forward demodulation 15428,1456]
15931. double_divide(identity,double_divide(X1,X0)) = double_divide(double_divide(identity,double_divide(identity,double_divide(identity,X1))),double_divide(identity,double_divide(identity,double_divide(X0,identity)))) [forward demodulation 15736,1863]
15960. double_divide(double_divide(identity,X3),double_divide(X0,double_divide(X3,X2))) = double_divide(identity,double_divide(double_divide(X1,double_divide(double_divide(identity,double_divide(double_divide(identity,identity),X0)),double_divide(identity,identity))),double_divide(double_divide(identity,double_divide(identity,X2)),double_divide(X1,identity)))) [forward demodulation 15765,1863]
15973. double_divide(X2,X0) = double_divide(identity,double_divide(double_divide(X1,X0),double_divide(double_divide(identity,double_divide(identity,X2)),double_divide(X1,identity)))) [forward demodulation 15778,1863]
16115. double_divide(identity,double_divide(X1,X0)) = double_divide(double_divide(identity,double_divide(identity,double_divide(identity,X1))),double_divide(X0,identity)) [forward demodulation 15931,1863]
16143. double_divide(double_divide(identity,X3),double_divide(X0,double_divide(X3,X2))) = double_divide(identity,double_divide(double_divide(X1,double_divide(double_divide(identity,double_divide(double_divide(identity,identity),X0)),double_divide(identity,identity))),double_divide(identity,double_divide(double_divide(identity,X2),X1)))) [forward demodulation 15960,6978]
16156. double_divide(X2,X0) = double_divide(identity,double_divide(double_divide(X1,X0),double_divide(identity,double_divide(double_divide(identity,X2),X1)))) [forward demodulation 15973,6978]
16285. double_divide(identity,double_divide(X1,X0)) = double_divide(identity,double_divide(double_divide(identity,double_divide(identity,X1)),X0)) [forward demodulation 16115,6978]
16312. double_divide(double_divide(identity,X3),double_divide(X0,double_divide(X3,X2))) = double_divide(double_divide(double_divide(identity,X2),X1),double_divide(double_divide(X1,double_divide(double_divide(identity,double_divide(double_divide(identity,identity),X0)),double_divide(identity,identity))),identity)) [forward demodulation 16143,3917]
16324. double_divide(X2,X0) = double_divide(double_divide(double_divide(identity,X2),X1),double_divide(double_divide(X1,X0),identity)) [forward demodulation 16156,3917]
16440. double_divide(double_divide(identity,X1),double_divide(identity,X0)) = double_divide(identity,double_divide(X1,X0)) [forward demodulation 16285,2162]
16464. double_divide(double_divide(identity,X3),double_divide(X0,double_divide(X3,X2))) = double_divide(double_divide(double_divide(identity,X2),X1),double_divide(identity,double_divide(X1,double_divide(double_divide(identity,double_divide(double_divide(identity,identity),X0)),double_divide(identity,identity))))) [forward demodulation 16312,3303]
16476. double_divide(X2,X0) = double_divide(double_divide(double_divide(identity,X2),X1),double_divide(identity,double_divide(X1,X0))) [forward demodulation 16324,3303]
16589. double_divide(double_divide(identity,X3),double_divide(X0,double_divide(X3,X2))) = double_divide(double_divide(double_divide(identity,X2),X1),double_divide(identity,double_divide(X1,double_divide(double_divide(identity,identity),double_divide(identity,double_divide(double_divide(identity,identity),X0)))))) [forward demodulation 16464,6550]
16682. double_divide(double_divide(identity,X3),double_divide(X0,double_divide(X3,X2))) = double_divide(X2,double_divide(double_divide(identity,identity),double_divide(identity,double_divide(double_divide(identity,identity),X0)))) [forward demodulation 16589,16476]
16749. double_divide(double_divide(identity,X3),double_divide(X0,double_divide(X3,X2))) = double_divide(X2,double_divide(identity,double_divide(identity,double_divide(double_divide(identity,identity),X0)))) [forward demodulation 16682,16440]
16798. double_divide(double_divide(identity,X3),double_divide(X0,double_divide(X3,X2))) = double_divide(X2,double_divide(double_divide(identity,identity),X0)) [forward demodulation 16749,1863]
16833. double_divide(double_divide(identity,X3),double_divide(X0,double_divide(X3,X2))) = double_divide(X2,double_divide(identity,X0)) [forward demodulation 16798,35]
17915. double_divide(double_divide(identity,double_divide(identity,double_divide(X1,identity))),double_divide(identity,X0)) = double_divide(identity,double_divide(double_divide(double_divide(identity,double_divide(identity,double_divide(identity,X1))),double_divide(X0,identity)),identity)) [superposition 436,1719]
18079. double_divide(double_divide(identity,double_divide(identity,double_divide(X1,identity))),double_divide(identity,X0)) = double_divide(double_divide(identity,double_divide(identity,double_divide(identity,X1))),double_divide(X0,identity)) [forward demodulation 17915,1550]
18243. double_divide(double_divide(identity,double_divide(identity,double_divide(X1,identity))),double_divide(identity,X0)) = double_divide(identity,double_divide(double_divide(identity,double_divide(identity,X1)),X0)) [forward demodulation 18079,6978]
18389. double_divide(double_divide(identity,X1),double_divide(identity,X0)) = double_divide(double_divide(identity,double_divide(identity,double_divide(X1,identity))),double_divide(identity,X0)) [forward demodulation 18243,2162]
18518. double_divide(double_divide(identity,X1),double_divide(identity,X0)) = double_divide(identity,double_divide(double_divide(identity,double_divide(X1,identity)),X0)) [forward demodulation 18389,16440]
18625. double_divide(double_divide(identity,X1),double_divide(identity,X0)) = double_divide(double_divide(X1,identity),double_divide(identity,X0)) [forward demodulation 18518,2162]
18710. double_divide(identity,double_divide(X1,X0)) = double_divide(double_divide(X1,identity),double_divide(identity,X0)) [forward demodulation 18625,16440]
19071. double_divide(X0,double_divide(identity,X2)) = double_divide(double_divide(double_divide(X1,X0),double_divide(double_divide(identity,double_divide(identity,double_divide(X2,identity))),double_divide(identity,double_divide(identity,double_divide(X1,identity))))),identity) [superposition 212,4199]
19078. double_divide(X0,double_divide(identity,X2)) = double_divide(identity,double_divide(double_divide(X1,X0),double_divide(double_divide(identity,double_divide(identity,double_divide(X2,identity))),double_divide(identity,double_divide(identity,double_divide(X1,identity)))))) [forward demodulation 19071,1456]
19177. double_divide(X0,double_divide(identity,X2)) = double_divide(identity,double_divide(double_divide(X1,X0),double_divide(identity,double_divide(double_divide(identity,double_divide(X2,identity)),double_divide(identity,double_divide(X1,identity)))))) [forward demodulation 19078,16440]
19254. double_divide(X0,double_divide(identity,X2)) = double_divide(double_divide(double_divide(identity,double_divide(X2,identity)),double_divide(identity,double_divide(X1,identity))),double_divide(double_divide(X1,X0),identity)) [forward demodulation 19177,3917]
19309. double_divide(X0,double_divide(identity,X2)) = double_divide(double_divide(double_divide(identity,double_divide(X2,identity)),double_divide(identity,double_divide(X1,identity))),double_divide(identity,double_divide(X1,X0))) [forward demodulation 19254,3303]
19348. double_divide(X0,double_divide(identity,X2)) = double_divide(double_divide(identity,double_divide(identity,double_divide(X1,double_divide(identity,double_divide(X2,identity))))),double_divide(identity,double_divide(X1,X0))) [forward demodulation 19309,12584]
19377. double_divide(X0,double_divide(identity,X2)) = double_divide(identity,double_divide(double_divide(identity,double_divide(X1,double_divide(identity,double_divide(X2,identity)))),double_divide(X1,X0))) [forward demodulation 19348,16440]
19394. double_divide(X0,double_divide(identity,X2)) = double_divide(double_divide(X1,double_divide(identity,double_divide(X2,identity))),double_divide(identity,double_divide(X1,X0))) [forward demodulation 19377,2162]
19402. double_divide(X0,double_divide(identity,X2)) = double_divide(double_divide(X1,X2),double_divide(identity,double_divide(X1,X0))) [forward demodulation 19394,1550]
32165. double_divide(X1,double_divide(X2,X0)) = double_divide(double_divide(double_divide(identity,double_divide(identity,double_divide(X1,identity))),double_divide(double_divide(identity,double_divide(identity,double_divide(identity,X2))),double_divide(identity,double_divide(identity,double_divide(X0,identity))))),double_divide(identity,identity)) [superposition 1,231]
32176. double_divide(X4,double_divide(X3,X0)) = double_divide(double_divide(double_divide(identity,identity),double_divide(double_divide(identity,double_divide(X1,double_divide(double_divide(identity,X2),double_divide(double_divide(double_divide(identity,double_divide(identity,X3)),double_divide(identity,double_divide(identity,double_divide(X4,identity)))),double_divide(X2,X1))))),double_divide(identity,double_divide(identity,double_divide(X0,identity))))),double_divide(identity,identity)) [superposition 28,231]
32213. double_divide(X4,double_divide(X3,X0)) = double_divide(double_divide(identity,identity),double_divide(double_divide(identity,identity),double_divide(double_divide(identity,double_divide(X1,double_divide(double_divide(identity,X2),double_divide(double_divide(double_divide(identity,double_divide(identity,X3)),double_divide(identity,double_divide(identity,double_divide(X4,identity)))),double_divide(X2,X1))))),double_divide(identity,double_divide(identity,double_divide(X0,identity)))))) [forward demodulation 32176,6550]
32224. double_divide(X1,double_divide(X2,X0)) = double_divide(double_divide(identity,identity),double_divide(double_divide(identity,double_divide(identity,double_divide(X1,identity))),double_divide(double_divide(identity,double_divide(identity,double_divide(identity,X2))),double_divide(identity,double_divide(identity,double_divide(X0,identity)))))) [forward demodulation 32165,6550]
32463. double_divide(X4,double_divide(X3,X0)) = double_divide(double_divide(identity,double_divide(X1,double_divide(double_divide(identity,X2),double_divide(double_divide(double_divide(identity,double_divide(identity,X3)),double_divide(identity,double_divide(identity,double_divide(X4,identity)))),double_divide(X2,X1))))),double_divide(identity,double_divide(identity,double_divide(X0,identity)))) [forward demodulation 32213,1863]
32474. double_divide(X1,double_divide(X2,X0)) = double_divide(double_divide(identity,identity),double_divide(double_divide(identity,double_divide(identity,double_divide(X1,identity))),double_divide(double_divide(X0,identity),double_divide(identity,double_divide(identity,double_divide(identity,X2)))))) [forward demodulation 32224,19402]
32708. double_divide(X4,double_divide(X3,X0)) = double_divide(double_divide(X0,identity),double_divide(identity,double_divide(X1,double_divide(double_divide(identity,X2),double_divide(double_divide(double_divide(identity,double_divide(identity,X3)),double_divide(identity,double_divide(identity,double_divide(X4,identity)))),double_divide(X2,X1)))))) [forward demodulation 32463,19402]
32719. double_divide(X1,double_divide(X2,X0)) = double_divide(double_divide(identity,identity),double_divide(double_divide(identity,double_divide(identity,double_divide(X1,identity))),double_divide(identity,double_divide(X0,double_divide(identity,double_divide(identity,X2)))))) [forward demodulation 32474,18710]
32942. double_divide(X4,double_divide(X3,X0)) = double_divide(identity,double_divide(X0,double_divide(X1,double_divide(double_divide(identity,X2),double_divide(double_divide(double_divide(identity,double_divide(identity,X3)),double_divide(identity,double_divide(identity,double_divide(X4,identity)))),double_divide(X2,X1)))))) [forward demodulation 32708,18710]
32953. double_divide(X1,double_divide(X2,X0)) = double_divide(double_divide(X0,double_divide(identity,double_divide(identity,X2))),double_divide(double_divide(identity,double_divide(identity,double_divide(X1,identity))),identity)) [forward demodulation 32719,4009]
33161. double_divide(X4,double_divide(X3,X0)) = double_divide(identity,double_divide(X0,double_divide(identity,double_divide(identity,double_divide(double_divide(double_divide(identity,double_divide(identity,X3)),double_divide(identity,double_divide(identity,double_divide(X4,identity)))),identity))))) [forward demodulation 32942,188]
33172. double_divide(X1,double_divide(X2,X0)) = double_divide(double_divide(X0,double_divide(identity,double_divide(identity,X2))),double_divide(identity,double_divide(identity,double_divide(identity,double_divide(X1,identity))))) [forward demodulation 32953,3303]
33347. double_divide(X4,double_divide(X3,X0)) = double_divide(identity,double_divide(X0,double_divide(double_divide(double_divide(identity,double_divide(identity,X3)),double_divide(identity,double_divide(identity,double_divide(X4,identity)))),identity))) [forward demodulation 33161,15204]
33357. double_divide(X1,double_divide(X2,X0)) = double_divide(double_divide(X0,double_divide(identity,double_divide(identity,X2))),double_divide(identity,double_divide(X1,identity))) [forward demodulation 33172,1863]
33499. double_divide(X4,double_divide(X3,X0)) = double_divide(double_divide(identity,X0),double_divide(double_divide(identity,double_divide(identity,X3)),double_divide(identity,double_divide(identity,double_divide(X4,identity))))) [forward demodulation 33347,15091]
33509. double_divide(X1,double_divide(X2,X0)) = double_divide(identity,double_divide(identity,double_divide(X1,double_divide(X0,double_divide(identity,double_divide(identity,X2)))))) [forward demodulation 33357,12584]
33632. double_divide(X4,double_divide(X3,X0)) = double_divide(double_divide(identity,X0),double_divide(double_divide(X4,identity),double_divide(identity,double_divide(identity,X3)))) [forward demodulation 33499,19402]
33641. double_divide(X1,double_divide(X2,X0)) = double_divide(X1,double_divide(X0,double_divide(identity,double_divide(identity,X2)))) [forward demodulation 33509,1863]
33735. double_divide(X4,double_divide(X3,X0)) = double_divide(double_divide(identity,X0),double_divide(identity,double_divide(X4,double_divide(identity,X3)))) [forward demodulation 33632,18710]
33743. double_divide(X1,double_divide(X0,X2)) = double_divide(X1,double_divide(X2,X0)) [forward demodulation 33641,1863]
33811. double_divide(X4,double_divide(X3,X0)) = double_divide(identity,double_divide(X0,double_divide(X4,double_divide(identity,X3)))) [forward demodulation 33735,16440]
34026. double_divide(X3,double_divide(X0,double_divide(X1,X2))) = double_divide(X3,double_divide(double_divide(X2,X1),X0)) [superposition 33743,33743]
34027. double_divide(X2,double_divide(double_divide(X1,identity),X0)) = double_divide(X2,double_divide(X0,double_divide(identity,X1))) [superposition 33743,3303]
34317. double_divide(X0,double_divide(X1,X2)) = double_divide(double_divide(X2,X1),X0) [superposition 1885,33743]
39332. double_divide(double_divide(identity,X1),double_divide(X0,identity)) = double_divide(identity,double_divide(double_divide(double_divide(double_divide(double_divide(double_divide(identity,double_divide(X1,identity)),double_divide(X2,double_divide(identity,double_divide(double_divide(identity,X0),identity)))),identity),identity),double_divide(identity,double_divide(identity,double_divide(X2,identity)))),identity)) [superposition 515,75]
39828. double_divide(double_divide(identity,X1),double_divide(X0,identity)) = double_divide(identity,double_divide(identity,double_divide(double_divide(identity,double_divide(identity,double_divide(X2,identity))),double_divide(double_divide(double_divide(double_divide(identity,double_divide(X1,identity)),double_divide(X2,double_divide(identity,double_divide(double_divide(identity,X0),identity)))),identity),identity)))) [forward demodulation 39332,34026]
40176. double_divide(double_divide(identity,X1),double_divide(X0,identity)) = double_divide(double_divide(identity,double_divide(identity,double_divide(X2,identity))),double_divide(double_divide(double_divide(double_divide(identity,double_divide(X1,identity)),double_divide(X2,double_divide(identity,double_divide(double_divide(identity,X0),identity)))),identity),identity)) [forward demodulation 39828,1863]
40523. double_divide(double_divide(identity,X1),double_divide(X0,identity)) = double_divide(double_divide(identity,double_divide(identity,double_divide(X2,identity))),double_divide(identity,double_divide(identity,double_divide(double_divide(identity,double_divide(X1,identity)),double_divide(X2,double_divide(identity,double_divide(double_divide(identity,X0),identity))))))) [forward demodulation 40176,34027]
40868. double_divide(double_divide(identity,X1),double_divide(X0,identity)) = double_divide(double_divide(double_divide(identity,double_divide(X1,identity)),double_divide(X2,double_divide(identity,double_divide(double_divide(identity,X0),identity)))),double_divide(identity,double_divide(identity,double_divide(X2,identity)))) [forward demodulation 40523,19402]
41207. double_divide(double_divide(identity,X1),double_divide(X0,identity)) = double_divide(double_divide(X2,identity),double_divide(identity,double_divide(identity,double_divide(double_divide(identity,double_divide(X1,identity)),double_divide(X2,double_divide(identity,double_divide(double_divide(identity,X0),identity))))))) [forward demodulation 40868,12584]
41545. double_divide(double_divide(identity,X1),double_divide(X0,identity)) = double_divide(identity,double_divide(X2,double_divide(identity,double_divide(double_divide(identity,double_divide(X1,identity)),double_divide(X2,double_divide(identity,double_divide(double_divide(identity,X0),identity))))))) [forward demodulation 41207,18710]
41864. double_divide(double_divide(identity,X1),double_divide(X0,identity)) = double_divide(double_divide(double_divide(identity,double_divide(X1,identity)),double_divide(X2,double_divide(identity,double_divide(double_divide(identity,X0),identity)))),double_divide(X2,identity)) [forward demodulation 41545,3917]
42174. double_divide(double_divide(identity,X1),double_divide(X0,identity)) = double_divide(double_divide(identity,X2),double_divide(double_divide(identity,double_divide(X1,identity)),double_divide(X2,double_divide(identity,double_divide(double_divide(identity,X0),identity))))) [forward demodulation 41864,5933]
42456. double_divide(double_divide(identity,X1),double_divide(X0,identity)) = double_divide(double_divide(identity,double_divide(double_divide(identity,X0),identity)),double_divide(double_divide(identity,double_divide(X1,identity)),identity)) [forward demodulation 42174,4009]
42697. double_divide(double_divide(identity,X1),double_divide(X0,identity)) = double_divide(double_divide(identity,double_divide(double_divide(identity,X0),identity)),double_divide(identity,double_divide(double_divide(X1,identity),identity))) [forward demodulation 42456,34026]
42904. double_divide(double_divide(identity,X1),double_divide(X0,identity)) = double_divide(identity,double_divide(identity,double_divide(double_divide(X1,identity),double_divide(identity,double_divide(double_divide(identity,X0),identity))))) [forward demodulation 42697,12584]
43077. double_divide(double_divide(identity,X1),double_divide(X0,identity)) = double_divide(double_divide(X1,identity),double_divide(identity,double_divide(double_divide(identity,X0),identity))) [forward demodulation 42904,1863]
43206. double_divide(double_divide(identity,X1),double_divide(X0,identity)) = double_divide(identity,double_divide(identity,double_divide(double_divide(identity,X0),double_divide(X1,identity)))) [forward demodulation 43077,12584]
43308. double_divide(double_divide(identity,X0),double_divide(X1,identity)) = double_divide(double_divide(identity,X1),double_divide(X0,identity)) [forward demodulation 43206,1863]
43378. double_divide(double_divide(identity,X0),double_divide(X1,identity)) = double_divide(identity,double_divide(X1,X0)) [forward demodulation 43308,6978]
48548. double_divide(identity,double_divide(identity,double_divide(double_divide(double_divide(double_divide(identity,double_divide(identity,double_divide(identity,double_divide(identity,X1)))),X2),double_divide(identity,X0)),identity))) = double_divide(X2,double_divide(double_divide(identity,double_divide(identity,double_divide(X1,identity))),double_divide(X0,identity))) [superposition 248,1719]
48812. double_divide(identity,double_divide(identity,double_divide(double_divide(double_divide(double_divide(identity,double_divide(identity,double_divide(identity,double_divide(identity,X1)))),X2),double_divide(identity,X0)),identity))) = double_divide(X2,double_divide(identity,double_divide(double_divide(identity,double_divide(X1,identity)),X0))) [forward demodulation 48548,6978]
49114. double_divide(identity,double_divide(identity,double_divide(double_divide(double_divide(double_divide(identity,double_divide(identity,double_divide(identity,double_divide(identity,X1)))),X2),double_divide(identity,X0)),identity))) = double_divide(X2,double_divide(double_divide(X1,identity),double_divide(identity,X0))) [forward demodulation 48812,2162]
49386. double_divide(X2,double_divide(identity,double_divide(X1,X0))) = double_divide(identity,double_divide(identity,double_divide(double_divide(double_divide(double_divide(identity,double_divide(identity,double_divide(identity,double_divide(identity,X1)))),X2),double_divide(identity,X0)),identity))) [forward demodulation 49114,18710]
49646. double_divide(X2,double_divide(identity,double_divide(X1,X0))) = double_divide(double_divide(double_divide(double_divide(identity,double_divide(identity,double_divide(identity,double_divide(identity,X1)))),X2),double_divide(identity,X0)),identity) [forward demodulation 49386,1863]
49889. double_divide(X2,double_divide(identity,double_divide(X1,X0))) = double_divide(identity,double_divide(double_divide(double_divide(identity,double_divide(identity,double_divide(identity,double_divide(identity,X1)))),X2),double_divide(identity,X0))) [forward demodulation 49646,1456]
50104. double_divide(X2,double_divide(identity,double_divide(X1,X0))) = double_divide(X0,double_divide(double_divide(double_divide(identity,double_divide(identity,double_divide(identity,double_divide(identity,X1)))),X2),identity)) [forward demodulation 49889,3917]
50294. double_divide(X2,double_divide(identity,double_divide(X1,X0))) = double_divide(X0,double_divide(identity,double_divide(X2,double_divide(identity,double_divide(identity,double_divide(identity,double_divide(identity,X1))))))) [forward demodulation 50104,34026]
50470. double_divide(X2,double_divide(identity,double_divide(X1,X0))) = double_divide(X0,double_divide(identity,double_divide(X2,double_divide(identity,double_divide(identity,X1))))) [forward demodulation 50294,15204]
50629. double_divide(X2,double_divide(identity,double_divide(X1,X0))) = double_divide(X0,double_divide(identity,double_divide(X2,X1))) [forward demodulation 50470,15204]
56230. double_divide(identity,double_divide(identity,double_divide(double_divide(double_divide(X1,identity),X0),identity))) = double_divide(double_divide(X2,X0),double_divide(double_divide(identity,double_divide(identity,double_divide(identity,X1))),double_divide(identity,double_divide(identity,double_divide(X2,identity))))) [superposition 231,5961]
56246. double_divide(identity,double_divide(identity,double_divide(double_divide(double_divide(X1,identity),X0),identity))) = double_divide(double_divide(X2,X0),double_divide(identity,double_divide(identity,double_divide(double_divide(X2,identity),double_divide(identity,double_divide(identity,double_divide(identity,X1))))))) [forward demodulation 56230,50629]
56408. double_divide(identity,double_divide(identity,double_divide(double_divide(double_divide(X1,identity),X0),identity))) = double_divide(identity,double_divide(identity,double_divide(double_divide(double_divide(X2,identity),double_divide(identity,double_divide(identity,double_divide(identity,X1)))),double_divide(X2,X0)))) [forward demodulation 56246,50629]
56548. double_divide(identity,double_divide(identity,double_divide(double_divide(double_divide(X1,identity),X0),identity))) = double_divide(double_divide(double_divide(X2,identity),double_divide(identity,double_divide(identity,double_divide(identity,X1)))),double_divide(X2,X0)) [forward demodulation 56408,1863]
56661. double_divide(identity,double_divide(identity,double_divide(double_divide(double_divide(X1,identity),X0),identity))) = double_divide(double_divide(identity,double_divide(identity,double_divide(double_divide(identity,X1),double_divide(X2,identity)))),double_divide(X2,X0)) [forward demodulation 56548,50629]
56751. double_divide(identity,double_divide(identity,double_divide(double_divide(double_divide(X1,identity),X0),identity))) = double_divide(double_divide(double_divide(identity,X1),double_divide(X2,identity)),double_divide(X2,X0)) [forward demodulation 56661,1863]
56826. double_divide(identity,double_divide(identity,double_divide(double_divide(double_divide(X1,identity),X0),identity))) = double_divide(double_divide(identity,double_divide(X1,X2)),double_divide(X2,X0)) [forward demodulation 56751,6978]
56883. double_divide(double_divide(double_divide(X1,identity),X0),identity) = double_divide(double_divide(identity,double_divide(X1,X2)),double_divide(X2,X0)) [forward demodulation 56826,1863]
56926. double_divide(identity,double_divide(double_divide(X1,identity),X0)) = double_divide(double_divide(identity,double_divide(X1,X2)),double_divide(X2,X0)) [forward demodulation 56883,1456]
56960. double_divide(X1,double_divide(identity,X0)) = double_divide(double_divide(identity,double_divide(X1,X2)),double_divide(X2,X0)) [forward demodulation 56926,12327]
65696. double_divide(X3,double_divide(X0,double_divide(X1,X2))) = double_divide(X3,double_divide(X0,double_divide(X2,X1))) [superposition 33743,34317]
71607. double_divide(identity,double_divide(X1,double_divide(X2,X0))) = double_divide(double_divide(double_divide(double_divide(identity,double_divide(identity,X2)),double_divide(identity,double_divide(identity,double_divide(X1,identity)))),identity),double_divide(identity,double_divide(identity,double_divide(identity,double_divide(X0,identity))))) [superposition 2166,231]
71862. double_divide(identity,double_divide(X1,double_divide(X2,X0))) = double_divide(identity,double_divide(identity,double_divide(double_divide(identity,double_divide(X0,identity)),double_divide(double_divide(double_divide(identity,double_divide(identity,X2)),double_divide(identity,double_divide(identity,double_divide(X1,identity)))),identity)))) [forward demodulation 71607,50629]
72070. double_divide(identity,double_divide(X1,double_divide(X2,X0))) = double_divide(double_divide(identity,double_divide(X0,identity)),double_divide(double_divide(double_divide(identity,double_divide(identity,X2)),double_divide(identity,double_divide(identity,double_divide(X1,identity)))),identity)) [forward demodulation 71862,1863]
72261. double_divide(identity,double_divide(X1,double_divide(X2,X0))) = double_divide(double_divide(identity,double_divide(X0,identity)),double_divide(identity,double_divide(double_divide(identity,double_divide(identity,double_divide(X1,identity))),double_divide(identity,double_divide(identity,X2))))) [forward demodulation 72070,34026]
72418. double_divide(identity,double_divide(X1,double_divide(X2,X0))) = double_divide(X0,double_divide(identity,double_divide(double_divide(identity,double_divide(identity,double_divide(X1,identity))),double_divide(identity,double_divide(identity,X2))))) [forward demodulation 72261,56960]
72543. double_divide(identity,double_divide(X1,double_divide(X2,X0))) = double_divide(X0,double_divide(identity,double_divide(double_divide(identity,double_divide(identity,double_divide(X1,identity))),X2))) [forward demodulation 72418,15204]
72632. double_divide(identity,double_divide(X1,double_divide(X2,X0))) = double_divide(X0,double_divide(double_divide(identity,double_divide(X1,identity)),double_divide(identity,X2))) [forward demodulation 72543,2162]
72705. double_divide(X0,double_divide(X1,double_divide(identity,X2))) = double_divide(identity,double_divide(X1,double_divide(X2,X0))) [forward demodulation 72632,56960]
85219. double_divide(identity,double_divide(double_divide(double_divide(identity,X0),X1),X2)) = double_divide(double_divide(X0,double_divide(identity,X1)),double_divide(identity,X2)) [superposition 16440,2162]
85259. double_divide(identity,double_divide(X2,double_divide(double_divide(identity,X0),X1))) = double_divide(double_divide(identity,X2),double_divide(X0,double_divide(identity,X1))) [superposition 16440,2162]
85686. double_divide(identity,double_divide(X0,double_divide(X1,double_divide(identity,X2)))) = double_divide(identity,double_divide(X2,double_divide(double_divide(identity,X0),X1))) [forward demodulation 85259,72705]
85863. double_divide(X1,double_divide(X2,X0)) = double_divide(identity,double_divide(X2,double_divide(double_divide(identity,X0),X1))) [forward demodulation 85686,33811]
86514. double_divide(double_divide(X0,double_divide(identity,X1)),double_divide(X2,identity)) = double_divide(identity,double_divide(X2,double_divide(double_divide(identity,X0),X1))) [superposition 43378,2162]
86898. double_divide(X1,double_divide(X2,X0)) = double_divide(double_divide(X0,double_divide(identity,X1)),double_divide(X2,identity)) [forward demodulation 86514,85863]
90278. double_divide(double_divide(X0,double_divide(identity,X1)),double_divide(X2,identity)) = double_divide(identity,double_divide(double_divide(double_divide(identity,X0),X1),X2)) [superposition 6978,2162]
90684. double_divide(X1,double_divide(X2,X0)) = double_divide(identity,double_divide(double_divide(double_divide(identity,X0),X1),X2)) [forward demodulation 90278,86898]
118735. double_divide(X2,double_divide(X3,double_divide(X4,identity))) = double_divide(double_divide(double_divide(identity,double_divide(identity,X3)),double_divide(X0,double_divide(double_divide(identity,X1),double_divide(X2,double_divide(X1,X0))))),X4) [superposition 1471,122]
118744. double_divide(double_divide(double_divide(identity,X1),double_divide(X0,identity)),X2) = double_divide(X0,double_divide(double_divide(identity,X1),double_divide(X2,identity))) [superposition 1471,1464]
119188. double_divide(X0,double_divide(identity,double_divide(X1,X2))) = double_divide(double_divide(double_divide(identity,X1),double_divide(X0,identity)),X2) [forward demodulation 118744,6978]
119196. double_divide(X2,double_divide(X3,double_divide(X4,identity))) = double_divide(double_divide(double_divide(identity,double_divide(identity,X3)),double_divide(identity,double_divide(identity,double_divide(X2,identity)))),X4) [forward demodulation 118735,188]
119635. double_divide(X0,double_divide(identity,double_divide(X1,X2))) = double_divide(double_divide(identity,double_divide(X1,X0)),X2) [forward demodulation 119188,6978]
119642. double_divide(X2,double_divide(X3,double_divide(X4,identity))) = double_divide(double_divide(identity,double_divide(identity,double_divide(double_divide(X2,identity),double_divide(identity,double_divide(identity,X3))))),X4) [forward demodulation 119196,50629]
120058. double_divide(X2,double_divide(X3,double_divide(X4,identity))) = double_divide(double_divide(double_divide(X2,identity),double_divide(identity,double_divide(identity,X3))),double_divide(identity,double_divide(identity,X4))) [forward demodulation 119642,119635]
120426. double_divide(X2,double_divide(X3,double_divide(X4,identity))) = double_divide(identity,double_divide(identity,double_divide(X4,double_divide(double_divide(X2,identity),double_divide(identity,double_divide(identity,X3)))))) [forward demodulation 120058,50629]
120741. double_divide(X2,double_divide(X3,double_divide(X4,identity))) = double_divide(X4,double_divide(double_divide(X2,identity),double_divide(identity,double_divide(identity,X3)))) [forward demodulation 120426,1863]
120990. double_divide(X2,double_divide(X3,double_divide(X4,identity))) = double_divide(X4,double_divide(identity,double_divide(identity,double_divide(X3,double_divide(X2,identity))))) [forward demodulation 120741,50629]
121182. double_divide(X2,double_divide(X3,double_divide(X4,identity))) = double_divide(X4,double_divide(X3,double_divide(X2,identity))) [forward demodulation 120990,1863]
160000. double_divide(double_divide(identity,double_divide(X1,double_divide(X2,X0))),double_divide(X3,double_divide(X0,identity))) = double_divide(double_divide(X2,double_divide(identity,X1)),double_divide(identity,X3)) [superposition 16833,14440]
160753. double_divide(double_divide(identity,double_divide(X1,double_divide(X2,X0))),double_divide(X3,double_divide(X0,identity))) = double_divide(identity,double_divide(double_divide(double_divide(identity,X2),X1),X3)) [forward demodulation 160000,85219]
161164. double_divide(X1,double_divide(X3,X2)) = double_divide(double_divide(identity,double_divide(X1,double_divide(X2,X0))),double_divide(X3,double_divide(X0,identity))) [forward demodulation 160753,90684]
161492. double_divide(X1,double_divide(X3,X2)) = double_divide(X0,double_divide(X3,double_divide(double_divide(identity,double_divide(X1,double_divide(X2,X0))),identity))) [forward demodulation 161164,121182]
161752. double_divide(X1,double_divide(X3,X2)) = double_divide(X0,double_divide(X3,double_divide(identity,double_divide(identity,double_divide(X1,double_divide(X2,X0)))))) [forward demodulation 161492,65696]
161952. double_divide(X1,double_divide(X3,X2)) = double_divide(X0,double_divide(X3,double_divide(X1,double_divide(X2,X0)))) [forward demodulation 161752,1863]
215080. double_divide(double_divide(identity,X1),double_divide(X0,X2)) = double_divide(identity,double_divide(X2,double_divide(double_divide(identity,X0),double_divide(X1,identity)))) [superposition 33811,5933]
215941. double_divide(double_divide(identity,X0),double_divide(X2,X1)) = double_divide(double_divide(identity,X1),double_divide(X0,X2)) [forward demodulation 215080,161952]
225577. double_divide(identity,double_divide(a3,double_divide(identity,double_divide(b3,c3)))) != double_divide(double_divide(a3,b3),double_divide(c3,identity)) <- (~2) [superposition 2422,3917]
226087. double_divide(identity,double_divide(a3,double_divide(identity,double_divide(b3,c3)))) != double_divide(double_divide(a3,b3),double_divide(identity,c3)) <- (~2) [forward demodulation 225577,3303]
226530. double_divide(identity,double_divide(a3,double_divide(identity,double_divide(b3,c3)))) != double_divide(double_divide(identity,c3),double_divide(a3,b3)) <- (~2) [forward demodulation 226087,1885]
226849. double_divide(identity,double_divide(a3,double_divide(identity,double_divide(b3,c3)))) != double_divide(double_divide(identity,b3),double_divide(c3,a3)) <- (~2) [forward demodulation 226530,215941]
227099. double_divide(identity,double_divide(a3,double_divide(identity,double_divide(b3,c3)))) != double_divide(double_divide(identity,b3),double_divide(a3,c3)) <- (~2) [forward demodulation 226849,33743]
227297. double_divide(identity,double_divide(a3,double_divide(identity,double_divide(b3,c3)))) != double_divide(double_divide(identity,a3),double_divide(c3,b3)) <- (~2) [forward demodulation 227099,215941]
227448. double_divide(identity,double_divide(a3,double_divide(identity,double_divide(b3,c3)))) != double_divide(double_divide(identity,a3),double_divide(b3,c3)) <- (~2) [forward demodulation 227297,33743]
227567. $false <- (~2) [forward subsumption resolution 227448,12521]
227568. 2 [avatar contradiction clause 227567]
227895. $false <- (~3) [forward subsumption resolution 20,1199]
227896. 3 [avatar contradiction clause 227895]
227909. identity != double_divide(identity,double_divide(a1,double_divide(a1,identity))) <- (~4) [forward demodulation 24,1456]
227910. identity != double_divide(identity,double_divide(a1,double_divide(identity,a1))) <- (~4) [forward demodulation 227909,65696]
227911. identity != double_divide(a1,double_divide(a1,identity)) <- (~4) [forward demodulation 227910,3917]
227912. $false <- (~4) [forward subsumption resolution 227911,7]
227913. 4 [avatar contradiction clause 227912]
s1. ~4 | ~3 | ~2 | ~1 [sat_conversion 25]
s2. 1 [sat_conversion 2349]
s3. 2 [sat_conversion 227568]
s4. 3 [sat_conversion 227896]
s5. 4 [sat_conversion 227913]
s6. # [rat s1,s2,s3,s4,s5]
227914. $false [avatar sat refutation s6]
% SZS output end Proof for GRP103-1
% ------------------------------
% Version: Vampire 5.0.0 (Release build, commit 2e2c9b7b8 on 2026-01-17 12:24:14 +0100)
% Linked with Z3 4.14.0.0 3c47fd96cf5645d0c42b2c819d9e9a84380aa721 z3-4.8.4-9178-g3c47fd96c
% CaDiCaL version: 2.1.3
% Termination reason: Refutation
% Time elapsed: 2.349 s
% Peak memory usage: 59 MB
% Instructions burned: 7919 (million)
% ------------------------------
% ------------------------------
