% Running in auto input_syntax mode. Trying TPTP
% Refutation found. Thanks to Tanya!
% SZS status Unsatisfiable for GRP595-1
% SZS output start Proof for GRP595-1
1. inverse(double_divide(double_divide(X0,X1),inverse(double_divide(X0,inverse(double_divide(X2,X1)))))) = X2 [input(axiom)]
2. multiply(X0,X1) = inverse(double_divide(X1,X0)) [input(axiom)]
3. multiply(multiply(a3,b3),c3) != multiply(a3,multiply(b3,c3)) [input(negated conjecture)]
4. inverse(double_divide(c3,inverse(double_divide(b3,a3)))) != inverse(double_divide(inverse(double_divide(c3,b3)),a3)) [definition unfolding 3,2,2,2,2]
5. double_divide(X2,X3) = inverse(double_divide(double_divide(X1,inverse(double_divide(X2,inverse(double_divide(X0,X3))))),inverse(double_divide(X1,X0)))) [superposition 1,1]
6. inverse(double_divide(double_divide(double_divide(X1,X2),inverse(double_divide(X0,X2))),X0)) = X1 [superposition 1,1]
7. inverse(double_divide(double_divide(double_divide(X1,inverse(double_divide(X2,inverse(double_divide(X0,X3))))),X0),double_divide(X2,X3))) = X1 [superposition 6,1]
9. double_divide(double_divide(X0,X3),inverse(double_divide(X2,X3))) = inverse(double_divide(double_divide(X1,X2),inverse(double_divide(X1,X0)))) [superposition 1,6]
16. double_divide(double_divide(double_divide(X0,X1),inverse(double_divide(inverse(double_divide(X2,X3)),X1))),X3) = inverse(double_divide(double_divide(X4,X0),inverse(double_divide(X4,X2)))) [superposition 5,6]
21. double_divide(inverse(double_divide(double_divide(X0,inverse(double_divide(X1,X2))),X1)),X2) = X0 [superposition 6,5]
32. double_divide(double_divide(inverse(double_divide(X0,X1)),X2),inverse(double_divide(X1,X2))) = X0 [superposition 21,5]
70. inverse(double_divide(double_divide(double_divide(inverse(double_divide(X0,X1)),X2),X2),inverse(X0))) = X1 [superposition 1,32]
96. double_divide(inverse(double_divide(X0,X1)),inverse(double_divide(X2,X3))) = inverse(double_divide(double_divide(X0,X2),double_divide(X1,X3))) [superposition 7,32]
126. double_divide(X0,X2) = double_divide(inverse(double_divide(X1,X0)),inverse(double_divide(inverse(X1),X2))) [superposition 21,70]
140. double_divide(X0,X2) = inverse(double_divide(double_divide(X1,inverse(X1)),double_divide(X0,X2))) [forward demodulation 126,96]
143. double_divide(X0,inverse(double_divide(X3,X2))) = inverse(double_divide(double_divide(X4,X3),inverse(double_divide(X4,inverse(double_divide(double_divide(X0,inverse(double_divide(X1,X2))),X1)))))) [superposition 9,21]
253. inverse(double_divide(double_divide(X3,inverse(X3)),X0)) = X0 [superposition 140,32]
354. inverse(double_divide(X0,X1)) = double_divide(double_divide(X1,X2),inverse(double_divide(inverse(X0),X2))) [superposition 9,253]
658. double_divide(double_divide(double_divide(X1,X2),inverse(double_divide(inverse(X0),X2))),X4) = inverse(double_divide(double_divide(X5,X1),inverse(double_divide(X5,inverse(double_divide(double_divide(X0,inverse(double_divide(X3,X4))),X3)))))) [superposition 16,21]
909. double_divide(double_divide(double_divide(X1,X2),inverse(double_divide(inverse(X0),X2))),X4) = double_divide(X0,inverse(double_divide(X1,X4))) [forward demodulation 658,143]
1012. double_divide(X0,inverse(double_divide(X1,X4))) = double_divide(inverse(double_divide(X0,X1)),X4) [forward demodulation 909,354]
16058. inverse(double_divide(c3,inverse(double_divide(b3,a3)))) != inverse(double_divide(c3,inverse(double_divide(b3,a3)))) [superposition 4,1012]
16144. $false [trivial inequality removal 16058]
% SZS output end Proof for GRP595-1
% ------------------------------
% Version: Vampire 5.0.0 (Release build, commit 2e2c9b7b8 on 2026-01-17 12:24:14 +0100)
% Linked with Z3 4.14.0.0 3c47fd96cf5645d0c42b2c819d9e9a84380aa721 z3-4.8.4-9178-g3c47fd96c
% CaDiCaL version: 2.1.3
% Termination reason: Refutation
% Time elapsed: 0.217 s
% Peak memory usage: 59 MB
% Instructions burned: 648 (million)
% ------------------------------
% ------------------------------
