% Running in auto input_syntax mode. Trying TPTP
% Refutation found. Thanks to Tanya!
% SZS status Unsatisfiable for GRP595-1_clausified
% SZS output start Proof for GRP595-1_clausified
1. inverse(double_divide(double_divide(X0,X1),inverse(double_divide(X0,inverse(double_divide(X2,X1)))))) = X2 [input(axiom)]
2. inverse(double_divide(c3,inverse(double_divide(b3,a3)))) != inverse(double_divide(inverse(double_divide(c3,b3)),a3)) [input(negated conjecture)]
3. double_divide(X2,X3) = inverse(double_divide(double_divide(X1,inverse(double_divide(X2,inverse(double_divide(X0,X3))))),inverse(double_divide(X1,X0)))) [superposition 1,1]
4. inverse(double_divide(double_divide(double_divide(X1,X2),inverse(double_divide(X0,X2))),X0)) = X1 [superposition 1,1]
5. inverse(double_divide(double_divide(double_divide(X1,inverse(double_divide(X2,inverse(double_divide(X0,X3))))),X0),double_divide(X2,X3))) = X1 [superposition 4,1]
6. inverse(double_divide(double_divide(double_divide(X1,X2),X0),double_divide(double_divide(X0,X3),inverse(double_divide(X2,X3))))) = X1 [superposition 4,4]
7. double_divide(double_divide(X0,X3),inverse(double_divide(X2,X3))) = inverse(double_divide(double_divide(X1,X2),inverse(double_divide(X1,X0)))) [superposition 1,4]
8. inverse(double_divide(double_divide(double_divide(double_divide(X0,X1),inverse(double_divide(inverse(double_divide(X2,X3)),X1))),X3),X0)) = X2 [superposition 1,4]
13. double_divide(double_divide(X2,inverse(double_divide(X0,inverse(double_divide(X3,X1))))),X3) = inverse(double_divide(double_divide(X4,double_divide(X0,X1)),inverse(double_divide(X4,X2)))) [superposition 3,3]
14. double_divide(double_divide(double_divide(X0,X1),inverse(double_divide(inverse(double_divide(X2,X3)),X1))),X3) = inverse(double_divide(double_divide(X4,X0),inverse(double_divide(X4,X2)))) [superposition 3,4]
15. double_divide(X1,X2) = inverse(double_divide(double_divide(double_divide(X3,X4),inverse(double_divide(X1,inverse(double_divide(inverse(double_divide(X3,inverse(double_divide(X0,X4)))),X2))))),X0)) [superposition 3,1]
16. double_divide(X2,X3) = inverse(double_divide(double_divide(double_divide(X4,inverse(double_divide(X0,inverse(double_divide(X5,X1))))),inverse(double_divide(X2,inverse(double_divide(inverse(double_divide(X4,X5)),X3))))),double_divide(X0,X1))) [superposition 3,3]
17. double_divide(X1,X2) = inverse(double_divide(double_divide(double_divide(double_divide(X0,X3),inverse(double_divide(X4,X3))),inverse(double_divide(X1,inverse(double_divide(X4,X2))))),X0)) [superposition 3,4]
19. double_divide(inverse(double_divide(double_divide(X0,inverse(double_divide(X1,X2))),X1)),X2) = X0 [superposition 4,3]
21. inverse(double_divide(double_divide(double_divide(X2,inverse(double_divide(X3,X4))),double_divide(X0,X1)),double_divide(X3,inverse(double_divide(X0,inverse(double_divide(X4,X1))))))) = X2 [superposition 4,3]
22. double_divide(X3,inverse(double_divide(X0,inverse(double_divide(X4,X1))))) = inverse(double_divide(double_divide(X2,inverse(double_divide(X3,X4))),inverse(double_divide(X2,double_divide(X0,X1))))) [superposition 1,3]
30. double_divide(double_divide(inverse(double_divide(X0,X1)),X2),inverse(double_divide(X1,X2))) = X0 [superposition 19,3]
58. double_divide(double_divide(X0,X1),X2) = double_divide(double_divide(X0,X4),inverse(double_divide(double_divide(double_divide(X2,X3),inverse(double_divide(X1,X3))),X4))) [superposition 30,6]
68. inverse(double_divide(double_divide(double_divide(inverse(double_divide(X0,X1)),X2),X2),inverse(X0))) = X1 [superposition 1,30]
94. double_divide(inverse(double_divide(X0,X1)),inverse(double_divide(X2,X3))) = inverse(double_divide(double_divide(X0,X2),double_divide(X1,X3))) [superposition 5,30]
124. double_divide(X0,X2) = double_divide(inverse(double_divide(X1,X0)),inverse(double_divide(inverse(X1),X2))) [superposition 19,68]
138. double_divide(X0,X2) = inverse(double_divide(double_divide(X1,inverse(X1)),double_divide(X0,X2))) [forward demodulation 124,94]
141. double_divide(X0,inverse(double_divide(X3,X2))) = inverse(double_divide(double_divide(X4,X3),inverse(double_divide(X4,inverse(double_divide(double_divide(X0,inverse(double_divide(X1,X2))),X1)))))) [superposition 7,19]
149. double_divide(double_divide(X2,inverse(double_divide(X3,X4))),double_divide(X0,X1)) = inverse(double_divide(double_divide(X5,double_divide(X3,inverse(double_divide(X0,inverse(double_divide(X4,X1)))))),inverse(double_divide(X5,X2)))) [superposition 7,3]
251. inverse(double_divide(double_divide(X3,inverse(X3)),X0)) = X0 [superposition 138,30]
341. inverse(double_divide(double_divide(double_divide(double_divide(double_divide(double_divide(X1,X2),inverse(double_divide(inverse(double_divide(X0,X3)),X2))),X3),X1),X0),X4)) = X4 [superposition 251,8]
344. inverse(double_divide(X1,inverse(X2))) = inverse(inverse(double_divide(double_divide(X0,X1),inverse(double_divide(X0,X2))))) [superposition 251,7]
350. double_divide(X0,X2) = inverse(double_divide(double_divide(X0,inverse(double_divide(X1,X2))),X1)) [superposition 3,251]
351. inverse(double_divide(X0,inverse(double_divide(X1,inverse(X0))))) = X1 [superposition 1,251]
352. inverse(double_divide(X0,X1)) = double_divide(double_divide(X1,X2),inverse(double_divide(inverse(X0),X2))) [superposition 7,251]
374. inverse(double_divide(double_divide(double_divide(double_divide(inverse(double_divide(double_divide(X0,X3),X1)),X3),X1),X0),X4)) = X4 [forward demodulation 341,352]
447. double_divide(X3,inverse(double_divide(X1,inverse(double_divide(X4,X2))))) = inverse(double_divide(double_divide(inverse(double_divide(double_divide(X0,double_divide(X1,X2)),inverse(double_divide(X0,X3)))),inverse(double_divide(X5,X4))),X5)) [superposition 4,13]
456. double_divide(double_divide(X4,X5),inverse(inverse(double_divide(double_divide(X0,double_divide(X1,X2)),inverse(double_divide(X0,X3)))))) = inverse(double_divide(double_divide(X6,double_divide(X3,inverse(double_divide(X1,inverse(double_divide(X5,X2)))))),inverse(double_divide(X6,X4)))) [superposition 7,13]
510. double_divide(double_divide(X4,X5),inverse(inverse(double_divide(double_divide(X0,double_divide(X1,X2)),inverse(double_divide(X0,X3)))))) = double_divide(double_divide(X4,inverse(double_divide(X3,X5))),double_divide(X1,X2)) [forward demodulation 456,149]
518. double_divide(X3,inverse(double_divide(X1,inverse(double_divide(X4,X2))))) = double_divide(inverse(double_divide(double_divide(X0,double_divide(X1,X2)),inverse(double_divide(X0,X3)))),X4) [forward demodulation 447,350]
560. double_divide(double_divide(X4,inverse(double_divide(X3,X5))),double_divide(X1,X2)) = double_divide(double_divide(X4,X5),inverse(double_divide(double_divide(X1,X2),inverse(X3)))) [forward demodulation 510,344]
582. inverse(double_divide(X1,inverse(X0))) = inverse(double_divide(double_divide(X0,inverse(double_divide(X2,inverse(X1)))),X2)) [superposition 351,19]
583. double_divide(inverse(double_divide(X0,X1)),X2) = inverse(double_divide(double_divide(X1,X2),inverse(X0))) [superposition 351,30]
585. inverse(double_divide(X4,inverse(inverse(double_divide(double_divide(X0,double_divide(X1,X2)),inverse(double_divide(X0,X3))))))) = double_divide(X3,inverse(double_divide(X1,inverse(double_divide(inverse(X4),X2))))) [superposition 351,13]
587. double_divide(X3,X2) = inverse(double_divide(double_divide(X3,X0),double_divide(double_divide(X0,X1),inverse(double_divide(X2,X1))))) [superposition 351,7]
588. double_divide(X2,inverse(double_divide(X0,inverse(double_divide(X3,X1))))) = inverse(double_divide(double_divide(X2,X3),double_divide(X0,X1))) [superposition 351,3]
592. inverse(double_divide(X1,X0)) = double_divide(double_divide(inverse(double_divide(X1,X0)),X2),X2) [superposition 351,68]
594. inverse(double_divide(double_divide(X0,inverse(X1)),X0)) = X1 [superposition 351,351]
631. inverse(double_divide(X4,inverse(inverse(double_divide(double_divide(X0,double_divide(X1,X2)),inverse(double_divide(X0,X3))))))) = inverse(double_divide(double_divide(X3,inverse(X4)),double_divide(X1,X2))) [forward demodulation 585,588]
633. inverse(double_divide(X1,inverse(X0))) = double_divide(X0,inverse(X1)) [forward demodulation 582,350]
645. inverse(double_divide(X4,inverse(double_divide(double_divide(X1,X2),inverse(X3))))) = inverse(double_divide(double_divide(X3,inverse(X4)),double_divide(X1,X2))) [forward demodulation 631,344]
650. inverse(double_divide(double_divide(X3,inverse(X4)),double_divide(X1,X2))) = double_divide(double_divide(double_divide(X1,X2),inverse(X3)),inverse(X4)) [forward demodulation 645,633]
656. double_divide(double_divide(double_divide(X1,X2),inverse(double_divide(inverse(X0),X2))),X4) = inverse(double_divide(double_divide(X5,X1),inverse(double_divide(X5,inverse(double_divide(double_divide(X0,inverse(double_divide(X3,X4))),X3)))))) [superposition 14,19]
659. double_divide(double_divide(double_divide(X4,X5),inverse(double_divide(inverse(inverse(double_divide(double_divide(X0,double_divide(X1,X2)),inverse(double_divide(X0,X3))))),X5))),X6) = inverse(double_divide(double_divide(X7,X4),inverse(double_divide(X7,double_divide(X3,inverse(double_divide(X1,inverse(double_divide(X6,X2))))))))) [superposition 14,13]
660. inverse(double_divide(double_divide(X7,X3),inverse(double_divide(X7,double_divide(double_divide(X1,X5),inverse(double_divide(inverse(double_divide(X2,X6)),X5))))))) = double_divide(double_divide(double_divide(X3,X4),inverse(double_divide(inverse(inverse(double_divide(double_divide(X0,X1),inverse(double_divide(X0,X2))))),X4))),X6) [superposition 14,14]
664. double_divide(double_divide(double_divide(X2,X3),inverse(double_divide(double_divide(X0,X1),X3))),inverse(double_divide(X4,X5))) = inverse(double_divide(double_divide(X6,X2),inverse(double_divide(X6,double_divide(X4,inverse(double_divide(X0,inverse(double_divide(X5,X1))))))))) [superposition 14,3]
671. double_divide(double_divide(double_divide(X1,X2),inverse(double_divide(X0,X2))),inverse(X3)) = inverse(double_divide(double_divide(X5,X1),inverse(double_divide(X5,double_divide(double_divide(inverse(double_divide(X3,X0)),X4),X4))))) [superposition 14,68]
674. double_divide(double_divide(double_divide(X1,X2),inverse(X0)),X3) = inverse(double_divide(double_divide(X4,X1),inverse(double_divide(X4,double_divide(X0,inverse(double_divide(X3,X2))))))) [superposition 14,19]
690. double_divide(double_divide(double_divide(X1,X2),inverse(double_divide(inverse(double_divide(inverse(double_divide(X3,inverse(double_divide(X0,X4)))),X5)),X2))),X5) = inverse(double_divide(double_divide(double_divide(X3,X4),X1),X0)) [superposition 14,1]
702. double_divide(double_divide(double_divide(X1,X2),inverse(double_divide(inverse(double_divide(inverse(double_divide(X0,inverse(X3))),X4)),X2))),X4) = inverse(double_divide(double_divide(X3,X1),X0)) [superposition 14,351]
723. double_divide(double_divide(X1,X5),inverse(double_divide(inverse(double_divide(X2,X4)),X5))) = inverse(double_divide(double_divide(X3,X4),inverse(double_divide(X3,inverse(inverse(double_divide(double_divide(X0,X1),inverse(double_divide(X0,X2))))))))) [superposition 1,14]
729. inverse(double_divide(double_divide(double_divide(X3,inverse(double_divide(double_divide(double_divide(X1,X4),inverse(double_divide(inverse(double_divide(X2,X5)),X4))),inverse(double_divide(X6,X5))))),X6),inverse(double_divide(double_divide(X0,X1),inverse(double_divide(X0,X2)))))) = X3 [superposition 5,14]
730. double_divide(double_divide(X1,X3),inverse(double_divide(inverse(double_divide(X2,X4)),X3))) = inverse(double_divide(double_divide(inverse(double_divide(double_divide(X0,X1),inverse(double_divide(X0,X2)))),X5),double_divide(double_divide(X5,X6),inverse(double_divide(X4,X6))))) [superposition 6,14]
744. double_divide(double_divide(inverse(double_divide(X3,double_divide(double_divide(X1,X4),inverse(double_divide(inverse(double_divide(X2,X5)),X4))))),X5),inverse(inverse(double_divide(double_divide(X0,X1),inverse(double_divide(X0,X2)))))) = X3 [superposition 30,14]
749. double_divide(double_divide(X1,X3),inverse(double_divide(inverse(double_divide(X2,inverse(double_divide(X4,X5)))),X3))) = double_divide(inverse(double_divide(inverse(double_divide(double_divide(X0,X1),inverse(double_divide(X0,X2)))),X4)),X5) [superposition 19,14]
753. double_divide(double_divide(X1,X3),inverse(double_divide(inverse(double_divide(X2,inverse(double_divide(X4,inverse(double_divide(X5,X6)))))),X3))) = inverse(double_divide(double_divide(inverse(double_divide(double_divide(X0,X1),inverse(double_divide(X0,X2)))),X5),double_divide(X4,X6))) [superposition 5,14]
755. inverse(double_divide(X3,inverse(inverse(double_divide(double_divide(X0,X1),inverse(double_divide(X0,X2))))))) = double_divide(double_divide(X1,X4),inverse(double_divide(inverse(double_divide(X2,inverse(X3))),X4))) [superposition 351,14]
815. inverse(double_divide(X3,inverse(inverse(double_divide(double_divide(X0,X1),inverse(double_divide(X0,X2))))))) = inverse(double_divide(double_divide(X2,inverse(X3)),X1)) [forward demodulation 755,352]
817. double_divide(double_divide(X1,X3),inverse(double_divide(inverse(double_divide(X2,inverse(double_divide(X4,inverse(double_divide(X5,X6)))))),X3))) = inverse(double_divide(double_divide(double_divide(inverse(double_divide(double_divide(X0,X2),X0)),X1),X5),double_divide(X4,X6))) [forward demodulation 753,583]
821. double_divide(double_divide(X1,X3),inverse(double_divide(inverse(double_divide(X2,inverse(double_divide(X4,X5)))),X3))) = double_divide(inverse(double_divide(double_divide(inverse(double_divide(double_divide(X0,X2),X0)),X1),X4)),X5) [forward demodulation 749,583]
825. double_divide(double_divide(inverse(double_divide(X3,double_divide(double_divide(X1,X4),inverse(double_divide(inverse(double_divide(X2,X5)),X4))))),X5),inverse(double_divide(X1,inverse(X2)))) = X3 [forward demodulation 744,344]
839. double_divide(double_divide(X1,X3),inverse(double_divide(inverse(double_divide(X2,X4)),X3))) = double_divide(inverse(double_divide(double_divide(X0,X1),inverse(double_divide(X0,X2)))),X4) [forward demodulation 730,587]
840. double_divide(inverse(double_divide(double_divide(double_divide(X0,X1),inverse(double_divide(X0,X2))),double_divide(X3,inverse(double_divide(double_divide(double_divide(X1,X4),inverse(double_divide(inverse(double_divide(X2,X5)),X4))),inverse(double_divide(X6,X5))))))),X6) = X3 [forward demodulation 729,583]
846. double_divide(double_divide(X1,X5),inverse(double_divide(inverse(double_divide(X2,X4)),X5))) = double_divide(inverse(double_divide(double_divide(X3,inverse(inverse(double_divide(double_divide(X0,X1),inverse(double_divide(X0,X2)))))),X3)),X4) [forward demodulation 723,583]
863. inverse(double_divide(double_divide(X3,X1),X0)) = double_divide(inverse(double_divide(double_divide(inverse(double_divide(X0,inverse(X3))),X4),X1)),X4) [forward demodulation 702,352]
875. inverse(double_divide(double_divide(double_divide(X3,X4),X1),X0)) = double_divide(inverse(double_divide(double_divide(inverse(double_divide(X3,inverse(double_divide(X0,X4)))),X5),X1)),X5) [forward demodulation 690,352]
889. double_divide(double_divide(double_divide(X1,X2),inverse(X0)),X3) = double_divide(inverse(double_divide(double_divide(X4,double_divide(X0,inverse(double_divide(X3,X2)))),X4)),X1) [forward demodulation 674,583]
892. double_divide(double_divide(double_divide(X1,X2),inverse(double_divide(X0,X2))),inverse(X3)) = double_divide(inverse(double_divide(double_divide(X5,double_divide(double_divide(inverse(double_divide(X3,X0)),X4),X4)),X5)),X1) [forward demodulation 671,583]
899. double_divide(double_divide(double_divide(X2,X3),inverse(double_divide(double_divide(X0,X1),X3))),inverse(double_divide(X4,X5))) = double_divide(inverse(double_divide(double_divide(X6,double_divide(X4,inverse(double_divide(X0,inverse(double_divide(X5,X1)))))),X6)),X2) [forward demodulation 664,583]
903. inverse(double_divide(double_divide(X7,X3),inverse(double_divide(X7,double_divide(double_divide(X1,X5),inverse(double_divide(inverse(double_divide(X2,X6)),X5))))))) = double_divide(inverse(double_divide(inverse(double_divide(double_divide(X0,X1),inverse(double_divide(X0,X2)))),X3)),X6) [forward demodulation 660,352]
904. double_divide(double_divide(double_divide(X4,X5),inverse(double_divide(inverse(inverse(double_divide(double_divide(X0,double_divide(X1,X2)),inverse(double_divide(X0,X3))))),X5))),X6) = double_divide(inverse(double_divide(double_divide(X7,double_divide(X3,inverse(double_divide(X1,inverse(double_divide(X6,X2)))))),X7)),X4) [forward demodulation 659,583]
907. double_divide(double_divide(double_divide(X1,X2),inverse(double_divide(inverse(X0),X2))),X4) = double_divide(X0,inverse(double_divide(X1,X4))) [forward demodulation 656,141]
930. inverse(double_divide(double_divide(X2,inverse(X3)),X1)) = double_divide(inverse(double_divide(double_divide(X0,X1),inverse(double_divide(X0,X2)))),inverse(X3)) [forward demodulation 815,633]
932. inverse(double_divide(double_divide(double_divide(inverse(double_divide(double_divide(X0,X2),X0)),X1),X5),double_divide(X4,X6))) = inverse(double_divide(double_divide(X2,inverse(double_divide(X4,inverse(double_divide(X5,X6))))),X1)) [forward demodulation 817,352]
936. double_divide(inverse(double_divide(double_divide(inverse(double_divide(double_divide(X0,X2),X0)),X1),X4)),X5) = inverse(double_divide(double_divide(X2,inverse(double_divide(X4,X5))),X1)) [forward demodulation 821,352]
940. double_divide(double_divide(inverse(double_divide(X3,double_divide(double_divide(X1,X4),inverse(double_divide(inverse(double_divide(X2,X5)),X4))))),X5),double_divide(X2,inverse(X1))) = X3 [forward demodulation 825,633]
954. double_divide(double_divide(X1,X3),inverse(double_divide(inverse(double_divide(X2,X4)),X3))) = double_divide(double_divide(inverse(double_divide(double_divide(X0,X2),X0)),X1),X4) [forward demodulation 839,583]
955. double_divide(double_divide(double_divide(double_divide(X3,inverse(double_divide(double_divide(double_divide(X1,X4),inverse(double_divide(inverse(double_divide(X2,X5)),X4))),inverse(double_divide(X6,X5))))),inverse(double_divide(X0,X1))),inverse(double_divide(X0,X2))),X6) = X3 [forward demodulation 840,650]
961. double_divide(inverse(double_divide(double_divide(X0,X1),inverse(double_divide(X0,X2)))),X4) = double_divide(double_divide(X1,X5),inverse(double_divide(inverse(double_divide(X2,X4)),X5))) [forward demodulation 846,594]
975. inverse(double_divide(double_divide(X3,X1),X0)) = double_divide(inverse(double_divide(double_divide(double_divide(X3,inverse(X0)),X4),X1)),X4) [forward demodulation 863,633]
982. inverse(double_divide(double_divide(double_divide(X3,X4),X1),X0)) = double_divide(inverse(double_divide(double_divide(double_divide(double_divide(X0,X4),inverse(X3)),X5),X1)),X5) [forward demodulation 875,633]
998. double_divide(double_divide(double_divide(X1,X2),inverse(double_divide(X0,X2))),inverse(X3)) = double_divide(inverse(double_divide(double_divide(X5,inverse(double_divide(X3,X0))),X5)),X1) [forward demodulation 892,592]
1002. double_divide(double_divide(double_divide(X2,X3),inverse(double_divide(double_divide(X0,X1),X3))),inverse(double_divide(X4,X5))) = double_divide(double_divide(double_divide(X2,inverse(double_divide(X5,X1))),inverse(X4)),X0) [forward demodulation 899,889]
1006. inverse(double_divide(double_divide(X7,X3),inverse(double_divide(X7,double_divide(double_divide(X1,X5),inverse(double_divide(inverse(double_divide(X2,X6)),X5))))))) = double_divide(inverse(double_divide(double_divide(inverse(double_divide(double_divide(X0,X2),X0)),X1),X3)),X6) [forward demodulation 903,583]
1007. double_divide(double_divide(double_divide(X4,X5),inverse(double_divide(inverse(inverse(double_divide(double_divide(X0,double_divide(X1,X2)),inverse(double_divide(X0,X3))))),X5))),X6) = double_divide(double_divide(double_divide(X4,inverse(double_divide(X6,X2))),inverse(X3)),X1) [forward demodulation 904,889]
1010. double_divide(X0,inverse(double_divide(X1,X4))) = double_divide(inverse(double_divide(X0,X1)),X4) [forward demodulation 907,352]
1021. inverse(double_divide(double_divide(X2,inverse(X3)),X1)) = double_divide(double_divide(inverse(double_divide(double_divide(X0,X2),X0)),X1),inverse(X3)) [forward demodulation 930,583]
1023. inverse(double_divide(double_divide(double_divide(inverse(double_divide(double_divide(X0,X2),X0)),X1),X5),double_divide(X4,X6))) = inverse(double_divide(inverse(double_divide(double_divide(X2,X5),double_divide(X4,X6))),X1)) [forward demodulation 932,588]
1030. double_divide(double_divide(inverse(double_divide(X3,inverse(double_divide(double_divide(X2,X5),X1)))),X5),double_divide(X2,inverse(X1))) = X3 [forward demodulation 940,352]
1043. double_divide(double_divide(inverse(double_divide(double_divide(X0,X2),X0)),X1),X4) = inverse(double_divide(double_divide(X2,X4),X1)) [forward demodulation 954,352]
1044. double_divide(double_divide(double_divide(inverse(double_divide(double_divide(X3,X6),double_divide(double_divide(double_divide(X1,X4),inverse(double_divide(inverse(double_divide(X2,X5)),X4))),X5))),inverse(double_divide(X0,X1))),inverse(double_divide(X0,X2))),X6) = X3 [forward demodulation 955,588]
1050. double_divide(inverse(double_divide(double_divide(X0,X1),inverse(double_divide(X0,X2)))),X4) = inverse(double_divide(double_divide(X2,X4),X1)) [forward demodulation 961,352]
1059. inverse(double_divide(double_divide(double_divide(X3,X4),X1),X0)) = inverse(double_divide(double_divide(double_divide(X0,X4),X1),X3)) [forward demodulation 982,975]
1071. double_divide(double_divide(double_divide(X1,X2),inverse(double_divide(X0,X2))),inverse(X3)) = double_divide(double_divide(X3,X0),X1) [forward demodulation 998,594]
1073. inverse(double_divide(double_divide(X7,X3),inverse(double_divide(X7,double_divide(double_divide(X1,X5),inverse(double_divide(inverse(double_divide(X2,X6)),X5))))))) = inverse(double_divide(double_divide(X2,inverse(double_divide(X3,X6))),X1)) [forward demodulation 1006,936]
1074. double_divide(double_divide(double_divide(X4,inverse(double_divide(X6,X2))),inverse(X3)),X1) = double_divide(inverse(double_divide(inverse(double_divide(double_divide(X0,double_divide(X1,X2)),inverse(double_divide(X0,X3)))),X4)),X6) [forward demodulation 1007,352]
1086. inverse(double_divide(double_divide(X2,inverse(X3)),X1)) = double_divide(double_divide(double_divide(X0,X2),inverse(double_divide(X0,X1))),inverse(X3)) [forward demodulation 1021,1010]
1088. inverse(double_divide(double_divide(double_divide(inverse(double_divide(double_divide(X0,X2),X0)),X1),X5),double_divide(X4,X6))) = inverse(double_divide(double_divide(X2,X5),inverse(double_divide(double_divide(X4,X6),X1)))) [forward demodulation 1023,1010]
1095. double_divide(double_divide(X3,inverse(double_divide(inverse(double_divide(double_divide(X2,X5),X1)),X5))),double_divide(X2,inverse(X1))) = X3 [forward demodulation 1030,1010]
1106. inverse(double_divide(double_divide(X2,X4),X1)) = double_divide(double_divide(double_divide(X0,X2),inverse(double_divide(X0,X1))),X4) [forward demodulation 1043,1010]
1107. double_divide(double_divide(inverse(double_divide(double_divide(double_divide(X3,X6),X0),double_divide(double_divide(double_divide(double_divide(X1,X4),inverse(double_divide(inverse(double_divide(X2,X5)),X4))),X5),X1))),inverse(double_divide(X0,X2))),X6) = X3 [forward demodulation 1044,94]
1113. inverse(double_divide(double_divide(X2,X4),X1)) = double_divide(double_divide(X0,X1),inverse(double_divide(inverse(double_divide(X0,X2)),X4))) [forward demodulation 1050,1010]
1133. inverse(double_divide(double_divide(X2,inverse(double_divide(X3,X6))),X1)) = double_divide(inverse(double_divide(double_divide(X7,double_divide(double_divide(X1,X5),inverse(double_divide(inverse(double_divide(X2,X6)),X5)))),X7)),X3) [forward demodulation 1073,583]
1134. double_divide(double_divide(double_divide(X4,inverse(double_divide(X6,X2))),inverse(X3)),X1) = double_divide(inverse(double_divide(double_divide(X0,double_divide(X1,X2)),inverse(double_divide(X0,X3)))),inverse(double_divide(X4,X6))) [forward demodulation 1074,1010]
1144. inverse(double_divide(double_divide(double_divide(inverse(double_divide(double_divide(X0,X2),X0)),X1),X5),double_divide(X4,X6))) = double_divide(inverse(double_divide(double_divide(double_divide(X4,X6),X1),X2)),X5) [forward demodulation 1088,583]
1150. double_divide(double_divide(X3,inverse(double_divide(double_divide(X2,X5),inverse(double_divide(X1,X5))))),double_divide(X2,inverse(X1))) = X3 [forward demodulation 1095,1010]
1161. double_divide(inverse(double_divide(double_divide(double_divide(double_divide(X3,X6),X0),X0),double_divide(double_divide(double_divide(double_divide(double_divide(X1,X4),inverse(double_divide(inverse(double_divide(X2,X5)),X4))),X5),X1),X2))),X6) = X3 [forward demodulation 1107,94]
1166. inverse(double_divide(double_divide(X2,X4),X1)) = double_divide(double_divide(X0,X1),inverse(double_divide(X0,inverse(double_divide(X2,X4))))) [forward demodulation 1113,1010]
1181. inverse(double_divide(double_divide(X2,inverse(double_divide(X3,X6))),X1)) = double_divide(double_divide(double_divide(X3,X5),inverse(double_divide(X1,X5))),inverse(double_divide(X2,X6))) [forward demodulation 1133,889]
1182. double_divide(double_divide(double_divide(X4,inverse(double_divide(X6,X2))),inverse(X3)),X1) = double_divide(X3,inverse(double_divide(X1,inverse(double_divide(inverse(double_divide(X4,X6)),X2))))) [forward demodulation 1134,518]
1192. inverse(double_divide(double_divide(double_divide(inverse(double_divide(double_divide(X0,X2),X0)),X1),X5),double_divide(X4,X6))) = double_divide(double_divide(double_divide(X4,X6),X1),inverse(double_divide(X2,X5))) [forward demodulation 1144,1010]
1196. double_divide(inverse(double_divide(double_divide(X3,X1),double_divide(double_divide(X2,X5),X5))),double_divide(X2,inverse(X1))) = X3 [forward demodulation 1150,588]
1202. double_divide(double_divide(double_divide(double_divide(X3,X6),X0),X0),inverse(double_divide(double_divide(double_divide(double_divide(double_divide(double_divide(X1,X4),inverse(double_divide(inverse(double_divide(X2,X5)),X4))),X5),X1),X2),X6))) = X3 [forward demodulation 1161,1010]
1206. inverse(double_divide(double_divide(X2,X4),X1)) = inverse(double_divide(double_divide(double_divide(X0,X1),X2),double_divide(X0,X4))) [forward demodulation 1166,588]
1217. inverse(double_divide(double_divide(X2,inverse(double_divide(X3,X6))),X1)) = double_divide(double_divide(double_divide(X2,X6),X1),X3) [forward demodulation 1181,1071]
1218. double_divide(double_divide(double_divide(X4,inverse(double_divide(X6,X2))),inverse(X3)),X1) = inverse(double_divide(double_divide(X3,inverse(double_divide(X4,X6))),double_divide(X1,X2))) [forward demodulation 1182,588]
1227. double_divide(double_divide(double_divide(X4,X6),X1),inverse(double_divide(X2,X5))) = inverse(double_divide(double_divide(double_divide(double_divide(X0,X2),inverse(double_divide(X0,X1))),X5),double_divide(X4,X6))) [forward demodulation 1192,1010]
1230. double_divide(double_divide(X3,X1),inverse(double_divide(double_divide(double_divide(X2,X5),X5),double_divide(X2,inverse(X1))))) = X3 [forward demodulation 1196,1010]
1235. double_divide(double_divide(double_divide(double_divide(X3,X6),X0),X0),inverse(double_divide(double_divide(double_divide(double_divide(inverse(double_divide(double_divide(X2,X5),X1)),X5),X1),X2),X6))) = X3 [forward demodulation 1202,352]
1244. double_divide(double_divide(double_divide(X4,inverse(double_divide(X6,X2))),inverse(X3)),X1) = double_divide(double_divide(double_divide(X3,X6),double_divide(X1,X2)),X4) [forward demodulation 1218,1217]
1251. double_divide(double_divide(double_divide(X4,X6),X1),inverse(double_divide(X2,X5))) = inverse(double_divide(inverse(double_divide(double_divide(X2,X5),X1)),double_divide(X4,X6))) [forward demodulation 1227,1106]
1254. double_divide(double_divide(X3,X1),inverse(double_divide(double_divide(X5,inverse(X1)),X5))) = X3 [forward demodulation 1230,1206]
1257. double_divide(double_divide(double_divide(double_divide(X3,X6),X0),X0),X6) = X3 [forward demodulation 1235,374]
1265. double_divide(double_divide(double_divide(X4,X6),X1),inverse(double_divide(X2,X5))) = inverse(double_divide(double_divide(X2,X5),inverse(double_divide(X1,double_divide(X4,X6))))) [forward demodulation 1251,1010]
1268. double_divide(double_divide(X3,X1),X1) = X3 [forward demodulation 1254,594]
1274. double_divide(double_divide(double_divide(X4,X6),X1),inverse(double_divide(X2,X5))) = double_divide(inverse(double_divide(double_divide(X1,double_divide(X4,X6)),X2)),X5) [forward demodulation 1265,583]
1279. double_divide(double_divide(double_divide(X4,X6),X1),inverse(double_divide(X2,X5))) = double_divide(double_divide(X1,double_divide(X4,X6)),inverse(double_divide(X2,X5))) [forward demodulation 1274,1010]
1289. inverse(double_divide(X0,inverse(double_divide(X1,inverse(double_divide(double_divide(X1,X2),X2)))))) = X0 [superposition 5,1268]
1298. inverse(double_divide(double_divide(double_divide(X1,X2),inverse(X0)),double_divide(X0,X2))) = X1 [superposition 4,1268]
1306. double_divide(double_divide(X1,X2),inverse(X0)) = inverse(double_divide(double_divide(X3,double_divide(X0,X2)),inverse(double_divide(X3,X1)))) [superposition 7,1268]
1313. inverse(double_divide(double_divide(X4,double_divide(X0,X1)),inverse(double_divide(X4,X2)))) = double_divide(double_divide(X0,inverse(double_divide(inverse(double_divide(X2,X3)),X1))),X3) [superposition 14,1268]
1326. inverse(double_divide(double_divide(double_divide(X0,inverse(double_divide(X1,X2))),X2),inverse(X0))) = X1 [superposition 1,1268]
1334. double_divide(inverse(double_divide(X0,double_divide(X0,inverse(double_divide(X1,X2))))),X2) = X1 [forward demodulation 1326,583]
1343. inverse(double_divide(double_divide(X4,double_divide(X0,X1)),inverse(double_divide(X4,X2)))) = double_divide(double_divide(X0,inverse(double_divide(X2,inverse(double_divide(X3,X1))))),X3) [forward demodulation 1313,1010]
1348. double_divide(double_divide(X1,X2),inverse(X0)) = double_divide(inverse(double_divide(double_divide(X3,X1),X3)),double_divide(X0,X2)) [forward demodulation 1306,583]
1353. double_divide(double_divide(double_divide(X0,X2),inverse(double_divide(X1,X2))),inverse(X0)) = X1 [forward demodulation 1298,650]
1361. double_divide(double_divide(X1,inverse(double_divide(double_divide(X1,X2),X2))),inverse(X0)) = X0 [forward demodulation 1289,633]
1368. double_divide(X0,inverse(double_divide(double_divide(X0,inverse(double_divide(X1,X2))),X2))) = X1 [forward demodulation 1334,1010]
1377. inverse(double_divide(double_divide(X4,double_divide(X0,X1)),inverse(double_divide(X4,X2)))) = double_divide(inverse(double_divide(double_divide(X0,X3),double_divide(X2,X1))),X3) [forward demodulation 1343,588]
1382. double_divide(double_divide(X1,X2),inverse(X0)) = double_divide(double_divide(X3,X1),inverse(double_divide(X3,double_divide(X0,X2)))) [forward demodulation 1348,1010]
1385. double_divide(double_divide(X0,X1),X0) = X1 [forward demodulation 1353,1071]
1391. double_divide(double_divide(X1,inverse(X1)),inverse(X0)) = X0 [forward demodulation 1361,1268]
1395. double_divide(X0,double_divide(double_divide(double_divide(X0,X2),X2),X1)) = X1 [forward demodulation 1368,1217]
1401. inverse(double_divide(double_divide(X4,double_divide(X0,X1)),inverse(double_divide(X4,X2)))) = double_divide(double_divide(X0,X3),inverse(double_divide(double_divide(X2,X1),X3))) [forward demodulation 1377,1010]
1408. double_divide(X0,double_divide(X0,X1)) = X1 [forward demodulation 1395,1268]
1411. double_divide(double_divide(X0,X3),inverse(double_divide(double_divide(X2,X1),X3))) = double_divide(inverse(double_divide(double_divide(X4,X2),X4)),double_divide(X0,X1)) [forward demodulation 1401,583]
1416. double_divide(double_divide(X0,X3),inverse(double_divide(double_divide(X2,X1),X3))) = double_divide(double_divide(X4,X2),inverse(double_divide(X4,double_divide(X0,X1)))) [forward demodulation 1411,1010]
1418. double_divide(double_divide(X0,X3),inverse(double_divide(double_divide(X2,X1),X3))) = double_divide(double_divide(X2,X1),inverse(X0)) [forward demodulation 1416,1382]
1449. double_divide(X4,X5) = inverse(double_divide(double_divide(double_divide(double_divide(X6,X7),inverse(double_divide(double_divide(X3,inverse(double_divide(X1,inverse(double_divide(X5,X2))))),X7))),inverse(double_divide(X4,inverse(inverse(double_divide(double_divide(X0,double_divide(X1,X2)),inverse(double_divide(X0,X3)))))))),X6)) [superposition 17,13]
1452. double_divide(X3,inverse(double_divide(X1,X4))) = inverse(double_divide(double_divide(double_divide(double_divide(X5,X6),inverse(double_divide(double_divide(X2,X4),X6))),inverse(double_divide(X3,inverse(inverse(double_divide(double_divide(X0,X1),inverse(double_divide(X0,X2)))))))),X5)) [superposition 17,7]
1460. double_divide(X1,X2) = inverse(double_divide(double_divide(double_divide(double_divide(X3,X4),inverse(double_divide(double_divide(double_divide(X0,X5),inverse(double_divide(X2,X5))),X4))),inverse(double_divide(X1,X0))),X3)) [superposition 17,4]
1466. double_divide(X1,inverse(double_divide(X0,inverse(X2)))) = inverse(double_divide(double_divide(double_divide(double_divide(X3,X4),inverse(double_divide(X2,X4))),inverse(double_divide(X1,X0))),X3)) [superposition 17,351]
1468. double_divide(double_divide(inverse(double_divide(X0,X1)),X2),X2) = inverse(double_divide(double_divide(double_divide(double_divide(X3,X4),inverse(double_divide(X1,X4))),inverse(X0)),X3)) [superposition 17,30]
1574. double_divide(double_divide(inverse(double_divide(X0,X1)),X2),X2) = inverse(double_divide(double_divide(double_divide(X3,inverse(double_divide(X1,X4))),inverse(X0)),double_divide(X3,X4))) [forward demodulation 1468,1059]
1576. double_divide(X1,inverse(double_divide(X0,inverse(X2)))) = double_divide(double_divide(double_divide(double_divide(double_divide(X3,X4),inverse(double_divide(X2,X4))),X0),X3),X1) [forward demodulation 1466,1217]
1582. double_divide(X1,X2) = double_divide(double_divide(double_divide(double_divide(double_divide(X3,X4),inverse(double_divide(double_divide(double_divide(X0,X5),inverse(double_divide(X2,X5))),X4))),X0),X3),X1) [forward demodulation 1460,1217]
1590. double_divide(X3,inverse(double_divide(X1,X4))) = double_divide(double_divide(double_divide(double_divide(double_divide(X5,X6),inverse(double_divide(double_divide(X2,X4),X6))),inverse(inverse(double_divide(double_divide(X0,X1),inverse(double_divide(X0,X2)))))),X5),X3) [forward demodulation 1452,1217]
1593. double_divide(X4,X5) = double_divide(double_divide(double_divide(double_divide(double_divide(X6,X7),inverse(double_divide(double_divide(X3,inverse(double_divide(X1,inverse(double_divide(X5,X2))))),X7))),inverse(inverse(double_divide(double_divide(X0,double_divide(X1,X2)),inverse(double_divide(X0,X3)))))),X6),X4) [forward demodulation 1449,1217]
1660. double_divide(double_divide(inverse(double_divide(X0,X1)),X2),X2) = double_divide(double_divide(double_divide(X3,X4),inverse(double_divide(X3,inverse(double_divide(X1,X4))))),inverse(X0)) [forward demodulation 1574,650]
1662. double_divide(double_divide(double_divide(double_divide(double_divide(X3,X4),inverse(double_divide(X2,X4))),X0),X3),X1) = double_divide(X1,double_divide(X2,inverse(X0))) [forward demodulation 1576,633]
1668. double_divide(X1,X2) = double_divide(double_divide(double_divide(double_divide(double_divide(X3,X2),X0),X0),X3),X1) [forward demodulation 1582,58]
1676. double_divide(X3,inverse(double_divide(X1,X4))) = double_divide(double_divide(double_divide(double_divide(inverse(double_divide(double_divide(X0,X1),inverse(double_divide(X0,X2)))),double_divide(X2,X4)),double_divide(X5,X6)),double_divide(X5,X6)),X3) [forward demodulation 1590,1244]
1679. double_divide(X4,X5) = double_divide(double_divide(double_divide(double_divide(inverse(double_divide(double_divide(X0,double_divide(X1,X2)),inverse(double_divide(X0,X3)))),double_divide(X3,inverse(double_divide(X1,inverse(double_divide(X5,X2)))))),double_divide(X6,X7)),double_divide(X6,X7)),X4) [forward demodulation 1593,1244]
1737. double_divide(double_divide(inverse(double_divide(X0,X1)),X2),X2) = inverse(double_divide(double_divide(X4,inverse(X0)),inverse(double_divide(X1,X4)))) [forward demodulation 1660,1086]
1743. double_divide(X1,X2) = double_divide(double_divide(double_divide(X3,X2),X3),X1) [forward demodulation 1668,1268]
1750. double_divide(X3,inverse(double_divide(X1,X4))) = double_divide(double_divide(inverse(double_divide(double_divide(X0,X1),inverse(double_divide(X0,X2)))),double_divide(X2,X4)),X3) [forward demodulation 1676,1268]
1753. double_divide(X4,X5) = double_divide(double_divide(inverse(double_divide(double_divide(X0,double_divide(X1,X2)),inverse(double_divide(X0,X3)))),double_divide(X3,inverse(double_divide(X1,inverse(double_divide(X5,X2)))))),X4) [forward demodulation 1679,1268]
1804. double_divide(double_divide(inverse(double_divide(X0,X1)),X2),X2) = double_divide(inverse(double_divide(double_divide(X1,X4),X4)),inverse(X0)) [forward demodulation 1737,583]
1809. double_divide(X2,X1) = double_divide(X1,X2) [forward demodulation 1743,1385]
1814. double_divide(X3,inverse(double_divide(X1,X4))) = double_divide(double_divide(double_divide(X0,X1),inverse(double_divide(inverse(double_divide(X0,X2)),double_divide(X2,X4)))),X3) [forward demodulation 1750,1010]
1817. double_divide(X4,X5) = double_divide(double_divide(X3,inverse(double_divide(X1,inverse(double_divide(double_divide(X3,inverse(double_divide(X1,inverse(double_divide(X5,X2))))),X2))))),X4) [forward demodulation 1753,518]
1854. double_divide(double_divide(inverse(double_divide(X0,X1)),X2),X2) = double_divide(double_divide(X1,X4),inverse(double_divide(X4,inverse(X0)))) [forward demodulation 1804,1010]
1861. double_divide(X3,inverse(double_divide(X1,X4))) = double_divide(double_divide(double_divide(X0,X1),inverse(double_divide(X0,inverse(double_divide(X2,double_divide(X2,X4)))))),X3) [forward demodulation 1814,1010]
1864. double_divide(X4,X5) = double_divide(inverse(double_divide(double_divide(X3,double_divide(X3,inverse(double_divide(X1,inverse(double_divide(X5,X2)))))),double_divide(X1,X2))),X4) [forward demodulation 1817,588]
1896. double_divide(double_divide(inverse(double_divide(X0,X1)),X2),X2) = double_divide(double_divide(X1,X4),double_divide(X0,inverse(X4))) [forward demodulation 1854,633]
1901. double_divide(X3,inverse(double_divide(X1,X4))) = inverse(double_divide(double_divide(X1,X3),inverse(double_divide(X2,double_divide(X2,X4))))) [forward demodulation 1861,1106]
1903. double_divide(X4,X5) = double_divide(double_divide(X3,double_divide(X3,inverse(double_divide(X1,inverse(double_divide(X5,X2)))))),inverse(double_divide(double_divide(X1,X2),X4))) [forward demodulation 1864,1010]
1925. inverse(double_divide(X0,X1)) = double_divide(double_divide(X1,X4),double_divide(X0,inverse(X4))) [forward demodulation 1896,592]
1928. double_divide(X3,inverse(double_divide(X1,X4))) = double_divide(inverse(double_divide(double_divide(X2,double_divide(X2,X4)),X1)),X3) [forward demodulation 1901,583]
1930. double_divide(X4,X5) = double_divide(inverse(double_divide(X1,inverse(double_divide(X5,X2)))),inverse(double_divide(double_divide(X1,X2),X4))) [forward demodulation 1903,1408]
1942. double_divide(X3,inverse(double_divide(X1,X4))) = double_divide(double_divide(X2,double_divide(X2,X4)),inverse(double_divide(X1,X3))) [forward demodulation 1928,1010]
1944. double_divide(X4,X5) = inverse(double_divide(double_divide(X1,double_divide(X1,X2)),double_divide(inverse(double_divide(X5,X2)),X4))) [forward demodulation 1930,94]
1952. double_divide(X4,inverse(double_divide(X1,X3))) = double_divide(X3,inverse(double_divide(X1,X4))) [forward demodulation 1942,1408]
1954. double_divide(X4,X5) = inverse(double_divide(double_divide(X1,double_divide(X1,X2)),double_divide(X5,inverse(double_divide(X2,X4))))) [forward demodulation 1944,1010]
1959. double_divide(X4,X5) = inverse(double_divide(X2,double_divide(X5,inverse(double_divide(X2,X4))))) [forward demodulation 1954,1408]
2104. double_divide(X0,double_divide(X1,X0)) = X1 [superposition 1268,1809]
2118. double_divide(inverse(double_divide(X0,X1)),double_divide(X2,X1)) = inverse(double_divide(double_divide(X3,X0),inverse(double_divide(X3,X2)))) [superposition 7,1809]
2120. inverse(double_divide(double_divide(inverse(double_divide(X0,X1)),double_divide(X2,X1)),X0)) = X2 [superposition 4,1809]
2121. inverse(double_divide(double_divide(X4,X3),inverse(double_divide(X4,X0)))) = double_divide(double_divide(inverse(double_divide(inverse(double_divide(X0,X1)),X2)),double_divide(X3,X2)),X1) [superposition 14,1809]
2146. inverse(double_divide(double_divide(X4,X3),inverse(double_divide(X4,X0)))) = double_divide(X1,double_divide(inverse(double_divide(inverse(double_divide(X0,X1)),X2)),double_divide(X3,X2))) [forward demodulation 2121,1809]
2147. inverse(double_divide(X0,double_divide(inverse(double_divide(X0,X1)),double_divide(X2,X1)))) = X2 [forward demodulation 2120,1809]
2149. double_divide(inverse(double_divide(X0,X1)),double_divide(X2,X1)) = double_divide(inverse(double_divide(double_divide(X3,X2),X3)),X0) [forward demodulation 2118,583]
2298. inverse(double_divide(double_divide(X4,X3),inverse(double_divide(X4,X0)))) = double_divide(X1,double_divide(inverse(double_divide(X0,X1)),inverse(double_divide(X2,double_divide(X3,X2))))) [forward demodulation 2146,1010]
2299. inverse(double_divide(X0,double_divide(X0,inverse(double_divide(X1,double_divide(X2,X1)))))) = X2 [forward demodulation 2147,1010]
2301. double_divide(double_divide(X3,X2),inverse(double_divide(X3,X0))) = double_divide(inverse(double_divide(X0,X1)),double_divide(X2,X1)) [forward demodulation 2149,1010]
2426. inverse(double_divide(double_divide(X4,X3),inverse(double_divide(X4,X0)))) = double_divide(X1,inverse(double_divide(double_divide(X0,X2),double_divide(X1,double_divide(X3,X2))))) [forward demodulation 2298,94]
2427. inverse(inverse(double_divide(X1,double_divide(X2,X1)))) = X2 [forward demodulation 2299,1408]
2429. double_divide(double_divide(X3,X2),inverse(double_divide(X3,X0))) = double_divide(X0,inverse(double_divide(X1,double_divide(X2,X1)))) [forward demodulation 2301,1010]
2530. double_divide(X1,inverse(double_divide(double_divide(X0,X2),double_divide(X1,double_divide(X3,X2))))) = double_divide(inverse(double_divide(double_divide(X4,X0),X4)),X3) [forward demodulation 2426,583]
2531. inverse(inverse(X2)) = X2 [forward demodulation 2427,2104]
2533. double_divide(double_divide(X3,X2),inverse(double_divide(X3,X0))) = double_divide(X0,inverse(X2)) [forward demodulation 2429,2104]
2599. double_divide(X1,inverse(double_divide(double_divide(X0,X2),double_divide(X1,double_divide(X3,X2))))) = double_divide(double_divide(X4,X0),inverse(double_divide(X4,X3))) [forward demodulation 2530,1010]
2637. double_divide(X3,inverse(X0)) = double_divide(X1,inverse(double_divide(double_divide(X0,X2),double_divide(X1,double_divide(X3,X2))))) [forward demodulation 2599,2533]
2777. double_divide(double_divide(X0,inverse(double_divide(X1,X2))),double_divide(X3,X4)) = double_divide(double_divide(X0,X5),inverse(double_divide(double_divide(X1,inverse(double_divide(X3,inverse(double_divide(X2,X4))))),X5))) [superposition 30,21]
2790. double_divide(double_divide(X0,inverse(double_divide(X1,X2))),double_divide(X3,X4)) = double_divide(double_divide(X1,inverse(double_divide(X3,inverse(double_divide(X2,X4))))),inverse(X0)) [forward demodulation 2777,1418]
2897. double_divide(double_divide(X0,inverse(double_divide(X1,X2))),double_divide(X3,X4)) = double_divide(inverse(double_divide(double_divide(X1,X2),double_divide(X3,X4))),inverse(X0)) [forward demodulation 2790,588]
3001. double_divide(double_divide(X0,inverse(double_divide(X1,X2))),double_divide(X3,X4)) = double_divide(double_divide(X1,X2),inverse(double_divide(double_divide(X3,X4),inverse(X0)))) [forward demodulation 2897,1010]
3095. double_divide(double_divide(X0,inverse(double_divide(X1,X2))),double_divide(X3,X4)) = double_divide(double_divide(X1,X2),double_divide(inverse(double_divide(X0,X3)),X4)) [forward demodulation 3001,583]
3169. double_divide(double_divide(X0,inverse(double_divide(X1,X2))),double_divide(X3,X4)) = double_divide(double_divide(X1,X2),double_divide(X0,inverse(double_divide(X3,X4)))) [forward demodulation 3095,1010]
3416. double_divide(X1,inverse(double_divide(X0,inverse(inverse(double_divide(X2,inverse(double_divide(X3,X4)))))))) = inverse(double_divide(double_divide(double_divide(X2,X4),inverse(double_divide(X1,X0))),X3)) [superposition 15,351]
3466. double_divide(double_divide(double_divide(X2,X3),inverse(double_divide(X0,inverse(double_divide(inverse(double_divide(X2,inverse(double_divide(inverse(double_divide(X4,X5)),X3)))),X1))))),X5) = inverse(double_divide(double_divide(X6,double_divide(X0,X1)),inverse(double_divide(X6,X4)))) [superposition 3,15]
3485. double_divide(double_divide(double_divide(X2,X3),inverse(double_divide(X0,inverse(double_divide(inverse(double_divide(X2,inverse(double_divide(inverse(double_divide(X4,X5)),X3)))),X1))))),X5) = double_divide(inverse(double_divide(double_divide(X6,X4),X6)),double_divide(X0,X1)) [forward demodulation 3466,583]
3533. double_divide(X1,inverse(double_divide(X0,inverse(inverse(double_divide(X2,inverse(double_divide(X3,X4)))))))) = double_divide(double_divide(double_divide(double_divide(X2,X4),X0),X3),X1) [forward demodulation 3416,1217]
3589. double_divide(double_divide(double_divide(X2,X3),inverse(double_divide(X0,inverse(double_divide(inverse(double_divide(X2,inverse(double_divide(inverse(double_divide(X4,X5)),X3)))),X1))))),X5) = double_divide(double_divide(X6,X4),inverse(double_divide(X6,double_divide(X0,X1)))) [forward demodulation 3485,1010]
3637. double_divide(double_divide(double_divide(double_divide(X2,X4),X0),X3),X1) = double_divide(X1,double_divide(inverse(double_divide(X2,inverse(double_divide(X3,X4)))),inverse(X0))) [forward demodulation 3533,633]
3693. double_divide(double_divide(X4,X1),inverse(X0)) = double_divide(double_divide(double_divide(X2,X3),inverse(double_divide(X0,inverse(double_divide(inverse(double_divide(X2,inverse(double_divide(inverse(double_divide(X4,X5)),X3)))),X1))))),X5) [forward demodulation 3589,1382]
3739. double_divide(double_divide(double_divide(double_divide(X2,X4),X0),X3),X1) = double_divide(X1,double_divide(X2,inverse(double_divide(inverse(double_divide(X3,X4)),inverse(X0))))) [forward demodulation 3637,1010]
3793. double_divide(double_divide(X4,X1),inverse(X0)) = double_divide(X5,double_divide(double_divide(X2,X3),inverse(double_divide(X0,inverse(double_divide(inverse(double_divide(X2,inverse(double_divide(inverse(double_divide(X4,X5)),X3)))),X1)))))) [forward demodulation 3693,1809]
3837. double_divide(double_divide(double_divide(double_divide(X2,X4),X0),X3),X1) = double_divide(X1,double_divide(X2,double_divide(X0,inverse(inverse(double_divide(X3,X4)))))) [forward demodulation 3739,633]
3890. double_divide(double_divide(X4,X1),inverse(X0)) = double_divide(X5,inverse(double_divide(double_divide(double_divide(X2,X3),inverse(double_divide(X2,inverse(double_divide(inverse(double_divide(X4,X5)),X3))))),double_divide(X0,X1)))) [forward demodulation 3793,588]
3931. double_divide(double_divide(double_divide(double_divide(X2,X4),X0),X3),X1) = double_divide(X1,double_divide(X2,double_divide(X0,double_divide(X3,X4)))) [forward demodulation 3837,2531]
3984. double_divide(double_divide(X4,X1),inverse(X0)) = double_divide(X5,double_divide(double_divide(double_divide(double_divide(X2,X3),inverse(double_divide(inverse(double_divide(X4,X5)),X3))),double_divide(X0,X1)),X2)) [forward demodulation 3890,1217]
4068. double_divide(double_divide(X4,X1),inverse(X0)) = double_divide(X5,double_divide(X2,double_divide(X2,double_divide(inverse(double_divide(inverse(double_divide(X4,X5)),X3)),double_divide(double_divide(X0,X1),X3))))) [forward demodulation 3984,3931]
4142. double_divide(double_divide(X4,X1),inverse(X0)) = double_divide(X5,double_divide(inverse(double_divide(inverse(double_divide(X4,X5)),X3)),double_divide(double_divide(X0,X1),X3))) [forward demodulation 4068,1408]
4200. double_divide(double_divide(X4,X1),inverse(X0)) = double_divide(X5,double_divide(inverse(double_divide(X4,X5)),inverse(double_divide(X3,double_divide(double_divide(X0,X1),X3))))) [forward demodulation 4142,1010]
4247. double_divide(double_divide(X4,X1),inverse(X0)) = double_divide(X5,inverse(double_divide(double_divide(X4,X3),double_divide(X5,double_divide(double_divide(X0,X1),X3))))) [forward demodulation 4200,94]
4282. double_divide(double_divide(X0,X1),inverse(X4)) = double_divide(double_divide(X4,X1),inverse(X0)) [forward demodulation 4247,2637]
4355. inverse(double_divide(X0,X1)) = double_divide(double_divide(X2,inverse(double_divide(X0,inverse(double_divide(X3,X1))))),inverse(double_divide(X2,X3))) [superposition 2531,3]
4386. inverse(double_divide(X0,X1)) = double_divide(X3,inverse(inverse(double_divide(X0,inverse(double_divide(X3,X1)))))) [forward demodulation 4355,2533]
4400. inverse(double_divide(X0,X1)) = double_divide(X3,double_divide(X0,inverse(double_divide(X3,X1)))) [forward demodulation 4386,2531]
4439. double_divide(double_divide(X2,inverse(X2)),inverse(double_divide(X3,inverse(double_divide(double_divide(X0,X1),X4))))) = inverse(double_divide(double_divide(X5,double_divide(X0,X1)),inverse(double_divide(X5,double_divide(X3,X4))))) [superposition 22,138]
4440. double_divide(double_divide(X1,inverse(X1)),inverse(double_divide(X2,inverse(double_divide(X0,X3))))) = inverse(double_divide(double_divide(X4,X0),inverse(double_divide(X4,double_divide(X2,X3))))) [superposition 22,251]
4444. double_divide(double_divide(double_divide(X0,inverse(double_divide(X1,inverse(double_divide(X2,X3))))),X2),inverse(double_divide(X4,inverse(double_divide(double_divide(X1,X3),X5))))) = inverse(double_divide(double_divide(X6,X0),inverse(double_divide(X6,double_divide(X4,X5))))) [superposition 22,5]
4453. double_divide(X1,inverse(double_divide(X2,inverse(double_divide(X3,X4))))) = inverse(double_divide(X0,inverse(double_divide(double_divide(X0,inverse(double_divide(X1,X3))),double_divide(X2,X4))))) [superposition 22,1268]
4457. double_divide(X0,inverse(double_divide(X3,inverse(double_divide(X1,X4))))) = inverse(double_divide(double_divide(inverse(double_divide(X0,X1)),X2),inverse(double_divide(X2,double_divide(X3,X4))))) [superposition 22,1809]
4465. double_divide(X2,inverse(double_divide(X1,inverse(double_divide(X3,X0))))) = inverse(double_divide(double_divide(X4,inverse(double_divide(X2,X3))),inverse(double_divide(X4,double_divide(X0,X1))))) [superposition 22,1809]
4516. double_divide(X6,inverse(double_divide(X0,X2))) = inverse(double_divide(double_divide(double_divide(double_divide(X4,X5),inverse(double_divide(double_divide(X0,inverse(double_divide(X1,inverse(double_divide(X2,X3))))),X5))),inverse(double_divide(X6,double_divide(X1,X3)))),X4)) [superposition 8,22]
4519. double_divide(double_divide(double_divide(X4,X5),inverse(double_divide(double_divide(X0,inverse(double_divide(X1,inverse(double_divide(X2,X3))))),X5))),inverse(double_divide(X6,double_divide(X1,X3)))) = inverse(double_divide(double_divide(X7,X4),inverse(double_divide(X7,double_divide(X6,inverse(double_divide(X0,X2))))))) [superposition 14,22]
4550. double_divide(double_divide(double_divide(X4,X5),inverse(double_divide(double_divide(X0,inverse(double_divide(X1,inverse(double_divide(X2,X3))))),X5))),inverse(double_divide(X6,double_divide(X1,X3)))) = double_divide(inverse(double_divide(double_divide(X7,double_divide(X6,inverse(double_divide(X0,X2)))),X7)),X4) [forward demodulation 4519,583]
4553. double_divide(X6,inverse(double_divide(X0,X2))) = double_divide(double_divide(double_divide(double_divide(double_divide(X4,X5),inverse(double_divide(double_divide(X0,inverse(double_divide(X1,inverse(double_divide(X2,X3))))),X5))),double_divide(X1,X3)),X4),X6) [forward demodulation 4516,1217]
4590. double_divide(X2,inverse(double_divide(X1,inverse(double_divide(X3,X0))))) = double_divide(inverse(double_divide(double_divide(X4,double_divide(X0,X1)),X4)),inverse(double_divide(X2,X3))) [forward demodulation 4465,583]
4598. double_divide(X0,inverse(double_divide(X3,inverse(double_divide(X1,X4))))) = double_divide(inverse(double_divide(double_divide(X2,double_divide(X3,X4)),inverse(double_divide(X0,X1)))),X2) [forward demodulation 4457,583]
4602. double_divide(X1,inverse(double_divide(X2,inverse(double_divide(X3,X4))))) = double_divide(double_divide(double_divide(X0,inverse(double_divide(X1,X3))),double_divide(X2,X4)),inverse(X0)) [forward demodulation 4453,633]
4611. double_divide(double_divide(double_divide(X0,inverse(double_divide(X1,inverse(double_divide(X2,X3))))),X2),inverse(double_divide(X4,inverse(double_divide(double_divide(X1,X3),X5))))) = double_divide(inverse(double_divide(double_divide(X6,double_divide(X4,X5)),X6)),X0) [forward demodulation 4444,583]
4615. double_divide(double_divide(X1,inverse(X1)),inverse(double_divide(X2,inverse(double_divide(X0,X3))))) = double_divide(inverse(double_divide(double_divide(X4,double_divide(X2,X3)),X4)),X0) [forward demodulation 4440,583]
4616. double_divide(double_divide(X2,inverse(X2)),inverse(double_divide(X3,inverse(double_divide(double_divide(X0,X1),X4))))) = double_divide(inverse(double_divide(double_divide(X5,double_divide(X3,X4)),X5)),double_divide(X0,X1)) [forward demodulation 4439,583]
4645. double_divide(double_divide(double_divide(X4,X5),inverse(double_divide(double_divide(X0,inverse(double_divide(X1,inverse(double_divide(X2,X3))))),X5))),inverse(double_divide(X6,double_divide(X1,X3)))) = double_divide(double_divide(double_divide(X4,X2),inverse(X6)),X0) [forward demodulation 4550,889]
4648. double_divide(X6,inverse(double_divide(X0,X2))) = double_divide(X6,double_divide(double_divide(X0,inverse(double_divide(X1,inverse(double_divide(X2,X3))))),inverse(double_divide(X1,X3)))) [forward demodulation 4553,1662]
4684. double_divide(X2,inverse(double_divide(X1,inverse(double_divide(X3,X0))))) = inverse(double_divide(double_divide(double_divide(X4,double_divide(X0,X1)),X2),double_divide(X4,X3))) [forward demodulation 4590,94]
4692. double_divide(X0,inverse(double_divide(X3,inverse(double_divide(X1,X4))))) = double_divide(double_divide(X2,double_divide(X3,X4)),inverse(double_divide(inverse(double_divide(X0,X1)),X2))) [forward demodulation 4598,1010]
4696. double_divide(X1,inverse(double_divide(X2,inverse(double_divide(X3,X4))))) = double_divide(double_divide(X0,double_divide(X2,X4)),inverse(double_divide(X0,inverse(double_divide(X1,X3))))) [forward demodulation 4602,4282]
4705. double_divide(double_divide(double_divide(X0,inverse(double_divide(X1,inverse(double_divide(X2,X3))))),X2),inverse(double_divide(X4,inverse(double_divide(double_divide(X1,X3),X5))))) = double_divide(double_divide(X6,double_divide(X4,X5)),inverse(double_divide(X6,X0))) [forward demodulation 4611,1010]
4709. double_divide(double_divide(X1,inverse(X1)),inverse(double_divide(X2,inverse(double_divide(X0,X3))))) = double_divide(double_divide(X4,double_divide(X2,X3)),inverse(double_divide(X4,X0))) [forward demodulation 4615,1010]
4710. double_divide(double_divide(X2,inverse(X2)),inverse(double_divide(X3,inverse(double_divide(double_divide(X0,X1),X4))))) = double_divide(double_divide(X5,double_divide(X3,X4)),inverse(double_divide(X5,double_divide(X0,X1)))) [forward demodulation 4616,1010]
4738. double_divide(double_divide(double_divide(X4,X2),inverse(X6)),X0) = double_divide(double_divide(double_divide(X4,inverse(double_divide(double_divide(X1,X3),inverse(double_divide(X1,inverse(double_divide(X2,X3))))))),inverse(X6)),X0) [forward demodulation 4645,1002]
4741. double_divide(X6,inverse(double_divide(X0,X2))) = double_divide(X6,double_divide(X3,inverse(double_divide(X1,double_divide(X0,inverse(double_divide(X1,inverse(double_divide(X2,X3))))))))) [forward demodulation 4648,1952]
4777. inverse(double_divide(double_divide(X2,X3),double_divide(X0,X1))) = double_divide(X2,inverse(double_divide(X1,inverse(double_divide(X3,X0))))) [forward demodulation 4684,1206]
4785. double_divide(X0,inverse(double_divide(X3,inverse(double_divide(X1,X4))))) = double_divide(X2,inverse(double_divide(inverse(double_divide(X0,X1)),double_divide(X2,double_divide(X3,X4))))) [forward demodulation 4692,1952]
4789. double_divide(X1,inverse(double_divide(X2,inverse(double_divide(X3,X4))))) = double_divide(inverse(double_divide(X1,X3)),inverse(double_divide(X2,X4))) [forward demodulation 4696,2533]
4798. double_divide(double_divide(double_divide(X0,inverse(double_divide(X1,inverse(double_divide(X2,X3))))),X2),inverse(double_divide(X4,inverse(double_divide(double_divide(X1,X3),X5))))) = double_divide(X0,inverse(double_divide(X4,X5))) [forward demodulation 4705,2533]
4802. double_divide(X0,inverse(double_divide(X2,X3))) = double_divide(double_divide(X1,inverse(X1)),inverse(double_divide(X2,inverse(double_divide(X0,X3))))) [forward demodulation 4709,2533]
4803. double_divide(double_divide(X2,inverse(X2)),inverse(double_divide(X3,inverse(double_divide(double_divide(X0,X1),X4))))) = double_divide(double_divide(double_divide(X3,X4),X1),inverse(X0)) [forward demodulation 4710,1382]
4830. double_divide(double_divide(double_divide(X4,X2),inverse(X6)),X0) = double_divide(double_divide(double_divide(X6,double_divide(X1,X3)),double_divide(X0,inverse(double_divide(X1,inverse(double_divide(X2,X3)))))),X4) [forward demodulation 4738,1244]
4833. double_divide(X6,inverse(double_divide(X0,X2))) = double_divide(X6,double_divide(X3,double_divide(inverse(double_divide(X2,X3)),X0))) [forward demodulation 4741,1959]
4859. inverse(double_divide(double_divide(X2,X3),double_divide(X0,X1))) = double_divide(X2,double_divide(double_divide(X3,X0),inverse(X1))) [forward demodulation 4777,633]
4867. double_divide(X0,inverse(double_divide(X3,inverse(double_divide(X1,X4))))) = double_divide(X2,inverse(double_divide(X0,inverse(double_divide(X1,double_divide(X2,double_divide(X3,X4))))))) [forward demodulation 4785,1010]
4871. double_divide(X1,inverse(double_divide(X2,inverse(double_divide(X3,X4))))) = inverse(double_divide(double_divide(X1,X2),double_divide(X3,X4))) [forward demodulation 4789,94]
4880. double_divide(X0,inverse(double_divide(X4,X5))) = double_divide(double_divide(X2,double_divide(X0,inverse(double_divide(X1,inverse(double_divide(X2,X3)))))),inverse(double_divide(X4,inverse(double_divide(double_divide(X1,X3),X5))))) [forward demodulation 4798,1279]
4884. double_divide(X2,inverse(double_divide(X0,X3))) = double_divide(X0,inverse(double_divide(X2,X3))) [forward demodulation 4802,1391]
4885. double_divide(X3,inverse(double_divide(double_divide(X0,X1),X4))) = double_divide(double_divide(double_divide(X3,X4),X1),inverse(X0)) [forward demodulation 4803,1391]
4912. double_divide(double_divide(double_divide(X4,X2),inverse(X6)),X0) = double_divide(double_divide(double_divide(X6,double_divide(X1,X3)),inverse(double_divide(double_divide(X0,X2),double_divide(X1,X3)))),X4) [forward demodulation 4830,588]
4915. double_divide(X6,inverse(double_divide(X0,X2))) = double_divide(X6,double_divide(X3,double_divide(X2,inverse(double_divide(X3,X0))))) [forward demodulation 4833,1010]
4941. double_divide(X0,inverse(double_divide(X3,inverse(double_divide(X1,X4))))) = inverse(double_divide(double_divide(X2,X1),double_divide(X0,double_divide(X2,double_divide(X3,X4))))) [forward demodulation 4867,588]
4945. double_divide(X1,inverse(double_divide(X2,inverse(double_divide(X3,X4))))) = double_divide(X1,double_divide(double_divide(X2,X3),inverse(X4))) [forward demodulation 4871,4859]
4954. double_divide(X0,inverse(double_divide(X4,X5))) = inverse(double_divide(double_divide(double_divide(X2,double_divide(X0,inverse(double_divide(X1,inverse(double_divide(X2,X3)))))),double_divide(X1,X3)),double_divide(X4,X5))) [forward demodulation 4880,588]
4981. double_divide(double_divide(double_divide(X4,X2),inverse(X6)),X0) = double_divide(double_divide(double_divide(X0,X2),inverse(X6)),X4) [forward demodulation 4912,1418]
4984. double_divide(X6,inverse(double_divide(X0,X2))) = double_divide(X6,inverse(double_divide(X2,X0))) [forward demodulation 4915,4400]
5008. double_divide(X0,inverse(double_divide(X3,inverse(double_divide(X1,X4))))) = double_divide(X2,double_divide(double_divide(X1,X0),inverse(double_divide(X2,double_divide(X3,X4))))) [forward demodulation 4941,4859]
5012. double_divide(X1,double_divide(double_divide(X2,X3),inverse(X4))) = double_divide(X1,double_divide(double_divide(X3,X4),inverse(X2))) [forward demodulation 4945,633]
5020. double_divide(X0,inverse(double_divide(X4,X5))) = double_divide(double_divide(X2,double_divide(X0,inverse(double_divide(X1,inverse(double_divide(X2,X3)))))),double_divide(double_divide(double_divide(X1,X3),X4),inverse(X5))) [forward demodulation 4954,4859]
5063. double_divide(X0,inverse(double_divide(X3,inverse(double_divide(X1,X4))))) = inverse(double_divide(double_divide(X1,X0),double_divide(X3,X4))) [forward demodulation 5008,4400]
5073. double_divide(X0,inverse(double_divide(X4,X5))) = double_divide(double_divide(X2,double_divide(X0,inverse(double_divide(X1,inverse(double_divide(X2,X3)))))),double_divide(X1,inverse(double_divide(double_divide(X5,X4),X3)))) [forward demodulation 5020,4885]
5109. double_divide(X0,inverse(double_divide(X3,inverse(double_divide(X1,X4))))) = double_divide(X1,double_divide(double_divide(X0,X3),inverse(X4))) [forward demodulation 5063,4859]
5117. double_divide(X0,inverse(double_divide(X4,X5))) = double_divide(double_divide(X2,inverse(double_divide(double_divide(X0,X2),double_divide(X1,X3)))),double_divide(X1,inverse(double_divide(double_divide(X5,X4),X3)))) [forward demodulation 5073,588]
5148. double_divide(X1,double_divide(double_divide(X0,X3),inverse(X4))) = double_divide(X0,double_divide(double_divide(X1,X4),inverse(X3))) [forward demodulation 5109,633]
5156. double_divide(X0,inverse(double_divide(X4,X5))) = double_divide(double_divide(double_divide(X0,X2),double_divide(X1,X3)),double_divide(X2,inverse(double_divide(X1,inverse(double_divide(double_divide(X5,X4),X3)))))) [forward demodulation 5117,3169]
5186. double_divide(X0,inverse(double_divide(X4,X5))) = double_divide(double_divide(double_divide(X0,X2),double_divide(X1,X3)),inverse(double_divide(double_divide(X2,double_divide(X5,X4)),double_divide(X1,X3)))) [forward demodulation 5156,588]
5211. double_divide(X0,inverse(double_divide(X4,X5))) = double_divide(double_divide(X2,double_divide(X5,X4)),inverse(double_divide(X0,X2))) [forward demodulation 5186,1418]
5233. double_divide(X0,inverse(double_divide(X4,X5))) = double_divide(X2,inverse(double_divide(X0,double_divide(X2,double_divide(X5,X4))))) [forward demodulation 5211,1952]
5315. inverse(double_divide(X0,X1)) = inverse(double_divide(X1,X0)) [superposition 4,1385]
5334. double_divide(X3,X0) = inverse(double_divide(double_divide(double_divide(double_divide(X1,X2),inverse(double_divide(inverse(X0),X2))),X3),X1)) [superposition 8,1385]
5363. double_divide(double_divide(X1,inverse(X0)),X2) = inverse(double_divide(double_divide(X4,double_divide(double_divide(inverse(double_divide(X2,X3)),X0),X3)),inverse(double_divide(X4,X1)))) [superposition 13,1385]
5369. double_divide(X1,inverse(double_divide(X2,inverse(double_divide(X3,X4))))) = inverse(double_divide(X0,inverse(double_divide(double_divide(inverse(double_divide(X1,X3)),X0),double_divide(X2,X4))))) [superposition 22,1385]
5375. inverse(double_divide(X1,inverse(X0))) = double_divide(inverse(X1),X0) [superposition 351,1385]
5385. double_divide(X1,inverse(double_divide(X2,inverse(double_divide(X3,X4))))) = double_divide(double_divide(double_divide(inverse(double_divide(X1,X3)),X0),double_divide(X2,X4)),inverse(X0)) [forward demodulation 5369,633]
5391. double_divide(double_divide(X1,inverse(X0)),X2) = double_divide(inverse(double_divide(double_divide(X4,X1),X4)),double_divide(double_divide(inverse(double_divide(X2,X3)),X0),X3)) [forward demodulation 5363,583]
5416. double_divide(X3,X0) = inverse(double_divide(double_divide(double_divide(X1,inverse(double_divide(inverse(X0),X2))),X3),double_divide(X1,X2))) [forward demodulation 5334,1059]
5463. double_divide(X1,inverse(double_divide(X2,inverse(double_divide(X3,X4))))) = double_divide(double_divide(X0,double_divide(X2,X4)),inverse(double_divide(inverse(double_divide(X1,X3)),X0))) [forward demodulation 5385,4282]
5468. double_divide(double_divide(X1,inverse(X0)),X2) = double_divide(double_divide(X4,X1),inverse(double_divide(X4,double_divide(double_divide(inverse(double_divide(X2,X3)),X0),X3)))) [forward demodulation 5391,1010]
5493. double_divide(X3,X0) = double_divide(double_divide(X1,inverse(double_divide(inverse(X0),X2))),double_divide(double_divide(X3,X1),inverse(X2))) [forward demodulation 5416,4859]
5533. double_divide(X1,inverse(double_divide(X2,inverse(double_divide(X3,X4))))) = double_divide(X0,inverse(double_divide(inverse(double_divide(X1,X3)),double_divide(X0,double_divide(X2,X4))))) [forward demodulation 5463,1952]
5538. double_divide(double_divide(X1,inverse(X0)),X2) = double_divide(double_divide(X1,X3),inverse(double_divide(inverse(double_divide(X2,X3)),X0))) [forward demodulation 5468,1382]
5561. double_divide(X3,X0) = double_divide(double_divide(inverse(X0),X2),double_divide(X1,inverse(double_divide(double_divide(X3,X1),inverse(X2))))) [forward demodulation 5493,3169]
5596. double_divide(X1,inverse(double_divide(X2,inverse(double_divide(X3,X4))))) = double_divide(inverse(double_divide(X1,X3)),inverse(double_divide(X4,X2))) [forward demodulation 5533,5233]
5601. double_divide(double_divide(X1,inverse(X0)),X2) = double_divide(double_divide(X1,X3),inverse(double_divide(X2,inverse(double_divide(X3,X0))))) [forward demodulation 5538,1010]
5622. double_divide(X3,X0) = double_divide(double_divide(inverse(X0),X2),double_divide(X1,double_divide(inverse(double_divide(X2,X3)),X1))) [forward demodulation 5561,583]
5645. double_divide(X1,inverse(double_divide(X2,inverse(double_divide(X3,X4))))) = inverse(double_divide(double_divide(X1,X4),double_divide(X3,X2))) [forward demodulation 5596,94]
5650. double_divide(double_divide(X1,inverse(X0)),X2) = inverse(double_divide(double_divide(double_divide(X1,X3),X3),double_divide(X2,X0))) [forward demodulation 5601,588]
5668. double_divide(X3,X0) = double_divide(double_divide(inverse(X0),X2),inverse(double_divide(X2,X3))) [forward demodulation 5622,2104]
5683. double_divide(X1,inverse(double_divide(X2,inverse(double_divide(X3,X4))))) = double_divide(X1,double_divide(double_divide(X4,X3),inverse(X2))) [forward demodulation 5645,4859]
5688. double_divide(double_divide(X1,inverse(X0)),X2) = double_divide(double_divide(X1,X3),double_divide(double_divide(X3,X2),inverse(X0))) [forward demodulation 5650,4859]
5703. double_divide(X3,X0) = double_divide(X2,inverse(double_divide(double_divide(inverse(X0),X2),X3))) [forward demodulation 5668,4884]
5713. double_divide(X1,double_divide(double_divide(X3,X4),inverse(X2))) = double_divide(X1,double_divide(double_divide(X4,X3),inverse(X2))) [forward demodulation 5683,633]
5718. double_divide(double_divide(X1,inverse(X0)),X2) = double_divide(X3,double_divide(double_divide(double_divide(X1,X3),X0),inverse(X2))) [forward demodulation 5688,5148]
5736. double_divide(double_divide(X1,inverse(X0)),X2) = double_divide(X3,double_divide(X1,inverse(double_divide(double_divide(X2,X0),X3)))) [forward demodulation 5718,4885]
5866. inverse(double_divide(double_divide(double_divide(X1,inverse(double_divide(X4,inverse(double_divide(X2,X5))))),inverse(X0)),double_divide(X4,X5))) = double_divide(double_divide(inverse(double_divide(inverse(double_divide(X1,X2)),X3)),X0),X3) [superposition 16,1385]
5881. double_divide(double_divide(double_divide(inverse(double_divide(double_divide(inverse(double_divide(X1,X2)),X3),X0)),X4),X4),X3) = inverse(double_divide(double_divide(double_divide(X1,inverse(double_divide(X5,inverse(double_divide(X2,X6))))),X0),double_divide(X5,X6))) [superposition 16,68]
5911. double_divide(X2,double_divide(X3,X4)) = inverse(double_divide(double_divide(X5,inverse(double_divide(X2,double_divide(X0,X1)))),inverse(double_divide(X5,double_divide(double_divide(X6,inverse(double_divide(X3,inverse(double_divide(X7,X4))))),inverse(double_divide(X0,inverse(double_divide(inverse(double_divide(X6,X7)),X1))))))))) [superposition 3,16]
5924. double_divide(X2,double_divide(X3,X4)) = inverse(double_divide(double_divide(double_divide(double_divide(X5,X6),inverse(double_divide(double_divide(double_divide(X7,inverse(double_divide(X3,inverse(double_divide(X8,X4))))),inverse(double_divide(X0,inverse(double_divide(inverse(double_divide(X7,X8)),X1))))),X6))),inverse(double_divide(X2,double_divide(X0,X1)))),X5)) [superposition 17,16]
5930. double_divide(double_divide(X2,inverse(double_divide(X3,inverse(double_divide(X4,X5))))),inverse(double_divide(X0,inverse(double_divide(inverse(double_divide(X2,X4)),X1))))) = double_divide(double_divide(double_divide(X0,X1),X6),inverse(double_divide(double_divide(X3,X5),X6))) [superposition 30,16]
5945. double_divide(double_divide(X3,X5),inverse(double_divide(X0,X1))) = double_divide(double_divide(X2,inverse(double_divide(X3,inverse(double_divide(X4,X5))))),inverse(double_divide(X0,inverse(double_divide(inverse(double_divide(X2,X4)),X1))))) [forward demodulation 5930,1418]
5951. double_divide(X2,double_divide(X3,X4)) = double_divide(double_divide(double_divide(double_divide(double_divide(X5,X6),inverse(double_divide(double_divide(double_divide(X7,inverse(double_divide(X3,inverse(double_divide(X8,X4))))),inverse(double_divide(X0,inverse(double_divide(inverse(double_divide(X7,X8)),X1))))),X6))),double_divide(X0,X1)),X5),X2) [forward demodulation 5924,1217]
5964. double_divide(X2,double_divide(X3,X4)) = double_divide(inverse(double_divide(double_divide(X5,double_divide(double_divide(X6,inverse(double_divide(X3,inverse(double_divide(X7,X4))))),inverse(double_divide(X0,inverse(double_divide(inverse(double_divide(X6,X7)),X1)))))),X5)),inverse(double_divide(X2,double_divide(X0,X1)))) [forward demodulation 5911,583]
5987. double_divide(double_divide(double_divide(inverse(double_divide(double_divide(inverse(double_divide(X1,X2)),X3),X0)),X4),X4),X3) = double_divide(double_divide(X1,inverse(double_divide(X5,inverse(double_divide(X2,X6))))),double_divide(double_divide(X0,X5),inverse(X6))) [forward demodulation 5881,4859]
6001. inverse(double_divide(double_divide(double_divide(X1,inverse(double_divide(X4,inverse(double_divide(X2,X5))))),inverse(X0)),double_divide(X4,X5))) = double_divide(X3,double_divide(inverse(double_divide(inverse(double_divide(X1,X2)),X3)),X0)) [forward demodulation 5866,1809]
6099. double_divide(double_divide(X3,X5),inverse(double_divide(X0,X1))) = inverse(double_divide(double_divide(double_divide(X2,inverse(double_divide(X3,inverse(double_divide(X4,X5))))),inverse(double_divide(X2,X4))),double_divide(X0,X1))) [forward demodulation 5945,588]
6105. double_divide(X2,double_divide(X3,X4)) = double_divide(X2,double_divide(double_divide(double_divide(X7,inverse(double_divide(X3,inverse(double_divide(X8,X4))))),inverse(double_divide(X0,inverse(double_divide(inverse(double_divide(X7,X8)),X1))))),inverse(double_divide(X0,X1)))) [forward demodulation 5951,1662]
6118. double_divide(X2,double_divide(X3,X4)) = double_divide(double_divide(double_divide(inverse(double_divide(X2,double_divide(X0,X1))),inverse(double_divide(inverse(double_divide(X6,X7)),X1))),inverse(double_divide(X6,inverse(double_divide(X3,inverse(double_divide(X7,X4))))))),X0) [forward demodulation 5964,889]
6141. double_divide(double_divide(double_divide(inverse(double_divide(double_divide(inverse(double_divide(X1,X2)),X3),X0)),X4),X4),X3) = double_divide(double_divide(X5,inverse(double_divide(X2,X6))),double_divide(X1,inverse(double_divide(double_divide(X0,X5),inverse(X6))))) [forward demodulation 5987,3169]
6155. inverse(double_divide(double_divide(double_divide(X1,inverse(double_divide(X4,inverse(double_divide(X2,X5))))),inverse(X0)),double_divide(X4,X5))) = double_divide(X3,double_divide(inverse(double_divide(X1,X2)),inverse(double_divide(X3,X0)))) [forward demodulation 6001,1010]
6253. double_divide(double_divide(X3,X5),inverse(double_divide(X0,X1))) = double_divide(double_divide(X2,inverse(double_divide(X3,inverse(double_divide(X4,X5))))),double_divide(double_divide(inverse(double_divide(X2,X4)),X0),inverse(X1))) [forward demodulation 6099,4859]
6259. double_divide(X2,double_divide(X3,X4)) = double_divide(X2,double_divide(double_divide(double_divide(X0,X1),double_divide(X7,inverse(double_divide(X3,inverse(double_divide(X8,X4)))))),inverse(inverse(double_divide(X0,inverse(double_divide(inverse(double_divide(X7,X8)),X1))))))) [forward demodulation 6105,5012]
6272. double_divide(X2,double_divide(X3,X4)) = double_divide(double_divide(double_divide(X0,inverse(double_divide(inverse(double_divide(X6,X7)),X1))),inverse(double_divide(X6,inverse(double_divide(X3,inverse(double_divide(X7,X4))))))),inverse(double_divide(X2,double_divide(X0,X1)))) [forward demodulation 6118,4981]
6295. double_divide(double_divide(double_divide(inverse(double_divide(double_divide(inverse(double_divide(X1,X2)),X3),X0)),X4),X4),X3) = double_divide(double_divide(X2,X6),double_divide(X5,inverse(double_divide(X1,inverse(double_divide(double_divide(X0,X5),inverse(X6))))))) [forward demodulation 6141,3169]
6309. inverse(double_divide(inverse(double_divide(X1,X2)),X0)) = inverse(double_divide(double_divide(double_divide(X1,inverse(double_divide(X4,inverse(double_divide(X2,X5))))),inverse(X0)),double_divide(X4,X5))) [forward demodulation 6155,4400]
6406. double_divide(double_divide(X3,X5),inverse(double_divide(X0,X1))) = double_divide(double_divide(X3,inverse(double_divide(X4,X5))),double_divide(X2,inverse(double_divide(double_divide(inverse(double_divide(X2,X4)),X0),inverse(X1))))) [forward demodulation 6253,3169]
6412. double_divide(X2,double_divide(X3,X4)) = double_divide(X2,double_divide(X0,inverse(double_divide(double_divide(inverse(double_divide(X0,inverse(double_divide(inverse(double_divide(X7,X8)),X1)))),double_divide(X7,inverse(double_divide(X3,inverse(double_divide(X8,X4)))))),X1)))) [forward demodulation 6259,4885]
6425. double_divide(X2,double_divide(X3,X4)) = double_divide(X0,inverse(double_divide(double_divide(double_divide(X2,double_divide(X0,X1)),inverse(double_divide(X6,inverse(double_divide(X3,inverse(double_divide(X7,X4))))))),inverse(double_divide(inverse(double_divide(X6,X7)),X1))))) [forward demodulation 6272,4885]
6448. double_divide(double_divide(double_divide(inverse(double_divide(double_divide(inverse(double_divide(X1,X2)),X3),X0)),X4),X4),X3) = double_divide(double_divide(X2,X6),inverse(double_divide(double_divide(X5,double_divide(X0,X5)),double_divide(X1,inverse(X6))))) [forward demodulation 6295,588]
6462. inverse(double_divide(inverse(double_divide(X1,X2)),X0)) = double_divide(double_divide(X1,inverse(double_divide(X4,inverse(double_divide(X2,X5))))),double_divide(double_divide(inverse(X0),X4),inverse(X5))) [forward demodulation 6309,4859]
6559. double_divide(double_divide(X3,X5),inverse(double_divide(X0,X1))) = double_divide(double_divide(X4,X5),double_divide(X3,inverse(double_divide(X2,inverse(double_divide(double_divide(inverse(double_divide(X2,X4)),X0),inverse(X1))))))) [forward demodulation 6406,3169]
6565. double_divide(X2,double_divide(X3,X4)) = double_divide(X2,double_divide(X0,inverse(double_divide(X1,double_divide(inverse(double_divide(X0,inverse(double_divide(inverse(double_divide(X7,X8)),X1)))),double_divide(X7,inverse(double_divide(X3,inverse(double_divide(X8,X4)))))))))) [forward demodulation 6412,4984]
6578. double_divide(X2,double_divide(X3,X4)) = inverse(double_divide(double_divide(X0,inverse(double_divide(X6,X7))),double_divide(double_divide(double_divide(X2,double_divide(X0,X1)),inverse(double_divide(X6,inverse(double_divide(X3,inverse(double_divide(X7,X4))))))),X1))) [forward demodulation 6425,588]
6600. double_divide(double_divide(double_divide(inverse(double_divide(double_divide(inverse(double_divide(X1,X2)),X3),X0)),X4),X4),X3) = double_divide(double_divide(X2,X6),double_divide(X5,double_divide(double_divide(double_divide(X0,X5),X1),inverse(inverse(X6))))) [forward demodulation 6448,4859]
6614. inverse(double_divide(inverse(double_divide(X1,X2)),X0)) = double_divide(double_divide(X4,inverse(double_divide(X2,X5))),double_divide(X1,inverse(double_divide(double_divide(inverse(X0),X4),inverse(X5))))) [forward demodulation 6462,3169]
6711. double_divide(double_divide(X3,X5),inverse(double_divide(X0,X1))) = double_divide(double_divide(X4,X5),inverse(double_divide(double_divide(X3,double_divide(inverse(double_divide(X2,X4)),X0)),double_divide(X2,inverse(X1))))) [forward demodulation 6559,588]
6717. double_divide(X2,double_divide(X3,X4)) = double_divide(X2,double_divide(X0,inverse(double_divide(X1,double_divide(X0,inverse(double_divide(inverse(double_divide(inverse(double_divide(X7,X8)),X1)),double_divide(X7,inverse(double_divide(X3,inverse(double_divide(X8,X4)))))))))))) [forward demodulation 6565,1010]
6730. double_divide(X2,double_divide(X3,X4)) = double_divide(X0,double_divide(double_divide(inverse(double_divide(X6,X7)),double_divide(double_divide(X2,double_divide(X0,X1)),inverse(double_divide(X6,inverse(double_divide(X3,inverse(double_divide(X7,X4)))))))),inverse(X1))) [forward demodulation 6578,4859]
6752. double_divide(double_divide(double_divide(inverse(double_divide(double_divide(inverse(double_divide(X1,X2)),X3),X0)),X4),X4),X3) = double_divide(double_divide(X2,X6),double_divide(X5,double_divide(X0,inverse(double_divide(double_divide(inverse(X6),X1),X5))))) [forward demodulation 6600,4885]
6766. inverse(double_divide(inverse(double_divide(X1,X2)),X0)) = double_divide(double_divide(X2,X5),double_divide(X4,inverse(double_divide(X1,inverse(double_divide(double_divide(inverse(X0),X4),inverse(X5))))))) [forward demodulation 6614,3169]
6863. double_divide(double_divide(X3,X5),inverse(double_divide(X0,X1))) = double_divide(double_divide(X4,X5),double_divide(X3,double_divide(double_divide(double_divide(inverse(double_divide(X2,X4)),X0),X2),inverse(inverse(X1))))) [forward demodulation 6711,4859]
6869. double_divide(X2,double_divide(X3,X4)) = double_divide(X2,double_divide(X0,inverse(double_divide(X1,double_divide(X0,inverse(double_divide(inverse(double_divide(X7,X8)),inverse(double_divide(X1,double_divide(X7,inverse(double_divide(X3,inverse(double_divide(X8,X4)))))))))))))) [forward demodulation 6717,1010]
6882. double_divide(X2,double_divide(X3,X4)) = double_divide(X0,double_divide(double_divide(X1,inverse(double_divide(X6,X7))),inverse(double_divide(double_divide(X2,double_divide(X0,X1)),inverse(double_divide(X6,inverse(double_divide(X3,inverse(double_divide(X7,X4)))))))))) [forward demodulation 6730,5012]
6904. double_divide(double_divide(double_divide(inverse(double_divide(double_divide(inverse(double_divide(X1,X2)),X3),X0)),X4),X4),X3) = double_divide(double_divide(X2,X6),double_divide(double_divide(X0,inverse(X1)),inverse(X6))) [forward demodulation 6752,5736]
6918. inverse(double_divide(inverse(double_divide(X1,X2)),X0)) = double_divide(double_divide(X2,X5),inverse(double_divide(double_divide(X4,double_divide(inverse(X0),X4)),double_divide(X1,inverse(X5))))) [forward demodulation 6766,588]
7015. double_divide(double_divide(X3,X5),inverse(double_divide(X0,X1))) = double_divide(double_divide(X4,X5),double_divide(X3,double_divide(double_divide(X2,double_divide(inverse(double_divide(X2,X4)),X0)),inverse(inverse(X1))))) [forward demodulation 6863,5713]
7021. double_divide(X2,double_divide(X3,X4)) = double_divide(X2,double_divide(X0,inverse(double_divide(X1,inverse(double_divide(double_divide(X0,X1),double_divide(inverse(double_divide(X7,X8)),double_divide(X7,inverse(double_divide(X3,inverse(double_divide(X8,X4)))))))))))) [forward demodulation 6869,588]
7034. double_divide(X2,double_divide(X3,X4)) = double_divide(X0,double_divide(double_divide(X1,inverse(double_divide(double_divide(X6,inverse(double_divide(X3,inverse(double_divide(X7,X4))))),inverse(double_divide(X6,X7))))),double_divide(X2,double_divide(X0,X1)))) [forward demodulation 6882,560]
7054. double_divide(double_divide(double_divide(inverse(double_divide(double_divide(inverse(double_divide(X1,X2)),X3),X0)),X4),X4),X3) = inverse(double_divide(double_divide(X0,inverse(X1)),X2)) [forward demodulation 6904,1925]
7068. inverse(double_divide(inverse(double_divide(X1,X2)),X0)) = double_divide(double_divide(X2,X5),double_divide(X4,double_divide(double_divide(double_divide(inverse(X0),X4),X1),inverse(inverse(X5))))) [forward demodulation 6918,4859]
7165. double_divide(double_divide(X3,X5),inverse(double_divide(X0,X1))) = double_divide(double_divide(X4,X5),double_divide(X3,double_divide(double_divide(X2,double_divide(inverse(double_divide(X2,X4)),X0)),X1))) [forward demodulation 7015,2531]
7171. double_divide(X2,double_divide(X3,X4)) = double_divide(X2,inverse(double_divide(double_divide(X0,double_divide(X0,X1)),double_divide(X1,double_divide(inverse(double_divide(X7,X8)),double_divide(X7,inverse(double_divide(X3,inverse(double_divide(X8,X4)))))))))) [forward demodulation 7021,588]
7184. double_divide(X2,double_divide(X3,X4)) = double_divide(X0,double_divide(double_divide(double_divide(X6,inverse(double_divide(X3,inverse(double_divide(X7,X4))))),inverse(double_divide(X6,X7))),double_divide(X1,inverse(double_divide(X2,double_divide(X0,X1)))))) [forward demodulation 7034,3169]
7203. inverse(double_divide(double_divide(X0,inverse(X1)),X2)) = double_divide(X3,double_divide(double_divide(inverse(double_divide(double_divide(inverse(double_divide(X1,X2)),X3),X0)),X4),X4)) [forward demodulation 7054,1809]
7217. inverse(double_divide(inverse(double_divide(X1,X2)),X0)) = double_divide(double_divide(X2,X5),double_divide(X4,double_divide(inverse(X0),inverse(double_divide(double_divide(inverse(X5),X1),X4))))) [forward demodulation 7068,4885]
7312. double_divide(double_divide(X3,X5),inverse(double_divide(X0,X1))) = double_divide(double_divide(X4,X5),double_divide(X3,double_divide(double_divide(X2,double_divide(X2,inverse(double_divide(X4,X0)))),X1))) [forward demodulation 7165,1010]
7318. double_divide(X2,double_divide(X3,X4)) = double_divide(X2,double_divide(X0,double_divide(double_divide(double_divide(X0,X1),X1),inverse(double_divide(inverse(double_divide(X7,X8)),double_divide(X7,inverse(double_divide(X3,inverse(double_divide(X8,X4)))))))))) [forward demodulation 7171,4859]
7329. double_divide(X2,double_divide(X3,X4)) = double_divide(X0,double_divide(double_divide(X6,X7),double_divide(double_divide(X6,inverse(double_divide(X3,inverse(double_divide(X7,X4))))),inverse(double_divide(X1,inverse(double_divide(X2,double_divide(X0,X1)))))))) [forward demodulation 7184,3169]
7347. inverse(double_divide(double_divide(X0,inverse(X1)),X2)) = double_divide(X3,inverse(double_divide(double_divide(inverse(double_divide(X1,X2)),X3),X0))) [forward demodulation 7203,592]
7361. inverse(double_divide(inverse(double_divide(X1,X2)),X0)) = double_divide(double_divide(X2,X5),double_divide(double_divide(inverse(X0),inverse(X1)),inverse(X5))) [forward demodulation 7217,5736]
7455. double_divide(double_divide(X3,X5),inverse(double_divide(X0,X1))) = double_divide(double_divide(X4,X5),double_divide(X3,double_divide(inverse(double_divide(X4,X0)),X1))) [forward demodulation 7312,1408]
7460. double_divide(X2,double_divide(X3,X4)) = double_divide(X2,double_divide(X0,double_divide(double_divide(X1,double_divide(X0,X1)),inverse(double_divide(inverse(double_divide(X7,X8)),double_divide(X7,inverse(double_divide(X3,inverse(double_divide(X8,X4)))))))))) [forward demodulation 7318,5713]
7471. double_divide(X2,double_divide(X3,X4)) = double_divide(X0,double_divide(X6,double_divide(double_divide(double_divide(X6,X7),double_divide(X1,inverse(double_divide(X2,double_divide(X0,X1))))),inverse(inverse(double_divide(X3,inverse(double_divide(X7,X4)))))))) [forward demodulation 7329,5148]
7488. double_divide(X0,double_divide(X1,X2)) = inverse(double_divide(double_divide(X0,inverse(X1)),X2)) [forward demodulation 7347,5703]
7502. inverse(double_divide(inverse(double_divide(X1,X2)),X0)) = inverse(double_divide(double_divide(inverse(X0),inverse(X1)),X2)) [forward demodulation 7361,1925]
7594. double_divide(double_divide(X3,X5),inverse(double_divide(X0,X1))) = double_divide(double_divide(X4,X5),double_divide(X3,double_divide(X4,inverse(double_divide(X0,X1))))) [forward demodulation 7455,1010]
7599. double_divide(X2,double_divide(X3,X4)) = double_divide(X2,double_divide(X0,double_divide(double_divide(X1,double_divide(X0,X1)),inverse(double_divide(X7,inverse(double_divide(X8,double_divide(X7,inverse(double_divide(X3,inverse(double_divide(X8,X4)))))))))))) [forward demodulation 7460,1010]
7610. double_divide(X2,double_divide(X3,X4)) = double_divide(X0,double_divide(X6,double_divide(X6,inverse(double_divide(double_divide(inverse(double_divide(X3,inverse(double_divide(X7,X4)))),double_divide(X1,inverse(double_divide(X2,double_divide(X0,X1))))),X7))))) [forward demodulation 7471,4885]
7636. inverse(double_divide(inverse(double_divide(X1,X2)),X0)) = double_divide(inverse(X0),double_divide(X1,X2)) [forward demodulation 7502,7488]
7724. double_divide(X2,double_divide(X3,X4)) = double_divide(X2,double_divide(X0,inverse(double_divide(double_divide(double_divide(X1,double_divide(X0,X1)),X8),double_divide(X7,double_divide(X7,inverse(double_divide(X3,inverse(double_divide(X8,X4)))))))))) [forward demodulation 7599,588]
7734. double_divide(X2,double_divide(X3,X4)) = double_divide(X0,inverse(double_divide(double_divide(inverse(double_divide(X3,inverse(double_divide(X7,X4)))),double_divide(X1,inverse(double_divide(X2,double_divide(X0,X1))))),X7))) [forward demodulation 7610,1408]
7757. inverse(double_divide(X1,inverse(double_divide(X2,X0)))) = double_divide(inverse(X0),double_divide(X1,X2)) [forward demodulation 7636,1010]
7843. double_divide(X2,double_divide(X3,X4)) = double_divide(X2,double_divide(X0,double_divide(double_divide(X1,double_divide(X0,X1)),double_divide(double_divide(X8,X7),inverse(double_divide(X7,inverse(double_divide(X3,inverse(double_divide(X8,X4)))))))))) [forward demodulation 7724,4859]
7852. double_divide(X2,double_divide(X3,X4)) = double_divide(X0,inverse(double_divide(X7,double_divide(inverse(double_divide(X3,inverse(double_divide(X7,X4)))),double_divide(X1,inverse(double_divide(X2,double_divide(X0,X1)))))))) [forward demodulation 7734,4984]
7872. double_divide(double_divide(X2,X0),inverse(X1)) = double_divide(inverse(X0),double_divide(X1,X2)) [forward demodulation 7757,633]
7945. double_divide(X2,double_divide(X3,X4)) = double_divide(X2,double_divide(X0,double_divide(double_divide(X1,double_divide(X0,X1)),inverse(double_divide(double_divide(double_divide(X8,X7),X3),double_divide(X7,inverse(double_divide(X8,X4)))))))) [forward demodulation 7843,588]
7954. double_divide(X2,double_divide(X3,X4)) = double_divide(X0,inverse(double_divide(X7,double_divide(X3,inverse(double_divide(inverse(double_divide(X7,X4)),double_divide(X1,inverse(double_divide(X2,double_divide(X0,X1)))))))))) [forward demodulation 7852,1010]
8042. double_divide(X2,double_divide(X3,X4)) = double_divide(X2,double_divide(X0,double_divide(inverse(double_divide(X0,X1)),double_divide(double_divide(double_divide(double_divide(X8,X7),X3),double_divide(X7,inverse(double_divide(X8,X4)))),X1)))) [forward demodulation 7945,7872]
8051. double_divide(X2,double_divide(X3,X4)) = double_divide(X0,inverse(double_divide(X7,double_divide(X3,inverse(double_divide(X7,inverse(double_divide(X4,double_divide(X1,inverse(double_divide(X2,double_divide(X0,X1)))))))))))) [forward demodulation 7954,1010]
8134. double_divide(X2,double_divide(X3,X4)) = double_divide(X2,double_divide(X0,double_divide(X0,inverse(double_divide(X1,double_divide(double_divide(double_divide(double_divide(X8,X7),X3),double_divide(X7,inverse(double_divide(X8,X4)))),X1)))))) [forward demodulation 8042,1010]
8143. double_divide(X2,double_divide(X3,X4)) = double_divide(X0,double_divide(inverse(double_divide(X4,double_divide(X1,inverse(double_divide(X2,double_divide(X0,X1)))))),X3)) [forward demodulation 8051,1959]
8217. double_divide(X2,double_divide(X3,X4)) = double_divide(X2,inverse(double_divide(X1,double_divide(double_divide(double_divide(double_divide(X8,X7),X3),double_divide(X7,inverse(double_divide(X8,X4)))),X1)))) [forward demodulation 8134,1408]
8225. double_divide(X2,double_divide(X3,X4)) = double_divide(X0,double_divide(X4,inverse(double_divide(double_divide(X1,inverse(double_divide(X2,double_divide(X0,X1)))),X3)))) [forward demodulation 8143,1010]
8290. double_divide(X2,double_divide(X3,X4)) = double_divide(X2,inverse(double_divide(double_divide(double_divide(X8,X7),X3),double_divide(X7,inverse(double_divide(X8,X4)))))) [forward demodulation 8217,2104]
8297. double_divide(X2,double_divide(X3,X4)) = double_divide(X0,double_divide(X4,double_divide(double_divide(double_divide(X1,double_divide(X0,X1)),X3),X2))) [forward demodulation 8225,1217]
8351. double_divide(X2,double_divide(X3,X4)) = double_divide(X2,double_divide(double_divide(X8,X7),double_divide(double_divide(X3,X7),inverse(inverse(double_divide(X8,X4)))))) [forward demodulation 8290,4859]
8358. double_divide(X2,double_divide(X3,X4)) = double_divide(X0,double_divide(X4,double_divide(double_divide(X0,X3),X2))) [forward demodulation 8297,2104]
8397. double_divide(X2,double_divide(X3,X4)) = double_divide(X2,double_divide(double_divide(X8,X7),double_divide(inverse(X7),double_divide(inverse(double_divide(X8,X4)),X3)))) [forward demodulation 8351,7872]
8437. double_divide(X2,double_divide(X3,X4)) = double_divide(X2,double_divide(double_divide(X8,X7),double_divide(inverse(X7),double_divide(X8,inverse(double_divide(X4,X3)))))) [forward demodulation 8397,1010]
8475. double_divide(X2,double_divide(X3,X4)) = double_divide(X2,double_divide(double_divide(inverse(X7),X7),inverse(double_divide(X4,X3)))) [forward demodulation 8437,7594]
8508. double_divide(X2,double_divide(X3,X4)) = double_divide(X2,double_divide(double_divide(X7,inverse(X7)),inverse(double_divide(X4,X3)))) [forward demodulation 8475,5713]
8534. double_divide(X2,double_divide(X3,X4)) = double_divide(X2,double_divide(inverse(inverse(X7)),double_divide(double_divide(X4,X3),X7))) [forward demodulation 8508,7872]
8556. double_divide(X2,double_divide(X3,X4)) = double_divide(X2,double_divide(X7,double_divide(double_divide(X4,X3),X7))) [forward demodulation 8534,2531]
8576. double_divide(X2,double_divide(X3,X4)) = double_divide(X2,double_divide(X4,X3)) [forward demodulation 8556,2104]
10376. double_divide(double_divide(X1,inverse(double_divide(X2,inverse(double_divide(X3,X4))))),X3) = inverse(double_divide(X0,inverse(double_divide(double_divide(double_divide(double_divide(X0,double_divide(X2,X4)),X5),X5),X1)))) [superposition 13,1257]
10377. double_divide(double_divide(X1,inverse(double_divide(X2,inverse(double_divide(X3,X4))))),X3) = double_divide(double_divide(double_divide(double_divide(double_divide(X0,double_divide(X2,X4)),X5),X5),X1),inverse(X0)) [forward demodulation 10376,633]
10481. double_divide(double_divide(X1,inverse(double_divide(X2,inverse(double_divide(X3,X4))))),X3) = double_divide(double_divide(X0,X1),inverse(double_divide(double_divide(double_divide(X0,double_divide(X2,X4)),X5),X5))) [forward demodulation 10377,4282]
10570. double_divide(double_divide(X1,inverse(double_divide(X2,inverse(double_divide(X3,X4))))),X3) = double_divide(inverse(X1),double_divide(double_divide(double_divide(double_divide(X0,double_divide(X2,X4)),X5),X5),X0)) [forward demodulation 10481,7872]
10643. double_divide(double_divide(X1,inverse(double_divide(X2,inverse(double_divide(X3,X4))))),X3) = double_divide(inverse(X1),double_divide(X0,double_divide(double_divide(double_divide(X0,double_divide(X2,X4)),X5),X5))) [forward demodulation 10570,8576]
10711. double_divide(double_divide(X1,inverse(double_divide(X2,inverse(double_divide(X3,X4))))),X3) = double_divide(inverse(X1),double_divide(X0,double_divide(X5,double_divide(double_divide(X0,double_divide(X2,X4)),X5)))) [forward demodulation 10643,8576]
10775. double_divide(double_divide(X1,inverse(double_divide(X2,inverse(double_divide(X3,X4))))),X3) = double_divide(inverse(X1),double_divide(X5,double_divide(double_divide(X2,X4),X5))) [forward demodulation 10711,8358]
10834. double_divide(double_divide(X1,inverse(double_divide(X2,inverse(double_divide(X3,X4))))),X3) = double_divide(inverse(X1),double_divide(X2,X4)) [forward demodulation 10775,2104]
10886. double_divide(X3,double_divide(X1,inverse(double_divide(X2,inverse(double_divide(X3,X4)))))) = double_divide(inverse(X1),double_divide(X2,X4)) [forward demodulation 10834,1809]
10932. double_divide(X3,inverse(double_divide(double_divide(X1,X3),double_divide(X2,X4)))) = double_divide(inverse(X1),double_divide(X2,X4)) [forward demodulation 10886,588]
10970. double_divide(X3,double_divide(X1,double_divide(double_divide(X3,X2),inverse(X4)))) = double_divide(inverse(X1),double_divide(X2,X4)) [forward demodulation 10932,4859]
11005. double_divide(inverse(X4),double_divide(X2,X1)) = double_divide(inverse(X1),double_divide(X2,X4)) [forward demodulation 10970,8358]
19181. inverse(double_divide(c3,inverse(double_divide(b3,a3)))) != inverse(double_divide(a3,inverse(double_divide(c3,b3)))) [superposition 2,5315]
19214. inverse(double_divide(c3,inverse(double_divide(b3,a3)))) != double_divide(double_divide(c3,b3),inverse(a3)) [forward demodulation 19181,633]
19417. inverse(double_divide(c3,inverse(double_divide(b3,a3)))) != double_divide(inverse(b3),double_divide(a3,c3)) [forward demodulation 19214,7872]
19598. inverse(double_divide(c3,inverse(double_divide(b3,a3)))) != double_divide(inverse(c3),double_divide(a3,b3)) [forward demodulation 19417,11005]
19756. inverse(double_divide(c3,inverse(double_divide(b3,a3)))) != double_divide(inverse(c3),double_divide(b3,a3)) [forward demodulation 19598,8576]
19895. $false [forward subsumption resolution 19756,5375]
% SZS output end Proof for GRP595-1_clausified
% ------------------------------
% Version: Vampire 5.0.0 (Release build, commit 2e2c9b7b8 on 2026-01-17 12:24:14 +0100)
% Linked with Z3 4.14.0.0 3c47fd96cf5645d0c42b2c819d9e9a84380aa721 z3-4.8.4-9178-g3c47fd96c
% CaDiCaL version: 2.1.3
% Termination reason: Refutation
% Time elapsed: 0.237 s
% Peak memory usage: 59 MB
% Instructions burned: 785 (million)
% ------------------------------
% ------------------------------
