% Running in auto input_syntax mode. Trying TPTP
% Refutation found. Thanks to Tanya!
% SZS status Unsatisfiable for GRP201-1
% SZS output start Proof for GRP201-1
1. multiply(identity,X0) = X0 [input(axiom)]
2. multiply(X0,identity) = X0 [input(axiom)]
3. multiply(X0,left_division(X0,X1)) = X1 [input(axiom)]
4. left_division(X0,multiply(X0,X1)) = X1 [input(axiom)]
5. multiply(right_division(X0,X1),X1) = X0 [input(axiom)]
6. right_division(multiply(X0,X1),X1) = X0 [input(axiom)]
7. multiply(X0,right_inverse(X0)) = identity [input(axiom)]
8. identity = multiply(X0,right_inverse(X0)) [reorient equations 7]
9. multiply(left_inverse(X0),X0) = identity [input(axiom)]
10. identity = multiply(left_inverse(X0),X0) [reorient equations 9]
11. multiply(multiply(multiply(X0,X1),X2),X1) = multiply(X0,multiply(X1,multiply(X2,X1))) [input(axiom)]
12. multiply(multiply(multiply(a,b),a),c) != multiply(a,multiply(b,multiply(a,c))) [input(negated conjecture)]
23. identity = left_division(X0,X0) [superposition 4,2]
24. right_inverse(X0) = left_division(X0,identity) [superposition 4,8]
34. right_division(identity,right_inverse(X0)) = X0 [superposition 6,8]
37. left_inverse(X0) = right_division(identity,X0) [superposition 6,10]
40. left_inverse(right_inverse(X0)) = X0 [forward demodulation 34,37]
43. multiply(X0,multiply(right_inverse(X0),multiply(X1,right_inverse(X0)))) = multiply(multiply(identity,X1),right_inverse(X0)) [superposition 11,8]
44. multiply(X1,multiply(left_division(X1,X0),multiply(X2,left_division(X1,X0)))) = multiply(multiply(X0,X2),left_division(X1,X0)) [superposition 11,3]
45. multiply(identity,multiply(X0,multiply(X1,X0))) = multiply(multiply(X0,X1),X0) [superposition 11,1]
46. multiply(multiply(multiply(X0,X1),X2),multiply(X1,multiply(X3,X1))) = multiply(multiply(multiply(X0,multiply(X1,multiply(X2,X1))),X3),X1) [superposition 11,11]
47. multiply(right_division(X0,X1),multiply(X1,multiply(X2,X1))) = multiply(multiply(X0,X2),X1) [superposition 11,5]
48. multiply(left_inverse(X0),multiply(X0,multiply(X1,X0))) = multiply(multiply(identity,X1),X0) [superposition 11,10]
50. multiply(X0,multiply(X1,multiply(identity,X1))) = multiply(multiply(X0,X1),X1) [superposition 11,2]
52. multiply(X0,X2) = multiply(X1,multiply(X2,multiply(left_division(multiply(X1,X2),X0),X2))) [superposition 11,3]
54. multiply(multiply(X0,X1),X2) = right_division(multiply(X0,multiply(X1,multiply(X2,X1))),X1) [superposition 6,11]
60. multiply(multiply(X0,X1),X1) = multiply(X0,multiply(X1,X1)) [forward demodulation 50,1]
61. multiply(X1,X0) = multiply(left_inverse(X0),multiply(X0,multiply(X1,X0))) [forward demodulation 48,1]
62. multiply(X0,multiply(X1,X0)) = multiply(multiply(X0,X1),X0) [forward demodulation 45,1]
63. multiply(X1,right_inverse(X0)) = multiply(X0,multiply(right_inverse(X0),multiply(X1,right_inverse(X0)))) [forward demodulation 43,1]
137. multiply(identity,X0) = multiply(X0,multiply(right_inverse(X0),X0)) [superposition 62,8]
138. multiply(X0,X1) = multiply(X1,multiply(left_division(X1,X0),X1)) [superposition 62,3]
148. multiply(a,multiply(b,multiply(a,c))) != multiply(multiply(a,multiply(b,a)),c) [superposition 12,62]
158. multiply(X0,multiply(right_inverse(X0),X0)) = X0 [forward demodulation 137,1]
218. left_division(X0,X0) = multiply(right_inverse(X0),X0) [superposition 4,158]
223. identity = multiply(right_inverse(X0),X0) [forward demodulation 218,23]
244. multiply(left_inverse(X1),multiply(X1,X0)) = X0 [superposition 61,5]
273. left_division(right_inverse(X0),identity) = X0 [superposition 4,223]
285. right_inverse(right_inverse(X0)) = X0 [forward demodulation 273,24]
295. multiply(X1,multiply(right_inverse(X1),X0)) = X0 [superposition 63,5]
302. multiply(right_inverse(X1),multiply(X0,right_inverse(X1))) = left_division(X1,multiply(X0,right_inverse(X1))) [superposition 4,63]
327. right_inverse(X0) = left_inverse(X0) [superposition 40,285]
340. multiply(multiply(X0,X1),right_inverse(X1)) = multiply(right_division(X0,right_inverse(X1)),multiply(right_inverse(X1),identity)) [superposition 47,8]
351. multiply(right_division(X1,X0),X0) = multiply(multiply(X1,right_inverse(X0)),X0) [superposition 47,158]
355. multiply(X2,multiply(X1,X2)) = left_division(right_division(X0,X2),multiply(multiply(X0,X1),X2)) [superposition 4,47]
365. multiply(multiply(X1,right_inverse(X0)),X0) = X1 [forward demodulation 351,5]
371. multiply(right_division(X0,right_inverse(X1)),right_inverse(X1)) = multiply(multiply(X0,X1),right_inverse(X1)) [forward demodulation 340,2]
386. multiply(multiply(X0,X1),right_inverse(X1)) = X0 [forward demodulation 371,5]
433. multiply(X1,multiply(left_division(multiply(X2,X1),X0),X1)) = left_division(X2,multiply(X0,X1)) [superposition 4,52]
771. multiply(right_inverse(X0),multiply(X0,X1)) = X1 [superposition 244,327]
777. left_division(X1,X0) = multiply(left_inverse(X1),X0) [superposition 244,3]
784. multiply(left_inverse(right_division(X0,X1)),X0) = X1 [superposition 244,5]
801. multiply(X1,X0) = left_division(left_inverse(X1),X0) [superposition 4,244]
802. left_inverse(X1) = right_division(X0,multiply(X1,X0)) [superposition 6,244]
822. right_inverse(X1) = right_division(X0,multiply(X1,X0)) [forward demodulation 802,327]
823. multiply(X1,X0) = left_division(right_inverse(X1),X0) [forward demodulation 801,327]
840. multiply(right_inverse(right_division(X0,X1)),X0) = X1 [forward demodulation 784,327]
846. left_division(X1,X0) = multiply(right_inverse(X1),X0) [forward demodulation 777,327]
888. multiply(left_division(X2,X0),multiply(X1,left_division(X2,X0))) = left_division(X2,multiply(multiply(X0,X1),left_division(X2,X0))) [superposition 4,44]
945. multiply(left_division(right_inverse(X2),X0),multiply(X1,left_division(right_inverse(X2),X0))) = multiply(X2,multiply(multiply(X0,X1),left_division(right_inverse(X2),X0))) [superposition 295,44]
1006. multiply(multiply(X2,X0),multiply(X1,multiply(X2,X0))) = multiply(X2,multiply(multiply(X0,X1),multiply(X2,X0))) [forward demodulation 945,823]
1220. right_division(X0,X1) = multiply(X0,right_inverse(X1)) [superposition 386,5]
1237. right_inverse(X1) = left_division(multiply(X0,X1),X0) [superposition 4,386]
1238. multiply(X0,X1) = right_division(X0,right_inverse(X1)) [superposition 6,386]
1356. multiply(multiply(multiply(X0,X1),X2),multiply(X1,multiply(X0,X1))) = multiply(multiply(X0,multiply(multiply(X1,multiply(X2,X1)),X0)),X1) [superposition 46,62]
1879. multiply(right_inverse(X0),X1) = multiply(multiply(right_inverse(X0),multiply(X1,right_inverse(X0))),X0) [superposition 365,62]
1949. multiply(right_inverse(X0),X1) = multiply(left_division(X0,multiply(X1,right_inverse(X0))),X0) [forward demodulation 1879,302]
1964. multiply(right_inverse(X0),X1) = multiply(left_division(X0,right_division(X1,X0)),X0) [forward demodulation 1949,1220]
1972. left_division(X0,X1) = multiply(left_division(X0,right_division(X1,X0)),X0) [forward demodulation 1964,846]
2057. right_division(X1,X0) = right_inverse(right_division(X0,X1)) [superposition 822,5]
2254. multiply(multiply(multiply(X2,X1),left_division(X1,X0)),multiply(X1,multiply(X3,X1))) = multiply(multiply(multiply(X2,multiply(X0,X1)),X3),X1) [superposition 46,138]
2284. multiply(X1,multiply(X0,right_inverse(X1))) = multiply(left_division(right_inverse(X1),X0),right_inverse(X1)) [superposition 295,138]
2285. multiply(X1,multiply(X0,right_inverse(X1))) = right_division(left_division(right_inverse(X1),X0),X1) [forward demodulation 2284,1220]
2306. multiply(X1,multiply(X0,right_inverse(X1))) = right_division(multiply(X1,X0),X1) [forward demodulation 2285,823]
2315. multiply(X1,right_division(X0,X1)) = right_division(multiply(X1,X0),X1) [forward demodulation 2306,1220]
2342. multiply(X0,X1) = multiply(right_inverse(right_division(X1,X0)),multiply(X1,X1)) [superposition 60,840]
2372. multiply(X0,X1) = left_division(right_division(X1,X0),multiply(X1,X1)) [forward demodulation 2342,846]
3451. left_division(X0,X1) = right_inverse(left_division(X1,X0)) [superposition 1237,3]
4561. multiply(right_division(X0,X1),X2) = left_division(right_division(X1,X0),X2) [superposition 846,2057]
4838. multiply(left_division(X0,X1),X2) = left_division(left_division(X1,X0),X2) [superposition 846,3451]
6599. multiply(X1,multiply(multiply(X2,X0),X1)) = left_division(right_division(right_inverse(X2),X1),multiply(X0,X1)) [superposition 355,771]
6672. multiply(X1,multiply(multiply(X2,X0),X1)) = multiply(right_division(X1,right_inverse(X2)),multiply(X0,X1)) [forward demodulation 6599,4561]
6754. multiply(multiply(X1,X2),multiply(X0,X1)) = multiply(X1,multiply(multiply(X2,X0),X1)) [forward demodulation 6672,1238]
7781. multiply(X1,multiply(left_division(left_division(X0,X1),X2),X1)) = left_division(right_inverse(X0),multiply(X2,X1)) [superposition 433,846]
7922. multiply(X0,multiply(X2,X1)) = multiply(X1,multiply(left_division(left_division(X0,X1),X2),X1)) [forward demodulation 7781,823]
7994. multiply(X0,multiply(X2,X1)) = multiply(X1,multiply(multiply(left_division(X1,X0),X2),X1)) [forward demodulation 7922,4838]
15497. multiply(multiply(X0,X0),X1) = multiply(X0,right_division(multiply(X0,multiply(X1,X0)),X0)) [superposition 54,2315]
15534. multiply(multiply(X0,X0),X1) = multiply(X0,multiply(X0,right_division(multiply(X1,X0),X0))) [forward demodulation 15497,2315]
15598. multiply(X0,multiply(X0,X1)) = multiply(multiply(X0,X0),X1) [forward demodulation 15534,6]
44885. multiply(multiply(X0,X1),multiply(X2,multiply(X0,X1))) = left_division(right_division(X1,X0),multiply(multiply(multiply(X1,X1),X2),multiply(X0,X1))) [superposition 888,2372]
44979. multiply(multiply(X0,X1),multiply(X2,multiply(X0,X1))) = multiply(right_division(X0,X1),multiply(multiply(multiply(X1,X1),X2),multiply(X0,X1))) [forward demodulation 44885,4561]
45076. multiply(multiply(X0,X1),multiply(X2,multiply(X0,X1))) = multiply(right_division(X0,X1),multiply(multiply(X1,multiply(X1,X2)),multiply(X0,X1))) [forward demodulation 44979,15598]
45137. multiply(multiply(X0,X1),multiply(X2,multiply(X0,X1))) = multiply(right_division(X0,X1),multiply(X1,multiply(multiply(multiply(X1,X2),X0),X1))) [forward demodulation 45076,6754]
45181. multiply(multiply(X0,X1),multiply(X2,multiply(X0,X1))) = multiply(multiply(X0,multiply(multiply(X1,X2),X0)),X1) [forward demodulation 45137,47]
45207. multiply(X0,multiply(multiply(X1,X2),multiply(X0,X1))) = multiply(multiply(X0,multiply(multiply(X1,X2),X0)),X1) [forward demodulation 45181,1006]
45224. multiply(multiply(X0,multiply(multiply(X1,X2),X0)),X1) = multiply(X0,multiply(X1,multiply(multiply(X2,X0),X1))) [forward demodulation 45207,6754]
94903. multiply(multiply(multiply(X2,X0),left_division(X0,right_division(X1,X0))),multiply(X0,multiply(X2,X0))) = multiply(multiply(X2,multiply(multiply(X0,left_division(X0,X1)),X2)),X0) [superposition 1356,1972]
95547. multiply(multiply(multiply(X2,X0),left_division(X0,right_division(X1,X0))),multiply(X0,multiply(X2,X0))) = multiply(X2,multiply(X0,multiply(multiply(left_division(X0,X1),X2),X0))) [forward demodulation 94903,45224]
95920. multiply(X2,multiply(X1,multiply(X2,X0))) = multiply(multiply(multiply(X2,X0),left_division(X0,right_division(X1,X0))),multiply(X0,multiply(X2,X0))) [forward demodulation 95547,7994]
96263. multiply(X2,multiply(X1,multiply(X2,X0))) = multiply(multiply(multiply(X2,multiply(right_division(X1,X0),X0)),X2),X0) [forward demodulation 95920,2254]
96588. multiply(X2,multiply(X1,multiply(X2,X0))) = multiply(multiply(X2,multiply(multiply(right_division(X1,X0),X0),X2)),X0) [forward demodulation 96263,62]
96873. multiply(multiply(X2,multiply(X1,X2)),X0) = multiply(X2,multiply(X1,multiply(X2,X0))) [forward demodulation 96588,5]
460950. multiply(a,multiply(b,multiply(a,c))) != multiply(a,multiply(b,multiply(a,c))) [superposition 148,96873]
461012. $false [trivial inequality removal 460950]
% SZS output end Proof for GRP201-1
% ------------------------------
% Version: Vampire 5.0.0 (Release build, commit 2e2c9b7b8 on 2026-01-17 12:24:14 +0100)
% Linked with Z3 4.14.0.0 3c47fd96cf5645d0c42b2c819d9e9a84380aa721 z3-4.8.4-9178-g3c47fd96c
% CaDiCaL version: 2.1.3
% Termination reason: Refutation
% Time elapsed: 8.814 s
% Peak memory usage: 185 MB
% Instructions burned: 27751 (million)
% ------------------------------
% ------------------------------
