% Running in auto input_syntax mode. Trying TPTP
% Refutation found. Thanks to Tanya!
% SZS status Unsatisfiable for GRP667+6_clausified
% SZS output start Proof for GRP667+6_clausified
1. mult(X0,ld(X0,X1)) = X1 [input(axiom)]
2. ld(X0,mult(X0,X1)) = X1 [input(axiom)]
3. mult(rd(X0,X1),X1) = X0 [input(axiom)]
4. rd(mult(X0,X1),X1) = X0 [input(axiom)]
5. mult(X0,unit) = X0 [input(axiom)]
6. mult(unit,X0) = X0 [input(axiom)]
7. mult(mult(X0,X1),mult(mult(X2,X1),X2)) = mult(mult(X0,mult(mult(X1,X2),X1)),X2) [input(axiom)]
8. mult(mult(X0,X1),X0) = mult(X0,mult(X1,X0)) [input(axiom)]
9. mult(f(X0),f(X0)) = X0 [input(axiom)]
11. mult(sK3,mult(sK5,mult(sK4,sK5))) != mult(mult(mult(sK3,sK5),sK4),sK5) [input(negated conjecture)]
14. mult(mult(X0,X1),mult(mult(X2,X1),X2)) = mult(mult(X0,mult(X1,mult(X2,X1))),X2) [forward demodulation 7,8]
15. mult(mult(X0,mult(X1,mult(X2,X1))),X2) = mult(mult(X0,X1),mult(X2,mult(X1,X2))) [forward demodulation 14,8]
17. ld(unit,X0) = X0 [superposition 6,1]
25. ld(rd(X0,X1),X0) = X1 [superposition 2,3]
28. rd(X0,ld(X1,X0)) = X1 [superposition 4,1]
37. mult(X0,X1) = mult(X1,mult(ld(X1,X0),X1)) [superposition 8,1]
39. mult(rd(X0,X1),mult(X1,rd(X0,X1))) = mult(X0,rd(X0,X1)) [superposition 8,3]
41. mult(X0,f(X0)) = mult(f(X0),X0) [superposition 8,9]
46. mult(X0,X1) = rd(mult(X0,mult(X1,X0)),X0) [superposition 4,8]
47. ld(mult(X0,X1),mult(X0,mult(X1,X0))) = X0 [superposition 2,8]
52. mult(mult(X1,unit),mult(X0,mult(unit,X0))) = mult(mult(X1,mult(unit,X0)),X0) [superposition 15,5]
53. mult(mult(X1,ld(X2,X0)),mult(X2,mult(ld(X2,X0),X2))) = mult(mult(X1,mult(ld(X2,X0),X0)),X2) [superposition 15,1]
56. mult(mult(X1,X2),mult(rd(X0,X2),mult(X2,rd(X0,X2)))) = mult(mult(X1,mult(X2,X0)),rd(X0,X2)) [superposition 15,3]
62. mult(mult(rd(X0,mult(X1,mult(X2,X1))),X1),mult(X2,mult(X1,X2))) = mult(X0,X2) [superposition 15,3]
66. mult(X0,mult(mult(X1,mult(X0,X1)),X0)) = mult(mult(X0,X1),mult(X0,mult(X1,X0))) [superposition 8,15]
68. mult(X0,mult(X1,mult(X2,X1))) = rd(mult(mult(X0,X1),mult(X2,mult(X1,X2))),X2) [superposition 4,15]
77. mult(mult(X1,mult(X2,X0)),rd(X0,X2)) = mult(mult(X1,X2),mult(X0,rd(X0,X2))) [forward demodulation 56,39]
78. mult(mult(X1,mult(ld(X2,X0),X0)),X2) = mult(mult(X1,ld(X2,X0)),mult(X0,X2)) [forward demodulation 53,37]
79. mult(mult(X1,X0),X0) = mult(mult(X1,unit),mult(X0,X0)) [forward demodulation 52,6]
84. mult(X1,mult(X0,X0)) = mult(mult(X1,X0),X0) [forward demodulation 79,5]
103. mult(f(X0),mult(X0,f(X0))) = mult(mult(X0,f(X0)),f(X0)) [superposition 8,41]
108. mult(f(X0),mult(X0,f(X0))) = mult(X0,mult(f(X0),f(X0))) [forward demodulation 103,84]
109. mult(X0,X0) = mult(f(X0),mult(X0,f(X0))) [forward demodulation 108,9]
125. rd(mult(X0,X1),mult(ld(X1,X0),X1)) = X1 [superposition 4,37]
126. mult(ld(X1,X0),X1) = ld(X1,mult(X0,X1)) [superposition 2,37]
150. mult(X1,rd(X0,X1)) = rd(mult(X1,X0),X1) [superposition 46,3]
181. f(X0) = ld(mult(X0,f(X0)),mult(f(X0),mult(X0,f(X0)))) [superposition 47,41]
189. f(X0) = ld(X0,mult(f(X0),X0)) [superposition 47,9]
199. f(X0) = mult(ld(X0,f(X0)),X0) [forward demodulation 189,126]
202. f(X0) = mult(ld(mult(X0,f(X0)),f(X0)),mult(X0,f(X0))) [forward demodulation 181,126]
217. mult(X0,X1) = mult(rd(X0,X1),mult(X1,X1)) [superposition 84,3]
223. mult(X0,X1) = rd(mult(X0,mult(X1,X1)),X1) [superposition 4,84]
240. ld(X0,f(X0)) = rd(f(X0),X0) [superposition 4,199]
534. mult(X1,X2) = mult(mult(rd(X1,mult(ld(X2,X0),X0)),ld(X2,X0)),mult(X2,mult(ld(X2,X0),X2))) [superposition 62,1]
560. mult(X1,ld(X2,X0)) = mult(mult(rd(X1,mult(X2,mult(ld(X2,X0),X2))),X2),mult(ld(X2,X0),X0)) [superposition 62,1]
610. mult(X1,ld(X2,X0)) = mult(mult(rd(X1,mult(X0,X2)),X2),mult(ld(X2,X0),X0)) [forward demodulation 560,37]
628. mult(X1,X2) = mult(mult(rd(X1,mult(ld(X2,X0),X0)),ld(X2,X0)),mult(X0,X2)) [forward demodulation 534,37]
695. unit = rd(mult(X0,unit),ld(unit,X0)) [superposition 125,5]
700. unit = rd(mult(X0,unit),X0) [forward demodulation 695,17]
716. unit = mult(X0,rd(unit,X0)) [forward demodulation 700,150]
944. unit = mult(ld(X0,unit),X0) [superposition 716,28]
949. ld(X0,unit) = rd(unit,X0) [superposition 2,716]
1039. mult(X2,mult(ld(X1,X0),mult(X1,ld(X1,X0)))) = rd(mult(mult(X2,ld(X1,X0)),mult(X0,X1)),X1) [superposition 68,37]
1060. rd(mult(mult(X2,ld(X1,X0)),mult(X0,X1)),X1) = mult(X2,mult(ld(X1,X0),X0)) [forward demodulation 1039,1]
1131. mult(unit,X0) = mult(ld(X0,unit),mult(X0,X0)) [superposition 84,944]
1137. mult(ld(X0,unit),mult(X0,X0)) = X0 [forward demodulation 1131,6]
1630. mult(mult(mult(X0,mult(X1,mult(mult(ld(X2,X3),X3),X1))),ld(X2,X3)),mult(X3,X2)) = mult(mult(mult(X0,X1),mult(mult(ld(X2,X3),X3),mult(X1,mult(ld(X2,X3),X3)))),X2) [superposition 78,15]
1957. f(X0) = mult(ld(f(X0),unit),X0) [superposition 1137,9]
2232. rd(f(X0),X0) = ld(f(X0),unit) [superposition 4,1957]
3248. ld(X0,f(X0)) = ld(f(X0),unit) [superposition 240,2232]
3249. mult(mult(X1,mult(X0,f(X0))),ld(f(X0),unit)) = mult(mult(X1,X0),mult(f(X0),ld(f(X0),unit))) [superposition 77,2232]
3257. mult(mult(X1,X0),unit) = mult(mult(X1,mult(X0,f(X0))),ld(f(X0),unit)) [forward demodulation 3249,1]
3258. mult(X1,X0) = mult(mult(X1,mult(X0,f(X0))),ld(f(X0),unit)) [forward demodulation 3257,5]
3282. ld(X1,X0) = mult(ld(X1,rd(X0,X1)),X1) [superposition 126,3]
3538. unit = mult(f(X0),ld(X0,f(X0))) [superposition 1,3248]
3805. mult(X1,f(X0)) = mult(rd(X1,f(X0)),X0) [superposition 217,9]
4016. mult(X1,f(X0)) = rd(mult(X1,X0),f(X0)) [superposition 223,9]
4033. rd(X0,X1) = mult(rd(X0,mult(X1,X1)),X1) [superposition 223,3]
5153. ld(ld(X0,rd(X1,X0)),ld(X0,X1)) = X0 [superposition 2,3282]
5317. mult(f(X0),rd(f(X0),X0)) = mult(mult(ld(mult(X0,f(X0)),f(X0)),X0),mult(f(X0),rd(f(X0),X0))) [superposition 77,202]
5387. mult(f(X0),ld(X0,f(X0))) = mult(mult(ld(mult(X0,f(X0)),f(X0)),X0),mult(f(X0),ld(X0,f(X0)))) [forward demodulation 5317,240]
5417. unit = mult(mult(ld(mult(X0,f(X0)),f(X0)),X0),unit) [forward demodulation 5387,3538]
5442. unit = mult(ld(mult(X0,f(X0)),f(X0)),X0) [forward demodulation 5417,5]
9124. rd(unit,f(X0)) = mult(ld(X0,unit),f(X0)) [superposition 4016,944]
9199. ld(f(X0),unit) = mult(ld(X0,unit),f(X0)) [forward demodulation 9124,949]
10293. ld(mult(X0,f(X0)),f(X0)) = rd(unit,X0) [superposition 4,5442]
10432. ld(mult(X0,f(X0)),f(X0)) = ld(X0,unit) [forward demodulation 10293,949]
18405. mult(X1,ld(X0,unit)) = mult(mult(rd(X1,mult(f(X0),mult(X0,f(X0)))),mult(X0,f(X0))),mult(ld(X0,unit),f(X0))) [superposition 610,10432]
18414. mult(X1,ld(X0,unit)) = mult(mult(rd(X1,mult(f(X0),mult(X0,f(X0)))),mult(X0,f(X0))),ld(f(X0),unit)) [forward demodulation 18405,9199]
18429. mult(rd(X1,mult(f(X0),mult(X0,f(X0)))),X0) = mult(X1,ld(X0,unit)) [forward demodulation 18414,3258]
18442. mult(rd(X1,mult(X0,X0)),X0) = mult(X1,ld(X0,unit)) [forward demodulation 18429,109]
18451. rd(X1,X0) = mult(X1,ld(X0,unit)) [forward demodulation 18442,4033]
18581. mult(X1,X0) = mult(mult(rd(X1,mult(ld(X0,unit),unit)),ld(X0,unit)),X0) [superposition 628,6]
18766. mult(X1,X0) = mult(rd(rd(X1,mult(ld(X0,unit),unit)),X0),X0) [forward demodulation 18581,18451]
18926. mult(X1,X0) = rd(X1,mult(ld(X0,unit),unit)) [forward demodulation 18766,3]
19018. mult(X1,X0) = rd(X1,ld(X0,unit)) [forward demodulation 18926,5]
19087. mult(ld(X0,unit),rd(X1,ld(X0,unit))) = mult(mult(ld(X0,unit),X1),X0) [superposition 150,19018]
19094. ld(X1,unit) = ld(mult(X0,X1),X0) [superposition 25,19018]
19145. mult(mult(ld(X0,unit),X1),X0) = mult(ld(X0,unit),mult(X1,X0)) [forward demodulation 19087,19018]
19448. ld(X0,X1) = ld(ld(X1,X0),unit) [superposition 19094,1]
19459. ld(X0,unit) = ld(ld(X0,X1),ld(X0,rd(X1,X0))) [superposition 19094,3282]
19505. ld(X1,unit) = ld(X0,rd(X0,X1)) [superposition 19094,3]
20125. mult(rd(X0,X1),X0) = mult(X0,mult(ld(X1,unit),X0)) [superposition 8,18451]
20772. unit = mult(ld(X1,X0),ld(X0,X1)) [superposition 1,19448]
23859. mult(ld(X0,X1),mult(ld(X1,X0),X0)) = rd(mult(unit,mult(X0,X1)),X1) [superposition 1060,20772]
24103. rd(mult(X0,X1),X1) = mult(ld(X0,X1),mult(ld(X1,X0),X0)) [forward demodulation 23859,6]
24192. mult(ld(X0,X1),mult(ld(X1,X0),X0)) = X0 [forward demodulation 24103,4]
49303. ld(X0,X1) = mult(ld(ld(X0,X1),ld(X0,rd(X1,X0))),mult(X0,ld(X0,X1))) [superposition 24192,5153]
49318. mult(ld(X1,mult(X1,X0)),mult(ld(X0,unit),X1)) = X1 [superposition 24192,19094]
49355. mult(ld(X1,rd(X1,X0)),mult(X0,X1)) = X1 [superposition 24192,25]
49575. mult(ld(X0,unit),mult(X0,X1)) = X1 [forward demodulation 49355,19505]
49612. mult(X0,mult(ld(X0,unit),X1)) = X1 [forward demodulation 49318,2]
49627. ld(X0,X1) = mult(ld(ld(X0,X1),ld(X0,rd(X1,X0))),X1) [forward demodulation 49303,1]
49802. ld(X0,X1) = mult(ld(X0,unit),X1) [forward demodulation 49627,19459]
50835. mult(X1,X0) = ld(ld(X1,unit),X0) [superposition 2,49575]
52609. mult(X1,mult(mult(mult(ld(X1,unit),X0),X0),X1)) = mult(X0,mult(X1,mult(mult(ld(X1,unit),X0),X1))) [superposition 66,49612]
52808. mult(X1,mult(mult(mult(ld(X1,unit),X0),X0),X1)) = mult(X0,mult(X1,mult(ld(X1,unit),mult(X0,X1)))) [forward demodulation 52609,19145]
53015. mult(X0,mult(X0,X1)) = mult(X1,mult(mult(mult(ld(X1,unit),X0),X0),X1)) [forward demodulation 52808,49612]
53155. mult(X0,mult(X0,X1)) = mult(X1,mult(mult(ld(X1,unit),mult(X0,X0)),X1)) [forward demodulation 53015,84]
53253. mult(X0,mult(X0,X1)) = mult(X1,mult(ld(X1,unit),mult(mult(X0,X0),X1))) [forward demodulation 53155,19145]
53331. mult(X0,mult(X0,X1)) = mult(mult(X0,X0),X1) [forward demodulation 53253,49612]
55948. ld(X0,unit) = rd(ld(X0,X1),X1) [superposition 4,49802]
55955. ld(mult(X1,ld(X0,unit)),mult(X1,ld(X0,X1))) = X1 [superposition 47,49802]
55977. mult(mult(X2,ld(X0,unit)),mult(X1,rd(X1,ld(X0,unit)))) = mult(mult(X2,ld(X0,X1)),rd(X1,ld(X0,unit))) [superposition 77,49802]
56486. mult(mult(X2,ld(X0,X1)),mult(X1,X0)) = mult(mult(X2,ld(X0,unit)),mult(X1,mult(X1,X0))) [forward demodulation 55977,19018]
56508. ld(rd(X1,X0),mult(X1,ld(X0,X1))) = X1 [forward demodulation 55955,18451]
56807. mult(rd(X2,X0),mult(X1,mult(X1,X0))) = mult(mult(X2,ld(X0,X1)),mult(X1,X0)) [forward demodulation 56486,18451]
62679. mult(ld(X0,unit),X1) = mult(ld(X0,f(X1)),f(X1)) [superposition 3805,55948]
62681. ld(X0,X1) = mult(ld(X0,f(X1)),f(X1)) [forward demodulation 62679,49802]
120154. mult(X0,X1) = mult(f(X0),mult(f(X0),X1)) [superposition 53331,9]
148757. mult(X0,ld(X1,X0)) = mult(rd(X0,X1),X0) [superposition 1,56508]
166600. mult(mult(X2,ld(X0,X1)),X0) = mult(mult(X2,ld(X0,f(X1))),mult(f(X1),X0)) [superposition 78,62681]
166711. mult(mult(X2,ld(X0,X1)),X0) = mult(rd(X2,X0),mult(f(X1),mult(f(X1),X0))) [forward demodulation 166600,56807]
166779. mult(mult(X2,ld(X0,X1)),X0) = mult(rd(X2,X0),mult(X1,X0)) [forward demodulation 166711,120154]
255518. mult(mult(mult(X1,X2),mult(ld(X0,unit),mult(X2,ld(X0,unit)))),X0) = mult(mult(mult(X1,mult(X2,mult(ld(X0,unit),X2))),ld(X0,unit)),mult(unit,X0)) [superposition 1630,5]
256075. mult(mult(mult(X1,X2),mult(ld(X0,unit),mult(X2,ld(X0,unit)))),X0) = mult(rd(mult(X1,mult(X2,mult(ld(X0,unit),X2))),X0),mult(unit,mult(unit,X0))) [forward demodulation 255518,56807]
256079. mult(mult(mult(X1,X2),mult(ld(X0,unit),mult(X2,ld(X0,unit)))),X0) = mult(rd(mult(X1,mult(X2,mult(ld(X0,unit),X2))),X0),mult(unit,X0)) [forward demodulation 256075,6]
256083. mult(mult(mult(X1,X2),mult(ld(X0,unit),mult(X2,ld(X0,unit)))),X0) = mult(rd(mult(X1,mult(X2,mult(ld(X0,unit),X2))),X0),X0) [forward demodulation 256079,6]
256086. mult(X1,mult(X2,mult(ld(X0,unit),X2))) = mult(mult(mult(X1,X2),mult(ld(X0,unit),mult(X2,ld(X0,unit)))),X0) [forward demodulation 256083,3]
256088. mult(X1,mult(X2,mult(ld(X0,unit),X2))) = mult(mult(mult(X1,X2),ld(X0,mult(X2,ld(X0,unit)))),X0) [forward demodulation 256086,49802]
256090. mult(X1,mult(X2,mult(ld(X0,unit),X2))) = mult(rd(mult(X1,X2),X0),mult(mult(X2,ld(X0,unit)),X0)) [forward demodulation 256088,166779]
256092. mult(X1,mult(X2,mult(ld(X0,unit),X2))) = mult(rd(mult(X1,X2),X0),mult(rd(X2,X0),mult(unit,X0))) [forward demodulation 256090,166779]
256094. mult(X1,mult(X2,mult(ld(X0,unit),X2))) = mult(rd(mult(X1,X2),X0),mult(rd(X2,X0),X0)) [forward demodulation 256092,6]
256096. mult(X1,mult(X2,mult(ld(X0,unit),X2))) = mult(rd(mult(X1,X2),X0),X2) [forward demodulation 256094,3]
256097. mult(X1,mult(rd(X2,X0),X2)) = mult(rd(mult(X1,X2),X0),X2) [forward demodulation 256096,20125]
256098. mult(X1,mult(X2,ld(X0,X2))) = mult(rd(mult(X1,X2),X0),X2) [forward demodulation 256097,148757]
949494. mult(mult(mult(X0,X1),X2),X1) = mult(X0,mult(X1,ld(ld(X2,unit),X1))) [superposition 256098,19018]
949543. mult(X0,mult(X1,mult(X2,X1))) = mult(mult(mult(X0,X1),X2),X1) [forward demodulation 949494,50835]
1142691. mult(sK3,mult(sK5,mult(sK4,sK5))) != mult(sK3,mult(sK5,mult(sK4,sK5))) [superposition 11,949543]
1142695. $false [trivial inequality removal 1142691]
% SZS output end Proof for GRP667+6_clausified
% ------------------------------
% Version: Vampire 5.0.0 (Release build, commit 2e2c9b7b8 on 2026-01-17 12:24:14 +0100)
% Linked with Z3 4.14.0.0 3c47fd96cf5645d0c42b2c819d9e9a84380aa721 z3-4.8.4-9178-g3c47fd96c
% CaDiCaL version: 2.1.3
% Termination reason: Refutation
% Time elapsed: 30.581 s
% Peak memory usage: 1005 MB
% Instructions burned: 108667 (million)
% ------------------------------
% ------------------------------
