% Running in auto input_syntax mode. Trying TPTP
% Refutation found. Thanks to Tanya!
% SZS status Unsatisfiable for GRP132-1.002
% SZS output start Proof for GRP132-1.002
1. group_element(e_1) [input(axiom)]
2. group_element(e_2) [input(axiom)]
3. ~equalish(e_1,e_2) [input(axiom)]
4. ~equalish(e_2,e_1) [input(axiom)]
5. product(X0,X1,e_2) | ~group_element(X1) | product(X0,X1,e_1) | ~group_element(X0) [input(axiom)]
7. ~product(X0,X3,X2) | ~product(X0,X1,X2) | equalish(X1,X3) [input(axiom)]
8. ~product(X3,X1,X2) | ~product(X0,X1,X2) | equalish(X0,X3) [input(axiom)]
9. ~product(X5,X3,X4) | ~product(X3,X4,X2) | ~product(X5,X0,X1) | ~product(X0,X1,X2) | equalish(X0,X3) [input(negated conjecture)]
11. ~product(X2,X0,e_2) | product(X1,X0,e_1) | ~group_element(X1) | ~group_element(X0) | equalish(X2,X1) [resolution 5,8]
12. ~product(X1,X2,e_2) | product(X1,X0,e_1) | ~group_element(X1) | ~group_element(X0) | equalish(X2,X0) [resolution 5,7]
15. ~product(X3,X4,X2) | product(X1,X0,e_1) | ~group_element(X1) | ~product(X0,e_2,X2) | ~product(X1,X3,X4) | ~group_element(X0) | equalish(X3,X0) [resolution 5,9]
17. ~product(X1,e_2,e_2) | ~group_element(X0) | product(X0,X1,e_1) | ~product(X0,X2,X3) | ~group_element(X1) | equalish(X2,X1) | ~group_element(X3) | product(X2,X3,e_1) | ~group_element(X2) [resolution 15,5]
21. product(X0,X1,e_1) | ~group_element(X0) | ~group_element(X1) | equalish(X2,X0) | ~group_element(X1) | product(X2,X1,e_1) | ~group_element(X2) [resolution 11,5]
22. product(X2,X1,e_1) | product(X0,X1,e_1) | equalish(X2,X0) | ~group_element(X1) | ~group_element(X0) | ~group_element(X2) [duplicate literal removal 21]
23. ~group_element(X0) | product(X0,X1,e_1) | ~product(X0,X2,X3) | ~group_element(X1) | equalish(X2,X1) | ~group_element(X3) | product(X2,X3,e_1) | ~group_element(X2) | ~group_element(e_2) | product(X1,e_2,e_1) | ~group_element(X1) [resolution 17,5]
24. ~group_element(X0) | product(X0,X1,e_1) | ~product(X0,X2,X3) | ~group_element(X1) | equalish(X2,X1) | ~group_element(X3) | product(X2,X3,e_1) | ~group_element(X2) | ~group_element(e_2) | product(X1,e_2,e_1) [duplicate literal removal 23]
25. ~product(X0,X2,X3) | product(X0,X1,e_1) | ~group_element(X0) | ~group_element(X1) | equalish(X2,X1) | ~group_element(X3) | product(X2,X3,e_1) | ~group_element(X2) | product(X1,e_2,e_1) [forward subsumption resolution 24,2]
26. product(X0,X1,e_1) | ~group_element(X0) | ~group_element(X1) | equalish(X2,X1) | ~group_element(X2) | product(X0,X2,e_1) | ~group_element(X0) [resolution 12,5]
27. product(X0,X2,e_1) | product(X0,X1,e_1) | equalish(X2,X1) | ~group_element(X1) | ~group_element(X2) | ~group_element(X0) [duplicate literal removal 26]
130. ~product(X0,X3,e_1) | equalish(X1,X2) | ~group_element(X2) | ~group_element(X1) | ~group_element(X0) | product(X0,X2,e_1) | equalish(X3,X1) [resolution 27,7]
187. product(X0,X1,e_1) | ~group_element(X0) | ~group_element(X1) | equalish(X2,X1) | ~group_element(e_1) | product(X2,e_1,e_1) | ~group_element(X2) | product(X1,e_2,e_1) | product(X0,X3,e_1) | equalish(X3,X2) | ~group_element(X2) | ~group_element(X3) | ~group_element(X0) [resolution 25,27]
202. product(X0,X1,e_1) | ~group_element(X0) | ~group_element(X1) | equalish(X2,X1) | ~group_element(e_1) | product(X2,e_1,e_1) | ~group_element(X2) | product(X1,e_2,e_1) | product(X0,X3,e_1) | equalish(X3,X2) | ~group_element(X3) [duplicate literal removal 187]
313. product(X0,X1,e_1) | ~group_element(X0) | ~group_element(X1) | equalish(X2,X1) | ~group_element(e_1) | product(X2,e_1,e_1) | ~group_element(X2) | product(X1,e_2,e_1) | equalish(X3,X2) | ~group_element(X3) [forward subsumption resolution 202,130]
316. product(X2,e_1,e_1) | product(X1,e_2,e_1) | product(X0,X1,e_1) | equalish(X3,X2) | equalish(X2,X1) | ~group_element(X2) | ~group_element(X1) | ~group_element(X0) | ~group_element(X3) [forward subsumption resolution 313,1]
405. 7 <=> product(e_2,e_2,e_1) [avatar definition]
406. ~product(e_2,e_2,e_1) <- (~7) [avatar component clause 405]
407. product(e_2,e_2,e_1) <- (7) [avatar component clause 405]
413. 9 <=> product(e_1,e_2,e_1) [avatar definition]
414. ~product(e_1,e_2,e_1) <- (~9) [avatar component clause 413]
415. product(e_1,e_2,e_1) <- (9) [avatar component clause 413]
432. 13 <=> product(e_2,e_1,e_1) [avatar definition]
433. ~product(e_2,e_1,e_1) <- (~13) [avatar component clause 432]
434. product(e_2,e_1,e_1) <- (13) [avatar component clause 432]
466. ~product(e_2,X0,e_1) | equalish(X0,e_2) <- (7) [resolution 407,7]
684. product(X0,X1,e_1) | ~group_element(X0) | ~product(X1,e_2,e_1) | ~product(X0,e_2,e_1) | ~group_element(X1) | equalish(e_2,X1) <- (13) [resolution 434,15]
697. ~group_element(X0) | ~product(X1,e_2,e_1) | ~product(X0,e_2,e_1) | ~group_element(X1) | equalish(e_2,X1) <- (13) [forward subsumption resolution 684,7]
700. 21 <=> ! [X1] : (~product(X1,e_2,e_1) | equalish(e_2,X1) | ~group_element(X1)) [avatar definition]
701. ~product(X1,e_2,e_1) | equalish(e_2,X1) | ~group_element(X1) <- (21) [avatar component clause 700]
703. 22 <=> ! [X0] : (~group_element(X0) | ~product(X0,e_2,e_1)) [avatar definition]
704. ~group_element(X0) | ~product(X0,e_2,e_1) <- (22) [avatar component clause 703]
705. 21 | 22 | ~13 [avatar split clause 697,432,703,700]
740. product(X0,e_2,e_1) | product(X1,X0,e_1) | equalish(X2,e_2) | equalish(e_2,X0) | ~group_element(e_2) | ~group_element(X0) | ~group_element(X1) | ~group_element(X2) <- (~13) [resolution 433,316]
750. product(X0,e_2,e_1) | product(X1,X0,e_1) | equalish(X2,e_2) | equalish(e_2,X0) | ~group_element(X0) | ~group_element(X1) | ~group_element(X2) <- (~13) [forward subsumption resolution 740,2]
756. 23 <=> ! [X2] : (equalish(X2,e_2) | ~group_element(X2)) [avatar definition]
757. equalish(X2,e_2) | ~group_element(X2) <- (23) [avatar component clause 756]
759. 24 <=> ! [X0,X1] : (product(X0,e_2,e_1) | ~group_element(X1) | ~group_element(X0) | equalish(e_2,X0) | product(X1,X0,e_1)) [avatar definition]
760. product(X1,X0,e_1) | product(X0,e_2,e_1) | ~group_element(X0) | equalish(e_2,X0) | ~group_element(X1) <- (24) [avatar component clause 759]
761. 23 | 24 | 13 [avatar split clause 750,432,759,756]
857. equalish(e_1,e_2) <- (7, 13) [resolution 466,434]
871. $false <- (7, 13) [forward subsumption resolution 857,3]
872. ~7 | ~13 [avatar contradiction clause 871]
982. ~group_element(e_1) <- (23) [resolution 757,3]
983. $false <- (23) [forward subsumption resolution 982,1]
984. ~23 [avatar contradiction clause 983]
1010. product(X0,e_2,e_1) | equalish(e_2,X0) | ~group_element(e_2) | ~group_element(X0) | ~group_element(e_2) <- (~7) [resolution 406,22]
1012. product(e_2,X0,e_1) | equalish(e_2,X0) | ~group_element(X0) | ~group_element(e_2) | ~group_element(e_2) <- (~7) [resolution 406,27]
1017. product(e_2,X0,e_1) | equalish(e_2,X0) | ~group_element(X0) | ~group_element(e_2) <- (~7) [duplicate literal removal 1012]
1019. product(X0,e_2,e_1) | equalish(e_2,X0) | ~group_element(e_2) | ~group_element(X0) <- (~7) [duplicate literal removal 1010]
1021. product(e_2,X0,e_1) | equalish(e_2,X0) | ~group_element(X0) <- (~7) [forward subsumption resolution 1017,2]
1023. product(X0,e_2,e_1) | equalish(e_2,X0) | ~group_element(X0) <- (~7) [forward subsumption resolution 1019,2]
1025. equalish(e_2,X0) | ~group_element(X0) <- (~7, 21) [forward subsumption resolution 1023,701]
1094. ~group_element(e_1) <- (~7, 21) [resolution 1025,4]
1095. $false <- (~7, 21) [forward subsumption resolution 1094,1]
1096. 7 | ~21 [avatar contradiction clause 1095]
1097. equalish(e_2,X0) | ~group_element(X0) <- (~7, 22) [forward subsumption resolution 1023,704]
1125. ~group_element(e_1) <- (~7, 22) [resolution 1097,4]
1126. $false <- (~7, 22) [forward subsumption resolution 1125,1]
1127. 7 | ~22 [avatar contradiction clause 1126]
1410. equalish(e_2,e_1) | ~group_element(e_1) <- (~7, ~13) [resolution 1021,433]
1487. ~group_element(e_1) <- (~7, ~13) [forward subsumption resolution 1410,4]
1490. $false <- (~7, ~13) [forward subsumption resolution 1487,1]
1491. 7 | 13 [avatar contradiction clause 1490]
1524. ~product(e_2,X0,e_1) | equalish(X0,e_2) <- (7) [resolution 407,7]
1525. ~product(X0,e_2,e_1) | equalish(X0,e_2) <- (7) [resolution 407,8]
2758. equalish(e_1,e_2) <- (7, 9) [resolution 1525,415]
2759. $false <- (7, 9) [forward subsumption resolution 2758,3]
2760. ~7 | ~9 [avatar contradiction clause 2759]
4403. product(X0,e_1,e_1) | ~group_element(e_1) | equalish(e_2,e_1) | ~group_element(X0) <- (~9, 24) [resolution 760,414]
4472. product(X0,e_1,e_1) | equalish(e_2,e_1) | ~group_element(X0) <- (~9, 24) [forward subsumption resolution 4403,1]
4476. product(X0,e_1,e_1) | ~group_element(X0) <- (~9, 24) [forward subsumption resolution 4472,4]
4579. ~group_element(e_2) | equalish(e_1,e_2) <- (7, ~9, 24) [resolution 4476,1524]
4606. equalish(e_1,e_2) <- (7, ~9, 24) [forward subsumption resolution 4579,2]
4611. $false <- (7, ~9, 24) [forward subsumption resolution 4606,3]
4612. ~7 | 9 | ~24 [avatar contradiction clause 4611]
s14. ~13 | 21 | 22 [sat_conversion 705]
s15. 13 | 23 | 24 [sat_conversion 761]
s16. ~13 | ~7 [sat_conversion 872]
s18. ~23 [sat_conversion 984]
s19. ~21 | 7 [sat_conversion 1096]
s20. ~22 | 7 [sat_conversion 1127]
s26. 7 | 13 [sat_conversion 1491]
s38. ~9 | ~7 [sat_conversion 2760]
s42. ~24 | ~7 | 9 [sat_conversion 4612]
s44. 13 | 24 [rat s15,s18]
s46. 7 [rat s14,s19,s20,s26]
s47. ~9 [rat s38,s46]
s49. ~13 [rat s16,s46]
s50. ~24 [rat s42,s47,s46]
s55. # [rat s44,s50,s49]
4613. $false [avatar sat refutation s55]
% SZS output end Proof for GRP132-1.002
% ------------------------------
% Version: Vampire 5.0.0 (Release build, commit 2e2c9b7b8 on 2026-01-17 12:24:14 +0100)
% Linked with Z3 4.14.0.0 3c47fd96cf5645d0c42b2c819d9e9a84380aa721 z3-4.8.4-9178-g3c47fd96c
% CaDiCaL version: 2.1.3
% Termination reason: Refutation
% Time elapsed: 0.123 s
% Peak memory usage: 61 MB
% Instructions burned: 472 (million)
% ------------------------------
% ------------------------------
