% Running in auto input_syntax mode. Trying TPTP
% Refutation found. Thanks to Tanya!
% SZS status Unsatisfiable for GRP705-1
% SZS output start Proof for GRP705-1
1. mult(X0,ld(X0,X1)) = X1 [input(axiom)]
2. ld(X0,mult(X0,X1)) = X1 [input(axiom)]
3. mult(rd(X0,X1),X1) = X0 [input(axiom)]
4. rd(mult(X0,X1),X1) = X0 [input(axiom)]
5. mult(X0,unit) = X0 [input(axiom)]
6. mult(unit,X0) = X0 [input(axiom)]
7. mult(X0,mult(X1,mult(X1,X2))) = mult(mult(mult(X0,X1),X1),X2) [input(axiom)]
10. mult(op_b,mult(op_b,mult(op_b,mult(op_b,mult(op_b,mult(op_b,mult(op_b,mult(op_b,op_b)))))))) = unit [input(axiom)]
11. unit = mult(op_b,mult(op_b,mult(op_b,mult(op_b,mult(op_b,mult(op_b,mult(op_b,mult(op_b,op_b)))))))) [reorient equations 10]
12. mult(op_a,mult(op_b,a)) != mult(mult(op_a,op_b),a) [input(negated conjecture)]
16. unit = ld(X0,X0) [superposition 2,5]
40. mult(mult(mult(X0,X1),X1),mult(X2,mult(X2,X3))) = mult(mult(mult(X0,mult(X1,mult(X1,X2))),X2),X3) [superposition 7,7]
41. mult(rd(X0,X1),mult(X1,mult(X1,X2))) = mult(mult(X0,X1),X2) [superposition 7,3]
42. mult(unit,mult(X0,mult(X0,X1))) = mult(mult(X0,X0),X1) [superposition 7,6]
44. mult(mult(X0,X1),mult(X1,mult(X1,X2))) = mult(mult(X0,mult(X1,mult(X1,X1))),X2) [superposition 7,7]
48. mult(mult(X0,X1),X1) = mult(X0,mult(X1,mult(X1,unit))) [superposition 5,7]
49. mult(X0,mult(X1,mult(X1,ld(mult(mult(X0,X1),X1),X2)))) = X2 [superposition 1,7]
50. mult(mult(X0,X1),X1) = rd(mult(X0,mult(X1,mult(X1,X2))),X2) [superposition 4,7]
51. ld(mult(mult(X0,X1),X1),mult(X0,mult(X1,mult(X1,X2)))) = X2 [superposition 2,7]
52. mult(mult(X0,X1),X1) = mult(X0,mult(X1,X1)) [forward demodulation 48,5]
56. mult(X0,mult(X0,X1)) = mult(mult(X0,X0),X1) [forward demodulation 42,6]
57. mult(mult(mult(X0,mult(X1,mult(X1,X2))),X2),X3) = mult(X0,mult(X1,mult(X1,mult(X2,mult(X2,X3))))) [forward demodulation 40,7]
71. mult(op_b,mult(op_b,mult(op_b,mult(op_b,mult(op_b,mult(op_b,mult(op_b,op_b))))))) = ld(op_b,unit) [superposition 2,11]
94. mult(X0,mult(X1,mult(X1,X2))) = mult(mult(X0,mult(X1,X1)),X2) [superposition 7,52]
121. ld(mult(X0,X0),mult(X0,mult(X0,X1))) = X1 [superposition 2,56]
122. mult(X0,mult(X0,ld(mult(X0,X0),X1))) = X1 [superposition 1,56]
178. mult(mult(X1,X2),ld(X2,X0)) = mult(rd(X1,X2),mult(X2,X0)) [superposition 41,1]
200. mult(X1,mult(X1,X2)) = ld(rd(X0,X1),mult(mult(X0,X1),X2)) [superposition 2,41]
263. mult(op_b,mult(mult(op_b,mult(op_b,mult(op_b,mult(op_b,mult(op_b,mult(op_b,mult(op_b,op_b))))))),mult(mult(op_b,mult(op_b,mult(op_b,mult(op_b,mult(op_b,mult(op_b,mult(op_b,op_b))))))),ld(mult(unit,mult(op_b,mult(op_b,mult(op_b,mult(op_b,mult(op_b,mult(op_b,mult(op_b,op_b)))))))),X0)))) = X0 [superposition 49,11]
286. ld(X1,X0) = mult(X2,mult(X2,ld(mult(mult(X1,X2),X2),X0))) [superposition 2,49]
301. ld(X1,X0) = mult(X2,mult(X2,ld(mult(X1,mult(X2,X2)),X0))) [forward demodulation 286,52]
320. mult(op_b,mult(mult(op_b,mult(op_b,mult(op_b,mult(op_b,mult(op_b,mult(op_b,mult(op_b,op_b))))))),mult(mult(op_b,mult(op_b,mult(op_b,mult(op_b,mult(op_b,mult(op_b,mult(op_b,op_b))))))),ld(mult(op_b,mult(op_b,mult(op_b,mult(op_b,mult(op_b,mult(op_b,mult(op_b,op_b))))))),X0)))) = X0 [forward demodulation 263,6]
356. mult(op_b,mult(mult(op_b,mult(op_b,mult(op_b,mult(op_b,mult(op_b,mult(op_b,mult(op_b,op_b))))))),X0)) = X0 [forward demodulation 320,1]
370. mult(op_b,mult(ld(op_b,unit),X0)) = X0 [forward demodulation 356,71]
410. mult(mult(X0,op_b),op_b) = rd(mult(X0,unit),mult(op_b,mult(op_b,mult(op_b,mult(op_b,mult(op_b,mult(op_b,op_b))))))) [superposition 50,11]
438. mult(mult(X0,op_b),op_b) = rd(X0,mult(op_b,mult(op_b,mult(op_b,mult(op_b,mult(op_b,mult(op_b,op_b))))))) [forward demodulation 410,5]
466. rd(X0,mult(op_b,mult(op_b,mult(op_b,mult(op_b,mult(op_b,mult(op_b,op_b))))))) = mult(X0,mult(op_b,op_b)) [forward demodulation 438,52]
568. ld(X2,X0) = ld(mult(mult(X1,X2),X2),mult(X1,mult(X2,X0))) [superposition 51,1]
598. mult(op_b,mult(op_b,mult(op_b,mult(op_b,mult(op_b,op_b))))) = ld(mult(mult(op_b,op_b),op_b),unit) [superposition 51,11]
601. mult(op_b,mult(op_b,mult(op_b,mult(op_b,mult(op_b,op_b))))) = ld(mult(op_b,mult(op_b,op_b)),unit) [forward demodulation 598,52]
631. ld(X2,X0) = ld(mult(X1,mult(X2,X2)),mult(X1,mult(X2,X0))) [forward demodulation 568,52]
837. mult(ld(op_b,unit),X0) = ld(op_b,X0) [superposition 2,370]
879. mult(mult(mult(X0,X0),X1),mult(X1,mult(X1,X2))) = mult(mult(X0,mult(X0,mult(X1,mult(X1,X1)))),X2) [superposition 44,56]
880. mult(mult(mult(mult(X0,X1),X1),X2),mult(X2,mult(X2,X3))) = mult(mult(X0,mult(X1,mult(X1,mult(X2,mult(X2,X2))))),X3) [superposition 44,7]
965. mult(mult(X0,mult(X1,mult(X1,mult(X2,mult(X2,X2))))),X3) = mult(mult(X0,mult(X1,mult(X1,X2))),mult(X2,mult(X2,X3))) [forward demodulation 880,7]
966. mult(mult(X0,mult(X0,mult(X1,mult(X1,X1)))),X2) = mult(mult(X0,mult(X0,X1)),mult(X1,mult(X1,X2))) [forward demodulation 879,56]
1256. mult(op_b,mult(op_b,mult(op_b,mult(mult(op_b,mult(op_b,mult(op_b,mult(op_b,op_b)))),mult(mult(op_b,mult(op_b,mult(op_b,mult(op_b,op_b)))),X0))))) = mult(mult(ld(op_b,unit),mult(op_b,mult(op_b,mult(op_b,mult(op_b,op_b))))),X0) [superposition 57,71]
1284. mult(mult(mult(X0,mult(X1,mult(X1,mult(X2,mult(X2,X3))))),X3),X4) = mult(mult(mult(X0,mult(X1,mult(X1,X2))),X2),mult(X3,mult(X3,X4))) [superposition 7,57]
1290. mult(mult(X0,mult(X1,mult(X1,mult(X2,mult(X2,X3))))),X3) = mult(mult(mult(X0,mult(X1,mult(X1,X2))),X2),mult(X3,X3)) [superposition 52,57]
1323. mult(mult(X0,mult(X1,mult(X1,mult(X2,mult(X2,X3))))),X3) = mult(X0,mult(X1,mult(X1,mult(X2,mult(X2,mult(X3,X3)))))) [forward demodulation 1290,57]
1329. mult(mult(mult(X0,mult(X1,mult(X1,mult(X2,mult(X2,X3))))),X3),X4) = mult(X0,mult(X1,mult(X1,mult(X2,mult(X2,mult(X3,mult(X3,X4))))))) [forward demodulation 1284,57]
1352. mult(op_b,mult(op_b,mult(op_b,mult(mult(op_b,mult(op_b,mult(op_b,mult(op_b,op_b)))),mult(mult(op_b,mult(op_b,mult(op_b,mult(op_b,op_b)))),X0))))) = mult(mult(ld(op_b,unit),mult(op_b,mult(op_b,op_b))),mult(op_b,mult(op_b,X0))) [forward demodulation 1256,965]
1416. mult(X0,mult(X1,mult(X1,mult(X2,mult(X2,mult(X3,mult(X3,X4))))))) = mult(mult(X0,mult(X1,mult(X1,mult(X2,mult(X2,mult(X3,X3)))))),X4) [forward demodulation 1329,1323]
1426. mult(op_b,mult(op_b,mult(op_b,mult(mult(op_b,mult(op_b,mult(op_b,mult(op_b,op_b)))),mult(mult(op_b,mult(op_b,mult(op_b,mult(op_b,op_b)))),X0))))) = mult(mult(ld(op_b,unit),op_b),mult(op_b,mult(op_b,mult(op_b,mult(op_b,X0))))) [forward demodulation 1352,44]
1471. mult(op_b,mult(op_b,mult(op_b,mult(mult(op_b,mult(op_b,mult(op_b,mult(op_b,op_b)))),mult(mult(op_b,mult(op_b,mult(op_b,mult(op_b,op_b)))),X0))))) = mult(ld(op_b,op_b),mult(op_b,mult(op_b,mult(op_b,mult(op_b,X0))))) [forward demodulation 1426,837]
1506. mult(op_b,mult(op_b,mult(op_b,mult(mult(op_b,mult(op_b,mult(op_b,mult(op_b,op_b)))),mult(mult(op_b,mult(op_b,mult(op_b,mult(op_b,op_b)))),X0))))) = mult(unit,mult(op_b,mult(op_b,mult(op_b,mult(op_b,X0))))) [forward demodulation 1471,16]
1520. mult(op_b,mult(op_b,mult(op_b,mult(op_b,X0)))) = mult(op_b,mult(op_b,mult(op_b,mult(mult(op_b,mult(op_b,mult(op_b,mult(op_b,op_b)))),mult(mult(op_b,mult(op_b,mult(op_b,mult(op_b,op_b)))),X0))))) [forward demodulation 1506,6]
1529. mult(op_b,mult(op_b,mult(op_b,mult(op_b,X0)))) = mult(op_b,mult(op_b,mult(op_b,mult(mult(op_b,mult(op_b,op_b)),mult(op_b,mult(op_b,mult(mult(op_b,mult(op_b,mult(op_b,mult(op_b,op_b)))),X0))))))) [forward demodulation 1520,966]
1534. mult(op_b,mult(op_b,mult(op_b,mult(op_b,X0)))) = mult(op_b,mult(op_b,mult(op_b,mult(op_b,mult(op_b,mult(op_b,mult(op_b,mult(op_b,mult(mult(op_b,mult(op_b,mult(op_b,mult(op_b,op_b)))),X0))))))))) [forward demodulation 1529,94]
1538. mult(op_b,mult(op_b,mult(op_b,mult(op_b,X0)))) = mult(op_b,mult(op_b,mult(op_b,mult(op_b,mult(op_b,mult(op_b,mult(op_b,mult(op_b,mult(mult(op_b,mult(op_b,op_b)),mult(op_b,mult(op_b,X0))))))))))) [forward demodulation 1534,966]
1540. mult(op_b,mult(op_b,mult(op_b,mult(op_b,X0)))) = mult(op_b,mult(op_b,mult(op_b,mult(op_b,mult(op_b,mult(op_b,mult(op_b,mult(op_b,mult(op_b,mult(op_b,mult(op_b,mult(op_b,mult(op_b,X0))))))))))))) [forward demodulation 1538,94]
2013. ld(X1,X0) = ld(mult(X1,X1),mult(X1,X0)) [superposition 121,1]
3797. mult(mult(X0,mult(X1,mult(X1,mult(X2,X2)))),X3) = mult(mult(X0,mult(X1,X1)),mult(X2,mult(X2,X3))) [superposition 94,94]
3930. mult(X0,mult(X1,mult(X1,mult(X2,mult(X2,X3))))) = mult(mult(X0,mult(X1,mult(X1,mult(X2,X2)))),X3) [forward demodulation 3797,94]
4972. mult(rd(X1,X0),X0) = mult(mult(X1,X0),ld(X0,unit)) [superposition 178,5]
4993. mult(mult(X3,mult(X0,mult(X1,X1))),ld(mult(X0,mult(X1,X1)),X2)) = mult(rd(X3,mult(X0,mult(X1,X1))),mult(X0,mult(X1,mult(X1,X2)))) [superposition 178,94]
5083. mult(mult(X1,X0),ld(X0,unit)) = X1 [forward demodulation 4972,3]
5219. rd(X0,X1) = mult(X0,ld(X1,unit)) [superposition 5083,3]
5992. mult(mult(op_b,mult(op_b,mult(op_b,mult(op_b,mult(op_b,mult(op_b,op_b)))))),mult(mult(op_b,mult(op_b,mult(op_b,mult(op_b,mult(op_b,mult(op_b,op_b)))))),X0)) = ld(rd(op_b,mult(op_b,mult(op_b,mult(op_b,mult(op_b,mult(op_b,mult(op_b,op_b))))))),mult(ld(op_b,unit),X0)) [superposition 200,71]
6040. mult(mult(op_b,mult(op_b,mult(op_b,mult(op_b,mult(op_b,mult(op_b,op_b)))))),mult(mult(op_b,mult(op_b,mult(op_b,mult(op_b,mult(op_b,mult(op_b,op_b)))))),X0)) = ld(rd(op_b,mult(op_b,mult(op_b,mult(op_b,mult(op_b,mult(op_b,mult(op_b,op_b))))))),ld(op_b,X0)) [forward demodulation 5992,837]
6108. mult(mult(op_b,mult(op_b,mult(op_b,mult(op_b,mult(op_b,mult(op_b,op_b)))))),mult(mult(op_b,mult(op_b,mult(op_b,mult(op_b,mult(op_b,mult(op_b,op_b)))))),X0)) = ld(mult(op_b,mult(op_b,op_b)),ld(op_b,X0)) [forward demodulation 6040,466]
6143. mult(op_b,mult(op_b,mult(op_b,mult(op_b,mult(op_b,mult(op_b,mult(op_b,mult(mult(op_b,mult(op_b,mult(op_b,mult(op_b,mult(op_b,mult(op_b,op_b)))))),X0)))))))) = ld(mult(op_b,mult(op_b,op_b)),ld(op_b,X0)) [forward demodulation 6108,1416]
6166. mult(op_b,mult(op_b,mult(op_b,mult(op_b,mult(op_b,mult(op_b,mult(op_b,mult(op_b,mult(op_b,mult(op_b,mult(op_b,mult(op_b,mult(op_b,mult(op_b,X0)))))))))))))) = ld(mult(op_b,mult(op_b,op_b)),ld(op_b,X0)) [forward demodulation 6143,1416]
6184. mult(op_b,mult(op_b,mult(op_b,mult(op_b,mult(op_b,X0))))) = ld(mult(op_b,mult(op_b,op_b)),ld(op_b,X0)) [forward demodulation 6166,1540]
7309. ld(mult(X0,mult(X2,X2)),X1) = ld(mult(X2,X2),ld(X0,X1)) [superposition 121,301]
9766. ld(mult(X1,mult(X1,X1)),X0) = ld(X1,ld(mult(X1,X1),X0)) [superposition 631,122]
9846. ld(X1,ld(mult(X1,X1),X0)) = ld(mult(X1,X1),ld(X1,X0)) [forward demodulation 9766,7309]
30787. mult(X0,mult(op_b,mult(op_b,mult(mult(op_b,mult(op_b,mult(op_b,op_b))),mult(mult(op_b,mult(op_b,mult(op_b,op_b))),X1))))) = mult(mult(mult(X0,ld(mult(op_b,mult(op_b,op_b)),unit)),mult(op_b,mult(op_b,mult(op_b,op_b)))),X1) [superposition 57,601]
30906. mult(X0,mult(op_b,mult(op_b,mult(mult(op_b,mult(op_b,mult(op_b,op_b))),mult(mult(op_b,mult(op_b,mult(op_b,op_b))),X1))))) = mult(mult(X0,ld(mult(op_b,mult(op_b,op_b)),unit)),mult(op_b,mult(op_b,mult(op_b,mult(op_b,X1))))) [forward demodulation 30787,3930]
30971. mult(X0,mult(op_b,mult(op_b,mult(mult(op_b,mult(op_b,mult(op_b,op_b))),mult(mult(op_b,mult(op_b,mult(op_b,op_b))),X1))))) = mult(rd(X0,mult(op_b,mult(op_b,op_b))),mult(op_b,mult(op_b,mult(op_b,mult(op_b,X1))))) [forward demodulation 30906,5219]
31033. mult(X0,mult(op_b,mult(op_b,mult(mult(op_b,mult(op_b,mult(op_b,op_b))),mult(mult(op_b,mult(op_b,mult(op_b,op_b))),X1))))) = mult(mult(X0,mult(op_b,mult(op_b,op_b))),ld(mult(op_b,mult(op_b,op_b)),mult(op_b,X1))) [forward demodulation 30971,4993]
31089. mult(X0,mult(op_b,mult(op_b,mult(mult(op_b,mult(op_b,mult(op_b,op_b))),mult(mult(op_b,mult(op_b,mult(op_b,op_b))),X1))))) = mult(mult(X0,op_b),mult(op_b,mult(op_b,ld(mult(op_b,mult(op_b,op_b)),mult(op_b,X1))))) [forward demodulation 31033,44]
31137. mult(X0,mult(op_b,mult(op_b,mult(mult(op_b,mult(op_b,mult(op_b,op_b))),mult(mult(op_b,mult(op_b,mult(op_b,op_b))),X1))))) = mult(mult(X0,op_b),ld(op_b,mult(op_b,X1))) [forward demodulation 31089,301]
31180. mult(mult(X0,op_b),X1) = mult(X0,mult(op_b,mult(op_b,mult(mult(op_b,mult(op_b,mult(op_b,op_b))),mult(mult(op_b,mult(op_b,mult(op_b,op_b))),X1))))) [forward demodulation 31137,2]
31216. mult(mult(X0,op_b),X1) = mult(X0,mult(op_b,mult(op_b,mult(mult(op_b,op_b),mult(op_b,mult(op_b,mult(mult(op_b,mult(op_b,mult(op_b,op_b))),X1))))))) [forward demodulation 31180,44]
31250. mult(mult(X0,op_b),X1) = mult(X0,mult(op_b,mult(op_b,mult(op_b,mult(op_b,mult(op_b,mult(op_b,mult(mult(op_b,mult(op_b,mult(op_b,op_b))),X1)))))))) [forward demodulation 31216,56]
31281. mult(mult(X0,op_b),X1) = mult(X0,ld(mult(op_b,mult(op_b,op_b)),ld(op_b,mult(op_b,mult(mult(op_b,mult(op_b,mult(op_b,op_b))),X1))))) [forward demodulation 31250,6184]
31309. mult(mult(X0,op_b),X1) = mult(X0,ld(mult(op_b,op_b),ld(op_b,ld(op_b,mult(op_b,mult(mult(op_b,mult(op_b,mult(op_b,op_b))),X1)))))) [forward demodulation 31281,7309]
31335. mult(mult(X0,op_b),X1) = mult(X0,ld(op_b,ld(mult(op_b,op_b),ld(op_b,mult(op_b,mult(mult(op_b,mult(op_b,mult(op_b,op_b))),X1)))))) [forward demodulation 31309,9846]
31357. mult(mult(X0,op_b),X1) = mult(X0,ld(op_b,ld(op_b,ld(mult(op_b,op_b),mult(op_b,mult(mult(op_b,mult(op_b,mult(op_b,op_b))),X1)))))) [forward demodulation 31335,9846]
31376. mult(mult(X0,op_b),X1) = mult(X0,ld(op_b,ld(op_b,ld(op_b,mult(mult(op_b,mult(op_b,mult(op_b,op_b))),X1))))) [forward demodulation 31357,2013]
31393. mult(mult(X0,op_b),X1) = mult(X0,ld(op_b,ld(op_b,ld(op_b,mult(mult(op_b,op_b),mult(op_b,mult(op_b,X1))))))) [forward demodulation 31376,44]
31410. mult(mult(X0,op_b),X1) = mult(X0,ld(op_b,ld(op_b,ld(op_b,mult(op_b,mult(op_b,mult(op_b,mult(op_b,X1)))))))) [forward demodulation 31393,56]
31426. mult(mult(X0,op_b),X1) = mult(X0,ld(op_b,ld(op_b,mult(op_b,mult(op_b,mult(op_b,X1)))))) [forward demodulation 31410,2]
31442. mult(mult(X0,op_b),X1) = mult(X0,ld(op_b,mult(op_b,mult(op_b,X1)))) [forward demodulation 31426,2]
31458. mult(X0,mult(op_b,X1)) = mult(mult(X0,op_b),X1) [forward demodulation 31442,2]
45569. mult(op_a,mult(op_b,a)) != mult(op_a,mult(op_b,a)) [superposition 12,31458]
45765. $false [trivial inequality removal 45569]
% SZS output end Proof for GRP705-1
% ------------------------------
% Version: Vampire 5.0.0 (Release build, commit 2e2c9b7b8 on 2026-01-17 12:24:14 +0100)
% Linked with Z3 4.14.0.0 3c47fd96cf5645d0c42b2c819d9e9a84380aa721 z3-4.8.4-9178-g3c47fd96c
% CaDiCaL version: 2.1.3
% Termination reason: Refutation
% Time elapsed: 0.681 s
% Peak memory usage: 64 MB
% Instructions burned: 1689 (million)
% ------------------------------
% ------------------------------
