% Running in auto input_syntax mode. Trying TPTP
% Refutation found. Thanks to Tanya!
% SZS status Unsatisfiable for GRP703+1_clausified
% SZS output start Proof for GRP703+1_clausified
3. mult(rd(X0,X1),X1) = X0 [input(axiom)]
5. mult(X0,unit) = X0 [input(axiom)]
6. mult(unit,X0) = X0 [input(axiom)]
8. mult(op_c,mult(X0,X1)) = mult(mult(op_c,X0),X1) [input(axiom)]
9. mult(X0,mult(X1,op_c)) = mult(mult(X0,X1),op_c) [input(axiom)]
10. mult(X0,mult(op_c,X1)) = mult(mult(X0,op_c),X1) [input(axiom)]
12. op_e = mult(mult(rd(op_c,mult(X0,X1)),X1),X0) [input(axiom)]
14. mult(op_e,mult(sK0,sK1)) != mult(mult(op_e,sK0),sK1) | mult(sK0,mult(sK1,op_e)) != mult(mult(sK0,sK1),op_e) | mult(sK0,mult(op_e,sK1)) != mult(mult(sK0,op_e),sK1) [input(negated conjecture)]
16. 1 <=> mult(sK0,mult(op_e,sK1)) = mult(mult(sK0,op_e),sK1) [avatar definition]
18. mult(sK0,mult(op_e,sK1)) != mult(mult(sK0,op_e),sK1) <- (~1) [avatar component clause 16]
20. 2 <=> mult(sK0,mult(sK1,op_e)) = mult(mult(sK0,sK1),op_e) [avatar definition]
22. mult(sK0,mult(sK1,op_e)) != mult(mult(sK0,sK1),op_e) <- (~2) [avatar component clause 20]
24. 3 <=> mult(op_e,mult(sK0,sK1)) = mult(mult(op_e,sK0),sK1) [avatar definition]
26. mult(op_e,mult(sK0,sK1)) != mult(mult(op_e,sK0),sK1) <- (~3) [avatar component clause 24]
27. ~1 | ~2 | ~3 [avatar split clause 14,24,20,16]
164. op_e = mult(rd(op_c,mult(unit,X0)),X0) [superposition 5,12]
168. op_e = mult(rd(op_c,X0),X0) [forward demodulation 164,6]
181. op_c = op_e [forward demodulation 168,3]
194. mult(sK0,mult(op_c,sK1)) != mult(mult(sK0,op_c),sK1) <- (~1) [superposition 18,181]
195. $false <- (~1) [forward subsumption resolution 194,10]
196. 1 [avatar contradiction clause 195]
198. mult(sK0,mult(sK1,op_c)) != mult(mult(sK0,sK1),op_c) <- (~2) [forward demodulation 22,181]
199. $false <- (~2) [forward subsumption resolution 198,9]
200. 2 [avatar contradiction clause 199]
202. mult(op_c,mult(sK0,sK1)) != mult(mult(op_c,sK0),sK1) <- (~3) [forward demodulation 26,181]
203. $false <- (~3) [forward subsumption resolution 202,8]
204. 3 [avatar contradiction clause 203]
s1. ~3 | ~2 | ~1 [sat_conversion 27]
s2. 1 [sat_conversion 196]
s3. 2 [sat_conversion 200]
s4. 3 [sat_conversion 204]
s5. # [rat s1,s2,s3,s4]
205. $false [avatar sat refutation s5]
% SZS output end Proof for GRP703+1_clausified
% ------------------------------
% Version: Vampire 5.0.0 (Release build, commit 2e2c9b7b8 on 2026-01-17 12:24:14 +0100)
% Linked with Z3 4.14.0.0 3c47fd96cf5645d0c42b2c819d9e9a84380aa721 z3-4.8.4-9178-g3c47fd96c
% CaDiCaL version: 2.1.3
% Termination reason: Refutation
% Time elapsed: 0.004 s
% Peak memory usage: 59 MB
% Instructions burned: 9 (million)
% ------------------------------
% ------------------------------
