% Running in auto input_syntax mode. Trying TPTP
% Refutation found. Thanks to Tanya!
% SZS status Theorem for GRP703+1
% SZS output start Proof for GRP703+1
3. ! [X0,X1] : mult(rd(X1,X0),X0) = X1 [input(axiom)]
5. ! [X0] : mult(X0,unit) = X0 [input(axiom)]
6. ! [X0] : mult(unit,X0) = X0 [input(axiom)]
8. ! [X0,X1] : mult(op_c,mult(X1,X0)) = mult(mult(op_c,X1),X0) [input(axiom)]
9. ! [X0,X1] : mult(X1,mult(X0,op_c)) = mult(mult(X1,X0),op_c) [input(axiom)]
10. ! [X0,X1] : mult(X1,mult(op_c,X0)) = mult(mult(X1,op_c),X0) [input(axiom)]
12. ! [X0,X1] : op_e = mult(mult(rd(op_c,mult(X1,X0)),X0),X1) [input(axiom)]
14. ! [X0,X1] : (mult(op_e,mult(X0,X1)) = mult(mult(op_e,X0),X1) & mult(X0,mult(X1,op_e)) = mult(mult(X0,X1),op_e) & mult(X0,mult(op_e,X1)) = mult(mult(X0,op_e),X1)) [input(conjecture)]
15. ~! [X0,X1] : (mult(op_e,mult(X0,X1)) = mult(mult(op_e,X0),X1) & mult(X0,mult(X1,op_e)) = mult(mult(X0,X1),op_e) & mult(X0,mult(op_e,X1)) = mult(mult(X0,op_e),X1)) [negated conjecture 14]
16. ? [X0,X1] : (mult(op_e,mult(X0,X1)) != mult(mult(op_e,X0),X1) | mult(X0,mult(X1,op_e)) != mult(mult(X0,X1),op_e) | mult(X0,mult(op_e,X1)) != mult(mult(X0,op_e),X1)) [ennf transformation 15]
17. ? [X0,X1] : (mult(op_e,mult(X0,X1)) != mult(mult(op_e,X0),X1) | mult(X0,mult(X1,op_e)) != mult(mult(X0,X1),op_e) | mult(X0,mult(op_e,X1)) != mult(mult(X0,op_e),X1)) => (mult(op_e,mult(sK0,sK1)) != mult(mult(op_e,sK0),sK1) | mult(sK0,mult(sK1,op_e)) != mult(mult(sK0,sK1),op_e) | mult(sK0,mult(op_e,sK1)) != mult(mult(sK0,op_e),sK1)) [skolem symbol introduction]
18. mult(op_e,mult(sK0,sK1)) != mult(mult(op_e,sK0),sK1) | mult(sK0,mult(sK1,op_e)) != mult(mult(sK0,sK1),op_e) | mult(sK0,mult(op_e,sK1)) != mult(mult(sK0,op_e),sK1) [skolemisation 16,17]
21. mult(rd(X1,X0),X0) = X1 [cnf transformation 3]
23. mult(X0,unit) = X0 [cnf transformation 5]
24. mult(unit,X0) = X0 [cnf transformation 6]
26. mult(op_c,mult(X1,X0)) = mult(mult(op_c,X1),X0) [cnf transformation 8]
27. mult(X1,mult(X0,op_c)) = mult(mult(X1,X0),op_c) [cnf transformation 9]
28. mult(X1,mult(op_c,X0)) = mult(mult(X1,op_c),X0) [cnf transformation 10]
30. op_e = mult(mult(rd(op_c,mult(X1,X0)),X0),X1) [cnf transformation 12]
32. mult(op_e,mult(sK0,sK1)) != mult(mult(op_e,sK0),sK1) | mult(sK0,mult(sK1,op_e)) != mult(mult(sK0,sK1),op_e) | mult(sK0,mult(op_e,sK1)) != mult(mult(sK0,op_e),sK1) [cnf transformation 18]
34. 1 <=> mult(sK0,mult(op_e,sK1)) = mult(mult(sK0,op_e),sK1) [avatar definition]
36. mult(sK0,mult(op_e,sK1)) != mult(mult(sK0,op_e),sK1) <- (~1) [avatar component clause 34]
38. 2 <=> mult(sK0,mult(sK1,op_e)) = mult(mult(sK0,sK1),op_e) [avatar definition]
40. mult(sK0,mult(sK1,op_e)) != mult(mult(sK0,sK1),op_e) <- (~2) [avatar component clause 38]
42. 3 <=> mult(op_e,mult(sK0,sK1)) = mult(mult(op_e,sK0),sK1) [avatar definition]
44. mult(op_e,mult(sK0,sK1)) != mult(mult(op_e,sK0),sK1) <- (~3) [avatar component clause 42]
45. ~1 | ~2 | ~3 [avatar split clause 32,42,38,34]
182. op_e = mult(rd(op_c,mult(unit,X0)),X0) [superposition 23,30]
186. op_e = mult(rd(op_c,X0),X0) [forward demodulation 182,24]
199. op_c = op_e [forward demodulation 186,21]
212. mult(sK0,mult(op_c,sK1)) != mult(mult(sK0,op_c),sK1) <- (~1) [superposition 36,199]
213. $false <- (~1) [forward subsumption resolution 212,28]
214. 1 [avatar contradiction clause 213]
216. mult(sK0,mult(sK1,op_c)) != mult(mult(sK0,sK1),op_c) <- (~2) [forward demodulation 40,199]
217. $false <- (~2) [forward subsumption resolution 216,27]
218. 2 [avatar contradiction clause 217]
220. mult(op_c,mult(sK0,sK1)) != mult(mult(op_c,sK0),sK1) <- (~3) [forward demodulation 44,199]
221. $false <- (~3) [forward subsumption resolution 220,26]
222. 3 [avatar contradiction clause 221]
s1. ~3 | ~2 | ~1 [sat_conversion 45]
s2. 1 [sat_conversion 214]
s3. 2 [sat_conversion 218]
s4. 3 [sat_conversion 222]
s5. # [rat s1,s2,s3,s4]
223. $false [avatar sat refutation s5]
% SZS output end Proof for GRP703+1
% ------------------------------
% Version: Vampire 5.0.0 (Release build, commit 2e2c9b7b8 on 2026-01-17 12:24:14 +0100)
% Linked with Z3 4.14.0.0 3c47fd96cf5645d0c42b2c819d9e9a84380aa721 z3-4.8.4-9178-g3c47fd96c
% CaDiCaL version: 2.1.3
% Termination reason: Refutation
% Time elapsed: 0.004 s
% Peak memory usage: 59 MB
% Instructions burned: 10 (million)
% ------------------------------
% ------------------------------
