% Running in auto input_syntax mode. Trying TPTP
% Refutation found. Thanks to Tanya!
% SZS status Unsatisfiable for GRP479-1
% SZS output start Proof for GRP479-1
1. divide(inverse(divide(divide(divide(X0,X0),X1),divide(X2,divide(X1,X3)))),X3) = X2 [input(axiom)]
2. multiply(X0,X1) = divide(X0,inverse(X1)) [input(axiom)]
3. multiply(multiply(inverse(b2),b2),a2) != a2 [input(negated conjecture)]
4. a2 != multiply(multiply(inverse(b2),b2),a2) [reorient equations 3]
5. a2 != divide(divide(inverse(b2),inverse(b2)),inverse(a2)) [definition unfolding 4,2,2]
6. divide(inverse(divide(divide(divide(X1,X1),inverse(divide(divide(divide(X2,X2),X3),divide(X0,divide(X3,X4))))),divide(X5,X0))),X4) = X5 [superposition 1,1]
7. inverse(divide(divide(divide(X3,X3),X4),divide(X0,divide(X4,divide(X2,X5))))) = divide(inverse(divide(divide(divide(X1,X1),X2),X0)),X5) [superposition 1,1]
11. divide(inverse(divide(divide(divide(X1,X1),inverse(divide(divide(divide(X2,X2),X3),X0))),divide(X9,inverse(divide(divide(divide(X4,X4),inverse(divide(divide(divide(X5,X5),X6),divide(X7,divide(X6,divide(X3,X8)))))),divide(X0,X7)))))),X8) = X9 [superposition 6,6]
15. inverse(divide(divide(divide(X3,X3),inverse(divide(divide(divide(X4,X4),X5),divide(X6,divide(X5,divide(X2,X7)))))),divide(X0,X6))) = divide(inverse(divide(divide(divide(X1,X1),X2),X0)),X7) [superposition 1,6]
19. divide(inverse(divide(divide(divide(X9,X9),inverse(divide(divide(divide(X8,X8),X3),X2))),X7)),X4) = inverse(divide(divide(divide(X5,X5),X6),divide(X7,divide(X6,inverse(divide(divide(divide(X0,X0),X1),divide(X2,divide(X1,divide(X3,X4))))))))) [superposition 7,7]
28. inverse(divide(divide(divide(X4,X4),X5),divide(divide(X2,divide(X6,divide(X1,X3))),divide(X5,divide(X6,X7))))) = divide(divide(inverse(divide(divide(divide(X0,X0),X1),X2)),X3),X7) [superposition 7,7]
31. inverse(divide(divide(divide(X0,X0),X1),divide(X2,divide(X1,divide(X3,X4))))) = inverse(divide(divide(divide(X5,X5),X6),divide(X2,divide(X6,divide(X3,X4))))) [superposition 7,7]
33. divide(divide(inverse(divide(divide(divide(X0,X0),X1),X2)),X3),divide(X1,X3)) = X2 [superposition 1,7]
41. inverse(divide(divide(divide(X0,X0),X1),divide(divide(X2,X3),divide(X1,divide(inverse(divide(divide(divide(X4,X4),X5),divide(X3,divide(X5,X6)))),X6))))) = X2 [superposition 6,7]
43. inverse(divide(divide(divide(X7,X7),X3),X2)) = divide(inverse(divide(divide(divide(X6,X6),X4),inverse(divide(divide(divide(X0,X0),X1),divide(X2,divide(X1,divide(X3,divide(X4,X5)))))))),X5) [superposition 1,7]
44. inverse(divide(divide(divide(X0,X0),X1),divide(divide(X2,X3),divide(X1,X3)))) = X2 [forward demodulation 41,1]
47. divide(divide(inverse(divide(X0,X3)),X4),divide(divide(X2,inverse(divide(divide(divide(X1,X1),X2),X0))),X4)) = X3 [superposition 33,33]
48. divide(X2,divide(X5,divide(X1,X3))) = divide(divide(divide(inverse(divide(divide(divide(X0,X0),X1),X2)),X3),X6),divide(X5,X6)) [superposition 33,7]
82. divide(divide(X0,X3),divide(X2,X3)) = divide(divide(X0,X4),divide(X2,X4)) [superposition 33,44]
105. divide(divide(X1,X2),divide(inverse(divide(divide(divide(X3,X3),X4),divide(X0,divide(X4,X5)))),X2)) = divide(divide(X1,X5),X0) [superposition 82,1]
108. divide(divide(X1,X2),divide(divide(inverse(divide(divide(divide(X3,X3),X4),X0)),X5),X2)) = divide(divide(X1,divide(X4,X5)),X0) [superposition 82,33]
156. divide(divide(inverse(divide(divide(divide(X0,X1),divide(X2,X1)),X3)),X4),divide(divide(X2,X0),X4)) = X3 [superposition 33,82]
160. divide(inverse(divide(divide(divide(X0,X1),divide(X2,X1)),divide(X3,divide(divide(X2,X0),X4)))),X4) = X3 [superposition 1,82]
168. divide(X2,X3) = divide(divide(inverse(divide(divide(divide(X0,X0),X1),divide(X2,X1))),X4),divide(X3,X4)) [superposition 33,82]
521. divide(divide(inverse(divide(divide(divide(X1,X2),X0),X5)),X6),divide(divide(inverse(divide(divide(divide(X3,X3),X4),divide(X0,divide(X4,X2)))),X1),X6)) = X5 [superposition 156,1]
577. inverse(divide(divide(divide(X1,X1),X2),divide(X3,divide(X2,divide(divide(divide(X4,X5),inverse(divide(divide(divide(X5,X6),divide(X4,X6)),X0))),X7))))) = divide(inverse(divide(X0,X3)),X7) [superposition 7,156]
620. divide(divide(inverse(divide(divide(divide(X1,X2),X0),X5)),divide(X4,X1)),divide(X0,divide(X4,X2))) = X5 [forward demodulation 521,108]
1204. divide(divide(X2,X3),divide(divide(inverse(divide(divide(divide(X4,X4),X5),divide(X0,X5))),X6),X3)) = divide(divide(X2,divide(X1,X6)),divide(X0,X1)) [superposition 82,168]
1206. divide(divide(divide(inverse(divide(divide(divide(X2,X2),X3),divide(X0,X3))),X4),X6),divide(X5,X6)) = divide(divide(X0,X1),divide(X5,divide(X1,X4))) [superposition 82,168]
1224. divide(divide(X0,X1),divide(X5,divide(X1,X4))) = divide(divide(X0,X3),divide(X5,divide(X3,X4))) [forward demodulation 1206,48]
1226. divide(divide(X2,divide(X1,X6)),divide(X0,X1)) = divide(divide(X2,divide(X5,X6)),divide(X0,X5)) [forward demodulation 1204,108]
2780. inverse(divide(divide(divide(X1,X1),inverse(divide(divide(divide(X2,X2),X3),divide(X4,divide(X3,divide(divide(divide(X5,X6),inverse(divide(divide(divide(X6,X7),divide(X5,X7)),X0))),X8)))))),divide(X9,X4))) = divide(inverse(divide(X0,X9)),X8) [superposition 15,156]
2973. divide(inverse(divide(X0,X9)),X8) = inverse(divide(divide(divide(X1,X1),divide(inverse(divide(X0,X4)),X8)),divide(X9,X4))) [forward demodulation 2780,577]
3065. divide(X0,divide(divide(X3,X1),divide(X4,X1))) = divide(X0,divide(divide(X3,X2),divide(X4,X2))) [superposition 620,160]
3168. inverse(divide(divide(divide(X1,X1),divide(inverse(divide(divide(divide(X2,X3),X4),X0)),divide(X5,X2))),divide(divide(X6,divide(X4,divide(X5,X3))),X0))) = X6 [superposition 44,620]
3202. divide(inverse(divide(divide(divide(X2,X3),X4),divide(X6,divide(X4,divide(X5,X3))))),divide(X5,X2)) = X6 [forward demodulation 3168,2973]
5461. divide(X0,X1) = divide(X0,divide(X2,inverse(divide(divide(divide(X3,X3),X2),divide(divide(X4,X4),X1))))) [superposition 168,47]
6219. divide(divide(X2,X6),divide(X0,divide(X6,inverse(divide(divide(divide(X4,X4),X3),divide(divide(X5,X5),X1)))))) = divide(divide(X2,X3),divide(X0,X1)) [superposition 1224,5461]
6431. divide(X4,inverse(divide(divide(divide(X5,X5),X4),divide(divide(X6,X6),X3)))) = divide(divide(inverse(divide(divide(divide(X0,X1),X2),X3)),divide(X7,X0)),divide(X2,divide(X7,X1))) [superposition 620,5461]
6460. divide(X4,inverse(divide(divide(divide(X5,X5),X4),divide(divide(X6,X6),X3)))) = X3 [forward demodulation 6431,620]
7334. inverse(divide(divide(divide(X1,X1),X2),divide(X0,divide(X2,inverse(divide(divide(divide(X4,X4),X3),divide(divide(X5,X5),X0))))))) = X3 [superposition 44,6460]
7418. inverse(divide(divide(divide(X1,X1),X3),divide(X0,X0))) = X3 [forward demodulation 7334,6219]
8423. inverse(divide(divide(divide(X0,inverse(divide(divide(divide(X1,X1),X2),divide(X0,X2)))),X4),divide(X5,X5))) = X4 [superposition 7418,168]
8435. divide(X2,X0) = inverse(divide(divide(divide(X0,X1),divide(X2,X1)),divide(X3,X3))) [superposition 7418,82]
8458. inverse(divide(divide(divide(X0,X0),X1),divide(X2,X1))) = X2 [superposition 7418,82]
8462. divide(X3,X2) = inverse(divide(divide(divide(X0,X0),divide(X1,X2)),divide(X3,X1))) [superposition 7418,1226]
8475. divide(X0,X1) = divide(divide(X0,X3),divide(X1,X3)) [superposition 168,7418]
8476. divide(X0,X0) = divide(X2,X2) [superposition 6460,7418]
8536. inverse(divide(divide(X0,X0),X2)) = X2 [forward demodulation 8458,8475]
8548. divide(X2,X0) = inverse(divide(divide(X0,X2),divide(X3,X3))) [forward demodulation 8435,8475]
8555. inverse(divide(divide(divide(X0,inverse(divide(divide(X1,X1),X0))),X4),divide(X5,X5))) = X4 [forward demodulation 8423,8475]
8565. divide(X4,divide(X0,inverse(divide(divide(X1,X1),X0)))) = X4 [forward demodulation 8555,8548]
8569. divide(X4,divide(X0,X0)) = X4 [forward demodulation 8565,8536]
9727. inverse(divide(divide(divide(X1,X1),X2),divide(X3,divide(X2,divide(divide(X4,X4),X5))))) = divide(inverse(divide(divide(X0,X0),X3)),X5) [superposition 7,8476]
9740. divide(inverse(divide(divide(divide(X7,X7),X4),X6)),X5) = inverse(divide(divide(divide(X1,X1),inverse(divide(divide(X0,X0),divide(X3,divide(divide(X2,X2),divide(X4,X5)))))),divide(X6,X3))) [superposition 15,8476]
9748. inverse(divide(divide(divide(X1,X1),X2),divide(divide(X3,divide(X4,divide(divide(X5,X5),X6))),divide(X2,divide(X4,X7))))) = divide(divide(inverse(divide(divide(X0,X0),X3)),X6),X7) [superposition 28,8476]
9751. inverse(divide(divide(divide(X1,X1),X2),divide(X3,divide(X2,divide(X4,X5))))) = inverse(divide(divide(X0,X0),divide(X3,divide(divide(X6,X6),divide(X4,X5))))) [superposition 31,8476]
9796. divide(divide(inverse(divide(divide(divide(X7,X7),X5),X3)),X6),X4) = inverse(divide(divide(divide(X1,X1),X2),divide(divide(X3,divide(X4,divide(X5,X6))),divide(X2,divide(X0,X0))))) [superposition 28,8476]
9810. divide(divide(X1,X3),divide(X2,X3)) = divide(divide(X0,X0),divide(X2,X1)) [superposition 82,8476]
9832. divide(divide(X1,X4),divide(X3,divide(X4,X2))) = divide(divide(X1,X2),divide(X3,divide(X0,X0))) [superposition 1224,8476]
9839. divide(X1,divide(divide(X2,X4),divide(X3,X4))) = divide(X1,divide(divide(X0,X0),divide(X3,X2))) [superposition 3065,8476]
9944. divide(X3,divide(X4,X2)) = divide(inverse(divide(divide(divide(X1,X2),X3),divide(X0,X0))),divide(X4,X1)) [superposition 3202,8476]
9952. a2 != divide(divide(X0,X0),inverse(a2)) [superposition 5,8476]
9964. divide(X3,divide(X4,X2)) = divide(divide(X3,divide(X1,X2)),divide(X4,X1)) [forward demodulation 9944,8548]
10032. divide(X1,divide(X2,X3)) = divide(X1,divide(divide(X0,X0),divide(X3,X2))) [forward demodulation 9839,8475]
10039. divide(divide(X1,X2),X3) = divide(divide(X1,X4),divide(X3,divide(X4,X2))) [forward demodulation 9832,8569]
10052. divide(X1,X2) = divide(divide(X0,X0),divide(X2,X1)) [forward demodulation 9810,8475]
10063. divide(divide(inverse(divide(divide(divide(X7,X7),X5),X3)),X6),X4) = inverse(divide(divide(divide(X1,X1),X2),divide(divide(X3,divide(X4,divide(X5,X6))),X2))) [forward demodulation 9796,8569]
10101. inverse(divide(divide(divide(X1,X1),X2),divide(X3,divide(X2,divide(X4,X5))))) = divide(X3,divide(divide(X6,X6),divide(X4,X5))) [forward demodulation 9751,8536]
10104. divide(divide(X3,X6),X7) = inverse(divide(divide(divide(X1,X1),X2),divide(divide(X3,divide(X4,divide(divide(X5,X5),X6))),divide(X2,divide(X4,X7))))) [forward demodulation 9748,8536]
10112. divide(inverse(divide(divide(divide(X7,X7),X4),X6)),X5) = inverse(divide(divide(divide(X1,X1),divide(X3,divide(divide(X2,X2),divide(X4,X5)))),divide(X6,X3))) [forward demodulation 9740,8536]
10124. divide(X3,X5) = inverse(divide(divide(divide(X1,X1),X2),divide(X3,divide(X2,divide(divide(X4,X4),X5))))) [forward demodulation 9727,8536]
10351. divide(divide(inverse(divide(divide(divide(X7,X7),X5),X3)),X6),X4) = inverse(divide(divide(X1,X1),divide(X3,divide(X4,divide(X5,X6))))) [forward demodulation 10063,8475]
10373. inverse(divide(divide(divide(X1,X1),X2),divide(X3,divide(X2,divide(X4,X5))))) = divide(X3,divide(X5,X4)) [forward demodulation 10101,10032]
10376. divide(divide(X3,X6),X7) = inverse(divide(divide(divide(X1,X1),divide(X4,X7)),divide(X3,divide(X4,divide(divide(X5,X5),X6))))) [forward demodulation 10104,10039]
10384. divide(inverse(divide(divide(divide(X7,X7),X4),X6)),X5) = divide(X6,divide(divide(X2,X2),divide(X4,X5))) [forward demodulation 10112,8462]
10396. divide(X3,X5) = inverse(divide(divide(divide(X1,X1),divide(divide(X4,X4),X5)),X3)) [forward demodulation 10124,10039]
10510. divide(X3,divide(X4,divide(X5,X6))) = divide(divide(inverse(divide(divide(divide(X7,X7),X5),X3)),X6),X4) [forward demodulation 10351,8536]
10518. divide(X3,divide(X5,X4)) = inverse(divide(divide(divide(X1,X1),divide(X4,X5)),X3)) [forward demodulation 10373,10039]
10521. divide(divide(X3,X6),X7) = inverse(divide(divide(X7,X4),divide(X3,divide(X4,divide(divide(X5,X5),X6))))) [forward demodulation 10376,10052]
10524. divide(inverse(divide(divide(divide(X7,X7),X4),X6)),X5) = divide(X6,divide(X5,X4)) [forward demodulation 10384,10032]
10534. divide(X3,X5) = inverse(divide(divide(X5,divide(X4,X4)),X3)) [forward demodulation 10396,10052]
10583. divide(X3,divide(X5,X4)) = inverse(divide(divide(X5,X4),X3)) [forward demodulation 10518,10052]
10585. divide(divide(X3,X6),X7) = inverse(divide(divide(X7,divide(divide(X5,X5),X6)),X3)) [forward demodulation 10521,10039]
10592. divide(X3,X5) = inverse(divide(X5,X3)) [forward demodulation 10534,8569]
10615. divide(divide(X3,X6),X7) = divide(X3,divide(X7,divide(divide(X5,X5),X6))) [forward demodulation 10585,10583]
10748. divide(inverse(X0),X7) = inverse(divide(divide(divide(X8,X8),X9),divide(inverse(divide(divide(divide(X5,X5),divide(divide(X1,X1),inverse(divide(divide(divide(X2,X2),X3),X4)))),divide(divide(X6,X6),X0))),divide(X9,inverse(divide(divide(divide(X10,X10),X11),divide(X4,divide(X11,divide(X3,X7))))))))) [superposition 19,6460]
10761. divide(divide(divide(inverse(divide(divide(divide(X0,X0),X1),X2)),X3),X4),X10) = inverse(divide(divide(divide(X11,X11),X12),divide(divide(divide(X2,divide(X9,divide(X1,X3))),divide(inverse(divide(divide(divide(X6,X6),X7),X8)),divide(X9,X4))),divide(X12,inverse(divide(divide(divide(X13,X13),X14),divide(X8,divide(X14,divide(X7,X10))))))))) [superposition 19,28]
11178. divide(divide(X8,divide(X9,X10)),divide(inverse(divide(divide(divide(X11,X11),inverse(divide(divide(divide(X12,X12),X6),X5))),X2)),X9)) = divide(divide(X8,divide(X7,X10)),inverse(divide(divide(divide(X0,X0),X1),divide(X2,divide(X1,inverse(divide(divide(divide(X3,X3),X4),divide(X5,divide(X4,divide(X6,X7)))))))))) [superposition 1226,19]
11217. divide(inverse(divide(divide(divide(X9,X9),inverse(divide(divide(divide(X10,X10),X7),X11))),divide(X12,inverse(divide(divide(divide(X13,X13),inverse(divide(divide(divide(X14,X14),inverse(divide(divide(divide(X15,X15),inverse(divide(divide(divide(X16,X16),X6),X5))),X2))),divide(X17,inverse(divide(divide(divide(X0,X0),X1),divide(X2,divide(X1,inverse(divide(divide(divide(X3,X3),X4),divide(X5,divide(X4,divide(X6,divide(X7,X8)))))))))))))),divide(X11,X17)))))),X8) = X12 [superposition 11,19]
11234. inverse(divide(divide(divide(X9,X9),inverse(divide(divide(divide(X10,X10),inverse(divide(divide(divide(X11,X11),X6),X5))),X2))),X12)) = divide(inverse(divide(divide(divide(X13,X13),X7),inverse(divide(divide(divide(X14,X14),X15),divide(X12,divide(X15,inverse(divide(divide(divide(X0,X0),X1),divide(X2,divide(X1,inverse(divide(divide(divide(X3,X3),X4),divide(X5,divide(X4,divide(X6,divide(X7,X8)))))))))))))))),X8) [superposition 43,19]
11305. divide(X4,divide(X7,inverse(divide(divide(divide(X8,X8),X9),divide(X3,divide(X9,divide(X2,X5))))))) = divide(divide(divide(inverse(divide(divide(divide(X0,X0),inverse(divide(divide(divide(X1,X1),X2),X3))),X4)),X5),divide(X10,X6)),divide(X7,divide(X10,X6))) [superposition 620,19]
11308. divide(X4,divide(X7,inverse(divide(divide(divide(X8,X8),X9),divide(X3,divide(X9,divide(X2,X5))))))) = divide(X4,divide(X7,divide(inverse(divide(divide(divide(X1,X1),X2),X3)),X5))) [forward demodulation 11305,48]
11370. inverse(divide(divide(divide(X9,X9),inverse(divide(divide(divide(X10,X10),inverse(divide(divide(divide(X11,X11),X6),X5))),X2))),X12)) = divide(inverse(divide(divide(divide(X14,X14),X15),divide(X12,divide(X15,inverse(divide(divide(divide(X0,X0),X1),divide(X2,divide(X1,inverse(divide(divide(divide(X3,X3),X4),divide(X5,divide(X4,divide(X6,divide(X7,X8)))))))))))))),divide(X8,X7)) [forward demodulation 11234,10524]
11387. divide(divide(X12,inverse(divide(divide(divide(X13,X13),inverse(divide(divide(divide(X14,X14),inverse(divide(divide(divide(X15,X15),inverse(divide(divide(divide(X16,X16),X6),X5))),X2))),divide(X17,inverse(divide(divide(divide(X0,X0),X1),divide(X2,divide(X1,inverse(divide(divide(divide(X3,X3),X4),divide(X5,divide(X4,divide(X6,divide(X7,X8)))))))))))))),divide(X11,X17)))),divide(X8,inverse(divide(divide(divide(X10,X10),X7),X11)))) = X12 [forward demodulation 11217,10524]
11421. divide(divide(X8,divide(X9,X10)),divide(inverse(divide(divide(divide(X11,X11),inverse(divide(divide(divide(X12,X12),X6),X5))),X2)),X9)) = divide(divide(X8,divide(X7,X10)),divide(divide(X2,divide(X1,inverse(divide(divide(divide(X3,X3),X4),divide(X5,divide(X4,divide(X6,X7))))))),divide(divide(X0,X0),X1))) [forward demodulation 11178,10583]
11776. divide(divide(divide(inverse(divide(divide(divide(X0,X0),X1),X2)),X3),X4),X10) = divide(divide(divide(divide(X2,divide(X9,divide(X1,X3))),divide(inverse(divide(divide(divide(X6,X6),X7),X8)),divide(X9,X4))),divide(X12,inverse(divide(divide(divide(X13,X13),X14),divide(X8,divide(X14,divide(X7,X10))))))),divide(divide(X11,X11),X12)) [forward demodulation 10761,10583]
11788. divide(inverse(X0),X7) = divide(divide(inverse(divide(divide(divide(X5,X5),divide(divide(X1,X1),inverse(divide(divide(divide(X2,X2),X3),X4)))),divide(divide(X6,X6),X0))),divide(X9,inverse(divide(divide(divide(X10,X10),X11),divide(X4,divide(X11,divide(X3,X7))))))),divide(divide(X8,X8),X9)) [forward demodulation 10748,10583]
11864. divide(X4,divide(X7,inverse(divide(divide(divide(X8,X8),X9),divide(X3,divide(X9,divide(X2,X5))))))) = divide(X4,divide(X7,divide(X3,divide(X5,X2)))) [forward demodulation 11308,10524]
11925. inverse(divide(divide(divide(X9,X9),inverse(divide(divide(divide(X10,X10),inverse(divide(divide(divide(X11,X11),X6),X5))),X2))),X12)) = divide(divide(X12,divide(X15,inverse(divide(divide(divide(X0,X0),X1),divide(X2,divide(X1,inverse(divide(divide(divide(X3,X3),X4),divide(X5,divide(X4,divide(X6,divide(X7,X8)))))))))))),divide(divide(X8,X7),X15)) [forward demodulation 11370,10524]
11942. divide(divide(X12,inverse(divide(divide(divide(X13,X13),inverse(divide(divide(divide(X14,X14),inverse(divide(divide(divide(X15,X15),inverse(divide(divide(divide(X16,X16),X6),X5))),X2))),divide(X17,inverse(divide(divide(divide(X0,X0),X1),divide(X2,divide(X1,inverse(divide(divide(divide(X3,X3),X4),divide(X5,divide(X4,divide(X6,divide(X7,X8)))))))))))))),divide(X11,X17)))),divide(X8,divide(X11,divide(divide(X10,X10),X7)))) = X12 [forward demodulation 11387,10583]
11976. divide(divide(X8,divide(X9,X10)),divide(inverse(divide(divide(divide(X11,X11),inverse(divide(divide(divide(X12,X12),X6),X5))),X2)),X9)) = divide(divide(divide(X8,divide(X7,X10)),X1),divide(X2,divide(X1,inverse(divide(divide(divide(X3,X3),X4),divide(X5,divide(X4,divide(X6,X7)))))))) [forward demodulation 11421,10615]
12325. divide(divide(divide(inverse(divide(divide(divide(X0,X0),X1),X2)),X3),X4),X10) = divide(divide(divide(X2,divide(X9,divide(X1,X3))),divide(inverse(divide(divide(divide(X6,X6),X7),X8)),divide(X9,X4))),divide(divide(X11,X11),inverse(divide(divide(divide(X13,X13),X14),divide(X8,divide(X14,divide(X7,X10))))))) [forward demodulation 11776,9964]
12337. divide(inverse(X0),X7) = divide(divide(divide(X6,X6),X0),divide(divide(divide(X8,X8),X9),divide(divide(divide(X1,X1),inverse(divide(divide(divide(X2,X2),X3),X4))),divide(X9,inverse(divide(divide(divide(X10,X10),X11),divide(X4,divide(X11,divide(X3,X7))))))))) [forward demodulation 11788,10510]
12413. divide(X4,divide(X7,divide(X3,divide(X5,X2)))) = divide(X4,divide(X7,divide(divide(X3,divide(X9,divide(X2,X5))),divide(divide(X8,X8),X9)))) [forward demodulation 11864,10583]
12474. inverse(divide(divide(divide(X9,X9),inverse(divide(divide(divide(X10,X10),inverse(divide(divide(divide(X11,X11),X6),X5))),X2))),X12)) = divide(X12,divide(divide(X8,X7),inverse(divide(divide(divide(X0,X0),X1),divide(X2,divide(X1,inverse(divide(divide(divide(X3,X3),X4),divide(X5,divide(X4,divide(X6,divide(X7,X8)))))))))))) [forward demodulation 11925,9964]
12491. divide(divide(X12,inverse(divide(divide(divide(X13,X13),inverse(divide(divide(divide(X14,X14),inverse(divide(divide(divide(X15,X15),inverse(divide(divide(divide(X16,X16),X6),X5))),X2))),divide(X17,inverse(divide(divide(divide(X0,X0),X1),divide(X2,divide(X1,inverse(divide(divide(divide(X3,X3),X4),divide(X5,divide(X4,divide(X6,divide(X7,X8)))))))))))))),divide(X11,X17)))),divide(divide(X8,X7),X11)) = X12 [forward demodulation 11942,10615]
12525. divide(divide(X8,divide(X9,X10)),divide(inverse(divide(divide(divide(X11,X11),inverse(divide(divide(divide(X12,X12),X6),X5))),X2)),X9)) = divide(divide(divide(X8,divide(X7,X10)),inverse(divide(divide(divide(X3,X3),X4),divide(X5,divide(X4,divide(X6,X7)))))),X2) [forward demodulation 11976,10039]
12874. divide(divide(divide(inverse(divide(divide(divide(X0,X0),X1),X2)),X3),X4),X10) = divide(divide(divide(X2,divide(X9,divide(X1,X3))),divide(inverse(divide(divide(divide(X6,X6),X7),X8)),divide(X9,X4))),divide(divide(X11,X11),divide(divide(X8,divide(X14,divide(X7,X10))),divide(divide(X13,X13),X14)))) [forward demodulation 12325,10583]
12886. divide(inverse(X0),X7) = divide(divide(divide(X6,X6),X0),divide(divide(divide(X8,X8),inverse(divide(divide(divide(X10,X10),X11),divide(X4,divide(X11,divide(X3,X7)))))),divide(divide(X1,X1),inverse(divide(divide(divide(X2,X2),X3),X4))))) [forward demodulation 12337,10039]
12962. divide(X4,divide(X7,divide(X3,divide(X5,X2)))) = divide(X4,divide(divide(X7,X9),divide(X3,divide(X9,divide(X2,X5))))) [forward demodulation 12413,10615]
13023. inverse(divide(divide(divide(X9,X9),inverse(divide(divide(divide(X10,X10),inverse(divide(divide(divide(X11,X11),X6),X5))),X2))),X12)) = divide(X12,divide(divide(X8,X7),divide(divide(X2,divide(X1,inverse(divide(divide(divide(X3,X3),X4),divide(X5,divide(X4,divide(X6,divide(X7,X8)))))))),divide(divide(X0,X0),X1)))) [forward demodulation 12474,10583]
13040. divide(divide(X12,divide(divide(X11,X17),divide(divide(X13,X13),inverse(divide(divide(divide(X14,X14),inverse(divide(divide(divide(X15,X15),inverse(divide(divide(divide(X16,X16),X6),X5))),X2))),divide(X17,inverse(divide(divide(divide(X0,X0),X1),divide(X2,divide(X1,inverse(divide(divide(divide(X3,X3),X4),divide(X5,divide(X4,divide(X6,divide(X7,X8)))))))))))))))),divide(divide(X8,X7),X11)) = X12 [forward demodulation 12491,10583]
13074. divide(divide(X8,divide(X9,X10)),divide(inverse(divide(divide(divide(X11,X11),inverse(divide(divide(divide(X12,X12),X6),X5))),X2)),X9)) = divide(divide(divide(X8,divide(X7,X10)),divide(divide(X5,divide(X4,divide(X6,X7))),divide(divide(X3,X3),X4))),X2) [forward demodulation 12525,10583]
13423. divide(divide(divide(inverse(divide(divide(divide(X0,X0),X1),X2)),X3),X4),X10) = divide(divide(divide(X2,divide(X9,divide(X1,X3))),divide(inverse(divide(divide(divide(X6,X6),X7),X8)),divide(X9,X4))),divide(divide(divide(X13,X13),X14),divide(X8,divide(X14,divide(X7,X10))))) [forward demodulation 12874,10032]
13435. divide(inverse(X0),X7) = divide(divide(divide(divide(X6,X6),X0),inverse(divide(divide(divide(X2,X2),X3),X4))),divide(divide(X8,X8),inverse(divide(divide(divide(X10,X10),X11),divide(X4,divide(X11,divide(X3,X7))))))) [forward demodulation 12886,10615]
13511. divide(X4,divide(X7,divide(X3,divide(X5,X2)))) = divide(X4,divide(divide(X7,divide(X2,X5)),X3)) [forward demodulation 12962,10039]
13572. inverse(divide(divide(divide(X9,X9),inverse(divide(divide(divide(X10,X10),inverse(divide(divide(divide(X11,X11),X6),X5))),X2))),X12)) = divide(X12,divide(divide(divide(X8,X7),X1),divide(X2,divide(X1,inverse(divide(divide(divide(X3,X3),X4),divide(X5,divide(X4,divide(X6,divide(X7,X8)))))))))) [forward demodulation 13023,10615]
13589. divide(divide(divide(X12,inverse(divide(divide(divide(X14,X14),inverse(divide(divide(divide(X15,X15),inverse(divide(divide(divide(X16,X16),X6),X5))),X2))),divide(X17,inverse(divide(divide(divide(X0,X0),X1),divide(X2,divide(X1,inverse(divide(divide(divide(X3,X3),X4),divide(X5,divide(X4,divide(X6,divide(X7,X8)))))))))))))),divide(X11,X17)),divide(divide(X8,X7),X11)) = X12 [forward demodulation 13040,10615]
13622. divide(divide(X8,divide(X9,X10)),divide(inverse(divide(divide(divide(X11,X11),inverse(divide(divide(divide(X12,X12),X6),X5))),X2)),X9)) = divide(divide(divide(divide(X8,divide(X7,X10)),X4),divide(X5,divide(X4,divide(X6,X7)))),X2) [forward demodulation 13074,10615]
13970. divide(divide(divide(inverse(divide(divide(divide(X0,X0),X1),X2)),X3),X4),X10) = divide(divide(divide(X2,divide(X9,divide(X1,X3))),divide(inverse(divide(divide(divide(X6,X6),X7),X8)),divide(X9,X4))),divide(divide(divide(X13,X13),divide(X7,X10)),X8)) [forward demodulation 13423,10039]
13982. divide(inverse(X0),X7) = divide(divide(divide(divide(X6,X6),X0),inverse(divide(divide(divide(X2,X2),X3),X4))),divide(divide(X8,X8),divide(divide(X4,divide(X11,divide(X3,X7))),divide(divide(X10,X10),X11)))) [forward demodulation 13435,10583]
14106. inverse(divide(divide(divide(X9,X9),inverse(divide(divide(divide(X10,X10),inverse(divide(divide(divide(X11,X11),X6),X5))),X2))),X12)) = divide(X12,divide(divide(divide(X8,X7),inverse(divide(divide(divide(X3,X3),X4),divide(X5,divide(X4,divide(X6,divide(X7,X8))))))),X2)) [forward demodulation 13572,10039]
14123. divide(divide(X12,inverse(divide(divide(divide(X14,X14),inverse(divide(divide(divide(X15,X15),inverse(divide(divide(divide(X16,X16),X6),X5))),X2))),divide(X17,inverse(divide(divide(divide(X0,X0),X1),divide(X2,divide(X1,inverse(divide(divide(divide(X3,X3),X4),divide(X5,divide(X4,divide(X6,divide(X7,X8)))))))))))))),divide(divide(X8,X7),X17)) = X12 [forward demodulation 13589,9964]
14155. divide(divide(X8,divide(X9,X10)),divide(inverse(divide(divide(divide(X11,X11),inverse(divide(divide(divide(X12,X12),X6),X5))),X2)),X9)) = divide(divide(divide(divide(X8,divide(X7,X10)),divide(X6,X7)),X5),X2) [forward demodulation 13622,10039]
14501. divide(divide(divide(inverse(divide(divide(divide(X0,X0),X1),X2)),X3),X4),X10) = divide(divide(divide(X2,divide(X9,divide(X1,X3))),divide(inverse(divide(divide(divide(X6,X6),X7),X8)),divide(X9,X4))),divide(divide(X13,X13),divide(X8,divide(X10,X7)))) [forward demodulation 13970,13511]
14513. divide(inverse(X0),X7) = divide(divide(divide(divide(X6,X6),X0),inverse(divide(divide(divide(X2,X2),X3),X4))),divide(divide(divide(X10,X10),X11),divide(X4,divide(X11,divide(X3,X7))))) [forward demodulation 13982,10032]
14634. inverse(divide(divide(divide(X9,X9),inverse(divide(divide(divide(X10,X10),inverse(divide(divide(divide(X11,X11),X6),X5))),X2))),X12)) = divide(X12,divide(divide(divide(X8,X7),divide(divide(X5,divide(X4,divide(X6,divide(X7,X8)))),divide(divide(X3,X3),X4))),X2)) [forward demodulation 14106,10583]
14651. divide(divide(X12,divide(divide(X17,inverse(divide(divide(divide(X0,X0),X1),divide(X2,divide(X1,inverse(divide(divide(divide(X3,X3),X4),divide(X5,divide(X4,divide(X6,divide(X7,X8))))))))))),divide(divide(X14,X14),inverse(divide(divide(divide(X15,X15),inverse(divide(divide(divide(X16,X16),X6),X5))),X2))))),divide(divide(X8,X7),X17)) = X12 [forward demodulation 14123,10583]
14683. divide(divide(X8,divide(X9,X10)),divide(inverse(divide(divide(divide(X11,X11),inverse(divide(divide(divide(X12,X12),X6),X5))),X2)),X9)) = divide(divide(divide(X8,divide(X6,X10)),X5),X2) [forward demodulation 14155,9964]
15029. divide(divide(divide(inverse(divide(divide(divide(X0,X0),X1),X2)),X3),X4),X10) = divide(divide(divide(X2,divide(X9,divide(X1,X3))),divide(inverse(divide(divide(divide(X6,X6),X7),X8)),divide(X9,X4))),divide(divide(X10,X7),X8)) [forward demodulation 14501,10032]
15041. divide(inverse(X0),X7) = divide(divide(divide(divide(X6,X6),X0),inverse(divide(divide(divide(X2,X2),X3),X4))),divide(divide(divide(X10,X10),divide(X3,X7)),X4)) [forward demodulation 14513,10039]
15158. inverse(divide(divide(divide(X9,X9),inverse(divide(divide(divide(X10,X10),inverse(divide(divide(divide(X11,X11),X6),X5))),X2))),X12)) = divide(X12,divide(divide(X8,X7),divide(X2,divide(divide(divide(X3,X3),X4),divide(X5,divide(X4,divide(X6,divide(X7,X8)))))))) [forward demodulation 14634,13511]
15175. divide(divide(divide(X12,inverse(divide(divide(divide(X15,X15),inverse(divide(divide(divide(X16,X16),X6),X5))),X2))),divide(X17,inverse(divide(divide(divide(X0,X0),X1),divide(X2,divide(X1,inverse(divide(divide(divide(X3,X3),X4),divide(X5,divide(X4,divide(X6,divide(X7,X8)))))))))))),divide(divide(X8,X7),X17)) = X12 [forward demodulation 14651,10615]
15207. divide(divide(divide(X8,divide(X6,X10)),X5),X2) = divide(X8,divide(inverse(divide(divide(divide(X11,X11),inverse(divide(divide(divide(X12,X12),X6),X5))),X2)),X10)) [forward demodulation 14683,9964]
15547. divide(divide(divide(inverse(divide(divide(divide(X0,X0),X1),X2)),X3),X4),X10) = divide(divide(divide(X2,divide(X9,divide(X1,X3))),divide(X8,divide(divide(X9,X4),X7))),divide(divide(X10,X7),X8)) [forward demodulation 15029,10524]
15559. divide(inverse(X0),X7) = divide(divide(divide(divide(X6,X6),X0),inverse(divide(divide(divide(X2,X2),X3),X4))),divide(divide(X10,X10),divide(X4,divide(X7,X3)))) [forward demodulation 15041,13511]
15675. inverse(divide(divide(divide(X9,X9),inverse(divide(divide(divide(X10,X10),inverse(divide(divide(divide(X11,X11),X6),X5))),X2))),X12)) = divide(X12,divide(divide(X8,X7),divide(X2,divide(divide(divide(X3,X3),divide(X6,divide(X7,X8))),X5)))) [forward demodulation 15158,10039]
15692. divide(divide(X12,inverse(divide(divide(divide(X15,X15),inverse(divide(divide(divide(X16,X16),X6),X5))),X2))),divide(divide(X8,X7),inverse(divide(divide(divide(X0,X0),X1),divide(X2,divide(X1,inverse(divide(divide(divide(X3,X3),X4),divide(X5,divide(X4,divide(X6,divide(X7,X8)))))))))))) = X12 [forward demodulation 15175,9964]
15723. divide(divide(divide(X8,divide(X6,X10)),X5),X2) = divide(X8,divide(X2,divide(X10,inverse(divide(divide(divide(X12,X12),X6),X5))))) [forward demodulation 15207,10524]
16050. divide(divide(divide(inverse(divide(divide(divide(X0,X0),X1),X2)),X3),X4),X10) = divide(divide(X2,divide(X9,divide(X1,X3))),divide(divide(X10,X7),divide(divide(X9,X4),X7))) [forward demodulation 15547,9964]
16061. divide(inverse(X0),X7) = divide(divide(divide(divide(X6,X6),X0),inverse(divide(divide(divide(X2,X2),X3),X4))),divide(divide(X7,X3),X4)) [forward demodulation 15559,10032]
16174. inverse(divide(divide(divide(X9,X9),inverse(divide(divide(divide(X10,X10),inverse(divide(divide(divide(X11,X11),X6),X5))),X2))),X12)) = divide(X12,divide(divide(X8,X7),divide(X2,divide(divide(X3,X3),divide(X5,divide(divide(X7,X8),X6)))))) [forward demodulation 15675,13511]
16191. divide(divide(X12,inverse(divide(divide(divide(X15,X15),inverse(divide(divide(divide(X16,X16),X6),X5))),X2))),divide(divide(X8,X7),divide(divide(X2,divide(X1,inverse(divide(divide(divide(X3,X3),X4),divide(X5,divide(X4,divide(X6,divide(X7,X8)))))))),divide(divide(X0,X0),X1)))) = X12 [forward demodulation 15692,10583]
16218. divide(divide(divide(X8,divide(X6,X10)),X5),X2) = divide(X8,divide(X2,divide(X10,divide(X5,divide(divide(X12,X12),X6))))) [forward demodulation 15723,10583]
16528. divide(divide(divide(inverse(divide(divide(divide(X0,X0),X1),X2)),X3),X4),X10) = divide(divide(X2,divide(X9,divide(X1,X3))),divide(X10,divide(X9,X4))) [forward demodulation 16050,8475]
16538. divide(inverse(X0),X7) = divide(divide(divide(divide(X6,X6),X0),divide(X4,divide(divide(X2,X2),X3))),divide(divide(X7,X3),X4)) [forward demodulation 16061,10583]
16645. inverse(divide(divide(divide(X9,X9),inverse(divide(divide(divide(X10,X10),inverse(divide(divide(divide(X11,X11),X6),X5))),X2))),X12)) = divide(X12,divide(divide(divide(X8,X7),divide(X5,divide(divide(X7,X8),X6))),X2)) [forward demodulation 16174,10615]
16662. divide(divide(X12,inverse(divide(divide(divide(X15,X15),inverse(divide(divide(divide(X16,X16),X6),X5))),X2))),divide(divide(X8,X7),divide(X2,divide(divide(divide(X0,X0),X1),divide(inverse(divide(divide(divide(X3,X3),X4),divide(X5,divide(X4,divide(X6,divide(X7,X8)))))),X1))))) = X12 [forward demodulation 16191,13511]
16683. divide(divide(divide(X8,divide(X6,X10)),X5),X2) = divide(X8,divide(X2,divide(divide(X10,X6),X5))) [forward demodulation 16218,10615]
16959. divide(divide(X2,divide(X9,divide(X1,X3))),divide(X10,divide(X9,X4))) = divide(divide(X2,divide(X4,divide(X1,X3))),X10) [forward demodulation 16528,10510]
16969. divide(inverse(X0),X7) = divide(divide(divide(X6,X6),X0),divide(divide(X7,X3),divide(divide(X2,X2),X3))) [forward demodulation 16538,9964]
17057. inverse(divide(divide(divide(X9,X9),inverse(divide(divide(divide(X10,X10),inverse(divide(divide(divide(X11,X11),X6),X5))),X2))),X12)) = divide(X12,divide(divide(X8,X7),divide(X2,divide(divide(divide(X7,X8),X6),X5)))) [forward demodulation 16645,13511]
17074. divide(divide(X12,inverse(divide(divide(divide(X15,X15),inverse(divide(divide(divide(X16,X16),X6),X5))),X2))),divide(divide(X8,X7),divide(X2,divide(divide(divide(X0,X0),divide(X6,divide(X7,X8))),X5)))) = X12 [forward demodulation 16662,105]
17351. divide(inverse(X0),X7) = divide(divide(divide(divide(X6,X6),X0),X3),divide(X7,X3)) [forward demodulation 16969,10615]
17415. divide(X12,divide(divide(X9,X9),inverse(divide(divide(divide(X10,X10),inverse(divide(divide(divide(X11,X11),X6),X5))),X2)))) = divide(X12,divide(divide(X8,X7),divide(X2,divide(divide(divide(X7,X8),X6),X5)))) [forward demodulation 17057,10583]
17432. divide(divide(X12,inverse(divide(divide(divide(X15,X15),inverse(divide(divide(divide(X16,X16),X6),X5))),X2))),divide(divide(X8,X7),divide(X2,divide(divide(X0,X0),divide(X5,divide(divide(X7,X8),X6)))))) = X12 [forward demodulation 17074,13511]
17678. divide(inverse(X0),X7) = divide(divide(divide(X6,X6),X0),X7) [forward demodulation 17351,8475]
17733. divide(X12,divide(divide(X8,X7),divide(X2,divide(divide(divide(X7,X8),X6),X5)))) = divide(X12,divide(divide(X9,X9),divide(X2,divide(divide(X10,X10),inverse(divide(divide(divide(X11,X11),X6),X5)))))) [forward demodulation 17415,10583]
17749. divide(divide(X12,inverse(divide(divide(divide(X15,X15),inverse(divide(divide(divide(X16,X16),X6),X5))),X2))),divide(divide(divide(X8,X7),divide(X5,divide(divide(X7,X8),X6))),X2)) = X12 [forward demodulation 17432,10615]
17996. divide(X12,divide(divide(X8,X7),divide(X2,divide(divide(divide(X7,X8),X6),X5)))) = divide(X12,divide(divide(divide(X10,X10),inverse(divide(divide(divide(X11,X11),X6),X5))),X2)) [forward demodulation 17733,10032]
18011. divide(divide(X12,inverse(divide(divide(divide(X15,X15),inverse(divide(divide(divide(X16,X16),X6),X5))),X2))),divide(divide(X8,X7),divide(X2,divide(divide(divide(X7,X8),X6),X5)))) = X12 [forward demodulation 17749,13511]
18227. divide(X12,divide(divide(X8,X7),divide(X2,divide(divide(divide(X7,X8),X6),X5)))) = divide(X12,divide(inverse(inverse(divide(divide(divide(X11,X11),X6),X5))),X2)) [forward demodulation 17996,17678]
18240. divide(divide(X12,divide(X2,divide(divide(X15,X15),inverse(divide(divide(divide(X16,X16),X6),X5))))),divide(divide(X8,X7),divide(X2,divide(divide(divide(X7,X8),X6),X5)))) = X12 [forward demodulation 18011,10583]
18427. divide(X12,divide(divide(X8,X7),divide(X2,divide(divide(divide(X7,X8),X6),X5)))) = divide(X12,divide(inverse(divide(X5,divide(divide(X11,X11),X6))),X2)) [forward demodulation 18227,10583]
18439. divide(divide(X12,divide(divide(divide(divide(X7,X8),X6),X5),divide(divide(X15,X15),inverse(divide(divide(divide(X16,X16),X6),X5))))),divide(X8,X7)) = X12 [forward demodulation 18240,16959]
18602. divide(X12,divide(divide(X8,X7),divide(X2,divide(divide(divide(X7,X8),X6),X5)))) = divide(X12,divide(divide(divide(divide(X11,X11),X6),X5),X2)) [forward demodulation 18427,10592]
18612. divide(divide(divide(X12,inverse(divide(divide(divide(X16,X16),X6),X5))),divide(divide(divide(X7,X8),X6),X5)),divide(X8,X7)) = X12 [forward demodulation 18439,10615]
18751. divide(X12,divide(divide(X8,X7),divide(X2,divide(divide(divide(X7,X8),X6),X5)))) = divide(X12,divide(divide(inverse(X6),X5),X2)) [forward demodulation 18602,17678]
18760. divide(divide(divide(X12,divide(X5,divide(divide(X16,X16),X6))),divide(divide(divide(X7,X8),X6),X5)),divide(X8,X7)) = X12 [forward demodulation 18612,10583]
18889. divide(X12,divide(divide(X8,X7),divide(divide(divide(divide(X16,X16),X6),X5),divide(divide(divide(X7,X8),X6),X5)))) = X12 [forward demodulation 18760,16683]
19000. divide(X12,divide(divide(inverse(X6),X5),divide(divide(divide(X16,X16),X6),X5))) = X12 [forward demodulation 18889,18751]
19097. divide(X12,divide(inverse(X6),divide(divide(X16,X16),X6))) = X12 [forward demodulation 19000,8475]
19180. divide(divide(X12,X6),inverse(X6)) = X12 [forward demodulation 19097,10615]
47155. a2 != a2 [superposition 9952,19180]
47345. $false [trivial inequality removal 47155]
% SZS output end Proof for GRP479-1
% ------------------------------
% Version: Vampire 5.0.0 (Release build, commit 2e2c9b7b8 on 2026-01-17 12:24:14 +0100)
% Linked with Z3 4.14.0.0 3c47fd96cf5645d0c42b2c819d9e9a84380aa721 z3-4.8.4-9178-g3c47fd96c
% CaDiCaL version: 2.1.3
% Termination reason: Refutation
% Time elapsed: 0.675 s
% Peak memory usage: 59 MB
% Instructions burned: 2612 (million)
% ------------------------------
% ------------------------------
