% Running in auto input_syntax mode. Trying TPTP
% Refutation found. Thanks to Tanya!
% SZS status Unsatisfiable for GRP094-1
% SZS output start Proof for GRP094-1
1. divide(divide(identity,divide(X0,X1)),divide(divide(X1,X2),X0)) = X2 [input(axiom)]
2. multiply(X0,X1) = divide(X0,divide(identity,X1)) [input(axiom)]
3. inverse(X0) = divide(identity,X0) [input(axiom)]
4. identity = divide(X0,X0) [input(axiom)]
5. multiply(inverse(a1),a1) != multiply(inverse(b1),b1) | multiply(multiply(inverse(b2),b2),a2) != a2 | multiply(multiply(a3,b3),c3) != multiply(a3,multiply(b3,c3)) | multiply(a4,b4) != multiply(b4,a4) [input(negated conjecture)]
6. multiply(inverse(a1),a1) != multiply(inverse(b1),b1) | a2 != multiply(multiply(inverse(b2),b2),a2) | multiply(multiply(a3,b3),c3) != multiply(a3,multiply(b3,c3)) | multiply(a4,b4) != multiply(b4,a4) [reorient equations 5]
7. divide(divide(identity,a1),divide(identity,a1)) != divide(divide(identity,b1),divide(identity,b1)) | a2 != divide(divide(divide(identity,b2),divide(identity,b2)),divide(identity,a2)) | divide(divide(a3,divide(identity,b3)),divide(identity,c3)) != divide(a3,divide(identity,divide(b3,divide(identity,c3)))) | divide(a4,divide(identity,b4)) != divide(b4,divide(identity,a4)) [definition unfolding 6,2,3,2,3,2,2,3,2,2,2,2,2,2]
9. 1 <=> divide(a4,divide(identity,b4)) = divide(b4,divide(identity,a4)) [avatar definition]
11. divide(a4,divide(identity,b4)) != divide(b4,divide(identity,a4)) <- (~1) [avatar component clause 9]
13. 2 <=> divide(divide(a3,divide(identity,b3)),divide(identity,c3)) = divide(a3,divide(identity,divide(b3,divide(identity,c3)))) [avatar definition]
15. divide(divide(a3,divide(identity,b3)),divide(identity,c3)) != divide(a3,divide(identity,divide(b3,divide(identity,c3)))) <- (~2) [avatar component clause 13]
17. 3 <=> a2 = divide(divide(divide(identity,b2),divide(identity,b2)),divide(identity,a2)) [avatar definition]
19. a2 != divide(divide(divide(identity,b2),divide(identity,b2)),divide(identity,a2)) <- (~3) [avatar component clause 17]
21. 4 <=> divide(divide(identity,a1),divide(identity,a1)) = divide(divide(identity,b1),divide(identity,b1)) [avatar definition]
23. divide(divide(identity,a1),divide(identity,a1)) != divide(divide(identity,b1),divide(identity,b1)) <- (~4) [avatar component clause 21]
24. ~1 | ~2 | ~3 | ~4 [avatar split clause 7,21,17,13,9]
25. divide(divide(identity,identity),divide(divide(X0,X1),X0)) = X1 [superposition 1,4]
27. divide(divide(identity,divide(X0,X1)),divide(identity,X0)) = X1 [superposition 1,4]
28. divide(divide(X3,X0),X2) = divide(divide(identity,divide(X1,divide(identity,divide(X2,X3)))),divide(X0,X1)) [superposition 1,1]
29. divide(X2,X1) = divide(divide(identity,divide(divide(divide(X1,X0),X2),identity)),X0) [superposition 1,1]
30. divide(divide(identity,divide(divide(X0,X1),X0)),identity) = X1 [superposition 1,4]
31. divide(identity,divide(divide(X0,X1),X0)) = X1 [forward demodulation 25,4]
32. divide(identity,divide(identity,X0)) = X0 [superposition 31,4]
33. divide(divide(X2,X0),X1) = divide(identity,divide(X0,divide(identity,divide(X1,X2)))) [superposition 31,1]
34. divide(divide(X1,X0),X1) = divide(identity,divide(X0,identity)) [superposition 31,31]
38. divide(identity,X0) = divide(divide(X1,X0),X1) [superposition 32,31]
41. divide(identity,X0) = divide(identity,divide(X0,identity)) [superposition 31,32]
45. divide(divide(X2,X0),X1) = divide(divide(identity,X0),divide(identity,divide(identity,divide(X1,X2)))) [superposition 27,1]
49. divide(X0,divide(identity,divide(X1,X0))) = X1 [superposition 27,31]
50. divide(X0,divide(identity,identity)) = X0 [superposition 27,32]
62. divide(X0,identity) = X0 [forward demodulation 50,4]
66. divide(divide(X2,X0),X1) = divide(divide(identity,X0),divide(X1,X2)) [forward demodulation 45,32]
135. divide(identity,divide(X0,X1)) = divide(divide(identity,X0),divide(identity,X1)) [superposition 27,49]
136. divide(identity,divide(X0,X2)) = divide(divide(identity,divide(X1,X2)),divide(X0,X1)) [superposition 1,49]
140. divide(X0,divide(divide(divide(X0,identity),X1),identity)) = X1 [superposition 1,49]
145. divide(X0,divide(divide(X0,identity),X1)) = X1 [forward demodulation 140,62]
147. divide(identity,divide(X0,X2)) = divide(divide(X1,divide(X1,X2)),X0) [forward demodulation 136,66]
148. divide(identity,divide(X0,X1)) = divide(divide(X1,X0),identity) [forward demodulation 135,66]
154. divide(X0,divide(X0,X1)) = X1 [forward demodulation 145,62]
155. divide(identity,divide(X0,X1)) = divide(X1,X0) [forward demodulation 148,62]
160. divide(X1,divide(identity,divide(X2,X3))) = divide(divide(identity,divide(divide(X0,X1),identity)),divide(divide(X3,X0),X2)) [superposition 29,1]
163. divide(X2,divide(identity,divide(divide(divide(X1,X3),X0),identity))) = divide(divide(identity,divide(divide(divide(X0,X1),X2),identity)),X3) [superposition 29,29]
172. divide(divide(identity,divide(X0,identity)),X2) = divide(divide(identity,divide(X0,divide(X1,X2))),X1) [superposition 29,49]
183. divide(identity,divide(divide(divide(X1,X2),X0),identity)) = divide(X2,divide(identity,divide(X0,X1))) [superposition 49,29]
186. divide(identity,divide(divide(divide(X1,X2),X0),identity)) = divide(X2,divide(X1,X0)) [forward demodulation 183,155]
197. divide(divide(identity,divide(X0,identity)),X2) = divide(divide(divide(X1,X2),X0),X1) [forward demodulation 172,155]
205. divide(X2,divide(identity,divide(divide(divide(X1,X3),X0),identity))) = divide(divide(identity,divide(divide(X0,X1),X2)),X3) [forward demodulation 163,41]
208. divide(X1,divide(identity,divide(X2,X3))) = divide(divide(X2,divide(divide(X0,X1),identity)),divide(X3,X0)) [forward demodulation 160,66]
212. divide(X2,divide(X1,X0)) = divide(identity,divide(divide(X1,X2),X0)) [forward demodulation 186,41]
220. divide(divide(identity,X0),X2) = divide(divide(divide(X1,X2),X0),X1) [forward demodulation 197,41]
226. divide(X2,divide(identity,divide(divide(divide(X1,X3),X0),identity))) = divide(divide(X2,divide(X0,X1)),X3) [forward demodulation 205,155]
229. divide(X1,divide(identity,divide(X2,X3))) = divide(divide(X2,divide(X0,X1)),divide(X3,X0)) [forward demodulation 208,62]
232. divide(X0,divide(X1,X2)) = divide(X2,divide(X1,X0)) [forward demodulation 212,155]
240. divide(divide(X2,divide(X0,X1)),X3) = divide(X2,divide(identity,divide(divide(X1,X3),X0))) [forward demodulation 226,41]
243. divide(divide(X2,divide(X0,X1)),divide(X3,X0)) = divide(X1,divide(X3,X2)) [forward demodulation 229,155]
249. divide(divide(X2,divide(X0,X1)),X3) = divide(X2,divide(X0,divide(X1,X3))) [forward demodulation 240,155]
251. divide(X1,divide(X3,X2)) = divide(X0,divide(X3,divide(X2,divide(X0,X1)))) [forward demodulation 243,232]
278. divide(divide(identity,divide(X0,identity)),X2) = divide(divide(divide(X1,X2),X0),X1) [superposition 29,154]
281. divide(divide(identity,divide(X0,identity)),X2) = divide(divide(identity,X0),X2) [forward demodulation 278,220]
292. divide(divide(identity,X0),X2) = divide(identity,divide(X0,divide(identity,X2))) [forward demodulation 281,249]
298. divide(divide(identity,X0),X2) = divide(divide(identity,X2),X0) [forward demodulation 292,155]
694. divide(X1,divide(X2,X0)) = divide(divide(identity,divide(divide(divide(identity,X0),X1),identity)),X2) [superposition 29,38]
702. divide(X1,divide(X2,X0)) = divide(identity,divide(divide(divide(identity,X0),X1),divide(identity,X2))) [forward demodulation 694,249]
723. divide(X1,divide(X2,X0)) = divide(divide(identity,X2),divide(divide(identity,X0),X1)) [forward demodulation 702,155]
739. divide(X1,divide(X2,X0)) = divide(divide(X1,X2),divide(identity,X0)) [forward demodulation 723,66]
795. divide(divide(X1,divide(identity,divide(X2,X3))),X4) = divide(divide(identity,divide(divide(divide(X3,X0),X2),divide(identity,divide(X4,X1)))),X0) [superposition 28,1]
797. divide(divide(X3,divide(identity,divide(X4,divide(identity,divide(X2,X0))))),X5) = divide(divide(identity,divide(divide(X1,X4),divide(identity,divide(X5,X3)))),divide(divide(X0,X1),X2)) [superposition 28,28]
798. divide(divide(X1,divide(identity,divide(divide(X2,X0),X2))),X3) = divide(divide(identity,divide(identity,divide(identity,divide(X3,X1)))),X0) [superposition 28,30]
853. divide(divide(X1,divide(identity,divide(divide(X2,X0),X2))),X3) = divide(identity,divide(X0,divide(identity,divide(X3,X1)))) [forward demodulation 798,147]
854. divide(divide(X3,divide(identity,divide(X4,divide(identity,divide(X2,X0))))),X5) = divide(divide(X2,divide(divide(X1,X4),divide(identity,divide(X5,X3)))),divide(X0,X1)) [forward demodulation 797,66]
856. divide(divide(X1,divide(identity,divide(X2,X3))),X4) = divide(divide(identity,X0),divide(divide(divide(X3,X0),X2),divide(identity,divide(X4,X1)))) [forward demodulation 795,298]
913. divide(divide(X1,divide(identity,divide(divide(X2,X0),X2))),X3) = divide(divide(X1,X0),X3) [forward demodulation 853,33]
914. divide(divide(X3,divide(identity,divide(X4,divide(identity,divide(X2,X0))))),X5) = divide(X1,divide(X0,divide(X2,divide(divide(X1,X4),divide(identity,divide(X5,X3)))))) [forward demodulation 854,232]
916. divide(divide(X1,divide(identity,divide(X2,X3))),X4) = divide(divide(divide(identity,divide(X4,X1)),X0),divide(divide(X3,X0),X2)) [forward demodulation 856,66]
965. divide(divide(X1,X0),X3) = divide(X1,divide(identity,divide(divide(divide(X2,X0),X2),X3))) [forward demodulation 913,249]
966. divide(divide(X3,divide(identity,divide(X4,divide(identity,divide(X2,X0))))),X5) = divide(X1,divide(X0,divide(X2,divide(X1,divide(X4,divide(X5,X3)))))) [forward demodulation 914,739]
968. divide(divide(X1,divide(identity,divide(X2,X3))),X4) = divide(divide(identity,divide(X4,divide(X1,X0))),divide(divide(X3,X0),X2)) [forward demodulation 916,249]
1014. divide(divide(X1,X0),X3) = divide(X1,divide(X3,divide(divide(X2,X0),X2))) [forward demodulation 965,155]
1015. divide(divide(X3,divide(identity,divide(X4,divide(identity,divide(X2,X0))))),X5) = divide(divide(X4,divide(X5,X3)),divide(X0,X2)) [forward demodulation 966,251]
1017. divide(divide(X1,divide(identity,divide(X2,X3))),X4) = divide(divide(X2,divide(X4,divide(X1,X0))),divide(X3,X0)) [forward demodulation 968,66]
1052. divide(divide(X1,X0),X3) = divide(X1,divide(X3,divide(identity,divide(X0,identity)))) [forward demodulation 1014,34]
1053. divide(divide(X3,divide(identity,divide(X4,divide(identity,divide(X2,X0))))),X5) = divide(X4,divide(X5,divide(X3,divide(X0,X2)))) [forward demodulation 1015,249]
1055. divide(divide(X1,divide(identity,divide(X2,X3))),X4) = divide(X0,divide(X3,divide(X2,divide(X4,divide(X1,X0))))) [forward demodulation 1017,232]
1087. divide(divide(X1,X0),X3) = divide(X1,divide(X3,divide(identity,X0))) [forward demodulation 1052,41]
1088. divide(X4,divide(X5,divide(X3,divide(X0,X2)))) = divide(X3,divide(identity,divide(divide(X4,divide(identity,divide(X2,X0))),X5))) [forward demodulation 1053,249]
1090. divide(X0,divide(X3,divide(X2,divide(X4,divide(X1,X0))))) = divide(X1,divide(identity,divide(divide(X2,X3),X4))) [forward demodulation 1055,249]
1113. divide(X4,divide(X5,divide(X3,divide(X0,X2)))) = divide(X3,divide(X5,divide(X4,divide(identity,divide(X2,X0))))) [forward demodulation 1088,155]
1115. divide(X0,divide(X3,divide(X2,divide(X4,divide(X1,X0))))) = divide(X1,divide(X4,divide(X2,X3))) [forward demodulation 1090,155]
1133. divide(X4,divide(X5,divide(X3,divide(X0,X2)))) = divide(X3,divide(divide(X5,divide(X2,X0)),X4)) [forward demodulation 1113,1087]
1148. divide(X4,divide(X5,divide(X3,divide(X0,X2)))) = divide(X3,divide(X5,divide(X2,divide(X0,X4)))) [forward demodulation 1133,249]
4691. divide(a4,divide(identity,b4)) != divide(a4,divide(identity,b4)) <- (~1) [superposition 11,232]
4766. $false <- (~1) [trivial inequality removal 4691]
4767. 1 [avatar contradiction clause 4766]
5454. $false <- (~2) [forward subsumption resolution 15,249]
5455. 2 [avatar contradiction clause 5454]
5456. a2 != divide(a2,divide(identity,divide(divide(identity,b2),divide(identity,b2)))) <- (~3) [forward demodulation 19,232]
5457. a2 != divide(b2,divide(identity,divide(a2,divide(identity,divide(identity,b2))))) <- (~3) [forward demodulation 5456,1148]
5458. a2 != divide(identity,divide(identity,divide(a2,identity))) <- (~3) [forward demodulation 5457,1115]
5459. $false <- (~3) [forward subsumption resolution 5458,49]
5460. 3 [avatar contradiction clause 5459]
5462. identity != divide(divide(identity,a1),divide(identity,a1)) <- (~4) [forward demodulation 23,4]
5464. $false <- (~4) [forward subsumption resolution 5462,4]
5465. 4 [avatar contradiction clause 5464]
s1. ~4 | ~3 | ~2 | ~1 [sat_conversion 24]
s3. 1 [sat_conversion 4767]
s4. 2 [sat_conversion 5455]
s5. 3 [sat_conversion 5460]
s6. 4 [sat_conversion 5465]
s7. # [rat s1,s3,s4,s5,s6]
5467. $false [avatar sat refutation s7]
% SZS output end Proof for GRP094-1
% ------------------------------
% Version: Vampire 5.0.0 (Release build, commit 2e2c9b7b8 on 2026-01-17 12:24:14 +0100)
% Linked with Z3 4.14.0.0 3c47fd96cf5645d0c42b2c819d9e9a84380aa721 z3-4.8.4-9178-g3c47fd96c
% CaDiCaL version: 2.1.3
% Termination reason: Refutation
% Time elapsed: 0.055 s
% Peak memory usage: 68 MB
% Instructions burned: 151 (million)
% ------------------------------
% ------------------------------
