% Running in auto input_syntax mode. Trying TPTP
% Refutation found. Thanks to Tanya!
% SZS status Unsatisfiable for GRP440-1_clausified
% SZS output start Proof for GRP440-1_clausified
1. inverse(multiply(X0,multiply(X1,multiply(multiply(inverse(X1),X2),inverse(multiply(X3,multiply(X0,X2))))))) = X3 [input(axiom)]
2. a2 != multiply(multiply(inverse(b2),b2),a2) [input(negated conjecture)]
3. inverse(multiply(X1,multiply(multiply(X2,multiply(X3,multiply(multiply(inverse(X3),X4),inverse(multiply(X0,multiply(X2,X4)))))),multiply(multiply(X0,X5),inverse(multiply(X6,multiply(X1,X5))))))) = X6 [superposition 1,1]
4. inverse(multiply(X1,multiply(X2,multiply(multiply(inverse(X2),multiply(multiply(inverse(X1),X3),inverse(multiply(X0,multiply(X4,X3))))),X0)))) = X4 [superposition 1,1]
11. inverse(multiply(X1,multiply(X2,multiply(multiply(inverse(X2),multiply(multiply(inverse(X1),multiply(multiply(inverse(X3),X4),inverse(multiply(X5,multiply(X0,X4))))),X5)),X0)))) = X3 [superposition 1,4]
22. multiply(X6,multiply(X7,multiply(multiply(inverse(X7),X8),inverse(multiply(X3,multiply(X6,X8)))))) = inverse(multiply(X1,multiply(X2,multiply(multiply(inverse(X2),multiply(multiply(inverse(X1),multiply(multiply(X3,X4),inverse(multiply(X0,multiply(X5,X4))))),X0)),X5)))) [superposition 4,3]
817. inverse(inverse(multiply(X0,multiply(X1,multiply(multiply(inverse(X1),multiply(multiply(inverse(X0),multiply(multiply(X2,X3),inverse(multiply(X4,multiply(X5,X3))))),X4)),X5))))) = X2 [superposition 1,22]
865. multiply(X0,multiply(X1,multiply(multiply(inverse(X1),X2),inverse(multiply(inverse(X3),multiply(X0,X2)))))) = X3 [superposition 11,22]
1072. multiply(X1,multiply(X2,multiply(X0,inverse(multiply(inverse(X5),multiply(X1,multiply(X3,multiply(multiply(inverse(X3),X4),inverse(multiply(inverse(X0),multiply(inverse(X2),X4))))))))))) = X5 [superposition 865,865]
1093. multiply(X1,multiply(X2,multiply(multiply(inverse(X2),multiply(multiply(inverse(X1),multiply(multiply(inverse(inverse(X3)),X4),inverse(multiply(X5,multiply(X0,X4))))),X5)),X0))) = X3 [superposition 865,4]
2567. multiply(inverse(X1),multiply(X1,multiply(X0,inverse(multiply(inverse(X2),X0))))) = X2 [superposition 1072,865]
2992. multiply(inverse(X1),multiply(X1,multiply(multiply(X2,multiply(X3,inverse(multiply(inverse(X0),X3)))),inverse(X0)))) = X2 [superposition 2567,2567]
3015. multiply(X1,multiply(X2,multiply(multiply(inverse(X2),multiply(X3,inverse(multiply(inverse(X0),X3)))),inverse(X0)))) = X1 [superposition 865,2567]
3070. inverse(X1) = inverse(multiply(X1,multiply(X2,multiply(multiply(inverse(X2),multiply(X3,inverse(multiply(inverse(X0),X3)))),inverse(X0))))) [superposition 1,2567]
3560. multiply(inverse(X1),multiply(X1,multiply(multiply(X2,multiply(X3,inverse(multiply(X0,X3)))),X0))) = X2 [superposition 2992,817]
4996. multiply(X1,multiply(X2,multiply(multiply(inverse(X2),multiply(X3,inverse(multiply(X0,X3)))),X0))) = X1 [superposition 3015,817]
5133. inverse(multiply(X0,multiply(X1,multiply(multiply(inverse(X1),multiply(X2,multiply(multiply(inverse(X2),multiply(X3,inverse(multiply(inverse(X4),X3)))),inverse(X4)))),inverse(multiply(X5,X0)))))) = X5 [superposition 1,3015]
5203. multiply(X0,multiply(X1,multiply(multiply(inverse(X1),multiply(X2,multiply(multiply(inverse(X2),multiply(X3,inverse(multiply(inverse(X4),X3)))),inverse(X4)))),inverse(multiply(inverse(X5),X0))))) = X5 [superposition 865,3015]
5207. multiply(X0,multiply(X1,multiply(inverse(X1),inverse(multiply(inverse(X5),X0))))) = X5 [forward demodulation 5203,3015]
5277. inverse(multiply(X0,multiply(X1,multiply(inverse(X1),inverse(multiply(X5,X0)))))) = X5 [forward demodulation 5133,3015]
5681. multiply(multiply(X1,multiply(X2,inverse(multiply(inverse(X0),X2)))),multiply(X3,multiply(inverse(X3),inverse(X0)))) = X1 [superposition 5207,2567]
5683. multiply(multiply(X1,multiply(multiply(X0,multiply(X2,inverse(multiply(X3,X2)))),X3)),multiply(X4,multiply(inverse(X4),inverse(X0)))) = X1 [superposition 5207,3560]
6320. inverse(multiply(multiply(X1,multiply(inverse(X1),inverse(multiply(X0,X2)))),multiply(X3,multiply(inverse(X3),X0)))) = X2 [superposition 5277,5277]
9618. multiply(multiply(X1,multiply(X2,inverse(multiply(X0,X2)))),multiply(X8,multiply(inverse(X8),X0))) = X1 [superposition 5681,817]
10388. multiply(multiply(X1,multiply(X2,inverse(multiply(multiply(inverse(inverse(X3)),inverse(multiply(inverse(X0),X3))),X2)))),X0) = X1 [superposition 9618,5207]
23468. multiply(X2,multiply(inverse(X2),inverse(inverse(X1)))) = inverse(inverse(multiply(X1,multiply(X0,inverse(X0))))) [superposition 817,5683]
24618. inverse(inverse(multiply(X0,multiply(X1,inverse(X1))))) = inverse(inverse(multiply(X0,multiply(X3,inverse(X3))))) [superposition 23468,23468]
26838. multiply(X0,multiply(X4,inverse(X4))) = multiply(X2,multiply(X3,multiply(multiply(inverse(X3),multiply(multiply(inverse(X2),multiply(multiply(inverse(inverse(multiply(X0,multiply(X1,inverse(X1))))),X5),inverse(multiply(X6,multiply(X7,X5))))),X6)),X7))) [superposition 1093,24618]
27072. multiply(X0,multiply(X1,inverse(X1))) = multiply(X0,multiply(X4,inverse(X4))) [forward demodulation 26838,1093]
28754. multiply(multiply(X0,multiply(X1,inverse(multiply(multiply(inverse(inverse(X2)),inverse(multiply(inverse(multiply(X3,inverse(X3))),X2))),X1)))),multiply(X4,inverse(X4))) = X0 [superposition 10388,27072]
28854. multiply(X0,multiply(X1,inverse(X1))) = inverse(inverse(multiply(X0,multiply(X2,inverse(X2))))) [superposition 23468,27072]
28994. multiply(X3,inverse(X3)) = inverse(multiply(multiply(X2,multiply(inverse(X2),inverse(multiply(X0,multiply(X1,inverse(X1)))))),multiply(X4,multiply(inverse(X4),X0)))) [superposition 6320,27072]
28996. multiply(X1,inverse(X1)) = multiply(X3,inverse(X3)) [forward demodulation 28994,6320]
34194. inverse(inverse(multiply(multiply(X0,multiply(X1,inverse(multiply(multiply(inverse(inverse(X2)),inverse(multiply(inverse(multiply(X3,inverse(X3))),X2))),X1)))),multiply(X4,inverse(X4))))) = X0 [superposition 10388,28854]
34694. inverse(inverse(X0)) = X0 [forward demodulation 34194,28754]
36147. multiply(X1,inverse(X1)) = multiply(inverse(X0),X0) [superposition 28996,34694]
39682. a2 != multiply(multiply(X0,inverse(X0)),a2) [superposition 2,36147]
43391. a2 != multiply(multiply(inverse(X0),X0),a2) [superposition 39682,36147]
46341. a2 != inverse(multiply(X0,inverse(multiply(multiply(inverse(inverse(X1)),inverse(multiply(inverse(a2),X1))),X0)))) [superposition 43391,10388]
46342. a2 != inverse(multiply(X0,inverse(multiply(multiply(X1,inverse(multiply(inverse(a2),X1))),X0)))) [forward demodulation 46341,34694]
63987. a2 != inverse(multiply(X1,inverse(multiply(multiply(inverse(inverse(a2)),inverse(multiply(inverse(X0),X0))),X1)))) [superposition 46342,36147]
64245. a2 != inverse(multiply(X1,inverse(multiply(multiply(a2,inverse(multiply(inverse(X0),X0))),X1)))) [forward demodulation 63987,34694]
82060. a2 != inverse(multiply(X3,inverse(multiply(multiply(a2,inverse(inverse(multiply(X0,multiply(multiply(inverse(X0),multiply(X1,inverse(multiply(inverse(X2),X1)))),inverse(X2)))))),X3)))) [superposition 64245,3070]
82188. a2 != inverse(multiply(X3,inverse(multiply(multiply(a2,multiply(X0,multiply(multiply(inverse(X0),multiply(X1,inverse(multiply(inverse(X2),X1)))),inverse(X2)))),X3)))) [forward demodulation 82060,34694]
82270. a2 != inverse(multiply(X3,inverse(multiply(a2,X3)))) [forward demodulation 82188,4996]
86260. a2 != inverse(multiply(inverse(a2),inverse(multiply(X0,inverse(X0))))) [superposition 82270,28996]
92239. a2 != inverse(multiply(inverse(a2),inverse(multiply(inverse(X0),X0)))) [superposition 86260,36147]
96521. a2 != inverse(multiply(inverse(a2),inverse(inverse(multiply(X0,multiply(multiply(inverse(X0),multiply(X1,inverse(multiply(inverse(X2),X1)))),inverse(X2))))))) [superposition 92239,3070]
96524. a2 != inverse(multiply(inverse(a2),multiply(X0,multiply(multiply(inverse(X0),multiply(X1,inverse(multiply(inverse(X2),X1)))),inverse(X2))))) [forward demodulation 96521,34694]
96601. a2 != inverse(inverse(a2)) [forward demodulation 96524,3070]
96660. $false [forward subsumption resolution 96601,34694]
% SZS output end Proof for GRP440-1_clausified
% ------------------------------
% Version: Vampire 5.0.0 (Release build, commit 2e2c9b7b8 on 2026-01-17 12:24:14 +0100)
% Linked with Z3 4.14.0.0 3c47fd96cf5645d0c42b2c819d9e9a84380aa721 z3-4.8.4-9178-g3c47fd96c
% CaDiCaL version: 2.1.3
% Termination reason: Refutation
% Time elapsed: 2.469 s
% Peak memory usage: 124 MB
% Instructions burned: 14251 (million)
% ------------------------------
% ------------------------------
