% Running in auto input_syntax mode. Trying TPTP
% Refutation found. Thanks to Tanya!
% SZS status Unsatisfiable for GRP578-1_clausified
% SZS output start Proof for GRP578-1_clausified
1. double_divide(double_divide(X0,double_divide(double_divide(double_divide(X1,X0),X2),double_divide(X1,identity))),double_divide(identity,identity)) = X2 [input(axiom)]
2. identity = double_divide(X0,double_divide(X0,identity)) [input(axiom)]
3. a2 != double_divide(double_divide(a2,identity),identity) [input(negated conjecture)]
4. double_divide(double_divide(double_divide(X0,identity),double_divide(double_divide(identity,X1),double_divide(X0,identity))),double_divide(identity,identity)) = X1 [superposition 1,2]
5. double_divide(double_divide(double_divide(identity,identity),double_divide(double_divide(X0,X3),double_divide(double_divide(X1,double_divide(double_divide(double_divide(X2,X1),X0),double_divide(X2,identity))),identity))),double_divide(identity,identity)) = X3 [superposition 1,1]
6. double_divide(identity,identity) = double_divide(double_divide(double_divide(double_divide(double_divide(X1,X2),X0),double_divide(X1,identity)),double_divide(X0,double_divide(X2,identity))),double_divide(identity,identity)) [superposition 1,1]
7. double_divide(double_divide(X1,X0),identity) = double_divide(double_divide(X0,double_divide(identity,double_divide(X1,identity))),double_divide(identity,identity)) [superposition 1,2]
8. double_divide(double_divide(double_divide(X2,double_divide(identity,X1)),X0),double_divide(X2,identity)) = double_divide(double_divide(X1,X0),double_divide(identity,identity)) [superposition 1,1]
11. double_divide(double_divide(double_divide(double_divide(identity,X0),identity),identity),double_divide(identity,identity)) = X0 [superposition 4,2]
18. double_divide(double_divide(identity,X0),identity) = double_divide(double_divide(X0,identity),double_divide(identity,identity)) [superposition 7,2]
24. double_divide(double_divide(identity,double_divide(double_divide(identity,X0),identity)),identity) = X0 [superposition 11,18]
38. double_divide(double_divide(double_divide(X0,X1),identity),double_divide(X1,identity)) = double_divide(double_divide(double_divide(X0,identity),double_divide(identity,identity)),double_divide(identity,identity)) [superposition 8,7]
46. double_divide(double_divide(X0,double_divide(identity,double_divide(X1,identity))),double_divide(identity,identity)) = double_divide(double_divide(X1,double_divide(identity,double_divide(identity,X0))),identity) [superposition 7,8]
51. double_divide(double_divide(X1,X0),identity) = double_divide(double_divide(X1,double_divide(identity,double_divide(identity,X0))),identity) [forward demodulation 46,7]
56. double_divide(double_divide(double_divide(X0,X1),identity),double_divide(X1,identity)) = double_divide(double_divide(double_divide(identity,X0),identity),double_divide(identity,identity)) [forward demodulation 38,18]
57. double_divide(double_divide(double_divide(X0,X1),identity),double_divide(X1,identity)) = double_divide(double_divide(identity,double_divide(identity,X0)),identity) [forward demodulation 56,18]
82. double_divide(identity,identity) = double_divide(double_divide(double_divide(double_divide(double_divide(identity,X0),identity),double_divide(X0,identity)),double_divide(double_divide(identity,identity),double_divide(identity,identity))),double_divide(identity,identity)) [superposition 6,18]
113. double_divide(identity,identity) = double_divide(double_divide(double_divide(double_divide(double_divide(identity,X0),identity),double_divide(X0,identity)),double_divide(double_divide(identity,identity),identity)),double_divide(identity,identity)) [forward demodulation 82,18]
123. double_divide(identity,identity) = double_divide(double_divide(double_divide(double_divide(identity,double_divide(identity,identity)),identity),double_divide(double_divide(identity,identity),identity)),double_divide(identity,identity)) [forward demodulation 113,57]
124. double_divide(identity,identity) = double_divide(double_divide(double_divide(identity,double_divide(identity,identity)),identity),double_divide(identity,identity)) [forward demodulation 123,57]
125. double_divide(identity,identity) = double_divide(double_divide(identity,double_divide(identity,double_divide(identity,identity))),identity) [forward demodulation 124,18]
126. double_divide(identity,identity) = double_divide(double_divide(identity,identity),identity) [forward demodulation 125,51]
127. identity = double_divide(double_divide(identity,double_divide(identity,identity)),identity) [superposition 24,126]
148. identity = double_divide(identity,identity) [forward demodulation 127,2]
194. double_divide(double_divide(double_divide(identity,identity),identity),double_divide(identity,identity)) = double_divide(double_divide(double_divide(X1,X0),X0),double_divide(X1,identity)) [superposition 5,2]
210. double_divide(double_divide(identity,double_divide(identity,identity)),identity) = double_divide(double_divide(double_divide(X1,X0),X0),double_divide(X1,identity)) [forward demodulation 194,18]
254. double_divide(identity,identity) = double_divide(double_divide(double_divide(X1,X0),X0),double_divide(X1,identity)) [forward demodulation 210,2]
278. identity = double_divide(double_divide(double_divide(X1,X0),X0),double_divide(X1,identity)) [forward demodulation 254,148]
367. double_divide(double_divide(X0,identity),double_divide(identity,identity)) = X0 [superposition 1,278]
394. double_divide(double_divide(X0,identity),identity) = X0 [forward demodulation 367,148]
438. a2 != a2 [superposition 3,394]
458. $false [trivial inequality removal 438]
% SZS output end Proof for GRP578-1_clausified
% ------------------------------
% Version: Vampire 5.0.0 (Release build, commit 2e2c9b7b8 on 2026-01-17 12:24:14 +0100)
% Linked with Z3 4.14.0.0 3c47fd96cf5645d0c42b2c819d9e9a84380aa721 z3-4.8.4-9178-g3c47fd96c
% CaDiCaL version: 2.1.3
% Termination reason: Refutation
% Time elapsed: 0.007 s
% Peak memory usage: 68 MB
% Instructions burned: 27 (million)
% ------------------------------
% ------------------------------
