% Running in auto input_syntax mode. Trying TPTP
% Refutation found. Thanks to Tanya!
% SZS status Unsatisfiable for GRP604-1_clausified
% SZS output start Proof for GRP604-1_clausified
1. inverse(double_divide(inverse(double_divide(X0,inverse(double_divide(X1,double_divide(X0,X2))))),X2)) = X1 [input(axiom)]
2. inverse(double_divide(b,a)) != inverse(double_divide(a,b)) [input(negated conjecture)]
3. inverse(double_divide(X2,inverse(double_divide(X0,double_divide(X2,double_divide(X1,X3)))))) = inverse(double_divide(inverse(double_divide(X1,X0)),X3)) [superposition 1,1]
5. inverse(double_divide(inverse(double_divide(inverse(double_divide(X0,X1)),X2)),double_divide(X0,X2))) = X1 [superposition 1,3]
7. inverse(double_divide(inverse(double_divide(X0,X3)),double_divide(inverse(double_divide(X1,inverse(double_divide(X0,double_divide(X1,X2))))),X3))) = X2 [superposition 5,1]
8. double_divide(X1,X2) = inverse(double_divide(inverse(double_divide(X0,X3)),double_divide(inverse(double_divide(inverse(double_divide(X1,X0)),X2)),X3))) [superposition 5,5]
10. inverse(double_divide(X0,double_divide(inverse(double_divide(X1,X0)),double_divide(X1,X2)))) = X2 [superposition 5,5]
13. inverse(double_divide(X1,double_divide(X0,double_divide(inverse(double_divide(X2,inverse(double_divide(X0,double_divide(X2,X1))))),X3)))) = X3 [superposition 10,1]
19. inverse(double_divide(X0,double_divide(X1,double_divide(inverse(double_divide(X3,inverse(double_divide(X1,X2)))),double_divide(X3,X0))))) = X2 [superposition 5,10]
24. inverse(double_divide(X0,double_divide(inverse(double_divide(X3,inverse(double_divide(X1,double_divide(X3,X4))))),double_divide(inverse(double_divide(X2,X1)),double_divide(X2,X0))))) = X4 [superposition 7,10]
74. double_divide(X0,inverse(double_divide(X1,double_divide(inverse(double_divide(X0,X1)),X2)))) = X2 [superposition 10,8]
96. double_divide(inverse(double_divide(X0,X1)),double_divide(X0,inverse(double_divide(X1,X2)))) = X2 [superposition 74,8]
197. inverse(double_divide(X2,X0)) = inverse(double_divide(inverse(double_divide(inverse(double_divide(X1,X2)),X3)),double_divide(inverse(double_divide(X1,inverse(X0))),X3))) [superposition 7,96]
203. double_divide(X1,inverse(double_divide(X2,X0))) = inverse(double_divide(inverse(double_divide(inverse(X0),X3)),double_divide(inverse(double_divide(X1,X2)),X3))) [superposition 5,96]
218. inverse(double_divide(X2,X0)) = double_divide(X1,inverse(double_divide(inverse(X0),double_divide(X1,X2)))) [forward demodulation 197,203]
364. double_divide(X1,X0) = double_divide(inverse(double_divide(X3,inverse(double_divide(inverse(double_divide(X1,X2)),double_divide(X3,X2))))),X0) [superposition 74,13]
388. double_divide(X1,X0) = double_divide(inverse(inverse(double_divide(X2,double_divide(X1,X2)))),X0) [forward demodulation 364,218]
398. double_divide(X0,X1) = double_divide(inverse(inverse(X0)),X1) [superposition 388,96]
430. inverse(double_divide(inverse(double_divide(X1,inverse(double_divide(X0,double_divide(X1,X2))))),X2)) = inverse(inverse(double_divide(X3,double_divide(X0,X3)))) [superposition 1,388]
457. inverse(inverse(double_divide(X3,double_divide(X0,X3)))) = X0 [forward demodulation 430,1]
597. inverse(double_divide(inverse(double_divide(X1,inverse(double_divide(X0,double_divide(X1,X2))))),X2)) = inverse(inverse(X0)) [superposition 1,398]
627. inverse(inverse(X0)) = X0 [forward demodulation 597,1]
944. double_divide(inverse(double_divide(X3,X2)),X0) = inverse(double_divide(X1,double_divide(X2,double_divide(inverse(X0),double_divide(X3,X1))))) [superposition 19,74]
1046. inverse(X0) = inverse(double_divide(X1,double_divide(X1,X0))) [superposition 457,10]
1048. double_divide(X1,double_divide(X0,X1)) = X0 [superposition 627,457]
1312. double_divide(X0,inverse(inverse(double_divide(X0,X1)))) = X1 [superposition 74,1048]
1356. inverse(double_divide(X1,X0)) = inverse(double_divide(X0,X1)) [superposition 10,1048]
1366. double_divide(X1,inverse(double_divide(X2,X0))) = double_divide(X0,inverse(double_divide(X1,X2))) [superposition 74,1048]
1367. inverse(double_divide(X1,double_divide(X2,X0))) = double_divide(X0,inverse(double_divide(X3,inverse(double_divide(X2,double_divide(X3,X1)))))) [superposition 13,1048]
1393. double_divide(X0,double_divide(X0,X1)) = X1 [forward demodulation 1312,627]
1455. inverse(double_divide(X1,double_divide(inverse(double_divide(X2,inverse(double_divide(double_divide(X3,inverse(double_divide(X4,X0))),double_divide(X2,X5))))),double_divide(inverse(X0),double_divide(inverse(double_divide(X3,X4)),X1))))) = X5 [superposition 24,96]
1573. double_divide(inverse(double_divide(inverse(double_divide(X3,X4)),inverse(double_divide(X2,inverse(double_divide(double_divide(X3,inverse(double_divide(X4,X0))),double_divide(X2,X5))))))),X0) = X5 [forward demodulation 1455,944]
1624. double_divide(inverse(inverse(double_divide(X5,double_divide(double_divide(X3,inverse(double_divide(X4,X0))),inverse(double_divide(X3,X4)))))),X0) = X5 [forward demodulation 1573,1367]
1660. double_divide(double_divide(X5,double_divide(double_divide(X3,inverse(double_divide(X4,X0))),inverse(double_divide(X3,X4)))),X0) = X5 [forward demodulation 1624,398]
1684. double_divide(double_divide(X5,double_divide(X4,inverse(double_divide(double_divide(X3,inverse(double_divide(X4,X0))),X3)))),X0) = X5 [forward demodulation 1660,1366]
1696. double_divide(double_divide(X5,double_divide(X4,inverse(double_divide(X3,double_divide(X3,inverse(double_divide(X4,X0))))))),X0) = X5 [forward demodulation 1684,1356]
1704. double_divide(double_divide(X5,double_divide(X4,inverse(inverse(double_divide(X4,X0))))),X0) = X5 [forward demodulation 1696,1046]
1708. double_divide(double_divide(X5,double_divide(X4,double_divide(X4,X0))),X0) = X5 [forward demodulation 1704,627]
1710. double_divide(double_divide(X5,X0),X0) = X5 [forward demodulation 1708,1393]
1757. double_divide(X0,X1) = double_divide(X1,X0) [superposition 1048,1710]
5469. inverse(double_divide(b,a)) != inverse(double_divide(b,a)) [superposition 2,1757]
5470. $false [trivial inequality removal 5469]
% SZS output end Proof for GRP604-1_clausified
% ------------------------------
% Version: Vampire 5.0.0 (Release build, commit 2e2c9b7b8 on 2026-01-17 12:24:14 +0100)
% Linked with Z3 4.14.0.0 3c47fd96cf5645d0c42b2c819d9e9a84380aa721 z3-4.8.4-9178-g3c47fd96c
% CaDiCaL version: 2.1.3
% Termination reason: Refutation
% Time elapsed: 0.082 s
% Peak memory usage: 71 MB
% Instructions burned: 275 (million)
% ------------------------------
% ------------------------------
