% Running in auto input_syntax mode. Trying TPTP
% Refutation found. Thanks to Tanya!
% SZS status Unsatisfiable for GRP116-1_clausified
% SZS output start Proof for GRP116-1_clausified
1. multiply(X0,multiply(multiply(X0,multiply(multiply(X0,X1),X2)),multiply(identity,multiply(X2,X2)))) = X1 [input(axiom)]
2. a != multiply(identity,a) [input(negated conjecture)]
3. multiply(multiply(X1,multiply(multiply(X1,X0),X2)),multiply(identity,multiply(X2,X2))) = multiply(X1,multiply(multiply(X1,multiply(X0,X3)),multiply(identity,multiply(X3,X3)))) [superposition 1,1]
4. multiply(X1,multiply(multiply(X1,X0),multiply(identity,multiply(multiply(multiply(multiply(X1,X2),multiply(multiply(multiply(X1,X2),X0),X3)),multiply(identity,multiply(X3,X3))),multiply(multiply(multiply(X1,X2),multiply(multiply(multiply(X1,X2),X0),X3)),multiply(identity,multiply(X3,X3))))))) = X2 [superposition 1,1]
5. multiply(multiply(X1,X0),X2) = multiply(X1,multiply(X0,multiply(identity,multiply(multiply(identity,multiply(X2,X2)),multiply(identity,multiply(X2,X2)))))) [superposition 1,1]
6. multiply(X1,multiply(multiply(X1,multiply(multiply(X1,X2),multiply(identity,multiply(multiply(identity,X0),multiply(identity,X0))))),X0)) = X2 [superposition 1,1]
12. multiply(multiply(X1,X0),multiply(identity,X2)) = multiply(X1,multiply(X0,X2)) [superposition 6,1]
14. multiply(multiply(X1,X0),multiply(identity,multiply(multiply(identity,X2),multiply(identity,X2)))) = multiply(X1,multiply(X0,multiply(identity,multiply(X2,X2)))) [superposition 1,6]
36. multiply(X1,multiply(multiply(X1,multiply(multiply(X1,X2),multiply(identity,multiply(multiply(identity,multiply(X0,X0)),multiply(identity,multiply(X0,X0)))))),multiply(multiply(identity,multiply(identity,multiply(multiply(identity,multiply(X0,X0)),multiply(identity,multiply(X0,X0))))),X0))) = X2 [superposition 1,5]
41. multiply(multiply(X0,multiply(X0,multiply(multiply(X0,X1),multiply(identity,multiply(X2,X2))))),X2) = X1 [superposition 1,5]
43. multiply(X1,multiply(identity,multiply(multiply(identity,multiply(X2,X2)),multiply(identity,multiply(X2,X2))))) = multiply(X0,multiply(multiply(X0,multiply(multiply(multiply(X0,X1),X2),multiply(identity,multiply(multiply(identity,X3),multiply(identity,X3))))),X3)) [superposition 6,5]
54. multiply(X1,multiply(identity,multiply(multiply(identity,multiply(X2,X2)),multiply(identity,multiply(X2,X2))))) = multiply(X0,multiply(multiply(X0,multiply(multiply(X0,X1),multiply(X2,multiply(identity,multiply(X3,X3))))),X3)) [forward demodulation 43,14]
56. multiply(multiply(X0,multiply(X0,multiply(X0,multiply(X1,multiply(X2,X2))))),X2) = X1 [forward demodulation 41,12]
60. multiply(X1,multiply(multiply(X1,multiply(multiply(X1,X2),multiply(identity,multiply(identity,multiply(multiply(X0,X0),multiply(X0,X0)))))),multiply(multiply(identity,multiply(identity,multiply(identity,multiply(multiply(X0,X0),multiply(X0,X0))))),X0))) = X2 [forward demodulation 36,12]
71. multiply(X0,multiply(multiply(X0,multiply(multiply(X0,X1),multiply(X2,multiply(identity,multiply(X3,X3))))),X3)) = multiply(X1,multiply(identity,multiply(identity,multiply(multiply(X2,X2),multiply(X2,X2))))) [forward demodulation 54,12]
76. multiply(X1,multiply(multiply(X1,multiply(multiply(X1,X2),multiply(identity,multiply(identity,multiply(multiply(X0,X0),multiply(X0,X0)))))),multiply(X0,X0))) = X2 [forward demodulation 60,56]
86. multiply(X2,multiply(identity,multiply(identity,multiply(multiply(identity,identity),multiply(identity,identity))))) = X2 [forward demodulation 76,71]
88. multiply(X2,multiply(identity,multiply(identity,multiply(identity,multiply(identity,identity))))) = X2 [forward demodulation 86,12]
95. multiply(X2,multiply(X3,multiply(X0,multiply(identity,multiply(multiply(identity,multiply(X1,X1)),multiply(identity,multiply(X1,X1))))))) = multiply(multiply(X2,X3),multiply(multiply(identity,X0),X1)) [superposition 12,5]
98. multiply(X0,multiply(multiply(X0,multiply(X0,multiply(X1,multiply(multiply(identity,X2),multiply(identity,X2))))),X2)) = X1 [superposition 6,12]
107. multiply(multiply(X1,X2),multiply(identity,X0)) = multiply(X1,multiply(X2,multiply(identity,multiply(multiply(identity,multiply(identity,multiply(X0,X0))),multiply(identity,multiply(identity,multiply(X0,X0))))))) [superposition 5,12]
110. multiply(multiply(X1,X2),multiply(identity,X0)) = multiply(X1,multiply(X2,multiply(identity,multiply(identity,multiply(multiply(identity,multiply(X0,X0)),multiply(identity,multiply(X0,X0))))))) [forward demodulation 107,12]
118. multiply(X0,multiply(multiply(X0,multiply(X0,multiply(X1,multiply(identity,multiply(X2,X2))))),X2)) = X1 [forward demodulation 98,12]
120. multiply(multiply(X2,X3),multiply(multiply(identity,X0),X1)) = multiply(X2,multiply(multiply(X3,X0),X1)) [forward demodulation 95,5]
128. multiply(multiply(X1,X2),multiply(identity,X0)) = multiply(X1,multiply(multiply(X2,identity),X0)) [forward demodulation 110,5]
135. multiply(X1,multiply(X2,X0)) = multiply(X1,multiply(multiply(X2,identity),X0)) [forward demodulation 128,12]
428. multiply(multiply(X0,X1),identity) = multiply(X0,multiply(X1,multiply(identity,multiply(identity,multiply(identity,multiply(identity,identity)))))) [superposition 12,88]
429. multiply(X0,multiply(multiply(X0,multiply(multiply(X0,X1),multiply(identity,multiply(identity,identity)))),multiply(identity,multiply(identity,multiply(identity,multiply(identity,identity)))))) = X1 [superposition 6,88]
431. multiply(multiply(X1,multiply(multiply(X1,X0),X2)),multiply(identity,multiply(X2,X2))) = multiply(X1,multiply(multiply(X1,X0),multiply(identity,multiply(multiply(identity,multiply(identity,multiply(identity,multiply(identity,identity)))),multiply(identity,multiply(identity,multiply(identity,multiply(identity,identity)))))))) [superposition 3,88]
433. multiply(X0,multiply(multiply(identity,multiply(identity,multiply(identity,multiply(identity,identity)))),X1)) = multiply(X0,multiply(identity,X1)) [superposition 12,88]
436. multiply(multiply(X0,multiply(multiply(X0,X1),X2)),multiply(identity,multiply(X2,X2))) = multiply(X0,multiply(multiply(X0,multiply(X1,multiply(identity,multiply(identity,multiply(identity,multiply(identity,identity)))))),multiply(identity,multiply(identity,multiply(identity,multiply(identity,multiply(identity,identity))))))) [superposition 3,88]
440. multiply(X0,X1) = multiply(X0,multiply(X1,multiply(identity,multiply(identity,multiply(identity,identity))))) [superposition 12,88]
441. multiply(X0,multiply(multiply(X0,multiply(X1,X2)),multiply(identity,multiply(X2,X2)))) = multiply(multiply(X0,multiply(X0,X1)),multiply(identity,multiply(multiply(identity,multiply(identity,multiply(identity,multiply(identity,identity)))),multiply(identity,multiply(identity,multiply(identity,multiply(identity,identity))))))) [superposition 3,88]
442. multiply(X0,multiply(multiply(X0,multiply(X0,X1)),multiply(identity,multiply(multiply(identity,multiply(identity,multiply(identity,multiply(identity,identity)))),multiply(identity,multiply(identity,multiply(identity,multiply(identity,identity)))))))) = X1 [superposition 1,88]
447. multiply(X0,multiply(X0,multiply(multiply(X0,X1),multiply(identity,multiply(multiply(identity,multiply(identity,multiply(identity,identity))),multiply(identity,multiply(identity,multiply(identity,identity)))))))) = X1 [forward demodulation 442,14]
448. multiply(X0,multiply(multiply(X0,multiply(X1,X2)),multiply(identity,multiply(X2,X2)))) = multiply(X0,multiply(multiply(X0,X1),multiply(identity,multiply(multiply(identity,multiply(identity,multiply(identity,identity))),multiply(identity,multiply(identity,multiply(identity,identity))))))) [forward demodulation 441,14]
452. multiply(multiply(X0,multiply(multiply(X0,X1),X2)),multiply(identity,multiply(X2,X2))) = multiply(X0,multiply(X0,multiply(multiply(X1,multiply(identity,multiply(identity,multiply(identity,multiply(identity,identity))))),multiply(identity,multiply(identity,multiply(identity,multiply(identity,identity))))))) [forward demodulation 436,12]
456. multiply(multiply(X1,multiply(multiply(X1,X0),X2)),multiply(identity,multiply(X2,X2))) = multiply(X1,multiply(X1,multiply(X0,multiply(identity,multiply(multiply(identity,multiply(identity,multiply(identity,identity))),multiply(identity,multiply(identity,multiply(identity,identity)))))))) [forward demodulation 431,14]
458. multiply(X0,multiply(multiply(X0,multiply(multiply(X0,X1),multiply(identity,multiply(identity,identity)))),identity)) = X1 [forward demodulation 429,440]
459. multiply(multiply(X0,X1),identity) = multiply(X0,multiply(X1,identity)) [forward demodulation 428,440]
462. multiply(X0,multiply(X0,multiply(X0,multiply(X1,multiply(identity,multiply(multiply(identity,multiply(identity,identity)),multiply(identity,multiply(identity,identity)))))))) = X1 [forward demodulation 447,14]
463. multiply(X0,multiply(multiply(X0,multiply(X1,X2)),multiply(identity,multiply(X2,X2)))) = multiply(X0,multiply(X0,multiply(X1,multiply(identity,multiply(multiply(identity,multiply(identity,identity)),multiply(identity,multiply(identity,identity))))))) [forward demodulation 448,14]
467. multiply(multiply(X0,multiply(multiply(X0,X1),X2)),multiply(identity,multiply(X2,X2))) = multiply(X0,multiply(X0,multiply(multiply(X1,multiply(identity,multiply(identity,multiply(identity,multiply(identity,identity))))),identity))) [forward demodulation 452,440]
470. multiply(multiply(X1,multiply(multiply(X1,X0),X2)),multiply(identity,multiply(X2,X2))) = multiply(X1,multiply(X1,multiply(X0,multiply(identity,multiply(identity,multiply(identity,multiply(identity,identity))))))) [forward demodulation 456,440]
472. multiply(X0,multiply(multiply(X0,multiply(X0,multiply(X1,multiply(identity,identity)))),identity)) = X1 [forward demodulation 458,12]
475. multiply(X0,multiply(X0,multiply(multiply(X0,X1),identity))) = X1 [forward demodulation 462,5]
476. multiply(X0,multiply(multiply(X0,multiply(X1,X2)),multiply(identity,multiply(X2,X2)))) = multiply(X0,multiply(multiply(X0,X1),identity)) [forward demodulation 463,5]
480. multiply(multiply(X0,multiply(multiply(X0,X1),X2)),multiply(identity,multiply(X2,X2))) = multiply(X0,multiply(X0,multiply(X1,multiply(multiply(identity,multiply(identity,multiply(identity,multiply(identity,identity)))),identity)))) [forward demodulation 467,459]
482. multiply(multiply(X1,multiply(multiply(X1,X0),X2)),multiply(identity,multiply(X2,X2))) = multiply(X1,multiply(X1,multiply(X0,identity))) [forward demodulation 470,440]
484. multiply(X0,multiply(X0,multiply(multiply(X0,multiply(X1,multiply(identity,identity))),identity))) = X1 [forward demodulation 472,459]
486. multiply(X0,multiply(X0,multiply(X0,multiply(X1,identity)))) = X1 [forward demodulation 475,459]
487. multiply(X0,multiply(multiply(X0,multiply(X1,X2)),multiply(identity,multiply(X2,X2)))) = multiply(X0,multiply(X0,multiply(X1,identity))) [forward demodulation 476,459]
490. multiply(multiply(X0,multiply(multiply(X0,X1),X2)),multiply(identity,multiply(X2,X2))) = multiply(X0,multiply(X0,multiply(X1,multiply(identity,identity)))) [forward demodulation 480,433]
491. multiply(X1,multiply(multiply(multiply(X1,X0),X2),multiply(X2,X2))) = multiply(X1,multiply(X1,multiply(X0,identity))) [forward demodulation 482,12]
492. multiply(X0,multiply(X0,multiply(X0,multiply(multiply(X1,multiply(identity,identity)),identity)))) = X1 [forward demodulation 484,459]
494. multiply(X0,multiply(X0,multiply(multiply(X1,X2),multiply(X2,X2)))) = multiply(X0,multiply(X0,multiply(X1,identity))) [forward demodulation 487,12]
497. multiply(X0,multiply(multiply(multiply(X0,X1),X2),multiply(X2,X2))) = multiply(X0,multiply(X0,multiply(X1,multiply(identity,identity)))) [forward demodulation 490,12]
498. multiply(X1,multiply(identity,identity)) = X1 [forward demodulation 492,486]
500. multiply(X0,multiply(X0,multiply(X1,multiply(identity,identity)))) = multiply(X0,multiply(X0,multiply(X1,identity))) [forward demodulation 497,491]
501. multiply(X0,multiply(X0,X1)) = multiply(X0,multiply(X0,multiply(X1,identity))) [forward demodulation 500,498]
556. multiply(multiply(X1,multiply(X0,X4)),multiply(identity,multiply(X4,X4))) = multiply(X1,multiply(multiply(X1,multiply(multiply(multiply(X1,X2),multiply(identity,multiply(multiply(multiply(multiply(X1,X0),multiply(multiply(multiply(X1,X0),X2),X3)),multiply(identity,multiply(X3,X3))),multiply(multiply(multiply(X1,X0),multiply(multiply(multiply(X1,X0),X2),X3)),multiply(identity,multiply(X3,X3)))))),X5)),multiply(identity,multiply(X5,X5)))) [superposition 3,4]
567. multiply(multiply(X1,multiply(X0,X4)),multiply(identity,multiply(X4,X4))) = multiply(X1,multiply(X1,multiply(multiply(multiply(multiply(X1,X2),multiply(identity,multiply(multiply(multiply(multiply(X1,X0),multiply(multiply(multiply(X1,X0),X2),X3)),multiply(identity,multiply(X3,X3))),multiply(multiply(multiply(X1,X0),multiply(multiply(multiply(X1,X0),X2),X3)),multiply(identity,multiply(X3,X3)))))),X5),multiply(X5,X5)))) [forward demodulation 556,12]
626. multiply(multiply(X1,multiply(X0,X4)),multiply(identity,multiply(X4,X4))) = multiply(X1,multiply(X1,multiply(multiply(multiply(X1,X2),multiply(identity,multiply(multiply(multiply(multiply(X1,X0),multiply(multiply(multiply(X1,X0),X2),X3)),multiply(identity,multiply(X3,X3))),multiply(multiply(multiply(X1,X0),multiply(multiply(multiply(X1,X0),X2),X3)),multiply(identity,multiply(X3,X3)))))),identity))) [forward demodulation 567,494]
684. multiply(multiply(X1,multiply(X0,X4)),multiply(identity,multiply(X4,X4))) = multiply(X1,multiply(X1,multiply(multiply(X1,X2),multiply(identity,multiply(multiply(multiply(multiply(X1,X0),multiply(multiply(multiply(X1,X0),X2),X3)),multiply(identity,multiply(X3,X3))),multiply(multiply(multiply(X1,X0),multiply(multiply(multiply(X1,X0),X2),X3)),multiply(identity,multiply(X3,X3)))))))) [forward demodulation 626,501]
740. multiply(X1,X0) = multiply(multiply(X1,multiply(X0,X4)),multiply(identity,multiply(X4,X4))) [forward demodulation 684,4]
786. multiply(X1,X0) = multiply(X1,multiply(multiply(X0,X4),multiply(X4,X4))) [forward demodulation 740,12]
901. multiply(identity,identity) = multiply(X0,multiply(multiply(X0,multiply(X0,multiply(identity,multiply(multiply(identity,X1),multiply(identity,X1))))),X1)) [superposition 6,498]
908. multiply(X0,X1) = multiply(X0,multiply(X1,identity)) [superposition 12,498]
912. multiply(X0,multiply(X0,multiply(multiply(X0,X1),multiply(identity,multiply(multiply(identity,multiply(identity,identity)),multiply(identity,multiply(identity,identity))))))) = X1 [superposition 6,498]
917. multiply(X0,multiply(multiply(X0,multiply(X0,X1)),identity)) = X1 [forward demodulation 912,5]
926. multiply(identity,identity) = multiply(X0,multiply(multiply(X0,multiply(X0,multiply(identity,multiply(identity,multiply(X1,X1))))),X1)) [forward demodulation 901,12]
941. multiply(X0,multiply(X0,multiply(X0,X1))) = X1 [forward demodulation 917,908]
949. identity = multiply(identity,identity) [forward demodulation 926,118]
1040. multiply(multiply(X0,X1),multiply(identity,X3)) = multiply(X0,multiply(multiply(multiply(X1,X2),multiply(X2,X2)),X3)) [superposition 12,786]
1063. multiply(X0,multiply(X1,X3)) = multiply(X0,multiply(multiply(multiply(X1,X2),multiply(X2,X2)),X3)) [forward demodulation 1040,12]
1205. multiply(X0,identity) = X0 [superposition 498,949]
1211. multiply(identity,multiply(identity,multiply(identity,multiply(multiply(multiply(multiply(identity,X0),multiply(multiply(multiply(identity,X0),identity),X1)),multiply(identity,multiply(X1,X1))),multiply(multiply(multiply(identity,X0),multiply(multiply(multiply(identity,X0),identity),X1)),multiply(identity,multiply(X1,X1))))))) = X0 [superposition 4,949]
1227. multiply(multiply(multiply(multiply(identity,X0),multiply(multiply(multiply(identity,X0),identity),X1)),multiply(identity,multiply(X1,X1))),multiply(multiply(multiply(identity,X0),multiply(multiply(multiply(identity,X0),identity),X1)),multiply(identity,multiply(X1,X1)))) = X0 [forward demodulation 1211,941]
1238. multiply(multiply(multiply(identity,X0),multiply(multiply(multiply(multiply(identity,X0),identity),X1),multiply(X1,X1))),multiply(multiply(identity,X0),multiply(multiply(multiply(multiply(identity,X0),identity),X1),multiply(X1,X1)))) = X0 [forward demodulation 1227,12]
1247. multiply(multiply(identity,X0),multiply(multiply(multiply(multiply(multiply(multiply(identity,X0),identity),X1),multiply(X1,X1)),X0),multiply(multiply(multiply(multiply(identity,X0),identity),X1),multiply(X1,X1)))) = X0 [forward demodulation 1238,120]
1252. multiply(multiply(identity,X0),multiply(multiply(multiply(multiply(multiply(multiply(identity,X0),identity),X1),multiply(X1,X1)),X0),multiply(multiply(identity,X0),identity))) = X0 [forward demodulation 1247,786]
1256. multiply(multiply(identity,X0),multiply(multiply(multiply(multiply(multiply(multiply(identity,X0),identity),X1),multiply(X1,X1)),X0),multiply(identity,X0))) = X0 [forward demodulation 1252,908]
1258. multiply(multiply(identity,X0),multiply(multiply(multiply(multiply(multiply(identity,X0),identity),X1),multiply(X1,X1)),multiply(X0,X0))) = X0 [forward demodulation 1256,12]
1260. multiply(multiply(identity,X0),multiply(multiply(multiply(identity,X0),identity),multiply(X0,X0))) = X0 [forward demodulation 1258,1063]
1262. multiply(multiply(identity,X0),multiply(multiply(identity,X0),multiply(X0,X0))) = X0 [forward demodulation 1260,135]
1264. multiply(multiply(identity,X0),identity) = X0 [forward demodulation 1262,786]
1265. multiply(identity,X0) = X0 [forward demodulation 1264,1205]
2205. a != a [superposition 2,1265]
2241. $false [trivial inequality removal 2205]
% SZS output end Proof for GRP116-1_clausified
% ------------------------------
% Version: Vampire 5.0.0 (Release build, commit 2e2c9b7b8 on 2026-01-17 12:24:14 +0100)
% Linked with Z3 4.14.0.0 3c47fd96cf5645d0c42b2c819d9e9a84380aa721 z3-4.8.4-9178-g3c47fd96c
% CaDiCaL version: 2.1.3
% Termination reason: Refutation
% Time elapsed: 0.032 s
% Peak memory usage: 59 MB
% Instructions burned: 107 (million)
% ------------------------------
% ------------------------------
