% Running in auto input_syntax mode. Trying TPTP
% Refutation found. Thanks to Tanya!
% SZS status Unsatisfiable for GRP451-1_clausified
% SZS output start Proof for GRP451-1_clausified
1. divide(divide(divide(X0,X0),divide(X0,divide(X1,divide(divide(divide(X0,X0),X0),X2)))),X2) = X1 [input(axiom)]
2. multiply(X0,X1) = divide(X0,divide(divide(X2,X2),X1)) [input(axiom)]
3. inverse(X0) = divide(divide(X1,X1),X0) [input(axiom)]
4. multiply(inverse(a1),a1) != multiply(inverse(b1),b1) [input(negated conjecture)]
5. multiply(X0,X1) = divide(X0,inverse(X1)) [forward demodulation 2,3]
6. divide(inverse(divide(X0,divide(X1,divide(divide(divide(X0,X0),X0),X2)))),X2) = X1 [forward demodulation 1,3]
7. divide(inverse(divide(X0,divide(X1,divide(inverse(X0),X2)))),X2) = X1 [forward demodulation 6,3]
14. divide(X2,X2) = divide(inverse(divide(X0,inverse(divide(inverse(X0),X1)))),X1) [superposition 7,3]
22. divide(X2,X2) = divide(inverse(multiply(X0,divide(inverse(X0),X1))),X1) [forward demodulation 14,5]
130. divide(X0,X0) = divide(X1,X1) [superposition 22,22]
198. divide(X0,X0) = multiply(inverse(X1),X1) [superposition 5,130]
335. divide(X0,X0) != multiply(inverse(a1),a1) [superposition 4,198]
340. $false [forward subsumption resolution 335,198]
% SZS output end Proof for GRP451-1_clausified
% ------------------------------
% Version: Vampire 5.0.0 (Release build, commit 2e2c9b7b8 on 2026-01-17 12:24:14 +0100)
% Linked with Z3 4.14.0.0 3c47fd96cf5645d0c42b2c819d9e9a84380aa721 z3-4.8.4-9178-g3c47fd96c
% CaDiCaL version: 2.1.3
% Termination reason: Refutation
% Time elapsed: 0.006 s
% Peak memory usage: 57 MB
% Instructions burned: 16 (million)
% ------------------------------
% ------------------------------
