% Running in auto input_syntax mode. Trying TPTP
% Refutation found. Thanks to Tanya!
% SZS status Unsatisfiable for GRP571-1
% SZS output start Proof for GRP571-1
1. double_divide(double_divide(X0,double_divide(double_divide(X1,double_divide(X0,X2)),double_divide(X2,identity))),double_divide(identity,identity)) = X1 [input(axiom)]
2. multiply(X0,X1) = double_divide(double_divide(X1,X0),identity) [input(axiom)]
3. inverse(X0) = double_divide(X0,identity) [input(axiom)]
4. identity = double_divide(X0,inverse(X0)) [input(axiom)]
5. multiply(multiply(a3,b3),c3) != multiply(a3,multiply(b3,c3)) [input(negated conjecture)]
6. identity = double_divide(X0,double_divide(X0,identity)) [definition unfolding 4,3]
7. double_divide(double_divide(c3,double_divide(double_divide(b3,a3),identity)),identity) != double_divide(double_divide(double_divide(double_divide(c3,b3),identity),a3),identity) [definition unfolding 5,2,2,2,2]
8. double_divide(double_divide(X0,double_divide(double_divide(X1,identity),double_divide(double_divide(X0,identity),identity))),double_divide(identity,identity)) = X1 [superposition 1,6]
9. double_divide(double_divide(double_divide(X1,double_divide(double_divide(X0,double_divide(X1,X2)),double_divide(X2,identity))),double_divide(double_divide(X3,X0),double_divide(double_divide(identity,identity),identity))),double_divide(identity,identity)) = X3 [superposition 1,1]
10. double_divide(double_divide(X0,double_divide(identity,double_divide(identity,identity))),double_divide(identity,identity)) = X0 [superposition 1,6]
11. double_divide(X1,double_divide(double_divide(X0,double_divide(X1,X2)),double_divide(X2,identity))) = double_divide(double_divide(identity,double_divide(X0,double_divide(identity,identity))),double_divide(identity,identity)) [superposition 1,1]
12. double_divide(double_divide(X0,identity),double_divide(identity,identity)) = X0 [forward demodulation 10,6]
13. double_divide(X0,identity) = double_divide(double_divide(identity,double_divide(X0,double_divide(identity,identity))),double_divide(identity,identity)) [superposition 1,12]
15. double_divide(identity,identity) = double_divide(double_divide(identity,identity),double_divide(identity,identity)) [superposition 13,6]
17. double_divide(double_divide(X0,identity),identity) = double_divide(double_divide(identity,X0),double_divide(identity,identity)) [superposition 13,12]
21. double_divide(identity,double_divide(X0,double_divide(identity,identity))) = double_divide(double_divide(identity,double_divide(double_divide(X0,identity),double_divide(identity,identity))),double_divide(identity,identity)) [superposition 1,13]
23. double_divide(double_divide(X0,identity),identity) = double_divide(identity,double_divide(X0,double_divide(identity,identity))) [forward demodulation 21,13]
25. identity = double_divide(identity,identity) [forward demodulation 15,12]
28. double_divide(double_divide(identity,double_divide(X0,double_divide(identity,identity))),double_divide(identity,identity)) = double_divide(X1,double_divide(double_divide(X0,identity),double_divide(double_divide(X1,identity),identity))) [superposition 1,8]
29. double_divide(double_divide(double_divide(X1,double_divide(double_divide(X0,identity),double_divide(double_divide(X1,identity),identity))),double_divide(double_divide(X2,X0),double_divide(double_divide(identity,identity),identity))),double_divide(identity,identity)) = X2 [superposition 1,8]
30. double_divide(double_divide(double_divide(X1,double_divide(double_divide(X0,identity),double_divide(double_divide(X1,identity),identity))),double_divide(double_divide(X2,X0),double_divide(identity,identity))),identity) = X2 [forward demodulation 29,25]
31. double_divide(X0,identity) = double_divide(X1,double_divide(double_divide(X0,identity),double_divide(double_divide(X1,identity),identity))) [forward demodulation 28,13]
33. double_divide(double_divide(double_divide(X1,double_divide(double_divide(X0,identity),double_divide(double_divide(X1,identity),identity))),double_divide(double_divide(X2,X0),identity)),identity) = X2 [forward demodulation 30,25]
34. double_divide(double_divide(double_divide(X0,identity),double_divide(double_divide(X2,X0),identity)),identity) = X2 [forward demodulation 33,31]
36. double_divide(X0,identity) = double_divide(double_divide(identity,double_divide(X0,identity)),identity) [superposition 13,25]
37. double_divide(double_divide(X0,identity),identity) = X0 [superposition 12,25]
52. double_divide(double_divide(identity,double_divide(X1,double_divide(identity,identity))),double_divide(identity,identity)) = double_divide(double_divide(X0,identity),double_divide(double_divide(X1,X0),double_divide(double_divide(identity,identity),identity))) [superposition 11,12]
63. double_divide(double_divide(identity,double_divide(X1,double_divide(identity,identity))),double_divide(identity,identity)) = double_divide(double_divide(X0,double_divide(X1,X2)),double_divide(double_divide(double_divide(identity,double_divide(X0,double_divide(identity,identity))),double_divide(identity,identity)),double_divide(double_divide(X2,identity),identity))) [superposition 11,11]
75. double_divide(double_divide(double_divide(identity,double_divide(X0,double_divide(identity,identity))),double_divide(identity,identity)),double_divide(identity,identity)) = X0 [superposition 1,11]
76. double_divide(double_divide(double_divide(X0,double_divide(X1,X2)),double_divide(double_divide(double_divide(identity,double_divide(X0,double_divide(identity,identity))),double_divide(identity,identity)),double_divide(double_divide(X2,identity),identity))),double_divide(identity,identity)) = X1 [superposition 1,11]
78. double_divide(X0,double_divide(double_divide(X1,double_divide(X0,X2)),double_divide(X2,identity))) = double_divide(X1,identity) [superposition 13,11]
88. double_divide(double_divide(double_divide(X0,double_divide(X1,X2)),double_divide(double_divide(double_divide(identity,double_divide(X0,identity)),identity),double_divide(double_divide(X2,identity),identity))),identity) = X1 [forward demodulation 76,25]
89. double_divide(double_divide(double_divide(identity,double_divide(X0,identity)),identity),identity) = X0 [forward demodulation 75,25]
100. double_divide(double_divide(identity,double_divide(X1,double_divide(identity,identity))),double_divide(identity,identity)) = double_divide(double_divide(X0,double_divide(X1,X2)),double_divide(double_divide(double_divide(identity,double_divide(X0,double_divide(identity,identity))),double_divide(identity,identity)),X2)) [forward demodulation 63,37]
111. double_divide(double_divide(identity,double_divide(X1,double_divide(identity,identity))),double_divide(identity,identity)) = double_divide(double_divide(X0,identity),double_divide(double_divide(X1,X0),identity)) [forward demodulation 52,37]
120. double_divide(double_divide(double_divide(X0,double_divide(X1,X2)),double_divide(double_divide(double_divide(identity,double_divide(X0,identity)),identity),X2)),identity) = X1 [forward demodulation 88,37]
121. double_divide(identity,double_divide(X0,identity)) = X0 [forward demodulation 89,37]
126. double_divide(double_divide(identity,double_divide(X1,double_divide(identity,identity))),double_divide(identity,identity)) = double_divide(double_divide(X0,double_divide(X1,X2)),double_divide(double_divide(X0,identity),X2)) [forward demodulation 100,13]
130. double_divide(X1,identity) = double_divide(double_divide(X0,identity),double_divide(double_divide(X1,X0),identity)) [forward demodulation 111,13]
135. double_divide(double_divide(double_divide(X0,double_divide(X1,X2)),double_divide(double_divide(X0,identity),X2)),identity) = X1 [forward demodulation 120,36]
137. double_divide(X1,identity) = double_divide(double_divide(X0,double_divide(X1,X2)),double_divide(double_divide(X0,identity),X2)) [forward demodulation 126,13]
156. double_divide(double_divide(identity,double_divide(double_divide(X1,X0),double_divide(double_divide(X0,identity),identity))),double_divide(identity,identity)) = X1 [superposition 1,121]
157. double_divide(double_divide(double_divide(double_divide(X1,X0),double_divide(double_divide(X0,identity),identity)),identity),identity) = X1 [forward demodulation 156,17]
163. double_divide(double_divide(X1,X0),double_divide(double_divide(X0,identity),identity)) = X1 [forward demodulation 157,37]
168. double_divide(double_divide(X1,X0),X0) = X1 [forward demodulation 163,37]
376. double_divide(X0,identity) = double_divide(identity,X0) [superposition 121,168]
378. double_divide(X1,double_divide(X0,double_divide(X2,identity))) = double_divide(double_divide(identity,double_divide(double_divide(X0,double_divide(X1,X2)),double_divide(identity,identity))),double_divide(identity,identity)) [superposition 11,168]
379. double_divide(X0,double_divide(X1,X2)) = double_divide(double_divide(X1,double_divide(X0,double_divide(X2,identity))),double_divide(identity,identity)) [superposition 1,168]
382. double_divide(X0,X2) = double_divide(double_divide(double_divide(X1,double_divide(double_divide(X2,double_divide(X1,X3)),double_divide(X3,identity))),double_divide(X0,double_divide(double_divide(identity,identity),identity))),double_divide(identity,identity)) [superposition 9,168]
389. double_divide(X0,X2) = double_divide(double_divide(double_divide(X1,double_divide(double_divide(X2,double_divide(X1,X3)),double_divide(X3,identity))),double_divide(X0,double_divide(identity,identity))),identity) [forward demodulation 382,25]
392. double_divide(X0,double_divide(X1,X2)) = double_divide(double_divide(X1,double_divide(X0,double_divide(X2,identity))),identity) [forward demodulation 379,25]
393. double_divide(X1,double_divide(X0,double_divide(X2,identity))) = double_divide(double_divide(X0,double_divide(X1,X2)),identity) [forward demodulation 378,13]
413. double_divide(X0,X2) = double_divide(identity,double_divide(double_divide(X1,double_divide(double_divide(X2,double_divide(X1,X3)),double_divide(X3,identity))),double_divide(X0,double_divide(identity,identity)))) [forward demodulation 389,376]
416. double_divide(X0,double_divide(X1,X2)) = double_divide(identity,double_divide(X1,double_divide(X0,double_divide(X2,identity)))) [forward demodulation 392,376]
417. double_divide(X1,double_divide(X0,double_divide(X2,identity))) = double_divide(identity,double_divide(X0,double_divide(X1,X2))) [forward demodulation 393,376]
432. double_divide(X0,X2) = double_divide(identity,double_divide(double_divide(X1,double_divide(double_divide(X2,double_divide(X1,X3)),double_divide(X3,identity))),double_divide(X0,identity))) [forward demodulation 413,25]
445. double_divide(X0,X2) = double_divide(identity,double_divide(double_divide(X2,identity),double_divide(X0,identity))) [forward demodulation 432,78]
694. double_divide(double_divide(X1,identity),double_divide(X0,identity)) = double_divide(double_divide(X0,X1),identity) [superposition 130,168]
695. double_divide(double_divide(X1,identity),identity) = double_divide(double_divide(double_divide(double_divide(X0,X1),identity),identity),X0) [superposition 130,34]
725. double_divide(double_divide(X1,identity),identity) = double_divide(double_divide(identity,double_divide(double_divide(X0,X1),identity)),X0) [forward demodulation 695,376]
726. double_divide(identity,double_divide(X0,X1)) = double_divide(double_divide(X1,identity),double_divide(X0,identity)) [forward demodulation 694,376]
750. double_divide(double_divide(X1,identity),identity) = double_divide(double_divide(X0,X1),X0) [forward demodulation 725,121]
769. double_divide(identity,double_divide(X1,identity)) = double_divide(double_divide(X0,X1),X0) [forward demodulation 750,376]
784. double_divide(double_divide(X0,X1),X0) = X1 [forward demodulation 769,121]
818. double_divide(X0,double_divide(X1,X0)) = X1 [superposition 784,784]
819. double_divide(X0,double_divide(X0,X1)) = X1 [superposition 784,168]
838. double_divide(double_divide(X0,double_divide(double_divide(identity,identity),X1)),double_divide(X1,identity)) = X0 [superposition 1,784]
868. double_divide(X1,X0) = double_divide(X0,X1) [superposition 168,784]
896. double_divide(double_divide(X1,identity),double_divide(X0,double_divide(double_divide(identity,identity),X1))) = X0 [forward demodulation 838,868]
934. double_divide(double_divide(X1,identity),double_divide(X0,double_divide(identity,X1))) = X0 [forward demodulation 896,25]
1046. double_divide(double_divide(X0,identity),double_divide(double_divide(X1,identity),identity)) = double_divide(double_divide(X0,identity),X1) [superposition 784,31]
1049. double_divide(double_divide(X0,identity),X1) = double_divide(identity,double_divide(double_divide(X1,identity),X0)) [forward demodulation 1046,726]
1252. double_divide(X0,double_divide(X1,X2)) = double_divide(double_divide(double_divide(double_divide(identity,double_divide(X0,double_divide(identity,identity))),double_divide(identity,identity)),double_divide(double_divide(X1,identity),double_divide(X2,identity))),identity) [superposition 135,11]
1272. double_divide(double_divide(X1,double_divide(X0,X2)),identity) = double_divide(double_divide(double_divide(double_divide(X1,identity),X2),identity),X0) [superposition 130,135]
1273. double_divide(X1,double_divide(X0,X2)) = double_divide(double_divide(double_divide(double_divide(double_divide(X1,identity),X2),identity),X0),identity) [superposition 34,135]
1285. double_divide(identity,X0) = double_divide(double_divide(X1,double_divide(X0,X2)),double_divide(double_divide(X1,identity),X2)) [superposition 121,135]
1286. double_divide(X1,identity) = double_divide(X0,double_divide(double_divide(X1,double_divide(double_divide(X2,double_divide(X0,X3)),double_divide(double_divide(X2,identity),X3))),identity)) [superposition 130,135]
1302. double_divide(X1,identity) = double_divide(X0,double_divide(identity,double_divide(X1,double_divide(double_divide(X2,double_divide(X0,X3)),double_divide(double_divide(X2,identity),X3))))) [forward demodulation 1286,376]
1313. double_divide(X1,double_divide(X0,X2)) = double_divide(identity,double_divide(double_divide(double_divide(double_divide(X1,identity),X2),identity),X0)) [forward demodulation 1273,376]
1314. double_divide(double_divide(X1,double_divide(X0,X2)),identity) = double_divide(double_divide(identity,double_divide(double_divide(X1,identity),X2)),X0) [forward demodulation 1272,376]
1334. double_divide(X0,double_divide(X1,X2)) = double_divide(identity,double_divide(double_divide(double_divide(identity,double_divide(X0,double_divide(identity,identity))),double_divide(identity,identity)),double_divide(double_divide(X1,identity),double_divide(X2,identity)))) [forward demodulation 1252,376]
1366. double_divide(X1,identity) = double_divide(X0,double_divide(identity,double_divide(X1,double_divide(X0,identity)))) [forward demodulation 1302,137]
1376. double_divide(X1,double_divide(X0,X2)) = double_divide(double_divide(X0,identity),double_divide(double_divide(X1,identity),X2)) [forward demodulation 1313,1049]
1377. double_divide(double_divide(X1,double_divide(X0,X2)),identity) = double_divide(double_divide(double_divide(X2,identity),X1),X0) [forward demodulation 1314,1049]
1397. double_divide(X0,double_divide(X1,X2)) = double_divide(double_divide(X1,identity),double_divide(double_divide(double_divide(identity,double_divide(X0,double_divide(identity,identity))),double_divide(identity,identity)),X2)) [forward demodulation 1334,416]
1433. double_divide(identity,double_divide(X1,double_divide(X0,X2))) = double_divide(double_divide(double_divide(X2,identity),X1),X0) [forward demodulation 1377,376]
1447. double_divide(X0,double_divide(X1,X2)) = double_divide(double_divide(X1,identity),double_divide(double_divide(double_divide(identity,identity),double_divide(identity,double_divide(X0,double_divide(identity,identity)))),X2)) [forward demodulation 1397,868]
1488. double_divide(X0,double_divide(X1,X2)) = double_divide(double_divide(X1,identity),double_divide(identity,double_divide(double_divide(identity,double_divide(X0,double_divide(identity,identity))),double_divide(X2,identity)))) [forward demodulation 1447,1433]
1517. double_divide(X0,double_divide(X1,X2)) = double_divide(double_divide(X1,identity),double_divide(identity,double_divide(double_divide(double_divide(X0,identity),identity),double_divide(X2,identity)))) [forward demodulation 1488,23]
1541. double_divide(X0,double_divide(X1,X2)) = double_divide(double_divide(X1,identity),double_divide(X2,double_divide(X0,identity))) [forward demodulation 1517,445]
1558. double_divide(X0,double_divide(X1,X2)) = double_divide(identity,double_divide(X2,double_divide(double_divide(X1,identity),X0))) [forward demodulation 1541,417]
1800. double_divide(X1,double_divide(X0,X2)) = double_divide(double_divide(double_divide(X1,identity),double_divide(double_divide(X0,identity),double_divide(X2,identity))),double_divide(identity,identity)) [superposition 1,137]
1806. double_divide(double_divide(X1,double_divide(X0,X2)),identity) = double_divide(double_divide(double_divide(double_divide(X1,identity),X2),identity),double_divide(double_divide(X0,identity),identity)) [superposition 130,137]
1811. double_divide(double_divide(X1,double_divide(X0,X2)),identity) = double_divide(X0,double_divide(double_divide(double_divide(X1,identity),X2),identity)) [forward demodulation 1806,1376]
1817. double_divide(X1,double_divide(X0,X2)) = double_divide(double_divide(identity,identity),double_divide(double_divide(X1,identity),double_divide(double_divide(X0,identity),double_divide(X2,identity)))) [forward demodulation 1800,868]
1871. double_divide(double_divide(X1,double_divide(X0,X2)),identity) = double_divide(X0,double_divide(identity,double_divide(double_divide(X1,identity),X2))) [forward demodulation 1811,376]
1877. double_divide(X1,double_divide(X0,X2)) = double_divide(X1,double_divide(identity,double_divide(double_divide(X0,identity),double_divide(X2,identity)))) [forward demodulation 1817,1376]
1921. double_divide(double_divide(X1,double_divide(X0,X2)),identity) = double_divide(X0,double_divide(double_divide(X2,identity),X1)) [forward demodulation 1871,1049]
1927. double_divide(X1,double_divide(X0,X2)) = double_divide(X1,double_divide(X2,X0)) [forward demodulation 1877,445]
1961. double_divide(identity,double_divide(X1,double_divide(X0,X2))) = double_divide(X0,double_divide(double_divide(X2,identity),X1)) [forward demodulation 1921,376]
7630. double_divide(X3,double_divide(X0,double_divide(X1,X2))) = double_divide(X3,double_divide(double_divide(X2,X1),X0)) [superposition 1927,1927]
7779. double_divide(X0,double_divide(X1,X2)) = double_divide(double_divide(X2,X1),X0) [superposition 868,1927]
11043. double_divide(X1,double_divide(X0,identity)) = double_divide(double_divide(X0,double_divide(identity,X1)),identity) [superposition 1366,78]
11054. double_divide(X1,double_divide(X0,identity)) = double_divide(identity,double_divide(X0,double_divide(identity,X1))) [forward demodulation 11043,376]
15494. double_divide(double_divide(X1,identity),X0) = double_divide(double_divide(identity,X1),X0) [superposition 934,784]
15873. double_divide(identity,double_divide(X1,double_divide(X0,X2))) = double_divide(double_divide(X3,double_divide(identity,X0)),double_divide(double_divide(X3,identity),double_divide(double_divide(X1,identity),X2))) [superposition 1285,1285]
16223. double_divide(identity,double_divide(X1,double_divide(X0,X2))) = double_divide(identity,double_divide(double_divide(double_divide(X1,identity),X2),double_divide(double_divide(X3,double_divide(identity,X0)),X3))) [forward demodulation 15873,1961]
16379. double_divide(identity,double_divide(X1,double_divide(X0,X2))) = double_divide(identity,double_divide(double_divide(double_divide(X1,identity),X2),double_divide(X3,double_divide(double_divide(identity,X0),X3)))) [forward demodulation 16223,7630]
16517. double_divide(identity,double_divide(X1,double_divide(X0,X2))) = double_divide(identity,double_divide(identity,double_divide(X2,double_divide(double_divide(X3,double_divide(double_divide(identity,X0),X3)),X1)))) [forward demodulation 16379,1433]
16618. double_divide(identity,double_divide(X1,double_divide(X0,X2))) = double_divide(X2,double_divide(double_divide(X3,double_divide(double_divide(identity,X0),X3)),X1)) [forward demodulation 16517,819]
16697. double_divide(identity,double_divide(X1,double_divide(X0,X2))) = double_divide(X2,double_divide(double_divide(identity,X0),X1)) [forward demodulation 16618,818]
17738. double_divide(double_divide(X1,identity),double_divide(X0,X2)) = double_divide(double_divide(identity,X0),double_divide(X1,X2)) [superposition 1376,784]
17753. double_divide(X0,double_divide(X3,double_divide(X2,X1))) = double_divide(double_divide(X3,identity),double_divide(double_divide(X0,identity),double_divide(X1,X2))) [superposition 1376,1927]
17950. double_divide(X0,double_divide(X3,double_divide(X2,X1))) = double_divide(identity,double_divide(double_divide(X1,X2),double_divide(double_divide(X3,identity),X0))) [forward demodulation 17753,1961]
18038. double_divide(X0,double_divide(X3,double_divide(X2,X1))) = double_divide(X0,double_divide(X3,double_divide(X1,X2))) [forward demodulation 17950,1558]
19296. double_divide(double_divide(X0,double_divide(X1,X2)),X3) = double_divide(identity,double_divide(double_divide(double_divide(X0,identity),X2),double_divide(X3,X1))) [superposition 1433,1376]
19400. double_divide(double_divide(c3,double_divide(double_divide(b3,a3),identity)),identity) != double_divide(identity,double_divide(a3,double_divide(identity,double_divide(c3,b3)))) [superposition 7,1433]
19448. double_divide(double_divide(double_divide(X1,identity),X0),double_divide(X2,X3)) = double_divide(double_divide(X2,identity),double_divide(double_divide(identity,double_divide(X0,double_divide(identity,X1))),X3)) [superposition 1376,1433]
19587. double_divide(double_divide(double_divide(X1,identity),X0),double_divide(X2,X3)) = double_divide(identity,double_divide(X3,double_divide(double_divide(X0,double_divide(identity,X1)),double_divide(X2,identity)))) [forward demodulation 19448,16697]
19630. double_divide(double_divide(c3,double_divide(double_divide(b3,a3),identity)),identity) != double_divide(double_divide(c3,b3),double_divide(a3,identity)) [forward demodulation 19400,11054]
19721. double_divide(double_divide(X0,double_divide(X1,X2)),X3) = double_divide(identity,double_divide(identity,double_divide(X2,double_divide(double_divide(X3,X1),X0)))) [forward demodulation 19296,1433]
19794. double_divide(double_divide(double_divide(X1,identity),X0),double_divide(X2,X3)) = double_divide(double_divide(X0,double_divide(identity,X1)),double_divide(X3,X2)) [forward demodulation 19587,416]
19832. double_divide(double_divide(c3,double_divide(double_divide(b3,a3),identity)),identity) != double_divide(double_divide(c3,b3),double_divide(identity,a3)) [forward demodulation 19630,1927]
19902. double_divide(double_divide(X0,double_divide(X1,X2)),X3) = double_divide(X2,double_divide(double_divide(X3,X1),X0)) [forward demodulation 19721,819]
19967. double_divide(double_divide(X0,double_divide(identity,X1)),double_divide(X3,X2)) = double_divide(identity,double_divide(X0,double_divide(double_divide(X2,X3),X1))) [forward demodulation 19794,1433]
19997. double_divide(double_divide(c3,double_divide(double_divide(b3,a3),identity)),identity) != double_divide(double_divide(a3,identity),double_divide(c3,b3)) [forward demodulation 19832,7779]
20110. double_divide(identity,double_divide(X0,double_divide(double_divide(X2,X3),X1))) = double_divide(X1,double_divide(double_divide(double_divide(X3,X2),identity),X0)) [forward demodulation 19967,19902]
20134. double_divide(double_divide(c3,double_divide(double_divide(b3,a3),identity)),identity) != double_divide(double_divide(a3,identity),double_divide(b3,c3)) [forward demodulation 19997,1927]
20228. double_divide(identity,double_divide(X0,double_divide(double_divide(X2,X3),X1))) = double_divide(X1,double_divide(double_divide(identity,double_divide(X3,X2)),X0)) [forward demodulation 20110,15494]
20248. double_divide(double_divide(c3,double_divide(double_divide(b3,a3),identity)),identity) != double_divide(double_divide(identity,b3),double_divide(a3,c3)) [forward demodulation 20134,17738]
20325. double_divide(identity,double_divide(X0,double_divide(double_divide(X2,X3),X1))) = double_divide(X1,double_divide(X2,double_divide(double_divide(X0,X3),identity))) [forward demodulation 20228,19902]
20345. double_divide(identity,double_divide(c3,double_divide(double_divide(b3,a3),identity))) != double_divide(double_divide(identity,b3),double_divide(a3,c3)) [forward demodulation 20248,376]
20405. double_divide(identity,double_divide(X0,double_divide(double_divide(X2,X3),X1))) = double_divide(X1,double_divide(X2,double_divide(identity,double_divide(X0,X3)))) [forward demodulation 20325,18038]
20421. double_divide(identity,double_divide(c3,double_divide(identity,double_divide(b3,a3)))) != double_divide(double_divide(identity,b3),double_divide(a3,c3)) [forward demodulation 20345,417]
20486. double_divide(double_divide(identity,b3),double_divide(a3,c3)) != double_divide(identity,double_divide(b3,double_divide(double_divide(c3,a3),identity))) [forward demodulation 20421,20405]
20540. double_divide(double_divide(identity,b3),double_divide(a3,c3)) != double_divide(identity,double_divide(b3,double_divide(identity,double_divide(c3,a3)))) [forward demodulation 20486,417]
20583. double_divide(double_divide(identity,b3),double_divide(a3,c3)) != double_divide(double_divide(c3,a3),double_divide(b3,identity)) [forward demodulation 20540,11054]
20621. double_divide(double_divide(identity,b3),double_divide(a3,c3)) != double_divide(double_divide(c3,a3),double_divide(identity,b3)) [forward demodulation 20583,1927]
20652. $false [forward subsumption resolution 20621,7779]
% SZS output end Proof for GRP571-1
% ------------------------------
% Version: Vampire 5.0.0 (Release build, commit 2e2c9b7b8 on 2026-01-17 12:24:14 +0100)
% Linked with Z3 4.14.0.0 3c47fd96cf5645d0c42b2c819d9e9a84380aa721 z3-4.8.4-9178-g3c47fd96c
% CaDiCaL version: 2.1.3
% Termination reason: Refutation
% Time elapsed: 0.237 s
% Peak memory usage: 64 MB
% Instructions burned: 658 (million)
% ------------------------------
% ------------------------------
