% Running in auto input_syntax mode. Trying TPTP
% Refutation found. Thanks to Tanya!
% SZS status Unsatisfiable for GRP116-1
% SZS output start Proof for GRP116-1
1. multiply(X0,multiply(multiply(X0,multiply(multiply(X0,X1),X2)),multiply(identity,multiply(X2,X2)))) = X1 [input(axiom)]
2. multiply(identity,a) != a [input(negated conjecture)]
3. a != multiply(identity,a) [reorient equations 2]
4. multiply(multiply(X1,multiply(multiply(X1,X0),X2)),multiply(identity,multiply(X2,X2))) = multiply(X1,multiply(multiply(X1,multiply(X0,X3)),multiply(identity,multiply(X3,X3)))) [superposition 1,1]
5. multiply(X1,multiply(multiply(X1,X0),multiply(identity,multiply(multiply(multiply(multiply(X1,X2),multiply(multiply(multiply(X1,X2),X0),X3)),multiply(identity,multiply(X3,X3))),multiply(multiply(multiply(X1,X2),multiply(multiply(multiply(X1,X2),X0),X3)),multiply(identity,multiply(X3,X3))))))) = X2 [superposition 1,1]
6. multiply(multiply(X1,X0),X2) = multiply(X1,multiply(X0,multiply(identity,multiply(multiply(identity,multiply(X2,X2)),multiply(identity,multiply(X2,X2)))))) [superposition 1,1]
7. multiply(X1,multiply(multiply(X1,multiply(multiply(X1,X2),multiply(identity,multiply(multiply(identity,X0),multiply(identity,X0))))),X0)) = X2 [superposition 1,1]
13. multiply(multiply(X1,X0),multiply(identity,X2)) = multiply(X1,multiply(X0,X2)) [superposition 7,1]
15. multiply(multiply(X1,X0),multiply(identity,multiply(multiply(identity,X2),multiply(identity,X2)))) = multiply(X1,multiply(X0,multiply(identity,multiply(X2,X2)))) [superposition 1,7]
37. multiply(X1,multiply(multiply(X1,multiply(multiply(X1,X2),multiply(identity,multiply(multiply(identity,multiply(X0,X0)),multiply(identity,multiply(X0,X0)))))),multiply(multiply(identity,multiply(identity,multiply(multiply(identity,multiply(X0,X0)),multiply(identity,multiply(X0,X0))))),X0))) = X2 [superposition 1,6]
42. multiply(multiply(X0,multiply(X0,multiply(multiply(X0,X1),multiply(identity,multiply(X2,X2))))),X2) = X1 [superposition 1,6]
44. multiply(X1,multiply(identity,multiply(multiply(identity,multiply(X2,X2)),multiply(identity,multiply(X2,X2))))) = multiply(X0,multiply(multiply(X0,multiply(multiply(multiply(X0,X1),X2),multiply(identity,multiply(multiply(identity,X3),multiply(identity,X3))))),X3)) [superposition 7,6]
55. multiply(X1,multiply(identity,multiply(multiply(identity,multiply(X2,X2)),multiply(identity,multiply(X2,X2))))) = multiply(X0,multiply(multiply(X0,multiply(multiply(X0,X1),multiply(X2,multiply(identity,multiply(X3,X3))))),X3)) [forward demodulation 44,15]
57. multiply(multiply(X0,multiply(X0,multiply(X0,multiply(X1,multiply(X2,X2))))),X2) = X1 [forward demodulation 42,13]
61. multiply(X1,multiply(multiply(X1,multiply(multiply(X1,X2),multiply(identity,multiply(identity,multiply(multiply(X0,X0),multiply(X0,X0)))))),multiply(multiply(identity,multiply(identity,multiply(identity,multiply(multiply(X0,X0),multiply(X0,X0))))),X0))) = X2 [forward demodulation 37,13]
72. multiply(X0,multiply(multiply(X0,multiply(multiply(X0,X1),multiply(X2,multiply(identity,multiply(X3,X3))))),X3)) = multiply(X1,multiply(identity,multiply(identity,multiply(multiply(X2,X2),multiply(X2,X2))))) [forward demodulation 55,13]
77. multiply(X1,multiply(multiply(X1,multiply(multiply(X1,X2),multiply(identity,multiply(identity,multiply(multiply(X0,X0),multiply(X0,X0)))))),multiply(X0,X0))) = X2 [forward demodulation 61,57]
87. multiply(X2,multiply(identity,multiply(identity,multiply(multiply(identity,identity),multiply(identity,identity))))) = X2 [forward demodulation 77,72]
89. multiply(X2,multiply(identity,multiply(identity,multiply(identity,multiply(identity,identity))))) = X2 [forward demodulation 87,13]
96. multiply(X2,multiply(X3,multiply(X0,multiply(identity,multiply(multiply(identity,multiply(X1,X1)),multiply(identity,multiply(X1,X1))))))) = multiply(multiply(X2,X3),multiply(multiply(identity,X0),X1)) [superposition 13,6]
99. multiply(X0,multiply(multiply(X0,multiply(X0,multiply(X1,multiply(multiply(identity,X2),multiply(identity,X2))))),X2)) = X1 [superposition 7,13]
108. multiply(multiply(X1,X2),multiply(identity,X0)) = multiply(X1,multiply(X2,multiply(identity,multiply(multiply(identity,multiply(identity,multiply(X0,X0))),multiply(identity,multiply(identity,multiply(X0,X0))))))) [superposition 6,13]
111. multiply(multiply(X1,X2),multiply(identity,X0)) = multiply(X1,multiply(X2,multiply(identity,multiply(identity,multiply(multiply(identity,multiply(X0,X0)),multiply(identity,multiply(X0,X0))))))) [forward demodulation 108,13]
119. multiply(X0,multiply(multiply(X0,multiply(X0,multiply(X1,multiply(identity,multiply(X2,X2))))),X2)) = X1 [forward demodulation 99,13]
121. multiply(multiply(X2,X3),multiply(multiply(identity,X0),X1)) = multiply(X2,multiply(multiply(X3,X0),X1)) [forward demodulation 96,6]
129. multiply(multiply(X1,X2),multiply(identity,X0)) = multiply(X1,multiply(multiply(X2,identity),X0)) [forward demodulation 111,6]
136. multiply(X1,multiply(X2,X0)) = multiply(X1,multiply(multiply(X2,identity),X0)) [forward demodulation 129,13]
429. multiply(multiply(X0,X1),identity) = multiply(X0,multiply(X1,multiply(identity,multiply(identity,multiply(identity,multiply(identity,identity)))))) [superposition 13,89]
430. multiply(X0,multiply(multiply(X0,multiply(multiply(X0,X1),multiply(identity,multiply(identity,identity)))),multiply(identity,multiply(identity,multiply(identity,multiply(identity,identity)))))) = X1 [superposition 7,89]
432. multiply(multiply(X1,multiply(multiply(X1,X0),X2)),multiply(identity,multiply(X2,X2))) = multiply(X1,multiply(multiply(X1,X0),multiply(identity,multiply(multiply(identity,multiply(identity,multiply(identity,multiply(identity,identity)))),multiply(identity,multiply(identity,multiply(identity,multiply(identity,identity)))))))) [superposition 4,89]
434. multiply(X0,multiply(multiply(identity,multiply(identity,multiply(identity,multiply(identity,identity)))),X1)) = multiply(X0,multiply(identity,X1)) [superposition 13,89]
437. multiply(multiply(X0,multiply(multiply(X0,X1),X2)),multiply(identity,multiply(X2,X2))) = multiply(X0,multiply(multiply(X0,multiply(X1,multiply(identity,multiply(identity,multiply(identity,multiply(identity,identity)))))),multiply(identity,multiply(identity,multiply(identity,multiply(identity,multiply(identity,identity))))))) [superposition 4,89]
441. multiply(X0,X1) = multiply(X0,multiply(X1,multiply(identity,multiply(identity,multiply(identity,identity))))) [superposition 13,89]
442. multiply(X0,multiply(multiply(X0,multiply(X1,X2)),multiply(identity,multiply(X2,X2)))) = multiply(multiply(X0,multiply(X0,X1)),multiply(identity,multiply(multiply(identity,multiply(identity,multiply(identity,multiply(identity,identity)))),multiply(identity,multiply(identity,multiply(identity,multiply(identity,identity))))))) [superposition 4,89]
443. multiply(X0,multiply(multiply(X0,multiply(X0,X1)),multiply(identity,multiply(multiply(identity,multiply(identity,multiply(identity,multiply(identity,identity)))),multiply(identity,multiply(identity,multiply(identity,multiply(identity,identity)))))))) = X1 [superposition 1,89]
448. multiply(X0,multiply(X0,multiply(multiply(X0,X1),multiply(identity,multiply(multiply(identity,multiply(identity,multiply(identity,identity))),multiply(identity,multiply(identity,multiply(identity,identity)))))))) = X1 [forward demodulation 443,15]
449. multiply(X0,multiply(multiply(X0,multiply(X1,X2)),multiply(identity,multiply(X2,X2)))) = multiply(X0,multiply(multiply(X0,X1),multiply(identity,multiply(multiply(identity,multiply(identity,multiply(identity,identity))),multiply(identity,multiply(identity,multiply(identity,identity))))))) [forward demodulation 442,15]
453. multiply(multiply(X0,multiply(multiply(X0,X1),X2)),multiply(identity,multiply(X2,X2))) = multiply(X0,multiply(X0,multiply(multiply(X1,multiply(identity,multiply(identity,multiply(identity,multiply(identity,identity))))),multiply(identity,multiply(identity,multiply(identity,multiply(identity,identity))))))) [forward demodulation 437,13]
457. multiply(multiply(X1,multiply(multiply(X1,X0),X2)),multiply(identity,multiply(X2,X2))) = multiply(X1,multiply(X1,multiply(X0,multiply(identity,multiply(multiply(identity,multiply(identity,multiply(identity,identity))),multiply(identity,multiply(identity,multiply(identity,identity)))))))) [forward demodulation 432,15]
459. multiply(X0,multiply(multiply(X0,multiply(multiply(X0,X1),multiply(identity,multiply(identity,identity)))),identity)) = X1 [forward demodulation 430,441]
460. multiply(multiply(X0,X1),identity) = multiply(X0,multiply(X1,identity)) [forward demodulation 429,441]
463. multiply(X0,multiply(X0,multiply(X0,multiply(X1,multiply(identity,multiply(multiply(identity,multiply(identity,identity)),multiply(identity,multiply(identity,identity)))))))) = X1 [forward demodulation 448,15]
464. multiply(X0,multiply(multiply(X0,multiply(X1,X2)),multiply(identity,multiply(X2,X2)))) = multiply(X0,multiply(X0,multiply(X1,multiply(identity,multiply(multiply(identity,multiply(identity,identity)),multiply(identity,multiply(identity,identity))))))) [forward demodulation 449,15]
468. multiply(multiply(X0,multiply(multiply(X0,X1),X2)),multiply(identity,multiply(X2,X2))) = multiply(X0,multiply(X0,multiply(multiply(X1,multiply(identity,multiply(identity,multiply(identity,multiply(identity,identity))))),identity))) [forward demodulation 453,441]
471. multiply(multiply(X1,multiply(multiply(X1,X0),X2)),multiply(identity,multiply(X2,X2))) = multiply(X1,multiply(X1,multiply(X0,multiply(identity,multiply(identity,multiply(identity,multiply(identity,identity))))))) [forward demodulation 457,441]
473. multiply(X0,multiply(multiply(X0,multiply(X0,multiply(X1,multiply(identity,identity)))),identity)) = X1 [forward demodulation 459,13]
476. multiply(X0,multiply(X0,multiply(multiply(X0,X1),identity))) = X1 [forward demodulation 463,6]
477. multiply(X0,multiply(multiply(X0,multiply(X1,X2)),multiply(identity,multiply(X2,X2)))) = multiply(X0,multiply(multiply(X0,X1),identity)) [forward demodulation 464,6]
481. multiply(multiply(X0,multiply(multiply(X0,X1),X2)),multiply(identity,multiply(X2,X2))) = multiply(X0,multiply(X0,multiply(X1,multiply(multiply(identity,multiply(identity,multiply(identity,multiply(identity,identity)))),identity)))) [forward demodulation 468,460]
483. multiply(multiply(X1,multiply(multiply(X1,X0),X2)),multiply(identity,multiply(X2,X2))) = multiply(X1,multiply(X1,multiply(X0,identity))) [forward demodulation 471,441]
485. multiply(X0,multiply(X0,multiply(multiply(X0,multiply(X1,multiply(identity,identity))),identity))) = X1 [forward demodulation 473,460]
487. multiply(X0,multiply(X0,multiply(X0,multiply(X1,identity)))) = X1 [forward demodulation 476,460]
488. multiply(X0,multiply(multiply(X0,multiply(X1,X2)),multiply(identity,multiply(X2,X2)))) = multiply(X0,multiply(X0,multiply(X1,identity))) [forward demodulation 477,460]
491. multiply(multiply(X0,multiply(multiply(X0,X1),X2)),multiply(identity,multiply(X2,X2))) = multiply(X0,multiply(X0,multiply(X1,multiply(identity,identity)))) [forward demodulation 481,434]
492. multiply(X1,multiply(multiply(multiply(X1,X0),X2),multiply(X2,X2))) = multiply(X1,multiply(X1,multiply(X0,identity))) [forward demodulation 483,13]
493. multiply(X0,multiply(X0,multiply(X0,multiply(multiply(X1,multiply(identity,identity)),identity)))) = X1 [forward demodulation 485,460]
495. multiply(X0,multiply(X0,multiply(multiply(X1,X2),multiply(X2,X2)))) = multiply(X0,multiply(X0,multiply(X1,identity))) [forward demodulation 488,13]
498. multiply(X0,multiply(multiply(multiply(X0,X1),X2),multiply(X2,X2))) = multiply(X0,multiply(X0,multiply(X1,multiply(identity,identity)))) [forward demodulation 491,13]
499. multiply(X1,multiply(identity,identity)) = X1 [forward demodulation 493,487]
501. multiply(X0,multiply(X0,multiply(X1,multiply(identity,identity)))) = multiply(X0,multiply(X0,multiply(X1,identity))) [forward demodulation 498,492]
502. multiply(X0,multiply(X0,X1)) = multiply(X0,multiply(X0,multiply(X1,identity))) [forward demodulation 501,499]
557. multiply(multiply(X1,multiply(X0,X4)),multiply(identity,multiply(X4,X4))) = multiply(X1,multiply(multiply(X1,multiply(multiply(multiply(X1,X2),multiply(identity,multiply(multiply(multiply(multiply(X1,X0),multiply(multiply(multiply(X1,X0),X2),X3)),multiply(identity,multiply(X3,X3))),multiply(multiply(multiply(X1,X0),multiply(multiply(multiply(X1,X0),X2),X3)),multiply(identity,multiply(X3,X3)))))),X5)),multiply(identity,multiply(X5,X5)))) [superposition 4,5]
568. multiply(multiply(X1,multiply(X0,X4)),multiply(identity,multiply(X4,X4))) = multiply(X1,multiply(X1,multiply(multiply(multiply(multiply(X1,X2),multiply(identity,multiply(multiply(multiply(multiply(X1,X0),multiply(multiply(multiply(X1,X0),X2),X3)),multiply(identity,multiply(X3,X3))),multiply(multiply(multiply(X1,X0),multiply(multiply(multiply(X1,X0),X2),X3)),multiply(identity,multiply(X3,X3)))))),X5),multiply(X5,X5)))) [forward demodulation 557,13]
627. multiply(multiply(X1,multiply(X0,X4)),multiply(identity,multiply(X4,X4))) = multiply(X1,multiply(X1,multiply(multiply(multiply(X1,X2),multiply(identity,multiply(multiply(multiply(multiply(X1,X0),multiply(multiply(multiply(X1,X0),X2),X3)),multiply(identity,multiply(X3,X3))),multiply(multiply(multiply(X1,X0),multiply(multiply(multiply(X1,X0),X2),X3)),multiply(identity,multiply(X3,X3)))))),identity))) [forward demodulation 568,495]
685. multiply(multiply(X1,multiply(X0,X4)),multiply(identity,multiply(X4,X4))) = multiply(X1,multiply(X1,multiply(multiply(X1,X2),multiply(identity,multiply(multiply(multiply(multiply(X1,X0),multiply(multiply(multiply(X1,X0),X2),X3)),multiply(identity,multiply(X3,X3))),multiply(multiply(multiply(X1,X0),multiply(multiply(multiply(X1,X0),X2),X3)),multiply(identity,multiply(X3,X3)))))))) [forward demodulation 627,502]
741. multiply(X1,X0) = multiply(multiply(X1,multiply(X0,X4)),multiply(identity,multiply(X4,X4))) [forward demodulation 685,5]
787. multiply(X1,X0) = multiply(X1,multiply(multiply(X0,X4),multiply(X4,X4))) [forward demodulation 741,13]
902. multiply(identity,identity) = multiply(X0,multiply(multiply(X0,multiply(X0,multiply(identity,multiply(multiply(identity,X1),multiply(identity,X1))))),X1)) [superposition 7,499]
909. multiply(X0,X1) = multiply(X0,multiply(X1,identity)) [superposition 13,499]
913. multiply(X0,multiply(X0,multiply(multiply(X0,X1),multiply(identity,multiply(multiply(identity,multiply(identity,identity)),multiply(identity,multiply(identity,identity))))))) = X1 [superposition 7,499]
918. multiply(X0,multiply(multiply(X0,multiply(X0,X1)),identity)) = X1 [forward demodulation 913,6]
927. multiply(identity,identity) = multiply(X0,multiply(multiply(X0,multiply(X0,multiply(identity,multiply(identity,multiply(X1,X1))))),X1)) [forward demodulation 902,13]
942. multiply(X0,multiply(X0,multiply(X0,X1))) = X1 [forward demodulation 918,909]
950. identity = multiply(identity,identity) [forward demodulation 927,119]
1041. multiply(multiply(X0,X1),multiply(identity,X3)) = multiply(X0,multiply(multiply(multiply(X1,X2),multiply(X2,X2)),X3)) [superposition 13,787]
1064. multiply(X0,multiply(X1,X3)) = multiply(X0,multiply(multiply(multiply(X1,X2),multiply(X2,X2)),X3)) [forward demodulation 1041,13]
1206. multiply(X0,identity) = X0 [superposition 499,950]
1212. multiply(identity,multiply(identity,multiply(identity,multiply(multiply(multiply(multiply(identity,X0),multiply(multiply(multiply(identity,X0),identity),X1)),multiply(identity,multiply(X1,X1))),multiply(multiply(multiply(identity,X0),multiply(multiply(multiply(identity,X0),identity),X1)),multiply(identity,multiply(X1,X1))))))) = X0 [superposition 5,950]
1228. multiply(multiply(multiply(multiply(identity,X0),multiply(multiply(multiply(identity,X0),identity),X1)),multiply(identity,multiply(X1,X1))),multiply(multiply(multiply(identity,X0),multiply(multiply(multiply(identity,X0),identity),X1)),multiply(identity,multiply(X1,X1)))) = X0 [forward demodulation 1212,942]
1239. multiply(multiply(multiply(identity,X0),multiply(multiply(multiply(multiply(identity,X0),identity),X1),multiply(X1,X1))),multiply(multiply(identity,X0),multiply(multiply(multiply(multiply(identity,X0),identity),X1),multiply(X1,X1)))) = X0 [forward demodulation 1228,13]
1248. multiply(multiply(identity,X0),multiply(multiply(multiply(multiply(multiply(multiply(identity,X0),identity),X1),multiply(X1,X1)),X0),multiply(multiply(multiply(multiply(identity,X0),identity),X1),multiply(X1,X1)))) = X0 [forward demodulation 1239,121]
1253. multiply(multiply(identity,X0),multiply(multiply(multiply(multiply(multiply(multiply(identity,X0),identity),X1),multiply(X1,X1)),X0),multiply(multiply(identity,X0),identity))) = X0 [forward demodulation 1248,787]
1257. multiply(multiply(identity,X0),multiply(multiply(multiply(multiply(multiply(multiply(identity,X0),identity),X1),multiply(X1,X1)),X0),multiply(identity,X0))) = X0 [forward demodulation 1253,909]
1259. multiply(multiply(identity,X0),multiply(multiply(multiply(multiply(multiply(identity,X0),identity),X1),multiply(X1,X1)),multiply(X0,X0))) = X0 [forward demodulation 1257,13]
1261. multiply(multiply(identity,X0),multiply(multiply(multiply(identity,X0),identity),multiply(X0,X0))) = X0 [forward demodulation 1259,1064]
1263. multiply(multiply(identity,X0),multiply(multiply(identity,X0),multiply(X0,X0))) = X0 [forward demodulation 1261,136]
1265. multiply(multiply(identity,X0),identity) = X0 [forward demodulation 1263,787]
1266. multiply(identity,X0) = X0 [forward demodulation 1265,1206]
2206. a != a [superposition 3,1266]
2242. $false [trivial inequality removal 2206]
% SZS output end Proof for GRP116-1
% ------------------------------
% Version: Vampire 5.0.0 (Release build, commit 2e2c9b7b8 on 2026-01-17 12:24:14 +0100)
% Linked with Z3 4.14.0.0 3c47fd96cf5645d0c42b2c819d9e9a84380aa721 z3-4.8.4-9178-g3c47fd96c
% CaDiCaL version: 2.1.3
% Termination reason: Refutation
% Time elapsed: 0.031 s
% Peak memory usage: 59 MB
% Instructions burned: 107 (million)
% ------------------------------
% ------------------------------
