% Running in auto input_syntax mode. Trying TPTP
% Refutation found. Thanks to Tanya!
% SZS status Unsatisfiable for GRP463-1
% SZS output start Proof for GRP463-1
2. multiply(X0,X1) = divide(X0,divide(identity,X1)) [input(axiom)]
3. inverse(X0) = divide(identity,X0) [input(axiom)]
4. divide(identity,X0) = inverse(X0) [reorient equations 3]
5. identity = divide(X0,X0) [input(axiom)]
6. divide(X0,X0) = identity [reorient equations 5]
7. multiply(inverse(a1),a1) != identity [input(negated conjecture)]
8. identity != multiply(inverse(a1),a1) [reorient equations 7]
9. identity != divide(divide(identity,a1),divide(identity,a1)) [definition unfolding 8,2,4]
11. identity != identity [superposition 9,6]
12. $false [trivial inequality removal 11]
% SZS output end Proof for GRP463-1
% ------------------------------
% Version: Vampire 5.0.0 (Release build, commit 2e2c9b7b8 on 2026-01-17 12:24:14 +0100)
% Linked with Z3 4.14.0.0 3c47fd96cf5645d0c42b2c819d9e9a84380aa721 z3-4.8.4-9178-g3c47fd96c
% CaDiCaL version: 2.1.3
% Termination reason: Refutation
% Time elapsed: 0.002 s
% Peak memory usage: 59 MB
% Instructions burned: 1 (million)
% ------------------------------
% ------------------------------
