% Running in auto input_syntax mode. Trying TPTP
% Refutation found. Thanks to Tanya!
% SZS status Unsatisfiable for GRP055-1
% SZS output start Proof for GRP055-1
1. inverse(multiply(inverse(multiply(X0,inverse(multiply(inverse(X1),multiply(inverse(X2),inverse(multiply(inverse(X2),X2))))))),multiply(X0,X2))) = X1 [input(axiom)]
2. multiply(inverse(a1),a1) != multiply(inverse(b1),b1) | multiply(multiply(inverse(b2),b2),a2) != a2 | multiply(multiply(a3,b3),c3) != multiply(a3,multiply(b3,c3)) [input(negated conjecture)]
3. multiply(inverse(a1),a1) != multiply(inverse(b1),b1) | a2 != multiply(multiply(inverse(b2),b2),a2) | multiply(multiply(a3,b3),c3) != multiply(a3,multiply(b3,c3)) [reorient equations 2]
5. 1 <=> multiply(multiply(a3,b3),c3) = multiply(a3,multiply(b3,c3)) [avatar definition]
7. multiply(multiply(a3,b3),c3) != multiply(a3,multiply(b3,c3)) <- (~1) [avatar component clause 5]
9. 2 <=> a2 = multiply(multiply(inverse(b2),b2),a2) [avatar definition]
11. a2 != multiply(multiply(inverse(b2),b2),a2) <- (~2) [avatar component clause 9]
13. 3 <=> multiply(inverse(a1),a1) = multiply(inverse(b1),b1) [avatar definition]
15. multiply(inverse(a1),a1) != multiply(inverse(b1),b1) <- (~3) [avatar component clause 13]
16. ~1 | ~2 | ~3 [avatar split clause 3,13,9,5]
17. multiply(inverse(multiply(X2,inverse(multiply(inverse(X0),multiply(inverse(X3),inverse(multiply(inverse(X3),X3))))))),multiply(X2,X3)) = inverse(multiply(inverse(multiply(X1,inverse(multiply(X0,multiply(inverse(X4),inverse(multiply(inverse(X4),X4))))))),multiply(X1,X4))) [superposition 1,1]
19. multiply(inverse(X2),inverse(multiply(inverse(X0),multiply(inverse(inverse(multiply(inverse(X2),X2))),inverse(multiply(inverse(inverse(multiply(inverse(X2),X2))),inverse(multiply(inverse(X2),X2)))))))) = inverse(multiply(inverse(multiply(X1,X0)),multiply(X1,X2))) [superposition 1,1]
25. inverse(multiply(inverse(multiply(X2,multiply(inverse(inverse(multiply(inverse(X1),X1))),inverse(multiply(inverse(X0),multiply(inverse(inverse(multiply(inverse(inverse(multiply(inverse(X1),X1))),inverse(multiply(inverse(X1),X1))))),inverse(multiply(inverse(inverse(multiply(inverse(inverse(multiply(inverse(X1),X1))),inverse(multiply(inverse(X1),X1))))),inverse(multiply(inverse(inverse(multiply(inverse(X1),X1))),inverse(multiply(inverse(X1),X1)))))))))))),multiply(X2,X1))) = multiply(inverse(X1),X0) [superposition 19,1]
26. inverse(multiply(inverse(multiply(X0,X1)),multiply(X0,X2))) = inverse(multiply(inverse(multiply(X3,X1)),multiply(X3,X2))) [superposition 19,19]
31. inverse(multiply(inverse(inverse(multiply(inverse(multiply(X0,X1)),multiply(X0,X2)))),multiply(inverse(X2),inverse(multiply(inverse(X2),X2))))) = X1 [superposition 1,19]
33. multiply(inverse(X0),inverse(multiply(inverse(inverse(multiply(inverse(X1),multiply(inverse(X0),inverse(multiply(inverse(X0),X0)))))),multiply(inverse(inverse(multiply(inverse(X0),X0))),inverse(multiply(inverse(inverse(multiply(inverse(X0),X0))),inverse(multiply(inverse(X0),X0)))))))) = X1 [superposition 1,19]
65. inverse(inverse(multiply(inverse(multiply(X0,inverse(multiply(X1,multiply(inverse(X2),inverse(multiply(inverse(X2),X2))))))),multiply(X0,X2)))) = X1 [superposition 1,17]
72. multiply(inverse(multiply(X0,inverse(multiply(inverse(inverse(X1)),multiply(inverse(X2),inverse(multiply(inverse(X2),X2))))))),multiply(X0,X2)) = X1 [superposition 1,17]
110. inverse(multiply(inverse(multiply(X3,multiply(X4,X2))),multiply(X3,X5))) = inverse(multiply(inverse(multiply(inverse(multiply(X0,X1)),multiply(X0,X2))),multiply(inverse(multiply(X4,X1)),X5))) [superposition 26,26]
143. multiply(inverse(X2),X1) = inverse(multiply(inverse(multiply(X3,inverse(multiply(inverse(multiply(X0,X1)),multiply(X0,inverse(multiply(inverse(X2),X2))))))),multiply(X3,X2))) [superposition 1,26]
151. multiply(inverse(multiply(X4,X1)),multiply(X4,X2)) = inverse(multiply(inverse(multiply(X3,inverse(multiply(inverse(multiply(inverse(multiply(X0,X1)),multiply(X0,X2))),multiply(inverse(X5),inverse(multiply(inverse(X5),X5))))))),multiply(X3,X5))) [superposition 1,26]
158. multiply(inverse(multiply(X0,X1)),multiply(X0,X2)) = multiply(inverse(multiply(X4,X1)),multiply(X4,X2)) [forward demodulation 151,1]
245. multiply(inverse(multiply(X1,multiply(X2,X3))),multiply(X1,X4)) = multiply(X0,multiply(inverse(multiply(X2,inverse(multiply(inverse(X0),multiply(inverse(X3),inverse(multiply(inverse(X3),X3))))))),X4)) [superposition 158,1]
248. multiply(inverse(multiply(X3,multiply(X4,X2))),multiply(X3,X5)) = multiply(inverse(multiply(inverse(multiply(X0,X1)),multiply(X0,X2))),multiply(inverse(multiply(X4,X1)),X5)) [superposition 158,26]
254. multiply(inverse(multiply(X3,X4)),multiply(X3,multiply(X5,X2))) = multiply(inverse(multiply(inverse(multiply(X5,X1)),X4)),multiply(inverse(multiply(X0,X1)),multiply(X0,X2))) [superposition 158,158]
355. inverse(multiply(inverse(inverse(multiply(inverse(multiply(X2,X3)),multiply(X2,multiply(X4,X1))))),multiply(inverse(multiply(X4,X1)),inverse(multiply(inverse(multiply(X0,X1)),multiply(X0,X1)))))) = X3 [superposition 31,26]
391. inverse(inverse(multiply(inverse(multiply(X2,inverse(multiply(X3,multiply(inverse(multiply(X4,X1)),inverse(multiply(inverse(multiply(X0,X1)),multiply(X0,X1)))))))),multiply(X2,multiply(X4,X1))))) = X3 [superposition 65,26]
400. inverse(inverse(multiply(inverse(multiply(X2,X0)),multiply(X2,X3)))) = inverse(inverse(multiply(inverse(multiply(X1,X0)),multiply(X1,X3)))) [superposition 65,31]
1167. multiply(inverse(X3),multiply(X4,X2)) = inverse(multiply(inverse(multiply(X5,inverse(multiply(inverse(multiply(inverse(multiply(X0,X1)),multiply(X0,X2))),multiply(inverse(multiply(X4,X1)),inverse(multiply(inverse(X3),X3))))))),multiply(X5,X3))) [superposition 143,26]
1189. multiply(inverse(multiply(X2,X1)),X3) = inverse(multiply(inverse(multiply(X4,inverse(multiply(inverse(multiply(X5,X3)),multiply(X5,inverse(multiply(inverse(multiply(X0,X1)),multiply(X0,X1)))))))),multiply(X4,multiply(X2,X1)))) [superposition 143,26]
1910. multiply(inverse(multiply(X1,multiply(X2,X3))),multiply(X1,inverse(multiply(inverse(inverse(multiply(inverse(X0),multiply(inverse(multiply(X2,X4)),inverse(multiply(inverse(multiply(X2,X4)),multiply(X2,X4))))))),multiply(inverse(inverse(multiply(inverse(multiply(X2,X4)),multiply(X2,X4)))),inverse(multiply(inverse(inverse(multiply(inverse(multiply(X2,X4)),multiply(X2,X4)))),inverse(multiply(inverse(multiply(X2,X4)),multiply(X2,X4)))))))))) = multiply(inverse(multiply(inverse(multiply(X5,X4)),multiply(X5,X3))),X0) [superposition 248,33]
1945. multiply(inverse(multiply(X1,X2)),multiply(X1,inverse(multiply(inverse(inverse(multiply(inverse(X0),multiply(inverse(X3),inverse(multiply(inverse(X3),X3)))))),multiply(inverse(inverse(multiply(inverse(X3),X3))),inverse(multiply(inverse(inverse(multiply(inverse(X3),X3))),inverse(multiply(inverse(X3),X3))))))))) = multiply(inverse(multiply(inverse(X3),X2)),X0) [superposition 158,33]
1957. multiply(inverse(multiply(inverse(multiply(X5,X4)),multiply(X5,X3))),X0) = multiply(inverse(multiply(inverse(multiply(X2,X4)),multiply(X2,X3))),X0) [forward demodulation 1910,1945]
2916. multiply(inverse(X4),multiply(inverse(multiply(X5,X6)),multiply(X5,X3))) = inverse(multiply(inverse(multiply(X7,inverse(multiply(inverse(multiply(inverse(multiply(X0,X1)),multiply(X0,multiply(X2,X3)))),multiply(inverse(multiply(inverse(multiply(X2,X6)),X1)),inverse(multiply(inverse(X4),X4))))))),multiply(X7,X4))) [superposition 143,254]
2936. multiply(inverse(X4),multiply(inverse(multiply(X5,X6)),multiply(X5,X3))) = multiply(inverse(X4),multiply(inverse(multiply(X2,X6)),multiply(X2,X3))) [forward demodulation 2916,1167]
3313. multiply(X0,multiply(inverse(multiply(X6,X4)),multiply(X6,X5))) = multiply(X0,multiply(inverse(multiply(X3,X4)),multiply(X3,X5))) [superposition 2936,65]
8142. inverse(multiply(inverse(multiply(X1,multiply(X2,X3))),multiply(X1,inverse(multiply(inverse(inverse(multiply(inverse(X0),multiply(inverse(multiply(X2,X4)),inverse(multiply(inverse(multiply(X2,X4)),multiply(X2,X4))))))),multiply(inverse(inverse(multiply(inverse(multiply(X2,X4)),multiply(X2,X4)))),inverse(multiply(inverse(inverse(multiply(inverse(multiply(X2,X4)),multiply(X2,X4)))),inverse(multiply(inverse(multiply(X2,X4)),multiply(X2,X4))))))))))) = inverse(multiply(inverse(multiply(inverse(multiply(X5,X4)),multiply(X5,X3))),X0)) [superposition 110,33]
8491. inverse(multiply(inverse(multiply(inverse(multiply(X5,X4)),multiply(X5,X3))),X0)) = inverse(multiply(inverse(multiply(inverse(multiply(X2,X4)),multiply(X2,X3))),X0)) [forward demodulation 8142,1945]
21702. multiply(inverse(X5),multiply(inverse(multiply(inverse(multiply(X6,X1)),multiply(X6,X2))),X3)) = inverse(multiply(inverse(multiply(X4,multiply(inverse(inverse(multiply(inverse(X5),X5))),inverse(multiply(inverse(multiply(inverse(multiply(inverse(multiply(X0,X1)),multiply(X0,X2))),X3)),multiply(inverse(inverse(multiply(inverse(inverse(multiply(inverse(X5),X5))),inverse(multiply(inverse(X5),X5))))),inverse(multiply(inverse(inverse(multiply(inverse(inverse(multiply(inverse(X5),X5))),inverse(multiply(inverse(X5),X5))))),inverse(multiply(inverse(inverse(multiply(inverse(X5),X5))),inverse(multiply(inverse(X5),X5)))))))))))),multiply(X4,X5))) [superposition 25,8491]
21706. multiply(inverse(X4),inverse(multiply(inverse(multiply(X5,X1)),multiply(X5,X2)))) = inverse(multiply(inverse(multiply(X3,multiply(inverse(inverse(multiply(inverse(X4),X4))),inverse(multiply(inverse(inverse(multiply(inverse(multiply(X0,X1)),multiply(X0,X2)))),multiply(inverse(inverse(multiply(inverse(inverse(multiply(inverse(X4),X4))),inverse(multiply(inverse(X4),X4))))),inverse(multiply(inverse(inverse(multiply(inverse(inverse(multiply(inverse(X4),X4))),inverse(multiply(inverse(X4),X4))))),inverse(multiply(inverse(inverse(multiply(inverse(X4),X4))),inverse(multiply(inverse(X4),X4)))))))))))),multiply(X3,X4))) [superposition 25,400]
22197. multiply(inverse(X4),inverse(multiply(inverse(multiply(X5,X1)),multiply(X5,X2)))) = multiply(inverse(X4),inverse(multiply(inverse(multiply(X0,X1)),multiply(X0,X2)))) [forward demodulation 21706,25]
22199. multiply(inverse(X5),multiply(inverse(multiply(inverse(multiply(X6,X1)),multiply(X6,X2))),X3)) = multiply(inverse(X5),multiply(inverse(multiply(inverse(multiply(X0,X1)),multiply(X0,X2))),X3)) [forward demodulation 21702,25]
22450. multiply(X0,inverse(multiply(inverse(multiply(X5,X6)),multiply(X5,X7)))) = multiply(X0,inverse(multiply(inverse(multiply(X8,X6)),multiply(X8,X7)))) [superposition 22197,391]
33760. multiply(X0,multiply(inverse(multiply(inverse(multiply(X5,X6)),multiply(X5,X7))),X8)) = multiply(X0,multiply(inverse(multiply(inverse(multiply(X9,X6)),multiply(X9,X7))),X8)) [superposition 22199,391]
34801. multiply(inverse(multiply(inverse(multiply(inverse(multiply(X5,X2)),multiply(X5,X3))),X4)),X6) = inverse(multiply(inverse(multiply(inverse(X0),inverse(multiply(inverse(multiply(X7,X6)),multiply(X7,inverse(multiply(inverse(multiply(inverse(multiply(inverse(multiply(X5,X2)),multiply(X5,X3))),X4)),multiply(inverse(multiply(inverse(multiply(X5,X2)),multiply(X5,X3))),X4)))))))),multiply(inverse(X0),multiply(inverse(multiply(inverse(multiply(X1,X2)),multiply(X1,X3))),X4)))) [superposition 143,22199]
34893. multiply(inverse(multiply(inverse(multiply(inverse(multiply(X1,X2)),multiply(X1,X3))),X4)),X6) = multiply(inverse(multiply(inverse(multiply(inverse(multiply(X5,X2)),multiply(X5,X3))),X4)),X6) [forward demodulation 34801,1189]
47069. multiply(inverse(X0),X0) = multiply(inverse(multiply(X1,multiply(X2,X3))),multiply(X1,multiply(X2,X3))) [superposition 245,72]
50557. multiply(inverse(X0),X0) = multiply(inverse(X1),X1) [superposition 47069,47069]
54904. multiply(inverse(X1),X2) = inverse(multiply(inverse(multiply(X3,inverse(multiply(inverse(multiply(X4,X2)),multiply(X4,inverse(multiply(inverse(X0),X0))))))),multiply(X3,X1))) [superposition 143,50557]
54973. inverse(multiply(inverse(X0),X0)) = inverse(multiply(inverse(multiply(X1,X2)),multiply(X1,X2))) [superposition 26,50557]
54975. inverse(multiply(inverse(inverse(multiply(inverse(X0),X0))),multiply(inverse(X2),inverse(multiply(inverse(X2),X2))))) = X2 [superposition 31,50557]
54987. inverse(inverse(multiply(inverse(X0),X0))) = inverse(inverse(multiply(inverse(multiply(X1,X2)),multiply(X1,X2)))) [superposition 400,50557]
55172. inverse(multiply(inverse(inverse(multiply(inverse(multiply(inverse(X0),X0)),multiply(inverse(X1),X2)))),multiply(inverse(X2),inverse(multiply(inverse(X2),X2))))) = X1 [superposition 31,50557]
59128. inverse(multiply(inverse(X0),X0)) = inverse(multiply(inverse(X1),X1)) [superposition 54973,54973]
64312. inverse(multiply(inverse(multiply(X1,multiply(inverse(inverse(multiply(inverse(X2),X2))),inverse(multiply(inverse(multiply(inverse(X0),X0)),multiply(inverse(inverse(multiply(inverse(inverse(multiply(inverse(X2),X2))),inverse(multiply(inverse(X2),X2))))),inverse(multiply(inverse(inverse(multiply(inverse(inverse(multiply(inverse(X2),X2))),inverse(multiply(inverse(X2),X2))))),inverse(multiply(inverse(inverse(multiply(inverse(X2),X2))),inverse(multiply(inverse(X2),X2)))))))))))),multiply(X1,X2))) = multiply(inverse(X2),multiply(inverse(X3),X3)) [superposition 25,59128]
64475. multiply(inverse(X2),multiply(inverse(X0),X0)) = multiply(inverse(X2),multiply(inverse(X3),X3)) [forward demodulation 64312,25]
70980. multiply(X0,multiply(inverse(X5),X5)) = multiply(X0,multiply(inverse(X6),X6)) [superposition 64475,391]
72043. multiply(inverse(multiply(inverse(X2),X2)),X3) = inverse(multiply(inverse(multiply(inverse(X0),inverse(multiply(inverse(multiply(X4,X3)),multiply(X4,inverse(multiply(inverse(multiply(inverse(X2),X2)),multiply(inverse(X2),X2)))))))),multiply(inverse(X0),multiply(inverse(X1),X1)))) [superposition 143,64475]
72155. multiply(inverse(multiply(inverse(X2),X2)),X3) = multiply(inverse(multiply(inverse(X1),X1)),X3) [forward demodulation 72043,54904]
87243. inverse(inverse(multiply(inverse(X0),X0))) = inverse(inverse(multiply(inverse(X1),X1))) [superposition 54987,54987]
90455. multiply(inverse(X2),inverse(multiply(inverse(X3),X3))) = inverse(multiply(inverse(multiply(X1,multiply(inverse(inverse(multiply(inverse(X2),X2))),inverse(multiply(inverse(inverse(multiply(inverse(X0),X0))),multiply(inverse(inverse(multiply(inverse(inverse(multiply(inverse(X2),X2))),inverse(multiply(inverse(X2),X2))))),inverse(multiply(inverse(inverse(multiply(inverse(inverse(multiply(inverse(X2),X2))),inverse(multiply(inverse(X2),X2))))),inverse(multiply(inverse(inverse(multiply(inverse(X2),X2))),inverse(multiply(inverse(X2),X2)))))))))))),multiply(X1,X2))) [superposition 25,87243]
90595. multiply(inverse(X2),X2) = multiply(inverse(inverse(multiply(inverse(X0),X0))),inverse(multiply(inverse(X1),X1))) [superposition 50557,87243]
90685. multiply(inverse(X2),inverse(multiply(inverse(X3),X3))) = multiply(inverse(X2),inverse(multiply(inverse(X0),X0))) [forward demodulation 90455,25]
99817. inverse(multiply(inverse(inverse(multiply(inverse(X2),X2))),multiply(inverse(X0),inverse(multiply(inverse(X1),X1))))) = X0 [superposition 54975,90685]
99820. inverse(multiply(inverse(X2),X2)) = inverse(multiply(inverse(inverse(multiply(inverse(X1),X1))),multiply(inverse(X0),X0))) [superposition 54975,90595]
102176. multiply(inverse(X2),X2) = inverse(multiply(inverse(inverse(multiply(inverse(multiply(inverse(X0),X0)),multiply(inverse(inverse(multiply(inverse(X1),X1))),X3)))),multiply(inverse(X3),inverse(multiply(inverse(X3),X3))))) [superposition 31,99820]
102249. multiply(inverse(X2),X2) = inverse(multiply(inverse(X1),X1)) [forward demodulation 102176,55172]
103398. multiply(inverse(X1),X1) = inverse(inverse(multiply(inverse(X0),X0))) [superposition 102249,102249]
103634. multiply(inverse(X1),X2) = inverse(multiply(inverse(multiply(X3,inverse(multiply(inverse(inverse(multiply(inverse(X0),X0))),multiply(inverse(X2),inverse(multiply(inverse(X1),X1))))))),multiply(X3,X1))) [superposition 143,102249]
103743. inverse(multiply(inverse(X2),inverse(multiply(inverse(X2),X2)))) = inverse(inverse(multiply(inverse(multiply(X1,inverse(inverse(multiply(inverse(X0),X0))))),multiply(X1,X2)))) [superposition 65,102249]
104004. multiply(inverse(X1),X2) = inverse(multiply(inverse(multiply(X3,X2)),multiply(X3,X1))) [forward demodulation 103634,99817]
105513. multiply(inverse(X1),X1) = inverse(inverse(inverse(multiply(inverse(X0),X0)))) [superposition 102249,103398]
105533. inverse(multiply(inverse(inverse(multiply(inverse(multiply(X1,X2)),multiply(X1,multiply(X3,X4))))),multiply(inverse(multiply(X3,X4)),inverse(inverse(inverse(multiply(inverse(X0),X0))))))) = X2 [superposition 355,103398]
105910. inverse(multiply(inverse(multiply(inverse(multiply(X3,X4)),X2)),multiply(inverse(multiply(X3,X4)),inverse(inverse(inverse(multiply(inverse(X0),X0))))))) = X2 [forward demodulation 105533,104004]
106012. multiply(inverse(inverse(inverse(inverse(multiply(inverse(X0),X0))))),X2) = X2 [forward demodulation 105910,104004]
109212. multiply(inverse(multiply(inverse(X1),X1)),X2) = multiply(inverse(inverse(inverse(inverse(multiply(inverse(X0),X0))))),X2) [superposition 72155,105513]
109265. multiply(inverse(multiply(inverse(multiply(X1,X2)),multiply(X1,X2))),X3) = multiply(inverse(inverse(inverse(inverse(multiply(inverse(X0),X0))))),X3) [superposition 1957,105513]
109287. multiply(X1,multiply(inverse(multiply(inverse(multiply(X2,X3)),multiply(X2,X3))),X4)) = multiply(X1,multiply(inverse(inverse(inverse(inverse(multiply(inverse(X0),X0))))),X4)) [superposition 33760,105513]
109289. multiply(inverse(multiply(inverse(multiply(inverse(multiply(X1,X2)),multiply(X1,X2))),X3)),X4) = multiply(inverse(multiply(inverse(inverse(inverse(inverse(multiply(inverse(X0),X0))))),X3)),X4) [superposition 34893,105513]
109334. inverse(multiply(inverse(multiply(X1,X2)),multiply(X1,X3))) = inverse(multiply(inverse(inverse(inverse(inverse(multiply(inverse(X0),X0))))),multiply(inverse(X2),X3))) [superposition 26,105513]
109343. multiply(inverse(multiply(X1,X2)),multiply(X1,X3)) = multiply(inverse(inverse(inverse(inverse(multiply(inverse(X0),X0))))),multiply(inverse(X2),X3)) [superposition 158,105513]
109347. inverse(inverse(multiply(inverse(multiply(X3,X1)),multiply(X3,X2)))) = inverse(inverse(multiply(inverse(inverse(inverse(inverse(multiply(inverse(X0),X0))))),multiply(inverse(X1),X2)))) [superposition 400,105513]
109352. multiply(inverse(multiply(inverse(multiply(X4,X1)),multiply(X4,X2))),X3) = multiply(inverse(multiply(inverse(inverse(inverse(inverse(multiply(inverse(X0),X0))))),multiply(inverse(X1),X2))),X3) [superposition 1957,105513]
109364. multiply(X1,multiply(inverse(multiply(X4,X2)),multiply(X4,X3))) = multiply(X1,multiply(inverse(inverse(inverse(inverse(multiply(inverse(X0),X0))))),multiply(inverse(X2),X3))) [superposition 3313,105513]
109385. multiply(X1,inverse(multiply(inverse(multiply(X2,X3)),multiply(X2,X4)))) = multiply(X1,inverse(multiply(inverse(inverse(inverse(inverse(multiply(inverse(X0),X0))))),multiply(inverse(X3),X4)))) [superposition 22450,105513]
109480. multiply(X1,inverse(multiply(inverse(multiply(X2,X3)),multiply(X2,X4)))) = multiply(X1,inverse(multiply(inverse(X3),X4))) [forward demodulation 109385,106012]
109496. multiply(X1,multiply(inverse(X2),X3)) = multiply(X1,multiply(inverse(multiply(X4,X2)),multiply(X4,X3))) [forward demodulation 109364,106012]
109501. multiply(inverse(multiply(inverse(multiply(X4,X1)),multiply(X4,X2))),X3) = multiply(inverse(multiply(inverse(X1),X2)),X3) [forward demodulation 109352,106012]
109505. inverse(inverse(multiply(inverse(multiply(X3,X1)),multiply(X3,X2)))) = inverse(inverse(multiply(inverse(X1),X2))) [forward demodulation 109347,106012]
109508. multiply(inverse(X2),X3) = multiply(inverse(multiply(X1,X2)),multiply(X1,X3)) [forward demodulation 109343,106012]
109512. inverse(multiply(inverse(X2),X3)) = inverse(multiply(inverse(multiply(X1,X2)),multiply(X1,X3))) [forward demodulation 109334,106012]
109537. multiply(inverse(X3),X4) = multiply(inverse(multiply(inverse(multiply(inverse(multiply(X1,X2)),multiply(X1,X2))),X3)),X4) [forward demodulation 109289,106012]
109539. multiply(X1,X4) = multiply(X1,multiply(inverse(multiply(inverse(multiply(X2,X3)),multiply(X2,X3))),X4)) [forward demodulation 109287,106012]
109549. multiply(inverse(multiply(inverse(multiply(X1,X2)),multiply(X1,X2))),X3) = X3 [forward demodulation 109265,106012]
109566. multiply(inverse(multiply(inverse(X1),X1)),X2) = X2 [forward demodulation 109212,106012]
109624. multiply(X1,multiply(inverse(X4),X3)) = multiply(X1,inverse(multiply(inverse(X3),X4))) [forward demodulation 109480,104004]
109630. multiply(inverse(multiply(inverse(X1),X2)),X3) = multiply(multiply(inverse(X2),X1),X3) [forward demodulation 109501,104004]
109632. inverse(multiply(inverse(X2),X1)) = inverse(inverse(multiply(inverse(X1),X2))) [forward demodulation 109505,104004]
109634. inverse(multiply(inverse(X2),X3)) = multiply(inverse(X3),X2) [forward demodulation 109512,104004]
109638. multiply(inverse(X3),X4) = multiply(inverse(multiply(multiply(inverse(X2),X2),X3)),X4) [forward demodulation 109537,104004]
109640. multiply(X1,X4) = multiply(X1,multiply(multiply(inverse(X3),X3),X4)) [forward demodulation 109539,104004]
109646. multiply(multiply(inverse(X2),X2),X3) = X3 [forward demodulation 109549,104004]
110514. inverse(multiply(inverse(multiply(multiply(inverse(X1),X1),inverse(multiply(inverse(X2),multiply(inverse(X0),inverse(multiply(inverse(X0),X0))))))),X0)) = X2 [superposition 1,109646]
110816. multiply(inverse(X0),multiply(multiply(inverse(X1),X1),inverse(multiply(inverse(X2),multiply(inverse(X0),inverse(multiply(inverse(X0),X0))))))) = X2 [forward demodulation 110514,109634]
111009. multiply(inverse(X0),inverse(multiply(inverse(X2),multiply(inverse(X0),inverse(multiply(inverse(X0),X0)))))) = X2 [forward demodulation 110816,109640]
111171. multiply(inverse(X0),multiply(inverse(multiply(inverse(X0),inverse(multiply(inverse(X0),X0)))),X2)) = X2 [forward demodulation 111009,109624]
111263. multiply(inverse(X0),multiply(multiply(inverse(inverse(multiply(inverse(X0),X0))),X0),X2)) = X2 [forward demodulation 111171,109630]
111316. multiply(inverse(X0),multiply(multiply(inverse(multiply(inverse(X0),X0)),X0),X2)) = X2 [forward demodulation 111263,109632]
111332. multiply(inverse(X0),multiply(X0,X2)) = X2 [forward demodulation 111316,109566]
112696. multiply(X0,multiply(multiply(inverse(inverse(multiply(inverse(X1),X1))),multiply(inverse(X0),inverse(multiply(inverse(X2),X2)))),X3)) = X3 [superposition 111332,99817]
112724. multiply(X1,X0) = multiply(inverse(inverse(X1)),X0) [superposition 111332,111332]
112731. multiply(inverse(inverse(X1)),inverse(inverse(multiply(inverse(X0),X0)))) = X1 [superposition 111332,103398]
112830. inverse(inverse(X0)) = inverse(inverse(multiply(inverse(multiply(X1,inverse(inverse(multiply(inverse(X0),X0))))),multiply(X1,X0)))) [superposition 65,111332]
112896. multiply(inverse(multiply(X1,X2)),multiply(X1,multiply(X3,X0))) = multiply(inverse(multiply(inverse(X3),X2)),X0) [superposition 158,111332]
112925. multiply(inverse(multiply(inverse(X0),multiply(inverse(X1),X2))),X3) = multiply(inverse(multiply(inverse(multiply(X4,multiply(X1,X0))),multiply(X4,X2))),X3) [superposition 1957,111332]
112937. multiply(X1,multiply(inverse(X0),multiply(inverse(X2),X3))) = multiply(X1,multiply(inverse(multiply(X4,multiply(X2,X0))),multiply(X4,X3))) [superposition 3313,111332]
112938. multiply(X1,multiply(inverse(multiply(inverse(X2),X3)),X0)) = multiply(X1,multiply(inverse(multiply(X4,X3)),multiply(X4,multiply(X2,X0)))) [superposition 3313,111332]
113047. multiply(X1,multiply(inverse(multiply(inverse(X2),X3)),X0)) = multiply(X1,multiply(inverse(X3),multiply(X2,X0))) [forward demodulation 112938,109496]
113048. multiply(X1,multiply(inverse(X0),multiply(inverse(X2),X3))) = multiply(X1,multiply(inverse(multiply(X2,X0)),X3)) [forward demodulation 112937,109496]
113060. multiply(inverse(multiply(inverse(X0),multiply(inverse(X1),X2))),X3) = multiply(multiply(inverse(multiply(X4,X2)),multiply(X4,multiply(X1,X0))),X3) [forward demodulation 112925,109630]
113083. multiply(inverse(multiply(X1,X2)),multiply(X1,multiply(X3,X0))) = multiply(multiply(inverse(X2),X3),X0) [forward demodulation 112896,109630]
113142. inverse(inverse(X0)) = inverse(multiply(inverse(X0),inverse(multiply(inverse(X0),X0)))) [forward demodulation 112830,103743]
113227. multiply(inverse(inverse(X1)),inverse(multiply(inverse(X0),X0))) = X1 [forward demodulation 112731,109632]
113258. multiply(X0,multiply(multiply(multiply(inverse(X1),X1),multiply(inverse(X0),inverse(multiply(inverse(X2),X2)))),X3)) = X3 [forward demodulation 112696,112724]
113324. multiply(X1,multiply(inverse(X3),multiply(X2,X0))) = multiply(X1,multiply(multiply(inverse(X3),X2),X0)) [forward demodulation 113047,109630]
113333. multiply(inverse(multiply(inverse(X0),multiply(inverse(X1),X2))),X3) = multiply(multiply(inverse(X2),multiply(X1,X0)),X3) [forward demodulation 113060,109508]
113356. multiply(inverse(X2),multiply(X3,X0)) = multiply(multiply(inverse(X2),X3),X0) [forward demodulation 113083,109508]
113411. inverse(inverse(X0)) = multiply(inverse(inverse(multiply(inverse(X0),X0))),X0) [forward demodulation 113142,109634]
113471. multiply(X1,inverse(multiply(inverse(X0),X0))) = X1 [forward demodulation 113227,112724]
113486. multiply(X0,multiply(multiply(inverse(X0),inverse(multiply(inverse(X2),X2))),X3)) = X3 [forward demodulation 113258,109646]
113546. multiply(multiply(inverse(X2),multiply(X1,X0)),X3) = multiply(multiply(inverse(multiply(inverse(X1),X2)),X0),X3) [forward demodulation 113333,109630]
113612. inverse(inverse(X0)) = multiply(multiply(inverse(X0),X0),X0) [forward demodulation 113411,112724]
113655. multiply(X1,multiply(inverse(X0),X0)) = X1 [forward demodulation 113471,109624]
113663. multiply(X0,multiply(inverse(X0),multiply(inverse(multiply(inverse(X2),X2)),X3))) = X3 [forward demodulation 113486,113324]
113714. multiply(multiply(inverse(X2),multiply(X1,X0)),X3) = multiply(inverse(multiply(inverse(X1),X2)),multiply(X0,X3)) [forward demodulation 113546,113356]
113765. inverse(inverse(X0)) = multiply(inverse(X0),multiply(X0,X0)) [forward demodulation 113612,113356]
113809. multiply(X0,multiply(inverse(multiply(multiply(inverse(X2),X2),X0)),X3)) = X3 [forward demodulation 113663,113048]
113852. multiply(multiply(inverse(X2),multiply(X1,X0)),X3) = multiply(multiply(inverse(X2),X1),multiply(X0,X3)) [forward demodulation 113714,109630]
113888. inverse(inverse(X0)) = X0 [forward demodulation 113765,111332]
113905. multiply(X0,multiply(inverse(X0),X3)) = X3 [forward demodulation 113809,109638]
113940. multiply(multiply(inverse(X2),multiply(X1,X0)),X3) = multiply(inverse(X2),multiply(X1,multiply(X0,X3))) [forward demodulation 113852,113356]
114008. multiply(inverse(X2),multiply(X1,multiply(X0,X3))) = multiply(inverse(X2),multiply(multiply(X1,X0),X3)) [forward demodulation 113940,113356]
115720. multiply(X1,multiply(inverse(X2),X2)) = multiply(X1,multiply(X0,inverse(X0))) [superposition 70980,113888]
115770. multiply(X1,multiply(X0,inverse(X0))) = X1 [forward demodulation 115720,113655]
120021. multiply(inverse(multiply(X1,multiply(X2,inverse(X0)))),multiply(X1,X3)) = multiply(X0,multiply(inverse(multiply(X2,inverse(inverse(multiply(inverse(inverse(X0)),inverse(X0)))))),X3)) [superposition 245,113905]
120054. multiply(inverse(multiply(X1,multiply(X2,inverse(X0)))),multiply(X1,X3)) = multiply(X0,multiply(inverse(multiply(X2,inverse(multiply(inverse(inverse(X0)),inverse(X0))))),X3)) [forward demodulation 120021,109632]
120279. multiply(inverse(multiply(X1,multiply(X2,inverse(X0)))),multiply(X1,X3)) = multiply(X0,multiply(inverse(multiply(X2,multiply(inverse(inverse(X0)),inverse(X0)))),X3)) [forward demodulation 120054,109624]
120471. multiply(X0,multiply(inverse(X2),X3)) = multiply(inverse(multiply(X1,multiply(X2,inverse(X0)))),multiply(X1,X3)) [forward demodulation 120279,113655]
120622. multiply(X0,multiply(inverse(X2),X3)) = multiply(inverse(multiply(X2,inverse(X0))),X3) [forward demodulation 120471,109508]
125353. multiply(inverse(multiply(inverse(multiply(X2,X1)),multiply(X2,inverse(X0)))),X3) = multiply(inverse(inverse(multiply(X0,X1))),X3) [superposition 1957,115770]
125436. multiply(multiply(X0,X1),X3) = multiply(inverse(multiply(inverse(multiply(X2,X1)),multiply(X2,inverse(X0)))),X3) [forward demodulation 125353,112724]
125708. multiply(multiply(X0,X1),X3) = multiply(multiply(inverse(multiply(X2,inverse(X0))),multiply(X2,X1)),X3) [forward demodulation 125436,109630]
125961. multiply(multiply(X0,X1),X3) = multiply(inverse(multiply(X2,inverse(X0))),multiply(multiply(X2,X1),X3)) [forward demodulation 125708,113356]
126170. multiply(multiply(X0,X1),X3) = multiply(inverse(multiply(X2,inverse(X0))),multiply(X2,multiply(X1,X3))) [forward demodulation 125961,114008]
126328. multiply(multiply(X0,X1),X3) = multiply(X0,multiply(inverse(X2),multiply(X2,multiply(X1,X3)))) [forward demodulation 126170,120622]
126462. multiply(X0,multiply(X1,X3)) = multiply(multiply(X0,X1),X3) [forward demodulation 126328,111332]
180969. multiply(a3,multiply(b3,c3)) != multiply(a3,multiply(b3,c3)) <- (~1) [superposition 7,126462]
181090. $false <- (~1) [trivial inequality removal 180969]
181091. 1 [avatar contradiction clause 181090]
181899. $false <- (~2) [forward subsumption resolution 11,109646]
181900. 2 [avatar contradiction clause 181899]
181901. $false <- (~3) [forward subsumption resolution 15,50557]
181902. 3 [avatar contradiction clause 181901]
s1. ~3 | ~2 | ~1 [sat_conversion 16]
s2. 1 [sat_conversion 181091]
s3. 2 [sat_conversion 181900]
s4. 3 [sat_conversion 181902]
s5. # [rat s1,s2,s3,s4]
181903. $false [avatar sat refutation s5]
% SZS output end Proof for GRP055-1
% ------------------------------
% Version: Vampire 5.0.0 (Release build, commit 2e2c9b7b8 on 2026-01-17 12:24:14 +0100)
% Linked with Z3 4.14.0.0 3c47fd96cf5645d0c42b2c819d9e9a84380aa721 z3-4.8.4-9178-g3c47fd96c
% CaDiCaL version: 2.1.3
% Termination reason: Refutation
% Time elapsed: 4.772 s
% Peak memory usage: 183 MB
% Instructions burned: 25894 (million)
% ------------------------------
% ------------------------------
