% Running in auto input_syntax mode. Trying TPTP
% Refutation found. Thanks to Tanya!
% SZS status Unsatisfiable for GRP062-1_clausified
% SZS output start Proof for GRP062-1_clausified
1. inverse(multiply(X0,multiply(X1,multiply(multiply(X2,inverse(X2)),inverse(multiply(X3,multiply(X0,X1))))))) = X3 [input(axiom)]
2. multiply(inverse(a1),a1) != multiply(inverse(b1),b1) | a2 != multiply(multiply(inverse(b2),b2),a2) | multiply(multiply(a3,b3),c3) != multiply(a3,multiply(b3,c3)) [input(negated conjecture)]
4. 1 <=> multiply(multiply(a3,b3),c3) = multiply(a3,multiply(b3,c3)) [avatar definition]
6. multiply(multiply(a3,b3),c3) != multiply(a3,multiply(b3,c3)) <- (~1) [avatar component clause 4]
8. 2 <=> a2 = multiply(multiply(inverse(b2),b2),a2) [avatar definition]
10. a2 != multiply(multiply(inverse(b2),b2),a2) <- (~2) [avatar component clause 8]
12. 3 <=> multiply(inverse(a1),a1) = multiply(inverse(b1),b1) [avatar definition]
14. multiply(inverse(a1),a1) != multiply(inverse(b1),b1) <- (~3) [avatar component clause 12]
15. ~1 | ~2 | ~3 [avatar split clause 2,12,8,4]
16. inverse(multiply(X1,multiply(X2,multiply(multiply(multiply(X3,multiply(X4,multiply(multiply(X5,inverse(X5)),inverse(multiply(X0,multiply(X3,X4)))))),X0),inverse(multiply(X6,multiply(X1,X2))))))) = X6 [superposition 1,1]
17. inverse(multiply(X1,multiply(multiply(multiply(X2,inverse(X2)),inverse(multiply(X0,multiply(X3,X1)))),multiply(multiply(X4,inverse(X4)),X0)))) = X3 [superposition 1,1]
21. multiply(multiply(X5,inverse(X5)),inverse(multiply(X2,multiply(X0,X4)))) = inverse(multiply(multiply(multiply(X1,inverse(X1)),X2),multiply(multiply(multiply(X3,inverse(X3)),X0),multiply(multiply(X6,inverse(X6)),X4)))) [superposition 17,17]
23. inverse(multiply(X1,multiply(multiply(multiply(X2,inverse(X2)),inverse(multiply(X3,multiply(X4,X1)))),multiply(multiply(multiply(X5,multiply(multiply(multiply(X6,inverse(X6)),inverse(multiply(X7,multiply(X0,X5)))),multiply(multiply(X8,inverse(X8)),X7))),X0),X3)))) = X4 [superposition 17,17]
24. inverse(multiply(multiply(multiply(X1,inverse(X1)),inverse(multiply(X2,multiply(X0,X3)))),multiply(multiply(multiply(X4,inverse(X4)),X2),multiply(multiply(X5,inverse(X5)),X0)))) = X3 [superposition 1,17]
110. multiply(multiply(X0,inverse(X0)),inverse(multiply(inverse(multiply(X1,multiply(X2,X3))),multiply(X1,X2)))) = X3 [superposition 24,21]
111. multiply(multiply(X0,inverse(X0)),inverse(multiply(X1,multiply(inverse(multiply(X2,multiply(X3,multiply(multiply(X4,inverse(X4)),X1)))),X2)))) = X3 [superposition 17,21]
136. multiply(multiply(X7,inverse(X7)),X3) = multiply(multiply(X4,inverse(X4)),inverse(multiply(multiply(multiply(X0,inverse(X0)),inverse(multiply(X1,multiply(X2,X3)))),multiply(multiply(multiply(X5,inverse(X5)),X1),multiply(multiply(X6,inverse(X6)),X2))))) [superposition 110,21]
157. multiply(multiply(X4,inverse(X4)),X3) = multiply(multiply(X7,inverse(X7)),X3) [forward demodulation 136,24]
341. multiply(X7,inverse(X7)) = inverse(multiply(X1,multiply(X2,multiply(multiply(multiply(X3,multiply(X4,multiply(multiply(X5,inverse(X5)),inverse(multiply(X6,multiply(X3,X4)))))),X6),inverse(multiply(multiply(X0,inverse(X0)),multiply(X1,X2))))))) [superposition 16,157]
358. multiply(X0,inverse(X0)) = multiply(X7,inverse(X7)) [forward demodulation 341,16]
534. inverse(multiply(X1,multiply(inverse(X1),multiply(multiply(X2,inverse(X2)),inverse(multiply(X3,multiply(X0,inverse(X0)))))))) = X3 [superposition 1,358]
544. multiply(multiply(X1,inverse(X1)),inverse(multiply(inverse(multiply(X2,multiply(inverse(X2),X3))),multiply(X0,inverse(X0))))) = X3 [superposition 110,358]
545. inverse(X3) = multiply(multiply(X1,inverse(X1)),inverse(multiply(inverse(multiply(X2,multiply(X0,inverse(X0)))),multiply(X2,X3)))) [superposition 110,358]
1089. inverse(multiply(inverse(X1),multiply(multiply(multiply(X2,inverse(X2)),inverse(multiply(X3,multiply(X0,inverse(X0))))),multiply(multiply(multiply(X4,multiply(multiply(multiply(X5,inverse(X5)),inverse(multiply(X6,multiply(X7,X4)))),multiply(multiply(X8,inverse(X8)),X6))),X7),X3)))) = X1 [superposition 23,358]
2256. inverse(multiply(X3,multiply(inverse(X3),X0))) = inverse(multiply(X1,multiply(inverse(X1),X0))) [superposition 534,110]
2640. inverse(multiply(X2,multiply(X0,inverse(X0)))) = inverse(multiply(X1,multiply(inverse(X1),inverse(inverse(X2))))) [superposition 2256,358]
2733. inverse(multiply(inverse(X2),multiply(X1,multiply(multiply(X3,inverse(X3)),inverse(multiply(X0,multiply(inverse(X0),X1))))))) = X2 [superposition 1,2256]
2800. multiply(X2,inverse(X2)) = multiply(multiply(X3,multiply(inverse(X3),X1)),inverse(multiply(X0,multiply(inverse(X0),X1)))) [superposition 358,2256]
3146. inverse(multiply(X0,multiply(X1,inverse(X1)))) = inverse(multiply(X0,multiply(X2,inverse(X2)))) [superposition 2640,2640]
3262. inverse(inverse(X0)) = multiply(multiply(X2,inverse(X2)),inverse(multiply(inverse(multiply(X0,multiply(X1,inverse(X1)))),multiply(X3,inverse(X3))))) [superposition 110,2640]
3875. multiply(X2,inverse(X2)) = multiply(multiply(X0,multiply(X3,inverse(X3))),inverse(multiply(X0,multiply(X1,inverse(X1))))) [superposition 358,3146]
4545. multiply(X5,multiply(inverse(X5),X2)) = inverse(multiply(inverse(multiply(X1,multiply(inverse(X1),X2))),multiply(multiply(multiply(X3,inverse(X3)),inverse(multiply(X4,multiply(X0,inverse(X0))))),multiply(multiply(multiply(X6,multiply(multiply(multiply(X7,inverse(X7)),inverse(multiply(X8,multiply(X9,X6)))),multiply(multiply(X10,inverse(X10)),X8))),X9),X4)))) [superposition 23,2800]
4571. multiply(X1,multiply(inverse(X1),X2)) = multiply(X5,multiply(inverse(X5),X2)) [forward demodulation 4545,1089]
4991. multiply(X2,multiply(X0,inverse(X0))) = multiply(X1,multiply(inverse(X1),inverse(inverse(X2)))) [superposition 4571,358]
4993. multiply(X2,multiply(inverse(X2),multiply(inverse(inverse(X3)),X1))) = multiply(X3,multiply(X0,multiply(inverse(X0),X1))) [superposition 4571,4571]
5251. multiply(X0,multiply(inverse(X0),X1)) = multiply(multiply(X2,inverse(X2)),multiply(inverse(multiply(X3,inverse(X3))),X1)) [superposition 157,4571]
5742. multiply(X0,multiply(X1,inverse(X1))) = multiply(X0,multiply(X2,inverse(X2))) [superposition 4991,4991]
8340. multiply(X2,multiply(X0,multiply(X1,inverse(X1)))) = multiply(X2,multiply(X3,multiply(inverse(X3),inverse(inverse(X0))))) [superposition 4993,4991]
8350. multiply(X0,multiply(X1,multiply(inverse(X1),X2))) = multiply(X0,multiply(X4,multiply(inverse(X4),X2))) [superposition 4993,4993]
8904. inverse(multiply(inverse(multiply(X1,multiply(X0,multiply(multiply(X2,inverse(X2)),X3)))),multiply(X1,X0))) = X3 [superposition 1,111]
9988. inverse(multiply(X3,inverse(X3))) = inverse(multiply(inverse(multiply(X2,multiply(X0,multiply(X1,inverse(X1))))),multiply(X2,X0))) [superposition 8904,5742]
29157. inverse(multiply(inverse(multiply(X2,inverse(X2))),X1)) = multiply(multiply(X3,inverse(X3)),inverse(multiply(inverse(multiply(multiply(X4,inverse(X4)),multiply(X5,inverse(X5)))),multiply(X0,multiply(inverse(X0),X1))))) [superposition 545,5251]
29161. inverse(inverse(multiply(X1,multiply(inverse(X1),X2)))) = multiply(multiply(X3,inverse(X3)),inverse(multiply(inverse(multiply(multiply(X4,multiply(inverse(X4),X2)),multiply(X5,inverse(X5)))),multiply(X0,inverse(X0))))) [superposition 545,2800]
29162. inverse(inverse(multiply(X1,multiply(X2,inverse(X2))))) = multiply(multiply(X3,inverse(X3)),inverse(multiply(inverse(multiply(multiply(X1,multiply(X4,inverse(X4))),multiply(X5,inverse(X5)))),multiply(X0,inverse(X0))))) [superposition 545,3875]
29197. inverse(multiply(inverse(X0),X3)) = multiply(multiply(X4,inverse(X4)),inverse(multiply(inverse(multiply(X0,multiply(X1,inverse(X1)))),multiply(X2,multiply(inverse(X2),X3))))) [superposition 545,8350]
29433. inverse(inverse(multiply(X1,multiply(X2,inverse(X2))))) = inverse(inverse(multiply(X1,multiply(X4,inverse(X4))))) [forward demodulation 29162,3262]
29434. inverse(inverse(multiply(X1,multiply(inverse(X1),X2)))) = inverse(inverse(multiply(X4,multiply(inverse(X4),X2)))) [forward demodulation 29161,3262]
29437. inverse(multiply(inverse(multiply(X2,inverse(X2))),X1)) = inverse(multiply(inverse(multiply(X4,inverse(X4))),X1)) [forward demodulation 29157,29197]
32484. inverse(inverse(multiply(X2,multiply(inverse(X2),inverse(inverse(X0)))))) = inverse(inverse(multiply(X0,multiply(X1,inverse(X1))))) [superposition 29434,3146]
44480. inverse(multiply(inverse(X1),multiply(inverse(inverse(inverse(multiply(X2,multiply(inverse(X2),X0))))),X0))) = X1 [superposition 2733,544]
46248. inverse(multiply(inverse(X2),multiply(inverse(inverse(inverse(multiply(X0,multiply(X1,inverse(X1)))))),inverse(inverse(X0))))) = X2 [superposition 44480,29433]
46280. multiply(multiply(X3,inverse(X3)),multiply(inverse(inverse(inverse(multiply(X0,multiply(inverse(X0),X1))))),multiply(X1,X2))) = X2 [superposition 110,44480]
46281. multiply(inverse(inverse(inverse(multiply(X0,multiply(inverse(X0),X1))))),multiply(X1,multiply(multiply(X2,inverse(X2)),X3))) = X3 [superposition 8904,44480]
46282. inverse(X1) = multiply(multiply(X3,inverse(X3)),multiply(inverse(inverse(inverse(multiply(X0,multiply(inverse(X0),X1))))),multiply(X2,inverse(X2)))) [superposition 545,44480]
54336. inverse(inverse(multiply(X0,multiply(inverse(inverse(inverse(multiply(X1,multiply(inverse(X1),X2))))),X2)))) = X0 [superposition 1,46281]
62384. multiply(inverse(multiply(X1,multiply(X2,multiply(X3,inverse(X3))))),multiply(X1,X2)) = inverse(multiply(inverse(multiply(X0,inverse(X0))),multiply(inverse(inverse(inverse(multiply(X4,multiply(X5,inverse(X5)))))),inverse(inverse(X4))))) [superposition 46248,9988]
62394. multiply(X0,inverse(X0)) = multiply(inverse(multiply(X1,multiply(X2,multiply(X3,inverse(X3))))),multiply(X1,X2)) [forward demodulation 62384,46248]
65524. multiply(X3,X4) = multiply(multiply(X1,inverse(X1)),multiply(inverse(inverse(inverse(multiply(X2,multiply(inverse(X2),inverse(multiply(X3,multiply(X4,multiply(X5,inverse(X5)))))))))),multiply(X0,inverse(X0)))) [superposition 46280,62394]
65525. multiply(X3,X4) = inverse(inverse(multiply(X3,multiply(X4,multiply(X5,inverse(X5)))))) [forward demodulation 65524,46282]
67316. multiply(X1,X2) = inverse(inverse(multiply(X0,multiply(inverse(X0),multiply(inverse(inverse(X1)),inverse(inverse(X2))))))) [superposition 65525,4993]
67319. multiply(X0,X2) = inverse(inverse(multiply(X0,multiply(X1,multiply(inverse(X1),inverse(inverse(X2))))))) [superposition 65525,8340]
67385. multiply(X0,inverse(inverse(inverse(multiply(X1,multiply(inverse(X1),multiply(X2,inverse(X2)))))))) = X0 [superposition 54336,65525]
67704. multiply(X0,inverse(multiply(X1,inverse(X1)))) = X0 [forward demodulation 67385,65525]
69643. multiply(X2,inverse(multiply(inverse(multiply(X0,inverse(X0))),inverse(inverse(multiply(X1,inverse(X1))))))) = X2 [superposition 67704,29437]
70056. inverse(inverse(multiply(X2,inverse(inverse(inverse(multiply(X0,multiply(inverse(X0),inverse(multiply(X1,inverse(X1))))))))))) = X2 [superposition 54336,67704]
70310. inverse(inverse(multiply(X2,inverse(inverse(inverse(multiply(X0,inverse(X0)))))))) = X2 [forward demodulation 70056,67704]
76096. multiply(X1,inverse(X1)) = multiply(inverse(multiply(X0,inverse(inverse(inverse(multiply(X2,inverse(X2))))))),X0) [superposition 358,70310]
78274. multiply(X1,X2) = inverse(inverse(multiply(X1,multiply(multiply(inverse(inverse(X2)),inverse(inverse(inverse(multiply(X3,inverse(X3)))))),multiply(X0,inverse(X0)))))) [superposition 67319,76096]
78319. multiply(X1,X2) = multiply(X1,multiply(inverse(inverse(X2)),inverse(inverse(inverse(multiply(X3,inverse(X3))))))) [forward demodulation 78274,65525]
78804. multiply(X1,inverse(multiply(X2,inverse(X2)))) = inverse(inverse(multiply(X1,multiply(inverse(X0),X0)))) [superposition 67319,78319]
78876. inverse(inverse(multiply(X0,multiply(inverse(X0),X1)))) = inverse(inverse(multiply(X2,multiply(inverse(X2),multiply(inverse(inverse(X1)),inverse(inverse(inverse(multiply(X3,inverse(X3)))))))))) [superposition 29434,78319]
78903. inverse(inverse(multiply(X0,multiply(inverse(X0),X1)))) = multiply(X1,inverse(multiply(X3,inverse(X3)))) [forward demodulation 78876,67316]
78914. inverse(inverse(multiply(X1,multiply(inverse(X0),X0)))) = X1 [forward demodulation 78804,67704]
78948. inverse(inverse(multiply(X0,multiply(inverse(X0),X1)))) = X1 [forward demodulation 78903,67704]
79002. inverse(inverse(multiply(X2,inverse(inverse(multiply(inverse(multiply(X0,inverse(X0))),inverse(inverse(multiply(X1,inverse(X1)))))))))) = X2 [superposition 78914,69643]
79030. multiply(inverse(inverse(X0)),X2) = inverse(inverse(multiply(X0,multiply(X1,multiply(inverse(X1),X2))))) [superposition 78914,4993]
79033. inverse(inverse(multiply(X0,inverse(inverse(multiply(X1,inverse(X1))))))) = X0 [superposition 78914,78319]
79047. inverse(X0) = multiply(multiply(X1,inverse(X1)),inverse(multiply(X0,multiply(X2,inverse(X2))))) [superposition 78914,534]
79060. inverse(inverse(X0)) = inverse(inverse(multiply(X0,multiply(X1,inverse(X1))))) [superposition 32484,78914]
79261. inverse(inverse(multiply(X2,inverse(multiply(X0,inverse(X0)))))) = X2 [forward demodulation 79002,79033]
79296. inverse(inverse(X2)) = X2 [forward demodulation 79261,67704]
79405. multiply(X0,multiply(inverse(X0),X1)) = inverse(inverse(multiply(X2,multiply(inverse(X2),X1)))) [superposition 29434,79296]
79409. multiply(X0,multiply(inverse(X1),X1)) = X0 [superposition 78914,79296]
79539. inverse(inverse(multiply(X1,multiply(inverse(X1),X2)))) = inverse(inverse(multiply(inverse(X0),multiply(X0,X2)))) [superposition 29434,79296]
79582. multiply(inverse(multiply(X1,inverse(inverse(inverse(multiply(X2,inverse(X2))))))),X1) = multiply(inverse(X0),X0) [superposition 76096,79296]
79588. inverse(inverse(multiply(X1,multiply(X0,inverse(X0))))) = X1 [superposition 78914,79296]
79589. multiply(X1,multiply(X0,inverse(X0))) = X1 [forward demodulation 79588,79296]
79595. multiply(inverse(X0),X0) = multiply(inverse(multiply(X1,inverse(multiply(X2,inverse(X2))))),X1) [forward demodulation 79582,79296]
79630. inverse(inverse(multiply(X1,multiply(inverse(X1),X2)))) = multiply(inverse(X0),multiply(X0,X2)) [forward demodulation 79539,79296]
79698. multiply(X0,multiply(inverse(X0),X1)) = X1 [forward demodulation 79405,78948]
79788. multiply(inverse(X0),X0) = multiply(inverse(X1),X1) [forward demodulation 79595,67704]
79813. multiply(inverse(X0),multiply(X0,X2)) = X2 [forward demodulation 79630,78948]
79998. multiply(multiply(X1,inverse(X1)),multiply(inverse(multiply(X2,inverse(X2))),X0)) = X0 [superposition 5251,79409]
80019. inverse(multiply(inverse(X0),multiply(X0,inverse(multiply(multiply(X1,inverse(X1)),X2))))) = X2 [superposition 8904,79409]
80041. inverse(X0) = multiply(multiply(X2,inverse(X2)),inverse(inverse(multiply(inverse(X0),multiply(X1,inverse(X1)))))) [superposition 545,79409]
80065. multiply(multiply(X1,inverse(X1)),multiply(inverse(inverse(inverse(multiply(X0,inverse(X0))))),multiply(multiply(inverse(X2),X2),X3))) = X3 [superposition 46280,79409]
80110. multiply(multiply(X1,inverse(X1)),multiply(inverse(multiply(X0,inverse(X0))),multiply(multiply(inverse(X2),X2),X3))) = X3 [forward demodulation 80065,79296]
80131. inverse(X0) = multiply(multiply(X2,inverse(X2)),inverse(inverse(inverse(X0)))) [forward demodulation 80041,79060]
80148. inverse(inverse(multiply(multiply(X1,inverse(X1)),X2))) = X2 [forward demodulation 80019,79813]
80266. multiply(multiply(inverse(X2),X2),X3) = X3 [forward demodulation 80110,79998]
80278. inverse(X0) = multiply(multiply(X2,inverse(X2)),inverse(X0)) [forward demodulation 80131,79296]
80283. multiply(multiply(X1,inverse(X1)),X2) = X2 [forward demodulation 80148,79296]
80517. multiply(multiply(X1,inverse(X1)),inverse(multiply(inverse(multiply(X0,multiply(multiply(X2,inverse(X2)),X3))),X0))) = X3 [superposition 110,79589]
80558. multiply(inverse(inverse(inverse(multiply(X0,inverse(X0))))),multiply(multiply(X1,inverse(X1)),multiply(multiply(X2,inverse(X2)),X3))) = X3 [superposition 46281,79589]
80613. multiply(inverse(inverse(inverse(multiply(X0,inverse(X0))))),multiply(multiply(X2,inverse(X2)),X3)) = X3 [forward demodulation 80558,80283]
80652. inverse(multiply(inverse(multiply(X0,multiply(multiply(X2,inverse(X2)),X3))),X0)) = X3 [forward demodulation 80517,80278]
80771. multiply(inverse(inverse(inverse(multiply(X0,inverse(X0))))),X3) = X3 [forward demodulation 80613,80283]
80789. inverse(multiply(inverse(multiply(X0,X3)),X0)) = X3 [forward demodulation 80652,80283]
80846. multiply(inverse(multiply(X0,inverse(X0))),X3) = X3 [forward demodulation 80771,79296]
86904. inverse(multiply(X2,multiply(inverse(multiply(X3,multiply(X0,multiply(multiply(X4,inverse(X4)),X2)))),X3))) = inverse(multiply(inverse(X0),multiply(X1,inverse(X1)))) [superposition 80789,111]
86939. multiply(inverse(X1),X0) = inverse(multiply(inverse(X0),X1)) [superposition 80789,79698]
86997. multiply(inverse(X1),multiply(multiply(X2,inverse(X2)),inverse(multiply(X0,multiply(X3,inverse(X3)))))) = inverse(multiply(X0,X1)) [superposition 80789,534]
87205. inverse(inverse(multiply(X1,multiply(X3,multiply(inverse(X3),inverse(X0)))))) = multiply(X1,multiply(inverse(multiply(X2,X0)),X2)) [superposition 67319,80789]
87229. inverse(X0) = multiply(inverse(multiply(X1,X0)),X1) [superposition 79296,80789]
87264. inverse(inverse(multiply(X1,multiply(X3,multiply(inverse(X3),inverse(X0)))))) = multiply(X1,inverse(X0)) [forward demodulation 87205,87229]
87463. multiply(inverse(X1),inverse(X0)) = inverse(multiply(X0,X1)) [forward demodulation 86997,79047]
87546. inverse(multiply(X2,multiply(inverse(multiply(X3,multiply(X0,multiply(multiply(X4,inverse(X4)),X2)))),X3))) = multiply(inverse(multiply(X1,inverse(X1))),X0) [forward demodulation 86904,86939]
87569. multiply(X1,inverse(X0)) = multiply(inverse(inverse(X1)),inverse(X0)) [forward demodulation 87264,79030]
87753. inverse(multiply(X2,multiply(inverse(multiply(X3,multiply(X0,multiply(multiply(X4,inverse(X4)),X2)))),X3))) = X0 [forward demodulation 87546,80846]
87772. multiply(X1,inverse(X0)) = inverse(multiply(X0,inverse(X1))) [forward demodulation 87569,87463]
87875. inverse(multiply(X2,inverse(multiply(X0,multiply(multiply(X4,inverse(X4)),X2))))) = X0 [forward demodulation 87753,87229]
87926. multiply(multiply(X0,multiply(multiply(X4,inverse(X4)),X2)),inverse(X2)) = X0 [forward demodulation 87875,87772]
87948. multiply(multiply(X0,X2),inverse(X2)) = X0 [forward demodulation 87926,80283]
88027. inverse(X1) = multiply(X0,inverse(multiply(X1,X0))) [superposition 87948,79813]
94479. multiply(multiply(X1,X2),X0) = inverse(inverse(multiply(X1,multiply(X2,multiply(multiply(X3,inverse(X3)),X0))))) [superposition 88027,8904]
94658. multiply(X1,multiply(X2,multiply(multiply(X3,inverse(X3)),X0))) = multiply(multiply(X1,X2),X0) [forward demodulation 94479,79296]
94776. multiply(X1,multiply(X2,X0)) = multiply(multiply(X1,X2),X0) [forward demodulation 94658,80283]
123782. multiply(a3,multiply(b3,c3)) != multiply(a3,multiply(b3,c3)) <- (~1) [superposition 6,94776]
124015. $false <- (~1) [trivial inequality removal 123782]
124016. 1 [avatar contradiction clause 124015]
125133. $false <- (~2) [forward subsumption resolution 10,80266]
125134. 2 [avatar contradiction clause 125133]
125135. $false <- (~3) [forward subsumption resolution 14,79788]
125136. 3 [avatar contradiction clause 125135]
s1. ~3 | ~2 | ~1 [sat_conversion 15]
s2. 1 [sat_conversion 124016]
s3. 2 [sat_conversion 125134]
s4. 3 [sat_conversion 125136]
s5. # [rat s1,s2,s3,s4]
125137. $false [avatar sat refutation s5]
% SZS output end Proof for GRP062-1_clausified
% ------------------------------
% Version: Vampire 5.0.0 (Release build, commit 2e2c9b7b8 on 2026-01-17 12:24:14 +0100)
% Linked with Z3 4.14.0.0 3c47fd96cf5645d0c42b2c819d9e9a84380aa721 z3-4.8.4-9178-g3c47fd96c
% CaDiCaL version: 2.1.3
% Termination reason: Refutation
% Time elapsed: 4.369 s
% Peak memory usage: 152 MB
% Instructions burned: 17659 (million)
% ------------------------------
% ------------------------------
