% Running in auto input_syntax mode. Trying TPTP
% Refutation found. Thanks to Tanya!
% SZS status Unsatisfiable for GRP014-1
% SZS output start Proof for GRP014-1
1. multiply(X0,inverse(multiply(multiply(inverse(multiply(inverse(X1),multiply(inverse(X0),X2))),X3),inverse(multiply(X1,X3))))) = X2 [input(axiom)]
2. multiply(a,multiply(b,c)) != multiply(multiply(a,b),c) [input(negated conjecture)]
3. inverse(multiply(multiply(inverse(multiply(inverse(X3),multiply(inverse(inverse(X1)),X0))),X4),inverse(multiply(X3,X4)))) = multiply(X1,inverse(multiply(multiply(inverse(multiply(inverse(X2),X0)),X5),inverse(multiply(X2,X5))))) [superposition 1,1]
4. multiply(X1,inverse(multiply(X0,inverse(multiply(X2,inverse(multiply(multiply(inverse(multiply(inverse(X4),multiply(inverse(inverse(multiply(inverse(X2),multiply(inverse(X1),X3)))),X0))),X5),inverse(multiply(X4,X5))))))))) = X3 [superposition 1,1]
5. multiply(X1,inverse(multiply(multiply(inverse(multiply(inverse(X2),multiply(inverse(X1),X3))),inverse(multiply(multiply(inverse(multiply(inverse(X4),multiply(inverse(X2),X0))),X5),inverse(multiply(X4,X5))))),inverse(X0)))) = X3 [superposition 1,1]
9. multiply(X1,inverse(multiply(multiply(inverse(multiply(inverse(X8),inverse(multiply(multiply(inverse(multiply(inverse(X5),X2)),X6),inverse(multiply(X5,X6)))))),X9),inverse(multiply(X8,X9))))) = inverse(multiply(multiply(inverse(multiply(inverse(X4),inverse(multiply(multiply(inverse(multiply(inverse(X0),multiply(inverse(inverse(inverse(inverse(X1)))),X2))),X3),inverse(multiply(X0,X3)))))),X7),inverse(multiply(X4,X7)))) [superposition 3,3]
15. multiply(X4,inverse(multiply(multiply(inverse(multiply(inverse(X7),X5)),X8),inverse(multiply(X7,X8))))) = inverse(inverse(multiply(multiply(inverse(multiply(inverse(X0),multiply(inverse(inverse(multiply(inverse(multiply(inverse(multiply(inverse(multiply(inverse(X1),X2)),X3)),multiply(inverse(inverse(X4)),X5))),inverse(multiply(X1,X3))))),X2))),X6),inverse(multiply(X0,X6))))) [superposition 3,3]
18. inverse(multiply(multiply(inverse(multiply(inverse(X1),multiply(inverse(inverse(X2)),inverse(multiply(multiply(inverse(multiply(inverse(X3),multiply(inverse(inverse(X4)),X0))),X5),inverse(multiply(X3,X5))))))),X6),inverse(multiply(X1,X6)))) = multiply(X2,inverse(multiply(multiply(inverse(X0),X7),inverse(multiply(X4,X7))))) [superposition 3,1]
19. inverse(multiply(multiply(inverse(multiply(inverse(X4),multiply(inverse(inverse(X5)),inverse(multiply(multiply(inverse(multiply(inverse(X6),X2)),X7),inverse(multiply(X6,X7))))))),X8),inverse(multiply(X4,X8)))) = multiply(X5,inverse(multiply(multiply(inverse(inverse(multiply(multiply(inverse(multiply(inverse(X0),multiply(inverse(inverse(inverse(X1))),X2))),X3),inverse(multiply(X0,X3))))),X9),inverse(multiply(X1,X9))))) [superposition 3,3]
22. inverse(multiply(multiply(inverse(multiply(inverse(X1),multiply(inverse(inverse(X2)),X3))),X4),inverse(multiply(X1,X4)))) = multiply(X2,inverse(multiply(multiply(inverse(multiply(inverse(X5),X3)),inverse(multiply(multiply(inverse(multiply(inverse(X6),multiply(inverse(X5),X0))),X7),inverse(multiply(X6,X7))))),inverse(X0)))) [superposition 3,1]
23. inverse(multiply(multiply(inverse(multiply(inverse(X4),multiply(inverse(inverse(X5)),X6))),X7),inverse(multiply(X4,X7)))) = multiply(X5,inverse(multiply(multiply(inverse(multiply(inverse(X1),X6)),inverse(multiply(multiply(inverse(multiply(inverse(X8),X2)),X9),inverse(multiply(X8,X9))))),inverse(inverse(multiply(multiply(inverse(multiply(inverse(X0),multiply(inverse(inverse(X1)),X2))),X3),inverse(multiply(X0,X3)))))))) [superposition 3,3]
24. inverse(multiply(multiply(inverse(multiply(inverse(X4),multiply(inverse(inverse(X5)),X6))),X7),inverse(multiply(X4,X7)))) = multiply(X5,inverse(multiply(multiply(inverse(multiply(inverse(multiply(inverse(multiply(inverse(X8),multiply(inverse(inverse(X0)),X2))),X9)),X6)),inverse(multiply(X8,X9))),multiply(X0,inverse(multiply(multiply(inverse(multiply(inverse(X1),X2)),X3),inverse(multiply(X1,X3)))))))) [superposition 3,3]
25. inverse(multiply(multiply(inverse(multiply(inverse(X6),multiply(inverse(inverse(X7)),X4))),X8),inverse(multiply(X6,X8)))) = multiply(X7,inverse(inverse(multiply(multiply(inverse(multiply(inverse(X0),multiply(inverse(inverse(multiply(inverse(multiply(inverse(multiply(inverse(multiply(inverse(X1),X2)),X3)),X4)),inverse(multiply(X1,X3))))),X2))),X5),inverse(multiply(X0,X5)))))) [superposition 3,3]
26. inverse(multiply(multiply(inverse(multiply(inverse(X4),multiply(inverse(inverse(X5)),multiply(inverse(inverse(X0)),X2)))),X6),inverse(multiply(X4,X6)))) = multiply(X5,multiply(X0,inverse(multiply(multiply(inverse(multiply(inverse(X1),X2)),X3),inverse(multiply(X1,X3)))))) [superposition 3,3]
29. multiply(inverse(X0),multiply(X0,inverse(multiply(multiply(inverse(multiply(inverse(X1),X2)),X3),inverse(multiply(X1,X3)))))) = X2 [superposition 1,3]
31. multiply(multiply(multiply(inverse(multiply(inverse(X4),multiply(inverse(inverse(X0)),X2))),X5),inverse(multiply(X4,X5))),inverse(multiply(multiply(inverse(multiply(inverse(X6),multiply(multiply(X0,inverse(multiply(multiply(inverse(multiply(inverse(X1),X2)),X3),inverse(multiply(X1,X3))))),X7))),X8),inverse(multiply(X6,X8))))) = X7 [superposition 1,3]
33. inverse(multiply(multiply(inverse(multiply(inverse(X0),multiply(inverse(inverse(X1)),multiply(inverse(X1),X2)))),X3),inverse(multiply(X0,X3)))) = X2 [superposition 1,3]
37. multiply(X4,inverse(inverse(multiply(multiply(inverse(multiply(inverse(X0),multiply(inverse(inverse(multiply(inverse(multiply(inverse(multiply(inverse(multiply(inverse(X1),X2)),X3)),multiply(inverse(X4),X5))),inverse(multiply(X1,X3))))),X2))),X6),inverse(multiply(X0,X6)))))) = X5 [superposition 1,3]
42. inverse(multiply(multiply(inverse(multiply(inverse(X7),X2)),X8),inverse(multiply(X7,X8)))) = multiply(X1,inverse(multiply(X4,inverse(multiply(X5,inverse(multiply(multiply(inverse(multiply(inverse(X6),multiply(inverse(inverse(multiply(inverse(X5),inverse(multiply(multiply(inverse(multiply(inverse(X0),multiply(inverse(inverse(inverse(X1))),X2))),X3),inverse(multiply(X0,X3))))))),X4))),X9),inverse(multiply(X6,X9))))))))) [superposition 4,3]
43. inverse(multiply(X5,inverse(multiply(X6,inverse(multiply(multiply(inverse(multiply(inverse(X7),multiply(inverse(inverse(multiply(inverse(X6),multiply(inverse(inverse(X1)),X0)))),X5))),X8),inverse(multiply(X7,X8)))))))) = multiply(X1,inverse(multiply(X2,inverse(multiply(X3,inverse(multiply(multiply(inverse(multiply(inverse(X4),multiply(inverse(inverse(multiply(inverse(X3),X0))),X2))),X9),inverse(multiply(X4,X9))))))))) [superposition 4,4]
82. multiply(inverse(inverse(X0)),X2) = multiply(inverse(X4),multiply(X4,multiply(X0,inverse(multiply(multiply(inverse(multiply(inverse(X1),X2)),X3),inverse(multiply(X1,X3))))))) [superposition 29,3]
140. inverse(multiply(multiply(inverse(multiply(inverse(X1),multiply(inverse(inverse(X2)),inverse(multiply(multiply(inverse(multiply(inverse(X3),multiply(inverse(inverse(X4)),X0))),inverse(multiply(multiply(inverse(multiply(inverse(X5),multiply(inverse(X3),X6))),X7),inverse(multiply(X5,X7))))),inverse(X6)))))),X8),inverse(multiply(X1,X8)))) = multiply(X2,inverse(multiply(multiply(inverse(X0),X9),inverse(multiply(X4,X9))))) [superposition 3,5]
152. inverse(multiply(multiply(inverse(multiply(inverse(X1),multiply(inverse(X0),multiply(X0,X5)))),X6),inverse(multiply(X1,X6)))) = X5 [superposition 33,33]
176. multiply(inverse(inverse(X3)),multiply(inverse(X3),X0)) = multiply(inverse(X1),multiply(X1,X0)) [superposition 29,33]
359. multiply(inverse(X3),multiply(X3,multiply(inverse(X2),X1))) = multiply(inverse(inverse(inverse(X2))),multiply(inverse(X0),multiply(X0,X1))) [superposition 176,176]
360. multiply(inverse(X0),multiply(X0,X1)) = multiply(inverse(X3),multiply(X3,X1)) [superposition 176,176]
372. multiply(inverse(inverse(X2)),multiply(inverse(X2),multiply(X3,X1))) = multiply(inverse(inverse(X3)),multiply(inverse(inverse(X0)),multiply(inverse(X0),X1))) [superposition 176,176]
373. multiply(inverse(inverse(X2)),multiply(inverse(X2),multiply(inverse(X3),X1))) = multiply(inverse(inverse(inverse(X3))),multiply(inverse(X0),multiply(X0,X1))) [superposition 176,176]
383. multiply(X2,inverse(multiply(multiply(inverse(multiply(inverse(X0),multiply(X0,X1))),X3),inverse(multiply(inverse(X2),X3))))) = X1 [superposition 1,176]
409. multiply(X2,inverse(multiply(multiply(inverse(multiply(inverse(inverse(X0)),multiply(inverse(X0),X1))),X3),inverse(multiply(inverse(X2),X3))))) = X1 [superposition 1,176]
412. inverse(multiply(multiply(inverse(multiply(inverse(inverse(X0)),multiply(inverse(X0),multiply(inverse(X1),X2)))),X3),inverse(multiply(inverse(inverse(X1)),X3)))) = X2 [superposition 33,176]
650. multiply(X3,X1) = multiply(inverse(X2),multiply(X2,inverse(multiply(multiply(inverse(multiply(inverse(X0),multiply(X0,X1))),X4),inverse(multiply(X3,X4)))))) [superposition 29,360]
654. multiply(inverse(X3),multiply(X3,multiply(X2,X1))) = multiply(inverse(inverse(X2)),multiply(inverse(X0),multiply(X0,X1))) [superposition 176,360]
663. multiply(inverse(X2),multiply(X2,inverse(multiply(multiply(inverse(X0),multiply(X0,X1)),inverse(multiply(X3,multiply(multiply(inverse(X3),X4),X1))))))) = X4 [superposition 29,360]
679. multiply(inverse(inverse(X2)),multiply(inverse(X2),multiply(X3,X1))) = multiply(inverse(inverse(X3)),multiply(inverse(X0),multiply(X0,X1))) [superposition 176,360]
909. multiply(inverse(inverse(X0)),multiply(inverse(X1),multiply(X1,X2))) = multiply(inverse(inverse(X0)),multiply(inverse(X4),multiply(X4,X2))) [superposition 654,654]
970. multiply(X4,multiply(X0,X2)) = multiply(inverse(X3),multiply(X3,inverse(multiply(multiply(inverse(multiply(inverse(inverse(X0)),multiply(inverse(X1),multiply(X1,X2)))),X5),inverse(multiply(X4,X5)))))) [superposition 29,654]
1012. inverse(multiply(multiply(inverse(multiply(inverse(X0),multiply(X0,multiply(X1,X2)))),X4),inverse(multiply(inverse(X1),X4)))) = X2 [superposition 33,654]
1276. inverse(multiply(multiply(inverse(X0),multiply(X0,X1)),inverse(multiply(X2,multiply(multiply(inverse(X2),multiply(inverse(X3),multiply(X3,X4))),X1))))) = X4 [superposition 152,360]
1576. multiply(X2,inverse(multiply(multiply(inverse(X0),multiply(X0,X1)),inverse(multiply(inverse(X2),multiply(multiply(inverse(X3),multiply(X3,X4)),X1)))))) = X4 [superposition 383,360]
5098. multiply(inverse(X0),multiply(inverse(X6),multiply(X6,X5))) = multiply(inverse(X0),multiply(inverse(X4),multiply(X4,X5))) [superposition 909,1012]
6308. multiply(X0,multiply(inverse(X4),multiply(X4,X5))) = multiply(X0,multiply(inverse(X6),multiply(X6,X5))) [superposition 5098,1012]
7707. multiply(X3,multiply(inverse(X4),multiply(X4,multiply(X0,X2)))) = multiply(X3,multiply(inverse(inverse(X0)),multiply(inverse(X1),multiply(X1,X2)))) [superposition 6308,6308]
7944. multiply(inverse(X3),multiply(X3,multiply(inverse(X4),multiply(X4,X2)))) = multiply(inverse(X0),multiply(X0,multiply(inverse(X1),multiply(X1,X2)))) [superposition 360,6308]
18834. multiply(X3,multiply(X4,multiply(inverse(X5),multiply(X5,X2)))) = multiply(inverse(X6),multiply(X6,inverse(multiply(multiply(inverse(multiply(inverse(inverse(X4)),multiply(inverse(X0),multiply(X0,multiply(inverse(X1),multiply(X1,X2)))))),X7),inverse(multiply(X3,X7)))))) [superposition 650,7944]
19333. multiply(X3,multiply(X4,multiply(inverse(X5),multiply(X5,X2)))) = multiply(X3,multiply(X4,multiply(inverse(X1),multiply(X1,X2)))) [forward demodulation 18834,970]
28081. multiply(multiply(inverse(X1),multiply(X1,X2)),inverse(multiply(multiply(inverse(X3),multiply(X3,inverse(multiply(multiply(inverse(X4),multiply(X4,X5)),inverse(multiply(X6,multiply(multiply(inverse(X6),X0),X5))))))),inverse(X0)))) = X2 [superposition 1576,663]
28383. multiply(multiply(inverse(X1),multiply(X1,X2)),inverse(multiply(X0,inverse(X0)))) = X2 [forward demodulation 28081,663]
29627. multiply(X4,X0) = multiply(inverse(X1),multiply(X1,inverse(multiply(multiply(inverse(X2),multiply(X2,inverse(multiply(X3,inverse(X3))))),inverse(multiply(X4,X0)))))) [superposition 663,28383]
29630. multiply(inverse(multiply(inverse(X1),multiply(X1,X2))),X2) = multiply(inverse(multiply(inverse(X3),multiply(X3,X0))),X0) [superposition 650,28383]
29695. multiply(inverse(multiply(inverse(X3),multiply(X3,X0))),X0) = multiply(inverse(X1),multiply(X1,inverse(multiply(X2,inverse(X2))))) [superposition 360,28383]
32400. multiply(inverse(inverse(multiply(inverse(X2),multiply(X2,inverse(multiply(multiply(inverse(X3),multiply(X3,X4)),inverse(multiply(X5,multiply(multiply(inverse(X5),X6),X4))))))))),multiply(inverse(multiply(inverse(X0),multiply(X0,X1))),X1)) = X6 [superposition 663,29630]
32423. multiply(inverse(inverse(X6)),multiply(inverse(multiply(inverse(X0),multiply(X0,X1))),X1)) = X6 [forward demodulation 32400,663]
37065. multiply(X2,inverse(multiply(X3,inverse(X3)))) = multiply(multiply(inverse(inverse(X2)),multiply(inverse(multiply(inverse(X0),multiply(X0,X1))),X1)),inverse(multiply(X4,inverse(X4)))) [superposition 28383,29695]
37072. multiply(X2,inverse(multiply(X3,inverse(X3)))) = multiply(X2,inverse(multiply(X4,inverse(X4)))) [forward demodulation 37065,32423]
39404. multiply(inverse(X3),multiply(X3,inverse(multiply(multiply(inverse(X4),multiply(X4,inverse(multiply(X5,inverse(X5))))),inverse(multiply(X0,multiply(multiply(inverse(X0),X1),inverse(multiply(X2,inverse(X2)))))))))) = X1 [superposition 663,37072]
39408. inverse(multiply(X8,inverse(X8))) = multiply(multiply(multiply(inverse(multiply(inverse(X5),multiply(inverse(inverse(X0)),X2))),X6),inverse(multiply(X5,X6))),inverse(multiply(multiply(inverse(multiply(inverse(X7),multiply(multiply(X0,inverse(multiply(multiply(inverse(multiply(inverse(X1),X2)),X3),inverse(multiply(X1,X3))))),inverse(multiply(X4,inverse(X4)))))),X9),inverse(multiply(X7,X9))))) [superposition 31,37072]
39410. inverse(multiply(X8,inverse(X8))) = inverse(multiply(X4,inverse(X4))) [forward demodulation 39408,31]
39412. multiply(X0,multiply(multiply(inverse(X0),X1),inverse(multiply(X2,inverse(X2))))) = X1 [forward demodulation 39404,29627]
41601. multiply(X1,inverse(X1)) = multiply(inverse(inverse(multiply(X0,inverse(X0)))),multiply(inverse(multiply(inverse(X2),multiply(X2,X3))),X3)) [superposition 32423,39410]
41604. multiply(X0,inverse(X0)) = multiply(X1,inverse(X1)) [forward demodulation 41601,32423]
49913. inverse(inverse(X1)) = multiply(X1,multiply(X0,inverse(X0))) [superposition 39412,41604]
52733. inverse(inverse(inverse(multiply(multiply(inverse(multiply(inverse(X0),X1)),X2),inverse(multiply(X0,X2)))))) = X1 [superposition 29,49913]
52741. inverse(inverse(inverse(X0))) = multiply(inverse(X1),multiply(X1,inverse(X0))) [superposition 360,49913]
52745. multiply(inverse(X1),multiply(X1,multiply(X2,inverse(X0)))) = multiply(inverse(inverse(X2)),inverse(inverse(inverse(X0)))) [superposition 654,49913]
52758. multiply(X1,multiply(inverse(X2),multiply(X2,inverse(X0)))) = multiply(X1,inverse(inverse(inverse(X0)))) [superposition 6308,49913]
52759. multiply(X1,multiply(inverse(X2),multiply(X2,multiply(X3,inverse(X0))))) = multiply(X1,multiply(inverse(inverse(X3)),inverse(inverse(inverse(X0))))) [superposition 7707,49913]
52763. multiply(X1,multiply(X2,multiply(inverse(X3),multiply(X3,inverse(X0))))) = multiply(X1,multiply(X2,inverse(inverse(inverse(X0))))) [superposition 19333,49913]
52852. inverse(multiply(multiply(inverse(multiply(inverse(X1),multiply(inverse(inverse(X2)),inverse(multiply(multiply(inverse(multiply(inverse(X3),multiply(inverse(inverse(X4)),X0))),X5),inverse(multiply(X3,X5))))))),X6),inverse(multiply(X1,X6)))) = multiply(X2,inverse(multiply(inverse(inverse(inverse(X0))),inverse(multiply(X4,multiply(X7,inverse(X7))))))) [superposition 18,49913]
52987. multiply(inverse(X2),multiply(X2,inverse(multiply(inverse(inverse(inverse(multiply(inverse(X0),X1)))),inverse(multiply(X0,multiply(X3,inverse(X3)))))))) = X1 [superposition 29,49913]
53149. multiply(inverse(X2),multiply(X2,inverse(multiply(inverse(inverse(inverse(multiply(inverse(X0),X1)))),inverse(inverse(inverse(X0))))))) = X1 [forward demodulation 52987,49913]
53253. inverse(multiply(multiply(inverse(multiply(inverse(X1),multiply(inverse(inverse(X2)),inverse(multiply(multiply(inverse(multiply(inverse(X3),multiply(inverse(inverse(X4)),X0))),X5),inverse(multiply(X3,X5))))))),X6),inverse(multiply(X1,X6)))) = multiply(X2,inverse(multiply(inverse(inverse(inverse(X0))),inverse(inverse(inverse(X4)))))) [forward demodulation 52852,49913]
53422. inverse(inverse(inverse(multiply(inverse(inverse(inverse(multiply(inverse(X0),X1)))),inverse(inverse(inverse(X0))))))) = X1 [forward demodulation 53149,52741]
56115. inverse(inverse(X0)) = multiply(inverse(X5),multiply(X5,X0)) [superposition 52741,1276]
56119. inverse(inverse(multiply(X0,inverse(multiply(multiply(inverse(multiply(inverse(X1),X2)),X3),inverse(multiply(X1,X3))))))) = multiply(inverse(X9),multiply(X9,multiply(X0,inverse(multiply(multiply(inverse(multiply(inverse(X1),X2)),X3),inverse(multiply(X1,X3))))))) [superposition 52741,15]
56162. multiply(inverse(X1),inverse(multiply(multiply(inverse(multiply(inverse(X0),multiply(inverse(inverse(X1)),X2))),X3),inverse(multiply(X0,X3))))) = inverse(inverse(inverse(inverse(multiply(multiply(inverse(multiply(inverse(X4),multiply(inverse(inverse(multiply(inverse(multiply(inverse(multiply(inverse(multiply(inverse(X5),X6)),X7)),X2)),inverse(multiply(X5,X7))))),X6))),X8),inverse(multiply(X4,X8))))))) [superposition 52741,25]
56731. multiply(inverse(X1),inverse(multiply(multiply(inverse(multiply(inverse(X0),multiply(inverse(inverse(X1)),X2))),X3),inverse(multiply(X0,X3))))) = inverse(multiply(inverse(inverse(multiply(inverse(multiply(inverse(multiply(inverse(multiply(inverse(X5),X6)),X7)),X2)),inverse(multiply(X5,X7))))),X6)) [forward demodulation 56162,52733]
56752. multiply(inverse(inverse(X0)),X2) = inverse(inverse(multiply(X0,inverse(multiply(multiply(inverse(multiply(inverse(X1),X2)),X3),inverse(multiply(X1,X3))))))) [forward demodulation 56119,82]
56770. inverse(multiply(inverse(inverse(multiply(inverse(multiply(inverse(multiply(inverse(multiply(inverse(X5),X6)),X7)),X2)),inverse(multiply(X5,X7))))),X6)) = X2 [forward demodulation 56731,1]
58459. multiply(inverse(inverse(X8)),multiply(inverse(X8),multiply(X9,X10))) = multiply(inverse(inverse(X9)),multiply(multiply(X0,inverse(multiply(multiply(inverse(multiply(inverse(X1),X2)),inverse(multiply(multiply(inverse(multiply(inverse(X3),X4)),X5),inverse(multiply(X3,X5))))),inverse(inverse(multiply(multiply(inverse(multiply(inverse(X6),multiply(inverse(inverse(X1)),X4))),X7),inverse(multiply(X6,X7)))))))),multiply(multiply(multiply(inverse(multiply(inverse(X11),multiply(inverse(inverse(X0)),X2))),X12),inverse(multiply(X11,X12))),X10))) [superposition 679,23]
58477. multiply(X8,multiply(inverse(X9),multiply(X9,X10))) = multiply(X8,multiply(multiply(X0,inverse(multiply(multiply(inverse(multiply(inverse(X1),X2)),inverse(multiply(multiply(inverse(multiply(inverse(X3),X4)),X5),inverse(multiply(X3,X5))))),inverse(inverse(multiply(multiply(inverse(multiply(inverse(X6),multiply(inverse(inverse(X1)),X4))),X7),inverse(multiply(X6,X7)))))))),multiply(multiply(multiply(inverse(multiply(inverse(X11),multiply(inverse(inverse(X0)),X2))),X12),inverse(multiply(X11,X12))),X10))) [superposition 6308,23]
58478. multiply(X8,multiply(inverse(X9),multiply(X9,multiply(X10,X11)))) = multiply(X8,multiply(inverse(inverse(X10)),multiply(multiply(X0,inverse(multiply(multiply(inverse(multiply(inverse(X1),X2)),inverse(multiply(multiply(inverse(multiply(inverse(X3),X4)),X5),inverse(multiply(X3,X5))))),inverse(inverse(multiply(multiply(inverse(multiply(inverse(X6),multiply(inverse(inverse(X1)),X4))),X7),inverse(multiply(X6,X7)))))))),multiply(multiply(multiply(inverse(multiply(inverse(X12),multiply(inverse(inverse(X0)),X2))),X13),inverse(multiply(X12,X13))),X11)))) [superposition 7707,23]
58486. multiply(X8,multiply(X9,multiply(inverse(X13),multiply(X13,X12)))) = multiply(X8,multiply(X9,multiply(multiply(X0,inverse(multiply(multiply(inverse(multiply(inverse(X1),X2)),inverse(multiply(multiply(inverse(multiply(inverse(X3),X4)),X5),inverse(multiply(X3,X5))))),inverse(inverse(multiply(multiply(inverse(multiply(inverse(X6),multiply(inverse(inverse(X1)),X4))),X7),inverse(multiply(X6,X7)))))))),multiply(multiply(multiply(inverse(multiply(inverse(X10),multiply(inverse(inverse(X0)),X2))),X11),inverse(multiply(X10,X11))),X12)))) [superposition 19333,23]
59129. multiply(X8,multiply(X9,multiply(multiply(X0,inverse(multiply(multiply(inverse(multiply(inverse(X1),X2)),inverse(multiply(multiply(inverse(multiply(inverse(X3),X4)),X5),inverse(multiply(X3,X5))))),inverse(inverse(multiply(multiply(inverse(multiply(inverse(X6),multiply(inverse(inverse(X1)),X4))),X7),inverse(multiply(X6,X7)))))))),multiply(multiply(multiply(inverse(multiply(inverse(X10),multiply(inverse(inverse(X0)),X2))),X11),inverse(multiply(X10,X11))),X12)))) = multiply(X8,multiply(X9,inverse(inverse(X12)))) [forward demodulation 58486,56115]
59137. multiply(X8,multiply(inverse(inverse(X10)),multiply(multiply(X0,inverse(multiply(multiply(inverse(multiply(inverse(X1),X2)),inverse(multiply(multiply(inverse(multiply(inverse(X3),X4)),X5),inverse(multiply(X3,X5))))),inverse(inverse(multiply(multiply(inverse(multiply(inverse(X6),multiply(inverse(inverse(X1)),X4))),X7),inverse(multiply(X6,X7)))))))),multiply(multiply(multiply(inverse(multiply(inverse(X12),multiply(inverse(inverse(X0)),X2))),X13),inverse(multiply(X12,X13))),X11)))) = multiply(X8,inverse(inverse(multiply(X10,X11)))) [forward demodulation 58478,56115]
59138. multiply(X8,multiply(multiply(X0,inverse(multiply(multiply(inverse(multiply(inverse(X1),X2)),inverse(multiply(multiply(inverse(multiply(inverse(X3),X4)),X5),inverse(multiply(X3,X5))))),inverse(inverse(multiply(multiply(inverse(multiply(inverse(X6),multiply(inverse(inverse(X1)),X4))),X7),inverse(multiply(X6,X7)))))))),multiply(multiply(multiply(inverse(multiply(inverse(X11),multiply(inverse(inverse(X0)),X2))),X12),inverse(multiply(X11,X12))),X10))) = multiply(X8,inverse(inverse(X10))) [forward demodulation 58477,56115]
59152. multiply(inverse(inverse(X9)),multiply(multiply(X0,inverse(multiply(multiply(inverse(multiply(inverse(X1),X2)),inverse(multiply(multiply(inverse(multiply(inverse(X3),X4)),X5),inverse(multiply(X3,X5))))),inverse(inverse(multiply(multiply(inverse(multiply(inverse(X6),multiply(inverse(inverse(X1)),X4))),X7),inverse(multiply(X6,X7)))))))),multiply(multiply(multiply(inverse(multiply(inverse(X11),multiply(inverse(inverse(X0)),X2))),X12),inverse(multiply(X11,X12))),X10))) = inverse(inverse(multiply(X9,X10))) [forward demodulation 58459,56115]
59774. multiply(X8,inverse(inverse(multiply(X10,X11)))) = multiply(X8,multiply(inverse(inverse(X10)),inverse(inverse(X11)))) [forward demodulation 59137,59129]
59779. inverse(inverse(multiply(X9,X10))) = multiply(inverse(inverse(X9)),inverse(inverse(X10))) [forward demodulation 59152,59138]
60092. multiply(inverse(inverse(X2)),multiply(inverse(multiply(inverse(X0),multiply(X0,X1))),X1)) = inverse(inverse(multiply(X2,inverse(multiply(X3,inverse(X3)))))) [superposition 56115,29695]
60192. multiply(inverse(inverse(X0)),inverse(multiply(X2,inverse(X2)))) = X0 [superposition 28383,56115]
60374. multiply(X1,X0) = multiply(X1,multiply(inverse(inverse(X0)),inverse(multiply(X2,inverse(X2))))) [superposition 39412,56115]
60477. inverse(multiply(multiply(inverse(multiply(inverse(X1),inverse(inverse(X0)))),X3),inverse(multiply(X1,X3)))) = X0 [superposition 33,56115]
60521. inverse(multiply(multiply(inverse(multiply(inverse(X1),multiply(inverse(inverse(X2)),inverse(multiply(multiply(inverse(multiply(inverse(X3),multiply(inverse(inverse(X4)),X0))),X5),inverse(multiply(X3,X5))))))),X6),inverse(multiply(X1,X6)))) = multiply(X2,inverse(multiply(multiply(inverse(inverse(multiply(multiply(inverse(multiply(inverse(X7),inverse(inverse(X0)))),X8),inverse(multiply(X7,X8))))),X9),inverse(multiply(X4,X9))))) [superposition 19,56115]
60749. multiply(X2,inverse(multiply(inverse(inverse(inverse(X0))),inverse(inverse(inverse(X4)))))) = multiply(X2,inverse(multiply(multiply(inverse(inverse(multiply(multiply(inverse(multiply(inverse(X7),inverse(inverse(X0)))),X8),inverse(multiply(X7,X8))))),X9),inverse(multiply(X4,X9))))) [forward demodulation 60521,53253]
60905. inverse(inverse(multiply(X2,inverse(multiply(X3,inverse(X3)))))) = X2 [forward demodulation 60092,32423]
60979. multiply(X2,inverse(multiply(multiply(inverse(X0),X9),inverse(multiply(X4,X9))))) = multiply(X2,inverse(multiply(inverse(inverse(inverse(X0))),inverse(inverse(inverse(X4)))))) [forward demodulation 60749,60477]
61044. multiply(X2,inverse(multiply(multiply(inverse(X0),X9),inverse(multiply(X4,X9))))) = multiply(X2,inverse(inverse(inverse(multiply(inverse(X0),inverse(X4)))))) [forward demodulation 60979,59779]
61118. inverse(multiply(multiply(inverse(X0),X4),inverse(multiply(X1,X4)))) = multiply(X5,inverse(multiply(X6,inverse(multiply(X7,inverse(multiply(multiply(inverse(multiply(inverse(X8),multiply(inverse(inverse(multiply(inverse(X7),inverse(multiply(multiply(inverse(multiply(inverse(X9),multiply(inverse(inverse(inverse(X5))),inverse(multiply(multiply(inverse(multiply(inverse(inverse(X2)),multiply(inverse(X2),X0))),X3),inverse(multiply(inverse(inverse(X1)),X3))))))),X10),inverse(multiply(X9,X10))))))),X6))),X11),inverse(multiply(X8,X11))))))))) [superposition 42,409]
62383. multiply(X0,inverse(multiply(X1,inverse(multiply(X2,inverse(multiply(multiply(inverse(multiply(inverse(X3),multiply(inverse(inverse(multiply(inverse(X2),inverse(multiply(multiply(inverse(multiply(inverse(X4),multiply(inverse(inverse(inverse(X0))),multiply(inverse(X5),multiply(X5,X6))))),X7),inverse(multiply(X4,X7))))))),X1))),X8),inverse(multiply(X3,X8))))))))) = X6 [superposition 1276,42]
63806. multiply(X0,inverse(multiply(X1,inverse(multiply(X2,inverse(inverse(inverse(multiply(inverse(multiply(inverse(X3),multiply(inverse(inverse(multiply(inverse(X2),inverse(multiply(multiply(inverse(multiply(inverse(X4),multiply(inverse(inverse(inverse(X0))),multiply(inverse(X5),multiply(X5,X6))))),X7),inverse(multiply(X4,X7))))))),X1))),inverse(X3)))))))))) = X6 [forward demodulation 62383,61044]
64965. inverse(multiply(multiply(inverse(X0),X4),inverse(multiply(X1,X4)))) = multiply(X5,inverse(multiply(X6,inverse(multiply(X7,inverse(inverse(inverse(multiply(inverse(multiply(inverse(X8),multiply(inverse(inverse(multiply(inverse(X7),inverse(multiply(multiply(inverse(multiply(inverse(X9),multiply(inverse(inverse(inverse(X5))),inverse(multiply(multiply(inverse(multiply(inverse(inverse(X2)),multiply(inverse(X2),X0))),X3),inverse(multiply(inverse(inverse(X1)),X3))))))),X10),inverse(multiply(X9,X10))))))),X6))),inverse(X8)))))))))) [forward demodulation 61118,61044]
65703. multiply(X0,inverse(multiply(X1,inverse(multiply(X2,inverse(inverse(inverse(multiply(inverse(multiply(inverse(X3),multiply(multiply(inverse(inverse(inverse(X2))),multiply(inverse(inverse(inverse(X0))),multiply(inverse(X5),multiply(X5,X6)))),X1))),inverse(X3)))))))))) = X6 [forward demodulation 63806,56752]
66785. inverse(multiply(multiply(inverse(X0),X4),inverse(multiply(X1,X4)))) = multiply(X5,inverse(multiply(X6,inverse(multiply(X7,inverse(inverse(inverse(multiply(inverse(multiply(inverse(X8),multiply(multiply(inverse(inverse(inverse(X7))),multiply(inverse(inverse(inverse(X5))),inverse(multiply(multiply(inverse(multiply(inverse(inverse(X2)),multiply(inverse(X2),X0))),X3),inverse(multiply(inverse(inverse(X1)),X3)))))),X6))),inverse(X8)))))))))) [forward demodulation 64965,56752]
67371. multiply(X0,inverse(multiply(X1,inverse(multiply(X2,inverse(inverse(inverse(multiply(inverse(multiply(inverse(X3),multiply(multiply(inverse(inverse(inverse(X2))),multiply(inverse(inverse(inverse(X0))),inverse(inverse(X6)))),X1))),inverse(X3)))))))))) = X6 [forward demodulation 65703,56115]
68191. inverse(multiply(multiply(inverse(X0),X4),inverse(multiply(X1,X4)))) = multiply(X5,inverse(multiply(X6,inverse(multiply(X7,inverse(inverse(inverse(multiply(inverse(multiply(inverse(X8),multiply(multiply(inverse(inverse(inverse(X7))),multiply(inverse(inverse(inverse(X5))),inverse(inverse(inverse(multiply(inverse(multiply(inverse(inverse(X2)),multiply(inverse(X2),X0))),inverse(inverse(inverse(X1))))))))),X6))),inverse(X8)))))))))) [forward demodulation 66785,61044]
68523. multiply(X0,inverse(multiply(X1,inverse(multiply(X2,inverse(inverse(inverse(multiply(inverse(multiply(inverse(X3),multiply(multiply(inverse(inverse(inverse(X2))),inverse(inverse(multiply(inverse(X0),X6)))),X1))),inverse(X3)))))))))) = X6 [forward demodulation 67371,59774]
68972. inverse(multiply(multiply(inverse(X0),X4),inverse(multiply(X1,X4)))) = multiply(X5,inverse(multiply(X6,inverse(multiply(X7,inverse(inverse(inverse(multiply(inverse(multiply(inverse(X8),multiply(multiply(inverse(inverse(inverse(X7))),inverse(inverse(multiply(inverse(X5),inverse(multiply(inverse(multiply(inverse(inverse(X2)),multiply(inverse(X2),X0))),inverse(inverse(inverse(X1))))))))),X6))),inverse(X8)))))))))) [forward demodulation 68191,59774]
69107. multiply(X0,inverse(multiply(X1,inverse(multiply(X2,inverse(inverse(inverse(multiply(inverse(multiply(inverse(X3),multiply(inverse(inverse(multiply(inverse(X2),multiply(inverse(X0),X6)))),X1))),inverse(X3)))))))))) = X6 [forward demodulation 68523,59779]
69308. inverse(multiply(multiply(inverse(X0),X4),inverse(multiply(X1,X4)))) = multiply(X5,inverse(multiply(X6,inverse(multiply(X7,inverse(inverse(inverse(multiply(inverse(multiply(inverse(X8),multiply(inverse(inverse(multiply(inverse(X7),multiply(inverse(X5),inverse(multiply(inverse(multiply(inverse(inverse(X2)),multiply(inverse(X2),X0))),inverse(inverse(inverse(X1))))))))),X6))),inverse(X8)))))))))) [forward demodulation 68972,59779]
69450. inverse(multiply(multiply(inverse(X0),X4),inverse(multiply(X1,X4)))) = inverse(multiply(inverse(multiply(inverse(inverse(X2)),multiply(inverse(X2),X0))),inverse(inverse(inverse(X1))))) [forward demodulation 69308,69107]
69531. inverse(multiply(multiply(inverse(X0),X4),inverse(multiply(X1,X4)))) = inverse(multiply(inverse(inverse(inverse(X0))),inverse(inverse(inverse(X1))))) [forward demodulation 69450,56115]
69590. inverse(multiply(multiply(inverse(X0),X4),inverse(multiply(X1,X4)))) = inverse(inverse(inverse(multiply(inverse(X0),inverse(X1))))) [forward demodulation 69531,59779]
69689. multiply(inverse(inverse(X9)),inverse(inverse(multiply(multiply(inverse(multiply(inverse(X0),inverse(multiply(multiply(inverse(multiply(inverse(X1),multiply(inverse(inverse(inverse(inverse(multiply(multiply(inverse(multiply(inverse(X2),inverse(multiply(multiply(inverse(multiply(inverse(X3),X4)),X5),inverse(multiply(X3,X5)))))),X6),inverse(multiply(X2,X6))))))),X4))),X7),inverse(multiply(X1,X7)))))),X8),inverse(multiply(X0,X8)))))) = X9 [superposition 60192,9]
69722. inverse(multiply(multiply(inverse(multiply(inverse(X1),multiply(inverse(inverse(X2)),X3))),X4),inverse(multiply(X1,X4)))) = multiply(X2,inverse(multiply(multiply(inverse(multiply(inverse(multiply(inverse(multiply(inverse(X5),X0)),X7)),X3)),inverse(multiply(X5,X7))),multiply(X0,inverse(multiply(multiply(inverse(multiply(inverse(X8),inverse(multiply(X6,inverse(X6))))),X9),inverse(multiply(X8,X9)))))))) [superposition 24,60192]
69725. inverse(multiply(multiply(inverse(multiply(inverse(X1),multiply(inverse(inverse(X2)),X0))),X4),inverse(multiply(X1,X4)))) = multiply(X2,multiply(X0,inverse(multiply(multiply(inverse(multiply(inverse(X5),inverse(multiply(X3,inverse(X3))))),X6),inverse(multiply(X5,X6)))))) [superposition 26,60192]
69784. inverse(multiply(multiply(inverse(multiply(inverse(X1),multiply(inverse(inverse(X2)),inverse(multiply(X3,inverse(X3)))))),X4),inverse(multiply(X1,X4)))) = multiply(X2,inverse(multiply(multiply(inverse(X0),inverse(multiply(multiply(inverse(multiply(inverse(X5),multiply(inverse(inverse(X0)),X6))),X7),inverse(multiply(X5,X7))))),inverse(X6)))) [superposition 22,60192]
69803. multiply(X1,inverse(inverse(multiply(multiply(inverse(multiply(inverse(X2),multiply(inverse(inverse(multiply(inverse(multiply(inverse(multiply(inverse(X0),X4)),multiply(inverse(X1),X5))),inverse(multiply(inverse(X0),X4))))),inverse(multiply(X3,inverse(X3)))))),X6),inverse(multiply(X2,X6)))))) = X5 [superposition 37,60192]
69843. inverse(multiply(multiply(inverse(multiply(inverse(X1),multiply(X1,multiply(inverse(X0),X2)))),inverse(multiply(X3,inverse(X3)))),inverse(X0))) = X2 [superposition 1012,60192]
69859. inverse(multiply(multiply(inverse(multiply(inverse(X6),inverse(multiply(multiply(inverse(multiply(inverse(X7),multiply(inverse(inverse(inverse(inverse(X1)))),X3))),X8),inverse(multiply(X7,X8)))))),X9),inverse(multiply(X6,X9)))) = multiply(X1,inverse(multiply(multiply(inverse(multiply(inverse(inverse(inverse(X0))),inverse(multiply(multiply(inverse(multiply(inverse(X2),X3)),X4),inverse(multiply(X2,X4)))))),inverse(multiply(X5,inverse(X5)))),inverse(X0)))) [superposition 9,60192]
69879. inverse(multiply(multiply(inverse(multiply(inverse(X1),multiply(inverse(inverse(X2)),inverse(multiply(multiply(inverse(multiply(inverse(X3),multiply(inverse(inverse(inverse(inverse(X0)))),X4))),X5),inverse(multiply(X3,X5))))))),X6),inverse(multiply(X1,X6)))) = multiply(X2,inverse(multiply(multiply(inverse(X4),inverse(multiply(X7,inverse(X7)))),inverse(X0)))) [superposition 18,60192]
69955. multiply(inverse(inverse(X0)),X1) = multiply(inverse(X2),multiply(X2,inverse(multiply(multiply(inverse(multiply(inverse(X3),multiply(X3,X1))),inverse(multiply(X4,inverse(X4)))),inverse(X0))))) [superposition 650,60192]
70011. multiply(inverse(inverse(X0)),X1) = inverse(inverse(inverse(multiply(multiply(inverse(multiply(inverse(X3),multiply(X3,X1))),inverse(multiply(X4,inverse(X4)))),inverse(X0))))) [forward demodulation 69955,52741]
70071. multiply(X2,inverse(multiply(multiply(inverse(X4),inverse(multiply(X7,inverse(X7)))),inverse(X0)))) = multiply(X2,inverse(multiply(inverse(inverse(inverse(X4))),inverse(inverse(inverse(inverse(inverse(X0)))))))) [forward demodulation 69879,53253]
70091. inverse(multiply(multiply(inverse(multiply(inverse(X6),inverse(multiply(multiply(inverse(multiply(inverse(X7),multiply(inverse(inverse(inverse(inverse(X1)))),X3))),X8),inverse(multiply(X7,X8)))))),X9),inverse(multiply(X6,X9)))) = multiply(X1,inverse(multiply(multiply(inverse(multiply(inverse(inverse(inverse(X0))),inverse(inverse(inverse(multiply(inverse(multiply(inverse(X2),X3)),inverse(X2))))))),inverse(multiply(X5,inverse(X5)))),inverse(X0)))) [forward demodulation 69859,61044]
70101. inverse(multiply(multiply(inverse(inverse(inverse(multiply(inverse(X0),X2)))),inverse(multiply(X3,inverse(X3)))),inverse(X0))) = X2 [forward demodulation 69843,56115]
70141. multiply(X1,inverse(inverse(inverse(inverse(multiply(inverse(multiply(inverse(X2),multiply(inverse(inverse(multiply(inverse(multiply(inverse(multiply(inverse(X0),X4)),multiply(inverse(X1),X5))),inverse(multiply(inverse(X0),X4))))),inverse(multiply(X3,inverse(X3)))))),inverse(X2))))))) = X5 [forward demodulation 69803,69590]
70160. multiply(X2,inverse(multiply(X6,inverse(X6)))) = inverse(multiply(multiply(inverse(multiply(inverse(X1),multiply(inverse(inverse(X2)),inverse(multiply(X3,inverse(X3)))))),X4),inverse(multiply(X1,X4)))) [forward demodulation 69784,1]
70217. inverse(multiply(multiply(inverse(multiply(inverse(X1),multiply(inverse(inverse(X2)),X0))),X4),inverse(multiply(X1,X4)))) = multiply(X2,multiply(X0,inverse(inverse(inverse(multiply(inverse(multiply(inverse(X5),inverse(multiply(X3,inverse(X3))))),inverse(X5))))))) [forward demodulation 69725,61044]
70220. inverse(multiply(multiply(inverse(multiply(inverse(X1),multiply(inverse(inverse(X2)),X3))),X4),inverse(multiply(X1,X4)))) = multiply(X2,inverse(multiply(multiply(inverse(multiply(inverse(multiply(inverse(multiply(inverse(X5),X0)),X7)),X3)),inverse(multiply(X5,X7))),multiply(X0,inverse(inverse(inverse(multiply(inverse(multiply(inverse(X8),inverse(multiply(X6,inverse(X6))))),inverse(X8))))))))) [forward demodulation 69722,61044]
70243. inverse(inverse(multiply(X9,multiply(multiply(inverse(multiply(inverse(X0),inverse(multiply(multiply(inverse(multiply(inverse(X1),multiply(inverse(inverse(inverse(inverse(multiply(multiply(inverse(multiply(inverse(X2),inverse(multiply(multiply(inverse(multiply(inverse(X3),X4)),X5),inverse(multiply(X3,X5)))))),X6),inverse(multiply(X2,X6))))))),X4))),X7),inverse(multiply(X1,X7)))))),X8),inverse(multiply(X0,X8)))))) = X9 [forward demodulation 69689,59779]
70320. multiply(inverse(inverse(X0)),X1) = inverse(inverse(inverse(multiply(multiply(inverse(inverse(inverse(X1))),inverse(multiply(X4,inverse(X4)))),inverse(X0))))) [forward demodulation 70011,56115]
70343. multiply(X2,inverse(multiply(multiply(inverse(X4),inverse(multiply(X7,inverse(X7)))),inverse(X0)))) = multiply(X2,inverse(inverse(inverse(multiply(inverse(X4),inverse(inverse(inverse(X0)))))))) [forward demodulation 70071,59779]
70353. inverse(multiply(multiply(inverse(multiply(inverse(X6),inverse(multiply(multiply(inverse(multiply(inverse(X7),multiply(inverse(inverse(inverse(inverse(X1)))),X3))),X8),inverse(multiply(X7,X8)))))),X9),inverse(multiply(X6,X9)))) = multiply(X1,inverse(multiply(multiply(inverse(inverse(inverse(multiply(inverse(X0),inverse(multiply(inverse(multiply(inverse(X2),X3)),inverse(X2))))))),inverse(multiply(X5,inverse(X5)))),inverse(X0)))) [forward demodulation 70091,59779]
70357. inverse(multiply(inverse(multiply(inverse(X0),X2)),inverse(X0))) = X2 [forward demodulation 70101,60192]
70374. multiply(X1,inverse(inverse(inverse(inverse(multiply(inverse(multiply(inverse(X2),multiply(inverse(multiply(inverse(multiply(inverse(X0),X4)),multiply(inverse(X1),X5))),inverse(multiply(inverse(X0),X4))))),inverse(X2))))))) = X5 [forward demodulation 70141,60374]
70390. multiply(X2,inverse(multiply(X6,inverse(X6)))) = inverse(inverse(inverse(multiply(inverse(multiply(inverse(X1),multiply(inverse(inverse(X2)),inverse(multiply(X3,inverse(X3)))))),inverse(X1))))) [forward demodulation 70160,69590]
70429. multiply(X2,multiply(X0,inverse(inverse(inverse(multiply(inverse(multiply(inverse(X5),inverse(multiply(X3,inverse(X3))))),inverse(X5))))))) = inverse(inverse(inverse(multiply(inverse(multiply(inverse(X1),multiply(inverse(inverse(X2)),X0))),inverse(X1))))) [forward demodulation 70217,69590]
70432. inverse(inverse(inverse(multiply(inverse(multiply(inverse(X1),multiply(inverse(inverse(X2)),X3))),inverse(X1))))) = multiply(X2,inverse(multiply(multiply(inverse(multiply(inverse(multiply(inverse(multiply(inverse(X5),X0)),X7)),X3)),inverse(multiply(X5,X7))),multiply(X0,inverse(inverse(inverse(multiply(inverse(multiply(inverse(X8),inverse(multiply(X6,inverse(X6))))),inverse(X8))))))))) [forward demodulation 70220,69590]
70454. inverse(inverse(multiply(X9,multiply(multiply(inverse(multiply(inverse(X0),inverse(inverse(inverse(multiply(inverse(multiply(inverse(X1),multiply(inverse(inverse(inverse(inverse(multiply(multiply(inverse(multiply(inverse(X2),inverse(multiply(multiply(inverse(multiply(inverse(X3),X4)),X5),inverse(multiply(X3,X5)))))),X6),inverse(multiply(X2,X6))))))),X4))),inverse(X1))))))),X8),inverse(multiply(X0,X8)))))) = X9 [forward demodulation 70243,61044]
70496. multiply(inverse(inverse(X0)),X1) = inverse(inverse(inverse(multiply(inverse(X1),inverse(X0))))) [forward demodulation 70320,60192]
70511. inverse(multiply(multiply(inverse(multiply(inverse(X6),inverse(multiply(multiply(inverse(multiply(inverse(X7),multiply(inverse(inverse(inverse(inverse(X1)))),X3))),X8),inverse(multiply(X7,X8)))))),X9),inverse(multiply(X6,X9)))) = multiply(X1,inverse(inverse(inverse(multiply(inverse(inverse(inverse(multiply(inverse(X0),inverse(multiply(inverse(multiply(inverse(X2),X3)),inverse(X2))))))),inverse(inverse(inverse(X0)))))))) [forward demodulation 70353,70343]
70524. multiply(X1,inverse(inverse(inverse(multiply(inverse(multiply(inverse(multiply(inverse(X0),X4)),multiply(inverse(X1),X5))),inverse(multiply(inverse(X0),X4))))))) = X5 [forward demodulation 70374,70357]
70539. multiply(X2,inverse(multiply(X6,inverse(X6)))) = inverse(inverse(multiply(inverse(inverse(X2)),inverse(multiply(X3,inverse(X3)))))) [forward demodulation 70390,70357]
70574. multiply(X2,multiply(X0,inverse(inverse(inverse(multiply(inverse(multiply(inverse(X5),inverse(multiply(X3,inverse(X3))))),inverse(X5))))))) = inverse(inverse(multiply(inverse(inverse(X2)),X0))) [forward demodulation 70429,70357]
70577. inverse(inverse(inverse(multiply(inverse(multiply(inverse(X1),multiply(inverse(inverse(X2)),X3))),inverse(X1))))) = multiply(X2,inverse(multiply(multiply(inverse(multiply(inverse(multiply(inverse(multiply(inverse(X5),X0)),X7)),X3)),inverse(multiply(X5,X7))),multiply(X0,inverse(inverse(inverse(multiply(X6,inverse(X6))))))))) [forward demodulation 70432,70357]
70596. inverse(inverse(multiply(X9,multiply(multiply(inverse(multiply(inverse(X0),inverse(inverse(multiply(inverse(inverse(inverse(inverse(multiply(multiply(inverse(multiply(inverse(X2),inverse(multiply(multiply(inverse(multiply(inverse(X3),X4)),X5),inverse(multiply(X3,X5)))))),X6),inverse(multiply(X2,X6))))))),X4))))),X8),inverse(multiply(X0,X8)))))) = X9 [forward demodulation 70454,70357]
70639. inverse(multiply(multiply(inverse(multiply(inverse(X6),inverse(multiply(multiply(inverse(multiply(inverse(X7),multiply(inverse(inverse(inverse(inverse(X1)))),X3))),X8),inverse(multiply(X7,X8)))))),X9),inverse(multiply(X6,X9)))) = multiply(X1,inverse(multiply(inverse(multiply(inverse(X2),X3)),inverse(X2)))) [forward demodulation 70511,53422]
70647. multiply(X1,multiply(inverse(inverse(multiply(inverse(X0),X4))),multiply(inverse(multiply(inverse(X0),X4)),multiply(inverse(X1),X5)))) = X5 [forward demodulation 70524,70496]
70662. inverse(inverse(X2)) = multiply(X2,inverse(multiply(X6,inverse(X6)))) [forward demodulation 70539,60905]
70695. inverse(inverse(multiply(inverse(inverse(X2)),X0))) = multiply(X2,multiply(X0,multiply(inverse(inverse(X5)),multiply(inverse(X5),inverse(multiply(X3,inverse(X3))))))) [forward demodulation 70574,70496]
70698. multiply(inverse(inverse(X1)),multiply(inverse(X1),multiply(inverse(inverse(X2)),X3))) = multiply(X2,inverse(multiply(multiply(inverse(multiply(inverse(multiply(inverse(multiply(inverse(X5),X0)),X7)),X3)),inverse(multiply(X5,X7))),multiply(X0,inverse(inverse(inverse(multiply(X6,inverse(X6))))))))) [forward demodulation 70577,70496]
70715. inverse(inverse(multiply(X9,multiply(multiply(inverse(multiply(inverse(X0),inverse(inverse(multiply(inverse(inverse(multiply(multiply(inverse(multiply(inverse(X3),X4)),X5),inverse(multiply(X3,X5))))),X4))))),X8),inverse(multiply(X0,X8)))))) = X9 [forward demodulation 70596,52733]
70755. multiply(X1,X3) = inverse(multiply(multiply(inverse(multiply(inverse(X6),inverse(multiply(multiply(inverse(multiply(inverse(X7),multiply(inverse(inverse(inverse(inverse(X1)))),X3))),X8),inverse(multiply(X7,X8)))))),X9),inverse(multiply(X6,X9)))) [forward demodulation 70639,70357]
70762. multiply(X1,inverse(inverse(multiply(inverse(X1),X5)))) = X5 [forward demodulation 70647,56115]
70805. inverse(inverse(multiply(inverse(inverse(X2)),X0))) = multiply(X2,multiply(X0,inverse(inverse(inverse(multiply(X3,inverse(X3))))))) [forward demodulation 70695,52763]
70808. inverse(inverse(multiply(inverse(inverse(X2)),X3))) = multiply(X2,inverse(multiply(multiply(inverse(multiply(inverse(multiply(inverse(multiply(inverse(X5),X0)),X7)),X3)),inverse(multiply(X5,X7))),multiply(X0,inverse(inverse(inverse(multiply(X6,inverse(X6))))))))) [forward demodulation 70698,56115]
70825. inverse(inverse(multiply(X9,multiply(multiply(inverse(multiply(inverse(X0),inverse(inverse(multiply(inverse(inverse(inverse(inverse(multiply(inverse(multiply(inverse(X3),X4)),inverse(X3)))))),X4))))),X8),inverse(multiply(X0,X8)))))) = X9 [forward demodulation 70715,69590]
70864. multiply(X1,X3) = inverse(inverse(inverse(multiply(inverse(multiply(inverse(X6),inverse(multiply(multiply(inverse(multiply(inverse(X7),multiply(inverse(inverse(inverse(inverse(X1)))),X3))),X8),inverse(multiply(X7,X8)))))),inverse(X6))))) [forward demodulation 70755,69590]
70897. inverse(inverse(multiply(inverse(inverse(X2)),X3))) = multiply(X2,inverse(inverse(inverse(multiply(inverse(inverse(multiply(inverse(multiply(inverse(multiply(inverse(multiply(inverse(X5),X0)),X7)),X3)),inverse(multiply(X5,X7))))),X0))))) [forward demodulation 70808,70805]
70909. inverse(inverse(multiply(X9,multiply(multiply(inverse(multiply(inverse(X0),inverse(inverse(multiply(inverse(multiply(inverse(inverse(X3)),multiply(inverse(X3),X4))),X4))))),X8),inverse(multiply(X0,X8)))))) = X9 [forward demodulation 70825,70496]
70942. multiply(X1,X3) = multiply(inverse(inverse(X6)),multiply(inverse(X6),inverse(multiply(multiply(inverse(multiply(inverse(X7),multiply(inverse(inverse(inverse(inverse(X1)))),X3))),X8),inverse(multiply(X7,X8)))))) [forward demodulation 70864,70496]
70970. inverse(inverse(multiply(inverse(inverse(X2)),X3))) = multiply(X2,inverse(inverse(X3))) [forward demodulation 70897,56770]
70981. inverse(inverse(multiply(X9,multiply(multiply(inverse(multiply(inverse(X0),inverse(inverse(multiply(inverse(inverse(inverse(X4))),X4))))),X8),inverse(multiply(X0,X8)))))) = X9 [forward demodulation 70909,56115]
71005. multiply(X1,X3) = multiply(inverse(inverse(inverse(inverse(X1)))),X3) [forward demodulation 70942,29]
71037. inverse(inverse(multiply(X9,multiply(multiply(inverse(multiply(inverse(X0),multiply(inverse(X4),inverse(inverse(X4))))),X8),inverse(multiply(X0,X8)))))) = X9 [forward demodulation 70981,70970]
71079. inverse(inverse(multiply(X9,multiply(multiply(inverse(inverse(inverse(inverse(X0)))),X8),inverse(multiply(X0,X8)))))) = X9 [forward demodulation 71037,49913]
71111. inverse(inverse(multiply(X9,multiply(multiply(X0,X8),inverse(multiply(X0,X8)))))) = X9 [forward demodulation 71079,71005]
71134. inverse(inverse(inverse(inverse(X9)))) = X9 [forward demodulation 71111,49913]
72860. multiply(X6,inverse(multiply(X7,inverse(multiply(X8,inverse(multiply(multiply(inverse(multiply(inverse(X9),multiply(inverse(inverse(multiply(inverse(X8),X4))),X7))),X10),inverse(multiply(X9,X10))))))))) = multiply(inverse(X11),multiply(X11,inverse(multiply(multiply(inverse(multiply(inverse(X3),inverse(multiply(X0,inverse(multiply(X1,inverse(multiply(multiply(inverse(multiply(inverse(X2),multiply(inverse(inverse(multiply(inverse(X1),multiply(inverse(inverse(X3)),X4)))),X0))),X5),inverse(multiply(X2,X5)))))))))),X12),inverse(multiply(X6,X12)))))) [superposition 650,43]
72885. inverse(multiply(X6,inverse(multiply(X7,inverse(multiply(multiply(inverse(multiply(inverse(X8),multiply(inverse(inverse(multiply(inverse(X7),X4))),X6))),X9),inverse(multiply(X8,X9)))))))) = multiply(multiply(inverse(X3),inverse(multiply(X0,inverse(multiply(X1,inverse(multiply(multiply(inverse(multiply(inverse(X2),multiply(inverse(inverse(multiply(inverse(X1),multiply(inverse(inverse(X3)),X4)))),X0))),X5),inverse(multiply(X2,X5))))))))),inverse(multiply(X10,inverse(X10)))) [superposition 28383,43]
73618. inverse(multiply(X6,inverse(multiply(X7,inverse(multiply(multiply(inverse(multiply(inverse(X8),multiply(inverse(inverse(multiply(inverse(X7),X4))),X6))),X9),inverse(multiply(X8,X9)))))))) = inverse(inverse(multiply(inverse(X3),inverse(multiply(X0,inverse(multiply(X1,inverse(multiply(multiply(inverse(multiply(inverse(X2),multiply(inverse(inverse(multiply(inverse(X1),multiply(inverse(inverse(X3)),X4)))),X0))),X5),inverse(multiply(X2,X5))))))))))) [forward demodulation 72885,70662]
73643. multiply(X6,inverse(multiply(X7,inverse(multiply(X8,inverse(multiply(multiply(inverse(multiply(inverse(X9),multiply(inverse(inverse(multiply(inverse(X8),X4))),X7))),X10),inverse(multiply(X9,X10))))))))) = inverse(inverse(inverse(multiply(multiply(inverse(multiply(inverse(X3),inverse(multiply(X0,inverse(multiply(X1,inverse(multiply(multiply(inverse(multiply(inverse(X2),multiply(inverse(inverse(multiply(inverse(X1),multiply(inverse(inverse(X3)),X4)))),X0))),X5),inverse(multiply(X2,X5)))))))))),X12),inverse(multiply(X6,X12)))))) [forward demodulation 72860,52741]
75565. inverse(inverse(X4)) = inverse(multiply(X6,inverse(multiply(X7,inverse(multiply(multiply(inverse(multiply(inverse(X8),multiply(inverse(inverse(multiply(inverse(X7),X4))),X6))),X9),inverse(multiply(X8,X9)))))))) [forward demodulation 73618,4]
75586. multiply(X6,inverse(multiply(X7,inverse(multiply(X8,inverse(multiply(multiply(inverse(multiply(inverse(X9),multiply(inverse(inverse(multiply(inverse(X8),X4))),X7))),X10),inverse(multiply(X9,X10))))))))) = inverse(inverse(inverse(inverse(inverse(multiply(inverse(multiply(inverse(X3),inverse(multiply(X0,inverse(multiply(X1,inverse(multiply(multiply(inverse(multiply(inverse(X2),multiply(inverse(inverse(multiply(inverse(X1),multiply(inverse(inverse(X3)),X4)))),X0))),X5),inverse(multiply(X2,X5)))))))))),inverse(X6))))))) [forward demodulation 73643,69590]
77420. inverse(inverse(X4)) = inverse(multiply(X6,inverse(multiply(X7,inverse(inverse(inverse(multiply(inverse(multiply(inverse(X8),multiply(inverse(inverse(multiply(inverse(X7),X4))),X6))),inverse(X8))))))))) [forward demodulation 75565,61044]
77435. multiply(X6,inverse(multiply(X7,inverse(multiply(X8,inverse(multiply(multiply(inverse(multiply(inverse(X9),multiply(inverse(inverse(multiply(inverse(X8),X4))),X7))),X10),inverse(multiply(X9,X10))))))))) = inverse(multiply(inverse(multiply(inverse(X3),inverse(multiply(X0,inverse(multiply(X1,inverse(multiply(multiply(inverse(multiply(inverse(X2),multiply(inverse(inverse(multiply(inverse(X1),multiply(inverse(inverse(X3)),X4)))),X0))),X5),inverse(multiply(X2,X5)))))))))),inverse(X6))) [forward demodulation 75586,71134]
79243. inverse(inverse(X4)) = inverse(multiply(X6,inverse(multiply(X7,multiply(inverse(inverse(X8)),multiply(inverse(X8),multiply(inverse(inverse(multiply(inverse(X7),X4))),X6))))))) [forward demodulation 77420,70496]
79258. multiply(X6,inverse(multiply(X7,inverse(multiply(X8,inverse(multiply(multiply(inverse(multiply(inverse(X9),multiply(inverse(inverse(multiply(inverse(X8),X4))),X7))),X10),inverse(multiply(X9,X10))))))))) = inverse(multiply(inverse(X4),inverse(X6))) [forward demodulation 77435,4]
81058. inverse(inverse(X4)) = inverse(multiply(X6,inverse(multiply(X7,inverse(inverse(multiply(inverse(inverse(multiply(inverse(X7),X4))),X6))))))) [forward demodulation 79243,56115]
81073. multiply(X6,inverse(multiply(X7,inverse(multiply(X8,inverse(inverse(inverse(multiply(inverse(multiply(inverse(X9),multiply(inverse(inverse(multiply(inverse(X8),X4))),X7))),inverse(X9)))))))))) = inverse(multiply(inverse(X4),inverse(X6))) [forward demodulation 79258,61044]
82860. inverse(inverse(X4)) = inverse(multiply(X6,inverse(multiply(X7,multiply(multiply(inverse(X7),X4),inverse(inverse(X6))))))) [forward demodulation 81058,70970]
82874. multiply(X6,inverse(multiply(X7,inverse(multiply(X8,multiply(inverse(inverse(X9)),multiply(inverse(X9),multiply(inverse(inverse(multiply(inverse(X8),X4))),X7)))))))) = inverse(multiply(inverse(X4),inverse(X6))) [forward demodulation 81073,70496]
83921. inverse(multiply(inverse(X4),inverse(X6))) = multiply(X6,inverse(multiply(X7,inverse(multiply(X8,inverse(inverse(multiply(inverse(inverse(multiply(inverse(X8),X4))),X7)))))))) [forward demodulation 82874,56115]
84104. inverse(multiply(inverse(X4),inverse(X6))) = multiply(X6,inverse(multiply(X7,inverse(multiply(X8,multiply(multiply(inverse(X8),X4),inverse(inverse(X7)))))))) [forward demodulation 83921,70970]
84256. inverse(multiply(inverse(X4),inverse(X6))) = multiply(X6,inverse(inverse(X4))) [forward demodulation 84104,82860]
86088. multiply(inverse(X1),multiply(X1,X0)) = multiply(inverse(inverse(inverse(X2))),multiply(inverse(X3),multiply(X3,inverse(inverse(multiply(inverse(inverse(X2)),X0)))))) [superposition 359,70762]
86090. multiply(inverse(inverse(X1)),multiply(inverse(X1),X0)) = multiply(inverse(inverse(inverse(X2))),multiply(inverse(X3),multiply(X3,inverse(inverse(multiply(inverse(inverse(X2)),X0)))))) [superposition 373,70762]
86142. multiply(inverse(inverse(X1)),multiply(inverse(X1),X0)) = multiply(inverse(inverse(inverse(X2))),inverse(inverse(inverse(inverse(multiply(inverse(inverse(X2)),X0)))))) [forward demodulation 86090,52758]
86144. multiply(inverse(X1),multiply(X1,X0)) = multiply(inverse(inverse(inverse(X2))),inverse(inverse(inverse(inverse(multiply(inverse(inverse(X2)),X0)))))) [forward demodulation 86088,52758]
86267. multiply(inverse(inverse(X1)),multiply(inverse(X1),X0)) = inverse(inverse(multiply(inverse(X2),inverse(inverse(multiply(inverse(inverse(X2)),X0)))))) [forward demodulation 86142,59779]
86269. multiply(inverse(X1),multiply(X1,X0)) = inverse(inverse(multiply(inverse(X2),inverse(inverse(multiply(inverse(inverse(X2)),X0)))))) [forward demodulation 86144,59779]
86349. multiply(inverse(inverse(X1)),multiply(inverse(X1),X0)) = inverse(multiply(inverse(multiply(inverse(inverse(X2)),X0)),inverse(inverse(X2)))) [forward demodulation 86267,84256]
86351. multiply(inverse(X1),multiply(X1,X0)) = inverse(multiply(inverse(multiply(inverse(inverse(X2)),X0)),inverse(inverse(X2)))) [forward demodulation 86269,84256]
86394. multiply(inverse(inverse(X1)),multiply(inverse(X1),X0)) = X0 [forward demodulation 86349,70357]
86395. multiply(inverse(X1),multiply(X1,X0)) = X0 [forward demodulation 86351,70357]
86408. inverse(inverse(X0)) = X0 [forward demodulation 86394,56115]
87438. multiply(X0,multiply(inverse(X0),X1)) = X1 [superposition 70762,86408]
87540. multiply(X1,inverse(X1)) = multiply(inverse(X0),X0) [superposition 41604,86408]
87541. inverse(inverse(X1)) = multiply(X1,multiply(inverse(X0),X0)) [superposition 49913,86408]
87554. multiply(X1,multiply(inverse(X0),X0)) = X1 [forward demodulation 87541,86408]
92531. multiply(X0,inverse(multiply(multiply(inverse(multiply(inverse(inverse(X1)),multiply(inverse(X1),X2))),multiply(inverse(X3),X3)),inverse(inverse(X0))))) = X2 [superposition 409,87554]
92535. inverse(multiply(multiply(inverse(multiply(inverse(X1),multiply(X1,multiply(X0,X2)))),multiply(inverse(X3),X3)),inverse(inverse(X0)))) = X2 [superposition 1012,87554]
92604. inverse(multiply(multiply(inverse(multiply(inverse(X1),multiply(X1,multiply(X0,X2)))),multiply(inverse(X3),X3)),X0)) = X2 [forward demodulation 92535,86408]
92608. multiply(X0,inverse(multiply(multiply(inverse(multiply(inverse(inverse(X1)),multiply(inverse(X1),X2))),multiply(inverse(X3),X3)),X0))) = X2 [forward demodulation 92531,86408]
92775. inverse(multiply(inverse(multiply(inverse(X1),multiply(X1,multiply(X0,X2)))),X0)) = X2 [forward demodulation 92604,87554]
92779. multiply(X0,inverse(multiply(inverse(multiply(inverse(inverse(X1)),multiply(inverse(X1),X2))),X0))) = X2 [forward demodulation 92608,87554]
92923. inverse(multiply(inverse(inverse(inverse(multiply(X0,X2)))),X0)) = X2 [forward demodulation 92775,56115]
92927. multiply(X0,inverse(multiply(inverse(inverse(inverse(X2))),X0))) = X2 [forward demodulation 92779,56115]
93049. inverse(multiply(inverse(multiply(X0,X2)),X0)) = X2 [forward demodulation 92923,86408]
93052. multiply(X0,inverse(multiply(inverse(X2),X0))) = X2 [forward demodulation 92927,86408]
98821. multiply(multiply(multiply(inverse(X1),multiply(X1,X2)),X3),inverse(multiply(multiply(inverse(X4),multiply(X4,X3)),inverse(multiply(X0,inverse(X0)))))) = X2 [superposition 1576,87540]
98852. multiply(inverse(X1),X2) = multiply(inverse(X3),multiply(X3,inverse(multiply(multiply(inverse(multiply(inverse(X4),multiply(X4,X2))),X1),inverse(multiply(X0,inverse(X0))))))) [superposition 650,87540]
98962. multiply(inverse(X1),X2) = inverse(inverse(inverse(multiply(multiply(inverse(multiply(inverse(X4),multiply(X4,X2))),X1),inverse(multiply(X0,inverse(X0))))))) [forward demodulation 98852,52741]
98992. multiply(multiply(multiply(inverse(X1),multiply(X1,X2)),X3),inverse(inverse(inverse(multiply(inverse(X4),multiply(X4,X3)))))) = X2 [forward demodulation 98821,70662]
99206. multiply(inverse(X1),X2) = inverse(multiply(multiply(inverse(multiply(inverse(X4),multiply(X4,X2))),X1),inverse(multiply(X0,inverse(X0))))) [forward demodulation 98962,86408]
99231. multiply(multiply(multiply(inverse(X1),multiply(X1,X2)),X3),inverse(multiply(inverse(X4),multiply(X4,X3)))) = X2 [forward demodulation 98992,86408]
99417. multiply(inverse(X1),X2) = inverse(inverse(inverse(multiply(inverse(multiply(inverse(X4),multiply(X4,X2))),X1)))) [forward demodulation 99206,70662]
99439. multiply(multiply(multiply(inverse(X1),multiply(X1,X2)),X3),inverse(inverse(inverse(X3)))) = X2 [forward demodulation 99231,56115]
99582. multiply(inverse(X1),X2) = inverse(multiply(inverse(multiply(inverse(X4),multiply(X4,X2))),X1)) [forward demodulation 99417,86408]
99596. multiply(multiply(multiply(inverse(X1),multiply(X1,X2)),X3),inverse(X3)) = X2 [forward demodulation 99439,86408]
99685. multiply(inverse(X1),X2) = inverse(multiply(inverse(inverse(inverse(X2))),X1)) [forward demodulation 99582,56115]
99693. multiply(multiply(inverse(inverse(X2)),X3),inverse(X3)) = X2 [forward demodulation 99596,56115]
99739. multiply(inverse(X1),X2) = inverse(multiply(inverse(X2),X1)) [forward demodulation 99685,86408]
99740. multiply(multiply(X2,X3),inverse(X3)) = X2 [forward demodulation 99693,86408]
101661. inverse(X1) = multiply(X0,inverse(multiply(X1,X0))) [superposition 99740,86395]
101771. inverse(X1) = multiply(inverse(multiply(X0,X1)),X0) [superposition 86395,99740]
117092. inverse(multiply(X1,X3)) = inverse(multiply(X0,multiply(inverse(multiply(inverse(X1),multiply(inverse(X2),multiply(X2,X0)))),X3))) [superposition 93049,152]
117095. inverse(multiply(inverse(inverse(X2)),X3)) = inverse(multiply(X0,multiply(inverse(multiply(inverse(inverse(X1)),multiply(inverse(X1),multiply(inverse(X2),X0)))),X3))) [superposition 93049,412]
117141. multiply(inverse(multiply(X1,X0)),X2) = multiply(inverse(X3),multiply(X3,inverse(multiply(multiply(inverse(multiply(inverse(X4),multiply(X4,X2))),X1),X0)))) [superposition 650,93049]
117352. multiply(inverse(multiply(X1,X0)),X2) = inverse(inverse(inverse(multiply(multiply(inverse(multiply(inverse(X4),multiply(X4,X2))),X1),X0)))) [forward demodulation 117141,52741]
117395. inverse(multiply(inverse(inverse(X2)),X3)) = inverse(multiply(X0,multiply(multiply(inverse(multiply(inverse(X1),multiply(inverse(X2),X0))),inverse(X1)),X3))) [forward demodulation 117095,99739]
117398. inverse(multiply(X1,X3)) = inverse(multiply(X0,multiply(multiply(inverse(multiply(inverse(X2),multiply(X2,X0))),X1),X3))) [forward demodulation 117092,99739]
117539. multiply(inverse(multiply(X1,X0)),X2) = inverse(multiply(multiply(inverse(multiply(inverse(X4),multiply(X4,X2))),X1),X0)) [forward demodulation 117352,86408]
117573. inverse(multiply(inverse(inverse(X2)),X3)) = inverse(multiply(X0,multiply(inverse(multiply(inverse(X2),X0)),X3))) [forward demodulation 117395,101771]
117576. inverse(multiply(X1,X3)) = inverse(multiply(X0,multiply(multiply(multiply(inverse(multiply(X2,X0)),X2),X1),X3))) [forward demodulation 117398,99739]
117678. multiply(inverse(multiply(X1,X0)),X2) = inverse(multiply(multiply(multiply(inverse(multiply(X4,X2)),X4),X1),X0)) [forward demodulation 117539,99739]
117701. inverse(multiply(inverse(inverse(X2)),X3)) = inverse(multiply(X0,multiply(multiply(inverse(X0),X2),X3))) [forward demodulation 117573,99739]
117704. inverse(multiply(X1,X3)) = inverse(multiply(X0,multiply(multiply(inverse(X0),X1),X3))) [forward demodulation 117576,101771]
117780. multiply(inverse(multiply(X1,X0)),X2) = inverse(multiply(multiply(inverse(X2),X1),X0)) [forward demodulation 117678,101771]
117799. multiply(inverse(X3),inverse(X2)) = inverse(multiply(X0,multiply(multiply(inverse(X0),X2),X3))) [forward demodulation 117701,99739]
117859. inverse(multiply(X2,X3)) = multiply(inverse(X3),inverse(X2)) [forward demodulation 117799,117704]
119188. multiply(inverse(inverse(X1)),multiply(inverse(X3),X0)) = multiply(inverse(inverse(X1)),multiply(inverse(X2),multiply(X2,inverse(multiply(inverse(X0),X3))))) [superposition 909,93052]
119195. multiply(inverse(X1),multiply(inverse(X2),X0)) = multiply(inverse(X1),multiply(inverse(X3),multiply(X3,inverse(multiply(inverse(X0),X2))))) [superposition 5098,93052]
119300. multiply(inverse(X1),multiply(inverse(X2),X0)) = multiply(inverse(X1),inverse(inverse(inverse(multiply(inverse(X0),X2))))) [forward demodulation 119195,52758]
119307. multiply(inverse(inverse(X1)),multiply(inverse(X3),X0)) = multiply(inverse(inverse(X1)),inverse(inverse(inverse(multiply(inverse(X0),X3))))) [forward demodulation 119188,52758]
119445. multiply(inverse(X1),multiply(inverse(X2),X0)) = inverse(multiply(inverse(inverse(multiply(inverse(X0),X2))),X1)) [forward demodulation 119300,117859]
119452. multiply(inverse(inverse(X1)),multiply(inverse(X3),X0)) = inverse(multiply(inverse(inverse(multiply(inverse(X0),X3))),inverse(X1))) [forward demodulation 119307,117859]
119572. multiply(inverse(X1),multiply(inverse(X2),X0)) = multiply(inverse(X1),inverse(multiply(inverse(X0),X2))) [forward demodulation 119445,99739]
119577. multiply(inverse(inverse(X1)),multiply(inverse(X3),X0)) = multiply(X1,inverse(inverse(inverse(multiply(inverse(X0),X3))))) [forward demodulation 119452,84256]
119677. multiply(inverse(X1),multiply(inverse(X2),X0)) = inverse(multiply(multiply(inverse(X0),X2),X1)) [forward demodulation 119572,117859]
119682. multiply(inverse(inverse(X1)),multiply(inverse(X3),X0)) = multiply(X1,inverse(multiply(inverse(X0),X3))) [forward demodulation 119577,86408]
119756. multiply(inverse(X1),multiply(inverse(X2),X0)) = multiply(inverse(multiply(X2,X1)),X0) [forward demodulation 119677,117780]
119760. multiply(inverse(inverse(X1)),multiply(inverse(X3),X0)) = multiply(X1,multiply(inverse(X3),X0)) [forward demodulation 119682,99739]
119804. multiply(X1,multiply(inverse(X3),X0)) = multiply(inverse(multiply(X3,inverse(X1))),X0) [forward demodulation 119760,119756]
121414. multiply(inverse(X1),multiply(inverse(X2),inverse(X0))) = multiply(inverse(X1),multiply(inverse(X3),multiply(X3,inverse(multiply(X0,X2))))) [superposition 5098,101661]
121418. multiply(X1,multiply(inverse(X2),multiply(X2,multiply(X3,inverse(multiply(X0,X4)))))) = multiply(X1,multiply(inverse(inverse(X3)),multiply(inverse(X4),inverse(X0)))) [superposition 7707,101661]
121438. multiply(inverse(inverse(X2)),multiply(inverse(inverse(X3)),inverse(X0))) = multiply(inverse(inverse(X1)),multiply(inverse(X1),multiply(X2,inverse(multiply(X0,inverse(X3)))))) [superposition 372,101661]
121450. multiply(X1,inverse(X0)) = inverse(multiply(X0,inverse(X1))) [superposition 87438,101661]
121503. multiply(inverse(inverse(X2)),multiply(inverse(inverse(X3)),inverse(X0))) = multiply(inverse(inverse(X2)),inverse(inverse(inverse(multiply(X0,inverse(X3)))))) [forward demodulation 121438,52745]
121522. multiply(X1,multiply(inverse(X2),multiply(X2,multiply(X3,inverse(multiply(X0,X4)))))) = multiply(X1,multiply(inverse(multiply(X4,inverse(X3))),inverse(X0))) [forward demodulation 121418,119756]
121526. multiply(inverse(X1),multiply(inverse(X2),inverse(X0))) = multiply(inverse(X1),inverse(inverse(inverse(multiply(X0,X2))))) [forward demodulation 121414,52758]
121666. multiply(inverse(inverse(X2)),multiply(inverse(inverse(X3)),inverse(X0))) = inverse(multiply(inverse(inverse(multiply(X0,inverse(X3)))),inverse(X2))) [forward demodulation 121503,117859]
121682. multiply(X1,multiply(inverse(X2),multiply(X2,multiply(X3,inverse(multiply(X0,X4)))))) = multiply(X1,inverse(multiply(X0,multiply(X4,inverse(X3))))) [forward demodulation 121522,117859]
121686. multiply(inverse(X1),multiply(inverse(X2),inverse(X0))) = inverse(multiply(inverse(inverse(multiply(X0,X2))),X1)) [forward demodulation 121526,117859]
121815. multiply(inverse(inverse(X2)),multiply(inverse(inverse(X3)),inverse(X0))) = multiply(X2,inverse(inverse(inverse(multiply(X0,inverse(X3)))))) [forward demodulation 121666,121450]
121827. multiply(X1,inverse(multiply(X0,multiply(X4,inverse(X3))))) = multiply(X1,multiply(inverse(inverse(X3)),inverse(inverse(inverse(multiply(X0,X4)))))) [forward demodulation 121682,52759]
121829. multiply(inverse(X1),multiply(inverse(X2),inverse(X0))) = multiply(inverse(X1),inverse(multiply(X0,X2))) [forward demodulation 121686,99739]
121943. multiply(X2,inverse(multiply(X0,inverse(X3)))) = multiply(inverse(inverse(X2)),multiply(inverse(inverse(X3)),inverse(X0))) [forward demodulation 121815,86408]
121954. multiply(X1,inverse(multiply(X0,multiply(X4,inverse(X3))))) = multiply(X1,inverse(inverse(multiply(X3,inverse(multiply(X0,X4)))))) [forward demodulation 121827,59774]
121956. multiply(inverse(X1),multiply(inverse(X2),inverse(X0))) = inverse(multiply(multiply(X0,X2),X1)) [forward demodulation 121829,117859]
122047. multiply(X2,inverse(multiply(X0,inverse(X3)))) = multiply(inverse(multiply(inverse(X3),inverse(X2))),inverse(X0)) [forward demodulation 121943,119756]
122054. multiply(X1,inverse(multiply(X0,multiply(X4,inverse(X3))))) = multiply(X1,multiply(X3,inverse(multiply(X0,X4)))) [forward demodulation 121954,86408]
122056. inverse(multiply(multiply(X0,X2),X1)) = multiply(inverse(multiply(X2,X1)),inverse(X0)) [forward demodulation 121956,119756]
122126. multiply(X2,inverse(multiply(X0,inverse(X3)))) = inverse(multiply(X0,multiply(inverse(X3),inverse(X2)))) [forward demodulation 122047,117859]
122132. inverse(multiply(multiply(X0,X2),X1)) = inverse(multiply(X0,multiply(X2,X1))) [forward demodulation 122056,117859]
122185. inverse(multiply(X0,inverse(multiply(X2,X3)))) = multiply(X2,inverse(multiply(X0,inverse(X3)))) [forward demodulation 122126,117859]
122217. multiply(X2,multiply(X3,inverse(X0))) = inverse(multiply(X0,inverse(multiply(X2,X3)))) [forward demodulation 122185,121450]
122233. multiply(X2,multiply(X3,inverse(X0))) = multiply(multiply(X2,X3),inverse(X0)) [forward demodulation 122217,121450]
123610. inverse(multiply(X2,inverse(multiply(multiply(inverse(multiply(inverse(X3),multiply(X3,X1))),X4),inverse(multiply(X0,X4)))))) = multiply(inverse(multiply(X0,X1)),inverse(X2)) [superposition 101771,650]
123611. multiply(inverse(X0),inverse(X1)) = inverse(multiply(X1,inverse(multiply(multiply(inverse(X2),multiply(X2,X3)),inverse(multiply(X4,multiply(multiply(inverse(X4),X0),X3))))))) [superposition 101771,663]
123653. inverse(inverse(multiply(X1,X2))) = multiply(X0,multiply(inverse(multiply(inverse(X1),multiply(inverse(X3),multiply(X3,X0)))),X2)) [superposition 101771,152]
123973. inverse(inverse(multiply(X1,X2))) = multiply(X0,multiply(multiply(inverse(multiply(inverse(X3),multiply(X3,X0))),X1),X2)) [forward demodulation 123653,99739]
124011. multiply(inverse(X0),inverse(X1)) = multiply(multiply(multiply(inverse(X2),multiply(X2,X3)),inverse(multiply(X4,multiply(multiply(inverse(X4),X0),X3)))),inverse(X1)) [forward demodulation 123611,121450]
124012. inverse(multiply(X2,inverse(multiply(multiply(inverse(multiply(inverse(X3),multiply(X3,X1))),X4),inverse(multiply(X0,X4)))))) = inverse(multiply(X2,multiply(X0,X1))) [forward demodulation 123610,117859]
124182. inverse(inverse(multiply(X1,X2))) = multiply(X0,multiply(multiply(multiply(inverse(multiply(X3,X0)),X3),X1),X2)) [forward demodulation 123973,99739]
124216. multiply(inverse(X0),inverse(X1)) = multiply(multiply(inverse(X2),multiply(X2,X3)),multiply(inverse(multiply(X4,multiply(multiply(inverse(X4),X0),X3))),inverse(X1))) [forward demodulation 124011,122233]
124217. inverse(multiply(X2,multiply(X0,X1))) = multiply(multiply(multiply(inverse(multiply(inverse(X3),multiply(X3,X1))),X4),inverse(multiply(X0,X4))),inverse(X2)) [forward demodulation 124012,121450]
124370. multiply(X0,multiply(multiply(inverse(X0),X1),X2)) = inverse(inverse(multiply(X1,X2))) [forward demodulation 124182,101771]
124402. multiply(inverse(X0),inverse(X1)) = multiply(multiply(inverse(X2),multiply(X2,X3)),inverse(multiply(X1,multiply(X4,multiply(multiply(inverse(X4),X0),X3))))) [forward demodulation 124216,117859]
124403. inverse(multiply(X2,multiply(X0,X1))) = multiply(multiply(inverse(multiply(inverse(X3),multiply(X3,X1))),X4),multiply(inverse(multiply(X0,X4)),inverse(X2))) [forward demodulation 124217,122233]
124523. multiply(X1,X2) = multiply(X0,multiply(multiply(inverse(X0),X1),X2)) [forward demodulation 124370,86408]
124552. multiply(inverse(X0),inverse(X1)) = multiply(inverse(X2),multiply(multiply(X2,X3),inverse(multiply(X1,multiply(X4,multiply(multiply(inverse(X4),X0),X3)))))) [forward demodulation 124402,122233]
124553. inverse(multiply(X2,multiply(X0,X1))) = multiply(multiply(inverse(multiply(inverse(X3),multiply(X3,X1))),X4),inverse(multiply(X2,multiply(X0,X4)))) [forward demodulation 124403,117859]
124669. multiply(inverse(X0),inverse(X1)) = multiply(inverse(X2),multiply(X2,multiply(X3,inverse(multiply(X1,multiply(X4,multiply(multiply(inverse(X4),X0),X3))))))) [forward demodulation 124552,122233]
124670. inverse(multiply(X2,multiply(X0,X1))) = multiply(inverse(multiply(inverse(X3),multiply(X3,X1))),multiply(X4,inverse(multiply(X2,multiply(X0,X4))))) [forward demodulation 124553,122233]
124746. multiply(inverse(X0),inverse(X1)) = multiply(inverse(inverse(X3)),inverse(inverse(inverse(multiply(X1,multiply(X4,multiply(multiply(inverse(X4),X0),X3))))))) [forward demodulation 124669,52745]
124747. inverse(multiply(X2,multiply(X0,X1))) = multiply(multiply(inverse(multiply(X3,X1)),X3),multiply(X4,inverse(multiply(X2,multiply(X0,X4))))) [forward demodulation 124670,99739]
124800. multiply(inverse(X0),inverse(X1)) = inverse(multiply(inverse(inverse(multiply(X1,multiply(X4,multiply(multiply(inverse(X4),X0),X3))))),inverse(X3))) [forward demodulation 124746,117859]
124801. inverse(multiply(X2,multiply(X0,X1))) = multiply(inverse(X1),multiply(X4,inverse(multiply(X2,multiply(X0,X4))))) [forward demodulation 124747,101771]
124832. multiply(inverse(X0),inverse(X1)) = multiply(X3,inverse(inverse(inverse(multiply(X1,multiply(X4,multiply(multiply(inverse(X4),X0),X3))))))) [forward demodulation 124800,121450]
124853. multiply(inverse(X0),inverse(X1)) = multiply(X3,inverse(multiply(X1,multiply(X4,multiply(multiply(inverse(X4),X0),X3))))) [forward demodulation 124832,86408]
124862. multiply(inverse(X0),inverse(X1)) = multiply(X3,inverse(multiply(X1,multiply(X0,X3)))) [forward demodulation 124853,124523]
124868. inverse(multiply(X1,X0)) = multiply(X3,inverse(multiply(X1,multiply(X0,X3)))) [forward demodulation 124862,117859]
155290. multiply(multiply(inverse(X0),X1),inverse(X2)) = inverse(multiply(X2,multiply(inverse(X1),X0))) [superposition 117859,99739]
155673. multiply(inverse(X0),multiply(X1,inverse(X2))) = inverse(multiply(X2,multiply(inverse(X1),X0))) [forward demodulation 155290,122233]
157633. multiply(inverse(X4),multiply(X4,multiply(X0,inverse(multiply(multiply(inverse(X1),X2),inverse(multiply(X3,X2))))))) = multiply(inverse(inverse(X0)),inverse(multiply(multiply(inverse(multiply(inverse(X6),multiply(inverse(inverse(X3)),X1))),inverse(multiply(multiply(inverse(multiply(inverse(X7),multiply(inverse(X6),X8))),X9),inverse(multiply(X7,X9))))),inverse(X8)))) [superposition 29,140]
159037. multiply(inverse(X4),multiply(X4,multiply(X0,inverse(multiply(multiply(inverse(X1),X2),inverse(multiply(X3,X2))))))) = inverse(multiply(multiply(multiply(inverse(multiply(inverse(X6),multiply(inverse(inverse(X3)),X1))),inverse(multiply(multiply(inverse(multiply(inverse(X7),multiply(inverse(X6),X8))),X9),inverse(multiply(X7,X9))))),inverse(X8)),inverse(X0))) [forward demodulation 157633,117859]
159043. multiply(inverse(X4),multiply(X4,multiply(X0,inverse(multiply(multiply(inverse(X1),X2),inverse(multiply(X3,X2))))))) = inverse(multiply(multiply(inverse(multiply(inverse(X6),multiply(inverse(inverse(X3)),X1))),inverse(multiply(multiply(inverse(multiply(inverse(X7),multiply(inverse(X6),X8))),X9),inverse(multiply(X7,X9))))),multiply(inverse(X8),inverse(X0)))) [forward demodulation 159037,122132]
159049. multiply(inverse(X4),multiply(X4,multiply(X0,inverse(multiply(multiply(inverse(X1),X2),inverse(multiply(X3,X2))))))) = multiply(inverse(multiply(inverse(multiply(multiply(inverse(multiply(inverse(X7),multiply(inverse(X6),X8))),X9),inverse(multiply(X7,X9)))),multiply(inverse(X8),inverse(X0)))),multiply(inverse(X6),multiply(inverse(inverse(X3)),X1))) [forward demodulation 159043,117780]
159055. multiply(inverse(X4),multiply(X4,multiply(X0,inverse(multiply(multiply(inverse(X1),X2),inverse(multiply(X3,X2))))))) = multiply(inverse(multiply(X6,multiply(inverse(multiply(multiply(inverse(multiply(inverse(X7),multiply(inverse(X6),X8))),X9),inverse(multiply(X7,X9)))),multiply(inverse(X8),inverse(X0))))),multiply(inverse(inverse(X3)),X1)) [forward demodulation 159049,119756]
159061. multiply(inverse(X4),multiply(X4,multiply(X0,inverse(multiply(multiply(inverse(X1),X2),inverse(multiply(X3,X2))))))) = multiply(inverse(multiply(inverse(X3),multiply(X6,multiply(inverse(multiply(multiply(inverse(multiply(inverse(X7),multiply(inverse(X6),X8))),X9),inverse(multiply(X7,X9)))),multiply(inverse(X8),inverse(X0)))))),X1) [forward demodulation 159055,119756]
159067. multiply(inverse(X4),multiply(X4,multiply(X0,inverse(multiply(multiply(inverse(X1),X2),inverse(multiply(X3,X2))))))) = multiply(multiply(inverse(multiply(X6,multiply(inverse(multiply(multiply(inverse(multiply(inverse(X7),multiply(inverse(X6),X8))),X9),inverse(multiply(X7,X9)))),multiply(inverse(X8),inverse(X0))))),X3),X1) [forward demodulation 159061,99739]
159073. multiply(inverse(X4),multiply(X4,multiply(X0,inverse(multiply(multiply(inverse(X1),X2),inverse(multiply(X3,X2))))))) = multiply(multiply(multiply(inverse(multiply(inverse(X8),inverse(X0))),multiply(multiply(multiply(inverse(multiply(inverse(X7),multiply(inverse(X6),X8))),X9),inverse(multiply(X7,X9))),inverse(X6))),X3),X1) [forward demodulation 159067,155673]
159079. multiply(inverse(X4),multiply(X4,multiply(X0,inverse(multiply(multiply(inverse(X1),X2),inverse(multiply(X3,X2))))))) = multiply(multiply(multiply(X0,multiply(inverse(inverse(X8)),multiply(multiply(multiply(inverse(multiply(inverse(X7),multiply(inverse(X6),X8))),X9),inverse(multiply(X7,X9))),inverse(X6)))),X3),X1) [forward demodulation 159073,119804]
159084. multiply(inverse(X4),multiply(X4,multiply(X0,inverse(multiply(multiply(inverse(X1),X2),inverse(multiply(X3,X2))))))) = multiply(multiply(multiply(X0,multiply(inverse(inverse(X8)),multiply(multiply(inverse(multiply(inverse(X7),multiply(inverse(X6),X8))),X9),multiply(inverse(multiply(X7,X9)),inverse(X6))))),X3),X1) [forward demodulation 159079,122233]
159088. multiply(inverse(X4),multiply(X4,multiply(X0,inverse(multiply(multiply(inverse(X1),X2),inverse(multiply(X3,X2))))))) = multiply(multiply(multiply(X0,multiply(inverse(inverse(X8)),multiply(multiply(inverse(multiply(inverse(X7),multiply(inverse(X6),X8))),X9),inverse(multiply(X6,multiply(X7,X9)))))),X3),X1) [forward demodulation 159084,117859]
159092. multiply(inverse(X4),multiply(X4,multiply(X0,inverse(multiply(multiply(inverse(X1),X2),inverse(multiply(X3,X2))))))) = multiply(multiply(multiply(X0,multiply(inverse(inverse(X8)),multiply(inverse(multiply(inverse(X7),multiply(inverse(X6),X8))),multiply(X9,inverse(multiply(X6,multiply(X7,X9))))))),X3),X1) [forward demodulation 159088,122233]
159096. multiply(inverse(X4),multiply(X4,multiply(X0,inverse(multiply(multiply(inverse(X1),X2),inverse(multiply(X3,X2))))))) = multiply(multiply(multiply(X0,multiply(inverse(multiply(multiply(inverse(X7),multiply(inverse(X6),X8)),inverse(X8))),multiply(X9,inverse(multiply(X6,multiply(X7,X9)))))),X3),X1) [forward demodulation 159092,119756]
159100. multiply(inverse(X4),multiply(X4,multiply(X0,inverse(multiply(multiply(inverse(X1),X2),inverse(multiply(X3,X2))))))) = multiply(multiply(multiply(X0,inverse(multiply(X6,multiply(X7,multiply(multiply(inverse(X7),multiply(inverse(X6),X8)),inverse(X8)))))),X3),X1) [forward demodulation 159096,124801]
159104. multiply(inverse(X4),multiply(X4,multiply(X0,inverse(multiply(multiply(inverse(X1),X2),inverse(multiply(X3,X2))))))) = multiply(multiply(multiply(X0,inverse(multiply(X6,multiply(multiply(inverse(X6),X8),inverse(X8))))),X3),X1) [forward demodulation 159100,124523]
159107. multiply(inverse(X4),multiply(X4,multiply(X0,inverse(multiply(multiply(inverse(X1),X2),inverse(multiply(X3,X2))))))) = multiply(multiply(multiply(X0,multiply(X8,inverse(multiply(X6,multiply(inverse(X6),X8))))),X3),X1) [forward demodulation 159104,122054]
159110. multiply(inverse(X4),multiply(X4,multiply(X0,inverse(multiply(multiply(inverse(X1),X2),inverse(multiply(X3,X2))))))) = multiply(multiply(multiply(X0,inverse(multiply(X6,inverse(X6)))),X3),X1) [forward demodulation 159107,124868]
159113. multiply(inverse(X4),multiply(X4,multiply(X0,inverse(multiply(multiply(inverse(X1),X2),inverse(multiply(X3,X2))))))) = multiply(multiply(inverse(inverse(X0)),X3),X1) [forward demodulation 159110,70662]
159116. multiply(inverse(X4),multiply(X4,multiply(X0,inverse(multiply(multiply(inverse(X1),X2),inverse(multiply(X3,X2))))))) = multiply(multiply(X0,X3),X1) [forward demodulation 159113,86408]
159119. multiply(inverse(inverse(X0)),inverse(inverse(inverse(multiply(multiply(inverse(X1),X2),inverse(multiply(X3,X2))))))) = multiply(multiply(X0,X3),X1) [forward demodulation 159116,52745]
159122. multiply(multiply(X0,X3),X1) = inverse(multiply(inverse(inverse(multiply(multiply(inverse(X1),X2),inverse(multiply(X3,X2))))),inverse(X0))) [forward demodulation 159119,117859]
159125. multiply(multiply(X0,X3),X1) = multiply(X0,inverse(inverse(inverse(multiply(multiply(inverse(X1),X2),inverse(multiply(X3,X2))))))) [forward demodulation 159122,121450]
159128. multiply(X0,inverse(multiply(multiply(inverse(X1),X2),inverse(multiply(X3,X2))))) = multiply(multiply(X0,X3),X1) [forward demodulation 159125,86408]
159131. multiply(X0,inverse(inverse(inverse(multiply(inverse(X1),inverse(X3)))))) = multiply(multiply(X0,X3),X1) [forward demodulation 159128,69590]
159133. multiply(X0,multiply(inverse(inverse(X3)),X1)) = multiply(multiply(X0,X3),X1) [forward demodulation 159131,70496]
159135. multiply(X0,multiply(X3,X1)) = multiply(multiply(X0,X3),X1) [forward demodulation 159133,86408]
163116. multiply(a,multiply(b,c)) != multiply(a,multiply(b,c)) [superposition 2,159135]
163231. $false [trivial inequality removal 163116]
% SZS output end Proof for GRP014-1
% ------------------------------
% Version: Vampire 5.0.0 (Release build, commit 2e2c9b7b8 on 2026-01-17 12:24:14 +0100)
% Linked with Z3 4.14.0.0 3c47fd96cf5645d0c42b2c819d9e9a84380aa721 z3-4.8.4-9178-g3c47fd96c
% CaDiCaL version: 2.1.3
% Termination reason: Refutation
% Time elapsed: 4.794 s
% Peak memory usage: 205 MB
% Instructions burned: 22712 (million)
% ------------------------------
% ------------------------------
