% Running in auto input_syntax mode. Trying TPTP
% Refutation found. Thanks to Tanya!
% SZS status Theorem for GRP643+1
% SZS output start Proof for GRP643+1
1. ! [X0] : ((l1_group_1(X0) & v4_group_1(X0) & v3_group_1(X0) & ~v3_struct_0(X0)) => ! [X1] : ((m1_group_2(X1,X0) & v1_group_1(X1)) => ! [X2] : (m1_subset_1(X2,u1_struct_0(X0)) => ! [X3] : (m1_subset_1(X3,u1_struct_0(X0)) => ((r2_hidden(X3,k1_funct_1(k1_latsubgr(X0),X1)) & r2_hidden(X2,k1_funct_1(k1_latsubgr(X0),X1))) => r2_hidden(k1_group_1(X0,X2,X3),k1_funct_1(k1_latsubgr(X0),X1))))))) [input(conjecture)]
2. ~! [X0] : ((l1_group_1(X0) & v4_group_1(X0) & v3_group_1(X0) & ~v3_struct_0(X0)) => ! [X1] : ((m1_group_2(X1,X0) & v1_group_1(X1)) => ! [X2] : (m1_subset_1(X2,u1_struct_0(X0)) => ! [X3] : (m1_subset_1(X3,u1_struct_0(X0)) => ((r2_hidden(X3,k1_funct_1(k1_latsubgr(X0),X1)) & r2_hidden(X2,k1_funct_1(k1_latsubgr(X0),X1))) => r2_hidden(k1_group_1(X0,X2,X3),k1_funct_1(k1_latsubgr(X0),X1))))))) [negated conjecture 1]
11. ! [X0,X1,X2] : ((m1_subset_1(X2,u1_struct_0(X0)) & m1_subset_1(X1,u1_struct_0(X0)) & l1_group_1(X0) & ~v3_struct_0(X0)) => m1_subset_1(k1_group_1(X0,X1,X2),u1_struct_0(X0))) [input(axiom)]
47. ! [X0] : ((l1_group_1(X0) & v4_group_1(X0) & v3_group_1(X0) & ~v3_struct_0(X0)) => ! [X1] : ((m1_group_2(X1,X0) & v1_group_1(X1)) => ! [X2] : (m1_subset_1(X2,u1_struct_0(X0)) => (r2_hidden(X2,k1_funct_1(k1_latsubgr(X0),X1)) <=> r1_rlvect_1(X1,X2))))) [input(axiom)]
52. ! [X0] : ((l1_group_1(X0) & v4_group_1(X0) & v3_group_1(X0) & ~v3_struct_0(X0)) => ! [X1] : (m1_subset_1(X1,u1_struct_0(X0)) => ! [X2] : (m1_subset_1(X2,u1_struct_0(X0)) => ! [X3] : (m1_group_2(X3,X0) => ((r1_rlvect_1(X3,X2) & r1_rlvect_1(X3,X1)) => r1_rlvect_1(X3,k1_group_1(X0,X1,X2))))))) [input(axiom)]
62. ? [X0] : (? [X1] : (? [X2] : (? [X3] : ((~r2_hidden(k1_group_1(X0,X2,X3),k1_funct_1(k1_latsubgr(X0),X1)) & (r2_hidden(X3,k1_funct_1(k1_latsubgr(X0),X1)) & r2_hidden(X2,k1_funct_1(k1_latsubgr(X0),X1)))) & m1_subset_1(X3,u1_struct_0(X0))) & m1_subset_1(X2,u1_struct_0(X0))) & (m1_group_2(X1,X0) & v1_group_1(X1))) & (l1_group_1(X0) & v4_group_1(X0) & v3_group_1(X0) & ~v3_struct_0(X0))) [ennf transformation 2]
63. ? [X0] : (? [X1] : (? [X2] : (? [X3] : (~r2_hidden(k1_group_1(X0,X2,X3),k1_funct_1(k1_latsubgr(X0),X1)) & r2_hidden(X3,k1_funct_1(k1_latsubgr(X0),X1)) & r2_hidden(X2,k1_funct_1(k1_latsubgr(X0),X1)) & m1_subset_1(X3,u1_struct_0(X0))) & m1_subset_1(X2,u1_struct_0(X0))) & m1_group_2(X1,X0) & v1_group_1(X1)) & l1_group_1(X0) & v4_group_1(X0) & v3_group_1(X0) & ~v3_struct_0(X0)) [flattening 62]
75. ! [X0,X1,X2] : (m1_subset_1(k1_group_1(X0,X1,X2),u1_struct_0(X0)) | (~m1_subset_1(X2,u1_struct_0(X0)) | ~m1_subset_1(X1,u1_struct_0(X0)) | ~l1_group_1(X0) | v3_struct_0(X0))) [ennf transformation 11]
76. ! [X0,X1,X2] : (m1_subset_1(k1_group_1(X0,X1,X2),u1_struct_0(X0)) | ~m1_subset_1(X2,u1_struct_0(X0)) | ~m1_subset_1(X1,u1_struct_0(X0)) | ~l1_group_1(X0) | v3_struct_0(X0)) [flattening 75]
97. ! [X0] : (! [X1] : (! [X2] : ((r2_hidden(X2,k1_funct_1(k1_latsubgr(X0),X1)) <=> r1_rlvect_1(X1,X2)) | ~m1_subset_1(X2,u1_struct_0(X0))) | (~m1_group_2(X1,X0) | ~v1_group_1(X1))) | (~l1_group_1(X0) | ~v4_group_1(X0) | ~v3_group_1(X0) | v3_struct_0(X0))) [ennf transformation 47]
98. ! [X0] : (! [X1] : (! [X2] : ((r2_hidden(X2,k1_funct_1(k1_latsubgr(X0),X1)) <=> r1_rlvect_1(X1,X2)) | ~m1_subset_1(X2,u1_struct_0(X0))) | ~m1_group_2(X1,X0) | ~v1_group_1(X1)) | ~l1_group_1(X0) | ~v4_group_1(X0) | ~v3_group_1(X0) | v3_struct_0(X0)) [flattening 97]
105. ! [X0] : (! [X1] : (! [X2] : (! [X3] : ((r1_rlvect_1(X3,k1_group_1(X0,X1,X2)) | (~r1_rlvect_1(X3,X2) | ~r1_rlvect_1(X3,X1))) | ~m1_group_2(X3,X0)) | ~m1_subset_1(X2,u1_struct_0(X0))) | ~m1_subset_1(X1,u1_struct_0(X0))) | (~l1_group_1(X0) | ~v4_group_1(X0) | ~v3_group_1(X0) | v3_struct_0(X0))) [ennf transformation 52]
106. ! [X0] : (! [X1] : (! [X2] : (! [X3] : (r1_rlvect_1(X3,k1_group_1(X0,X1,X2)) | ~r1_rlvect_1(X3,X2) | ~r1_rlvect_1(X3,X1) | ~m1_group_2(X3,X0)) | ~m1_subset_1(X2,u1_struct_0(X0))) | ~m1_subset_1(X1,u1_struct_0(X0))) | ~l1_group_1(X0) | ~v4_group_1(X0) | ~v3_group_1(X0) | v3_struct_0(X0)) [flattening 105]
111. ? [X0] : (? [X1] : (? [X2] : (? [X3] : (~r2_hidden(k1_group_1(X0,X2,X3),k1_funct_1(k1_latsubgr(X0),X1)) & r2_hidden(X3,k1_funct_1(k1_latsubgr(X0),X1)) & r2_hidden(X2,k1_funct_1(k1_latsubgr(X0),X1)) & m1_subset_1(X3,u1_struct_0(X0))) & m1_subset_1(X2,u1_struct_0(X0))) & m1_group_2(X1,X0) & v1_group_1(X1)) & l1_group_1(X0) & v4_group_1(X0) & v3_group_1(X0) & ~v3_struct_0(X0)) => (? [X1] : (? [X2] : (? [X3] : (~r2_hidden(k1_group_1(sK0,X2,X3),k1_funct_1(k1_latsubgr(sK0),X1)) & r2_hidden(X3,k1_funct_1(k1_latsubgr(sK0),X1)) & r2_hidden(X2,k1_funct_1(k1_latsubgr(sK0),X1)) & m1_subset_1(X3,u1_struct_0(sK0))) & m1_subset_1(X2,u1_struct_0(sK0))) & m1_group_2(X1,sK0) & v1_group_1(X1)) & l1_group_1(sK0) & v4_group_1(sK0) & v3_group_1(sK0) & ~v3_struct_0(sK0)) [choice axiom]
112. ? [X1] : (? [X2] : (? [X3] : (~r2_hidden(k1_group_1(sK0,X2,X3),k1_funct_1(k1_latsubgr(sK0),X1)) & r2_hidden(X3,k1_funct_1(k1_latsubgr(sK0),X1)) & r2_hidden(X2,k1_funct_1(k1_latsubgr(sK0),X1)) & m1_subset_1(X3,u1_struct_0(sK0))) & m1_subset_1(X2,u1_struct_0(sK0))) & m1_group_2(X1,sK0) & v1_group_1(X1)) => (? [X2] : (? [X3] : (~r2_hidden(k1_group_1(sK0,X2,X3),k1_funct_1(k1_latsubgr(sK0),sK1)) & r2_hidden(X3,k1_funct_1(k1_latsubgr(sK0),sK1)) & r2_hidden(X2,k1_funct_1(k1_latsubgr(sK0),sK1)) & m1_subset_1(X3,u1_struct_0(sK0))) & m1_subset_1(X2,u1_struct_0(sK0))) & m1_group_2(sK1,sK0) & v1_group_1(sK1)) [choice axiom]
113. ? [X2] : (? [X3] : (~r2_hidden(k1_group_1(sK0,X2,X3),k1_funct_1(k1_latsubgr(sK0),sK1)) & r2_hidden(X3,k1_funct_1(k1_latsubgr(sK0),sK1)) & r2_hidden(X2,k1_funct_1(k1_latsubgr(sK0),sK1)) & m1_subset_1(X3,u1_struct_0(sK0))) & m1_subset_1(X2,u1_struct_0(sK0))) => (? [X3] : (~r2_hidden(k1_group_1(sK0,sK2,X3),k1_funct_1(k1_latsubgr(sK0),sK1)) & r2_hidden(X3,k1_funct_1(k1_latsubgr(sK0),sK1)) & r2_hidden(sK2,k1_funct_1(k1_latsubgr(sK0),sK1)) & m1_subset_1(X3,u1_struct_0(sK0))) & m1_subset_1(sK2,u1_struct_0(sK0))) [choice axiom]
114. ? [X3] : (~r2_hidden(k1_group_1(sK0,sK2,X3),k1_funct_1(k1_latsubgr(sK0),sK1)) & r2_hidden(X3,k1_funct_1(k1_latsubgr(sK0),sK1)) & r2_hidden(sK2,k1_funct_1(k1_latsubgr(sK0),sK1)) & m1_subset_1(X3,u1_struct_0(sK0))) => (~r2_hidden(k1_group_1(sK0,sK2,sK3),k1_funct_1(k1_latsubgr(sK0),sK1)) & r2_hidden(sK3,k1_funct_1(k1_latsubgr(sK0),sK1)) & r2_hidden(sK2,k1_funct_1(k1_latsubgr(sK0),sK1)) & m1_subset_1(sK3,u1_struct_0(sK0))) [choice axiom]
115. (((~r2_hidden(k1_group_1(sK0,sK2,sK3),k1_funct_1(k1_latsubgr(sK0),sK1)) & r2_hidden(sK3,k1_funct_1(k1_latsubgr(sK0),sK1)) & r2_hidden(sK2,k1_funct_1(k1_latsubgr(sK0),sK1)) & m1_subset_1(sK3,u1_struct_0(sK0))) & m1_subset_1(sK2,u1_struct_0(sK0))) & m1_group_2(sK1,sK0) & v1_group_1(sK1)) & l1_group_1(sK0) & v4_group_1(sK0) & v3_group_1(sK0) & ~v3_struct_0(sK0) [skolemisation 63,114,113,112,111]
145. ! [X0] : (! [X1] : (! [X2] : (((r2_hidden(X2,k1_funct_1(k1_latsubgr(X0),X1)) | ~r1_rlvect_1(X1,X2)) & (r1_rlvect_1(X1,X2) | ~r2_hidden(X2,k1_funct_1(k1_latsubgr(X0),X1)))) | ~m1_subset_1(X2,u1_struct_0(X0))) | ~m1_group_2(X1,X0) | ~v1_group_1(X1)) | ~l1_group_1(X0) | ~v4_group_1(X0) | ~v3_group_1(X0) | v3_struct_0(X0)) [nnf transformation 98]
146. ~v3_struct_0(sK0) [cnf transformation 115]
147. v3_group_1(sK0) [cnf transformation 115]
148. v4_group_1(sK0) [cnf transformation 115]
149. l1_group_1(sK0) [cnf transformation 115]
150. v1_group_1(sK1) [cnf transformation 115]
151. m1_group_2(sK1,sK0) [cnf transformation 115]
152. m1_subset_1(sK2,u1_struct_0(sK0)) [cnf transformation 115]
153. m1_subset_1(sK3,u1_struct_0(sK0)) [cnf transformation 115]
154. r2_hidden(sK2,k1_funct_1(k1_latsubgr(sK0),sK1)) [cnf transformation 115]
155. r2_hidden(sK3,k1_funct_1(k1_latsubgr(sK0),sK1)) [cnf transformation 115]
156. ~r2_hidden(k1_group_1(sK0,sK2,sK3),k1_funct_1(k1_latsubgr(sK0),sK1)) [cnf transformation 115]
170. m1_subset_1(k1_group_1(X0,X1,X2),u1_struct_0(X0)) | ~m1_subset_1(X2,u1_struct_0(X0)) | ~m1_subset_1(X1,u1_struct_0(X0)) | ~l1_group_1(X0) | v3_struct_0(X0) [cnf transformation 76]
213. ~r2_hidden(X2,k1_funct_1(k1_latsubgr(X0),X1)) | r1_rlvect_1(X1,X2) | ~m1_subset_1(X2,u1_struct_0(X0)) | ~m1_group_2(X1,X0) | ~v1_group_1(X1) | ~l1_group_1(X0) | ~v4_group_1(X0) | ~v3_group_1(X0) | v3_struct_0(X0) [cnf transformation 145]
214. r2_hidden(X2,k1_funct_1(k1_latsubgr(X0),X1)) | ~r1_rlvect_1(X1,X2) | ~m1_subset_1(X2,u1_struct_0(X0)) | ~m1_group_2(X1,X0) | ~v1_group_1(X1) | ~l1_group_1(X0) | ~v4_group_1(X0) | ~v3_group_1(X0) | v3_struct_0(X0) [cnf transformation 145]
219. r1_rlvect_1(X3,k1_group_1(X0,X1,X2)) | ~r1_rlvect_1(X3,X2) | ~r1_rlvect_1(X3,X1) | ~m1_group_2(X3,X0) | ~m1_subset_1(X2,u1_struct_0(X0)) | ~m1_subset_1(X1,u1_struct_0(X0)) | ~l1_group_1(X0) | ~v4_group_1(X0) | ~v3_group_1(X0) | v3_struct_0(X0) [cnf transformation 106]
425. r1_rlvect_1(sK1,sK2) | ~m1_subset_1(sK2,u1_struct_0(sK0)) | ~m1_group_2(sK1,sK0) | ~v1_group_1(sK1) | ~l1_group_1(sK0) | ~v4_group_1(sK0) | ~v3_group_1(sK0) | v3_struct_0(sK0) [resolution 213,154]
426. r1_rlvect_1(sK1,sK3) | ~m1_subset_1(sK3,u1_struct_0(sK0)) | ~m1_group_2(sK1,sK0) | ~v1_group_1(sK1) | ~l1_group_1(sK0) | ~v4_group_1(sK0) | ~v3_group_1(sK0) | v3_struct_0(sK0) [resolution 213,155]
428. r1_rlvect_1(sK1,sK2) | ~m1_group_2(sK1,sK0) | ~v1_group_1(sK1) | ~l1_group_1(sK0) | ~v4_group_1(sK0) | ~v3_group_1(sK0) | v3_struct_0(sK0) [subsumption resolution 425,152]
429. r1_rlvect_1(sK1,sK2) | ~v1_group_1(sK1) | ~l1_group_1(sK0) | ~v4_group_1(sK0) | ~v3_group_1(sK0) | v3_struct_0(sK0) [subsumption resolution 428,151]
430. r1_rlvect_1(sK1,sK2) | ~l1_group_1(sK0) | ~v4_group_1(sK0) | ~v3_group_1(sK0) | v3_struct_0(sK0) [subsumption resolution 429,150]
431. r1_rlvect_1(sK1,sK2) | ~v4_group_1(sK0) | ~v3_group_1(sK0) | v3_struct_0(sK0) [subsumption resolution 430,149]
432. r1_rlvect_1(sK1,sK2) | ~v3_group_1(sK0) | v3_struct_0(sK0) [subsumption resolution 431,148]
433. r1_rlvect_1(sK1,sK2) | v3_struct_0(sK0) [subsumption resolution 432,147]
434. r1_rlvect_1(sK1,sK2) [subsumption resolution 433,146]
435. r1_rlvect_1(sK1,sK3) | ~m1_group_2(sK1,sK0) | ~v1_group_1(sK1) | ~l1_group_1(sK0) | ~v4_group_1(sK0) | ~v3_group_1(sK0) | v3_struct_0(sK0) [subsumption resolution 426,153]
436. r1_rlvect_1(sK1,sK3) | ~v1_group_1(sK1) | ~l1_group_1(sK0) | ~v4_group_1(sK0) | ~v3_group_1(sK0) | v3_struct_0(sK0) [subsumption resolution 435,151]
437. r1_rlvect_1(sK1,sK3) | ~l1_group_1(sK0) | ~v4_group_1(sK0) | ~v3_group_1(sK0) | v3_struct_0(sK0) [subsumption resolution 436,150]
438. r1_rlvect_1(sK1,sK3) | ~v4_group_1(sK0) | ~v3_group_1(sK0) | v3_struct_0(sK0) [subsumption resolution 437,149]
439. r1_rlvect_1(sK1,sK3) | ~v3_group_1(sK0) | v3_struct_0(sK0) [subsumption resolution 438,148]
440. r1_rlvect_1(sK1,sK3) | v3_struct_0(sK0) [subsumption resolution 439,147]
441. r1_rlvect_1(sK1,sK3) [subsumption resolution 440,146]
446. ~r1_rlvect_1(sK1,k1_group_1(sK0,sK2,sK3)) | ~m1_subset_1(k1_group_1(sK0,sK2,sK3),u1_struct_0(sK0)) | ~m1_group_2(sK1,sK0) | ~v1_group_1(sK1) | ~l1_group_1(sK0) | ~v4_group_1(sK0) | ~v3_group_1(sK0) | v3_struct_0(sK0) [resolution 214,156]
448. ~r1_rlvect_1(sK1,k1_group_1(sK0,sK2,sK3)) | ~m1_subset_1(k1_group_1(sK0,sK2,sK3),u1_struct_0(sK0)) | ~v1_group_1(sK1) | ~l1_group_1(sK0) | ~v4_group_1(sK0) | ~v3_group_1(sK0) | v3_struct_0(sK0) [subsumption resolution 446,151]
449. ~r1_rlvect_1(sK1,k1_group_1(sK0,sK2,sK3)) | ~m1_subset_1(k1_group_1(sK0,sK2,sK3),u1_struct_0(sK0)) | ~l1_group_1(sK0) | ~v4_group_1(sK0) | ~v3_group_1(sK0) | v3_struct_0(sK0) [subsumption resolution 448,150]
450. ~r1_rlvect_1(sK1,k1_group_1(sK0,sK2,sK3)) | ~m1_subset_1(k1_group_1(sK0,sK2,sK3),u1_struct_0(sK0)) | ~v4_group_1(sK0) | ~v3_group_1(sK0) | v3_struct_0(sK0) [subsumption resolution 449,149]
451. ~r1_rlvect_1(sK1,k1_group_1(sK0,sK2,sK3)) | ~m1_subset_1(k1_group_1(sK0,sK2,sK3),u1_struct_0(sK0)) | ~v3_group_1(sK0) | v3_struct_0(sK0) [subsumption resolution 450,148]
452. ~r1_rlvect_1(sK1,k1_group_1(sK0,sK2,sK3)) | ~m1_subset_1(k1_group_1(sK0,sK2,sK3),u1_struct_0(sK0)) | v3_struct_0(sK0) [subsumption resolution 451,147]
453. ~r1_rlvect_1(sK1,k1_group_1(sK0,sK2,sK3)) | ~m1_subset_1(k1_group_1(sK0,sK2,sK3),u1_struct_0(sK0)) [subsumption resolution 452,146]
455. 12 <=> m1_subset_1(k1_group_1(sK0,sK2,sK3),u1_struct_0(sK0)) [avatar definition]
457. ~m1_subset_1(k1_group_1(sK0,sK2,sK3),u1_struct_0(sK0)) <- (~12) [avatar component clause 455]
459. 13 <=> r1_rlvect_1(sK1,k1_group_1(sK0,sK2,sK3)) [avatar definition]
461. ~r1_rlvect_1(sK1,k1_group_1(sK0,sK2,sK3)) <- (~13) [avatar component clause 459]
462. ~12 | ~13 [avatar split clause 453,459,455]
463. ~m1_subset_1(sK3,u1_struct_0(sK0)) | ~m1_subset_1(sK2,u1_struct_0(sK0)) | ~l1_group_1(sK0) | v3_struct_0(sK0) <- (~12) [resolution 457,170]
464. ~m1_subset_1(sK2,u1_struct_0(sK0)) | ~l1_group_1(sK0) | v3_struct_0(sK0) <- (~12) [subsumption resolution 463,153]
465. ~l1_group_1(sK0) | v3_struct_0(sK0) <- (~12) [subsumption resolution 464,152]
466. v3_struct_0(sK0) <- (~12) [subsumption resolution 465,149]
467. $false <- (~12) [subsumption resolution 466,146]
468. 12 [avatar contradiction clause 467]
469. ~r1_rlvect_1(sK1,sK3) | ~r1_rlvect_1(sK1,sK2) | ~m1_group_2(sK1,sK0) | ~m1_subset_1(sK3,u1_struct_0(sK0)) | ~m1_subset_1(sK2,u1_struct_0(sK0)) | ~l1_group_1(sK0) | ~v4_group_1(sK0) | ~v3_group_1(sK0) | v3_struct_0(sK0) <- (~13) [resolution 461,219]
470. ~r1_rlvect_1(sK1,sK2) | ~m1_group_2(sK1,sK0) | ~m1_subset_1(sK3,u1_struct_0(sK0)) | ~m1_subset_1(sK2,u1_struct_0(sK0)) | ~l1_group_1(sK0) | ~v4_group_1(sK0) | ~v3_group_1(sK0) | v3_struct_0(sK0) <- (~13) [subsumption resolution 469,441]
471. ~m1_group_2(sK1,sK0) | ~m1_subset_1(sK3,u1_struct_0(sK0)) | ~m1_subset_1(sK2,u1_struct_0(sK0)) | ~l1_group_1(sK0) | ~v4_group_1(sK0) | ~v3_group_1(sK0) | v3_struct_0(sK0) <- (~13) [subsumption resolution 470,434]
472. ~m1_subset_1(sK3,u1_struct_0(sK0)) | ~m1_subset_1(sK2,u1_struct_0(sK0)) | ~l1_group_1(sK0) | ~v4_group_1(sK0) | ~v3_group_1(sK0) | v3_struct_0(sK0) <- (~13) [subsumption resolution 471,151]
473. ~m1_subset_1(sK2,u1_struct_0(sK0)) | ~l1_group_1(sK0) | ~v4_group_1(sK0) | ~v3_group_1(sK0) | v3_struct_0(sK0) <- (~13) [subsumption resolution 472,153]
474. ~l1_group_1(sK0) | ~v4_group_1(sK0) | ~v3_group_1(sK0) | v3_struct_0(sK0) <- (~13) [subsumption resolution 473,152]
475. ~v4_group_1(sK0) | ~v3_group_1(sK0) | v3_struct_0(sK0) <- (~13) [subsumption resolution 474,149]
476. ~v3_group_1(sK0) | v3_struct_0(sK0) <- (~13) [subsumption resolution 475,148]
477. v3_struct_0(sK0) <- (~13) [subsumption resolution 476,147]
478. $false <- (~13) [subsumption resolution 477,146]
479. 13 [avatar contradiction clause 478]
480. $false [avatar sat refutation 462,468,479]
% SZS output end Proof for GRP643+1
% ------------------------------
% Version: Vampire 4.9 (Release build, commit 0accf6da4 on 2024-12-10 11:55:58 +0000)
% Termination reason: Refutation

% Time elapsed: 0.008 s
% Instructions burned: 22 (million)
% ------------------------------
% ------------------------------
