% Running in auto input_syntax mode. Trying TPTP
% Refutation found. Thanks to Tanya!
% SZS status Unsatisfiable for GRP777-10
% SZS output start Proof for GRP777-10
1. difference(X0,product(X0,X1)) = X1 [input(axiom)]
2. product(X0,difference(X0,X1)) = X1 [input(axiom)]
3. quotient(product(X0,X1),X1) = X0 [input(axiom)]
4. product(quotient(X0,X1),X1) = X0 [input(axiom)]
5. product(product(X0,X1),product(X2,X3)) = product(product(X0,X2),product(X1,X3)) [input(axiom)]
6. product(X0,X0) = X0 [input(axiom)]
7. product(product(product(X0,X1),X1),product(X1,product(X1,X0))) = X1 [input(axiom)]
8. bigC(X0,X1,X2) = product(product(X0,X1),product(X2,X0)) [input(axiom)]
9. product(product(a,c),product(c,b)) = product(a,b) [input(axiom)]
10. bigC(a,b,x0) != bigC(c,c,x0) [input(negated conjecture)]
11. product(product(a,b),product(x0,a)) != product(product(c,c),product(x0,c)) [definition unfolding 10,8,8]
17. difference(quotient(X0,X1),X0) = X1 [superposition 1,4]
21. product(a,c) = quotient(product(a,b),product(c,b)) [superposition 3,9]
22. product(c,b) = difference(product(a,c),product(a,b)) [superposition 1,9]
27. difference(X1,X0) = product(product(X0,difference(X1,X0)),product(difference(X1,X0),product(difference(X1,X0),X1))) [superposition 7,2]
28. product(product(X0,X1),product(X1,product(X1,quotient(X0,X1)))) = X1 [superposition 7,4]
32. product(product(product(difference(X1,X0),X1),X1),product(X1,X0)) = X1 [superposition 7,2]
36. product(product(X1,X0),X0) = quotient(X0,product(X0,product(X0,X1))) [superposition 3,7]
68. product(product(X0,X1),product(X0,X2)) = product(X0,product(X1,X2)) [superposition 5,6]
70. product(X0,product(X2,X3)) = product(product(quotient(X0,X1),X2),product(X1,X3)) [superposition 5,4]
71. product(product(product(a,c),X0),product(product(c,b),X1)) = product(product(a,b),product(X0,X1)) [superposition 5,9]
74. product(product(product(X0,X2),X4),product(product(X1,X3),X5)) = product(product(product(X0,X1),product(X2,X3)),product(X4,X5)) [superposition 5,5]
75. product(product(X1,X0),product(X2,X0)) = product(product(X1,X2),X0) [superposition 5,6]
76. product(product(X1,X2),product(X3,difference(X2,X0))) = product(product(X1,X3),X0) [superposition 5,2]
77. product(product(X1,X3),X0) = product(product(X1,quotient(X0,X2)),product(X3,X2)) [superposition 5,4]
81. product(product(X4,product(X0,X2)),product(X5,product(X1,X3))) = product(product(X4,X5),product(product(X0,X1),product(X2,X3))) [superposition 5,5]
89. product(X1,X2) = product(product(product(X0,X1),product(product(X1,X2),X2)),product(product(X1,X2),product(product(X1,X2),X0))) [superposition 7,5]
92. product(X0,X2) = quotient(product(product(X0,X1),product(X2,X3)),product(X1,X3)) [superposition 3,5]
97. product(X1,X2) = product(product(product(X0,X1),product(X1,X2)),product(product(product(X1,X2),X2),product(product(X1,X2),X0))) [forward demodulation 89,5]
104. product(X1,X2) = product(product(product(X0,X1),product(X1,X2)),product(product(X1,X2),product(X2,X0))) [forward demodulation 97,68]
176. product(product(difference(X0,X1),X0),X0) = quotient(X0,product(X0,X1)) [superposition 3,32]
266. product(product(X0,X2),product(product(X1,X3),X4)) = product(product(product(X0,X1),product(X2,X3)),product(product(X0,X2),X4)) [superposition 68,5]
269. product(product(X0,X1),X0) = product(X0,product(X1,X0)) [superposition 68,6]
278. product(product(X0,X1),product(X3,product(X0,X2))) = product(product(product(X0,X1),X3),product(X0,product(X1,X2))) [superposition 68,68]
289. product(X0,X2) = difference(product(X0,X1),product(X0,product(X1,X2))) [superposition 1,68]
293. product(product(product(X0,X1),X3),product(product(X0,X2),X4)) = product(product(X0,product(X1,X2)),product(X3,X4)) [superposition 5,68]
315. product(product(X0,X2),product(product(X1,X3),X4)) = product(product(X0,product(X1,X2)),product(product(X2,X3),X4)) [forward demodulation 266,293]
345. product(X0,product(X1,X0)) = product(product(X1,X0),product(product(X0,product(X0,quotient(X1,X0))),product(X1,X0))) [superposition 269,28]
355. product(X0,X1) = quotient(product(X0,product(X1,X0)),X0) [superposition 3,269]
385. product(X0,product(X1,X0)) = product(product(X1,X0),product(product(X0,X1),product(product(X0,quotient(X1,X0)),X0))) [forward demodulation 345,5]
398. product(X0,product(X1,X0)) = product(product(X1,X0),product(product(X0,X1),product(X0,product(quotient(X1,X0),X0)))) [forward demodulation 385,269]
405. product(X0,product(X1,X0)) = product(product(X1,X0),product(X0,product(X1,product(quotient(X1,X0),X0)))) [forward demodulation 398,68]
411. product(X0,product(X1,X0)) = product(product(X1,X0),product(X0,product(X1,X1))) [forward demodulation 405,4]
416. product(X0,product(X1,X0)) = product(product(X1,X0),product(X0,X1)) [forward demodulation 411,6]
422. product(X0,product(X2,X1)) = product(product(quotient(X0,X1),X2),X1) [superposition 75,4]
430. product(product(product(X0,X1),X3),product(X0,X2)) = product(product(X0,product(X1,X2)),product(X3,product(X0,X2))) [superposition 75,68]
457. product(X1,X2) = difference(product(X0,X2),product(product(X0,X1),X2)) [superposition 1,75]
458. product(X0,X2) = quotient(product(product(X0,X1),X2),product(X1,X2)) [superposition 3,75]
462. product(product(X3,product(X0,X2)),product(X4,product(X1,X2))) = product(product(X3,X4),product(product(X0,X1),X2)) [superposition 5,75]
496. product(product(product(X0,X1),X3),product(X0,X2)) = product(product(X0,X3),product(product(X1,X0),X2)) [forward demodulation 430,462]
529. product(X1,quotient(X0,X1)) = quotient(product(X1,X0),X1) [superposition 355,4]
646. quotient(X0,X1) = product(X1,quotient(difference(X1,X0),X1)) [superposition 529,2]
654. product(product(X0,X2),quotient(product(X1,X3),product(X0,X2))) = quotient(product(product(X0,X1),product(X2,X3)),product(X0,X2)) [superposition 529,5]
663. difference(product(X0,quotient(X1,X0)),product(X0,X1)) = X0 [superposition 17,529]
711. product(quotient(X0,X3),X1) = quotient(product(X0,product(X1,X2)),product(X3,X2)) [superposition 3,70]
785. quotient(difference(X1,X0),X1) = difference(X1,quotient(X0,X1)) [superposition 1,646]
795. product(product(quotient(difference(X1,X0),X1),X1),X1) = quotient(X1,product(X1,quotient(X0,X1))) [superposition 36,646]
812. quotient(X1,product(X1,quotient(X0,X1))) = product(difference(X1,X0),product(X1,X1)) [forward demodulation 795,422]
820. product(difference(X1,X0),X1) = quotient(X1,product(X1,quotient(X0,X1))) [forward demodulation 812,6]
869. product(X1,difference(X3,X2)) = difference(product(X0,X3),product(product(X0,X1),X2)) [superposition 1,76]
955. quotient(product(X0,X1),product(X0,quotient(X1,X0))) = product(product(X0,quotient(X1,X0)),quotient(X0,product(X0,quotient(X1,X0)))) [superposition 646,663]
963. quotient(product(X0,X1),product(X0,quotient(X1,X0))) = product(product(X0,quotient(X1,X0)),product(difference(X0,X1),X0)) [forward demodulation 955,820]
986. quotient(product(X0,X1),product(X0,quotient(X1,X0))) = product(product(X0,difference(X0,X1)),product(quotient(X1,X0),X0)) [forward demodulation 963,5]
994. quotient(product(X0,X1),product(X0,quotient(X1,X0))) = product(product(X0,difference(X0,X1)),X1) [forward demodulation 986,4]
997. product(X1,X1) = quotient(product(X0,X1),product(X0,quotient(X1,X0))) [forward demodulation 994,2]
999. quotient(product(X0,X1),product(X0,quotient(X1,X0))) = X1 [forward demodulation 997,6]
1045. product(X0,quotient(X2,X3)) = quotient(product(product(X0,X1),X2),product(X1,X3)) [superposition 3,77]
1131. difference(X0,X1) = product(difference(X0,quotient(X1,X0)),X0) [superposition 4,785]
1512. difference(X1,X0) = quotient(product(X1,difference(X1,X0)),quotient(X0,X1)) [superposition 999,646]
1513. product(X1,X0) = product(X0,product(X1,quotient(X0,X1))) [superposition 4,999]
1514. product(X1,quotient(X0,X1)) = difference(X0,product(X1,X0)) [superposition 17,999]
1517. product(product(X1,X2),product(X3,X0)) = product(product(X1,X0),product(X2,product(X3,quotient(X0,X3)))) [superposition 77,999]
1523. difference(X1,X0) = quotient(X0,quotient(X0,X1)) [forward demodulation 1512,2]
1579. product(c,b) = product(product(product(a,b),product(c,b)),product(product(c,b),product(product(c,b),product(a,c)))) [superposition 27,22]
1652. product(c,b) = product(product(product(a,c),product(b,b)),product(product(c,b),product(product(c,b),product(a,c)))) [forward demodulation 1579,74]
1686. product(c,b) = product(product(product(a,c),product(c,b)),product(product(b,b),product(product(c,b),product(a,c)))) [forward demodulation 1652,74]
1708. product(c,b) = product(product(product(a,c),b),product(product(c,b),product(product(c,b),product(a,c)))) [forward demodulation 1686,315]
1725. product(c,b) = product(product(a,b),product(b,product(product(c,b),product(a,c)))) [forward demodulation 1708,71]
1738. product(c,b) = product(product(a,b),product(b,product(product(c,a),product(b,c)))) [forward demodulation 1725,5]
1760. quotient(product(X0,X1),X0) = difference(X1,product(X0,X1)) [superposition 1523,3]
2621. product(product(product(X0,X1),product(X1,X2)),product(product(X2,X0),product(X0,X1))) = quotient(product(product(product(X0,X1),product(X1,X2)),product(X0,X1)),product(product(X0,X1),product(X1,X2))) [superposition 355,104]
2625. product(product(product(X0,X1),product(X1,X2)),product(product(X2,X0),product(X0,X1))) = product(product(product(X0,X1),product(X1,X2)),quotient(product(X0,X1),product(product(X0,X1),product(X1,X2)))) [forward demodulation 2621,529]
2700. product(product(product(X0,X1),product(X1,X2)),product(product(X2,X0),product(X0,X1))) = difference(product(X0,X1),product(product(product(X0,X1),product(X1,X2)),product(X0,X1))) [forward demodulation 2625,1514]
2749. product(product(product(X0,X1),product(X1,X2)),product(product(X2,X0),product(X0,X1))) = difference(product(X0,X1),product(product(X0,product(X1,X2)),product(product(X1,X0),X1))) [forward demodulation 2700,496]
2787. product(product(product(X0,X1),product(X1,X2)),product(product(X2,X0),product(X0,X1))) = product(product(X1,X2),difference(X1,product(product(X1,X0),X1))) [forward demodulation 2749,869]
2813. product(product(product(X0,X1),product(X1,X2)),product(product(X2,X0),product(X0,X1))) = product(product(X1,X2),difference(X1,product(X1,product(X0,X1)))) [forward demodulation 2787,269]
2832. product(product(product(X0,X1),product(X1,X2)),product(product(X2,X0),product(X0,X1))) = product(product(X1,X2),product(X0,X1)) [forward demodulation 2813,1]
2843. product(product(product(X0,X1),X2),product(product(X1,X0),product(X0,X1))) = product(product(X1,X2),product(X0,X1)) [forward demodulation 2832,315]
2849. product(product(product(X0,X1),X2),product(X0,product(X1,X0))) = product(product(X1,X2),product(X0,X1)) [forward demodulation 2843,416]
2852. product(product(X0,X1),product(X2,product(X0,X0))) = product(product(X1,X2),product(X0,X1)) [forward demodulation 2849,278]
2854. product(product(X0,X1),product(X2,X0)) = product(product(X1,X2),product(X0,X1)) [forward demodulation 2852,6]
2859. product(difference(X1,X0),X1) = difference(X1,product(X0,X1)) [superposition 1131,3]
3141. product(product(X1,X2),product(X0,quotient(X1,X0))) = product(product(X0,X1),product(X2,product(X0,quotient(X1,X0)))) [superposition 75,1513]
3156. quotient(product(X0,X1),X1) = product(X1,quotient(product(X0,quotient(X1,X0)),X1)) [superposition 529,1513]
3180. product(X1,quotient(product(X0,quotient(X1,X0)),X1)) = X0 [forward demodulation 3156,3]
3192. product(product(X0,X2),product(X0,X1)) = product(product(X1,X2),product(X0,quotient(X1,X0))) [forward demodulation 3141,1517]
3220. product(X0,product(X2,X1)) = product(product(X1,X2),product(X0,quotient(X1,X0))) [forward demodulation 3192,68]
3745. quotient(X0,X1) = difference(X1,difference(X0,product(X1,X0))) [superposition 1,1514]
3852. quotient(X0,X1) = difference(X1,product(difference(X0,X1),X0)) [forward demodulation 3745,2859]
4487. product(product(X1,X0),product(X2,X3)) = product(product(difference(X0,product(X1,X0)),X2),product(X1,X3)) [superposition 70,1760]
4533. product(product(X1,X0),product(X2,X3)) = product(product(product(difference(X0,X1),X0),X2),product(X1,X3)) [forward demodulation 4487,2859]
6391. product(product(X0,X3),quotient(product(product(X1,X4),product(X2,X5)),product(X0,X3))) = quotient(product(product(X0,product(X1,X2)),product(X3,product(X4,X5))),product(X0,X3)) [superposition 529,81]
6400. product(product(X0,X3),quotient(product(product(X1,X4),product(X2,X5)),product(X0,X3))) = product(product(X0,X3),quotient(product(product(X1,X2),product(X4,X5)),product(X0,X3))) [forward demodulation 6391,654]
6829. product(product(X0,X1),quotient(product(X1,X0),product(X0,X1))) = X1 [superposition 3180,3]
6830. product(c,b) = product(product(a,b),quotient(product(product(c,b),product(a,c)),product(a,b))) [superposition 3180,21]
6979. product(c,b) = product(product(a,b),quotient(product(product(c,a),product(b,c)),product(a,b))) [forward demodulation 6830,6400]
7018. product(c,b) = product(product(a,b),product(c,quotient(product(b,c),b))) [forward demodulation 6979,1045]
7035. product(c,b) = product(product(a,c),product(b,quotient(product(b,c),b))) [forward demodulation 7018,5]
7042. product(c,b) = product(product(a,c),product(b,product(b,quotient(c,b)))) [forward demodulation 7035,529]
7047. product(c,b) = product(product(a,b),product(b,c)) [forward demodulation 7042,1517]
19025. quotient(X1,product(X1,X0)) = difference(product(X1,X0),product(X0,X1)) [superposition 3852,1]
19028. quotient(X1,product(X0,X1)) = difference(product(X0,X1),product(product(X0,quotient(X1,X0)),X1)) [superposition 3852,1514]
19079. product(quotient(X1,X0),X1) = quotient(X1,product(X0,X1)) [forward demodulation 19028,457]
19211. quotient(quotient(X0,product(X0,X1)),product(product(difference(X0,X1),X0),quotient(X0,product(difference(X0,X1),X0)))) = X0 [superposition 999,176]
19228. quotient(quotient(X0,product(X0,X1)),difference(X0,product(product(difference(X0,X1),X0),X0))) = X0 [forward demodulation 19211,1514]
19291. quotient(quotient(X0,product(X0,X1)),product(difference(X0,product(difference(X0,X1),X0)),X0)) = X0 [forward demodulation 19228,2859]
19335. quotient(quotient(X0,product(X0,X1)),product(product(difference(X0,difference(X0,X1)),X0),X0)) = X0 [forward demodulation 19291,2859]
19371. quotient(quotient(X0,product(X0,X1)),quotient(X0,product(X0,difference(X0,X1)))) = X0 [forward demodulation 19335,176]
19398. quotient(quotient(X0,product(X0,X1)),quotient(X0,X1)) = X0 [forward demodulation 19371,2]
19547. quotient(X0,product(X0,X1)) = product(X0,quotient(X0,X1)) [superposition 4,19398]
20789. product(X1,difference(X2,X0)) = difference(product(X1,X2),product(X1,X0)) [superposition 289,2]
22629. quotient(product(X0,X2),product(product(X0,X1),product(X2,X3))) = product(product(X0,X2),quotient(product(X0,X2),product(X1,X3))) [superposition 19547,5]
23968. product(X2,product(X0,quotient(X1,X0))) = difference(product(X0,X1),product(product(X1,X2),product(X0,quotient(X1,X0)))) [superposition 457,1513]
24234. product(X2,product(X0,quotient(X1,X0))) = difference(product(X0,X1),product(X0,product(X2,X1))) [forward demodulation 23968,3220]
24300. product(X2,product(X0,quotient(X1,X0))) = product(X0,difference(X1,product(X2,X1))) [forward demodulation 24234,20789]
24339. product(X2,product(X0,quotient(X1,X0))) = product(X0,product(difference(X1,X2),X1)) [forward demodulation 24300,2859]
25095. product(quotient(X0,X1),X2) = quotient(product(X0,X2),product(X1,X2)) [superposition 458,4]
30360. product(product(b,c),product(a,b)) = quotient(product(product(b,c),product(c,b)),product(b,c)) [superposition 355,7047]
30370. quotient(product(c,b),product(a,b)) = difference(product(b,c),product(c,b)) [superposition 1760,7047]
30389. quotient(product(c,b),product(a,b)) = quotient(b,product(b,c)) [forward demodulation 30370,19025]
30396. product(product(b,c),product(a,b)) = product(product(b,c),quotient(product(c,b),product(b,c))) [forward demodulation 30360,529]
30449. quotient(product(c,b),product(a,b)) = product(b,quotient(b,c)) [forward demodulation 30389,19547]
30452. c = product(product(b,c),product(a,b)) [forward demodulation 30396,6829]
30490. product(quotient(c,a),b) = product(b,quotient(b,c)) [forward demodulation 30449,25095]
30492. c = product(product(c,a),product(b,c)) [forward demodulation 30452,2854]
31610. product(c,b) = quotient(c,product(a,c)) [superposition 92,30492]
31765. product(c,b) = product(quotient(c,a),c) [forward demodulation 31610,19079]
34683. quotient(c,a) = product(product(product(difference(quotient(c,a),c),quotient(c,a)),quotient(c,a)),product(c,b)) [superposition 32,31765]
34688. product(quotient(c,a),product(c,X0)) = product(product(c,b),product(quotient(c,a),X0)) [superposition 68,31765]
34802. quotient(c,a) = product(product(c,quotient(c,a)),product(quotient(c,a),b)) [forward demodulation 34683,4533]
34850. quotient(c,a) = product(product(c,quotient(c,a)),product(b,quotient(b,c))) [forward demodulation 34802,30490]
34883. quotient(c,a) = product(product(c,b),product(quotient(c,a),quotient(b,c))) [forward demodulation 34850,5]
34905. quotient(c,a) = product(quotient(c,a),product(c,quotient(b,c))) [forward demodulation 34883,34688]
34925. quotient(c,a) = product(c,product(difference(b,quotient(c,a)),b)) [forward demodulation 34905,24339]
39153. product(quotient(X1,X2),quotient(X0,X3)) = quotient(product(X1,X0),product(X2,X3)) [superposition 711,4]
45124. quotient(product(X0,X1),product(X1,X2)) = product(X0,quotient(product(X0,X1),X2)) [superposition 1045,6]
45391. product(quotient(X0,X1),quotient(X1,X2)) = product(X0,quotient(product(X0,X1),X2)) [forward demodulation 45124,39153]
56504. product(a,b) = quotient(product(c,b),product(b,product(product(c,a),product(b,c)))) [superposition 3,1738]
56693. product(a,b) = product(quotient(c,b),quotient(b,product(product(c,a),product(b,c)))) [forward demodulation 56504,39153]
56797. product(a,b) = product(c,quotient(product(c,b),product(product(c,a),product(b,c)))) [forward demodulation 56693,45391]
56893. product(a,b) = product(c,product(product(c,b),quotient(product(c,b),product(a,c)))) [forward demodulation 56797,22629]
56987. product(a,b) = product(c,product(product(c,b),product(quotient(c,a),quotient(b,c)))) [forward demodulation 56893,39153]
57072. product(a,b) = product(c,product(quotient(c,a),product(c,quotient(b,c)))) [forward demodulation 56987,34688]
57149. product(a,b) = product(c,product(c,product(difference(b,quotient(c,a)),b))) [forward demodulation 57072,24339]
57217. product(a,b) = product(c,quotient(c,a)) [forward demodulation 57149,34925]
57801. product(product(c,X0),c) = product(product(a,b),product(X0,a)) [superposition 77,57217]
57974. product(product(a,b),product(X0,a)) = product(c,product(X0,c)) [forward demodulation 57801,269]
1062694. product(product(c,c),product(x0,c)) != product(c,product(x0,c)) [superposition 11,57974]
1062718. product(c,product(x0,c)) != product(product(c,x0),c) [forward demodulation 1062694,75]
1062729. $false [forward subsumption resolution 1062718,269]
% SZS output end Proof for GRP777-10
% ------------------------------
% Version: Vampire 5.0.0 (Release build, commit 2e2c9b7b8 on 2026-01-17 12:24:14 +0100)
% Linked with Z3 4.14.0.0 3c47fd96cf5645d0c42b2c819d9e9a84380aa721 z3-4.8.4-9178-g3c47fd96c
% CaDiCaL version: 2.1.3
% Termination reason: Refutation
% Time elapsed: 18.096 s
% Peak memory usage: 587 MB
% Instructions burned: 61306 (million)
% ------------------------------
% ------------------------------
