% Running in auto input_syntax mode. Trying TPTP
% Refutation found. Thanks to Tanya!
% SZS status Unsatisfiable for GRP561-1
% SZS output start Proof for GRP561-1
1. divide(divide(divide(X0,inverse(X1)),X2),divide(X0,X2)) = X1 [input(axiom)]
2. multiply(X0,X1) = divide(X0,inverse(X1)) [input(axiom)]
3. divide(X0,inverse(X1)) = multiply(X0,X1) [reorient equations 2]
4. multiply(inverse(a1),a1) != multiply(inverse(b1),b1) [input(negated conjecture)]
5. divide(inverse(a1),inverse(a1)) != divide(inverse(b1),inverse(b1)) [definition unfolding 4,3,3]
6. divide(X0,divide(divide(X1,inverse(X0)),divide(X1,inverse(X2)))) = X2 [superposition 1,1]
7. divide(divide(divide(divide(divide(X1,inverse(X0)),X2),inverse(X3)),divide(X1,X2)),X0) = X3 [superposition 1,1]
13. divide(divide(X0,divide(divide(divide(X1,inverse(inverse(X2))),X3),divide(X1,X3))),X0) = X2 [superposition 7,7]
21. divide(divide(X0,inverse(X2)),X0) = X2 [forward demodulation 13,1]
27. divide(X0,divide(X1,X1)) = X0 [superposition 1,21]
61. divide(divide(X0,X0),inverse(X1)) = X1 [superposition 21,27]
92. divide(X1,divide(divide(divide(X2,X2),inverse(X1)),X0)) = X0 [superposition 6,61]
111. divide(X1,divide(X1,X0)) = X0 [forward demodulation 92,61]
177. divide(X1,X1) = divide(X0,X0) [superposition 111,27]
349. divide(inverse(a1),inverse(a1)) != divide(X0,X0) [superposition 5,177]
381. $false [forward subsumption resolution 349,177]
% SZS output end Proof for GRP561-1
% ------------------------------
% Version: Vampire 5.0.0 (Release build, commit 2e2c9b7b8 on 2026-01-17 12:24:14 +0100)
% Linked with Z3 4.14.0.0 3c47fd96cf5645d0c42b2c819d9e9a84380aa721 z3-4.8.4-9178-g3c47fd96c
% CaDiCaL version: 2.1.3
% Termination reason: Refutation
% Time elapsed: 0.007 s
% Peak memory usage: 53 MB
% Instructions burned: 26 (million)
% ------------------------------
% ------------------------------
