% Running in auto input_syntax mode. Trying TPTP
% Refutation found. Thanks to Tanya!
% SZS status Unsatisfiable for GRP503-1
% SZS output start Proof for GRP503-1
1. double_divide(double_divide(X0,inverse(double_divide(X1,X2))),double_divide(inverse(X1),inverse(double_divide(X3,double_divide(X0,X3))))) = X2 [input(axiom)]
2. multiply(X0,X1) = inverse(double_divide(X1,X0)) [input(axiom)]
3. multiply(multiply(inverse(b2),b2),a2) != a2 [input(negated conjecture)]
4. a2 != multiply(multiply(inverse(b2),b2),a2) [reorient equations 3]
5. a2 != inverse(double_divide(a2,inverse(double_divide(b2,inverse(b2))))) [definition unfolding 4,2,2]
6. double_divide(inverse(X3),inverse(double_divide(X4,double_divide(X2,X4)))) = double_divide(double_divide(X1,inverse(X0)),double_divide(inverse(double_divide(X2,inverse(double_divide(X3,X0)))),inverse(double_divide(X5,double_divide(X1,X5))))) [superposition 1,1]
7. double_divide(double_divide(double_divide(X1,inverse(double_divide(X2,X0))),inverse(double_divide(X3,X4))),double_divide(inverse(X3),inverse(double_divide(double_divide(inverse(X2),inverse(double_divide(X5,double_divide(X1,X5)))),X0)))) = X4 [superposition 1,1]
8. double_divide(double_divide(X5,inverse(X6)),double_divide(inverse(double_divide(double_divide(X4,inverse(double_divide(X2,X0))),inverse(double_divide(X1,X6)))),inverse(double_divide(X7,double_divide(X5,X7))))) = double_divide(inverse(X1),inverse(double_divide(double_divide(inverse(X2),inverse(double_divide(X3,double_divide(X4,X3)))),X0))) [superposition 6,1]
10. double_divide(double_divide(X7,inverse(X8)),double_divide(inverse(double_divide(inverse(X3),inverse(double_divide(X5,X8)))),inverse(double_divide(X9,double_divide(X7,X9))))) = double_divide(inverse(X5),inverse(double_divide(inverse(double_divide(X6,double_divide(X2,X6))),double_divide(double_divide(X0,inverse(X1)),double_divide(inverse(double_divide(X2,inverse(double_divide(X3,X1)))),inverse(double_divide(X4,double_divide(X0,X4)))))))) [superposition 6,6]
12. double_divide(inverse(X5),inverse(double_divide(X6,double_divide(X7,X6)))) = double_divide(double_divide(double_divide(X0,inverse(X1)),double_divide(inverse(double_divide(X2,inverse(double_divide(X3,X1)))),inverse(double_divide(X4,double_divide(X0,X4))))),double_divide(inverse(double_divide(X7,inverse(double_divide(X5,double_divide(X8,double_divide(X2,X8)))))),inverse(double_divide(X9,double_divide(inverse(X3),X9))))) [superposition 6,6]
16. double_divide(inverse(X5),inverse(double_divide(X6,double_divide(inverse(X3),X6)))) = double_divide(double_divide(X7,inverse(double_divide(X2,X5))),double_divide(inverse(double_divide(double_divide(X0,inverse(X1)),double_divide(inverse(double_divide(X2,inverse(double_divide(X3,X1)))),inverse(double_divide(X4,double_divide(X0,X4)))))),inverse(double_divide(X8,double_divide(X7,X8))))) [superposition 6,6]
17. double_divide(inverse(X1),inverse(double_divide(X2,double_divide(X3,X2)))) = double_divide(double_divide(double_divide(X4,inverse(double_divide(X5,X0))),inverse(X6)),double_divide(inverse(double_divide(X3,inverse(double_divide(X1,X6)))),inverse(double_divide(double_divide(inverse(X5),inverse(double_divide(X7,double_divide(X4,X7)))),X0)))) [superposition 6,1]
20. double_divide(inverse(X4),inverse(double_divide(X7,double_divide(X3,X7)))) = double_divide(double_divide(X2,inverse(X5)),double_divide(double_divide(X0,inverse(X1)),double_divide(inverse(double_divide(X2,inverse(double_divide(double_divide(X3,inverse(double_divide(X4,X5))),X1)))),inverse(double_divide(X6,double_divide(X0,X6)))))) [superposition 6,6]
21. double_divide(inverse(X0),inverse(double_divide(X1,double_divide(X2,X1)))) = double_divide(inverse(X0),inverse(double_divide(X3,double_divide(X2,X3)))) [superposition 6,6]
22. double_divide(double_divide(X2,inverse(double_divide(X3,X5))),double_divide(double_divide(X0,inverse(X1)),double_divide(inverse(double_divide(X2,inverse(double_divide(X3,X1)))),inverse(double_divide(X4,double_divide(X0,X4)))))) = X5 [superposition 1,6]
23. double_divide(X2,X5) = double_divide(double_divide(double_divide(X0,inverse(X1)),double_divide(inverse(double_divide(X2,inverse(double_divide(X3,X1)))),inverse(double_divide(X4,double_divide(X0,X4))))),double_divide(inverse(X5),inverse(double_divide(X6,double_divide(inverse(X3),X6))))) [superposition 1,6]
27. double_divide(inverse(double_divide(X2,inverse(double_divide(X0,X5)))),inverse(double_divide(X6,double_divide(X4,X6)))) = double_divide(double_divide(X3,inverse(double_divide(inverse(X0),inverse(double_divide(X1,double_divide(X2,X1)))))),double_divide(inverse(double_divide(X4,inverse(X5))),inverse(double_divide(X7,double_divide(X3,X7))))) [superposition 1,6]
28. double_divide(inverse(X5),inverse(double_divide(X6,double_divide(X7,X6)))) = double_divide(X2,double_divide(X7,inverse(double_divide(X5,double_divide(X8,double_divide(X2,X8)))))) [forward demodulation 12,23]
36. double_divide(inverse(X7),inverse(double_divide(double_divide(inverse(X5),inverse(double_divide(X8,double_divide(X4,X8)))),X6))) = double_divide(double_divide(double_divide(X1,inverse(double_divide(X2,X3))),inverse(X0)),double_divide(inverse(double_divide(double_divide(X4,inverse(double_divide(X5,X6))),inverse(double_divide(X7,X0)))),inverse(double_divide(double_divide(inverse(X2),inverse(double_divide(X9,double_divide(X1,X9)))),X3)))) [superposition 7,7]
43. double_divide(double_divide(double_divide(X0,inverse(double_divide(X2,double_divide(inverse(X1),inverse(double_divide(X3,double_divide(inverse(X2),X3))))))),inverse(double_divide(X4,X5))),double_divide(inverse(X4),inverse(double_divide(X0,X1)))) = X5 [superposition 7,1]
60. double_divide(inverse(X1),inverse(double_divide(X2,double_divide(double_divide(X3,inverse(double_divide(X4,X0))),X2)))) = double_divide(inverse(X1),inverse(double_divide(double_divide(inverse(X4),inverse(double_divide(X5,double_divide(X3,X5)))),X0))) [superposition 21,1]
64. double_divide(inverse(X3),inverse(double_divide(X4,double_divide(inverse(X0),X4)))) = double_divide(inverse(X3),inverse(double_divide(inverse(double_divide(X5,double_divide(X2,X5))),double_divide(inverse(X0),inverse(double_divide(X1,double_divide(X2,X1))))))) [superposition 21,21]
93. double_divide(X2,X3) = double_divide(double_divide(inverse(X0),inverse(double_divide(X1,double_divide(X2,X1)))),double_divide(inverse(X3),inverse(double_divide(X4,double_divide(inverse(X0),X4))))) [superposition 1,21]
96. double_divide(double_divide(inverse(X0),inverse(double_divide(X3,X4))),double_divide(inverse(X3),inverse(double_divide(inverse(double_divide(X5,double_divide(X2,X5))),double_divide(inverse(X0),inverse(double_divide(X1,double_divide(X2,X1)))))))) = X4 [superposition 1,21]
102. inverse(double_divide(X6,double_divide(X2,X6))) = double_divide(double_divide(double_divide(X3,inverse(double_divide(X4,X5))),inverse(double_divide(inverse(X0),inverse(double_divide(X1,double_divide(X2,X1)))))),double_divide(inverse(inverse(X0)),inverse(double_divide(double_divide(inverse(X4),inverse(double_divide(X7,double_divide(X3,X7)))),X5)))) [superposition 7,21]
103. inverse(double_divide(X1,double_divide(X2,X1))) = inverse(double_divide(X6,double_divide(X2,X6))) [forward demodulation 102,7]
127. double_divide(inverse(double_divide(X4,X1)),inverse(double_divide(X5,double_divide(inverse(X2),X5)))) = double_divide(X4,double_divide(X0,double_divide(X1,inverse(double_divide(X2,double_divide(X3,double_divide(X0,X3))))))) [superposition 28,28]
129. double_divide(inverse(double_divide(X3,X2)),inverse(double_divide(X4,double_divide(inverse(X0),X4)))) = double_divide(X3,double_divide(inverse(X0),inverse(double_divide(X1,double_divide(X2,X1))))) [superposition 28,21]
138. double_divide(double_divide(X1,inverse(double_divide(X2,X4))),double_divide(X0,double_divide(X1,inverse(double_divide(X2,double_divide(X3,double_divide(X0,X3))))))) = X4 [superposition 1,28]
143. double_divide(X1,X4) = double_divide(double_divide(X0,double_divide(X1,inverse(double_divide(X2,double_divide(X3,double_divide(X0,X3)))))),double_divide(inverse(X4),inverse(double_divide(X5,double_divide(inverse(X2),X5))))) [superposition 1,28]
155. double_divide(inverse(double_divide(double_divide(X0,inverse(double_divide(X1,X2))),X0)),inverse(double_divide(X3,double_divide(inverse(X1),X3)))) = X2 [superposition 1,28]
156. double_divide(inverse(X4),inverse(double_divide(X5,double_divide(X3,X5)))) = double_divide(inverse(double_divide(double_divide(X0,inverse(X1)),X0)),inverse(double_divide(X2,double_divide(inverse(double_divide(X3,inverse(double_divide(X4,X1)))),X2)))) [superposition 6,28]
290. double_divide(double_divide(X3,inverse(double_divide(X4,X5))),double_divide(inverse(double_divide(double_divide(X0,inverse(X1)),X0)),inverse(double_divide(X2,double_divide(inverse(double_divide(X3,inverse(double_divide(X4,X1)))),X2))))) = X5 [superposition 22,28]
353. double_divide(double_divide(inverse(X1),inverse(double_divide(double_divide(double_divide(X2,inverse(double_divide(X1,X0))),X2),X3))),X0) = X3 [superposition 1,155]
400. double_divide(double_divide(double_divide(X3,inverse(double_divide(inverse(double_divide(X0,inverse(X0))),inverse(double_divide(X1,double_divide(inverse(X2),X1)))))),inverse(double_divide(X4,X5))),double_divide(inverse(X4),inverse(double_divide(X3,X2)))) = X5 [superposition 43,28]
434. double_divide(inverse(X6),inverse(double_divide(X2,X4))) = double_divide(double_divide(X1,inverse(X0)),double_divide(inverse(double_divide(double_divide(X2,inverse(double_divide(X3,double_divide(inverse(X4),inverse(double_divide(X5,double_divide(inverse(X3),X5))))))),inverse(double_divide(X6,X0)))),inverse(double_divide(X7,double_divide(X1,X7))))) [superposition 1,43]
491. double_divide(inverse(X0),inverse(double_divide(X3,double_divide(inverse(double_divide(double_divide(X2,inverse(double_divide(X1,inverse(X1)))),X2)),X3)))) = X0 [superposition 155,353]
514. double_divide(X0,double_divide(inverse(X3),inverse(double_divide(double_divide(inverse(double_divide(double_divide(X2,inverse(double_divide(X1,inverse(double_divide(X3,X4))))),X2)),inverse(double_divide(X5,double_divide(inverse(X1),X5)))),X0)))) = X4 [superposition 7,353]
526. double_divide(X0,double_divide(inverse(X3),inverse(double_divide(inverse(double_divide(X3,X4)),X0)))) = X4 [forward demodulation 514,155]
579. double_divide(X2,double_divide(X3,double_divide(X1,X3))) = double_divide(double_divide(double_divide(X4,inverse(X5)),double_divide(inverse(double_divide(X2,inverse(double_divide(X6,X5)))),inverse(double_divide(X7,double_divide(X4,X7))))),double_divide(inverse(double_divide(X0,double_divide(X1,X0))),inverse(double_divide(X8,double_divide(inverse(X6),X8))))) [superposition 23,103]
619. double_divide(X2,double_divide(X3,double_divide(X1,X3))) = double_divide(X2,double_divide(X0,double_divide(X1,X0))) [forward demodulation 579,23]
652. double_divide(X1,X3) = double_divide(X2,double_divide(inverse(X3),inverse(double_divide(inverse(double_divide(X0,double_divide(X1,X0))),X2)))) [superposition 526,103]
1010. inverse(double_divide(X3,double_divide(X1,X3))) = inverse(double_divide(double_divide(X0,X1),double_divide(X2,double_divide(X0,X2)))) [superposition 103,619]
1050. double_divide(X5,double_divide(X4,X5)) = double_divide(double_divide(inverse(X1),inverse(double_divide(double_divide(double_divide(X0,inverse(double_divide(X1,X2))),X0),double_divide(X3,double_divide(X4,X3))))),X2) [superposition 353,619]
1051. double_divide(X3,double_divide(X4,X3)) = double_divide(X5,double_divide(X4,X5)) [forward demodulation 1050,353]
1162. double_divide(inverse(double_divide(double_divide(X1,inverse(double_divide(X2,X3))),X1)),inverse(double_divide(X4,double_divide(inverse(X2),X4)))) = double_divide(double_divide(X5,inverse(X0)),double_divide(double_divide(X6,inverse(X3)),double_divide(inverse(double_divide(X5,inverse(X0))),inverse(double_divide(X7,double_divide(X6,X7)))))) [superposition 20,353]
1320. double_divide(double_divide(X5,inverse(X0)),double_divide(double_divide(X6,inverse(X3)),double_divide(inverse(double_divide(X5,inverse(X0))),inverse(double_divide(X7,double_divide(X6,X7)))))) = X3 [forward demodulation 1162,155]
1388. double_divide(X3,double_divide(X0,X3)) = double_divide(double_divide(X4,double_divide(X2,X4)),double_divide(X0,double_divide(X1,double_divide(X2,X1)))) [superposition 1051,619]
1478. double_divide(X0,double_divide(X1,X0)) = double_divide(double_divide(X2,X1),double_divide(X3,double_divide(X2,X3))) [superposition 619,1051]
1891. double_divide(X1,X4) = double_divide(X3,double_divide(inverse(X4),inverse(double_divide(inverse(double_divide(double_divide(X0,X1),double_divide(X2,double_divide(X0,X2)))),X3)))) [superposition 526,1478]
2167. double_divide(inverse(X9),inverse(double_divide(inverse(X0),inverse(double_divide(X1,double_divide(X2,X1)))))) = double_divide(double_divide(X3,inverse(X4)),double_divide(inverse(double_divide(double_divide(X5,inverse(double_divide(X6,double_divide(inverse(double_divide(X2,inverse(double_divide(X0,double_divide(X7,double_divide(X5,X7)))))),inverse(double_divide(X8,double_divide(inverse(X6),X8))))))),inverse(double_divide(X9,X4)))),inverse(double_divide(X10,double_divide(X3,X10))))) [superposition 8,6]
2344. double_divide(inverse(X9),inverse(double_divide(inverse(X0),inverse(double_divide(X1,double_divide(X2,X1)))))) = double_divide(inverse(X9),inverse(double_divide(X5,double_divide(X2,inverse(double_divide(X0,double_divide(X7,double_divide(X5,X7)))))))) [forward demodulation 2167,434]
6274. double_divide(double_divide(X2,double_divide(X3,X2)),X4) = double_divide(X5,double_divide(inverse(X4),inverse(double_divide(inverse(double_divide(double_divide(X1,double_divide(X6,double_divide(X3,X6))),double_divide(X0,double_divide(X1,X0)))),X5)))) [superposition 652,1388]
6288. double_divide(double_divide(X2,double_divide(X3,X2)),X4) = double_divide(double_divide(X6,double_divide(X3,X6)),X4) [forward demodulation 6274,1891]
16674. double_divide(inverse(X1),inverse(double_divide(inverse(double_divide(X2,double_divide(inverse(X0),X2))),inverse(X0)))) = X1 [superposition 491,155]
16760. double_divide(double_divide(X0,inverse(double_divide(double_divide(double_divide(X1,inverse(double_divide(X2,inverse(X2)))),X1),X3))),X0) = X3 [superposition 155,491]
16790. double_divide(X0,X2) = double_divide(inverse(double_divide(double_divide(X3,inverse(double_divide(X4,inverse(X4)))),X3)),double_divide(double_divide(X1,inverse(double_divide(X0,X2))),X1)) [superposition 353,491]
18153. double_divide(inverse(X3),inverse(double_divide(X0,double_divide(inverse(double_divide(inverse(double_divide(X1,double_divide(inverse(X2),X1))),inverse(X2))),X0)))) = X3 [superposition 16674,16674]
19606. double_divide(X0,inverse(X0)) = double_divide(inverse(double_divide(double_divide(X3,inverse(double_divide(X4,inverse(X4)))),X3)),double_divide(double_divide(X1,inverse(double_divide(X2,inverse(X2)))),X1)) [superposition 16760,491]
19904. double_divide(X0,inverse(X0)) = double_divide(X2,inverse(X2)) [forward demodulation 19606,16790]
21521. a2 != inverse(double_divide(a2,inverse(double_divide(X0,inverse(X0))))) [superposition 5,19904]
22552. a2 != inverse(double_divide(a2,inverse(double_divide(double_divide(X0,double_divide(X1,X0)),inverse(double_divide(X2,double_divide(X1,X2))))))) [superposition 21521,6288]
40067. double_divide(X4,X8) = double_divide(double_divide(double_divide(X0,inverse(X1)),double_divide(inverse(double_divide(double_divide(X2,inverse(double_divide(X3,double_divide(X4,double_divide(inverse(X3),inverse(double_divide(X5,double_divide(X2,X5)))))))),inverse(double_divide(X6,X1)))),inverse(double_divide(X7,double_divide(X0,X7))))),double_divide(inverse(X8),inverse(double_divide(X9,double_divide(inverse(X6),X9))))) [superposition 93,8]
40479. double_divide(X4,X8) = double_divide(double_divide(X2,inverse(double_divide(X3,double_divide(X4,double_divide(inverse(X3),inverse(double_divide(X5,double_divide(X2,X5)))))))),X8) [forward demodulation 40067,23]
40938. double_divide(inverse(X0),double_divide(inverse(X4),inverse(double_divide(X5,double_divide(inverse(double_divide(inverse(double_divide(X1,double_divide(inverse(X2),X1))),inverse(X2))),X5))))) = double_divide(inverse(X0),inverse(double_divide(X3,double_divide(inverse(X4),X3)))) [superposition 129,16674]
42439. double_divide(inverse(X0),X4) = double_divide(inverse(X0),inverse(double_divide(X3,double_divide(inverse(X4),X3)))) [forward demodulation 40938,18153]
44713. double_divide(inverse(double_divide(X9,X10)),inverse(double_divide(X11,double_divide(inverse(X12),X11)))) = double_divide(X9,double_divide(inverse(X7),double_divide(X10,inverse(double_divide(X12,double_divide(inverse(double_divide(double_divide(inverse(X5),inverse(double_divide(X13,double_divide(X4,X13)))),X6)),double_divide(double_divide(double_divide(X0,inverse(double_divide(X1,X2))),inverse(X3)),double_divide(inverse(double_divide(double_divide(X4,inverse(double_divide(X5,X6))),inverse(double_divide(X7,X3)))),inverse(double_divide(double_divide(inverse(X1),inverse(double_divide(X8,double_divide(X0,X8)))),X2)))))))))) [superposition 127,36]
44819. double_divide(inverse(double_divide(X2,X3)),inverse(double_divide(X4,double_divide(inverse(double_divide(X5,X1)),X4)))) = double_divide(X2,double_divide(X5,double_divide(X3,inverse(double_divide(X0,double_divide(X1,X0)))))) [superposition 127,1010]
44830. double_divide(inverse(double_divide(X7,inverse(X5))),inverse(double_divide(X8,double_divide(inverse(double_divide(X9,X4)),X8)))) = double_divide(X7,double_divide(X9,double_divide(double_divide(double_divide(X0,inverse(double_divide(X1,X2))),inverse(X3)),double_divide(inverse(double_divide(X4,inverse(double_divide(X5,X3)))),inverse(double_divide(double_divide(inverse(X1),inverse(double_divide(X6,double_divide(X0,X6)))),X2)))))) [superposition 127,17]
45021. double_divide(X5,double_divide(X0,double_divide(X1,double_divide(X2,inverse(double_divide(X3,double_divide(X4,double_divide(X1,X4)))))))) = double_divide(inverse(double_divide(X5,inverse(X3))),inverse(double_divide(X6,double_divide(inverse(double_divide(X0,X2)),X6)))) [superposition 28,127]
45022. double_divide(inverse(X3),X5) = double_divide(double_divide(X0,double_divide(X1,double_divide(X2,inverse(double_divide(X3,double_divide(X4,double_divide(X1,X4))))))),double_divide(inverse(X5),inverse(double_divide(X6,double_divide(inverse(double_divide(X0,X2)),X6))))) [superposition 1,127]
45033. double_divide(inverse(double_divide(inverse(X3),X5)),inverse(double_divide(X6,double_divide(inverse(X7),X6)))) = double_divide(double_divide(X0,double_divide(X1,double_divide(X2,inverse(double_divide(X3,double_divide(X4,double_divide(X1,X4))))))),double_divide(inverse(double_divide(double_divide(X8,inverse(X9)),double_divide(inverse(double_divide(X5,inverse(double_divide(X7,X9)))),inverse(double_divide(X10,double_divide(X8,X10)))))),inverse(double_divide(X11,double_divide(inverse(double_divide(X0,X2)),X11))))) [superposition 16,127]
45177. double_divide(inverse(X5),inverse(double_divide(X6,double_divide(inverse(double_divide(X0,X2)),X6)))) = double_divide(inverse(X5),inverse(double_divide(inverse(double_divide(X7,double_divide(inverse(X3),X7))),double_divide(X0,double_divide(X1,double_divide(X2,inverse(double_divide(X3,double_divide(X4,double_divide(X1,X4)))))))))) [superposition 21,127]
46314. double_divide(inverse(X5),inverse(double_divide(inverse(double_divide(X7,double_divide(inverse(X3),X7))),double_divide(X0,double_divide(X1,double_divide(X2,inverse(double_divide(X3,double_divide(X4,double_divide(X1,X4)))))))))) = double_divide(inverse(X5),double_divide(X0,X2)) [forward demodulation 45177,42439]
46381. double_divide(inverse(double_divide(inverse(X3),X5)),inverse(double_divide(X6,double_divide(inverse(X7),X6)))) = double_divide(double_divide(X0,double_divide(X1,double_divide(X2,inverse(double_divide(X3,double_divide(X4,double_divide(X1,X4))))))),double_divide(inverse(double_divide(double_divide(X8,inverse(X9)),double_divide(inverse(double_divide(X5,inverse(double_divide(X7,X9)))),inverse(double_divide(X10,double_divide(X8,X10)))))),double_divide(X0,X2))) [forward demodulation 45033,42439]
46388. double_divide(inverse(X3),X5) = double_divide(double_divide(X0,double_divide(X1,double_divide(X2,inverse(double_divide(X3,double_divide(X4,double_divide(X1,X4))))))),double_divide(inverse(X5),double_divide(X0,X2))) [forward demodulation 45022,42439]
46389. double_divide(X5,double_divide(X0,double_divide(X1,double_divide(X2,inverse(double_divide(X3,double_divide(X4,double_divide(X1,X4)))))))) = double_divide(inverse(double_divide(X5,inverse(X3))),double_divide(X0,X2)) [forward demodulation 45021,42439]
46477. double_divide(X7,double_divide(X9,double_divide(double_divide(double_divide(X0,inverse(double_divide(X1,X2))),inverse(X3)),double_divide(inverse(double_divide(X4,inverse(double_divide(X5,X3)))),inverse(double_divide(double_divide(inverse(X1),inverse(double_divide(X6,double_divide(X0,X6)))),X2)))))) = double_divide(inverse(double_divide(X7,inverse(X5))),double_divide(X9,X4)) [forward demodulation 44830,42439]
46488. double_divide(X2,double_divide(X5,double_divide(X3,inverse(double_divide(X0,double_divide(X1,X0)))))) = double_divide(inverse(double_divide(X2,X3)),double_divide(X5,X1)) [forward demodulation 44819,42439]
46584. double_divide(X9,double_divide(inverse(X7),double_divide(X10,inverse(double_divide(X12,double_divide(inverse(double_divide(double_divide(inverse(X5),inverse(double_divide(X13,double_divide(X4,X13)))),X6)),double_divide(double_divide(double_divide(X0,inverse(double_divide(X1,X2))),inverse(X3)),double_divide(inverse(double_divide(double_divide(X4,inverse(double_divide(X5,X6))),inverse(double_divide(X7,X3)))),inverse(double_divide(double_divide(inverse(X1),inverse(double_divide(X8,double_divide(X0,X8)))),X2)))))))))) = double_divide(inverse(double_divide(X9,X10)),X12) [forward demodulation 44713,42439]
46812. double_divide(double_divide(X0,double_divide(X1,double_divide(X2,inverse(double_divide(X3,double_divide(X4,double_divide(X1,X4))))))),double_divide(inverse(double_divide(double_divide(X8,inverse(X9)),double_divide(inverse(double_divide(X5,inverse(double_divide(X7,X9)))),inverse(double_divide(X10,double_divide(X8,X10)))))),double_divide(X0,X2))) = double_divide(inverse(double_divide(inverse(X3),X5)),X7) [forward demodulation 46381,42439]
46859. double_divide(inverse(double_divide(X9,X10)),X12) = double_divide(X9,double_divide(inverse(X7),double_divide(X10,inverse(double_divide(inverse(double_divide(X12,inverse(X7))),double_divide(inverse(double_divide(double_divide(inverse(X5),inverse(double_divide(X13,double_divide(X4,X13)))),X6)),double_divide(X4,inverse(double_divide(X5,X6))))))))) [forward demodulation 46584,46477]
46911. double_divide(inverse(double_divide(inverse(X3),X5)),X7) = double_divide(inverse(X3),double_divide(double_divide(X8,inverse(X9)),double_divide(inverse(double_divide(X5,inverse(double_divide(X7,X9)))),inverse(double_divide(X10,double_divide(X8,X10)))))) [forward demodulation 46812,46388]
46937. double_divide(inverse(double_divide(inverse(X3),X5)),X7) = double_divide(inverse(double_divide(inverse(X3),inverse(double_divide(X5,inverse(double_divide(X7,X9)))))),double_divide(double_divide(X8,inverse(X9)),X8)) [forward demodulation 46911,46488]
51186. double_divide(inverse(X5),inverse(double_divide(X6,double_divide(inverse(X0),X6)))) = double_divide(inverse(X5),inverse(double_divide(inverse(double_divide(X7,double_divide(double_divide(X3,inverse(double_divide(X1,X4))),X7))),double_divide(inverse(X0),inverse(double_divide(double_divide(inverse(X1),inverse(double_divide(X2,double_divide(X3,X2)))),X4)))))) [superposition 21,60]
51441. double_divide(X6,double_divide(inverse(X0),inverse(double_divide(X1,double_divide(double_divide(X2,inverse(double_divide(X3,double_divide(X4,double_divide(inverse(X3),inverse(double_divide(X5,double_divide(X2,X5)))))))),X1))))) = double_divide(inverse(double_divide(X6,X4)),inverse(double_divide(X7,double_divide(inverse(X0),X7)))) [superposition 129,60]
51677. double_divide(double_divide(X7,inverse(X8)),double_divide(double_divide(X9,inverse(X10)),double_divide(inverse(double_divide(X7,inverse(double_divide(double_divide(inverse(X0),inverse(double_divide(X5,X8))),X10)))),inverse(double_divide(X11,double_divide(X9,X11)))))) = double_divide(inverse(X5),inverse(double_divide(inverse(double_divide(double_divide(inverse(X3),inverse(double_divide(X6,double_divide(X2,X6)))),X4)),double_divide(inverse(X0),inverse(double_divide(X1,double_divide(double_divide(X2,inverse(double_divide(X3,X4))),X1))))))) [superposition 20,60]
51681. double_divide(inverse(X5),inverse(double_divide(X6,double_divide(inverse(X0),X6)))) = double_divide(inverse(X5),inverse(double_divide(inverse(double_divide(double_divide(inverse(X3),inverse(double_divide(X7,double_divide(X2,X7)))),X4)),double_divide(inverse(X0),inverse(double_divide(X1,double_divide(double_divide(X2,inverse(double_divide(X3,X4))),X1))))))) [superposition 21,60]
51795. double_divide(double_divide(X5,inverse(double_divide(X6,X7))),double_divide(inverse(X0),double_divide(X5,inverse(double_divide(X6,double_divide(inverse(double_divide(double_divide(inverse(X3),inverse(double_divide(X8,double_divide(X2,X8)))),X4)),double_divide(inverse(X0),inverse(double_divide(X1,double_divide(double_divide(X2,inverse(double_divide(X3,X4))),X1)))))))))) = X7 [superposition 138,60]
51899. double_divide(double_divide(X5,inverse(double_divide(X6,X7))),double_divide(inverse(X0),double_divide(X5,inverse(double_divide(inverse(double_divide(X6,inverse(X0))),double_divide(inverse(double_divide(double_divide(inverse(X3),inverse(double_divide(X8,double_divide(X2,X8)))),X4)),double_divide(X2,inverse(double_divide(X3,X4))))))))) = X7 [forward demodulation 51795,46488]
51944. double_divide(inverse(X5),X0) = double_divide(inverse(X5),inverse(double_divide(inverse(double_divide(double_divide(inverse(X3),inverse(double_divide(X7,double_divide(X2,X7)))),X4)),double_divide(inverse(X0),inverse(double_divide(X1,double_divide(double_divide(X2,inverse(double_divide(X3,X4))),X1))))))) [forward demodulation 51681,42439]
51947. double_divide(inverse(X5),inverse(double_divide(inverse(double_divide(double_divide(inverse(X3),inverse(double_divide(X6,double_divide(X2,X6)))),X4)),double_divide(inverse(X0),inverse(double_divide(X1,double_divide(double_divide(X2,inverse(double_divide(X3,X4))),X1))))))) = double_divide(inverse(double_divide(double_divide(X7,inverse(X8)),inverse(double_divide(X7,inverse(double_divide(double_divide(inverse(X0),inverse(double_divide(X5,X8))),X10)))))),double_divide(double_divide(X9,inverse(X10)),X9)) [forward demodulation 51677,46488]
52109. double_divide(X6,double_divide(inverse(X0),inverse(double_divide(X1,double_divide(double_divide(X2,inverse(double_divide(X3,double_divide(X4,double_divide(inverse(X3),inverse(double_divide(X5,double_divide(X2,X5)))))))),X1))))) = double_divide(inverse(double_divide(X6,X4)),X0) [forward demodulation 51441,42439]
52205. double_divide(inverse(X5),X0) = double_divide(inverse(X5),inverse(double_divide(inverse(double_divide(X7,double_divide(double_divide(X3,inverse(double_divide(X1,X4))),X7))),double_divide(inverse(X0),inverse(double_divide(double_divide(inverse(X1),inverse(double_divide(X2,double_divide(X3,X2)))),X4)))))) [forward demodulation 51186,42439]
52506. double_divide(inverse(double_divide(double_divide(X5,inverse(double_divide(X6,X7))),X5)),X6) = X7 [forward demodulation 51899,46859]
52520. double_divide(inverse(X5),X0) = double_divide(inverse(double_divide(double_divide(X7,inverse(X8)),inverse(double_divide(X7,inverse(double_divide(double_divide(inverse(X0),inverse(double_divide(X5,X8))),X10)))))),double_divide(double_divide(X9,inverse(X10)),X9)) [forward demodulation 51947,51944]
52566. double_divide(inverse(double_divide(X6,X4)),X0) = double_divide(X6,double_divide(inverse(X0),inverse(double_divide(X1,double_divide(X4,X1))))) [forward demodulation 52109,40479]
52981. inverse(double_divide(X5,double_divide(inverse(X1),X5))) = double_divide(double_divide(inverse(X4),inverse(double_divide(X0,double_divide(inverse(X1),inverse(double_divide(X2,double_divide(X3,X2))))))),double_divide(inverse(inverse(double_divide(X0,X3))),inverse(double_divide(inverse(double_divide(X6,double_divide(X7,X6))),double_divide(inverse(X4),inverse(double_divide(X8,double_divide(X7,X8)))))))) [superposition 96,129]
53141. double_divide(double_divide(inverse(X4),inverse(double_divide(X5,X6))),double_divide(inverse(X5),inverse(double_divide(inverse(double_divide(double_divide(X7,double_divide(X1,inverse(double_divide(X3,double_divide(X8,double_divide(X7,X8)))))),double_divide(inverse(double_divide(X0,X1)),inverse(double_divide(X2,double_divide(inverse(X3),X2)))))),double_divide(inverse(X4),inverse(double_divide(X9,double_divide(X0,X9)))))))) = X6 [superposition 96,127]
53571. double_divide(inverse(X3),inverse(double_divide(inverse(double_divide(X4,double_divide(X5,X4))),double_divide(inverse(X2),inverse(double_divide(X6,double_divide(X5,X6))))))) = double_divide(double_divide(X1,inverse(X0)),double_divide(inverse(double_divide(double_divide(X7,inverse(X8)),X7)),inverse(double_divide(X9,double_divide(inverse(double_divide(X1,inverse(double_divide(double_divide(inverse(X2),inverse(double_divide(X3,X0))),X8)))),X9))))) [superposition 290,96]
53753. double_divide(inverse(X3),inverse(double_divide(inverse(double_divide(X4,double_divide(X5,X4))),double_divide(inverse(X2),inverse(double_divide(X6,double_divide(X5,X6))))))) = double_divide(inverse(double_divide(double_divide(X1,inverse(X0)),inverse(double_divide(X1,inverse(double_divide(double_divide(inverse(X2),inverse(double_divide(X3,X0))),X8)))))),double_divide(double_divide(X7,inverse(X8)),X7)) [forward demodulation 53571,52566]
54017. double_divide(double_divide(inverse(X4),inverse(double_divide(X5,X6))),double_divide(inverse(X5),inverse(double_divide(inverse(double_divide(inverse(double_divide(double_divide(X7,double_divide(X1,inverse(double_divide(X3,double_divide(X8,double_divide(X7,X8)))))),double_divide(inverse(double_divide(X0,X1)),inverse(double_divide(X2,double_divide(inverse(X3),X2)))))),X0)),X4)))) = X6 [forward demodulation 53141,52566]
54168. inverse(double_divide(X5,double_divide(inverse(X1),X5))) = double_divide(double_divide(inverse(X4),inverse(double_divide(X0,double_divide(inverse(X1),inverse(double_divide(X2,double_divide(X3,X2))))))),double_divide(inverse(inverse(double_divide(X0,X3))),inverse(double_divide(inverse(double_divide(inverse(double_divide(X6,double_divide(X7,X6))),X7)),X4)))) [forward demodulation 52981,52566]
54253. double_divide(inverse(X3),X2) = double_divide(inverse(X3),inverse(double_divide(inverse(double_divide(X4,double_divide(X5,X4))),double_divide(inverse(X2),inverse(double_divide(X6,double_divide(X5,X6))))))) [forward demodulation 53753,52520]
54412. double_divide(double_divide(inverse(X4),inverse(double_divide(X5,X6))),double_divide(inverse(X5),inverse(double_divide(inverse(double_divide(inverse(double_divide(X1,double_divide(X0,X1))),X0)),X4)))) = X6 [forward demodulation 54017,143]
54490. inverse(double_divide(X5,double_divide(inverse(X1),X5))) = double_divide(double_divide(inverse(X4),inverse(double_divide(inverse(double_divide(X0,X3)),X1))),double_divide(inverse(inverse(double_divide(X0,X3))),inverse(double_divide(inverse(double_divide(inverse(double_divide(X6,double_divide(X7,X6))),X7)),X4)))) [forward demodulation 54168,52566]
54529. double_divide(inverse(X3),X2) = double_divide(inverse(X3),inverse(double_divide(inverse(double_divide(inverse(double_divide(X4,double_divide(X5,X4))),X5)),X2))) [forward demodulation 54253,52566]
54637. inverse(double_divide(X5,double_divide(inverse(X1),X5))) = X1 [forward demodulation 54490,54412]
55133. double_divide(inverse(X1),inverse(double_divide(inverse(double_divide(X2,double_divide(inverse(double_divide(double_divide(X3,inverse(double_divide(X4,inverse(X4)))),X3)),X2))),X0))) = double_divide(inverse(double_divide(double_divide(X5,inverse(X6)),X5)),inverse(double_divide(X7,double_divide(inverse(double_divide(inverse(X0),inverse(double_divide(X1,X6)))),X7)))) [superposition 156,491]
55134. double_divide(inverse(X5),inverse(double_divide(inverse(double_divide(X6,double_divide(double_divide(X3,inverse(double_divide(X1,X4))),X6))),double_divide(inverse(X0),inverse(double_divide(double_divide(inverse(X1),inverse(double_divide(X2,double_divide(X3,X2)))),X4)))))) = double_divide(inverse(double_divide(double_divide(X7,inverse(X8)),X7)),inverse(double_divide(X9,double_divide(inverse(double_divide(inverse(X0),inverse(double_divide(X5,X8)))),X9)))) [superposition 156,60]
55137. double_divide(inverse(X1),inverse(double_divide(inverse(double_divide(X2,double_divide(inverse(X3),X2))),X0))) = double_divide(inverse(double_divide(double_divide(X5,inverse(X6)),X5)),inverse(double_divide(X7,double_divide(inverse(double_divide(inverse(double_divide(double_divide(X4,inverse(double_divide(X3,X0))),X4)),inverse(double_divide(X1,X6)))),X7)))) [superposition 156,155]
55139. double_divide(inverse(X7),inverse(double_divide(inverse(double_divide(X8,double_divide(X4,X8))),double_divide(double_divide(X0,inverse(double_divide(inverse(X1),inverse(double_divide(X2,double_divide(X3,X2)))))),double_divide(inverse(double_divide(X4,inverse(X5))),inverse(double_divide(X6,double_divide(X0,X6)))))))) = double_divide(inverse(double_divide(double_divide(X9,inverse(X10)),X9)),inverse(double_divide(X11,double_divide(inverse(double_divide(inverse(double_divide(X3,inverse(double_divide(X1,X5)))),inverse(double_divide(X7,X10)))),X11)))) [superposition 156,27]
55141. double_divide(inverse(X5),inverse(double_divide(inverse(double_divide(X6,double_divide(inverse(X3),X6))),double_divide(X0,double_divide(X1,double_divide(X2,inverse(double_divide(X3,double_divide(X4,double_divide(X1,X4)))))))))) = double_divide(inverse(double_divide(double_divide(X7,inverse(X8)),X7)),inverse(double_divide(X9,double_divide(inverse(double_divide(inverse(double_divide(X0,X2)),inverse(double_divide(X5,X8)))),X9)))) [superposition 156,127]
55954. inverse(double_divide(X5,double_divide(inverse(X4),X5))) = inverse(double_divide(inverse(double_divide(X6,double_divide(X3,X6))),double_divide(inverse(double_divide(double_divide(X0,inverse(X1)),X0)),inverse(double_divide(X2,double_divide(inverse(double_divide(X3,inverse(double_divide(X4,X1)))),X2)))))) [superposition 103,156]
55959. double_divide(inverse(double_divide(X5,inverse(X4))),inverse(double_divide(X6,double_divide(inverse(X7),X6)))) = double_divide(X5,double_divide(inverse(X7),inverse(double_divide(inverse(double_divide(X8,double_divide(X3,X8))),double_divide(inverse(double_divide(double_divide(X0,inverse(X1)),X0)),inverse(double_divide(X2,double_divide(inverse(double_divide(X3,inverse(double_divide(X4,X1)))),X2)))))))) [superposition 129,156]
56501. a2 != inverse(double_divide(a2,inverse(double_divide(double_divide(inverse(double_divide(X3,double_divide(inverse(double_divide(X2,inverse(double_divide(X0,X4)))),X3))),double_divide(inverse(X0),inverse(double_divide(X1,double_divide(X2,X1))))),inverse(double_divide(X6,double_divide(inverse(double_divide(double_divide(X5,inverse(X4)),X5)),X6))))))) [superposition 22552,156]
56552. a2 != inverse(double_divide(a2,inverse(double_divide(double_divide(inverse(double_divide(X3,double_divide(inverse(double_divide(X2,inverse(double_divide(X0,X4)))),X3))),double_divide(inverse(X0),inverse(double_divide(X1,double_divide(X2,X1))))),double_divide(double_divide(X5,inverse(X4)),X5))))) [forward demodulation 56501,54637]
57078. double_divide(inverse(double_divide(X5,inverse(X4))),inverse(double_divide(X6,double_divide(inverse(X7),X6)))) = double_divide(X5,double_divide(inverse(X7),inverse(double_divide(inverse(double_divide(inverse(double_divide(X8,double_divide(X3,X8))),inverse(double_divide(X3,inverse(double_divide(X4,X1)))))),double_divide(double_divide(X0,inverse(X1)),X0))))) [forward demodulation 55959,52566]
57083. inverse(double_divide(X5,double_divide(inverse(X4),X5))) = inverse(double_divide(inverse(double_divide(inverse(double_divide(X6,double_divide(X3,X6))),inverse(double_divide(X3,inverse(double_divide(X4,X1)))))),double_divide(double_divide(X0,inverse(X1)),X0))) [forward demodulation 55954,52566]
57787. double_divide(inverse(X5),inverse(double_divide(inverse(double_divide(X6,double_divide(inverse(X3),X6))),double_divide(X0,double_divide(X1,double_divide(X2,inverse(double_divide(X3,double_divide(X4,double_divide(X1,X4)))))))))) = double_divide(inverse(double_divide(double_divide(X7,inverse(X8)),X7)),double_divide(inverse(double_divide(X0,X2)),inverse(double_divide(X5,X8)))) [forward demodulation 55141,42439]
57789. double_divide(inverse(X7),inverse(double_divide(inverse(double_divide(X8,double_divide(X4,X8))),double_divide(double_divide(X0,inverse(double_divide(inverse(X1),inverse(double_divide(X2,double_divide(X3,X2)))))),double_divide(inverse(double_divide(X4,inverse(X5))),inverse(double_divide(X6,double_divide(X0,X6)))))))) = double_divide(inverse(double_divide(double_divide(X9,inverse(X10)),X9)),double_divide(inverse(double_divide(X3,inverse(double_divide(X1,X5)))),inverse(double_divide(X7,X10)))) [forward demodulation 55139,42439]
57791. double_divide(inverse(X1),inverse(double_divide(inverse(double_divide(X2,double_divide(inverse(X3),X2))),X0))) = double_divide(inverse(double_divide(double_divide(X5,inverse(X6)),X5)),double_divide(inverse(double_divide(double_divide(X4,inverse(double_divide(X3,X0))),X4)),inverse(double_divide(X1,X6)))) [forward demodulation 55137,42439]
57794. double_divide(inverse(X5),inverse(double_divide(inverse(double_divide(X6,double_divide(double_divide(X3,inverse(double_divide(X1,X4))),X6))),double_divide(inverse(X0),inverse(double_divide(double_divide(inverse(X1),inverse(double_divide(X2,double_divide(X3,X2)))),X4)))))) = double_divide(inverse(double_divide(double_divide(X7,inverse(X8)),X7)),double_divide(inverse(X0),inverse(double_divide(X5,X8)))) [forward demodulation 55134,42439]
57795. double_divide(inverse(X1),inverse(double_divide(inverse(double_divide(X2,double_divide(inverse(double_divide(double_divide(X3,inverse(double_divide(X4,inverse(X4)))),X3)),X2))),X0))) = double_divide(inverse(double_divide(double_divide(X5,inverse(X6)),X5)),double_divide(inverse(X0),inverse(double_divide(X1,X6)))) [forward demodulation 55133,42439]
57880. a2 != inverse(double_divide(a2,inverse(double_divide(double_divide(inverse(double_divide(inverse(double_divide(X3,double_divide(inverse(double_divide(X2,inverse(double_divide(X0,X4)))),X3))),X2)),X0),double_divide(double_divide(X5,inverse(X4)),X5))))) [forward demodulation 56552,52566]
58262. double_divide(inverse(double_divide(X5,inverse(X4))),inverse(double_divide(X6,double_divide(inverse(X7),X6)))) = double_divide(X5,double_divide(inverse(X7),inverse(double_divide(inverse(double_divide(inverse(double_divide(X8,double_divide(X3,X8))),X3)),X4)))) [forward demodulation 57078,46937]
58267. inverse(double_divide(X5,double_divide(inverse(X4),X5))) = inverse(double_divide(inverse(double_divide(inverse(double_divide(X6,double_divide(X3,X6))),X3)),X4)) [forward demodulation 57083,46937]
58714. double_divide(inverse(X5),double_divide(X0,X2)) = double_divide(inverse(double_divide(double_divide(X7,inverse(X8)),X7)),double_divide(inverse(double_divide(X0,X2)),inverse(double_divide(X5,X8)))) [forward demodulation 57787,46314]
58716. double_divide(inverse(double_divide(double_divide(X9,inverse(X10)),X9)),double_divide(inverse(double_divide(X3,inverse(double_divide(X1,X5)))),inverse(double_divide(X7,X10)))) = double_divide(inverse(X7),inverse(double_divide(inverse(double_divide(inverse(double_divide(X8,double_divide(X4,X8))),inverse(double_divide(X4,inverse(X5))))),double_divide(double_divide(X0,inverse(double_divide(inverse(X1),inverse(double_divide(X2,double_divide(X3,X2)))))),X0)))) [forward demodulation 57789,46488]
58718. double_divide(inverse(X1),inverse(double_divide(X3,X0))) = double_divide(inverse(double_divide(double_divide(X5,inverse(X6)),X5)),double_divide(inverse(double_divide(double_divide(X4,inverse(double_divide(X3,X0))),X4)),inverse(double_divide(X1,X6)))) [forward demodulation 57791,54637]
58721. double_divide(inverse(X5),X0) = double_divide(inverse(double_divide(double_divide(X7,inverse(X8)),X7)),double_divide(inverse(X0),inverse(double_divide(X5,X8)))) [forward demodulation 57794,52205]
58722. double_divide(inverse(double_divide(double_divide(X5,inverse(X6)),X5)),double_divide(inverse(X0),inverse(double_divide(X1,X6)))) = double_divide(inverse(X1),inverse(double_divide(double_divide(double_divide(X3,inverse(double_divide(X4,inverse(X4)))),X3),X0))) [forward demodulation 57795,54637]
58775. a2 != inverse(double_divide(a2,inverse(double_divide(double_divide(inverse(double_divide(double_divide(X2,inverse(double_divide(X0,X4))),X2)),X0),double_divide(double_divide(X5,inverse(X4)),X5))))) [forward demodulation 57880,54637]
58997. double_divide(inverse(double_divide(X5,inverse(X4))),inverse(double_divide(X6,double_divide(inverse(X7),X6)))) = double_divide(X5,double_divide(inverse(X7),X4)) [forward demodulation 58262,54529]
58999. inverse(double_divide(inverse(double_divide(inverse(double_divide(X6,double_divide(X3,X6))),X3)),X4)) = X4 [forward demodulation 58267,54637]
59270. double_divide(inverse(X7),inverse(double_divide(inverse(double_divide(inverse(double_divide(X8,double_divide(X4,X8))),inverse(double_divide(X4,inverse(X5))))),double_divide(double_divide(X0,inverse(double_divide(inverse(X1),inverse(double_divide(X2,double_divide(X3,X2)))))),X0)))) = double_divide(inverse(X7),double_divide(X3,inverse(double_divide(X1,X5)))) [forward demodulation 58716,58714]
59272. double_divide(inverse(X1),inverse(double_divide(X3,X0))) = double_divide(inverse(X1),double_divide(double_divide(X4,inverse(double_divide(X3,X0))),X4)) [forward demodulation 58718,58714]
59275. double_divide(inverse(X1),X0) = double_divide(inverse(X1),inverse(double_divide(double_divide(double_divide(X3,inverse(double_divide(X4,inverse(X4)))),X3),X0))) [forward demodulation 58722,58721]
59298. a2 != inverse(double_divide(a2,inverse(double_divide(X4,double_divide(double_divide(X5,inverse(X4)),X5))))) [forward demodulation 58775,52506]
59420. double_divide(X5,double_divide(inverse(X7),X4)) = double_divide(inverse(double_divide(X5,inverse(X4))),X7) [forward demodulation 58997,42439]
60024. a2 != inverse(double_divide(a2,inverse(double_divide(X1,double_divide(X0,double_divide(inverse(X1),inverse(double_divide(double_divide(double_divide(X2,inverse(double_divide(X3,inverse(X3)))),X2),X0)))))))) [superposition 59298,16760]
60137. a2 != inverse(double_divide(a2,inverse(double_divide(X1,double_divide(X0,double_divide(inverse(X1),X0)))))) [forward demodulation 60024,59275]
61118. double_divide(double_divide(X4,inverse(X5)),double_divide(inverse(double_divide(inverse(X6),inverse(double_divide(X7,X5)))),inverse(double_divide(X8,double_divide(X4,X8))))) = double_divide(inverse(X7),inverse(double_divide(inverse(double_divide(X9,double_divide(X10,X9))),double_divide(double_divide(inverse(X0),inverse(double_divide(inverse(X1),inverse(double_divide(X2,double_divide(X3,X2)))))),double_divide(inverse(double_divide(X10,inverse(double_divide(X6,double_divide(X11,double_divide(X3,inverse(double_divide(X1,double_divide(X12,double_divide(X11,X12)))))))))),inverse(double_divide(X13,double_divide(inverse(X0),X13)))))))) [superposition 10,2344]
61652. double_divide(double_divide(X4,inverse(X5)),double_divide(inverse(double_divide(inverse(X6),inverse(double_divide(X7,X5)))),inverse(double_divide(X8,double_divide(X4,X8))))) = double_divide(inverse(X7),inverse(double_divide(inverse(double_divide(inverse(double_divide(X9,double_divide(X10,X9))),inverse(double_divide(X10,inverse(double_divide(X6,double_divide(X11,double_divide(X3,inverse(double_divide(X1,double_divide(X12,double_divide(X11,X12)))))))))))),double_divide(double_divide(inverse(X0),inverse(double_divide(inverse(X1),inverse(double_divide(X2,double_divide(X3,X2)))))),inverse(X0))))) [forward demodulation 61118,46488]
62369. double_divide(double_divide(X4,inverse(X5)),double_divide(inverse(double_divide(inverse(X6),inverse(double_divide(X7,X5)))),inverse(double_divide(X8,double_divide(X4,X8))))) = double_divide(inverse(X7),double_divide(X3,inverse(double_divide(X1,double_divide(X6,double_divide(X11,double_divide(X3,inverse(double_divide(X1,double_divide(X12,double_divide(X11,X12))))))))))) [forward demodulation 61652,59270]
62938. double_divide(double_divide(X4,inverse(X5)),double_divide(inverse(double_divide(inverse(X6),inverse(double_divide(X7,X5)))),inverse(double_divide(X8,double_divide(X4,X8))))) = double_divide(inverse(X7),double_divide(X3,inverse(double_divide(inverse(double_divide(X1,inverse(X1))),double_divide(X6,X3))))) [forward demodulation 62369,46389]
63365. double_divide(double_divide(X4,inverse(X5)),double_divide(inverse(double_divide(inverse(X6),inverse(double_divide(X7,X5)))),inverse(double_divide(X8,double_divide(X4,X8))))) = double_divide(inverse(X7),double_divide(X3,inverse(double_divide(X1,double_divide(inverse(double_divide(X6,X3)),X1))))) [forward demodulation 62938,59420]
63633. double_divide(double_divide(X4,inverse(X5)),double_divide(inverse(double_divide(inverse(X6),inverse(double_divide(X7,X5)))),inverse(double_divide(X8,double_divide(X4,X8))))) = double_divide(inverse(X7),double_divide(X3,double_divide(X6,X3))) [forward demodulation 63365,54637]
63803. double_divide(inverse(double_divide(double_divide(X4,inverse(X5)),X4)),double_divide(inverse(X6),inverse(double_divide(X7,X5)))) = double_divide(inverse(X7),double_divide(X3,double_divide(X6,X3))) [forward demodulation 63633,52566]
63899. double_divide(inverse(X7),X6) = double_divide(inverse(X7),double_divide(X3,double_divide(X6,X3))) [forward demodulation 63803,58721]
64602. double_divide(double_divide(inverse(X0),inverse(double_divide(inverse(double_divide(X1,double_divide(X2,X1))),double_divide(inverse(X3),inverse(double_divide(X4,double_divide(X2,X4))))))),X6) = double_divide(inverse(X3),double_divide(double_divide(X5,inverse(double_divide(X0,X6))),X5)) [superposition 353,64]
66267. double_divide(inverse(X3),inverse(double_divide(X0,X6))) = double_divide(double_divide(inverse(X0),inverse(double_divide(inverse(double_divide(X1,double_divide(X2,X1))),double_divide(inverse(X3),inverse(double_divide(X4,double_divide(X2,X4))))))),X6) [forward demodulation 64602,59272]
67352. double_divide(inverse(X3),inverse(double_divide(X0,X6))) = double_divide(double_divide(inverse(X0),inverse(double_divide(inverse(double_divide(inverse(double_divide(X1,double_divide(X2,X1))),X2)),X3))),X6) [forward demodulation 66267,52566]
68346. double_divide(inverse(X3),inverse(double_divide(X0,X6))) = double_divide(double_divide(inverse(X0),X3),X6) [forward demodulation 67352,54529]
75463. a2 != inverse(double_divide(a2,inverse(double_divide(X0,double_divide(inverse(double_divide(inverse(double_divide(X1,double_divide(inverse(X2),X1))),inverse(X2))),X0))))) [superposition 60137,16674]
75536. a2 != inverse(double_divide(a2,double_divide(inverse(double_divide(X1,double_divide(inverse(X2),X1))),inverse(X2)))) [forward demodulation 75463,54637]
75582. a2 != inverse(double_divide(a2,double_divide(X2,inverse(X2)))) [forward demodulation 75536,54637]
75883. double_divide(X1,double_divide(X8,double_divide(X7,X8))) = double_divide(double_divide(double_divide(X2,inverse(double_divide(inverse(double_divide(X3,inverse(X3))),inverse(double_divide(X4,double_divide(inverse(X5),X4)))))),inverse(double_divide(X0,double_divide(X1,X0)))),double_divide(inverse(double_divide(X6,double_divide(X7,X6))),inverse(double_divide(X2,X5)))) [superposition 400,1388]
75953. double_divide(X1,X6) = double_divide(double_divide(double_divide(X2,inverse(double_divide(inverse(double_divide(X3,inverse(X3))),inverse(double_divide(X4,double_divide(inverse(X5),X4)))))),inverse(double_divide(X0,double_divide(X1,X0)))),double_divide(inverse(X6),inverse(double_divide(X2,X5)))) [superposition 400,103]
76386. double_divide(inverse(X1),inverse(double_divide(X2,double_divide(double_divide(X3,inverse(double_divide(inverse(double_divide(X4,inverse(X4))),inverse(double_divide(X5,double_divide(inverse(X6),X5)))))),X2)))) = double_divide(double_divide(X7,inverse(X0)),double_divide(double_divide(X8,inverse(double_divide(inverse(X1),inverse(double_divide(X3,X6))))),double_divide(inverse(double_divide(X7,inverse(X0))),inverse(double_divide(X9,double_divide(X8,X9)))))) [superposition 20,400]
76387. double_divide(inverse(X1),inverse(double_divide(X2,double_divide(double_divide(X3,inverse(double_divide(inverse(double_divide(X4,inverse(X4))),inverse(double_divide(X5,double_divide(inverse(X6),X5)))))),X2)))) = double_divide(inverse(X1),inverse(double_divide(X3,X6))) [forward demodulation 76386,1320]
76818. double_divide(X1,X6) = double_divide(double_divide(double_divide(X2,inverse(double_divide(inverse(double_divide(X3,inverse(X3))),inverse(double_divide(X4,double_divide(inverse(X5),X4)))))),inverse(double_divide(X0,double_divide(X1,X0)))),double_divide(double_divide(inverse(X2),X6),X5)) [forward demodulation 75953,68346]
76888. double_divide(X1,double_divide(X8,double_divide(X7,X8))) = double_divide(double_divide(double_divide(X2,inverse(double_divide(inverse(double_divide(X3,inverse(X3))),inverse(double_divide(X4,double_divide(inverse(X5),X4)))))),inverse(double_divide(X0,double_divide(X1,X0)))),double_divide(double_divide(inverse(X2),double_divide(X6,double_divide(X7,X6))),X5)) [forward demodulation 75883,68346]
77056. double_divide(inverse(X1),inverse(double_divide(X2,double_divide(double_divide(X3,inverse(double_divide(inverse(double_divide(X4,inverse(X4))),inverse(double_divide(X5,double_divide(inverse(X6),X5)))))),X2)))) = double_divide(double_divide(inverse(X3),X1),X6) [forward demodulation 76387,68346]
77486. double_divide(X1,X6) = double_divide(double_divide(double_divide(X2,inverse(double_divide(X3,double_divide(inverse(inverse(double_divide(X4,double_divide(inverse(X5),X4)))),X3)))),inverse(double_divide(X0,double_divide(X1,X0)))),double_divide(double_divide(inverse(X2),X6),X5)) [forward demodulation 76818,59420]
77544. double_divide(X1,double_divide(X8,double_divide(X7,X8))) = double_divide(double_divide(double_divide(X2,inverse(double_divide(inverse(double_divide(X3,inverse(X3))),inverse(double_divide(X4,double_divide(inverse(X5),X4)))))),inverse(double_divide(X0,double_divide(X1,X0)))),double_divide(double_divide(inverse(X2),X7),X5)) [forward demodulation 76888,63899]
77712. double_divide(double_divide(inverse(X3),X1),X6) = double_divide(double_divide(inverse(X2),X1),double_divide(double_divide(X3,inverse(double_divide(inverse(double_divide(X4,inverse(X4))),inverse(double_divide(X5,double_divide(inverse(X6),X5)))))),X2)) [forward demodulation 77056,68346]
78142. double_divide(X1,X6) = double_divide(double_divide(double_divide(X2,inverse(double_divide(X4,double_divide(inverse(X5),X4)))),inverse(double_divide(X0,double_divide(X1,X0)))),double_divide(double_divide(inverse(X2),X6),X5)) [forward demodulation 77486,54637]
78200. double_divide(X1,double_divide(X8,double_divide(X7,X8))) = double_divide(double_divide(double_divide(X2,inverse(double_divide(X3,double_divide(inverse(inverse(double_divide(X4,double_divide(inverse(X5),X4)))),X3)))),inverse(double_divide(X0,double_divide(X1,X0)))),double_divide(double_divide(inverse(X2),X7),X5)) [forward demodulation 77544,59420]
78368. double_divide(double_divide(inverse(X3),X1),X6) = double_divide(double_divide(inverse(X2),X1),double_divide(double_divide(X3,inverse(double_divide(X4,double_divide(inverse(inverse(double_divide(X5,double_divide(inverse(X6),X5)))),X4)))),X2)) [forward demodulation 77712,59420]
78796. double_divide(X1,X6) = double_divide(double_divide(double_divide(X2,X5),inverse(double_divide(X0,double_divide(X1,X0)))),double_divide(double_divide(inverse(X2),X6),X5)) [forward demodulation 78142,54637]
78854. double_divide(X1,double_divide(X8,double_divide(X7,X8))) = double_divide(double_divide(double_divide(X2,inverse(double_divide(X4,double_divide(inverse(X5),X4)))),inverse(double_divide(X0,double_divide(X1,X0)))),double_divide(double_divide(inverse(X2),X7),X5)) [forward demodulation 78200,54637]
78999. double_divide(double_divide(inverse(X3),X1),X6) = double_divide(double_divide(inverse(X2),X1),double_divide(double_divide(X3,inverse(double_divide(X5,double_divide(inverse(X6),X5)))),X2)) [forward demodulation 78368,54637]
79350. double_divide(X1,double_divide(X8,double_divide(X7,X8))) = double_divide(double_divide(double_divide(X2,X5),inverse(double_divide(X0,double_divide(X1,X0)))),double_divide(double_divide(inverse(X2),X7),X5)) [forward demodulation 78854,54637]
79465. double_divide(double_divide(inverse(X3),X1),X6) = double_divide(double_divide(inverse(X2),X1),double_divide(double_divide(X3,X6),X2)) [forward demodulation 78999,54637]
79771. double_divide(X1,X7) = double_divide(X1,double_divide(X8,double_divide(X7,X8))) [forward demodulation 79350,78796]
81372. a2 != inverse(double_divide(inverse(X0),inverse(double_divide(X1,double_divide(double_divide(X0,double_divide(X2,double_divide(a2,X2))),X1))))) [superposition 75582,28]
81373. a2 != inverse(double_divide(double_divide(inverse(X1),X0),double_divide(double_divide(X0,double_divide(X2,double_divide(a2,X2))),X1))) [forward demodulation 81372,68346]
81382. a2 != inverse(double_divide(double_divide(inverse(X0),X0),double_divide(X2,double_divide(a2,X2)))) [forward demodulation 81373,79465]
81387. a2 != inverse(double_divide(double_divide(inverse(X0),X0),a2)) [forward demodulation 81382,79771]
90414. a2 != inverse(double_divide(inverse(double_divide(inverse(double_divide(X0,double_divide(inverse(X1),X0))),inverse(X1))),a2)) [superposition 81387,16674]
90430. $false [forward subsumption resolution 90414,58999]
% SZS output end Proof for GRP503-1
% ------------------------------
% Version: Vampire 5.0.0 (Release build, commit 2e2c9b7b8 on 2026-01-17 12:24:14 +0100)
% Linked with Z3 4.14.0.0 3c47fd96cf5645d0c42b2c819d9e9a84380aa721 z3-4.8.4-9178-g3c47fd96c
% CaDiCaL version: 2.1.3
% Termination reason: Refutation
% Time elapsed: 3.044 s
% Peak memory usage: 118 MB
% Instructions burned: 12084 (million)
% ------------------------------
% ------------------------------
