% Running in auto input_syntax mode. Trying TPTP
% Refutation found. Thanks to Tanya!
% SZS status Unsatisfiable for GRP412-1_clausified
% SZS output start Proof for GRP412-1_clausified
1. multiply(X0,inverse(multiply(multiply(multiply(inverse(X1),X1),inverse(multiply(inverse(multiply(X0,inverse(X1))),X2))),X1))) = X2 [input(axiom)]
2. multiply(inverse(a1),a1) != multiply(inverse(b1),b1) [input(negated conjecture)]
3. multiply(X1,inverse(multiply(multiply(multiply(inverse(multiply(multiply(multiply(inverse(X2),X2),inverse(multiply(inverse(multiply(X1,inverse(X2))),X0))),X2)),multiply(multiply(multiply(inverse(X2),X2),inverse(multiply(inverse(multiply(X1,inverse(X2))),X0))),X2)),inverse(multiply(inverse(X0),X3))),multiply(multiply(multiply(inverse(X2),X2),inverse(multiply(inverse(multiply(X1,inverse(X2))),X0))),X2)))) = X3 [superposition 1,1]
4. inverse(multiply(multiply(multiply(inverse(X3),X3),inverse(multiply(inverse(multiply(inverse(multiply(X1,inverse(X2))),inverse(X3))),X0))),X3)) = multiply(X1,inverse(multiply(multiply(multiply(inverse(X2),X2),inverse(X0)),X2))) [superposition 1,1]
18. inverse(multiply(multiply(multiply(inverse(X1),X1),inverse(multiply(inverse(multiply(inverse(multiply(X2,inverse(X3))),inverse(X1))),multiply(multiply(multiply(inverse(X4),X4),inverse(multiply(inverse(multiply(multiply(inverse(X3),X3),inverse(X4))),X0))),X4)))),X1)) = multiply(X2,inverse(multiply(X0,X3))) [superposition 4,1]
24. multiply(inverse(multiply(X0,inverse(X1))),multiply(X0,inverse(multiply(multiply(multiply(inverse(X1),X1),inverse(X2)),X1)))) = X2 [superposition 1,4]
51. inverse(multiply(multiply(multiply(inverse(X1),X1),inverse(multiply(inverse(multiply(inverse(multiply(X2,inverse(multiply(multiply(multiply(inverse(X3),X3),inverse(multiply(inverse(multiply(X2,inverse(X3))),X4))),X3)))),inverse(X1))),multiply(inverse(X4),X0)))),X1)) = X0 [superposition 4,3]
55. inverse(multiply(multiply(multiply(inverse(X1),X1),inverse(multiply(inverse(multiply(inverse(X4),inverse(X1))),multiply(inverse(X4),X0)))),X1)) = X0 [forward demodulation 51,1]
84. inverse(multiply(multiply(multiply(inverse(X1),X1),inverse(multiply(inverse(multiply(X0,inverse(X1))),multiply(X0,X4)))),X1)) = X4 [superposition 55,55]
125. multiply(inverse(multiply(X1,inverse(X2))),multiply(X1,X0)) = multiply(inverse(multiply(X3,inverse(X2))),multiply(X3,X0)) [superposition 24,84]
205. multiply(inverse(multiply(X1,X0)),multiply(X1,X4)) = multiply(inverse(multiply(X5,X0)),multiply(X5,X4)) [superposition 125,84]
451. multiply(inverse(multiply(X1,X2)),multiply(X1,X3)) = multiply(X0,multiply(multiply(multiply(inverse(X2),X2),inverse(multiply(inverse(multiply(X4,inverse(X2))),multiply(X4,X0)))),X3)) [superposition 205,84]
11156. multiply(X3,inverse(multiply(multiply(multiply(inverse(X4),X4),inverse(multiply(inverse(multiply(X3,inverse(X4))),inverse(X2)))),X4))) = inverse(multiply(multiply(multiply(inverse(X2),X2),inverse(multiply(inverse(multiply(X0,X1)),multiply(X0,X1)))),X2)) [superposition 18,451]
11246. inverse(X2) = inverse(multiply(multiply(multiply(inverse(X2),X2),inverse(multiply(inverse(multiply(X0,X1)),multiply(X0,X1)))),X2)) [forward demodulation 11156,1]
12322. inverse(X1) = inverse(multiply(multiply(multiply(inverse(X1),X1),inverse(multiply(inverse(X0),X0))),X1)) [superposition 11246,24]
13665. multiply(inverse(X2),X2) = multiply(inverse(multiply(X1,inverse(X0))),multiply(X1,inverse(X0))) [superposition 24,12322]
18967. multiply(inverse(X1),X1) = multiply(inverse(X0),X0) [superposition 13665,13665]
22207. multiply(inverse(a1),a1) != multiply(inverse(X0),X0) [superposition 2,18967]
22339. $false [forward subsumption resolution 22207,18967]
% SZS output end Proof for GRP412-1_clausified
% ------------------------------
% Version: Vampire 5.0.0 (Release build, commit 2e2c9b7b8 on 2026-01-17 12:24:14 +0100)
% Linked with Z3 4.14.0.0 3c47fd96cf5645d0c42b2c819d9e9a84380aa721 z3-4.8.4-9178-g3c47fd96c
% CaDiCaL version: 2.1.3
% Termination reason: Refutation
% Time elapsed: 1.041 s
% Peak memory usage: 59 MB
% Instructions burned: 4754 (million)
% ------------------------------
% ------------------------------
