% Running in auto input_syntax mode. Trying TPTP
% Refutation found. Thanks to Tanya!
% SZS status Unsatisfiable for GRP682+1_clausified
% SZS output start Proof for GRP682+1_clausified
1. ld(X0,mult(X0,X0)) = X0 [input(axiom)]
2. rd(mult(X0,X0),X0) = X0 [input(axiom)]
3. mult(X0,ld(X0,X1)) = ld(X0,mult(X0,X1)) [input(axiom)]
4. mult(rd(X0,X1),X1) = rd(mult(X0,X1),X1) [input(axiom)]
5. ld(ld(X0,X1),mult(ld(X0,X1),mult(X2,X3))) = mult(ld(X0,mult(X0,X2)),X3) [input(axiom)]
6. rd(mult(mult(X0,X1),rd(X2,X3)),rd(X2,X3)) = mult(X0,rd(mult(X1,X3),X3)) [input(axiom)]
7. ld(X0,mult(X0,ld(X1,X1))) = rd(mult(rd(X0,X0),X1),X1) [input(axiom)]
8. ld(ld(sK0,sK1),mult(ld(sK0,sK1),sK2)) != ld(sK0,mult(sK0,sK2)) | ld(sK0,mult(sK0,sK2)) != ld(rd(sK0,sK1),mult(rd(sK0,sK1),sK2)) [input(negated conjecture)]
10. 1 <=> ld(sK0,mult(sK0,sK2)) = ld(rd(sK0,sK1),mult(rd(sK0,sK1),sK2)) [avatar definition]
12. ld(sK0,mult(sK0,sK2)) != ld(rd(sK0,sK1),mult(rd(sK0,sK1),sK2)) <- (~1) [avatar component clause 10]
14. 2 <=> ld(ld(sK0,sK1),mult(ld(sK0,sK1),sK2)) = ld(sK0,mult(sK0,sK2)) [avatar definition]
16. ld(ld(sK0,sK1),mult(ld(sK0,sK1),sK2)) != ld(sK0,mult(sK0,sK2)) <- (~2) [avatar component clause 14]
17. ~1 | ~2 [avatar split clause 8,14,10]
18. mult(rd(X0,X0),X0) = X0 [forward demodulation 2,4]
19. mult(X0,ld(X0,X0)) = X0 [forward demodulation 1,3]
20. ld(sK0,mult(sK0,sK2)) != mult(rd(sK0,sK1),ld(rd(sK0,sK1),sK2)) <- (~1) [forward demodulation 12,3]
21. mult(rd(sK0,sK1),ld(rd(sK0,sK1),sK2)) != mult(sK0,ld(sK0,sK2)) <- (~1) [forward demodulation 20,3]
22. ld(rd(X0,X0),X0) = mult(rd(X0,X0),ld(rd(X0,X0),X0)) [superposition 3,18]
23. ld(X0,X0) = mult(X0,ld(X0,ld(X0,X0))) [superposition 3,19]
24. rd(X0,X0) = mult(rd(rd(X0,X0),X0),X0) [superposition 4,18]
26. rd(X0,X0) = ld(X0,mult(X0,ld(X0,X0))) [superposition 7,18]
29. ld(X0,mult(X0,ld(X1,X1))) = mult(rd(rd(X0,X0),X1),X1) [superposition 4,7]
30. mult(rd(rd(X0,X0),X1),X1) = mult(X0,ld(X0,ld(X1,X1))) [forward demodulation 29,3]
33. rd(X0,X0) = mult(X0,ld(X0,ld(X0,X0))) [forward demodulation 26,3]
34. rd(X0,X0) = ld(X0,X0) [forward demodulation 33,23]
35. ld(X0,mult(X0,ld(X1,X1))) = rd(mult(ld(X0,X0),X1),X1) [superposition 7,34]
36. mult(ld(X0,X0),X0) = X0 [superposition 18,34]
37. ld(X0,mult(X0,ld(X1,X1))) = mult(rd(ld(X0,X0),X1),X1) [forward demodulation 35,4]
38. mult(X0,ld(X0,ld(X1,X1))) = mult(rd(ld(X0,X0),X1),X1) [forward demodulation 37,3]
39. mult(ld(X0,mult(X0,X2)),X3) = ld(mult(X0,ld(X0,X1)),mult(mult(X0,ld(X0,X1)),mult(X2,X3))) [superposition 5,3]
40. mult(ld(ld(X0,X3),mult(ld(X0,X3),X4)),X5) = ld(mult(ld(X0,mult(X0,X1)),X2),mult(mult(ld(X0,mult(X0,X1)),X2),mult(X4,X5))) [superposition 5,5]
41. mult(ld(X1,mult(X1,rd(X0,X0))),X0) = ld(ld(X1,X2),mult(ld(X1,X2),X0)) [superposition 5,18]
42. ld(ld(X1,X2),mult(ld(X1,X2),X0)) = mult(ld(X1,mult(X1,X0)),ld(X0,X0)) [superposition 5,19]
44. mult(ld(X0,mult(X0,X1)),X2) = mult(ld(X0,X3),ld(ld(X0,X3),mult(X1,X2))) [superposition 3,5]
45. mult(ld(X0,X3),ld(ld(X0,X3),mult(X1,X2))) = mult(mult(X0,ld(X0,X1)),X2) [forward demodulation 44,3]
47. ld(ld(X1,X2),mult(ld(X1,X2),X0)) = mult(mult(X1,ld(X1,X0)),ld(X0,X0)) [forward demodulation 42,3]
48. mult(ld(X1,mult(X1,rd(X0,X0))),X0) = mult(ld(X1,X2),ld(ld(X1,X2),X0)) [forward demodulation 41,3]
49. mult(ld(ld(X0,X3),mult(ld(X0,X3),X4)),X5) = mult(mult(ld(X0,mult(X0,X1)),X2),ld(mult(ld(X0,mult(X0,X1)),X2),mult(X4,X5))) [forward demodulation 40,3]
50. mult(ld(X0,mult(X0,X2)),X3) = mult(mult(X0,ld(X0,X1)),ld(mult(X0,ld(X0,X1)),mult(X2,X3))) [forward demodulation 39,3]
51. mult(mult(X1,ld(X1,X0)),ld(X0,X0)) = mult(ld(X1,X2),ld(ld(X1,X2),X0)) [forward demodulation 47,3]
52. mult(ld(X1,X2),ld(ld(X1,X2),X0)) = mult(mult(X1,ld(X1,rd(X0,X0))),X0) [forward demodulation 48,3]
53. mult(ld(ld(X0,X3),mult(ld(X0,X3),X4)),X5) = mult(mult(mult(X0,ld(X0,X1)),X2),ld(mult(mult(X0,ld(X0,X1)),X2),mult(X4,X5))) [forward demodulation 49,3]
54. mult(mult(X0,ld(X0,X2)),X3) = mult(mult(X0,ld(X0,X1)),ld(mult(X0,ld(X0,X1)),mult(X2,X3))) [forward demodulation 50,3]
55. mult(ld(X1,X2),ld(ld(X1,X2),X0)) = mult(mult(X1,ld(X1,ld(X0,X0))),X0) [forward demodulation 52,34]
56. mult(mult(mult(X0,ld(X0,X1)),X2),ld(mult(mult(X0,ld(X0,X1)),X2),mult(X4,X5))) = mult(mult(ld(X0,X3),ld(ld(X0,X3),X4)),X5) [forward demodulation 53,3]
67. rd(mult(X0,rd(X1,X2)),rd(X1,X2)) = mult(X0,rd(mult(ld(X0,X0),X2),X2)) [superposition 6,19]
69. mult(X2,rd(mult(X3,X1),X1)) = rd(mult(mult(X2,X3),mult(rd(X0,X1),X1)),mult(rd(X0,X1),X1)) [superposition 6,4]
70. mult(X2,rd(mult(X3,X1),X1)) = rd(mult(mult(X2,X3),ld(X0,mult(X0,ld(X1,X1)))),ld(X0,mult(X0,ld(X1,X1)))) [superposition 6,7]
71. mult(X3,rd(mult(X4,rd(X5,X2)),rd(X5,X2))) = rd(mult(mult(X3,X4),mult(X0,rd(mult(X1,X2),X2))),mult(X0,rd(mult(X1,X2),X2))) [superposition 6,6]
74. mult(X0,rd(mult(X1,X2),X2)) = mult(rd(mult(X0,X1),rd(X3,X2)),rd(X3,X2)) [superposition 4,6]
75. mult(rd(mult(X0,X1),rd(X3,X2)),rd(X3,X2)) = mult(X0,mult(rd(X1,X2),X2)) [forward demodulation 74,4]
78. mult(X3,rd(mult(X4,rd(X5,X2)),rd(X5,X2))) = mult(rd(mult(X3,X4),mult(X0,rd(mult(X1,X2),X2))),mult(X0,rd(mult(X1,X2),X2))) [forward demodulation 71,4]
79. mult(X2,rd(mult(X3,X1),X1)) = mult(rd(mult(X2,X3),ld(X0,mult(X0,ld(X1,X1)))),ld(X0,mult(X0,ld(X1,X1)))) [forward demodulation 70,4]
80. mult(X2,rd(mult(X3,X1),X1)) = mult(rd(mult(X2,X3),mult(rd(X0,X1),X1)),mult(rd(X0,X1),X1)) [forward demodulation 69,4]
82. rd(mult(X0,rd(X1,X2)),rd(X1,X2)) = mult(X0,mult(rd(ld(X0,X0),X2),X2)) [forward demodulation 67,4]
85. mult(X3,rd(mult(X4,rd(X5,X2)),rd(X5,X2))) = mult(rd(mult(X3,X4),mult(X0,mult(rd(X1,X2),X2))),mult(X0,mult(rd(X1,X2),X2))) [forward demodulation 78,4]
86. mult(X2,rd(mult(X3,X1),X1)) = mult(rd(mult(X2,X3),mult(X0,ld(X0,ld(X1,X1)))),mult(X0,ld(X0,ld(X1,X1)))) [forward demodulation 79,3]
87. mult(rd(mult(X2,X3),mult(rd(X0,X1),X1)),mult(rd(X0,X1),X1)) = mult(X2,mult(rd(X3,X1),X1)) [forward demodulation 80,4]
89. rd(mult(X0,rd(X1,X2)),rd(X1,X2)) = mult(X0,mult(X0,ld(X0,ld(X2,X2)))) [forward demodulation 82,38]
91. mult(rd(mult(X3,X4),mult(X0,mult(rd(X1,X2),X2))),mult(X0,mult(rd(X1,X2),X2))) = mult(X3,mult(rd(X4,rd(X5,X2)),rd(X5,X2))) [forward demodulation 85,4]
92. mult(rd(mult(X2,X3),mult(X0,ld(X0,ld(X1,X1)))),mult(X0,ld(X0,ld(X1,X1)))) = mult(X2,mult(rd(X3,X1),X1)) [forward demodulation 86,4]
93. mult(rd(X0,rd(X1,X2)),rd(X1,X2)) = mult(X0,mult(X0,ld(X0,ld(X2,X2)))) [forward demodulation 89,4]
110. rd(rd(X0,X0),X0) = mult(rd(rd(rd(X0,X0),X0),X0),X0) [superposition 4,24]
113. rd(ld(X0,X0),X0) = mult(rd(rd(ld(X0,X0),X0),X0),X0) [forward demodulation 110,34]
199. mult(mult(X0,ld(X0,ld(X0,X1))),X2) = mult(ld(X0,X1),mult(ld(X0,X1),ld(ld(X0,X1),X2))) [superposition 45,3]
243. mult(X0,ld(X0,X0)) = mult(ld(X0,X1),ld(ld(X0,X1),X0)) [superposition 51,19]
249. mult(mult(X0,ld(X0,X2)),ld(X2,X2)) = mult(mult(X0,ld(X0,X1)),ld(mult(X0,ld(X0,X1)),X2)) [superposition 51,3]
273. mult(ld(X0,X1),ld(ld(X0,X1),X0)) = X0 [forward demodulation 243,19]
293. mult(X0,X1) = mult(mult(mult(X0,X1),ld(mult(X0,X1),X0)),X1) [superposition 45,273]
459. mult(X0,ld(X0,X0)) = mult(rd(X0,rd(X1,X0)),rd(X1,X0)) [superposition 93,23]
464. mult(rd(ld(X0,X0),ld(X0,X0)),ld(rd(ld(X0,X0),ld(X0,X0)),ld(X0,X0))) = mult(rd(rd(ld(X0,X0),ld(X0,X0)),rd(X1,X0)),rd(X1,X0)) [superposition 93,22]
465. mult(rd(X0,rd(X1,X2)),rd(X1,X2)) = mult(rd(X0,rd(X3,X2)),rd(X3,X2)) [superposition 93,93]
467. mult(ld(X0,X0),mult(ld(X0,X0),ld(ld(X0,X0),ld(X1,X1)))) = mult(X0,ld(X0,ld(rd(X2,X1),rd(X2,X1)))) [superposition 38,93]
495. mult(X0,ld(X0,ld(rd(X2,X1),rd(X2,X1)))) = mult(mult(X0,ld(X0,ld(X0,X0))),ld(X1,X1)) [forward demodulation 467,199]
496. mult(rd(ld(X0,X0),ld(X0,X0)),ld(rd(ld(X0,X0),ld(X0,X0)),ld(X0,X0))) = mult(ld(X0,X0),ld(ld(X0,X0),ld(rd(X1,X0),rd(X1,X0)))) [forward demodulation 464,30]
499. mult(rd(X0,rd(X1,X0)),rd(X1,X0)) = X0 [forward demodulation 459,19]
510. mult(X0,ld(X0,ld(rd(X2,X1),rd(X2,X1)))) = mult(ld(X0,X0),ld(X1,X1)) [forward demodulation 495,23]
511. ld(rd(ld(X0,X0),ld(X0,X0)),ld(X0,X0)) = mult(ld(X0,X0),ld(ld(X0,X0),ld(rd(X1,X0),rd(X1,X0)))) [forward demodulation 496,22]
520. mult(ld(ld(X0,X0),ld(X0,X0)),ld(X0,X0)) = ld(rd(ld(X0,X0),ld(X0,X0)),ld(X0,X0)) [forward demodulation 511,510]
523. mult(ld(ld(X0,X0),ld(X0,X0)),ld(X0,X0)) = ld(ld(ld(X0,X0),ld(X0,X0)),ld(X0,X0)) [forward demodulation 520,34]
524. ld(X0,X0) = ld(ld(ld(X0,X0),ld(X0,X0)),ld(X0,X0)) [forward demodulation 523,36]
565. mult(mult(X0,ld(X0,X1)),X2) = mult(X0,ld(X0,mult(X1,X2))) [superposition 54,19]
596. mult(mult(X0,ld(X0,mult(X0,ld(X0,X1)))),X2) = mult(mult(X0,ld(X0,X1)),mult(mult(X0,ld(X0,X1)),ld(mult(X0,ld(X0,X1)),X2))) [superposition 54,3]
611. mult(mult(X0,ld(X0,X1)),mult(mult(X0,ld(X0,X1)),ld(mult(X0,ld(X0,X1)),X2))) = mult(mult(X0,mult(X0,ld(X0,ld(X0,X1)))),X2) [forward demodulation 596,3]
633. mult(mult(X0,mult(X0,ld(X0,ld(X0,X1)))),X2) = mult(X0,ld(X0,mult(X1,mult(mult(X0,ld(X0,X1)),ld(mult(X0,ld(X0,X1)),X2))))) [forward demodulation 611,565]
644. mult(mult(X0,mult(X0,ld(X0,ld(X0,X1)))),X2) = mult(X0,ld(X0,mult(X1,mult(X0,ld(X0,mult(X1,ld(mult(X0,ld(X0,X1)),X2))))))) [forward demodulation 633,565]
721. mult(X2,mult(rd(X3,X1),X1)) = mult(rd(mult(X2,X3),mult(ld(X0,mult(X0,ld(X1,X1))),X1)),mult(ld(X0,mult(X0,ld(X1,X1))),X1)) [superposition 87,7]
724. mult(X1,mult(rd(X2,X0),X0)) = mult(rd(mult(X1,X2),X0),X0) [superposition 87,18]
733. mult(rd(mult(X1,X2),X0),X0) = mult(X1,mult(rd(X2,rd(X3,X0)),rd(X3,X0))) [superposition 87,499]
753. mult(X2,mult(rd(X3,X1),X1)) = mult(X2,mult(rd(X3,mult(ld(X0,mult(X0,ld(X1,X1))),X1)),mult(ld(X0,mult(X0,ld(X1,X1))),X1))) [forward demodulation 721,724]
785. mult(X2,mult(rd(X3,X1),X1)) = mult(X2,mult(rd(X3,mult(mult(X0,ld(X0,ld(X1,X1))),X1)),mult(mult(X0,ld(X0,ld(X1,X1))),X1))) [forward demodulation 753,3]
803. mult(X2,mult(rd(X3,X1),X1)) = mult(X2,mult(rd(X3,mult(X0,ld(X0,mult(ld(X1,X1),X1)))),mult(X0,ld(X0,mult(ld(X1,X1),X1))))) [forward demodulation 785,565]
813. mult(X2,mult(rd(X3,X1),X1)) = mult(X2,mult(rd(X3,mult(X0,ld(X0,X1))),mult(X0,ld(X0,X1)))) [forward demodulation 803,36]
891. mult(X1,mult(rd(X2,X0),X0)) = mult(rd(mult(X1,X2),mult(ld(ld(X0,X0),ld(X0,X0)),ld(X0,X0))),mult(ld(ld(X0,X0),ld(X0,X0)),ld(X0,X0))) [superposition 92,524]
901. mult(rd(mult(X3,X4),mult(X0,mult(rd(X1,X2),X2))),mult(X0,mult(rd(X1,X2),X2))) = mult(X3,mult(rd(X4,mult(X5,ld(X5,ld(X2,X2)))),mult(X5,ld(X5,ld(X2,X2))))) [superposition 87,92]
916. mult(rd(mult(X3,X4),mult(X0,mult(rd(X1,X2),X2))),mult(X0,mult(rd(X1,X2),X2))) = mult(X3,mult(rd(X4,ld(X2,X2)),ld(X2,X2))) [forward demodulation 901,813]
921. mult(X1,mult(rd(X2,X0),X0)) = mult(X1,mult(rd(X2,mult(ld(ld(X0,X0),ld(X0,X0)),ld(X0,X0))),mult(ld(ld(X0,X0),ld(X0,X0)),ld(X0,X0)))) [forward demodulation 891,724]
952. mult(X3,mult(rd(X4,ld(X2,X2)),ld(X2,X2))) = mult(X3,mult(rd(X4,mult(X0,mult(rd(X1,X2),X2))),mult(X0,mult(rd(X1,X2),X2)))) [forward demodulation 916,724]
957. mult(X1,mult(rd(X2,X0),X0)) = mult(X1,mult(rd(X2,ld(X0,X0)),ld(X0,X0))) [forward demodulation 921,36]
996. mult(X0,ld(X0,mult(mult(X0,X1),X2))) = mult(mult(X0,mult(X0,ld(X0,X1))),X2) [superposition 565,3]
999. mult(X0,X1) = mult(X0,ld(X0,mult(X0,X1))) [superposition 565,19]
1018. mult(ld(X0,X2),ld(ld(X0,X2),X1)) = mult(X0,ld(X0,mult(X1,ld(X1,X1)))) [superposition 51,565]
1038. mult(rd(mult(X0,ld(X0,X1)),rd(X3,X2)),rd(X3,X2)) = mult(X0,ld(X0,mult(X1,mult(mult(X0,ld(X0,X1)),ld(mult(X0,ld(X0,X1)),ld(X2,X2)))))) [superposition 93,565]
1041. mult(rd(mult(X0,ld(X0,X1)),rd(X3,X2)),rd(X3,X2)) = mult(X0,ld(X0,mult(X1,mult(X0,ld(X0,mult(X1,ld(mult(X0,ld(X0,X1)),ld(X2,X2)))))))) [forward demodulation 1038,565]
1059. mult(X0,ld(X0,X1)) = mult(ld(X0,X2),ld(ld(X0,X2),X1)) [forward demodulation 1018,19]
1074. mult(X0,X1) = mult(X0,mult(X0,ld(X0,X1))) [forward demodulation 999,3]
1077. mult(rd(mult(X0,ld(X0,X1)),rd(X3,X2)),rd(X3,X2)) = mult(mult(X0,mult(X0,ld(X0,ld(X0,X1)))),ld(X2,X2)) [forward demodulation 1041,644]
1098. mult(rd(mult(X0,ld(X0,X1)),rd(X3,X2)),rd(X3,X2)) = mult(X0,ld(X0,mult(mult(X0,ld(X0,X1)),ld(X2,X2)))) [forward demodulation 1077,996]
1115. mult(rd(mult(X0,ld(X0,X1)),rd(X3,X2)),rd(X3,X2)) = mult(X0,ld(X0,mult(X0,ld(X0,mult(X1,ld(X2,X2)))))) [forward demodulation 1098,565]
1125. mult(rd(mult(X0,ld(X0,X1)),rd(X3,X2)),rd(X3,X2)) = mult(X0,mult(X0,ld(X0,ld(X0,mult(X1,ld(X2,X2)))))) [forward demodulation 1115,3]
1132. mult(rd(mult(X0,ld(X0,X1)),rd(X3,X2)),rd(X3,X2)) = mult(X0,ld(X0,mult(X1,ld(X2,X2)))) [forward demodulation 1125,1074]
1135. mult(X0,mult(rd(ld(X0,X1),X2),X2)) = mult(X0,ld(X0,mult(X1,ld(X2,X2)))) [forward demodulation 1132,75]
1206. mult(X0,ld(X1,X1)) = mult(rd(X0,rd(X2,X1)),rd(X2,X1)) [superposition 93,1074]
1213. mult(rd(mult(X0,X1),rd(X2,X3)),rd(X2,X3)) = mult(X0,mult(rd(mult(X0,ld(X0,X1)),X3),X3)) [superposition 75,1074]
1215. mult(rd(mult(X0,X1),mult(X2,ld(X2,ld(X3,X3)))),mult(X2,ld(X2,ld(X3,X3)))) = mult(X0,mult(rd(mult(X0,ld(X0,X1)),X3),X3)) [superposition 92,1074]
1222. mult(rd(mult(X0,X1),mult(X2,ld(X2,ld(X3,X3)))),mult(X2,ld(X2,ld(X3,X3)))) = mult(X0,mult(X0,mult(rd(ld(X0,X1),X3),X3))) [forward demodulation 1215,724]
1224. mult(rd(mult(X0,X1),rd(X2,X3)),rd(X2,X3)) = mult(X0,mult(X0,mult(rd(ld(X0,X1),X3),X3))) [forward demodulation 1213,724]
1243. mult(X0,mult(rd(X1,X3),X3)) = mult(X0,mult(X0,mult(rd(ld(X0,X1),X3),X3))) [forward demodulation 1222,92]
1245. mult(X0,mult(X0,mult(rd(ld(X0,X1),X3),X3))) = mult(mult(X0,X1),ld(X3,X3)) [forward demodulation 1224,1206]
1260. mult(X0,mult(rd(X1,X3),X3)) = mult(mult(X0,X1),ld(X3,X3)) [forward demodulation 1245,1243]
1276. mult(mult(ld(X0,X4),ld(ld(X0,X4),X2)),X3) = mult(mult(X0,X1),ld(mult(X0,X1),mult(X2,X3))) [superposition 56,19]
1331. mult(mult(mult(X1,ld(X1,X2)),X3),ld(mult(mult(X1,ld(X1,X2)),X3),X0)) = mult(mult(ld(X1,X5),ld(ld(X1,X5),rd(X0,rd(X4,X0)))),rd(X4,X0)) [superposition 56,499]
1377. mult(mult(mult(X0,ld(X0,X1)),X2),ld(mult(mult(X0,ld(X0,X1)),X2),mult(ld(X3,X3),X3))) = mult(ld(ld(X0,X4),X5),ld(ld(ld(X0,X4),X5),X3)) [superposition 55,56]
1432. mult(ld(X0,X4),ld(ld(X0,X4),X3)) = mult(mult(mult(X0,ld(X0,X1)),X2),ld(mult(mult(X0,ld(X0,X1)),X2),mult(ld(X3,X3),X3))) [forward demodulation 1377,1059]
1477. mult(mult(mult(X1,ld(X1,X2)),X3),ld(mult(mult(X1,ld(X1,X2)),X3),X0)) = mult(ld(X1,X5),ld(ld(X1,X5),mult(rd(X0,rd(X4,X0)),rd(X4,X0)))) [forward demodulation 1331,565]
1529. mult(mult(X0,X1),ld(mult(X0,X1),mult(X2,X3))) = mult(ld(X0,X4),ld(ld(X0,X4),mult(X2,X3))) [forward demodulation 1276,565]
1560. mult(ld(X0,X4),ld(ld(X0,X4),X3)) = mult(mult(mult(X0,ld(X0,X1)),X2),ld(mult(mult(X0,ld(X0,X1)),X2),X3)) [forward demodulation 1432,36]
1605. mult(mult(mult(X1,ld(X1,X2)),X3),ld(mult(mult(X1,ld(X1,X2)),X3),X0)) = mult(mult(X1,ld(X1,rd(X0,rd(X4,X0)))),rd(X4,X0)) [forward demodulation 1477,45]
1656. mult(mult(X0,ld(X0,X2)),X3) = mult(mult(X0,X1),ld(mult(X0,X1),mult(X2,X3))) [forward demodulation 1529,45]
1685. mult(ld(X0,X4),ld(ld(X0,X4),X3)) = mult(mult(X0,ld(X0,mult(X1,X2))),ld(mult(X0,ld(X0,mult(X1,X2))),X3)) [forward demodulation 1560,565]
1729. mult(mult(mult(X1,ld(X1,X2)),X3),ld(mult(mult(X1,ld(X1,X2)),X3),X0)) = mult(X1,ld(X1,mult(rd(X0,rd(X4,X0)),rd(X4,X0)))) [forward demodulation 1605,565]
1778. mult(X0,ld(X0,mult(X2,X3))) = mult(mult(X0,X1),ld(mult(X0,X1),mult(X2,X3))) [forward demodulation 1656,565]
1805. mult(ld(X0,X4),ld(ld(X0,X4),X3)) = mult(X0,ld(X0,mult(mult(X1,X2),ld(mult(X0,ld(X0,mult(X1,X2))),X3)))) [forward demodulation 1685,565]
1837. mult(mult(mult(X1,ld(X1,X2)),X3),ld(mult(mult(X1,ld(X1,X2)),X3),X0)) = mult(X1,ld(X1,mult(X0,ld(X0,X0)))) [forward demodulation 1729,1206]
1905. mult(X0,ld(X0,X3)) = mult(X0,ld(X0,mult(mult(X1,X2),ld(mult(X0,ld(X0,mult(X1,X2))),X3)))) [forward demodulation 1805,1059]
1929. mult(mult(mult(X1,ld(X1,X2)),X3),ld(mult(mult(X1,ld(X1,X2)),X3),X0)) = mult(X1,mult(rd(ld(X1,X0),X0),X0)) [forward demodulation 1837,1135]
2003. mult(mult(X1,ld(X1,mult(X2,X3))),ld(mult(X1,ld(X1,mult(X2,X3))),X0)) = mult(X1,mult(rd(ld(X1,X0),X0),X0)) [forward demodulation 1929,565]
2063. mult(X1,ld(X1,mult(mult(X2,X3),ld(mult(X1,ld(X1,mult(X2,X3))),X0)))) = mult(X1,mult(rd(ld(X1,X0),X0),X0)) [forward demodulation 2003,565]
2108. mult(X1,ld(X1,X0)) = mult(X1,mult(rd(ld(X1,X0),X0),X0)) [forward demodulation 2063,1905]
2328. mult(rd(X0,rd(X2,X1)),mult(rd(rd(X2,X1),rd(X6,X5)),rd(X6,X5))) = mult(rd(mult(X0,mult(X0,ld(X0,ld(X1,X1)))),mult(X3,mult(rd(X4,X5),X5))),mult(X3,mult(rd(X4,X5),X5))) [superposition 91,93]
2359. mult(X2,mult(rd(X3,rd(X4,X1)),rd(X4,X1))) = mult(rd(mult(X2,X3),rd(ld(mult(rd(X0,X1),X1),mult(rd(X0,X1),X1)),mult(rd(X0,X1),X1))),rd(ld(mult(rd(X0,X1),X1),mult(rd(X0,X1),X1)),mult(rd(X0,X1),X1))) [superposition 91,113]
2377. mult(X2,rd(X0,X1)) = mult(rd(mult(X2,rd(X0,X1)),mult(X3,mult(rd(X4,X1),X1))),mult(X3,mult(rd(X4,X1),X1))) [superposition 91,18]
2381. mult(X3,mult(X0,ld(X0,ld(rd(X1,X2),rd(X1,X2))))) = mult(rd(mult(X3,ld(X0,X0)),mult(X4,mult(rd(X5,X2),X2))),mult(X4,mult(rd(X5,X2),X2))) [superposition 91,38]
2395. mult(X0,mult(rd(X1,rd(X2,X3)),rd(X2,X3))) = mult(X0,mult(rd(X1,mult(rd(X5,X3),X3)),mult(rd(X5,X3),X3))) [superposition 87,91]
2476. mult(rd(mult(X0,X1),X3),X3) = mult(X0,mult(rd(X1,mult(rd(X5,X3),X3)),mult(rd(X5,X3),X3))) [forward demodulation 2395,733]
2490. mult(X3,mult(X0,ld(X0,ld(rd(X1,X2),rd(X1,X2))))) = mult(X3,mult(rd(ld(X0,X0),mult(X4,mult(rd(X5,X2),X2))),mult(X4,mult(rd(X5,X2),X2)))) [forward demodulation 2381,724]
2494. mult(X2,rd(X0,X1)) = mult(X2,mult(rd(rd(X0,X1),mult(X3,mult(rd(X4,X1),X1))),mult(X3,mult(rd(X4,X1),X1)))) [forward demodulation 2377,724]
2510. mult(X2,mult(rd(X3,rd(X4,X1)),rd(X4,X1))) = mult(mult(X2,X3),ld(mult(rd(X0,X1),X1),mult(rd(X0,X1),X1))) [forward demodulation 2359,1206]
2540. mult(rd(X0,rd(X2,X1)),mult(rd(rd(X2,X1),rd(X6,X5)),rd(X6,X5))) = mult(X0,mult(rd(mult(X0,ld(X0,ld(X1,X1))),mult(X3,mult(rd(X4,X5),X5))),mult(X3,mult(rd(X4,X5),X5)))) [forward demodulation 2328,724]
2612. mult(X0,mult(rd(X1,X3),X3)) = mult(X0,mult(rd(X1,mult(rd(X5,X3),X3)),mult(rd(X5,X3),X3))) [forward demodulation 2476,724]
2626. mult(X3,mult(X0,ld(X0,ld(rd(X1,X2),rd(X1,X2))))) = mult(X3,mult(rd(ld(X0,X0),ld(X2,X2)),ld(X2,X2))) [forward demodulation 2490,952]
2630. mult(X2,rd(X0,X1)) = mult(X2,mult(rd(rd(X0,X1),ld(X1,X1)),ld(X1,X1))) [forward demodulation 2494,952]
2645. mult(X2,mult(rd(X3,rd(X4,X1)),rd(X4,X1))) = mult(X2,mult(rd(X3,mult(rd(X0,X1),X1)),mult(rd(X0,X1),X1))) [forward demodulation 2510,1260]
2675. mult(rd(X0,rd(X2,X1)),mult(rd(rd(X2,X1),rd(X6,X5)),rd(X6,X5))) = mult(X0,mult(rd(mult(X0,ld(X0,ld(X1,X1))),ld(X5,X5)),ld(X5,X5))) [forward demodulation 2540,952]
2757. mult(X3,mult(X0,ld(X0,ld(rd(X1,X2),rd(X1,X2))))) = mult(X3,mult(rd(ld(X0,X0),X2),X2)) [forward demodulation 2626,957]
2761. mult(X2,rd(X0,X1)) = mult(X2,mult(rd(rd(X0,X1),X1),X1)) [forward demodulation 2630,957]
2774. mult(X2,mult(rd(X3,X1),X1)) = mult(X2,mult(rd(X3,rd(X4,X1)),rd(X4,X1))) [forward demodulation 2645,2612]
2800. mult(rd(X0,rd(X2,X1)),mult(rd(rd(X2,X1),rd(X6,X5)),rd(X6,X5))) = mult(X0,mult(rd(mult(X0,ld(X0,ld(X1,X1))),X5),X5)) [forward demodulation 2675,957]
2874. mult(X3,mult(X0,ld(X0,ld(X2,X2)))) = mult(X3,mult(X0,ld(X0,ld(rd(X1,X2),rd(X1,X2))))) [forward demodulation 2757,38]
2883. mult(X2,mult(rd(X3,X1),X1)) = mult(X2,mult(X3,ld(X1,X1))) [forward demodulation 2774,1206]
2900. mult(rd(X0,rd(X2,X1)),mult(rd(rd(X2,X1),rd(X6,X5)),rd(X6,X5))) = mult(X0,mult(X0,mult(rd(ld(X0,ld(X1,X1)),X5),X5))) [forward demodulation 2800,724]
2959. mult(X3,mult(X0,ld(X0,ld(X2,X2)))) = mult(X3,mult(ld(X0,X0),ld(X2,X2))) [forward demodulation 2874,510]
2976. mult(rd(X0,rd(X2,X1)),mult(rd(rd(X2,X1),rd(X6,X5)),rd(X6,X5))) = mult(X0,mult(rd(ld(X1,X1),X5),X5)) [forward demodulation 2900,1243]
3036. mult(rd(X0,rd(X2,X1)),mult(rd(rd(X2,X1),rd(X6,X5)),rd(X6,X5))) = mult(X0,mult(ld(X1,X1),ld(X5,X5))) [forward demodulation 2976,2883]
3082. mult(rd(X0,rd(X2,X1)),mult(rd(rd(X2,X1),rd(X6,X5)),rd(X6,X5))) = mult(X0,mult(X1,ld(X1,ld(X5,X5)))) [forward demodulation 3036,2959]
3119. mult(X0,mult(X1,ld(X1,ld(X5,X5)))) = mult(rd(mult(rd(X0,rd(X2,X1)),rd(X2,X1)),X5),X5) [forward demodulation 3082,733]
3153. mult(X0,mult(X1,ld(X1,ld(X5,X5)))) = mult(rd(X0,rd(X2,X1)),mult(rd(rd(X2,X1),X5),X5)) [forward demodulation 3119,724]
3177. mult(X0,mult(X1,ld(X1,ld(X5,X5)))) = mult(rd(X0,rd(X2,X1)),mult(rd(X2,X1),ld(X5,X5))) [forward demodulation 3153,2883]
3261. mult(rd(X0,X2),X2) = mult(rd(X0,rd(X1,X0)),mult(rd(rd(X1,X0),X2),X2)) [superposition 724,499]
3334. mult(rd(X0,X2),X2) = mult(rd(X0,rd(X1,X0)),mult(rd(X1,X0),ld(X2,X2))) [forward demodulation 3261,2883]
3395. mult(rd(X0,X2),X2) = mult(X0,mult(X0,ld(X0,ld(X2,X2)))) [forward demodulation 3334,3177]
3438. mult(rd(X0,X2),X2) = mult(X0,ld(X2,X2)) [forward demodulation 3395,1074]
3911. mult(X0,ld(X0,mult(rd(rd(X1,X2),X2),X2))) = ld(X0,mult(X0,rd(X1,X2))) [superposition 3,2761]
3976. mult(X0,ld(X0,rd(X1,X2))) = mult(X0,ld(X0,mult(rd(rd(X1,X2),X2),X2))) [forward demodulation 3911,3]
4025. mult(X0,ld(X0,rd(X1,X2))) = mult(X0,ld(X0,mult(rd(X1,X2),ld(X2,X2)))) [forward demodulation 3976,3438]
4063. mult(X0,ld(X0,rd(X1,X2))) = mult(X0,mult(rd(ld(X0,rd(X1,X2)),X2),X2)) [forward demodulation 4025,1135]
4093. mult(X0,ld(X0,rd(X1,X2))) = mult(X0,mult(ld(X0,rd(X1,X2)),ld(X2,X2))) [forward demodulation 4063,2883]
8651. rd(X0,X1) = mult(rd(rd(X0,X1),rd(X2,X1)),rd(X2,X1)) [superposition 18,465]
8709. rd(X0,X1) = mult(rd(X0,X1),ld(X1,X1)) [forward demodulation 8651,1206]
10358. mult(mult(X0,ld(X1,X1)),ld(mult(X0,ld(X1,X1)),mult(X2,X3))) = mult(rd(X0,X1),ld(rd(X0,X1),mult(X2,X3))) [superposition 1778,3438]
10506. mult(X0,ld(X0,mult(X2,X3))) = mult(rd(X0,X1),ld(rd(X0,X1),mult(X2,X3))) [forward demodulation 10358,1778]
17953. rd(X0,X1) = mult(mult(rd(X0,X1),ld(rd(X0,X1),rd(X0,X1))),ld(X1,X1)) [superposition 293,8709]
18075. rd(X0,X1) = mult(rd(X0,X1),ld(rd(X0,X1),mult(rd(X0,X1),ld(X1,X1)))) [forward demodulation 17953,565]
18189. rd(X0,X1) = mult(X0,ld(X0,mult(rd(X0,X1),ld(X1,X1)))) [forward demodulation 18075,10506]
18299. rd(X0,X1) = mult(X0,mult(rd(ld(X0,rd(X0,X1)),X1),X1)) [forward demodulation 18189,1135]
18402. rd(X0,X1) = mult(X0,mult(ld(X0,rd(X0,X1)),ld(X1,X1))) [forward demodulation 18299,2883]
18484. rd(X0,X1) = mult(X0,ld(X0,rd(X0,X1))) [forward demodulation 18402,4093]
23397. mult(mult(X0,ld(X0,X2)),ld(X2,X2)) = mult(rd(X0,X1),ld(rd(X0,X1),X2)) [superposition 249,18484]
23586. mult(X0,ld(X0,mult(X2,ld(X2,X2)))) = mult(rd(X0,X1),ld(rd(X0,X1),X2)) [forward demodulation 23397,565]
23721. mult(X0,mult(rd(ld(X0,X2),X2),X2)) = mult(rd(X0,X1),ld(rd(X0,X1),X2)) [forward demodulation 23586,1135]
23846. mult(X0,ld(X0,X2)) = mult(rd(X0,X1),ld(rd(X0,X1),X2)) [forward demodulation 23721,2108]
221126. mult(sK0,ld(sK0,sK2)) != mult(sK0,ld(sK0,sK2)) <- (~1) [superposition 21,23846]
221321. $false <- (~1) [trivial inequality removal 221126]
221322. 1 [avatar contradiction clause 221321]
222017. ld(ld(sK0,sK1),mult(ld(sK0,sK1),sK2)) != mult(sK0,ld(sK0,sK2)) <- (~2) [forward demodulation 16,3]
222019. mult(sK0,ld(sK0,sK2)) != mult(ld(sK0,sK1),ld(ld(sK0,sK1),sK2)) <- (~2) [forward demodulation 222017,3]
222020. $false <- (~2) [forward subsumption resolution 222019,1059]
222021. 2 [avatar contradiction clause 222020]
s1. ~2 | ~1 [sat_conversion 17]
s2. 1 [sat_conversion 221322]
s3. 2 [sat_conversion 222021]
s4. # [rat s1,s2,s3]
222022. $false [avatar sat refutation s4]
% SZS output end Proof for GRP682+1_clausified
% ------------------------------
% Version: Vampire 5.0.0 (Release build, commit 2e2c9b7b8 on 2026-01-17 12:24:14 +0100)
% Linked with Z3 4.14.0.0 3c47fd96cf5645d0c42b2c819d9e9a84380aa721 z3-4.8.4-9178-g3c47fd96c
% CaDiCaL version: 2.1.3
% Termination reason: Refutation
% Time elapsed: 2.155 s
% Peak memory usage: 71 MB
% Instructions burned: 7800 (million)
% ------------------------------
% ------------------------------
