% Running in auto input_syntax mode. Trying TPTP
% Refutation found. Thanks to Tanya!
% SZS status Theorem for GRP682+1
% SZS output start Proof for GRP682+1
1. ! [X0] : ld(X0,mult(X0,X0)) = X0 [input(axiom)]
2. ! [X0] : rd(mult(X0,X0),X0) = X0 [input(axiom)]
3. ! [X0,X1] : mult(X1,ld(X1,X0)) = ld(X1,mult(X1,X0)) [input(axiom)]
4. ! [X0,X1] : mult(rd(X1,X0),X0) = rd(mult(X1,X0),X0) [input(axiom)]
5. ! [X0,X1,X2,X3] : ld(ld(X3,X2),mult(ld(X3,X2),mult(X1,X0))) = mult(ld(X3,mult(X3,X1)),X0) [input(axiom)]
6. ! [X0,X1,X2,X3] : rd(mult(mult(X3,X2),rd(X1,X0)),rd(X1,X0)) = mult(X3,rd(mult(X2,X0),X0)) [input(axiom)]
7. ! [X0,X1] : ld(X1,mult(X1,ld(X0,X0))) = rd(mult(rd(X1,X1),X0),X0) [input(axiom)]
8. ! [X0,X1,X2] : (ld(ld(X0,X1),mult(ld(X0,X1),X2)) = ld(X0,mult(X0,X2)) & ld(rd(X0,X1),mult(rd(X0,X1),X2)) = ld(X0,mult(X0,X2))) [input(conjecture)]
9. ~! [X0,X1,X2] : (ld(ld(X0,X1),mult(ld(X0,X1),X2)) = ld(X0,mult(X0,X2)) & ld(rd(X0,X1),mult(rd(X0,X1),X2)) = ld(X0,mult(X0,X2))) [negated conjecture 8]
10. ? [X0,X1,X2] : (ld(ld(X0,X1),mult(ld(X0,X1),X2)) != ld(X0,mult(X0,X2)) | ld(X0,mult(X0,X2)) != ld(rd(X0,X1),mult(rd(X0,X1),X2))) [ennf transformation 9]
11. ? [X0,X1,X2] : (ld(ld(X0,X1),mult(ld(X0,X1),X2)) != ld(X0,mult(X0,X2)) | ld(X0,mult(X0,X2)) != ld(rd(X0,X1),mult(rd(X0,X1),X2))) => (ld(ld(sK0,sK1),mult(ld(sK0,sK1),sK2)) != ld(sK0,mult(sK0,sK2)) | ld(sK0,mult(sK0,sK2)) != ld(rd(sK0,sK1),mult(rd(sK0,sK1),sK2))) [skolem symbol introduction]
12. ld(ld(sK0,sK1),mult(ld(sK0,sK1),sK2)) != ld(sK0,mult(sK0,sK2)) | ld(sK0,mult(sK0,sK2)) != ld(rd(sK0,sK1),mult(rd(sK0,sK1),sK2)) [skolemisation 10,11]
13. ld(X0,mult(X0,X0)) = X0 [cnf transformation 1]
14. rd(mult(X0,X0),X0) = X0 [cnf transformation 2]
15. mult(X1,ld(X1,X0)) = ld(X1,mult(X1,X0)) [cnf transformation 3]
16. mult(rd(X1,X0),X0) = rd(mult(X1,X0),X0) [cnf transformation 4]
17. ld(ld(X3,X2),mult(ld(X3,X2),mult(X1,X0))) = mult(ld(X3,mult(X3,X1)),X0) [cnf transformation 5]
18. rd(mult(mult(X3,X2),rd(X1,X0)),rd(X1,X0)) = mult(X3,rd(mult(X2,X0),X0)) [cnf transformation 6]
19. ld(X1,mult(X1,ld(X0,X0))) = rd(mult(rd(X1,X1),X0),X0) [cnf transformation 7]
20. ld(ld(sK0,sK1),mult(ld(sK0,sK1),sK2)) != ld(sK0,mult(sK0,sK2)) | ld(sK0,mult(sK0,sK2)) != ld(rd(sK0,sK1),mult(rd(sK0,sK1),sK2)) [cnf transformation 12]
22. 1 <=> ld(sK0,mult(sK0,sK2)) = ld(rd(sK0,sK1),mult(rd(sK0,sK1),sK2)) [avatar definition]
24. ld(sK0,mult(sK0,sK2)) != ld(rd(sK0,sK1),mult(rd(sK0,sK1),sK2)) <- (~1) [avatar component clause 22]
26. 2 <=> ld(ld(sK0,sK1),mult(ld(sK0,sK1),sK2)) = ld(sK0,mult(sK0,sK2)) [avatar definition]
28. ld(ld(sK0,sK1),mult(ld(sK0,sK1),sK2)) != ld(sK0,mult(sK0,sK2)) <- (~2) [avatar component clause 26]
29. ~1 | ~2 [avatar split clause 20,26,22]
30. mult(rd(X0,X0),X0) = X0 [forward demodulation 14,16]
31. mult(X0,ld(X0,X0)) = X0 [forward demodulation 13,15]
32. ld(sK0,mult(sK0,sK2)) != mult(rd(sK0,sK1),ld(rd(sK0,sK1),sK2)) <- (~1) [forward demodulation 24,15]
33. mult(rd(sK0,sK1),ld(rd(sK0,sK1),sK2)) != mult(sK0,ld(sK0,sK2)) <- (~1) [forward demodulation 32,15]
34. ld(rd(X0,X0),X0) = mult(rd(X0,X0),ld(rd(X0,X0),X0)) [superposition 15,30]
35. ld(X0,X0) = mult(X0,ld(X0,ld(X0,X0))) [superposition 15,31]
36. rd(X0,X0) = mult(rd(rd(X0,X0),X0),X0) [superposition 16,30]
38. rd(X0,X0) = ld(X0,mult(X0,ld(X0,X0))) [superposition 19,30]
41. ld(X0,mult(X0,ld(X1,X1))) = mult(rd(rd(X0,X0),X1),X1) [superposition 16,19]
42. mult(rd(rd(X0,X0),X1),X1) = mult(X0,ld(X0,ld(X1,X1))) [forward demodulation 41,15]
45. rd(X0,X0) = mult(X0,ld(X0,ld(X0,X0))) [forward demodulation 38,15]
46. ld(X0,X0) = rd(X0,X0) [forward demodulation 45,35]
47. ld(X0,mult(X0,ld(X1,X1))) = rd(mult(ld(X0,X0),X1),X1) [superposition 19,46]
48. mult(ld(X0,X0),X0) = X0 [superposition 30,46]
49. ld(X0,mult(X0,ld(X1,X1))) = mult(rd(ld(X0,X0),X1),X1) [forward demodulation 47,16]
50. mult(X0,ld(X0,ld(X1,X1))) = mult(rd(ld(X0,X0),X1),X1) [forward demodulation 49,15]
51. mult(ld(X0,mult(X0,X2)),X3) = ld(mult(X0,ld(X0,X1)),mult(mult(X0,ld(X0,X1)),mult(X2,X3))) [superposition 17,15]
52. mult(ld(ld(X0,X3),mult(ld(X0,X3),X4)),X5) = ld(mult(ld(X0,mult(X0,X1)),X2),mult(mult(ld(X0,mult(X0,X1)),X2),mult(X4,X5))) [superposition 17,17]
53. mult(ld(X1,mult(X1,rd(X0,X0))),X0) = ld(ld(X1,X2),mult(ld(X1,X2),X0)) [superposition 17,30]
54. ld(ld(X1,X2),mult(ld(X1,X2),X0)) = mult(ld(X1,mult(X1,X0)),ld(X0,X0)) [superposition 17,31]
56. mult(ld(X0,mult(X0,X1)),X2) = mult(ld(X0,X3),ld(ld(X0,X3),mult(X1,X2))) [superposition 15,17]
57. mult(ld(X0,X3),ld(ld(X0,X3),mult(X1,X2))) = mult(mult(X0,ld(X0,X1)),X2) [forward demodulation 56,15]
59. ld(ld(X1,X2),mult(ld(X1,X2),X0)) = mult(mult(X1,ld(X1,X0)),ld(X0,X0)) [forward demodulation 54,15]
60. mult(ld(X1,mult(X1,rd(X0,X0))),X0) = mult(ld(X1,X2),ld(ld(X1,X2),X0)) [forward demodulation 53,15]
61. mult(ld(ld(X0,X3),mult(ld(X0,X3),X4)),X5) = mult(mult(ld(X0,mult(X0,X1)),X2),ld(mult(ld(X0,mult(X0,X1)),X2),mult(X4,X5))) [forward demodulation 52,15]
62. mult(ld(X0,mult(X0,X2)),X3) = mult(mult(X0,ld(X0,X1)),ld(mult(X0,ld(X0,X1)),mult(X2,X3))) [forward demodulation 51,15]
63. mult(mult(X1,ld(X1,X0)),ld(X0,X0)) = mult(ld(X1,X2),ld(ld(X1,X2),X0)) [forward demodulation 59,15]
64. mult(ld(X1,X2),ld(ld(X1,X2),X0)) = mult(mult(X1,ld(X1,rd(X0,X0))),X0) [forward demodulation 60,15]
65. mult(ld(ld(X0,X3),mult(ld(X0,X3),X4)),X5) = mult(mult(mult(X0,ld(X0,X1)),X2),ld(mult(mult(X0,ld(X0,X1)),X2),mult(X4,X5))) [forward demodulation 61,15]
66. mult(mult(X0,ld(X0,X2)),X3) = mult(mult(X0,ld(X0,X1)),ld(mult(X0,ld(X0,X1)),mult(X2,X3))) [forward demodulation 62,15]
67. mult(ld(X1,X2),ld(ld(X1,X2),X0)) = mult(mult(X1,ld(X1,ld(X0,X0))),X0) [forward demodulation 64,46]
68. mult(mult(mult(X0,ld(X0,X1)),X2),ld(mult(mult(X0,ld(X0,X1)),X2),mult(X4,X5))) = mult(mult(ld(X0,X3),ld(ld(X0,X3),X4)),X5) [forward demodulation 65,15]
79. rd(mult(X0,rd(X1,X2)),rd(X1,X2)) = mult(X0,rd(mult(ld(X0,X0),X2),X2)) [superposition 18,31]
81. mult(X2,rd(mult(X3,X1),X1)) = rd(mult(mult(X2,X3),mult(rd(X0,X1),X1)),mult(rd(X0,X1),X1)) [superposition 18,16]
82. mult(X2,rd(mult(X3,X1),X1)) = rd(mult(mult(X2,X3),ld(X0,mult(X0,ld(X1,X1)))),ld(X0,mult(X0,ld(X1,X1)))) [superposition 18,19]
83. mult(X3,rd(mult(X4,rd(X5,X2)),rd(X5,X2))) = rd(mult(mult(X3,X4),mult(X0,rd(mult(X1,X2),X2))),mult(X0,rd(mult(X1,X2),X2))) [superposition 18,18]
86. mult(X0,rd(mult(X1,X2),X2)) = mult(rd(mult(X0,X1),rd(X3,X2)),rd(X3,X2)) [superposition 16,18]
87. mult(rd(mult(X0,X1),rd(X3,X2)),rd(X3,X2)) = mult(X0,mult(rd(X1,X2),X2)) [forward demodulation 86,16]
90. mult(X3,rd(mult(X4,rd(X5,X2)),rd(X5,X2))) = mult(rd(mult(X3,X4),mult(X0,rd(mult(X1,X2),X2))),mult(X0,rd(mult(X1,X2),X2))) [forward demodulation 83,16]
91. mult(X2,rd(mult(X3,X1),X1)) = mult(rd(mult(X2,X3),ld(X0,mult(X0,ld(X1,X1)))),ld(X0,mult(X0,ld(X1,X1)))) [forward demodulation 82,16]
92. mult(X2,rd(mult(X3,X1),X1)) = mult(rd(mult(X2,X3),mult(rd(X0,X1),X1)),mult(rd(X0,X1),X1)) [forward demodulation 81,16]
94. rd(mult(X0,rd(X1,X2)),rd(X1,X2)) = mult(X0,mult(rd(ld(X0,X0),X2),X2)) [forward demodulation 79,16]
97. mult(X3,rd(mult(X4,rd(X5,X2)),rd(X5,X2))) = mult(rd(mult(X3,X4),mult(X0,mult(rd(X1,X2),X2))),mult(X0,mult(rd(X1,X2),X2))) [forward demodulation 90,16]
98. mult(X2,rd(mult(X3,X1),X1)) = mult(rd(mult(X2,X3),mult(X0,ld(X0,ld(X1,X1)))),mult(X0,ld(X0,ld(X1,X1)))) [forward demodulation 91,15]
99. mult(rd(mult(X2,X3),mult(rd(X0,X1),X1)),mult(rd(X0,X1),X1)) = mult(X2,mult(rd(X3,X1),X1)) [forward demodulation 92,16]
101. rd(mult(X0,rd(X1,X2)),rd(X1,X2)) = mult(X0,mult(X0,ld(X0,ld(X2,X2)))) [forward demodulation 94,50]
103. mult(rd(mult(X3,X4),mult(X0,mult(rd(X1,X2),X2))),mult(X0,mult(rd(X1,X2),X2))) = mult(X3,mult(rd(X4,rd(X5,X2)),rd(X5,X2))) [forward demodulation 97,16]
104. mult(rd(mult(X2,X3),mult(X0,ld(X0,ld(X1,X1)))),mult(X0,ld(X0,ld(X1,X1)))) = mult(X2,mult(rd(X3,X1),X1)) [forward demodulation 98,16]
105. mult(rd(X0,rd(X1,X2)),rd(X1,X2)) = mult(X0,mult(X0,ld(X0,ld(X2,X2)))) [forward demodulation 101,16]
122. rd(rd(X0,X0),X0) = mult(rd(rd(rd(X0,X0),X0),X0),X0) [superposition 16,36]
125. rd(ld(X0,X0),X0) = mult(rd(rd(ld(X0,X0),X0),X0),X0) [forward demodulation 122,46]
211. mult(mult(X0,ld(X0,ld(X0,X1))),X2) = mult(ld(X0,X1),mult(ld(X0,X1),ld(ld(X0,X1),X2))) [superposition 57,15]
255. mult(X0,ld(X0,X0)) = mult(ld(X0,X1),ld(ld(X0,X1),X0)) [superposition 63,31]
261. mult(mult(X0,ld(X0,X2)),ld(X2,X2)) = mult(mult(X0,ld(X0,X1)),ld(mult(X0,ld(X0,X1)),X2)) [superposition 63,15]
285. mult(ld(X0,X1),ld(ld(X0,X1),X0)) = X0 [forward demodulation 255,31]
305. mult(X0,X1) = mult(mult(mult(X0,X1),ld(mult(X0,X1),X0)),X1) [superposition 57,285]
471. mult(X0,ld(X0,X0)) = mult(rd(X0,rd(X1,X0)),rd(X1,X0)) [superposition 105,35]
476. mult(rd(ld(X0,X0),ld(X0,X0)),ld(rd(ld(X0,X0),ld(X0,X0)),ld(X0,X0))) = mult(rd(rd(ld(X0,X0),ld(X0,X0)),rd(X1,X0)),rd(X1,X0)) [superposition 105,34]
477. mult(rd(X0,rd(X1,X2)),rd(X1,X2)) = mult(rd(X0,rd(X3,X2)),rd(X3,X2)) [superposition 105,105]
479. mult(ld(X0,X0),mult(ld(X0,X0),ld(ld(X0,X0),ld(X1,X1)))) = mult(X0,ld(X0,ld(rd(X2,X1),rd(X2,X1)))) [superposition 50,105]
507. mult(X0,ld(X0,ld(rd(X2,X1),rd(X2,X1)))) = mult(mult(X0,ld(X0,ld(X0,X0))),ld(X1,X1)) [forward demodulation 479,211]
508. mult(rd(ld(X0,X0),ld(X0,X0)),ld(rd(ld(X0,X0),ld(X0,X0)),ld(X0,X0))) = mult(ld(X0,X0),ld(ld(X0,X0),ld(rd(X1,X0),rd(X1,X0)))) [forward demodulation 476,42]
511. mult(rd(X0,rd(X1,X0)),rd(X1,X0)) = X0 [forward demodulation 471,31]
522. mult(X0,ld(X0,ld(rd(X2,X1),rd(X2,X1)))) = mult(ld(X0,X0),ld(X1,X1)) [forward demodulation 507,35]
523. ld(rd(ld(X0,X0),ld(X0,X0)),ld(X0,X0)) = mult(ld(X0,X0),ld(ld(X0,X0),ld(rd(X1,X0),rd(X1,X0)))) [forward demodulation 508,34]
532. mult(ld(ld(X0,X0),ld(X0,X0)),ld(X0,X0)) = ld(rd(ld(X0,X0),ld(X0,X0)),ld(X0,X0)) [forward demodulation 523,522]
535. mult(ld(ld(X0,X0),ld(X0,X0)),ld(X0,X0)) = ld(ld(ld(X0,X0),ld(X0,X0)),ld(X0,X0)) [forward demodulation 532,46]
536. ld(X0,X0) = ld(ld(ld(X0,X0),ld(X0,X0)),ld(X0,X0)) [forward demodulation 535,48]
577. mult(mult(X0,ld(X0,X1)),X2) = mult(X0,ld(X0,mult(X1,X2))) [superposition 66,31]
608. mult(mult(X0,ld(X0,mult(X0,ld(X0,X1)))),X2) = mult(mult(X0,ld(X0,X1)),mult(mult(X0,ld(X0,X1)),ld(mult(X0,ld(X0,X1)),X2))) [superposition 66,15]
623. mult(mult(X0,ld(X0,X1)),mult(mult(X0,ld(X0,X1)),ld(mult(X0,ld(X0,X1)),X2))) = mult(mult(X0,mult(X0,ld(X0,ld(X0,X1)))),X2) [forward demodulation 608,15]
645. mult(mult(X0,mult(X0,ld(X0,ld(X0,X1)))),X2) = mult(X0,ld(X0,mult(X1,mult(mult(X0,ld(X0,X1)),ld(mult(X0,ld(X0,X1)),X2))))) [forward demodulation 623,577]
656. mult(mult(X0,mult(X0,ld(X0,ld(X0,X1)))),X2) = mult(X0,ld(X0,mult(X1,mult(X0,ld(X0,mult(X1,ld(mult(X0,ld(X0,X1)),X2))))))) [forward demodulation 645,577]
733. mult(X2,mult(rd(X3,X1),X1)) = mult(rd(mult(X2,X3),mult(ld(X0,mult(X0,ld(X1,X1))),X1)),mult(ld(X0,mult(X0,ld(X1,X1))),X1)) [superposition 99,19]
736. mult(X1,mult(rd(X2,X0),X0)) = mult(rd(mult(X1,X2),X0),X0) [superposition 99,30]
745. mult(rd(mult(X1,X2),X0),X0) = mult(X1,mult(rd(X2,rd(X3,X0)),rd(X3,X0))) [superposition 99,511]
765. mult(X2,mult(rd(X3,X1),X1)) = mult(X2,mult(rd(X3,mult(ld(X0,mult(X0,ld(X1,X1))),X1)),mult(ld(X0,mult(X0,ld(X1,X1))),X1))) [forward demodulation 733,736]
797. mult(X2,mult(rd(X3,X1),X1)) = mult(X2,mult(rd(X3,mult(mult(X0,ld(X0,ld(X1,X1))),X1)),mult(mult(X0,ld(X0,ld(X1,X1))),X1))) [forward demodulation 765,15]
815. mult(X2,mult(rd(X3,X1),X1)) = mult(X2,mult(rd(X3,mult(X0,ld(X0,mult(ld(X1,X1),X1)))),mult(X0,ld(X0,mult(ld(X1,X1),X1))))) [forward demodulation 797,577]
825. mult(X2,mult(rd(X3,X1),X1)) = mult(X2,mult(rd(X3,mult(X0,ld(X0,X1))),mult(X0,ld(X0,X1)))) [forward demodulation 815,48]
903. mult(X1,mult(rd(X2,X0),X0)) = mult(rd(mult(X1,X2),mult(ld(ld(X0,X0),ld(X0,X0)),ld(X0,X0))),mult(ld(ld(X0,X0),ld(X0,X0)),ld(X0,X0))) [superposition 104,536]
913. mult(rd(mult(X3,X4),mult(X0,mult(rd(X1,X2),X2))),mult(X0,mult(rd(X1,X2),X2))) = mult(X3,mult(rd(X4,mult(X5,ld(X5,ld(X2,X2)))),mult(X5,ld(X5,ld(X2,X2))))) [superposition 99,104]
928. mult(rd(mult(X3,X4),mult(X0,mult(rd(X1,X2),X2))),mult(X0,mult(rd(X1,X2),X2))) = mult(X3,mult(rd(X4,ld(X2,X2)),ld(X2,X2))) [forward demodulation 913,825]
933. mult(X1,mult(rd(X2,X0),X0)) = mult(X1,mult(rd(X2,mult(ld(ld(X0,X0),ld(X0,X0)),ld(X0,X0))),mult(ld(ld(X0,X0),ld(X0,X0)),ld(X0,X0)))) [forward demodulation 903,736]
964. mult(X3,mult(rd(X4,ld(X2,X2)),ld(X2,X2))) = mult(X3,mult(rd(X4,mult(X0,mult(rd(X1,X2),X2))),mult(X0,mult(rd(X1,X2),X2)))) [forward demodulation 928,736]
969. mult(X1,mult(rd(X2,X0),X0)) = mult(X1,mult(rd(X2,ld(X0,X0)),ld(X0,X0))) [forward demodulation 933,48]
1008. mult(X0,ld(X0,mult(mult(X0,X1),X2))) = mult(mult(X0,mult(X0,ld(X0,X1))),X2) [superposition 577,15]
1011. mult(X0,X1) = mult(X0,ld(X0,mult(X0,X1))) [superposition 577,31]
1030. mult(ld(X0,X2),ld(ld(X0,X2),X1)) = mult(X0,ld(X0,mult(X1,ld(X1,X1)))) [superposition 63,577]
1050. mult(rd(mult(X0,ld(X0,X1)),rd(X3,X2)),rd(X3,X2)) = mult(X0,ld(X0,mult(X1,mult(mult(X0,ld(X0,X1)),ld(mult(X0,ld(X0,X1)),ld(X2,X2)))))) [superposition 105,577]
1053. mult(rd(mult(X0,ld(X0,X1)),rd(X3,X2)),rd(X3,X2)) = mult(X0,ld(X0,mult(X1,mult(X0,ld(X0,mult(X1,ld(mult(X0,ld(X0,X1)),ld(X2,X2)))))))) [forward demodulation 1050,577]
1071. mult(X0,ld(X0,X1)) = mult(ld(X0,X2),ld(ld(X0,X2),X1)) [forward demodulation 1030,31]
1086. mult(X0,X1) = mult(X0,mult(X0,ld(X0,X1))) [forward demodulation 1011,15]
1089. mult(rd(mult(X0,ld(X0,X1)),rd(X3,X2)),rd(X3,X2)) = mult(mult(X0,mult(X0,ld(X0,ld(X0,X1)))),ld(X2,X2)) [forward demodulation 1053,656]
1110. mult(rd(mult(X0,ld(X0,X1)),rd(X3,X2)),rd(X3,X2)) = mult(X0,ld(X0,mult(mult(X0,ld(X0,X1)),ld(X2,X2)))) [forward demodulation 1089,1008]
1127. mult(rd(mult(X0,ld(X0,X1)),rd(X3,X2)),rd(X3,X2)) = mult(X0,ld(X0,mult(X0,ld(X0,mult(X1,ld(X2,X2)))))) [forward demodulation 1110,577]
1137. mult(rd(mult(X0,ld(X0,X1)),rd(X3,X2)),rd(X3,X2)) = mult(X0,mult(X0,ld(X0,ld(X0,mult(X1,ld(X2,X2)))))) [forward demodulation 1127,15]
1144. mult(rd(mult(X0,ld(X0,X1)),rd(X3,X2)),rd(X3,X2)) = mult(X0,ld(X0,mult(X1,ld(X2,X2)))) [forward demodulation 1137,1086]
1147. mult(X0,mult(rd(ld(X0,X1),X2),X2)) = mult(X0,ld(X0,mult(X1,ld(X2,X2)))) [forward demodulation 1144,87]
1218. mult(X0,ld(X1,X1)) = mult(rd(X0,rd(X2,X1)),rd(X2,X1)) [superposition 105,1086]
1225. mult(rd(mult(X0,X1),rd(X2,X3)),rd(X2,X3)) = mult(X0,mult(rd(mult(X0,ld(X0,X1)),X3),X3)) [superposition 87,1086]
1227. mult(rd(mult(X0,X1),mult(X2,ld(X2,ld(X3,X3)))),mult(X2,ld(X2,ld(X3,X3)))) = mult(X0,mult(rd(mult(X0,ld(X0,X1)),X3),X3)) [superposition 104,1086]
1234. mult(rd(mult(X0,X1),mult(X2,ld(X2,ld(X3,X3)))),mult(X2,ld(X2,ld(X3,X3)))) = mult(X0,mult(X0,mult(rd(ld(X0,X1),X3),X3))) [forward demodulation 1227,736]
1236. mult(rd(mult(X0,X1),rd(X2,X3)),rd(X2,X3)) = mult(X0,mult(X0,mult(rd(ld(X0,X1),X3),X3))) [forward demodulation 1225,736]
1255. mult(X0,mult(rd(X1,X3),X3)) = mult(X0,mult(X0,mult(rd(ld(X0,X1),X3),X3))) [forward demodulation 1234,104]
1257. mult(X0,mult(X0,mult(rd(ld(X0,X1),X3),X3))) = mult(mult(X0,X1),ld(X3,X3)) [forward demodulation 1236,1218]
1272. mult(X0,mult(rd(X1,X3),X3)) = mult(mult(X0,X1),ld(X3,X3)) [forward demodulation 1257,1255]
1288. mult(mult(ld(X0,X4),ld(ld(X0,X4),X2)),X3) = mult(mult(X0,X1),ld(mult(X0,X1),mult(X2,X3))) [superposition 68,31]
1343. mult(mult(mult(X1,ld(X1,X2)),X3),ld(mult(mult(X1,ld(X1,X2)),X3),X0)) = mult(mult(ld(X1,X5),ld(ld(X1,X5),rd(X0,rd(X4,X0)))),rd(X4,X0)) [superposition 68,511]
1389. mult(mult(mult(X0,ld(X0,X1)),X2),ld(mult(mult(X0,ld(X0,X1)),X2),mult(ld(X3,X3),X3))) = mult(ld(ld(X0,X4),X5),ld(ld(ld(X0,X4),X5),X3)) [superposition 67,68]
1444. mult(ld(X0,X4),ld(ld(X0,X4),X3)) = mult(mult(mult(X0,ld(X0,X1)),X2),ld(mult(mult(X0,ld(X0,X1)),X2),mult(ld(X3,X3),X3))) [forward demodulation 1389,1071]
1489. mult(mult(mult(X1,ld(X1,X2)),X3),ld(mult(mult(X1,ld(X1,X2)),X3),X0)) = mult(ld(X1,X5),ld(ld(X1,X5),mult(rd(X0,rd(X4,X0)),rd(X4,X0)))) [forward demodulation 1343,577]
1541. mult(mult(X0,X1),ld(mult(X0,X1),mult(X2,X3))) = mult(ld(X0,X4),ld(ld(X0,X4),mult(X2,X3))) [forward demodulation 1288,577]
1572. mult(ld(X0,X4),ld(ld(X0,X4),X3)) = mult(mult(mult(X0,ld(X0,X1)),X2),ld(mult(mult(X0,ld(X0,X1)),X2),X3)) [forward demodulation 1444,48]
1617. mult(mult(mult(X1,ld(X1,X2)),X3),ld(mult(mult(X1,ld(X1,X2)),X3),X0)) = mult(mult(X1,ld(X1,rd(X0,rd(X4,X0)))),rd(X4,X0)) [forward demodulation 1489,57]
1668. mult(mult(X0,ld(X0,X2)),X3) = mult(mult(X0,X1),ld(mult(X0,X1),mult(X2,X3))) [forward demodulation 1541,57]
1697. mult(ld(X0,X4),ld(ld(X0,X4),X3)) = mult(mult(X0,ld(X0,mult(X1,X2))),ld(mult(X0,ld(X0,mult(X1,X2))),X3)) [forward demodulation 1572,577]
1741. mult(mult(mult(X1,ld(X1,X2)),X3),ld(mult(mult(X1,ld(X1,X2)),X3),X0)) = mult(X1,ld(X1,mult(rd(X0,rd(X4,X0)),rd(X4,X0)))) [forward demodulation 1617,577]
1790. mult(X0,ld(X0,mult(X2,X3))) = mult(mult(X0,X1),ld(mult(X0,X1),mult(X2,X3))) [forward demodulation 1668,577]
1817. mult(ld(X0,X4),ld(ld(X0,X4),X3)) = mult(X0,ld(X0,mult(mult(X1,X2),ld(mult(X0,ld(X0,mult(X1,X2))),X3)))) [forward demodulation 1697,577]
1849. mult(mult(mult(X1,ld(X1,X2)),X3),ld(mult(mult(X1,ld(X1,X2)),X3),X0)) = mult(X1,ld(X1,mult(X0,ld(X0,X0)))) [forward demodulation 1741,1218]
1917. mult(X0,ld(X0,X3)) = mult(X0,ld(X0,mult(mult(X1,X2),ld(mult(X0,ld(X0,mult(X1,X2))),X3)))) [forward demodulation 1817,1071]
1941. mult(mult(mult(X1,ld(X1,X2)),X3),ld(mult(mult(X1,ld(X1,X2)),X3),X0)) = mult(X1,mult(rd(ld(X1,X0),X0),X0)) [forward demodulation 1849,1147]
2015. mult(mult(X1,ld(X1,mult(X2,X3))),ld(mult(X1,ld(X1,mult(X2,X3))),X0)) = mult(X1,mult(rd(ld(X1,X0),X0),X0)) [forward demodulation 1941,577]
2075. mult(X1,ld(X1,mult(mult(X2,X3),ld(mult(X1,ld(X1,mult(X2,X3))),X0)))) = mult(X1,mult(rd(ld(X1,X0),X0),X0)) [forward demodulation 2015,577]
2120. mult(X1,ld(X1,X0)) = mult(X1,mult(rd(ld(X1,X0),X0),X0)) [forward demodulation 2075,1917]
2340. mult(rd(X0,rd(X2,X1)),mult(rd(rd(X2,X1),rd(X6,X5)),rd(X6,X5))) = mult(rd(mult(X0,mult(X0,ld(X0,ld(X1,X1)))),mult(X3,mult(rd(X4,X5),X5))),mult(X3,mult(rd(X4,X5),X5))) [superposition 103,105]
2371. mult(X2,mult(rd(X3,rd(X4,X1)),rd(X4,X1))) = mult(rd(mult(X2,X3),rd(ld(mult(rd(X0,X1),X1),mult(rd(X0,X1),X1)),mult(rd(X0,X1),X1))),rd(ld(mult(rd(X0,X1),X1),mult(rd(X0,X1),X1)),mult(rd(X0,X1),X1))) [superposition 103,125]
2389. mult(X2,rd(X0,X1)) = mult(rd(mult(X2,rd(X0,X1)),mult(X3,mult(rd(X4,X1),X1))),mult(X3,mult(rd(X4,X1),X1))) [superposition 103,30]
2393. mult(X3,mult(X0,ld(X0,ld(rd(X1,X2),rd(X1,X2))))) = mult(rd(mult(X3,ld(X0,X0)),mult(X4,mult(rd(X5,X2),X2))),mult(X4,mult(rd(X5,X2),X2))) [superposition 103,50]
2407. mult(X0,mult(rd(X1,rd(X2,X3)),rd(X2,X3))) = mult(X0,mult(rd(X1,mult(rd(X5,X3),X3)),mult(rd(X5,X3),X3))) [superposition 99,103]
2488. mult(rd(mult(X0,X1),X3),X3) = mult(X0,mult(rd(X1,mult(rd(X5,X3),X3)),mult(rd(X5,X3),X3))) [forward demodulation 2407,745]
2502. mult(X3,mult(X0,ld(X0,ld(rd(X1,X2),rd(X1,X2))))) = mult(X3,mult(rd(ld(X0,X0),mult(X4,mult(rd(X5,X2),X2))),mult(X4,mult(rd(X5,X2),X2)))) [forward demodulation 2393,736]
2506. mult(X2,rd(X0,X1)) = mult(X2,mult(rd(rd(X0,X1),mult(X3,mult(rd(X4,X1),X1))),mult(X3,mult(rd(X4,X1),X1)))) [forward demodulation 2389,736]
2522. mult(X2,mult(rd(X3,rd(X4,X1)),rd(X4,X1))) = mult(mult(X2,X3),ld(mult(rd(X0,X1),X1),mult(rd(X0,X1),X1))) [forward demodulation 2371,1218]
2552. mult(rd(X0,rd(X2,X1)),mult(rd(rd(X2,X1),rd(X6,X5)),rd(X6,X5))) = mult(X0,mult(rd(mult(X0,ld(X0,ld(X1,X1))),mult(X3,mult(rd(X4,X5),X5))),mult(X3,mult(rd(X4,X5),X5)))) [forward demodulation 2340,736]
2624. mult(X0,mult(rd(X1,X3),X3)) = mult(X0,mult(rd(X1,mult(rd(X5,X3),X3)),mult(rd(X5,X3),X3))) [forward demodulation 2488,736]
2638. mult(X3,mult(X0,ld(X0,ld(rd(X1,X2),rd(X1,X2))))) = mult(X3,mult(rd(ld(X0,X0),ld(X2,X2)),ld(X2,X2))) [forward demodulation 2502,964]
2642. mult(X2,rd(X0,X1)) = mult(X2,mult(rd(rd(X0,X1),ld(X1,X1)),ld(X1,X1))) [forward demodulation 2506,964]
2657. mult(X2,mult(rd(X3,rd(X4,X1)),rd(X4,X1))) = mult(X2,mult(rd(X3,mult(rd(X0,X1),X1)),mult(rd(X0,X1),X1))) [forward demodulation 2522,1272]
2687. mult(rd(X0,rd(X2,X1)),mult(rd(rd(X2,X1),rd(X6,X5)),rd(X6,X5))) = mult(X0,mult(rd(mult(X0,ld(X0,ld(X1,X1))),ld(X5,X5)),ld(X5,X5))) [forward demodulation 2552,964]
2769. mult(X3,mult(X0,ld(X0,ld(rd(X1,X2),rd(X1,X2))))) = mult(X3,mult(rd(ld(X0,X0),X2),X2)) [forward demodulation 2638,969]
2773. mult(X2,rd(X0,X1)) = mult(X2,mult(rd(rd(X0,X1),X1),X1)) [forward demodulation 2642,969]
2786. mult(X2,mult(rd(X3,X1),X1)) = mult(X2,mult(rd(X3,rd(X4,X1)),rd(X4,X1))) [forward demodulation 2657,2624]
2812. mult(rd(X0,rd(X2,X1)),mult(rd(rd(X2,X1),rd(X6,X5)),rd(X6,X5))) = mult(X0,mult(rd(mult(X0,ld(X0,ld(X1,X1))),X5),X5)) [forward demodulation 2687,969]
2886. mult(X3,mult(X0,ld(X0,ld(X2,X2)))) = mult(X3,mult(X0,ld(X0,ld(rd(X1,X2),rd(X1,X2))))) [forward demodulation 2769,50]
2895. mult(X2,mult(rd(X3,X1),X1)) = mult(X2,mult(X3,ld(X1,X1))) [forward demodulation 2786,1218]
2912. mult(rd(X0,rd(X2,X1)),mult(rd(rd(X2,X1),rd(X6,X5)),rd(X6,X5))) = mult(X0,mult(X0,mult(rd(ld(X0,ld(X1,X1)),X5),X5))) [forward demodulation 2812,736]
2971. mult(X3,mult(X0,ld(X0,ld(X2,X2)))) = mult(X3,mult(ld(X0,X0),ld(X2,X2))) [forward demodulation 2886,522]
2988. mult(rd(X0,rd(X2,X1)),mult(rd(rd(X2,X1),rd(X6,X5)),rd(X6,X5))) = mult(X0,mult(rd(ld(X1,X1),X5),X5)) [forward demodulation 2912,1255]
3048. mult(rd(X0,rd(X2,X1)),mult(rd(rd(X2,X1),rd(X6,X5)),rd(X6,X5))) = mult(X0,mult(ld(X1,X1),ld(X5,X5))) [forward demodulation 2988,2895]
3094. mult(rd(X0,rd(X2,X1)),mult(rd(rd(X2,X1),rd(X6,X5)),rd(X6,X5))) = mult(X0,mult(X1,ld(X1,ld(X5,X5)))) [forward demodulation 3048,2971]
3131. mult(X0,mult(X1,ld(X1,ld(X5,X5)))) = mult(rd(mult(rd(X0,rd(X2,X1)),rd(X2,X1)),X5),X5) [forward demodulation 3094,745]
3165. mult(X0,mult(X1,ld(X1,ld(X5,X5)))) = mult(rd(X0,rd(X2,X1)),mult(rd(rd(X2,X1),X5),X5)) [forward demodulation 3131,736]
3189. mult(X0,mult(X1,ld(X1,ld(X5,X5)))) = mult(rd(X0,rd(X2,X1)),mult(rd(X2,X1),ld(X5,X5))) [forward demodulation 3165,2895]
3273. mult(rd(X0,X2),X2) = mult(rd(X0,rd(X1,X0)),mult(rd(rd(X1,X0),X2),X2)) [superposition 736,511]
3346. mult(rd(X0,X2),X2) = mult(rd(X0,rd(X1,X0)),mult(rd(X1,X0),ld(X2,X2))) [forward demodulation 3273,2895]
3407. mult(rd(X0,X2),X2) = mult(X0,mult(X0,ld(X0,ld(X2,X2)))) [forward demodulation 3346,3189]
3450. mult(rd(X0,X2),X2) = mult(X0,ld(X2,X2)) [forward demodulation 3407,1086]
3923. mult(X0,ld(X0,mult(rd(rd(X1,X2),X2),X2))) = ld(X0,mult(X0,rd(X1,X2))) [superposition 15,2773]
3988. mult(X0,ld(X0,rd(X1,X2))) = mult(X0,ld(X0,mult(rd(rd(X1,X2),X2),X2))) [forward demodulation 3923,15]
4037. mult(X0,ld(X0,rd(X1,X2))) = mult(X0,ld(X0,mult(rd(X1,X2),ld(X2,X2)))) [forward demodulation 3988,3450]
4075. mult(X0,ld(X0,rd(X1,X2))) = mult(X0,mult(rd(ld(X0,rd(X1,X2)),X2),X2)) [forward demodulation 4037,1147]
4105. mult(X0,ld(X0,rd(X1,X2))) = mult(X0,mult(ld(X0,rd(X1,X2)),ld(X2,X2))) [forward demodulation 4075,2895]
8663. rd(X0,X1) = mult(rd(rd(X0,X1),rd(X2,X1)),rd(X2,X1)) [superposition 30,477]
8721. rd(X0,X1) = mult(rd(X0,X1),ld(X1,X1)) [forward demodulation 8663,1218]
10370. mult(mult(X0,ld(X1,X1)),ld(mult(X0,ld(X1,X1)),mult(X2,X3))) = mult(rd(X0,X1),ld(rd(X0,X1),mult(X2,X3))) [superposition 1790,3450]
10518. mult(X0,ld(X0,mult(X2,X3))) = mult(rd(X0,X1),ld(rd(X0,X1),mult(X2,X3))) [forward demodulation 10370,1790]
17965. rd(X0,X1) = mult(mult(rd(X0,X1),ld(rd(X0,X1),rd(X0,X1))),ld(X1,X1)) [superposition 305,8721]
18087. rd(X0,X1) = mult(rd(X0,X1),ld(rd(X0,X1),mult(rd(X0,X1),ld(X1,X1)))) [forward demodulation 17965,577]
18201. rd(X0,X1) = mult(X0,ld(X0,mult(rd(X0,X1),ld(X1,X1)))) [forward demodulation 18087,10518]
18311. rd(X0,X1) = mult(X0,mult(rd(ld(X0,rd(X0,X1)),X1),X1)) [forward demodulation 18201,1147]
18414. rd(X0,X1) = mult(X0,mult(ld(X0,rd(X0,X1)),ld(X1,X1))) [forward demodulation 18311,2895]
18496. rd(X0,X1) = mult(X0,ld(X0,rd(X0,X1))) [forward demodulation 18414,4105]
23409. mult(mult(X0,ld(X0,X2)),ld(X2,X2)) = mult(rd(X0,X1),ld(rd(X0,X1),X2)) [superposition 261,18496]
23598. mult(X0,ld(X0,mult(X2,ld(X2,X2)))) = mult(rd(X0,X1),ld(rd(X0,X1),X2)) [forward demodulation 23409,577]
23733. mult(X0,mult(rd(ld(X0,X2),X2),X2)) = mult(rd(X0,X1),ld(rd(X0,X1),X2)) [forward demodulation 23598,1147]
23858. mult(X0,ld(X0,X2)) = mult(rd(X0,X1),ld(rd(X0,X1),X2)) [forward demodulation 23733,2120]
221138. mult(sK0,ld(sK0,sK2)) != mult(sK0,ld(sK0,sK2)) <- (~1) [superposition 33,23858]
221333. $false <- (~1) [trivial inequality removal 221138]
221334. 1 [avatar contradiction clause 221333]
222029. ld(ld(sK0,sK1),mult(ld(sK0,sK1),sK2)) != mult(sK0,ld(sK0,sK2)) <- (~2) [forward demodulation 28,15]
222031. mult(sK0,ld(sK0,sK2)) != mult(ld(sK0,sK1),ld(ld(sK0,sK1),sK2)) <- (~2) [forward demodulation 222029,15]
222032. $false <- (~2) [forward subsumption resolution 222031,1071]
222033. 2 [avatar contradiction clause 222032]
s1. ~2 | ~1 [sat_conversion 29]
s2. 1 [sat_conversion 221334]
s3. 2 [sat_conversion 222033]
s4. # [rat s1,s2,s3]
222034. $false [avatar sat refutation s4]
% SZS output end Proof for GRP682+1
% ------------------------------
% Version: Vampire 5.0.0 (Release build, commit 2e2c9b7b8 on 2026-01-17 12:24:14 +0100)
% Linked with Z3 4.14.0.0 3c47fd96cf5645d0c42b2c819d9e9a84380aa721 z3-4.8.4-9178-g3c47fd96c
% CaDiCaL version: 2.1.3
% Termination reason: Refutation
% Time elapsed: 2.113 s
% Peak memory usage: 71 MB
% Instructions burned: 7801 (million)
% ------------------------------
% ------------------------------
