% Running in auto input_syntax mode. Trying TPTP
% Refutation found. Thanks to Tanya!
% SZS status Unsatisfiable for GRP476-1_clausified
% SZS output start Proof for GRP476-1_clausified
1. divide(inverse(divide(divide(divide(X0,X1),X2),divide(X3,X2))),divide(X1,X0)) = X3 [input(axiom)]
2. a2 != divide(divide(inverse(b2),inverse(b2)),inverse(a2)) [input(negated conjecture)]
3. divide(inverse(divide(divide(X0,X4),divide(X5,X4))),divide(divide(X2,X1),inverse(divide(divide(divide(X1,X2),X3),divide(X0,X3))))) = X5 [superposition 1,1]
4. inverse(divide(divide(divide(X4,X3),X5),divide(X0,X5))) = divide(inverse(divide(divide(divide(X1,X2),divide(X3,X4)),X0)),divide(X2,X1)) [superposition 1,1]
5. divide(inverse(divide(divide(divide(divide(X1,X2),inverse(divide(divide(divide(X2,X1),X3),divide(X0,X3)))),X4),divide(X5,X4))),X0) = X5 [superposition 1,1]
6. divide(inverse(divide(X0,divide(X4,divide(X2,X1)))),divide(divide(X5,X6),inverse(divide(divide(divide(X6,X5),X7),divide(inverse(divide(divide(divide(X1,X2),X3),divide(X0,X3))),X7))))) = X4 [superposition 3,1]
8. inverse(divide(divide(divide(X3,X2),X4),divide(X0,X4))) = divide(inverse(divide(divide(X1,divide(X2,X3)),X0)),divide(divide(X5,X6),inverse(divide(divide(divide(X6,X5),X7),divide(X1,X7))))) [superposition 3,1]
17. inverse(divide(divide(X6,X7),divide(X0,X7))) = divide(inverse(divide(divide(divide(X1,X2),divide(divide(X3,X4),inverse(divide(divide(divide(X4,X3),X5),divide(X6,X5))))),X0)),divide(X2,X1)) [superposition 1,3]
21. divide(inverse(divide(divide(divide(X8,X9),divide(divide(X5,X4),inverse(divide(divide(divide(X4,X5),divide(X1,X0)),X3)))),X7)),divide(X9,X8)) = inverse(divide(divide(inverse(divide(divide(divide(X0,X1),X2),divide(X3,X2))),X6),divide(X7,X6))) [superposition 4,4]
22. inverse(divide(divide(divide(X1,X2),divide(X3,X4)),X0)) = divide(inverse(divide(divide(divide(X6,X7),divide(X2,X1)),inverse(divide(divide(divide(X4,X3),X5),divide(X0,X5))))),divide(X7,X6)) [superposition 4,1]
25. divide(inverse(divide(divide(divide(X0,X1),divide(X2,X3)),X4)),divide(X1,X0)) = divide(inverse(divide(divide(divide(X6,X7),divide(X2,X3)),X4)),divide(X7,X6)) [superposition 4,4]
29. inverse(divide(divide(divide(divide(X1,X2),inverse(divide(divide(divide(X2,X1),X3),divide(X0,X3)))),X4),divide(X5,X4))) = divide(inverse(divide(divide(divide(X6,X7),X0),X5)),divide(X7,X6)) [superposition 4,1]
31. inverse(divide(divide(divide(divide(X4,X5),inverse(divide(divide(divide(X5,X4),divide(X1,X0)),X3))),X6),divide(X7,X6))) = divide(inverse(divide(divide(divide(X8,X9),inverse(divide(divide(divide(X0,X1),X2),divide(X3,X2)))),X7)),divide(X9,X8)) [superposition 4,4]
32. inverse(divide(divide(divide(X5,X6),X7),divide(divide(X4,divide(X6,X5)),X7))) = divide(divide(inverse(divide(divide(divide(X0,X1),divide(X2,X3)),X4)),divide(X1,X0)),divide(X2,X3)) [superposition 4,4]
33. inverse(divide(divide(divide(X1,X2),X3),divide(X4,X3))) = divide(inverse(divide(divide(divide(divide(X5,X6),inverse(divide(divide(divide(X6,X5),X7),divide(X0,X7)))),divide(X2,X1)),X4)),X0) [superposition 4,1]
36. inverse(divide(divide(divide(X1,X2),X3),divide(divide(X0,divide(X2,X1)),X3))) = X0 [superposition 4,1]
37. inverse(divide(divide(divide(X0,X1),X2),divide(X3,X2))) = inverse(divide(divide(divide(X0,X1),X4),divide(X3,X4))) [superposition 4,4]
40. divide(divide(inverse(divide(divide(divide(X0,X1),divide(X2,X3)),X4)),divide(X1,X0)),divide(divide(X6,X7),inverse(divide(divide(divide(X7,X6),X8),divide(divide(X3,X2),X8))))) = X4 [superposition 3,4]
50. divide(divide(inverse(divide(divide(divide(X0,X1),divide(X2,X3)),X4)),divide(X1,X0)),divide(X2,X3)) = X4 [backward demodulation 32,36]
58. inverse(divide(divide(X4,X6),divide(X0,X6))) = inverse(divide(divide(divide(inverse(divide(divide(divide(X1,X2),X3),divide(X4,X3))),divide(X2,X1)),X5),divide(X0,X5))) [superposition 36,3]
59. inverse(divide(divide(divide(X4,X5),divide(X1,X0)),X3)) = inverse(divide(divide(divide(X4,X5),X6),divide(inverse(divide(divide(divide(X0,X1),X2),divide(X3,X2))),X6))) [superposition 36,4]
65. inverse(divide(divide(X4,X5),divide(X0,X5))) = inverse(divide(divide(X4,X6),divide(X0,X6))) [forward demodulation 58,1]
66. divide(inverse(divide(X0,divide(X4,divide(X2,X1)))),divide(divide(X5,X6),inverse(divide(divide(divide(X6,X5),divide(X2,X1)),X0)))) = X4 [backward demodulation 6,59]
85. divide(divide(inverse(divide(divide(divide(X0,X1),divide(inverse(divide(divide(divide(X2,X3),X4),divide(X5,X4))),divide(X3,X2))),X6)),divide(X1,X0)),X5) = X6 [superposition 5,4]
94. divide(inverse(divide(X0,divide(X6,X4))),divide(divide(X7,X8),inverse(divide(divide(divide(X8,X7),X9),divide(inverse(divide(divide(divide(divide(X1,X2),inverse(divide(divide(divide(X2,X1),X3),divide(X4,X3)))),X5),divide(X0,X5))),X9))))) = X6 [superposition 3,5]
99. inverse(divide(divide(divide(X1,X2),X3),X0)) = divide(inverse(divide(divide(divide(X8,X9),divide(X2,X1)),inverse(divide(divide(divide(divide(X4,X5),inverse(divide(divide(divide(X5,X4),X6),divide(X3,X6)))),X7),divide(X0,X7))))),divide(X9,X8)) [superposition 4,5]
101. inverse(divide(divide(divide(X1,inverse(divide(divide(divide(divide(X2,X3),inverse(divide(divide(divide(X3,X2),X4),divide(X1,X4)))),X5),divide(X0,X5)))),X6),divide(divide(X7,X0),X6))) = X7 [superposition 36,5]
103. divide(divide(inverse(divide(divide(divide(X0,X1),X5),X6)),divide(X1,X0)),X5) = X6 [forward demodulation 85,1]
104. divide(inverse(divide(X0,divide(X6,X4))),divide(divide(X7,X8),inverse(divide(divide(divide(X8,X7),divide(inverse(divide(divide(divide(X2,X1),X3),divide(X4,X3))),divide(X1,X2))),X0)))) = X6 [forward demodulation 94,59]
105. divide(inverse(divide(X0,divide(X6,X4))),divide(divide(X7,X8),inverse(divide(divide(divide(X8,X7),X4),X0)))) = X6 [forward demodulation 104,1]
111. divide(divide(inverse(divide(X0,X4)),divide(divide(X2,X1),inverse(divide(divide(divide(X1,X2),X3),X0)))),X3) = X4 [superposition 103,103]
140. inverse(divide(X0,divide(X4,X3))) = divide(inverse(divide(divide(divide(X5,X6),divide(divide(X2,X1),inverse(divide(divide(divide(X1,X2),X3),X0)))),X4)),divide(X6,X5)) [superposition 4,103]
144. inverse(divide(divide(divide(X1,X2),X3),divide(X4,X3))) = divide(inverse(divide(X0,X4)),divide(divide(X6,X5),inverse(divide(divide(divide(X5,X6),divide(X2,X1)),X0)))) [superposition 4,103]
146. inverse(divide(divide(inverse(divide(divide(divide(X0,X1),X2),divide(X3,X2))),X6),divide(X7,X6))) = inverse(divide(X3,divide(X7,divide(X1,X0)))) [backward demodulation 21,140]
206. inverse(divide(inverse(divide(divide(divide(X0,X1),X2),divide(X3,X2))),divide(X6,divide(X5,X4)))) = inverse(divide(divide(inverse(divide(divide(divide(X4,X5),divide(X1,X0)),X3)),X7),divide(X6,X7))) [superposition 65,4]
212. inverse(divide(divide(X4,divide(X5,X6)),inverse(divide(divide(divide(X0,X1),X2),divide(X3,X2))))) = inverse(divide(divide(X4,X7),divide(inverse(divide(divide(divide(X6,X5),divide(X1,X0)),X3)),X7))) [superposition 65,4]
216. inverse(X0) = inverse(divide(divide(inverse(divide(divide(divide(X1,X2),divide(X3,divide(X2,X1))),X0)),X4),divide(X3,X4))) [superposition 65,50]
325. inverse(divide(divide(X2,X3),divide(X0,X3))) = divide(inverse(divide(X1,X0)),divide(divide(X7,X8),inverse(divide(divide(divide(X8,X7),divide(divide(X4,X5),inverse(divide(divide(divide(X5,X4),X6),divide(X2,X6))))),X1)))) [superposition 105,3]
328. inverse(divide(X2,divide(X0,X3))) = divide(inverse(divide(X1,X0)),divide(divide(X6,X7),inverse(divide(divide(divide(X7,X6),divide(divide(X4,X5),inverse(divide(divide(divide(X5,X4),X3),X2)))),X1)))) [superposition 105,105]
392. inverse(divide(divide(X1,divide(divide(X2,X3),inverse(divide(divide(divide(X3,X2),X4),X5)))),X0)) = inverse(divide(divide(X1,X6),divide(inverse(divide(X5,divide(X0,X4))),X6))) [superposition 65,105]
489. divide(divide(X3,X4),inverse(divide(divide(divide(X4,X3),X2),X1))) = divide(divide(inverse(X0),divide(divide(X5,X6),inverse(divide(divide(divide(X6,X5),X7),inverse(divide(X1,divide(X0,X2))))))),X7) [superposition 111,105]
491. divide(divide(inverse(X0),divide(divide(X4,X5),inverse(divide(divide(divide(X5,X4),X6),divide(inverse(divide(divide(divide(X1,X2),X3),X0)),divide(X2,X1)))))),X6) = X3 [superposition 111,103]
502. divide(divide(inverse(divide(X4,X5)),divide(inverse(divide(divide(divide(X0,X1),X2),divide(X3,X2))),inverse(divide(divide(divide(divide(X7,X6),inverse(divide(divide(divide(X6,X7),divide(X1,X0)),X3))),X8),X4)))),X8) = X5 [superposition 111,4]
601. inverse(divide(divide(inverse(divide(divide(divide(X4,X5),X3),X0)),divide(X5,X4)),divide(X7,divide(X2,X1)))) = inverse(divide(divide(inverse(divide(divide(divide(X1,X2),X3),X0)),X6),divide(X7,X6))) [superposition 146,103]
950. inverse(X1) = inverse(divide(divide(inverse(divide(divide(divide(inverse(divide(divide(divide(X2,X3),X4),divide(X5,X4))),divide(X3,X2)),X0),X1)),X7),divide(inverse(divide(divide(X5,X6),divide(X0,X6))),X7))) [superposition 216,3]
993. inverse(X1) = inverse(divide(divide(inverse(divide(divide(X5,X0),X1)),X7),divide(inverse(divide(divide(X5,X6),divide(X0,X6))),X7))) [forward demodulation 950,1]
1161. inverse(X1) = inverse(divide(divide(inverse(divide(X0,X1)),X7),divide(inverse(divide(divide(inverse(divide(divide(divide(divide(X2,X3),inverse(divide(divide(divide(X3,X2),X4),divide(X5,X4)))),X6),divide(X0,X6))),X8),divide(X5,X8))),X7))) [superposition 993,5]
1246. inverse(X1) = inverse(divide(divide(inverse(divide(X0,X1)),X7),divide(inverse(divide(X0,divide(X5,divide(inverse(divide(divide(divide(X3,X2),X4),divide(X5,X4))),divide(X2,X3))))),X7))) [forward demodulation 1161,146]
1247. inverse(X1) = inverse(divide(divide(inverse(divide(X0,X1)),X7),divide(inverse(divide(X0,divide(X5,X5))),X7))) [forward demodulation 1246,1]
1433. inverse(divide(divide(X0,divide(X1,X2)),X3)) = inverse(divide(divide(X0,X4),divide(inverse(divide(divide(divide(X2,X1),X3),divide(X5,X5))),X4))) [superposition 1247,36]
1441. inverse(divide(X0,X1)) = inverse(divide(X0,divide(inverse(divide(divide(divide(X2,X3),X1),divide(X4,X4))),divide(X3,X2)))) [superposition 1247,1]
1492. divide(inverse(divide(X1,divide(X3,X3))),X2) = divide(divide(inverse(X0),divide(divide(X4,X5),inverse(divide(divide(divide(X5,X4),X6),divide(inverse(divide(X1,X0)),X2))))),X6) [superposition 111,1247]
1672. divide(divide(X5,X6),inverse(divide(divide(divide(X6,X5),X7),divide(divide(X4,X3),X7)))) = divide(divide(inverse(X0),divide(divide(X8,X9),inverse(divide(divide(divide(X9,X8),X10),divide(inverse(divide(divide(divide(X1,X2),divide(X3,X4)),X0)),divide(X2,X1)))))),X10) [superposition 111,40]
1752. divide(X3,X4) = divide(divide(X5,X6),inverse(divide(divide(divide(X6,X5),X7),divide(divide(X4,X3),X7)))) [forward demodulation 1672,491]
1911. divide(divide(X4,X5),inverse(divide(divide(divide(X5,X4),X6),divide(X0,X6)))) = divide(X1,divide(inverse(divide(divide(divide(X2,X3),X1),X0)),divide(X3,X2))) [superposition 1752,103]
1918. divide(X2,X3) = divide(divide(X4,X5),inverse(divide(divide(divide(X5,X4),inverse(divide(divide(divide(X2,X3),X6),divide(divide(X1,X0),X6)))),divide(X0,X1)))) [superposition 1752,1752]
1943. inverse(divide(divide(divide(X2,X3),inverse(divide(divide(divide(X4,X5),X6),divide(divide(X1,X0),X6)))),divide(X0,X1))) = divide(inverse(divide(divide(divide(X7,X8),divide(X3,X2)),divide(X5,X4))),divide(X8,X7)) [superposition 4,1752]
1956. inverse(divide(divide(divide(X2,X3),inverse(divide(divide(divide(X4,X5),X6),divide(divide(X1,X0),X6)))),divide(X0,X1))) = inverse(divide(divide(divide(X2,X3),X7),divide(divide(X5,X4),X7))) [superposition 37,1752]
2014. inverse(divide(divide(divide(X4,divide(X2,X3)),X5),divide(divide(X1,X0),X5))) = divide(divide(inverse(divide(X0,X1)),divide(X3,X2)),X4) [superposition 103,1752]
2361. divide(divide(X5,X6),inverse(divide(divide(divide(X6,X5),X7),divide(X4,X7)))) = divide(divide(inverse(inverse(divide(divide(divide(X0,X1),X2),divide(X3,X2)))),divide(divide(X8,X9),inverse(divide(divide(divide(X9,X8),X10),inverse(divide(divide(X4,divide(X1,X0)),X3)))))),X10) [superposition 111,8]
2518. inverse(divide(inverse(divide(divide(divide(X3,X2),X4),divide(X5,X5))),divide(X7,divide(X1,X0)))) = inverse(divide(divide(inverse(divide(divide(divide(X0,X1),divide(X2,X3)),X4)),X6),divide(X7,X6))) [superposition 146,1441]
2534. divide(divide(inverse(divide(divide(divide(X0,X1),X2),X3)),divide(X1,X0)),X2) = divide(inverse(divide(divide(divide(X4,X5),X3),divide(X6,X6))),divide(X5,X4)) [superposition 103,1441]
2544. inverse(divide(divide(divide(X2,X3),X1),divide(X4,X4))) = divide(inverse(divide(X0,X1)),divide(divide(X5,X6),inverse(divide(divide(divide(X6,X5),divide(X3,X2)),X0)))) [superposition 66,1441]
2553. divide(inverse(divide(divide(divide(X4,X5),X3),divide(X6,X6))),divide(X5,X4)) = X3 [forward demodulation 2534,103]
2847. inverse(divide(divide(divide(X3,X2),X4),divide(divide(X1,X0),X4))) = divide(inverse(divide(divide(X0,X1),divide(X5,X5))),divide(X3,X2)) [superposition 2553,1752]
2880. divide(X3,X3) = divide(X0,X0) [superposition 103,2553]
2938. inverse(divide(X0,divide(X4,divide(X2,X1)))) = inverse(divide(divide(inverse(divide(divide(divide(X1,X2),X0),divide(X3,X3))),X5),divide(X4,X5))) [superposition 65,2553]
3367. inverse(divide(divide(X1,X2),divide(X0,X0))) = inverse(divide(divide(X1,X3),divide(X2,X3))) [superposition 65,2880]
3393. inverse(X1) = inverse(divide(divide(inverse(divide(divide(divide(X2,X3),divide(X4,divide(X3,X2))),X1)),X4),divide(X0,X0))) [superposition 216,2880]
3477. divide(X1,X2) = divide(divide(X1,X2),inverse(divide(X0,X0))) [superposition 1752,2880]
3488. a2 != divide(divide(X0,X0),inverse(a2)) [superposition 2,2880]
3707. inverse(divide(divide(inverse(divide(divide(divide(X0,X1),divide(X2,X3)),X4)),divide(X1,X0)),divide(X7,divide(X6,X5)))) = divide(inverse(divide(divide(divide(X8,X9),divide(divide(X10,X11),inverse(divide(divide(divide(X11,X10),X12),divide(inverse(divide(divide(divide(X5,X6),divide(X2,X3)),X4)),X12))))),X7)),divide(X9,X8)) [superposition 17,25]
3709. inverse(divide(inverse(divide(divide(divide(X0,X1),X2),divide(X3,X2))),divide(X6,divide(X5,X4)))) = divide(inverse(divide(divide(divide(X7,X8),divide(divide(X9,X10),inverse(divide(divide(divide(X10,X9),X11),divide(inverse(divide(divide(divide(X4,X5),divide(X1,X0)),X3)),X11))))),X6)),divide(X8,X7)) [superposition 17,4]
4834. inverse(divide(divide(divide(X1,X2),divide(X3,X4)),divide(X4,X3))) = divide(inverse(divide(divide(divide(X5,X6),divide(X2,X1)),inverse(divide(X0,X0)))),divide(X6,X5)) [superposition 22,2880]
5007. inverse(divide(divide(divide(X1,X2),divide(X3,X4)),divide(X4,X3))) = divide(inverse(divide(divide(X5,X6),divide(X2,X1))),divide(X6,X5)) [forward demodulation 4834,3477]
5717. inverse(divide(divide(divide(divide(X2,X3),inverse(divide(divide(divide(X3,X2),X4),divide(inverse(divide(divide(divide(X5,X6),X7),divide(divide(X1,X0),X7))),X4)))),X8),divide(X9,X8))) = divide(inverse(divide(divide(X0,X1),X9)),divide(X5,X6)) [superposition 29,1752]
5986. divide(inverse(divide(divide(X0,X1),X9)),divide(X5,X6)) = inverse(divide(divide(divide(divide(X2,X3),inverse(divide(divide(divide(X3,X2),divide(X6,X5)),divide(X1,X0)))),X8),divide(X9,X8))) [forward demodulation 5717,59]
6114. divide(X0,inverse(divide(X6,X6))) = X0 [superposition 3477,5]
6158. divide(inverse(divide(divide(divide(X1,X2),inverse(divide(X3,X3))),X0)),divide(X2,X1)) = X0 [superposition 3477,103]
6188. inverse(divide(divide(divide(X2,X3),inverse(divide(X4,X4))),divide(X0,X1))) = divide(inverse(divide(divide(divide(X5,X6),divide(X3,X2)),divide(X0,X1))),divide(X6,X5)) [superposition 4,3477]
6217. inverse(divide(divide(X0,X1),divide(X3,inverse(divide(X2,X2))))) = divide(inverse(divide(divide(divide(X4,X5),divide(divide(X6,X7),inverse(divide(divide(divide(X7,X6),X8),divide(divide(X0,X1),X8))))),X3)),divide(X5,X4)) [superposition 17,3477]
6343. divide(inverse(divide(divide(X1,X2),X0)),divide(X2,X1)) = X0 [forward demodulation 6158,3477]
6344. divide(X2,X1) = inverse(divide(divide(divide(X1,X2),divide(X3,X4)),divide(X4,X3))) [backward demodulation 5007,6343]
6363. inverse(divide(divide(X2,X3),divide(X0,X1))) = divide(inverse(divide(divide(divide(X5,X6),divide(X3,X2)),divide(X0,X1))),divide(X6,X5)) [forward demodulation 6188,3477]
6364. inverse(divide(divide(divide(X2,X3),inverse(divide(divide(divide(X4,X5),X6),divide(divide(X1,X0),X6)))),divide(X0,X1))) = inverse(divide(divide(X2,X3),divide(X5,X4))) [backward demodulation 1943,6363]
6366. divide(X2,X3) = divide(divide(X4,X5),inverse(divide(divide(X5,X4),divide(X3,X2)))) [backward demodulation 1918,6364]
6368. inverse(divide(divide(divide(X2,X3),X7),divide(divide(X5,X4),X7))) = inverse(divide(divide(X2,X3),divide(X5,X4))) [backward demodulation 1956,6364]
6407. divide(inverse(divide(divide(X0,X1),divide(X5,X5))),divide(X3,X2)) = inverse(divide(divide(X3,X2),divide(X1,X0))) [backward demodulation 2847,6368]
6421. divide(divide(inverse(divide(X0,X1)),divide(X3,X2)),X4) = inverse(divide(divide(X4,divide(X2,X3)),divide(X1,X0))) [backward demodulation 2014,6368]
6473. inverse(divide(divide(inverse(divide(divide(divide(X0,X1),divide(X2,X3)),X4)),X6),divide(X7,X6))) = inverse(inverse(divide(divide(X7,divide(X1,X0)),divide(X4,divide(X3,X2))))) [backward demodulation 2518,6407]
6478. inverse(divide(inverse(divide(divide(divide(X0,X1),X2),divide(X3,X2))),divide(X6,divide(X5,X4)))) = inverse(inverse(divide(divide(X6,divide(X5,X4)),divide(X3,divide(X0,X1))))) [backward demodulation 206,6473]
6509. divide(inverse(divide(divide(divide(X7,X8),divide(divide(X9,X10),inverse(divide(divide(divide(X10,X9),X11),divide(inverse(divide(divide(divide(X4,X5),divide(X1,X0)),X3)),X11))))),X6)),divide(X8,X7)) = inverse(inverse(divide(divide(X6,divide(X5,X4)),divide(X3,divide(X0,X1))))) [backward demodulation 3709,6478]
6525. inverse(divide(divide(inverse(divide(divide(divide(X0,X1),divide(X2,X3)),X4)),divide(X1,X0)),divide(X7,divide(X6,X5)))) = inverse(inverse(divide(divide(X7,divide(X6,X5)),divide(X4,divide(X3,X2))))) [backward demodulation 3707,6509]
6607. inverse(divide(divide(inverse(divide(divide(divide(X1,X2),X3),X0)),X6),divide(X7,X6))) = inverse(inverse(divide(divide(divide(X7,divide(X2,X1)),divide(X4,X5)),divide(X0,divide(divide(X4,X5),X3))))) [backward demodulation 601,6421]
6623. inverse(inverse(divide(divide(X7,divide(X6,X5)),divide(X4,divide(X3,X2))))) = inverse(inverse(divide(divide(divide(X7,divide(X6,X5)),divide(X0,X1)),divide(X4,divide(divide(X0,X1),divide(X2,X3)))))) [backward demodulation 6525,6421]
6846. inverse(divide(divide(X0,X1),divide(X3,inverse(divide(X2,X2))))) = divide(inverse(divide(divide(divide(X4,X5),divide(divide(X6,X7),inverse(divide(divide(X7,X6),divide(X0,X1))))),X3)),divide(X5,X4)) [forward demodulation 6217,6368]
6847. divide(inverse(divide(divide(divide(X4,X5),divide(X1,X0)),X3)),divide(X5,X4)) = inverse(divide(divide(X0,X1),divide(X3,inverse(divide(X2,X2))))) [forward demodulation 6846,6366]
6848. divide(inverse(divide(divide(divide(X4,X5),divide(X1,X0)),X3)),divide(X5,X4)) = inverse(divide(divide(X0,X1),X3)) [forward demodulation 6847,6114]
6850. inverse(divide(divide(divide(X4,X3),X5),divide(X0,X5))) = inverse(divide(divide(X4,X3),X0)) [backward demodulation 4,6848]
7206. inverse(divide(divide(divide(divide(X4,X5),inverse(divide(divide(divide(X5,X4),divide(X1,X0)),X3))),X6),divide(X7,X6))) = divide(inverse(divide(divide(divide(X8,X9),inverse(divide(divide(X0,X1),X3))),X7)),divide(X9,X8)) [backward demodulation 31,6850]
7207. divide(inverse(divide(divide(divide(divide(X5,X6),inverse(divide(divide(divide(X6,X5),X7),divide(X0,X7)))),divide(X2,X1)),X4)),X0) = inverse(divide(divide(X1,X2),X4)) [backward demodulation 33,6850]
7240. inverse(divide(divide(divide(X1,X2),X3),X0)) = divide(inverse(divide(divide(divide(X8,X9),divide(X2,X1)),inverse(divide(divide(divide(divide(X4,X5),inverse(divide(divide(X5,X4),X3))),X7),divide(X0,X7))))),divide(X9,X8)) [backward demodulation 99,6850]
7242. inverse(divide(divide(divide(X1,inverse(divide(divide(divide(divide(X2,X3),inverse(divide(divide(X3,X2),X1))),X5),divide(X0,X5)))),X6),divide(divide(X7,X0),X6))) = X7 [backward demodulation 101,6850]
7255. divide(inverse(divide(X0,X4)),divide(divide(X6,X5),inverse(divide(divide(divide(X5,X6),divide(X2,X1)),X0)))) = inverse(divide(divide(X1,X2),X4)) [backward demodulation 144,6850]
7261. inverse(divide(divide(X4,X7),divide(inverse(divide(divide(divide(X6,X5),divide(X1,X0)),X3)),X7))) = inverse(divide(divide(X4,divide(X5,X6)),inverse(divide(divide(X0,X1),X3)))) [backward demodulation 212,6850]
7263. inverse(divide(divide(X2,X3),divide(X0,X3))) = divide(inverse(divide(X1,X0)),divide(divide(X7,X8),inverse(divide(divide(divide(X8,X7),divide(divide(X4,X5),inverse(divide(divide(X5,X4),X2)))),X1)))) [backward demodulation 325,6850]
7288. divide(divide(inverse(divide(X4,X5)),divide(inverse(divide(divide(X0,X1),X3)),inverse(divide(divide(divide(divide(X7,X6),inverse(divide(divide(divide(X6,X7),divide(X1,X0)),X3))),X8),X4)))),X8) = X5 [backward demodulation 502,6850]
7360. divide(X1,divide(inverse(divide(divide(divide(X2,X3),X1),X0)),divide(X3,X2))) = divide(divide(X4,X5),inverse(divide(divide(X5,X4),X0))) [backward demodulation 1911,6850]
7428. divide(divide(X5,X6),inverse(divide(divide(divide(X6,X5),X7),divide(X4,X7)))) = divide(divide(inverse(inverse(divide(divide(X0,X1),X3))),divide(divide(X8,X9),inverse(divide(divide(divide(X9,X8),X10),inverse(divide(divide(X4,divide(X1,X0)),X3)))))),X10) [backward demodulation 2361,6850]
8346. inverse(divide(divide(X1,X2),X4)) = divide(inverse(divide(divide(divide(divide(X5,X6),inverse(divide(divide(X6,X5),X0))),divide(X2,X1)),X4)),X0) [forward demodulation 7207,6850]
8381. inverse(divide(divide(divide(X1,X2),X3),X0)) = divide(inverse(divide(divide(divide(X8,X9),divide(X2,X1)),inverse(divide(divide(divide(X4,X5),inverse(divide(divide(X5,X4),X3))),X0)))),divide(X9,X8)) [forward demodulation 7240,6850]
8383. inverse(divide(divide(divide(X1,inverse(divide(divide(divide(X2,X3),inverse(divide(divide(X3,X2),X1))),X0))),X6),divide(divide(X7,X0),X6))) = X7 [forward demodulation 7242,6850]
8388. inverse(divide(divide(divide(X2,X3),X1),divide(X4,X4))) = inverse(divide(divide(X2,X3),X1)) [backward demodulation 2544,7255]
8392. inverse(divide(divide(X0,divide(X1,X2)),X3)) = inverse(divide(divide(X0,X4),divide(inverse(divide(divide(X2,X1),X3)),X4))) [backward demodulation 1433,8388]
8409. inverse(divide(X0,divide(X4,divide(X2,X1)))) = inverse(divide(divide(inverse(divide(divide(X1,X2),X0)),X5),divide(X4,X5))) [backward demodulation 2938,8388]
8442. inverse(inverse(divide(divide(divide(X7,divide(X2,X1)),divide(X4,X5)),divide(X0,divide(divide(X4,X5),X3))))) = inverse(divide(X0,divide(X7,divide(X3,divide(X1,X2))))) [backward demodulation 6607,8409]
8446. inverse(inverse(divide(divide(X7,divide(X6,X5)),divide(X4,divide(X3,X2))))) = inverse(divide(X4,divide(X7,divide(divide(X2,X3),divide(X5,X6))))) [backward demodulation 6623,8442]
8466. inverse(divide(divide(X4,divide(X5,X6)),inverse(divide(divide(X0,X1),X3)))) = inverse(divide(divide(X4,divide(divide(X1,X0),divide(X6,X5))),X3)) [forward demodulation 7261,8392]
8469. inverse(divide(divide(divide(X1,X2),X3),X0)) = divide(inverse(divide(divide(divide(X8,X9),divide(divide(inverse(divide(divide(X5,X4),X3)),divide(X4,X5)),divide(X1,X2))),X0)),divide(X9,X8)) [backward demodulation 8381,8466]
8482. inverse(divide(divide(divide(X1,X2),X3),X0)) = divide(inverse(divide(divide(divide(X8,X9),inverse(divide(divide(divide(X1,X2),divide(X5,X4)),divide(X3,divide(X5,X4))))),X0)),divide(X9,X8)) [forward demodulation 8469,6421]
8483. inverse(divide(divide(divide(X1,X2),X3),X0)) = divide(inverse(divide(divide(divide(X8,X9),inverse(divide(divide(X1,X2),X3))),X0)),divide(X9,X8)) [forward demodulation 8482,6850]
8484. inverse(divide(divide(divide(divide(X4,X5),inverse(divide(divide(divide(X5,X4),divide(X1,X0)),X3))),X6),divide(X7,X6))) = inverse(divide(divide(divide(X0,X1),X3),X7)) [backward demodulation 7206,8483]
8485. divide(inverse(divide(divide(X0,X1),X9)),divide(X5,X6)) = inverse(divide(divide(divide(X5,X6),divide(X1,X0)),X9)) [backward demodulation 5986,8484]
8495. divide(inverse(divide(divide(divide(X1,X0),divide(X5,divide(X0,X1))),X6)),X5) = X6 [backward demodulation 103,8485]
8561. inverse(X1) = inverse(divide(X1,divide(X0,X0))) [backward demodulation 3393,8495]
8567. inverse(divide(X1,X2)) = inverse(divide(divide(X1,X3),divide(X2,X3))) [backward demodulation 3367,8561]
8569. divide(inverse(divide(X0,X1)),divide(X3,X2)) = inverse(divide(divide(X3,X2),divide(X1,X0))) [backward demodulation 6407,8561]
8578. divide(divide(inverse(X0),divide(divide(X4,X5),inverse(divide(divide(divide(X5,X4),X6),divide(inverse(divide(X1,X0)),X2))))),X6) = divide(inverse(X1),X2) [backward demodulation 1492,8561]
8677. inverse(divide(divide(X1,divide(divide(X2,X3),inverse(divide(divide(divide(X3,X2),X4),X5)))),X0)) = inverse(divide(X1,inverse(divide(X5,divide(X0,X4))))) [backward demodulation 392,8567]
8738. inverse(divide(X2,divide(X0,X3))) = divide(inverse(divide(X1,X0)),divide(divide(X6,X7),inverse(divide(divide(X7,X6),inverse(divide(X2,divide(X1,X3))))))) [backward demodulation 328,8677]
8749. inverse(divide(divide(divide(X5,X6),divide(X1,X0)),X9)) = inverse(divide(divide(X5,X6),divide(X9,divide(X0,X1)))) [backward demodulation 8485,8569]
8815. inverse(divide(divide(X0,X1),X3)) = divide(inverse(divide(divide(X4,X5),divide(X3,divide(X0,X1)))),divide(X5,X4)) [backward demodulation 6848,8749]
8820. inverse(divide(divide(X1,X2),X4)) = divide(inverse(divide(X0,X4)),divide(divide(X6,X5),inverse(divide(divide(X5,X6),divide(X0,divide(X1,X2)))))) [backward demodulation 7255,8749]
8835. inverse(divide(divide(X1,X2),X4)) = divide(inverse(divide(divide(divide(X5,X6),inverse(divide(divide(X6,X5),X0))),divide(X4,divide(X1,X2)))),X0) [backward demodulation 8346,8749]
8867. divide(X3,divide(X0,X1)) = inverse(divide(divide(X0,X1),X3)) [forward demodulation 8815,6343]
8875. divide(divide(X0,divide(X1,X2)),divide(X2,X1)) = X0 [backward demodulation 6343,8867]
8897. inverse(divide(divide(divide(X1,inverse(divide(divide(divide(X2,X3),divide(X1,divide(X3,X2))),X0))),X6),divide(divide(X7,X0),X6))) = X7 [backward demodulation 8383,8867]
8900. inverse(divide(divide(X0,divide(X1,X2)),X3)) = inverse(divide(divide(X0,X4),divide(divide(X3,divide(X2,X1)),X4))) [backward demodulation 8392,8867]
8903. inverse(divide(X0,divide(X4,divide(X2,X1)))) = inverse(divide(divide(divide(X0,divide(X1,X2)),X5),divide(X4,X5))) [backward demodulation 8409,8867]
8951. divide(divide(inverse(X0),divide(divide(X5,X6),inverse(divide(divide(divide(X6,X5),X7),inverse(divide(X1,divide(X0,X2))))))),X7) = divide(divide(X3,X4),divide(X1,divide(divide(X4,X3),X2))) [backward demodulation 489,8867]
8997. divide(X2,X3) = divide(divide(X4,X5),divide(divide(X3,X2),divide(X5,X4))) [backward demodulation 6366,8867]
9025. inverse(divide(X4,divide(X7,divide(divide(X2,X3),divide(X5,X6))))) = inverse(divide(divide(X4,divide(X3,X2)),divide(X7,divide(X6,X5)))) [backward demodulation 8446,8867]
9027. inverse(divide(X2,divide(X0,X3))) = divide(inverse(divide(X1,X0)),divide(divide(X6,X7),divide(inverse(divide(X2,divide(X1,X3))),divide(X7,X6)))) [backward demodulation 8738,8867]
9034. divide(X2,X1) = inverse(divide(X1,X2)) [backward demodulation 6344,8875]
9045. divide(X0,divide(X6,X6)) = X0 [backward demodulation 6114,9034]
9048. divide(X2,X1) = inverse(divide(divide(X1,X3),divide(X2,X3))) [backward demodulation 8567,9034]
9139. inverse(divide(divide(divide(X1,divide(X0,divide(divide(X2,X3),divide(X1,divide(X3,X2))))),X6),divide(divide(X7,X0),X6))) = X7 [forward demodulation 8897,8867]
9143. inverse(divide(divide(X0,divide(X1,X2)),X3)) = divide(divide(X3,divide(X2,X1)),X0) [forward demodulation 8900,9048]
9144. divide(X3,divide(X0,divide(X1,X2))) = divide(divide(X3,divide(X2,X1)),X0) [forward demodulation 9143,8867]
9161. inverse(divide(divide(X1,divide(X6,divide(divide(divide(X2,X3),divide(X1,divide(X3,X2))),X0))),divide(divide(X7,X0),X6))) = X7 [backward demodulation 9139,9144]
9189. inverse(divide(X1,divide(divide(divide(X7,X0),X6),divide(divide(divide(divide(X2,X3),divide(X1,divide(X3,X2))),X0),X6)))) = X7 [forward demodulation 9161,9144]
9190. inverse(divide(X1,divide(divide(divide(X7,X0),X6),divide(divide(divide(X2,X3),divide(X0,divide(divide(X3,X2),X1))),X6)))) = X7 [forward demodulation 9189,9144]
9191. inverse(divide(X1,divide(divide(divide(X7,X0),X6),divide(divide(X2,X3),divide(X6,divide(divide(divide(X3,X2),X1),X0)))))) = X7 [forward demodulation 9190,9144]
9221. inverse(divide(X0,divide(X4,divide(X2,X1)))) = divide(X4,divide(X0,divide(X1,X2))) [forward demodulation 8903,9048]
9387. divide(divide(X3,X4),divide(X1,divide(divide(X4,X3),X2))) = divide(divide(inverse(X0),divide(divide(X5,X6),divide(inverse(divide(X1,divide(X0,X2))),divide(divide(X6,X5),X7)))),X7) [forward demodulation 8951,8867]
9388. divide(divide(X3,X4),divide(X1,divide(divide(X4,X3),X2))) = divide(divide(inverse(X0),divide(divide(X5,X6),divide(divide(divide(X0,X2),X1),divide(divide(X6,X5),X7)))),X7) [forward demodulation 9387,9034]
9720. divide(divide(X7,divide(X6,X5)),divide(X4,divide(X3,X2))) = inverse(divide(X4,divide(X7,divide(divide(X2,X3),divide(X5,X6))))) [forward demodulation 9025,8867]
9721. divide(divide(X7,divide(X6,X5)),divide(X4,divide(X3,X2))) = divide(X7,divide(X4,divide(divide(X5,X6),divide(X2,X3)))) [forward demodulation 9720,9221]
9730. inverse(divide(X2,divide(X0,X3))) = divide(inverse(divide(X1,X0)),divide(divide(X6,X7),divide(divide(divide(X1,X3),X2),divide(X7,X6)))) [forward demodulation 9027,9034]
9731. inverse(divide(X2,divide(X0,X3))) = divide(inverse(divide(X1,X0)),divide(X2,divide(X1,X3))) [forward demodulation 9730,8997]
9732. inverse(divide(X2,divide(X0,X3))) = divide(divide(X0,X1),divide(X2,divide(X1,X3))) [forward demodulation 9731,9034]
9733. divide(divide(X0,X1),divide(X2,divide(X1,X3))) = divide(divide(X0,X3),X2) [forward demodulation 9732,9034]
9738. inverse(divide(X1,divide(divide(divide(X7,X0),divide(divide(divide(X3,X2),X1),X0)),divide(X2,X3)))) = X7 [backward demodulation 9191,9733]
9785. inverse(divide(X1,divide(divide(X7,X0),divide(divide(X2,X3),divide(X0,divide(divide(X3,X2),X1)))))) = X7 [forward demodulation 9738,9144]
9786. inverse(divide(X1,divide(divide(X7,divide(divide(X3,X2),X1)),divide(X2,X3)))) = X7 [forward demodulation 9785,9733]
9787. inverse(divide(X1,divide(X7,divide(divide(X2,X3),divide(X1,divide(X3,X2)))))) = X7 [forward demodulation 9786,9144]
9788. inverse(divide(X1,divide(X7,divide(divide(X2,X2),X1)))) = X7 [forward demodulation 9787,9733]
9856. inverse(divide(divide(X1,X2),X4)) = divide(inverse(divide(X0,X4)),divide(divide(X6,X5),divide(divide(X0,divide(X1,X2)),divide(X5,X6)))) [forward demodulation 8820,8867]
9857. inverse(divide(divide(X1,X2),X4)) = divide(inverse(divide(X0,X4)),divide(divide(X1,X2),X0)) [forward demodulation 9856,8997]
9858. inverse(divide(divide(X1,X2),X4)) = divide(divide(X4,X0),divide(divide(X1,X2),X0)) [forward demodulation 9857,9034]
9859. divide(X4,divide(X1,X2)) = divide(divide(X4,X0),divide(divide(X1,X2),X0)) [forward demodulation 9858,8867]
10015. inverse(divide(divide(X1,X2),X4)) = divide(divide(divide(X4,divide(X1,X2)),divide(divide(X5,X6),inverse(divide(divide(X6,X5),X0)))),X0) [forward demodulation 8835,8867]
10016. inverse(divide(divide(X1,X2),X4)) = divide(divide(X4,divide(divide(divide(X5,X6),inverse(divide(divide(X6,X5),X0))),divide(X2,X1))),X0) [forward demodulation 10015,9144]
10017. inverse(divide(divide(X1,X2),X4)) = divide(divide(X4,divide(divide(divide(X5,X6),divide(X0,divide(X6,X5))),divide(X2,X1))),X0) [forward demodulation 10016,8867]
10018. inverse(divide(divide(X1,X2),X4)) = divide(divide(X4,divide(divide(X5,X6),divide(divide(X2,X1),divide(divide(X6,X5),X0)))),X0) [forward demodulation 10017,9144]
10019. divide(X4,divide(X1,X2)) = divide(divide(X4,divide(divide(X5,X6),divide(divide(X2,X1),divide(divide(X6,X5),X0)))),X0) [forward demodulation 10018,8867]
10636. divide(inverse(X1),X2) = divide(divide(inverse(X0),divide(divide(X4,X5),divide(divide(inverse(divide(X1,X0)),X2),divide(divide(X5,X4),X6)))),X6) [forward demodulation 8578,8867]
10637. divide(inverse(X1),X2) = divide(divide(inverse(X0),divide(divide(X4,X5),divide(divide(divide(X0,X1),X2),divide(divide(X5,X4),X6)))),X6) [forward demodulation 10636,9034]
10638. divide(divide(X3,X4),divide(X1,divide(divide(X4,X3),X2))) = divide(inverse(X2),X1) [backward demodulation 9388,10637]
10666. divide(X4,divide(X1,X2)) = divide(divide(X4,divide(inverse(X0),divide(X2,X1))),X0) [backward demodulation 10019,10638]
11267. inverse(divide(divide(X2,X3),divide(X0,X3))) = divide(inverse(divide(X1,X0)),divide(divide(X7,X8),divide(X1,divide(divide(X8,X7),divide(divide(X4,X5),inverse(divide(divide(X5,X4),X2))))))) [forward demodulation 7263,8867]
11268. inverse(divide(divide(X2,X3),divide(X0,X3))) = divide(inverse(divide(X1,X0)),divide(inverse(divide(divide(X4,X5),inverse(divide(divide(X5,X4),X2)))),X1)) [forward demodulation 11267,10638]
11269. inverse(divide(divide(X2,X3),divide(X0,X3))) = divide(inverse(divide(X1,X0)),divide(divide(inverse(divide(divide(X5,X4),X2)),divide(X4,X5)),X1)) [forward demodulation 11268,8867]
11270. inverse(divide(divide(X2,X3),divide(X0,X3))) = divide(inverse(divide(X1,X0)),divide(inverse(divide(divide(X5,X4),X2)),divide(X1,divide(X5,X4)))) [forward demodulation 11269,9144]
11271. inverse(divide(divide(X2,X3),divide(X0,X3))) = divide(inverse(divide(X1,X0)),divide(divide(X2,divide(X5,X4)),divide(X1,divide(X5,X4)))) [forward demodulation 11270,8867]
11272. inverse(divide(divide(X2,X3),divide(X0,X3))) = divide(inverse(divide(X1,X0)),divide(X2,divide(X1,divide(divide(X4,X5),divide(X4,X5))))) [forward demodulation 11271,9721]
11273. inverse(divide(divide(X2,X3),divide(X0,X3))) = divide(inverse(divide(X1,X0)),divide(X2,X1)) [forward demodulation 11272,9045]
11274. divide(divide(X0,X1),divide(X2,X1)) = inverse(divide(divide(X2,X3),divide(X0,X3))) [forward demodulation 11273,9034]
11275. divide(divide(X0,X1),divide(X2,X1)) = divide(X0,X2) [forward demodulation 11274,9048]
11481. divide(divide(inverse(divide(X4,X5)),divide(inverse(divide(divide(X0,X1),X3)),divide(X4,divide(divide(divide(X7,X6),inverse(divide(divide(divide(X6,X7),divide(X1,X0)),X3))),X8)))),X8) = X5 [forward demodulation 7288,8867]
11482. divide(divide(inverse(divide(X4,X5)),divide(inverse(divide(divide(X0,X1),X3)),divide(X4,divide(divide(divide(X7,X6),divide(X3,divide(divide(X6,X7),divide(X1,X0)))),X8)))),X8) = X5 [forward demodulation 11481,8867]
11483. divide(divide(inverse(divide(X4,X5)),divide(inverse(divide(divide(X0,X1),X3)),divide(X4,divide(divide(X7,X6),divide(X8,divide(divide(divide(X6,X7),divide(X1,X0)),X3)))))),X8) = X5 [forward demodulation 11482,9144]
11484. divide(divide(inverse(divide(X4,X5)),divide(inverse(divide(divide(X0,X1),X3)),divide(X4,divide(divide(X7,X6),divide(X8,divide(divide(X6,X7),divide(X3,divide(X0,X1)))))))),X8) = X5 [forward demodulation 11483,9144]
11485. divide(divide(inverse(divide(X4,X5)),divide(inverse(divide(divide(X0,X1),X3)),divide(X4,divide(inverse(divide(X3,divide(X0,X1))),X8)))),X8) = X5 [forward demodulation 11484,10638]
11486. divide(divide(inverse(divide(X4,X5)),divide(inverse(divide(divide(X0,X1),X3)),divide(X4,divide(divide(divide(X0,X1),X3),X8)))),X8) = X5 [forward demodulation 11485,9034]
11487. divide(divide(inverse(divide(X4,X5)),divide(divide(X3,divide(X0,X1)),divide(X4,divide(divide(divide(X0,X1),X3),X8)))),X8) = X5 [forward demodulation 11486,8867]
11488. divide(divide(inverse(divide(X4,X5)),divide(inverse(X8),X4)),X8) = X5 [forward demodulation 11487,10638]
11489. divide(divide(divide(X5,X4),divide(inverse(X8),X4)),X8) = X5 [forward demodulation 11488,9034]
11490. divide(divide(X5,inverse(X8)),X8) = X5 [forward demodulation 11489,11275]
12072. divide(X1,divide(inverse(divide(divide(divide(X2,X3),X1),X0)),divide(X3,X2))) = divide(divide(X4,X5),divide(X0,divide(X5,X4))) [forward demodulation 7360,8867]
12073. divide(divide(X4,X5),divide(X0,divide(X5,X4))) = divide(X1,divide(divide(X0,divide(divide(X2,X3),X1)),divide(X3,X2))) [forward demodulation 12072,8867]
12074. divide(divide(X4,X5),divide(X0,divide(X5,X4))) = divide(X1,divide(X0,divide(divide(X3,X2),divide(X1,divide(X2,X3))))) [forward demodulation 12073,9144]
12075. divide(divide(X4,X5),divide(X0,divide(X5,X4))) = divide(X1,divide(X0,divide(divide(X3,X3),X1))) [forward demodulation 12074,9733]
12793. divide(divide(X5,X6),inverse(divide(divide(divide(X6,X5),X7),divide(X4,X7)))) = divide(divide(inverse(inverse(divide(divide(X0,X1),X3))),divide(divide(X8,X9),divide(inverse(divide(divide(X4,divide(X1,X0)),X3)),divide(divide(X9,X8),X10)))),X10) [forward demodulation 7428,8867]
12794. divide(divide(X5,X6),inverse(divide(divide(divide(X6,X5),X7),divide(X4,X7)))) = divide(divide(inverse(inverse(divide(divide(X0,X1),X3))),divide(inverse(X10),inverse(divide(divide(X4,divide(X1,X0)),X3)))),X10) [forward demodulation 12793,10638]
12795. divide(divide(X5,X6),inverse(divide(divide(divide(X6,X5),X7),divide(X4,X7)))) = divide(divide(inverse(inverse(divide(divide(X0,X1),X3))),divide(inverse(X10),divide(X3,divide(X4,divide(X1,X0))))),X10) [forward demodulation 12794,8867]
12796. divide(divide(X5,X6),inverse(divide(divide(divide(X6,X5),X7),divide(X4,X7)))) = divide(divide(inverse(divide(X3,divide(X0,X1))),divide(inverse(X10),divide(X3,divide(X4,divide(X1,X0))))),X10) [forward demodulation 12795,8867]
12797. divide(divide(X5,X6),inverse(divide(divide(divide(X6,X5),X7),divide(X4,X7)))) = divide(divide(divide(divide(X0,X1),X3),divide(inverse(X10),divide(X3,divide(X4,divide(X1,X0))))),X10) [forward demodulation 12796,9034]
12798. divide(divide(X5,X6),inverse(divide(divide(divide(X6,X5),X7),divide(X4,X7)))) = divide(divide(divide(divide(X0,X1),divide(X4,divide(X1,X0))),inverse(X10)),X10) [forward demodulation 12797,9733]
12799. divide(divide(X5,X6),inverse(divide(divide(divide(X6,X5),X7),divide(X4,X7)))) = divide(divide(divide(X0,X1),divide(inverse(X10),divide(divide(X1,X0),X4))),X10) [forward demodulation 12798,9144]
12800. divide(divide(X5,X6),inverse(divide(divide(divide(X6,X5),X7),divide(X4,X7)))) = divide(divide(inverse(X4),inverse(X10)),X10) [forward demodulation 12799,10638]
12801. divide(divide(X5,X6),inverse(divide(divide(divide(X6,X5),X7),divide(X4,X7)))) = inverse(X4) [forward demodulation 12800,11490]
12802. inverse(X4) = divide(divide(X5,X6),divide(divide(X4,X7),divide(divide(X6,X5),X7))) [forward demodulation 12801,8867]
12803. inverse(X4) = divide(divide(X5,X6),divide(X4,divide(X6,X5))) [forward demodulation 12802,9859]
12809. inverse(X0) = divide(X1,divide(X0,divide(divide(X3,X3),X1))) [backward demodulation 12075,12803]
12827. inverse(inverse(X7)) = X7 [backward demodulation 9788,12809]
29238. a2 != divide(divide(inverse(inverse(a2)),divide(X0,X1)),divide(X1,X0)) [superposition 3488,10666]
29258. a2 != divide(divide(a2,divide(X0,X1)),divide(X1,X0)) [forward demodulation 29238,12827]
29259. $false [subsumption resolution 29258,8875]
% SZS output end Proof for GRP476-1_clausified
% ------------------------------
% Version: Vampire 4.9 (Release build, commit 0accf6da4 on 2024-12-10 11:55:58 +0000)
% Termination reason: Refutation

% Time elapsed: 0.706 s
% Instructions burned: 2792 (million)
% ------------------------------
% ------------------------------
