% Running in auto input_syntax mode. Trying TPTP
% Refutation found. Thanks to Tanya!
% SZS status Unsatisfiable for GRP660-11
% SZS output start Proof for GRP660-11
1. mult(X0,ld(X0,X1)) = X1 [input(axiom)]
2. ld(X0,mult(X0,X1)) = X1 [input(axiom)]
3. mult(rd(X0,X1),X1) = X0 [input(axiom)]
4. rd(mult(X0,X1),X1) = X0 [input(axiom)]
5. mult(mult(mult(X0,X1),X2),X0) = mult(X0,mult(X1,mult(X2,X0))) [input(axiom)]
6. mult(x0,rd(x1,x1)) != x0 [input(negated conjecture)]
7. x0 != mult(x0,rd(x1,x1)) [reorient equations 6]
8. ld(rd(X0,X1),X0) = X1 [superposition 2,3]
9. rd(X0,ld(X1,X0)) = X1 [superposition 4,1]
10. mult(X1,mult(ld(X1,X0),mult(X2,X1))) = mult(mult(X0,X2),X1) [superposition 5,1]
14. mult(X0,X1) = mult(X1,mult(X2,mult(ld(mult(X1,X2),X0),X1))) [superposition 5,1]
15. mult(mult(X0,X1),X2) = rd(mult(X0,mult(X1,mult(X2,X0))),X0) [superposition 4,5]
25. mult(mult(X2,rd(X0,X1)),X1) = mult(X1,mult(ld(X1,X2),X0)) [superposition 10,3]
28. rd(mult(mult(X0,X1),X2),mult(ld(X2,X0),mult(X1,X2))) = X2 [superposition 4,10]
29. mult(ld(X2,X0),mult(X1,X2)) = ld(X2,mult(mult(X0,X1),X2)) [superposition 2,10]
42. mult(X2,mult(ld(mult(X1,X2),X0),X1)) = ld(X1,mult(X0,X1)) [superposition 2,14]
57. mult(mult(X1,X2),rd(X0,X1)) = rd(mult(X1,mult(X2,X0)),X1) [superposition 15,3]
61. mult(mult(X1,rd(X0,mult(X2,X1))),X2) = rd(mult(X1,X0),X1) [superposition 15,3]
112. mult(X0,X2) = mult(X2,mult(ld(X2,rd(X0,rd(X1,X2))),X1)) [superposition 25,3]
119. ld(mult(X1,rd(X2,X0)),mult(X0,mult(ld(X0,X1),X2))) = X0 [superposition 2,25]
168. rd(mult(X0,X2),mult(ld(X2,rd(X0,X1)),mult(X1,X2))) = X2 [superposition 28,3]
254. ld(X1,mult(X0,X1)) = mult(ld(X1,X2),mult(ld(X2,X0),X1)) [superposition 29,1]
257. ld(X1,mult(X0,X1)) = mult(ld(X1,rd(X0,X2)),mult(X2,X1)) [superposition 29,3]
380. ld(rd(X0,X1),mult(X2,rd(X0,X1))) = mult(X1,mult(ld(X0,X2),rd(X0,X1))) [superposition 42,3]
399. mult(ld(mult(X0,X2),X1),X0) = ld(X2,ld(X0,mult(X1,X0))) [superposition 2,42]
400. rd(ld(X0,mult(X1,X0)),mult(ld(mult(X0,X2),X1),X0)) = X2 [superposition 4,42]
444. rd(mult(X1,X0),X1) = mult(mult(X1,X2),rd(ld(X2,X0),X1)) [superposition 57,1]
506. mult(ld(X2,X0),mult(rd(X1,mult(X2,X0)),X2)) = ld(X2,rd(mult(X0,X1),X0)) [superposition 29,61]
507. rd(rd(mult(X0,X1),X0),mult(ld(X2,X0),mult(rd(X1,mult(X2,X0)),X2))) = X2 [superposition 28,61]
511. ld(mult(X0,rd(X1,mult(X2,X0))),rd(mult(X0,X1),X0)) = X2 [superposition 2,61]
512. mult(X0,rd(X1,mult(X2,X0))) = rd(rd(mult(X0,X1),X0),X2) [superposition 4,61]
541. mult(X0,rd(X1,mult(mult(ld(X2,X0),mult(rd(X1,mult(X2,X0)),X2)),X0))) = X2 [forward demodulation 507,512]
545. mult(X0,rd(X1,mult(ld(X2,rd(mult(X0,X1),X0)),X0))) = X2 [forward demodulation 541,506]
767. ld(mult(X1,rd(ld(ld(X2,X1),X0),X2)),mult(X2,X0)) = X2 [superposition 119,1]
1256. ld(X0,X2) = rd(ld(X0,mult(X1,X0)),mult(ld(X2,X1),X0)) [superposition 4,254]
1508. ld(X0,rd(X1,X2)) = rd(ld(X0,mult(X1,X0)),mult(X2,X0)) [superposition 4,257]
2005. mult(ld(mult(X1,X2),rd(X0,X1)),X1) = ld(X2,ld(X1,X0)) [superposition 399,3]
2007. ld(X1,X0) = mult(ld(mult(X0,X1),X0),X0) [superposition 399,2]
2221. ld(ld(X1,X0),X1) = mult(ld(X0,X1),X1) [superposition 2007,1]
2248. ld(mult(X1,X0),X1) = rd(ld(X0,X1),X1) [superposition 4,2007]
2553. ld(X1,X0) = rd(X1,mult(ld(X0,X1),X1)) [superposition 9,2221]
2717. ld(X0,rd(X0,X1)) = rd(ld(X1,rd(X0,X1)),rd(X0,X1)) [superposition 2248,3]
2725. mult(X1,X0) = rd(X1,rd(ld(X0,X1),X1)) [superposition 9,2248]
2941. rd(X1,mult(X0,X1)) = ld(X1,rd(X1,X0)) [superposition 2553,8]
3288. mult(X1,rd(X1,X0)) = rd(X1,rd(X0,X1)) [superposition 2725,8]
3749. rd(X0,X1) = mult(X0,rd(X0,mult(X1,X0))) [superposition 1,2941]
5497. rd(mult(X1,X2),X1) = mult(X0,rd(ld(ld(X1,X0),X2),X1)) [superposition 444,1]
5520. rd(mult(rd(X0,X1),X2),rd(X0,X1)) = mult(X0,rd(ld(X1,X2),rd(X0,X1))) [superposition 444,3]
7351. ld(mult(X1,rd(ld(X1,X0),mult(X2,X1))),rd(X0,X1)) = X2 [superposition 511,1]
7948. rd(rd(X0,X1),X2) = mult(X1,rd(ld(X1,X0),mult(X2,X1))) [superposition 512,1]
8301. ld(X1,X0) = rd(X2,mult(ld(X0,rd(mult(X1,X2),X1)),X1)) [superposition 2,545]
8349. rd(X2,mult(ld(X0,rd(mult(X1,X2),X1)),X1)) = rd(X0,mult(ld(rd(X2,mult(ld(X0,rd(mult(X1,X2),X1)),X1)),rd(X1,X3)),mult(X3,rd(X2,mult(ld(X0,rd(mult(X1,X2),X1)),X1))))) [superposition 168,545]
8359. ld(rd(X1,mult(ld(X0,rd(mult(X2,X1),X2)),X2)),mult(X3,rd(X1,mult(ld(X0,rd(mult(X2,X1),X2)),X2)))) = mult(ld(rd(X1,mult(ld(X0,rd(mult(X2,X1),X2)),X2)),rd(X3,X2)),X0) [superposition 257,545]
8402. mult(ld(rd(X1,mult(ld(X0,rd(mult(X2,X1),X2)),X2)),rd(X3,X2)),X0) = mult(mult(ld(X0,rd(mult(X2,X1),X2)),X2),mult(ld(X1,X3),rd(X1,mult(ld(X0,rd(mult(X2,X1),X2)),X2)))) [forward demodulation 8359,380]
8404. rd(X2,mult(ld(X0,rd(mult(X1,X2),X1)),X1)) = rd(X0,ld(rd(X2,mult(ld(X0,rd(mult(X1,X2),X1)),X1)),mult(X1,rd(X2,mult(ld(X0,rd(mult(X1,X2),X1)),X1))))) [forward demodulation 8349,257]
8462. mult(ld(ld(X2,X0),rd(X3,X2)),X0) = mult(mult(ld(X0,rd(mult(X2,X1),X2)),X2),mult(ld(X1,X3),ld(X2,X0))) [forward demodulation 8402,8301]
8463. rd(X2,mult(ld(X0,rd(mult(X1,X2),X1)),X1)) = rd(X0,mult(mult(ld(X0,rd(mult(X1,X2),X1)),X1),mult(ld(X2,X1),rd(X2,mult(ld(X0,rd(mult(X1,X2),X1)),X1))))) [forward demodulation 8404,380]
8491. ld(X1,X0) = rd(X0,mult(mult(ld(X0,rd(mult(X1,X2),X1)),X1),mult(ld(X2,X1),ld(X1,X0)))) [forward demodulation 8463,8301]
8505. ld(X1,X0) = rd(X0,mult(ld(ld(X1,X0),rd(X1,X1)),X0)) [forward demodulation 8491,8462]
10789. rd(X0,X2) = ld(mult(X1,rd(ld(ld(rd(X0,X2),X1),X2),rd(X0,X2))),X0) [superposition 767,3]
10796. mult(X0,mult(X0,X1)) = ld(rd(ld(ld(X0,mult(X0,X1)),X1),X0),mult(X0,X1)) [superposition 2007,767]
10800. rd(ld(ld(X0,X1),X2),X0) = rd(ld(X1,mult(mult(X0,X2),X1)),mult(X0,X1)) [superposition 400,767]
10842. ld(X1,rd(mult(X0,X2),X0)) = rd(ld(ld(X0,X1),X2),X0) [forward demodulation 10800,1508]
10845. mult(X0,mult(X0,X1)) = ld(rd(ld(X1,X1),X0),mult(X0,X1)) [forward demodulation 10796,2]
10852. rd(X0,X2) = ld(rd(mult(rd(X0,X2),X2),rd(X0,X2)),X0) [forward demodulation 10789,5497]
10906. rd(X0,X2) = ld(mult(X0,rd(ld(X2,X2),rd(X0,X2))),X0) [forward demodulation 10852,5520]
10944. rd(X0,X2) = rd(ld(rd(ld(X2,X2),rd(X0,X2)),X0),X0) [forward demodulation 10906,2248]
11213. ld(X1,X2) = rd(ld(X1,X0),mult(ld(X2,rd(X0,X1)),X1)) [superposition 1256,3]
13589. ld(ld(X1,X0),ld(X1,X2)) = mult(ld(X0,rd(X2,X1)),X1) [superposition 2005,1]
13624. ld(X1,ld(rd(X0,X1),X2)) = mult(ld(X0,rd(X2,rd(X0,X1))),rd(X0,X1)) [superposition 2005,3]
13669. ld(mult(X1,X0),rd(X2,X1)) = rd(ld(X0,ld(X1,X2)),X1) [superposition 4,2005]
16961. mult(X2,rd(ld(X2,X1),X0)) = rd(rd(X1,X2),rd(X0,X2)) [superposition 7948,3]
19473. ld(ld(X0,X1),X1) = mult(ld(ld(X0,X1),rd(X0,X0)),X1) [superposition 8,8505]
23636. mult(X0,X1) = mult(rd(ld(X1,X1),X0),mult(X0,mult(X0,X1))) [superposition 1,10845]
24417. rd(X0,rd(X0,X1)) = mult(X0,rd(ld(X1,X1),rd(X0,X1))) [superposition 2725,10944]
31755. ld(X0,ld(X0,X0)) = rd(ld(X0,X0),ld(ld(X0,X0),X0)) [superposition 11213,19473]
32023. ld(X0,ld(X0,X0)) = rd(ld(X0,X0),mult(ld(X0,X0),X0)) [forward demodulation 31755,2221]
45223. mult(ld(X0,X0),X0) = mult(rd(ld(X0,X0),ld(X0,X0)),ld(X0,mult(X0,X0))) [superposition 23636,254]
45605. mult(ld(X0,X0),X0) = mult(rd(ld(X0,X0),ld(X0,X0)),X0) [forward demodulation 45223,2]
47725. rd(rd(X0,X0),ld(X0,X0)) = mult(X0,ld(X0,ld(X0,X0))) [superposition 7948,32023]
47732. rd(mult(X0,ld(X0,X0)),X0) = mult(mult(X0,ld(X0,ld(X0,X0))),ld(X0,X0)) [superposition 61,32023]
47796. rd(mult(X0,ld(X0,X0)),X0) = mult(ld(X0,X0),ld(X0,X0)) [forward demodulation 47732,1]
47801. ld(X0,X0) = rd(rd(X0,X0),ld(X0,X0)) [forward demodulation 47725,1]
47814. rd(X0,X0) = mult(ld(X0,X0),ld(X0,X0)) [forward demodulation 47796,1]
48768. ld(rd(X0,X0),ld(X0,X0)) = rd(ld(ld(X0,X0),ld(X0,X0)),ld(X0,X0)) [superposition 2717,47801]
48796. ld(rd(X0,X0),ld(X0,X0)) = rd(mult(ld(X0,rd(X0,X0)),X0),ld(X0,X0)) [forward demodulation 48768,13589]
48821. ld(rd(X0,X0),ld(X0,X0)) = rd(mult(rd(X0,mult(X0,X0)),X0),ld(X0,X0)) [forward demodulation 48796,2941]
68816. rd(ld(X0,X0),ld(X0,X0)) = ld(mult(X0,rd(ld(X0,X1),mult(ld(X0,X0),X0))),rd(X1,X0)) [superposition 7351,45605]
69099. ld(X0,X0) = rd(ld(X0,X0),ld(X0,X0)) [forward demodulation 68816,7351]
71208. ld(X0,X0) = mult(ld(X0,X0),ld(X0,X0)) [superposition 3,69099]
71211. mult(mult(X1,ld(X0,X0)),ld(X0,X0)) = mult(ld(X0,X0),mult(ld(ld(X0,X0),X1),ld(X0,X0))) [superposition 25,69099]
71226. rd(ld(X0,X0),ld(X0,X0)) = mult(ld(X0,X0),ld(X0,X0)) [superposition 3288,69099]
71240. rd(ld(X0,X0),ld(X0,X0)) = mult(ld(X0,X0),rd(ld(ld(X0,X0),ld(X0,X0)),ld(X0,X0))) [superposition 24417,69099]
71247. rd(ld(X0,X0),ld(X0,X0)) = mult(ld(X0,X0),rd(mult(ld(X0,rd(X0,X0)),X0),ld(X0,X0))) [forward demodulation 71240,13589]
71260. rd(X0,X0) = rd(ld(X0,X0),ld(X0,X0)) [forward demodulation 71226,47814]
71272. ld(X0,X0) = rd(X0,X0) [forward demodulation 71208,47814]
71285. rd(ld(X0,X0),ld(X0,X0)) = mult(ld(X0,X0),rd(mult(rd(X0,mult(X0,X0)),X0),ld(X0,X0))) [forward demodulation 71247,2941]
71313. rd(ld(X0,X0),ld(X0,X0)) = mult(ld(X0,X0),ld(rd(X0,X0),ld(X0,X0))) [forward demodulation 71285,48821]
71336. rd(rd(X0,X0),rd(X0,X0)) = mult(rd(X0,X0),ld(rd(X0,X0),rd(X0,X0))) [forward demodulation 71313,71272]
71350. rd(X0,X0) = rd(rd(X0,X0),rd(X0,X0)) [forward demodulation 71336,1]
71358. rd(X0,X0) = mult(X0,rd(ld(X0,X0),X0)) [forward demodulation 71350,16961]
71363. rd(X0,X0) = mult(X0,rd(rd(X0,X0),X0)) [forward demodulation 71358,71272]
71541. rd(X0,X0) = mult(rd(X0,X0),rd(X0,X0)) [superposition 47814,71272]
71543. mult(X0,rd(X0,X0)) = X0 [superposition 1,71272]
72424. ld(ld(X0,X0),mult(X1,ld(X0,X0))) = mult(ld(X0,X0),mult(ld(ld(X0,X0),X1),ld(X0,X0))) [superposition 380,69099]
72451. mult(X1,mult(ld(X0,mult(X2,rd(X3,rd(X0,X1)))),rd(X0,X1))) = ld(rd(X0,X1),mult(rd(X0,X1),mult(ld(rd(X0,X1),X2),X3))) [superposition 380,25]
72457. mult(ld(rd(X1,X0),X2),mult(X3,rd(X1,X0))) = mult(X0,mult(ld(X1,mult(X2,X3)),rd(X1,X0))) [superposition 29,380]
72511. mult(ld(rd(X0,X1),X2),X3) = mult(X1,mult(ld(X0,mult(X2,rd(X3,rd(X0,X1)))),rd(X0,X1))) [forward demodulation 72451,2]
72533. ld(ld(X0,X0),mult(X1,ld(X0,X0))) = mult(mult(X1,ld(X0,X0)),ld(X0,X0)) [forward demodulation 72424,71211]
72555. mult(mult(X1,rd(X0,X0)),rd(X0,X0)) = ld(rd(X0,X0),mult(X1,rd(X0,X0))) [forward demodulation 72533,71272]
72560. mult(mult(X1,rd(X0,X0)),rd(X0,X0)) = mult(X0,mult(ld(X0,X1),rd(X0,X0))) [forward demodulation 72555,380]
72588. mult(X1,ld(X0,X0)) = mult(ld(X0,X0),mult(ld(ld(X0,X0),rd(X1,rd(X0,X0))),ld(X0,X0))) [superposition 112,71260]
72653. mult(X1,ld(X0,X0)) = mult(mult(rd(X1,rd(X0,X0)),ld(X0,X0)),ld(X0,X0)) [forward demodulation 72588,71211]
72702. mult(X1,rd(X0,X0)) = mult(mult(rd(X1,rd(X0,X0)),rd(X0,X0)),rd(X0,X0)) [forward demodulation 72653,71272]
72739. mult(X1,rd(X0,X0)) = mult(X0,mult(ld(X0,rd(X1,rd(X0,X0))),rd(X0,X0))) [forward demodulation 72702,72560]
72765. mult(X1,rd(X0,X0)) = mult(X0,ld(X0,ld(rd(X0,X0),X1))) [forward demodulation 72739,13624]
72782. ld(rd(X0,X0),X1) = mult(X1,rd(X0,X0)) [forward demodulation 72765,1]
73778. ld(ld(X0,X0),rd(mult(ld(X0,X0),X1),ld(X0,X0))) = mult(ld(ld(X0,X0),ld(X0,X0)),mult(rd(X1,rd(X0,X0)),ld(X0,X0))) [superposition 506,47814]
73908. ld(rd(X0,X0),rd(mult(rd(X0,X0),X1),rd(X0,X0))) = mult(ld(rd(X0,X0),rd(X0,X0)),mult(rd(X1,rd(X0,X0)),rd(X0,X0))) [forward demodulation 73778,71272]
73961. ld(rd(X0,X0),rd(mult(rd(X0,X0),X1),rd(X0,X0))) = mult(X0,mult(ld(X0,mult(rd(X0,X0),rd(X1,rd(X0,X0)))),rd(X0,X0))) [forward demodulation 73908,72457]
73998. mult(ld(rd(X0,X0),rd(X0,X0)),X1) = ld(rd(X0,X0),rd(mult(rd(X0,X0),X1),rd(X0,X0))) [forward demodulation 73961,72511]
74018. mult(ld(rd(X0,X0),rd(X0,X0)),X1) = rd(ld(ld(rd(X0,X0),rd(X0,X0)),X1),rd(X0,X0)) [forward demodulation 73998,10842]
74033. mult(rd(rd(X0,X0),rd(X0,X0)),X1) = rd(ld(rd(rd(X0,X0),rd(X0,X0)),X1),rd(X0,X0)) [forward demodulation 74018,71272]
74042. mult(rd(rd(X0,X0),rd(X0,X0)),X1) = rd(mult(X1,rd(rd(X0,X0),rd(X0,X0))),rd(X0,X0)) [forward demodulation 74033,72782]
74046. mult(mult(X0,rd(ld(X0,X0),X0)),X1) = rd(mult(X1,mult(X0,rd(ld(X0,X0),X0))),rd(X0,X0)) [forward demodulation 74042,16961]
74047. mult(mult(X0,rd(rd(X0,X0),X0)),X1) = rd(mult(X1,mult(X0,rd(rd(X0,X0),X0))),rd(X0,X0)) [forward demodulation 74046,71272]
74048. mult(rd(X0,X0),X1) = rd(mult(X1,rd(X0,X0)),rd(X0,X0)) [forward demodulation 74047,71363]
74049. mult(rd(X0,X0),X1) = X1 [forward demodulation 74048,4]
74090. rd(X1,X1) = rd(X0,X0) [superposition 4,74049]
74091. mult(rd(X1,X1),mult(X0,mult(X2,rd(X1,X1)))) = mult(mult(X0,X2),rd(X1,X1)) [superposition 5,74049]
74156. ld(mult(rd(X1,X1),rd(X0,mult(X2,rd(X1,X1)))),rd(X0,rd(X1,X1))) = X2 [superposition 511,74049]
74168. ld(X0,ld(rd(X1,X1),X2)) = mult(ld(X0,rd(X2,rd(X1,X1))),rd(X1,X1)) [superposition 2005,74049]
74173. rd(X0,rd(X1,X1)) = mult(X0,rd(X0,X0)) [superposition 3749,74049]
74347. rd(X0,rd(X1,X1)) = X0 [forward demodulation 74173,71543]
74348. mult(ld(X0,rd(X2,rd(X1,X1))),rd(X1,X1)) = ld(X0,mult(X2,rd(X1,X1))) [forward demodulation 74168,72782]
74358. rd(ld(rd(X0,mult(X2,rd(X1,X1))),ld(rd(X1,X1),X0)),rd(X1,X1)) = X2 [forward demodulation 74156,13669]
74400. mult(X0,mult(X2,rd(X1,X1))) = mult(mult(X0,X2),rd(X1,X1)) [forward demodulation 74091,74049]
74459. mult(ld(X0,X2),rd(X1,X1)) = ld(X0,mult(X2,rd(X1,X1))) [forward demodulation 74348,74347]
74467. ld(rd(X0,mult(X2,rd(X1,X1))),ld(rd(X1,X1),X0)) = X2 [forward demodulation 74358,74347]
74527. ld(rd(X0,mult(X2,rd(X1,X1))),mult(X0,rd(X1,X1))) = X2 [forward demodulation 74467,72782]
74560. mult(ld(rd(X0,mult(X2,rd(X1,X1))),X0),rd(X1,X1)) = X2 [forward demodulation 74527,74459]
74575. mult(mult(X2,rd(X1,X1)),rd(X1,X1)) = X2 [forward demodulation 74560,8]
74580. mult(X2,mult(rd(X1,X1),rd(X1,X1))) = X2 [forward demodulation 74575,74400]
74584. mult(X2,rd(X1,X1)) = X2 [forward demodulation 74580,71541]
74919. x0 != mult(x0,rd(X0,X0)) [superposition 7,74090]
74920. $false [forward subsumption resolution 74919,74584]
% SZS output end Proof for GRP660-11
% ------------------------------
% Version: Vampire 5.0.0 (Release build, commit 2e2c9b7b8 on 2026-01-17 12:24:14 +0100)
% Linked with Z3 4.14.0.0 3c47fd96cf5645d0c42b2c819d9e9a84380aa721 z3-4.8.4-9178-g3c47fd96c
% CaDiCaL version: 2.1.3
% Termination reason: Refutation
% Time elapsed: 3.111 s
% Peak memory usage: 105 MB
% Instructions burned: 9560 (million)
% ------------------------------
% ------------------------------
