% Running in auto input_syntax mode. Trying TPTP
% Refutation found. Thanks to Tanya!
% SZS status Unsatisfiable for GRP414-1_clausified
% SZS output start Proof for GRP414-1_clausified
1. multiply(X0,inverse(multiply(multiply(multiply(inverse(X1),X1),inverse(multiply(inverse(multiply(X0,inverse(X1))),X2))),X1))) = X2 [input(axiom)]
2. multiply(multiply(a3,b3),c3) != multiply(a3,multiply(b3,c3)) [input(negated conjecture)]
3. multiply(X1,inverse(multiply(multiply(multiply(inverse(multiply(multiply(multiply(inverse(X2),X2),inverse(multiply(inverse(multiply(X1,inverse(X2))),X0))),X2)),multiply(multiply(multiply(inverse(X2),X2),inverse(multiply(inverse(multiply(X1,inverse(X2))),X0))),X2)),inverse(multiply(inverse(X0),X3))),multiply(multiply(multiply(inverse(X2),X2),inverse(multiply(inverse(multiply(X1,inverse(X2))),X0))),X2)))) = X3 [superposition 1,1]
4. inverse(multiply(multiply(multiply(inverse(X3),X3),inverse(multiply(inverse(multiply(inverse(multiply(X1,inverse(X2))),inverse(X3))),X0))),X3)) = multiply(X1,inverse(multiply(multiply(multiply(inverse(X2),X2),inverse(X0)),X2))) [superposition 1,1]
5. multiply(X3,inverse(multiply(multiply(multiply(inverse(X4),X4),inverse(X5)),X4))) = inverse(multiply(multiply(inverse(multiply(multiply(multiply(inverse(X0),X0),inverse(multiply(inverse(multiply(inverse(multiply(inverse(inverse(multiply(multiply(multiply(inverse(X1),X1),inverse(X2)),X1))),inverse(X1))),inverse(X0))),X2))),X0)),inverse(multiply(inverse(multiply(inverse(multiply(X3,inverse(X4))),inverse(inverse(multiply(multiply(multiply(inverse(X1),X1),inverse(X2)),X1))))),X5))),inverse(multiply(multiply(multiply(inverse(X1),X1),inverse(X2)),X1)))) [superposition 4,4]
15. inverse(multiply(multiply(multiply(inverse(X3),X3),inverse(multiply(inverse(multiply(inverse(multiply(X4,multiply(X0,inverse(multiply(multiply(multiply(inverse(X1),X1),inverse(X2)),X1))))),inverse(X3))),X6))),X3)) = multiply(X4,inverse(multiply(multiply(multiply(multiply(X0,inverse(multiply(multiply(multiply(inverse(X1),X1),inverse(X2)),X1))),multiply(multiply(multiply(inverse(X5),X5),inverse(multiply(inverse(multiply(inverse(multiply(X0,inverse(X1))),inverse(X5))),X2))),X5)),inverse(X6)),multiply(multiply(multiply(inverse(X5),X5),inverse(multiply(inverse(multiply(inverse(multiply(X0,inverse(X1))),inverse(X5))),X2))),X5)))) [superposition 4,4]
18. inverse(multiply(multiply(multiply(inverse(X1),X1),inverse(multiply(inverse(multiply(inverse(multiply(X2,inverse(X3))),inverse(X1))),multiply(multiply(multiply(inverse(X4),X4),inverse(multiply(inverse(multiply(multiply(inverse(X3),X3),inverse(X4))),X0))),X4)))),X1)) = multiply(X2,inverse(multiply(X0,X3))) [superposition 4,1]
24. multiply(inverse(multiply(X0,inverse(X1))),multiply(X0,inverse(multiply(multiply(multiply(inverse(X1),X1),inverse(X2)),X1)))) = X2 [superposition 1,4]
25. multiply(multiply(multiply(inverse(inverse(X3)),inverse(X3)),inverse(multiply(inverse(multiply(inverse(multiply(X0,inverse(X1))),inverse(inverse(X3)))),X2))),inverse(multiply(multiply(multiply(inverse(X3),X3),inverse(multiply(multiply(X0,inverse(multiply(multiply(multiply(inverse(X1),X1),inverse(X2)),X1))),X4))),X3))) = X4 [superposition 1,4]
26. multiply(X3,inverse(multiply(multiply(multiply(multiply(X0,inverse(multiply(multiply(multiply(inverse(X1),X1),inverse(X2)),X1))),multiply(multiply(multiply(inverse(X4),X4),inverse(multiply(inverse(multiply(inverse(multiply(X0,inverse(X1))),inverse(X4))),X2))),X4)),inverse(multiply(inverse(multiply(X3,multiply(X0,inverse(multiply(multiply(multiply(inverse(X1),X1),inverse(X2)),X1))))),X5))),multiply(multiply(multiply(inverse(X4),X4),inverse(multiply(inverse(multiply(inverse(multiply(X0,inverse(X1))),inverse(X4))),X2))),X4)))) = X5 [superposition 1,4]
29. multiply(X3,inverse(multiply(multiply(inverse(multiply(multiply(multiply(inverse(X0),X0),inverse(multiply(inverse(multiply(inverse(multiply(inverse(inverse(multiply(multiply(multiply(inverse(X1),X1),inverse(X2)),X1))),inverse(X1))),inverse(X0))),X2))),X0)),inverse(multiply(inverse(multiply(X3,inverse(inverse(multiply(multiply(multiply(inverse(X1),X1),inverse(X2)),X1))))),X4))),inverse(multiply(multiply(multiply(inverse(X1),X1),inverse(X2)),X1))))) = X4 [superposition 1,4]
48. inverse(multiply(multiply(multiply(inverse(X1),X1),inverse(multiply(inverse(multiply(inverse(multiply(X2,inverse(multiply(multiply(multiply(inverse(X3),X3),inverse(multiply(inverse(multiply(X2,inverse(X3))),X4))),X3)))),inverse(X1))),multiply(inverse(X4),X0)))),X1)) = X0 [superposition 4,3]
57. inverse(multiply(multiply(multiply(inverse(X1),X1),inverse(multiply(inverse(multiply(inverse(X4),inverse(X1))),multiply(inverse(X4),X0)))),X1)) = X0 [forward demodulation 48,1]
67. multiply(multiply(multiply(inverse(X3),X3),inverse(multiply(inverse(multiply(multiply(inverse(X2),X2),inverse(X3))),X0))),X3) = multiply(inverse(multiply(X1,inverse(X2))),multiply(X1,inverse(multiply(X0,X2)))) [superposition 24,1]
71. multiply(inverse(multiply(inverse(multiply(X0,inverse(X1))),inverse(X4))),X2) = multiply(inverse(multiply(X3,inverse(X4))),multiply(X3,multiply(X0,inverse(multiply(multiply(multiply(inverse(X1),X1),inverse(X2)),X1))))) [superposition 24,4]
84. inverse(multiply(multiply(multiply(inverse(X1),X1),inverse(multiply(inverse(multiply(X0,inverse(X1))),multiply(X0,X4)))),X1)) = X4 [superposition 57,57]
125. multiply(inverse(multiply(X1,inverse(X2))),multiply(X1,X0)) = multiply(inverse(multiply(X3,inverse(X2))),multiply(X3,X0)) [superposition 24,84]
205. multiply(inverse(multiply(X1,X0)),multiply(X1,X4)) = multiply(inverse(multiply(X5,X0)),multiply(X5,X4)) [superposition 125,84]
208. multiply(inverse(multiply(X1,inverse(multiply(multiply(multiply(inverse(multiply(multiply(multiply(inverse(X2),X2),inverse(multiply(inverse(multiply(X3,inverse(X2))),X4))),X2)),multiply(multiply(multiply(inverse(X2),X2),inverse(multiply(inverse(multiply(X3,inverse(X2))),X4))),X2)),inverse(multiply(inverse(X4),X0))),multiply(multiply(multiply(inverse(X2),X2),inverse(multiply(inverse(multiply(X3,inverse(X2))),X4))),X2))))),multiply(X1,X5)) = multiply(inverse(X0),multiply(X3,X5)) [superposition 125,3]
445. multiply(inverse(multiply(X3,multiply(X4,X2))),multiply(X3,X5)) = multiply(inverse(multiply(inverse(multiply(X0,X1)),multiply(X0,X2))),multiply(inverse(multiply(X4,X1)),X5)) [superposition 205,205]
451. multiply(inverse(multiply(X1,X2)),multiply(X1,X3)) = multiply(X0,multiply(multiply(multiply(inverse(X2),X2),inverse(multiply(inverse(multiply(X4,inverse(X2))),multiply(X4,X0)))),X3)) [superposition 205,84]
454. multiply(inverse(multiply(X4,X2)),X0) = multiply(inverse(multiply(X1,X2)),multiply(X1,inverse(multiply(multiply(multiply(inverse(multiply(multiply(multiply(inverse(X3),X3),inverse(multiply(inverse(multiply(X4,inverse(X3))),X5))),X3)),multiply(multiply(multiply(inverse(X3),X3),inverse(multiply(inverse(multiply(X4,inverse(X3))),X5))),X3)),inverse(multiply(inverse(X5),X0))),multiply(multiply(multiply(inverse(X3),X3),inverse(multiply(inverse(multiply(X4,inverse(X3))),X5))),X3))))) [superposition 205,3]
459. multiply(inverse(multiply(X3,X4)),multiply(X3,multiply(X5,X2))) = multiply(inverse(multiply(inverse(multiply(X5,X1)),X4)),multiply(inverse(multiply(X0,X1)),multiply(X0,X2))) [superposition 205,205]
1150. multiply(inverse(multiply(X1,multiply(X2,X3))),multiply(X1,inverse(multiply(multiply(multiply(inverse(multiply(multiply(multiply(inverse(X4),X4),inverse(multiply(inverse(multiply(inverse(multiply(X2,X5)),inverse(X4))),X6))),X4)),multiply(multiply(multiply(inverse(X4),X4),inverse(multiply(inverse(multiply(inverse(multiply(X2,X5)),inverse(X4))),X6))),X4)),inverse(multiply(inverse(X6),X0))),multiply(multiply(multiply(inverse(X4),X4),inverse(multiply(inverse(multiply(inverse(multiply(X2,X5)),inverse(X4))),X6))),X4))))) = multiply(inverse(multiply(inverse(multiply(X7,X5)),multiply(X7,X3))),X0) [superposition 445,3]
1227. multiply(inverse(multiply(inverse(multiply(X7,X5)),multiply(X7,X3))),X0) = multiply(inverse(multiply(inverse(multiply(X2,X5)),multiply(X2,X3))),X0) [forward demodulation 1150,454]
2746. multiply(inverse(multiply(X1,inverse(multiply(multiply(multiply(inverse(multiply(multiply(multiply(inverse(X2),X2),inverse(multiply(inverse(multiply(inverse(multiply(X3,X4)),inverse(X2))),X5))),X2)),multiply(multiply(multiply(inverse(X2),X2),inverse(multiply(inverse(multiply(inverse(multiply(X3,X4)),inverse(X2))),X5))),X2)),inverse(multiply(inverse(X5),X0))),multiply(multiply(multiply(inverse(X2),X2),inverse(multiply(inverse(multiply(inverse(multiply(X3,X4)),inverse(X2))),X5))),X2))))),multiply(X1,multiply(X3,X6))) = multiply(inverse(X0),multiply(inverse(multiply(X7,X4)),multiply(X7,X6))) [superposition 459,3]
3041. multiply(inverse(X0),multiply(inverse(multiply(X7,X4)),multiply(X7,X6))) = multiply(inverse(X0),multiply(inverse(multiply(X3,X4)),multiply(X3,X6))) [forward demodulation 2746,208]
3543. multiply(X0,multiply(inverse(multiply(X3,X4)),multiply(X3,X5))) = multiply(X0,multiply(inverse(multiply(X6,X4)),multiply(X6,X5))) [superposition 3041,84]
3791. multiply(X6,inverse(multiply(multiply(inverse(multiply(X7,X3)),multiply(X7,X4)),X0))) = inverse(multiply(multiply(multiply(inverse(X5),X5),inverse(multiply(inverse(multiply(inverse(multiply(X6,inverse(X0))),inverse(X5))),multiply(multiply(multiply(inverse(X1),X1),inverse(multiply(inverse(multiply(multiply(inverse(X0),X0),inverse(X1))),multiply(inverse(multiply(X2,X3)),multiply(X2,X4))))),X1)))),X5)) [superposition 18,3041]
3834. multiply(X6,inverse(multiply(multiply(inverse(multiply(X7,X3)),multiply(X7,X4)),X0))) = multiply(X6,inverse(multiply(multiply(inverse(multiply(X2,X3)),multiply(X2,X4)),X0))) [forward demodulation 3791,18]
7925. multiply(multiply(inverse(multiply(X6,X2)),multiply(X6,X3)),X4) = multiply(inverse(multiply(X5,inverse(X0))),multiply(X5,inverse(multiply(multiply(multiply(inverse(X0),X0),inverse(multiply(multiply(inverse(multiply(X1,X2)),multiply(X1,X3)),X4))),X0)))) [superposition 24,3834]
7968. inverse(multiply(multiply(inverse(multiply(X8,X4)),multiply(X8,X5)),X6)) = multiply(multiply(multiply(inverse(inverse(X7)),inverse(X7)),inverse(multiply(inverse(multiply(inverse(multiply(X0,inverse(X1))),inverse(inverse(X7)))),X2))),inverse(multiply(multiply(multiply(inverse(X7),X7),inverse(multiply(multiply(X0,inverse(multiply(multiply(multiply(inverse(X1),X1),inverse(X2)),X1))),inverse(multiply(multiply(inverse(multiply(X3,X4)),multiply(X3,X5)),X6))))),X7))) [superposition 25,3834]
7969. inverse(multiply(multiply(inverse(multiply(X3,X4)),multiply(X3,X5)),X6)) = inverse(multiply(multiply(inverse(multiply(X8,X4)),multiply(X8,X5)),X6)) [forward demodulation 7968,25]
7970. multiply(multiply(inverse(multiply(X1,X2)),multiply(X1,X3)),X4) = multiply(multiply(inverse(multiply(X6,X2)),multiply(X6,X3)),X4) [forward demodulation 7925,24]
11200. multiply(X3,inverse(multiply(multiply(multiply(inverse(X4),X4),inverse(multiply(inverse(multiply(X3,inverse(X4))),inverse(X2)))),X4))) = inverse(multiply(multiply(multiply(inverse(X2),X2),inverse(multiply(inverse(multiply(X0,X1)),multiply(X0,X1)))),X2)) [superposition 18,451]
11246. inverse(X2) = inverse(multiply(multiply(multiply(inverse(X2),X2),inverse(multiply(inverse(multiply(X0,X1)),multiply(X0,X1)))),X2)) [forward demodulation 11200,1]
12322. inverse(X1) = inverse(multiply(multiply(multiply(inverse(X1),X1),inverse(multiply(inverse(X0),X0))),X1)) [superposition 11246,24]
13665. multiply(inverse(X2),X2) = multiply(inverse(multiply(X1,inverse(X0))),multiply(X1,inverse(X0))) [superposition 24,12322]
13784. multiply(inverse(multiply(X1,inverse(X2))),multiply(X1,inverse(multiply(multiply(multiply(inverse(X2),X2),inverse(X0)),X2)))) = multiply(multiply(multiply(inverse(X0),X0),inverse(multiply(inverse(X3),X3))),X0) [superposition 24,12322]
13818. multiply(multiply(multiply(inverse(X0),X0),inverse(multiply(inverse(X3),X3))),X0) = X0 [forward demodulation 13784,24]
14591. multiply(inverse(X0),X0) = multiply(inverse(multiply(X1,X0)),multiply(X1,X0)) [superposition 451,13818]
16079. multiply(inverse(X3),X3) = multiply(multiply(X0,inverse(multiply(multiply(multiply(inverse(X1),X1),inverse(X2)),X1))),multiply(multiply(multiply(inverse(X3),X3),inverse(multiply(inverse(multiply(inverse(multiply(X0,inverse(X1))),inverse(X3))),X2))),X3)) [superposition 14591,4]
18965. multiply(inverse(X1),X1) = multiply(inverse(X0),X0) [superposition 13665,13665]
19039. multiply(multiply(multiply(inverse(multiply(X0,inverse(X1))),multiply(X0,inverse(X1))),inverse(multiply(inverse(X3),X3))),X2) = X2 [superposition 13818,13665]
19277. multiply(X1,multiply(inverse(X0),X0)) = multiply(X1,multiply(inverse(multiply(X4,inverse(X3))),multiply(X4,inverse(X3)))) [superposition 3543,13665]
19283. multiply(multiply(inverse(X0),X0),X3) = multiply(multiply(inverse(multiply(X1,inverse(X2))),multiply(X1,inverse(X2))),X3) [superposition 7970,13665]
19491. multiply(multiply(inverse(X0),X0),X3) = multiply(multiply(inverse(inverse(X2)),inverse(X2)),X3) [forward demodulation 19283,14591]
19497. multiply(X1,multiply(inverse(X0),X0)) = multiply(X1,multiply(inverse(inverse(X3)),inverse(X3))) [forward demodulation 19277,14591]
19691. multiply(multiply(multiply(inverse(inverse(X1)),inverse(X1)),inverse(multiply(inverse(X3),X3))),X2) = X2 [forward demodulation 19039,14591]
22107. multiply(multiply(multiply(inverse(X0),X0),inverse(multiply(inverse(X2),X2))),X1) = X1 [superposition 13818,18965]
22131. multiply(multiply(multiply(inverse(inverse(X1)),inverse(X1)),inverse(multiply(inverse(X0),X0))),inverse(multiply(multiply(multiply(inverse(X1),X1),inverse(multiply(multiply(X2,inverse(multiply(multiply(multiply(inverse(X3),X3),inverse(multiply(inverse(multiply(X2,inverse(X3))),inverse(inverse(X1))))),X3))),X4))),X1))) = X4 [superposition 25,18965]
22183. multiply(X1,multiply(inverse(X0),X0)) = multiply(X1,multiply(inverse(multiply(X4,X3)),multiply(X4,X3))) [superposition 3543,18965]
22187. inverse(multiply(multiply(inverse(X0),X0),X3)) = inverse(multiply(multiply(inverse(multiply(X1,X2)),multiply(X1,X2)),X3)) [superposition 7969,18965]
22189. multiply(multiply(inverse(X0),X0),X3) = multiply(multiply(inverse(multiply(X1,X2)),multiply(X1,X2)),X3) [superposition 7970,18965]
22338. multiply(multiply(inverse(X2),X2),X3) = multiply(multiply(inverse(X0),X0),X3) [forward demodulation 22189,14591]
22340. inverse(multiply(multiply(inverse(X2),X2),X3)) = inverse(multiply(multiply(inverse(X0),X0),X3)) [forward demodulation 22187,14591]
22344. multiply(X1,multiply(inverse(X0),X0)) = multiply(X1,multiply(inverse(X3),X3)) [forward demodulation 22183,14591]
22368. inverse(multiply(multiply(multiply(inverse(X1),X1),inverse(multiply(multiply(X2,inverse(multiply(multiply(multiply(inverse(X3),X3),inverse(multiply(inverse(multiply(X2,inverse(X3))),inverse(inverse(X1))))),X3))),X4))),X1)) = X4 [forward demodulation 22131,19691]
22497. inverse(multiply(multiply(multiply(inverse(X1),X1),inverse(multiply(inverse(inverse(X1)),X4))),X1)) = X4 [forward demodulation 22368,1]
32091. multiply(inverse(X2),X2) = multiply(inverse(multiply(inverse(X0),X0)),multiply(inverse(X1),X1)) [superposition 18965,22344]
32188. inverse(multiply(inverse(X0),X0)) = inverse(multiply(multiply(multiply(inverse(multiply(inverse(X0),X0)),multiply(inverse(X0),X0)),inverse(multiply(inverse(X1),X1))),multiply(inverse(X2),X2))) [superposition 12322,22344]
32261. inverse(multiply(inverse(X0),X0)) = inverse(multiply(inverse(X2),X2)) [forward demodulation 32188,22107]
40485. multiply(inverse(X2),X0) = multiply(inverse(multiply(X1,X2)),multiply(X1,X0)) [superposition 451,22107]
43568. multiply(inverse(inverse(multiply(multiply(multiply(inverse(X4),X4),inverse(X5)),X4))),X6) = multiply(inverse(inverse(multiply(multiply(inverse(multiply(multiply(multiply(inverse(X0),X0),inverse(multiply(inverse(multiply(inverse(multiply(inverse(inverse(multiply(multiply(multiply(inverse(X1),X1),inverse(X2)),X1))),inverse(X1))),inverse(X0))),X2))),X0)),inverse(multiply(inverse(multiply(inverse(multiply(X3,inverse(X4))),inverse(inverse(multiply(multiply(multiply(inverse(X1),X1),inverse(X2)),X1))))),X5))),inverse(multiply(multiply(multiply(inverse(X1),X1),inverse(X2)),X1))))),multiply(X3,X6)) [superposition 40485,5]
43584. multiply(inverse(X0),multiply(X4,X5)) = multiply(inverse(inverse(multiply(multiply(inverse(multiply(multiply(multiply(inverse(X1),X1),inverse(multiply(inverse(multiply(inverse(multiply(inverse(inverse(multiply(multiply(multiply(inverse(X2),X2),inverse(X3)),X2))),inverse(X2))),inverse(X1))),X3))),X1)),inverse(multiply(inverse(multiply(X4,inverse(inverse(multiply(multiply(multiply(inverse(X2),X2),inverse(X3)),X2))))),X0))),inverse(multiply(multiply(multiply(inverse(X2),X2),inverse(X3)),X2))))),X5) [superposition 40485,29]
43592. multiply(inverse(multiply(X1,inverse(multiply(multiply(multiply(inverse(X2),X2),inverse(X0)),X2)))),X3) = multiply(inverse(X0),multiply(inverse(multiply(X1,inverse(X2))),X3)) [superposition 40485,24]
43648. multiply(inverse(X1),X2) = multiply(inverse(multiply(inverse(X0),X0)),multiply(inverse(X1),X2)) [superposition 40485,32261]
43666. multiply(inverse(X6),inverse(multiply(multiply(multiply(inverse(X4),X4),inverse(X5)),X4))) = multiply(inverse(multiply(X3,X6)),inverse(multiply(multiply(inverse(multiply(multiply(multiply(inverse(X0),X0),inverse(multiply(inverse(multiply(inverse(multiply(inverse(inverse(multiply(multiply(multiply(inverse(X1),X1),inverse(X2)),X1))),inverse(X1))),inverse(X0))),X2))),X0)),inverse(multiply(inverse(multiply(inverse(multiply(X3,inverse(X4))),inverse(inverse(multiply(multiply(multiply(inverse(X1),X1),inverse(X2)),X1))))),X5))),inverse(multiply(multiply(multiply(inverse(X1),X1),inverse(X2)),X1))))) [superposition 40485,5]
43671. multiply(inverse(X1),inverse(multiply(multiply(multiply(inverse(multiply(multiply(multiply(inverse(X2),X2),inverse(multiply(inverse(multiply(X3,inverse(X2))),X4))),X2)),multiply(multiply(multiply(inverse(X2),X2),inverse(multiply(inverse(multiply(X3,inverse(X2))),X4))),X2)),inverse(multiply(inverse(X4),X0))),multiply(multiply(multiply(inverse(X2),X2),inverse(multiply(inverse(multiply(X3,inverse(X2))),X4))),X2)))) = multiply(inverse(multiply(X3,X1)),X0) [superposition 40485,3]
43682. multiply(inverse(X1),inverse(multiply(multiply(inverse(multiply(multiply(multiply(inverse(X2),X2),inverse(multiply(inverse(multiply(inverse(multiply(inverse(inverse(multiply(multiply(multiply(inverse(X3),X3),inverse(X4)),X3))),inverse(X3))),inverse(X2))),X4))),X2)),inverse(multiply(inverse(multiply(X5,inverse(inverse(multiply(multiply(multiply(inverse(X3),X3),inverse(X4)),X3))))),X0))),inverse(multiply(multiply(multiply(inverse(X3),X3),inverse(X4)),X3))))) = multiply(inverse(multiply(X5,X1)),X0) [superposition 40485,29]
43948. multiply(inverse(multiply(X3,X0)),inverse(multiply(multiply(multiply(multiply(X3,inverse(multiply(multiply(multiply(inverse(X1),X1),inverse(X2)),X1))),multiply(multiply(multiply(inverse(X4),X4),inverse(multiply(inverse(multiply(inverse(multiply(X3,inverse(X1))),inverse(X4))),X2))),X4)),inverse(multiply(inverse(multiply(inverse(X0),inverse(multiply(multiply(multiply(inverse(X1),X1),inverse(X2)),X1)))),X5))),multiply(multiply(multiply(inverse(X4),X4),inverse(multiply(inverse(multiply(inverse(multiply(X3,inverse(X1))),inverse(X4))),X2))),X4)))) = X5 [superposition 26,40485]
43959. multiply(inverse(X0),X1) = multiply(inverse(multiply(inverse(X1),X0)),multiply(inverse(X2),X2)) [superposition 22344,40485]
43972. multiply(inverse(multiply(X2,multiply(inverse(multiply(X3,X0)),X4))),multiply(X2,X5)) = multiply(inverse(multiply(inverse(multiply(X6,multiply(X3,X1))),multiply(X6,X4))),multiply(inverse(multiply(inverse(X0),X1)),X5)) [superposition 445,40485]
44055. multiply(inverse(multiply(X2,multiply(inverse(multiply(X3,X0)),X4))),multiply(X2,X5)) = multiply(inverse(multiply(inverse(multiply(X3,X1)),X4)),multiply(inverse(multiply(inverse(X0),X1)),X5)) [forward demodulation 43972,40485]
44076. multiply(inverse(multiply(X3,X0)),inverse(multiply(multiply(multiply(inverse(X4),X4),inverse(multiply(inverse(multiply(inverse(X0),inverse(multiply(multiply(multiply(inverse(X1),X1),inverse(X2)),X1)))),X5))),multiply(multiply(multiply(inverse(X4),X4),inverse(multiply(inverse(multiply(inverse(multiply(X3,inverse(X1))),inverse(X4))),X2))),X4)))) = X5 [forward demodulation 43948,16079]
44212. multiply(inverse(multiply(X3,X1)),X0) = multiply(inverse(X1),inverse(multiply(multiply(multiply(inverse(X2),X2),inverse(multiply(inverse(X4),X0))),multiply(multiply(multiply(inverse(X2),X2),inverse(multiply(inverse(multiply(X3,inverse(X2))),X4))),X2)))) [forward demodulation 43671,14591]
44214. multiply(inverse(X6),inverse(multiply(multiply(multiply(inverse(X4),X4),inverse(X5)),X4))) = multiply(inverse(multiply(inverse(multiply(X3,inverse(X4))),multiply(X3,X6))),X5) [forward demodulation 43666,43682]
44273. multiply(inverse(inverse(multiply(multiply(multiply(inverse(X4),X4),inverse(X5)),X4))),X6) = multiply(inverse(X5),multiply(inverse(multiply(X3,inverse(X4))),multiply(X3,X6))) [forward demodulation 43568,43584]
44294. multiply(inverse(multiply(inverse(multiply(X3,X1)),X4)),multiply(inverse(multiply(inverse(X0),X1)),X5)) = multiply(inverse(multiply(inverse(multiply(X3,X0)),X4)),X5) [forward demodulation 44055,40485]
44305. multiply(inverse(multiply(X3,X0)),inverse(multiply(multiply(multiply(inverse(X4),X4),inverse(multiply(inverse(X2),multiply(inverse(multiply(inverse(X0),inverse(X1))),X5)))),multiply(multiply(multiply(inverse(X4),X4),inverse(multiply(inverse(multiply(inverse(multiply(X3,inverse(X1))),inverse(X4))),X2))),X4)))) = X5 [forward demodulation 44076,43592]
44345. multiply(inverse(X6),inverse(multiply(multiply(multiply(inverse(X4),X4),inverse(X5)),X4))) = multiply(inverse(multiply(inverse(inverse(X4)),X6)),X5) [forward demodulation 44214,40485]
44377. multiply(inverse(inverse(multiply(multiply(multiply(inverse(X4),X4),inverse(X5)),X4))),X6) = multiply(inverse(X5),multiply(inverse(inverse(X4)),X6)) [forward demodulation 44273,40485]
44396. multiply(inverse(multiply(inverse(multiply(X3,inverse(X1))),multiply(X3,X0))),multiply(inverse(multiply(inverse(X0),inverse(X1))),X5)) = X5 [forward demodulation 44305,44212]
44412. multiply(inverse(multiply(inverse(multiply(X3,X0)),multiply(X3,X0))),X5) = X5 [forward demodulation 44396,44294]
44419. multiply(inverse(multiply(inverse(X0),X0)),X5) = X5 [forward demodulation 44412,14591]
47760. multiply(inverse(multiply(X1,X2)),multiply(X1,multiply(X3,X0))) = multiply(inverse(multiply(inverse(multiply(X3,X4)),X2)),multiply(inverse(multiply(inverse(multiply(inverse(X5),X5)),X4)),X0)) [superposition 459,44419]
47860. multiply(inverse(multiply(X1,X2)),multiply(X1,multiply(X3,X0))) = multiply(inverse(multiply(inverse(multiply(X3,multiply(inverse(X5),X5))),X2)),X0) [forward demodulation 47760,44294]
48161. multiply(inverse(X2),multiply(X3,X0)) = multiply(inverse(multiply(inverse(multiply(X3,multiply(inverse(X5),X5))),X2)),X0) [forward demodulation 47860,40485]
55438. inverse(multiply(multiply(multiply(inverse(X4),X4),inverse(multiply(inverse(multiply(inverse(multiply(X5,multiply(inverse(inverse(multiply(multiply(multiply(inverse(X2),X2),inverse(X3)),X2))),inverse(multiply(multiply(multiply(inverse(X2),X2),inverse(X3)),X2))))),inverse(X4))),X6))),X4)) = multiply(X5,inverse(multiply(multiply(multiply(multiply(inverse(X0),X0),multiply(multiply(multiply(inverse(X1),X1),inverse(multiply(inverse(multiply(inverse(multiply(inverse(inverse(multiply(multiply(multiply(inverse(X2),X2),inverse(X3)),X2))),inverse(X2))),inverse(X1))),X3))),X1)),inverse(X6)),multiply(multiply(multiply(inverse(X1),X1),inverse(multiply(inverse(multiply(inverse(multiply(inverse(inverse(multiply(multiply(multiply(inverse(X2),X2),inverse(X3)),X2))),inverse(X2))),inverse(X1))),X3))),X1)))) [superposition 15,19491]
55440. multiply(X4,inverse(multiply(multiply(multiply(multiply(inverse(X0),X0),multiply(multiply(multiply(inverse(X1),X1),inverse(multiply(inverse(multiply(inverse(multiply(inverse(inverse(multiply(multiply(multiply(inverse(X2),X2),inverse(X3)),X2))),inverse(X2))),inverse(X1))),X3))),X1)),inverse(multiply(inverse(multiply(X4,multiply(inverse(inverse(multiply(multiply(multiply(inverse(X2),X2),inverse(X3)),X2))),inverse(multiply(multiply(multiply(inverse(X2),X2),inverse(X3)),X2))))),X5))),multiply(multiply(multiply(inverse(X1),X1),inverse(multiply(inverse(multiply(inverse(multiply(inverse(inverse(multiply(multiply(multiply(inverse(X2),X2),inverse(X3)),X2))),inverse(X2))),inverse(X1))),X3))),X1)))) = X5 [superposition 26,19491]
55626. multiply(X4,inverse(multiply(multiply(multiply(multiply(inverse(X0),X0),multiply(multiply(multiply(inverse(X1),X1),inverse(multiply(inverse(multiply(inverse(multiply(inverse(X3),multiply(inverse(inverse(X2)),inverse(X2)))),inverse(X1))),X3))),X1)),inverse(multiply(inverse(multiply(X4,multiply(inverse(inverse(multiply(multiply(multiply(inverse(X2),X2),inverse(X3)),X2))),inverse(multiply(multiply(multiply(inverse(X2),X2),inverse(X3)),X2))))),X5))),multiply(multiply(multiply(inverse(X1),X1),inverse(multiply(inverse(multiply(inverse(multiply(inverse(X3),multiply(inverse(inverse(X2)),inverse(X2)))),inverse(X1))),X3))),X1)))) = X5 [forward demodulation 55440,44377]
55628. inverse(multiply(multiply(multiply(inverse(X4),X4),inverse(multiply(inverse(multiply(inverse(multiply(X5,multiply(inverse(inverse(multiply(multiply(multiply(inverse(X2),X2),inverse(X3)),X2))),inverse(multiply(multiply(multiply(inverse(X2),X2),inverse(X3)),X2))))),inverse(X4))),X6))),X4)) = multiply(X5,inverse(multiply(multiply(multiply(multiply(inverse(X0),X0),multiply(multiply(multiply(inverse(X1),X1),inverse(multiply(inverse(multiply(inverse(multiply(inverse(X3),multiply(inverse(inverse(X2)),inverse(X2)))),inverse(X1))),X3))),X1)),inverse(X6)),multiply(multiply(multiply(inverse(X1),X1),inverse(multiply(inverse(multiply(inverse(multiply(inverse(X3),multiply(inverse(inverse(X2)),inverse(X2)))),inverse(X1))),X3))),X1)))) [forward demodulation 55438,44377]
55834. multiply(X4,inverse(multiply(multiply(multiply(multiply(inverse(X0),X0),multiply(multiply(multiply(inverse(X1),X1),inverse(multiply(inverse(inverse(X1)),multiply(inverse(X3),X3)))),X1)),inverse(multiply(inverse(multiply(X4,multiply(inverse(inverse(multiply(multiply(multiply(inverse(X2),X2),inverse(X3)),X2))),inverse(multiply(multiply(multiply(inverse(X2),X2),inverse(X3)),X2))))),X5))),multiply(multiply(multiply(inverse(X1),X1),inverse(multiply(inverse(inverse(X1)),multiply(inverse(X3),X3)))),X1)))) = X5 [forward demodulation 55626,48161]
55836. inverse(multiply(multiply(multiply(inverse(X4),X4),inverse(multiply(inverse(multiply(inverse(multiply(X5,multiply(inverse(inverse(multiply(multiply(multiply(inverse(X2),X2),inverse(X3)),X2))),inverse(multiply(multiply(multiply(inverse(X2),X2),inverse(X3)),X2))))),inverse(X4))),X6))),X4)) = multiply(X5,inverse(multiply(multiply(multiply(multiply(inverse(X0),X0),multiply(multiply(multiply(inverse(X1),X1),inverse(multiply(inverse(inverse(X1)),multiply(inverse(X3),X3)))),X1)),inverse(X6)),multiply(multiply(multiply(inverse(X1),X1),inverse(multiply(inverse(inverse(X1)),multiply(inverse(X3),X3)))),X1)))) [forward demodulation 55628,48161]
55945. multiply(X4,inverse(multiply(multiply(multiply(multiply(inverse(X0),X0),multiply(multiply(multiply(inverse(X1),X1),inverse(multiply(inverse(inverse(X1)),multiply(inverse(X3),X3)))),X1)),inverse(multiply(inverse(multiply(X4,multiply(inverse(multiply(inverse(inverse(X2)),inverse(multiply(multiply(multiply(inverse(X2),X2),inverse(X3)),X2)))),X3))),X5))),multiply(multiply(multiply(inverse(X1),X1),inverse(multiply(inverse(inverse(X1)),multiply(inverse(X3),X3)))),X1)))) = X5 [forward demodulation 55834,44345]
55947. multiply(X5,inverse(multiply(multiply(multiply(multiply(inverse(X0),X0),multiply(multiply(multiply(inverse(X1),X1),inverse(multiply(inverse(inverse(X1)),multiply(inverse(X3),X3)))),X1)),inverse(X6)),multiply(multiply(multiply(inverse(X1),X1),inverse(multiply(inverse(inverse(X1)),multiply(inverse(X3),X3)))),X1)))) = inverse(multiply(multiply(multiply(inverse(X4),X4),inverse(multiply(inverse(inverse(X4)),multiply(X5,X6)))),X4)) [forward demodulation 55836,48161]
56004. multiply(X4,inverse(multiply(multiply(multiply(multiply(inverse(X0),X0),multiply(multiply(multiply(inverse(X1),X1),inverse(multiply(inverse(inverse(X1)),multiply(inverse(X3),X3)))),X1)),inverse(multiply(inverse(multiply(X4,multiply(inverse(X3),multiply(inverse(multiply(inverse(inverse(X2)),inverse(X2))),X3)))),X5))),multiply(multiply(multiply(inverse(X1),X1),inverse(multiply(inverse(inverse(X1)),multiply(inverse(X3),X3)))),X1)))) = X5 [forward demodulation 55945,43592]
56006. multiply(X5,X6) = multiply(X5,inverse(multiply(multiply(multiply(multiply(inverse(X0),X0),multiply(multiply(multiply(inverse(X1),X1),inverse(multiply(inverse(inverse(X1)),multiply(inverse(X3),X3)))),X1)),inverse(X6)),multiply(multiply(multiply(inverse(X1),X1),inverse(multiply(inverse(inverse(X1)),multiply(inverse(X3),X3)))),X1)))) [forward demodulation 55947,22497]
56019. multiply(X4,inverse(multiply(multiply(multiply(multiply(inverse(X0),X0),multiply(multiply(multiply(inverse(X1),X1),inverse(multiply(inverse(inverse(X1)),multiply(inverse(X3),X3)))),X1)),inverse(multiply(inverse(multiply(X4,multiply(inverse(X3),X3))),X5))),multiply(multiply(multiply(inverse(X1),X1),inverse(multiply(inverse(inverse(X1)),multiply(inverse(X3),X3)))),X1)))) = X5 [forward demodulation 56004,44419]
56031. multiply(X4,multiply(inverse(multiply(X4,multiply(inverse(X3),X3))),X5)) = X5 [forward demodulation 56019,56006]
73321. multiply(inverse(multiply(X2,inverse(X3))),multiply(X2,inverse(multiply(multiply(multiply(inverse(multiply(inverse(X0),X0)),multiply(inverse(X1),X1)),inverse(X4)),X3)))) = X4 [superposition 24,32091]
73855. multiply(inverse(inverse(X3)),inverse(multiply(multiply(multiply(inverse(multiply(inverse(X0),X0)),multiply(inverse(X1),X1)),inverse(X4)),X3))) = X4 [forward demodulation 73321,40485]
74053. multiply(inverse(inverse(X3)),inverse(multiply(multiply(multiply(inverse(X1),X1),inverse(X4)),X3))) = X4 [forward demodulation 73855,43648]
79686. multiply(multiply(multiply(inverse(X1),X1),inverse(multiply(inverse(multiply(multiply(inverse(X0),X0),inverse(X1))),X3))),X1) = multiply(inverse(multiply(X4,inverse(X2))),multiply(X4,inverse(multiply(X3,X2)))) [superposition 67,22340]
79710. multiply(multiply(multiply(inverse(X0),X0),inverse(multiply(inverse(multiply(multiply(inverse(X1),X1),inverse(X2))),X3))),X2) = multiply(inverse(multiply(X4,inverse(X1))),multiply(X4,inverse(multiply(X3,X1)))) [superposition 67,22338]
79798. multiply(multiply(inverse(X1),X1),inverse(multiply(inverse(multiply(X0,inverse(X1))),multiply(X0,inverse(multiply(X2,X1)))))) = X2 [superposition 1,67]
79799. inverse(multiply(inverse(multiply(X0,inverse(X1))),multiply(X0,inverse(multiply(multiply(multiply(inverse(X1),X1),X2),X1))))) = X2 [superposition 84,67]
79907. inverse(multiply(inverse(inverse(X1)),inverse(multiply(multiply(multiply(inverse(X1),X1),X2),X1)))) = X2 [forward demodulation 79799,40485]
79908. multiply(multiply(inverse(X1),X1),inverse(multiply(inverse(inverse(X1)),inverse(multiply(X2,X1))))) = X2 [forward demodulation 79798,40485]
79981. multiply(multiply(multiply(inverse(X0),X0),inverse(multiply(inverse(multiply(multiply(inverse(X1),X1),inverse(X2))),X3))),X2) = multiply(inverse(inverse(X1)),inverse(multiply(X3,X1))) [forward demodulation 79710,40485]
79999. multiply(multiply(multiply(inverse(X1),X1),inverse(multiply(inverse(multiply(multiply(inverse(X0),X0),inverse(X1))),X3))),X1) = multiply(inverse(inverse(X2)),inverse(multiply(X3,X2))) [forward demodulation 79686,40485]
80087. multiply(inverse(inverse(X2)),inverse(multiply(X3,X2))) = multiply(inverse(inverse(X0)),inverse(multiply(X3,X0))) [forward demodulation 79999,79981]
80163. inverse(multiply(inverse(inverse(X2)),inverse(multiply(multiply(multiply(inverse(X0),X0),X1),X2)))) = X1 [superposition 79907,22338]
80730. multiply(multiply(inverse(X2),X2),inverse(multiply(inverse(inverse(X1)),inverse(multiply(X0,X1))))) = X0 [superposition 22338,79908]
81499. multiply(X0,multiply(inverse(inverse(X2)),X3)) = multiply(inverse(inverse(multiply(multiply(multiply(inverse(X1),X1),X0),X2))),X3) [superposition 40485,80163]
83277. multiply(inverse(X1),inverse(multiply(multiply(multiply(inverse(X2),X2),inverse(X0)),X3))) = multiply(inverse(multiply(inverse(inverse(X3)),X1)),X0) [superposition 40485,74053]
88714. multiply(inverse(inverse(X3)),inverse(multiply(X4,X3))) = multiply(inverse(inverse(multiply(multiply(multiply(inverse(X1),X1),inverse(multiply(inverse(multiply(X5,inverse(X1))),multiply(X5,X4)))),X2))),inverse(multiply(inverse(multiply(X0,X1)),multiply(X0,X2)))) [superposition 80087,451]
88890. multiply(inverse(multiply(X2,X3)),multiply(X2,multiply(X4,inverse(multiply(X1,X5))))) = multiply(inverse(multiply(inverse(multiply(X4,X6)),X3)),multiply(inverse(multiply(inverse(inverse(X5)),X6)),multiply(inverse(inverse(X0)),inverse(multiply(X1,X0))))) [superposition 459,80087]
88969. multiply(inverse(multiply(X2,X3)),multiply(X2,multiply(X4,inverse(multiply(X1,X5))))) = multiply(inverse(multiply(inverse(multiply(X4,inverse(X5))),X3)),multiply(inverse(inverse(X0)),inverse(multiply(X1,X0)))) [forward demodulation 88890,44294]
89100. multiply(inverse(inverse(X3)),inverse(multiply(X4,X3))) = multiply(inverse(multiply(inverse(multiply(X5,inverse(X1))),multiply(X5,X4))),multiply(inverse(inverse(X2)),inverse(multiply(inverse(multiply(X0,X1)),multiply(X0,X2))))) [forward demodulation 88714,81499]
89223. multiply(inverse(multiply(inverse(multiply(X4,inverse(X5))),X3)),multiply(inverse(inverse(X0)),inverse(multiply(X1,X0)))) = multiply(inverse(X3),multiply(X4,inverse(multiply(X1,X5)))) [forward demodulation 88969,40485]
89284. multiply(inverse(inverse(X3)),inverse(multiply(X4,X3))) = multiply(inverse(multiply(inverse(multiply(X5,inverse(X1))),multiply(X5,X4))),multiply(inverse(inverse(X2)),inverse(multiply(inverse(X1),X2)))) [forward demodulation 89100,40485]
89372. multiply(inverse(inverse(X3)),inverse(multiply(X4,X3))) = multiply(inverse(multiply(X5,X4)),multiply(X5,inverse(multiply(inverse(X1),X1)))) [forward demodulation 89284,89223]
89378. multiply(inverse(inverse(X3)),inverse(multiply(X4,X3))) = multiply(inverse(X4),inverse(multiply(inverse(X1),X1))) [forward demodulation 89372,40485]
92928. inverse(multiply(X0,X2)) = inverse(multiply(multiply(multiply(inverse(X2),X2),inverse(multiply(inverse(X0),inverse(multiply(inverse(X1),X1))))),X2)) [superposition 22497,89378]
93095. inverse(multiply(inverse(X3),X3)) = multiply(X1,inverse(multiply(multiply(multiply(inverse(X2),X2),inverse(multiply(inverse(inverse(X0)),inverse(multiply(multiply(X1,inverse(X2)),X0))))),X2))) [superposition 1,89378]
93253. inverse(multiply(inverse(X3),X3)) = multiply(X1,inverse(multiply(multiply(X1,inverse(X2)),X2))) [forward demodulation 93095,80730]
94100. inverse(multiply(multiply(X2,inverse(X3)),X3)) = inverse(multiply(multiply(multiply(inverse(X1),X1),inverse(multiply(inverse(multiply(X2,inverse(X1))),inverse(multiply(inverse(X0),X0))))),X1)) [superposition 84,93253]
94316. inverse(multiply(multiply(X2,inverse(X3)),X3)) = inverse(multiply(multiply(X2,inverse(X1)),X1)) [forward demodulation 94100,92928]
95449. multiply(inverse(inverse(X2)),inverse(multiply(multiply(multiply(inverse(X0),X0),inverse(X1)),X1))) = X2 [superposition 74053,94316]
95673. multiply(inverse(multiply(inverse(inverse(X1)),inverse(X2))),X1) = X2 [forward demodulation 95449,83277]
96033. multiply(X0,X1) = multiply(multiply(multiply(inverse(X2),X2),X0),X1) [superposition 95673,80163]
96085. multiply(inverse(inverse(X0)),inverse(multiply(inverse(X1),X1))) = X0 [superposition 43959,95673]
96597. inverse(X0) = multiply(multiply(inverse(X1),X1),inverse(X0)) [superposition 80730,96085]
96609. multiply(inverse(inverse(X1)),inverse(multiply(inverse(X0),X1))) = X0 [superposition 89378,96085]
97133. inverse(multiply(multiply(multiply(inverse(X0),X0),inverse(multiply(inverse(inverse(X0)),multiply(multiply(inverse(X1),X1),X2)))),X0)) = X2 [superposition 84,96597]
97294. multiply(multiply(inverse(X1),X1),X2) = X2 [forward demodulation 97133,22497]
97571. inverse(X0) = inverse(multiply(multiply(inverse(inverse(X0)),inverse(X1)),X1)) [superposition 94316,97294]
98543. inverse(multiply(multiply(inverse(inverse(X1)),inverse(X2)),X2)) = inverse(multiply(X0,multiply(inverse(X0),X1))) [superposition 94316,96609]
98598. multiply(inverse(X0),multiply(inverse(inverse(X1)),X2)) = multiply(inverse(inverse(multiply(inverse(X0),X1))),X2) [superposition 40485,96609]
98661. inverse(X1) = inverse(multiply(X0,multiply(inverse(X0),X1))) [forward demodulation 98543,97571]
98999. inverse(inverse(X0)) = inverse(multiply(inverse(X0),multiply(inverse(X1),X1))) [superposition 98661,19497]
99030. multiply(X0,multiply(inverse(X0),X1)) = X1 [superposition 56031,98661]
99055. multiply(inverse(X0),multiply(X1,X2)) = multiply(inverse(multiply(inverse(X1),X0)),X2) [superposition 40485,98661]
99070. inverse(multiply(inverse(inverse(multiply(inverse(multiply(multiply(inverse(X1),X1),X2)),X0))),inverse(X0))) = X2 [superposition 80163,98661]
99251. inverse(multiply(inverse(multiply(multiply(inverse(X1),X1),X2)),multiply(inverse(inverse(X0)),inverse(X0)))) = X2 [forward demodulation 99070,98598]
99410. inverse(inverse(multiply(multiply(inverse(X1),X1),X2))) = X2 [forward demodulation 99251,98999]
99490. inverse(inverse(X2)) = X2 [forward demodulation 99410,97294]
99670. multiply(inverse(multiply(inverse(X0),inverse(X1))),inverse(X0)) = X1 [superposition 95673,99490]
99678. inverse(X0) = multiply(inverse(inverse(X1)),inverse(multiply(X0,X1))) [superposition 96609,99490]
99681. inverse(X0) = multiply(X1,inverse(multiply(X0,X1))) [forward demodulation 99678,99490]
99684. multiply(inverse(inverse(X1)),multiply(X0,inverse(X0))) = X1 [forward demodulation 99670,99055]
99797. multiply(X1,multiply(X0,inverse(X0))) = X1 [forward demodulation 99684,99490]
99903. multiply(inverse(X0),multiply(X0,X1)) = X1 [superposition 99030,99490]
99933. inverse(multiply(X1,X2)) = multiply(inverse(X2),multiply(inverse(inverse(X0)),inverse(multiply(X1,X0)))) [superposition 99030,80087]
99934. multiply(X1,inverse(multiply(multiply(multiply(inverse(X2),X2),inverse(X0)),X2))) = multiply(multiply(X1,inverse(X2)),X0) [superposition 99030,24]
99966. multiply(X3,multiply(inverse(multiply(X0,X1)),multiply(X0,X2))) = multiply(multiply(multiply(inverse(X1),X1),inverse(multiply(inverse(multiply(X4,inverse(X1))),multiply(X4,inverse(X3))))),X2) [superposition 99030,451]
100009. multiply(inverse(multiply(X2,inverse(X3))),inverse(multiply(multiply(multiply(inverse(X0),X0),inverse(X1)),X0))) = multiply(inverse(multiply(inverse(multiply(inverse(X2),inverse(X0))),inverse(X3))),X1) [superposition 71,99030]
100071. multiply(inverse(multiply(X2,X1)),X0) = multiply(inverse(X1),multiply(inverse(X2),X0)) [superposition 40485,99030]
100082. inverse(multiply(inverse(X0),X1)) = multiply(inverse(X1),X0) [superposition 43959,99030]
100250. multiply(inverse(multiply(X2,inverse(X3))),inverse(multiply(multiply(multiply(inverse(X0),X0),inverse(X1)),X0))) = multiply(inverse(inverse(X3)),multiply(multiply(inverse(X2),inverse(X0)),X1)) [forward demodulation 100009,99055]
100279. multiply(X3,multiply(inverse(multiply(X0,X1)),multiply(X0,X2))) = multiply(inverse(multiply(inverse(multiply(X4,inverse(X1))),multiply(X4,inverse(X3)))),X2) [forward demodulation 99966,96033]
100305. multiply(multiply(X1,inverse(X2)),X0) = multiply(X1,inverse(multiply(inverse(X0),X2))) [forward demodulation 99934,96033]
100306. inverse(multiply(X1,X2)) = multiply(inverse(multiply(inverse(X0),X2)),inverse(multiply(X1,X0))) [forward demodulation 99933,100071]
100420. multiply(inverse(multiply(X2,inverse(X3))),inverse(multiply(multiply(multiply(inverse(X0),X0),inverse(X1)),X0))) = multiply(X3,multiply(multiply(inverse(X2),inverse(X0)),X1)) [forward demodulation 100250,99490]
100436. multiply(X3,multiply(inverse(multiply(X0,X1)),multiply(X0,X2))) = multiply(inverse(multiply(X4,inverse(X3))),multiply(multiply(X4,inverse(X1)),X2)) [forward demodulation 100279,99055]
100444. multiply(multiply(X1,inverse(X2)),X0) = multiply(X1,multiply(inverse(X2),X0)) [forward demodulation 100305,100082]
100445. inverse(multiply(X1,X2)) = multiply(inverse(X2),multiply(X0,inverse(multiply(X1,X0)))) [forward demodulation 100306,99055]
100499. multiply(X3,multiply(multiply(inverse(X2),inverse(X0)),X1)) = multiply(inverse(multiply(inverse(inverse(X0)),multiply(X2,inverse(X3)))),X1) [forward demodulation 100420,44345]
100507. multiply(X3,multiply(inverse(X1),X2)) = multiply(inverse(multiply(X4,inverse(X3))),multiply(multiply(X4,inverse(X1)),X2)) [forward demodulation 100436,40485]
100510. multiply(inverse(X2),inverse(X1)) = inverse(multiply(X1,X2)) [forward demodulation 100445,99681]
100533. multiply(X3,multiply(multiply(inverse(X2),inverse(X0)),X1)) = multiply(inverse(multiply(X2,inverse(X3))),multiply(inverse(X0),X1)) [forward demodulation 100499,99055]
100539. multiply(X3,multiply(inverse(X1),X2)) = multiply(inverse(multiply(X4,inverse(X3))),multiply(X4,multiply(inverse(X1),X2))) [forward demodulation 100507,100444]
100548. multiply(X3,multiply(multiply(inverse(X2),inverse(X0)),X1)) = multiply(inverse(multiply(X0,multiply(X2,inverse(X3)))),X1) [forward demodulation 100533,100071]
100554. multiply(inverse(inverse(X3)),multiply(inverse(X1),X2)) = multiply(X3,multiply(inverse(X1),X2)) [forward demodulation 100539,40485]
100558. multiply(inverse(multiply(X0,multiply(X2,inverse(X3)))),X1) = multiply(X3,multiply(inverse(X2),multiply(inverse(X0),X1))) [forward demodulation 100548,100444]
100560. multiply(X3,multiply(inverse(X1),X2)) = multiply(inverse(multiply(X1,inverse(X3))),X2) [forward demodulation 100554,100071]
100564. multiply(inverse(multiply(X0,multiply(X2,inverse(X3)))),X1) = multiply(X3,multiply(inverse(multiply(X0,X2)),X1)) [forward demodulation 100558,100071]
101417. inverse(multiply(X0,inverse(X1))) = multiply(inverse(multiply(X2,inverse(X1))),multiply(X2,inverse(X0))) [superposition 125,99797]
101429. multiply(inverse(multiply(inverse(multiply(X2,X1)),multiply(X2,inverse(X0)))),X3) = multiply(inverse(inverse(multiply(X0,X1))),X3) [superposition 1227,99797]
101735. multiply(multiply(X0,X1),X3) = multiply(inverse(multiply(inverse(multiply(X2,X1)),multiply(X2,inverse(X0)))),X3) [forward demodulation 101429,99490]
101747. inverse(multiply(X0,inverse(X1))) = multiply(X1,multiply(inverse(X2),multiply(X2,inverse(X0)))) [forward demodulation 101417,100560]
102015. multiply(multiply(X0,X1),X3) = multiply(X0,multiply(inverse(multiply(inverse(multiply(X2,X1)),X2)),X3)) [forward demodulation 101735,100564]
102025. inverse(multiply(X0,inverse(X1))) = multiply(X1,inverse(X0)) [forward demodulation 101747,99903]
102220. multiply(multiply(X0,X1),X3) = multiply(X0,multiply(inverse(X2),multiply(multiply(X2,X1),X3))) [forward demodulation 102015,99055]
102689. multiply(inverse(inverse(multiply(X1,X0))),inverse(X0)) = X1 [superposition 96609,99903]
102869. inverse(multiply(X0,inverse(multiply(X1,X0)))) = X1 [forward demodulation 102689,100510]
103059. multiply(multiply(X1,X0),inverse(X0)) = X1 [forward demodulation 102869,102025]
106297. multiply(X1,multiply(inverse(multiply(X2,inverse(X3))),multiply(X2,X4))) = multiply(X1,multiply(inverse(X0),multiply(multiply(X0,X3),X4))) [superposition 3543,103059]
106339. multiply(X1,multiply(inverse(multiply(X2,inverse(X3))),multiply(X2,X4))) = multiply(multiply(X1,X3),X4) [forward demodulation 106297,102220]
106562. multiply(multiply(X1,X3),X4) = multiply(X1,multiply(X3,multiply(inverse(X2),multiply(X2,X4)))) [forward demodulation 106339,100560]
106731. multiply(X1,multiply(X3,X4)) = multiply(multiply(X1,X3),X4) [forward demodulation 106562,99903]
167929. multiply(a3,multiply(b3,c3)) != multiply(a3,multiply(b3,c3)) [superposition 2,106731]
168069. $false [trivial inequality removal 167929]
% SZS output end Proof for GRP414-1_clausified
% ------------------------------
% Version: Vampire 5.0.0 (Release build, commit 2e2c9b7b8 on 2026-01-17 12:24:14 +0100)
% Linked with Z3 4.14.0.0 3c47fd96cf5645d0c42b2c819d9e9a84380aa721 z3-4.8.4-9178-g3c47fd96c
% CaDiCaL version: 2.1.3
% Termination reason: Refutation
% Time elapsed: 4.926 s
% Peak memory usage: 136 MB
% Instructions burned: 24158 (million)
% ------------------------------
% ------------------------------
