% Running in auto input_syntax mode. Trying TPTP
% Refutation found. Thanks to Tanya!
% SZS status Unsatisfiable for GRP414-1
% SZS output start Proof for GRP414-1
1. multiply(X0,inverse(multiply(multiply(multiply(inverse(X1),X1),inverse(multiply(inverse(multiply(X0,inverse(X1))),X2))),X1))) = X2 [input(axiom)]
2. multiply(multiply(a3,b3),c3) != multiply(a3,multiply(b3,c3)) [input(negated conjecture)]
3. multiply(X1,inverse(multiply(multiply(multiply(inverse(multiply(multiply(multiply(inverse(X2),X2),inverse(multiply(inverse(multiply(X1,inverse(X2))),X0))),X2)),multiply(multiply(multiply(inverse(X2),X2),inverse(multiply(inverse(multiply(X1,inverse(X2))),X0))),X2)),inverse(multiply(inverse(X0),X3))),multiply(multiply(multiply(inverse(X2),X2),inverse(multiply(inverse(multiply(X1,inverse(X2))),X0))),X2)))) = X3 [superposition 1,1]
4. inverse(multiply(multiply(multiply(inverse(X3),X3),inverse(multiply(inverse(multiply(inverse(multiply(X1,inverse(X2))),inverse(X3))),X0))),X3)) = multiply(X1,inverse(multiply(multiply(multiply(inverse(X2),X2),inverse(X0)),X2))) [superposition 1,1]
5. multiply(X3,inverse(multiply(multiply(multiply(inverse(X4),X4),inverse(X5)),X4))) = inverse(multiply(multiply(inverse(multiply(multiply(multiply(inverse(X0),X0),inverse(multiply(inverse(multiply(inverse(multiply(inverse(inverse(multiply(multiply(multiply(inverse(X1),X1),inverse(X2)),X1))),inverse(X1))),inverse(X0))),X2))),X0)),inverse(multiply(inverse(multiply(inverse(multiply(X3,inverse(X4))),inverse(inverse(multiply(multiply(multiply(inverse(X1),X1),inverse(X2)),X1))))),X5))),inverse(multiply(multiply(multiply(inverse(X1),X1),inverse(X2)),X1)))) [superposition 4,4]
15. inverse(multiply(multiply(multiply(inverse(X3),X3),inverse(multiply(inverse(multiply(inverse(multiply(X4,multiply(X0,inverse(multiply(multiply(multiply(inverse(X1),X1),inverse(X2)),X1))))),inverse(X3))),X6))),X3)) = multiply(X4,inverse(multiply(multiply(multiply(multiply(X0,inverse(multiply(multiply(multiply(inverse(X1),X1),inverse(X2)),X1))),multiply(multiply(multiply(inverse(X5),X5),inverse(multiply(inverse(multiply(inverse(multiply(X0,inverse(X1))),inverse(X5))),X2))),X5)),inverse(X6)),multiply(multiply(multiply(inverse(X5),X5),inverse(multiply(inverse(multiply(inverse(multiply(X0,inverse(X1))),inverse(X5))),X2))),X5)))) [superposition 4,4]
18. inverse(multiply(multiply(multiply(inverse(X1),X1),inverse(multiply(inverse(multiply(inverse(multiply(X2,inverse(X3))),inverse(X1))),multiply(multiply(multiply(inverse(X4),X4),inverse(multiply(inverse(multiply(multiply(inverse(X3),X3),inverse(X4))),X0))),X4)))),X1)) = multiply(X2,inverse(multiply(X0,X3))) [superposition 4,1]
24. multiply(inverse(multiply(X0,inverse(X1))),multiply(X0,inverse(multiply(multiply(multiply(inverse(X1),X1),inverse(X2)),X1)))) = X2 [superposition 1,4]
25. multiply(multiply(multiply(inverse(inverse(X3)),inverse(X3)),inverse(multiply(inverse(multiply(inverse(multiply(X0,inverse(X1))),inverse(inverse(X3)))),X2))),inverse(multiply(multiply(multiply(inverse(X3),X3),inverse(multiply(multiply(X0,inverse(multiply(multiply(multiply(inverse(X1),X1),inverse(X2)),X1))),X4))),X3))) = X4 [superposition 1,4]
26. multiply(X3,inverse(multiply(multiply(multiply(multiply(X0,inverse(multiply(multiply(multiply(inverse(X1),X1),inverse(X2)),X1))),multiply(multiply(multiply(inverse(X4),X4),inverse(multiply(inverse(multiply(inverse(multiply(X0,inverse(X1))),inverse(X4))),X2))),X4)),inverse(multiply(inverse(multiply(X3,multiply(X0,inverse(multiply(multiply(multiply(inverse(X1),X1),inverse(X2)),X1))))),X5))),multiply(multiply(multiply(inverse(X4),X4),inverse(multiply(inverse(multiply(inverse(multiply(X0,inverse(X1))),inverse(X4))),X2))),X4)))) = X5 [superposition 1,4]
29. multiply(X3,inverse(multiply(multiply(inverse(multiply(multiply(multiply(inverse(X0),X0),inverse(multiply(inverse(multiply(inverse(multiply(inverse(inverse(multiply(multiply(multiply(inverse(X1),X1),inverse(X2)),X1))),inverse(X1))),inverse(X0))),X2))),X0)),inverse(multiply(inverse(multiply(X3,inverse(inverse(multiply(multiply(multiply(inverse(X1),X1),inverse(X2)),X1))))),X4))),inverse(multiply(multiply(multiply(inverse(X1),X1),inverse(X2)),X1))))) = X4 [superposition 1,4]
48. inverse(multiply(multiply(multiply(inverse(X1),X1),inverse(multiply(inverse(multiply(inverse(multiply(X2,inverse(multiply(multiply(multiply(inverse(X3),X3),inverse(multiply(inverse(multiply(X2,inverse(X3))),X4))),X3)))),inverse(X1))),multiply(inverse(X4),X0)))),X1)) = X0 [superposition 4,3]
57. inverse(multiply(multiply(multiply(inverse(X1),X1),inverse(multiply(inverse(multiply(inverse(X4),inverse(X1))),multiply(inverse(X4),X0)))),X1)) = X0 [forward demodulation 48,1]
67. multiply(multiply(multiply(inverse(X3),X3),inverse(multiply(inverse(multiply(multiply(inverse(X2),X2),inverse(X3))),X0))),X3) = multiply(inverse(multiply(X1,inverse(X2))),multiply(X1,inverse(multiply(X0,X2)))) [superposition 24,1]
71. multiply(inverse(multiply(inverse(multiply(X0,inverse(X1))),inverse(X4))),X2) = multiply(inverse(multiply(X3,inverse(X4))),multiply(X3,multiply(X0,inverse(multiply(multiply(multiply(inverse(X1),X1),inverse(X2)),X1))))) [superposition 24,4]
84. inverse(multiply(multiply(multiply(inverse(X1),X1),inverse(multiply(inverse(multiply(X0,inverse(X1))),multiply(X0,X4)))),X1)) = X4 [superposition 57,57]
125. multiply(inverse(multiply(X1,inverse(X2))),multiply(X1,X0)) = multiply(inverse(multiply(X3,inverse(X2))),multiply(X3,X0)) [superposition 24,84]
205. multiply(inverse(multiply(X1,X0)),multiply(X1,X4)) = multiply(inverse(multiply(X5,X0)),multiply(X5,X4)) [superposition 125,84]
208. multiply(inverse(multiply(X1,inverse(multiply(multiply(multiply(inverse(multiply(multiply(multiply(inverse(X2),X2),inverse(multiply(inverse(multiply(X3,inverse(X2))),X4))),X2)),multiply(multiply(multiply(inverse(X2),X2),inverse(multiply(inverse(multiply(X3,inverse(X2))),X4))),X2)),inverse(multiply(inverse(X4),X0))),multiply(multiply(multiply(inverse(X2),X2),inverse(multiply(inverse(multiply(X3,inverse(X2))),X4))),X2))))),multiply(X1,X5)) = multiply(inverse(X0),multiply(X3,X5)) [superposition 125,3]
445. multiply(inverse(multiply(X3,multiply(X4,X2))),multiply(X3,X5)) = multiply(inverse(multiply(inverse(multiply(X0,X1)),multiply(X0,X2))),multiply(inverse(multiply(X4,X1)),X5)) [superposition 205,205]
451. multiply(inverse(multiply(X1,X2)),multiply(X1,X3)) = multiply(X0,multiply(multiply(multiply(inverse(X2),X2),inverse(multiply(inverse(multiply(X4,inverse(X2))),multiply(X4,X0)))),X3)) [superposition 205,84]
454. multiply(inverse(multiply(X4,X2)),X0) = multiply(inverse(multiply(X1,X2)),multiply(X1,inverse(multiply(multiply(multiply(inverse(multiply(multiply(multiply(inverse(X3),X3),inverse(multiply(inverse(multiply(X4,inverse(X3))),X5))),X3)),multiply(multiply(multiply(inverse(X3),X3),inverse(multiply(inverse(multiply(X4,inverse(X3))),X5))),X3)),inverse(multiply(inverse(X5),X0))),multiply(multiply(multiply(inverse(X3),X3),inverse(multiply(inverse(multiply(X4,inverse(X3))),X5))),X3))))) [superposition 205,3]
459. multiply(inverse(multiply(X3,X4)),multiply(X3,multiply(X5,X2))) = multiply(inverse(multiply(inverse(multiply(X5,X1)),X4)),multiply(inverse(multiply(X0,X1)),multiply(X0,X2))) [superposition 205,205]
1150. multiply(inverse(multiply(X1,multiply(X2,X3))),multiply(X1,inverse(multiply(multiply(multiply(inverse(multiply(multiply(multiply(inverse(X4),X4),inverse(multiply(inverse(multiply(inverse(multiply(X2,X5)),inverse(X4))),X6))),X4)),multiply(multiply(multiply(inverse(X4),X4),inverse(multiply(inverse(multiply(inverse(multiply(X2,X5)),inverse(X4))),X6))),X4)),inverse(multiply(inverse(X6),X0))),multiply(multiply(multiply(inverse(X4),X4),inverse(multiply(inverse(multiply(inverse(multiply(X2,X5)),inverse(X4))),X6))),X4))))) = multiply(inverse(multiply(inverse(multiply(X7,X5)),multiply(X7,X3))),X0) [superposition 445,3]
1227. multiply(inverse(multiply(inverse(multiply(X7,X5)),multiply(X7,X3))),X0) = multiply(inverse(multiply(inverse(multiply(X2,X5)),multiply(X2,X3))),X0) [forward demodulation 1150,454]
2746. multiply(inverse(multiply(X1,inverse(multiply(multiply(multiply(inverse(multiply(multiply(multiply(inverse(X2),X2),inverse(multiply(inverse(multiply(inverse(multiply(X3,X4)),inverse(X2))),X5))),X2)),multiply(multiply(multiply(inverse(X2),X2),inverse(multiply(inverse(multiply(inverse(multiply(X3,X4)),inverse(X2))),X5))),X2)),inverse(multiply(inverse(X5),X0))),multiply(multiply(multiply(inverse(X2),X2),inverse(multiply(inverse(multiply(inverse(multiply(X3,X4)),inverse(X2))),X5))),X2))))),multiply(X1,multiply(X3,X6))) = multiply(inverse(X0),multiply(inverse(multiply(X7,X4)),multiply(X7,X6))) [superposition 459,3]
3041. multiply(inverse(X0),multiply(inverse(multiply(X7,X4)),multiply(X7,X6))) = multiply(inverse(X0),multiply(inverse(multiply(X3,X4)),multiply(X3,X6))) [forward demodulation 2746,208]
3543. multiply(X0,multiply(inverse(multiply(X3,X4)),multiply(X3,X5))) = multiply(X0,multiply(inverse(multiply(X6,X4)),multiply(X6,X5))) [superposition 3041,84]
3791. multiply(X6,inverse(multiply(multiply(inverse(multiply(X7,X3)),multiply(X7,X4)),X0))) = inverse(multiply(multiply(multiply(inverse(X5),X5),inverse(multiply(inverse(multiply(inverse(multiply(X6,inverse(X0))),inverse(X5))),multiply(multiply(multiply(inverse(X1),X1),inverse(multiply(inverse(multiply(multiply(inverse(X0),X0),inverse(X1))),multiply(inverse(multiply(X2,X3)),multiply(X2,X4))))),X1)))),X5)) [superposition 18,3041]
3834. multiply(X6,inverse(multiply(multiply(inverse(multiply(X7,X3)),multiply(X7,X4)),X0))) = multiply(X6,inverse(multiply(multiply(inverse(multiply(X2,X3)),multiply(X2,X4)),X0))) [forward demodulation 3791,18]
7925. multiply(multiply(inverse(multiply(X6,X2)),multiply(X6,X3)),X4) = multiply(inverse(multiply(X5,inverse(X0))),multiply(X5,inverse(multiply(multiply(multiply(inverse(X0),X0),inverse(multiply(multiply(inverse(multiply(X1,X2)),multiply(X1,X3)),X4))),X0)))) [superposition 24,3834]
7968. inverse(multiply(multiply(inverse(multiply(X8,X4)),multiply(X8,X5)),X6)) = multiply(multiply(multiply(inverse(inverse(X7)),inverse(X7)),inverse(multiply(inverse(multiply(inverse(multiply(X0,inverse(X1))),inverse(inverse(X7)))),X2))),inverse(multiply(multiply(multiply(inverse(X7),X7),inverse(multiply(multiply(X0,inverse(multiply(multiply(multiply(inverse(X1),X1),inverse(X2)),X1))),inverse(multiply(multiply(inverse(multiply(X3,X4)),multiply(X3,X5)),X6))))),X7))) [superposition 25,3834]
7969. inverse(multiply(multiply(inverse(multiply(X3,X4)),multiply(X3,X5)),X6)) = inverse(multiply(multiply(inverse(multiply(X8,X4)),multiply(X8,X5)),X6)) [forward demodulation 7968,25]
7970. multiply(multiply(inverse(multiply(X1,X2)),multiply(X1,X3)),X4) = multiply(multiply(inverse(multiply(X6,X2)),multiply(X6,X3)),X4) [forward demodulation 7925,24]
11200. multiply(X3,inverse(multiply(multiply(multiply(inverse(X4),X4),inverse(multiply(inverse(multiply(X3,inverse(X4))),inverse(X2)))),X4))) = inverse(multiply(multiply(multiply(inverse(X2),X2),inverse(multiply(inverse(multiply(X0,X1)),multiply(X0,X1)))),X2)) [superposition 18,451]
11246. inverse(X2) = inverse(multiply(multiply(multiply(inverse(X2),X2),inverse(multiply(inverse(multiply(X0,X1)),multiply(X0,X1)))),X2)) [forward demodulation 11200,1]
12322. inverse(X1) = inverse(multiply(multiply(multiply(inverse(X1),X1),inverse(multiply(inverse(X0),X0))),X1)) [superposition 11246,24]
13665. multiply(inverse(X2),X2) = multiply(inverse(multiply(X1,inverse(X0))),multiply(X1,inverse(X0))) [superposition 24,12322]
13784. multiply(inverse(multiply(X1,inverse(X2))),multiply(X1,inverse(multiply(multiply(multiply(inverse(X2),X2),inverse(X0)),X2)))) = multiply(multiply(multiply(inverse(X0),X0),inverse(multiply(inverse(X3),X3))),X0) [superposition 24,12322]
13818. multiply(multiply(multiply(inverse(X0),X0),inverse(multiply(inverse(X3),X3))),X0) = X0 [forward demodulation 13784,24]
14591. multiply(inverse(X0),X0) = multiply(inverse(multiply(X1,X0)),multiply(X1,X0)) [superposition 451,13818]
16079. multiply(inverse(X3),X3) = multiply(multiply(X0,inverse(multiply(multiply(multiply(inverse(X1),X1),inverse(X2)),X1))),multiply(multiply(multiply(inverse(X3),X3),inverse(multiply(inverse(multiply(inverse(multiply(X0,inverse(X1))),inverse(X3))),X2))),X3)) [superposition 14591,4]
18965. multiply(inverse(X1),X1) = multiply(inverse(X0),X0) [superposition 13665,13665]
19039. multiply(multiply(multiply(inverse(multiply(X0,inverse(X1))),multiply(X0,inverse(X1))),inverse(multiply(inverse(X3),X3))),X2) = X2 [superposition 13818,13665]
19277. multiply(X1,multiply(inverse(X0),X0)) = multiply(X1,multiply(inverse(multiply(X4,inverse(X3))),multiply(X4,inverse(X3)))) [superposition 3543,13665]
19283. multiply(multiply(inverse(X0),X0),X3) = multiply(multiply(inverse(multiply(X1,inverse(X2))),multiply(X1,inverse(X2))),X3) [superposition 7970,13665]
19491. multiply(multiply(inverse(X0),X0),X3) = multiply(multiply(inverse(inverse(X2)),inverse(X2)),X3) [forward demodulation 19283,14591]
19497. multiply(X1,multiply(inverse(X0),X0)) = multiply(X1,multiply(inverse(inverse(X3)),inverse(X3))) [forward demodulation 19277,14591]
19691. multiply(multiply(multiply(inverse(inverse(X1)),inverse(X1)),inverse(multiply(inverse(X3),X3))),X2) = X2 [forward demodulation 19039,14591]
22107. multiply(multiply(multiply(inverse(X0),X0),inverse(multiply(inverse(X2),X2))),X1) = X1 [superposition 13818,18965]
22131. multiply(multiply(multiply(inverse(inverse(X1)),inverse(X1)),inverse(multiply(inverse(X0),X0))),inverse(multiply(multiply(multiply(inverse(X1),X1),inverse(multiply(multiply(X2,inverse(multiply(multiply(multiply(inverse(X3),X3),inverse(multiply(inverse(multiply(X2,inverse(X3))),inverse(inverse(X1))))),X3))),X4))),X1))) = X4 [superposition 25,18965]
22183. multiply(X1,multiply(inverse(X0),X0)) = multiply(X1,multiply(inverse(multiply(X4,X3)),multiply(X4,X3))) [superposition 3543,18965]
22187. inverse(multiply(multiply(inverse(X0),X0),X3)) = inverse(multiply(multiply(inverse(multiply(X1,X2)),multiply(X1,X2)),X3)) [superposition 7969,18965]
22189. multiply(multiply(inverse(X0),X0),X3) = multiply(multiply(inverse(multiply(X1,X2)),multiply(X1,X2)),X3) [superposition 7970,18965]
22338. multiply(multiply(inverse(X2),X2),X3) = multiply(multiply(inverse(X0),X0),X3) [forward demodulation 22189,14591]
22340. inverse(multiply(multiply(inverse(X2),X2),X3)) = inverse(multiply(multiply(inverse(X0),X0),X3)) [forward demodulation 22187,14591]
22344. multiply(X1,multiply(inverse(X0),X0)) = multiply(X1,multiply(inverse(X3),X3)) [forward demodulation 22183,14591]
22368. inverse(multiply(multiply(multiply(inverse(X1),X1),inverse(multiply(multiply(X2,inverse(multiply(multiply(multiply(inverse(X3),X3),inverse(multiply(inverse(multiply(X2,inverse(X3))),inverse(inverse(X1))))),X3))),X4))),X1)) = X4 [forward demodulation 22131,19691]
22497. inverse(multiply(multiply(multiply(inverse(X1),X1),inverse(multiply(inverse(inverse(X1)),X4))),X1)) = X4 [forward demodulation 22368,1]
32091. multiply(inverse(X2),X2) = multiply(inverse(multiply(inverse(X0),X0)),multiply(inverse(X1),X1)) [superposition 18965,22344]
32188. inverse(multiply(inverse(X0),X0)) = inverse(multiply(multiply(multiply(inverse(multiply(inverse(X0),X0)),multiply(inverse(X0),X0)),inverse(multiply(inverse(X1),X1))),multiply(inverse(X2),X2))) [superposition 12322,22344]
32261. inverse(multiply(inverse(X0),X0)) = inverse(multiply(inverse(X2),X2)) [forward demodulation 32188,22107]
40485. multiply(inverse(X2),X0) = multiply(inverse(multiply(X1,X2)),multiply(X1,X0)) [superposition 451,22107]
43568. multiply(inverse(inverse(multiply(multiply(multiply(inverse(X4),X4),inverse(X5)),X4))),X6) = multiply(inverse(inverse(multiply(multiply(inverse(multiply(multiply(multiply(inverse(X0),X0),inverse(multiply(inverse(multiply(inverse(multiply(inverse(inverse(multiply(multiply(multiply(inverse(X1),X1),inverse(X2)),X1))),inverse(X1))),inverse(X0))),X2))),X0)),inverse(multiply(inverse(multiply(inverse(multiply(X3,inverse(X4))),inverse(inverse(multiply(multiply(multiply(inverse(X1),X1),inverse(X2)),X1))))),X5))),inverse(multiply(multiply(multiply(inverse(X1),X1),inverse(X2)),X1))))),multiply(X3,X6)) [superposition 40485,5]
43584. multiply(inverse(X0),multiply(X4,X5)) = multiply(inverse(inverse(multiply(multiply(inverse(multiply(multiply(multiply(inverse(X1),X1),inverse(multiply(inverse(multiply(inverse(multiply(inverse(inverse(multiply(multiply(multiply(inverse(X2),X2),inverse(X3)),X2))),inverse(X2))),inverse(X1))),X3))),X1)),inverse(multiply(inverse(multiply(X4,inverse(inverse(multiply(multiply(multiply(inverse(X2),X2),inverse(X3)),X2))))),X0))),inverse(multiply(multiply(multiply(inverse(X2),X2),inverse(X3)),X2))))),X5) [superposition 40485,29]
43592. multiply(inverse(multiply(X1,inverse(multiply(multiply(multiply(inverse(X2),X2),inverse(X0)),X2)))),X3) = multiply(inverse(X0),multiply(inverse(multiply(X1,inverse(X2))),X3)) [superposition 40485,24]
43648. multiply(inverse(X1),X2) = multiply(inverse(multiply(inverse(X0),X0)),multiply(inverse(X1),X2)) [superposition 40485,32261]
43666. multiply(inverse(X6),inverse(multiply(multiply(multiply(inverse(X4),X4),inverse(X5)),X4))) = multiply(inverse(multiply(X3,X6)),inverse(multiply(multiply(inverse(multiply(multiply(multiply(inverse(X0),X0),inverse(multiply(inverse(multiply(inverse(multiply(inverse(inverse(multiply(multiply(multiply(inverse(X1),X1),inverse(X2)),X1))),inverse(X1))),inverse(X0))),X2))),X0)),inverse(multiply(inverse(multiply(inverse(multiply(X3,inverse(X4))),inverse(inverse(multiply(multiply(multiply(inverse(X1),X1),inverse(X2)),X1))))),X5))),inverse(multiply(multiply(multiply(inverse(X1),X1),inverse(X2)),X1))))) [superposition 40485,5]
43671. multiply(inverse(X1),inverse(multiply(multiply(multiply(inverse(multiply(multiply(multiply(inverse(X2),X2),inverse(multiply(inverse(multiply(X3,inverse(X2))),X4))),X2)),multiply(multiply(multiply(inverse(X2),X2),inverse(multiply(inverse(multiply(X3,inverse(X2))),X4))),X2)),inverse(multiply(inverse(X4),X0))),multiply(multiply(multiply(inverse(X2),X2),inverse(multiply(inverse(multiply(X3,inverse(X2))),X4))),X2)))) = multiply(inverse(multiply(X3,X1)),X0) [superposition 40485,3]
43682. multiply(inverse(X1),inverse(multiply(multiply(inverse(multiply(multiply(multiply(inverse(X2),X2),inverse(multiply(inverse(multiply(inverse(multiply(inverse(inverse(multiply(multiply(multiply(inverse(X3),X3),inverse(X4)),X3))),inverse(X3))),inverse(X2))),X4))),X2)),inverse(multiply(inverse(multiply(X5,inverse(inverse(multiply(multiply(multiply(inverse(X3),X3),inverse(X4)),X3))))),X0))),inverse(multiply(multiply(multiply(inverse(X3),X3),inverse(X4)),X3))))) = multiply(inverse(multiply(X5,X1)),X0) [superposition 40485,29]
43948. multiply(inverse(multiply(X3,X0)),inverse(multiply(multiply(multiply(multiply(X3,inverse(multiply(multiply(multiply(inverse(X1),X1),inverse(X2)),X1))),multiply(multiply(multiply(inverse(X4),X4),inverse(multiply(inverse(multiply(inverse(multiply(X3,inverse(X1))),inverse(X4))),X2))),X4)),inverse(multiply(inverse(multiply(inverse(X0),inverse(multiply(multiply(multiply(inverse(X1),X1),inverse(X2)),X1)))),X5))),multiply(multiply(multiply(inverse(X4),X4),inverse(multiply(inverse(multiply(inverse(multiply(X3,inverse(X1))),inverse(X4))),X2))),X4)))) = X5 [superposition 26,40485]
43959. multiply(inverse(X0),X1) = multiply(inverse(multiply(inverse(X1),X0)),multiply(inverse(X2),X2)) [superposition 22344,40485]
43972. multiply(inverse(multiply(X2,multiply(inverse(multiply(X3,X0)),X4))),multiply(X2,X5)) = multiply(inverse(multiply(inverse(multiply(X6,multiply(X3,X1))),multiply(X6,X4))),multiply(inverse(multiply(inverse(X0),X1)),X5)) [superposition 445,40485]
44055. multiply(inverse(multiply(X2,multiply(inverse(multiply(X3,X0)),X4))),multiply(X2,X5)) = multiply(inverse(multiply(inverse(multiply(X3,X1)),X4)),multiply(inverse(multiply(inverse(X0),X1)),X5)) [forward demodulation 43972,40485]
44076. multiply(inverse(multiply(X3,X0)),inverse(multiply(multiply(multiply(inverse(X4),X4),inverse(multiply(inverse(multiply(inverse(X0),inverse(multiply(multiply(multiply(inverse(X1),X1),inverse(X2)),X1)))),X5))),multiply(multiply(multiply(inverse(X4),X4),inverse(multiply(inverse(multiply(inverse(multiply(X3,inverse(X1))),inverse(X4))),X2))),X4)))) = X5 [forward demodulation 43948,16079]
44212. multiply(inverse(multiply(X3,X1)),X0) = multiply(inverse(X1),inverse(multiply(multiply(multiply(inverse(X2),X2),inverse(multiply(inverse(X4),X0))),multiply(multiply(multiply(inverse(X2),X2),inverse(multiply(inverse(multiply(X3,inverse(X2))),X4))),X2)))) [forward demodulation 43671,14591]
44214. multiply(inverse(X6),inverse(multiply(multiply(multiply(inverse(X4),X4),inverse(X5)),X4))) = multiply(inverse(multiply(inverse(multiply(X3,inverse(X4))),multiply(X3,X6))),X5) [forward demodulation 43666,43682]
44273. multiply(inverse(inverse(multiply(multiply(multiply(inverse(X4),X4),inverse(X5)),X4))),X6) = multiply(inverse(X5),multiply(inverse(multiply(X3,inverse(X4))),multiply(X3,X6))) [forward demodulation 43568,43584]
44294. multiply(inverse(multiply(inverse(multiply(X3,X1)),X4)),multiply(inverse(multiply(inverse(X0),X1)),X5)) = multiply(inverse(multiply(inverse(multiply(X3,X0)),X4)),X5) [forward demodulation 44055,40485]
44305. multiply(inverse(multiply(X3,X0)),inverse(multiply(multiply(multiply(inverse(X4),X4),inverse(multiply(inverse(X2),multiply(inverse(multiply(inverse(X0),inverse(X1))),X5)))),multiply(multiply(multiply(inverse(X4),X4),inverse(multiply(inverse(multiply(inverse(multiply(X3,inverse(X1))),inverse(X4))),X2))),X4)))) = X5 [forward demodulation 44076,43592]
44345. multiply(inverse(X6),inverse(multiply(multiply(multiply(inverse(X4),X4),inverse(X5)),X4))) = multiply(inverse(multiply(inverse(inverse(X4)),X6)),X5) [forward demodulation 44214,40485]
44377. multiply(inverse(inverse(multiply(multiply(multiply(inverse(X4),X4),inverse(X5)),X4))),X6) = multiply(inverse(X5),multiply(inverse(inverse(X4)),X6)) [forward demodulation 44273,40485]
44396. multiply(inverse(multiply(inverse(multiply(X3,inverse(X1))),multiply(X3,X0))),multiply(inverse(multiply(inverse(X0),inverse(X1))),X5)) = X5 [forward demodulation 44305,44212]
44412. multiply(inverse(multiply(inverse(multiply(X3,X0)),multiply(X3,X0))),X5) = X5 [forward demodulation 44396,44294]
44419. multiply(inverse(multiply(inverse(X0),X0)),X5) = X5 [forward demodulation 44412,14591]
47760. multiply(inverse(multiply(X1,X2)),multiply(X1,multiply(X3,X0))) = multiply(inverse(multiply(inverse(multiply(X3,X4)),X2)),multiply(inverse(multiply(inverse(multiply(inverse(X5),X5)),X4)),X0)) [superposition 459,44419]
47860. multiply(inverse(multiply(X1,X2)),multiply(X1,multiply(X3,X0))) = multiply(inverse(multiply(inverse(multiply(X3,multiply(inverse(X5),X5))),X2)),X0) [forward demodulation 47760,44294]
48161. multiply(inverse(X2),multiply(X3,X0)) = multiply(inverse(multiply(inverse(multiply(X3,multiply(inverse(X5),X5))),X2)),X0) [forward demodulation 47860,40485]
55438. inverse(multiply(multiply(multiply(inverse(X4),X4),inverse(multiply(inverse(multiply(inverse(multiply(X5,multiply(inverse(inverse(multiply(multiply(multiply(inverse(X2),X2),inverse(X3)),X2))),inverse(multiply(multiply(multiply(inverse(X2),X2),inverse(X3)),X2))))),inverse(X4))),X6))),X4)) = multiply(X5,inverse(multiply(multiply(multiply(multiply(inverse(X0),X0),multiply(multiply(multiply(inverse(X1),X1),inverse(multiply(inverse(multiply(inverse(multiply(inverse(inverse(multiply(multiply(multiply(inverse(X2),X2),inverse(X3)),X2))),inverse(X2))),inverse(X1))),X3))),X1)),inverse(X6)),multiply(multiply(multiply(inverse(X1),X1),inverse(multiply(inverse(multiply(inverse(multiply(inverse(inverse(multiply(multiply(multiply(inverse(X2),X2),inverse(X3)),X2))),inverse(X2))),inverse(X1))),X3))),X1)))) [superposition 15,19491]
55440. multiply(X4,inverse(multiply(multiply(multiply(multiply(inverse(X0),X0),multiply(multiply(multiply(inverse(X1),X1),inverse(multiply(inverse(multiply(inverse(multiply(inverse(inverse(multiply(multiply(multiply(inverse(X2),X2),inverse(X3)),X2))),inverse(X2))),inverse(X1))),X3))),X1)),inverse(multiply(inverse(multiply(X4,multiply(inverse(inverse(multiply(multiply(multiply(inverse(X2),X2),inverse(X3)),X2))),inverse(multiply(multiply(multiply(inverse(X2),X2),inverse(X3)),X2))))),X5))),multiply(multiply(multiply(inverse(X1),X1),inverse(multiply(inverse(multiply(inverse(multiply(inverse(inverse(multiply(multiply(multiply(inverse(X2),X2),inverse(X3)),X2))),inverse(X2))),inverse(X1))),X3))),X1)))) = X5 [superposition 26,19491]
55626. multiply(X4,inverse(multiply(multiply(multiply(multiply(inverse(X0),X0),multiply(multiply(multiply(inverse(X1),X1),inverse(multiply(inverse(multiply(inverse(multiply(inverse(X3),multiply(inverse(inverse(X2)),inverse(X2)))),inverse(X1))),X3))),X1)),inverse(multiply(inverse(multiply(X4,multiply(inverse(inverse(multiply(multiply(multiply(inverse(X2),X2),inverse(X3)),X2))),inverse(multiply(multiply(multiply(inverse(X2),X2),inverse(X3)),X2))))),X5))),multiply(multiply(multiply(inverse(X1),X1),inverse(multiply(inverse(multiply(inverse(multiply(inverse(X3),multiply(inverse(inverse(X2)),inverse(X2)))),inverse(X1))),X3))),X1)))) = X5 [forward demodulation 55440,44377]
55628. inverse(multiply(multiply(multiply(inverse(X4),X4),inverse(multiply(inverse(multiply(inverse(multiply(X5,multiply(inverse(inverse(multiply(multiply(multiply(inverse(X2),X2),inverse(X3)),X2))),inverse(multiply(multiply(multiply(inverse(X2),X2),inverse(X3)),X2))))),inverse(X4))),X6))),X4)) = multiply(X5,inverse(multiply(multiply(multiply(multiply(inverse(X0),X0),multiply(multiply(multiply(inverse(X1),X1),inverse(multiply(inverse(multiply(inverse(multiply(inverse(X3),multiply(inverse(inverse(X2)),inverse(X2)))),inverse(X1))),X3))),X1)),inverse(X6)),multiply(multiply(multiply(inverse(X1),X1),inverse(multiply(inverse(multiply(inverse(multiply(inverse(X3),multiply(inverse(inverse(X2)),inverse(X2)))),inverse(X1))),X3))),X1)))) [forward demodulation 55438,44377]
55834. multiply(X4,inverse(multiply(multiply(multiply(multiply(inverse(X0),X0),multiply(multiply(multiply(inverse(X1),X1),inverse(multiply(inverse(inverse(X1)),multiply(inverse(X3),X3)))),X1)),inverse(multiply(inverse(multiply(X4,multiply(inverse(inverse(multiply(multiply(multiply(inverse(X2),X2),inverse(X3)),X2))),inverse(multiply(multiply(multiply(inverse(X2),X2),inverse(X3)),X2))))),X5))),multiply(multiply(multiply(inverse(X1),X1),inverse(multiply(inverse(inverse(X1)),multiply(inverse(X3),X3)))),X1)))) = X5 [forward demodulation 55626,48161]
55836. inverse(multiply(multiply(multiply(inverse(X4),X4),inverse(multiply(inverse(multiply(inverse(multiply(X5,multiply(inverse(inverse(multiply(multiply(multiply(inverse(X2),X2),inverse(X3)),X2))),inverse(multiply(multiply(multiply(inverse(X2),X2),inverse(X3)),X2))))),inverse(X4))),X6))),X4)) = multiply(X5,inverse(multiply(multiply(multiply(multiply(inverse(X0),X0),multiply(multiply(multiply(inverse(X1),X1),inverse(multiply(inverse(inverse(X1)),multiply(inverse(X3),X3)))),X1)),inverse(X6)),multiply(multiply(multiply(inverse(X1),X1),inverse(multiply(inverse(inverse(X1)),multiply(inverse(X3),X3)))),X1)))) [forward demodulation 55628,48161]
55945. multiply(X4,inverse(multiply(multiply(multiply(multiply(inverse(X0),X0),multiply(multiply(multiply(inverse(X1),X1),inverse(multiply(inverse(inverse(X1)),multiply(inverse(X3),X3)))),X1)),inverse(multiply(inverse(multiply(X4,multiply(inverse(multiply(inverse(inverse(X2)),inverse(multiply(multiply(multiply(inverse(X2),X2),inverse(X3)),X2)))),X3))),X5))),multiply(multiply(multiply(inverse(X1),X1),inverse(multiply(inverse(inverse(X1)),multiply(inverse(X3),X3)))),X1)))) = X5 [forward demodulation 55834,44345]
55947. multiply(X5,inverse(multiply(multiply(multiply(multiply(inverse(X0),X0),multiply(multiply(multiply(inverse(X1),X1),inverse(multiply(inverse(inverse(X1)),multiply(inverse(X3),X3)))),X1)),inverse(X6)),multiply(multiply(multiply(inverse(X1),X1),inverse(multiply(inverse(inverse(X1)),multiply(inverse(X3),X3)))),X1)))) = inverse(multiply(multiply(multiply(inverse(X4),X4),inverse(multiply(inverse(inverse(X4)),multiply(X5,X6)))),X4)) [forward demodulation 55836,48161]
56004. multiply(X4,inverse(multiply(multiply(multiply(multiply(inverse(X0),X0),multiply(multiply(multiply(inverse(X1),X1),inverse(multiply(inverse(inverse(X1)),multiply(inverse(X3),X3)))),X1)),inverse(multiply(inverse(multiply(X4,multiply(inverse(X3),multiply(inverse(multiply(inverse(inverse(X2)),inverse(X2))),X3)))),X5))),multiply(multiply(multiply(inverse(X1),X1),inverse(multiply(inverse(inverse(X1)),multiply(inverse(X3),X3)))),X1)))) = X5 [forward demodulation 55945,43592]
56006. multiply(X5,X6) = multiply(X5,inverse(multiply(multiply(multiply(multiply(inverse(X0),X0),multiply(multiply(multiply(inverse(X1),X1),inverse(multiply(inverse(inverse(X1)),multiply(inverse(X3),X3)))),X1)),inverse(X6)),multiply(multiply(multiply(inverse(X1),X1),inverse(multiply(inverse(inverse(X1)),multiply(inverse(X3),X3)))),X1)))) [forward demodulation 55947,22497]
56019. multiply(X4,inverse(multiply(multiply(multiply(multiply(inverse(X0),X0),multiply(multiply(multiply(inverse(X1),X1),inverse(multiply(inverse(inverse(X1)),multiply(inverse(X3),X3)))),X1)),inverse(multiply(inverse(multiply(X4,multiply(inverse(X3),X3))),X5))),multiply(multiply(multiply(inverse(X1),X1),inverse(multiply(inverse(inverse(X1)),multiply(inverse(X3),X3)))),X1)))) = X5 [forward demodulation 56004,44419]
56031. multiply(X4,multiply(inverse(multiply(X4,multiply(inverse(X3),X3))),X5)) = X5 [forward demodulation 56019,56006]
72613. multiply(inverse(multiply(X2,inverse(X3))),multiply(X2,inverse(multiply(multiply(multiply(inverse(multiply(inverse(X0),X0)),multiply(inverse(X1),X1)),inverse(X4)),X3)))) = X4 [superposition 24,32091]
73147. multiply(inverse(inverse(X3)),inverse(multiply(multiply(multiply(inverse(multiply(inverse(X0),X0)),multiply(inverse(X1),X1)),inverse(X4)),X3))) = X4 [forward demodulation 72613,40485]
73345. multiply(inverse(inverse(X3)),inverse(multiply(multiply(multiply(inverse(X1),X1),inverse(X4)),X3))) = X4 [forward demodulation 73147,43648]
78978. multiply(multiply(multiply(inverse(X1),X1),inverse(multiply(inverse(multiply(multiply(inverse(X0),X0),inverse(X1))),X3))),X1) = multiply(inverse(multiply(X4,inverse(X2))),multiply(X4,inverse(multiply(X3,X2)))) [superposition 67,22340]
79002. multiply(multiply(multiply(inverse(X0),X0),inverse(multiply(inverse(multiply(multiply(inverse(X1),X1),inverse(X2))),X3))),X2) = multiply(inverse(multiply(X4,inverse(X1))),multiply(X4,inverse(multiply(X3,X1)))) [superposition 67,22338]
79090. multiply(multiply(inverse(X1),X1),inverse(multiply(inverse(multiply(X0,inverse(X1))),multiply(X0,inverse(multiply(X2,X1)))))) = X2 [superposition 1,67]
79091. inverse(multiply(inverse(multiply(X0,inverse(X1))),multiply(X0,inverse(multiply(multiply(multiply(inverse(X1),X1),X2),X1))))) = X2 [superposition 84,67]
79199. inverse(multiply(inverse(inverse(X1)),inverse(multiply(multiply(multiply(inverse(X1),X1),X2),X1)))) = X2 [forward demodulation 79091,40485]
79200. multiply(multiply(inverse(X1),X1),inverse(multiply(inverse(inverse(X1)),inverse(multiply(X2,X1))))) = X2 [forward demodulation 79090,40485]
79273. multiply(multiply(multiply(inverse(X0),X0),inverse(multiply(inverse(multiply(multiply(inverse(X1),X1),inverse(X2))),X3))),X2) = multiply(inverse(inverse(X1)),inverse(multiply(X3,X1))) [forward demodulation 79002,40485]
79291. multiply(multiply(multiply(inverse(X1),X1),inverse(multiply(inverse(multiply(multiply(inverse(X0),X0),inverse(X1))),X3))),X1) = multiply(inverse(inverse(X2)),inverse(multiply(X3,X2))) [forward demodulation 78978,40485]
79379. multiply(inverse(inverse(X2)),inverse(multiply(X3,X2))) = multiply(inverse(inverse(X0)),inverse(multiply(X3,X0))) [forward demodulation 79291,79273]
79455. inverse(multiply(inverse(inverse(X2)),inverse(multiply(multiply(multiply(inverse(X0),X0),X1),X2)))) = X1 [superposition 79199,22338]
80022. multiply(multiply(inverse(X2),X2),inverse(multiply(inverse(inverse(X1)),inverse(multiply(X0,X1))))) = X0 [superposition 22338,79200]
80791. multiply(X0,multiply(inverse(inverse(X2)),X3)) = multiply(inverse(inverse(multiply(multiply(multiply(inverse(X1),X1),X0),X2))),X3) [superposition 40485,79455]
82569. multiply(inverse(X1),inverse(multiply(multiply(multiply(inverse(X2),X2),inverse(X0)),X3))) = multiply(inverse(multiply(inverse(inverse(X3)),X1)),X0) [superposition 40485,73345]
88006. multiply(inverse(inverse(X3)),inverse(multiply(X4,X3))) = multiply(inverse(inverse(multiply(multiply(multiply(inverse(X1),X1),inverse(multiply(inverse(multiply(X5,inverse(X1))),multiply(X5,X4)))),X2))),inverse(multiply(inverse(multiply(X0,X1)),multiply(X0,X2)))) [superposition 79379,451]
88182. multiply(inverse(multiply(X2,X3)),multiply(X2,multiply(X4,inverse(multiply(X1,X5))))) = multiply(inverse(multiply(inverse(multiply(X4,X6)),X3)),multiply(inverse(multiply(inverse(inverse(X5)),X6)),multiply(inverse(inverse(X0)),inverse(multiply(X1,X0))))) [superposition 459,79379]
88261. multiply(inverse(multiply(X2,X3)),multiply(X2,multiply(X4,inverse(multiply(X1,X5))))) = multiply(inverse(multiply(inverse(multiply(X4,inverse(X5))),X3)),multiply(inverse(inverse(X0)),inverse(multiply(X1,X0)))) [forward demodulation 88182,44294]
88392. multiply(inverse(inverse(X3)),inverse(multiply(X4,X3))) = multiply(inverse(multiply(inverse(multiply(X5,inverse(X1))),multiply(X5,X4))),multiply(inverse(inverse(X2)),inverse(multiply(inverse(multiply(X0,X1)),multiply(X0,X2))))) [forward demodulation 88006,80791]
88515. multiply(inverse(multiply(inverse(multiply(X4,inverse(X5))),X3)),multiply(inverse(inverse(X0)),inverse(multiply(X1,X0)))) = multiply(inverse(X3),multiply(X4,inverse(multiply(X1,X5)))) [forward demodulation 88261,40485]
88576. multiply(inverse(inverse(X3)),inverse(multiply(X4,X3))) = multiply(inverse(multiply(inverse(multiply(X5,inverse(X1))),multiply(X5,X4))),multiply(inverse(inverse(X2)),inverse(multiply(inverse(X1),X2)))) [forward demodulation 88392,40485]
88664. multiply(inverse(inverse(X3)),inverse(multiply(X4,X3))) = multiply(inverse(multiply(X5,X4)),multiply(X5,inverse(multiply(inverse(X1),X1)))) [forward demodulation 88576,88515]
88670. multiply(inverse(inverse(X3)),inverse(multiply(X4,X3))) = multiply(inverse(X4),inverse(multiply(inverse(X1),X1))) [forward demodulation 88664,40485]
92220. inverse(multiply(X0,X2)) = inverse(multiply(multiply(multiply(inverse(X2),X2),inverse(multiply(inverse(X0),inverse(multiply(inverse(X1),X1))))),X2)) [superposition 22497,88670]
92387. inverse(multiply(inverse(X3),X3)) = multiply(X1,inverse(multiply(multiply(multiply(inverse(X2),X2),inverse(multiply(inverse(inverse(X0)),inverse(multiply(multiply(X1,inverse(X2)),X0))))),X2))) [superposition 1,88670]
92545. inverse(multiply(inverse(X3),X3)) = multiply(X1,inverse(multiply(multiply(X1,inverse(X2)),X2))) [forward demodulation 92387,80022]
93392. inverse(multiply(multiply(X2,inverse(X3)),X3)) = inverse(multiply(multiply(multiply(inverse(X1),X1),inverse(multiply(inverse(multiply(X2,inverse(X1))),inverse(multiply(inverse(X0),X0))))),X1)) [superposition 84,92545]
93608. inverse(multiply(multiply(X2,inverse(X3)),X3)) = inverse(multiply(multiply(X2,inverse(X1)),X1)) [forward demodulation 93392,92220]
94741. multiply(inverse(inverse(X2)),inverse(multiply(multiply(multiply(inverse(X0),X0),inverse(X1)),X1))) = X2 [superposition 73345,93608]
94965. multiply(inverse(multiply(inverse(inverse(X1)),inverse(X2))),X1) = X2 [forward demodulation 94741,82569]
95325. multiply(X0,X1) = multiply(multiply(multiply(inverse(X2),X2),X0),X1) [superposition 94965,79455]
95377. multiply(inverse(inverse(X0)),inverse(multiply(inverse(X1),X1))) = X0 [superposition 43959,94965]
95889. inverse(X0) = multiply(multiply(inverse(X1),X1),inverse(X0)) [superposition 80022,95377]
95901. multiply(inverse(inverse(X1)),inverse(multiply(inverse(X0),X1))) = X0 [superposition 88670,95377]
96425. inverse(multiply(multiply(multiply(inverse(X0),X0),inverse(multiply(inverse(inverse(X0)),multiply(multiply(inverse(X1),X1),X2)))),X0)) = X2 [superposition 84,95889]
96586. multiply(multiply(inverse(X1),X1),X2) = X2 [forward demodulation 96425,22497]
96863. inverse(X0) = inverse(multiply(multiply(inverse(inverse(X0)),inverse(X1)),X1)) [superposition 93608,96586]
97835. inverse(multiply(multiply(inverse(inverse(X1)),inverse(X2)),X2)) = inverse(multiply(X0,multiply(inverse(X0),X1))) [superposition 93608,95901]
97890. multiply(inverse(X0),multiply(inverse(inverse(X1)),X2)) = multiply(inverse(inverse(multiply(inverse(X0),X1))),X2) [superposition 40485,95901]
97953. inverse(X1) = inverse(multiply(X0,multiply(inverse(X0),X1))) [forward demodulation 97835,96863]
98291. inverse(inverse(X0)) = inverse(multiply(inverse(X0),multiply(inverse(X1),X1))) [superposition 97953,19497]
98322. multiply(X0,multiply(inverse(X0),X1)) = X1 [superposition 56031,97953]
98347. multiply(inverse(X0),multiply(X1,X2)) = multiply(inverse(multiply(inverse(X1),X0)),X2) [superposition 40485,97953]
98362. inverse(multiply(inverse(inverse(multiply(inverse(multiply(multiply(inverse(X1),X1),X2)),X0))),inverse(X0))) = X2 [superposition 79455,97953]
98543. inverse(multiply(inverse(multiply(multiply(inverse(X1),X1),X2)),multiply(inverse(inverse(X0)),inverse(X0)))) = X2 [forward demodulation 98362,97890]
98702. inverse(inverse(multiply(multiply(inverse(X1),X1),X2))) = X2 [forward demodulation 98543,98291]
98782. inverse(inverse(X2)) = X2 [forward demodulation 98702,96586]
98962. multiply(inverse(multiply(inverse(X0),inverse(X1))),inverse(X0)) = X1 [superposition 94965,98782]
98970. inverse(X0) = multiply(inverse(inverse(X1)),inverse(multiply(X0,X1))) [superposition 95901,98782]
98973. inverse(X0) = multiply(X1,inverse(multiply(X0,X1))) [forward demodulation 98970,98782]
98976. multiply(inverse(inverse(X1)),multiply(X0,inverse(X0))) = X1 [forward demodulation 98962,98347]
99089. multiply(X1,multiply(X0,inverse(X0))) = X1 [forward demodulation 98976,98782]
99195. multiply(inverse(X0),multiply(X0,X1)) = X1 [superposition 98322,98782]
99225. inverse(multiply(X1,X2)) = multiply(inverse(X2),multiply(inverse(inverse(X0)),inverse(multiply(X1,X0)))) [superposition 98322,79379]
99226. multiply(X1,inverse(multiply(multiply(multiply(inverse(X2),X2),inverse(X0)),X2))) = multiply(multiply(X1,inverse(X2)),X0) [superposition 98322,24]
99258. multiply(X3,multiply(inverse(multiply(X0,X1)),multiply(X0,X2))) = multiply(multiply(multiply(inverse(X1),X1),inverse(multiply(inverse(multiply(X4,inverse(X1))),multiply(X4,inverse(X3))))),X2) [superposition 98322,451]
99301. multiply(inverse(multiply(X2,inverse(X3))),inverse(multiply(multiply(multiply(inverse(X0),X0),inverse(X1)),X0))) = multiply(inverse(multiply(inverse(multiply(inverse(X2),inverse(X0))),inverse(X3))),X1) [superposition 71,98322]
99363. multiply(inverse(multiply(X2,X1)),X0) = multiply(inverse(X1),multiply(inverse(X2),X0)) [superposition 40485,98322]
99374. inverse(multiply(inverse(X0),X1)) = multiply(inverse(X1),X0) [superposition 43959,98322]
99542. multiply(inverse(multiply(X2,inverse(X3))),inverse(multiply(multiply(multiply(inverse(X0),X0),inverse(X1)),X0))) = multiply(inverse(inverse(X3)),multiply(multiply(inverse(X2),inverse(X0)),X1)) [forward demodulation 99301,98347]
99571. multiply(X3,multiply(inverse(multiply(X0,X1)),multiply(X0,X2))) = multiply(inverse(multiply(inverse(multiply(X4,inverse(X1))),multiply(X4,inverse(X3)))),X2) [forward demodulation 99258,95325]
99597. multiply(multiply(X1,inverse(X2)),X0) = multiply(X1,inverse(multiply(inverse(X0),X2))) [forward demodulation 99226,95325]
99598. inverse(multiply(X1,X2)) = multiply(inverse(multiply(inverse(X0),X2)),inverse(multiply(X1,X0))) [forward demodulation 99225,99363]
99712. multiply(inverse(multiply(X2,inverse(X3))),inverse(multiply(multiply(multiply(inverse(X0),X0),inverse(X1)),X0))) = multiply(X3,multiply(multiply(inverse(X2),inverse(X0)),X1)) [forward demodulation 99542,98782]
99728. multiply(X3,multiply(inverse(multiply(X0,X1)),multiply(X0,X2))) = multiply(inverse(multiply(X4,inverse(X3))),multiply(multiply(X4,inverse(X1)),X2)) [forward demodulation 99571,98347]
99736. multiply(multiply(X1,inverse(X2)),X0) = multiply(X1,multiply(inverse(X2),X0)) [forward demodulation 99597,99374]
99737. inverse(multiply(X1,X2)) = multiply(inverse(X2),multiply(X0,inverse(multiply(X1,X0)))) [forward demodulation 99598,98347]
99791. multiply(X3,multiply(multiply(inverse(X2),inverse(X0)),X1)) = multiply(inverse(multiply(inverse(inverse(X0)),multiply(X2,inverse(X3)))),X1) [forward demodulation 99712,44345]
99799. multiply(X3,multiply(inverse(X1),X2)) = multiply(inverse(multiply(X4,inverse(X3))),multiply(multiply(X4,inverse(X1)),X2)) [forward demodulation 99728,40485]
99802. multiply(inverse(X2),inverse(X1)) = inverse(multiply(X1,X2)) [forward demodulation 99737,98973]
99825. multiply(X3,multiply(multiply(inverse(X2),inverse(X0)),X1)) = multiply(inverse(multiply(X2,inverse(X3))),multiply(inverse(X0),X1)) [forward demodulation 99791,98347]
99831. multiply(X3,multiply(inverse(X1),X2)) = multiply(inverse(multiply(X4,inverse(X3))),multiply(X4,multiply(inverse(X1),X2))) [forward demodulation 99799,99736]
99840. multiply(X3,multiply(multiply(inverse(X2),inverse(X0)),X1)) = multiply(inverse(multiply(X0,multiply(X2,inverse(X3)))),X1) [forward demodulation 99825,99363]
99846. multiply(inverse(inverse(X3)),multiply(inverse(X1),X2)) = multiply(X3,multiply(inverse(X1),X2)) [forward demodulation 99831,40485]
99850. multiply(inverse(multiply(X0,multiply(X2,inverse(X3)))),X1) = multiply(X3,multiply(inverse(X2),multiply(inverse(X0),X1))) [forward demodulation 99840,99736]
99852. multiply(X3,multiply(inverse(X1),X2)) = multiply(inverse(multiply(X1,inverse(X3))),X2) [forward demodulation 99846,99363]
99856. multiply(inverse(multiply(X0,multiply(X2,inverse(X3)))),X1) = multiply(X3,multiply(inverse(multiply(X0,X2)),X1)) [forward demodulation 99850,99363]
100709. inverse(multiply(X0,inverse(X1))) = multiply(inverse(multiply(X2,inverse(X1))),multiply(X2,inverse(X0))) [superposition 125,99089]
100721. multiply(inverse(multiply(inverse(multiply(X2,X1)),multiply(X2,inverse(X0)))),X3) = multiply(inverse(inverse(multiply(X0,X1))),X3) [superposition 1227,99089]
101027. multiply(multiply(X0,X1),X3) = multiply(inverse(multiply(inverse(multiply(X2,X1)),multiply(X2,inverse(X0)))),X3) [forward demodulation 100721,98782]
101039. inverse(multiply(X0,inverse(X1))) = multiply(X1,multiply(inverse(X2),multiply(X2,inverse(X0)))) [forward demodulation 100709,99852]
101307. multiply(multiply(X0,X1),X3) = multiply(X0,multiply(inverse(multiply(inverse(multiply(X2,X1)),X2)),X3)) [forward demodulation 101027,99856]
101317. inverse(multiply(X0,inverse(X1))) = multiply(X1,inverse(X0)) [forward demodulation 101039,99195]
101512. multiply(multiply(X0,X1),X3) = multiply(X0,multiply(inverse(X2),multiply(multiply(X2,X1),X3))) [forward demodulation 101307,98347]
101981. multiply(inverse(inverse(multiply(X1,X0))),inverse(X0)) = X1 [superposition 95901,99195]
102161. inverse(multiply(X0,inverse(multiply(X1,X0)))) = X1 [forward demodulation 101981,99802]
102351. multiply(multiply(X1,X0),inverse(X0)) = X1 [forward demodulation 102161,101317]
105589. multiply(X1,multiply(inverse(multiply(X2,inverse(X3))),multiply(X2,X4))) = multiply(X1,multiply(inverse(X0),multiply(multiply(X0,X3),X4))) [superposition 3543,102351]
105631. multiply(X1,multiply(inverse(multiply(X2,inverse(X3))),multiply(X2,X4))) = multiply(multiply(X1,X3),X4) [forward demodulation 105589,101512]
105854. multiply(multiply(X1,X3),X4) = multiply(X1,multiply(X3,multiply(inverse(X2),multiply(X2,X4)))) [forward demodulation 105631,99852]
106023. multiply(X1,multiply(X3,X4)) = multiply(multiply(X1,X3),X4) [forward demodulation 105854,99195]
167289. multiply(a3,multiply(b3,c3)) != multiply(a3,multiply(b3,c3)) [superposition 2,106023]
167429. $false [trivial inequality removal 167289]
% SZS output end Proof for GRP414-1
% ------------------------------
% Version: Vampire 5.0.0 (Release build, commit 2e2c9b7b8 on 2026-01-17 12:24:14 +0100)
% Linked with Z3 4.14.0.0 3c47fd96cf5645d0c42b2c819d9e9a84380aa721 z3-4.8.4-9178-g3c47fd96c
% CaDiCaL version: 2.1.3
% Termination reason: Refutation
% Time elapsed: 4.913 s
% Peak memory usage: 135 MB
% Instructions burned: 24075 (million)
% ------------------------------
% ------------------------------
