% Running in auto input_syntax mode. Trying TPTP
% Refutation found. Thanks to Tanya!
% SZS status Unsatisfiable for GRP586-1_clausified
% SZS output start Proof for GRP586-1_clausified
1. double_divide(X0,inverse(double_divide(inverse(double_divide(double_divide(X0,X1),inverse(X2))),X1))) = X2 [input(axiom)]
2. a2 != inverse(double_divide(a2,inverse(double_divide(b2,inverse(b2))))) [input(negated conjecture)]
3. double_divide(X1,inverse(double_divide(inverse(double_divide(X0,inverse(X3))),inverse(double_divide(inverse(double_divide(double_divide(X1,X2),inverse(X0))),X2))))) = X3 [superposition 1,1]
4. double_divide(inverse(double_divide(double_divide(double_divide(X1,X2),X3),inverse(X0))),X3) = double_divide(X1,inverse(double_divide(inverse(X0),X2))) [superposition 1,1]
5. double_divide(X1,inverse(double_divide(inverse(X4),inverse(double_divide(inverse(double_divide(double_divide(X1,X2),inverse(X0))),X2))))) = double_divide(inverse(double_divide(double_divide(X0,X3),inverse(X4))),X3) [superposition 4,1]
6. double_divide(inverse(double_divide(double_divide(double_divide(X0,X2),X3),inverse(X1))),inverse(double_divide(inverse(X5),X3))) = double_divide(inverse(double_divide(double_divide(double_divide(X0,inverse(double_divide(inverse(X1),X2))),X4),inverse(X5))),X4) [superposition 4,4]
7. double_divide(X1,inverse(double_divide(inverse(X4),X2))) = double_divide(inverse(double_divide(X0,inverse(X4))),inverse(double_divide(inverse(double_divide(double_divide(double_divide(X1,X2),X3),inverse(X0))),X3))) [superposition 4,1]
9. double_divide(double_divide(X0,X2),inverse(double_divide(X0,inverse(double_divide(inverse(X1),X2))))) = X1 [superposition 1,4]
10. double_divide(inverse(double_divide(double_divide(double_divide(X0,X2),X3),inverse(X1))),inverse(double_divide(inverse(double_divide(double_divide(X0,inverse(double_divide(inverse(X1),X2))),inverse(X4))),X3))) = X4 [superposition 1,4]
12. double_divide(X1,inverse(double_divide(inverse(X4),X2))) = double_divide(inverse(double_divide(X0,inverse(X4))),inverse(double_divide(X1,inverse(double_divide(inverse(X0),X2))))) [forward demodulation 7,4]
13. double_divide(inverse(double_divide(double_divide(double_divide(X0,X2),X3),inverse(X1))),inverse(double_divide(inverse(X5),X3))) = double_divide(X0,inverse(double_divide(inverse(X5),inverse(double_divide(inverse(X1),X2))))) [forward demodulation 6,4]
15. double_divide(inverse(double_divide(X3,inverse(X0))),inverse(double_divide(inverse(double_divide(double_divide(X2,X4),inverse(X3))),X4))) = double_divide(X1,inverse(double_divide(inverse(X0),inverse(double_divide(inverse(double_divide(double_divide(X1,X5),inverse(X2))),X5))))) [superposition 3,3]
23. double_divide(inverse(double_divide(X0,inverse(X1))),inverse(X0)) = X1 [superposition 3,1]
27. double_divide(X1,inverse(double_divide(inverse(double_divide(X0,inverse(X4))),inverse(double_divide(inverse(double_divide(X2,inverse(X0))),inverse(double_divide(inverse(double_divide(double_divide(X1,X3),inverse(X2))),X3))))))) = X4 [superposition 1,3]
38. double_divide(inverse(double_divide(double_divide(X1,X2),inverse(X0))),X2) = double_divide(inverse(X0),inverse(X1)) [superposition 23,1]
39. double_divide(inverse(double_divide(X2,inverse(X0))),inverse(double_divide(inverse(double_divide(double_divide(X1,X3),inverse(X2))),X3))) = double_divide(inverse(X0),inverse(X1)) [superposition 23,3]
40. double_divide(inverse(X0),inverse(inverse(double_divide(X1,inverse(X0))))) = X1 [superposition 23,23]
52. double_divide(X2,inverse(X0)) = double_divide(double_divide(X1,inverse(X2)),inverse(double_divide(X1,inverse(X0)))) [superposition 9,23]
56. double_divide(double_divide(inverse(double_divide(double_divide(inverse(X1),X2),inverse(X0))),X2),inverse(X0)) = X1 [superposition 9,23]
63. double_divide(X1,inverse(double_divide(inverse(X0),X2))) = double_divide(inverse(X0),inverse(double_divide(X1,X2))) [superposition 23,9]
73. double_divide(double_divide(inverse(X0),inverse(inverse(X1))),inverse(X0)) = X1 [forward demodulation 56,38]
85. inverse(double_divide(double_divide(double_divide(X0,X2),inverse(X3)),inverse(X1))) = double_divide(inverse(X3),inverse(inverse(double_divide(X0,inverse(double_divide(inverse(X1),X2)))))) [superposition 40,4]
87. double_divide(X1,X2) = double_divide(inverse(double_divide(X1,inverse(double_divide(inverse(X0),X2)))),inverse(inverse(X0))) [superposition 40,9]
88. inverse(double_divide(X0,inverse(X1))) = double_divide(inverse(X0),inverse(inverse(X1))) [superposition 23,40]
89. inverse(double_divide(X0,inverse(X2))) = double_divide(X1,inverse(double_divide(inverse(X0),inverse(double_divide(inverse(double_divide(double_divide(X1,X3),inverse(inverse(X2)))),X3))))) [superposition 3,40]
97. inverse(double_divide(X0,inverse(X2))) = double_divide(X1,inverse(double_divide(inverse(X0),inverse(double_divide(inverse(inverse(X2)),inverse(X1)))))) [forward demodulation 89,38]
98. double_divide(X1,X2) = inverse(double_divide(double_divide(X1,inverse(double_divide(inverse(X0),X2))),inverse(X0))) [forward demodulation 87,88]
100. inverse(double_divide(double_divide(double_divide(X0,X2),inverse(X3)),inverse(X1))) = inverse(double_divide(X3,inverse(double_divide(X0,inverse(double_divide(inverse(X1),X2)))))) [forward demodulation 85,88]
117. double_divide(X1,inverse(double_divide(inverse(X2),inverse(inverse(double_divide(X0,inverse(X3))))))) = double_divide(inverse(double_divide(X3,inverse(X2))),inverse(double_divide(X1,inverse(X0)))) [superposition 12,40]
153. double_divide(inverse(double_divide(X3,inverse(X2))),inverse(double_divide(X1,inverse(X0)))) = double_divide(X1,inverse(inverse(double_divide(X2,inverse(double_divide(X0,inverse(X3))))))) [forward demodulation 117,88]
173. double_divide(X0,inverse(double_divide(inverse(X1),inverse(X0)))) = X1 [superposition 73,23]
176. double_divide(inverse(X1),inverse(double_divide(inverse(X0),inverse(inverse(X0))))) = X1 [superposition 1,73]
186. double_divide(inverse(double_divide(X0,inverse(X2))),inverse(X1)) = double_divide(inverse(X1),inverse(double_divide(inverse(X2),inverse(inverse(X0))))) [superposition 4,73]
187. double_divide(inverse(double_divide(X0,inverse(X2))),inverse(X1)) = double_divide(inverse(X1),inverse(inverse(double_divide(X2,inverse(X0))))) [forward demodulation 186,88]
197. double_divide(inverse(X1),inverse(inverse(double_divide(X0,inverse(X0))))) = X1 [forward demodulation 176,88]
199. double_divide(inverse(double_divide(X0,inverse(X2))),inverse(X1)) = inverse(double_divide(X1,inverse(double_divide(X2,inverse(X0))))) [forward demodulation 187,88]
203. inverse(double_divide(X1,inverse(double_divide(X0,inverse(X0))))) = X1 [forward demodulation 197,88]
206. double_divide(inverse(double_divide(X0,inverse(X0))),inverse(X1)) = X1 [forward demodulation 203,199]
227. double_divide(inverse(double_divide(double_divide(X1,X6),inverse(X4))),X6) = double_divide(X3,inverse(double_divide(inverse(X4),inverse(double_divide(X0,inverse(double_divide(inverse(X1),inverse(double_divide(inverse(double_divide(double_divide(X0,X2),inverse(X3))),X2))))))))) [superposition 5,5]
239. double_divide(X1,inverse(double_divide(inverse(X2),inverse(double_divide(inverse(double_divide(double_divide(X1,X3),inverse(X4))),X3))))) = double_divide(inverse(double_divide(X0,inverse(X2))),inverse(double_divide(inverse(double_divide(X5,inverse(X0))),inverse(double_divide(inverse(double_divide(double_divide(X4,X6),inverse(X5))),X6))))) [superposition 5,3]
241. double_divide(X3,inverse(double_divide(inverse(X4),inverse(double_divide(inverse(double_divide(double_divide(X3,X5),inverse(inverse(double_divide(double_divide(double_divide(X0,X2),X6),inverse(X1)))))),X5))))) = double_divide(inverse(double_divide(double_divide(X0,inverse(double_divide(inverse(X1),X2))),inverse(X4))),X6) [superposition 5,4]
245. double_divide(X1,inverse(double_divide(inverse(X2),inverse(double_divide(inverse(double_divide(double_divide(X1,X3),inverse(inverse(X4)))),X3))))) = double_divide(inverse(double_divide(X0,inverse(X2))),inverse(inverse(double_divide(X0,inverse(X4))))) [superposition 5,40]
262. double_divide(inverse(X2),inverse(double_divide(inverse(double_divide(double_divide(X4,X5),inverse(X0))),X5))) = double_divide(X3,inverse(double_divide(inverse(double_divide(inverse(double_divide(double_divide(X0,X1),inverse(X2))),X1)),inverse(double_divide(inverse(double_divide(double_divide(X3,X6),inverse(X4))),X6))))) [superposition 3,5]
273. double_divide(double_divide(X3,inverse(double_divide(inverse(X2),inverse(double_divide(inverse(double_divide(double_divide(inverse(X4),X5),inverse(X0))),X5))))),inverse(double_divide(X3,inverse(double_divide(inverse(double_divide(double_divide(X0,X1),inverse(X2))),X1))))) = X4 [superposition 9,5]
308. double_divide(double_divide(inverse(X2),inverse(double_divide(inverse(double_divide(double_divide(inverse(X4),X5),inverse(X0))),X5))),inverse(double_divide(inverse(double_divide(double_divide(X0,X1),inverse(X2))),X1))) = X4 [forward demodulation 273,52]
319. double_divide(inverse(X2),inverse(double_divide(inverse(double_divide(double_divide(X4,X5),inverse(X0))),X5))) = double_divide(X3,inverse(double_divide(inverse(double_divide(inverse(double_divide(double_divide(X0,X1),inverse(X2))),X1)),inverse(double_divide(inverse(X4),inverse(X3)))))) [forward demodulation 262,38]
334. double_divide(X1,inverse(double_divide(inverse(X2),inverse(double_divide(inverse(double_divide(double_divide(X1,X3),inverse(inverse(X4)))),X3))))) = inverse(double_divide(double_divide(X0,inverse(X2)),inverse(double_divide(X0,inverse(X4))))) [forward demodulation 245,88]
338. double_divide(inverse(double_divide(double_divide(X0,inverse(double_divide(inverse(X1),X2))),inverse(X4))),X6) = double_divide(X3,inverse(double_divide(inverse(X4),inverse(double_divide(inverse(inverse(double_divide(double_divide(double_divide(X0,X2),X6),inverse(X1)))),inverse(X3)))))) [forward demodulation 241,38]
340. double_divide(X1,inverse(double_divide(inverse(X2),inverse(double_divide(inverse(double_divide(double_divide(X1,X3),inverse(X4))),X3))))) = double_divide(inverse(double_divide(X0,inverse(X2))),inverse(double_divide(inverse(X0),inverse(X4)))) [forward demodulation 239,39]
350. double_divide(inverse(double_divide(double_divide(X1,X6),inverse(X4))),X6) = double_divide(X3,inverse(double_divide(double_divide(double_divide(X0,inverse(double_divide(inverse(double_divide(double_divide(X0,X2),inverse(X3))),X2))),inverse(inverse(X4))),inverse(X1)))) [forward demodulation 227,100]
380. double_divide(double_divide(inverse(X2),inverse(double_divide(inverse(double_divide(double_divide(inverse(X4),X5),inverse(X0))),X5))),inverse(double_divide(inverse(X2),inverse(X0)))) = X4 [forward demodulation 308,38]
390. double_divide(inverse(X2),inverse(double_divide(inverse(double_divide(double_divide(X4,X5),inverse(X0))),X5))) = double_divide(X3,double_divide(inverse(double_divide(X3,inverse(inverse(X4)))),inverse(inverse(double_divide(inverse(double_divide(double_divide(X0,X1),inverse(X2))),X1))))) [forward demodulation 319,199]
403. double_divide(X1,inverse(double_divide(inverse(X2),inverse(double_divide(inverse(double_divide(double_divide(X1,X3),inverse(inverse(X4)))),X3))))) = double_divide(inverse(double_divide(X4,inverse(X0))),inverse(double_divide(X0,inverse(X2)))) [forward demodulation 334,199]
407. double_divide(inverse(double_divide(double_divide(X0,inverse(double_divide(inverse(X1),X2))),inverse(X4))),X6) = inverse(double_divide(X4,inverse(double_divide(double_divide(double_divide(X0,X2),X6),inverse(X1))))) [forward demodulation 338,97]
409. double_divide(X1,inverse(double_divide(inverse(X2),inverse(double_divide(inverse(double_divide(double_divide(X1,X3),inverse(X4))),X3))))) = double_divide(inverse(X0),inverse(double_divide(inverse(double_divide(X0,inverse(X2))),inverse(X4)))) [forward demodulation 340,63]
415. double_divide(inverse(double_divide(double_divide(X1,X6),inverse(X4))),X6) = double_divide(X3,inverse(double_divide(double_divide(X3,inverse(inverse(X4))),inverse(X1)))) [forward demodulation 350,1]
436. double_divide(inverse(X2),inverse(double_divide(double_divide(inverse(X2),inverse(double_divide(inverse(double_divide(double_divide(inverse(X4),X5),inverse(X0))),X5))),inverse(X0)))) = X4 [forward demodulation 380,63]
445. double_divide(inverse(X2),inverse(double_divide(inverse(double_divide(double_divide(X4,X5),inverse(X0))),X5))) = double_divide(X3,inverse(double_divide(double_divide(X3,inverse(inverse(X4))),inverse(double_divide(inverse(double_divide(double_divide(X0,X1),inverse(X2))),X1))))) [forward demodulation 390,88]
454. double_divide(X1,inverse(double_divide(inverse(X2),inverse(double_divide(inverse(double_divide(double_divide(X1,X3),inverse(inverse(X4)))),X3))))) = double_divide(X0,inverse(inverse(double_divide(X0,inverse(double_divide(X2,inverse(X4))))))) [forward demodulation 403,153]
457. double_divide(inverse(double_divide(double_divide(X0,inverse(double_divide(inverse(X1),X2))),inverse(X4))),X6) = double_divide(inverse(double_divide(X1,inverse(double_divide(double_divide(X0,X2),X6)))),inverse(X4)) [forward demodulation 407,199]
459. double_divide(inverse(X0),inverse(double_divide(inverse(double_divide(X0,inverse(X2))),inverse(X4)))) = double_divide(X1,inverse(double_divide(inverse(X2),inverse(double_divide(inverse(X4),inverse(X1)))))) [forward demodulation 409,38]
462. double_divide(X3,inverse(double_divide(double_divide(X3,inverse(inverse(X4))),inverse(X1)))) = double_divide(inverse(X4),inverse(X1)) [forward demodulation 415,38]
476. double_divide(inverse(X2),inverse(double_divide(double_divide(inverse(X2),inverse(double_divide(inverse(X0),inverse(inverse(X4))))),inverse(X0)))) = X4 [forward demodulation 436,38]
481. double_divide(inverse(X2),inverse(double_divide(inverse(double_divide(double_divide(X4,X5),inverse(X0))),X5))) = double_divide(X3,inverse(double_divide(double_divide(X3,inverse(inverse(X4))),inverse(double_divide(inverse(X2),inverse(X0)))))) [forward demodulation 445,38]
489. double_divide(X1,inverse(double_divide(inverse(X2),inverse(double_divide(inverse(double_divide(double_divide(X1,X3),inverse(inverse(X4)))),X3))))) = double_divide(X0,inverse(double_divide(inverse(double_divide(X4,inverse(X2))),inverse(X0)))) [forward demodulation 454,199]
493. double_divide(inverse(X0),inverse(double_divide(inverse(double_divide(X0,inverse(X2))),inverse(X4)))) = double_divide(X1,double_divide(inverse(double_divide(X1,inverse(inverse(X4)))),inverse(inverse(X2)))) [forward demodulation 459,199]
502. double_divide(inverse(X2),double_divide(inverse(X2),inverse(inverse(X4)))) = X4 [forward demodulation 476,98]
504. double_divide(inverse(X2),inverse(double_divide(inverse(double_divide(double_divide(X4,X5),inverse(X0))),X5))) = double_divide(inverse(X4),inverse(double_divide(inverse(X2),inverse(X0)))) [forward demodulation 481,462]
511. double_divide(X4,inverse(X2)) = double_divide(X1,inverse(double_divide(inverse(X2),inverse(double_divide(inverse(double_divide(double_divide(X1,X3),inverse(inverse(X4)))),X3))))) [forward demodulation 489,173]
515. double_divide(inverse(X0),inverse(double_divide(inverse(double_divide(X0,inverse(X2))),inverse(X4)))) = double_divide(X1,inverse(double_divide(double_divide(X1,inverse(inverse(X4))),inverse(X2)))) [forward demodulation 493,88]
520. double_divide(inverse(X2),inverse(double_divide(X2,inverse(X4)))) = X4 [forward demodulation 502,88]
522. double_divide(inverse(X2),inverse(double_divide(inverse(X0),inverse(X4)))) = double_divide(inverse(X4),inverse(double_divide(inverse(X2),inverse(X0)))) [forward demodulation 504,38]
528. double_divide(X4,inverse(X2)) = double_divide(X1,inverse(double_divide(inverse(X2),inverse(double_divide(inverse(inverse(X4)),inverse(X1)))))) [forward demodulation 511,38]
532. double_divide(inverse(X0),inverse(double_divide(inverse(double_divide(X0,inverse(X2))),inverse(X4)))) = double_divide(inverse(X4),inverse(X2)) [forward demodulation 515,462]
534. double_divide(X2,inverse(double_divide(inverse(X2),inverse(X4)))) = X4 [forward demodulation 520,63]
538. double_divide(X4,inverse(X2)) = double_divide(X1,double_divide(inverse(double_divide(X1,inverse(inverse(inverse(X4))))),inverse(inverse(X2)))) [forward demodulation 528,199]
544. double_divide(X4,inverse(X2)) = double_divide(X1,inverse(double_divide(double_divide(X1,inverse(inverse(inverse(X4)))),inverse(X2)))) [forward demodulation 538,88]
547. double_divide(X4,inverse(X2)) = double_divide(inverse(inverse(X4)),inverse(X2)) [forward demodulation 544,462]
555. inverse(double_divide(X0,inverse(X1))) = double_divide(X1,inverse(X0)) [superposition 534,40]
558. double_divide(inverse(X2),inverse(double_divide(inverse(double_divide(double_divide(inverse(X3),X4),inverse(X0))),X4))) = double_divide(X3,inverse(double_divide(inverse(double_divide(double_divide(X0,X1),inverse(X2))),X1))) [superposition 534,5]
565. double_divide(inverse(double_divide(X1,inverse(X2))),inverse(X0)) = double_divide(X1,inverse(double_divide(inverse(X2),inverse(X0)))) [superposition 12,534]
566. double_divide(double_divide(X1,inverse(X0)),inverse(X0)) = X1 [superposition 9,534]
572. double_divide(X1,inverse(double_divide(inverse(X2),inverse(double_divide(inverse(X0),X3))))) = double_divide(inverse(double_divide(double_divide(double_divide(inverse(double_divide(X1,X3)),inverse(X0)),X4),inverse(X2))),X4) [superposition 5,534]
574. double_divide(X1,inverse(double_divide(inverse(X0),X2))) = double_divide(inverse(double_divide(X1,X2)),inverse(X0)) [superposition 1,534]
577. double_divide(X1,inverse(double_divide(inverse(X2),inverse(double_divide(inverse(double_divide(double_divide(X1,X3),inverse(X4))),X3))))) = double_divide(inverse(double_divide(X0,inverse(X2))),inverse(double_divide(inverse(X4),inverse(X0)))) [superposition 5,534]
581. double_divide(inverse(double_divide(double_divide(X0,X2),inverse(X3))),X2) = double_divide(X1,inverse(double_divide(inverse(X3),inverse(double_divide(inverse(X1),inverse(X0)))))) [superposition 4,534]
584. double_divide(double_divide(X1,inverse(double_divide(inverse(inverse(X2)),inverse(X0)))),inverse(double_divide(X1,inverse(X0)))) = X2 [superposition 9,534]
587. double_divide(double_divide(inverse(inverse(X2)),inverse(X0)),inverse(X0)) = X2 [forward demodulation 584,52]
590. double_divide(inverse(double_divide(double_divide(X0,X2),inverse(X3))),X2) = double_divide(X1,double_divide(inverse(double_divide(X0,inverse(inverse(X1)))),inverse(inverse(X3)))) [forward demodulation 581,199]
594. double_divide(X1,inverse(double_divide(inverse(X2),inverse(double_divide(inverse(double_divide(double_divide(X1,X3),inverse(X4))),X3))))) = double_divide(inverse(X0),inverse(double_divide(inverse(double_divide(X0,inverse(X2))),inverse(X4)))) [forward demodulation 577,522]
597. double_divide(X1,inverse(double_divide(inverse(X2),inverse(double_divide(inverse(X0),X3))))) = double_divide(inverse(double_divide(X1,X3)),inverse(double_divide(inverse(X2),inverse(X0)))) [forward demodulation 572,4]
601. double_divide(X1,inverse(double_divide(inverse(X2),inverse(X0)))) = double_divide(X1,inverse(double_divide(inverse(X0),inverse(X2)))) [forward demodulation 565,574]
607. double_divide(inverse(X2),inverse(double_divide(inverse(double_divide(double_divide(inverse(X3),X4),inverse(X0))),X4))) = double_divide(X3,inverse(double_divide(inverse(X2),inverse(X0)))) [forward demodulation 558,38]
614. inverse(inverse(X2)) = X2 [forward demodulation 587,566]
617. double_divide(inverse(double_divide(double_divide(X0,X2),inverse(X3))),X2) = double_divide(X1,double_divide(X0,inverse(double_divide(inverse(inverse(X3)),inverse(inverse(X1)))))) [forward demodulation 590,574]
621. double_divide(X1,inverse(double_divide(inverse(X2),inverse(double_divide(inverse(double_divide(double_divide(X1,X3),inverse(X4))),X3))))) = double_divide(inverse(X4),inverse(X2)) [forward demodulation 594,532]
624. double_divide(X1,inverse(double_divide(inverse(X2),inverse(double_divide(inverse(X0),X3))))) = double_divide(X1,inverse(double_divide(inverse(double_divide(inverse(X2),inverse(X0))),X3))) [forward demodulation 597,574]
628. double_divide(X1,inverse(double_divide(inverse(X2),inverse(X0)))) = double_divide(X1,double_divide(X2,inverse(inverse(X0)))) [forward demodulation 601,555]
630. double_divide(inverse(X2),inverse(double_divide(inverse(double_divide(double_divide(inverse(X3),X4),inverse(X0))),X4))) = double_divide(X3,double_divide(X0,inverse(inverse(X2)))) [forward demodulation 607,555]
634. double_divide(inverse(double_divide(double_divide(X0,X2),inverse(X3))),X2) = double_divide(X1,double_divide(X0,double_divide(inverse(X1),inverse(inverse(inverse(X3)))))) [forward demodulation 617,555]
638. double_divide(inverse(X4),inverse(X2)) = double_divide(X1,double_divide(double_divide(inverse(double_divide(double_divide(X1,X3),inverse(X4))),X3),inverse(inverse(X2)))) [forward demodulation 621,555]
641. double_divide(X1,inverse(double_divide(inverse(X2),inverse(double_divide(inverse(X0),X3))))) = double_divide(X1,inverse(double_divide(double_divide(X0,inverse(inverse(X2))),X3))) [forward demodulation 624,555]
645. double_divide(X1,inverse(double_divide(inverse(X2),inverse(X0)))) = double_divide(X1,double_divide(X2,X0)) [forward demodulation 628,614]
647. double_divide(inverse(X2),inverse(double_divide(inverse(double_divide(double_divide(inverse(X3),X4),inverse(X0))),X4))) = double_divide(X3,double_divide(X0,X2)) [forward demodulation 630,614]
651. double_divide(inverse(double_divide(double_divide(X0,X2),inverse(X3))),X2) = double_divide(X1,double_divide(X0,inverse(double_divide(X1,inverse(inverse(X3)))))) [forward demodulation 634,88]
655. double_divide(inverse(X4),inverse(X2)) = double_divide(X1,double_divide(double_divide(inverse(double_divide(double_divide(X1,X3),inverse(X4))),X3),X2)) [forward demodulation 638,614]
657. double_divide(X1,inverse(double_divide(inverse(X2),inverse(double_divide(inverse(X0),X3))))) = double_divide(X1,inverse(double_divide(double_divide(X0,X2),X3))) [forward demodulation 641,614]
660. double_divide(X1,double_divide(X2,X0)) = double_divide(X1,double_divide(X0,inverse(inverse(X2)))) [forward demodulation 645,555]
661. double_divide(inverse(X2),inverse(double_divide(inverse(X0),inverse(inverse(X3))))) = double_divide(X3,double_divide(X0,X2)) [forward demodulation 647,38]
665. double_divide(inverse(double_divide(double_divide(X0,X2),inverse(X3))),X2) = double_divide(X1,double_divide(X0,double_divide(inverse(X3),inverse(X1)))) [forward demodulation 651,555]
669. double_divide(inverse(X4),inverse(X2)) = double_divide(X1,double_divide(double_divide(inverse(X4),inverse(X1)),X2)) [forward demodulation 655,38]
671. double_divide(X1,inverse(double_divide(double_divide(X0,X2),X3))) = double_divide(X1,double_divide(double_divide(inverse(X0),X3),inverse(inverse(X2)))) [forward demodulation 657,555]
674. double_divide(X1,double_divide(X2,X0)) = double_divide(X1,double_divide(X0,X2)) [forward demodulation 660,614]
675. double_divide(X3,double_divide(X0,X2)) = double_divide(inverse(X2),double_divide(inverse(X3),inverse(inverse(X0)))) [forward demodulation 661,555]
679. double_divide(inverse(X3),inverse(X0)) = double_divide(X1,double_divide(X0,double_divide(inverse(X3),inverse(X1)))) [forward demodulation 665,38]
683. double_divide(X1,inverse(double_divide(double_divide(X0,X2),X3))) = double_divide(X1,double_divide(double_divide(inverse(X0),X3),X2)) [forward demodulation 671,614]
686. double_divide(X3,double_divide(X0,X2)) = double_divide(inverse(X2),inverse(double_divide(X3,inverse(X0)))) [forward demodulation 675,88]
692. double_divide(X3,double_divide(X0,X2)) = double_divide(inverse(X2),double_divide(X0,inverse(X3))) [forward demodulation 686,555]
721. double_divide(inverse(X0),inverse(double_divide(inverse(double_divide(double_divide(X1,inverse(double_divide(inverse(double_divide(inverse(double_divide(double_divide(double_divide(double_divide(X1,X2),X3),X4),inverse(X0))),X4)),X2))),inverse(X5))),X3))) = X5 [superposition 10,1]
749. double_divide(inverse(X2),inverse(double_divide(inverse(double_divide(double_divide(double_divide(X3,inverse(double_divide(inverse(X6),X4))),X7),inverse(X0))),X7))) = double_divide(inverse(double_divide(double_divide(double_divide(X3,X4),X5),inverse(X6))),inverse(double_divide(inverse(double_divide(inverse(double_divide(double_divide(X0,X1),inverse(X2))),X1)),X5))) [superposition 10,5]
776. double_divide(X1,inverse(double_divide(inverse(X2),inverse(double_divide(inverse(double_divide(double_divide(X1,X3),inverse(inverse(double_divide(double_divide(double_divide(X4,X5),X6),inverse(X7)))))),X3))))) = double_divide(inverse(double_divide(X0,inverse(X2))),inverse(double_divide(inverse(double_divide(double_divide(X4,inverse(double_divide(inverse(X7),X5))),inverse(X0))),X6))) [superposition 5,10]
779. double_divide(X1,inverse(double_divide(inverse(X2),inverse(double_divide(inverse(double_divide(double_divide(X1,X3),inverse(inverse(double_divide(double_divide(double_divide(X4,X5),X6),inverse(X7)))))),X3))))) = double_divide(X0,inverse(double_divide(inverse(double_divide(inverse(double_divide(double_divide(X4,inverse(double_divide(inverse(X7),X5))),inverse(X0))),X6)),inverse(X2)))) [forward demodulation 776,574]
803. double_divide(inverse(X2),inverse(double_divide(inverse(double_divide(double_divide(double_divide(X3,inverse(double_divide(inverse(X6),X4))),X7),inverse(X0))),X7))) = double_divide(X3,inverse(double_divide(inverse(double_divide(inverse(double_divide(double_divide(X0,X1),inverse(X2))),X1)),inverse(double_divide(inverse(X6),X4))))) [forward demodulation 749,13]
830. double_divide(inverse(X0),inverse(double_divide(inverse(double_divide(double_divide(inverse(double_divide(double_divide(double_divide(double_divide(X1,X2),X3),X4),inverse(X0))),X4),inverse(double_divide(double_divide(X1,X2),X3)))),inverse(X5)))) = X5 [forward demodulation 721,457]
851. double_divide(X1,inverse(double_divide(inverse(X2),inverse(double_divide(inverse(double_divide(double_divide(X1,X3),inverse(inverse(double_divide(double_divide(double_divide(X4,X5),X6),inverse(X7)))))),X3))))) = double_divide(X0,double_divide(X2,inverse(inverse(double_divide(inverse(double_divide(double_divide(X4,inverse(double_divide(inverse(X7),X5))),inverse(X0))),X6))))) [forward demodulation 779,555]
872. double_divide(inverse(X2),inverse(double_divide(inverse(double_divide(double_divide(double_divide(X3,inverse(double_divide(inverse(X6),X4))),X7),inverse(X0))),X7))) = double_divide(X3,double_divide(double_divide(inverse(X6),X4),inverse(inverse(double_divide(inverse(double_divide(double_divide(X0,X1),inverse(X2))),X1))))) [forward demodulation 803,555]
893. double_divide(inverse(X0),double_divide(X5,inverse(inverse(double_divide(double_divide(inverse(double_divide(double_divide(double_divide(double_divide(X1,X2),X3),X4),inverse(X0))),X4),inverse(double_divide(double_divide(X1,X2),X3))))))) = X5 [forward demodulation 830,555]
914. double_divide(X1,inverse(double_divide(inverse(X2),inverse(double_divide(inverse(double_divide(double_divide(X1,X3),inverse(inverse(double_divide(double_divide(double_divide(X4,X5),X6),inverse(X7)))))),X3))))) = double_divide(X0,double_divide(X2,double_divide(inverse(double_divide(double_divide(X4,inverse(double_divide(inverse(X7),X5))),inverse(X0))),X6))) [forward demodulation 851,614]
932. double_divide(inverse(X2),inverse(double_divide(inverse(double_divide(double_divide(double_divide(X3,inverse(double_divide(inverse(X6),X4))),X7),inverse(X0))),X7))) = double_divide(X3,double_divide(double_divide(inverse(X6),X4),double_divide(inverse(double_divide(double_divide(X0,X1),inverse(X2))),X1))) [forward demodulation 872,614]
952. double_divide(inverse(double_divide(double_divide(inverse(double_divide(double_divide(double_divide(double_divide(X1,X2),X3),X4),inverse(X0))),X4),inverse(double_divide(double_divide(X1,X2),X3)))),double_divide(X5,X0)) = X5 [forward demodulation 893,692]
973. double_divide(X1,inverse(double_divide(inverse(X2),inverse(double_divide(inverse(double_divide(double_divide(X1,X3),inverse(inverse(double_divide(double_divide(double_divide(X4,X5),X6),inverse(X7)))))),X3))))) = double_divide(X0,double_divide(X2,double_divide(inverse(double_divide(X7,inverse(double_divide(double_divide(X4,X5),X6)))),inverse(X0)))) [forward demodulation 914,457]
988. double_divide(inverse(X2),inverse(double_divide(inverse(double_divide(double_divide(double_divide(X3,inverse(double_divide(inverse(X6),X4))),X7),inverse(X0))),X7))) = double_divide(X3,double_divide(double_divide(inverse(X6),X4),double_divide(X1,inverse(double_divide(double_divide(X0,X1),inverse(X2)))))) [forward demodulation 932,674]
1008. double_divide(double_divide(double_divide(double_divide(X1,X2),X3),inverse(double_divide(inverse(double_divide(double_divide(double_divide(double_divide(X1,X2),X3),X4),inverse(X0))),X4))),double_divide(X5,X0)) = X5 [forward demodulation 952,555]
1029. double_divide(X1,inverse(double_divide(inverse(X2),inverse(double_divide(inverse(double_divide(double_divide(X1,X3),inverse(inverse(double_divide(double_divide(double_divide(X4,X5),X6),inverse(X7)))))),X3))))) = double_divide(inverse(double_divide(X7,inverse(double_divide(double_divide(X4,X5),X6)))),inverse(X2)) [forward demodulation 973,679]
1044. double_divide(inverse(X2),inverse(double_divide(inverse(double_divide(double_divide(double_divide(X3,inverse(double_divide(inverse(X6),X4))),X7),inverse(X0))),X7))) = double_divide(X3,double_divide(double_divide(inverse(X6),X4),double_divide(X1,double_divide(double_divide(inverse(X0),inverse(X2)),X1)))) [forward demodulation 988,683]
1064. double_divide(X0,double_divide(X5,X0)) = X5 [forward demodulation 1008,1]
1085. double_divide(X1,inverse(double_divide(inverse(X2),inverse(double_divide(inverse(double_divide(double_divide(X1,X3),inverse(inverse(double_divide(double_divide(double_divide(X4,X5),X6),inverse(X7)))))),X3))))) = double_divide(X7,inverse(double_divide(inverse(X2),inverse(double_divide(double_divide(X4,X5),X6))))) [forward demodulation 1029,574]
1099. double_divide(X3,double_divide(double_divide(inverse(X6),X4),double_divide(X1,double_divide(double_divide(inverse(X0),inverse(X2)),X1)))) = double_divide(inverse(X2),inverse(double_divide(X3,inverse(double_divide(inverse(X0),inverse(double_divide(inverse(X6),X4))))))) [forward demodulation 1044,4]
1136. double_divide(X1,inverse(double_divide(inverse(X2),inverse(double_divide(inverse(double_divide(double_divide(X1,X3),inverse(inverse(double_divide(double_divide(double_divide(X4,X5),X6),inverse(X7)))))),X3))))) = double_divide(X7,double_divide(double_divide(double_divide(X4,X5),X6),inverse(inverse(X2)))) [forward demodulation 1085,555]
1149. double_divide(X3,double_divide(double_divide(inverse(X6),X4),double_divide(X1,double_divide(double_divide(inverse(X0),inverse(X2)),X1)))) = double_divide(inverse(X2),inverse(double_divide(double_divide(double_divide(inverse(X0),X4),inverse(X3)),inverse(X6)))) [forward demodulation 1099,100]
1181. double_divide(X1,inverse(double_divide(inverse(X2),inverse(double_divide(inverse(double_divide(double_divide(X1,X3),inverse(inverse(double_divide(double_divide(double_divide(X4,X5),X6),inverse(X7)))))),X3))))) = double_divide(X7,double_divide(double_divide(double_divide(X4,X5),X6),X2)) [forward demodulation 1136,614]
1193. double_divide(X3,double_divide(double_divide(inverse(X6),X4),double_divide(X1,double_divide(double_divide(inverse(X0),inverse(X2)),X1)))) = double_divide(inverse(X2),double_divide(double_divide(inverse(double_divide(inverse(X0),X4)),inverse(X6)),inverse(X3))) [forward demodulation 1149,683]
1224. double_divide(X7,double_divide(double_divide(double_divide(X4,X5),X6),X2)) = double_divide(X1,double_divide(double_divide(inverse(double_divide(double_divide(X1,X3),inverse(inverse(double_divide(double_divide(double_divide(X4,X5),X6),inverse(X7)))))),X3),inverse(inverse(X2)))) [forward demodulation 1181,555]
1236. double_divide(X3,double_divide(double_divide(inverse(X6),X4),double_divide(X1,double_divide(double_divide(inverse(X0),inverse(X2)),X1)))) = double_divide(X3,double_divide(double_divide(inverse(double_divide(inverse(X0),X4)),inverse(X6)),X2)) [forward demodulation 1193,692]
1253. double_divide(X7,double_divide(double_divide(double_divide(X4,X5),X6),X2)) = double_divide(X1,double_divide(double_divide(inverse(double_divide(double_divide(X1,X3),inverse(inverse(double_divide(double_divide(double_divide(X4,X5),X6),inverse(X7)))))),X3),X2)) [forward demodulation 1224,614]
1263. double_divide(X3,double_divide(double_divide(inverse(X6),X4),double_divide(X1,double_divide(double_divide(inverse(X0),inverse(X2)),X1)))) = double_divide(X3,double_divide(double_divide(inverse(X0),inverse(double_divide(inverse(X6),X4))),X2)) [forward demodulation 1236,574]
1278. double_divide(X7,double_divide(double_divide(double_divide(X4,X5),X6),X2)) = double_divide(X1,double_divide(double_divide(inverse(inverse(double_divide(double_divide(double_divide(X4,X5),X6),inverse(X7)))),inverse(X1)),X2)) [forward demodulation 1253,38]
1286. double_divide(X3,double_divide(double_divide(inverse(X0),inverse(double_divide(inverse(X6),X4))),X2)) = double_divide(X3,double_divide(double_divide(inverse(X6),X4),double_divide(inverse(X0),inverse(X2)))) [forward demodulation 1263,1064]
1295. double_divide(X7,double_divide(double_divide(double_divide(X4,X5),X6),X2)) = double_divide(inverse(inverse(double_divide(double_divide(double_divide(X4,X5),X6),inverse(X7)))),inverse(X2)) [forward demodulation 1278,669]
1304. double_divide(X7,double_divide(double_divide(double_divide(X4,X5),X6),X2)) = double_divide(double_divide(double_divide(double_divide(X4,X5),X6),inverse(X7)),inverse(X2)) [forward demodulation 1295,547]
1328. double_divide(X1,inverse(double_divide(X0,X2))) = double_divide(inverse(double_divide(double_divide(double_divide(X1,X2),X3),X0)),X3) [superposition 4,614]
1329. double_divide(inverse(double_divide(double_divide(inverse(X0),X4),inverse(X2))),X4) = double_divide(X1,inverse(double_divide(inverse(X2),inverse(double_divide(inverse(double_divide(double_divide(X1,X3),X0)),X3))))) [superposition 5,614]
1330. double_divide(X1,inverse(double_divide(X0,inverse(double_divide(inverse(double_divide(double_divide(X1,X2),inverse(X3))),X2))))) = double_divide(inverse(double_divide(double_divide(X3,X4),X0)),X4) [superposition 5,614]
1339. double_divide(double_divide(X0,inverse(inverse(X1))),X0) = X1 [superposition 73,614]
1344. double_divide(double_divide(X0,X1),X0) = X1 [forward demodulation 1339,614]
1353. double_divide(inverse(double_divide(double_divide(X3,X4),X0)),X4) = double_divide(X1,double_divide(double_divide(inverse(double_divide(double_divide(X1,X2),inverse(X3))),X2),inverse(X0))) [forward demodulation 1330,555]
1354. double_divide(inverse(double_divide(double_divide(inverse(X0),X4),inverse(X2))),X4) = double_divide(X1,double_divide(double_divide(inverse(double_divide(double_divide(X1,X3),X0)),X3),inverse(inverse(X2)))) [forward demodulation 1329,555]
1361. double_divide(inverse(double_divide(double_divide(X3,X4),X0)),X4) = double_divide(X1,double_divide(double_divide(inverse(X3),inverse(X1)),inverse(X0))) [forward demodulation 1353,38]
1362. double_divide(inverse(double_divide(double_divide(inverse(X0),X4),inverse(X2))),X4) = double_divide(X1,double_divide(double_divide(inverse(double_divide(double_divide(X1,X3),X0)),X3),X2)) [forward demodulation 1354,614]
1368. double_divide(inverse(X3),inverse(inverse(X0))) = double_divide(inverse(double_divide(double_divide(X3,X4),X0)),X4) [forward demodulation 1361,669]
1369. double_divide(inverse(X2),inverse(inverse(X0))) = double_divide(X1,double_divide(double_divide(inverse(double_divide(double_divide(X1,X3),X0)),X3),X2)) [forward demodulation 1362,38]
1372. inverse(double_divide(X3,inverse(X0))) = double_divide(inverse(double_divide(double_divide(X3,X4),X0)),X4) [forward demodulation 1368,88]
1373. inverse(double_divide(X2,inverse(X0))) = double_divide(X1,double_divide(double_divide(inverse(double_divide(double_divide(X1,X3),X0)),X3),X2)) [forward demodulation 1369,88]
1375. double_divide(X0,inverse(X3)) = double_divide(inverse(double_divide(double_divide(X3,X4),X0)),X4) [forward demodulation 1372,555]
1376. double_divide(X0,inverse(X2)) = double_divide(X1,double_divide(double_divide(inverse(double_divide(double_divide(X1,X3),X0)),X3),X2)) [forward demodulation 1373,555]
1378. double_divide(X0,inverse(X2)) = double_divide(X1,double_divide(double_divide(X0,inverse(X1)),X2)) [forward demodulation 1376,1375]
1382. double_divide(X1,inverse(double_divide(inverse(X4),inverse(double_divide(inverse(X3),inverse(double_divide(inverse(X1),inverse(X0)))))))) = double_divide(inverse(double_divide(double_divide(X0,X2),inverse(X3))),inverse(double_divide(inverse(X4),X2))) [superposition 13,534]
1392. double_divide(X1,inverse(double_divide(inverse(X4),inverse(double_divide(inverse(X3),X2))))) = double_divide(inverse(double_divide(X0,inverse(X3))),inverse(double_divide(inverse(X4),inverse(double_divide(X1,inverse(double_divide(inverse(X0),X2))))))) [superposition 13,9]
1415. double_divide(X1,inverse(double_divide(inverse(X3),inverse(double_divide(inverse(X4),X2))))) = double_divide(inverse(double_divide(double_divide(double_divide(X1,X2),inverse(double_divide(inverse(inverse(X3)),inverse(X0)))),inverse(X4))),inverse(X0)) [superposition 13,534]
1439. double_divide(X4,inverse(double_divide(inverse(X5),inverse(double_divide(inverse(double_divide(double_divide(X4,X6),inverse(inverse(double_divide(double_divide(double_divide(X0,X3),X7),inverse(X2)))))),X6))))) = double_divide(inverse(double_divide(double_divide(X0,inverse(double_divide(inverse(X1),inverse(double_divide(inverse(X2),X3))))),inverse(X5))),inverse(double_divide(inverse(X1),X7))) [superposition 5,13]
1446. double_divide(X4,inverse(double_divide(inverse(X5),inverse(double_divide(inverse(double_divide(double_divide(X4,X6),inverse(inverse(double_divide(double_divide(double_divide(X0,X3),X7),inverse(X2)))))),X6))))) = double_divide(inverse(X1),inverse(double_divide(inverse(double_divide(double_divide(X0,inverse(double_divide(inverse(X1),inverse(double_divide(inverse(X2),X3))))),inverse(X5))),X7))) [forward demodulation 1439,63]
1468. double_divide(X1,inverse(double_divide(inverse(X3),inverse(double_divide(inverse(X4),X2))))) = double_divide(inverse(double_divide(inverse(X3),inverse(double_divide(double_divide(double_divide(X1,X2),inverse(X0)),inverse(X0))))),inverse(X4)) [forward demodulation 1415,457]
1491. double_divide(X1,inverse(double_divide(inverse(X4),inverse(double_divide(inverse(X3),X2))))) = double_divide(X0,inverse(double_divide(inverse(double_divide(inverse(X4),inverse(double_divide(X1,inverse(double_divide(inverse(X0),X2)))))),inverse(X3)))) [forward demodulation 1392,574]
1501. double_divide(X1,inverse(double_divide(inverse(X4),inverse(double_divide(inverse(X3),inverse(double_divide(inverse(X1),inverse(X0)))))))) = double_divide(double_divide(X0,X2),inverse(double_divide(inverse(double_divide(inverse(X4),X2)),inverse(X3)))) [forward demodulation 1382,574]
1508. double_divide(X4,inverse(double_divide(inverse(X5),inverse(double_divide(inverse(double_divide(double_divide(X4,X6),inverse(inverse(double_divide(double_divide(double_divide(X0,X3),X7),inverse(X2)))))),X6))))) = double_divide(inverse(X1),inverse(double_divide(inverse(double_divide(X1,inverse(double_divide(double_divide(X0,inverse(double_divide(inverse(X2),X3))),X7)))),inverse(X5)))) [forward demodulation 1446,457]
1528. double_divide(X1,inverse(double_divide(inverse(X3),inverse(double_divide(inverse(X4),X2))))) = double_divide(inverse(X3),inverse(double_divide(inverse(X4),inverse(double_divide(double_divide(double_divide(X1,X2),inverse(X0)),inverse(X0)))))) [forward demodulation 1468,574]
1551. double_divide(X1,inverse(double_divide(inverse(X4),inverse(double_divide(inverse(X3),X2))))) = double_divide(X0,double_divide(X3,inverse(inverse(double_divide(inverse(X4),inverse(double_divide(X1,inverse(double_divide(inverse(X0),X2))))))))) [forward demodulation 1491,555]
1561. double_divide(X1,inverse(double_divide(inverse(X4),inverse(double_divide(inverse(X3),inverse(double_divide(inverse(X1),inverse(X0)))))))) = double_divide(double_divide(X0,X2),double_divide(X3,inverse(inverse(double_divide(inverse(X4),X2))))) [forward demodulation 1501,555]
1568. double_divide(X4,inverse(double_divide(inverse(X5),inverse(double_divide(inverse(double_divide(double_divide(X4,X6),inverse(inverse(double_divide(double_divide(double_divide(X0,X3),X7),inverse(X2)))))),X6))))) = double_divide(inverse(X5),inverse(double_divide(double_divide(X0,inverse(double_divide(inverse(X2),X3))),X7))) [forward demodulation 1508,532]
1588. double_divide(X1,inverse(double_divide(inverse(X3),inverse(double_divide(inverse(X4),X2))))) = double_divide(inverse(X3),double_divide(inverse(double_divide(X0,inverse(double_divide(double_divide(X1,X2),inverse(X0))))),inverse(inverse(X4)))) [forward demodulation 1528,199]
1611. double_divide(X1,inverse(double_divide(inverse(X4),inverse(double_divide(inverse(X3),X2))))) = double_divide(X0,double_divide(X3,double_divide(inverse(X4),inverse(double_divide(X1,inverse(double_divide(inverse(X0),X2))))))) [forward demodulation 1551,614]
1621. double_divide(X1,inverse(double_divide(inverse(X4),inverse(double_divide(inverse(X3),inverse(double_divide(inverse(X1),inverse(X0)))))))) = double_divide(double_divide(X0,X2),double_divide(X3,double_divide(inverse(X4),X2))) [forward demodulation 1561,614]
1628. double_divide(X4,inverse(double_divide(inverse(X5),inverse(double_divide(inverse(double_divide(double_divide(X4,X6),inverse(inverse(double_divide(double_divide(double_divide(X0,X3),X7),inverse(X2)))))),X6))))) = double_divide(inverse(X5),double_divide(double_divide(inverse(X0),X7),inverse(double_divide(inverse(X2),X3)))) [forward demodulation 1568,683]
1645. double_divide(X1,inverse(double_divide(inverse(X3),inverse(double_divide(inverse(X4),X2))))) = double_divide(inverse(X4),double_divide(inverse(double_divide(X0,inverse(double_divide(double_divide(X1,X2),inverse(X0))))),X3)) [forward demodulation 1588,692]
1667. double_divide(X1,inverse(double_divide(inverse(X4),inverse(double_divide(inverse(X3),X2))))) = double_divide(X0,double_divide(X3,double_divide(inverse(X4),double_divide(double_divide(inverse(X0),X2),inverse(X1))))) [forward demodulation 1611,555]
1677. double_divide(double_divide(X0,X2),double_divide(X3,double_divide(inverse(X4),X2))) = double_divide(X1,inverse(double_divide(double_divide(double_divide(inverse(X3),inverse(X0)),inverse(inverse(X4))),inverse(X1)))) [forward demodulation 1621,100]
1684. double_divide(X4,inverse(double_divide(inverse(X5),inverse(double_divide(inverse(double_divide(double_divide(X4,X6),inverse(inverse(double_divide(double_divide(double_divide(X0,X3),X7),inverse(X2)))))),X6))))) = double_divide(double_divide(inverse(X2),X3),double_divide(double_divide(inverse(X0),X7),X5)) [forward demodulation 1628,692]
1699. double_divide(X1,inverse(double_divide(inverse(X3),inverse(double_divide(inverse(X4),X2))))) = double_divide(inverse(X4),double_divide(double_divide(inverse(double_divide(X0,inverse(double_divide(X1,X2)))),inverse(X0)),X3)) [forward demodulation 1645,199]
1718. double_divide(X1,inverse(double_divide(inverse(X4),inverse(double_divide(inverse(X3),X2))))) = double_divide(X0,double_divide(X3,double_divide(X1,double_divide(double_divide(inverse(X0),X2),X4)))) [forward demodulation 1667,692]
1728. double_divide(double_divide(X0,X2),double_divide(X3,double_divide(inverse(X4),X2))) = double_divide(X1,double_divide(double_divide(inverse(double_divide(inverse(X3),inverse(X0))),inverse(X1)),inverse(inverse(X4)))) [forward demodulation 1677,683]
1735. double_divide(double_divide(inverse(X2),X3),double_divide(double_divide(inverse(X0),X7),X5)) = double_divide(X4,double_divide(double_divide(inverse(double_divide(double_divide(X4,X6),inverse(inverse(double_divide(double_divide(double_divide(X0,X3),X7),inverse(X2)))))),X6),inverse(inverse(X5)))) [forward demodulation 1684,555]
1750. double_divide(X1,inverse(double_divide(inverse(X3),inverse(double_divide(inverse(X4),X2))))) = double_divide(inverse(X4),double_divide(double_divide(X1,X2),X3)) [forward demodulation 1699,23]
1767. double_divide(X0,double_divide(X3,double_divide(X1,double_divide(double_divide(inverse(X0),X2),X4)))) = double_divide(X1,double_divide(double_divide(inverse(X3),X2),inverse(inverse(X4)))) [forward demodulation 1718,555]
1777. double_divide(double_divide(X0,X2),double_divide(X3,double_divide(inverse(X4),X2))) = double_divide(inverse(double_divide(inverse(X3),inverse(X0))),inverse(inverse(inverse(X4)))) [forward demodulation 1728,669]
1784. double_divide(double_divide(inverse(X2),X3),double_divide(double_divide(inverse(X0),X7),X5)) = double_divide(X4,double_divide(double_divide(inverse(double_divide(double_divide(X4,X6),inverse(inverse(double_divide(double_divide(double_divide(X0,X3),X7),inverse(X2)))))),X6),X5)) [forward demodulation 1735,614]
1798. double_divide(inverse(X4),double_divide(double_divide(X1,X2),X3)) = double_divide(X1,double_divide(double_divide(inverse(X4),X2),inverse(inverse(X3)))) [forward demodulation 1750,555]
1815. double_divide(X0,double_divide(X3,double_divide(X1,double_divide(double_divide(inverse(X0),X2),X4)))) = double_divide(X1,double_divide(double_divide(inverse(X3),X2),X4)) [forward demodulation 1767,614]
1825. double_divide(double_divide(X0,X2),double_divide(X3,double_divide(inverse(X4),X2))) = double_divide(inverse(X3),inverse(double_divide(inverse(inverse(inverse(X4))),inverse(X0)))) [forward demodulation 1777,574]
1832. double_divide(double_divide(inverse(X2),X3),double_divide(double_divide(inverse(X0),X7),X5)) = double_divide(X4,double_divide(double_divide(inverse(inverse(double_divide(double_divide(double_divide(X0,X3),X7),inverse(X2)))),inverse(X4)),X5)) [forward demodulation 1784,38]
1846. double_divide(inverse(X4),double_divide(double_divide(X1,X2),X3)) = double_divide(X1,double_divide(double_divide(inverse(X4),X2),X3)) [forward demodulation 1798,614]
1870. double_divide(double_divide(X0,X2),double_divide(X3,double_divide(inverse(X4),X2))) = double_divide(inverse(X3),double_divide(X0,inverse(inverse(inverse(inverse(X4)))))) [forward demodulation 1825,555]
1876. double_divide(double_divide(inverse(X2),X3),double_divide(double_divide(inverse(X0),X7),X5)) = double_divide(inverse(inverse(double_divide(double_divide(double_divide(X0,X3),X7),inverse(X2)))),inverse(X5)) [forward demodulation 1832,669]
1906. double_divide(double_divide(X0,X2),double_divide(X3,double_divide(inverse(X4),X2))) = double_divide(inverse(inverse(inverse(X4))),double_divide(X0,X3)) [forward demodulation 1870,692]
1912. double_divide(double_divide(inverse(X2),X3),double_divide(double_divide(inverse(X0),X7),X5)) = double_divide(double_divide(double_divide(double_divide(X0,X3),X7),inverse(X2)),inverse(X5)) [forward demodulation 1876,547]
1939. double_divide(double_divide(X0,X2),double_divide(X3,double_divide(inverse(X4),X2))) = double_divide(inverse(X4),double_divide(X0,X3)) [forward demodulation 1906,614]
1945. double_divide(double_divide(inverse(X2),X3),double_divide(double_divide(inverse(X0),X7),X5)) = double_divide(X2,double_divide(double_divide(double_divide(X0,X3),X7),X5)) [forward demodulation 1912,1304]
2025. inverse(double_divide(double_divide(double_divide(X0,X2),X3),inverse(X1))) = double_divide(X3,double_divide(X0,inverse(double_divide(inverse(X1),X2)))) [superposition 1064,4]
2030. inverse(double_divide(double_divide(X3,X4),inverse(X1))) = double_divide(X4,double_divide(X0,inverse(double_divide(inverse(X1),inverse(double_divide(inverse(double_divide(double_divide(X0,X2),inverse(X3))),X2)))))) [superposition 1064,5]
2044. double_divide(inverse(double_divide(X3,inverse(X2))),inverse(double_divide(X1,inverse(X0)))) = double_divide(X1,inverse(double_divide(inverse(X2),double_divide(X0,inverse(X3))))) [superposition 12,1064]
2055. double_divide(inverse(double_divide(X3,inverse(X2))),inverse(double_divide(X1,inverse(X0)))) = double_divide(X1,inverse(double_divide(X3,double_divide(X0,X2)))) [forward demodulation 2044,692]
2068. inverse(double_divide(double_divide(X3,X4),inverse(X1))) = double_divide(X4,double_divide(X0,double_divide(double_divide(inverse(double_divide(double_divide(X0,X2),inverse(X3))),X2),inverse(inverse(X1))))) [forward demodulation 2030,555]
2072. double_divide(X1,inverse(double_divide(double_divide(X0,X2),X3))) = double_divide(X3,double_divide(X0,inverse(double_divide(inverse(X1),X2)))) [forward demodulation 2025,555]
2080. double_divide(X3,inverse(double_divide(inverse(double_divide(X1,inverse(X0))),inverse(X2)))) = double_divide(X1,inverse(double_divide(X3,double_divide(X0,X2)))) [forward demodulation 2055,574]
2090. inverse(double_divide(double_divide(X3,X4),inverse(X1))) = double_divide(X4,double_divide(X0,double_divide(double_divide(inverse(double_divide(double_divide(X0,X2),inverse(X3))),X2),X1))) [forward demodulation 2068,614]
2094. double_divide(X1,double_divide(double_divide(inverse(X0),X3),X2)) = double_divide(X3,double_divide(X0,inverse(double_divide(inverse(X1),X2)))) [forward demodulation 2072,683]
2102. double_divide(X3,double_divide(X2,inverse(inverse(double_divide(X1,inverse(X0)))))) = double_divide(X1,inverse(double_divide(X3,double_divide(X0,X2)))) [forward demodulation 2080,555]
2111. inverse(double_divide(double_divide(X3,X4),inverse(X1))) = double_divide(X4,double_divide(X0,double_divide(double_divide(inverse(X3),inverse(X0)),X1))) [forward demodulation 2090,38]
2120. double_divide(X3,double_divide(X2,double_divide(X1,inverse(X0)))) = double_divide(X1,inverse(double_divide(X3,double_divide(X0,X2)))) [forward demodulation 2102,614]
2127. inverse(double_divide(double_divide(X3,X4),inverse(X1))) = double_divide(X4,double_divide(inverse(X3),inverse(X1))) [forward demodulation 2111,669]
2137. double_divide(X4,double_divide(inverse(X3),inverse(X1))) = double_divide(X1,inverse(double_divide(X3,X4))) [forward demodulation 2127,555]
2164. double_divide(inverse(X2),inverse(X0)) = double_divide(X1,inverse(double_divide(inverse(X0),inverse(double_divide(inverse(double_divide(X3,inverse(X2))),inverse(double_divide(inverse(double_divide(double_divide(X1,X4),inverse(X3))),X4))))))) [superposition 27,534]
2168. double_divide(inverse(X1),X5) = double_divide(X4,inverse(double_divide(inverse(double_divide(X0,inverse(double_divide(inverse(X1),inverse(double_divide(inverse(X2),X3)))))),inverse(double_divide(inverse(double_divide(X6,inverse(inverse(double_divide(double_divide(double_divide(X0,X3),X5),inverse(X2)))))),inverse(double_divide(inverse(double_divide(double_divide(X4,X7),inverse(X6))),X7))))))) [superposition 27,13]
2223. double_divide(inverse(double_divide(X2,inverse(X3))),inverse(double_divide(inverse(double_divide(double_divide(X0,X1),inverse(double_divide(X0,inverse(X2))))),X1))) = X3 [superposition 27,5]
2241. double_divide(inverse(double_divide(double_divide(double_divide(X1,X2),X3),inverse(X4))),inverse(double_divide(inverse(X0),X3))) = double_divide(inverse(double_divide(X5,inverse(X0))),inverse(double_divide(inverse(double_divide(X6,inverse(X5))),inverse(double_divide(inverse(double_divide(double_divide(double_divide(X1,inverse(double_divide(inverse(X4),X2))),X7),inverse(X6))),X7))))) [superposition 10,27]
2257. double_divide(X1,inverse(double_divide(inverse(X7),inverse(double_divide(inverse(X6),X2))))) = double_divide(inverse(double_divide(X0,inverse(X6))),inverse(double_divide(inverse(X7),inverse(double_divide(inverse(double_divide(X3,inverse(X0))),inverse(double_divide(inverse(double_divide(X4,inverse(X3))),inverse(double_divide(inverse(double_divide(double_divide(double_divide(X1,X2),X5),inverse(X4))),X5))))))))) [superposition 13,27]
2264. double_divide(X1,inverse(double_divide(inverse(X7),inverse(double_divide(inverse(X6),X2))))) = double_divide(X0,inverse(double_divide(inverse(double_divide(inverse(X7),inverse(double_divide(inverse(double_divide(X3,inverse(X0))),inverse(double_divide(inverse(double_divide(X4,inverse(X3))),inverse(double_divide(inverse(double_divide(double_divide(double_divide(X1,X2),X5),inverse(X4))),X5)))))))),inverse(X6)))) [forward demodulation 2257,574]
2279. double_divide(inverse(double_divide(double_divide(double_divide(X1,X2),X3),inverse(X4))),inverse(double_divide(inverse(X0),X3))) = double_divide(X5,inverse(double_divide(inverse(double_divide(inverse(double_divide(X6,inverse(X5))),inverse(double_divide(inverse(double_divide(double_divide(double_divide(X1,inverse(double_divide(inverse(X4),X2))),X7),inverse(X6))),X7)))),inverse(X0)))) [forward demodulation 2241,574]
2295. double_divide(X2,inverse(double_divide(inverse(double_divide(inverse(double_divide(double_divide(X0,X1),inverse(double_divide(X0,inverse(X2))))),X1)),inverse(X3)))) = X3 [forward demodulation 2223,574]
2346. double_divide(inverse(X1),X5) = double_divide(X4,inverse(double_divide(double_divide(double_divide(inverse(double_divide(X6,inverse(inverse(double_divide(double_divide(double_divide(X0,X3),X5),inverse(X2)))))),X7),inverse(inverse(double_divide(X0,inverse(double_divide(inverse(X1),inverse(double_divide(inverse(X2),X3)))))))),inverse(double_divide(double_divide(X4,X7),inverse(X6)))))) [forward demodulation 2168,100]
2350. double_divide(inverse(X2),inverse(X0)) = double_divide(X1,inverse(double_divide(double_divide(double_divide(inverse(double_divide(X3,inverse(X2))),X4),inverse(inverse(X0))),inverse(double_divide(double_divide(X1,X4),inverse(X3)))))) [forward demodulation 2164,100]
2358. double_divide(X1,inverse(double_divide(inverse(X7),inverse(double_divide(inverse(X6),X2))))) = double_divide(X0,double_divide(X6,inverse(inverse(double_divide(inverse(X7),inverse(double_divide(inverse(double_divide(X3,inverse(X0))),inverse(double_divide(inverse(double_divide(X4,inverse(X3))),inverse(double_divide(inverse(double_divide(double_divide(double_divide(X1,X2),X5),inverse(X4))),X5))))))))))) [forward demodulation 2264,555]
2373. double_divide(inverse(double_divide(double_divide(double_divide(X1,X2),X3),inverse(X4))),inverse(double_divide(inverse(X0),X3))) = double_divide(X5,double_divide(X0,inverse(inverse(double_divide(inverse(double_divide(X6,inverse(X5))),inverse(double_divide(inverse(double_divide(double_divide(double_divide(X1,inverse(double_divide(inverse(X4),X2))),X7),inverse(X6))),X7))))))) [forward demodulation 2279,555]
2388. double_divide(X2,double_divide(X3,inverse(inverse(double_divide(inverse(double_divide(double_divide(X0,X1),inverse(double_divide(X0,inverse(X2))))),X1))))) = X3 [forward demodulation 2295,555]
2439. double_divide(inverse(X1),X5) = double_divide(X4,double_divide(double_divide(inverse(double_divide(inverse(double_divide(X6,inverse(inverse(double_divide(double_divide(double_divide(X0,X3),X5),inverse(X2)))))),X7)),inverse(double_divide(double_divide(X4,X7),inverse(X6)))),inverse(inverse(double_divide(X0,inverse(double_divide(inverse(X1),inverse(double_divide(inverse(X2),X3))))))))) [forward demodulation 2346,683]
2443. double_divide(inverse(X2),inverse(X0)) = double_divide(X1,double_divide(double_divide(inverse(double_divide(inverse(double_divide(X3,inverse(X2))),X4)),inverse(double_divide(double_divide(X1,X4),inverse(X3)))),inverse(inverse(X0)))) [forward demodulation 2350,683]
2451. double_divide(X1,inverse(double_divide(inverse(X7),inverse(double_divide(inverse(X6),X2))))) = double_divide(X0,double_divide(X6,double_divide(inverse(X7),inverse(double_divide(inverse(double_divide(X3,inverse(X0))),inverse(double_divide(inverse(double_divide(X4,inverse(X3))),inverse(double_divide(inverse(double_divide(double_divide(double_divide(X1,X2),X5),inverse(X4))),X5))))))))) [forward demodulation 2358,614]
2466. double_divide(inverse(double_divide(double_divide(double_divide(X1,X2),X3),inverse(X4))),inverse(double_divide(inverse(X0),X3))) = double_divide(X5,double_divide(X0,double_divide(inverse(double_divide(X6,inverse(X5))),inverse(double_divide(inverse(double_divide(double_divide(double_divide(X1,inverse(double_divide(inverse(X4),X2))),X7),inverse(X6))),X7))))) [forward demodulation 2373,614]
2479. double_divide(X2,double_divide(X3,double_divide(inverse(double_divide(double_divide(X0,X1),inverse(double_divide(X0,inverse(X2))))),X1))) = X3 [forward demodulation 2388,614]
2530. double_divide(inverse(X1),X5) = double_divide(X4,double_divide(inverse(double_divide(double_divide(inverse(X2),X3),inverse(X0))),inverse(double_divide(double_divide(inverse(double_divide(inverse(double_divide(X6,inverse(inverse(double_divide(double_divide(double_divide(X0,X3),X5),inverse(X2)))))),X7)),inverse(double_divide(double_divide(X4,X7),inverse(X6)))),inverse(inverse(X1)))))) [forward demodulation 2439,153]
2534. double_divide(inverse(X2),inverse(X0)) = double_divide(X1,double_divide(double_divide(inverse(double_divide(inverse(double_divide(X3,inverse(X2))),X4)),inverse(double_divide(double_divide(X1,X4),inverse(X3)))),X0)) [forward demodulation 2443,614]
2542. double_divide(X1,inverse(double_divide(inverse(X7),inverse(double_divide(inverse(X6),X2))))) = double_divide(X0,double_divide(double_divide(inverse(double_divide(X3,inverse(X0))),inverse(double_divide(inverse(double_divide(X4,inverse(X3))),inverse(double_divide(inverse(double_divide(double_divide(double_divide(X1,X2),X5),inverse(X4))),X5))))),inverse(double_divide(X7,X6)))) [forward demodulation 2451,2137]
2557. double_divide(inverse(double_divide(double_divide(double_divide(X1,X2),X3),inverse(X4))),inverse(double_divide(inverse(X0),X3))) = double_divide(X5,double_divide(double_divide(inverse(double_divide(double_divide(double_divide(X1,inverse(double_divide(inverse(X4),X2))),X7),inverse(X6))),X7),inverse(double_divide(double_divide(X6,inverse(X5)),X0)))) [forward demodulation 2466,2137]
2570. double_divide(X2,double_divide(X3,double_divide(X1,inverse(double_divide(double_divide(X0,X1),inverse(double_divide(X0,inverse(X2)))))))) = X3 [forward demodulation 2479,674]
2621. double_divide(inverse(X1),X5) = double_divide(double_divide(double_divide(inverse(double_divide(inverse(double_divide(X6,inverse(inverse(double_divide(double_divide(double_divide(X0,X3),X5),inverse(X2)))))),X7)),inverse(double_divide(double_divide(X4,X7),inverse(X6)))),inverse(inverse(X1))),inverse(double_divide(double_divide(double_divide(inverse(X2),X3),inverse(X0)),X4))) [forward demodulation 2530,2137]
2625. double_divide(inverse(X2),inverse(X0)) = double_divide(X1,double_divide(double_divide(inverse(double_divide(inverse(double_divide(X3,inverse(X2))),X4)),double_divide(double_divide(inverse(X1),inverse(X3)),X4)),X0)) [forward demodulation 2534,683]
2633. double_divide(X1,inverse(double_divide(inverse(X7),inverse(double_divide(inverse(X6),X2))))) = double_divide(X0,double_divide(double_divide(inverse(double_divide(X4,inverse(X3))),inverse(double_divide(inverse(double_divide(double_divide(double_divide(X1,X2),X5),inverse(X4))),X5))),double_divide(inverse(double_divide(X3,inverse(X0))),inverse(inverse(double_divide(X7,X6)))))) [forward demodulation 2542,1286]
2648. double_divide(inverse(double_divide(double_divide(double_divide(X1,X2),X3),inverse(X4))),inverse(double_divide(inverse(X0),X3))) = double_divide(X5,double_divide(double_divide(inverse(double_divide(double_divide(double_divide(X1,inverse(double_divide(inverse(X4),X2))),X7),inverse(X6))),X7),double_divide(double_divide(inverse(X6),X0),inverse(X5)))) [forward demodulation 2557,683]
2661. double_divide(X2,double_divide(X3,double_divide(X1,double_divide(double_divide(inverse(X0),inverse(double_divide(X0,inverse(X2)))),X1)))) = X3 [forward demodulation 2570,683]
2712. double_divide(inverse(X1),X5) = double_divide(double_divide(double_divide(inverse(double_divide(inverse(double_divide(X6,inverse(inverse(double_divide(double_divide(double_divide(X0,X3),X5),inverse(X2)))))),X7)),inverse(double_divide(double_divide(X4,X7),inverse(X6)))),inverse(inverse(X1))),double_divide(double_divide(inverse(double_divide(inverse(X2),X3)),X4),inverse(X0))) [forward demodulation 2621,683]
2716. double_divide(inverse(X2),inverse(X0)) = double_divide(X1,double_divide(double_divide(inverse(double_divide(double_divide(X2,inverse(X3)),X4)),double_divide(double_divide(inverse(X1),inverse(X3)),X4)),X0)) [forward demodulation 2625,555]
2724. double_divide(X1,inverse(double_divide(inverse(X7),inverse(double_divide(inverse(X6),X2))))) = double_divide(X0,double_divide(double_divide(inverse(double_divide(double_divide(double_divide(X1,X2),X5),inverse(X4))),X5),double_divide(inverse(double_divide(X4,inverse(X3))),inverse(double_divide(inverse(double_divide(X3,inverse(X0))),inverse(inverse(double_divide(X7,X6)))))))) [forward demodulation 2633,1286]
2739. double_divide(inverse(double_divide(double_divide(double_divide(X1,X2),X3),inverse(X4))),inverse(double_divide(inverse(X0),X3))) = double_divide(X5,double_divide(inverse(X6),double_divide(double_divide(double_divide(inverse(double_divide(double_divide(double_divide(X1,inverse(double_divide(inverse(X4),X2))),X7),inverse(X6))),X7),X0),inverse(X5)))) [forward demodulation 2648,1846]
2752. double_divide(X2,double_divide(X3,double_divide(inverse(X0),inverse(double_divide(X0,inverse(X2)))))) = X3 [forward demodulation 2661,1064]
2801. double_divide(inverse(X1),X5) = double_divide(inverse(double_divide(inverse(X2),X3)),double_divide(double_divide(double_divide(double_divide(inverse(double_divide(inverse(double_divide(X6,inverse(inverse(double_divide(double_divide(double_divide(X0,X3),X5),inverse(X2)))))),X7)),inverse(double_divide(double_divide(X4,X7),inverse(X6)))),inverse(inverse(X1))),X4),inverse(X0))) [forward demodulation 2712,1846]
2812. double_divide(X1,inverse(double_divide(inverse(X7),inverse(double_divide(inverse(X6),X2))))) = double_divide(X0,double_divide(double_divide(inverse(double_divide(X3,inverse(X0))),inverse(inverse(double_divide(X7,X6)))),inverse(double_divide(double_divide(X4,inverse(X3)),double_divide(inverse(double_divide(double_divide(double_divide(X1,X2),X5),inverse(X4))),X5))))) [forward demodulation 2724,2137]
2827. double_divide(inverse(double_divide(double_divide(double_divide(X1,X2),X3),inverse(X4))),inverse(double_divide(inverse(X0),X3))) = double_divide(X5,double_divide(X5,double_divide(double_divide(double_divide(inverse(double_divide(double_divide(double_divide(X1,inverse(double_divide(inverse(X4),X2))),X7),inverse(X6))),X7),X0),X6))) [forward demodulation 2739,692]
2840. double_divide(X2,double_divide(double_divide(X0,inverse(X2)),inverse(double_divide(X0,X3)))) = X3 [forward demodulation 2752,2137]
2887. double_divide(inverse(X1),X5) = double_divide(inverse(double_divide(inverse(X2),X3)),double_divide(inverse(X0),double_divide(double_divide(double_divide(inverse(double_divide(inverse(double_divide(X6,inverse(inverse(double_divide(double_divide(double_divide(X0,X3),X5),inverse(X2)))))),X7)),inverse(double_divide(double_divide(X4,X7),inverse(X6)))),inverse(inverse(X1))),X4))) [forward demodulation 2801,674]
2898. double_divide(X1,inverse(double_divide(inverse(X7),inverse(double_divide(inverse(X6),X2))))) = double_divide(X0,double_divide(double_divide(inverse(double_divide(X3,inverse(X0))),inverse(inverse(double_divide(X7,X6)))),double_divide(double_divide(inverse(X4),double_divide(inverse(double_divide(double_divide(double_divide(X1,X2),X5),inverse(X4))),X5)),inverse(X3)))) [forward demodulation 2812,683]
2913. double_divide(inverse(double_divide(double_divide(double_divide(X1,X2),X3),inverse(X4))),inverse(double_divide(inverse(X0),X3))) = double_divide(X5,double_divide(X5,double_divide(X6,double_divide(double_divide(inverse(double_divide(double_divide(double_divide(X1,inverse(double_divide(inverse(X4),X2))),X7),inverse(X6))),X7),X0)))) [forward demodulation 2827,674]
2925. double_divide(X0,inverse(inverse(double_divide(X0,X3)))) = X3 [forward demodulation 2840,1378]
2969. double_divide(inverse(X1),X5) = double_divide(inverse(double_divide(inverse(X2),X3)),double_divide(inverse(X0),double_divide(X4,double_divide(double_divide(inverse(double_divide(inverse(double_divide(X6,inverse(inverse(double_divide(double_divide(double_divide(X0,X3),X5),inverse(X2)))))),X7)),inverse(double_divide(double_divide(X4,X7),inverse(X6)))),inverse(inverse(X1)))))) [forward demodulation 2887,674]
2979. double_divide(X1,inverse(double_divide(inverse(X7),inverse(double_divide(inverse(X6),X2))))) = double_divide(X0,double_divide(double_divide(X3,inverse(X0)),double_divide(double_divide(double_divide(X4,inverse(inverse(double_divide(X7,X6)))),double_divide(inverse(double_divide(double_divide(double_divide(X1,X2),X5),inverse(X4))),X5)),inverse(X3)))) [forward demodulation 2898,1945]
2994. double_divide(inverse(double_divide(double_divide(double_divide(X1,X2),X3),inverse(X4))),inverse(double_divide(inverse(X0),X3))) = double_divide(X5,double_divide(X5,double_divide(X6,double_divide(double_divide(X1,inverse(double_divide(inverse(X6),inverse(double_divide(inverse(X4),X2))))),X0)))) [forward demodulation 2913,4]
3004. double_divide(X0,double_divide(X0,X3)) = X3 [forward demodulation 2925,614]
3046. double_divide(inverse(X1),X5) = double_divide(inverse(double_divide(inverse(X2),X3)),double_divide(inverse(X0),double_divide(X4,double_divide(double_divide(inverse(double_divide(inverse(double_divide(X6,inverse(inverse(double_divide(double_divide(double_divide(X0,X3),X5),inverse(X2)))))),X7)),inverse(double_divide(double_divide(X4,X7),inverse(X6)))),X1)))) [forward demodulation 2969,614]
3055. double_divide(X1,inverse(double_divide(inverse(X7),inverse(double_divide(inverse(X6),X2))))) = double_divide(X3,inverse(double_divide(double_divide(double_divide(X4,inverse(inverse(double_divide(X7,X6)))),double_divide(inverse(double_divide(double_divide(double_divide(X1,X2),X5),inverse(X4))),X5)),inverse(X3)))) [forward demodulation 2979,1378]
3069. double_divide(inverse(double_divide(double_divide(double_divide(X1,X2),X3),inverse(X4))),inverse(double_divide(inverse(X0),X3))) = double_divide(X5,double_divide(X5,double_divide(X6,double_divide(double_divide(X1,double_divide(double_divide(inverse(X4),X2),inverse(inverse(X6)))),X0)))) [forward demodulation 2994,555]
3111. double_divide(inverse(X1),X5) = double_divide(inverse(double_divide(inverse(X2),X3)),double_divide(inverse(X0),double_divide(X4,double_divide(double_divide(inverse(double_divide(inverse(double_divide(X6,inverse(inverse(double_divide(double_divide(double_divide(X0,X3),X5),inverse(X2)))))),X7)),double_divide(double_divide(inverse(X4),inverse(X6)),X7)),X1)))) [forward demodulation 3046,683]
3119. double_divide(X1,inverse(double_divide(inverse(X7),inverse(double_divide(inverse(X6),X2))))) = double_divide(X3,double_divide(double_divide(inverse(double_divide(X4,inverse(inverse(double_divide(X7,X6))))),inverse(X3)),double_divide(inverse(double_divide(double_divide(double_divide(X1,X2),X5),inverse(X4))),X5))) [forward demodulation 3055,683]
3133. double_divide(inverse(double_divide(double_divide(double_divide(X1,X2),X3),inverse(X4))),inverse(double_divide(inverse(X0),X3))) = double_divide(X6,double_divide(double_divide(X1,double_divide(double_divide(inverse(X4),X2),inverse(inverse(X6)))),X0)) [forward demodulation 3069,3004]
3171. double_divide(inverse(X1),X5) = double_divide(inverse(double_divide(inverse(X2),X3)),double_divide(inverse(X0),double_divide(X4,double_divide(double_divide(inverse(double_divide(double_divide(inverse(double_divide(double_divide(double_divide(X0,X3),X5),inverse(X2))),inverse(X6)),X7)),double_divide(double_divide(inverse(X4),inverse(X6)),X7)),X1)))) [forward demodulation 3111,555]
3179. double_divide(X1,inverse(double_divide(inverse(X7),inverse(double_divide(inverse(X6),X2))))) = double_divide(inverse(double_divide(X4,inverse(inverse(double_divide(X7,X6))))),inverse(double_divide(inverse(double_divide(double_divide(double_divide(X1,X2),X5),inverse(X4))),X5))) [forward demodulation 3119,669]
3190. double_divide(inverse(double_divide(double_divide(double_divide(X1,X2),X3),inverse(X4))),inverse(double_divide(inverse(X0),X3))) = double_divide(X6,double_divide(double_divide(X1,double_divide(double_divide(inverse(X4),X2),X6)),X0)) [forward demodulation 3133,614]
3225. double_divide(inverse(X1),X5) = double_divide(inverse(double_divide(inverse(X2),X3)),double_divide(inverse(X0),double_divide(inverse(inverse(double_divide(double_divide(double_divide(X0,X3),X5),inverse(X2)))),inverse(X1)))) [forward demodulation 3171,2716]
3233. double_divide(X1,inverse(double_divide(inverse(X7),inverse(double_divide(inverse(X6),X2))))) = double_divide(inverse(inverse(double_divide(X7,X6))),inverse(double_divide(X1,X2))) [forward demodulation 3179,39]
3242. double_divide(X1,inverse(double_divide(inverse(X0),inverse(double_divide(inverse(X4),X2))))) = double_divide(X6,double_divide(double_divide(X1,double_divide(double_divide(inverse(X4),X2),X6)),X0)) [forward demodulation 3190,13]
3273. double_divide(inverse(X1),X5) = double_divide(inverse(double_divide(inverse(X2),X3)),double_divide(X1,inverse(double_divide(inverse(double_divide(double_divide(double_divide(X0,X3),X5),inverse(X2))),inverse(X0))))) [forward demodulation 3225,2137]
3279. double_divide(X1,inverse(double_divide(inverse(X7),inverse(double_divide(inverse(X6),X2))))) = double_divide(double_divide(X7,X6),inverse(double_divide(X1,X2))) [forward demodulation 3233,547]
3287. double_divide(X6,double_divide(double_divide(X1,double_divide(double_divide(inverse(X4),X2),X6)),X0)) = double_divide(X1,double_divide(double_divide(inverse(X4),X2),inverse(inverse(X0)))) [forward demodulation 3242,555]
3310. double_divide(inverse(X1),X5) = double_divide(double_divide(double_divide(double_divide(X0,X3),X5),inverse(X2)),double_divide(double_divide(inverse(X1),inverse(double_divide(inverse(X2),X3))),inverse(X0))) [forward demodulation 3273,2094]
3316. double_divide(double_divide(X7,X6),inverse(double_divide(X1,X2))) = double_divide(X1,double_divide(double_divide(inverse(X6),X2),inverse(inverse(X7)))) [forward demodulation 3279,555]
3323. double_divide(X1,double_divide(double_divide(inverse(X4),X2),X0)) = double_divide(X6,double_divide(double_divide(X1,double_divide(double_divide(inverse(X4),X2),X6)),X0)) [forward demodulation 3287,614]
3344. double_divide(inverse(X1),X5) = double_divide(double_divide(double_divide(double_divide(X0,X3),X5),inverse(X2)),double_divide(double_divide(inverse(X2),X3),double_divide(inverse(X1),inverse(inverse(X0))))) [forward demodulation 3310,1286]
3350. double_divide(double_divide(X7,X6),inverse(double_divide(X1,X2))) = double_divide(X1,double_divide(double_divide(inverse(X6),X2),X7)) [forward demodulation 3316,614]
3370. double_divide(inverse(X1),X5) = double_divide(inverse(X2),double_divide(double_divide(double_divide(double_divide(double_divide(X0,X3),X5),inverse(X2)),X3),double_divide(inverse(X1),inverse(inverse(X0))))) [forward demodulation 3344,1846]
3389. double_divide(inverse(X1),X5) = double_divide(inverse(X2),double_divide(inverse(X0),inverse(double_divide(X1,double_divide(double_divide(double_divide(double_divide(X0,X3),X5),inverse(X2)),X3))))) [forward demodulation 3370,2137]
3402. double_divide(inverse(X1),X5) = double_divide(double_divide(X1,double_divide(double_divide(double_divide(double_divide(X0,X3),X5),inverse(X2)),X3)),inverse(double_divide(X0,inverse(X2)))) [forward demodulation 3389,2137]
3410. double_divide(inverse(X1),X5) = double_divide(X0,double_divide(double_divide(inverse(double_divide(double_divide(double_divide(double_divide(X0,X3),X5),inverse(X2)),X3)),inverse(X2)),X1)) [forward demodulation 3402,3350]
3417. double_divide(inverse(X1),X5) = double_divide(X0,double_divide(double_divide(double_divide(X0,X3),inverse(double_divide(X3,X5))),X1)) [forward demodulation 3410,1328]
3424. double_divide(inverse(X1),X5) = double_divide(X0,double_divide(double_divide(X3,double_divide(double_divide(inverse(X3),X5),X0)),X1)) [forward demodulation 3417,3350]
3429. double_divide(inverse(X1),X5) = double_divide(X3,double_divide(double_divide(inverse(X3),X5),X1)) [forward demodulation 3424,3323]
3440. double_divide(X0,X1) = double_divide(X1,X0) [superposition 3004,1064]
3443. inverse(double_divide(X0,inverse(double_divide(inverse(X3),X2)))) = double_divide(inverse(double_divide(X3,inverse(X1))),double_divide(X0,inverse(double_divide(inverse(X1),X2)))) [superposition 3004,12]
3448. inverse(double_divide(X1,inverse(double_divide(inverse(X0),X2)))) = double_divide(double_divide(X1,X2),X0) [superposition 3004,9]
3453. double_divide(inverse(double_divide(double_divide(X3,X4),inverse(X2))),X4) = double_divide(X1,inverse(double_divide(inverse(X2),inverse(double_divide(inverse(double_divide(X0,inverse(X3))),double_divide(X1,X0)))))) [superposition 5,3004]
3457. double_divide(inverse(double_divide(double_divide(X0,X2),inverse(X3))),inverse(double_divide(inverse(X4),X2))) = double_divide(X1,inverse(double_divide(inverse(X4),inverse(double_divide(inverse(X3),double_divide(X1,X0)))))) [superposition 13,3004]
3464. double_divide(X1,inverse(double_divide(inverse(X4),inverse(double_divide(inverse(X3),X2))))) = double_divide(inverse(double_divide(X0,inverse(X3))),inverse(double_divide(inverse(X4),double_divide(double_divide(X1,X2),X0)))) [superposition 13,3004]
3471. double_divide(X1,inverse(double_divide(inverse(X4),inverse(double_divide(inverse(X3),X2))))) = double_divide(X0,inverse(double_divide(inverse(double_divide(inverse(X4),double_divide(double_divide(X1,X2),X0))),inverse(X3)))) [forward demodulation 3464,574]
3477. double_divide(inverse(double_divide(double_divide(X0,X2),inverse(X3))),inverse(double_divide(inverse(X4),X2))) = double_divide(X1,double_divide(double_divide(inverse(X3),double_divide(X1,X0)),inverse(inverse(X4)))) [forward demodulation 3457,555]
3481. double_divide(inverse(double_divide(double_divide(X3,X4),inverse(X2))),X4) = double_divide(X1,double_divide(double_divide(inverse(double_divide(X0,inverse(X3))),double_divide(X1,X0)),inverse(inverse(X2)))) [forward demodulation 3453,555]
3486. double_divide(double_divide(X1,X2),X0) = double_divide(double_divide(inverse(X0),X2),inverse(X1)) [forward demodulation 3448,555]
3491. inverse(double_divide(X0,inverse(double_divide(inverse(X3),X2)))) = double_divide(X1,double_divide(double_divide(inverse(X0),inverse(double_divide(X3,inverse(X1)))),X2)) [forward demodulation 3443,2094]
3501. double_divide(X1,inverse(double_divide(inverse(X4),inverse(double_divide(inverse(X3),X2))))) = double_divide(X0,double_divide(X3,inverse(inverse(double_divide(inverse(X4),double_divide(double_divide(X1,X2),X0)))))) [forward demodulation 3471,555]
3507. double_divide(inverse(double_divide(double_divide(X0,X2),inverse(X3))),inverse(double_divide(inverse(X4),X2))) = double_divide(X1,double_divide(double_divide(inverse(X3),double_divide(X1,X0)),X4)) [forward demodulation 3477,614]
3511. double_divide(inverse(double_divide(double_divide(X3,X4),inverse(X2))),X4) = double_divide(X1,double_divide(double_divide(inverse(double_divide(X0,inverse(X3))),double_divide(X1,X0)),X2)) [forward demodulation 3481,614]
3518. inverse(double_divide(X0,inverse(double_divide(inverse(X3),X2)))) = double_divide(X1,double_divide(double_divide(inverse(X0),double_divide(X1,inverse(X3))),X2)) [forward demodulation 3491,555]
3527. double_divide(X1,inverse(double_divide(inverse(X4),inverse(double_divide(inverse(X3),X2))))) = double_divide(X0,double_divide(X3,double_divide(inverse(X4),double_divide(double_divide(X1,X2),X0)))) [forward demodulation 3501,614]
3533. double_divide(double_divide(X0,X2),inverse(double_divide(inverse(double_divide(inverse(X4),X2)),inverse(X3)))) = double_divide(X1,double_divide(double_divide(inverse(X3),double_divide(X1,X0)),X4)) [forward demodulation 3507,574]
3536. double_divide(inverse(double_divide(double_divide(X3,X4),inverse(X2))),X4) = double_divide(X1,double_divide(double_divide(double_divide(X3,inverse(X0)),double_divide(X1,X0)),X2)) [forward demodulation 3511,555]
3543. inverse(double_divide(X0,inverse(double_divide(inverse(X3),X2)))) = double_divide(X1,double_divide(double_divide(X3,double_divide(X1,X0)),X2)) [forward demodulation 3518,692]
3551. double_divide(X1,double_divide(double_divide(inverse(X3),X2),inverse(inverse(X4)))) = double_divide(X0,double_divide(X3,double_divide(inverse(X4),double_divide(double_divide(X1,X2),X0)))) [forward demodulation 3527,555]
3555. double_divide(double_divide(X0,X2),double_divide(X3,inverse(inverse(double_divide(inverse(X4),X2))))) = double_divide(X1,double_divide(double_divide(inverse(X3),double_divide(X1,X0)),X4)) [forward demodulation 3533,555]
3558. double_divide(X1,double_divide(double_divide(double_divide(X3,inverse(X0)),double_divide(X1,X0)),X2)) = double_divide(X4,inverse(double_divide(double_divide(X3,X4),inverse(X2)))) [forward demodulation 3536,3440]
3562. double_divide(double_divide(inverse(X3),X2),inverse(X0)) = double_divide(X1,double_divide(double_divide(X3,double_divide(X1,X0)),X2)) [forward demodulation 3543,555]
3569. double_divide(X1,double_divide(double_divide(inverse(X4),X2),X3)) = double_divide(X0,double_divide(X3,double_divide(inverse(X4),double_divide(double_divide(X1,X2),X0)))) [forward demodulation 3551,3486]
3573. double_divide(double_divide(X0,X2),double_divide(X3,double_divide(inverse(X4),X2))) = double_divide(X1,double_divide(double_divide(inverse(X3),double_divide(X1,X0)),X4)) [forward demodulation 3555,614]
3576. double_divide(X1,double_divide(double_divide(double_divide(X3,inverse(X0)),double_divide(X1,X0)),X2)) = double_divide(X4,double_divide(double_divide(inverse(X3),inverse(X2)),X4)) [forward demodulation 3558,683]
3580. double_divide(double_divide(X0,X2),X3) = double_divide(X1,double_divide(double_divide(X3,double_divide(X1,X0)),X2)) [forward demodulation 3562,3486]
3590. double_divide(inverse(X4),double_divide(X0,X3)) = double_divide(X1,double_divide(double_divide(inverse(X3),double_divide(X1,X0)),X4)) [forward demodulation 3573,1939]
3593. double_divide(inverse(X3),inverse(X2)) = double_divide(X1,double_divide(double_divide(double_divide(X3,inverse(X0)),double_divide(X1,X0)),X2)) [forward demodulation 3576,1064]
3603. double_divide(double_divide(X0,X4),inverse(X3)) = double_divide(inverse(X4),double_divide(X0,X3)) [forward demodulation 3590,3580]
3605. double_divide(inverse(X3),inverse(X2)) = double_divide(double_divide(X0,X2),double_divide(X3,inverse(X0))) [forward demodulation 3593,3580]
3671. double_divide(X6,inverse(double_divide(inverse(X4),inverse(double_divide(inverse(double_divide(double_divide(X6,X7),inverse(inverse(double_divide(X5,inverse(X1)))))),X7))))) = double_divide(inverse(double_divide(X3,inverse(X4))),inverse(double_divide(inverse(double_divide(double_divide(X0,inverse(double_divide(inverse(X1),X2))),inverse(X3))),inverse(double_divide(X0,inverse(double_divide(inverse(X5),X2))))))) [superposition 15,12]
3974. double_divide(X6,inverse(double_divide(inverse(X4),inverse(double_divide(inverse(double_divide(double_divide(X6,X7),inverse(inverse(double_divide(X5,inverse(X1)))))),X7))))) = double_divide(X3,inverse(double_divide(inverse(double_divide(inverse(double_divide(double_divide(X0,inverse(double_divide(inverse(X1),X2))),inverse(X3))),inverse(double_divide(X0,inverse(double_divide(inverse(X5),X2)))))),inverse(X4)))) [forward demodulation 3671,574]
4142. double_divide(X6,inverse(double_divide(inverse(X4),inverse(double_divide(inverse(double_divide(double_divide(X6,X7),inverse(inverse(double_divide(X5,inverse(X1)))))),X7))))) = double_divide(X3,double_divide(X4,inverse(inverse(double_divide(inverse(double_divide(double_divide(X0,inverse(double_divide(inverse(X1),X2))),inverse(X3))),inverse(double_divide(X0,inverse(double_divide(inverse(X5),X2))))))))) [forward demodulation 3974,555]
4308. double_divide(X6,inverse(double_divide(inverse(X4),inverse(double_divide(inverse(double_divide(double_divide(X6,X7),inverse(inverse(double_divide(X5,inverse(X1)))))),X7))))) = double_divide(X3,double_divide(X4,double_divide(inverse(double_divide(double_divide(X0,inverse(double_divide(inverse(X1),X2))),inverse(X3))),inverse(double_divide(X0,inverse(double_divide(inverse(X5),X2))))))) [forward demodulation 4142,614]
4473. double_divide(X6,inverse(double_divide(inverse(X4),inverse(double_divide(inverse(double_divide(double_divide(X6,X7),inverse(inverse(double_divide(X5,inverse(X1)))))),X7))))) = double_divide(X3,double_divide(double_divide(X0,inverse(double_divide(inverse(X5),X2))),inverse(double_divide(double_divide(double_divide(X0,inverse(double_divide(inverse(X1),X2))),inverse(X3)),X4)))) [forward demodulation 4308,2137]
4637. double_divide(X6,inverse(double_divide(inverse(X4),inverse(double_divide(inverse(double_divide(double_divide(X6,X7),inverse(inverse(double_divide(X5,inverse(X1)))))),X7))))) = double_divide(X3,double_divide(double_divide(X0,inverse(double_divide(inverse(X5),X2))),double_divide(double_divide(inverse(double_divide(X0,inverse(double_divide(inverse(X1),X2)))),X4),inverse(X3)))) [forward demodulation 4473,683]
4799. double_divide(X6,inverse(double_divide(inverse(X4),inverse(double_divide(inverse(double_divide(double_divide(X6,X7),inverse(inverse(double_divide(X5,inverse(X1)))))),X7))))) = double_divide(X3,double_divide(double_divide(X0,inverse(double_divide(inverse(X5),X2))),double_divide(inverse(X4),double_divide(inverse(double_divide(X0,inverse(double_divide(inverse(X1),X2)))),X3)))) [forward demodulation 4637,3603]
4961. double_divide(X6,inverse(double_divide(inverse(X4),inverse(double_divide(inverse(double_divide(double_divide(X6,X7),inverse(inverse(double_divide(X5,inverse(X1)))))),X7))))) = double_divide(X3,double_divide(double_divide(X0,inverse(double_divide(inverse(X5),X2))),double_divide(inverse(X4),double_divide(double_divide(double_divide(inverse(X1),X2),inverse(X0)),X3)))) [forward demodulation 4799,555]
5117. double_divide(X6,inverse(double_divide(inverse(X4),inverse(double_divide(inverse(double_divide(double_divide(X6,X7),inverse(inverse(double_divide(X5,inverse(X1)))))),X7))))) = double_divide(double_divide(inverse(X1),X2),double_divide(double_divide(inverse(X4),inverse(X0)),double_divide(X0,inverse(double_divide(inverse(X5),X2))))) [forward demodulation 4961,3569]
5270. double_divide(X6,inverse(double_divide(inverse(X4),inverse(double_divide(inverse(double_divide(double_divide(X6,X7),inverse(inverse(double_divide(X5,inverse(X1)))))),X7))))) = double_divide(X1,double_divide(double_divide(double_divide(X4,X2),inverse(X0)),double_divide(X0,inverse(double_divide(inverse(X5),X2))))) [forward demodulation 5117,1945]
5417. double_divide(X6,inverse(double_divide(inverse(X4),inverse(double_divide(inverse(double_divide(double_divide(X6,X7),inverse(inverse(double_divide(X5,inverse(X1)))))),X7))))) = double_divide(X1,double_divide(X5,double_divide(double_divide(inverse(X0),double_divide(double_divide(X4,X2),inverse(X0))),X2))) [forward demodulation 5270,2094]
5560. double_divide(X6,inverse(double_divide(inverse(X4),inverse(double_divide(inverse(double_divide(double_divide(X6,X7),inverse(inverse(double_divide(X5,inverse(X1)))))),X7))))) = double_divide(X1,double_divide(X5,double_divide(X2,double_divide(inverse(X0),double_divide(double_divide(X4,X2),inverse(X0)))))) [forward demodulation 5417,674]
5694. double_divide(X6,inverse(double_divide(inverse(X4),inverse(double_divide(inverse(double_divide(double_divide(X6,X7),inverse(inverse(double_divide(X5,inverse(X1)))))),X7))))) = double_divide(X1,double_divide(X5,double_divide(X2,double_divide(X4,X2)))) [forward demodulation 5560,1064]
5824. double_divide(X6,inverse(double_divide(inverse(X4),inverse(double_divide(inverse(double_divide(double_divide(X6,X7),inverse(inverse(double_divide(X5,inverse(X1)))))),X7))))) = double_divide(X1,double_divide(X5,X4)) [forward demodulation 5694,1064]
5951. double_divide(X1,double_divide(X5,X4)) = double_divide(X6,double_divide(double_divide(inverse(double_divide(double_divide(X6,X7),inverse(inverse(double_divide(X5,inverse(X1)))))),X7),inverse(inverse(X4)))) [forward demodulation 5824,555]
6072. double_divide(X1,double_divide(X5,X4)) = double_divide(X6,double_divide(inverse(X7),double_divide(inverse(double_divide(double_divide(X6,X7),inverse(inverse(double_divide(X5,inverse(X1)))))),inverse(X4)))) [forward demodulation 5951,3603]
6190. double_divide(X1,double_divide(X5,X4)) = double_divide(X6,double_divide(X4,inverse(double_divide(double_divide(double_divide(X6,X7),inverse(inverse(double_divide(X5,inverse(X1))))),inverse(X7))))) [forward demodulation 6072,2137]
6299. double_divide(X1,double_divide(X5,X4)) = double_divide(X6,double_divide(X4,double_divide(double_divide(inverse(double_divide(X6,X7)),inverse(X7)),inverse(inverse(double_divide(X5,inverse(X1))))))) [forward demodulation 6190,683]
6403. double_divide(X1,double_divide(X5,X4)) = double_divide(X6,double_divide(X4,double_divide(inverse(inverse(X7)),double_divide(inverse(double_divide(X6,X7)),inverse(double_divide(X5,inverse(X1))))))) [forward demodulation 6299,3603]
6498. double_divide(X1,double_divide(X5,X4)) = double_divide(X6,double_divide(X4,double_divide(double_divide(X5,inverse(X1)),inverse(double_divide(double_divide(X6,X7),inverse(inverse(X7))))))) [forward demodulation 6403,2137]
6588. double_divide(X1,double_divide(X5,X4)) = double_divide(X6,double_divide(X4,double_divide(double_divide(X5,inverse(X1)),double_divide(double_divide(inverse(X6),inverse(inverse(X7))),X7)))) [forward demodulation 6498,683]
6673. double_divide(double_divide(X5,inverse(X1)),double_divide(double_divide(inverse(X4),inverse(inverse(X7))),X7)) = double_divide(X1,double_divide(X5,X4)) [forward demodulation 6588,1815]
6758. double_divide(X1,double_divide(X5,X4)) = double_divide(double_divide(X5,inverse(X1)),double_divide(X7,double_divide(inverse(X4),inverse(inverse(X7))))) [forward demodulation 6673,674]
6836. double_divide(X1,double_divide(X5,X4)) = double_divide(double_divide(X5,inverse(X1)),double_divide(inverse(X7),inverse(double_divide(X4,X7)))) [forward demodulation 6758,2137]
6906. double_divide(X1,double_divide(X5,X4)) = double_divide(double_divide(X4,X7),inverse(double_divide(X7,double_divide(X5,inverse(X1))))) [forward demodulation 6836,2137]
6966. double_divide(X1,double_divide(X5,X4)) = double_divide(X7,double_divide(inverse(X1),double_divide(double_divide(X4,X7),inverse(X5)))) [forward demodulation 6906,2120]
7020. double_divide(X1,double_divide(X5,X4)) = double_divide(X7,double_divide(X5,double_divide(double_divide(X4,X7),X1))) [forward demodulation 6966,692]
7433. double_divide(X0,inverse(double_divide(inverse(X3),X2))) = double_divide(inverse(double_divide(X0,inverse(double_divide(inverse(X1),X2)))),inverse(double_divide(X1,inverse(X3)))) [superposition 12,3440]
7445. double_divide(X0,inverse(double_divide(inverse(X3),X2))) = double_divide(X1,inverse(inverse(double_divide(double_divide(inverse(X1),X2),inverse(double_divide(X3,inverse(X0))))))) [forward demodulation 7433,153]
7576. double_divide(X0,inverse(double_divide(inverse(X3),X2))) = double_divide(X1,double_divide(double_divide(inverse(X1),X2),inverse(double_divide(X3,inverse(X0))))) [forward demodulation 7445,614]
7701. double_divide(X0,inverse(double_divide(inverse(X3),X2))) = double_divide(inverse(inverse(double_divide(X3,inverse(X0)))),X2) [forward demodulation 7576,3429]
7811. double_divide(X0,inverse(double_divide(inverse(X3),X2))) = double_divide(double_divide(X3,inverse(X0)),X2) [forward demodulation 7701,614]
12459. double_divide(X1,inverse(double_divide(inverse(X2),inverse(double_divide(inverse(double_divide(double_divide(X1,X3),inverse(inverse(X2)))),X3))))) = double_divide(inverse(X0),X0) [superposition 5,1344]
12492. double_divide(X0,inverse(X0)) = double_divide(X1,inverse(double_divide(inverse(X2),inverse(double_divide(inverse(double_divide(double_divide(X1,X3),inverse(inverse(X2)))),X3))))) [forward demodulation 12459,3440]
12542. double_divide(X0,inverse(X0)) = double_divide(double_divide(X2,inverse(X1)),inverse(double_divide(inverse(double_divide(double_divide(X1,X3),inverse(inverse(X2)))),X3))) [forward demodulation 12492,7811]
12588. double_divide(X0,inverse(X0)) = double_divide(double_divide(double_divide(double_divide(X1,X3),inverse(inverse(X2))),inverse(double_divide(X2,inverse(X1)))),X3) [forward demodulation 12542,7811]
12632. double_divide(X0,inverse(X0)) = double_divide(X3,double_divide(double_divide(double_divide(X1,X3),inverse(inverse(X2))),inverse(double_divide(X2,inverse(X1))))) [forward demodulation 12588,3440]
12673. double_divide(X0,inverse(X0)) = double_divide(X3,double_divide(inverse(double_divide(X2,inverse(X1))),double_divide(double_divide(X1,X3),inverse(inverse(X2))))) [forward demodulation 12632,674]
12713. double_divide(X0,inverse(X0)) = double_divide(inverse(inverse(X2)),double_divide(inverse(double_divide(X2,inverse(X1))),X1)) [forward demodulation 12673,7020]
12751. double_divide(X0,inverse(X0)) = double_divide(inverse(inverse(X2)),double_divide(X1,inverse(double_divide(X2,inverse(X1))))) [forward demodulation 12713,674]
12786. double_divide(X0,inverse(X0)) = double_divide(double_divide(X2,inverse(X1)),double_divide(X1,inverse(X2))) [forward demodulation 12751,692]
12817. double_divide(X0,inverse(X0)) = double_divide(inverse(X1),inverse(inverse(X1))) [forward demodulation 12786,3605]
12845. double_divide(X0,inverse(X0)) = inverse(double_divide(X1,inverse(X1))) [forward demodulation 12817,88]
12869. double_divide(X0,inverse(X0)) = double_divide(X1,inverse(X1)) [forward demodulation 12845,555]
44312. a2 != inverse(double_divide(a2,inverse(double_divide(X0,inverse(X0))))) [superposition 2,12869]
44388. a2 != double_divide(inverse(double_divide(X0,inverse(X0))),inverse(a2)) [forward demodulation 44312,199]
44538. $false [forward subsumption resolution 44388,206]
% SZS output end Proof for GRP586-1_clausified
% ------------------------------
% Version: Vampire 5.0.0 (Release build, commit 2e2c9b7b8 on 2026-01-17 12:24:14 +0100)
% Linked with Z3 4.14.0.0 3c47fd96cf5645d0c42b2c819d9e9a84380aa721 z3-4.8.4-9178-g3c47fd96c
% CaDiCaL version: 2.1.3
% Termination reason: Refutation
% Time elapsed: 0.470 s
% Peak memory usage: 59 MB
% Instructions burned: 1757 (million)
% ------------------------------
% ------------------------------
