% Running in auto input_syntax mode. Trying TPTP
% Refutation found. Thanks to Tanya!
% SZS status Unsatisfiable for GRP748-2
% SZS output start Proof for GRP748-2
1. mult(X0,ld(X0,X1)) = X1 [input(axiom)]
2. ld(X0,mult(X0,X1)) = X1 [input(axiom)]
3. mult(rd(X0,X1),X1) = X0 [input(axiom)]
4. rd(mult(X0,X1),X1) = X0 [input(axiom)]
6. mult(unit,X0) = X0 [input(axiom)]
7. mult(mult(mult(X0,X1),X2),X1) = mult(X0,mult(mult(X1,X2),X1)) [input(axiom)]
8. mult(mult(X0,X1),i(X1)) = X0 [input(axiom)]
9. mult(X0,i(X0)) = unit [input(axiom)]
10. unit = mult(X0,i(X0)) [reorient equations 9]
11. mult(i(X0),X0) = unit [input(axiom)]
12. unit = mult(i(X0),X0) [reorient equations 11]
13. mult(i(X0),mult(X0,X1)) = X1 | mult(X0,X1) = mult(X1,X0) [input(axiom)]
14. mult(a,mult(b,mult(a,c))) != mult(mult(mult(a,b),a),c) [input(negated conjecture)]
35. rd(unit,i(X0)) = X0 [superposition 4,10]
36. rd(X0,ld(X1,X0)) = X1 [superposition 4,1]
38. i(X0) = rd(unit,X0) [superposition 4,12]
39. i(i(X0)) = X0 [forward demodulation 35,38]
47. rd(X0,X1) = mult(X0,i(X1)) [superposition 8,3]
51. mult(X0,X1) = rd(X0,i(X1)) [superposition 4,8]
52. i(X1) = ld(mult(X0,X1),X0) [superposition 2,8]
61. mult(X0,mult(mult(i(X0),X1),i(X0))) = mult(mult(unit,X1),i(X0)) [superposition 7,10]
63. mult(mult(X0,X1),mult(mult(i(X1),X2),i(X1))) = mult(mult(X0,X2),i(X1)) [superposition 7,8]
67. mult(i(X0),mult(mult(X0,X1),X0)) = mult(mult(unit,X1),X0) [superposition 7,12]
71. mult(unit,X1) = mult(X0,mult(mult(X1,i(mult(X0,X1))),X1)) [superposition 7,10]
72. mult(X0,X2) = mult(X1,mult(mult(X2,ld(mult(X1,X2),X0)),X2)) [superposition 7,1]
77. mult(mult(X0,X1),X2) = rd(mult(X0,mult(mult(X1,X2),X1)),X1) [superposition 4,7]
85. mult(unit,X1) = mult(X0,mult(rd(X1,mult(X0,X1)),X1)) [forward demodulation 71,47]
88. mult(X1,X0) = mult(i(X0),mult(mult(X0,X1),X0)) [forward demodulation 67,6]
89. mult(mult(X0,X1),mult(mult(i(X1),X2),i(X1))) = rd(mult(X0,X2),X1) [forward demodulation 63,47]
90. mult(X0,mult(mult(i(X0),X1),i(X0))) = rd(mult(unit,X1),X0) [forward demodulation 61,47]
94. mult(X0,mult(rd(X1,mult(X0,X1)),X1)) = X1 [forward demodulation 85,6]
95. rd(mult(X0,X2),X1) = mult(mult(X0,X1),rd(mult(i(X1),X2),X1)) [forward demodulation 89,47]
96. mult(X0,mult(mult(i(X0),X1),i(X0))) = rd(X1,X0) [forward demodulation 90,6]
98. rd(X1,X0) = mult(X0,rd(mult(i(X0),X1),X0)) [forward demodulation 96,47]
108. mult(ld(X1,X0),X1) = X0 | ld(X1,X0) = mult(i(X1),X0) [superposition 13,1]
118. mult(X1,X0) = ld(i(X1),X0) | mult(X0,X1) = mult(X1,X0) [superposition 2,13]
210. ld(X0,X1) = i(ld(X1,X0)) [superposition 52,1]
307. mult(rd(X0,X1),mult(rd(X1,X0),X1)) = X1 [superposition 94,3]
315. ld(X1,X0) = mult(rd(X0,mult(X1,X0)),X0) [superposition 2,94]
391. mult(mult(X1,X0),X1) = ld(i(X1),mult(X0,X1)) [superposition 2,88]
396. i(mult(mult(X1,X0),X1)) = ld(mult(X0,X1),i(X1)) [superposition 52,88]
472. i(rd(mult(i(X1),X0),X1)) = ld(rd(X0,X1),X1) [superposition 52,98]
700. mult(mult(X1,ld(mult(X2,X1),X0)),X1) = ld(X2,mult(X0,X1)) [superposition 2,72]
1102. ld(X1,X0) = mult(i(X1),X0) | rd(X0,X1) = ld(X1,X0) [superposition 4,108]
1397. ld(X0,X1) = mult(i(X0),X1) | mult(i(X0),X1) = mult(X1,i(X0)) [superposition 118,39]
1428. mult(i(X0),X1) = rd(X1,X0) | ld(X0,X1) = mult(i(X0),X1) [forward demodulation 1397,47]
1559. mult(mult(X1,X2),rd(X0,X2)) = rd(mult(X1,ld(i(X2),X0)),X2) [superposition 95,1]
1584. i(rd(mult(i(X2),X1),X2)) = ld(rd(mult(X0,X1),X2),mult(X0,X2)) [superposition 52,95]
1605. ld(rd(mult(X0,X1),X2),mult(X0,X2)) = ld(rd(X1,X2),X2) [forward demodulation 1584,472]
2069. mult(rd(X0,X1),X0) = ld(rd(X1,X0),X0) [superposition 2,307]
2255. mult(rd(i(X1),X0),i(X1)) = ld(mult(X0,X1),i(X1)) [superposition 315,8]
2285. i(X1) = ld(ld(X0,X1),rd(X1,mult(X0,X1))) [superposition 52,315]
2335. mult(rd(i(X1),X0),i(X1)) = i(mult(mult(X1,X0),X1)) [forward demodulation 2255,396]
2356. rd(rd(i(X1),X0),X1) = i(mult(mult(X1,X0),X1)) [forward demodulation 2335,47]
19053. mult(X2,ld(mult(X0,X2),X1)) = rd(ld(X0,mult(X1,X2)),X2) [superposition 4,700]
53532. ld(X0,X1) != rd(X1,X0) | ld(X0,X1) = mult(i(X0),X1) [equality factoring 1428]
53536. ld(X0,X1) = mult(i(X0),X1) [forward subsumption resolution 53532,1102]
53780. mult(ld(X0,X1),X2) = ld(ld(X1,X0),X2) [superposition 53536,210]
53786. mult(X0,X1) = ld(i(X0),X1) [superposition 53536,39]
53947. mult(mult(X1,i(X0)),X1) = ld(i(X1),ld(X0,X1)) [superposition 391,53536]
53982. i(X1) = ld(ld(i(X0),X1),rd(X1,ld(X0,X1))) [superposition 2285,53536]
54032. rd(ld(X0,mult(mult(X1,X2),X1)),X1) = mult(mult(i(X0),X1),X2) [superposition 77,53536]
54087. mult(ld(X0,X1),X2) = rd(ld(X0,mult(mult(X1,X2),X1)),X1) [forward demodulation 54032,53536]
54134. i(X1) = ld(ld(i(X0),X1),X0) [forward demodulation 53982,36]
54167. mult(rd(X1,X0),X1) = ld(i(X1),ld(X0,X1)) [forward demodulation 53947,47]
54290. mult(ld(X0,X1),X2) = mult(X1,ld(mult(X0,X1),mult(X1,X2))) [forward demodulation 54087,19053]
54326. i(X1) = mult(ld(X1,i(X0)),X0) [forward demodulation 54134,53780]
54348. mult(X1,ld(X0,X1)) = mult(rd(X1,X0),X1) [forward demodulation 54167,53786]
54954. ld(rd(ld(i(X1),X2),X1),X1) = ld(mult(mult(X0,X1),rd(X2,X1)),mult(X0,X1)) [superposition 1605,1559]
54975. i(rd(X2,X1)) = ld(rd(ld(i(X1),X2),X1),X1) [forward demodulation 54954,52]
55120. i(rd(X2,X1)) = mult(rd(X1,ld(i(X1),X2)),X1) [forward demodulation 54975,2069]
55224. i(rd(X2,X1)) = mult(X1,ld(ld(i(X1),X2),X1)) [forward demodulation 55120,54348]
55297. i(rd(X2,X1)) = mult(X1,mult(ld(X2,i(X1)),X1)) [forward demodulation 55224,53780]
55341. mult(X1,i(X2)) = i(rd(X2,X1)) [forward demodulation 55297,54326]
55370. rd(X1,X2) = i(rd(X2,X1)) [forward demodulation 55341,47]
55460. i(i(mult(mult(X0,X1),X0))) = rd(X0,rd(i(X0),X1)) [superposition 55370,2356]
55489. rd(X2,rd(X0,X1)) = mult(X2,rd(X1,X0)) [superposition 51,55370]
55596. mult(X0,rd(X1,i(X0))) = i(i(mult(mult(X0,X1),X0))) [forward demodulation 55460,55489]
55651. mult(mult(X0,X1),X0) = mult(X0,rd(X1,i(X0))) [forward demodulation 55596,39]
55677. mult(mult(X0,X1),X0) = mult(X0,mult(X1,X0)) [forward demodulation 55651,51]
131253. mult(a,mult(b,mult(a,c))) != mult(mult(a,mult(b,a)),c) [superposition 14,55677]
457477. mult(X1,ld(i(X0),mult(X1,X2))) = mult(ld(ld(X0,i(X1)),X1),X2) [superposition 54290,54326]
457682. mult(X1,ld(i(X0),mult(X1,X2))) = mult(mult(ld(i(X1),X0),X1),X2) [forward demodulation 457477,53780]
457765. mult(mult(mult(X1,X0),X1),X2) = mult(X1,ld(i(X0),mult(X1,X2))) [forward demodulation 457682,53786]
457822. mult(mult(mult(X1,X0),X1),X2) = mult(X1,mult(X0,mult(X1,X2))) [forward demodulation 457765,53786]
457857. mult(X1,mult(X0,mult(X1,X2))) = mult(mult(X1,mult(X0,X1)),X2) [forward demodulation 457822,55677]
850192. $false [forward subsumption resolution 131253,457857]
% SZS output end Proof for GRP748-2
% ------------------------------
% Version: Vampire 5.0.0 (Release build, commit 2e2c9b7b8 on 2026-01-17 12:24:14 +0100)
% Linked with Z3 4.14.0.0 3c47fd96cf5645d0c42b2c819d9e9a84380aa721 z3-4.8.4-9178-g3c47fd96c
% CaDiCaL version: 2.1.3
% Termination reason: Refutation
% Time elapsed: 14.931 s
% Peak memory usage: 347 MB
% Instructions burned: 50462 (million)
% ------------------------------
% ------------------------------
