% Running in auto input_syntax mode. Trying TPTP
% Refutation found. Thanks to Tanya!
% SZS status Theorem for GRP660+1
% SZS output start Proof for GRP660+1
1. ! [X0,X1] : mult(X1,ld(X1,X0)) = X0 [input(axiom)]
2. ! [X0,X1] : ld(X1,mult(X1,X0)) = X0 [input(axiom)]
3. ! [X0,X1] : mult(rd(X1,X0),X0) = X1 [input(axiom)]
4. ! [X0,X1] : rd(mult(X1,X0),X0) = X1 [input(axiom)]
5. ! [X0,X1,X2] : mult(mult(mult(X2,X1),X0),X2) = mult(X2,mult(X1,mult(X0,X2))) [input(axiom)]
6. ? [X0] : ! [X1] : (mult(X1,X0) = X1 & mult(X0,X1) = X1) [input(conjecture)]
7. ~? [X0] : ! [X1] : (mult(X1,X0) = X1 & mult(X0,X1) = X1) [negated conjecture 6]
8. ! [X0] : ? [X1] : (mult(X1,X0) != X1 | mult(X0,X1) != X1) [ennf transformation 7]
9. ! [X0] : (? [X1] : (mult(X1,X0) != X1 | mult(X0,X1) != X1) => (sK0(X0) != mult(sK0(X0),X0) | sK0(X0) != mult(X0,sK0(X0)))) [skolem symbol introduction]
10. ! [X0] : (sK0(X0) != mult(sK0(X0),X0) | sK0(X0) != mult(X0,sK0(X0))) [skolemisation 8,9]
11. mult(X1,ld(X1,X0)) = X0 [cnf transformation 1]
12. ld(X1,mult(X1,X0)) = X0 [cnf transformation 2]
13. mult(rd(X1,X0),X0) = X1 [cnf transformation 3]
14. rd(mult(X1,X0),X0) = X1 [cnf transformation 4]
15. mult(mult(mult(X2,X1),X0),X2) = mult(X2,mult(X1,mult(X0,X2))) [cnf transformation 5]
16. sK0(X0) != mult(sK0(X0),X0) | sK0(X0) != mult(X0,sK0(X0)) [cnf transformation 10]
17. ld(rd(X0,X1),X0) = X1 [superposition 12,13]
18. rd(X0,ld(X1,X0)) = X1 [superposition 14,11]
19. mult(X1,mult(ld(X1,X0),mult(X2,X1))) = mult(mult(X0,X2),X1) [superposition 15,11]
20. mult(rd(X0,X1),mult(X1,mult(X2,rd(X0,X1)))) = mult(mult(X0,X2),rd(X0,X1)) [superposition 15,13]
22. mult(mult(X0,X1),mult(X2,mult(X0,mult(X0,X1)))) = mult(mult(X0,mult(X1,mult(X2,X0))),mult(X0,X1)) [superposition 15,15]
23. mult(X0,X1) = mult(X1,mult(X2,mult(ld(mult(X1,X2),X0),X1))) [superposition 15,11]
24. mult(mult(X0,X1),X2) = rd(mult(X0,mult(X1,mult(X2,X0))),X0) [superposition 14,15]
25. ld(mult(mult(X0,X1),X2),mult(X0,mult(X1,mult(X2,X0)))) = X0 [superposition 12,15]
34. mult(mult(X2,rd(X0,X1)),X1) = mult(X1,mult(ld(X1,X2),X0)) [superposition 19,13]
37. rd(mult(mult(X0,X1),X2),mult(ld(X2,X0),mult(X1,X2))) = X2 [superposition 14,19]
38. mult(ld(X2,X0),mult(X1,X2)) = ld(X2,mult(mult(X0,X1),X2)) [superposition 12,19]
51. mult(X2,mult(ld(mult(X1,X2),X0),X1)) = ld(X1,mult(X0,X1)) [superposition 12,23]
66. mult(mult(X1,X2),rd(X0,X1)) = rd(mult(X1,mult(X2,X0)),X1) [superposition 24,13]
68. mult(mult(mult(X1,X2),X2),ld(X2,X0)) = rd(mult(mult(X1,X2),mult(mult(X0,X1),X2)),mult(X1,X2)) [superposition 24,19]
70. mult(mult(X1,rd(X0,mult(X2,X1))),X2) = rd(mult(X1,X0),X1) [superposition 24,13]
154. mult(X1,rd(X0,X2)) = ld(mult(mult(mult(X1,rd(X0,X2)),rd(X0,X2)),X2),mult(mult(X1,rd(X0,X2)),mult(mult(X0,X1),rd(X0,X2)))) [superposition 25,20]
167. mult(X1,rd(X0,X2)) = ld(mult(X2,mult(ld(X2,mult(X1,rd(X0,X2))),X0)),mult(mult(X1,rd(X0,X2)),mult(mult(X0,X1),rd(X0,X2)))) [forward demodulation 154,34]
177. rd(mult(X0,X2),mult(ld(X2,rd(X0,X1)),mult(X1,X2))) = X2 [superposition 37,13]
236. mult(X0,mult(mult(X1,mult(X2,X0)),mult(mult(X0,X1),X0))) = mult(mult(mult(X0,X1),mult(X2,mult(X0,mult(X0,X1)))),X0) [superposition 15,22]
253. mult(X0,mult(mult(X1,mult(X2,X0)),mult(mult(X0,X1),X0))) = mult(X0,mult(X1,mult(mult(X2,mult(X0,mult(X0,X1))),X0))) [forward demodulation 236,15]
266. ld(X1,mult(X0,X1)) = mult(ld(X1,rd(X0,X2)),mult(X2,X1)) [superposition 38,13]
389. ld(rd(X0,X1),mult(X2,rd(X0,X1))) = mult(X1,mult(ld(X0,X2),rd(X0,X1))) [superposition 51,13]
408. mult(ld(mult(X0,X2),X1),X0) = ld(X2,ld(X0,mult(X1,X0))) [superposition 12,51]
457. rd(mult(X1,X0),X1) = mult(mult(X1,rd(X0,X2)),rd(X2,X1)) [superposition 66,13]
515. mult(ld(X2,X0),mult(rd(X1,mult(X2,X0)),X2)) = ld(X2,rd(mult(X0,X1),X0)) [superposition 38,70]
516. rd(rd(mult(X0,X1),X0),mult(ld(X2,X0),mult(rd(X1,mult(X2,X0)),X2))) = X2 [superposition 37,70]
520. ld(mult(X0,rd(X1,mult(X2,X0))),rd(mult(X0,X1),X0)) = X2 [superposition 12,70]
521. mult(X0,rd(X1,mult(X2,X0))) = rd(rd(mult(X0,X1),X0),X2) [superposition 14,70]
550. mult(X0,rd(X1,mult(mult(ld(X2,X0),mult(rd(X1,mult(X2,X0)),X2)),X0))) = X2 [forward demodulation 516,521]
554. mult(X0,rd(X1,mult(ld(X2,rd(mult(X0,X1),X0)),X0))) = X2 [forward demodulation 550,515]
2014. mult(ld(mult(X1,X2),rd(X0,X1)),X1) = ld(X2,ld(X1,X0)) [superposition 408,13]
2016. ld(X1,X0) = mult(ld(mult(X0,X1),X0),X0) [superposition 408,12]
2230. ld(ld(X1,X0),X1) = mult(ld(X0,X1),X1) [superposition 2016,11]
2247. ld(X1,rd(X0,X1)) = mult(ld(X0,rd(X0,X1)),rd(X0,X1)) [superposition 2016,13]
2256. ld(ld(mult(X1,X0),X1),ld(X0,X1)) = X1 [superposition 12,2016]
2257. ld(mult(X1,X0),X1) = rd(ld(X0,X1),X1) [superposition 14,2016]
2550. ld(X1,X0) = rd(X1,mult(ld(X0,X1),X1)) [superposition 18,2230]
2926. rd(X0,ld(X1,X0)) = ld(mult(ld(X1,X0),ld(mult(X0,X1),X0)),ld(X1,X0)) [superposition 2257,2256]
2934. rd(X0,X1) = ld(mult(X1,rd(X1,X0)),X1) [superposition 2257,17]
2950. ld(mult(ld(X1,X0),ld(mult(X0,X1),X0)),ld(X1,X0)) = X1 [forward demodulation 2926,18]
3266. rd(X1,mult(X0,X1)) = ld(X1,rd(X1,X0)) [superposition 2550,17]
7837. rd(rd(X0,X1),X2) = mult(X1,rd(ld(X1,X0),mult(X2,X1))) [superposition 521,11]
8178. ld(X1,X0) = rd(X2,mult(ld(X0,rd(mult(X1,X2),X1)),X1)) [superposition 12,554]
8226. rd(X2,mult(ld(X0,rd(mult(X1,X2),X1)),X1)) = rd(X0,mult(ld(rd(X2,mult(ld(X0,rd(mult(X1,X2),X1)),X1)),rd(X1,X3)),mult(X3,rd(X2,mult(ld(X0,rd(mult(X1,X2),X1)),X1))))) [superposition 177,554]
8236. ld(rd(X1,mult(ld(X0,rd(mult(X2,X1),X2)),X2)),mult(X3,rd(X1,mult(ld(X0,rd(mult(X2,X1),X2)),X2)))) = mult(ld(rd(X1,mult(ld(X0,rd(mult(X2,X1),X2)),X2)),rd(X3,X2)),X0) [superposition 266,554]
8278. mult(ld(rd(X1,mult(ld(X0,rd(mult(X2,X1),X2)),X2)),rd(X3,X2)),X0) = mult(mult(ld(X0,rd(mult(X2,X1),X2)),X2),mult(ld(X1,X3),rd(X1,mult(ld(X0,rd(mult(X2,X1),X2)),X2)))) [forward demodulation 8236,389]
8280. rd(X2,mult(ld(X0,rd(mult(X1,X2),X1)),X1)) = rd(X0,ld(rd(X2,mult(ld(X0,rd(mult(X1,X2),X1)),X1)),mult(X1,rd(X2,mult(ld(X0,rd(mult(X1,X2),X1)),X1))))) [forward demodulation 8226,266]
8340. mult(ld(ld(X2,X0),rd(X3,X2)),X0) = mult(mult(ld(X0,rd(mult(X2,X1),X2)),X2),mult(ld(X1,X3),ld(X2,X0))) [forward demodulation 8278,8178]
8341. rd(X2,mult(ld(X0,rd(mult(X1,X2),X1)),X1)) = rd(X0,mult(mult(ld(X0,rd(mult(X1,X2),X1)),X1),mult(ld(X2,X1),rd(X2,mult(ld(X0,rd(mult(X1,X2),X1)),X1))))) [forward demodulation 8280,389]
8369. ld(X1,X0) = rd(X0,mult(mult(ld(X0,rd(mult(X1,X2),X1)),X1),mult(ld(X2,X1),ld(X1,X0)))) [forward demodulation 8341,8178]
8384. ld(X1,X0) = rd(X0,mult(ld(ld(X1,X0),rd(X1,X1)),X0)) [forward demodulation 8369,8340]
8390. ld(X1,X0) = ld(X0,rd(X0,ld(ld(X1,X0),rd(X1,X1)))) [forward demodulation 8384,3266]
13591. ld(ld(X1,X0),ld(X1,X2)) = mult(ld(X0,rd(X2,X1)),X1) [superposition 2014,11]
16858. mult(X2,rd(ld(X2,X1),X0)) = rd(rd(X1,X2),rd(X0,X2)) [superposition 7837,13]
19487. ld(X0,rd(X0,X0)) = ld(rd(X0,X0),ld(X0,rd(X0,X0))) [superposition 8390,18]
19491. mult(X1,ld(X0,X1)) = rd(X1,ld(ld(X0,X1),rd(X0,X0))) [superposition 11,8390]
34068. rd(X0,X0) = rd(ld(X0,rd(X0,X0)),ld(X0,rd(X0,X0))) [superposition 18,19487]
34092. rd(ld(X0,rd(X0,X0)),ld(X0,rd(X0,X0))) = ld(mult(ld(X0,rd(X0,X0)),rd(X0,X0)),ld(X0,rd(X0,X0))) [superposition 2257,19487]
34118. rd(ld(X0,rd(X0,X0)),ld(X0,rd(X0,X0))) = ld(ld(X0,rd(X0,X0)),ld(X0,rd(X0,X0))) [forward demodulation 34092,2247]
34138. rd(ld(X0,rd(X0,X0)),ld(X0,rd(X0,X0))) = mult(ld(rd(X0,X0),rd(rd(X0,X0),X0)),X0) [forward demodulation 34118,13591]
34146. rd(X0,X0) = mult(ld(rd(X0,X0),rd(rd(X0,X0),X0)),X0) [forward demodulation 34138,34068]
34833. ld(ld(X1,X0),rd(X1,X1)) = ld(mult(X0,ld(X1,X0)),X0) [superposition 17,19491]
40590. rd(X0,X0) = ld(mult(ld(X0,rd(X0,X0)),ld(mult(ld(X0,rd(X0,X0)),rd(X0,X0)),ld(X0,rd(X0,X0)))),ld(X0,rd(X0,X0))) [superposition 2950,19487]
40703. rd(X0,X0) = ld(mult(ld(X0,rd(X0,X0)),ld(ld(X0,rd(X0,X0)),ld(X0,rd(X0,X0)))),ld(X0,rd(X0,X0))) [forward demodulation 40590,2247]
40793. rd(X0,X0) = ld(ld(ld(X0,rd(X0,X0)),ld(X0,rd(X0,X0))),rd(ld(X0,rd(X0,X0)),ld(X0,rd(X0,X0)))) [forward demodulation 40703,34833]
40860. rd(X0,X0) = ld(ld(ld(X0,rd(X0,X0)),ld(X0,rd(X0,X0))),rd(X0,X0)) [forward demodulation 40793,34068]
40901. rd(X0,X0) = ld(mult(ld(rd(X0,X0),rd(rd(X0,X0),X0)),X0),rd(X0,X0)) [forward demodulation 40860,13591]
40914. rd(X0,X0) = ld(rd(X0,X0),rd(X0,X0)) [forward demodulation 40901,34146]
42112. rd(X0,X0) = mult(rd(X0,X0),rd(X0,X0)) [superposition 11,40914]
42113. rd(X0,X0) = rd(rd(X0,X0),rd(X0,X0)) [superposition 18,40914]
42175. rd(X0,X0) = mult(X0,rd(ld(X0,X0),X0)) [forward demodulation 42113,16858]
42196. rd(X0,X0) = mult(X0,ld(mult(X0,X0),X0)) [forward demodulation 42175,2257]
43769. mult(rd(X0,X0),X0) = mult(X0,mult(ld(X0,rd(X0,X0)),X0)) [superposition 34,42112]
43780. rd(X0,X0) = ld(mult(X0,mult(ld(X0,rd(X0,X0)),X0)),mult(rd(X0,X0),mult(mult(X0,rd(X0,X0)),rd(X0,X0)))) [superposition 167,42112]
43812. mult(mult(rd(X0,X0),rd(X0,X0)),ld(rd(X0,X0),X1)) = rd(mult(rd(X0,X0),mult(mult(X1,rd(X0,X0)),rd(X0,X0))),rd(X0,X0)) [superposition 68,42112]
44033. mult(mult(rd(X0,X0),rd(X0,X0)),ld(rd(X0,X0),X1)) = mult(mult(rd(X0,X0),mult(X1,rd(X0,X0))),rd(rd(X0,X0),rd(X0,X0))) [forward demodulation 43812,66]
44052. rd(X0,X0) = ld(mult(X0,mult(ld(X0,rd(X0,X0)),X0)),mult(rd(X0,X0),rd(mult(X0,X0),X0))) [forward demodulation 43780,457]
44062. mult(X0,mult(ld(X0,rd(X0,X0)),X0)) = X0 [forward demodulation 43769,13]
44110. mult(mult(rd(X0,X0),rd(X0,X0)),ld(rd(X0,X0),X1)) = mult(mult(rd(X0,X0),mult(X1,rd(X0,X0))),mult(X0,rd(ld(X0,X0),X0))) [forward demodulation 44033,16858]
44118. rd(X0,X0) = ld(mult(X0,mult(ld(X0,rd(X0,X0)),X0)),mult(rd(X0,X0),X0)) [forward demodulation 44052,14]
44156. mult(mult(rd(X0,X0),rd(X0,X0)),ld(rd(X0,X0),X1)) = mult(mult(rd(X0,X0),mult(X1,rd(X0,X0))),mult(X0,ld(mult(X0,X0),X0))) [forward demodulation 44110,2257]
44162. rd(X0,X0) = ld(mult(X0,mult(ld(X0,rd(X0,X0)),X0)),X0) [forward demodulation 44118,13]
44182. mult(mult(rd(X0,X0),rd(X0,X0)),ld(rd(X0,X0),X1)) = mult(mult(rd(X0,X0),mult(X1,rd(X0,X0))),rd(X0,X0)) [forward demodulation 44156,42196]
44187. ld(X0,X0) = rd(X0,X0) [forward demodulation 44162,44062]
44196. mult(rd(X0,X0),ld(rd(X0,X0),X1)) = mult(mult(rd(X0,X0),mult(X1,rd(X0,X0))),rd(X0,X0)) [forward demodulation 44182,42112]
44204. mult(ld(X0,X0),ld(ld(X0,X0),X1)) = mult(mult(ld(X0,X0),mult(X1,ld(X0,X0))),ld(X0,X0)) [forward demodulation 44196,44187]
44209. mult(mult(ld(X0,X0),mult(X1,ld(X0,X0))),ld(X0,X0)) = X1 [forward demodulation 44204,11]
45249. ld(X0,X0) = mult(ld(X0,X0),ld(X0,X0)) [superposition 42112,44187]
58080. mult(mult(ld(X0,X0),X1),ld(X0,X0)) = mult(ld(X0,X0),mult(ld(X0,X0),mult(X1,ld(X0,X0)))) [superposition 15,45249]
58166. mult(ld(X0,X0),mult(mult(ld(X0,X0),mult(X1,ld(X0,X0))),mult(ld(X0,X0),ld(X0,X0)))) = mult(ld(X0,X0),mult(ld(X0,X0),mult(mult(X1,mult(ld(X0,X0),ld(X0,X0))),ld(X0,X0)))) [superposition 253,45249]
58277. mult(ld(X0,X0),mult(mult(ld(X0,X0),mult(X1,ld(X0,X0))),ld(X0,X0))) = mult(ld(X0,X0),mult(ld(X0,X0),mult(mult(X1,ld(X0,X0)),ld(X0,X0)))) [forward demodulation 58166,45249]
58365. mult(mult(ld(X0,X0),mult(X1,ld(X0,X0))),ld(X0,X0)) = mult(ld(X0,X0),mult(mult(ld(X0,X0),mult(X1,ld(X0,X0))),ld(X0,X0))) [forward demodulation 58277,58080]
58435. mult(ld(X0,X0),X1) = X1 [forward demodulation 58365,44209]
60357. ld(mult(ld(X1,X1),rd(X0,mult(X2,ld(X1,X1)))),rd(X0,ld(X1,X1))) = X2 [superposition 520,58435]
60628. rd(X1,ld(X0,X0)) = ld(rd(ld(X0,X0),X1),ld(X0,X0)) [superposition 2934,58435]
60648. rd(X1,ld(X0,X0)) = X1 [forward demodulation 60628,17]
60805. ld(rd(X0,mult(X2,ld(X1,X1))),rd(X0,ld(X1,X1))) = X2 [forward demodulation 60357,58435]
61053. ld(rd(X0,mult(X2,ld(X1,X1))),X0) = X2 [forward demodulation 60805,60648]
61186. mult(X2,ld(X1,X1)) = X2 [forward demodulation 61053,17]
71390. sK0(ld(X0,X0)) != sK0(ld(X0,X0)) | sK0(ld(X0,X0)) != mult(ld(X0,X0),sK0(ld(X0,X0))) [superposition 16,61186]
71391. sK0(ld(X0,X0)) != mult(ld(X0,X0),sK0(ld(X0,X0))) [trivial inequality removal 71390]
71392. $false [forward subsumption resolution 71391,58435]
% SZS output end Proof for GRP660+1
% ------------------------------
% Version: Vampire 5.0.0 (Release build, commit 2e2c9b7b8 on 2026-01-17 12:24:14 +0100)
% Linked with Z3 4.14.0.0 3c47fd96cf5645d0c42b2c819d9e9a84380aa721 z3-4.8.4-9178-g3c47fd96c
% CaDiCaL version: 2.1.3
% Termination reason: Refutation
% Time elapsed: 2.956 s
% Peak memory usage: 97 MB
% Instructions burned: 8775 (million)
% ------------------------------
% ------------------------------
