% Running in auto input_syntax mode. Trying TPTP
% Refutation found. Thanks to Tanya!
% SZS status Unsatisfiable for GRP127-1.004_clausified
% SZS output start Proof for GRP127-1.004_clausified
1. group_element(e_1) [input(axiom)]
2. group_element(e_2) [input(axiom)]
3. group_element(e_3) [input(axiom)]
4. group_element(e_4) [input(axiom)]
5. ~equalish(e_1,e_2) [input(axiom)]
6. ~equalish(e_1,e_3) [input(axiom)]
7. ~equalish(e_1,e_4) [input(axiom)]
8. ~equalish(e_2,e_1) [input(axiom)]
9. ~equalish(e_2,e_3) [input(axiom)]
10. ~equalish(e_2,e_4) [input(axiom)]
13. ~equalish(e_3,e_4) [input(axiom)]
14. ~equalish(e_4,e_1) [input(axiom)]
15. ~equalish(e_4,e_2) [input(axiom)]
16. ~equalish(e_4,e_3) [input(axiom)]
17. product(X0,X1,e_4) | ~group_element(X1) | product(X0,X1,e_1) | product(X0,X1,e_2) | product(X0,X1,e_3) | ~group_element(X0) [input(axiom)]
19. ~product(X0,X3,X2) | ~product(X0,X1,X2) | equalish(X1,X3) [input(axiom)]
20. ~product(X3,X1,X2) | ~product(X0,X1,X2) | equalish(X0,X3) [input(axiom)]
21. product(X0,X0,X0) [input(axiom)]
22. ~product(X2,X0,X3) | ~product(X0,X1,X2) | product(X3,X0,X1) [input(negated conjecture)]
27. ~product(X0,X1,X0) | equalish(X1,X0) [resolution 19,21]
28. ~product(X0,X1,X1) | equalish(X0,X1) [resolution 20,21]
33. ~product(X0,X2,X1) | product(X1,X0,e_1) | product(X1,X0,e_2) | product(X1,X0,e_3) | ~group_element(X1) | ~group_element(X0) | product(e_4,X0,X2) [resolution 17,22]
34. ~group_element(X0) | product(e_4,X0,e_1) | product(e_4,X0,e_2) | product(e_4,X0,e_3) | ~group_element(e_4) | equalish(X0,e_4) [resolution 17,27]
39. product(e_4,X0,e_3) | product(e_4,X0,e_1) | product(e_4,X0,e_2) | ~group_element(X0) | equalish(X0,e_4) [forward subsumption resolution 34,4]
66. 2 <=> product(e_3,e_4,e_3) [avatar definition]
67. ~product(e_3,e_4,e_3) <- (~2) [avatar component clause 66]
68. product(e_3,e_4,e_3) <- (2) [avatar component clause 66]
83. equalish(e_4,e_3) <- (2) [resolution 68,27]
86. $false <- (2) [forward subsumption resolution 83,16]
87. ~2 [avatar contradiction clause 86]
89. equalish(X0,e_4) | ~group_element(e_4) | product(X0,e_4,e_1) | product(X0,e_4,e_2) | product(X0,e_4,e_3) | ~group_element(X0) [resolution 28,17]
91. product(X0,e_4,e_3) | product(X0,e_4,e_1) | product(X0,e_4,e_2) | equalish(X0,e_4) | ~group_element(X0) [forward subsumption resolution 89,4]
272. 17 <=> product(e_4,e_3,e_1) [avatar definition]
273. ~product(e_4,e_3,e_1) <- (~17) [avatar component clause 272]
274. product(e_4,e_3,e_1) <- (17) [avatar component clause 272]
276. 18 <=> product(e_4,e_3,e_2) [avatar definition]
277. ~product(e_4,e_3,e_2) <- (~18) [avatar component clause 276]
278. product(e_4,e_3,e_2) <- (18) [avatar component clause 276]
301. product(e_4,e_3,e_1) | product(e_4,e_3,e_2) | ~group_element(e_3) | equalish(e_3,e_4) | equalish(e_4,e_3) [resolution 39,28]
304. ~product(X1,X0,e_3) | product(e_4,X0,e_2) | ~group_element(X0) | equalish(X0,e_4) | product(e_4,X0,e_1) | equalish(X1,e_4) [resolution 39,20]
323. 21 <=> product(e_1,e_4,e_2) [avatar definition]
324. ~product(e_1,e_4,e_2) <- (~21) [avatar component clause 323]
325. product(e_1,e_4,e_2) <- (21) [avatar component clause 323]
327. 22 <=> product(e_1,e_4,e_1) [avatar definition]
328. ~product(e_1,e_4,e_1) <- (~22) [avatar component clause 327]
329. product(e_1,e_4,e_1) <- (22) [avatar component clause 327]
336. ~product(X0,X1,e_3) | product(X0,e_4,e_2) | equalish(X0,e_4) | ~group_element(X0) | product(X0,e_4,e_1) | equalish(X1,e_4) [resolution 91,19]
338. ~product(e_4,X1,X0) | product(X0,e_4,e_2) | equalish(X0,e_4) | ~group_element(X0) | product(X0,e_4,e_1) | product(e_3,e_4,X1) [resolution 91,22]
371. 24 <=> product(e_2,e_4,e_2) [avatar definition]
372. ~product(e_2,e_4,e_2) <- (~24) [avatar component clause 371]
373. product(e_2,e_4,e_2) <- (24) [avatar component clause 371]
375. 25 <=> product(e_2,e_4,e_1) [avatar definition]
376. ~product(e_2,e_4,e_1) <- (~25) [avatar component clause 375]
377. product(e_2,e_4,e_1) <- (25) [avatar component clause 375]
379. product(e_4,e_3,e_2) | ~group_element(e_3) | equalish(e_3,e_4) | equalish(e_4,e_3) <- (~17) [forward subsumption resolution 301,273]
380. ~group_element(e_3) | equalish(e_3,e_4) | equalish(e_4,e_3) <- (~17, ~18) [forward subsumption resolution 379,277]
381. equalish(e_3,e_4) | equalish(e_4,e_3) <- (~17, ~18) [forward subsumption resolution 380,3]
382. equalish(e_4,e_3) <- (~17, ~18) [forward subsumption resolution 381,13]
383. $false <- (~17, ~18) [forward subsumption resolution 382,16]
384. 17 | 18 [avatar contradiction clause 383]
633. 31 <=> product(e_4,e_2,e_1) [avatar definition]
635. product(e_4,e_2,e_1) <- (31) [avatar component clause 633]
637. 32 <=> product(e_4,e_2,e_2) [avatar definition]
639. product(e_4,e_2,e_2) <- (32) [avatar component clause 637]
656. 34 <=> product(e_4,e_1,e_1) [avatar definition]
657. ~product(e_4,e_1,e_1) <- (~34) [avatar component clause 656]
658. product(e_4,e_1,e_1) <- (34) [avatar component clause 656]
660. 35 <=> product(e_4,e_1,e_2) [avatar definition]
661. ~product(e_4,e_1,e_2) <- (~35) [avatar component clause 660]
662. product(e_4,e_1,e_2) <- (35) [avatar component clause 660]
910. 43 <=> product(e_2,e_1,e_3) [avatar definition]
912. product(e_2,e_1,e_3) <- (43) [avatar component clause 910]
914. 44 <=> product(e_2,e_1,e_2) [avatar definition]
916. product(e_2,e_1,e_2) <- (44) [avatar component clause 914]
918. 45 <=> product(e_2,e_1,e_1) [avatar definition]
920. product(e_2,e_1,e_1) <- (45) [avatar component clause 918]
1124. 46 <=> product(e_4,e_1,e_4) [avatar definition]
1126. product(e_4,e_1,e_4) <- (46) [avatar component clause 1124]
1232. product(e_2,e_1,e_1) | product(e_2,e_1,e_2) | product(e_2,e_1,e_3) | ~group_element(e_2) | ~group_element(e_1) | product(e_4,e_1,e_4) <- (21) [resolution 325,33]
1237. product(e_2,e_1,e_1) | product(e_2,e_1,e_2) | product(e_2,e_1,e_3) | ~group_element(e_1) | product(e_4,e_1,e_4) <- (21) [forward subsumption resolution 1232,2]
1238. product(e_2,e_1,e_1) | product(e_2,e_1,e_2) | product(e_2,e_1,e_3) | product(e_4,e_1,e_4) <- (21) [forward subsumption resolution 1237,1]
1239. 46 | 43 | 44 | 45 | ~21 [avatar split clause 1238,323,918,914,910,1124]
1259. product(e_2,e_4,e_2) | equalish(e_2,e_4) | ~group_element(e_2) | product(e_2,e_4,e_1) | product(e_3,e_4,e_3) <- (18) [resolution 338,278]
1276. product(e_2,e_4,e_2) | ~group_element(e_2) | product(e_2,e_4,e_1) | product(e_3,e_4,e_3) <- (18) [forward subsumption resolution 1259,10]
1277. product(e_2,e_4,e_2) | product(e_2,e_4,e_1) | product(e_3,e_4,e_3) <- (18) [forward subsumption resolution 1276,2]
1278. product(e_2,e_4,e_2) | product(e_2,e_4,e_1) <- (~2, 18) [forward subsumption resolution 1277,67]
1279. 25 | 24 | 2 | ~18 [avatar split clause 1278,276,66,371,375]
1280. product(e_1,e_4,e_2) | equalish(e_1,e_4) | ~group_element(e_1) | product(e_1,e_4,e_1) | product(e_3,e_4,e_3) <- (17) [resolution 274,338]
1293. equalish(e_4,e_1) <- (22) [resolution 329,27]
1302. $false <- (22) [forward subsumption resolution 1293,14]
1303. ~22 [avatar contradiction clause 1302]
1304. equalish(e_1,e_4) | ~group_element(e_1) | product(e_1,e_4,e_1) | product(e_3,e_4,e_3) <- (17, ~21) [forward subsumption resolution 1280,324]
1305. ~group_element(e_1) | product(e_1,e_4,e_1) | product(e_3,e_4,e_3) <- (17, ~21) [forward subsumption resolution 1304,7]
1306. product(e_1,e_4,e_1) | product(e_3,e_4,e_3) <- (17, ~21) [forward subsumption resolution 1305,1]
1307. product(e_3,e_4,e_3) <- (17, ~21, ~22) [forward subsumption resolution 1306,328]
1308. $false <- (~2, 17, ~21, ~22) [forward subsumption resolution 1307,67]
1309. 2 | ~17 | 21 | 22 [avatar contradiction clause 1308]
1390. 51 <=> product(e_4,e_2,e_4) [avatar definition]
1392. product(e_4,e_2,e_4) <- (51) [avatar component clause 1390]
1442. equalish(e_4,e_2) <- (24) [resolution 373,27]
1451. $false <- (24) [forward subsumption resolution 1442,15]
1452. ~24 [avatar contradiction clause 1451]
1570. product(e_1,e_2,e_1) | product(e_1,e_2,e_2) | product(e_1,e_2,e_3) | ~group_element(e_1) | ~group_element(e_2) | product(e_4,e_2,e_4) <- (25) [resolution 377,33]
1575. product(e_1,e_2,e_1) | product(e_1,e_2,e_2) | product(e_1,e_2,e_3) | ~group_element(e_2) | product(e_4,e_2,e_4) <- (25) [forward subsumption resolution 1570,1]
1576. product(e_1,e_2,e_1) | product(e_1,e_2,e_2) | product(e_1,e_2,e_3) | product(e_4,e_2,e_4) <- (25) [forward subsumption resolution 1575,2]
1578. 52 <=> product(e_1,e_2,e_3) [avatar definition]
1580. product(e_1,e_2,e_3) <- (52) [avatar component clause 1578]
1582. 53 <=> product(e_1,e_2,e_2) [avatar definition]
1584. product(e_1,e_2,e_2) <- (53) [avatar component clause 1582]
1586. 54 <=> product(e_1,e_2,e_1) [avatar definition]
1588. product(e_1,e_2,e_1) <- (54) [avatar component clause 1586]
1589. 51 | 52 | 53 | 54 | ~25 [avatar split clause 1576,375,1586,1582,1578,1390]
3141. equalish(e_4,e_1) <- (34) [resolution 658,28]
3152. $false <- (34) [forward subsumption resolution 3141,14]
3153. ~34 [avatar contradiction clause 3152]
4382. equalish(e_1,e_2) <- (44) [resolution 916,27]
4404. $false <- (44) [forward subsumption resolution 4382,5]
4405. ~44 [avatar contradiction clause 4404]
5298. equalish(e_2,e_1) <- (45) [resolution 920,28]
5316. $false <- (45) [forward subsumption resolution 5298,8]
5317. ~45 [avatar contradiction clause 5316]
6012. equalish(e_1,e_2) <- (53) [resolution 1584,28]
6029. $false <- (53) [forward subsumption resolution 6012,5]
6030. ~53 [avatar contradiction clause 6029]
6096. product(e_2,e_4,e_2) | equalish(e_2,e_4) | ~group_element(e_2) | product(e_2,e_4,e_1) | equalish(e_1,e_4) <- (43) [resolution 336,912]
6159. equalish(e_2,e_1) <- (54) [resolution 1588,27]
6181. $false <- (54) [forward subsumption resolution 6159,8]
6182. ~54 [avatar contradiction clause 6181]
6231. equalish(e_2,e_4) | ~group_element(e_2) | product(e_2,e_4,e_1) | equalish(e_1,e_4) <- (~24, 43) [forward subsumption resolution 6096,372]
6262. ~group_element(e_2) | product(e_2,e_4,e_1) | equalish(e_1,e_4) <- (~24, 43) [forward subsumption resolution 6231,10]
6279. product(e_2,e_4,e_1) | equalish(e_1,e_4) <- (~24, 43) [forward subsumption resolution 6262,2]
6290. equalish(e_1,e_4) <- (~24, ~25, 43) [forward subsumption resolution 6279,376]
6295. $false <- (~24, ~25, 43) [forward subsumption resolution 6290,7]
6296. 24 | 25 | ~43 [avatar contradiction clause 6295]
7131. equalish(e_1,e_4) <- (46) [resolution 1126,27]
7156. $false <- (46) [forward subsumption resolution 7131,7]
7157. ~46 [avatar contradiction clause 7156]
7197. ~product(e_4,X0,e_2) | equalish(X0,e_3) <- (18) [resolution 278,19]
8050. equalish(e_2,e_4) <- (51) [resolution 1392,27]
8076. $false <- (51) [forward subsumption resolution 8050,10]
8077. ~51 [avatar contradiction clause 8076]
8481. product(e_4,e_2,e_2) | ~group_element(e_2) | equalish(e_2,e_4) | product(e_4,e_2,e_1) | equalish(e_1,e_4) <- (52) [resolution 1580,304]
8482. product(e_1,e_4,e_2) | equalish(e_1,e_4) | ~group_element(e_1) | product(e_1,e_4,e_1) | equalish(e_2,e_4) <- (52) [resolution 1580,336]
8505. equalish(e_1,e_4) | ~group_element(e_1) | product(e_1,e_4,e_1) | equalish(e_2,e_4) <- (~21, 52) [forward subsumption resolution 8482,324]
8506. product(e_4,e_2,e_2) | equalish(e_2,e_4) | product(e_4,e_2,e_1) | equalish(e_1,e_4) <- (52) [forward subsumption resolution 8481,2]
8510. ~group_element(e_1) | product(e_1,e_4,e_1) | equalish(e_2,e_4) <- (~21, 52) [forward subsumption resolution 8505,7]
8511. product(e_4,e_2,e_2) | product(e_4,e_2,e_1) | equalish(e_1,e_4) <- (52) [forward subsumption resolution 8506,10]
8514. product(e_1,e_4,e_1) | equalish(e_2,e_4) <- (~21, 52) [forward subsumption resolution 8510,1]
8515. product(e_4,e_2,e_2) | product(e_4,e_2,e_1) <- (52) [forward subsumption resolution 8511,7]
8518. equalish(e_2,e_4) <- (~21, ~22, 52) [forward subsumption resolution 8514,328]
8519. 31 | 32 | ~52 [avatar split clause 8515,1578,637,633]
8520. $false <- (~21, ~22, 52) [forward subsumption resolution 8518,10]
8521. 21 | 22 | ~52 [avatar contradiction clause 8520]
8947. product(e_4,e_1,e_2) | ~group_element(e_1) | equalish(e_1,e_4) | product(e_4,e_1,e_1) | equalish(e_2,e_4) <- (43) [resolution 912,304]
10091. equalish(e_1,e_3) <- (18, 35) [resolution 7197,662]
10111. $false <- (18, 35) [forward subsumption resolution 10091,6]
10112. ~18 | ~35 [avatar contradiction clause 10111]
10125. ~group_element(e_1) | equalish(e_1,e_4) | product(e_4,e_1,e_1) | equalish(e_2,e_4) <- (~35, 43) [forward subsumption resolution 8947,661]
10126. equalish(e_1,e_4) | product(e_4,e_1,e_1) | equalish(e_2,e_4) <- (~35, 43) [forward subsumption resolution 10125,1]
10127. product(e_4,e_1,e_1) | equalish(e_2,e_4) <- (~35, 43) [forward subsumption resolution 10126,7]
10128. equalish(e_2,e_4) <- (~34, ~35, 43) [forward subsumption resolution 10127,657]
10129. $false <- (~34, ~35, 43) [forward subsumption resolution 10128,10]
10130. 34 | 35 | ~43 [avatar contradiction clause 10129]
10204. ~product(e_4,X0,e_1) | equalish(X0,e_3) <- (17) [resolution 274,19]
11448. equalish(e_2,e_3) <- (17, 31) [resolution 10204,635]
11452. $false <- (17, 31) [forward subsumption resolution 11448,9]
11453. ~17 | ~31 [avatar contradiction clause 11452]
11511. equalish(e_4,e_2) <- (32) [resolution 639,28]
11531. $false <- (32) [forward subsumption resolution 11511,15]
11532. ~32 [avatar contradiction clause 11531]
s2. ~2 [sat_conversion 87]
s15. 17 | 18 [sat_conversion 384]
s40. ~21 | 43 | 44 | 45 | 46 [sat_conversion 1239]
s41. ~18 | 2 | 24 | 25 [sat_conversion 1279]
s42. ~22 [sat_conversion 1303]
s43. ~17 | 2 | 21 | 22 [sat_conversion 1309]
s45. ~24 [sat_conversion 1452]
s46. ~25 | 51 | 52 | 53 | 54 [sat_conversion 1589]
s68. ~34 [sat_conversion 3153]
s76. ~44 [sat_conversion 4405]
s85. ~45 [sat_conversion 5317]
s87. ~53 [sat_conversion 6030]
s88. ~54 [sat_conversion 6182]
s95. ~43 | 24 | 25 [sat_conversion 6296]
s97. ~46 [sat_conversion 7157]
s104. ~51 [sat_conversion 8077]
s115. ~52 | 31 | 32 [sat_conversion 8519]
s116. ~52 | 21 | 22 [sat_conversion 8521]
s138. ~35 | ~18 [sat_conversion 10112]
s139. ~43 | 34 | 35 [sat_conversion 10130]
s162. ~31 | ~17 [sat_conversion 11453]
s164. ~32 [sat_conversion 11532]
s165. ~52 | 31 [rat s115,s164]
s196. ~25 | 52 [rat s46,s88,s87,s104]
s198. ~18 | 2 | 25 [rat s41,s45]
s199. ~21 | 43 [rat s40,s97,s85,s76]
s225. ~52 [rat s138,s15,s139,s162,s199,s165,s116,s68,s42]
s226. ~25 [rat s196,s225]
s227. ~43 [rat s95,s45,s226]
s229. ~18 [rat s198,s2,s226]
s230. ~21 [rat s199,s227]
s232. 17 [rat s15,s229]
s234. # [rat s43,s42,s2,s230,s232]
11534. $false [avatar sat refutation s234]
% SZS output end Proof for GRP127-1.004_clausified
% ------------------------------
% Version: Vampire 5.0.0 (Release build, commit 2e2c9b7b8 on 2026-01-17 12:24:14 +0100)
% Linked with Z3 4.14.0.0 3c47fd96cf5645d0c42b2c819d9e9a84380aa721 z3-4.8.4-9178-g3c47fd96c
% CaDiCaL version: 2.1.3
% Termination reason: Refutation
% Time elapsed: 0.728 s
% Peak memory usage: 59 MB
% Instructions burned: 3053 (million)
% ------------------------------
% ------------------------------
