% Running in auto input_syntax mode. Trying TPTP
% Refutation found. Thanks to Tanya!
% SZS status Unsatisfiable for GRP619+1_clausified
% SZS output start Proof for GRP619+1_clausified
1. ~r1_tarski(k1_autgroup(sK0),k1_fraenkel(u1_struct_0(sK0),u1_struct_0(sK0))) [input(negated conjecture)]
2. ~v3_struct_0(sK0) [input(negated conjecture)]
3. v1_group_1(sK0) [input(negated conjecture)]
4. v3_group_1(sK0) [input(negated conjecture)]
5. v4_group_1(sK0) [input(negated conjecture)]
6. l1_group_1(sK0) [input(negated conjecture)]
17. ~r2_hidden(sK1(X0,X1),X1) | r1_tarski(X0,X1) [input(axiom)]
18. r2_hidden(sK1(X0,X1),X0) | r1_tarski(X0,X1) [input(axiom)]
22. m1_fraenkel(k1_autgroup(X0),u1_struct_0(X0),u1_struct_0(X0)) | v3_struct_0(X0) | ~v1_group_1(X0) | ~v3_group_1(X0) | ~v4_group_1(X0) | ~l1_group_1(X0) [input(axiom)]
24. ~l1_group_1(X0) | l1_struct_0(X0) [input(axiom)]
27. ~m2_fraenkel(X0,X1,X2,X3) | v1_funct_1(X0) | v1_xboole_0(X2) | ~m1_fraenkel(X3,X1,X2) [input(axiom)]
28. ~m2_fraenkel(X0,X1,X2,X3) | v1_funct_2(X0,X1,X2) | v1_xboole_0(X2) | ~m1_fraenkel(X3,X1,X2) [input(axiom)]
29. ~m2_fraenkel(X0,X1,X2,X3) | m2_relset_1(X0,X1,X2) | v1_xboole_0(X2) | ~m1_fraenkel(X3,X1,X2) [input(axiom)]
45. ~v1_xboole_0(u1_struct_0(X0)) | v3_struct_0(X0) | ~l1_struct_0(X0) [input(axiom)]
85. v1_xboole_0(X1) | k1_fraenkel(X0,X1) = k1_funct_2(X0,X1) [input(axiom)]
86. m2_fraenkel(X0,X1,X2,X3) | ~m1_subset_1(X0,X3) | v1_xboole_0(X2) | ~m1_fraenkel(X3,X1,X2) [input(axiom)]
91. r2_hidden(X0,k1_funct_2(X1,X1)) | ~v1_funct_1(X0) | ~v1_funct_2(X0,X1,X1) | ~m2_relset_1(X0,X1,X1) [input(axiom)]
92. ~r2_hidden(X0,X1) | m1_subset_1(X0,X1) [input(axiom)]
105. l1_struct_0(sK0) [resolution 24,6]
147. m1_subset_1(sK1(X0,X1),X0) | r1_tarski(X0,X1) [resolution 18,92]
168. ~l1_struct_0(X1) | v3_struct_0(X1) | k1_fraenkel(X0,u1_struct_0(X1)) = k1_funct_2(X0,u1_struct_0(X1)) [resolution 85,45]
238. ~m1_subset_1(X0,X1) | v1_xboole_0(X2) | ~m1_fraenkel(X1,X3,X2) | v1_funct_1(X0) | v1_xboole_0(X2) | ~m1_fraenkel(X1,X3,X2) [resolution 86,27]
239. ~m1_fraenkel(X1,X3,X2) | v1_xboole_0(X2) | ~m1_subset_1(X0,X1) | v1_funct_1(X0) [duplicate literal removal 238]
251. v1_funct_2(X0,X1,X2) | v1_xboole_0(X2) | ~m1_fraenkel(X3,X1,X2) | ~m1_subset_1(X0,X3) | v1_xboole_0(X2) | ~m1_fraenkel(X3,X1,X2) [resolution 28,86]
252. ~m1_fraenkel(X3,X1,X2) | v1_xboole_0(X2) | v1_funct_2(X0,X1,X2) | ~m1_subset_1(X0,X3) [duplicate literal removal 251]
256. m2_relset_1(X0,X1,X2) | v1_xboole_0(X2) | ~m1_fraenkel(X3,X1,X2) | ~m1_subset_1(X0,X3) | v1_xboole_0(X2) | ~m1_fraenkel(X3,X1,X2) [resolution 29,86]
257. ~m1_fraenkel(X3,X1,X2) | v1_xboole_0(X2) | m2_relset_1(X0,X1,X2) | ~m1_subset_1(X0,X3) [duplicate literal removal 256]
267. ~m2_relset_1(sK1(X0,k1_funct_2(X1,X1)),X1,X1) | ~v1_funct_2(sK1(X0,k1_funct_2(X1,X1)),X1,X1) | ~v1_funct_1(sK1(X0,k1_funct_2(X1,X1))) | r1_tarski(X0,k1_funct_2(X1,X1)) [resolution 91,17]
622. ~m1_subset_1(X1,k1_autgroup(X0)) | v1_xboole_0(u1_struct_0(X0)) | v1_funct_1(X1) | v3_struct_0(X0) | ~v1_group_1(X0) | ~v3_group_1(X0) | ~v4_group_1(X0) | ~l1_group_1(X0) [resolution 239,22]
718. v3_struct_0(sK0) | k1_fraenkel(X0,u1_struct_0(sK0)) = k1_funct_2(X0,u1_struct_0(sK0)) [resolution 168,105]
752. k1_fraenkel(X0,u1_struct_0(sK0)) = k1_funct_2(X0,u1_struct_0(sK0)) [forward subsumption resolution 718,2]
753. ~r1_tarski(k1_autgroup(sK0),k1_funct_2(u1_struct_0(sK0),u1_struct_0(sK0))) [superposition 1,752]
758. 38 <=> v1_xboole_0(u1_struct_0(sK0)) [avatar definition]
759. ~v1_xboole_0(u1_struct_0(sK0)) <- (~38) [avatar component clause 758]
760. v1_xboole_0(u1_struct_0(sK0)) <- (38) [avatar component clause 758]
798. v3_struct_0(sK0) | ~l1_struct_0(sK0) <- (38) [resolution 760,45]
806. ~l1_struct_0(sK0) <- (38) [forward subsumption resolution 798,2]
808. $false <- (38) [forward subsumption resolution 806,105]
809. ~38 [avatar contradiction clause 808]
854. v1_funct_2(X1,u1_struct_0(X0),u1_struct_0(X0)) | v1_xboole_0(u1_struct_0(X0)) | ~m1_subset_1(X1,k1_autgroup(X0)) | v3_struct_0(X0) | ~v1_group_1(X0) | ~v3_group_1(X0) | ~v4_group_1(X0) | ~l1_group_1(X0) [resolution 252,22]
900. m2_relset_1(X1,u1_struct_0(X0),u1_struct_0(X0)) | v1_xboole_0(u1_struct_0(X0)) | ~m1_subset_1(X1,k1_autgroup(X0)) | v3_struct_0(X0) | ~v1_group_1(X0) | ~v3_group_1(X0) | ~v4_group_1(X0) | ~l1_group_1(X0) [resolution 257,22]
3335. v1_xboole_0(u1_struct_0(X0)) | ~m1_subset_1(sK1(X1,k1_funct_2(u1_struct_0(X0),u1_struct_0(X0))),k1_autgroup(X0)) | v3_struct_0(X0) | ~v1_group_1(X0) | ~v3_group_1(X0) | ~v4_group_1(X0) | ~l1_group_1(X0) | ~v1_funct_2(sK1(X1,k1_funct_2(u1_struct_0(X0),u1_struct_0(X0))),u1_struct_0(X0),u1_struct_0(X0)) | ~v1_funct_1(sK1(X1,k1_funct_2(u1_struct_0(X0),u1_struct_0(X0)))) | r1_tarski(X1,k1_funct_2(u1_struct_0(X0),u1_struct_0(X0))) [resolution 900,267]
3338. v1_xboole_0(u1_struct_0(X0)) | ~m1_subset_1(sK1(X1,k1_funct_2(u1_struct_0(X0),u1_struct_0(X0))),k1_autgroup(X0)) | v3_struct_0(X0) | ~v1_group_1(X0) | ~v3_group_1(X0) | ~v4_group_1(X0) | ~l1_group_1(X0) | ~v1_funct_1(sK1(X1,k1_funct_2(u1_struct_0(X0),u1_struct_0(X0)))) | r1_tarski(X1,k1_funct_2(u1_struct_0(X0),u1_struct_0(X0))) [forward subsumption resolution 3335,854]
3340. ~m1_subset_1(sK1(X1,k1_funct_2(u1_struct_0(X0),u1_struct_0(X0))),k1_autgroup(X0)) | v1_xboole_0(u1_struct_0(X0)) | v3_struct_0(X0) | ~v1_group_1(X0) | ~v3_group_1(X0) | ~v4_group_1(X0) | ~l1_group_1(X0) | r1_tarski(X1,k1_funct_2(u1_struct_0(X0),u1_struct_0(X0))) [forward subsumption resolution 3338,622]
32502. v1_xboole_0(u1_struct_0(X0)) | v3_struct_0(X0) | ~v1_group_1(X0) | ~v3_group_1(X0) | ~v4_group_1(X0) | ~l1_group_1(X0) | r1_tarski(k1_autgroup(X0),k1_funct_2(u1_struct_0(X0),u1_struct_0(X0))) | r1_tarski(k1_autgroup(X0),k1_funct_2(u1_struct_0(X0),u1_struct_0(X0))) [resolution 3340,147]
32517. r1_tarski(k1_autgroup(X0),k1_funct_2(u1_struct_0(X0),u1_struct_0(X0))) | v3_struct_0(X0) | ~v1_group_1(X0) | ~v3_group_1(X0) | ~v4_group_1(X0) | ~l1_group_1(X0) | v1_xboole_0(u1_struct_0(X0)) [duplicate literal removal 32502]
328712. v3_struct_0(sK0) | ~v1_group_1(sK0) | ~v3_group_1(sK0) | ~v4_group_1(sK0) | ~l1_group_1(sK0) | v1_xboole_0(u1_struct_0(sK0)) [resolution 32517,753]
328747. ~v1_group_1(sK0) | ~v3_group_1(sK0) | ~v4_group_1(sK0) | ~l1_group_1(sK0) | v1_xboole_0(u1_struct_0(sK0)) [forward subsumption resolution 328712,2]
328748. ~v3_group_1(sK0) | ~v4_group_1(sK0) | ~l1_group_1(sK0) | v1_xboole_0(u1_struct_0(sK0)) [forward subsumption resolution 328747,3]
328749. ~v4_group_1(sK0) | ~l1_group_1(sK0) | v1_xboole_0(u1_struct_0(sK0)) [forward subsumption resolution 328748,4]
328750. ~l1_group_1(sK0) | v1_xboole_0(u1_struct_0(sK0)) [forward subsumption resolution 328749,5]
328751. v1_xboole_0(u1_struct_0(sK0)) [forward subsumption resolution 328750,6]
328752. $false <- (~38) [forward subsumption resolution 328751,759]
328753. 38 [avatar contradiction clause 328752]
s22. ~38 [sat_conversion 809]
s2427. 38 [sat_conversion 328753]
s3192. # [rat s22,s2427]
328754. $false [avatar sat refutation s3192]
% SZS output end Proof for GRP619+1_clausified
% ------------------------------
% Version: Vampire 5.0.0 (Release build, commit 2e2c9b7b8 on 2026-01-17 12:24:14 +0100)
% Linked with Z3 4.14.0.0 3c47fd96cf5645d0c42b2c819d9e9a84380aa721 z3-4.8.4-9178-g3c47fd96c
% CaDiCaL version: 2.1.3
% Termination reason: Refutation
% Time elapsed: 14.319 s
% Peak memory usage: 253 MB
% Instructions burned: 32994 (million)
% ------------------------------
% ------------------------------
