% Running in auto input_syntax mode. Trying TPTP
% Refutation found. Thanks to Tanya!
% SZS status Unsatisfiable for GRP667-3
% SZS output start Proof for GRP667-3
1. mult(X0,ld(X0,X1)) = X1 [input(axiom)]
2. ld(X0,mult(X0,X1)) = X1 [input(axiom)]
3. mult(rd(X0,X1),X1) = X0 [input(axiom)]
4. rd(mult(X0,X1),X1) = X0 [input(axiom)]
5. mult(X0,unit) = X0 [input(axiom)]
6. mult(unit,X0) = X0 [input(axiom)]
7. mult(mult(X0,X1),mult(mult(X2,X1),X2)) = mult(mult(X0,mult(mult(X1,X2),X1)),X2) [input(axiom)]
8. mult(mult(X0,X1),X0) = mult(X0,mult(X1,X0)) [input(axiom)]
9. mult(f(X0),f(X0)) = X0 [input(axiom)]
10. mult(a,mult(b,mult(c,b))) != mult(mult(mult(a,b),c),b) [input(negated conjecture)]
11. mult(mult(X0,X1),mult(mult(X2,X1),X2)) = mult(mult(X0,mult(X1,mult(X2,X1))),X2) [forward demodulation 7,8]
12. mult(mult(X0,mult(X1,mult(X2,X1))),X2) = mult(mult(X0,X1),mult(X2,mult(X1,X2))) [forward demodulation 11,8]
14. ld(unit,X0) = X0 [superposition 6,1]
23. ld(rd(X0,X1),X0) = X1 [superposition 2,3]
26. rd(X0,ld(X1,X0)) = X1 [superposition 4,1]
38. mult(X0,X1) = mult(X1,mult(ld(X1,X0),X1)) [superposition 8,1]
40. mult(rd(X0,X1),mult(X1,rd(X0,X1))) = mult(X0,rd(X0,X1)) [superposition 8,3]
42. mult(X0,f(X0)) = mult(f(X0),X0) [superposition 8,9]
45. mult(X0,X1) = rd(mult(X0,mult(X1,X0)),X0) [superposition 4,8]
46. ld(mult(X0,X1),mult(X0,mult(X1,X0))) = X0 [superposition 2,8]
55. mult(mult(X1,unit),mult(X0,mult(unit,X0))) = mult(mult(X1,mult(unit,X0)),X0) [superposition 12,5]
56. mult(mult(X1,ld(X2,X0)),mult(X2,mult(ld(X2,X0),X2))) = mult(mult(X1,mult(ld(X2,X0),X0)),X2) [superposition 12,1]
59. mult(mult(X1,X2),mult(rd(X0,X2),mult(X2,rd(X0,X2)))) = mult(mult(X1,mult(X2,X0)),rd(X0,X2)) [superposition 12,3]
65. mult(mult(rd(X0,mult(X1,mult(X2,X1))),X1),mult(X2,mult(X1,X2))) = mult(X0,X2) [superposition 12,3]
69. mult(X0,mult(mult(X1,mult(X0,X1)),X0)) = mult(mult(X0,X1),mult(X0,mult(X1,X0))) [superposition 8,12]
71. mult(X0,mult(X1,mult(X2,X1))) = rd(mult(mult(X0,X1),mult(X2,mult(X1,X2))),X2) [superposition 4,12]
80. mult(mult(X1,mult(X2,X0)),rd(X0,X2)) = mult(mult(X1,X2),mult(X0,rd(X0,X2))) [forward demodulation 59,40]
81. mult(mult(X1,mult(ld(X2,X0),X0)),X2) = mult(mult(X1,ld(X2,X0)),mult(X0,X2)) [forward demodulation 56,38]
82. mult(mult(X1,X0),X0) = mult(mult(X1,unit),mult(X0,X0)) [forward demodulation 55,6]
87. mult(X1,mult(X0,X0)) = mult(mult(X1,X0),X0) [forward demodulation 82,5]
98. mult(f(X0),mult(X0,f(X0))) = mult(mult(X0,f(X0)),f(X0)) [superposition 8,42]
103. mult(f(X0),mult(X0,f(X0))) = mult(X0,mult(f(X0),f(X0))) [forward demodulation 98,87]
104. mult(X0,X0) = mult(f(X0),mult(X0,f(X0))) [forward demodulation 103,9]
115. rd(mult(X0,X1),mult(ld(X1,X0),X1)) = X1 [superposition 4,38]
116. mult(ld(X1,X0),X1) = ld(X1,mult(X0,X1)) [superposition 2,38]
139. mult(X1,rd(X0,X1)) = rd(mult(X1,X0),X1) [superposition 45,3]
176. f(X0) = ld(mult(X0,f(X0)),mult(f(X0),mult(X0,f(X0)))) [superposition 46,42]
184. f(X0) = ld(X0,mult(f(X0),X0)) [superposition 46,9]
194. f(X0) = mult(ld(X0,f(X0)),X0) [forward demodulation 184,116]
197. f(X0) = mult(ld(mult(X0,f(X0)),f(X0)),mult(X0,f(X0))) [forward demodulation 176,116]
210. ld(X0,f(X0)) = rd(f(X0),X0) [superposition 4,194]
231. mult(X0,X1) = mult(rd(X0,X1),mult(X1,X1)) [superposition 87,3]
237. mult(X0,X1) = rd(mult(X0,mult(X1,X1)),X1) [superposition 4,87]
555. unit = rd(mult(X0,unit),ld(unit,X0)) [superposition 115,5]
560. unit = rd(mult(X0,unit),X0) [forward demodulation 555,14]
576. unit = mult(X0,rd(unit,X0)) [forward demodulation 560,139]
582. mult(X1,X2) = mult(mult(rd(X1,mult(ld(X2,X0),X0)),ld(X2,X0)),mult(X2,mult(ld(X2,X0),X2))) [superposition 65,1]
608. mult(X1,ld(X2,X0)) = mult(mult(rd(X1,mult(X2,mult(ld(X2,X0),X2))),X2),mult(ld(X2,X0),X0)) [superposition 65,1]
659. mult(X1,ld(X2,X0)) = mult(mult(rd(X1,mult(X0,X2)),X2),mult(ld(X2,X0),X0)) [forward demodulation 608,38]
677. mult(X1,X2) = mult(mult(rd(X1,mult(ld(X2,X0),X0)),ld(X2,X0)),mult(X0,X2)) [forward demodulation 582,38]
720. unit = mult(ld(X0,unit),X0) [superposition 576,26]
725. ld(X0,unit) = rd(unit,X0) [superposition 2,576]
1024. mult(unit,X0) = mult(ld(X0,unit),mult(X0,X0)) [superposition 87,720]
1030. mult(ld(X0,unit),mult(X0,X0)) = X0 [forward demodulation 1024,6]
1104. mult(X2,mult(ld(X1,X0),mult(X1,ld(X1,X0)))) = rd(mult(mult(X2,ld(X1,X0)),mult(X0,X1)),X1) [superposition 71,38]
1125. rd(mult(mult(X2,ld(X1,X0)),mult(X0,X1)),X1) = mult(X2,mult(ld(X1,X0),X0)) [forward demodulation 1104,1]
1666. mult(mult(mult(X0,mult(X1,mult(mult(ld(X2,X3),X3),X1))),ld(X2,X3)),mult(X3,X2)) = mult(mult(mult(X0,X1),mult(mult(ld(X2,X3),X3),mult(X1,mult(ld(X2,X3),X3)))),X2) [superposition 81,12]
1743. f(X0) = mult(ld(f(X0),unit),X0) [superposition 1030,9]
2030. rd(f(X0),X0) = ld(f(X0),unit) [superposition 4,1743]
2867. ld(X0,f(X0)) = ld(f(X0),unit) [superposition 210,2030]
2868. mult(mult(X1,mult(X0,f(X0))),ld(f(X0),unit)) = mult(mult(X1,X0),mult(f(X0),ld(f(X0),unit))) [superposition 80,2030]
2876. mult(mult(X1,X0),unit) = mult(mult(X1,mult(X0,f(X0))),ld(f(X0),unit)) [forward demodulation 2868,1]
2877. mult(X1,X0) = mult(mult(X1,mult(X0,f(X0))),ld(f(X0),unit)) [forward demodulation 2876,5]
3395. ld(X1,X0) = mult(ld(X1,rd(X0,X1)),X1) [superposition 116,3]
3463. unit = mult(f(X0),ld(X0,f(X0))) [superposition 1,2867]
3943. mult(X1,f(X0)) = mult(rd(X1,f(X0)),X0) [superposition 231,9]
4147. mult(X1,f(X0)) = rd(mult(X1,X0),f(X0)) [superposition 237,9]
4164. rd(X0,X1) = mult(rd(X0,mult(X1,X1)),X1) [superposition 237,3]
4927. ld(ld(X0,rd(X1,X0)),ld(X0,X1)) = X0 [superposition 2,3395]
5478. mult(f(X0),rd(f(X0),X0)) = mult(mult(ld(mult(X0,f(X0)),f(X0)),X0),mult(f(X0),rd(f(X0),X0))) [superposition 80,197]
5548. mult(f(X0),ld(X0,f(X0))) = mult(mult(ld(mult(X0,f(X0)),f(X0)),X0),mult(f(X0),ld(X0,f(X0)))) [forward demodulation 5478,210]
5578. unit = mult(mult(ld(mult(X0,f(X0)),f(X0)),X0),unit) [forward demodulation 5548,3463]
5603. unit = mult(ld(mult(X0,f(X0)),f(X0)),X0) [forward demodulation 5578,5]
8986. rd(unit,f(X0)) = mult(ld(X0,unit),f(X0)) [superposition 4147,720]
9060. ld(f(X0),unit) = mult(ld(X0,unit),f(X0)) [forward demodulation 8986,725]
10042. ld(mult(X0,f(X0)),f(X0)) = rd(unit,X0) [superposition 4,5603]
10177. ld(mult(X0,f(X0)),f(X0)) = ld(X0,unit) [forward demodulation 10042,725]
17935. mult(X1,ld(X0,unit)) = mult(mult(rd(X1,mult(f(X0),mult(X0,f(X0)))),mult(X0,f(X0))),mult(ld(X0,unit),f(X0))) [superposition 659,10177]
17944. mult(X1,ld(X0,unit)) = mult(mult(rd(X1,mult(f(X0),mult(X0,f(X0)))),mult(X0,f(X0))),ld(f(X0),unit)) [forward demodulation 17935,9060]
17959. mult(rd(X1,mult(f(X0),mult(X0,f(X0)))),X0) = mult(X1,ld(X0,unit)) [forward demodulation 17944,2877]
17972. mult(rd(X1,mult(X0,X0)),X0) = mult(X1,ld(X0,unit)) [forward demodulation 17959,104]
17981. rd(X1,X0) = mult(X1,ld(X0,unit)) [forward demodulation 17972,4164]
18110. mult(X1,X0) = mult(mult(rd(X1,mult(ld(X0,unit),unit)),ld(X0,unit)),X0) [superposition 677,6]
18295. mult(X1,X0) = mult(rd(rd(X1,mult(ld(X0,unit),unit)),X0),X0) [forward demodulation 18110,17981]
18454. mult(X1,X0) = rd(X1,mult(ld(X0,unit),unit)) [forward demodulation 18295,3]
18545. mult(X1,X0) = rd(X1,ld(X0,unit)) [forward demodulation 18454,5]
18609. ld(X1,unit) = ld(mult(X0,X1),X0) [superposition 23,18545]
18634. mult(ld(X0,unit),rd(X1,ld(X0,unit))) = mult(mult(ld(X0,unit),X1),X0) [superposition 139,18545]
18658. mult(mult(ld(X0,unit),X1),X0) = mult(ld(X0,unit),mult(X1,X0)) [forward demodulation 18634,18545]
18967. ld(X0,X1) = ld(ld(X1,X0),unit) [superposition 18609,1]
18978. ld(X0,unit) = ld(ld(X0,X1),ld(X0,rd(X1,X0))) [superposition 18609,3395]
19629. mult(rd(X0,X1),X0) = mult(X0,mult(ld(X1,unit),X0)) [superposition 8,17981]
20279. unit = mult(ld(X1,X0),ld(X0,X1)) [superposition 1,18967]
23346. mult(ld(X0,X1),mult(ld(X1,X0),X0)) = rd(mult(unit,mult(X0,X1)),X1) [superposition 1125,20279]
23588. rd(mult(X0,X1),X1) = mult(ld(X0,X1),mult(ld(X1,X0),X0)) [forward demodulation 23346,6]
23676. mult(ld(X0,X1),mult(ld(X1,X0),X0)) = X0 [forward demodulation 23588,4]
48581. ld(X0,X1) = mult(ld(ld(X0,X1),ld(X0,rd(X1,X0))),mult(X0,ld(X0,X1))) [superposition 23676,4927]
48596. mult(ld(X1,mult(X1,X0)),mult(ld(X0,unit),X1)) = X1 [superposition 23676,18609]
48890. mult(X0,mult(ld(X0,unit),X1)) = X1 [forward demodulation 48596,2]
48905. ld(X0,X1) = mult(ld(ld(X0,X1),ld(X0,rd(X1,X0))),X1) [forward demodulation 48581,1]
49080. ld(X0,X1) = mult(ld(X0,unit),X1) [forward demodulation 48905,18978]
51877. mult(X1,mult(mult(mult(ld(X1,unit),X0),X0),X1)) = mult(X0,mult(X1,mult(mult(ld(X1,unit),X0),X1))) [superposition 69,48890]
52076. mult(X1,mult(mult(mult(ld(X1,unit),X0),X0),X1)) = mult(X0,mult(X1,mult(ld(X1,unit),mult(X0,X1)))) [forward demodulation 51877,18658]
52283. mult(X0,mult(X0,X1)) = mult(X1,mult(mult(mult(ld(X1,unit),X0),X0),X1)) [forward demodulation 52076,48890]
52423. mult(X0,mult(X0,X1)) = mult(X1,mult(mult(ld(X1,unit),mult(X0,X0)),X1)) [forward demodulation 52283,87]
52521. mult(X0,mult(X0,X1)) = mult(X1,mult(ld(X1,unit),mult(mult(X0,X0),X1))) [forward demodulation 52423,18658]
52599. mult(X0,mult(X0,X1)) = mult(mult(X0,X0),X1) [forward demodulation 52521,48890]
55063. mult(ld(X0,X1),X2) = ld(ld(X1,X0),X2) [superposition 49080,18967]
55194. ld(X0,unit) = rd(ld(X0,X1),X1) [superposition 4,49080]
55201. ld(mult(X1,ld(X0,unit)),mult(X1,ld(X0,X1))) = X1 [superposition 46,49080]
55223. mult(mult(X2,ld(X0,unit)),mult(X1,rd(X1,ld(X0,unit)))) = mult(mult(X2,ld(X0,X1)),rd(X1,ld(X0,unit))) [superposition 80,49080]
55728. mult(mult(X2,ld(X0,X1)),mult(X1,X0)) = mult(mult(X2,ld(X0,unit)),mult(X1,mult(X1,X0))) [forward demodulation 55223,18545]
55750. ld(rd(X1,X0),mult(X1,ld(X0,X1))) = X1 [forward demodulation 55201,17981]
56047. mult(rd(X2,X0),mult(X1,mult(X1,X0))) = mult(mult(X2,ld(X0,X1)),mult(X1,X0)) [forward demodulation 55728,17981]
61867. mult(ld(X0,unit),X1) = mult(ld(X0,f(X1)),f(X1)) [superposition 3943,55194]
61869. ld(X0,X1) = mult(ld(X0,f(X1)),f(X1)) [forward demodulation 61867,49080]
108561. mult(X0,X1) = mult(f(X0),mult(f(X0),X1)) [superposition 52599,9]
118974. mult(X0,ld(X1,X0)) = mult(rd(X0,X1),X0) [superposition 1,55750]
136486. mult(mult(X2,ld(X0,X1)),X0) = mult(mult(X2,ld(X0,f(X1))),mult(f(X1),X0)) [superposition 81,61869]
136580. mult(mult(X2,ld(X0,X1)),X0) = mult(rd(X2,X0),mult(f(X1),mult(f(X1),X0))) [forward demodulation 136486,56047]
136645. mult(mult(X2,ld(X0,X1)),X0) = mult(rd(X2,X0),mult(X1,X0)) [forward demodulation 136580,108561]
220067. mult(mult(mult(X1,X2),mult(ld(X0,unit),mult(X2,ld(X0,unit)))),X0) = mult(mult(mult(X1,mult(X2,mult(ld(X0,unit),X2))),ld(X0,unit)),mult(unit,X0)) [superposition 1666,5]
220624. mult(mult(mult(X1,X2),mult(ld(X0,unit),mult(X2,ld(X0,unit)))),X0) = mult(rd(mult(X1,mult(X2,mult(ld(X0,unit),X2))),X0),mult(unit,mult(unit,X0))) [forward demodulation 220067,56047]
220628. mult(mult(mult(X1,X2),mult(ld(X0,unit),mult(X2,ld(X0,unit)))),X0) = mult(rd(mult(X1,mult(X2,mult(ld(X0,unit),X2))),X0),mult(unit,X0)) [forward demodulation 220624,6]
220632. mult(mult(mult(X1,X2),mult(ld(X0,unit),mult(X2,ld(X0,unit)))),X0) = mult(rd(mult(X1,mult(X2,mult(ld(X0,unit),X2))),X0),X0) [forward demodulation 220628,6]
220635. mult(X1,mult(X2,mult(ld(X0,unit),X2))) = mult(mult(mult(X1,X2),mult(ld(X0,unit),mult(X2,ld(X0,unit)))),X0) [forward demodulation 220632,3]
220637. mult(X1,mult(X2,mult(ld(X0,unit),X2))) = mult(mult(mult(X1,X2),ld(X0,mult(X2,ld(X0,unit)))),X0) [forward demodulation 220635,49080]
220639. mult(X1,mult(X2,mult(ld(X0,unit),X2))) = mult(rd(mult(X1,X2),X0),mult(mult(X2,ld(X0,unit)),X0)) [forward demodulation 220637,136645]
220641. mult(X1,mult(X2,mult(ld(X0,unit),X2))) = mult(rd(mult(X1,X2),X0),mult(rd(X2,X0),mult(unit,X0))) [forward demodulation 220639,136645]
220643. mult(X1,mult(X2,mult(ld(X0,unit),X2))) = mult(rd(mult(X1,X2),X0),mult(rd(X2,X0),X0)) [forward demodulation 220641,6]
220645. mult(X1,mult(X2,mult(ld(X0,unit),X2))) = mult(rd(mult(X1,X2),X0),X2) [forward demodulation 220643,3]
220646. mult(X1,mult(rd(X2,X0),X2)) = mult(rd(mult(X1,X2),X0),X2) [forward demodulation 220645,19629]
220647. mult(X1,mult(X2,ld(X0,X2))) = mult(rd(mult(X1,X2),X0),X2) [forward demodulation 220646,118974]
904391. mult(X0,X2) = mult(X1,mult(X2,ld(ld(X0,mult(X1,X2)),X2))) [superposition 220647,26]
904418. mult(X0,X2) = mult(X1,mult(X2,mult(ld(mult(X1,X2),X0),X2))) [forward demodulation 904391,55063]
1086264. mult(X1,mult(X2,mult(X0,X2))) = mult(mult(mult(X1,X2),X0),X2) [superposition 904418,2]
1109410. mult(a,mult(b,mult(c,b))) != mult(a,mult(b,mult(c,b))) [superposition 10,1086264]
1109414. $false [trivial inequality removal 1109410]
% SZS output end Proof for GRP667-3
% ------------------------------
% Version: Vampire 5.0.0 (Release build, commit 2e2c9b7b8 on 2026-01-17 12:24:14 +0100)
% Linked with Z3 4.14.0.0 3c47fd96cf5645d0c42b2c819d9e9a84380aa721 z3-4.8.4-9178-g3c47fd96c
% CaDiCaL version: 2.1.3
% Termination reason: Refutation
% Time elapsed: 37.700 s
% Peak memory usage: 993 MB
% Instructions burned: 109534 (million)
% ------------------------------
% ------------------------------
