% Running in auto input_syntax mode. Trying TPTP
% Refutation found. Thanks to Tanya!
% SZS status Unsatisfiable for GRP099-1
% SZS output start Proof for GRP099-1
1. double_divide(double_divide(X0,double_divide(double_divide(X1,double_divide(X0,X2)),double_divide(identity,X2))),double_divide(identity,identity)) = X1 [input(axiom)]
2. multiply(X0,X1) = double_divide(double_divide(X1,X0),identity) [input(axiom)]
3. inverse(X0) = double_divide(X0,identity) [input(axiom)]
4. identity = double_divide(X0,inverse(X0)) [input(axiom)]
5. multiply(inverse(a1),a1) != identity | multiply(identity,a2) != a2 | multiply(multiply(a3,b3),c3) != multiply(a3,multiply(b3,c3)) | multiply(a4,b4) != multiply(b4,a4) [input(negated conjecture)]
6. identity != multiply(inverse(a1),a1) | a2 != multiply(identity,a2) | multiply(multiply(a3,b3),c3) != multiply(a3,multiply(b3,c3)) | multiply(a4,b4) != multiply(b4,a4) [reorient equations 5]
7. identity = double_divide(X0,double_divide(X0,identity)) [definition unfolding 4,3]
8. identity != double_divide(double_divide(a1,double_divide(a1,identity)),identity) | a2 != double_divide(double_divide(a2,identity),identity) | double_divide(double_divide(c3,double_divide(double_divide(b3,a3),identity)),identity) != double_divide(double_divide(double_divide(double_divide(c3,b3),identity),a3),identity) | double_divide(double_divide(b4,a4),identity) != double_divide(double_divide(a4,b4),identity) [definition unfolding 6,2,3,2,2,2,2,2,2,2]
10. 1 <=> double_divide(double_divide(b4,a4),identity) = double_divide(double_divide(a4,b4),identity) [avatar definition]
12. double_divide(double_divide(b4,a4),identity) != double_divide(double_divide(a4,b4),identity) <- (~1) [avatar component clause 10]
14. 2 <=> double_divide(double_divide(c3,double_divide(double_divide(b3,a3),identity)),identity) = double_divide(double_divide(double_divide(double_divide(c3,b3),identity),a3),identity) [avatar definition]
16. double_divide(double_divide(c3,double_divide(double_divide(b3,a3),identity)),identity) != double_divide(double_divide(double_divide(double_divide(c3,b3),identity),a3),identity) <- (~2) [avatar component clause 14]
18. 3 <=> a2 = double_divide(double_divide(a2,identity),identity) [avatar definition]
20. a2 != double_divide(double_divide(a2,identity),identity) <- (~3) [avatar component clause 18]
22. 4 <=> identity = double_divide(double_divide(a1,double_divide(a1,identity)),identity) [avatar definition]
24. identity != double_divide(double_divide(a1,double_divide(a1,identity)),identity) <- (~4) [avatar component clause 22]
25. ~1 | ~2 | ~3 | ~4 [avatar split clause 8,22,18,14,10]
26. double_divide(double_divide(X0,double_divide(double_divide(X1,identity),double_divide(identity,double_divide(X0,identity)))),double_divide(identity,identity)) = X1 [superposition 1,7]
27. double_divide(double_divide(double_divide(X1,double_divide(double_divide(X0,double_divide(X1,X2)),double_divide(identity,X2))),double_divide(double_divide(X3,X0),double_divide(identity,double_divide(identity,identity)))),double_divide(identity,identity)) = X3 [superposition 1,1]
28. double_divide(double_divide(X0,double_divide(identity,double_divide(identity,identity))),double_divide(identity,identity)) = X0 [superposition 1,7]
29. double_divide(X1,double_divide(double_divide(X0,double_divide(X1,X2)),double_divide(identity,X2))) = double_divide(double_divide(identity,double_divide(X0,double_divide(identity,identity))),double_divide(identity,identity)) [superposition 1,1]
30. double_divide(double_divide(X0,double_divide(double_divide(X1,double_divide(X0,double_divide(identity,identity))),identity)),double_divide(identity,identity)) = X1 [superposition 1,7]
31. double_divide(double_divide(X0,identity),double_divide(identity,identity)) = X0 [forward demodulation 28,7]
32. double_divide(double_divide(double_divide(X1,double_divide(double_divide(X0,double_divide(X1,X2)),double_divide(identity,X2))),double_divide(double_divide(X3,X0),identity)),double_divide(identity,identity)) = X3 [forward demodulation 27,7]
33. double_divide(X0,identity) = double_divide(double_divide(identity,double_divide(X0,double_divide(identity,identity))),double_divide(identity,identity)) [superposition 1,31]
36. double_divide(identity,identity) = double_divide(double_divide(identity,identity),double_divide(identity,identity)) [superposition 33,7]
38. double_divide(double_divide(identity,X0),double_divide(identity,identity)) = double_divide(double_divide(X0,identity),identity) [superposition 33,31]
47. identity = double_divide(identity,identity) [forward demodulation 36,31]
59. double_divide(X0,identity) = double_divide(double_divide(identity,double_divide(X0,identity)),identity) [superposition 33,47]
60. double_divide(double_divide(X0,identity),identity) = X0 [superposition 31,47]
62. double_divide(double_divide(X0,double_divide(double_divide(X1,double_divide(X0,identity)),identity)),identity) = X1 [superposition 1,47]
78. double_divide(double_divide(double_divide(X0,double_divide(X1,double_divide(identity,identity))),X0),double_divide(identity,identity)) = X1 [superposition 1,30]
79. double_divide(double_divide(identity,X0),double_divide(identity,identity)) = double_divide(double_divide(X1,double_divide(double_divide(X0,double_divide(X1,double_divide(identity,identity))),identity)),identity) [superposition 33,30]
80. double_divide(double_divide(identity,double_divide(X0,double_divide(identity,identity))),double_divide(identity,identity)) = double_divide(X1,double_divide(double_divide(X0,double_divide(X1,double_divide(identity,identity))),identity)) [superposition 1,30]
83. double_divide(double_divide(identity,double_divide(X0,identity)),identity) = double_divide(X1,double_divide(double_divide(X0,double_divide(X1,identity)),identity)) [forward demodulation 80,47]
84. double_divide(double_divide(identity,X0),identity) = double_divide(double_divide(X1,double_divide(double_divide(X0,double_divide(X1,identity)),identity)),identity) [forward demodulation 79,47]
85. double_divide(double_divide(double_divide(X0,double_divide(X1,identity)),X0),identity) = X1 [forward demodulation 78,47]
90. double_divide(X0,identity) = double_divide(X1,double_divide(double_divide(X0,double_divide(X1,identity)),identity)) [forward demodulation 83,59]
91. double_divide(double_divide(identity,X0),identity) = X0 [forward demodulation 84,62]
96. double_divide(identity,X0) = double_divide(double_divide(X1,double_divide(X0,double_divide(identity,double_divide(X1,identity)))),double_divide(identity,identity)) [superposition 26,91]
97. double_divide(identity,X0) = double_divide(X0,double_divide(identity,identity)) [superposition 31,91]
101. double_divide(X0,identity) = double_divide(identity,X0) [forward demodulation 97,47]
102. double_divide(identity,X0) = double_divide(double_divide(X1,double_divide(X0,double_divide(identity,double_divide(X1,identity)))),identity) [forward demodulation 96,47]
105. double_divide(identity,X0) = double_divide(identity,double_divide(X1,double_divide(X0,double_divide(identity,double_divide(X1,identity))))) [forward demodulation 102,101]
113. double_divide(double_divide(identity,double_divide(X1,double_divide(identity,identity))),double_divide(identity,identity)) = double_divide(double_divide(X0,identity),double_divide(double_divide(X1,X0),double_divide(identity,double_divide(identity,identity)))) [superposition 29,31]
116. double_divide(double_divide(identity,double_divide(X2,double_divide(identity,identity))),double_divide(identity,identity)) = double_divide(X1,double_divide(double_divide(X2,double_divide(double_divide(identity,double_divide(X0,double_divide(identity,identity))),double_divide(identity,identity))),double_divide(identity,double_divide(double_divide(X0,double_divide(X1,X3)),double_divide(identity,X3))))) [superposition 29,29]
126. double_divide(double_divide(identity,double_divide(X1,double_divide(identity,identity))),double_divide(identity,identity)) = double_divide(double_divide(X0,double_divide(X1,X2)),double_divide(double_divide(double_divide(identity,double_divide(X0,double_divide(identity,identity))),double_divide(identity,identity)),double_divide(identity,double_divide(identity,X2)))) [superposition 29,29]
127. double_divide(X0,double_divide(double_divide(X1,double_divide(X0,double_divide(identity,identity))),identity)) = double_divide(double_divide(identity,double_divide(X1,double_divide(identity,identity))),double_divide(identity,identity)) [superposition 29,7]
128. double_divide(double_divide(identity,double_divide(X2,double_divide(identity,identity))),double_divide(identity,identity)) = double_divide(X1,double_divide(double_divide(X2,double_divide(X1,double_divide(double_divide(X0,double_divide(identity,X3)),double_divide(identity,X3)))),double_divide(double_divide(identity,double_divide(X0,double_divide(identity,identity))),double_divide(identity,identity)))) [superposition 29,29]
130. double_divide(double_divide(identity,double_divide(X1,double_divide(identity,identity))),double_divide(identity,identity)) = double_divide(double_divide(X0,double_divide(X1,double_divide(identity,identity))),X0) [superposition 29,30]
133. double_divide(double_divide(identity,X0),double_divide(identity,identity)) = double_divide(X1,double_divide(double_divide(double_divide(X2,double_divide(double_divide(X0,identity),double_divide(identity,double_divide(X2,identity)))),double_divide(X1,X3)),double_divide(identity,X3))) [superposition 29,26]
138. double_divide(X0,double_divide(double_divide(X1,double_divide(X0,X2)),double_divide(identity,X2))) = double_divide(double_divide(identity,double_divide(X1,identity)),identity) [superposition 29,47]
147. double_divide(double_divide(X1,double_divide(double_divide(X2,double_divide(X1,double_divide(double_divide(X0,double_divide(identity,X3)),double_divide(identity,X3)))),double_divide(double_divide(identity,double_divide(X0,double_divide(identity,identity))),double_divide(identity,identity)))),double_divide(identity,identity)) = X2 [superposition 1,29]
148. double_divide(X0,double_divide(double_divide(X1,double_divide(X0,X2)),double_divide(identity,X2))) = double_divide(X1,identity) [superposition 33,29]
150. double_divide(double_divide(double_divide(identity,double_divide(X1,double_divide(identity,identity))),double_divide(double_divide(X3,double_divide(X0,double_divide(double_divide(X1,double_divide(X0,X2)),double_divide(identity,X2)))),identity)),double_divide(identity,identity)) = X3 [superposition 30,29]
157. double_divide(double_divide(double_divide(identity,double_divide(X1,identity)),double_divide(double_divide(X3,double_divide(X0,double_divide(double_divide(X1,double_divide(X0,X2)),double_divide(identity,X2)))),identity)),identity) = X3 [forward demodulation 150,47]
159. double_divide(double_divide(X1,double_divide(double_divide(X2,double_divide(X1,double_divide(double_divide(X0,double_divide(identity,X3)),double_divide(identity,X3)))),double_divide(double_divide(identity,double_divide(X0,identity)),identity))),identity) = X2 [forward demodulation 147,47]
167. double_divide(X0,double_divide(double_divide(X1,double_divide(X0,X2)),double_divide(identity,X2))) = double_divide(identity,double_divide(identity,double_divide(X1,identity))) [forward demodulation 138,101]
172. double_divide(double_divide(identity,X0),double_divide(identity,identity)) = double_divide(double_divide(X2,double_divide(double_divide(X0,identity),double_divide(identity,double_divide(X2,identity)))),identity) [forward demodulation 133,148]
175. double_divide(double_divide(X0,double_divide(X1,identity)),X0) = double_divide(double_divide(identity,double_divide(X1,identity)),identity) [forward demodulation 130,47]
177. double_divide(double_divide(identity,double_divide(X2,double_divide(identity,identity))),double_divide(identity,identity)) = double_divide(X1,double_divide(double_divide(X2,double_divide(X1,double_divide(double_divide(X0,double_divide(identity,X3)),double_divide(identity,X3)))),double_divide(X0,identity))) [forward demodulation 128,33]
178. double_divide(X1,identity) = double_divide(X0,double_divide(double_divide(X1,double_divide(X0,double_divide(identity,identity))),identity)) [forward demodulation 127,33]
179. double_divide(double_divide(identity,double_divide(X1,double_divide(identity,identity))),double_divide(identity,identity)) = double_divide(double_divide(X0,double_divide(X1,X2)),double_divide(double_divide(X0,identity),double_divide(identity,double_divide(identity,X2)))) [forward demodulation 126,33]
189. double_divide(double_divide(identity,double_divide(X2,double_divide(identity,identity))),double_divide(identity,identity)) = double_divide(X1,double_divide(double_divide(X2,double_divide(X0,identity)),double_divide(identity,double_divide(double_divide(X0,double_divide(X1,X3)),double_divide(identity,X3))))) [forward demodulation 116,33]
192. double_divide(double_divide(identity,double_divide(X1,double_divide(identity,identity))),double_divide(identity,identity)) = double_divide(double_divide(X0,identity),double_divide(double_divide(X1,X0),identity)) [forward demodulation 113,7]
200. double_divide(identity,double_divide(double_divide(identity,double_divide(X1,identity)),double_divide(double_divide(X3,double_divide(X0,double_divide(double_divide(X1,double_divide(X0,X2)),double_divide(identity,X2)))),identity))) = X3 [forward demodulation 157,101]
202. double_divide(identity,double_divide(X1,double_divide(double_divide(X2,double_divide(X1,double_divide(double_divide(X0,double_divide(identity,X3)),double_divide(identity,X3)))),double_divide(double_divide(identity,double_divide(X0,identity)),identity)))) = X2 [forward demodulation 159,101]
207. double_divide(X1,identity) = double_divide(identity,double_divide(identity,double_divide(X1,identity))) [forward demodulation 167,148]
210. double_divide(double_divide(identity,X0),double_divide(identity,identity)) = double_divide(identity,double_divide(X2,double_divide(double_divide(X0,identity),double_divide(identity,double_divide(X2,identity))))) [forward demodulation 172,101]
213. double_divide(double_divide(X0,double_divide(X1,identity)),X0) = double_divide(identity,double_divide(identity,double_divide(X1,identity))) [forward demodulation 175,101]
215. double_divide(X2,identity) = double_divide(X1,double_divide(double_divide(X2,double_divide(X1,double_divide(double_divide(X0,double_divide(identity,X3)),double_divide(identity,X3)))),double_divide(X0,identity))) [forward demodulation 177,33]
216. double_divide(X1,identity) = double_divide(X0,double_divide(identity,double_divide(X1,double_divide(X0,double_divide(identity,identity))))) [forward demodulation 178,101]
217. double_divide(X1,identity) = double_divide(double_divide(X0,double_divide(X1,X2)),double_divide(double_divide(X0,identity),double_divide(identity,double_divide(identity,X2)))) [forward demodulation 179,33]
219. double_divide(X2,identity) = double_divide(X1,double_divide(double_divide(X2,double_divide(X0,identity)),double_divide(identity,double_divide(double_divide(X0,double_divide(X1,X3)),double_divide(identity,X3))))) [forward demodulation 189,33]
222. double_divide(double_divide(identity,double_divide(X1,double_divide(identity,identity))),double_divide(identity,identity)) = double_divide(double_divide(X0,identity),double_divide(identity,double_divide(X1,X0))) [forward demodulation 192,101]
229. double_divide(identity,double_divide(double_divide(identity,double_divide(X1,identity)),double_divide(identity,double_divide(X3,double_divide(X0,double_divide(double_divide(X1,double_divide(X0,X2)),double_divide(identity,X2))))))) = X3 [forward demodulation 200,101]
230. double_divide(identity,double_divide(X1,double_divide(double_divide(X2,double_divide(X1,double_divide(double_divide(X0,double_divide(identity,X3)),double_divide(identity,X3)))),double_divide(identity,double_divide(identity,double_divide(X0,identity)))))) = X2 [forward demodulation 202,101]
237. double_divide(identity,double_divide(X0,identity)) = double_divide(double_divide(identity,X0),double_divide(identity,identity)) [forward demodulation 210,105]
239. double_divide(X1,identity) = double_divide(double_divide(X0,double_divide(X1,identity)),X0) [forward demodulation 213,207]
240. double_divide(X1,identity) = double_divide(X0,double_divide(identity,double_divide(X1,double_divide(X0,identity)))) [forward demodulation 216,47]
244. double_divide(X1,identity) = double_divide(double_divide(X0,identity),double_divide(identity,double_divide(X1,X0))) [forward demodulation 222,33]
250. double_divide(identity,double_divide(double_divide(identity,double_divide(X1,identity)),double_divide(identity,double_divide(X3,double_divide(X1,identity))))) = X3 [forward demodulation 229,148]
251. double_divide(identity,double_divide(X1,double_divide(double_divide(X2,double_divide(X1,double_divide(double_divide(X0,double_divide(identity,X3)),double_divide(identity,X3)))),double_divide(X0,identity)))) = X2 [forward demodulation 230,207]
258. double_divide(identity,double_divide(X0,identity)) = double_divide(double_divide(identity,X0),identity) [forward demodulation 237,47]
268. double_divide(identity,double_divide(X2,identity)) = X2 [forward demodulation 251,215]
275. double_divide(identity,double_divide(X0,identity)) = double_divide(identity,double_divide(identity,X0)) [forward demodulation 258,101]
285. double_divide(identity,double_divide(identity,X0)) = X0 [forward demodulation 275,268]
303. double_divide(double_divide(identity,double_divide(X1,double_divide(identity,identity))),double_divide(identity,identity)) = double_divide(identity,double_divide(double_divide(X1,X0),X0)) [superposition 29,268]
304. double_divide(double_divide(identity,double_divide(double_divide(X1,X0),X0)),double_divide(identity,identity)) = X1 [superposition 1,268]
305. double_divide(double_divide(double_divide(double_divide(X1,X0),X0),identity),identity) = X1 [forward demodulation 304,38]
306. double_divide(X1,identity) = double_divide(identity,double_divide(double_divide(X1,X0),X0)) [forward demodulation 303,33]
316. double_divide(identity,double_divide(double_divide(double_divide(X1,X0),X0),identity)) = X1 [forward demodulation 305,101]
322. double_divide(double_divide(X1,X0),X0) = X1 [forward demodulation 316,268]
366. double_divide(double_divide(double_divide(X1,double_divide(double_divide(double_divide(double_divide(X0,double_divide(X2,X3)),double_divide(identity,X3)),double_divide(X1,X4)),double_divide(identity,X4))),double_divide(double_divide(double_divide(identity,double_divide(X0,double_divide(identity,identity))),double_divide(identity,identity)),identity)),double_divide(identity,identity)) = X2 [superposition 32,29]
371. double_divide(double_divide(X0,X1),X0) = double_divide(double_divide(identity,double_divide(double_divide(X2,double_divide(double_divide(X1,double_divide(X2,X3)),double_divide(identity,X3))),double_divide(identity,identity))),double_divide(identity,identity)) [superposition 29,32]
372. double_divide(X2,double_divide(double_divide(X1,double_divide(X2,X3)),double_divide(identity,X3))) = double_divide(double_divide(double_divide(X0,X1),X0),double_divide(identity,identity)) [superposition 1,32]
387. double_divide(X2,double_divide(double_divide(X1,double_divide(X2,X3)),double_divide(identity,X3))) = double_divide(double_divide(double_divide(X0,X1),X0),identity) [forward demodulation 372,47]
388. double_divide(double_divide(X0,X1),X0) = double_divide(double_divide(X2,double_divide(double_divide(X1,double_divide(X2,X3)),double_divide(identity,X3))),identity) [forward demodulation 371,33]
393. double_divide(double_divide(double_divide(X1,double_divide(double_divide(double_divide(double_divide(X0,double_divide(X2,X3)),double_divide(identity,X3)),double_divide(X1,X4)),double_divide(identity,X4))),double_divide(double_divide(double_divide(identity,double_divide(X0,identity)),identity),identity)),identity) = X2 [forward demodulation 366,47]
436. double_divide(X2,double_divide(double_divide(X1,double_divide(X2,X3)),double_divide(identity,X3))) = double_divide(identity,double_divide(double_divide(X0,X1),X0)) [forward demodulation 387,101]
437. double_divide(double_divide(X0,X1),X0) = double_divide(identity,double_divide(X2,double_divide(double_divide(X1,double_divide(X2,X3)),double_divide(identity,X3)))) [forward demodulation 388,101]
442. double_divide(identity,double_divide(double_divide(X1,double_divide(double_divide(double_divide(double_divide(X0,double_divide(X2,X3)),double_divide(identity,X3)),double_divide(X1,X4)),double_divide(identity,X4))),double_divide(double_divide(double_divide(identity,double_divide(X0,identity)),identity),identity))) = X2 [forward demodulation 393,101]
484. double_divide(X1,identity) = double_divide(identity,double_divide(double_divide(X0,X1),X0)) [forward demodulation 436,148]
485. double_divide(identity,double_divide(X1,identity)) = double_divide(double_divide(X0,X1),X0) [forward demodulation 437,148]
490. double_divide(identity,double_divide(double_divide(X1,double_divide(double_divide(double_divide(double_divide(X0,double_divide(X2,X3)),double_divide(identity,X3)),double_divide(X1,X4)),double_divide(identity,X4))),double_divide(identity,double_divide(double_divide(identity,double_divide(X0,identity)),identity)))) = X2 [forward demodulation 442,101]
530. double_divide(double_divide(X0,X1),X0) = X1 [forward demodulation 485,268]
535. double_divide(identity,double_divide(double_divide(X1,double_divide(double_divide(double_divide(double_divide(X0,double_divide(X2,X3)),double_divide(identity,X3)),double_divide(X1,X4)),double_divide(identity,X4))),double_divide(identity,double_divide(X0,identity)))) = X2 [forward demodulation 490,268]
577. double_divide(identity,double_divide(double_divide(X1,double_divide(double_divide(double_divide(double_divide(X0,double_divide(X2,X3)),double_divide(identity,X3)),double_divide(X1,X4)),double_divide(identity,X4))),X0)) = X2 [forward demodulation 535,268]
611. double_divide(identity,double_divide(double_divide(double_divide(double_divide(X0,double_divide(X2,X3)),double_divide(identity,X3)),identity),X0)) = X2 [forward demodulation 577,148]
635. double_divide(identity,double_divide(double_divide(identity,double_divide(double_divide(X0,double_divide(X2,X3)),double_divide(identity,X3))),X0)) = X2 [forward demodulation 611,101]
671. double_divide(double_divide(identity,double_divide(identity,double_divide(identity,identity))),double_divide(identity,identity)) = double_divide(identity,double_divide(X0,double_divide(identity,X0))) [superposition 29,285]
684. double_divide(identity,identity) = double_divide(identity,double_divide(X0,double_divide(identity,X0))) [forward demodulation 671,33]
700. identity = double_divide(identity,double_divide(X0,double_divide(identity,X0))) [forward demodulation 684,47]
734. double_divide(double_divide(X0,double_divide(X1,X2)),double_divide(identity,X2)) = double_divide(double_divide(double_divide(identity,double_divide(X0,double_divide(identity,identity))),double_divide(identity,identity)),X1) [superposition 530,29]
738. double_divide(X0,double_divide(X1,X0)) = X1 [superposition 530,530]
746. double_divide(X0,double_divide(X0,X1)) = double_divide(double_divide(identity,double_divide(double_divide(identity,X1),double_divide(identity,identity))),double_divide(identity,identity)) [superposition 29,530]
747. double_divide(identity,X1) = double_divide(double_divide(X0,double_divide(X0,X1)),double_divide(identity,identity)) [superposition 1,530]
759. double_divide(X1,double_divide(X0,double_divide(identity,X2))) = double_divide(double_divide(identity,double_divide(double_divide(double_divide(X1,X2),X0),double_divide(identity,identity))),double_divide(identity,identity)) [superposition 29,530]
760. double_divide(double_divide(X1,X2),X0) = double_divide(double_divide(X1,double_divide(X0,double_divide(identity,X2))),double_divide(identity,identity)) [superposition 1,530]
761. double_divide(double_divide(X1,double_divide(X0,identity)),double_divide(identity,identity)) = double_divide(double_divide(X1,double_divide(identity,identity)),X0) [superposition 30,530]
767. double_divide(double_divide(identity,double_divide(X2,double_divide(identity,identity))),double_divide(identity,identity)) = double_divide(double_divide(X1,X0),double_divide(double_divide(X2,X0),double_divide(identity,X1))) [superposition 29,530]
770. double_divide(X2,identity) = double_divide(double_divide(X1,X0),double_divide(double_divide(X2,X0),double_divide(identity,X1))) [forward demodulation 767,33]
776. double_divide(double_divide(X1,double_divide(X0,identity)),identity) = double_divide(double_divide(X1,identity),X0) [forward demodulation 761,47]
777. double_divide(double_divide(X1,X2),X0) = double_divide(double_divide(X1,double_divide(X0,double_divide(identity,X2))),identity) [forward demodulation 760,47]
778. double_divide(X1,double_divide(X0,double_divide(identity,X2))) = double_divide(double_divide(double_divide(X1,X2),X0),identity) [forward demodulation 759,33]
788. double_divide(identity,X1) = double_divide(double_divide(X0,double_divide(X0,X1)),identity) [forward demodulation 747,47]
789. double_divide(X0,double_divide(X0,X1)) = double_divide(double_divide(identity,X1),identity) [forward demodulation 746,33]
796. double_divide(double_divide(X0,double_divide(X1,X2)),double_divide(identity,X2)) = double_divide(double_divide(X0,identity),X1) [forward demodulation 734,33]
809. double_divide(identity,double_divide(X1,double_divide(X0,identity))) = double_divide(double_divide(X1,identity),X0) [forward demodulation 776,101]
810. double_divide(double_divide(X1,X2),X0) = double_divide(identity,double_divide(X1,double_divide(X0,double_divide(identity,X2)))) [forward demodulation 777,101]
811. double_divide(X1,double_divide(X0,double_divide(identity,X2))) = double_divide(identity,double_divide(double_divide(X1,X2),X0)) [forward demodulation 778,101]
817. double_divide(identity,X1) = double_divide(identity,double_divide(X0,double_divide(X0,X1))) [forward demodulation 788,101]
818. double_divide(identity,double_divide(identity,X1)) = double_divide(X0,double_divide(X0,X1)) [forward demodulation 789,101]
835. double_divide(X0,double_divide(X0,X1)) = X1 [forward demodulation 818,285]
858. double_divide(X1,X0) = double_divide(X0,X1) [superposition 322,530]
883. double_divide(X0,double_divide(X1,X2)) = double_divide(double_divide(X1,double_divide(X0,double_divide(identity,X2))),double_divide(identity,identity)) [superposition 1,322]
901. double_divide(X0,double_divide(X1,X2)) = double_divide(double_divide(X1,double_divide(X0,double_divide(identity,X2))),identity) [forward demodulation 883,47]
925. double_divide(X0,double_divide(X1,X2)) = double_divide(identity,double_divide(X1,double_divide(X0,double_divide(identity,X2)))) [forward demodulation 901,101]
1174. double_divide(double_divide(X1,X0),double_divide(identity,identity)) = double_divide(double_divide(X1,double_divide(identity,identity)),double_divide(X0,identity)) [superposition 30,85]
1175. double_divide(X2,double_divide(X0,identity)) = double_divide(double_divide(double_divide(X1,double_divide(double_divide(X2,double_divide(X1,X3)),double_divide(identity,X3))),X0),double_divide(identity,identity)) [superposition 32,85]
1201. double_divide(X2,double_divide(X0,identity)) = double_divide(double_divide(identity,identity),double_divide(double_divide(X1,double_divide(double_divide(X2,double_divide(X1,X3)),double_divide(identity,X3))),X0)) [forward demodulation 1175,858]
1202. double_divide(double_divide(X1,X0),identity) = double_divide(double_divide(X1,identity),double_divide(X0,identity)) [forward demodulation 1174,47]
1229. double_divide(X2,double_divide(X0,identity)) = double_divide(double_divide(identity,identity),double_divide(double_divide(X2,identity),X0)) [forward demodulation 1201,148]
1230. double_divide(identity,double_divide(X1,X0)) = double_divide(double_divide(X1,identity),double_divide(X0,identity)) [forward demodulation 1202,101]
1251. double_divide(X2,double_divide(X0,identity)) = double_divide(identity,double_divide(double_divide(X2,identity),X0)) [forward demodulation 1229,47]
1491. double_divide(X2,double_divide(X0,identity)) = double_divide(double_divide(double_divide(X1,double_divide(double_divide(X2,double_divide(X1,X3)),double_divide(identity,X3))),double_divide(double_divide(X0,identity),identity)),double_divide(identity,identity)) [superposition 32,239]
1494. double_divide(X2,double_divide(X0,identity)) = double_divide(double_divide(identity,identity),double_divide(double_divide(X1,double_divide(double_divide(X2,double_divide(X1,X3)),double_divide(identity,X3))),double_divide(double_divide(X0,identity),identity))) [forward demodulation 1491,858]
1523. double_divide(X2,double_divide(X0,identity)) = double_divide(double_divide(identity,identity),double_divide(double_divide(X1,double_divide(double_divide(X2,double_divide(X1,X3)),double_divide(identity,X3))),double_divide(identity,double_divide(X0,identity)))) [forward demodulation 1494,101]
1550. double_divide(X2,double_divide(X0,identity)) = double_divide(identity,double_divide(double_divide(double_divide(identity,identity),double_divide(X0,identity)),double_divide(X1,double_divide(double_divide(X2,double_divide(X1,X3)),double_divide(identity,X3))))) [forward demodulation 1523,811]
1568. double_divide(X2,double_divide(X0,identity)) = double_divide(identity,double_divide(double_divide(double_divide(identity,identity),double_divide(X0,identity)),double_divide(X2,identity))) [forward demodulation 1550,148]
1585. double_divide(X2,double_divide(X0,identity)) = double_divide(double_divide(double_divide(double_divide(identity,identity),double_divide(X0,identity)),identity),X2) [forward demodulation 1568,809]
1598. double_divide(X2,double_divide(X0,identity)) = double_divide(double_divide(identity,double_divide(double_divide(identity,identity),double_divide(X0,identity))),X2) [forward demodulation 1585,101]
1604. double_divide(X2,double_divide(X0,identity)) = double_divide(double_divide(double_divide(double_divide(identity,identity),identity),X0),X2) [forward demodulation 1598,809]
1607. double_divide(X2,double_divide(X0,identity)) = double_divide(double_divide(double_divide(identity,double_divide(identity,identity)),X0),X2) [forward demodulation 1604,101]
1609. double_divide(X2,double_divide(X0,identity)) = double_divide(double_divide(identity,X0),X2) [forward demodulation 1607,7]
1767. double_divide(double_divide(X1,X0),identity) = double_divide(identity,double_divide(X0,X1)) [superposition 484,835]
1863. double_divide(identity,double_divide(X0,X1)) = double_divide(identity,double_divide(X1,X0)) [forward demodulation 1767,101]
2780. double_divide(double_divide(a4,b4),identity) != double_divide(identity,double_divide(b4,a4)) <- (~1) [superposition 12,101]
2814. double_divide(double_divide(a4,b4),identity) != double_divide(identity,double_divide(a4,b4)) <- (~1) [forward demodulation 2780,1863]
2844. $false <- (~1) [forward subsumption resolution 2814,101]
2845. 1 [avatar contradiction clause 2844]
2923. double_divide(double_divide(c3,double_divide(double_divide(b3,a3),identity)),identity) != double_divide(identity,double_divide(double_divide(double_divide(c3,b3),identity),a3)) <- (~2) [forward demodulation 16,101]
2925. double_divide(double_divide(c3,double_divide(double_divide(b3,a3),identity)),identity) != double_divide(identity,double_divide(a3,double_divide(double_divide(c3,b3),identity))) <- (~2) [forward demodulation 2923,1863]
2926. double_divide(double_divide(c3,double_divide(double_divide(b3,a3),identity)),identity) != double_divide(double_divide(a3,identity),double_divide(c3,b3)) <- (~2) [forward demodulation 2925,809]
2927. double_divide(double_divide(c3,double_divide(double_divide(b3,a3),identity)),identity) != double_divide(double_divide(a3,identity),double_divide(b3,c3)) <- (~2) [forward demodulation 2926,858]
2928. double_divide(double_divide(c3,double_divide(double_divide(b3,a3),identity)),identity) != double_divide(double_divide(identity,a3),double_divide(b3,c3)) <- (~2) [forward demodulation 2927,101]
2929. double_divide(double_divide(identity,a3),double_divide(b3,c3)) != double_divide(identity,double_divide(c3,double_divide(double_divide(b3,a3),identity))) <- (~2) [forward demodulation 2928,101]
2930. double_divide(double_divide(identity,a3),double_divide(b3,c3)) != double_divide(double_divide(c3,identity),double_divide(b3,a3)) <- (~2) [forward demodulation 2929,809]
2931. double_divide(double_divide(identity,a3),double_divide(b3,c3)) != double_divide(double_divide(b3,a3),double_divide(c3,identity)) <- (~2) [forward demodulation 2930,858]
2932. double_divide(double_divide(identity,a3),double_divide(b3,c3)) != double_divide(double_divide(identity,c3),double_divide(b3,a3)) <- (~2) [forward demodulation 2931,1609]
2933. double_divide(double_divide(identity,a3),double_divide(b3,c3)) != double_divide(double_divide(identity,c3),double_divide(a3,b3)) <- (~2) [forward demodulation 2932,858]
3472. double_divide(X1,double_divide(identity,X0)) = double_divide(double_divide(double_divide(X1,identity),X0),identity) [superposition 240,530]
3475. double_divide(double_divide(X0,double_divide(X1,identity)),identity) = double_divide(X1,double_divide(identity,X0)) [superposition 240,322]
3526. double_divide(identity,double_divide(X0,double_divide(X1,identity))) = double_divide(X1,double_divide(identity,X0)) [forward demodulation 3475,101]
3529. double_divide(X1,double_divide(identity,X0)) = double_divide(identity,double_divide(double_divide(X1,identity),X0)) [forward demodulation 3472,101]
3799. double_divide(double_divide(X1,X0),identity) = double_divide(double_divide(X1,identity),double_divide(identity,X0)) [superposition 244,530]
3800. double_divide(double_divide(X1,identity),double_divide(identity,double_divide(X0,identity))) = double_divide(double_divide(X1,double_divide(X0,identity)),identity) [superposition 244,239]
3803. double_divide(double_divide(X1,identity),double_divide(identity,X0)) = double_divide(double_divide(X0,X1),identity) [superposition 244,322]
3907. double_divide(double_divide(X1,identity),double_divide(identity,X0)) = double_divide(identity,double_divide(X0,X1)) [forward demodulation 3803,101]
3909. double_divide(double_divide(X1,identity),double_divide(identity,double_divide(X0,identity))) = double_divide(identity,double_divide(X1,double_divide(X0,identity))) [forward demodulation 3800,101]
3910. double_divide(double_divide(X1,identity),double_divide(identity,X0)) = double_divide(identity,double_divide(X1,X0)) [forward demodulation 3799,101]
3951. double_divide(double_divide(X1,identity),double_divide(identity,double_divide(X0,identity))) = double_divide(double_divide(X1,identity),X0) [forward demodulation 3909,809]
3980. double_divide(double_divide(X1,identity),X0) = double_divide(identity,double_divide(double_divide(X0,identity),X1)) [forward demodulation 3951,3907]
5444. double_divide(double_divide(X1,identity),X0) = double_divide(identity,double_divide(double_divide(identity,double_divide(X1,identity)),double_divide(identity,X0))) [superposition 250,530]
5447. double_divide(X0,double_divide(X1,identity)) = double_divide(identity,double_divide(double_divide(identity,double_divide(X1,identity)),double_divide(identity,X0))) [superposition 250,322]
5514. double_divide(X0,double_divide(X1,identity)) = double_divide(identity,double_divide(X1,double_divide(identity,X0))) [forward demodulation 5447,738]
5517. double_divide(double_divide(X1,identity),X0) = double_divide(identity,double_divide(X1,double_divide(identity,X0))) [forward demodulation 5444,738]
5926. double_divide(X2,X0) = double_divide(identity,double_divide(double_divide(identity,double_divide(double_divide(X1,X0),double_divide(identity,X2))),X1)) [superposition 635,530]
5930. double_divide(X0,X2) = double_divide(identity,double_divide(double_divide(identity,double_divide(double_divide(X1,X0),double_divide(identity,X2))),X1)) [superposition 635,322]
5974. double_divide(X0,double_divide(X1,X2)) = double_divide(identity,double_divide(double_divide(identity,double_divide(double_divide(double_divide(identity,double_divide(X0,double_divide(identity,identity))),double_divide(identity,identity)),double_divide(identity,double_divide(identity,X2)))),X1)) [superposition 635,29]
5994. double_divide(identity,double_divide(double_divide(identity,double_divide(double_divide(X0,identity),double_divide(identity,X2))),double_divide(double_divide(X1,X2),double_divide(X0,identity)))) = X1 [superposition 635,239]
6020. double_divide(X0,double_divide(X1,double_divide(identity,identity))) = double_divide(identity,double_divide(double_divide(identity,X0),X1)) [superposition 635,30]
6148. double_divide(X0,double_divide(X1,identity)) = double_divide(identity,double_divide(double_divide(identity,X0),X1)) [forward demodulation 6020,47]
6174. double_divide(identity,double_divide(double_divide(X2,double_divide(double_divide(X0,identity),identity)),double_divide(double_divide(X1,X2),double_divide(X0,identity)))) = X1 [forward demodulation 5994,5514]
6194. double_divide(X0,double_divide(X1,X2)) = double_divide(identity,double_divide(double_divide(double_divide(identity,X2),double_divide(double_divide(double_divide(identity,double_divide(X0,double_divide(identity,identity))),double_divide(identity,identity)),identity)),X1)) [forward demodulation 5974,5514]
6237. double_divide(X0,X2) = double_divide(identity,double_divide(X1,double_divide(identity,double_divide(double_divide(X1,X0),double_divide(identity,X2))))) [forward demodulation 5930,1863]
6241. double_divide(X2,X0) = double_divide(identity,double_divide(X1,double_divide(identity,double_divide(double_divide(X1,X0),double_divide(identity,X2))))) [forward demodulation 5926,1863]
6326. double_divide(identity,double_divide(double_divide(X2,double_divide(identity,double_divide(X0,identity))),double_divide(double_divide(X1,X2),double_divide(X0,identity)))) = X1 [forward demodulation 6174,101]
6345. double_divide(X0,double_divide(X1,X2)) = double_divide(identity,double_divide(double_divide(double_divide(identity,X2),double_divide(identity,double_divide(double_divide(identity,double_divide(X0,double_divide(identity,identity))),double_divide(identity,identity)))),X1)) [forward demodulation 6194,101]
6385. double_divide(X0,X2) = double_divide(double_divide(double_divide(X1,X0),double_divide(identity,X2)),double_divide(X1,identity)) [forward demodulation 6237,5514]
6389. double_divide(X2,X0) = double_divide(double_divide(double_divide(X1,X0),double_divide(identity,X2)),double_divide(X1,identity)) [forward demodulation 6241,5514]
6469. double_divide(identity,double_divide(double_divide(X2,X0),double_divide(double_divide(X1,X2),double_divide(X0,identity)))) = X1 [forward demodulation 6326,738]
6484. double_divide(X0,double_divide(X1,X2)) = double_divide(identity,double_divide(double_divide(double_divide(identity,X2),double_divide(identity,double_divide(double_divide(identity,identity),double_divide(identity,double_divide(X0,double_divide(identity,identity)))))),X1)) [forward demodulation 6345,811]
6522. double_divide(X0,X2) = double_divide(double_divide(identity,X1),double_divide(double_divide(X1,X0),double_divide(identity,X2))) [forward demodulation 6385,1609]
6525. double_divide(X2,X0) = double_divide(double_divide(identity,X1),double_divide(double_divide(X1,X0),double_divide(identity,X2))) [forward demodulation 6389,1609]
6609. double_divide(X0,double_divide(X1,X2)) = double_divide(identity,double_divide(double_divide(double_divide(identity,X2),double_divide(double_divide(X0,double_divide(identity,identity)),double_divide(double_divide(identity,identity),identity))),X1)) [forward demodulation 6484,5514]
6645. double_divide(X0,X2) = double_divide(identity,double_divide(double_divide(double_divide(identity,X1),X2),double_divide(X1,X0))) [forward demodulation 6522,811]
6648. double_divide(X2,X0) = double_divide(identity,double_divide(double_divide(double_divide(identity,X1),X2),double_divide(X1,X0))) [forward demodulation 6525,811]
6713. double_divide(X0,double_divide(X1,X2)) = double_divide(identity,double_divide(double_divide(double_divide(identity,X2),double_divide(double_divide(X0,double_divide(identity,identity)),double_divide(identity,double_divide(identity,identity)))),X1)) [forward demodulation 6609,101]
6786. double_divide(X0,double_divide(X1,X2)) = double_divide(identity,double_divide(double_divide(identity,double_divide(double_divide(double_divide(identity,X2),double_divide(identity,identity)),double_divide(X0,double_divide(identity,identity)))),X1)) [forward demodulation 6713,811]
6840. double_divide(X0,double_divide(X1,X2)) = double_divide(double_divide(double_divide(double_divide(identity,X2),double_divide(identity,identity)),double_divide(X0,double_divide(identity,identity))),double_divide(X1,identity)) [forward demodulation 6786,6148]
6884. double_divide(X0,double_divide(X1,X2)) = double_divide(double_divide(identity,double_divide(double_divide(double_divide(double_divide(identity,X2),double_divide(identity,identity)),identity),X0)),double_divide(X1,identity)) [forward demodulation 6840,811]
6921. double_divide(X0,double_divide(X1,X2)) = double_divide(double_divide(double_divide(double_divide(identity,X2),double_divide(identity,identity)),double_divide(X0,identity)),double_divide(X1,identity)) [forward demodulation 6884,1251]
6943. double_divide(X0,double_divide(X1,X2)) = double_divide(double_divide(double_divide(double_divide(X2,identity),identity),double_divide(X0,identity)),double_divide(X1,identity)) [forward demodulation 6921,38]
6951. double_divide(X0,double_divide(X1,X2)) = double_divide(double_divide(identity,double_divide(double_divide(X2,identity),X0)),double_divide(X1,identity)) [forward demodulation 6943,1230]
6957. double_divide(X0,double_divide(X1,X2)) = double_divide(double_divide(X2,double_divide(X0,identity)),double_divide(X1,identity)) [forward demodulation 6951,1251]
7005. double_divide(double_divide(X0,identity),X1) = double_divide(X1,double_divide(double_divide(double_divide(X0,X2),X2),identity)) [superposition 1609,306]
7029. double_divide(double_divide(X0,identity),double_divide(X1,identity)) = double_divide(double_divide(identity,X0),double_divide(identity,X1)) [superposition 1609,1609]
7063. double_divide(double_divide(X0,identity),X1) = double_divide(double_divide(identity,X0),X1) [superposition 858,1609]
7163. double_divide(X0,double_divide(X1,identity)) = double_divide(X0,double_divide(identity,X1)) [superposition 858,1609]
7268. double_divide(identity,double_divide(X0,X1)) = double_divide(double_divide(identity,X0),double_divide(identity,X1)) [forward demodulation 7029,1230]
7285. double_divide(double_divide(X0,identity),X1) = double_divide(X1,double_divide(identity,double_divide(double_divide(X0,X2),X2))) [forward demodulation 7005,7163]
7409. double_divide(double_divide(X0,identity),X1) = double_divide(X1,double_divide(identity,double_divide(X2,double_divide(X0,X2)))) [forward demodulation 7285,1863]
7496. double_divide(X1,double_divide(identity,X0)) = double_divide(double_divide(X0,identity),X1) [forward demodulation 7409,738]
8877. double_divide(double_divide(X1,X0),identity) = double_divide(double_divide(X2,X0),double_divide(double_divide(X2,identity),double_divide(identity,double_divide(identity,X1)))) [superposition 217,530]
8930. double_divide(double_divide(X0,double_divide(X1,X2)),identity) = double_divide(double_divide(double_divide(identity,double_divide(X0,double_divide(identity,identity))),double_divide(identity,identity)),double_divide(double_divide(X1,identity),double_divide(identity,double_divide(identity,double_divide(identity,X2))))) [superposition 217,29]
8934. double_divide(double_divide(X1,identity),identity) = double_divide(double_divide(X0,identity),double_divide(double_divide(double_divide(X1,double_divide(X0,X2)),identity),double_divide(identity,double_divide(identity,double_divide(identity,double_divide(identity,X2)))))) [superposition 217,217]
9021. double_divide(double_divide(X1,identity),double_divide(double_divide(X0,identity),double_divide(identity,double_divide(identity,double_divide(identity,X2))))) = double_divide(double_divide(identity,double_divide(double_divide(X1,double_divide(X0,X2)),double_divide(identity,identity))),double_divide(identity,identity)) [superposition 29,217]
9032. double_divide(X1,double_divide(X0,X2)) = double_divide(double_divide(X0,identity),double_divide(double_divide(X1,identity),double_divide(identity,double_divide(identity,X2)))) [superposition 322,217]
9037. double_divide(identity,double_divide(double_divide(X1,identity),double_divide(identity,double_divide(identity,X2)))) = double_divide(identity,double_divide(double_divide(X1,double_divide(X0,X2)),double_divide(X0,identity))) [superposition 817,217]
9044. double_divide(identity,double_divide(double_divide(X1,identity),double_divide(identity,double_divide(identity,X2)))) = double_divide(double_divide(double_divide(X1,double_divide(X0,X2)),identity),X0) [forward demodulation 9037,809]
9049. double_divide(X1,double_divide(X0,X2)) = double_divide(identity,double_divide(double_divide(double_divide(X0,identity),double_divide(identity,X2)),double_divide(X1,identity))) [forward demodulation 9032,811]
9060. double_divide(double_divide(X1,identity),double_divide(double_divide(X0,identity),double_divide(identity,double_divide(identity,double_divide(identity,X2))))) = double_divide(double_divide(identity,identity),double_divide(identity,double_divide(double_divide(X1,double_divide(X0,X2)),double_divide(identity,identity)))) [forward demodulation 9021,7496]
9134. double_divide(double_divide(X1,identity),identity) = double_divide(identity,double_divide(double_divide(double_divide(X0,identity),double_divide(identity,double_divide(identity,double_divide(identity,X2)))),double_divide(double_divide(X1,double_divide(X0,X2)),identity))) [forward demodulation 8934,811]
9138. double_divide(double_divide(X0,double_divide(X1,X2)),identity) = double_divide(identity,double_divide(double_divide(double_divide(double_divide(identity,double_divide(X0,double_divide(identity,identity))),double_divide(identity,identity)),double_divide(identity,double_divide(identity,X2))),double_divide(X1,identity))) [forward demodulation 8930,811]
9185. double_divide(double_divide(X1,X0),identity) = double_divide(identity,double_divide(double_divide(double_divide(X2,X0),double_divide(identity,X1)),double_divide(X2,identity))) [forward demodulation 8877,811]
9189. double_divide(identity,double_divide(double_divide(X1,identity),double_divide(identity,double_divide(identity,X2)))) = double_divide(X0,double_divide(double_divide(X1,double_divide(X0,X2)),identity)) [forward demodulation 9044,858]
9194. double_divide(X1,double_divide(X0,X2)) = double_divide(double_divide(double_divide(double_divide(X0,identity),double_divide(identity,X2)),identity),X1) [forward demodulation 9049,809]
9205. double_divide(double_divide(X1,identity),double_divide(double_divide(X0,identity),double_divide(identity,double_divide(identity,double_divide(identity,X2))))) = double_divide(identity,double_divide(double_divide(double_divide(X1,double_divide(X0,X2)),double_divide(identity,identity)),identity)) [forward demodulation 9060,3907]
9275. double_divide(double_divide(X1,identity),identity) = double_divide(double_divide(double_divide(double_divide(X0,identity),double_divide(identity,double_divide(identity,double_divide(identity,X2)))),identity),double_divide(X1,double_divide(X0,X2))) [forward demodulation 9134,809]
9278. double_divide(double_divide(X0,double_divide(X1,X2)),identity) = double_divide(double_divide(double_divide(double_divide(double_divide(identity,double_divide(X0,double_divide(identity,identity))),double_divide(identity,identity)),double_divide(identity,double_divide(identity,X2))),identity),X1) [forward demodulation 9138,809]
9322. double_divide(double_divide(X1,X0),identity) = double_divide(double_divide(double_divide(double_divide(X2,X0),double_divide(identity,X1)),identity),X2) [forward demodulation 9185,809]
9324. double_divide(identity,double_divide(double_divide(X1,identity),double_divide(identity,double_divide(identity,X2)))) = double_divide(X0,double_divide(identity,double_divide(X1,double_divide(X0,X2)))) [forward demodulation 9189,7163]
9327. double_divide(X1,double_divide(X0,X2)) = double_divide(double_divide(identity,double_divide(double_divide(X0,identity),double_divide(identity,X2))),X1) [forward demodulation 9194,7063]
9338. double_divide(double_divide(X1,double_divide(X0,X2)),identity) = double_divide(double_divide(X1,identity),double_divide(double_divide(X0,identity),double_divide(identity,double_divide(identity,double_divide(identity,X2))))) [forward demodulation 9205,90]
9404. double_divide(double_divide(X1,identity),identity) = double_divide(double_divide(identity,double_divide(double_divide(X0,identity),double_divide(identity,double_divide(identity,double_divide(identity,X2))))),double_divide(X1,double_divide(X0,X2))) [forward demodulation 9275,7063]
9407. double_divide(double_divide(X0,double_divide(X1,X2)),identity) = double_divide(double_divide(identity,double_divide(double_divide(double_divide(identity,double_divide(X0,double_divide(identity,identity))),double_divide(identity,identity)),double_divide(identity,double_divide(identity,X2)))),X1) [forward demodulation 9278,7063]
9450. double_divide(double_divide(X1,X0),identity) = double_divide(X2,double_divide(double_divide(double_divide(X2,X0),double_divide(identity,X1)),identity)) [forward demodulation 9322,858]
9451. double_divide(X0,double_divide(identity,double_divide(X1,double_divide(X0,X2)))) = double_divide(double_divide(identity,X2),double_divide(double_divide(X1,identity),identity)) [forward demodulation 9324,5514]
9454. double_divide(X1,double_divide(X0,X2)) = double_divide(double_divide(X2,double_divide(double_divide(X0,identity),identity)),X1) [forward demodulation 9327,5514]
9464. double_divide(double_divide(X1,double_divide(X0,X2)),identity) = double_divide(identity,double_divide(double_divide(double_divide(X1,identity),double_divide(identity,double_divide(identity,X2))),double_divide(X0,identity))) [forward demodulation 9338,811]
9517. double_divide(double_divide(X1,identity),identity) = double_divide(double_divide(double_divide(identity,double_divide(identity,X2)),double_divide(double_divide(X0,identity),identity)),double_divide(X1,double_divide(X0,X2))) [forward demodulation 9404,5514]
9520. double_divide(double_divide(X0,double_divide(X1,X2)),identity) = double_divide(double_divide(double_divide(identity,X2),double_divide(double_divide(double_divide(identity,double_divide(X0,double_divide(identity,identity))),double_divide(identity,identity)),identity)),X1) [forward demodulation 9407,5514]
9562. double_divide(double_divide(X1,X0),identity) = double_divide(X2,double_divide(identity,double_divide(double_divide(X2,X0),double_divide(identity,X1)))) [forward demodulation 9450,7163]
9563. double_divide(X0,double_divide(identity,double_divide(X1,double_divide(X0,X2)))) = double_divide(double_divide(identity,X2),double_divide(identity,double_divide(X1,identity))) [forward demodulation 9451,7163]
9566. double_divide(X1,double_divide(X0,X2)) = double_divide(double_divide(X2,double_divide(identity,double_divide(X0,identity))),X1) [forward demodulation 9454,7163]
9575. double_divide(double_divide(X1,double_divide(X0,X2)),identity) = double_divide(double_divide(double_divide(double_divide(X1,identity),double_divide(identity,double_divide(identity,X2))),identity),X0) [forward demodulation 9464,809]
9625. double_divide(double_divide(X1,identity),identity) = double_divide(double_divide(double_divide(identity,double_divide(identity,X2)),double_divide(identity,double_divide(X0,identity))),double_divide(X1,double_divide(X0,X2))) [forward demodulation 9517,7163]
9628. double_divide(double_divide(X0,double_divide(X1,X2)),identity) = double_divide(double_divide(double_divide(identity,X2),double_divide(identity,double_divide(double_divide(identity,double_divide(X0,double_divide(identity,identity))),double_divide(identity,identity)))),X1) [forward demodulation 9520,7163]
9669. double_divide(double_divide(X1,X0),identity) = double_divide(X2,double_divide(X1,double_divide(double_divide(X2,X0),identity))) [forward demodulation 9562,5514]
9670. double_divide(X0,double_divide(identity,double_divide(X1,double_divide(X0,X2)))) = double_divide(identity,double_divide(X2,double_divide(X1,identity))) [forward demodulation 9563,7268]
9673. double_divide(X1,double_divide(X0,X2)) = double_divide(double_divide(X2,X0),X1) [forward demodulation 9566,738]
9680. double_divide(double_divide(X1,double_divide(X0,X2)),identity) = double_divide(double_divide(identity,double_divide(double_divide(X1,identity),double_divide(identity,double_divide(identity,X2)))),X0) [forward demodulation 9575,7063]
9716. double_divide(double_divide(X1,identity),identity) = double_divide(double_divide(identity,double_divide(double_divide(identity,X2),double_divide(X0,identity))),double_divide(X1,double_divide(X0,X2))) [forward demodulation 9625,7268]
9719. double_divide(double_divide(X0,double_divide(X1,X2)),identity) = double_divide(double_divide(identity,double_divide(X2,double_divide(double_divide(identity,double_divide(X0,double_divide(identity,identity))),double_divide(identity,identity)))),X1) [forward demodulation 9628,7268]
9759. double_divide(double_divide(X1,X0),identity) = double_divide(X2,double_divide(X1,double_divide(identity,double_divide(X2,X0)))) [forward demodulation 9669,7163]
9760. double_divide(X0,double_divide(identity,double_divide(X1,double_divide(X0,X2)))) = double_divide(double_divide(X2,identity),X1) [forward demodulation 9670,809]
9767. double_divide(double_divide(X1,double_divide(X0,X2)),identity) = double_divide(double_divide(double_divide(identity,X2),double_divide(double_divide(X1,identity),identity)),X0) [forward demodulation 9680,5514]
9794. double_divide(double_divide(X1,identity),identity) = double_divide(double_divide(double_divide(double_divide(identity,X2),identity),X0),double_divide(X1,double_divide(X0,X2))) [forward demodulation 9716,809]
9796. double_divide(double_divide(X0,double_divide(X1,X2)),identity) = double_divide(double_divide(double_divide(X2,identity),double_divide(identity,double_divide(X0,double_divide(identity,identity)))),X1) [forward demodulation 9719,810]
9833. double_divide(identity,double_divide(X1,X0)) = double_divide(X2,double_divide(X1,double_divide(identity,double_divide(X2,X0)))) [forward demodulation 9759,101]
9838. double_divide(double_divide(X1,double_divide(X0,X2)),identity) = double_divide(double_divide(double_divide(identity,X2),double_divide(identity,double_divide(X1,identity))),X0) [forward demodulation 9767,7163]
9856. double_divide(double_divide(X1,identity),identity) = double_divide(double_divide(double_divide(identity,double_divide(identity,X2)),X0),double_divide(X1,double_divide(X0,X2))) [forward demodulation 9794,7063]
9858. double_divide(double_divide(X0,double_divide(X1,X2)),identity) = double_divide(double_divide(identity,double_divide(double_divide(X0,double_divide(identity,identity)),X2)),X1) [forward demodulation 9796,3907]
9884. double_divide(double_divide(X1,double_divide(X0,X2)),identity) = double_divide(double_divide(identity,double_divide(X2,double_divide(X1,identity))),X0) [forward demodulation 9838,7268]
9896. double_divide(double_divide(X1,identity),identity) = double_divide(double_divide(X2,X0),double_divide(X1,double_divide(X0,X2))) [forward demodulation 9856,835]
9898. double_divide(double_divide(X0,double_divide(X1,X2)),identity) = double_divide(double_divide(identity,double_divide(double_divide(X0,identity),X2)),X1) [forward demodulation 9858,47]
9917. double_divide(double_divide(X1,double_divide(X0,X2)),identity) = double_divide(double_divide(double_divide(X2,identity),X1),X0) [forward demodulation 9884,809]
9926. double_divide(identity,double_divide(X1,identity)) = double_divide(double_divide(X2,X0),double_divide(X1,double_divide(X0,X2))) [forward demodulation 9896,101]
9928. double_divide(double_divide(X0,double_divide(X1,X2)),identity) = double_divide(double_divide(X0,double_divide(X2,identity)),X1) [forward demodulation 9898,1251]
9942. double_divide(identity,double_divide(X1,double_divide(X0,X2))) = double_divide(double_divide(double_divide(X2,identity),X1),X0) [forward demodulation 9917,101]
9951. double_divide(double_divide(X2,X0),double_divide(X1,double_divide(X0,X2))) = X1 [forward demodulation 9926,738]
9952. double_divide(identity,double_divide(X0,double_divide(X1,X2))) = double_divide(double_divide(X0,double_divide(X2,identity)),X1) [forward demodulation 9928,101]
10141. double_divide(double_divide(X1,X2),X0) = double_divide(double_divide(X2,X1),X0) [superposition 9951,530]
10180. double_divide(X0,double_divide(X1,X2)) = double_divide(X0,double_divide(X2,X1)) [superposition 530,9951]
10183. double_divide(identity,double_divide(X0,double_divide(X1,X2))) = double_divide(identity,double_divide(double_divide(X2,X1),X0)) [superposition 817,9951]
12887. double_divide(double_divide(double_divide(X1,double_divide(double_divide(X2,double_divide(identity,X3)),double_divide(identity,X3))),double_divide(X0,identity)),identity) = double_divide(X1,double_divide(double_divide(X0,identity),double_divide(X2,identity))) [superposition 215,239]
12889. double_divide(X1,double_divide(X0,double_divide(X2,identity))) = double_divide(double_divide(X0,double_divide(X1,double_divide(double_divide(X2,double_divide(identity,X3)),double_divide(identity,X3)))),identity) [superposition 215,322]
12924. double_divide(double_divide(X0,double_divide(X1,double_divide(double_divide(X2,double_divide(identity,X3)),double_divide(identity,X3)))),identity) = double_divide(double_divide(X0,identity),double_divide(double_divide(X1,identity),double_divide(identity,double_divide(identity,double_divide(X2,identity))))) [superposition 217,215]
13014. double_divide(double_divide(X0,double_divide(X1,double_divide(double_divide(X2,double_divide(identity,X3)),double_divide(identity,X3)))),identity) = double_divide(identity,double_divide(double_divide(double_divide(X0,identity),double_divide(identity,double_divide(X2,identity))),double_divide(X1,identity))) [forward demodulation 12924,811]
13048. double_divide(X1,double_divide(X0,double_divide(X2,identity))) = double_divide(identity,double_divide(X0,double_divide(X1,double_divide(double_divide(X2,double_divide(identity,X3)),double_divide(identity,X3))))) [forward demodulation 12889,101]
13050. double_divide(X1,double_divide(identity,double_divide(X0,X2))) = double_divide(double_divide(double_divide(X1,double_divide(double_divide(X2,double_divide(identity,X3)),double_divide(identity,X3))),double_divide(X0,identity)),identity) [forward demodulation 12887,1230]
13167. double_divide(double_divide(X0,double_divide(X1,double_divide(double_divide(X2,double_divide(identity,X3)),double_divide(identity,X3)))),identity) = double_divide(double_divide(double_divide(double_divide(X0,identity),double_divide(identity,double_divide(X2,identity))),identity),X1) [forward demodulation 13014,809]
13200. double_divide(X1,double_divide(X0,double_divide(X2,identity))) = double_divide(identity,double_divide(X0,double_divide(X1,double_divide(double_divide(identity,X3),double_divide(X2,double_divide(identity,X3)))))) [forward demodulation 13048,10180]
13202. double_divide(X1,double_divide(identity,double_divide(X0,X2))) = double_divide(identity,double_divide(double_divide(X1,double_divide(double_divide(X2,double_divide(identity,X3)),double_divide(identity,X3))),double_divide(X0,identity))) [forward demodulation 13050,101]
13315. double_divide(double_divide(X0,double_divide(X1,double_divide(double_divide(X2,double_divide(identity,X3)),double_divide(identity,X3)))),identity) = double_divide(double_divide(identity,double_divide(double_divide(X0,identity),double_divide(identity,double_divide(X2,identity)))),X1) [forward demodulation 13167,7063]
13347. double_divide(X1,double_divide(X0,double_divide(X2,identity))) = double_divide(identity,double_divide(X0,double_divide(X1,X2))) [forward demodulation 13200,738]
13349. double_divide(X1,double_divide(identity,double_divide(X0,X2))) = double_divide(double_divide(double_divide(X1,double_divide(double_divide(X2,double_divide(identity,X3)),double_divide(identity,X3))),identity),X0) [forward demodulation 13202,809]
13445. double_divide(double_divide(X0,double_divide(X1,double_divide(double_divide(X2,double_divide(identity,X3)),double_divide(identity,X3)))),identity) = double_divide(double_divide(double_divide(X2,identity),double_divide(double_divide(X0,identity),identity)),X1) [forward demodulation 13315,5514]
13467. double_divide(X1,double_divide(identity,double_divide(X0,X2))) = double_divide(double_divide(identity,double_divide(X1,double_divide(double_divide(X2,double_divide(identity,X3)),double_divide(identity,X3)))),X0) [forward demodulation 13349,7063]
13550. double_divide(double_divide(X0,double_divide(X1,double_divide(double_divide(X2,double_divide(identity,X3)),double_divide(identity,X3)))),identity) = double_divide(identity,double_divide(double_divide(X2,identity),double_divide(X1,double_divide(X0,identity)))) [forward demodulation 13445,9952]
13562. double_divide(X1,double_divide(identity,double_divide(X0,X2))) = double_divide(double_divide(double_divide(X1,X3),double_divide(X2,double_divide(identity,X3))),X0) [forward demodulation 13467,810]
13632. double_divide(double_divide(X0,double_divide(X1,double_divide(double_divide(X2,double_divide(identity,X3)),double_divide(identity,X3)))),identity) = double_divide(X2,double_divide(double_divide(X1,double_divide(X0,identity)),identity)) [forward demodulation 13550,1251]
13640. double_divide(X1,double_divide(identity,double_divide(X0,X2))) = double_divide(double_divide(identity,double_divide(double_divide(double_divide(X1,X3),X3),X2)),X0) [forward demodulation 13562,811]
13684. double_divide(double_divide(X0,double_divide(X1,double_divide(double_divide(X2,double_divide(identity,X3)),double_divide(identity,X3)))),identity) = double_divide(X2,double_divide(identity,double_divide(X1,double_divide(X0,identity)))) [forward demodulation 13632,7163]
13689. double_divide(X1,double_divide(identity,double_divide(X0,X2))) = double_divide(double_divide(identity,double_divide(double_divide(X3,double_divide(X1,X3)),X2)),X0) [forward demodulation 13640,10141]
13728. double_divide(X2,double_divide(double_divide(X1,identity),X0)) = double_divide(double_divide(X0,double_divide(X1,double_divide(double_divide(X2,double_divide(identity,X3)),double_divide(identity,X3)))),identity) [forward demodulation 13684,809]
13733. double_divide(X1,double_divide(identity,double_divide(X0,X2))) = double_divide(double_divide(identity,double_divide(X1,X2)),X0) [forward demodulation 13689,738]
13768. double_divide(X2,double_divide(double_divide(X1,identity),X0)) = double_divide(identity,double_divide(X0,double_divide(X1,double_divide(double_divide(X2,double_divide(identity,X3)),double_divide(identity,X3))))) [forward demodulation 13728,101]
13799. double_divide(X2,double_divide(double_divide(X1,identity),X0)) = double_divide(identity,double_divide(X0,double_divide(X1,double_divide(double_divide(identity,X3),double_divide(X2,double_divide(identity,X3)))))) [forward demodulation 13768,10180]
13825. double_divide(identity,double_divide(X0,double_divide(X1,X2))) = double_divide(X2,double_divide(double_divide(X1,identity),X0)) [forward demodulation 13799,738]
17285. double_divide(double_divide(identity,double_divide(X0,X1)),X2) = double_divide(X2,double_divide(double_divide(X1,X0),identity)) [superposition 1609,1863]
17383. double_divide(X2,double_divide(identity,double_divide(X1,X0))) = double_divide(double_divide(identity,double_divide(X0,X1)),X2) [forward demodulation 17285,7163]
21007. double_divide(identity,double_divide(X0,X1)) = double_divide(double_divide(identity,X0),double_divide(X1,identity)) [superposition 1230,858]
21603. double_divide(X2,double_divide(double_divide(X1,identity),double_divide(X0,identity))) = double_divide(double_divide(identity,double_divide(X0,X1)),X2) [superposition 9673,1230]
21849. double_divide(double_divide(identity,X0),double_divide(X1,X2)) = double_divide(double_divide(X0,identity),double_divide(X2,X1)) [superposition 7496,9673]
22096. double_divide(X2,double_divide(double_divide(X1,identity),double_divide(X0,identity))) = double_divide(X0,double_divide(identity,double_divide(X2,X1))) [forward demodulation 21603,13733]
22373. double_divide(X2,double_divide(identity,double_divide(X1,X0))) = double_divide(X0,double_divide(identity,double_divide(X2,X1))) [forward demodulation 22096,1230]
26247. double_divide(X3,double_divide(X0,double_divide(X1,X2))) = double_divide(X3,double_divide(double_divide(X2,X1),X0)) [superposition 10180,10180]
26248. double_divide(X3,double_divide(double_divide(X0,X1),X2)) = double_divide(X3,double_divide(double_divide(X1,X0),X2)) [superposition 10180,9673]
30746. double_divide(identity,double_divide(X2,double_divide(double_divide(X0,identity),X1))) = double_divide(double_divide(X2,identity),double_divide(X0,double_divide(identity,X1))) [superposition 3910,3529]
30967. double_divide(identity,double_divide(X2,double_divide(double_divide(X0,identity),X1))) = double_divide(identity,double_divide(double_divide(double_divide(X2,identity),X1),X0)) [forward demodulation 30746,811]
31034. double_divide(identity,double_divide(X2,double_divide(double_divide(X0,identity),X1))) = double_divide(identity,double_divide(identity,double_divide(X1,double_divide(X0,X2)))) [forward demodulation 30967,9942]
31095. double_divide(X1,double_divide(X0,X2)) = double_divide(identity,double_divide(X2,double_divide(double_divide(X0,identity),X1))) [forward demodulation 31034,835]
33022. double_divide(double_divide(X2,identity),double_divide(double_divide(X0,identity),X1)) = double_divide(identity,double_divide(X2,double_divide(double_divide(X1,identity),X0))) [superposition 3910,3980]
33121. double_divide(X0,double_divide(X1,X2)) = double_divide(double_divide(X2,identity),double_divide(double_divide(X0,identity),X1)) [forward demodulation 33022,31095]
33243. double_divide(X0,double_divide(X1,X2)) = double_divide(identity,double_divide(X1,double_divide(X0,double_divide(X2,identity)))) [forward demodulation 33121,13825]
34825. double_divide(identity,double_divide(X2,double_divide(X0,double_divide(identity,X1)))) = double_divide(double_divide(X2,identity),double_divide(double_divide(X0,identity),X1)) [superposition 3910,5517]
34920. double_divide(identity,double_divide(X2,double_divide(X0,double_divide(identity,X1)))) = double_divide(identity,double_divide(X1,double_divide(X0,double_divide(X2,identity)))) [forward demodulation 34825,13825]
35067. double_divide(X0,double_divide(X1,X2)) = double_divide(identity,double_divide(X2,double_divide(X0,double_divide(identity,X1)))) [forward demodulation 34920,33243]
36861. double_divide(identity,double_divide(double_divide(double_divide(X0,identity),X1),X2)) = double_divide(double_divide(X0,double_divide(identity,X1)),double_divide(X2,identity)) [superposition 6148,5517]
37003. double_divide(identity,double_divide(X2,double_divide(double_divide(identity,X0),X1))) = double_divide(double_divide(X2,identity),double_divide(X0,double_divide(X1,identity))) [superposition 3910,6148]
37125. double_divide(identity,double_divide(X2,double_divide(double_divide(identity,X0),X1))) = double_divide(identity,double_divide(X0,double_divide(double_divide(X2,identity),X1))) [forward demodulation 37003,13347]
37227. double_divide(identity,double_divide(identity,double_divide(X1,double_divide(X2,X0)))) = double_divide(double_divide(X0,double_divide(identity,X1)),double_divide(X2,identity)) [forward demodulation 36861,9942]
37292. double_divide(X1,double_divide(X2,X0)) = double_divide(identity,double_divide(X2,double_divide(double_divide(identity,X0),X1))) [forward demodulation 37125,31095]
37370. double_divide(X1,double_divide(X2,X0)) = double_divide(double_divide(X0,double_divide(identity,X1)),double_divide(X2,identity)) [forward demodulation 37227,835]
46248. double_divide(double_divide(X1,X2),double_divide(X0,identity)) = double_divide(double_divide(X0,X2),double_divide(identity,X1)) [superposition 835,770]
48908. double_divide(double_divide(X1,identity),double_divide(X0,double_divide(X2,identity))) = double_divide(double_divide(X0,identity),double_divide(identity,double_divide(identity,double_divide(double_divide(X2,double_divide(X1,X3)),double_divide(identity,X3))))) [superposition 796,219]
49316. double_divide(double_divide(X1,identity),double_divide(X0,double_divide(X2,identity))) = double_divide(identity,double_divide(identity,double_divide(double_divide(double_divide(X2,double_divide(X1,X3)),double_divide(identity,X3)),double_divide(X0,identity)))) [forward demodulation 48908,22373]
49563. double_divide(double_divide(X1,identity),double_divide(X0,double_divide(X2,identity))) = double_divide(double_divide(double_divide(X2,double_divide(X1,X3)),double_divide(identity,X3)),double_divide(X0,identity)) [forward demodulation 49316,835]
49749. double_divide(double_divide(X1,identity),double_divide(X0,double_divide(X2,identity))) = double_divide(X3,double_divide(X0,double_divide(X2,double_divide(X1,X3)))) [forward demodulation 49563,37370]
49878. double_divide(identity,double_divide(X0,double_divide(double_divide(X1,identity),X2))) = double_divide(X3,double_divide(X0,double_divide(X2,double_divide(X1,X3)))) [forward demodulation 49749,13347]
49979. double_divide(X2,double_divide(X1,X0)) = double_divide(X3,double_divide(X0,double_divide(X2,double_divide(X1,X3)))) [forward demodulation 49878,31095]
51523. double_divide(identity,double_divide(X1,double_divide(X2,X0))) = double_divide(double_divide(X1,double_divide(identity,X0)),X2) [superposition 810,835]
51743. double_divide(identity,double_divide(X3,double_divide(X0,double_divide(X2,double_divide(identity,X1))))) = double_divide(double_divide(X3,identity),double_divide(double_divide(X0,X1),X2)) [superposition 3910,810]
52811. double_divide(double_divide(X2,double_divide(X1,double_divide(X0,identity))),X3) = double_divide(identity,double_divide(X2,double_divide(X3,double_divide(X0,double_divide(identity,X1))))) [superposition 810,3526]
52947. double_divide(double_divide(X2,double_divide(X1,double_divide(X0,identity))),X3) = double_divide(double_divide(X2,identity),double_divide(double_divide(X3,X1),X0)) [forward demodulation 52811,51743]
53577. double_divide(identity,double_divide(double_divide(X3,double_divide(double_divide(X0,X2),X1)),X4)) = double_divide(X3,double_divide(X4,double_divide(X0,double_divide(X1,double_divide(identity,X2))))) [superposition 811,811]
54072. double_divide(X0,double_divide(double_divide(X1,double_divide(identity,X2)),double_divide(identity,X3))) = double_divide(double_divide(double_divide(X0,X3),X2),X1) [superposition 810,811]
54317. double_divide(double_divide(double_divide(X0,X3),X2),X1) = double_divide(X0,double_divide(identity,double_divide(X1,double_divide(double_divide(identity,X3),X2)))) [forward demodulation 54072,51523]
54739. double_divide(X0,double_divide(X2,double_divide(X1,X3))) = double_divide(double_divide(double_divide(X0,X3),X2),X1) [forward demodulation 54317,37292]
91327. double_divide(double_divide(X0,X1),double_divide(X3,identity)) = double_divide(identity,double_divide(double_divide(double_divide(double_divide(identity,X2),X0),double_divide(X2,X1)),X3)) [superposition 21007,6648]
91747. double_divide(double_divide(X0,X1),double_divide(X3,identity)) = double_divide(identity,double_divide(double_divide(identity,X2),double_divide(double_divide(X2,X1),double_divide(X3,X0)))) [forward demodulation 91327,54739]
91912. double_divide(double_divide(X0,X1),double_divide(X3,identity)) = double_divide(X2,double_divide(double_divide(double_divide(X2,X1),double_divide(X3,X0)),identity)) [forward demodulation 91747,6148]
92034. double_divide(double_divide(X0,X1),double_divide(X3,identity)) = double_divide(X2,double_divide(identity,double_divide(double_divide(X3,X0),double_divide(X2,X1)))) [forward demodulation 91912,26247]
92115. double_divide(double_divide(X0,X1),double_divide(X3,identity)) = double_divide(double_divide(X1,identity),double_divide(X3,X0)) [forward demodulation 92034,9760]
104145. double_divide(double_divide(X3,double_divide(X0,double_divide(X1,X2))),double_divide(identity,double_divide(X1,identity))) = double_divide(double_divide(X3,identity),double_divide(X2,double_divide(X0,identity))) [superposition 796,6957]
104168. double_divide(X3,double_divide(X0,double_divide(X1,X2))) = double_divide(double_divide(double_divide(X1,identity),double_divide(X2,double_divide(X0,identity))),X3) [superposition 9673,6957]
104187. double_divide(X3,double_divide(X0,double_divide(X1,X2))) = double_divide(double_divide(double_divide(X1,identity),identity),double_divide(double_divide(X3,X2),X0)) [forward demodulation 104168,52947]
104210. double_divide(double_divide(X3,double_divide(X0,double_divide(X1,X2))),double_divide(identity,double_divide(X1,identity))) = double_divide(identity,double_divide(X2,double_divide(double_divide(X3,identity),X0))) [forward demodulation 104145,13347]
104425. double_divide(X3,double_divide(X0,double_divide(X1,X2))) = double_divide(double_divide(identity,double_divide(X1,identity)),double_divide(X0,double_divide(X3,X2))) [forward demodulation 104187,21849]
104445. double_divide(X0,double_divide(X3,X2)) = double_divide(double_divide(X3,double_divide(X0,double_divide(X1,X2))),double_divide(identity,double_divide(X1,identity))) [forward demodulation 104210,31095]
104596. double_divide(X3,double_divide(X0,double_divide(X1,X2))) = double_divide(identity,double_divide(identity,double_divide(double_divide(X0,double_divide(X3,X2)),X1))) [forward demodulation 104425,9952]
104614. double_divide(X0,double_divide(X3,X2)) = double_divide(double_divide(identity,double_divide(identity,X1)),double_divide(X3,double_divide(X0,double_divide(X1,X2)))) [forward demodulation 104445,17383]
104724. double_divide(X3,double_divide(X0,double_divide(X1,X2))) = double_divide(double_divide(X0,double_divide(X3,X2)),X1) [forward demodulation 104596,835]
104738. double_divide(X0,double_divide(X3,X2)) = double_divide(identity,double_divide(identity,double_divide(double_divide(X3,double_divide(X0,double_divide(X1,X2))),X1))) [forward demodulation 104614,51523]
104827. double_divide(X0,double_divide(X3,X2)) = double_divide(double_divide(X3,double_divide(X0,double_divide(X1,X2))),X1) [forward demodulation 104738,835]
104902. double_divide(X0,double_divide(X3,X2)) = double_divide(X1,double_divide(X3,double_divide(X0,double_divide(X1,X2)))) [forward demodulation 104827,858]
120101. double_divide(double_divide(X2,X3),double_divide(X1,X0)) = double_divide(identity,double_divide(X1,double_divide(double_divide(X0,X2),double_divide(X3,identity)))) [superposition 9833,6469]
120786. double_divide(double_divide(X2,X3),double_divide(X1,X0)) = double_divide(double_divide(X0,X2),double_divide(X3,X1)) [forward demodulation 120101,49979]
186758. double_divide(double_divide(identity,X1),double_divide(X2,X0)) = double_divide(identity,double_divide(X2,double_divide(double_divide(identity,X0),double_divide(X1,identity)))) [superposition 925,1609]
187501. double_divide(double_divide(identity,X0),double_divide(X1,X2)) = double_divide(double_divide(identity,X1),double_divide(X2,X0)) [forward demodulation 186758,49979]
792895. double_divide(X3,double_divide(double_divide(X2,double_divide(X1,X0)),X4)) = double_divide(identity,double_divide(X4,double_divide(X3,double_divide(identity,double_divide(double_divide(X0,X1),X2))))) [superposition 35067,10183]
794870. double_divide(X3,double_divide(X4,double_divide(double_divide(X0,X1),X2))) = double_divide(X3,double_divide(double_divide(X2,double_divide(X1,X0)),X4)) [forward demodulation 792895,104902]
795580. double_divide(X3,double_divide(X4,double_divide(double_divide(X0,X1),X2))) = double_divide(X3,double_divide(X1,double_divide(X2,double_divide(X4,X0)))) [forward demodulation 794870,104724]
902709. double_divide(double_divide(X4,X3),double_divide(X0,X1)) = double_divide(double_divide(double_divide(double_divide(double_divide(identity,X2),X1),double_divide(X2,X0)),X3),double_divide(X4,identity)) [superposition 46248,6645]
904832. double_divide(double_divide(X4,X3),double_divide(X0,X1)) = double_divide(double_divide(X3,identity),double_divide(X4,double_divide(double_divide(double_divide(identity,X2),X1),double_divide(X2,X0)))) [forward demodulation 902709,92115]
906327. double_divide(double_divide(X4,X3),double_divide(X0,X1)) = double_divide(double_divide(X3,identity),double_divide(X4,double_divide(double_divide(X1,X2),double_divide(X0,double_divide(identity,X2))))) [forward demodulation 904832,120786]
907658. double_divide(double_divide(X4,X3),double_divide(X0,X1)) = double_divide(identity,double_divide(double_divide(double_divide(X3,identity),double_divide(double_divide(double_divide(X1,X2),X2),X0)),X4)) [forward demodulation 906327,53577]
908827. double_divide(double_divide(X4,X3),double_divide(X0,X1)) = double_divide(identity,double_divide(double_divide(double_divide(X1,X2),X2),double_divide(double_divide(X3,identity),double_divide(X4,X0)))) [forward demodulation 907658,104724]
909826. double_divide(double_divide(X4,X3),double_divide(X0,X1)) = double_divide(identity,double_divide(double_divide(X2,double_divide(X1,X2)),double_divide(double_divide(X3,identity),double_divide(X4,X0)))) [forward demodulation 908827,26248]
910648. double_divide(double_divide(X4,X3),double_divide(X0,X1)) = double_divide(identity,double_divide(identity,double_divide(double_divide(X4,X0),double_divide(double_divide(X2,double_divide(X1,X2)),X3)))) [forward demodulation 909826,795580]
911320. double_divide(double_divide(X4,X3),double_divide(X0,X1)) = double_divide(double_divide(X4,X0),double_divide(double_divide(X2,double_divide(X1,X2)),X3)) [forward demodulation 910648,835]
911865. double_divide(double_divide(X4,X3),double_divide(X0,X1)) = double_divide(double_divide(X4,X0),double_divide(X1,double_divide(X2,double_divide(X3,X2)))) [forward demodulation 911320,104724]
912296. double_divide(double_divide(X4,X3),double_divide(X0,X1)) = double_divide(double_divide(X4,X0),double_divide(X1,X3)) [forward demodulation 911865,738]
2773943. double_divide(double_divide(identity,a3),double_divide(b3,c3)) != double_divide(double_divide(identity,b3),double_divide(c3,a3)) <- (~2) [superposition 2933,187501]
2774982. $false <- (~2) [forward subsumption resolution 2773943,912296]
2774983. 2 [avatar contradiction clause 2774982]
2780678. $false <- (~3) [forward subsumption resolution 20,60]
2780679. 3 [avatar contradiction clause 2780678]
2780690. identity != double_divide(identity,double_divide(a1,double_divide(a1,identity))) <- (~4) [forward demodulation 24,101]
2780691. identity != double_divide(identity,double_divide(a1,double_divide(identity,a1))) <- (~4) [forward demodulation 2780690,13347]
2780692. $false <- (~4) [forward subsumption resolution 2780691,700]
2780693. 4 [avatar contradiction clause 2780692]
s1. ~4 | ~3 | ~2 | ~1 [sat_conversion 25]
s2. 1 [sat_conversion 2845]
s4. 2 [sat_conversion 2774983]
s5. 3 [sat_conversion 2780679]
s6. 4 [sat_conversion 2780693]
s7. # [rat s1,s2,s4,s5,s6]
2780694. $false [avatar sat refutation s7]
% SZS output end Proof for GRP099-1
% ------------------------------
% Version: Vampire 5.0.0 (Release build, commit 2e2c9b7b8 on 2026-01-17 12:24:14 +0100)
% Linked with Z3 4.14.0.0 3c47fd96cf5645d0c42b2c819d9e9a84380aa721 z3-4.8.4-9178-g3c47fd96c
% CaDiCaL version: 2.1.3
% Termination reason: Refutation
% Time elapsed: 32.719 s
% Peak memory usage: 473 MB
% Instructions burned: 123141 (million)
% ------------------------------
% ------------------------------
