% Running in auto input_syntax mode. Trying TPTP
% Refutation found. Thanks to Tanya!
% SZS status Unsatisfiable for GRP748-3_clausified
% SZS output start Proof for GRP748-3_clausified
1. mult(X0,ld(X0,X1)) = X1 [input(axiom)]
2. ld(X0,mult(X0,X1)) = X1 [input(axiom)]
6. mult(unit,X0) = X0 [input(axiom)]
7. mult(mult(mult(X0,X1),X2),X1) = mult(X0,mult(mult(X1,X2),X1)) [input(axiom)]
8. mult(mult(X0,X1),i(X1)) = X0 [input(axiom)]
9. unit = mult(X0,i(X0)) [input(axiom)]
10. unit = mult(i(X0),X0) [input(axiom)]
11. mult(i(X0),mult(X0,X1)) = X1 | mult(X0,X1) = mult(X1,X0) [input(axiom)]
12. mult(a,mult(b,mult(c,b))) != mult(mult(mult(a,b),c),b) [input(negated conjecture)]
23. i(X0) = ld(X0,unit) [superposition 2,9]
25. ld(i(X0),unit) = X0 [superposition 2,10]
59. i(i(X0)) = X0 [superposition 25,23]
70. mult(i(X0),mult(mult(X0,X1),X0)) = mult(mult(unit,X1),X0) [superposition 7,10]
79. mult(a,mult(b,mult(c,b))) != mult(a,mult(mult(b,c),b)) [superposition 12,7]
91. mult(X1,X0) = mult(i(X0),mult(mult(X0,X1),X0)) [forward demodulation 70,6]
112. mult(ld(X1,X0),X1) = X0 | ld(X1,X0) = mult(i(X1),X0) [superposition 11,1]
122. mult(X1,X0) = ld(i(X1),X0) | mult(X0,X1) = mult(X1,X0) [superposition 2,11]
1120. ld(X1,X0) = mult(X0,i(X1)) | ld(X1,X0) = mult(i(X1),X0) [superposition 8,112]
1352. mult(X1,mult(i(X1),X0)) = mult(mult(i(X1),X0),X1) | mult(X1,mult(i(X1),X0)) = X0 [superposition 122,2]
128305. mult(i(X0),mult(i(i(X0)),X1)) = ld(X0,mult(i(i(X0)),X1)) | mult(i(X0),mult(i(i(X0)),X1)) = X1 | mult(i(X0),mult(i(i(X0)),X1)) = ld(X0,mult(i(i(X0)),X1)) [superposition 1352,1120]
128537. mult(i(X0),mult(i(i(X0)),X1)) = ld(X0,mult(i(i(X0)),X1)) | mult(i(X0),mult(i(i(X0)),X1)) = X1 [duplicate literal removal 128305]
128644. ld(X0,mult(X0,X1)) = mult(i(X0),mult(X0,X1)) | mult(i(X0),mult(i(i(X0)),X1)) = X1 [forward demodulation 128537,59]
128645. mult(i(X0),mult(X0,X1)) = X1 | mult(i(X0),mult(i(i(X0)),X1)) = X1 [forward demodulation 128644,2]
128646. mult(i(X0),mult(X0,X1)) = X1 | mult(i(X0),mult(X0,X1)) = X1 [forward demodulation 128645,59]
128647. mult(i(X0),mult(X0,X1)) = X1 [duplicate literal removal 128646]
129324. mult(mult(X1,X0),X1) = mult(i(i(X1)),mult(X0,X1)) [superposition 128647,91]
142175. mult(X1,mult(X0,X1)) = mult(mult(X1,X0),X1) [forward demodulation 129324,59]
145660. mult(a,mult(b,mult(c,b))) != mult(a,mult(b,mult(c,b))) [backward demodulation 79,142175]
145661. $false [trivial inequality removal 145660]
% SZS output end Proof for GRP748-3_clausified
% ------------------------------
% Version: Vampire 4.9 (Release build, commit 0accf6da4 on 2024-12-10 11:55:58 +0000)
% Termination reason: Refutation

% Time elapsed: 3.748 s
% Instructions burned: 11146 (million)
% ------------------------------
% ------------------------------
