% Running in auto input_syntax mode. Trying TPTP
% Refutation found. Thanks to Tanya!
% SZS status Unsatisfiable for GRP028-4
% SZS output start Proof for GRP028-4
1. ~product(X1,X3,X4) | ~product(X0,X1,X2) | ~product(X0,X4,X5) | product(X2,X3,X5) [input(axiom)]
3. product(left_solution(X0,X1),X0,X1) [input(assumption)]
4. product(X0,right_solution(X0,X1),X1) [input(assumption)]
5. ~product(not_identity(X0),X0,not_identity(X0)) [input(negated conjecture)]
7. ~product(X0,X3,X4) | ~product(X0,X1,X2) | product(X2,right_solution(X1,X3),X4) [resolution 1,4]
11. ~product(left_solution(X0,X1),X2,X3) | product(X3,right_solution(X2,X0),X1) [resolution 7,3]
13. product(X0,right_solution(X1,X1),X0) [resolution 11,3]
17. $false [resolution 13,5]
% SZS output end Proof for GRP028-4
% ------------------------------
% Version: Vampire 5.0.0 (Release build, commit 2e2c9b7b8 on 2026-01-17 12:24:14 +0100)
% Linked with Z3 4.14.0.0 3c47fd96cf5645d0c42b2c819d9e9a84380aa721 z3-4.8.4-9178-g3c47fd96c
% CaDiCaL version: 2.1.3
% Termination reason: Refutation
% Time elapsed: 0.001 s
% Peak memory usage: 61 MB
% Instructions burned: 1 (million)
% ------------------------------
% ------------------------------
