% Running in auto input_syntax mode. Trying TPTP
% Refutation found. Thanks to Tanya!
% SZS status Unsatisfiable for GRP547-1_clausified
% SZS output start Proof for GRP547-1_clausified
1. divide(divide(identity,divide(X0,X1)),divide(divide(X1,X2),X0)) = X2 [input(axiom)]
2. identity = divide(X0,X0) [input(axiom)]
3. divide(divide(a3,divide(identity,b3)),divide(identity,c3)) != divide(a3,divide(identity,divide(b3,divide(identity,c3)))) [input(negated conjecture)]
4. divide(divide(identity,identity),divide(divide(X0,X1),X0)) = X1 [superposition 1,2]
6. divide(divide(identity,divide(X0,X1)),divide(identity,X0)) = X1 [superposition 1,2]
7. divide(divide(X3,X0),X2) = divide(divide(identity,divide(X1,divide(identity,divide(X2,X3)))),divide(X0,X1)) [superposition 1,1]
8. divide(X2,X1) = divide(divide(identity,divide(divide(divide(X1,X0),X2),identity)),X0) [superposition 1,1]
9. divide(divide(identity,divide(divide(X0,X1),X0)),identity) = X1 [superposition 1,2]
10. divide(identity,divide(divide(X0,X1),X0)) = X1 [forward demodulation 4,2]
11. divide(identity,divide(identity,X0)) = X0 [superposition 10,2]
12. divide(divide(X2,X0),X1) = divide(identity,divide(X0,divide(identity,divide(X1,X2)))) [superposition 10,1]
13. divide(divide(X1,X0),X1) = divide(identity,divide(X0,identity)) [superposition 10,10]
17. divide(identity,X0) = divide(divide(X1,X0),X1) [superposition 11,10]
20. divide(identity,X0) = divide(identity,divide(X0,identity)) [superposition 10,11]
24. divide(divide(X2,X0),X1) = divide(divide(identity,X0),divide(identity,divide(identity,divide(X1,X2)))) [superposition 6,1]
28. divide(X0,divide(identity,divide(X1,X0))) = X1 [superposition 6,10]
29. divide(X0,divide(identity,identity)) = X0 [superposition 6,11]
41. divide(X0,identity) = X0 [forward demodulation 29,2]
45. divide(divide(X2,X0),X1) = divide(divide(identity,X0),divide(X1,X2)) [forward demodulation 24,11]
114. divide(identity,divide(X0,X1)) = divide(divide(identity,X0),divide(identity,X1)) [superposition 6,28]
115. divide(identity,divide(X0,X2)) = divide(divide(identity,divide(X1,X2)),divide(X0,X1)) [superposition 1,28]
126. divide(identity,divide(X0,X2)) = divide(divide(X1,divide(X1,X2)),X0) [forward demodulation 115,45]
127. divide(identity,divide(X0,X1)) = divide(divide(X1,X0),identity) [forward demodulation 114,45]
134. divide(identity,divide(X0,X1)) = divide(X1,X0) [forward demodulation 127,41]
139. divide(X1,divide(identity,divide(X2,X3))) = divide(divide(identity,divide(divide(X0,X1),identity)),divide(divide(X3,X0),X2)) [superposition 8,1]
142. divide(X2,divide(identity,divide(divide(divide(X1,X3),X0),identity))) = divide(divide(identity,divide(divide(divide(X0,X1),X2),identity)),X3) [superposition 8,8]
162. divide(identity,divide(divide(divide(X1,X2),X0),identity)) = divide(X2,divide(identity,divide(X0,X1))) [superposition 28,8]
165. divide(identity,divide(divide(divide(X1,X2),X0),identity)) = divide(X2,divide(X1,X0)) [forward demodulation 162,134]
184. divide(X2,divide(identity,divide(divide(divide(X1,X3),X0),identity))) = divide(divide(identity,divide(divide(X0,X1),X2)),X3) [forward demodulation 142,20]
187. divide(X1,divide(identity,divide(X2,X3))) = divide(divide(X2,divide(divide(X0,X1),identity)),divide(X3,X0)) [forward demodulation 139,45]
191. divide(X2,divide(X1,X0)) = divide(identity,divide(divide(X1,X2),X0)) [forward demodulation 165,20]
205. divide(X2,divide(identity,divide(divide(divide(X1,X3),X0),identity))) = divide(divide(X2,divide(X0,X1)),X3) [forward demodulation 184,134]
208. divide(X1,divide(identity,divide(X2,X3))) = divide(divide(X2,divide(X0,X1)),divide(X3,X0)) [forward demodulation 187,41]
211. divide(X0,divide(X1,X2)) = divide(X2,divide(X1,X0)) [forward demodulation 191,134]
219. divide(divide(X2,divide(X0,X1)),X3) = divide(X2,divide(identity,divide(divide(X1,X3),X0))) [forward demodulation 205,20]
222. divide(divide(X2,divide(X0,X1)),divide(X3,X0)) = divide(X1,divide(X3,X2)) [forward demodulation 208,134]
228. divide(divide(X2,divide(X0,X1)),X3) = divide(X2,divide(X0,divide(X1,X3))) [forward demodulation 219,134]
230. divide(X1,divide(X3,X2)) = divide(X0,divide(X3,divide(X2,divide(X0,X1)))) [forward demodulation 222,211]
673. divide(X1,divide(X2,X0)) = divide(divide(identity,divide(divide(divide(identity,X0),X1),identity)),X2) [superposition 8,17]
681. divide(X1,divide(X2,X0)) = divide(identity,divide(divide(divide(identity,X0),X1),divide(identity,X2))) [forward demodulation 673,228]
702. divide(X1,divide(X2,X0)) = divide(divide(identity,X2),divide(divide(identity,X0),X1)) [forward demodulation 681,134]
718. divide(X1,divide(X2,X0)) = divide(divide(X1,X2),divide(identity,X0)) [forward demodulation 702,45]
776. divide(divide(X3,divide(identity,divide(X4,divide(identity,divide(X2,X0))))),X5) = divide(divide(identity,divide(divide(X1,X4),divide(identity,divide(X5,X3)))),divide(divide(X0,X1),X2)) [superposition 7,7]
777. divide(divide(X1,divide(identity,divide(divide(X2,X0),X2))),X3) = divide(divide(identity,divide(identity,divide(identity,divide(X3,X1)))),X0) [superposition 7,9]
832. divide(divide(X1,divide(identity,divide(divide(X2,X0),X2))),X3) = divide(identity,divide(X0,divide(identity,divide(X3,X1)))) [forward demodulation 777,126]
833. divide(divide(X3,divide(identity,divide(X4,divide(identity,divide(X2,X0))))),X5) = divide(divide(X2,divide(divide(X1,X4),divide(identity,divide(X5,X3)))),divide(X0,X1)) [forward demodulation 776,45]
892. divide(divide(X1,divide(identity,divide(divide(X2,X0),X2))),X3) = divide(divide(X1,X0),X3) [forward demodulation 832,12]
893. divide(divide(X3,divide(identity,divide(X4,divide(identity,divide(X2,X0))))),X5) = divide(X1,divide(X0,divide(X2,divide(divide(X1,X4),divide(identity,divide(X5,X3)))))) [forward demodulation 833,211]
944. divide(divide(X1,X0),X3) = divide(X1,divide(identity,divide(divide(divide(X2,X0),X2),X3))) [forward demodulation 892,228]
945. divide(divide(X3,divide(identity,divide(X4,divide(identity,divide(X2,X0))))),X5) = divide(X1,divide(X0,divide(X2,divide(X1,divide(X4,divide(X5,X3)))))) [forward demodulation 893,718]
993. divide(divide(X1,X0),X3) = divide(X1,divide(X3,divide(divide(X2,X0),X2))) [forward demodulation 944,134]
994. divide(divide(X3,divide(identity,divide(X4,divide(identity,divide(X2,X0))))),X5) = divide(divide(X4,divide(X5,X3)),divide(X0,X2)) [forward demodulation 945,230]
1031. divide(divide(X1,X0),X3) = divide(X1,divide(X3,divide(identity,divide(X0,identity)))) [forward demodulation 993,13]
1032. divide(divide(X3,divide(identity,divide(X4,divide(identity,divide(X2,X0))))),X5) = divide(X4,divide(X5,divide(X3,divide(X0,X2)))) [forward demodulation 994,228]
1066. divide(divide(X1,X0),X3) = divide(X1,divide(X3,divide(identity,X0))) [forward demodulation 1031,20]
1067. divide(X4,divide(X5,divide(X3,divide(X0,X2)))) = divide(X3,divide(identity,divide(divide(X4,divide(identity,divide(X2,X0))),X5))) [forward demodulation 1032,228]
1092. divide(X4,divide(X5,divide(X3,divide(X0,X2)))) = divide(X3,divide(X5,divide(X4,divide(identity,divide(X2,X0))))) [forward demodulation 1067,134]
1112. divide(X4,divide(X5,divide(X3,divide(X0,X2)))) = divide(X3,divide(divide(X5,divide(X2,X0)),X4)) [forward demodulation 1092,1066]
1127. divide(X4,divide(X5,divide(X3,divide(X0,X2)))) = divide(X3,divide(X5,divide(X2,divide(X0,X4)))) [forward demodulation 1112,228]
4721. divide(a3,divide(identity,divide(b3,divide(identity,c3)))) != divide(c3,divide(identity,divide(a3,divide(identity,b3)))) [superposition 3,211]
4754. $false [forward subsumption resolution 4721,1127]
% SZS output end Proof for GRP547-1_clausified
% ------------------------------
% Version: Vampire 5.0.0 (Release build, commit 2e2c9b7b8 on 2026-01-17 12:24:14 +0100)
% Linked with Z3 4.14.0.0 3c47fd96cf5645d0c42b2c819d9e9a84380aa721 z3-4.8.4-9178-g3c47fd96c
% CaDiCaL version: 2.1.3
% Termination reason: Refutation
% Time elapsed: 0.042 s
% Peak memory usage: 58 MB
% Instructions burned: 132 (million)
% ------------------------------
% ------------------------------
