% Running in auto input_syntax mode. Trying TPTP
% Refutation found. Thanks to Tanya!
% SZS status Unsatisfiable for GRP767-1
% SZS output start Proof for GRP767-1
1. product(X0,one) = X0 [input(axiom)]
2. product(one,X0) = X0 [input(axiom)]
3. product(X0,difference(X0,X1)) = X1 [input(axiom)]
4. difference(X0,product(X0,X1)) = X1 [input(axiom)]
5. quotient(product(X0,X1),X1) = X0 [input(axiom)]
6. product(quotient(X0,X1),X1) = X0 [input(axiom)]
7. difference(X0,product(product(X0,X1),X2)) = quotient(product(X1,product(X2,X0)),X0) [input(axiom)]
8. difference(product(X0,X1),product(X0,product(X1,X2))) = quotient(quotient(product(X2,product(X0,X1)),X1),X0) [input(axiom)]
9. i(X0) = difference(X0,one) [input(axiom)]
10. j(X0) = quotient(one,X0) [input(axiom)]
11. product(i(X0),X0) = product(X0,j(X0)) [input(axiom)]
12. eta(X0) = product(i(X0),X0) [input(axiom)]
13. product(i(X0),X0) = eta(X0) [reorient equations 12]
14. product(i(i(X0)),X1) = product(eta(X0),product(X0,X1)) [input(axiom)]
15. product(X0,product(eta(X0),X1)) = product(j(j(X0)),X1) [input(axiom)]
16. product(X0,product(X1,eta(X0))) = product(product(X0,X1),eta(X0)) [input(axiom)]
17. product(eta(X0),product(X1,X2)) = product(product(eta(X0),X1),X2) [input(axiom)]
23. product(j(j(x0)),j(product(x1,x0))) != j(x1) [input(negated conjecture)]
24. eta(X0) = product(difference(X0,one),X0) [definition unfolding 13,9]
25. product(difference(X0,one),X0) = product(X0,quotient(one,X0)) [definition unfolding 11,9,10]
26. product(difference(difference(X0,one),one),X1) = product(product(difference(X0,one),X0),product(X0,X1)) [definition unfolding 14,9,9,24]
27. product(X0,product(product(difference(X0,one),X0),X1)) = product(quotient(one,quotient(one,X0)),X1) [definition unfolding 15,24,10,10]
28. product(X0,product(X1,product(difference(X0,one),X0))) = product(product(X0,X1),product(difference(X0,one),X0)) [definition unfolding 16,24,24]
29. product(product(difference(X0,one),X0),product(X1,X2)) = product(product(product(difference(X0,one),X0),X1),X2) [definition unfolding 17,24,24]
32. product(quotient(one,quotient(one,x0)),quotient(one,product(x1,x0))) != quotient(one,x1) [definition unfolding 23,10,10,10,10]
36. one = difference(X0,X0) [superposition 4,1]
42. quotient(X0,difference(X1,X0)) = X1 [superposition 5,3]
49. difference(quotient(X0,X1),X0) = X1 [superposition 4,6]
55. difference(X0,one) = quotient(product(X0,quotient(one,X0)),X0) [superposition 5,25]
73. difference(X1,product(product(X1,X2),quotient(X0,X1))) = quotient(product(X2,X0),X1) [superposition 7,6]
76. quotient(X0,X1) = difference(X1,product(product(X1,quotient(X0,product(X2,X1))),X2)) [superposition 7,6]
78. product(X1,product(X2,X0)) = product(difference(X0,product(product(X0,X1),X2)),X0) [superposition 6,7]
95. product(X0,quotient(one,X0)) = product(quotient(one,X0),quotient(one,quotient(one,X0))) [superposition 25,49]
99. product(difference(difference(X0,one),one),X1) = product(product(X0,quotient(one,X0)),product(X0,X1)) [superposition 26,25]
101. product(difference(difference(X0,one),one),one) = product(product(difference(X0,one),X0),X0) [superposition 26,1]
102. product(difference(difference(X1,one),one),difference(X1,X0)) = product(product(difference(X1,one),X1),X0) [superposition 26,3]
108. difference(product(X0,X1),product(product(product(X0,X1),X2),product(difference(X0,one),X0))) = quotient(product(X2,product(difference(difference(X0,one),one),X1)),product(X0,X1)) [superposition 7,26]
113. quotient(product(X2,product(difference(difference(X0,one),one),X1)),product(X0,X1)) = difference(product(X0,X1),product(product(product(X0,X1),X2),product(X0,quotient(one,X0)))) [forward demodulation 108,25]
119. product(difference(difference(X1,one),one),difference(X1,X0)) = product(product(X1,quotient(one,X1)),X0) [forward demodulation 102,25]
120. product(difference(difference(X0,one),one),one) = product(product(X0,quotient(one,X0)),X0) [forward demodulation 101,25]
128. difference(difference(X0,one),one) = product(product(X0,quotient(one,X0)),X0) [forward demodulation 120,1]
138. difference(difference(X0,one),one) = quotient(product(difference(X0,one),X0),difference(X0,one)) [superposition 55,42]
147. difference(difference(X0,one),one) = quotient(product(X0,quotient(one,X0)),difference(X0,one)) [forward demodulation 138,25]
160. product(X1,X0) = product(quotient(one,quotient(one,X1)),difference(product(difference(X1,one),X1),X0)) [superposition 27,3]
177. product(X1,X0) = product(quotient(one,quotient(one,X1)),difference(product(X1,quotient(one,X1)),X0)) [forward demodulation 160,25]
220. difference(product(difference(difference(X0,one),one),X1),product(product(difference(X0,one),X0),product(product(X0,X1),X2))) = quotient(quotient(product(X2,product(difference(difference(X0,one),one),X1)),product(X0,X1)),product(difference(X0,one),X0)) [superposition 8,26]
244. difference(product(difference(difference(X0,one),one),X1),product(product(X0,quotient(one,X0)),product(product(X0,X1),X2))) = quotient(quotient(product(X2,product(difference(difference(X0,one),one),X1)),product(X0,X1)),product(X0,quotient(one,X0))) [forward demodulation 220,25]
396. product(product(product(X0,quotient(one,X0)),X1),X2) = product(product(X0,quotient(one,X0)),product(X1,X2)) [superposition 29,25]
398. product(product(difference(X0,one),X0),product(product(X0,X1),X2)) = product(product(difference(difference(X0,one),one),X1),X2) [superposition 29,26]
414. product(product(difference(X0,one),X0),X1) = quotient(product(product(difference(X0,one),X0),product(X1,X2)),X2) [superposition 5,29]
436. product(product(difference(X0,one),X0),X1) = difference(X2,product(product(X2,product(difference(X0,one),X0)),X1)) [forward demodulation 414,7]
449. product(product(X0,quotient(one,X0)),product(product(X0,X1),X2)) = product(product(difference(difference(X0,one),one),X1),X2) [forward demodulation 398,25]
458. product(product(X0,quotient(one,X0)),X1) = difference(X2,product(product(X2,product(X0,quotient(one,X0))),X1)) [forward demodulation 436,25]
827. quotient(product(difference(X1,X0),X2),X1) = difference(X1,product(X0,quotient(X2,X1))) [superposition 73,3]
926. product(product(X1,quotient(X0,product(X2,X1))),X2) = product(X1,quotient(X0,X1)) [superposition 3,76]
1033. product(difference(X1,X0),product(X2,X1)) = product(difference(X1,product(X0,X2)),X1) [superposition 78,3]
1048. product(X1,product(product(difference(X0,one),X0),X0)) = product(difference(X0,product(X0,product(X1,product(difference(X0,one),X0)))),X0) [superposition 78,28]
1050. product(X1,product(X2,product(difference(X0,one),X0))) = product(difference(product(difference(X0,one),X0),product(product(difference(X0,one),X0),product(X1,X2))),product(difference(X0,one),X0)) [superposition 78,29]
1084. product(X1,product(X2,product(X0,quotient(one,X0)))) = product(difference(product(X0,quotient(one,X0)),product(product(X0,quotient(one,X0)),product(X1,X2))),product(X0,quotient(one,X0))) [forward demodulation 1050,25]
1085. product(product(X1,product(difference(X0,one),X0)),X0) = product(X1,product(product(difference(X0,one),X0),X0)) [forward demodulation 1048,4]
1099. product(X1,product(X2,product(X0,quotient(one,X0)))) = product(difference(product(X0,quotient(one,X0)),product(X0,quotient(one,X0))),product(product(X1,X2),product(X0,quotient(one,X0)))) [forward demodulation 1084,1033]
1100. product(product(X1,product(X0,quotient(one,X0))),X0) = product(X1,product(product(X0,quotient(one,X0)),X0)) [forward demodulation 1085,25]
1108. product(X1,product(X2,product(X0,quotient(one,X0)))) = product(one,product(product(X1,X2),product(X0,quotient(one,X0)))) [forward demodulation 1099,36]
1109. product(product(X1,product(X0,quotient(one,X0))),X0) = product(X1,difference(difference(X0,one),one)) [forward demodulation 1100,128]
1113. product(X1,product(X2,product(X0,quotient(one,X0)))) = product(product(X1,X2),product(X0,quotient(one,X0))) [forward demodulation 1108,2]
1517. product(quotient(one,quotient(one,difference(X0,one))),X1) = product(difference(X0,one),product(product(product(X0,quotient(one,X0)),one),X1)) [superposition 27,119]
1547. product(quotient(one,quotient(one,difference(X0,one))),X1) = product(difference(X0,one),product(product(X0,quotient(one,X0)),product(one,X1))) [forward demodulation 1517,396]
1568. product(difference(X0,one),product(product(X0,quotient(one,X0)),X1)) = product(quotient(one,quotient(one,difference(X0,one))),X1) [forward demodulation 1547,2]
1579. product(quotient(one,X0),X1) = product(difference(X0,one),product(product(X0,quotient(one,X0)),X1)) [forward demodulation 1568,42]
2062. product(difference(difference(quotient(one,quotient(one,X0)),one),one),difference(product(X0,quotient(one,X0)),X1)) = product(product(quotient(one,quotient(one,X0)),quotient(one,quotient(one,quotient(one,X0)))),product(X0,X1)) [superposition 99,177]
2065. product(difference(difference(quotient(one,quotient(one,X0)),one),one),difference(product(X0,quotient(one,X0)),X1)) = product(product(quotient(one,X0),quotient(one,quotient(one,X0))),product(X0,X1)) [forward demodulation 2062,95]
2084. product(product(X0,quotient(one,X0)),product(X0,X1)) = product(difference(difference(quotient(one,quotient(one,X0)),one),one),difference(product(X0,quotient(one,X0)),X1)) [forward demodulation 2065,95]
2095. product(product(X0,quotient(one,X0)),product(X0,X1)) = product(difference(quotient(one,X0),one),difference(product(X0,quotient(one,X0)),X1)) [forward demodulation 2084,49]
2099. product(product(X0,quotient(one,X0)),product(X0,X1)) = product(X0,difference(product(X0,quotient(one,X0)),X1)) [forward demodulation 2095,49]
2102. product(difference(difference(X0,one),one),X1) = product(X0,difference(product(X0,quotient(one,X0)),X1)) [forward demodulation 2099,99]
8208. product(product(X2,product(X0,quotient(one,X0))),X1) = product(X2,product(product(X0,quotient(one,X0)),X1)) [superposition 3,458]
16042. quotient(product(X2,product(difference(difference(quotient(one,quotient(one,X0)),one),one),difference(product(X0,quotient(one,X0)),X1))),product(X0,X1)) = difference(product(X0,X1),product(product(product(X0,X1),X2),product(quotient(one,quotient(one,X0)),quotient(one,quotient(one,quotient(one,X0)))))) [superposition 113,177]
16168. quotient(product(X2,product(difference(difference(quotient(one,quotient(one,X0)),one),one),difference(product(X0,quotient(one,X0)),X1))),product(X0,X1)) = difference(product(X0,X1),product(product(X0,X1),product(X2,product(quotient(one,quotient(one,X0)),quotient(one,quotient(one,quotient(one,X0))))))) [forward demodulation 16042,1113]
16265. quotient(product(X2,product(difference(difference(quotient(one,quotient(one,X0)),one),one),difference(product(X0,quotient(one,X0)),X1))),product(X0,X1)) = product(X2,product(quotient(one,quotient(one,X0)),quotient(one,quotient(one,quotient(one,X0))))) [forward demodulation 16168,4]
16355. quotient(product(X2,product(difference(difference(quotient(one,quotient(one,X0)),one),one),difference(product(X0,quotient(one,X0)),X1))),product(X0,X1)) = product(X2,product(quotient(one,X0),quotient(one,quotient(one,X0)))) [forward demodulation 16265,95]
16432. product(X2,product(X0,quotient(one,X0))) = quotient(product(X2,product(difference(difference(quotient(one,quotient(one,X0)),one),one),difference(product(X0,quotient(one,X0)),X1))),product(X0,X1)) [forward demodulation 16355,95]
16499. product(X2,product(X0,quotient(one,X0))) = quotient(product(X2,product(difference(quotient(one,X0),one),difference(product(X0,quotient(one,X0)),X1))),product(X0,X1)) [forward demodulation 16432,49]
16558. product(X2,product(X0,quotient(one,X0))) = quotient(product(X2,product(X0,difference(product(X0,quotient(one,X0)),X1))),product(X0,X1)) [forward demodulation 16499,49]
16607. quotient(product(X2,product(difference(difference(X0,one),one),X1)),product(X0,X1)) = product(X2,product(X0,quotient(one,X0))) [forward demodulation 16558,2102]
59776. difference(X0,product(X1,quotient(one,X0))) = quotient(difference(X0,X1),X0) [superposition 827,1]
61854. difference(X1,X0) = quotient(difference(X1,quotient(X0,quotient(one,X1))),X1) [superposition 59776,6]
64314. product(difference(X0,X1),X0) = difference(X0,quotient(X1,quotient(one,X0))) [superposition 6,61854]
73483. quotient(X1,quotient(one,X0)) = product(X0,product(difference(X0,X1),X0)) [superposition 3,64314]
80675. quotient(product(X1,X0),quotient(one,X1)) = product(X1,product(X0,X1)) [superposition 73483,4]
88506. quotient(one,X0) = difference(product(X0,product(X1,X0)),product(X0,X1)) [superposition 49,80675]
117953. product(X0,quotient(X1,product(X2,X0))) = quotient(product(X0,quotient(X1,X0)),X2) [superposition 5,926]
119631. product(difference(X1,X0),X1) = product(difference(X1,one),product(X0,X1)) [superposition 1033,2]
120537. difference(product(X1,X0),product(X1,product(X0,difference(X0,one)))) = quotient(quotient(product(difference(X0,X1),X0),X0),X1) [superposition 8,119631]
120722. difference(product(X1,X0),product(X1,product(X0,difference(X0,one)))) = quotient(difference(X0,X1),X1) [forward demodulation 120537,5]
120927. quotient(difference(X0,X1),X1) = difference(product(X1,X0),product(X1,one)) [forward demodulation 120722,3]
121078. quotient(difference(X0,X1),X1) = difference(product(X1,X0),X1) [forward demodulation 120927,1]
122756. quotient(X0,X1) = difference(product(X1,quotient(X1,X0)),X1) [superposition 121078,49]
124486. quotient(product(X0,quotient(one,X0)),quotient(product(X2,product(difference(difference(X0,one),one),X1)),product(X0,X1))) = difference(product(quotient(product(X2,product(difference(difference(X0,one),one),X1)),product(X0,X1)),difference(product(difference(difference(X0,one),one),X1),product(product(X0,quotient(one,X0)),product(product(X0,X1),X2)))),quotient(product(X2,product(difference(difference(X0,one),one),X1)),product(X0,X1))) [superposition 122756,244]
124510. quotient(X1,quotient(X0,X1)) = product(X1,quotient(X1,X0)) [superposition 42,122756]
124672. quotient(product(X0,quotient(one,X0)),product(X2,product(X0,quotient(one,X0)))) = difference(product(product(X2,product(X0,quotient(one,X0))),difference(product(difference(difference(X0,one),one),X1),product(product(X0,quotient(one,X0)),product(product(X0,X1),X2)))),product(X2,product(X0,quotient(one,X0)))) [forward demodulation 124486,16607]
124796. quotient(product(X0,quotient(one,X0)),product(X2,product(X0,quotient(one,X0)))) = difference(product(X2,product(product(X0,quotient(one,X0)),difference(product(difference(difference(X0,one),one),X1),product(product(X0,quotient(one,X0)),product(product(X0,X1),X2))))),product(X2,product(X0,quotient(one,X0)))) [forward demodulation 124672,8208]
124878. quotient(product(X0,quotient(one,X0)),product(X2,product(X0,quotient(one,X0)))) = difference(product(X2,product(product(X0,quotient(one,X0)),difference(product(difference(difference(X0,one),one),X1),product(product(difference(difference(X0,one),one),X1),X2)))),product(X2,product(X0,quotient(one,X0)))) [forward demodulation 124796,449]
124909. quotient(product(X0,quotient(one,X0)),product(X2,product(X0,quotient(one,X0)))) = difference(product(X2,product(product(X0,quotient(one,X0)),X2)),product(X2,product(X0,quotient(one,X0)))) [forward demodulation 124878,4]
124929. quotient(one,X2) = quotient(product(X0,quotient(one,X0)),product(X2,product(X0,quotient(one,X0)))) [forward demodulation 124909,88506]
124945. quotient(one,X2) = product(X0,quotient(one,product(product(X2,product(X0,quotient(one,X0))),X0))) [forward demodulation 124929,117953]
124955. quotient(one,X2) = product(X0,quotient(one,product(X2,difference(difference(X0,one),one)))) [forward demodulation 124945,1109]
128235. quotient(X1,X0) = product(X1,quotient(X1,product(X0,X1))) [superposition 124510,5]
153774. product(quotient(one,X0),quotient(product(X0,quotient(one,X0)),product(X1,product(X0,quotient(one,X0))))) = product(difference(X0,one),quotient(product(X0,quotient(one,X0)),X1)) [superposition 1579,128235]
153867. product(quotient(one,X0),quotient(product(X0,quotient(one,X0)),product(X1,product(X0,quotient(one,X0))))) = product(difference(X0,one),product(X0,quotient(one,product(X1,X0)))) [forward demodulation 153774,117953]
153963. product(difference(X0,one),product(X0,quotient(one,product(X1,X0)))) = product(quotient(one,X0),product(X0,quotient(one,product(product(X1,product(X0,quotient(one,X0))),X0)))) [forward demodulation 153867,117953]
154035. product(difference(X0,one),product(X0,quotient(one,product(X1,X0)))) = product(quotient(one,X0),product(X0,quotient(one,product(X1,difference(difference(X0,one),one))))) [forward demodulation 153963,1109]
154091. product(difference(X0,one),product(X0,quotient(one,product(X1,X0)))) = product(quotient(one,X0),quotient(one,X1)) [forward demodulation 154035,124955]
166135. product(difference(X0,one),quotient(product(X0,quotient(one,X0)),product(X1,difference(X0,one)))) = quotient(product(difference(X0,one),difference(difference(X0,one),one)),X1) [superposition 117953,147]
166358. quotient(one,X1) = product(difference(X0,one),quotient(product(X0,quotient(one,X0)),product(X1,difference(X0,one)))) [forward demodulation 166135,3]
166416. quotient(one,X1) = product(difference(X0,one),product(X0,quotient(one,product(product(X1,difference(X0,one)),X0)))) [forward demodulation 166358,117953]
166443. quotient(one,X1) = product(quotient(one,X0),quotient(one,product(X1,difference(X0,one)))) [forward demodulation 166416,154091]
185370. product(quotient(one,X1),quotient(one,X0)) = quotient(one,quotient(X0,difference(X1,one))) [superposition 166443,6]
217795. quotient(one,quotient(X1,X0)) = product(quotient(one,quotient(one,X0)),quotient(one,X1)) [superposition 185370,49]
255818. quotient(one,x1) != quotient(one,quotient(product(x1,x0),x0)) [superposition 32,217795]
255916. quotient(one,x1) != quotient(one,x1) [forward demodulation 255818,5]
255917. $false [trivial inequality removal 255916]
% SZS output end Proof for GRP767-1
% ------------------------------
% Version: Vampire 5.0.0 (Release build, commit 2e2c9b7b8 on 2026-01-17 12:24:14 +0100)
% Linked with Z3 4.14.0.0 3c47fd96cf5645d0c42b2c819d9e9a84380aa721 z3-4.8.4-9178-g3c47fd96c
% CaDiCaL version: 2.1.3
% Termination reason: Refutation
% Time elapsed: 5.164 s
% Peak memory usage: 127 MB
% Instructions burned: 15845 (million)
% ------------------------------
% ------------------------------
