% Running in auto input_syntax mode. Trying TPTP
% Refutation found. Thanks to Tanya!
% SZS status Unsatisfiable for GRP124-1.004
% SZS output start Proof for GRP124-1.004
1. group_element(e_1) [input(axiom)]
2. group_element(e_2) [input(axiom)]
3. group_element(e_3) [input(axiom)]
4. group_element(e_4) [input(axiom)]
6. ~equalish(e_1,e_3) [input(axiom)]
9. ~equalish(e_2,e_3) [input(axiom)]
10. ~equalish(e_2,e_4) [input(axiom)]
12. ~equalish(e_3,e_2) [input(axiom)]
13. ~equalish(e_3,e_4) [input(axiom)]
14. ~equalish(e_4,e_1) [input(axiom)]
15. ~equalish(e_4,e_2) [input(axiom)]
16. ~equalish(e_4,e_3) [input(axiom)]
17. product(X0,X1,e_4) | ~group_element(X1) | product(X0,X1,e_1) | product(X0,X1,e_2) | product(X0,X1,e_3) | ~group_element(X0) [input(axiom)]
19. ~product(X0,X3,X2) | ~product(X0,X1,X2) | equalish(X1,X3) [input(axiom)]
20. ~product(X3,X1,X2) | ~product(X0,X1,X2) | equalish(X0,X3) [input(axiom)]
21. product(X0,X0,X0) [input(axiom)]
22. ~product(X5,X3,X4) | ~product(X3,X4,X2) | ~product(X5,X0,X1) | ~product(X0,X1,X2) | equalish(X0,X3) [input(negated conjecture)]
23. ~product(X5,X3,X4) | ~product(X3,X4,X2) | ~product(X5,X0,X1) | ~product(X0,X1,X2) | equalish(X1,X4) [input(negated conjecture)]
24. ~product(X2,X3,X1) | ~product(X0,X2,X3) | ~product(X0,X0,X1) | equalish(X3,X0) [resolution 21,23]
25. ~product(X2,X3,X1) | ~product(X0,X2,X3) | ~product(X0,X0,X1) | equalish(X2,X0) [resolution 21,22]
28. ~product(X0,X1,X0) | equalish(X1,X0) [resolution 19,21]
30. ~product(X0,X1,X1) | equalish(X0,X1) [resolution 20,21]
33. ~product(X1,X2,e_4) | product(X1,X0,e_1) | product(X1,X0,e_2) | product(X1,X0,e_3) | ~group_element(X1) | ~group_element(X0) | equalish(X2,X0) [resolution 17,19]
38. ~product(X2,X2,e_4) | product(X1,X0,e_1) | product(X1,X0,e_2) | product(X1,X0,e_3) | ~group_element(X1) | ~product(X2,X1,X0) | ~group_element(X0) | equalish(X1,X2) [resolution 17,25]
52. ~product(e_4,X0,X1) | product(X0,X1,e_2) | product(X0,X1,e_3) | ~group_element(X0) | product(X0,X1,e_1) | ~group_element(X1) | equalish(X0,e_4) [resolution 38,21]
56. equalish(X0,e_4) | ~group_element(X0) | product(e_4,X0,e_1) | product(e_4,X0,e_2) | product(e_4,X0,e_3) | ~group_element(e_4) [resolution 28,17]
57. product(e_4,X0,e_3) | ~group_element(X0) | product(e_4,X0,e_1) | product(e_4,X0,e_2) | equalish(X0,e_4) [forward subsumption resolution 56,4]
63. equalish(X0,e_4) | ~group_element(e_4) | product(X0,e_4,e_1) | product(X0,e_4,e_2) | product(X0,e_4,e_3) | ~group_element(X0) [resolution 30,17]
64. product(X0,e_4,e_3) | product(X0,e_4,e_1) | product(X0,e_4,e_2) | equalish(X0,e_4) | ~group_element(X0) [forward subsumption resolution 63,4]
75. product(e_4,X0,e_1) | product(e_4,X0,e_2) | product(e_4,X0,e_3) | ~group_element(e_4) | ~group_element(X0) | equalish(e_4,X0) [resolution 33,21]
78. product(e_4,X0,e_3) | product(e_4,X0,e_2) | product(e_4,X0,e_1) | ~group_element(X0) | equalish(e_4,X0) [forward subsumption resolution 75,4]
136. ~group_element(X0) | product(e_4,X0,e_1) | product(e_4,X0,e_2) | equalish(X0,e_4) | product(X0,e_3,e_2) | product(X0,e_3,e_3) | ~group_element(X0) | product(X0,e_3,e_1) | ~group_element(e_3) | equalish(X0,e_4) [resolution 57,52]
138. ~group_element(e_3) | product(e_4,e_3,e_1) | product(e_4,e_3,e_2) | equalish(e_3,e_4) | equalish(e_4,e_3) [resolution 57,30]
144. ~product(X1,e_4,X0) | product(e_4,X0,e_1) | product(e_4,X0,e_2) | equalish(X0,e_4) | ~group_element(X0) | ~product(X1,X1,e_3) | equalish(X0,X1) [resolution 57,24]
164. ~group_element(X0) | product(e_4,X0,e_1) | product(e_4,X0,e_2) | equalish(X0,e_4) | product(X0,e_3,e_2) | product(X0,e_3,e_3) | product(X0,e_3,e_1) | ~group_element(e_3) [duplicate literal removal 136]
168. product(e_4,e_3,e_1) | product(e_4,e_3,e_2) | equalish(e_3,e_4) | equalish(e_4,e_3) [forward subsumption resolution 138,3]
170. product(e_4,X0,e_2) | product(X0,e_3,e_3) | product(e_4,X0,e_1) | equalish(X0,e_4) | product(X0,e_3,e_2) | ~group_element(X0) | product(X0,e_3,e_1) [forward subsumption resolution 164,3]
174. product(e_4,e_3,e_1) | product(e_4,e_3,e_2) | equalish(e_4,e_3) [forward subsumption resolution 168,13]
176. product(e_4,e_3,e_1) | product(e_4,e_3,e_2) [forward subsumption resolution 174,16]
178. 1 <=> product(e_4,e_3,e_2) [avatar definition]
180. product(e_4,e_3,e_2) <- (1) [avatar component clause 178]
182. 2 <=> product(e_4,e_3,e_1) [avatar definition]
184. product(e_4,e_3,e_1) <- (2) [avatar component clause 182]
185. 1 | 2 [avatar split clause 176,182,178]
193. product(e_3,e_4,e_1) | product(e_3,e_4,e_2) | equalish(e_3,e_4) | ~group_element(e_3) | equalish(e_4,e_3) [resolution 64,28]
220. product(e_3,e_4,e_1) | product(e_3,e_4,e_2) | ~group_element(e_3) | equalish(e_4,e_3) [forward subsumption resolution 193,13]
223. product(e_3,e_4,e_1) | product(e_3,e_4,e_2) | equalish(e_4,e_3) [forward subsumption resolution 220,3]
224. product(e_3,e_4,e_1) | product(e_3,e_4,e_2) [forward subsumption resolution 223,16]
226. 3 <=> product(e_3,e_4,e_2) [avatar definition]
228. product(e_3,e_4,e_2) <- (3) [avatar component clause 226]
230. 4 <=> product(e_3,e_4,e_1) [avatar definition]
232. product(e_3,e_4,e_1) <- (4) [avatar component clause 230]
233. 3 | 4 [avatar split clause 224,230,226]
305. ~product(X1,e_4,X0) | product(e_4,X0,e_1) | ~group_element(X0) | equalish(e_4,X0) | product(e_4,X0,e_2) | ~product(X1,X1,e_3) | equalish(X0,X1) [resolution 78,24]
781. product(e_2,e_3,e_3) | product(e_4,e_2,e_1) | equalish(e_2,e_4) | product(e_2,e_3,e_2) | ~group_element(e_2) | product(e_2,e_3,e_1) | equalish(e_4,e_2) [resolution 170,30]
846. product(e_2,e_3,e_3) | product(e_4,e_2,e_1) | product(e_2,e_3,e_2) | ~group_element(e_2) | product(e_2,e_3,e_1) | equalish(e_4,e_2) [forward subsumption resolution 781,10]
852. product(e_2,e_3,e_3) | product(e_4,e_2,e_1) | product(e_2,e_3,e_2) | product(e_2,e_3,e_1) | equalish(e_4,e_2) [forward subsumption resolution 846,2]
854. product(e_2,e_3,e_3) | product(e_4,e_2,e_1) | product(e_2,e_3,e_2) | product(e_2,e_3,e_1) [forward subsumption resolution 852,15]
856. 5 <=> product(e_2,e_3,e_1) [avatar definition]
858. product(e_2,e_3,e_1) <- (5) [avatar component clause 856]
860. 6 <=> product(e_2,e_3,e_2) [avatar definition]
862. product(e_2,e_3,e_2) <- (6) [avatar component clause 860]
864. 7 <=> product(e_4,e_2,e_1) [avatar definition]
865. ~product(e_4,e_2,e_1) <- (~7) [avatar component clause 864]
866. product(e_4,e_2,e_1) <- (7) [avatar component clause 864]
868. 8 <=> product(e_2,e_3,e_3) [avatar definition]
870. product(e_2,e_3,e_3) <- (8) [avatar component clause 868]
871. 5 | 6 | 7 | 8 [avatar split clause 854,868,864,860,856]
960. equalish(e_3,e_2) <- (6) [resolution 862,28]
982. $false <- (6) [forward subsumption resolution 960,12]
983. ~6 [avatar contradiction clause 982]
987. 15 <=> product(e_3,e_2,e_3) [avatar definition]
988. ~product(e_3,e_2,e_3) <- (~15) [avatar component clause 987]
989. product(e_3,e_2,e_3) <- (15) [avatar component clause 987]
991. 16 <=> product(e_3,e_2,e_2) [avatar definition]
992. ~product(e_3,e_2,e_2) <- (~16) [avatar component clause 991]
993. product(e_3,e_2,e_2) <- (16) [avatar component clause 991]
1138. equalish(e_2,e_3) <- (8) [resolution 870,30]
1161. $false <- (8) [forward subsumption resolution 1138,9]
1162. ~8 [avatar contradiction clause 1161]
1182. ~product(X0,e_3,e_1) | equalish(X0,e_2) <- (5) [resolution 858,20]
1911. equalish(e_4,e_2) <- (2, 5) [resolution 184,1182]
1938. $false <- (2, 5) [forward subsumption resolution 1911,15]
1939. ~2 | ~5 [avatar contradiction clause 1938]
2626. equalish(e_3,e_2) <- (16) [resolution 993,30]
2674. $false <- (16) [forward subsumption resolution 2626,12]
2675. ~16 [avatar contradiction clause 2674]
2702. equalish(e_2,e_3) <- (15) [resolution 989,28]
2744. $false <- (15) [forward subsumption resolution 2702,9]
2745. ~15 [avatar contradiction clause 2744]
2986. ~product(e_4,X0,e_2) | equalish(X0,e_3) <- (1) [resolution 180,19]
3220. product(e_4,e_1,e_1) | ~group_element(e_1) | equalish(e_4,e_1) | product(e_4,e_1,e_2) | ~product(e_3,e_3,e_3) | equalish(e_1,e_3) <- (4) [resolution 232,305]
3667. ~group_element(e_1) | equalish(e_4,e_1) | product(e_4,e_1,e_2) | ~product(e_3,e_3,e_3) | equalish(e_1,e_3) <- (4) [forward subsumption resolution 3220,30]
3671. equalish(e_4,e_1) | product(e_4,e_1,e_2) | ~product(e_3,e_3,e_3) | equalish(e_1,e_3) <- (4) [forward subsumption resolution 3667,1]
3675. product(e_4,e_1,e_2) | ~product(e_3,e_3,e_3) | equalish(e_1,e_3) <- (4) [forward subsumption resolution 3671,14]
3679. ~product(e_3,e_3,e_3) | equalish(e_1,e_3) <- (1, 4) [forward subsumption resolution 3675,2986]
3683. equalish(e_1,e_3) <- (1, 4) [forward subsumption resolution 3679,21]
3688. $false <- (1, 4) [forward subsumption resolution 3683,6]
3689. ~1 | ~4 [avatar contradiction clause 3688]
3694. product(e_4,e_2,e_1) | product(e_4,e_2,e_2) | equalish(e_2,e_4) | ~group_element(e_2) | ~product(e_3,e_3,e_3) | equalish(e_2,e_3) <- (3) [resolution 228,144]
3733. product(e_4,e_2,e_2) | equalish(e_2,e_4) | ~group_element(e_2) | ~product(e_3,e_3,e_3) | equalish(e_2,e_3) <- (3, ~7) [forward subsumption resolution 3694,865]
3741. equalish(e_2,e_4) | ~group_element(e_2) | ~product(e_3,e_3,e_3) | equalish(e_2,e_3) <- (1, 3, ~7) [forward subsumption resolution 3733,2986]
3746. ~group_element(e_2) | ~product(e_3,e_3,e_3) | equalish(e_2,e_3) <- (1, 3, ~7) [forward subsumption resolution 3741,10]
3750. ~product(e_3,e_3,e_3) | equalish(e_2,e_3) <- (1, 3, ~7) [forward subsumption resolution 3746,2]
3754. equalish(e_2,e_3) <- (1, 3, ~7) [forward subsumption resolution 3750,21]
3758. $false <- (1, 3, ~7) [forward subsumption resolution 3754,9]
3759. ~1 | ~3 | 7 [avatar contradiction clause 3758]
3782. ~product(e_4,X0,e_1) | equalish(X0,e_2) <- (7) [resolution 866,19]
3783. ~product(X0,e_2,e_1) | equalish(X0,e_4) <- (7) [resolution 866,20]
4788. equalish(e_3,e_2) <- (2, 7) [resolution 3782,184]
4789. $false <- (2, 7) [forward subsumption resolution 4788,12]
4790. ~2 | ~7 [avatar contradiction clause 4789]
4817. product(e_3,e_2,e_2) | product(e_3,e_2,e_3) | ~group_element(e_3) | product(e_3,e_2,e_1) | ~group_element(e_2) | equalish(e_3,e_4) <- (1) [resolution 180,52]
4857. product(e_3,e_2,e_3) | ~group_element(e_3) | product(e_3,e_2,e_1) | ~group_element(e_2) | equalish(e_3,e_4) <- (1, ~16) [forward subsumption resolution 4817,992]
4859. ~group_element(e_3) | product(e_3,e_2,e_1) | ~group_element(e_2) | equalish(e_3,e_4) <- (1, ~15, ~16) [forward subsumption resolution 4857,988]
4861. product(e_3,e_2,e_1) | ~group_element(e_2) | equalish(e_3,e_4) <- (1, ~15, ~16) [forward subsumption resolution 4859,3]
4863. ~group_element(e_2) | equalish(e_3,e_4) <- (1, 7, ~15, ~16) [forward subsumption resolution 4861,3783]
4865. equalish(e_3,e_4) <- (1, 7, ~15, ~16) [forward subsumption resolution 4863,2]
4867. $false <- (1, 7, ~15, ~16) [forward subsumption resolution 4865,13]
4868. ~1 | ~7 | 15 | 16 [avatar contradiction clause 4867]
s1. 1 | 2 [sat_conversion 185]
s2. 3 | 4 [sat_conversion 233]
s3. 5 | 6 | 7 | 8 [sat_conversion 871]
s5. ~6 [sat_conversion 983]
s12. ~8 [sat_conversion 1162]
s23. ~5 | ~2 [sat_conversion 1939]
s37. ~16 [sat_conversion 2675]
s38. ~15 [sat_conversion 2745]
s53. ~4 | ~1 [sat_conversion 3689]
s55. ~3 | ~1 | 7 [sat_conversion 3759]
s65. ~7 | ~2 [sat_conversion 4790]
s66. ~7 | ~1 | 15 | 16 [sat_conversion 4868]
s87. 5 | 7 [rat s3,s12,s5]
s88. ~2 [rat s87,s23,s65]
s89. 1 [rat s1,s88]
s91. ~7 [rat s66,s37,s38,s89]
s92. ~3 [rat s55,s91,s89]
s93. ~4 [rat s53,s89]
s95. # [rat s2,s93,s92]
4871. $false [avatar sat refutation s95]
% SZS output end Proof for GRP124-1.004
% ------------------------------
% Version: Vampire 5.0.0 (Release build, commit 2e2c9b7b8 on 2026-01-17 12:24:14 +0100)
% Linked with Z3 4.14.0.0 3c47fd96cf5645d0c42b2c819d9e9a84380aa721 z3-4.8.4-9178-g3c47fd96c
% CaDiCaL version: 2.1.3
% Termination reason: Refutation
% Time elapsed: 0.240 s
% Peak memory usage: 57 MB
% Instructions burned: 1092 (million)
% ------------------------------
% ------------------------------
