% Running in auto input_syntax mode. Trying TPTP
% Refutation found. Thanks to Tanya!
% SZS status Unsatisfiable for GRP478-1
% SZS output start Proof for GRP478-1
1. divide(inverse(divide(divide(divide(X0,X0),X1),divide(X2,divide(X1,X3)))),X3) = X2 [input(axiom)]
2. multiply(X0,X1) = divide(X0,inverse(X1)) [input(axiom)]
3. multiply(inverse(a1),a1) != multiply(inverse(b1),b1) [input(negated conjecture)]
4. divide(inverse(a1),inverse(a1)) != divide(inverse(b1),inverse(b1)) [definition unfolding 3,2,2]
5. divide(inverse(divide(divide(divide(X1,X1),inverse(divide(divide(divide(X2,X2),X3),divide(X0,divide(X3,X4))))),divide(X5,X0))),X4) = X5 [superposition 1,1]
6. inverse(divide(divide(divide(X3,X3),X4),divide(X0,divide(X4,divide(X2,X5))))) = divide(inverse(divide(divide(divide(X1,X1),X2),X0)),X5) [superposition 1,1]
32. divide(divide(inverse(divide(divide(divide(X0,X0),X1),X2)),X3),divide(X1,X3)) = X2 [superposition 1,6]
34. inverse(divide(divide(divide(X0,X0),X1),divide(divide(X2,X3),divide(X1,divide(inverse(divide(divide(divide(X4,X4),X5),divide(X3,divide(X5,X6)))),X6))))) = X2 [superposition 5,6]
42. inverse(divide(divide(divide(X7,X7),X3),X2)) = divide(inverse(divide(divide(divide(X6,X6),X4),inverse(divide(divide(divide(X0,X0),X1),divide(X2,divide(X1,divide(X3,divide(X4,X5)))))))),X5) [superposition 1,6]
43. inverse(divide(divide(divide(X0,X0),X1),divide(divide(X2,X3),divide(X1,X3)))) = X2 [forward demodulation 34,1]
46. divide(divide(inverse(divide(X0,X3)),X4),divide(divide(X2,inverse(divide(divide(divide(X1,X1),X2),X0))),X4)) = X3 [superposition 32,32]
81. divide(divide(X0,X3),divide(X2,X3)) = divide(divide(X0,X4),divide(X2,X4)) [superposition 32,43]
107. divide(divide(X1,X2),divide(divide(inverse(divide(divide(divide(X3,X3),X4),X0)),X5),X2)) = divide(divide(X1,divide(X4,X5)),X0) [superposition 81,32]
144. divide(divide(inverse(divide(divide(divide(X0,X1),divide(X2,X1)),X3)),X4),divide(divide(X2,X0),X4)) = X3 [superposition 32,81]
149. divide(X2,X3) = divide(divide(inverse(divide(divide(divide(X0,X0),X1),divide(X2,X1))),X4),divide(X3,X4)) [superposition 32,81]
520. divide(divide(inverse(divide(divide(divide(X1,X2),X0),X5)),X6),divide(divide(inverse(divide(divide(divide(X3,X3),X4),divide(X0,divide(X4,X2)))),X1),X6)) = X5 [superposition 144,1]
619. divide(divide(inverse(divide(divide(divide(X1,X2),X0),X5)),divide(X4,X1)),divide(X0,divide(X4,X2))) = X5 [forward demodulation 520,107]
5460. divide(X0,X1) = divide(X0,divide(X2,inverse(divide(divide(divide(X3,X3),X2),divide(divide(X4,X4),X1))))) [superposition 149,46]
6441. divide(X4,inverse(divide(divide(divide(X5,X5),X4),divide(divide(X6,X6),X3)))) = divide(divide(inverse(divide(divide(divide(X0,X1),X2),X3)),divide(X7,X0)),divide(X2,divide(X7,X1))) [superposition 619,5460]
6448. divide(X4,inverse(divide(divide(divide(X5,X5),X4),divide(divide(X6,X6),X3)))) = X3 [forward demodulation 6441,619]
7345. divide(inverse(divide(divide(divide(X0,X0),X1),divide(X2,divide(X1,X3)))),X3) = inverse(divide(divide(divide(X4,X4),X2),divide(X5,X5))) [superposition 42,6448]
7416. inverse(divide(divide(divide(X4,X4),X2),divide(X5,X5))) = X2 [forward demodulation 7345,1]
8475. divide(X0,X0) = divide(X2,X2) [superposition 6448,7416]
9662. divide(X0,X0) != divide(inverse(a1),inverse(a1)) [superposition 4,8475]
10123. $false [forward subsumption resolution 9662,8475]
% SZS output end Proof for GRP478-1
% ------------------------------
% Version: Vampire 5.0.0 (Release build, commit 2e2c9b7b8 on 2026-01-17 12:24:14 +0100)
% Linked with Z3 4.14.0.0 3c47fd96cf5645d0c42b2c819d9e9a84380aa721 z3-4.8.4-9178-g3c47fd96c
% CaDiCaL version: 2.1.3
% Termination reason: Refutation
% Time elapsed: 0.223 s
% Peak memory usage: 68 MB
% Instructions burned: 1112 (million)
% ------------------------------
% ------------------------------
