% Running in auto input_syntax mode. Trying TPTP
% Refutation found. Thanks to Tanya!
% SZS status Unsatisfiable for GRP580-1_clausified
% SZS output start Proof for GRP580-1_clausified
1. double_divide(double_divide(X0,double_divide(double_divide(double_divide(X1,X0),X2),double_divide(X1,identity))),double_divide(identity,identity)) = X2 [input(axiom)]
2. identity = double_divide(X0,double_divide(X0,identity)) [input(axiom)]
3. double_divide(double_divide(b,a),identity) != double_divide(double_divide(a,b),identity) [input(negated conjecture)]
4. double_divide(double_divide(double_divide(X0,identity),double_divide(double_divide(identity,X1),double_divide(X0,identity))),double_divide(identity,identity)) = X1 [superposition 1,2]
5. double_divide(double_divide(double_divide(identity,identity),double_divide(double_divide(X0,X3),double_divide(double_divide(X1,double_divide(double_divide(double_divide(X2,X1),X0),double_divide(X2,identity))),identity))),double_divide(identity,identity)) = X3 [superposition 1,1]
6. double_divide(identity,identity) = double_divide(double_divide(double_divide(double_divide(double_divide(X1,X2),X0),double_divide(X1,identity)),double_divide(X0,double_divide(X2,identity))),double_divide(identity,identity)) [superposition 1,1]
7. double_divide(double_divide(X1,X0),identity) = double_divide(double_divide(X0,double_divide(identity,double_divide(X1,identity))),double_divide(identity,identity)) [superposition 1,2]
8. double_divide(double_divide(double_divide(X2,double_divide(identity,X1)),X0),double_divide(X2,identity)) = double_divide(double_divide(X1,X0),double_divide(identity,identity)) [superposition 1,1]
11. double_divide(double_divide(double_divide(double_divide(identity,X0),identity),identity),double_divide(identity,identity)) = X0 [superposition 4,2]
18. double_divide(double_divide(identity,X0),identity) = double_divide(double_divide(X0,identity),double_divide(identity,identity)) [superposition 7,2]
25. double_divide(double_divide(identity,double_divide(double_divide(identity,X0),identity)),identity) = X0 [superposition 11,18]
32. double_divide(double_divide(X0,X3),double_divide(double_divide(X1,double_divide(double_divide(double_divide(X2,X1),X0),double_divide(X2,identity))),identity)) = double_divide(double_divide(identity,X3),double_divide(identity,identity)) [superposition 8,1]
38. double_divide(double_divide(double_divide(X0,X1),identity),double_divide(X1,identity)) = double_divide(double_divide(double_divide(X0,identity),double_divide(identity,identity)),double_divide(identity,identity)) [superposition 8,7]
46. double_divide(double_divide(X0,double_divide(identity,double_divide(X1,identity))),double_divide(identity,identity)) = double_divide(double_divide(X1,double_divide(identity,double_divide(identity,X0))),identity) [superposition 7,8]
51. double_divide(double_divide(X1,X0),identity) = double_divide(double_divide(X1,double_divide(identity,double_divide(identity,X0))),identity) [forward demodulation 46,7]
56. double_divide(double_divide(double_divide(X0,X1),identity),double_divide(X1,identity)) = double_divide(double_divide(double_divide(identity,X0),identity),double_divide(identity,identity)) [forward demodulation 38,18]
57. double_divide(double_divide(double_divide(X0,X1),identity),double_divide(X1,identity)) = double_divide(double_divide(identity,double_divide(identity,X0)),identity) [forward demodulation 56,18]
82. double_divide(identity,identity) = double_divide(double_divide(double_divide(double_divide(double_divide(identity,X0),identity),double_divide(X0,identity)),double_divide(double_divide(identity,identity),double_divide(identity,identity))),double_divide(identity,identity)) [superposition 6,18]
113. double_divide(identity,identity) = double_divide(double_divide(double_divide(double_divide(double_divide(identity,X0),identity),double_divide(X0,identity)),double_divide(double_divide(identity,identity),identity)),double_divide(identity,identity)) [forward demodulation 82,18]
123. double_divide(identity,identity) = double_divide(double_divide(double_divide(double_divide(identity,double_divide(identity,identity)),identity),double_divide(double_divide(identity,identity),identity)),double_divide(identity,identity)) [forward demodulation 113,57]
124. double_divide(identity,identity) = double_divide(double_divide(double_divide(identity,double_divide(identity,identity)),identity),double_divide(identity,identity)) [forward demodulation 123,57]
125. double_divide(identity,identity) = double_divide(double_divide(identity,double_divide(identity,double_divide(identity,identity))),identity) [forward demodulation 124,18]
126. double_divide(identity,identity) = double_divide(double_divide(identity,identity),identity) [forward demodulation 125,51]
127. identity = double_divide(double_divide(identity,double_divide(identity,identity)),identity) [superposition 25,126]
136. double_divide(double_divide(X0,double_divide(identity,double_divide(identity,identity))),double_divide(identity,identity)) = double_divide(double_divide(double_divide(identity,identity),X0),identity) [superposition 7,126]
142. double_divide(double_divide(identity,X0),identity) = double_divide(double_divide(double_divide(identity,identity),X0),identity) [forward demodulation 136,7]
148. identity = double_divide(identity,identity) [forward demodulation 127,2]
194. double_divide(double_divide(double_divide(identity,identity),identity),double_divide(identity,identity)) = double_divide(double_divide(double_divide(X1,X0),X0),double_divide(X1,identity)) [superposition 5,2]
199. double_divide(double_divide(identity,X4),double_divide(identity,identity)) = double_divide(double_divide(X0,X4),double_divide(double_divide(double_divide(identity,identity),double_divide(double_divide(X1,X0),double_divide(double_divide(X2,double_divide(double_divide(double_divide(X3,X2),X1),double_divide(X3,identity))),identity))),identity)) [superposition 8,5]
206. double_divide(double_divide(identity,X4),double_divide(identity,identity)) = double_divide(double_divide(X0,X4),double_divide(double_divide(identity,double_divide(double_divide(X1,X0),double_divide(double_divide(X2,double_divide(double_divide(double_divide(X3,X2),X1),double_divide(X3,identity))),identity))),identity)) [forward demodulation 199,142]
210. double_divide(double_divide(identity,double_divide(identity,identity)),identity) = double_divide(double_divide(double_divide(X1,X0),X0),double_divide(X1,identity)) [forward demodulation 194,18]
250. double_divide(double_divide(identity,X4),double_divide(identity,identity)) = double_divide(double_divide(X0,X4),double_divide(double_divide(identity,double_divide(double_divide(identity,X0),double_divide(identity,identity))),identity)) [forward demodulation 206,32]
254. double_divide(identity,identity) = double_divide(double_divide(double_divide(X1,X0),X0),double_divide(X1,identity)) [forward demodulation 210,2]
274. double_divide(double_divide(X0,X4),double_divide(double_divide(identity,double_divide(double_divide(identity,X0),identity)),identity)) = double_divide(double_divide(identity,X4),identity) [forward demodulation 250,148]
278. identity = double_divide(double_divide(double_divide(X1,X0),X0),double_divide(X1,identity)) [forward demodulation 254,148]
295. double_divide(double_divide(identity,X4),identity) = double_divide(double_divide(X0,X4),X0) [forward demodulation 274,25]
367. double_divide(double_divide(X0,identity),double_divide(identity,identity)) = X0 [superposition 1,278]
394. double_divide(double_divide(X0,identity),identity) = X0 [forward demodulation 367,148]
428. double_divide(double_divide(identity,X0),double_divide(identity,identity)) = X0 [superposition 11,394]
464. double_divide(double_divide(identity,X0),identity) = X0 [forward demodulation 428,148]
478. double_divide(identity,X0) = double_divide(double_divide(identity,double_divide(X0,identity)),identity) [superposition 295,2]
492. double_divide(double_divide(identity,X1),identity) = double_divide(double_divide(double_divide(identity,X0),identity),double_divide(X1,X0)) [superposition 295,295]
501. double_divide(double_divide(X0,double_divide(double_divide(identity,X1),identity)),X0) = X1 [superposition 25,295]
509. double_divide(double_divide(X1,identity),double_divide(identity,identity)) = double_divide(double_divide(double_divide(X0,double_divide(identity,X1)),X0),double_divide(identity,identity)) [superposition 8,295]
520. double_divide(identity,X1) = double_divide(double_divide(double_divide(X0,X1),X0),identity) [superposition 394,295]
530. double_divide(double_divide(X0,X1),double_divide(identity,identity)) = double_divide(double_divide(double_divide(identity,double_divide(identity,X0)),identity),double_divide(X1,identity)) [superposition 8,295]
564. double_divide(double_divide(identity,X0),double_divide(X1,identity)) = double_divide(double_divide(X0,X1),double_divide(identity,identity)) [forward demodulation 530,464]
578. double_divide(double_divide(X1,identity),identity) = double_divide(double_divide(double_divide(X0,double_divide(identity,X1)),X0),identity) [forward demodulation 509,148]
585. double_divide(double_divide(X0,X1),X0) = X1 [forward demodulation 501,464]
592. double_divide(double_divide(identity,X1),identity) = double_divide(X0,double_divide(X1,X0)) [forward demodulation 492,464]
605. double_divide(X0,identity) = double_divide(identity,X0) [forward demodulation 478,464]
621. double_divide(double_divide(identity,X0),double_divide(X1,identity)) = double_divide(double_divide(X0,X1),identity) [forward demodulation 564,148]
629. double_divide(double_divide(X1,identity),identity) = double_divide(identity,double_divide(identity,X1)) [forward demodulation 578,520]
638. double_divide(X0,double_divide(X1,X0)) = X1 [forward demodulation 592,585]
653. double_divide(double_divide(identity,X0),double_divide(X1,identity)) = double_divide(identity,double_divide(X0,X1)) [forward demodulation 621,605]
660. double_divide(identity,double_divide(X1,identity)) = double_divide(identity,double_divide(identity,X1)) [forward demodulation 629,605]
678. double_divide(identity,double_divide(identity,X1)) = X1 [forward demodulation 660,638]
1197. double_divide(X1,double_divide(identity,double_divide(X0,identity))) = double_divide(double_divide(identity,identity),double_divide(double_divide(X0,X1),identity)) [superposition 638,7]
1270. double_divide(X1,double_divide(identity,double_divide(X0,identity))) = double_divide(identity,double_divide(identity,double_divide(X0,X1))) [forward demodulation 1197,653]
1296. double_divide(X0,X1) = double_divide(X1,double_divide(identity,double_divide(X0,identity))) [forward demodulation 1270,678]
1312. double_divide(X1,X0) = double_divide(X0,X1) [forward demodulation 1296,638]
6292. double_divide(double_divide(b,a),identity) != double_divide(double_divide(b,a),identity) [superposition 3,1312]
6293. $false [trivial inequality removal 6292]
% SZS output end Proof for GRP580-1_clausified
% ------------------------------
% Version: Vampire 5.0.0 (Release build, commit 2e2c9b7b8 on 2026-01-17 12:24:14 +0100)
% Linked with Z3 4.14.0.0 3c47fd96cf5645d0c42b2c819d9e9a84380aa721 z3-4.8.4-9178-g3c47fd96c
% CaDiCaL version: 2.1.3
% Termination reason: Refutation
% Time elapsed: 0.054 s
% Peak memory usage: 56 MB
% Instructions burned: 202 (million)
% ------------------------------
% ------------------------------
