% Running in auto input_syntax mode. Trying TPTP
% Refutation found. Thanks to Tanya!
% SZS status Unsatisfiable for GRP580-1
% SZS output start Proof for GRP580-1
1. double_divide(double_divide(X0,double_divide(double_divide(double_divide(X1,X0),X2),double_divide(X1,identity))),double_divide(identity,identity)) = X2 [input(axiom)]
2. multiply(X0,X1) = double_divide(double_divide(X1,X0),identity) [input(axiom)]
3. inverse(X0) = double_divide(X0,identity) [input(axiom)]
4. identity = double_divide(X0,inverse(X0)) [input(axiom)]
5. multiply(a,b) != multiply(b,a) [input(negated conjecture)]
6. identity = double_divide(X0,double_divide(X0,identity)) [definition unfolding 4,3]
7. double_divide(double_divide(b,a),identity) != double_divide(double_divide(a,b),identity) [definition unfolding 5,2,2]
8. double_divide(double_divide(double_divide(X0,identity),double_divide(double_divide(identity,X1),double_divide(X0,identity))),double_divide(identity,identity)) = X1 [superposition 1,6]
9. double_divide(double_divide(double_divide(identity,identity),double_divide(double_divide(X0,X3),double_divide(double_divide(X1,double_divide(double_divide(double_divide(X2,X1),X0),double_divide(X2,identity))),identity))),double_divide(identity,identity)) = X3 [superposition 1,1]
10. double_divide(identity,identity) = double_divide(double_divide(double_divide(double_divide(double_divide(X1,X2),X0),double_divide(X1,identity)),double_divide(X0,double_divide(X2,identity))),double_divide(identity,identity)) [superposition 1,1]
11. double_divide(double_divide(X1,X0),identity) = double_divide(double_divide(X0,double_divide(identity,double_divide(X1,identity))),double_divide(identity,identity)) [superposition 1,6]
12. double_divide(double_divide(double_divide(X2,double_divide(identity,X1)),X0),double_divide(X2,identity)) = double_divide(double_divide(X1,X0),double_divide(identity,identity)) [superposition 1,1]
15. double_divide(double_divide(double_divide(double_divide(identity,X0),identity),identity),double_divide(identity,identity)) = X0 [superposition 8,6]
22. double_divide(double_divide(identity,X0),identity) = double_divide(double_divide(X0,identity),double_divide(identity,identity)) [superposition 11,6]
29. double_divide(double_divide(identity,double_divide(double_divide(identity,X0),identity)),identity) = X0 [superposition 15,22]
36. double_divide(double_divide(X0,X3),double_divide(double_divide(X1,double_divide(double_divide(double_divide(X2,X1),X0),double_divide(X2,identity))),identity)) = double_divide(double_divide(identity,X3),double_divide(identity,identity)) [superposition 12,1]
42. double_divide(double_divide(double_divide(X0,X1),identity),double_divide(X1,identity)) = double_divide(double_divide(double_divide(X0,identity),double_divide(identity,identity)),double_divide(identity,identity)) [superposition 12,11]
50. double_divide(double_divide(X0,double_divide(identity,double_divide(X1,identity))),double_divide(identity,identity)) = double_divide(double_divide(X1,double_divide(identity,double_divide(identity,X0))),identity) [superposition 11,12]
55. double_divide(double_divide(X1,X0),identity) = double_divide(double_divide(X1,double_divide(identity,double_divide(identity,X0))),identity) [forward demodulation 50,11]
60. double_divide(double_divide(double_divide(X0,X1),identity),double_divide(X1,identity)) = double_divide(double_divide(double_divide(identity,X0),identity),double_divide(identity,identity)) [forward demodulation 42,22]
61. double_divide(double_divide(double_divide(X0,X1),identity),double_divide(X1,identity)) = double_divide(double_divide(identity,double_divide(identity,X0)),identity) [forward demodulation 60,22]
86. double_divide(identity,identity) = double_divide(double_divide(double_divide(double_divide(double_divide(identity,X0),identity),double_divide(X0,identity)),double_divide(double_divide(identity,identity),double_divide(identity,identity))),double_divide(identity,identity)) [superposition 10,22]
117. double_divide(identity,identity) = double_divide(double_divide(double_divide(double_divide(double_divide(identity,X0),identity),double_divide(X0,identity)),double_divide(double_divide(identity,identity),identity)),double_divide(identity,identity)) [forward demodulation 86,22]
127. double_divide(identity,identity) = double_divide(double_divide(double_divide(double_divide(identity,double_divide(identity,identity)),identity),double_divide(double_divide(identity,identity),identity)),double_divide(identity,identity)) [forward demodulation 117,61]
128. double_divide(identity,identity) = double_divide(double_divide(double_divide(identity,double_divide(identity,identity)),identity),double_divide(identity,identity)) [forward demodulation 127,61]
129. double_divide(identity,identity) = double_divide(double_divide(identity,double_divide(identity,double_divide(identity,identity))),identity) [forward demodulation 128,22]
130. double_divide(identity,identity) = double_divide(double_divide(identity,identity),identity) [forward demodulation 129,55]
131. identity = double_divide(double_divide(identity,double_divide(identity,identity)),identity) [superposition 29,130]
140. double_divide(double_divide(X0,double_divide(identity,double_divide(identity,identity))),double_divide(identity,identity)) = double_divide(double_divide(double_divide(identity,identity),X0),identity) [superposition 11,130]
146. double_divide(double_divide(identity,X0),identity) = double_divide(double_divide(double_divide(identity,identity),X0),identity) [forward demodulation 140,11]
152. identity = double_divide(identity,identity) [forward demodulation 131,6]
198. double_divide(double_divide(double_divide(identity,identity),identity),double_divide(identity,identity)) = double_divide(double_divide(double_divide(X1,X0),X0),double_divide(X1,identity)) [superposition 9,6]
203. double_divide(double_divide(identity,X4),double_divide(identity,identity)) = double_divide(double_divide(X0,X4),double_divide(double_divide(double_divide(identity,identity),double_divide(double_divide(X1,X0),double_divide(double_divide(X2,double_divide(double_divide(double_divide(X3,X2),X1),double_divide(X3,identity))),identity))),identity)) [superposition 12,9]
210. double_divide(double_divide(identity,X4),double_divide(identity,identity)) = double_divide(double_divide(X0,X4),double_divide(double_divide(identity,double_divide(double_divide(X1,X0),double_divide(double_divide(X2,double_divide(double_divide(double_divide(X3,X2),X1),double_divide(X3,identity))),identity))),identity)) [forward demodulation 203,146]
214. double_divide(double_divide(identity,double_divide(identity,identity)),identity) = double_divide(double_divide(double_divide(X1,X0),X0),double_divide(X1,identity)) [forward demodulation 198,22]
254. double_divide(double_divide(identity,X4),double_divide(identity,identity)) = double_divide(double_divide(X0,X4),double_divide(double_divide(identity,double_divide(double_divide(identity,X0),double_divide(identity,identity))),identity)) [forward demodulation 210,36]
258. double_divide(identity,identity) = double_divide(double_divide(double_divide(X1,X0),X0),double_divide(X1,identity)) [forward demodulation 214,6]
278. double_divide(double_divide(X0,X4),double_divide(double_divide(identity,double_divide(double_divide(identity,X0),identity)),identity)) = double_divide(double_divide(identity,X4),identity) [forward demodulation 254,152]
282. identity = double_divide(double_divide(double_divide(X1,X0),X0),double_divide(X1,identity)) [forward demodulation 258,152]
299. double_divide(double_divide(identity,X4),identity) = double_divide(double_divide(X0,X4),X0) [forward demodulation 278,29]
371. double_divide(double_divide(X0,identity),double_divide(identity,identity)) = X0 [superposition 1,282]
398. double_divide(double_divide(X0,identity),identity) = X0 [forward demodulation 371,152]
432. double_divide(double_divide(identity,X0),double_divide(identity,identity)) = X0 [superposition 15,398]
468. double_divide(double_divide(identity,X0),identity) = X0 [forward demodulation 432,152]
482. double_divide(identity,X0) = double_divide(double_divide(identity,double_divide(X0,identity)),identity) [superposition 299,6]
496. double_divide(double_divide(identity,X1),identity) = double_divide(double_divide(double_divide(identity,X0),identity),double_divide(X1,X0)) [superposition 299,299]
505. double_divide(double_divide(X0,double_divide(double_divide(identity,X1),identity)),X0) = X1 [superposition 29,299]
513. double_divide(double_divide(X1,identity),double_divide(identity,identity)) = double_divide(double_divide(double_divide(X0,double_divide(identity,X1)),X0),double_divide(identity,identity)) [superposition 12,299]
524. double_divide(identity,X1) = double_divide(double_divide(double_divide(X0,X1),X0),identity) [superposition 398,299]
534. double_divide(double_divide(X0,X1),double_divide(identity,identity)) = double_divide(double_divide(double_divide(identity,double_divide(identity,X0)),identity),double_divide(X1,identity)) [superposition 12,299]
568. double_divide(double_divide(identity,X0),double_divide(X1,identity)) = double_divide(double_divide(X0,X1),double_divide(identity,identity)) [forward demodulation 534,468]
582. double_divide(double_divide(X1,identity),identity) = double_divide(double_divide(double_divide(X0,double_divide(identity,X1)),X0),identity) [forward demodulation 513,152]
589. double_divide(double_divide(X0,X1),X0) = X1 [forward demodulation 505,468]
596. double_divide(double_divide(identity,X1),identity) = double_divide(X0,double_divide(X1,X0)) [forward demodulation 496,468]
609. double_divide(X0,identity) = double_divide(identity,X0) [forward demodulation 482,468]
625. double_divide(double_divide(identity,X0),double_divide(X1,identity)) = double_divide(double_divide(X0,X1),identity) [forward demodulation 568,152]
633. double_divide(double_divide(X1,identity),identity) = double_divide(identity,double_divide(identity,X1)) [forward demodulation 582,524]
642. double_divide(X0,double_divide(X1,X0)) = X1 [forward demodulation 596,589]
657. double_divide(double_divide(identity,X0),double_divide(X1,identity)) = double_divide(identity,double_divide(X0,X1)) [forward demodulation 625,609]
664. double_divide(identity,double_divide(X1,identity)) = double_divide(identity,double_divide(identity,X1)) [forward demodulation 633,609]
682. double_divide(identity,double_divide(identity,X1)) = X1 [forward demodulation 664,642]
1201. double_divide(X1,double_divide(identity,double_divide(X0,identity))) = double_divide(double_divide(identity,identity),double_divide(double_divide(X0,X1),identity)) [superposition 642,11]
1274. double_divide(X1,double_divide(identity,double_divide(X0,identity))) = double_divide(identity,double_divide(identity,double_divide(X0,X1))) [forward demodulation 1201,657]
1300. double_divide(X0,X1) = double_divide(X1,double_divide(identity,double_divide(X0,identity))) [forward demodulation 1274,682]
1316. double_divide(X1,X0) = double_divide(X0,X1) [forward demodulation 1300,642]
6296. double_divide(double_divide(a,b),identity) != double_divide(double_divide(a,b),identity) [superposition 7,1316]
6297. $false [trivial inequality removal 6296]
% SZS output end Proof for GRP580-1
% ------------------------------
% Version: Vampire 5.0.0 (Release build, commit 2e2c9b7b8 on 2026-01-17 12:24:14 +0100)
% Linked with Z3 4.14.0.0 3c47fd96cf5645d0c42b2c819d9e9a84380aa721 z3-4.8.4-9178-g3c47fd96c
% CaDiCaL version: 2.1.3
% Termination reason: Refutation
% Time elapsed: 0.056 s
% Peak memory usage: 56 MB
% Instructions burned: 203 (million)
% ------------------------------
% ------------------------------
