% Running in auto input_syntax mode. Trying TPTP
% Refutation found. Thanks to Tanya!
% SZS status Unsatisfiable for GRP579-1_clausified
% SZS output start Proof for GRP579-1_clausified
1. double_divide(double_divide(X0,double_divide(double_divide(double_divide(X1,X0),X2),double_divide(X1,identity))),double_divide(identity,identity)) = X2 [input(axiom)]
2. identity = double_divide(X0,double_divide(X0,identity)) [input(axiom)]
3. double_divide(double_divide(c3,double_divide(double_divide(b3,a3),identity)),identity) != double_divide(double_divide(double_divide(double_divide(c3,b3),identity),a3),identity) [input(negated conjecture)]
4. double_divide(double_divide(double_divide(X0,identity),double_divide(double_divide(identity,X1),double_divide(X0,identity))),double_divide(identity,identity)) = X1 [superposition 1,2]
5. double_divide(double_divide(double_divide(identity,identity),double_divide(double_divide(X0,X3),double_divide(double_divide(X1,double_divide(double_divide(double_divide(X2,X1),X0),double_divide(X2,identity))),identity))),double_divide(identity,identity)) = X3 [superposition 1,1]
6. double_divide(identity,identity) = double_divide(double_divide(double_divide(double_divide(double_divide(X1,X2),X0),double_divide(X1,identity)),double_divide(X0,double_divide(X2,identity))),double_divide(identity,identity)) [superposition 1,1]
7. double_divide(double_divide(X1,X0),identity) = double_divide(double_divide(X0,double_divide(identity,double_divide(X1,identity))),double_divide(identity,identity)) [superposition 1,2]
8. double_divide(double_divide(double_divide(X2,double_divide(identity,X1)),X0),double_divide(X2,identity)) = double_divide(double_divide(X1,X0),double_divide(identity,identity)) [superposition 1,1]
10. double_divide(double_divide(double_divide(X1,identity),X0),double_divide(X1,identity)) = double_divide(double_divide(double_divide(identity,identity),X0),double_divide(identity,identity)) [superposition 4,1]
11. double_divide(double_divide(double_divide(double_divide(identity,X0),identity),identity),double_divide(identity,identity)) = X0 [superposition 4,2]
18. double_divide(double_divide(identity,X0),identity) = double_divide(double_divide(X0,identity),double_divide(identity,identity)) [superposition 7,2]
25. double_divide(double_divide(identity,double_divide(double_divide(identity,X0),identity)),identity) = X0 [superposition 11,18]
32. double_divide(double_divide(X0,X3),double_divide(double_divide(X1,double_divide(double_divide(double_divide(X2,X1),X0),double_divide(X2,identity))),identity)) = double_divide(double_divide(identity,X3),double_divide(identity,identity)) [superposition 8,1]
38. double_divide(double_divide(double_divide(X0,X1),identity),double_divide(X1,identity)) = double_divide(double_divide(double_divide(X0,identity),double_divide(identity,identity)),double_divide(identity,identity)) [superposition 8,7]
44. double_divide(double_divide(double_divide(identity,X0),double_divide(double_divide(X0,X1),double_divide(identity,identity))),double_divide(identity,identity)) = X1 [superposition 1,8]
46. double_divide(double_divide(X0,double_divide(identity,double_divide(X1,identity))),double_divide(identity,identity)) = double_divide(double_divide(X1,double_divide(identity,double_divide(identity,X0))),identity) [superposition 7,8]
51. double_divide(double_divide(X1,X0),identity) = double_divide(double_divide(X1,double_divide(identity,double_divide(identity,X0))),identity) [forward demodulation 46,7]
56. double_divide(double_divide(double_divide(X0,X1),identity),double_divide(X1,identity)) = double_divide(double_divide(double_divide(identity,X0),identity),double_divide(identity,identity)) [forward demodulation 38,18]
57. double_divide(double_divide(double_divide(X0,X1),identity),double_divide(X1,identity)) = double_divide(double_divide(identity,double_divide(identity,X0)),identity) [forward demodulation 56,18]
82. double_divide(identity,identity) = double_divide(double_divide(double_divide(double_divide(double_divide(identity,X0),identity),double_divide(X0,identity)),double_divide(double_divide(identity,identity),double_divide(identity,identity))),double_divide(identity,identity)) [superposition 6,18]
113. double_divide(identity,identity) = double_divide(double_divide(double_divide(double_divide(double_divide(identity,X0),identity),double_divide(X0,identity)),double_divide(double_divide(identity,identity),identity)),double_divide(identity,identity)) [forward demodulation 82,18]
123. double_divide(identity,identity) = double_divide(double_divide(double_divide(double_divide(identity,double_divide(identity,identity)),identity),double_divide(double_divide(identity,identity),identity)),double_divide(identity,identity)) [forward demodulation 113,57]
124. double_divide(identity,identity) = double_divide(double_divide(double_divide(identity,double_divide(identity,identity)),identity),double_divide(identity,identity)) [forward demodulation 123,57]
125. double_divide(identity,identity) = double_divide(double_divide(identity,double_divide(identity,double_divide(identity,identity))),identity) [forward demodulation 124,18]
126. double_divide(identity,identity) = double_divide(double_divide(identity,identity),identity) [forward demodulation 125,51]
127. identity = double_divide(double_divide(identity,double_divide(identity,identity)),identity) [superposition 25,126]
136. double_divide(double_divide(X0,double_divide(identity,double_divide(identity,identity))),double_divide(identity,identity)) = double_divide(double_divide(double_divide(identity,identity),X0),identity) [superposition 7,126]
142. double_divide(double_divide(identity,X0),identity) = double_divide(double_divide(double_divide(identity,identity),X0),identity) [forward demodulation 136,7]
148. identity = double_divide(identity,identity) [forward demodulation 127,2]
194. double_divide(double_divide(double_divide(identity,identity),identity),double_divide(identity,identity)) = double_divide(double_divide(double_divide(X1,X0),X0),double_divide(X1,identity)) [superposition 5,2]
199. double_divide(double_divide(identity,X4),double_divide(identity,identity)) = double_divide(double_divide(X0,X4),double_divide(double_divide(double_divide(identity,identity),double_divide(double_divide(X1,X0),double_divide(double_divide(X2,double_divide(double_divide(double_divide(X3,X2),X1),double_divide(X3,identity))),identity))),identity)) [superposition 8,5]
206. double_divide(double_divide(identity,X4),double_divide(identity,identity)) = double_divide(double_divide(X0,X4),double_divide(double_divide(identity,double_divide(double_divide(X1,X0),double_divide(double_divide(X2,double_divide(double_divide(double_divide(X3,X2),X1),double_divide(X3,identity))),identity))),identity)) [forward demodulation 199,142]
210. double_divide(double_divide(identity,double_divide(identity,identity)),identity) = double_divide(double_divide(double_divide(X1,X0),X0),double_divide(X1,identity)) [forward demodulation 194,18]
250. double_divide(double_divide(identity,X4),double_divide(identity,identity)) = double_divide(double_divide(X0,X4),double_divide(double_divide(identity,double_divide(double_divide(identity,X0),double_divide(identity,identity))),identity)) [forward demodulation 206,32]
254. double_divide(identity,identity) = double_divide(double_divide(double_divide(X1,X0),X0),double_divide(X1,identity)) [forward demodulation 210,2]
274. double_divide(double_divide(X0,X4),double_divide(double_divide(identity,double_divide(double_divide(identity,X0),identity)),identity)) = double_divide(double_divide(identity,X4),identity) [forward demodulation 250,148]
278. identity = double_divide(double_divide(double_divide(X1,X0),X0),double_divide(X1,identity)) [forward demodulation 254,148]
295. double_divide(double_divide(identity,X4),identity) = double_divide(double_divide(X0,X4),X0) [forward demodulation 274,25]
367. double_divide(double_divide(X0,identity),double_divide(identity,identity)) = X0 [superposition 1,278]
394. double_divide(double_divide(X0,identity),identity) = X0 [forward demodulation 367,148]
428. double_divide(double_divide(identity,X0),double_divide(identity,identity)) = X0 [superposition 11,394]
464. double_divide(double_divide(identity,X0),identity) = X0 [forward demodulation 428,148]
476. double_divide(double_divide(X0,X1),X0) = double_divide(double_divide(X2,X1),X2) [superposition 295,295]
478. double_divide(identity,X0) = double_divide(double_divide(identity,double_divide(X0,identity)),identity) [superposition 295,2]
492. double_divide(double_divide(identity,X1),identity) = double_divide(double_divide(double_divide(identity,X0),identity),double_divide(X1,X0)) [superposition 295,295]
501. double_divide(double_divide(X0,double_divide(double_divide(identity,X1),identity)),X0) = X1 [superposition 25,295]
509. double_divide(double_divide(X1,identity),double_divide(identity,identity)) = double_divide(double_divide(double_divide(X0,double_divide(identity,X1)),X0),double_divide(identity,identity)) [superposition 8,295]
520. double_divide(identity,X1) = double_divide(double_divide(double_divide(X0,X1),X0),identity) [superposition 394,295]
529. double_divide(double_divide(X0,double_divide(double_divide(double_divide(identity,X0),identity),double_divide(X1,identity))),double_divide(identity,identity)) = X1 [superposition 1,295]
530. double_divide(double_divide(X0,X1),double_divide(identity,identity)) = double_divide(double_divide(double_divide(identity,double_divide(identity,X0)),identity),double_divide(X1,identity)) [superposition 8,295]
544. identity = double_divide(double_divide(double_divide(double_divide(identity,X0),identity),X1),double_divide(double_divide(X1,X0),identity)) [superposition 278,295]
553. identity = double_divide(double_divide(X0,X1),double_divide(double_divide(X1,X0),identity)) [forward demodulation 544,464]
564. double_divide(double_divide(identity,X0),double_divide(X1,identity)) = double_divide(double_divide(X0,X1),double_divide(identity,identity)) [forward demodulation 530,464]
565. double_divide(double_divide(X0,double_divide(double_divide(double_divide(identity,X0),identity),double_divide(X1,identity))),identity) = X1 [forward demodulation 529,148]
578. double_divide(double_divide(X1,identity),identity) = double_divide(double_divide(double_divide(X0,double_divide(identity,X1)),X0),identity) [forward demodulation 509,148]
585. double_divide(double_divide(X0,X1),X0) = X1 [forward demodulation 501,464]
592. double_divide(double_divide(identity,X1),identity) = double_divide(X0,double_divide(X1,X0)) [forward demodulation 492,464]
605. double_divide(X0,identity) = double_divide(identity,X0) [forward demodulation 478,464]
621. double_divide(double_divide(identity,X0),double_divide(X1,identity)) = double_divide(double_divide(X0,X1),identity) [forward demodulation 564,148]
622. double_divide(double_divide(X0,double_divide(X0,double_divide(X1,identity))),identity) = X1 [forward demodulation 565,464]
629. double_divide(double_divide(X1,identity),identity) = double_divide(identity,double_divide(identity,X1)) [forward demodulation 578,520]
638. double_divide(X0,double_divide(X1,X0)) = X1 [forward demodulation 592,585]
653. double_divide(double_divide(identity,X0),double_divide(X1,identity)) = double_divide(identity,double_divide(X0,X1)) [forward demodulation 621,605]
654. double_divide(identity,double_divide(X0,double_divide(X0,double_divide(X1,identity)))) = X1 [forward demodulation 622,605]
660. double_divide(identity,double_divide(X1,identity)) = double_divide(identity,double_divide(identity,X1)) [forward demodulation 629,605]
678. double_divide(identity,double_divide(identity,X1)) = X1 [forward demodulation 660,638]
707. double_divide(double_divide(X0,X1),identity) = double_divide(double_divide(X1,double_divide(identity,double_divide(identity,X0))),double_divide(identity,identity)) [superposition 7,605]
727. double_divide(double_divide(c3,double_divide(double_divide(b3,a3),identity)),identity) != double_divide(double_divide(double_divide(identity,double_divide(c3,b3)),a3),identity) [superposition 3,605]
757. double_divide(double_divide(c3,double_divide(double_divide(b3,a3),identity)),identity) != double_divide(identity,double_divide(double_divide(identity,double_divide(c3,b3)),a3)) [forward demodulation 727,605]
770. double_divide(double_divide(X0,X1),identity) = double_divide(double_divide(X1,double_divide(identity,double_divide(identity,X0))),identity) [forward demodulation 707,148]
791. double_divide(identity,double_divide(double_divide(identity,double_divide(c3,b3)),a3)) != double_divide(identity,double_divide(c3,double_divide(double_divide(b3,a3),identity))) [forward demodulation 757,605]
800. double_divide(double_divide(X0,X1),identity) = double_divide(identity,double_divide(X1,double_divide(identity,double_divide(identity,X0)))) [forward demodulation 770,605]
816. double_divide(identity,double_divide(double_divide(identity,double_divide(c3,b3)),a3)) != double_divide(identity,double_divide(c3,double_divide(identity,double_divide(b3,a3)))) [forward demodulation 791,605]
822. double_divide(double_divide(X0,X1),identity) = double_divide(identity,double_divide(X1,X0)) [forward demodulation 800,678]
831. double_divide(identity,double_divide(X0,X1)) = double_divide(identity,double_divide(X1,X0)) [forward demodulation 822,605]
1203. double_divide(X1,double_divide(identity,double_divide(X0,identity))) = double_divide(double_divide(identity,identity),double_divide(double_divide(X0,X1),identity)) [superposition 638,7]
1207. double_divide(double_divide(X2,double_divide(identity,X0)),X1) = double_divide(double_divide(X2,identity),double_divide(double_divide(X0,X1),double_divide(identity,identity))) [superposition 638,8]
1208. double_divide(double_divide(X0,identity),identity) = double_divide(double_divide(X0,X1),X1) [superposition 638,278]
1227. double_divide(double_divide(double_divide(identity,identity),double_divide(double_divide(X1,X2),double_divide(double_divide(double_divide(X0,X3),double_divide(double_divide(X0,X1),double_divide(X3,identity))),identity))),double_divide(identity,identity)) = X2 [superposition 5,638]
1236. double_divide(X0,double_divide(X2,X1)) = double_divide(double_divide(X1,double_divide(X0,double_divide(X2,identity))),double_divide(identity,identity)) [superposition 1,638]
1253. double_divide(X0,double_divide(X2,X1)) = double_divide(double_divide(X1,double_divide(X0,double_divide(X2,identity))),identity) [forward demodulation 1236,148]
1259. double_divide(double_divide(identity,double_divide(double_divide(X1,X2),double_divide(double_divide(double_divide(X0,X3),double_divide(double_divide(X0,X1),double_divide(X3,identity))),identity))),identity) = X2 [forward demodulation 1227,295]
1271. double_divide(identity,double_divide(X0,identity)) = double_divide(double_divide(X0,X1),X1) [forward demodulation 1208,605]
1272. double_divide(double_divide(X2,double_divide(identity,X0)),X1) = double_divide(double_divide(X2,identity),double_divide(double_divide(X0,X1),identity)) [forward demodulation 1207,148]
1276. double_divide(X1,double_divide(identity,double_divide(X0,identity))) = double_divide(identity,double_divide(identity,double_divide(X0,X1))) [forward demodulation 1203,653]
1285. double_divide(X0,double_divide(X2,X1)) = double_divide(identity,double_divide(X1,double_divide(X0,double_divide(X2,identity)))) [forward demodulation 1253,605]
1290. double_divide(identity,double_divide(identity,double_divide(double_divide(X1,X2),double_divide(double_divide(double_divide(X0,X3),double_divide(double_divide(X0,X1),double_divide(X3,identity))),identity)))) = X2 [forward demodulation 1259,605]
1298. double_divide(double_divide(X0,X1),X1) = X0 [forward demodulation 1271,638]
1299. double_divide(double_divide(X2,double_divide(identity,X0)),X1) = double_divide(double_divide(X2,identity),double_divide(identity,double_divide(X0,X1))) [forward demodulation 1272,605]
1302. double_divide(X0,X1) = double_divide(X1,double_divide(identity,double_divide(X0,identity))) [forward demodulation 1276,678]
1310. double_divide(double_divide(X1,X2),double_divide(double_divide(double_divide(X0,X3),double_divide(double_divide(X0,X1),double_divide(X3,identity))),identity)) = X2 [forward demodulation 1290,1285]
1318. double_divide(X1,X0) = double_divide(X0,X1) [forward demodulation 1302,638]
1321. double_divide(double_divide(X1,X2),double_divide(identity,double_divide(double_divide(X0,X3),double_divide(double_divide(X0,X1),double_divide(X3,identity))))) = X2 [forward demodulation 1310,605]
1327. double_divide(double_divide(X1,X2),double_divide(double_divide(X0,X1),double_divide(X3,double_divide(X0,X3)))) = X2 [forward demodulation 1321,1285]
1331. double_divide(double_divide(X1,X2),double_divide(double_divide(X0,X1),X0)) = X2 [forward demodulation 1327,638]
1333. double_divide(double_divide(X1,X2),double_divide(X0,double_divide(X0,X1))) = X2 [forward demodulation 1331,1318]
1705. double_divide(double_divide(double_divide(X1,X0),X2),double_divide(X1,identity)) = double_divide(double_divide(double_divide(identity,X0),X2),double_divide(identity,identity)) [superposition 8,678]
1709. double_divide(X0,identity) = double_divide(double_divide(X1,double_divide(identity,X0)),X1) [superposition 295,678]
1713. double_divide(double_divide(double_divide(identity,identity),double_divide(double_divide(X1,X2),double_divide(double_divide(double_divide(identity,X0),double_divide(double_divide(X0,X1),double_divide(identity,identity))),identity))),double_divide(identity,identity)) = X2 [superposition 5,678]
1724. double_divide(double_divide(identity,identity),double_divide(double_divide(identity,identity),double_divide(double_divide(X1,X2),double_divide(double_divide(double_divide(identity,X0),double_divide(double_divide(X0,X1),double_divide(identity,identity))),identity)))) = X2 [forward demodulation 1713,1318]
1727. double_divide(X0,identity) = double_divide(X1,double_divide(X1,double_divide(identity,X0))) [forward demodulation 1709,1318]
1731. double_divide(double_divide(double_divide(X1,X0),X2),double_divide(X1,identity)) = double_divide(double_divide(identity,identity),double_divide(double_divide(identity,X0),X2)) [forward demodulation 1705,1318]
1737. double_divide(double_divide(identity,identity),double_divide(double_divide(identity,identity),double_divide(double_divide(X1,X2),double_divide(identity,double_divide(double_divide(identity,X0),double_divide(double_divide(X0,X1),double_divide(identity,identity))))))) = X2 [forward demodulation 1724,605]
1743. double_divide(double_divide(double_divide(X1,X0),X2),double_divide(X1,identity)) = double_divide(identity,double_divide(double_divide(identity,X0),X2)) [forward demodulation 1731,148]
1746. double_divide(double_divide(identity,identity),double_divide(double_divide(identity,identity),double_divide(double_divide(X1,X2),double_divide(double_divide(X0,X1),double_divide(identity,double_divide(identity,X0)))))) = X2 [forward demodulation 1737,1285]
1748. double_divide(identity,double_divide(double_divide(identity,X0),X2)) = double_divide(double_divide(X1,identity),double_divide(double_divide(X1,X0),X2)) [forward demodulation 1743,1318]
1750. double_divide(double_divide(identity,identity),double_divide(double_divide(identity,identity),double_divide(double_divide(X1,X2),X1))) = X2 [forward demodulation 1746,1333]
1752. double_divide(identity,double_divide(double_divide(identity,identity),double_divide(double_divide(X1,X2),X1))) = X2 [forward demodulation 1750,1748]
1753. double_divide(identity,double_divide(double_divide(identity,identity),double_divide(X1,double_divide(X1,X2)))) = X2 [forward demodulation 1752,1318]
1754. double_divide(identity,double_divide(identity,double_divide(X1,double_divide(X1,X2)))) = X2 [forward demodulation 1753,148]
1755. double_divide(X1,double_divide(X1,X2)) = X2 [forward demodulation 1754,678]
2049. double_divide(X2,double_divide(X1,identity)) = double_divide(double_divide(double_divide(identity,double_divide(double_divide(double_divide(X0,X1),X2),double_divide(X0,identity))),double_divide(identity,identity)),double_divide(identity,identity)) [superposition 44,6]
2102. double_divide(X2,double_divide(X1,identity)) = double_divide(double_divide(identity,identity),double_divide(double_divide(identity,double_divide(double_divide(double_divide(X0,X1),X2),double_divide(X0,identity))),double_divide(identity,identity))) [forward demodulation 2049,1318]
2156. double_divide(X2,double_divide(X1,identity)) = double_divide(identity,double_divide(double_divide(double_divide(X0,X1),X2),double_divide(X0,identity))) [forward demodulation 2102,638]
2206. double_divide(X2,double_divide(X1,identity)) = double_divide(identity,double_divide(double_divide(X0,identity),double_divide(double_divide(X0,X1),X2))) [forward demodulation 2156,831]
2249. double_divide(X2,double_divide(X1,identity)) = double_divide(identity,double_divide(identity,double_divide(double_divide(identity,X1),X2))) [forward demodulation 2206,1748]
2283. double_divide(X2,double_divide(X1,identity)) = double_divide(double_divide(identity,X1),X2) [forward demodulation 2249,1755]
2525. double_divide(double_divide(identity,double_divide(identity,double_divide(double_divide(X2,double_divide(identity,X0)),X1))),identity) = double_divide(double_divide(double_divide(double_divide(X0,X1),double_divide(identity,identity)),identity),double_divide(double_divide(X2,identity),identity)) [superposition 57,8]
2558. double_divide(double_divide(identity,double_divide(identity,X2)),identity) = double_divide(double_divide(double_divide(X2,double_divide(identity,X1)),identity),double_divide(double_divide(X0,X1),X0)) [superposition 57,295]
2599. double_divide(double_divide(X0,X1),identity) = double_divide(double_divide(X1,identity),double_divide(double_divide(identity,double_divide(identity,X0)),identity)) [superposition 638,57]
2600. double_divide(double_divide(X0,X1),identity) = double_divide(double_divide(X1,identity),double_divide(identity,double_divide(identity,double_divide(identity,X0)))) [forward demodulation 2599,605]
2636. double_divide(double_divide(identity,double_divide(identity,X2)),identity) = double_divide(double_divide(double_divide(X2,double_divide(identity,X1)),identity),double_divide(X0,double_divide(X0,X1))) [forward demodulation 2558,1318]
2668. double_divide(double_divide(identity,double_divide(identity,double_divide(double_divide(X2,double_divide(identity,X0)),X1))),identity) = double_divide(double_divide(double_divide(double_divide(X0,X1),double_divide(identity,identity)),identity),double_divide(identity,double_divide(X2,identity))) [forward demodulation 2525,605]
2678. double_divide(double_divide(X0,X1),identity) = double_divide(double_divide(X1,double_divide(identity,identity)),double_divide(identity,X0)) [forward demodulation 2600,1299]
2714. double_divide(double_divide(identity,double_divide(identity,X2)),identity) = double_divide(double_divide(double_divide(X2,double_divide(identity,X1)),identity),X1) [forward demodulation 2636,1755]
2743. double_divide(double_divide(identity,double_divide(identity,double_divide(double_divide(X2,double_divide(identity,X0)),X1))),identity) = double_divide(double_divide(double_divide(double_divide(X0,X1),double_divide(identity,identity)),double_divide(identity,X2)),identity) [forward demodulation 2668,1299]
2753. double_divide(double_divide(X0,X1),identity) = double_divide(double_divide(X1,identity),double_divide(identity,X0)) [forward demodulation 2678,148]
2781. double_divide(double_divide(identity,double_divide(identity,X2)),identity) = double_divide(X1,double_divide(double_divide(X2,double_divide(identity,X1)),identity)) [forward demodulation 2714,1318]
2805. double_divide(double_divide(identity,double_divide(identity,double_divide(double_divide(X2,double_divide(identity,X0)),X1))),identity) = double_divide(identity,double_divide(double_divide(double_divide(X0,X1),double_divide(identity,identity)),double_divide(identity,X2))) [forward demodulation 2743,605]
2815. double_divide(identity,double_divide(X0,X1)) = double_divide(double_divide(X1,identity),double_divide(identity,X0)) [forward demodulation 2753,605]
2841. double_divide(double_divide(identity,double_divide(identity,X2)),identity) = double_divide(X1,double_divide(identity,double_divide(X2,double_divide(identity,X1)))) [forward demodulation 2781,605]
2861. double_divide(double_divide(identity,double_divide(identity,double_divide(double_divide(X2,double_divide(identity,X0)),X1))),identity) = double_divide(identity,double_divide(double_divide(double_divide(X0,X1),identity),double_divide(identity,X2))) [forward demodulation 2805,148]
2889. double_divide(X1,double_divide(identity,double_divide(X2,double_divide(identity,X1)))) = double_divide(identity,double_divide(identity,double_divide(identity,X2))) [forward demodulation 2841,605]
2904. double_divide(double_divide(identity,double_divide(identity,double_divide(double_divide(X2,double_divide(identity,X0)),X1))),identity) = double_divide(identity,double_divide(identity,double_divide(X2,double_divide(X0,X1)))) [forward demodulation 2861,2815]
2927. double_divide(X2,identity) = double_divide(X1,double_divide(identity,double_divide(X2,double_divide(identity,X1)))) [forward demodulation 2889,1727]
2935. double_divide(X2,double_divide(X0,X1)) = double_divide(double_divide(identity,double_divide(identity,double_divide(double_divide(X2,double_divide(identity,X0)),X1))),identity) [forward demodulation 2904,1755]
2955. double_divide(X2,double_divide(X0,X1)) = double_divide(identity,double_divide(identity,double_divide(identity,double_divide(double_divide(X2,double_divide(identity,X0)),X1)))) [forward demodulation 2935,605]
2971. double_divide(double_divide(double_divide(X2,double_divide(identity,X0)),X1),identity) = double_divide(X2,double_divide(X0,X1)) [forward demodulation 2955,1727]
2983. double_divide(X2,double_divide(X0,X1)) = double_divide(identity,double_divide(double_divide(X2,double_divide(identity,X0)),X1)) [forward demodulation 2971,605]
3701. double_divide(double_divide(X0,identity),double_divide(X1,identity)) = double_divide(double_divide(identity,double_divide(identity,double_divide(X1,X0))),identity) [superposition 57,585]
3711. double_divide(double_divide(X0,identity),double_divide(X1,identity)) = double_divide(identity,double_divide(identity,double_divide(identity,double_divide(X1,X0)))) [forward demodulation 3701,605]
3780. double_divide(double_divide(X1,X0),identity) = double_divide(double_divide(X0,identity),double_divide(X1,identity)) [forward demodulation 3711,1727]
3828. double_divide(double_divide(X0,identity),double_divide(X1,identity)) = double_divide(identity,double_divide(X1,X0)) [forward demodulation 3780,605]
5126. double_divide(double_divide(X2,double_divide(identity,X0)),X1) = double_divide(double_divide(double_divide(X0,X1),double_divide(identity,identity)),double_divide(X2,identity)) [superposition 1298,8]
5165. double_divide(X0,double_divide(identity,X1)) = double_divide(double_divide(X1,double_divide(X0,identity)),double_divide(identity,identity)) [superposition 8,1298]
5250. double_divide(X0,double_divide(identity,X1)) = double_divide(double_divide(identity,identity),double_divide(X1,double_divide(X0,identity))) [forward demodulation 5165,2283]
5272. double_divide(double_divide(X2,double_divide(identity,X0)),X1) = double_divide(double_divide(double_divide(X0,X1),identity),double_divide(X2,identity)) [forward demodulation 5126,148]
5313. double_divide(X0,double_divide(identity,X1)) = double_divide(identity,double_divide(X1,double_divide(X0,identity))) [forward demodulation 5250,148]
5332. double_divide(double_divide(X2,double_divide(identity,X0)),X1) = double_divide(identity,double_divide(X2,double_divide(X0,X1))) [forward demodulation 5272,3828]
5504. double_divide(double_divide(identity,double_divide(identity,double_divide(double_divide(X1,identity),X0))),identity) = double_divide(double_divide(double_divide(double_divide(double_divide(identity,identity),X0),double_divide(identity,identity)),identity),double_divide(double_divide(X1,identity),identity)) [superposition 57,10]
5513. double_divide(double_divide(X1,identity),X0) = double_divide(double_divide(double_divide(double_divide(identity,identity),X0),double_divide(identity,identity)),double_divide(X1,identity)) [superposition 1298,10]
5590. double_divide(double_divide(X1,identity),X0) = double_divide(identity,double_divide(double_divide(double_divide(identity,identity),X0),double_divide(identity,double_divide(X1,identity)))) [forward demodulation 5513,5332]
5599. double_divide(double_divide(identity,double_divide(identity,double_divide(double_divide(X1,identity),X0))),identity) = double_divide(identity,double_divide(double_divide(X1,identity),double_divide(double_divide(double_divide(identity,identity),X0),double_divide(identity,identity)))) [forward demodulation 5504,3828]
5675. double_divide(double_divide(X1,identity),X0) = double_divide(identity,double_divide(X1,double_divide(double_divide(identity,identity),X0))) [forward demodulation 5590,1285]
5683. double_divide(double_divide(identity,double_divide(identity,double_divide(double_divide(X1,identity),X0))),identity) = double_divide(double_divide(double_divide(identity,identity),X0),double_divide(identity,double_divide(X1,identity))) [forward demodulation 5599,1285]
5755. double_divide(double_divide(X1,identity),X0) = double_divide(identity,double_divide(X1,double_divide(identity,X0))) [forward demodulation 5675,148]
5762. double_divide(double_divide(double_divide(identity,identity),X0),X1) = double_divide(double_divide(identity,double_divide(identity,double_divide(double_divide(X1,identity),X0))),identity) [forward demodulation 5683,638]
5817. double_divide(double_divide(double_divide(identity,identity),X0),X1) = double_divide(identity,double_divide(identity,double_divide(identity,double_divide(double_divide(X1,identity),X0)))) [forward demodulation 5762,605]
5862. double_divide(double_divide(double_divide(identity,identity),X0),X1) = double_divide(double_divide(double_divide(X1,identity),X0),identity) [forward demodulation 5817,1727]
5900. double_divide(double_divide(double_divide(identity,identity),X0),X1) = double_divide(identity,double_divide(double_divide(X1,identity),X0)) [forward demodulation 5862,605]
5932. double_divide(double_divide(identity,X0),X1) = double_divide(identity,double_divide(double_divide(X1,identity),X0)) [forward demodulation 5900,148]
7844. double_divide(X0,double_divide(X1,identity)) = double_divide(double_divide(X2,double_divide(double_divide(X1,double_divide(identity,X2)),X0)),double_divide(identity,identity)) [superposition 8,1755]
7847. double_divide(double_divide(double_divide(X1,X0),X2),double_divide(X1,identity)) = double_divide(double_divide(double_divide(identity,X0),X2),double_divide(identity,identity)) [superposition 8,1755]
7863. double_divide(double_divide(double_divide(X1,X0),X2),double_divide(X1,identity)) = double_divide(double_divide(identity,identity),double_divide(double_divide(identity,X0),X2)) [forward demodulation 7847,2283]
7865. double_divide(X0,double_divide(X1,identity)) = double_divide(double_divide(identity,identity),double_divide(X2,double_divide(double_divide(X1,double_divide(identity,X2)),X0))) [forward demodulation 7844,2283]
7913. double_divide(double_divide(double_divide(X1,X0),X2),double_divide(X1,identity)) = double_divide(identity,double_divide(double_divide(identity,X0),X2)) [forward demodulation 7863,1748]
7915. double_divide(X0,double_divide(X1,identity)) = double_divide(double_divide(identity,identity),double_divide(X2,double_divide(identity,double_divide(X1,double_divide(X2,X0))))) [forward demodulation 7865,5332]
7956. double_divide(identity,double_divide(double_divide(identity,X0),X2)) = double_divide(double_divide(identity,X1),double_divide(double_divide(X1,X0),X2)) [forward demodulation 7913,2283]
7957. double_divide(X0,double_divide(X1,identity)) = double_divide(identity,double_divide(X2,double_divide(identity,double_divide(X1,double_divide(X2,X0))))) [forward demodulation 7915,148]
7977. double_divide(X0,double_divide(X1,identity)) = double_divide(double_divide(X2,identity),double_divide(X1,double_divide(X2,X0))) [forward demodulation 7957,5755]
15334. double_divide(double_divide(double_divide(identity,X1),X2),identity) = double_divide(double_divide(X2,double_divide(identity,double_divide(double_divide(X0,X1),X0))),double_divide(identity,identity)) [superposition 7,476]
15427. double_divide(double_divide(double_divide(identity,X1),X2),identity) = double_divide(double_divide(identity,identity),double_divide(X2,double_divide(identity,double_divide(double_divide(X0,X1),X0)))) [forward demodulation 15334,2283]
15769. double_divide(double_divide(double_divide(identity,X1),X2),identity) = double_divide(double_divide(double_divide(X0,X1),X0),double_divide(X2,identity)) [forward demodulation 15427,7977]
16083. double_divide(double_divide(double_divide(identity,X1),X2),identity) = double_divide(double_divide(X0,double_divide(X0,X1)),double_divide(X2,identity)) [forward demodulation 15769,1318]
16333. double_divide(X1,double_divide(X2,identity)) = double_divide(double_divide(double_divide(identity,X1),X2),identity) [forward demodulation 16083,1755]
16526. double_divide(X1,double_divide(X2,identity)) = double_divide(identity,double_divide(double_divide(identity,X1),X2)) [forward demodulation 16333,605]
21097. double_divide(double_divide(double_divide(double_divide(X0,X1),identity),double_divide(double_divide(identity,X2),double_divide(double_divide(X1,X0),identity))),double_divide(identity,identity)) = X2 [superposition 1,553]
21150. double_divide(double_divide(identity,identity),double_divide(double_divide(double_divide(X0,X1),identity),double_divide(double_divide(identity,X2),double_divide(double_divide(X1,X0),identity)))) = X2 [forward demodulation 21097,2283]
21299. double_divide(double_divide(identity,identity),double_divide(double_divide(double_divide(X0,X1),identity),double_divide(identity,double_divide(X2,double_divide(X1,X0))))) = X2 [forward demodulation 21150,653]
21432. double_divide(double_divide(X2,double_divide(X1,X0)),double_divide(double_divide(double_divide(X0,X1),identity),identity)) = X2 [forward demodulation 21299,7977]
21532. double_divide(double_divide(X2,double_divide(X1,X0)),double_divide(identity,double_divide(double_divide(X0,X1),identity))) = X2 [forward demodulation 21432,605]
21615. double_divide(double_divide(X2,double_divide(X1,X0)),double_divide(X0,X1)) = X2 [forward demodulation 21532,638]
21680. double_divide(double_divide(X0,X1),double_divide(X2,double_divide(X1,X0))) = X2 [forward demodulation 21615,1318]
25967. double_divide(double_divide(double_divide(X2,double_divide(X2,double_divide(X0,identity))),X3),double_divide(identity,identity)) = double_divide(double_divide(double_divide(X1,X0),X3),double_divide(X1,identity)) [superposition 8,654]
26071. double_divide(double_divide(double_divide(X2,double_divide(X2,double_divide(X0,identity))),X3),double_divide(identity,identity)) = double_divide(double_divide(identity,X1),double_divide(double_divide(X1,X0),X3)) [forward demodulation 25967,2283]
26169. double_divide(identity,double_divide(double_divide(identity,X0),X3)) = double_divide(double_divide(double_divide(X2,double_divide(X2,double_divide(X0,identity))),X3),double_divide(identity,identity)) [forward demodulation 26071,7956]
26233. double_divide(identity,double_divide(double_divide(identity,X0),X3)) = double_divide(double_divide(identity,identity),double_divide(double_divide(X2,double_divide(X2,double_divide(X0,identity))),X3)) [forward demodulation 26169,2283]
26280. double_divide(identity,double_divide(double_divide(identity,X0),X3)) = double_divide(double_divide(identity,identity),double_divide(double_divide(X0,identity),X3)) [forward demodulation 26233,1755]
26315. double_divide(identity,double_divide(double_divide(identity,X0),X3)) = double_divide(identity,double_divide(double_divide(X0,identity),X3)) [forward demodulation 26280,148]
26339. double_divide(identity,double_divide(double_divide(identity,X0),X3)) = double_divide(double_divide(identity,X3),X0) [forward demodulation 26315,5932]
35008. double_divide(double_divide(double_divide(identity,X1),X0),identity) = double_divide(double_divide(double_divide(identity,double_divide(identity,X0)),double_divide(X1,identity)),identity) [superposition 51,2283]
35088. double_divide(double_divide(double_divide(identity,X1),X0),identity) = double_divide(identity,double_divide(double_divide(identity,double_divide(identity,X0)),double_divide(X1,identity))) [forward demodulation 35008,605]
35404. double_divide(double_divide(double_divide(identity,X1),X0),identity) = double_divide(identity,double_divide(X0,double_divide(X1,identity))) [forward demodulation 35088,2983]
35661. double_divide(X1,double_divide(identity,X0)) = double_divide(double_divide(double_divide(identity,X1),X0),identity) [forward demodulation 35404,5313]
35871. double_divide(X1,double_divide(identity,X0)) = double_divide(identity,double_divide(double_divide(identity,X1),X0)) [forward demodulation 35661,605]
131543. double_divide(X0,double_divide(X1,X2)) = double_divide(X0,double_divide(X2,X1)) [superposition 585,21680]
349562. double_divide(identity,double_divide(X0,double_divide(identity,double_divide(X2,X1)))) = double_divide(double_divide(X1,double_divide(double_divide(X0,identity),double_divide(X2,identity))),double_divide(identity,identity)) [superposition 1,2927]
349760. double_divide(identity,double_divide(X0,double_divide(identity,double_divide(X2,X1)))) = double_divide(double_divide(identity,identity),double_divide(X1,double_divide(double_divide(X0,identity),double_divide(X2,identity)))) [forward demodulation 349562,2283]
350064. double_divide(identity,double_divide(X0,double_divide(identity,double_divide(X2,X1)))) = double_divide(double_divide(identity,identity),double_divide(X1,double_divide(identity,double_divide(X2,X0)))) [forward demodulation 349760,3828]
350327. double_divide(double_divide(X2,X0),double_divide(X1,identity)) = double_divide(identity,double_divide(X0,double_divide(identity,double_divide(X2,X1)))) [forward demodulation 350064,7977]
350560. double_divide(double_divide(X2,X0),double_divide(X1,identity)) = double_divide(double_divide(X0,identity),double_divide(X2,X1)) [forward demodulation 350327,5755]
457885. double_divide(double_divide(double_divide(X0,double_divide(identity,X1)),X2),double_divide(X3,identity)) = double_divide(identity,double_divide(double_divide(X0,double_divide(X1,X2)),X3)) [superposition 16526,2983]
458666. double_divide(identity,double_divide(double_divide(X0,double_divide(X1,X2)),X3)) = double_divide(double_divide(X2,identity),double_divide(double_divide(X0,double_divide(identity,X1)),X3)) [forward demodulation 457885,350560]
458989. double_divide(identity,double_divide(double_divide(X0,double_divide(X1,X2)),X3)) = double_divide(double_divide(X2,identity),double_divide(identity,double_divide(X0,double_divide(X1,X3)))) [forward demodulation 458666,5332]
459256. double_divide(identity,double_divide(double_divide(X0,double_divide(X1,X2)),X3)) = double_divide(double_divide(X2,double_divide(identity,X0)),double_divide(X1,X3)) [forward demodulation 458989,1299]
459472. double_divide(identity,double_divide(double_divide(X0,double_divide(X1,X2)),X3)) = double_divide(identity,double_divide(X2,double_divide(X0,double_divide(X1,X3)))) [forward demodulation 459256,5332]
485543. double_divide(identity,double_divide(double_divide(identity,double_divide(X0,X1)),X2)) = double_divide(double_divide(identity,X2),double_divide(X1,X0)) [superposition 26339,131543]
486344. double_divide(double_divide(identity,X2),double_divide(X1,X0)) = double_divide(identity,double_divide(X1,double_divide(identity,double_divide(X0,X2)))) [forward demodulation 485543,459472]
486671. double_divide(double_divide(X1,identity),double_divide(X0,X2)) = double_divide(double_divide(identity,X2),double_divide(X1,X0)) [forward demodulation 486344,5755]
532885. double_divide(identity,double_divide(c3,double_divide(identity,double_divide(b3,a3)))) != double_divide(double_divide(c3,b3),double_divide(identity,a3)) [superposition 816,35871]
533351. double_divide(identity,double_divide(c3,double_divide(identity,double_divide(b3,a3)))) != double_divide(double_divide(identity,a3),double_divide(c3,b3)) [forward demodulation 532885,1318]
533743. double_divide(double_divide(identity,a3),double_divide(c3,b3)) != double_divide(double_divide(c3,identity),double_divide(b3,a3)) [forward demodulation 533351,5755]
534065. $false [forward subsumption resolution 533743,486671]
% SZS output end Proof for GRP579-1_clausified
% ------------------------------
% Version: Vampire 5.0.0 (Release build, commit 2e2c9b7b8 on 2026-01-17 12:24:14 +0100)
% Linked with Z3 4.14.0.0 3c47fd96cf5645d0c42b2c819d9e9a84380aa721 z3-4.8.4-9178-g3c47fd96c
% CaDiCaL version: 2.1.3
% Termination reason: Refutation
% Time elapsed: 5.903 s
% Peak memory usage: 131 MB
% Instructions burned: 20710 (million)
% ------------------------------
% ------------------------------
