% Running in auto input_syntax mode. Trying TPTP
% Refutation found. Thanks to Tanya!
% SZS status Unsatisfiable for GRP685+1_clausified
% SZS output start Proof for GRP685+1_clausified
1. ld(X0,mult(X0,X0)) = X0 [input(axiom)]
2. rd(mult(X0,X0),X0) = X0 [input(axiom)]
3. mult(X0,ld(X0,X1)) = ld(X0,mult(X0,X1)) [input(axiom)]
4. mult(rd(X0,X1),X1) = rd(mult(X0,X1),X1) [input(axiom)]
5. ld(ld(X0,X1),mult(ld(X0,X1),mult(X2,X3))) = mult(ld(X0,mult(X0,X2)),X3) [input(axiom)]
6. rd(mult(mult(X0,X1),rd(X2,X3)),rd(X2,X3)) = mult(X0,rd(mult(X1,X3),X3)) [input(axiom)]
7. ld(X0,mult(X0,ld(X1,X1))) = rd(mult(rd(X0,X0),X1),X1) [input(axiom)]
8. rd(mult(sK0,ld(sK1,sK2)),ld(sK1,sK2)) != rd(mult(sK0,sK2),sK2) | rd(mult(sK0,sK2),sK2) != rd(mult(sK0,rd(sK1,sK2)),rd(sK1,sK2)) [input(negated conjecture)]
10. 1 <=> rd(mult(sK0,sK2),sK2) = rd(mult(sK0,rd(sK1,sK2)),rd(sK1,sK2)) [avatar definition]
12. rd(mult(sK0,sK2),sK2) != rd(mult(sK0,rd(sK1,sK2)),rd(sK1,sK2)) <- (~1) [avatar component clause 10]
14. 2 <=> rd(mult(sK0,ld(sK1,sK2)),ld(sK1,sK2)) = rd(mult(sK0,sK2),sK2) [avatar definition]
16. rd(mult(sK0,ld(sK1,sK2)),ld(sK1,sK2)) != rd(mult(sK0,sK2),sK2) <- (~2) [avatar component clause 14]
17. ~1 | ~2 [avatar split clause 8,14,10]
18. mult(rd(X0,X0),X0) = X0 [forward demodulation 2,4]
19. mult(X0,ld(X0,X0)) = X0 [forward demodulation 1,3]
20. rd(mult(sK0,sK2),sK2) != mult(rd(sK0,rd(sK1,sK2)),rd(sK1,sK2)) <- (~1) [forward demodulation 12,4]
21. mult(rd(sK0,rd(sK1,sK2)),rd(sK1,sK2)) != mult(rd(sK0,sK2),sK2) <- (~1) [forward demodulation 20,4]
23. ld(X0,X0) = mult(X0,ld(X0,ld(X0,X0))) [superposition 3,19]
24. rd(X0,X0) = mult(rd(rd(X0,X0),X0),X0) [superposition 4,18]
25. rd(X0,ld(X0,X0)) = mult(rd(X0,ld(X0,X0)),ld(X0,X0)) [superposition 4,19]
27. ld(X0,X0) = rd(mult(rd(X0,X0),X0),X0) [superposition 7,19]
29. rd(mult(rd(X0,X0),X1),X1) = mult(X0,ld(X0,ld(X1,X1))) [superposition 3,7]
30. mult(X0,ld(X0,ld(X1,X1))) = mult(rd(rd(X0,X0),X1),X1) [forward demodulation 29,4]
32. ld(X0,X0) = mult(rd(rd(X0,X0),X0),X0) [forward demodulation 27,4]
34. rd(X0,X0) = ld(X0,X0) [forward demodulation 32,24]
36. rd(mult(rd(X1,X1),X0),X0) = ld(X1,mult(X1,rd(X0,X0))) [superposition 7,34]
37. mult(X0,rd(X0,X0)) = X0 [superposition 19,34]
38. rd(mult(rd(X1,X1),X0),X0) = mult(X1,ld(X1,rd(X0,X0))) [forward demodulation 36,3]
39. mult(X1,ld(X1,rd(X0,X0))) = mult(rd(rd(X1,X1),X0),X0) [forward demodulation 38,4]
40. mult(ld(X0,mult(X0,X2)),X3) = ld(mult(X0,ld(X0,X1)),mult(mult(X0,ld(X0,X1)),mult(X2,X3))) [superposition 5,3]
42. mult(ld(X0,mult(X0,X1)),X2) = ld(rd(X0,X0),mult(rd(X0,X0),mult(X1,X2))) [superposition 5,34]
43. mult(ld(ld(X0,X3),mult(ld(X0,X3),X4)),X5) = ld(mult(ld(X0,mult(X0,X1)),X2),mult(mult(ld(X0,mult(X0,X1)),X2),mult(X4,X5))) [superposition 5,5]
44. mult(ld(X1,mult(X1,rd(X0,X0))),X0) = ld(ld(X1,X2),mult(ld(X1,X2),X0)) [superposition 5,18]
45. ld(ld(X1,X2),mult(ld(X1,X2),X0)) = mult(ld(X1,mult(X1,X0)),ld(X0,X0)) [superposition 5,19]
47. mult(ld(X0,mult(X0,X1)),X2) = mult(ld(X0,X3),ld(ld(X0,X3),mult(X1,X2))) [superposition 3,5]
48. mult(ld(X0,X3),ld(ld(X0,X3),mult(X1,X2))) = mult(mult(X0,ld(X0,X1)),X2) [forward demodulation 47,3]
50. ld(ld(X1,X2),mult(ld(X1,X2),X0)) = mult(ld(X1,mult(X1,X0)),rd(X0,X0)) [forward demodulation 45,34]
51. mult(ld(X1,mult(X1,rd(X0,X0))),X0) = mult(ld(X1,X2),ld(ld(X1,X2),X0)) [forward demodulation 44,3]
52. mult(ld(ld(X0,X3),mult(ld(X0,X3),X4)),X5) = mult(mult(ld(X0,mult(X0,X1)),X2),ld(mult(ld(X0,mult(X0,X1)),X2),mult(X4,X5))) [forward demodulation 43,3]
53. mult(ld(X0,mult(X0,X1)),X2) = mult(rd(X0,X0),ld(rd(X0,X0),mult(X1,X2))) [forward demodulation 42,3]
55. mult(ld(X0,mult(X0,X2)),X3) = mult(mult(X0,ld(X0,X1)),ld(mult(X0,ld(X0,X1)),mult(X2,X3))) [forward demodulation 40,3]
56. ld(ld(X1,X2),mult(ld(X1,X2),X0)) = mult(mult(X1,ld(X1,X0)),rd(X0,X0)) [forward demodulation 50,3]
57. mult(ld(X1,X2),ld(ld(X1,X2),X0)) = mult(mult(X1,ld(X1,rd(X0,X0))),X0) [forward demodulation 51,3]
58. mult(ld(ld(X0,X3),mult(ld(X0,X3),X4)),X5) = mult(mult(mult(X0,ld(X0,X1)),X2),ld(mult(mult(X0,ld(X0,X1)),X2),mult(X4,X5))) [forward demodulation 52,3]
59. mult(mult(X0,ld(X0,X1)),X2) = mult(rd(X0,X0),ld(rd(X0,X0),mult(X1,X2))) [forward demodulation 53,3]
61. mult(mult(X0,ld(X0,X2)),X3) = mult(mult(X0,ld(X0,X1)),ld(mult(X0,ld(X0,X1)),mult(X2,X3))) [forward demodulation 55,3]
62. mult(ld(X1,X2),ld(ld(X1,X2),X0)) = mult(mult(X1,ld(X1,X0)),rd(X0,X0)) [forward demodulation 56,3]
63. mult(mult(mult(X0,ld(X0,X1)),X2),ld(mult(mult(X0,ld(X0,X1)),X2),mult(X4,X5))) = mult(mult(ld(X0,X3),ld(ld(X0,X3),X4)),X5) [forward demodulation 58,3]
67. rd(X0,rd(X0,X0)) = mult(rd(X0,rd(X0,X0)),rd(X0,X0)) [superposition 4,37]
68. ld(X0,X0) = mult(X0,ld(X0,rd(X0,X0))) [superposition 3,37]
69. rd(X0,X0) = mult(X0,ld(X0,rd(X0,X0))) [forward demodulation 68,34]
72. mult(rd(X0,X0),rd(mult(X0,X2),X2)) = rd(mult(X0,rd(X1,X2)),rd(X1,X2)) [superposition 6,18]
76. mult(X2,rd(mult(X3,X1),X1)) = rd(mult(mult(X2,X3),mult(rd(X0,X1),X1)),mult(rd(X0,X1),X1)) [superposition 6,4]
77. mult(X3,rd(mult(X4,rd(X5,X2)),rd(X5,X2))) = rd(mult(mult(X3,X4),mult(X0,rd(mult(X1,X2),X2))),mult(X0,rd(mult(X1,X2),X2))) [superposition 6,6]
79. mult(X0,rd(mult(X1,X2),X2)) = mult(rd(mult(X0,X1),rd(X3,X2)),rd(X3,X2)) [superposition 4,6]
80. mult(rd(mult(X0,X1),rd(X3,X2)),rd(X3,X2)) = mult(X0,mult(rd(X1,X2),X2)) [forward demodulation 79,4]
82. mult(X3,rd(mult(X4,rd(X5,X2)),rd(X5,X2))) = mult(rd(mult(X3,X4),mult(X0,rd(mult(X1,X2),X2))),mult(X0,rd(mult(X1,X2),X2))) [forward demodulation 77,4]
83. mult(X2,rd(mult(X3,X1),X1)) = mult(rd(mult(X2,X3),mult(rd(X0,X1),X1)),mult(rd(X0,X1),X1)) [forward demodulation 76,4]
87. mult(rd(X0,X0),rd(mult(X0,X2),X2)) = mult(rd(X0,rd(X1,X2)),rd(X1,X2)) [forward demodulation 72,4]
88. mult(X3,rd(mult(X4,rd(X5,X2)),rd(X5,X2))) = mult(rd(mult(X3,X4),mult(X0,mult(rd(X1,X2),X2))),mult(X0,mult(rd(X1,X2),X2))) [forward demodulation 82,4]
89. mult(rd(mult(X2,X3),mult(rd(X0,X1),X1)),mult(rd(X0,X1),X1)) = mult(X2,mult(rd(X3,X1),X1)) [forward demodulation 83,4]
92. mult(rd(X0,rd(X1,X2)),rd(X1,X2)) = mult(rd(X0,X0),mult(rd(X0,X2),X2)) [forward demodulation 87,4]
93. mult(rd(mult(X3,X4),mult(X0,mult(rd(X1,X2),X2))),mult(X0,mult(rd(X1,X2),X2))) = mult(X3,mult(rd(X4,rd(X5,X2)),rd(X5,X2))) [forward demodulation 88,4]
100. mult(X0,rd(mult(ld(X0,ld(X0,X0)),X2),X2)) = rd(mult(ld(X0,X0),rd(X1,X2)),rd(X1,X2)) [superposition 6,23]
107. mult(X0,rd(mult(ld(X0,ld(X0,X0)),X2),X2)) = mult(rd(ld(X0,X0),rd(X1,X2)),rd(X1,X2)) [forward demodulation 100,4]
109. mult(X0,rd(mult(ld(X0,rd(X0,X0)),X2),X2)) = mult(rd(rd(X0,X0),rd(X1,X2)),rd(X1,X2)) [forward demodulation 107,34]
111. mult(X0,rd(mult(ld(X0,rd(X0,X0)),X2),X2)) = mult(X0,ld(X0,ld(rd(X1,X2),rd(X1,X2)))) [forward demodulation 109,30]
113. mult(X0,rd(mult(ld(X0,rd(X0,X0)),X2),X2)) = mult(X0,ld(X0,rd(rd(X1,X2),rd(X1,X2)))) [forward demodulation 111,34]
115. mult(X0,ld(X0,rd(rd(X1,X2),rd(X1,X2)))) = mult(X0,mult(rd(ld(X0,rd(X0,X0)),X2),X2)) [forward demodulation 113,4]
117. mult(rd(rd(X0,X0),X0),rd(mult(X0,X2),X2)) = rd(mult(rd(X0,X0),rd(X1,X2)),rd(X1,X2)) [superposition 6,24]
122. mult(rd(rd(X0,X0),rd(X1,X2)),rd(X1,X2)) = mult(rd(rd(X0,X0),X0),rd(mult(X0,X2),X2)) [forward demodulation 117,4]
125. mult(rd(rd(X0,X0),rd(X1,X2)),rd(X1,X2)) = mult(rd(rd(X0,X0),X0),mult(rd(X0,X2),X2)) [forward demodulation 122,4]
127. mult(X0,ld(X0,ld(rd(X1,X2),rd(X1,X2)))) = mult(rd(rd(X0,X0),X0),mult(rd(X0,X2),X2)) [forward demodulation 125,30]
129. mult(X0,ld(X0,rd(rd(X1,X2),rd(X1,X2)))) = mult(rd(rd(X0,X0),X0),mult(rd(X0,X2),X2)) [forward demodulation 127,34]
155. rd(rd(X0,ld(X0,X0)),ld(X0,X0)) = mult(rd(rd(X0,ld(X0,X0)),ld(X0,X0)),ld(X0,X0)) [superposition 4,25]
158. rd(rd(X0,rd(X0,X0)),rd(X0,X0)) = mult(rd(rd(X0,rd(X0,X0)),rd(X0,X0)),rd(X0,X0)) [forward demodulation 155,34]
176. rd(X0,X0) = mult(X0,ld(X0,ld(rd(X0,X0),rd(X0,X0)))) [superposition 18,30]
189. rd(X0,X0) = mult(X0,ld(X0,rd(rd(X0,X0),rd(X0,X0)))) [forward demodulation 176,34]
198. rd(X0,X0) = mult(X0,mult(rd(ld(X0,rd(X0,X0)),X0),X0)) [forward demodulation 189,115]
293. mult(rd(X0,X0),X0) = mult(ld(X0,X1),ld(ld(X0,X1),X0)) [superposition 57,69]
322. mult(ld(X0,X1),ld(ld(X0,X1),X0)) = X0 [forward demodulation 293,18]
371. mult(rd(X0,X0),ld(rd(X0,X0),X1)) = mult(mult(X0,ld(X0,X1)),rd(X1,X1)) [superposition 62,34]
485. mult(mult(X0,X1),mult(rd(rd(X3,X2),X2),X2)) = mult(mult(X0,rd(mult(X1,X2),X2)),rd(X3,X2)) [superposition 80,6]
497. mult(mult(X0,X1),mult(rd(rd(X3,X2),X2),X2)) = mult(mult(X0,mult(rd(X1,X2),X2)),rd(X3,X2)) [forward demodulation 485,4]
566. mult(rd(X0,X0),X0) = mult(rd(X0,rd(X1,X0)),rd(X1,X0)) [superposition 92,18]
573. mult(rd(X0,rd(X1,X2)),rd(X1,X2)) = mult(rd(X0,rd(X3,X2)),rd(X3,X2)) [superposition 92,92]
574. mult(X0,mult(rd(X1,X2),X2)) = mult(rd(mult(X0,X1),mult(X0,X1)),mult(rd(mult(X0,X1),X2),X2)) [superposition 80,92]
577. mult(rd(sK0,sK2),sK2) != mult(rd(sK0,sK0),mult(rd(sK0,sK2),sK2)) <- (~1) [superposition 21,92]
606. mult(rd(X0,rd(X1,X0)),rd(X1,X0)) = X0 [forward demodulation 566,18]
634. mult(mult(X0,ld(X0,X1)),X2) = mult(X0,ld(X0,mult(X1,X2))) [superposition 61,19]
668. mult(mult(X0,ld(X0,X0)),ld(X0,X1)) = mult(mult(X0,ld(X0,X1)),rd(mult(X0,ld(X0,X1)),mult(X0,ld(X0,X1)))) [superposition 61,34]
685. mult(X0,ld(X0,X1)) = mult(mult(X0,ld(X0,X0)),ld(X0,X1)) [forward demodulation 668,37]
714. mult(X0,ld(X0,X1)) = mult(X0,ld(X0,mult(X0,ld(X0,X1)))) [forward demodulation 685,634]
729. mult(X0,ld(X0,X1)) = mult(X0,mult(X0,ld(X0,ld(X0,X1)))) [forward demodulation 714,3]
772. mult(ld(X1,X2),ld(ld(X1,X2),X0)) = mult(mult(X1,ld(X1,rd(X0,rd(X3,X0)))),rd(X3,X0)) [superposition 48,606]
773. mult(mult(X1,ld(X1,X3)),ld(mult(X1,ld(X1,X3)),X0)) = mult(mult(X1,ld(X1,rd(X0,rd(X2,X0)))),rd(X2,X0)) [superposition 61,606]
775. mult(mult(X1,ld(X1,X3)),ld(mult(X1,ld(X1,X3)),X0)) = mult(X1,ld(X1,mult(rd(X0,rd(X2,X0)),rd(X2,X0)))) [forward demodulation 773,634]
776. mult(ld(X1,X2),ld(ld(X1,X2),X0)) = mult(X1,ld(X1,mult(rd(X0,rd(X3,X0)),rd(X3,X0)))) [forward demodulation 772,634]
786. mult(X1,ld(X1,X0)) = mult(mult(X1,ld(X1,X3)),ld(mult(X1,ld(X1,X3)),X0)) [forward demodulation 775,606]
787. mult(ld(X1,X2),ld(ld(X1,X2),X0)) = mult(X1,ld(X1,X0)) [forward demodulation 776,606]
791. mult(X1,ld(X1,X0)) = mult(X1,ld(X1,mult(X3,ld(mult(X1,ld(X1,X3)),X0)))) [forward demodulation 786,634]
821. mult(X1,mult(rd(X2,X0),X0)) = mult(rd(mult(X1,X2),X0),X0) [superposition 89,18]
829. mult(rd(mult(X1,X2),X0),X0) = mult(X1,mult(rd(X2,rd(X3,X0)),rd(X3,X0))) [superposition 89,606]
953. mult(mult(ld(X0,X4),ld(ld(X0,X4),X2)),X3) = mult(mult(X0,X1),ld(mult(X0,X1),mult(X2,X3))) [superposition 63,19]
1019. mult(X0,X3) = mult(mult(mult(X0,ld(X0,X1)),X2),ld(mult(mult(X0,ld(X0,X1)),X2),mult(X0,X3))) [superposition 63,322]
1020. mult(ld(X0,X1),X4) = mult(mult(mult(X0,ld(X0,X2)),X3),ld(mult(mult(X0,ld(X0,X2)),X3),mult(ld(X0,X1),X4))) [superposition 63,19]
1058. mult(mult(ld(X0,X5),ld(ld(X0,X5),X3)),ld(mult(ld(X0,X5),ld(ld(X0,X5),X3)),X4)) = ld(mult(ld(X0,X5),ld(ld(X0,X5),X3)),mult(mult(mult(X0,ld(X0,X1)),X2),ld(mult(mult(X0,ld(X0,X1)),X2),mult(X3,X4)))) [superposition 3,63]
1075. mult(mult(ld(X0,X5),ld(ld(X0,X5),X3)),ld(mult(ld(X0,X5),ld(ld(X0,X5),X3)),X4)) = ld(mult(ld(X0,X5),ld(ld(X0,X5),X3)),mult(mult(X0,ld(X0,mult(X1,X2))),ld(mult(X0,ld(X0,mult(X1,X2))),mult(X3,X4)))) [forward demodulation 1058,634]
1113. mult(ld(X0,X1),X4) = mult(mult(X0,ld(X0,mult(X2,X3))),ld(mult(X0,ld(X0,mult(X2,X3))),mult(ld(X0,X1),X4))) [forward demodulation 1020,634]
1114. mult(X0,X3) = mult(mult(X0,ld(X0,mult(X1,X2))),ld(mult(X0,ld(X0,mult(X1,X2))),mult(X0,X3))) [forward demodulation 1019,634]
1176. mult(mult(X0,X1),ld(mult(X0,X1),mult(X2,X3))) = mult(ld(X0,X4),ld(ld(X0,X4),mult(X2,X3))) [forward demodulation 953,634]
1190. mult(mult(ld(X0,X5),ld(ld(X0,X5),X3)),ld(mult(ld(X0,X5),ld(ld(X0,X5),X3)),X4)) = ld(mult(ld(X0,X5),ld(ld(X0,X5),X3)),mult(mult(X0,ld(X0,X3)),X4)) [forward demodulation 1075,61]
1228. mult(ld(X0,X1),X4) = mult(mult(X0,ld(X0,ld(X0,X1))),X4) [forward demodulation 1113,61]
1229. mult(X0,X3) = mult(mult(X0,ld(X0,X0)),X3) [forward demodulation 1114,61]
1290. mult(mult(X0,ld(X0,X2)),X3) = mult(mult(X0,X1),ld(mult(X0,X1),mult(X2,X3))) [forward demodulation 1176,48]
1304. mult(mult(ld(X0,X5),ld(ld(X0,X5),X3)),ld(mult(ld(X0,X5),ld(ld(X0,X5),X3)),X4)) = ld(mult(ld(X0,X5),ld(ld(X0,X5),X3)),mult(X0,ld(X0,mult(X3,X4)))) [forward demodulation 1190,634]
1342. mult(ld(X0,X1),X4) = mult(X0,ld(X0,mult(ld(X0,X1),X4))) [forward demodulation 1228,634]
1343. mult(X0,X3) = mult(X0,ld(X0,mult(X0,X3))) [forward demodulation 1229,634]
1402. mult(X0,ld(X0,mult(X2,X3))) = mult(mult(X0,X1),ld(mult(X0,X1),mult(X2,X3))) [forward demodulation 1290,634]
1415. mult(mult(X0,ld(X0,X3)),ld(mult(X0,ld(X0,X3)),X4)) = ld(mult(X0,ld(X0,X3)),mult(X0,ld(X0,mult(X3,X4)))) [forward demodulation 1304,787]
1444. mult(X0,X3) = mult(X0,mult(X0,ld(X0,X3))) [forward demodulation 1343,3]
1508. ld(mult(X0,ld(X0,X3)),mult(X0,ld(X0,mult(X3,X4)))) = mult(X0,ld(X0,mult(X3,ld(mult(X0,ld(X0,X3)),X4)))) [forward demodulation 1415,634]
1577. mult(X0,ld(X0,X4)) = ld(mult(X0,ld(X0,X3)),mult(X0,ld(X0,mult(X3,X4)))) [forward demodulation 1508,791]
1747. mult(rd(X0,mult(X1,mult(rd(X2,X3),X3))),mult(X1,mult(rd(X2,X3),X3))) = mult(X0,mult(rd(rd(X0,X0),rd(X4,X3)),rd(X4,X3))) [superposition 93,37]
1780. mult(X4,mult(rd(X5,rd(X9,mult(X7,mult(rd(X8,X3),X3)))),rd(X9,mult(X7,mult(rd(X8,X3),X3))))) = mult(rd(mult(X4,X5),mult(X6,mult(X0,mult(rd(X1,rd(X2,X3)),rd(X2,X3))))),mult(X6,mult(X0,mult(rd(X1,rd(X2,X3)),rd(X2,X3))))) [superposition 93,93]
1784. mult(rd(mult(X1,X2),mult(X3,X0)),mult(X3,X0)) = mult(X1,mult(rd(X2,rd(X5,rd(X4,X0))),rd(X5,rd(X4,X0)))) [superposition 93,606]
1822. mult(rd(mult(X0,X1),rd(X4,mult(X5,mult(rd(X6,X3),X3)))),rd(X4,mult(X5,mult(rd(X6,X3),X3)))) = mult(rd(mult(X0,X1),mult(X0,X1)),mult(X0,mult(rd(X1,rd(X2,X3)),rd(X2,X3)))) [superposition 92,93]
1883. mult(rd(mult(X0,X1),rd(X4,mult(X5,mult(rd(X6,X3),X3)))),rd(X4,mult(X5,mult(rd(X6,X3),X3)))) = mult(rd(mult(X0,X1),mult(X0,X1)),mult(rd(mult(X0,X1),X3),X3)) [forward demodulation 1822,829]
1919. mult(rd(mult(X1,X2),mult(X3,X0)),mult(X3,X0)) = mult(rd(mult(X1,X2),rd(X4,X0)),rd(X4,X0)) [forward demodulation 1784,829]
1923. mult(X4,mult(rd(X5,rd(X9,mult(X7,mult(rd(X8,X3),X3)))),rd(X9,mult(X7,mult(rd(X8,X3),X3))))) = mult(X4,mult(rd(X5,mult(X6,mult(X0,mult(rd(X1,rd(X2,X3)),rd(X2,X3))))),mult(X6,mult(X0,mult(rd(X1,rd(X2,X3)),rd(X2,X3)))))) [forward demodulation 1780,821]
1955. mult(rd(X0,mult(X1,mult(rd(X2,X3),X3))),mult(X1,mult(rd(X2,X3),X3))) = mult(rd(mult(X0,rd(X0,X0)),X3),X3) [forward demodulation 1747,829]
1985. mult(X0,mult(rd(X1,X3),X3)) = mult(rd(mult(X0,X1),rd(X4,mult(X5,mult(rd(X6,X3),X3)))),rd(X4,mult(X5,mult(rd(X6,X3),X3)))) [forward demodulation 1883,574]
2013. mult(X1,mult(rd(X2,X0),X0)) = mult(rd(mult(X1,X2),mult(X3,X0)),mult(X3,X0)) [forward demodulation 1919,80]
2017. mult(X4,mult(rd(X5,rd(X9,mult(X7,mult(rd(X8,X3),X3)))),rd(X9,mult(X7,mult(rd(X8,X3),X3))))) = mult(X4,mult(rd(X5,mult(X6,mult(rd(mult(X0,X1),X3),X3))),mult(X6,mult(rd(mult(X0,X1),X3),X3)))) [forward demodulation 1923,829]
2047. mult(rd(X0,mult(X1,mult(rd(X2,X3),X3))),mult(X1,mult(rd(X2,X3),X3))) = mult(X0,mult(rd(rd(X0,X0),X3),X3)) [forward demodulation 1955,821]
2073. mult(X0,mult(rd(X1,X3),X3)) = mult(X0,mult(rd(X1,mult(X5,mult(rd(X6,X3),X3))),mult(X5,mult(rd(X6,X3),X3)))) [forward demodulation 1985,80]
2094. mult(X1,mult(rd(X2,X0),X0)) = mult(X1,mult(rd(X2,mult(X3,X0)),mult(X3,X0))) [forward demodulation 2013,821]
2098. mult(X4,mult(rd(X5,rd(X9,mult(X7,mult(rd(X8,X3),X3)))),rd(X9,mult(X7,mult(rd(X8,X3),X3))))) = mult(X4,mult(rd(X5,mult(X6,mult(X0,mult(rd(X1,X3),X3)))),mult(X6,mult(X0,mult(rd(X1,X3),X3))))) [forward demodulation 2017,821]
2127. mult(rd(X0,mult(X1,mult(rd(X2,X3),X3))),mult(X1,mult(rd(X2,X3),X3))) = mult(X0,mult(X0,ld(X0,ld(X3,X3)))) [forward demodulation 2047,30]
2161. mult(X4,mult(rd(X5,rd(X9,mult(X7,mult(rd(X8,X3),X3)))),rd(X9,mult(X7,mult(rd(X8,X3),X3))))) = mult(X4,mult(rd(X5,mult(X0,mult(rd(X1,X3),X3))),mult(X0,mult(rd(X1,X3),X3)))) [forward demodulation 2098,2094]
2188. mult(rd(X0,mult(X1,mult(rd(X2,X3),X3))),mult(X1,mult(rd(X2,X3),X3))) = mult(X0,ld(X3,X3)) [forward demodulation 2127,1444]
2210. mult(X4,mult(rd(X5,X3),X3)) = mult(X4,mult(rd(X5,rd(X9,mult(X7,mult(rd(X8,X3),X3)))),rd(X9,mult(X7,mult(rd(X8,X3),X3))))) [forward demodulation 2161,2073]
2233. mult(rd(X0,mult(X1,mult(rd(X2,X3),X3))),mult(X1,mult(rd(X2,X3),X3))) = mult(X0,rd(X3,X3)) [forward demodulation 2188,34]
2251. mult(X4,mult(rd(X5,X3),X3)) = mult(rd(mult(X4,X5),mult(X7,mult(rd(X8,X3),X3))),mult(X7,mult(rd(X8,X3),X3))) [forward demodulation 2210,829]
2275. mult(X4,mult(rd(X5,X3),X3)) = mult(mult(X4,X5),rd(X3,X3)) [forward demodulation 2251,2233]
2315. mult(rd(mult(X0,X1),mult(rd(X2,X3),X3)),mult(rd(X2,X3),X3)) = mult(X0,mult(rd(mult(X0,ld(X0,X1)),X3),X3)) [superposition 89,1444]
2323. mult(rd(mult(X0,X1),mult(rd(X2,X3),X3)),mult(rd(X2,X3),X3)) = mult(X0,mult(X0,mult(rd(ld(X0,X1),X3),X3))) [forward demodulation 2315,821]
2345. mult(X0,mult(rd(X1,X3),X3)) = mult(X0,mult(X0,mult(rd(ld(X0,X1),X3),X3))) [forward demodulation 2323,89]
2463. rd(mult(rd(X0,X0),rd(X1,X2)),rd(X1,X2)) = mult(X0,rd(mult(mult(rd(ld(X0,rd(X0,X0)),X0),X0),X2),X2)) [superposition 6,198]
2469. mult(rd(rd(X0,X0),mult(X1,mult(rd(X2,X3),X3))),mult(X1,mult(rd(X2,X3),X3))) = mult(X0,mult(rd(mult(rd(ld(X0,rd(X0,X0)),X0),X0),rd(X4,X3)),rd(X4,X3))) [superposition 93,198]
2476. mult(rd(rd(X0,X0),mult(X1,mult(rd(X2,X3),X3))),mult(X1,mult(rd(X2,X3),X3))) = mult(rd(mult(X0,mult(rd(ld(X0,rd(X0,X0)),X0),X0)),X3),X3) [forward demodulation 2469,829]
2482. rd(mult(rd(X0,X0),rd(X1,X2)),rd(X1,X2)) = mult(X0,mult(rd(mult(rd(ld(X0,rd(X0,X0)),X0),X0),X2),X2)) [forward demodulation 2463,4]
2493. mult(rd(rd(X0,X0),mult(X1,mult(rd(X2,X3),X3))),mult(X1,mult(rd(X2,X3),X3))) = mult(X0,mult(rd(mult(rd(ld(X0,rd(X0,X0)),X0),X0),X3),X3)) [forward demodulation 2476,821]
2499. rd(mult(rd(X0,X0),rd(X1,X2)),rd(X1,X2)) = mult(X0,mult(rd(ld(X0,rd(X0,X0)),X0),mult(rd(X0,X2),X2))) [forward demodulation 2482,821]
2509. mult(rd(rd(X0,X0),mult(X1,mult(rd(X2,X3),X3))),mult(X1,mult(rd(X2,X3),X3))) = mult(X0,mult(rd(ld(X0,rd(X0,X0)),X0),mult(rd(X0,X3),X3))) [forward demodulation 2493,821]
2514. mult(rd(rd(X0,X0),rd(X1,X2)),rd(X1,X2)) = mult(X0,mult(rd(ld(X0,rd(X0,X0)),X0),mult(rd(X0,X2),X2))) [forward demodulation 2499,4]
2520. mult(X0,mult(rd(ld(X0,rd(X0,X0)),X0),mult(rd(X0,X3),X3))) = mult(rd(X0,X0),rd(X3,X3)) [forward demodulation 2509,2233]
2522. mult(X0,ld(X0,ld(rd(X1,X2),rd(X1,X2)))) = mult(X0,mult(rd(ld(X0,rd(X0,X0)),X0),mult(rd(X0,X2),X2))) [forward demodulation 2514,30]
2527. mult(X0,ld(X0,ld(rd(X1,X2),rd(X1,X2)))) = mult(rd(X0,X0),rd(X2,X2)) [forward demodulation 2522,2520]
2530. mult(X0,ld(X0,rd(rd(X1,X2),rd(X1,X2)))) = mult(rd(X0,X0),rd(X2,X2)) [forward demodulation 2527,34]
2908. mult(X0,mult(rd(mult(X0,ld(X0,ld(X0,X1))),rd(X5,X4)),rd(X5,X4))) = mult(rd(mult(X0,ld(X0,X1)),mult(X2,mult(rd(X3,X4),X4))),mult(X2,mult(rd(X3,X4),X4))) [superposition 93,729]
2916. mult(X0,mult(rd(mult(X0,ld(X0,ld(X0,X1))),rd(X5,X4)),rd(X5,X4))) = mult(mult(X0,ld(X0,X1)),rd(X4,X4)) [forward demodulation 2908,2233]
2932. mult(X0,mult(rd(mult(X0,ld(X0,ld(X0,X1))),rd(X5,X4)),rd(X5,X4))) = mult(X0,ld(X0,mult(X1,rd(X4,X4)))) [forward demodulation 2916,634]
2947. mult(X0,ld(X0,mult(X1,rd(X4,X4)))) = mult(rd(mult(X0,mult(X0,ld(X0,ld(X0,X1)))),X4),X4) [forward demodulation 2932,829]
2956. mult(X0,ld(X0,mult(X1,rd(X4,X4)))) = mult(X0,mult(rd(mult(X0,ld(X0,ld(X0,X1))),X4),X4)) [forward demodulation 2947,821]
2963. mult(X0,ld(X0,mult(X1,rd(X4,X4)))) = mult(X0,mult(X0,mult(rd(ld(X0,ld(X0,X1)),X4),X4))) [forward demodulation 2956,821]
2969. mult(X0,mult(rd(ld(X0,X1),X4),X4)) = mult(X0,ld(X0,mult(X1,rd(X4,X4)))) [forward demodulation 2963,2345]
2981. mult(rd(X0,X1),X1) = mult(X0,mult(rd(rd(X0,X0),X1),X1)) [superposition 821,37]
2983. mult(rd(rd(X0,X0),X1),X1) = mult(X0,mult(rd(mult(rd(ld(X0,rd(X0,X0)),X0),X0),X1),X1)) [superposition 821,198]
2998. mult(rd(X0,X1),X1) = mult(rd(X0,X0),mult(rd(X0,X1),X1)) [superposition 821,18]
3013. mult(mult(rd(X0,X1),X1),X1) = mult(X0,mult(rd(X1,X1),X1)) [superposition 821,4]
3072. mult(X0,X1) = mult(mult(rd(X0,X1),X1),X1) [forward demodulation 3013,18]
3100. mult(rd(rd(X0,X0),X1),X1) = mult(X0,mult(rd(ld(X0,rd(X0,X0)),X0),mult(rd(X0,X1),X1))) [forward demodulation 2983,821]
3102. mult(rd(X0,X1),X1) = mult(X0,mult(X0,ld(X0,ld(X1,X1)))) [forward demodulation 2981,30]
3140. mult(rd(rd(X0,X0),X1),X1) = mult(rd(X0,X0),rd(X1,X1)) [forward demodulation 3100,2520]
3142. mult(rd(X0,X1),X1) = mult(X0,ld(X1,X1)) [forward demodulation 3102,1444]
3170. mult(X0,ld(X0,ld(X1,X1))) = mult(rd(X0,X0),rd(X1,X1)) [forward demodulation 3140,30]
3172. mult(rd(X0,X1),X1) = mult(X0,rd(X1,X1)) [forward demodulation 3142,34]
3193. mult(X0,ld(X0,rd(X1,X1))) = mult(rd(X0,X0),rd(X1,X1)) [forward demodulation 3170,34]
3253. rd(ld(X0,X1),ld(X0,X1)) = mult(X0,ld(X0,rd(ld(X0,X1),ld(X0,X1)))) [superposition 1342,198]
3386. mult(rd(X0,X0),X1) = mult(mult(X0,ld(X0,rd(X1,X1))),X1) [superposition 3072,39]
3391. mult(X0,ld(X0,X0)) = mult(rd(X0,ld(X0,X0)),ld(X0,X0)) [superposition 3072,25]
3393. mult(X0,rd(X2,X1)) = mult(mult(rd(X0,X0),mult(rd(X0,X1),X1)),rd(X2,X1)) [superposition 3072,92]
3427. mult(X0,rd(X2,X1)) = mult(mult(rd(X0,X0),X0),mult(rd(rd(X2,X1),X1),X1)) [forward demodulation 3393,497]
3429. mult(X0,ld(X0,X0)) = mult(X0,rd(ld(X0,X0),ld(X0,X0))) [forward demodulation 3391,3172]
3434. mult(rd(X0,X0),X1) = mult(X0,ld(X0,mult(rd(X1,X1),X1))) [forward demodulation 3386,634]
3451. mult(X0,rd(X2,X1)) = mult(mult(rd(X0,X0),X0),mult(rd(X2,X1),rd(X1,X1))) [forward demodulation 3427,3172]
3452. mult(X0,rd(X0,X0)) = mult(X0,rd(rd(X0,X0),rd(X0,X0))) [forward demodulation 3429,34]
3456. mult(X0,ld(X0,X1)) = mult(rd(X0,X0),X1) [forward demodulation 3434,18]
3471. mult(X0,rd(X2,X1)) = mult(X0,mult(rd(X2,X1),rd(X1,X1))) [forward demodulation 3451,18]
3472. mult(X0,rd(rd(X0,X0),rd(X0,X0))) = X0 [forward demodulation 3452,37]
3558. mult(ld(X0,X2),ld(ld(X0,X2),X1)) = mult(X0,mult(rd(ld(X0,X1),X1),X1)) [superposition 62,2275]
3563. mult(X0,rd(X1,X1)) = mult(rd(X0,rd(X1,X1)),mult(rd(rd(X1,X1),X1),X1)) [superposition 3072,2275]
3587. mult(X0,rd(X1,X1)) = mult(rd(X0,rd(X1,X1)),mult(rd(X1,X1),rd(X1,X1))) [forward demodulation 3563,3172]
3591. mult(ld(X0,X2),ld(ld(X0,X2),X1)) = mult(X0,mult(ld(X0,X1),rd(X1,X1))) [forward demodulation 3558,3172]
3645. mult(X0,rd(X1,X1)) = mult(rd(X0,rd(X1,X1)),rd(X1,X1)) [forward demodulation 3587,3471]
3648. mult(X0,ld(X0,X1)) = mult(X0,mult(ld(X0,X1),rd(X1,X1))) [forward demodulation 3591,787]
3694. mult(X0,rd(X1,X1)) = mult(X0,rd(rd(X1,X1),rd(X1,X1))) [forward demodulation 3645,3172]
3869. rd(X0,ld(X0,X0)) = mult(X0,rd(ld(X0,X0),ld(X0,X0))) [superposition 25,3172]
3871. mult(rd(X0,X0),mult(rd(X0,X2),X2)) = mult(X0,rd(rd(X1,X2),rd(X1,X2))) [superposition 92,3172]
3883. mult(sK0,rd(sK2,sK2)) != mult(rd(sK0,sK0),mult(sK0,rd(sK2,sK2))) <- (~1) [superposition 577,3172]
3913. mult(sK0,rd(sK2,sK2)) != mult(sK0,ld(sK0,mult(sK0,rd(sK2,sK2)))) <- (~1) [forward demodulation 3883,3456]
3920. mult(rd(X0,X2),X2) = mult(X0,rd(rd(X1,X2),rd(X1,X2))) [forward demodulation 3871,2998]
3922. rd(X0,rd(X0,X0)) = mult(X0,rd(rd(X0,X0),rd(X0,X0))) [forward demodulation 3869,34]
3949. mult(sK0,rd(sK2,sK2)) != mult(sK0,mult(rd(ld(sK0,sK0),sK2),sK2)) <- (~1) [forward demodulation 3913,2969]
3951. mult(X0,rd(rd(X1,X2),rd(X1,X2))) = mult(X0,rd(X2,X2)) [forward demodulation 3920,3172]
3953. rd(X0,rd(X0,X0)) = X0 [forward demodulation 3922,3472]
3976. mult(sK0,rd(sK2,sK2)) != mult(sK0,mult(ld(sK0,sK0),rd(sK2,sK2))) <- (~1) [forward demodulation 3949,3172]
3995. mult(sK0,rd(sK2,sK2)) != mult(sK0,mult(rd(sK0,sK0),rd(sK2,sK2))) <- (~1) [forward demodulation 3976,34]
4011. mult(sK0,rd(sK2,sK2)) != mult(sK0,mult(sK0,ld(sK0,rd(sK2,sK2)))) <- (~1) [forward demodulation 3995,3193]
4024. $false <- (~1) [forward subsumption resolution 4011,1444]
4025. 1 [avatar contradiction clause 4024]
4040. rd(mult(sK0,ld(sK1,sK2)),ld(sK1,sK2)) != mult(rd(sK0,sK2),sK2) <- (~2) [forward demodulation 16,4]
4042. rd(mult(sK0,ld(sK1,sK2)),ld(sK1,sK2)) != mult(sK0,rd(sK2,sK2)) <- (~2) [forward demodulation 4040,3172]
4044. mult(sK0,rd(sK2,sK2)) != mult(rd(sK0,ld(sK1,sK2)),ld(sK1,sK2)) <- (~2) [forward demodulation 4042,4]
4045. mult(sK0,rd(sK2,sK2)) != mult(sK0,rd(ld(sK1,sK2),ld(sK1,sK2))) <- (~2) [forward demodulation 4044,3172]
4122. mult(mult(X1,ld(X1,rd(X0,rd(X2,X0)))),rd(X2,X0)) = mult(rd(X1,X1),ld(rd(X1,X1),X0)) [superposition 59,606]
4173. mult(mult(X1,ld(X1,rd(X0,rd(X2,X0)))),rd(X2,X0)) = mult(X1,ld(X1,ld(rd(X1,X1),X0))) [forward demodulation 4122,3456]
4231. mult(X1,ld(X1,mult(rd(X0,rd(X2,X0)),rd(X2,X0)))) = mult(X1,ld(X1,ld(rd(X1,X1),X0))) [forward demodulation 4173,634]
4277. mult(X1,ld(X1,X0)) = mult(X1,ld(X1,ld(rd(X1,X1),X0))) [forward demodulation 4231,606]
4738. rd(rd(X0,X0),rd(X0,X0)) = mult(X0,ld(X0,ld(rd(X0,X0),rd(rd(X0,X0),rd(X0,X0))))) [superposition 69,3456]
4747. rd(rd(X0,X0),rd(X0,X0)) = mult(X0,ld(X0,rd(rd(X0,X0),rd(X0,X0)))) [forward demodulation 4738,4277]
4814. rd(rd(X0,X0),rd(X0,X0)) = mult(X0,mult(rd(ld(X0,rd(X0,X0)),X0),X0)) [forward demodulation 4747,115]
4866. rd(X0,X0) = rd(rd(X0,X0),rd(X0,X0)) [forward demodulation 4814,198]
6215. mult(X0,rd(mult(ld(X0,X1),X1),X1)) = rd(mult(rd(X0,X0),ld(rd(X0,X0),X1)),rd(X1,X1)) [superposition 6,371]
6252. mult(X0,rd(mult(ld(X0,X1),X1),X1)) = rd(mult(X0,ld(X0,ld(rd(X0,X0),X1))),rd(X1,X1)) [forward demodulation 6215,3456]
6321. mult(X0,rd(mult(ld(X0,X1),X1),X1)) = rd(mult(X0,ld(X0,X1)),rd(X1,X1)) [forward demodulation 6252,4277]
6388. mult(X0,mult(rd(ld(X0,X1),X1),X1)) = rd(mult(X0,ld(X0,X1)),rd(X1,X1)) [forward demodulation 6321,4]
6452. mult(X0,mult(ld(X0,X1),rd(X1,X1))) = rd(mult(X0,ld(X0,X1)),rd(X1,X1)) [forward demodulation 6388,3172]
6506. mult(X0,ld(X0,X1)) = rd(mult(X0,ld(X0,X1)),rd(X1,X1)) [forward demodulation 6452,3648]
8633. rd(X0,X1) = mult(rd(rd(X0,X1),rd(X2,X1)),rd(X2,X1)) [superposition 18,573]
8689. rd(X0,X1) = mult(rd(X0,X1),rd(rd(X2,X1),rd(X2,X1))) [forward demodulation 8633,3172]
8781. rd(X0,X1) = mult(rd(X0,X1),rd(X1,X1)) [forward demodulation 8689,3951]
9143. rd(X1,rd(X0,X0)) = mult(rd(X1,rd(X0,X0)),rd(X0,X0)) [superposition 8781,4866]
9174. rd(X1,rd(X0,X0)) = mult(X1,rd(rd(X0,X0),rd(X0,X0))) [forward demodulation 9143,3172]
9191. mult(X1,rd(X0,X0)) = rd(X1,rd(X0,X0)) [forward demodulation 9174,3694]
10285. mult(X1,ld(X1,X0)) = mult(mult(X1,X3),ld(mult(X1,X3),X0)) [superposition 1402,606]
16831. mult(mult(X0,X1),ld(mult(X0,X1),rd(rd(X2,X1),rd(X2,X1)))) = mult(rd(rd(mult(X0,X1),mult(X0,X1)),mult(X0,X1)),mult(mult(rd(X0,X1),X1),X1)) [superposition 129,4]
17037. mult(rd(rd(mult(X0,X1),mult(X0,X1)),mult(X0,X1)),mult(X0,X1)) = mult(mult(X0,X1),ld(mult(X0,X1),rd(rd(X2,X1),rd(X2,X1)))) [forward demodulation 16831,3072]
17163. mult(rd(mult(X0,X1),mult(X0,X1)),rd(X1,X1)) = mult(rd(rd(mult(X0,X1),mult(X0,X1)),mult(X0,X1)),mult(X0,X1)) [forward demodulation 17037,2530]
17280. mult(rd(mult(X0,X1),mult(X0,X1)),rd(X1,X1)) = mult(rd(mult(X0,X1),mult(X0,X1)),rd(mult(X0,X1),mult(X0,X1))) [forward demodulation 17163,3172]
17389. mult(mult(X0,X1),ld(mult(X0,X1),rd(mult(X0,X1),mult(X0,X1)))) = mult(rd(mult(X0,X1),mult(X0,X1)),rd(X1,X1)) [forward demodulation 17280,3193]
17488. mult(mult(X0,X1),ld(mult(X0,X1),rd(mult(X0,X1),mult(X0,X1)))) = mult(mult(X0,X1),ld(mult(X0,X1),rd(X1,X1))) [forward demodulation 17389,3193]
17568. mult(X0,ld(X0,rd(X1,X1))) = mult(mult(X0,X1),ld(mult(X0,X1),rd(mult(X0,X1),mult(X0,X1)))) [forward demodulation 17488,10285]
17640. mult(X0,ld(X0,rd(X1,X1))) = rd(mult(X0,X1),mult(X0,X1)) [forward demodulation 17568,69]
18601. mult(X1,ld(X1,rd(X0,X0))) = ld(mult(X1,ld(X1,rd(rd(X0,rd(X0,X0)),rd(X0,X0)))),mult(X1,ld(X1,rd(rd(X0,rd(X0,X0)),rd(X0,X0))))) [superposition 1577,158]
18606. mult(X1,ld(X1,rd(X0,X0))) = rd(mult(X1,ld(X1,rd(rd(X0,rd(X0,X0)),rd(X0,X0)))),mult(X1,ld(X1,rd(rd(X0,rd(X0,X0)),rd(X0,X0))))) [forward demodulation 18601,34]
18638. mult(X1,ld(X1,rd(X0,X0))) = mult(X1,ld(X1,rd(ld(X1,rd(rd(X0,rd(X0,X0)),rd(X0,X0))),ld(X1,rd(rd(X0,rd(X0,X0)),rd(X0,X0)))))) [forward demodulation 18606,17640]
18667. mult(X1,ld(X1,rd(X0,X0))) = rd(ld(X1,rd(rd(X0,rd(X0,X0)),rd(X0,X0))),ld(X1,rd(rd(X0,rd(X0,X0)),rd(X0,X0)))) [forward demodulation 18638,3253]
18694. mult(X1,ld(X1,rd(X0,X0))) = rd(ld(X1,mult(rd(X0,rd(X0,X0)),rd(X0,X0))),ld(X1,mult(rd(X0,rd(X0,X0)),rd(X0,X0)))) [forward demodulation 18667,9191]
18718. mult(X1,ld(X1,rd(X0,X0))) = rd(ld(X1,rd(X0,rd(X0,X0))),ld(X1,rd(X0,rd(X0,X0)))) [forward demodulation 18694,67]
18737. mult(X1,ld(X1,rd(X0,X0))) = rd(ld(X1,X0),ld(X1,X0)) [forward demodulation 18718,3953]
29544. mult(rd(X2,rd(X3,rd(X1,X1))),rd(X3,rd(X1,X1))) = mult(rd(X2,mult(X0,ld(X0,X1))),mult(X0,ld(X0,X1))) [superposition 573,6506]
29563. mult(rd(X2,rd(X3,rd(X1,X1))),rd(X3,rd(X1,X1))) = mult(X2,rd(mult(X0,ld(X0,X1)),mult(X0,ld(X0,X1)))) [forward demodulation 29544,3172]
29623. mult(rd(X2,rd(X3,rd(X1,X1))),rd(X3,rd(X1,X1))) = mult(X2,mult(X0,ld(X0,rd(ld(X0,X1),ld(X0,X1))))) [forward demodulation 29563,17640]
29676. mult(rd(X2,rd(X3,rd(X1,X1))),rd(X3,rd(X1,X1))) = mult(X2,rd(ld(X0,X1),ld(X0,X1))) [forward demodulation 29623,3253]
29722. mult(X2,mult(X0,ld(X0,rd(X1,X1)))) = mult(rd(X2,rd(X3,rd(X1,X1))),rd(X3,rd(X1,X1))) [forward demodulation 29676,18737]
29762. mult(X2,mult(X0,ld(X0,rd(X1,X1)))) = mult(X2,rd(rd(X3,rd(X1,X1)),rd(X3,rd(X1,X1)))) [forward demodulation 29722,3172]
29799. mult(X2,mult(X0,ld(X0,rd(X1,X1)))) = mult(X2,rd(rd(X1,X1),rd(X1,X1))) [forward demodulation 29762,3951]
29833. mult(X2,mult(X0,ld(X0,rd(X1,X1)))) = mult(X2,rd(X1,X1)) [forward demodulation 29799,3694]
44504. mult(sK0,rd(sK2,sK2)) != mult(sK0,mult(sK1,ld(sK1,rd(sK2,sK2)))) <- (~2) [superposition 4045,18737]
44712. $false <- (~2) [forward subsumption resolution 44504,29833]
44713. 2 [avatar contradiction clause 44712]
s1. ~2 | ~1 [sat_conversion 17]
s2. 1 [sat_conversion 4025]
s3. 2 [sat_conversion 44713]
s4. # [rat s1,s2,s3]
45142. $false [avatar sat refutation s4]
% SZS output end Proof for GRP685+1_clausified
% ------------------------------
% Version: Vampire 5.0.0 (Release build, commit 2e2c9b7b8 on 2026-01-17 12:24:14 +0100)
% Linked with Z3 4.14.0.0 3c47fd96cf5645d0c42b2c819d9e9a84380aa721 z3-4.8.4-9178-g3c47fd96c
% CaDiCaL version: 2.1.3
% Termination reason: Refutation
% Time elapsed: 0.399 s
% Peak memory usage: 70 MB
% Instructions burned: 1536 (million)
% ------------------------------
% ------------------------------
