% Running in auto input_syntax mode. Trying TPTP
% Refutation found. Thanks to Tanya!
% SZS status Theorem for GRP685+1
% SZS output start Proof for GRP685+1
1. ! [X0] : ld(X0,mult(X0,X0)) = X0 [input(axiom)]
2. ! [X0] : rd(mult(X0,X0),X0) = X0 [input(axiom)]
3. ! [X0,X1] : mult(X1,ld(X1,X0)) = ld(X1,mult(X1,X0)) [input(axiom)]
4. ! [X0,X1] : mult(rd(X1,X0),X0) = rd(mult(X1,X0),X0) [input(axiom)]
5. ! [X0,X1,X2,X3] : ld(ld(X3,X2),mult(ld(X3,X2),mult(X1,X0))) = mult(ld(X3,mult(X3,X1)),X0) [input(axiom)]
6. ! [X0,X1,X2,X3] : rd(mult(mult(X3,X2),rd(X1,X0)),rd(X1,X0)) = mult(X3,rd(mult(X2,X0),X0)) [input(axiom)]
7. ! [X0,X1] : ld(X1,mult(X1,ld(X0,X0))) = rd(mult(rd(X1,X1),X0),X0) [input(axiom)]
8. ! [X0,X1,X2] : (rd(mult(X0,ld(X1,X2)),ld(X1,X2)) = rd(mult(X0,X2),X2) & rd(mult(X0,rd(X1,X2)),rd(X1,X2)) = rd(mult(X0,X2),X2)) [input(conjecture)]
9. ~! [X0,X1,X2] : (rd(mult(X0,ld(X1,X2)),ld(X1,X2)) = rd(mult(X0,X2),X2) & rd(mult(X0,rd(X1,X2)),rd(X1,X2)) = rd(mult(X0,X2),X2)) [negated conjecture 8]
10. ? [X0,X1,X2] : (rd(mult(X0,ld(X1,X2)),ld(X1,X2)) != rd(mult(X0,X2),X2) | rd(mult(X0,X2),X2) != rd(mult(X0,rd(X1,X2)),rd(X1,X2))) [ennf transformation 9]
11. ? [X0,X1,X2] : (rd(mult(X0,ld(X1,X2)),ld(X1,X2)) != rd(mult(X0,X2),X2) | rd(mult(X0,X2),X2) != rd(mult(X0,rd(X1,X2)),rd(X1,X2))) => (rd(mult(sK0,ld(sK1,sK2)),ld(sK1,sK2)) != rd(mult(sK0,sK2),sK2) | rd(mult(sK0,sK2),sK2) != rd(mult(sK0,rd(sK1,sK2)),rd(sK1,sK2))) [skolem symbol introduction]
12. rd(mult(sK0,ld(sK1,sK2)),ld(sK1,sK2)) != rd(mult(sK0,sK2),sK2) | rd(mult(sK0,sK2),sK2) != rd(mult(sK0,rd(sK1,sK2)),rd(sK1,sK2)) [skolemisation 10,11]
13. ld(X0,mult(X0,X0)) = X0 [cnf transformation 1]
14. rd(mult(X0,X0),X0) = X0 [cnf transformation 2]
15. mult(X1,ld(X1,X0)) = ld(X1,mult(X1,X0)) [cnf transformation 3]
16. mult(rd(X1,X0),X0) = rd(mult(X1,X0),X0) [cnf transformation 4]
17. ld(ld(X3,X2),mult(ld(X3,X2),mult(X1,X0))) = mult(ld(X3,mult(X3,X1)),X0) [cnf transformation 5]
18. rd(mult(mult(X3,X2),rd(X1,X0)),rd(X1,X0)) = mult(X3,rd(mult(X2,X0),X0)) [cnf transformation 6]
19. ld(X1,mult(X1,ld(X0,X0))) = rd(mult(rd(X1,X1),X0),X0) [cnf transformation 7]
20. rd(mult(sK0,ld(sK1,sK2)),ld(sK1,sK2)) != rd(mult(sK0,sK2),sK2) | rd(mult(sK0,sK2),sK2) != rd(mult(sK0,rd(sK1,sK2)),rd(sK1,sK2)) [cnf transformation 12]
22. 1 <=> rd(mult(sK0,sK2),sK2) = rd(mult(sK0,rd(sK1,sK2)),rd(sK1,sK2)) [avatar definition]
24. rd(mult(sK0,sK2),sK2) != rd(mult(sK0,rd(sK1,sK2)),rd(sK1,sK2)) <- (~1) [avatar component clause 22]
26. 2 <=> rd(mult(sK0,ld(sK1,sK2)),ld(sK1,sK2)) = rd(mult(sK0,sK2),sK2) [avatar definition]
28. rd(mult(sK0,ld(sK1,sK2)),ld(sK1,sK2)) != rd(mult(sK0,sK2),sK2) <- (~2) [avatar component clause 26]
29. ~1 | ~2 [avatar split clause 20,26,22]
30. mult(rd(X0,X0),X0) = X0 [forward demodulation 14,16]
31. mult(X0,ld(X0,X0)) = X0 [forward demodulation 13,15]
32. rd(mult(sK0,sK2),sK2) != mult(rd(sK0,rd(sK1,sK2)),rd(sK1,sK2)) <- (~1) [forward demodulation 24,16]
33. mult(rd(sK0,rd(sK1,sK2)),rd(sK1,sK2)) != mult(rd(sK0,sK2),sK2) <- (~1) [forward demodulation 32,16]
35. ld(X0,X0) = mult(X0,ld(X0,ld(X0,X0))) [superposition 15,31]
36. rd(X0,X0) = mult(rd(rd(X0,X0),X0),X0) [superposition 16,30]
37. rd(X0,ld(X0,X0)) = mult(rd(X0,ld(X0,X0)),ld(X0,X0)) [superposition 16,31]
39. ld(X0,X0) = rd(mult(rd(X0,X0),X0),X0) [superposition 19,31]
41. rd(mult(rd(X0,X0),X1),X1) = mult(X0,ld(X0,ld(X1,X1))) [superposition 15,19]
42. mult(X0,ld(X0,ld(X1,X1))) = mult(rd(rd(X0,X0),X1),X1) [forward demodulation 41,16]
44. ld(X0,X0) = mult(rd(rd(X0,X0),X0),X0) [forward demodulation 39,16]
46. ld(X0,X0) = rd(X0,X0) [forward demodulation 44,36]
48. rd(mult(rd(X1,X1),X0),X0) = ld(X1,mult(X1,rd(X0,X0))) [superposition 19,46]
49. mult(X0,rd(X0,X0)) = X0 [superposition 31,46]
50. rd(mult(rd(X1,X1),X0),X0) = mult(X1,ld(X1,rd(X0,X0))) [forward demodulation 48,15]
51. mult(X1,ld(X1,rd(X0,X0))) = mult(rd(rd(X1,X1),X0),X0) [forward demodulation 50,16]
52. mult(ld(X0,mult(X0,X2)),X3) = ld(mult(X0,ld(X0,X1)),mult(mult(X0,ld(X0,X1)),mult(X2,X3))) [superposition 17,15]
54. mult(ld(X0,mult(X0,X1)),X2) = ld(rd(X0,X0),mult(rd(X0,X0),mult(X1,X2))) [superposition 17,46]
55. mult(ld(ld(X0,X3),mult(ld(X0,X3),X4)),X5) = ld(mult(ld(X0,mult(X0,X1)),X2),mult(mult(ld(X0,mult(X0,X1)),X2),mult(X4,X5))) [superposition 17,17]
56. mult(ld(X1,mult(X1,rd(X0,X0))),X0) = ld(ld(X1,X2),mult(ld(X1,X2),X0)) [superposition 17,30]
57. ld(ld(X1,X2),mult(ld(X1,X2),X0)) = mult(ld(X1,mult(X1,X0)),ld(X0,X0)) [superposition 17,31]
59. mult(ld(X0,mult(X0,X1)),X2) = mult(ld(X0,X3),ld(ld(X0,X3),mult(X1,X2))) [superposition 15,17]
60. mult(ld(X0,X3),ld(ld(X0,X3),mult(X1,X2))) = mult(mult(X0,ld(X0,X1)),X2) [forward demodulation 59,15]
62. ld(ld(X1,X2),mult(ld(X1,X2),X0)) = mult(ld(X1,mult(X1,X0)),rd(X0,X0)) [forward demodulation 57,46]
63. mult(ld(X1,mult(X1,rd(X0,X0))),X0) = mult(ld(X1,X2),ld(ld(X1,X2),X0)) [forward demodulation 56,15]
64. mult(ld(ld(X0,X3),mult(ld(X0,X3),X4)),X5) = mult(mult(ld(X0,mult(X0,X1)),X2),ld(mult(ld(X0,mult(X0,X1)),X2),mult(X4,X5))) [forward demodulation 55,15]
65. mult(ld(X0,mult(X0,X1)),X2) = mult(rd(X0,X0),ld(rd(X0,X0),mult(X1,X2))) [forward demodulation 54,15]
67. mult(ld(X0,mult(X0,X2)),X3) = mult(mult(X0,ld(X0,X1)),ld(mult(X0,ld(X0,X1)),mult(X2,X3))) [forward demodulation 52,15]
68. ld(ld(X1,X2),mult(ld(X1,X2),X0)) = mult(mult(X1,ld(X1,X0)),rd(X0,X0)) [forward demodulation 62,15]
69. mult(ld(X1,X2),ld(ld(X1,X2),X0)) = mult(mult(X1,ld(X1,rd(X0,X0))),X0) [forward demodulation 63,15]
70. mult(ld(ld(X0,X3),mult(ld(X0,X3),X4)),X5) = mult(mult(mult(X0,ld(X0,X1)),X2),ld(mult(mult(X0,ld(X0,X1)),X2),mult(X4,X5))) [forward demodulation 64,15]
71. mult(mult(X0,ld(X0,X1)),X2) = mult(rd(X0,X0),ld(rd(X0,X0),mult(X1,X2))) [forward demodulation 65,15]
73. mult(mult(X0,ld(X0,X2)),X3) = mult(mult(X0,ld(X0,X1)),ld(mult(X0,ld(X0,X1)),mult(X2,X3))) [forward demodulation 67,15]
74. mult(ld(X1,X2),ld(ld(X1,X2),X0)) = mult(mult(X1,ld(X1,X0)),rd(X0,X0)) [forward demodulation 68,15]
75. mult(mult(mult(X0,ld(X0,X1)),X2),ld(mult(mult(X0,ld(X0,X1)),X2),mult(X4,X5))) = mult(mult(ld(X0,X3),ld(ld(X0,X3),X4)),X5) [forward demodulation 70,15]
79. rd(X0,rd(X0,X0)) = mult(rd(X0,rd(X0,X0)),rd(X0,X0)) [superposition 16,49]
80. ld(X0,X0) = mult(X0,ld(X0,rd(X0,X0))) [superposition 15,49]
81. rd(X0,X0) = mult(X0,ld(X0,rd(X0,X0))) [forward demodulation 80,46]
84. rd(mult(X0,rd(X1,X2)),rd(X1,X2)) = mult(rd(X0,X0),rd(mult(X0,X2),X2)) [superposition 18,30]
88. mult(X2,rd(mult(X3,X1),X1)) = rd(mult(mult(X2,X3),mult(rd(X0,X1),X1)),mult(rd(X0,X1),X1)) [superposition 18,16]
89. mult(X3,rd(mult(X4,rd(X5,X2)),rd(X5,X2))) = rd(mult(mult(X3,X4),mult(X0,rd(mult(X1,X2),X2))),mult(X0,rd(mult(X1,X2),X2))) [superposition 18,18]
91. mult(X0,rd(mult(X1,X2),X2)) = mult(rd(mult(X0,X1),rd(X3,X2)),rd(X3,X2)) [superposition 16,18]
92. mult(rd(mult(X0,X1),rd(X3,X2)),rd(X3,X2)) = mult(X0,mult(rd(X1,X2),X2)) [forward demodulation 91,16]
94. mult(X3,rd(mult(X4,rd(X5,X2)),rd(X5,X2))) = mult(rd(mult(X3,X4),mult(X0,rd(mult(X1,X2),X2))),mult(X0,rd(mult(X1,X2),X2))) [forward demodulation 89,16]
95. mult(X2,rd(mult(X3,X1),X1)) = mult(rd(mult(X2,X3),mult(rd(X0,X1),X1)),mult(rd(X0,X1),X1)) [forward demodulation 88,16]
99. rd(mult(X0,rd(X1,X2)),rd(X1,X2)) = mult(rd(X0,X0),mult(rd(X0,X2),X2)) [forward demodulation 84,16]
100. mult(X3,rd(mult(X4,rd(X5,X2)),rd(X5,X2))) = mult(rd(mult(X3,X4),mult(X0,mult(rd(X1,X2),X2))),mult(X0,mult(rd(X1,X2),X2))) [forward demodulation 94,16]
101. mult(rd(mult(X2,X3),mult(rd(X0,X1),X1)),mult(rd(X0,X1),X1)) = mult(X2,mult(rd(X3,X1),X1)) [forward demodulation 95,16]
104. mult(rd(X0,X0),mult(rd(X0,X2),X2)) = mult(rd(X0,rd(X1,X2)),rd(X1,X2)) [forward demodulation 99,16]
105. mult(rd(mult(X3,X4),mult(X0,mult(rd(X1,X2),X2))),mult(X0,mult(rd(X1,X2),X2))) = mult(X3,mult(rd(X4,rd(X5,X2)),rd(X5,X2))) [forward demodulation 100,16]
112. mult(X0,rd(mult(ld(X0,ld(X0,X0)),X2),X2)) = rd(mult(ld(X0,X0),rd(X1,X2)),rd(X1,X2)) [superposition 18,35]
119. mult(X0,rd(mult(ld(X0,ld(X0,X0)),X2),X2)) = mult(rd(ld(X0,X0),rd(X1,X2)),rd(X1,X2)) [forward demodulation 112,16]
121. mult(X0,rd(mult(ld(X0,rd(X0,X0)),X2),X2)) = mult(rd(rd(X0,X0),rd(X1,X2)),rd(X1,X2)) [forward demodulation 119,46]
123. mult(X0,rd(mult(ld(X0,rd(X0,X0)),X2),X2)) = mult(X0,ld(X0,ld(rd(X1,X2),rd(X1,X2)))) [forward demodulation 121,42]
125. mult(X0,rd(mult(ld(X0,rd(X0,X0)),X2),X2)) = mult(X0,ld(X0,rd(rd(X1,X2),rd(X1,X2)))) [forward demodulation 123,46]
127. mult(X0,ld(X0,rd(rd(X1,X2),rd(X1,X2)))) = mult(X0,mult(rd(ld(X0,rd(X0,X0)),X2),X2)) [forward demodulation 125,16]
129. mult(rd(rd(X0,X0),X0),rd(mult(X0,X2),X2)) = rd(mult(rd(X0,X0),rd(X1,X2)),rd(X1,X2)) [superposition 18,36]
134. mult(rd(rd(X0,X0),rd(X1,X2)),rd(X1,X2)) = mult(rd(rd(X0,X0),X0),rd(mult(X0,X2),X2)) [forward demodulation 129,16]
137. mult(rd(rd(X0,X0),rd(X1,X2)),rd(X1,X2)) = mult(rd(rd(X0,X0),X0),mult(rd(X0,X2),X2)) [forward demodulation 134,16]
139. mult(X0,ld(X0,ld(rd(X1,X2),rd(X1,X2)))) = mult(rd(rd(X0,X0),X0),mult(rd(X0,X2),X2)) [forward demodulation 137,42]
141. mult(X0,ld(X0,rd(rd(X1,X2),rd(X1,X2)))) = mult(rd(rd(X0,X0),X0),mult(rd(X0,X2),X2)) [forward demodulation 139,46]
167. rd(rd(X0,ld(X0,X0)),ld(X0,X0)) = mult(rd(rd(X0,ld(X0,X0)),ld(X0,X0)),ld(X0,X0)) [superposition 16,37]
170. rd(rd(X0,rd(X0,X0)),rd(X0,X0)) = mult(rd(rd(X0,rd(X0,X0)),rd(X0,X0)),rd(X0,X0)) [forward demodulation 167,46]
188. rd(X0,X0) = mult(X0,ld(X0,ld(rd(X0,X0),rd(X0,X0)))) [superposition 30,42]
201. rd(X0,X0) = mult(X0,ld(X0,rd(rd(X0,X0),rd(X0,X0)))) [forward demodulation 188,46]
210. rd(X0,X0) = mult(X0,mult(rd(ld(X0,rd(X0,X0)),X0),X0)) [forward demodulation 201,127]
305. mult(rd(X0,X0),X0) = mult(ld(X0,X1),ld(ld(X0,X1),X0)) [superposition 69,81]
334. mult(ld(X0,X1),ld(ld(X0,X1),X0)) = X0 [forward demodulation 305,30]
383. mult(rd(X0,X0),ld(rd(X0,X0),X1)) = mult(mult(X0,ld(X0,X1)),rd(X1,X1)) [superposition 74,46]
497. mult(mult(X0,X1),mult(rd(rd(X3,X2),X2),X2)) = mult(mult(X0,rd(mult(X1,X2),X2)),rd(X3,X2)) [superposition 92,18]
509. mult(mult(X0,X1),mult(rd(rd(X3,X2),X2),X2)) = mult(mult(X0,mult(rd(X1,X2),X2)),rd(X3,X2)) [forward demodulation 497,16]
573. mult(rd(X0,X0),X0) = mult(rd(X0,rd(X1,X0)),rd(X1,X0)) [superposition 104,30]
580. mult(rd(X0,rd(X1,X2)),rd(X1,X2)) = mult(rd(X0,rd(X3,X2)),rd(X3,X2)) [superposition 104,104]
592. mult(X0,mult(rd(X1,X2),X2)) = mult(rd(mult(X0,X1),mult(X0,X1)),mult(rd(mult(X0,X1),X2),X2)) [superposition 92,104]
595. mult(rd(sK0,sK2),sK2) != mult(rd(sK0,sK0),mult(rd(sK0,sK2),sK2)) <- (~1) [superposition 33,104]
621. mult(rd(X0,rd(X1,X0)),rd(X1,X0)) = X0 [forward demodulation 573,30]
646. mult(mult(X0,ld(X0,X1)),X2) = mult(X0,ld(X0,mult(X1,X2))) [superposition 73,31]
680. mult(mult(X0,ld(X0,X0)),ld(X0,X1)) = mult(mult(X0,ld(X0,X1)),rd(mult(X0,ld(X0,X1)),mult(X0,ld(X0,X1)))) [superposition 73,46]
697. mult(X0,ld(X0,X1)) = mult(mult(X0,ld(X0,X0)),ld(X0,X1)) [forward demodulation 680,49]
726. mult(X0,ld(X0,X1)) = mult(X0,ld(X0,mult(X0,ld(X0,X1)))) [forward demodulation 697,646]
741. mult(X0,ld(X0,X1)) = mult(X0,mult(X0,ld(X0,ld(X0,X1)))) [forward demodulation 726,15]
784. mult(ld(X1,X2),ld(ld(X1,X2),X0)) = mult(mult(X1,ld(X1,rd(X0,rd(X3,X0)))),rd(X3,X0)) [superposition 60,621]
785. mult(mult(X1,ld(X1,X3)),ld(mult(X1,ld(X1,X3)),X0)) = mult(mult(X1,ld(X1,rd(X0,rd(X2,X0)))),rd(X2,X0)) [superposition 73,621]
787. mult(mult(X1,ld(X1,X3)),ld(mult(X1,ld(X1,X3)),X0)) = mult(X1,ld(X1,mult(rd(X0,rd(X2,X0)),rd(X2,X0)))) [forward demodulation 785,646]
788. mult(ld(X1,X2),ld(ld(X1,X2),X0)) = mult(X1,ld(X1,mult(rd(X0,rd(X3,X0)),rd(X3,X0)))) [forward demodulation 784,646]
798. mult(X1,ld(X1,X0)) = mult(mult(X1,ld(X1,X3)),ld(mult(X1,ld(X1,X3)),X0)) [forward demodulation 787,621]
799. mult(X1,ld(X1,X0)) = mult(ld(X1,X2),ld(ld(X1,X2),X0)) [forward demodulation 788,621]
803. mult(X1,ld(X1,X0)) = mult(X1,ld(X1,mult(X3,ld(mult(X1,ld(X1,X3)),X0)))) [forward demodulation 798,646]
833. mult(X1,mult(rd(X2,X0),X0)) = mult(rd(mult(X1,X2),X0),X0) [superposition 101,30]
841. mult(rd(mult(X1,X2),X0),X0) = mult(X1,mult(rd(X2,rd(X3,X0)),rd(X3,X0))) [superposition 101,621]
965. mult(mult(ld(X0,X4),ld(ld(X0,X4),X2)),X3) = mult(mult(X0,X1),ld(mult(X0,X1),mult(X2,X3))) [superposition 75,31]
1031. mult(X0,X3) = mult(mult(mult(X0,ld(X0,X1)),X2),ld(mult(mult(X0,ld(X0,X1)),X2),mult(X0,X3))) [superposition 75,334]
1032. mult(ld(X0,X1),X4) = mult(mult(mult(X0,ld(X0,X2)),X3),ld(mult(mult(X0,ld(X0,X2)),X3),mult(ld(X0,X1),X4))) [superposition 75,31]
1070. mult(mult(ld(X0,X5),ld(ld(X0,X5),X3)),ld(mult(ld(X0,X5),ld(ld(X0,X5),X3)),X4)) = ld(mult(ld(X0,X5),ld(ld(X0,X5),X3)),mult(mult(mult(X0,ld(X0,X1)),X2),ld(mult(mult(X0,ld(X0,X1)),X2),mult(X3,X4)))) [superposition 15,75]
1087. mult(mult(ld(X0,X5),ld(ld(X0,X5),X3)),ld(mult(ld(X0,X5),ld(ld(X0,X5),X3)),X4)) = ld(mult(ld(X0,X5),ld(ld(X0,X5),X3)),mult(mult(X0,ld(X0,mult(X1,X2))),ld(mult(X0,ld(X0,mult(X1,X2))),mult(X3,X4)))) [forward demodulation 1070,646]
1125. mult(ld(X0,X1),X4) = mult(mult(X0,ld(X0,mult(X2,X3))),ld(mult(X0,ld(X0,mult(X2,X3))),mult(ld(X0,X1),X4))) [forward demodulation 1032,646]
1126. mult(X0,X3) = mult(mult(X0,ld(X0,mult(X1,X2))),ld(mult(X0,ld(X0,mult(X1,X2))),mult(X0,X3))) [forward demodulation 1031,646]
1188. mult(mult(X0,X1),ld(mult(X0,X1),mult(X2,X3))) = mult(ld(X0,X4),ld(ld(X0,X4),mult(X2,X3))) [forward demodulation 965,646]
1202. mult(mult(ld(X0,X5),ld(ld(X0,X5),X3)),ld(mult(ld(X0,X5),ld(ld(X0,X5),X3)),X4)) = ld(mult(ld(X0,X5),ld(ld(X0,X5),X3)),mult(mult(X0,ld(X0,X3)),X4)) [forward demodulation 1087,73]
1240. mult(ld(X0,X1),X4) = mult(mult(X0,ld(X0,ld(X0,X1))),X4) [forward demodulation 1125,73]
1241. mult(X0,X3) = mult(mult(X0,ld(X0,X0)),X3) [forward demodulation 1126,73]
1302. mult(mult(X0,ld(X0,X2)),X3) = mult(mult(X0,X1),ld(mult(X0,X1),mult(X2,X3))) [forward demodulation 1188,60]
1316. mult(mult(ld(X0,X5),ld(ld(X0,X5),X3)),ld(mult(ld(X0,X5),ld(ld(X0,X5),X3)),X4)) = ld(mult(ld(X0,X5),ld(ld(X0,X5),X3)),mult(X0,ld(X0,mult(X3,X4)))) [forward demodulation 1202,646]
1354. mult(ld(X0,X1),X4) = mult(X0,ld(X0,mult(ld(X0,X1),X4))) [forward demodulation 1240,646]
1355. mult(X0,X3) = mult(X0,ld(X0,mult(X0,X3))) [forward demodulation 1241,646]
1414. mult(X0,ld(X0,mult(X2,X3))) = mult(mult(X0,X1),ld(mult(X0,X1),mult(X2,X3))) [forward demodulation 1302,646]
1427. mult(mult(X0,ld(X0,X3)),ld(mult(X0,ld(X0,X3)),X4)) = ld(mult(X0,ld(X0,X3)),mult(X0,ld(X0,mult(X3,X4)))) [forward demodulation 1316,799]
1456. mult(X0,X3) = mult(X0,mult(X0,ld(X0,X3))) [forward demodulation 1355,15]
1520. ld(mult(X0,ld(X0,X3)),mult(X0,ld(X0,mult(X3,X4)))) = mult(X0,ld(X0,mult(X3,ld(mult(X0,ld(X0,X3)),X4)))) [forward demodulation 1427,646]
1589. mult(X0,ld(X0,X4)) = ld(mult(X0,ld(X0,X3)),mult(X0,ld(X0,mult(X3,X4)))) [forward demodulation 1520,803]
1759. mult(rd(X0,mult(X1,mult(rd(X2,X3),X3))),mult(X1,mult(rd(X2,X3),X3))) = mult(X0,mult(rd(rd(X0,X0),rd(X4,X3)),rd(X4,X3))) [superposition 105,49]
1792. mult(X4,mult(rd(X5,rd(X9,mult(X7,mult(rd(X8,X3),X3)))),rd(X9,mult(X7,mult(rd(X8,X3),X3))))) = mult(rd(mult(X4,X5),mult(X6,mult(X0,mult(rd(X1,rd(X2,X3)),rd(X2,X3))))),mult(X6,mult(X0,mult(rd(X1,rd(X2,X3)),rd(X2,X3))))) [superposition 105,105]
1796. mult(rd(mult(X1,X2),mult(X3,X0)),mult(X3,X0)) = mult(X1,mult(rd(X2,rd(X5,rd(X4,X0))),rd(X5,rd(X4,X0)))) [superposition 105,621]
1834. mult(rd(mult(X0,X1),rd(X6,mult(X4,mult(rd(X5,X3),X3)))),rd(X6,mult(X4,mult(rd(X5,X3),X3)))) = mult(rd(mult(X0,X1),mult(X0,X1)),mult(X0,mult(rd(X1,rd(X2,X3)),rd(X2,X3)))) [superposition 104,105]
1895. mult(rd(mult(X0,X1),rd(X6,mult(X4,mult(rd(X5,X3),X3)))),rd(X6,mult(X4,mult(rd(X5,X3),X3)))) = mult(rd(mult(X0,X1),mult(X0,X1)),mult(rd(mult(X0,X1),X3),X3)) [forward demodulation 1834,841]
1931. mult(rd(mult(X1,X2),mult(X3,X0)),mult(X3,X0)) = mult(rd(mult(X1,X2),rd(X4,X0)),rd(X4,X0)) [forward demodulation 1796,841]
1935. mult(X4,mult(rd(X5,rd(X9,mult(X7,mult(rd(X8,X3),X3)))),rd(X9,mult(X7,mult(rd(X8,X3),X3))))) = mult(X4,mult(rd(X5,mult(X6,mult(X0,mult(rd(X1,rd(X2,X3)),rd(X2,X3))))),mult(X6,mult(X0,mult(rd(X1,rd(X2,X3)),rd(X2,X3)))))) [forward demodulation 1792,833]
1967. mult(rd(X0,mult(X1,mult(rd(X2,X3),X3))),mult(X1,mult(rd(X2,X3),X3))) = mult(rd(mult(X0,rd(X0,X0)),X3),X3) [forward demodulation 1759,841]
1997. mult(X0,mult(rd(X1,X3),X3)) = mult(rd(mult(X0,X1),rd(X6,mult(X4,mult(rd(X5,X3),X3)))),rd(X6,mult(X4,mult(rd(X5,X3),X3)))) [forward demodulation 1895,592]
2025. mult(X1,mult(rd(X2,X0),X0)) = mult(rd(mult(X1,X2),mult(X3,X0)),mult(X3,X0)) [forward demodulation 1931,92]
2029. mult(X4,mult(rd(X5,rd(X9,mult(X7,mult(rd(X8,X3),X3)))),rd(X9,mult(X7,mult(rd(X8,X3),X3))))) = mult(X4,mult(rd(X5,mult(X6,mult(rd(mult(X0,X1),X3),X3))),mult(X6,mult(rd(mult(X0,X1),X3),X3)))) [forward demodulation 1935,841]
2059. mult(rd(X0,mult(X1,mult(rd(X2,X3),X3))),mult(X1,mult(rd(X2,X3),X3))) = mult(X0,mult(rd(rd(X0,X0),X3),X3)) [forward demodulation 1967,833]
2085. mult(X0,mult(rd(X1,X3),X3)) = mult(X0,mult(rd(X1,mult(X4,mult(rd(X5,X3),X3))),mult(X4,mult(rd(X5,X3),X3)))) [forward demodulation 1997,92]
2106. mult(X1,mult(rd(X2,X0),X0)) = mult(X1,mult(rd(X2,mult(X3,X0)),mult(X3,X0))) [forward demodulation 2025,833]
2110. mult(X4,mult(rd(X5,rd(X9,mult(X7,mult(rd(X8,X3),X3)))),rd(X9,mult(X7,mult(rd(X8,X3),X3))))) = mult(X4,mult(rd(X5,mult(X6,mult(X0,mult(rd(X1,X3),X3)))),mult(X6,mult(X0,mult(rd(X1,X3),X3))))) [forward demodulation 2029,833]
2139. mult(rd(X0,mult(X1,mult(rd(X2,X3),X3))),mult(X1,mult(rd(X2,X3),X3))) = mult(X0,mult(X0,ld(X0,ld(X3,X3)))) [forward demodulation 2059,42]
2173. mult(X4,mult(rd(X5,rd(X9,mult(X7,mult(rd(X8,X3),X3)))),rd(X9,mult(X7,mult(rd(X8,X3),X3))))) = mult(X4,mult(rd(X5,mult(X0,mult(rd(X1,X3),X3))),mult(X0,mult(rd(X1,X3),X3)))) [forward demodulation 2110,2106]
2200. mult(rd(X0,mult(X1,mult(rd(X2,X3),X3))),mult(X1,mult(rd(X2,X3),X3))) = mult(X0,ld(X3,X3)) [forward demodulation 2139,1456]
2222. mult(X4,mult(rd(X5,X3),X3)) = mult(X4,mult(rd(X5,rd(X9,mult(X7,mult(rd(X8,X3),X3)))),rd(X9,mult(X7,mult(rd(X8,X3),X3))))) [forward demodulation 2173,2085]
2245. mult(rd(X0,mult(X1,mult(rd(X2,X3),X3))),mult(X1,mult(rd(X2,X3),X3))) = mult(X0,rd(X3,X3)) [forward demodulation 2200,46]
2263. mult(X4,mult(rd(X5,X3),X3)) = mult(rd(mult(X4,X5),mult(X7,mult(rd(X8,X3),X3))),mult(X7,mult(rd(X8,X3),X3))) [forward demodulation 2222,841]
2287. mult(X4,mult(rd(X5,X3),X3)) = mult(mult(X4,X5),rd(X3,X3)) [forward demodulation 2263,2245]
2327. mult(rd(mult(X0,X1),mult(rd(X2,X3),X3)),mult(rd(X2,X3),X3)) = mult(X0,mult(rd(mult(X0,ld(X0,X1)),X3),X3)) [superposition 101,1456]
2335. mult(rd(mult(X0,X1),mult(rd(X2,X3),X3)),mult(rd(X2,X3),X3)) = mult(X0,mult(X0,mult(rd(ld(X0,X1),X3),X3))) [forward demodulation 2327,833]
2357. mult(X0,mult(rd(X1,X3),X3)) = mult(X0,mult(X0,mult(rd(ld(X0,X1),X3),X3))) [forward demodulation 2335,101]
2475. rd(mult(rd(X0,X0),rd(X1,X2)),rd(X1,X2)) = mult(X0,rd(mult(mult(rd(ld(X0,rd(X0,X0)),X0),X0),X2),X2)) [superposition 18,210]
2481. mult(rd(rd(X0,X0),mult(X1,mult(rd(X2,X3),X3))),mult(X1,mult(rd(X2,X3),X3))) = mult(X0,mult(rd(mult(rd(ld(X0,rd(X0,X0)),X0),X0),rd(X4,X3)),rd(X4,X3))) [superposition 105,210]
2488. mult(rd(rd(X0,X0),mult(X1,mult(rd(X2,X3),X3))),mult(X1,mult(rd(X2,X3),X3))) = mult(rd(mult(X0,mult(rd(ld(X0,rd(X0,X0)),X0),X0)),X3),X3) [forward demodulation 2481,841]
2494. rd(mult(rd(X0,X0),rd(X1,X2)),rd(X1,X2)) = mult(X0,mult(rd(mult(rd(ld(X0,rd(X0,X0)),X0),X0),X2),X2)) [forward demodulation 2475,16]
2505. mult(rd(rd(X0,X0),mult(X1,mult(rd(X2,X3),X3))),mult(X1,mult(rd(X2,X3),X3))) = mult(X0,mult(rd(mult(rd(ld(X0,rd(X0,X0)),X0),X0),X3),X3)) [forward demodulation 2488,833]
2511. rd(mult(rd(X0,X0),rd(X1,X2)),rd(X1,X2)) = mult(X0,mult(rd(ld(X0,rd(X0,X0)),X0),mult(rd(X0,X2),X2))) [forward demodulation 2494,833]
2521. mult(rd(rd(X0,X0),mult(X1,mult(rd(X2,X3),X3))),mult(X1,mult(rd(X2,X3),X3))) = mult(X0,mult(rd(ld(X0,rd(X0,X0)),X0),mult(rd(X0,X3),X3))) [forward demodulation 2505,833]
2526. mult(rd(rd(X0,X0),rd(X1,X2)),rd(X1,X2)) = mult(X0,mult(rd(ld(X0,rd(X0,X0)),X0),mult(rd(X0,X2),X2))) [forward demodulation 2511,16]
2532. mult(X0,mult(rd(ld(X0,rd(X0,X0)),X0),mult(rd(X0,X3),X3))) = mult(rd(X0,X0),rd(X3,X3)) [forward demodulation 2521,2245]
2534. mult(X0,ld(X0,ld(rd(X1,X2),rd(X1,X2)))) = mult(X0,mult(rd(ld(X0,rd(X0,X0)),X0),mult(rd(X0,X2),X2))) [forward demodulation 2526,42]
2539. mult(X0,ld(X0,ld(rd(X1,X2),rd(X1,X2)))) = mult(rd(X0,X0),rd(X2,X2)) [forward demodulation 2534,2532]
2542. mult(X0,ld(X0,rd(rd(X1,X2),rd(X1,X2)))) = mult(rd(X0,X0),rd(X2,X2)) [forward demodulation 2539,46]
2920. mult(X0,mult(rd(mult(X0,ld(X0,ld(X0,X1))),rd(X5,X4)),rd(X5,X4))) = mult(rd(mult(X0,ld(X0,X1)),mult(X2,mult(rd(X3,X4),X4))),mult(X2,mult(rd(X3,X4),X4))) [superposition 105,741]
2928. mult(X0,mult(rd(mult(X0,ld(X0,ld(X0,X1))),rd(X5,X4)),rd(X5,X4))) = mult(mult(X0,ld(X0,X1)),rd(X4,X4)) [forward demodulation 2920,2245]
2944. mult(X0,mult(rd(mult(X0,ld(X0,ld(X0,X1))),rd(X5,X4)),rd(X5,X4))) = mult(X0,ld(X0,mult(X1,rd(X4,X4)))) [forward demodulation 2928,646]
2959. mult(X0,ld(X0,mult(X1,rd(X4,X4)))) = mult(rd(mult(X0,mult(X0,ld(X0,ld(X0,X1)))),X4),X4) [forward demodulation 2944,841]
2968. mult(X0,ld(X0,mult(X1,rd(X4,X4)))) = mult(X0,mult(rd(mult(X0,ld(X0,ld(X0,X1))),X4),X4)) [forward demodulation 2959,833]
2975. mult(X0,ld(X0,mult(X1,rd(X4,X4)))) = mult(X0,mult(X0,mult(rd(ld(X0,ld(X0,X1)),X4),X4))) [forward demodulation 2968,833]
2981. mult(X0,mult(rd(ld(X0,X1),X4),X4)) = mult(X0,ld(X0,mult(X1,rd(X4,X4)))) [forward demodulation 2975,2357]
2993. mult(rd(X0,X1),X1) = mult(X0,mult(rd(rd(X0,X0),X1),X1)) [superposition 833,49]
2995. mult(rd(rd(X0,X0),X1),X1) = mult(X0,mult(rd(mult(rd(ld(X0,rd(X0,X0)),X0),X0),X1),X1)) [superposition 833,210]
3010. mult(rd(X0,X1),X1) = mult(rd(X0,X0),mult(rd(X0,X1),X1)) [superposition 833,30]
3025. mult(mult(rd(X0,X1),X1),X1) = mult(X0,mult(rd(X1,X1),X1)) [superposition 833,16]
3084. mult(X0,X1) = mult(mult(rd(X0,X1),X1),X1) [forward demodulation 3025,30]
3112. mult(rd(rd(X0,X0),X1),X1) = mult(X0,mult(rd(ld(X0,rd(X0,X0)),X0),mult(rd(X0,X1),X1))) [forward demodulation 2995,833]
3114. mult(rd(X0,X1),X1) = mult(X0,mult(X0,ld(X0,ld(X1,X1)))) [forward demodulation 2993,42]
3152. mult(rd(rd(X0,X0),X1),X1) = mult(rd(X0,X0),rd(X1,X1)) [forward demodulation 3112,2532]
3154. mult(X0,ld(X1,X1)) = mult(rd(X0,X1),X1) [forward demodulation 3114,1456]
3182. mult(X0,ld(X0,ld(X1,X1))) = mult(rd(X0,X0),rd(X1,X1)) [forward demodulation 3152,42]
3184. mult(rd(X0,X1),X1) = mult(X0,rd(X1,X1)) [forward demodulation 3154,46]
3205. mult(X0,ld(X0,rd(X1,X1))) = mult(rd(X0,X0),rd(X1,X1)) [forward demodulation 3182,46]
3265. rd(ld(X0,X1),ld(X0,X1)) = mult(X0,ld(X0,rd(ld(X0,X1),ld(X0,X1)))) [superposition 1354,210]
3398. mult(rd(X0,X0),X1) = mult(mult(X0,ld(X0,rd(X1,X1))),X1) [superposition 3084,51]
3403. mult(X0,ld(X0,X0)) = mult(rd(X0,ld(X0,X0)),ld(X0,X0)) [superposition 3084,37]
3405. mult(X0,rd(X2,X1)) = mult(mult(rd(X0,X0),mult(rd(X0,X1),X1)),rd(X2,X1)) [superposition 3084,104]
3439. mult(X0,rd(X2,X1)) = mult(mult(rd(X0,X0),X0),mult(rd(rd(X2,X1),X1),X1)) [forward demodulation 3405,509]
3441. mult(X0,ld(X0,X0)) = mult(X0,rd(ld(X0,X0),ld(X0,X0))) [forward demodulation 3403,3184]
3446. mult(rd(X0,X0),X1) = mult(X0,ld(X0,mult(rd(X1,X1),X1))) [forward demodulation 3398,646]
3463. mult(X0,rd(X2,X1)) = mult(mult(rd(X0,X0),X0),mult(rd(X2,X1),rd(X1,X1))) [forward demodulation 3439,3184]
3464. mult(X0,rd(X0,X0)) = mult(X0,rd(rd(X0,X0),rd(X0,X0))) [forward demodulation 3441,46]
3468. mult(rd(X0,X0),X1) = mult(X0,ld(X0,X1)) [forward demodulation 3446,30]
3483. mult(X0,rd(X2,X1)) = mult(X0,mult(rd(X2,X1),rd(X1,X1))) [forward demodulation 3463,30]
3484. mult(X0,rd(rd(X0,X0),rd(X0,X0))) = X0 [forward demodulation 3464,49]
3570. mult(ld(X0,X2),ld(ld(X0,X2),X1)) = mult(X0,mult(rd(ld(X0,X1),X1),X1)) [superposition 74,2287]
3575. mult(X0,rd(X1,X1)) = mult(rd(X0,rd(X1,X1)),mult(rd(rd(X1,X1),X1),X1)) [superposition 3084,2287]
3599. mult(X0,rd(X1,X1)) = mult(rd(X0,rd(X1,X1)),mult(rd(X1,X1),rd(X1,X1))) [forward demodulation 3575,3184]
3603. mult(ld(X0,X2),ld(ld(X0,X2),X1)) = mult(X0,mult(ld(X0,X1),rd(X1,X1))) [forward demodulation 3570,3184]
3657. mult(X0,rd(X1,X1)) = mult(rd(X0,rd(X1,X1)),rd(X1,X1)) [forward demodulation 3599,3483]
3660. mult(X0,ld(X0,X1)) = mult(X0,mult(ld(X0,X1),rd(X1,X1))) [forward demodulation 3603,799]
3706. mult(X0,rd(X1,X1)) = mult(X0,rd(rd(X1,X1),rd(X1,X1))) [forward demodulation 3657,3184]
3881. rd(X0,ld(X0,X0)) = mult(X0,rd(ld(X0,X0),ld(X0,X0))) [superposition 37,3184]
3883. mult(rd(X0,X0),mult(rd(X0,X2),X2)) = mult(X0,rd(rd(X1,X2),rd(X1,X2))) [superposition 104,3184]
3895. mult(sK0,rd(sK2,sK2)) != mult(rd(sK0,sK0),mult(sK0,rd(sK2,sK2))) <- (~1) [superposition 595,3184]
3925. mult(sK0,rd(sK2,sK2)) != mult(sK0,ld(sK0,mult(sK0,rd(sK2,sK2)))) <- (~1) [forward demodulation 3895,3468]
3932. mult(rd(X0,X2),X2) = mult(X0,rd(rd(X1,X2),rd(X1,X2))) [forward demodulation 3883,3010]
3934. rd(X0,rd(X0,X0)) = mult(X0,rd(rd(X0,X0),rd(X0,X0))) [forward demodulation 3881,46]
3961. mult(sK0,rd(sK2,sK2)) != mult(sK0,mult(rd(ld(sK0,sK0),sK2),sK2)) <- (~1) [forward demodulation 3925,2981]
3963. mult(X0,rd(rd(X1,X2),rd(X1,X2))) = mult(X0,rd(X2,X2)) [forward demodulation 3932,3184]
3965. rd(X0,rd(X0,X0)) = X0 [forward demodulation 3934,3484]
3988. mult(sK0,rd(sK2,sK2)) != mult(sK0,mult(ld(sK0,sK0),rd(sK2,sK2))) <- (~1) [forward demodulation 3961,3184]
4007. mult(sK0,rd(sK2,sK2)) != mult(sK0,mult(rd(sK0,sK0),rd(sK2,sK2))) <- (~1) [forward demodulation 3988,46]
4023. mult(sK0,rd(sK2,sK2)) != mult(sK0,mult(sK0,ld(sK0,rd(sK2,sK2)))) <- (~1) [forward demodulation 4007,3205]
4036. $false <- (~1) [forward subsumption resolution 4023,1456]
4037. 1 [avatar contradiction clause 4036]
4052. rd(mult(sK0,ld(sK1,sK2)),ld(sK1,sK2)) != mult(rd(sK0,sK2),sK2) <- (~2) [forward demodulation 28,16]
4054. rd(mult(sK0,ld(sK1,sK2)),ld(sK1,sK2)) != mult(sK0,rd(sK2,sK2)) <- (~2) [forward demodulation 4052,3184]
4056. mult(sK0,rd(sK2,sK2)) != mult(rd(sK0,ld(sK1,sK2)),ld(sK1,sK2)) <- (~2) [forward demodulation 4054,16]
4057. mult(sK0,rd(sK2,sK2)) != mult(sK0,rd(ld(sK1,sK2),ld(sK1,sK2))) <- (~2) [forward demodulation 4056,3184]
4134. mult(mult(X1,ld(X1,rd(X0,rd(X2,X0)))),rd(X2,X0)) = mult(rd(X1,X1),ld(rd(X1,X1),X0)) [superposition 71,621]
4185. mult(mult(X1,ld(X1,rd(X0,rd(X2,X0)))),rd(X2,X0)) = mult(X1,ld(X1,ld(rd(X1,X1),X0))) [forward demodulation 4134,3468]
4243. mult(X1,ld(X1,mult(rd(X0,rd(X2,X0)),rd(X2,X0)))) = mult(X1,ld(X1,ld(rd(X1,X1),X0))) [forward demodulation 4185,646]
4289. mult(X1,ld(X1,X0)) = mult(X1,ld(X1,ld(rd(X1,X1),X0))) [forward demodulation 4243,621]
4750. rd(rd(X0,X0),rd(X0,X0)) = mult(X0,ld(X0,ld(rd(X0,X0),rd(rd(X0,X0),rd(X0,X0))))) [superposition 81,3468]
4759. rd(rd(X0,X0),rd(X0,X0)) = mult(X0,ld(X0,rd(rd(X0,X0),rd(X0,X0)))) [forward demodulation 4750,4289]
4826. rd(rd(X0,X0),rd(X0,X0)) = mult(X0,mult(rd(ld(X0,rd(X0,X0)),X0),X0)) [forward demodulation 4759,127]
4878. rd(X0,X0) = rd(rd(X0,X0),rd(X0,X0)) [forward demodulation 4826,210]
6227. mult(X0,rd(mult(ld(X0,X1),X1),X1)) = rd(mult(rd(X0,X0),ld(rd(X0,X0),X1)),rd(X1,X1)) [superposition 18,383]
6264. mult(X0,rd(mult(ld(X0,X1),X1),X1)) = rd(mult(X0,ld(X0,ld(rd(X0,X0),X1))),rd(X1,X1)) [forward demodulation 6227,3468]
6333. mult(X0,rd(mult(ld(X0,X1),X1),X1)) = rd(mult(X0,ld(X0,X1)),rd(X1,X1)) [forward demodulation 6264,4289]
6400. mult(X0,mult(rd(ld(X0,X1),X1),X1)) = rd(mult(X0,ld(X0,X1)),rd(X1,X1)) [forward demodulation 6333,16]
6464. mult(X0,mult(ld(X0,X1),rd(X1,X1))) = rd(mult(X0,ld(X0,X1)),rd(X1,X1)) [forward demodulation 6400,3184]
6518. mult(X0,ld(X0,X1)) = rd(mult(X0,ld(X0,X1)),rd(X1,X1)) [forward demodulation 6464,3660]
8645. rd(X0,X1) = mult(rd(rd(X0,X1),rd(X2,X1)),rd(X2,X1)) [superposition 30,580]
8701. rd(X0,X1) = mult(rd(X0,X1),rd(rd(X2,X1),rd(X2,X1))) [forward demodulation 8645,3184]
8793. rd(X0,X1) = mult(rd(X0,X1),rd(X1,X1)) [forward demodulation 8701,3963]
9155. rd(X1,rd(X0,X0)) = mult(rd(X1,rd(X0,X0)),rd(X0,X0)) [superposition 8793,4878]
9186. rd(X1,rd(X0,X0)) = mult(X1,rd(rd(X0,X0),rd(X0,X0))) [forward demodulation 9155,3184]
9203. mult(X1,rd(X0,X0)) = rd(X1,rd(X0,X0)) [forward demodulation 9186,3706]
10297. mult(X1,ld(X1,X0)) = mult(mult(X1,X3),ld(mult(X1,X3),X0)) [superposition 1414,621]
16844. mult(mult(X0,X1),ld(mult(X0,X1),rd(rd(X2,X1),rd(X2,X1)))) = mult(rd(rd(mult(X0,X1),mult(X0,X1)),mult(X0,X1)),mult(mult(rd(X0,X1),X1),X1)) [superposition 141,16]
17050. mult(rd(rd(mult(X0,X1),mult(X0,X1)),mult(X0,X1)),mult(X0,X1)) = mult(mult(X0,X1),ld(mult(X0,X1),rd(rd(X2,X1),rd(X2,X1)))) [forward demodulation 16844,3084]
17176. mult(rd(mult(X0,X1),mult(X0,X1)),rd(X1,X1)) = mult(rd(rd(mult(X0,X1),mult(X0,X1)),mult(X0,X1)),mult(X0,X1)) [forward demodulation 17050,2542]
17293. mult(rd(mult(X0,X1),mult(X0,X1)),rd(X1,X1)) = mult(rd(mult(X0,X1),mult(X0,X1)),rd(mult(X0,X1),mult(X0,X1))) [forward demodulation 17176,3184]
17402. mult(mult(X0,X1),ld(mult(X0,X1),rd(mult(X0,X1),mult(X0,X1)))) = mult(rd(mult(X0,X1),mult(X0,X1)),rd(X1,X1)) [forward demodulation 17293,3205]
17501. mult(mult(X0,X1),ld(mult(X0,X1),rd(mult(X0,X1),mult(X0,X1)))) = mult(mult(X0,X1),ld(mult(X0,X1),rd(X1,X1))) [forward demodulation 17402,3205]
17581. mult(X0,ld(X0,rd(X1,X1))) = mult(mult(X0,X1),ld(mult(X0,X1),rd(mult(X0,X1),mult(X0,X1)))) [forward demodulation 17501,10297]
17653. mult(X0,ld(X0,rd(X1,X1))) = rd(mult(X0,X1),mult(X0,X1)) [forward demodulation 17581,81]
18614. mult(X1,ld(X1,rd(X0,X0))) = ld(mult(X1,ld(X1,rd(rd(X0,rd(X0,X0)),rd(X0,X0)))),mult(X1,ld(X1,rd(rd(X0,rd(X0,X0)),rd(X0,X0))))) [superposition 1589,170]
18619. mult(X1,ld(X1,rd(X0,X0))) = rd(mult(X1,ld(X1,rd(rd(X0,rd(X0,X0)),rd(X0,X0)))),mult(X1,ld(X1,rd(rd(X0,rd(X0,X0)),rd(X0,X0))))) [forward demodulation 18614,46]
18651. mult(X1,ld(X1,rd(X0,X0))) = mult(X1,ld(X1,rd(ld(X1,rd(rd(X0,rd(X0,X0)),rd(X0,X0))),ld(X1,rd(rd(X0,rd(X0,X0)),rd(X0,X0)))))) [forward demodulation 18619,17653]
18680. mult(X1,ld(X1,rd(X0,X0))) = rd(ld(X1,rd(rd(X0,rd(X0,X0)),rd(X0,X0))),ld(X1,rd(rd(X0,rd(X0,X0)),rd(X0,X0)))) [forward demodulation 18651,3265]
18707. mult(X1,ld(X1,rd(X0,X0))) = rd(ld(X1,mult(rd(X0,rd(X0,X0)),rd(X0,X0))),ld(X1,mult(rd(X0,rd(X0,X0)),rd(X0,X0)))) [forward demodulation 18680,9203]
18731. mult(X1,ld(X1,rd(X0,X0))) = rd(ld(X1,rd(X0,rd(X0,X0))),ld(X1,rd(X0,rd(X0,X0)))) [forward demodulation 18707,79]
18750. mult(X1,ld(X1,rd(X0,X0))) = rd(ld(X1,X0),ld(X1,X0)) [forward demodulation 18731,3965]
29557. mult(rd(X2,rd(X3,rd(X1,X1))),rd(X3,rd(X1,X1))) = mult(rd(X2,mult(X0,ld(X0,X1))),mult(X0,ld(X0,X1))) [superposition 580,6518]
29576. mult(rd(X2,rd(X3,rd(X1,X1))),rd(X3,rd(X1,X1))) = mult(X2,rd(mult(X0,ld(X0,X1)),mult(X0,ld(X0,X1)))) [forward demodulation 29557,3184]
29636. mult(rd(X2,rd(X3,rd(X1,X1))),rd(X3,rd(X1,X1))) = mult(X2,mult(X0,ld(X0,rd(ld(X0,X1),ld(X0,X1))))) [forward demodulation 29576,17653]
29689. mult(rd(X2,rd(X3,rd(X1,X1))),rd(X3,rd(X1,X1))) = mult(X2,rd(ld(X0,X1),ld(X0,X1))) [forward demodulation 29636,3265]
29735. mult(X2,mult(X0,ld(X0,rd(X1,X1)))) = mult(rd(X2,rd(X3,rd(X1,X1))),rd(X3,rd(X1,X1))) [forward demodulation 29689,18750]
29775. mult(X2,mult(X0,ld(X0,rd(X1,X1)))) = mult(X2,rd(rd(X3,rd(X1,X1)),rd(X3,rd(X1,X1)))) [forward demodulation 29735,3184]
29812. mult(X2,mult(X0,ld(X0,rd(X1,X1)))) = mult(X2,rd(rd(X1,X1),rd(X1,X1))) [forward demodulation 29775,3963]
29846. mult(X2,mult(X0,ld(X0,rd(X1,X1)))) = mult(X2,rd(X1,X1)) [forward demodulation 29812,3706]
44516. mult(sK0,rd(sK2,sK2)) != mult(sK0,mult(sK1,ld(sK1,rd(sK2,sK2)))) <- (~2) [superposition 4057,18750]
44724. $false <- (~2) [forward subsumption resolution 44516,29846]
44725. 2 [avatar contradiction clause 44724]
s1. ~2 | ~1 [sat_conversion 29]
s2. 1 [sat_conversion 4037]
s3. 2 [sat_conversion 44725]
s4. # [rat s1,s2,s3]
45154. $false [avatar sat refutation s4]
% SZS output end Proof for GRP685+1
% ------------------------------
% Version: Vampire 5.0.0 (Release build, commit 2e2c9b7b8 on 2026-01-17 12:24:14 +0100)
% Linked with Z3 4.14.0.0 3c47fd96cf5645d0c42b2c819d9e9a84380aa721 z3-4.8.4-9178-g3c47fd96c
% CaDiCaL version: 2.1.3
% Termination reason: Refutation
% Time elapsed: 0.599 s
% Peak memory usage: 70 MB
% Instructions burned: 1537 (million)
% ------------------------------
% ------------------------------
