% Running in auto input_syntax mode. Trying TPTP
% Refutation found. Thanks to Tanya!
% SZS status Unsatisfiable for GRP066-1_clausified
% SZS output start Proof for GRP066-1_clausified
1. divide(divide(identity,divide(X0,divide(X1,divide(divide(divide(X0,X0),X0),X2)))),X2) = X1 [input(axiom)]
2. identity = divide(X0,X0) [input(axiom)]
3. identity != divide(divide(identity,a1),divide(identity,a1)) | a2 != divide(identity,divide(identity,a2)) | divide(divide(a3,divide(identity,b3)),divide(identity,c3)) != divide(a3,divide(identity,divide(b3,divide(identity,c3)))) [input(negated conjecture)]
5. 1 <=> divide(divide(a3,divide(identity,b3)),divide(identity,c3)) = divide(a3,divide(identity,divide(b3,divide(identity,c3)))) [avatar definition]
7. divide(divide(a3,divide(identity,b3)),divide(identity,c3)) != divide(a3,divide(identity,divide(b3,divide(identity,c3)))) <- (~1) [avatar component clause 5]
9. 2 <=> a2 = divide(identity,divide(identity,a2)) [avatar definition]
11. a2 != divide(identity,divide(identity,a2)) <- (~2) [avatar component clause 9]
13. 3 <=> identity = divide(divide(identity,a1),divide(identity,a1)) [avatar definition]
15. identity != divide(divide(identity,a1),divide(identity,a1)) <- (~3) [avatar component clause 13]
16. ~1 | ~2 | ~3 [avatar split clause 3,13,9,5]
17. divide(divide(identity,divide(X0,divide(X1,divide(divide(identity,X0),X2)))),X2) = X1 [forward demodulation 1,2]
18. divide(divide(identity,divide(identity,divide(X0,divide(identity,X1)))),X1) = X0 [superposition 17,2]
20. divide(divide(identity,divide(X0,divide(X1,identity))),divide(identity,X0)) = X1 [superposition 17,2]
21. divide(divide(identity,X0),X1) = divide(divide(identity,divide(X0,identity)),X1) [superposition 17,2]
22. divide(identity,divide(X2,divide(X0,divide(divide(identity,X2),divide(divide(identity,X1),X3))))) = divide(divide(identity,divide(X1,X0)),X3) [superposition 17,17]
23. divide(divide(identity,divide(identity,divide(X0,identity))),identity) = X0 [superposition 18,2]
25. divide(identity,divide(X1,divide(X0,divide(divide(identity,X1),divide(identity,X2))))) = divide(divide(identity,divide(identity,X0)),X2) [superposition 18,17]
27. divide(divide(identity,divide(divide(identity,divide(X0,divide(identity,X1))),divide(X2,X0))),X1) = X2 [superposition 17,18]
44. divide(divide(identity,identity),divide(identity,divide(X0,identity))) = X0 [superposition 20,2]
50. divide(divide(identity,divide(identity,X0)),X1) = divide(identity,divide(X1,divide(X0,identity))) [superposition 18,20]
51. divide(identity,divide(identity,divide(X0,identity))) = X0 [forward demodulation 44,2]
60. divide(identity,divide(identity,divide(X0,identity))) = divide(identity,divide(identity,X0)) [superposition 51,23]
61. divide(X0,identity) = X0 [superposition 23,51]
64. divide(divide(identity,divide(divide(identity,divide(X0,identity)),divide(X1,identity))),X0) = X1 [superposition 20,51]
73. divide(divide(identity,divide(divide(identity,X0),divide(X1,identity))),X0) = X1 [forward demodulation 64,21]
76. divide(identity,divide(identity,X0)) = X0 [forward demodulation 60,51]
83. divide(divide(identity,divide(divide(identity,X0),X1)),X0) = X1 [forward demodulation 73,61]
90. divide(divide(identity,X0),X1) = divide(divide(identity,divide(identity,divide(identity,divide(X0,identity)))),X1) [superposition 21,23]
113. divide(divide(identity,X0),X1) = divide(identity,divide(X1,divide(divide(identity,divide(X0,identity)),identity))) [forward demodulation 90,50]
120. divide(divide(identity,X0),X1) = divide(identity,divide(X1,divide(identity,divide(X0,identity)))) [forward demodulation 113,61]
125. divide(divide(identity,X0),X1) = divide(identity,divide(X1,divide(identity,X0))) [forward demodulation 120,61]
238. divide(divide(X0,divide(identity,X1)),X1) = X0 [superposition 18,76]
279. divide(identity,divide(X1,divide(X2,divide(divide(identity,X1),divide(X0,X3))))) = divide(divide(identity,divide(divide(identity,X0),X2)),X3) [superposition 22,76]
290. divide(divide(identity,divide(X0,X2)),identity) = divide(identity,divide(X1,divide(X2,divide(divide(identity,X1),divide(identity,X0))))) [superposition 22,61]
312. divide(X3,divide(X1,divide(divide(identity,X3),divide(divide(identity,X0),X2)))) = divide(identity,divide(divide(identity,divide(X0,X1)),X2)) [superposition 76,22]
344. divide(identity,divide(X0,X2)) = divide(identity,divide(X1,divide(X2,divide(divide(identity,X1),divide(identity,X0))))) [forward demodulation 290,61]
369. divide(identity,divide(X0,X2)) = divide(divide(identity,divide(divide(identity,identity),X2)),X0) [forward demodulation 344,279]
378. divide(identity,divide(X0,X2)) = divide(divide(identity,divide(identity,X2)),X0) [forward demodulation 369,2]
382. divide(X2,X0) = divide(identity,divide(X0,X2)) [forward demodulation 378,76]
686. divide(divide(identity,divide(divide(identity,divide(X0,X1)),X2)),X4) = divide(identity,divide(X4,divide(divide(X3,divide(X1,divide(divide(identity,X3),divide(divide(identity,X0),X2)))),identity))) [superposition 50,22]
705. divide(divide(identity,divide(divide(identity,X1),X3)),X0) = divide(identity,divide(X2,divide(X3,divide(divide(identity,X2),divide(identity,divide(X0,divide(X1,identity))))))) [superposition 22,50]
760. divide(divide(identity,divide(divide(identity,X1),X3)),X0) = divide(divide(identity,divide(identity,X3)),divide(X0,divide(X1,identity))) [forward demodulation 705,25]
776. divide(divide(identity,divide(divide(identity,divide(X0,X1)),X2)),X4) = divide(divide(divide(X3,divide(X1,divide(divide(identity,X3),divide(divide(identity,X0),X2)))),identity),X4) [forward demodulation 686,382]
803. divide(divide(identity,divide(divide(identity,X1),X3)),X0) = divide(identity,divide(divide(X0,divide(X1,identity)),divide(X3,identity))) [forward demodulation 760,50]
814. divide(divide(X3,divide(X1,divide(divide(identity,X3),divide(divide(identity,X0),X2)))),X4) = divide(divide(identity,divide(divide(identity,divide(X0,X1)),X2)),X4) [forward demodulation 776,61]
833. divide(divide(identity,divide(divide(identity,X1),X3)),X0) = divide(divide(X3,identity),divide(X0,divide(X1,identity))) [forward demodulation 803,382]
837. divide(divide(X3,divide(X1,divide(divide(identity,X3),divide(divide(identity,X0),X2)))),X4) = divide(divide(X2,divide(identity,divide(X0,X1))),X4) [forward demodulation 814,382]
851. divide(divide(identity,divide(divide(identity,X1),X3)),X0) = divide(divide(X3,identity),divide(X0,X1)) [forward demodulation 833,61]
854. divide(divide(X3,divide(X1,divide(divide(identity,X3),divide(divide(identity,X0),X2)))),X4) = divide(divide(X2,divide(X1,X0)),X4) [forward demodulation 837,382]
866. divide(divide(identity,divide(divide(identity,X1),X3)),X0) = divide(X3,divide(X0,X1)) [forward demodulation 851,61]
869. divide(divide(identity,divide(divide(identity,divide(X0,X1)),X2)),X4) = divide(divide(X2,divide(X1,X0)),X4) [forward demodulation 854,312]
878. divide(X3,divide(X0,X1)) = divide(divide(X3,divide(identity,X1)),X0) [forward demodulation 866,382]
880. divide(divide(X2,divide(identity,divide(X0,X1))),X4) = divide(divide(X2,divide(X1,X0)),X4) [forward demodulation 869,382]
887. divide(divide(X2,divide(X1,X0)),X4) = divide(X2,divide(X4,divide(X0,X1))) [forward demodulation 880,878]
1205. divide(X1,divide(divide(identity,divide(identity,X3)),divide(divide(identity,X0),X2))) = divide(divide(divide(identity,divide(X0,X1)),X2),X3) [superposition 83,22]
1255. divide(X1,divide(divide(identity,divide(identity,X3)),divide(divide(identity,X0),X2))) = divide(divide(identity,divide(X2,divide(X1,X0))),X3) [forward demodulation 1205,887]
1287. divide(X1,divide(divide(identity,divide(identity,X3)),divide(divide(identity,X0),X2))) = divide(identity,divide(X3,divide(divide(X1,X0),X2))) [forward demodulation 1255,887]
1307. divide(X1,divide(divide(identity,divide(identity,X3)),divide(divide(identity,X0),X2))) = divide(divide(divide(X1,X0),X2),X3) [forward demodulation 1287,382]
1320. divide(X1,divide(identity,divide(divide(divide(identity,X0),X2),divide(X3,identity)))) = divide(divide(divide(X1,X0),X2),X3) [forward demodulation 1307,50]
1325. divide(divide(divide(X1,X0),X2),X3) = divide(X1,divide(divide(X3,identity),divide(divide(identity,X0),X2))) [forward demodulation 1320,382]
1330. divide(divide(divide(X1,X0),X2),X3) = divide(X1,divide(X3,divide(divide(identity,X0),X2))) [forward demodulation 1325,61]
1410. divide(divide(identity,divide(X2,X4)),X3) = divide(identity,divide(divide(divide(identity,divide(X1,divide(identity,divide(divide(identity,X2),X3)))),divide(X0,X1)),divide(X4,X0))) [superposition 22,27]
1425. divide(X0,X2) = divide(identity,divide(divide(identity,divide(X1,divide(identity,divide(identity,X2)))),divide(X0,X1))) [superposition 238,27]
1428. divide(X0,X2) = divide(divide(X0,X1),divide(identity,divide(X1,divide(identity,divide(identity,X2))))) [forward demodulation 1425,382]
1442. divide(divide(identity,divide(X2,X4)),X3) = divide(divide(X4,X0),divide(divide(identity,divide(X1,divide(identity,divide(divide(identity,X2),X3)))),divide(X0,X1))) [forward demodulation 1410,382]
1497. divide(X0,X2) = divide(divide(X0,X1),divide(divide(identity,divide(identity,X2)),X1)) [forward demodulation 1428,125]
1511. divide(divide(identity,divide(X2,X4)),X3) = divide(divide(X4,X0),divide(identity,divide(divide(X0,X1),divide(divide(identity,divide(divide(identity,X2),X3)),X1)))) [forward demodulation 1442,887]
1560. divide(X0,X2) = divide(divide(X0,X1),divide(identity,divide(X1,divide(X2,identity)))) [forward demodulation 1497,50]
1573. divide(divide(identity,divide(X2,X4)),X3) = divide(divide(X4,X0),divide(divide(divide(identity,divide(divide(identity,X2),X3)),X1),divide(X0,X1))) [forward demodulation 1511,1330]
1617. divide(X0,X2) = divide(divide(X0,X1),divide(divide(X2,identity),X1)) [forward demodulation 1560,382]
1627. divide(divide(identity,divide(X2,X4)),X3) = divide(divide(X4,X0),divide(divide(identity,divide(X1,divide(X3,divide(identity,X2)))),divide(X0,X1))) [forward demodulation 1573,887]
1666. divide(X0,X2) = divide(divide(X0,X1),divide(X2,X1)) [forward demodulation 1617,61]
1674. divide(divide(identity,divide(X2,X4)),X3) = divide(divide(X4,X0),divide(identity,divide(divide(X0,X1),divide(divide(X3,divide(identity,X2)),X1)))) [forward demodulation 1627,887]
1712. divide(divide(identity,divide(X2,X4)),X3) = divide(divide(X4,X0),divide(divide(divide(X3,divide(identity,X2)),X1),divide(X0,X1))) [forward demodulation 1674,382]
1742. divide(divide(identity,divide(X2,X4)),X3) = divide(divide(X4,X0),divide(divide(X3,divide(identity,X2)),X0)) [forward demodulation 1712,1666]
1760. divide(divide(identity,divide(X2,X4)),X3) = divide(X4,divide(X3,divide(identity,X2))) [forward demodulation 1742,1666]
1775. divide(X4,divide(X3,divide(identity,X2))) = divide(identity,divide(X3,divide(X4,X2))) [forward demodulation 1760,887]
1787. divide(X4,divide(X3,divide(identity,X2))) = divide(divide(X4,X2),X3) [forward demodulation 1775,382]
15953. divide(a3,divide(identity,divide(b3,divide(identity,c3)))) != divide(a3,divide(divide(identity,c3),b3)) <- (~1) [superposition 7,878]
16103. divide(a3,divide(divide(identity,c3),b3)) != divide(a3,divide(divide(identity,c3),b3)) <- (~1) [forward demodulation 15953,1787]
16104. $false <- (~1) [trivial inequality removal 16103]
16105. 1 [avatar contradiction clause 16104]
16634. $false <- (~2) [forward subsumption resolution 11,76]
16635. 2 [avatar contradiction clause 16634]
16636. $false <- (~3) [forward subsumption resolution 15,2]
16637. 3 [avatar contradiction clause 16636]
s1. ~3 | ~2 | ~1 [sat_conversion 16]
s2. 1 [sat_conversion 16105]
s3. 2 [sat_conversion 16635]
s4. 3 [sat_conversion 16637]
s5. # [rat s1,s2,s3,s4]
16638. $false [avatar sat refutation s5]
% SZS output end Proof for GRP066-1_clausified
% ------------------------------
% Version: Vampire 5.0.0 (Release build, commit 2e2c9b7b8 on 2026-01-17 12:24:14 +0100)
% Linked with Z3 4.14.0.0 3c47fd96cf5645d0c42b2c819d9e9a84380aa721 z3-4.8.4-9178-g3c47fd96c
% CaDiCaL version: 2.1.3
% Termination reason: Refutation
% Time elapsed: 0.148 s
% Peak memory usage: 59 MB
% Instructions burned: 447 (million)
% ------------------------------
% ------------------------------
