% Running in auto input_syntax mode. Trying TPTP
% Refutation found. Thanks to Tanya!
% SZS status Unsatisfiable for GRP570-1
% SZS output start Proof for GRP570-1
1. double_divide(double_divide(X0,double_divide(double_divide(X1,double_divide(X0,X2)),double_divide(X2,identity))),double_divide(identity,identity)) = X1 [input(axiom)]
2. multiply(X0,X1) = double_divide(double_divide(X1,X0),identity) [input(axiom)]
3. inverse(X0) = double_divide(X0,identity) [input(axiom)]
4. identity = double_divide(X0,inverse(X0)) [input(axiom)]
5. multiply(identity,a2) != a2 [input(negated conjecture)]
6. a2 != multiply(identity,a2) [reorient equations 5]
7. identity = double_divide(X0,double_divide(X0,identity)) [definition unfolding 4,3]
8. a2 != double_divide(double_divide(a2,identity),identity) [definition unfolding 6,2]
11. double_divide(double_divide(X0,double_divide(identity,double_divide(identity,identity))),double_divide(identity,identity)) = X0 [superposition 1,7]
12. double_divide(X1,double_divide(double_divide(X0,double_divide(X1,X2)),double_divide(X2,identity))) = double_divide(double_divide(identity,double_divide(X0,double_divide(identity,identity))),double_divide(identity,identity)) [superposition 1,1]
13. double_divide(double_divide(X0,identity),double_divide(identity,identity)) = X0 [forward demodulation 11,7]
14. double_divide(X0,identity) = double_divide(double_divide(identity,double_divide(X0,double_divide(identity,identity))),double_divide(identity,identity)) [superposition 1,13]
16. double_divide(identity,identity) = double_divide(double_divide(identity,identity),double_divide(identity,identity)) [superposition 14,7]
18. double_divide(double_divide(X0,identity),identity) = double_divide(double_divide(identity,X0),double_divide(identity,identity)) [superposition 14,13]
26. identity = double_divide(identity,identity) [forward demodulation 16,13]
38. double_divide(double_divide(X0,identity),identity) = X0 [superposition 13,26]
76. double_divide(double_divide(double_divide(identity,double_divide(X0,double_divide(identity,identity))),double_divide(identity,identity)),double_divide(identity,identity)) = X0 [superposition 1,12]
90. double_divide(double_divide(double_divide(identity,double_divide(X0,identity)),identity),identity) = X0 [forward demodulation 76,26]
122. double_divide(identity,double_divide(X0,identity)) = X0 [forward demodulation 90,38]
157. double_divide(double_divide(identity,double_divide(double_divide(X1,X0),double_divide(double_divide(X0,identity),identity))),double_divide(identity,identity)) = X1 [superposition 1,122]
158. double_divide(double_divide(double_divide(double_divide(X1,X0),double_divide(double_divide(X0,identity),identity)),identity),identity) = X1 [forward demodulation 157,18]
164. double_divide(double_divide(X1,X0),double_divide(double_divide(X0,identity),identity)) = X1 [forward demodulation 158,38]
169. double_divide(double_divide(X1,X0),X0) = X1 [forward demodulation 164,38]
365. a2 != a2 [superposition 8,169]
388. $false [trivial inequality removal 365]
% SZS output end Proof for GRP570-1
% ------------------------------
% Version: Vampire 5.0.0 (Release build, commit 2e2c9b7b8 on 2026-01-17 12:24:14 +0100)
% Linked with Z3 4.14.0.0 3c47fd96cf5645d0c42b2c819d9e9a84380aa721 z3-4.8.4-9178-g3c47fd96c
% CaDiCaL version: 2.1.3
% Termination reason: Refutation
% Time elapsed: 0.004 s
% Peak memory usage: 62 MB
% Instructions burned: 16 (million)
% ------------------------------
% ------------------------------
