% Running in auto input_syntax mode. Trying TPTP
% Refutation found. Thanks to Tanya!
% SZS status Unsatisfiable for GRP133-1.003_clausified
% SZS output start Proof for GRP133-1.003_clausified
1. group_element(e_1) [input(axiom)]
2. group_element(e_2) [input(axiom)]
3. group_element(e_3) [input(axiom)]
4. ~equalish(e_1,e_2) [input(axiom)]
5. ~equalish(e_1,e_3) [input(axiom)]
7. ~equalish(e_2,e_3) [input(axiom)]
8. ~equalish(e_3,e_1) [input(axiom)]
9. ~equalish(e_3,e_2) [input(axiom)]
10. product(X0,X1,e_3) | ~group_element(X1) | product(X0,X1,e_1) | product(X0,X1,e_2) | ~group_element(X0) [input(axiom)]
11. ~product(X0,X1,X3) | ~product(X0,X1,X2) | equalish(X2,X3) [input(axiom)]
12. ~product(X0,X3,X2) | ~product(X0,X1,X2) | equalish(X1,X3) [input(axiom)]
13. ~product(X3,X1,X2) | ~product(X0,X1,X2) | equalish(X0,X3) [input(axiom)]
14. ~product(X1,X0,X3) | ~product(X0,X1,X2) | product(X2,X3,X0) [input(negated conjecture)]
15. ~product(X2,X0,e_3) | product(X1,X0,e_1) | product(X1,X0,e_2) | ~group_element(X1) | ~group_element(X0) | equalish(X2,X1) [resolution 10,13]
16. ~product(X1,X2,e_3) | product(X1,X0,e_1) | product(X1,X0,e_2) | ~group_element(X1) | ~group_element(X0) | equalish(X2,X0) [resolution 10,12]
17. ~product(X1,X0,X2) | product(X1,X0,e_1) | product(X1,X0,e_2) | ~group_element(X1) | ~group_element(X0) | equalish(X2,e_3) [resolution 10,11]
18. ~product(X0,X1,X2) | product(X1,X0,e_1) | product(X1,X0,e_2) | ~group_element(X1) | ~group_element(X0) | product(X2,e_3,X0) [resolution 10,14]
19. product(X0,X1,e_1) | product(X0,X1,e_2) | ~group_element(X0) | ~group_element(X1) | product(e_3,e_3,X1) | ~group_element(X0) | product(X1,X0,e_1) | product(X1,X0,e_2) | ~group_element(X1) [resolution 18,10]
20. product(e_3,e_3,X1) | product(X1,X0,e_2) | product(X0,X1,e_2) | ~group_element(X1) | ~group_element(X0) | product(X1,X0,e_1) | product(X0,X1,e_1) [duplicate literal removal 19]
24. ~product(X2,e_3,X0) | product(X1,X0,e_2) | ~group_element(X0) | ~group_element(X1) | product(X0,X1,e_1) | product(X1,X0,e_1) | product(X0,X1,e_2) | equalish(X2,e_3) [resolution 20,13]
28. product(e_3,X0,e_2) | product(X0,e_3,e_2) | ~group_element(e_3) | ~group_element(X0) | product(e_3,X0,e_1) | product(X0,e_3,e_1) | product(X1,e_3,e_1) | product(X1,e_3,e_2) | ~group_element(X1) | ~group_element(e_3) | equalish(e_3,X1) [resolution 20,15]
39. product(e_3,e_3,X0) | product(X0,X0,e_2) | ~group_element(X0) | ~group_element(X0) | product(X0,X0,e_1) | product(X0,X0,e_1) [factoring 20]
40. product(e_3,e_3,X0) | product(X0,X0,e_2) | ~group_element(X0) | product(X0,X0,e_1) [duplicate literal removal 39]
43. product(e_3,X0,e_2) | product(X0,e_3,e_2) | ~group_element(e_3) | ~group_element(X0) | product(e_3,X0,e_1) | product(X0,e_3,e_1) | product(X1,e_3,e_1) | product(X1,e_3,e_2) | ~group_element(X1) | equalish(e_3,X1) [duplicate literal removal 28]
45. product(e_3,X0,e_2) | product(X0,e_3,e_2) | ~group_element(X0) | product(e_3,X0,e_1) | product(X0,e_3,e_1) | product(X1,e_3,e_1) | product(X1,e_3,e_2) | ~group_element(X1) | equalish(e_3,X1) [forward subsumption resolution 43,3]
48. 1 <=> ! [X1] : (product(X1,e_3,e_1) | equalish(e_3,X1) | ~group_element(X1) | product(X1,e_3,e_2)) [avatar definition]
49. product(X1,e_3,e_2) | equalish(e_3,X1) | ~group_element(X1) | product(X1,e_3,e_1) <- (1) [avatar component clause 48]
51. 2 <=> ! [X0] : (product(e_3,X0,e_2) | product(X0,e_3,e_1) | product(e_3,X0,e_1) | ~group_element(X0) | product(X0,e_3,e_2)) [avatar definition]
52. product(e_3,X0,e_2) | product(X0,e_3,e_2) | product(e_3,X0,e_1) | ~group_element(X0) | product(X0,e_3,e_1) <- (2) [avatar component clause 51]
53. 1 | 2 [avatar split clause 45,51,48]
55. 3 <=> product(e_3,e_3,e_2) [avatar definition]
56. ~product(e_3,e_3,e_2) <- (~3) [avatar component clause 55]
57. product(e_3,e_3,e_2) <- (3) [avatar component clause 55]
59. 4 <=> product(e_3,e_3,e_1) [avatar definition]
60. ~product(e_3,e_3,e_1) <- (~4) [avatar component clause 59]
61. product(e_3,e_3,e_1) <- (4) [avatar component clause 59]
66. product(X0,X1,e_1) | product(X0,X1,e_2) | ~group_element(X0) | ~group_element(X1) | equalish(X2,X1) | ~group_element(X2) | product(X0,X2,e_1) | product(X0,X2,e_2) | ~group_element(X0) [resolution 16,10]
69. product(X0,X2,e_2) | product(X0,X1,e_2) | equalish(X2,X1) | ~group_element(X1) | ~group_element(X0) | ~group_element(X2) | product(X0,X2,e_1) | product(X0,X1,e_1) [duplicate literal removal 66]
103. 8 <=> product(e_3,e_3,e_3) [avatar definition]
104. ~product(e_3,e_3,e_3) <- (~8) [avatar component clause 103]
105. product(e_3,e_3,e_3) <- (8) [avatar component clause 103]
118. ~product(X0,e_3,e_2) | equalish(X0,e_3) <- (3) [resolution 57,13]
119. ~product(e_3,X0,e_2) | equalish(X0,e_3) <- (3) [resolution 57,12]
143. product(X0,e_3,e_1) | product(X0,e_3,e_2) | ~group_element(X0) | ~group_element(e_3) | equalish(e_3,X0) <- (8) [resolution 105,15]
152. product(X0,e_3,e_1) | product(X0,e_3,e_2) | ~group_element(X0) | equalish(e_3,X0) <- (8) [forward subsumption resolution 143,3]
154. 1 | ~8 [avatar split clause 152,103,48]
166. ~product(X1,X0,X3) | equalish(X2,X1) | ~group_element(X1) | ~group_element(X0) | ~group_element(X2) | product(X0,X2,e_1) | product(X0,X1,e_1) | product(X0,X2,e_2) | product(X3,e_2,X1) [resolution 69,14]
174. ~group_element(e_3) | product(e_3,e_3,e_1) | product(e_3,e_3,e_2) | ~group_element(e_3) <- (~8) [resolution 104,10]
175. ~group_element(e_3) | product(e_3,e_3,e_1) | product(e_3,e_3,e_2) <- (~8) [duplicate literal removal 174]
177. product(X0,X0,e_2) | ~group_element(X0) | product(X0,X0,e_1) | product(e_3,e_3,e_1) | product(e_3,e_3,e_2) | ~group_element(e_3) | ~group_element(e_3) | equalish(X0,e_3) [resolution 40,17]
180. ~product(e_3,X1,X0) | ~group_element(X0) | product(X0,X0,e_1) | product(X0,X0,e_2) | equalish(X1,e_3) [resolution 40,12]
183. product(e_3,e_3,e_2) | ~group_element(e_3) | product(e_3,e_3,e_1) | product(e_3,X0,e_1) | product(e_3,X0,e_2) | ~group_element(e_3) | ~group_element(X0) | equalish(e_3,X0) [resolution 40,16]
194. product(e_3,e_3,e_2) | ~group_element(e_3) | product(e_3,e_3,e_1) | product(e_3,X0,e_1) | product(e_3,X0,e_2) | ~group_element(X0) | equalish(e_3,X0) [duplicate literal removal 183]
196. product(X0,X0,e_2) | ~group_element(X0) | product(X0,X0,e_1) | product(e_3,e_3,e_1) | product(e_3,e_3,e_2) | ~group_element(e_3) | equalish(X0,e_3) [duplicate literal removal 177]
232. 11 <=> product(e_2,e_3,e_3) [avatar definition]
233. ~product(e_2,e_3,e_3) <- (~11) [avatar component clause 232]
234. product(e_2,e_3,e_3) <- (11) [avatar component clause 232]
242. 13 <=> ! [X0] : (product(e_3,X0,e_1) | equalish(e_3,X0) | ~group_element(X0) | product(e_3,X0,e_2)) [avatar definition]
243. product(e_3,X0,e_2) | equalish(e_3,X0) | ~group_element(X0) | product(e_3,X0,e_1) <- (13) [avatar component clause 242]
364. 14 <=> product(e_3,e_2,e_2) [avatar definition]
365. ~product(e_3,e_2,e_2) <- (~14) [avatar component clause 364]
366. product(e_3,e_2,e_2) <- (14) [avatar component clause 364]
368. 15 <=> product(e_3,e_2,e_1) [avatar definition]
369. ~product(e_3,e_2,e_1) <- (~15) [avatar component clause 368]
370. product(e_3,e_2,e_1) <- (15) [avatar component clause 368]
376. 17 <=> product(e_2,e_3,e_2) [avatar definition]
377. ~product(e_2,e_3,e_2) <- (~17) [avatar component clause 376]
378. product(e_2,e_3,e_2) <- (17) [avatar component clause 376]
380. 18 <=> product(e_2,e_3,e_1) [avatar definition]
381. ~product(e_2,e_3,e_1) <- (~18) [avatar component clause 380]
382. product(e_2,e_3,e_1) <- (18) [avatar component clause 380]
421. equalish(e_2,e_3) <- (3, 14) [resolution 366,119]
428. $false <- (3, 14) [forward subsumption resolution 421,7]
429. ~3 | ~14 [avatar contradiction clause 428]
519. 21 <=> ! [X0] : (product(X0,e_1,e_2) | product(e_1,X0,e_2) | product(X0,e_1,e_1) | product(e_1,X0,e_1) | ~group_element(X0)) [avatar definition]
520. product(e_1,X0,e_2) | product(X0,e_1,e_2) | product(X0,e_1,e_1) | product(e_1,X0,e_1) | ~group_element(X0) <- (21) [avatar component clause 519]
536. ~group_element(e_3) | product(e_2,e_3,e_1) | product(e_2,e_3,e_2) | ~group_element(e_2) <- (~11) [resolution 233,10]
570. ~product(e_3,X0,e_1) | equalish(X0,e_2) <- (15) [resolution 370,12]
593. equalish(e_2,e_3) <- (3, 17) [resolution 378,118]
601. $false <- (3, 17) [forward subsumption resolution 593,7]
602. ~3 | ~17 [avatar contradiction clause 601]
642. equalish(e_3,e_2) | ~group_element(e_2) | product(e_2,e_3,e_1) <- (1, ~17) [resolution 377,49]
686. product(e_3,e_2,e_1) | product(e_3,e_2,e_2) | ~group_element(e_3) | ~group_element(e_2) | product(e_1,e_3,e_2) <- (18) [resolution 382,18]
792. equalish(e_3,e_2) | product(e_1,e_1,e_2) | ~group_element(e_1) | product(e_1,e_1,e_1) <- (15) [resolution 570,40]
799. product(e_1,e_1,e_2) | ~group_element(e_1) | product(e_1,e_1,e_1) <- (15) [forward subsumption resolution 792,9]
803. product(e_1,e_1,e_2) | product(e_1,e_1,e_1) <- (15) [forward subsumption resolution 799,1]
808. 25 <=> product(e_1,e_1,e_1) [avatar definition]
810. product(e_1,e_1,e_1) <- (25) [avatar component clause 808]
812. 26 <=> product(e_1,e_1,e_2) [avatar definition]
814. product(e_1,e_1,e_2) <- (26) [avatar component clause 812]
815. 25 | 26 | ~15 [avatar split clause 803,368,812,808]
822. product(e_3,e_2,e_2) | ~group_element(e_3) | ~group_element(e_2) | product(e_1,e_3,e_2) <- (~15, 18) [forward subsumption resolution 686,369]
827. ~group_element(e_3) | ~group_element(e_2) | product(e_1,e_3,e_2) <- (~14, ~15, 18) [forward subsumption resolution 822,365]
832. ~group_element(e_2) | product(e_1,e_3,e_2) <- (~14, ~15, 18) [forward subsumption resolution 827,3]
833. product(e_1,e_3,e_2) <- (~14, ~15, 18) [forward subsumption resolution 832,2]
914. equalish(e_1,e_3) <- (3, ~14, ~15, 18) [resolution 833,118]
932. $false <- (3, ~14, ~15, 18) [forward subsumption resolution 914,5]
933. ~3 | 14 | 15 | ~18 [avatar contradiction clause 932]
939. product(e_2,e_3,e_1) | product(e_2,e_3,e_2) | ~group_element(e_2) <- (~11) [forward subsumption resolution 536,3]
944. ~group_element(e_2) | product(e_2,e_3,e_1) <- (1, ~17) [forward subsumption resolution 642,9]
946. product(e_2,e_3,e_2) | ~group_element(e_2) <- (~11, ~18) [forward subsumption resolution 939,381]
951. product(e_2,e_3,e_1) <- (1, ~17) [forward subsumption resolution 944,2]
953. ~group_element(e_2) <- (~11, ~17, ~18) [forward subsumption resolution 946,377]
961. $false <- (~11, ~17, ~18) [forward subsumption resolution 953,2]
962. 11 | 17 | 18 [avatar contradiction clause 961]
966. product(e_3,e_3,e_1) | product(e_3,e_3,e_2) <- (~8) [forward subsumption resolution 175,3]
967. ~group_element(e_3) | product(e_3,e_3,e_1) | product(e_3,X0,e_1) | product(e_3,X0,e_2) | ~group_element(X0) | equalish(e_3,X0) <- (~3) [forward subsumption resolution 194,56]
968. product(X0,X0,e_2) | ~group_element(X0) | product(X0,X0,e_1) | product(e_3,e_3,e_1) | ~group_element(e_3) | equalish(X0,e_3) <- (~3) [forward subsumption resolution 196,56]
988. 31 <=> product(e_2,e_2,e_1) [avatar definition]
989. ~product(e_2,e_2,e_1) <- (~31) [avatar component clause 988]
990. product(e_2,e_2,e_1) <- (31) [avatar component clause 988]
992. 32 <=> product(e_2,e_2,e_2) [avatar definition]
993. ~product(e_2,e_2,e_2) <- (~32) [avatar component clause 992]
994. product(e_2,e_2,e_2) <- (32) [avatar component clause 992]
1078. product(e_3,e_3,e_1) <- (~3, ~8) [forward subsumption resolution 966,56]
1079. product(e_3,e_3,e_1) | product(e_3,X0,e_1) | product(e_3,X0,e_2) | ~group_element(X0) | equalish(e_3,X0) <- (~3) [forward subsumption resolution 967,3]
1080. product(X0,X0,e_2) | ~group_element(X0) | product(X0,X0,e_1) | product(e_3,e_3,e_1) | equalish(X0,e_3) <- (~3) [forward subsumption resolution 968,3]
1110. 4 | 3 | 8 [avatar split clause 1078,103,55,59]
1111. 13 | 4 | 3 [avatar split clause 1079,55,59,242]
1113. 56 <=> ! [X0] : (product(X0,X0,e_2) | equalish(X0,e_3) | product(X0,X0,e_1) | ~group_element(X0)) [avatar definition]
1114. product(X0,X0,e_2) | equalish(X0,e_3) | product(X0,X0,e_1) | ~group_element(X0) <- (56) [avatar component clause 1113]
1115. 4 | 56 | 3 [avatar split clause 1080,55,1113,59]
1132. product(e_2,e_2,e_2) | ~group_element(e_2) | product(e_2,e_2,e_1) <- (~3) [resolution 56,40]
1149. ~product(e_3,e_3,X0) | product(X0,e_1,e_3) <- (4) [resolution 61,14]
1164. ~product(e_2,X0,e_2) | equalish(X0,e_3) <- (17) [resolution 378,12]
1246. ~product(e_2,e_2,X0) | product(X0,e_1,e_2) <- (31) [resolution 990,14]
1583. equalish(X0,e_2) | ~group_element(e_2) | ~group_element(e_3) | ~group_element(X0) | product(e_3,X0,e_1) | product(e_3,e_2,e_1) | product(e_3,X0,e_2) | product(e_2,e_2,e_2) <- (17) [resolution 166,378]
2467. product(e_1,e_1,e_3) <- (4) [resolution 1149,61]
2552. ~product(e_1,e_1,X0) | equalish(X0,e_3) <- (4) [resolution 2467,11]
2770. equalish(e_1,e_3) <- (4, 25) [resolution 2552,810]
2785. $false <- (4, 25) [forward subsumption resolution 2770,5]
2786. ~4 | ~25 [avatar contradiction clause 2785]
3201. product(e_1,e_1,e_2) <- (31) [resolution 1246,990]
3216. 26 | ~31 [avatar split clause 3201,988,812]
3290. equalish(e_2,e_3) <- (4, 26) [resolution 814,2552]
3335. $false <- (4, 26) [forward subsumption resolution 3290,7]
3336. ~4 | ~26 [avatar contradiction clause 3335]
3490. equalish(e_2,e_3) <- (17, 32) [resolution 994,1164]
3543. $false <- (17, 32) [forward subsumption resolution 3490,7]
3544. ~17 | ~32 [avatar contradiction clause 3543]
3547. ~group_element(e_2) | product(e_2,e_2,e_1) <- (~3, ~32) [forward subsumption resolution 1132,993]
3555. product(e_2,e_2,e_1) <- (~3, ~32) [forward subsumption resolution 3547,2]
3563. $false <- (~3, ~31, ~32) [forward subsumption resolution 3555,989]
3564. 3 | 31 | 32 [avatar contradiction clause 3563]
3673. 69 <=> product(e_2,e_2,e_3) [avatar definition]
3674. ~product(e_2,e_2,e_3) <- (~69) [avatar component clause 3673]
3675. product(e_2,e_2,e_3) <- (69) [avatar component clause 3673]
3728. ~product(X0,e_2,e_1) | equalish(X0,e_3) <- (15) [resolution 370,13]
3871. ~product(e_2,X0,e_1) | equalish(X0,e_2) <- (31) [resolution 990,12]
4449. 75 <=> product(e_1,e_2,e_1) [avatar definition]
4450. ~product(e_1,e_2,e_1) <- (~75) [avatar component clause 4449]
4451. product(e_1,e_2,e_1) <- (75) [avatar component clause 4449]
4866. 82 <=> product(e_1,e_3,e_1) [avatar definition]
4867. ~product(e_1,e_3,e_1) <- (~82) [avatar component clause 4866]
4868. product(e_1,e_3,e_1) <- (82) [avatar component clause 4866]
5342. equalish(e_1,e_3) <- (15, 75) [resolution 3728,4451]
5343. equalish(e_2,e_3) <- (15, 31) [resolution 3728,990]
5345. $false <- (15, 31) [forward subsumption resolution 5343,7]
5346. ~15 | ~31 [avatar contradiction clause 5345]
5347. $false <- (15, 75) [forward subsumption resolution 5342,5]
5348. ~15 | ~75 [avatar contradiction clause 5347]
5369. equalish(X0,e_2) | ~group_element(e_3) | ~group_element(X0) | product(e_3,X0,e_1) | product(e_3,e_2,e_1) | product(e_3,X0,e_2) | product(e_2,e_2,e_2) <- (17) [forward subsumption resolution 1583,2]
5393. equalish(X0,e_2) | ~group_element(X0) | product(e_3,X0,e_1) | product(e_3,e_2,e_1) | product(e_3,X0,e_2) | product(e_2,e_2,e_2) <- (17) [forward subsumption resolution 5369,3]
5417. equalish(X0,e_2) | ~group_element(X0) | product(e_3,X0,e_1) | product(e_3,X0,e_2) | product(e_2,e_2,e_2) <- (~15, 17) [forward subsumption resolution 5393,369]
5453. equalish(X0,e_2) | ~group_element(X0) | product(e_3,X0,e_1) | product(e_3,X0,e_2) <- (~15, 17, ~32) [forward subsumption resolution 5417,993]
5455. 88 <=> ! [X0] : (equalish(X0,e_2) | product(e_3,X0,e_2) | product(e_3,X0,e_1) | ~group_element(X0)) [avatar definition]
5456. product(e_3,X0,e_2) | equalish(X0,e_2) | product(e_3,X0,e_1) | ~group_element(X0) <- (88) [avatar component clause 5455]
5489. 88 | 15 | ~17 | 32 [avatar split clause 5453,992,376,368,5455]
5509. ~product(X0,e_2,e_2) | equalish(X0,e_3) <- (14) [resolution 366,13]
5629. 18 | ~1 | 17 [avatar split clause 951,376,48,380]
5730. equalish(e_3,e_2) <- (18, 31) [resolution 3871,382]
5753. $false <- (18, 31) [forward subsumption resolution 5730,9]
5754. ~18 | ~31 [avatar contradiction clause 5753]
5789. ~product(e_2,e_2,X0) | equalish(X0,e_2) <- (32) [resolution 994,11]
6080. equalish(e_3,e_2) | product(e_3,e_3,e_1) | ~group_element(e_3) <- (~3, 88) [resolution 5456,56]
6158. product(e_3,e_3,e_1) | ~group_element(e_3) <- (~3, 88) [forward subsumption resolution 6080,9]
6167. ~group_element(e_3) <- (~3, ~4, 88) [forward subsumption resolution 6158,60]
6176. $false <- (~3, ~4, 88) [forward subsumption resolution 6167,3]
6177. 3 | 4 | ~88 [avatar contradiction clause 6176]
6338. 99 <=> product(e_1,e_3,e_2) [avatar definition]
6339. ~product(e_1,e_3,e_2) <- (~99) [avatar component clause 6338]
6340. product(e_1,e_3,e_2) <- (99) [avatar component clause 6338]
6348. equalish(e_2,e_3) | equalish(e_2,e_3) | product(e_2,e_2,e_1) | ~group_element(e_2) <- (14, 56) [resolution 5509,1114]
6371. equalish(e_2,e_3) <- (14, 32) [resolution 5509,994]
6376. equalish(e_2,e_3) | product(e_2,e_2,e_1) | ~group_element(e_2) <- (14, 56) [duplicate literal removal 6348]
6378. $false <- (14, 32) [forward subsumption resolution 6371,7]
6379. ~14 | ~32 [avatar contradiction clause 6378]
6395. product(e_2,e_2,e_1) | ~group_element(e_2) <- (14, 56) [forward subsumption resolution 6376,7]
6396. ~group_element(e_2) <- (14, ~31, 56) [forward subsumption resolution 6395,989]
6397. $false <- (14, ~31, 56) [forward subsumption resolution 6396,2]
6398. ~14 | 31 | ~56 [avatar contradiction clause 6397]
6433. ~product(X0,e_3,e_1) | equalish(X0,e_3) <- (4) [resolution 61,13]
6610. product(e_2,e_3,e_2) | product(e_3,e_2,e_1) | ~group_element(e_2) | product(e_2,e_3,e_1) <- (2, ~14) [resolution 365,52]
6617. product(e_3,X0,e_2) | equalish(X0,e_2) | ~group_element(e_2) | ~group_element(e_3) | ~group_element(X0) | product(e_3,X0,e_1) | product(e_3,e_2,e_1) <- (~14) [resolution 365,69]
6632. product(e_3,X0,e_2) | equalish(X0,e_2) | ~group_element(e_3) | ~group_element(X0) | product(e_3,X0,e_1) | product(e_3,e_2,e_1) <- (~14) [forward subsumption resolution 6617,2]
6634. product(e_3,X0,e_2) | equalish(X0,e_2) | ~group_element(X0) | product(e_3,X0,e_1) | product(e_3,e_2,e_1) <- (~14) [forward subsumption resolution 6632,3]
6636. product(e_3,X0,e_2) | equalish(X0,e_2) | ~group_element(X0) | product(e_3,X0,e_1) <- (~14, ~15) [forward subsumption resolution 6634,369]
6638. 88 | 14 | 15 [avatar split clause 6636,368,364,5455]
6802. 101 <=> product(e_3,e_1,e_1) [avatar definition]
6803. ~product(e_3,e_1,e_1) <- (~101) [avatar component clause 6802]
6804. product(e_3,e_1,e_1) <- (101) [avatar component clause 6802]
6828. equalish(e_2,e_3) <- (4, 18) [resolution 6433,382]
6842. $false <- (4, 18) [forward subsumption resolution 6828,7]
6843. ~4 | ~18 [avatar contradiction clause 6842]
6888. product(e_3,e_2,e_1) | ~group_element(e_2) | product(e_2,e_3,e_1) <- (2, ~14, ~17) [forward subsumption resolution 6610,377]
6910. ~group_element(e_2) | product(e_2,e_3,e_1) <- (2, ~14, ~15, ~17) [forward subsumption resolution 6888,369]
6934. product(e_2,e_3,e_1) <- (2, ~14, ~15, ~17) [forward subsumption resolution 6910,2]
6976. $false <- (2, ~14, ~15, ~17, ~18) [forward subsumption resolution 6934,381]
6977. ~2 | 14 | 15 | 17 | 18 [avatar contradiction clause 6976]
7098. ~product(e_3,X0,e_1) | equalish(X0,e_2) <- (15) [resolution 370,12]
7181. product(X0,e_1,e_2) | ~group_element(e_1) | ~group_element(X0) | product(e_1,X0,e_1) | product(X0,e_1,e_1) | product(e_1,X0,e_2) | equalish(e_2,e_3) <- (18) [resolution 382,24]
7184. ~product(X0,e_3,e_1) | equalish(X0,e_2) <- (18) [resolution 382,13]
7220. ~product(X0,e_3,X1) | ~group_element(X0) | product(e_3,X0,e_1) | equalish(e_3,X0) | product(X1,e_2,X0) <- (13) [resolution 243,14]
8617. equalish(e_1,e_2) <- (15, 101) [resolution 7098,6804]
8634. $false <- (15, 101) [forward subsumption resolution 8617,4]
8635. ~15 | ~101 [avatar contradiction clause 8634]
9083. ~group_element(e_1) | product(e_3,e_1,e_1) | equalish(e_3,e_1) | product(e_2,e_2,e_1) <- (13, 99) [resolution 7220,6340]
9084. ~group_element(e_1) | product(e_3,e_1,e_1) | equalish(e_3,e_1) | product(e_1,e_2,e_1) <- (13, 82) [resolution 7220,4868]
9138. product(e_3,e_1,e_1) | equalish(e_3,e_1) | product(e_1,e_2,e_1) <- (13, 82) [forward subsumption resolution 9084,1]
9139. product(e_3,e_1,e_1) | equalish(e_3,e_1) | product(e_2,e_2,e_1) <- (13, 99) [forward subsumption resolution 9083,1]
9198. equalish(e_3,e_1) | ~group_element(e_1) | product(e_1,e_3,e_1) <- (1, ~99) [resolution 6339,49]
9209. ~group_element(e_1) | product(e_1,e_3,e_1) <- (1, ~99) [forward subsumption resolution 9198,8]
9215. product(e_1,e_3,e_1) <- (1, ~99) [forward subsumption resolution 9209,1]
9221. $false <- (1, ~82, ~99) [forward subsumption resolution 9215,4867]
9222. ~1 | 82 | 99 [avatar contradiction clause 9221]
9226. equalish(e_3,e_1) | product(e_1,e_2,e_1) <- (13, 82, ~101) [forward subsumption resolution 9138,6803]
9240. product(e_1,e_2,e_1) <- (13, 82, ~101) [forward subsumption resolution 9226,8]
9241. $false <- (13, ~75, 82, ~101) [forward subsumption resolution 9240,4450]
9242. ~13 | 75 | ~82 | 101 [avatar contradiction clause 9241]
9243. equalish(e_3,e_1) | product(e_2,e_2,e_1) <- (13, 99, ~101) [forward subsumption resolution 9139,6803]
9245. product(e_2,e_2,e_1) <- (13, 99, ~101) [forward subsumption resolution 9243,8]
9247. $false <- (13, ~31, 99, ~101) [forward subsumption resolution 9245,989]
9248. ~13 | 31 | ~99 | 101 [avatar contradiction clause 9247]
9338. ~product(X0,e_3,e_2) | equalish(X0,e_3) <- (3) [resolution 57,13]
9339. ~product(e_3,e_3,X0) | product(X0,e_2,e_3) <- (3) [resolution 57,14]
9726. product(e_2,e_2,e_3) <- (3) [resolution 9339,57]
9765. $false <- (3, ~69) [forward subsumption resolution 9726,3674]
9766. ~3 | 69 [avatar contradiction clause 9765]
9767. equalish(e_3,e_2) <- (32, 69) [resolution 3675,5789]
9772. ~product(e_2,X0,e_3) | equalish(X0,e_2) <- (69) [resolution 3675,12]
9774. ~product(e_2,e_2,X0) | product(X0,e_3,e_2) <- (69) [resolution 3675,14]
9806. $false <- (32, 69) [forward subsumption resolution 9767,9]
9807. ~32 | ~69 [avatar contradiction clause 9806]
10505. product(e_1,e_3,e_2) | product(e_3,e_1,e_1) | product(e_1,e_3,e_1) | ~group_element(e_3) | ~group_element(e_2) | product(e_2,e_2,e_1) | product(e_2,e_2,e_2) | equalish(e_1,e_3) <- (21) [resolution 520,180]
10555. product(e_1,e_3,e_2) | product(e_3,e_1,e_1) | product(e_1,e_3,e_1) | ~group_element(e_3) | ~group_element(e_2) | product(e_2,e_2,e_2) | equalish(e_1,e_3) <- (21, 69) [forward subsumption resolution 10505,9774]
10568. product(e_3,e_1,e_1) | product(e_1,e_3,e_1) | ~group_element(e_3) | ~group_element(e_2) | product(e_2,e_2,e_2) | equalish(e_1,e_3) <- (3, 21, 69) [forward subsumption resolution 10555,9338]
10571. product(e_1,e_3,e_1) | ~group_element(e_3) | ~group_element(e_2) | product(e_2,e_2,e_2) | equalish(e_1,e_3) <- (3, 21, 69, ~101) [forward subsumption resolution 10568,6803]
10574. ~group_element(e_3) | ~group_element(e_2) | product(e_2,e_2,e_2) | equalish(e_1,e_3) <- (3, 21, 69, ~82, ~101) [forward subsumption resolution 10571,4867]
10578. ~group_element(e_2) | product(e_2,e_2,e_2) | equalish(e_1,e_3) <- (3, 21, 69, ~82, ~101) [forward subsumption resolution 10574,3]
10581. product(e_2,e_2,e_2) | equalish(e_1,e_3) <- (3, 21, 69, ~82, ~101) [forward subsumption resolution 10578,2]
10582. equalish(e_1,e_3) <- (3, 21, ~32, 69, ~82, ~101) [forward subsumption resolution 10581,993]
10583. $false <- (3, 21, ~32, 69, ~82, ~101) [forward subsumption resolution 10582,5]
10584. ~3 | ~21 | 32 | ~69 | 82 | 101 [avatar contradiction clause 10583]
10595. product(X0,e_1,e_2) | ~group_element(X0) | product(e_1,X0,e_1) | product(X0,e_1,e_1) | product(e_1,X0,e_2) | equalish(e_2,e_3) <- (18) [forward subsumption resolution 7181,1]
10607. product(X0,e_1,e_2) | ~group_element(X0) | product(e_1,X0,e_1) | product(X0,e_1,e_1) | product(e_1,X0,e_2) <- (18) [forward subsumption resolution 10595,7]
10618. 21 | ~18 [avatar split clause 10607,380,519]
10663. equalish(e_1,e_2) <- (18, 82) [resolution 4868,7184]
10684. $false <- (18, 82) [forward subsumption resolution 10663,4]
10685. ~18 | ~82 [avatar contradiction clause 10684]
10725. equalish(e_3,e_2) <- (11, 69) [resolution 234,9772]
10748. $false <- (11, 69) [forward subsumption resolution 10725,9]
10749. ~11 | ~69 [avatar contradiction clause 10748]
s1. 1 | 2 [sat_conversion 53]
s6. ~8 | 1 [sat_conversion 154]
s13. ~14 | ~3 [sat_conversion 429]
s18. ~17 | ~3 [sat_conversion 602]
s19. ~15 | 25 | 26 [sat_conversion 815]
s20. ~18 | ~3 | 14 | 15 [sat_conversion 933]
s23. 11 | 17 | 18 [sat_conversion 962]
s53. 3 | 4 | 8 [sat_conversion 1110]
s54. 3 | 4 | 13 [sat_conversion 1111]
s55. 3 | 4 | 56 [sat_conversion 1115]
s74. ~25 | ~4 [sat_conversion 2786]
s80. ~31 | 26 [sat_conversion 3216]
s86. ~26 | ~4 [sat_conversion 3336]
s87. ~32 | ~17 [sat_conversion 3544]
s88. 3 | 31 | 32 [sat_conversion 3564]
s112. ~31 | ~15 [sat_conversion 5346]
s113. ~75 | ~15 [sat_conversion 5348]
s137. ~17 | 15 | 32 | 88 [sat_conversion 5489]
s139. ~1 | 17 | 18 [sat_conversion 5629]
s161. ~31 | ~18 [sat_conversion 5754]
s165. ~88 | 3 | 4 [sat_conversion 6177]
s168. ~32 | ~14 [sat_conversion 6379]
s170. ~56 | ~14 | 31 [sat_conversion 6398]
s179. 14 | 15 | 88 [sat_conversion 6638]
s184. ~18 | ~4 [sat_conversion 6843]
s201. ~2 | 14 | 15 | 17 | 18 [sat_conversion 6977]
s235. ~101 | ~15 [sat_conversion 8635]
s238. ~1 | 82 | 99 [sat_conversion 9222]
s240. ~82 | ~13 | 75 | 101 [sat_conversion 9242]
s241. ~99 | ~13 | 31 | 101 [sat_conversion 9248]
s245. ~3 | 69 [sat_conversion 9766]
s246. ~69 | ~32 [sat_conversion 9807]
s250. ~69 | ~21 | ~3 | 32 | 82 | 101 [sat_conversion 10584]
s253. ~18 | 21 [sat_conversion 10618]
s263. ~82 | ~18 [sat_conversion 10685]
s271. ~69 | ~11 [sat_conversion 10749]
s272. 3 | 1 [rat s201,s87,s168,s88,s19,s80,s74,s86,s184,s53,s6,s1]
s273. ~3 [rat s235,s250,s20,s253,s263,s23,s246,s271,s13,s18,s245]
s274. 1 [rat s272,s273]
s275. ~4 [rat s88,s87,s80,s139,s86,s184,s273,s274]
s277. ~88 [rat s165,s273,s275]
s279. 13 [rat s54,s273,s275]
s283. 56 [rat s55,s273,s275]
s290. ~15 [rat s238,s240,s241,s112,s113,s235,s274,s279]
s291. 14 [rat s179,s277,s290]
s297. 31 [rat s170,s283,s291]
s299. ~32 [rat s168,s291]
s300. ~18 [rat s161,s297]
s304. ~17 [rat s137,s277,s290,s299]
s305. # [rat s139,s274,s300,s304]
10750. $false [avatar sat refutation s305]
% SZS output end Proof for GRP133-1.003_clausified
% ------------------------------
% Version: Vampire 5.0.0 (Release build, commit 2e2c9b7b8 on 2026-01-17 12:24:14 +0100)
% Linked with Z3 4.14.0.0 3c47fd96cf5645d0c42b2c819d9e9a84380aa721 z3-4.8.4-9178-g3c47fd96c
% CaDiCaL version: 2.1.3
% Termination reason: Refutation
% Time elapsed: 0.490 s
% Peak memory usage: 70 MB
% Instructions burned: 2099 (million)
% ------------------------------
% ------------------------------
