% Running in auto input_syntax mode. Trying TPTP
% Refutation found. Thanks to Tanya!
% SZS status Unsatisfiable for GRP432-1_clausified
% SZS output start Proof for GRP432-1_clausified
1. multiply(X0,inverse(multiply(X1,multiply(multiply(multiply(X2,inverse(X2)),inverse(multiply(X3,X1))),X0)))) = X3 [input(axiom)]
2. multiply(multiply(a3,b3),c3) != multiply(a3,multiply(b3,c3)) [input(negated conjecture)]
3. multiply(X1,inverse(multiply(inverse(multiply(X2,multiply(multiply(multiply(X3,inverse(X3)),inverse(multiply(X0,X2))),X4))),multiply(multiply(multiply(X5,inverse(X5)),inverse(X0)),X1)))) = X4 [superposition 1,1]
4. multiply(X1,inverse(multiply(multiply(multiply(multiply(X2,inverse(X2)),inverse(multiply(X0,X3))),multiply(X4,inverse(X4))),multiply(X0,X1)))) = X3 [superposition 1,1]
5. multiply(inverse(multiply(X1,multiply(multiply(multiply(X2,inverse(X2)),inverse(multiply(X0,X1))),multiply(multiply(X3,inverse(X3)),inverse(multiply(X4,X5)))))),inverse(multiply(X5,X0))) = X4 [superposition 1,1]
6. inverse(multiply(X4,multiply(multiply(multiply(X5,inverse(X5)),inverse(multiply(X0,X4))),X3))) = multiply(X1,inverse(multiply(multiply(multiply(multiply(X2,inverse(X2)),inverse(X0)),multiply(X6,inverse(X6))),multiply(X3,X1)))) [superposition 4,1]
7. inverse(multiply(multiply(multiply(multiply(X4,inverse(X4)),inverse(multiply(X5,X0))),multiply(X6,inverse(X6))),multiply(X5,X3))) = multiply(X1,inverse(multiply(multiply(multiply(multiply(X2,inverse(X2)),inverse(X0)),multiply(X7,inverse(X7))),multiply(X3,X1)))) [superposition 4,4]
9. multiply(X4,multiply(X2,inverse(X2))) = multiply(X1,inverse(multiply(multiply(X0,multiply(X6,inverse(X6))),multiply(multiply(multiply(multiply(X3,inverse(X3)),inverse(multiply(X4,X0))),multiply(X5,inverse(X5))),X1)))) [superposition 4,4]
12. multiply(multiply(multiply(X4,inverse(X4)),inverse(multiply(X2,X0))),multiply(X5,inverse(X5))) = multiply(X1,inverse(multiply(multiply(X2,multiply(X3,inverse(X3))),multiply(X0,X1)))) [superposition 1,4]
13. multiply(inverse(multiply(multiply(multiply(multiply(X1,inverse(X1)),inverse(multiply(X2,X0))),multiply(X3,inverse(X3))),multiply(X2,multiply(multiply(X4,inverse(X4)),inverse(multiply(X5,X6)))))),inverse(multiply(X6,X0))) = X5 [superposition 1,4]
21. inverse(multiply(X5,multiply(multiply(multiply(X6,inverse(X6)),inverse(multiply(X0,X5))),multiply(multiply(X3,inverse(X3)),inverse(multiply(X4,X2)))))) = multiply(X1,inverse(multiply(inverse(multiply(X2,X0)),multiply(multiply(multiply(X7,inverse(X7)),inverse(X4)),X1)))) [superposition 3,1]
22. inverse(multiply(multiply(multiply(multiply(X5,inverse(X5)),inverse(multiply(X6,X0))),multiply(X7,inverse(X7))),multiply(X6,multiply(multiply(X3,inverse(X3)),inverse(multiply(X4,X2)))))) = multiply(X1,inverse(multiply(inverse(multiply(X2,X0)),multiply(multiply(multiply(X8,inverse(X8)),inverse(X4)),X1)))) [superposition 3,4]
24. multiply(X1,inverse(multiply(inverse(multiply(X2,multiply(multiply(multiply(X3,inverse(X3)),inverse(multiply(multiply(X4,multiply(multiply(multiply(X5,inverse(X5)),inverse(multiply(X0,X4))),multiply(X6,inverse(X6)))),X2))),X7))),multiply(X0,X1)))) = X7 [superposition 3,1]
31. inverse(multiply(inverse(multiply(X4,multiply(multiply(multiply(X5,inverse(X5)),inverse(multiply(X6,X4))),X0))),multiply(multiply(multiply(X7,inverse(X7)),inverse(X6)),X3))) = multiply(X1,inverse(multiply(multiply(multiply(multiply(X2,inverse(X2)),inverse(X0)),multiply(X8,inverse(X8))),multiply(X3,X1)))) [superposition 4,3]
33. multiply(multiply(multiply(X6,inverse(X6)),inverse(X5)),multiply(X2,inverse(X2))) = multiply(X1,inverse(multiply(multiply(X0,multiply(X7,inverse(X7))),multiply(inverse(multiply(X3,multiply(multiply(multiply(X4,inverse(X4)),inverse(multiply(X5,X3))),X0))),X1)))) [superposition 4,3]
87. multiply(inverse(multiply(multiply(multiply(multiply(X1,inverse(X1)),inverse(X2)),multiply(X3,inverse(X3))),multiply(X0,multiply(multiply(X6,inverse(X6)),inverse(multiply(X7,X8)))))),inverse(multiply(X8,inverse(multiply(X4,multiply(multiply(multiply(X5,inverse(X5)),inverse(multiply(X2,X4))),X0)))))) = X7 [superposition 5,3]
178. multiply(X0,multiply(X1,inverse(X1))) = multiply(X0,multiply(X2,inverse(X2))) [superposition 9,9]
298. multiply(X5,inverse(X5)) = multiply(X4,inverse(multiply(inverse(multiply(X2,multiply(multiply(multiply(X0,inverse(X0)),inverse(multiply(X1,X2))),multiply(X3,inverse(X3))))),multiply(multiply(multiply(X6,inverse(X6)),inverse(X1)),X4)))) [superposition 3,178]
301. multiply(X3,inverse(X3)) = multiply(X5,inverse(X5)) [forward demodulation 298,3]
408. inverse(multiply(X0,multiply(multiply(multiply(X1,inverse(X1)),inverse(multiply(multiply(X2,X3),X0))),X2))) = X3 [superposition 4,6]
412. inverse(multiply(X0,multiply(multiply(multiply(X1,inverse(X1)),inverse(multiply(X2,X0))),multiply(multiply(X3,inverse(X3)),inverse(multiply(X4,multiply(multiply(multiply(X5,inverse(X5)),inverse(X2)),multiply(X6,inverse(X6))))))))) = X4 [superposition 1,6]
1047. inverse(multiply(inverse(multiply(X1,X2)),multiply(multiply(X0,inverse(X0)),X1))) = X2 [superposition 408,301]
1306. inverse(X1) = inverse(multiply(inverse(multiply(X0,inverse(X0))),multiply(multiply(X2,inverse(X2)),X1))) [superposition 1047,301]
1336. inverse(multiply(inverse(multiply(inverse(multiply(X0,inverse(X0))),X1)),multiply(X2,inverse(X2)))) = X1 [superposition 1047,178]
5049. multiply(multiply(X2,inverse(X2)),X0) = inverse(multiply(inverse(X0),multiply(X3,inverse(X3)))) [superposition 1336,1306]
5668. inverse(multiply(inverse(multiply(X0,X2)),inverse(multiply(inverse(X0),multiply(X1,inverse(X1)))))) = X2 [superposition 408,5049]
5913. multiply(multiply(X0,inverse(X0)),multiply(inverse(multiply(X1,inverse(X1))),X2)) = X2 [superposition 1047,5049]
7686. inverse(X2) = multiply(X1,inverse(multiply(inverse(inverse(multiply(X0,inverse(X0)))),multiply(X2,X1)))) [superposition 4,5913]
7715. multiply(multiply(inverse(multiply(X1,inverse(X1))),X0),inverse(multiply(inverse(X2),X0))) = X2 [superposition 1,5913]
11622. inverse(X0) = inverse(multiply(X0,inverse(multiply(X1,inverse(X1))))) [superposition 5668,1]
12663. multiply(multiply(inverse(multiply(X1,inverse(X1))),X2),inverse(multiply(inverse(X0),X2))) = multiply(X0,inverse(multiply(X3,inverse(X3)))) [superposition 7715,11622]
12665. multiply(X0,inverse(multiply(X3,inverse(X3)))) = X0 [forward demodulation 12663,7715]
13905. inverse(multiply(X2,inverse(X2))) = multiply(multiply(X1,inverse(X1)),inverse(multiply(X0,inverse(X0)))) [superposition 5913,12665]
13917. inverse(multiply(multiply(multiply(multiply(X0,inverse(X0)),inverse(multiply(X1,inverse(X2)))),multiply(X3,inverse(X3))),multiply(X1,multiply(multiply(X4,inverse(X4)),inverse(multiply(X5,X2)))))) = X5 [superposition 13,12665]
14054. multiply(X1,inverse(X1)) = inverse(multiply(X2,inverse(X2))) [forward demodulation 13905,12665]
14877. multiply(X5,inverse(multiply(multiply(X2,multiply(X6,inverse(X6))),multiply(X3,X5)))) = multiply(multiply(inverse(multiply(X0,inverse(X0))),inverse(multiply(X2,X3))),multiply(X4,inverse(X4))) [superposition 12,14054]
14970. inverse(multiply(inverse(X2),multiply(X3,inverse(X3)))) = multiply(inverse(multiply(X0,inverse(X0))),X2) [superposition 5049,14054]
14971. multiply(multiply(X1,inverse(X1)),X2) = inverse(multiply(inverse(X2),inverse(multiply(X0,inverse(X0))))) [superposition 5049,14054]
14980. multiply(X1,inverse(inverse(multiply(X0,inverse(X0))))) = X1 [superposition 12665,14054]
14985. multiply(inverse(X1),inverse(multiply(multiply(multiply(multiply(X2,inverse(X2)),inverse(multiply(X1,X3))),multiply(X4,inverse(X4))),inverse(multiply(X0,inverse(X0)))))) = X3 [superposition 4,14054]
14986. inverse(X3) = multiply(X1,inverse(multiply(multiply(multiply(multiply(X2,inverse(X2)),inverse(inverse(multiply(X0,inverse(X0))))),multiply(X4,inverse(X4))),multiply(X3,X1)))) [superposition 4,14054]
14990. inverse(multiply(X1,multiply(multiply(multiply(X2,inverse(X2)),inverse(multiply(X3,X1))),X4))) = multiply(inverse(X4),inverse(multiply(multiply(multiply(multiply(X5,inverse(X5)),inverse(X3)),multiply(X6,inverse(X6))),inverse(multiply(X0,inverse(X0)))))) [superposition 6,14054]
14994. multiply(X5,inverse(multiply(multiply(multiply(multiply(X6,inverse(X6)),inverse(X3)),multiply(X7,inverse(X7))),multiply(inverse(X2),X5)))) = inverse(multiply(multiply(multiply(multiply(X1,inverse(X1)),inverse(multiply(X2,X3))),multiply(X4,inverse(X4))),inverse(multiply(X0,inverse(X0))))) [superposition 7,14054]
15001. multiply(multiply(multiply(X1,inverse(X1)),inverse(multiply(X2,X3))),multiply(X4,inverse(X4))) = multiply(inverse(X3),inverse(multiply(multiply(X2,multiply(X5,inverse(X5))),inverse(multiply(X0,inverse(X0)))))) [superposition 12,14054]
15017. inverse(multiply(multiply(multiply(multiply(X1,inverse(X1)),inverse(multiply(X2,inverse(X3)))),multiply(X4,inverse(X4))),multiply(X2,multiply(multiply(X5,inverse(X5)),inverse(multiply(X6,X3)))))) = multiply(X7,inverse(multiply(inverse(inverse(multiply(X0,inverse(X0)))),multiply(multiply(multiply(X8,inverse(X8)),inverse(X6)),X7)))) [superposition 22,14054]
15018. multiply(X7,inverse(multiply(inverse(multiply(X6,inverse(X2))),multiply(multiply(multiply(X8,inverse(X8)),inverse(X5)),X7)))) = inverse(multiply(multiply(multiply(multiply(X1,inverse(X1)),inverse(inverse(multiply(X0,inverse(X0))))),multiply(X3,inverse(X3))),multiply(X2,multiply(multiply(X4,inverse(X4)),inverse(multiply(X5,X6)))))) [superposition 22,14054]
15138. multiply(X6,inverse(multiply(multiply(multiply(multiply(X7,inverse(X7)),inverse(X4)),multiply(X8,inverse(X8))),multiply(inverse(multiply(multiply(X5,inverse(X5)),inverse(X3))),X6)))) = inverse(multiply(inverse(multiply(X1,multiply(multiply(multiply(X2,inverse(X2)),inverse(multiply(X3,X1))),X4))),inverse(multiply(X0,inverse(X0))))) [superposition 31,14054]
15145. multiply(X4,inverse(multiply(multiply(multiply(multiply(X5,inverse(X5)),inverse(X3)),multiply(X6,inverse(X6))),multiply(inverse(multiply(multiply(X2,inverse(X2)),inverse(multiply(X3,X1)))),X4)))) = inverse(multiply(X1,inverse(multiply(X0,inverse(X0))))) [superposition 6,14054]
15164. inverse(multiply(multiply(X3,inverse(X3)),inverse(multiply(multiply(X4,multiply(multiply(multiply(X5,inverse(X5)),inverse(multiply(X6,X4))),multiply(X7,inverse(X7)))),X2)))) = multiply(X1,inverse(multiply(inverse(multiply(X2,inverse(multiply(X0,inverse(X0))))),multiply(X6,X1)))) [superposition 24,14054]
15183. multiply(X1,multiply(X0,inverse(X0))) = X1 [superposition 12665,14054]
15446. inverse(multiply(multiply(X3,inverse(X3)),inverse(multiply(multiply(X4,multiply(multiply(multiply(X5,inverse(X5)),inverse(multiply(X6,X4))),multiply(X7,inverse(X7)))),X2)))) = multiply(X1,inverse(multiply(inverse(X2),multiply(X6,X1)))) [forward demodulation 15164,11622]
15465. inverse(X1) = multiply(X4,inverse(multiply(multiply(multiply(multiply(X5,inverse(X5)),inverse(X3)),multiply(X6,inverse(X6))),multiply(inverse(multiply(multiply(X2,inverse(X2)),inverse(multiply(X3,X1)))),X4)))) [forward demodulation 15145,11622]
15470. inverse(inverse(multiply(X1,multiply(multiply(multiply(X2,inverse(X2)),inverse(multiply(X3,X1))),X4)))) = multiply(X6,inverse(multiply(multiply(multiply(multiply(X7,inverse(X7)),inverse(X4)),multiply(X8,inverse(X8))),multiply(inverse(multiply(multiply(X5,inverse(X5)),inverse(X3))),X6)))) [forward demodulation 15138,11622]
15568. multiply(X7,inverse(multiply(inverse(multiply(X6,inverse(X2))),multiply(multiply(multiply(X8,inverse(X8)),inverse(X5)),X7)))) = inverse(multiply(multiply(multiply(X1,inverse(X1)),inverse(inverse(multiply(X0,inverse(X0))))),multiply(X2,multiply(multiply(X4,inverse(X4)),inverse(multiply(X5,X6)))))) [forward demodulation 15018,15183]
15569. inverse(multiply(multiply(multiply(multiply(X1,inverse(X1)),inverse(multiply(X2,inverse(X3)))),multiply(X4,inverse(X4))),multiply(X2,multiply(multiply(X5,inverse(X5)),inverse(multiply(X6,X3)))))) = inverse(multiply(multiply(X8,inverse(X8)),inverse(X6))) [forward demodulation 15017,7686]
15583. multiply(multiply(multiply(X1,inverse(X1)),inverse(multiply(X2,X3))),multiply(X4,inverse(X4))) = multiply(inverse(X3),inverse(multiply(X2,multiply(X5,inverse(X5))))) [forward demodulation 15001,11622]
15590. inverse(multiply(multiply(multiply(X1,inverse(X1)),inverse(multiply(X2,X3))),multiply(X4,inverse(X4)))) = multiply(X5,inverse(multiply(multiply(multiply(multiply(X6,inverse(X6)),inverse(X3)),multiply(X7,inverse(X7))),multiply(inverse(X2),X5)))) [forward demodulation 14994,11622]
15594. inverse(multiply(X1,multiply(multiply(multiply(X2,inverse(X2)),inverse(multiply(X3,X1))),X4))) = multiply(inverse(X4),inverse(multiply(multiply(multiply(X5,inverse(X5)),inverse(X3)),multiply(X6,inverse(X6))))) [forward demodulation 14990,11622]
15596. inverse(X3) = multiply(X1,inverse(multiply(multiply(multiply(X2,inverse(X2)),inverse(inverse(multiply(X0,inverse(X0))))),multiply(X3,X1)))) [forward demodulation 14986,15183]
15597. multiply(inverse(X1),inverse(multiply(multiply(multiply(X2,inverse(X2)),inverse(multiply(X1,X3))),multiply(X4,inverse(X4))))) = X3 [forward demodulation 14985,11622]
15599. multiply(multiply(X1,inverse(X1)),X2) = inverse(inverse(X2)) [forward demodulation 14971,11622]
15600. inverse(inverse(X2)) = multiply(inverse(multiply(X0,inverse(X0))),X2) [forward demodulation 14970,15183]
15667. multiply(X5,inverse(multiply(multiply(X2,multiply(X6,inverse(X6))),multiply(X3,X5)))) = multiply(inverse(multiply(X0,inverse(X0))),inverse(multiply(X2,X3))) [forward demodulation 14877,15183]
15736. multiply(X1,inverse(multiply(inverse(X2),multiply(X6,X1)))) = inverse(multiply(multiply(X3,inverse(X3)),inverse(multiply(multiply(X4,multiply(multiply(X5,inverse(X5)),inverse(multiply(X6,X4)))),X2)))) [forward demodulation 15446,15183]
15749. inverse(X1) = multiply(X4,inverse(multiply(multiply(multiply(X5,inverse(X5)),inverse(X3)),multiply(inverse(multiply(multiply(X2,inverse(X2)),inverse(multiply(X3,X1)))),X4)))) [forward demodulation 15465,15183]
15750. inverse(inverse(multiply(X1,multiply(multiply(multiply(X2,inverse(X2)),inverse(multiply(X3,X1))),X4)))) = multiply(X6,inverse(multiply(multiply(multiply(X7,inverse(X7)),inverse(X4)),multiply(inverse(multiply(multiply(X5,inverse(X5)),inverse(X3))),X6)))) [forward demodulation 15470,15183]
15801. multiply(X7,inverse(multiply(inverse(multiply(X6,inverse(X2))),multiply(multiply(multiply(X8,inverse(X8)),inverse(X5)),X7)))) = inverse(multiply(multiply(X1,inverse(X1)),multiply(X2,multiply(multiply(X4,inverse(X4)),inverse(multiply(X5,X6)))))) [forward demodulation 15568,14980]
15802. inverse(multiply(multiply(X8,inverse(X8)),inverse(X6))) = X6 [forward demodulation 15569,13917]
15814. multiply(multiply(multiply(X1,inverse(X1)),inverse(multiply(X2,X3))),multiply(X4,inverse(X4))) = multiply(inverse(X3),inverse(X2)) [forward demodulation 15583,15183]
15820. inverse(multiply(multiply(multiply(X1,inverse(X1)),inverse(multiply(X2,X3))),multiply(X4,inverse(X4)))) = multiply(X5,inverse(multiply(multiply(multiply(X6,inverse(X6)),inverse(X3)),multiply(inverse(X2),X5)))) [forward demodulation 15590,15183]
15824. inverse(multiply(X1,multiply(multiply(multiply(X2,inverse(X2)),inverse(multiply(X3,X1))),X4))) = multiply(inverse(X4),inverse(multiply(multiply(X5,inverse(X5)),inverse(X3)))) [forward demodulation 15594,15183]
15825. inverse(X3) = multiply(X1,inverse(multiply(multiply(X2,inverse(X2)),multiply(X3,X1)))) [forward demodulation 15596,14980]
15826. multiply(inverse(X1),inverse(multiply(multiply(X2,inverse(X2)),inverse(multiply(X1,X3))))) = X3 [forward demodulation 15597,15183]
15872. multiply(X5,inverse(multiply(multiply(X2,multiply(X6,inverse(X6))),multiply(X3,X5)))) = inverse(inverse(inverse(multiply(X2,X3)))) [forward demodulation 15667,15600]
15908. multiply(X1,inverse(multiply(inverse(X2),multiply(X6,X1)))) = inverse(inverse(inverse(inverse(multiply(multiply(X4,multiply(multiply(X5,inverse(X5)),inverse(multiply(X6,X4)))),X2))))) [forward demodulation 15736,15599]
15921. inverse(X1) = multiply(X4,inverse(multiply(multiply(multiply(X5,inverse(X5)),inverse(X3)),multiply(inverse(inverse(inverse(inverse(multiply(X3,X1))))),X4)))) [forward demodulation 15749,15599]
15922. inverse(inverse(multiply(X1,multiply(multiply(multiply(X2,inverse(X2)),inverse(multiply(X3,X1))),X4)))) = multiply(X6,inverse(multiply(multiply(multiply(X7,inverse(X7)),inverse(X4)),multiply(inverse(inverse(inverse(inverse(X3)))),X6)))) [forward demodulation 15750,15599]
15963. multiply(X7,inverse(multiply(inverse(multiply(X6,inverse(X2))),multiply(multiply(multiply(X8,inverse(X8)),inverse(X5)),X7)))) = inverse(inverse(inverse(multiply(X2,multiply(multiply(X4,inverse(X4)),inverse(multiply(X5,X6))))))) [forward demodulation 15801,15599]
15964. inverse(inverse(inverse(inverse(X6)))) = X6 [forward demodulation 15802,15599]
15973. multiply(multiply(X1,inverse(X1)),inverse(multiply(X2,X3))) = multiply(inverse(X3),inverse(X2)) [forward demodulation 15814,15183]
15979. inverse(multiply(multiply(multiply(X1,inverse(X1)),inverse(multiply(X2,X3))),multiply(X4,inverse(X4)))) = multiply(X5,inverse(multiply(inverse(inverse(inverse(X3))),multiply(inverse(X2),X5)))) [forward demodulation 15820,15599]
15983. inverse(multiply(X1,multiply(multiply(multiply(X2,inverse(X2)),inverse(multiply(X3,X1))),X4))) = multiply(inverse(X4),inverse(inverse(inverse(inverse(X3))))) [forward demodulation 15824,15599]
15984. inverse(X3) = multiply(X1,inverse(inverse(inverse(multiply(X3,X1))))) [forward demodulation 15825,15599]
15985. multiply(inverse(X1),inverse(inverse(inverse(inverse(multiply(X1,X3)))))) = X3 [forward demodulation 15826,15599]
16031. multiply(X5,inverse(multiply(X2,multiply(X3,X5)))) = inverse(inverse(inverse(multiply(X2,X3)))) [forward demodulation 15872,15183]
16061. multiply(X1,inverse(multiply(inverse(X2),multiply(X6,X1)))) = inverse(inverse(inverse(inverse(multiply(multiply(X4,inverse(inverse(inverse(multiply(X6,X4))))),X2))))) [forward demodulation 15908,15599]
16074. inverse(X1) = multiply(X4,inverse(multiply(inverse(inverse(inverse(X3))),multiply(inverse(inverse(inverse(inverse(multiply(X3,X1))))),X4)))) [forward demodulation 15921,15599]
16075. inverse(inverse(multiply(X1,multiply(multiply(multiply(X2,inverse(X2)),inverse(multiply(X3,X1))),X4)))) = multiply(X6,inverse(multiply(inverse(inverse(inverse(X4))),multiply(inverse(inverse(inverse(inverse(X3)))),X6)))) [forward demodulation 15922,15599]
16110. multiply(X7,inverse(multiply(inverse(multiply(X6,inverse(X2))),multiply(multiply(multiply(X8,inverse(X8)),inverse(X5)),X7)))) = inverse(inverse(inverse(multiply(X2,inverse(inverse(inverse(multiply(X5,X6)))))))) [forward demodulation 15963,15599]
16117. multiply(inverse(X3),inverse(X2)) = inverse(inverse(inverse(multiply(X2,X3)))) [forward demodulation 15973,15599]
16123. inverse(multiply(multiply(X1,inverse(X1)),inverse(multiply(X2,X3)))) = multiply(X5,inverse(multiply(inverse(inverse(inverse(X3))),multiply(inverse(X2),X5)))) [forward demodulation 15979,15183]
16127. inverse(multiply(X1,multiply(multiply(multiply(X2,inverse(X2)),inverse(multiply(X3,X1))),X4))) = multiply(inverse(X4),X3) [forward demodulation 15983,15964]
16128. multiply(inverse(X1),multiply(X1,X3)) = X3 [forward demodulation 15985,15964]
16195. multiply(X1,inverse(multiply(inverse(X2),multiply(X6,X1)))) = multiply(multiply(X4,inverse(inverse(inverse(multiply(X6,X4))))),X2) [forward demodulation 16061,15964]
16206. inverse(X1) = inverse(inverse(inverse(multiply(inverse(inverse(inverse(X3))),inverse(inverse(inverse(inverse(multiply(X3,X1))))))))) [forward demodulation 16074,16031]
16207. inverse(inverse(multiply(X1,multiply(multiply(multiply(X2,inverse(X2)),inverse(multiply(X3,X1))),X4)))) = inverse(inverse(inverse(multiply(inverse(inverse(inverse(X4))),inverse(inverse(inverse(inverse(X3)))))))) [forward demodulation 16075,16031]
16233. inverse(inverse(inverse(multiply(X2,inverse(inverse(inverse(multiply(X5,X6)))))))) = inverse(inverse(inverse(multiply(inverse(multiply(X6,inverse(X2))),multiply(multiply(X8,inverse(X8)),inverse(X5)))))) [forward demodulation 16110,16031]
16241. inverse(multiply(multiply(X1,inverse(X1)),inverse(multiply(X2,X3)))) = inverse(inverse(inverse(multiply(inverse(inverse(inverse(X3))),inverse(X2))))) [forward demodulation 16123,16031]
16245. multiply(inverse(X4),X3) = inverse(multiply(X1,multiply(inverse(inverse(inverse(multiply(X3,X1)))),X4))) [forward demodulation 16127,15599]
16307. multiply(inverse(X6),X2) = multiply(X1,inverse(multiply(inverse(X2),multiply(X6,X1)))) [forward demodulation 16195,15984]
16318. inverse(X1) = multiply(inverse(inverse(inverse(inverse(inverse(multiply(X3,X1)))))),inverse(inverse(inverse(inverse(X3))))) [forward demodulation 16206,16117]
16319. inverse(inverse(multiply(X1,multiply(multiply(multiply(X2,inverse(X2)),inverse(multiply(X3,X1))),X4)))) = multiply(inverse(inverse(inverse(inverse(inverse(X3))))),inverse(inverse(inverse(inverse(X4))))) [forward demodulation 16207,16117]
16343. inverse(inverse(inverse(multiply(X2,inverse(inverse(inverse(multiply(X5,X6)))))))) = multiply(inverse(multiply(multiply(X8,inverse(X8)),inverse(X5))),inverse(inverse(multiply(X6,inverse(X2))))) [forward demodulation 16233,16117]
16347. inverse(multiply(multiply(X1,inverse(X1)),inverse(multiply(X2,X3)))) = multiply(inverse(inverse(X2)),inverse(inverse(inverse(inverse(X3))))) [forward demodulation 16241,16117]
16351. multiply(inverse(X4),X3) = inverse(multiply(X1,multiply(multiply(inverse(X1),inverse(X3)),X4))) [forward demodulation 16245,16117]
16410. multiply(inverse(X6),X2) = inverse(inverse(inverse(multiply(inverse(X2),X6)))) [forward demodulation 16307,16031]
16419. inverse(X1) = multiply(inverse(inverse(inverse(inverse(inverse(multiply(X3,X1)))))),X3) [forward demodulation 16318,15964]
16420. inverse(inverse(multiply(X1,multiply(multiply(multiply(X2,inverse(X2)),inverse(multiply(X3,X1))),X4)))) = multiply(inverse(inverse(inverse(inverse(inverse(X3))))),X4) [forward demodulation 16319,15964]
16436. inverse(inverse(inverse(multiply(X2,inverse(inverse(inverse(multiply(X5,X6)))))))) = multiply(inverse(inverse(inverse(inverse(X5)))),inverse(inverse(multiply(X6,inverse(X2))))) [forward demodulation 16343,15599]
16439. inverse(multiply(multiply(X1,inverse(X1)),inverse(multiply(X2,X3)))) = multiply(inverse(inverse(X2)),X3) [forward demodulation 16347,15964]
16487. multiply(inverse(X6),X2) = multiply(inverse(X6),inverse(inverse(X2))) [forward demodulation 16410,16117]
16492. inverse(X1) = multiply(inverse(multiply(X3,X1)),X3) [forward demodulation 16419,15964]
16493. inverse(inverse(multiply(X1,multiply(multiply(multiply(X2,inverse(X2)),inverse(multiply(X3,X1))),X4)))) = multiply(inverse(X3),X4) [forward demodulation 16420,15964]
16503. inverse(inverse(inverse(multiply(X2,inverse(inverse(inverse(multiply(X5,X6)))))))) = multiply(X5,inverse(inverse(multiply(X6,inverse(X2))))) [forward demodulation 16436,15964]
16504. inverse(inverse(inverse(inverse(multiply(X2,X3))))) = multiply(inverse(inverse(X2)),X3) [forward demodulation 16439,15599]
16529. multiply(inverse(X3),X4) = inverse(inverse(multiply(X1,multiply(inverse(inverse(inverse(multiply(X3,X1)))),X4)))) [forward demodulation 16493,15599]
16536. multiply(X5,inverse(inverse(multiply(X6,inverse(X2))))) = multiply(inverse(inverse(inverse(inverse(multiply(X5,X6))))),inverse(X2)) [forward demodulation 16503,16117]
16537. multiply(X2,X3) = multiply(inverse(inverse(X2)),X3) [forward demodulation 16504,15964]
16555. multiply(inverse(X3),X4) = inverse(inverse(multiply(X1,multiply(multiply(inverse(X1),inverse(X3)),X4)))) [forward demodulation 16529,16117]
16559. multiply(X5,inverse(inverse(multiply(X6,inverse(X2))))) = multiply(multiply(X5,X6),inverse(X2)) [forward demodulation 16536,15964]
16569. inverse(multiply(inverse(X4),X3)) = multiply(inverse(X3),X4) [forward demodulation 16555,16351]
16780. inverse(multiply(X10,multiply(multiply(multiply(X11,inverse(X11)),inverse(multiply(X12,X10))),X2))) = multiply(inverse(multiply(multiply(multiply(multiply(X5,inverse(X5)),inverse(X6)),multiply(X7,inverse(X7))),multiply(X8,multiply(multiply(X9,inverse(X9)),multiply(X0,inverse(multiply(multiply(multiply(multiply(X1,inverse(X1)),inverse(X2)),multiply(X3,inverse(X3))),multiply(X4,X0)))))))),inverse(multiply(multiply(multiply(multiply(X13,inverse(X13)),inverse(X12)),X4),inverse(multiply(X14,multiply(multiply(multiply(X15,inverse(X15)),inverse(multiply(X6,X14))),X8)))))) [superposition 87,31]
16782. multiply(multiply(multiply(X10,inverse(X10)),inverse(multiply(X11,X2))),multiply(X12,inverse(X12))) = multiply(inverse(multiply(multiply(multiply(multiply(X5,inverse(X5)),inverse(X6)),multiply(X7,inverse(X7))),multiply(X8,multiply(multiply(X9,inverse(X9)),multiply(X0,inverse(multiply(multiply(multiply(multiply(X1,inverse(X1)),inverse(X2)),multiply(X3,inverse(X3))),multiply(X4,X0)))))))),inverse(multiply(multiply(X11,X4),inverse(multiply(X13,multiply(multiply(multiply(X14,inverse(X14)),inverse(multiply(X6,X13))),X8)))))) [superposition 87,7]
16793. inverse(X0) = multiply(inverse(multiply(multiply(multiply(multiply(X1,inverse(X1)),inverse(X2)),multiply(X3,inverse(X3))),multiply(X4,X0))),inverse(multiply(inverse(inverse(multiply(X5,inverse(X5)))),inverse(multiply(X6,multiply(multiply(multiply(X7,inverse(X7)),inverse(multiply(X2,X6))),X4)))))) [superposition 87,7715]
17052. multiply(inverse(multiply(multiply(multiply(multiply(X5,inverse(X5)),inverse(X2)),multiply(X6,inverse(X6))),multiply(X3,multiply(multiply(X7,inverse(X7)),inverse(multiply(X8,multiply(X9,inverse(X9)))))))),inverse(inverse(multiply(inverse(inverse(multiply(X0,multiply(multiply(multiply(X1,inverse(X1)),inverse(multiply(X2,X0))),X3)))),multiply(X4,inverse(X4)))))) = X8 [superposition 87,5049]
17063. multiply(multiply(multiply(X1,inverse(X1)),inverse(X2)),multiply(X3,inverse(X3))) = multiply(inverse(multiply(X4,inverse(multiply(X5,multiply(multiply(multiply(X6,inverse(X6)),inverse(multiply(X7,X5))),multiply(multiply(X8,inverse(X8)),inverse(multiply(X2,multiply(multiply(multiply(X9,inverse(X9)),inverse(X7)),multiply(X10,inverse(X10))))))))))),inverse(multiply(multiply(multiply(multiply(X11,inverse(X11)),inverse(multiply(X0,X4))),multiply(X12,inverse(X12))),X0))) [superposition 33,87]
17188. multiply(multiply(multiply(X1,inverse(X1)),inverse(X2)),multiply(X3,inverse(X3))) = multiply(inverse(multiply(X4,inverse(multiply(X5,multiply(multiply(multiply(X6,inverse(X6)),inverse(multiply(X7,X5))),multiply(multiply(X8,inverse(X8)),inverse(multiply(X2,multiply(multiply(multiply(X9,inverse(X9)),inverse(X7)),multiply(X10,inverse(X10))))))))))),inverse(multiply(multiply(multiply(X11,inverse(X11)),inverse(multiply(X0,X4))),X0))) [forward demodulation 17063,15183]
17199. multiply(inverse(multiply(multiply(multiply(multiply(X5,inverse(X5)),inverse(X2)),multiply(X6,inverse(X6))),multiply(X3,multiply(multiply(X7,inverse(X7)),inverse(multiply(X8,multiply(X9,inverse(X9)))))))),multiply(inverse(inverse(multiply(X0,multiply(multiply(multiply(X1,inverse(X1)),inverse(multiply(X2,X0))),X3)))),multiply(X4,inverse(X4)))) = X8 [forward demodulation 17052,16487]
17403. inverse(X0) = multiply(inverse(multiply(multiply(multiply(multiply(X1,inverse(X1)),inverse(X2)),multiply(X3,inverse(X3))),multiply(X4,X0))),multiply(inverse(inverse(multiply(X6,multiply(multiply(multiply(X7,inverse(X7)),inverse(multiply(X2,X6))),X4)))),inverse(multiply(X5,inverse(X5))))) [forward demodulation 16793,16569]
17414. multiply(multiply(multiply(X10,inverse(X10)),inverse(multiply(X11,X2))),multiply(X12,inverse(X12))) = multiply(inverse(multiply(multiply(multiply(multiply(X5,inverse(X5)),inverse(X6)),multiply(X7,inverse(X7))),multiply(X8,multiply(multiply(X9,inverse(X9)),multiply(X0,inverse(multiply(multiply(multiply(multiply(X1,inverse(X1)),inverse(X2)),multiply(X3,inverse(X3))),multiply(X4,X0)))))))),inverse(multiply(multiply(X11,X4),inverse(multiply(X13,multiply(inverse(inverse(inverse(multiply(X6,X13)))),X8)))))) [forward demodulation 16782,15599]
17416. inverse(multiply(X10,multiply(multiply(multiply(X11,inverse(X11)),inverse(multiply(X12,X10))),X2))) = multiply(inverse(multiply(multiply(multiply(multiply(X5,inverse(X5)),inverse(X6)),multiply(X7,inverse(X7))),multiply(X8,multiply(multiply(X9,inverse(X9)),multiply(X0,inverse(multiply(multiply(multiply(multiply(X1,inverse(X1)),inverse(X2)),multiply(X3,inverse(X3))),multiply(X4,X0)))))))),inverse(multiply(multiply(multiply(multiply(X13,inverse(X13)),inverse(X12)),X4),inverse(multiply(X14,multiply(inverse(inverse(inverse(multiply(X6,X14)))),X8)))))) [forward demodulation 16780,15599]
17651. multiply(multiply(multiply(X1,inverse(X1)),inverse(X2)),multiply(X3,inverse(X3))) = multiply(inverse(multiply(X4,inverse(multiply(X5,multiply(multiply(multiply(X6,inverse(X6)),inverse(multiply(X7,X5))),multiply(multiply(X8,inverse(X8)),inverse(multiply(X2,multiply(multiply(multiply(X9,inverse(X9)),inverse(X7)),multiply(X10,inverse(X10))))))))))),inverse(multiply(inverse(inverse(inverse(multiply(X0,X4)))),X0))) [forward demodulation 17188,15599]
17662. multiply(inverse(multiply(multiply(multiply(multiply(X5,inverse(X5)),inverse(X2)),multiply(X6,inverse(X6))),multiply(X3,multiply(multiply(X7,inverse(X7)),inverse(multiply(X8,multiply(X9,inverse(X9)))))))),inverse(inverse(multiply(X0,multiply(multiply(multiply(X1,inverse(X1)),inverse(multiply(X2,X0))),X3))))) = X8 [forward demodulation 17199,15183]
17847. inverse(X0) = multiply(inverse(multiply(multiply(multiply(multiply(X1,inverse(X1)),inverse(X2)),multiply(X3,inverse(X3))),multiply(X4,X0))),inverse(inverse(multiply(X6,multiply(multiply(multiply(X7,inverse(X7)),inverse(multiply(X2,X6))),X4))))) [forward demodulation 17403,12665]
17858. multiply(multiply(multiply(X10,inverse(X10)),inverse(multiply(X11,X2))),multiply(X12,inverse(X12))) = multiply(inverse(multiply(multiply(multiply(multiply(X5,inverse(X5)),inverse(X6)),multiply(X7,inverse(X7))),multiply(X8,multiply(multiply(X9,inverse(X9)),multiply(X0,inverse(multiply(multiply(multiply(multiply(X1,inverse(X1)),inverse(X2)),multiply(X3,inverse(X3))),multiply(X4,X0)))))))),inverse(multiply(multiply(X11,X4),inverse(multiply(X13,multiply(inverse(multiply(X6,X13)),X8)))))) [forward demodulation 17414,16537]
17860. inverse(multiply(X10,multiply(multiply(multiply(X11,inverse(X11)),inverse(multiply(X12,X10))),X2))) = multiply(inverse(multiply(multiply(multiply(multiply(X5,inverse(X5)),inverse(X6)),multiply(X7,inverse(X7))),multiply(X8,multiply(multiply(X9,inverse(X9)),multiply(X0,inverse(multiply(multiply(multiply(multiply(X1,inverse(X1)),inverse(X2)),multiply(X3,inverse(X3))),multiply(X4,X0)))))))),inverse(multiply(multiply(multiply(multiply(X13,inverse(X13)),inverse(X12)),X4),inverse(multiply(X14,multiply(inverse(multiply(X6,X14)),X8)))))) [forward demodulation 17416,16537]
18079. multiply(multiply(multiply(X1,inverse(X1)),inverse(X2)),multiply(X3,inverse(X3))) = multiply(inverse(multiply(X4,inverse(multiply(X5,multiply(multiply(multiply(X6,inverse(X6)),inverse(multiply(X7,X5))),multiply(multiply(X8,inverse(X8)),inverse(multiply(X2,multiply(multiply(multiply(X9,inverse(X9)),inverse(X7)),multiply(X10,inverse(X10))))))))))),multiply(inverse(X0),inverse(inverse(multiply(X0,X4))))) [forward demodulation 17651,16569]
18090. multiply(inverse(multiply(multiply(multiply(multiply(X5,inverse(X5)),inverse(X2)),multiply(X6,inverse(X6))),multiply(X3,multiply(multiply(X7,inverse(X7)),inverse(multiply(X8,multiply(X9,inverse(X9)))))))),multiply(X0,multiply(multiply(multiply(X1,inverse(X1)),inverse(multiply(X2,X0))),X3))) = X8 [forward demodulation 17662,16487]
18274. inverse(X0) = multiply(inverse(multiply(multiply(multiply(multiply(X1,inverse(X1)),inverse(X2)),multiply(X3,inverse(X3))),multiply(X4,X0))),multiply(X6,multiply(multiply(multiply(X7,inverse(X7)),inverse(multiply(X2,X6))),X4))) [forward demodulation 17847,16487]
18285. multiply(multiply(multiply(X10,inverse(X10)),inverse(multiply(X11,X2))),multiply(X12,inverse(X12))) = multiply(inverse(multiply(multiply(multiply(multiply(X5,inverse(X5)),inverse(X6)),multiply(X7,inverse(X7))),multiply(X8,inverse(inverse(multiply(X0,inverse(multiply(multiply(multiply(multiply(X1,inverse(X1)),inverse(X2)),multiply(X3,inverse(X3))),multiply(X4,X0))))))))),inverse(multiply(multiply(X11,X4),inverse(multiply(X13,multiply(inverse(multiply(X6,X13)),X8)))))) [forward demodulation 17858,15599]
18287. inverse(multiply(X10,multiply(multiply(multiply(X11,inverse(X11)),inverse(multiply(X12,X10))),X2))) = multiply(inverse(multiply(multiply(multiply(multiply(X5,inverse(X5)),inverse(X6)),multiply(X7,inverse(X7))),multiply(X8,multiply(multiply(X9,inverse(X9)),multiply(X0,inverse(multiply(multiply(multiply(multiply(X1,inverse(X1)),inverse(X2)),multiply(X3,inverse(X3))),multiply(X4,X0)))))))),inverse(multiply(multiply(inverse(inverse(inverse(X12))),X4),inverse(multiply(X14,multiply(inverse(multiply(X6,X14)),X8)))))) [forward demodulation 17860,15599]
18506. multiply(multiply(multiply(X1,inverse(X1)),inverse(X2)),multiply(X3,inverse(X3))) = multiply(inverse(multiply(X4,inverse(multiply(X5,multiply(multiply(multiply(X6,inverse(X6)),inverse(multiply(X7,X5))),multiply(multiply(X8,inverse(X8)),inverse(multiply(X2,multiply(multiply(multiply(X9,inverse(X9)),inverse(X7)),multiply(X10,inverse(X10))))))))))),multiply(inverse(X0),multiply(X0,X4))) [forward demodulation 18079,16487]
18517. multiply(inverse(multiply(multiply(multiply(multiply(X5,inverse(X5)),inverse(X2)),multiply(X6,inverse(X6))),multiply(X3,multiply(multiply(X7,inverse(X7)),inverse(multiply(X8,multiply(X9,inverse(X9)))))))),multiply(X0,multiply(inverse(inverse(inverse(multiply(X2,X0)))),X3))) = X8 [forward demodulation 18090,15599]
18701. inverse(X0) = multiply(inverse(multiply(multiply(multiply(multiply(X1,inverse(X1)),inverse(X2)),multiply(X3,inverse(X3))),multiply(X4,X0))),multiply(X6,multiply(inverse(inverse(inverse(multiply(X2,X6)))),X4))) [forward demodulation 18274,15599]
18712. multiply(multiply(multiply(X10,inverse(X10)),inverse(multiply(X11,X2))),multiply(X12,inverse(X12))) = multiply(inverse(multiply(multiply(multiply(multiply(X5,inverse(X5)),inverse(X6)),multiply(X7,inverse(X7))),multiply(multiply(X8,X0),inverse(multiply(multiply(multiply(multiply(X1,inverse(X1)),inverse(X2)),multiply(X3,inverse(X3))),multiply(X4,X0)))))),inverse(multiply(multiply(X11,X4),inverse(multiply(X13,multiply(inverse(multiply(X6,X13)),X8)))))) [forward demodulation 18285,16559]
18714. inverse(multiply(X10,multiply(multiply(multiply(X11,inverse(X11)),inverse(multiply(X12,X10))),X2))) = multiply(inverse(multiply(multiply(multiply(multiply(X5,inverse(X5)),inverse(X6)),multiply(X7,inverse(X7))),multiply(X8,multiply(multiply(X9,inverse(X9)),multiply(X0,inverse(multiply(multiply(multiply(multiply(X1,inverse(X1)),inverse(X2)),multiply(X3,inverse(X3))),multiply(X4,X0)))))))),inverse(multiply(multiply(inverse(X12),X4),inverse(multiply(X14,multiply(inverse(multiply(X6,X14)),X8)))))) [forward demodulation 18287,16537]
18933. multiply(multiply(multiply(X1,inverse(X1)),inverse(X2)),multiply(X3,inverse(X3))) = multiply(inverse(multiply(X4,inverse(multiply(X5,multiply(multiply(multiply(X6,inverse(X6)),inverse(multiply(X7,X5))),multiply(multiply(X8,inverse(X8)),inverse(multiply(X2,multiply(multiply(multiply(X9,inverse(X9)),inverse(X7)),multiply(X10,inverse(X10))))))))))),X4) [forward demodulation 18506,16128]
18944. multiply(inverse(multiply(multiply(multiply(multiply(X5,inverse(X5)),inverse(X2)),multiply(X6,inverse(X6))),multiply(X3,multiply(multiply(X7,inverse(X7)),inverse(multiply(X8,multiply(X9,inverse(X9)))))))),multiply(X0,multiply(inverse(multiply(X2,X0)),X3))) = X8 [forward demodulation 18517,16537]
19128. inverse(X0) = multiply(inverse(multiply(multiply(multiply(multiply(X1,inverse(X1)),inverse(X2)),multiply(X3,inverse(X3))),multiply(X4,X0))),multiply(X6,multiply(inverse(multiply(X2,X6)),X4))) [forward demodulation 18701,16537]
19139. multiply(multiply(multiply(X10,inverse(X10)),inverse(multiply(X11,X2))),multiply(X12,inverse(X12))) = multiply(inverse(multiply(multiply(multiply(multiply(X5,inverse(X5)),inverse(X6)),multiply(X7,inverse(X7))),multiply(multiply(X8,X0),inverse(multiply(multiply(multiply(X1,inverse(X1)),inverse(X2)),multiply(X4,X0)))))),inverse(multiply(multiply(X11,X4),inverse(multiply(X13,multiply(inverse(multiply(X6,X13)),X8)))))) [forward demodulation 18712,15183]
19141. inverse(multiply(X10,multiply(multiply(multiply(X11,inverse(X11)),inverse(multiply(X12,X10))),X2))) = multiply(inverse(multiply(multiply(multiply(multiply(X5,inverse(X5)),inverse(X6)),multiply(X7,inverse(X7))),multiply(X8,inverse(inverse(multiply(X0,inverse(multiply(multiply(multiply(multiply(X1,inverse(X1)),inverse(X2)),multiply(X3,inverse(X3))),multiply(X4,X0))))))))),inverse(multiply(multiply(inverse(X12),X4),inverse(multiply(X14,multiply(inverse(multiply(X6,X14)),X8)))))) [forward demodulation 18714,15599]
19360. multiply(multiply(multiply(X1,inverse(X1)),inverse(X2)),multiply(X3,inverse(X3))) = inverse(inverse(multiply(X5,multiply(multiply(multiply(X6,inverse(X6)),inverse(multiply(X7,X5))),multiply(multiply(X8,inverse(X8)),inverse(multiply(X2,multiply(multiply(multiply(X9,inverse(X9)),inverse(X7)),multiply(X10,inverse(X10)))))))))) [forward demodulation 18933,16492]
19371. multiply(inverse(multiply(multiply(multiply(multiply(X5,inverse(X5)),inverse(X2)),multiply(X6,inverse(X6))),multiply(X3,inverse(inverse(inverse(multiply(X8,multiply(X9,inverse(X9))))))))),multiply(X0,multiply(inverse(multiply(X2,X0)),X3))) = X8 [forward demodulation 18944,15599]
19553. inverse(X0) = multiply(inverse(multiply(multiply(multiply(X1,inverse(X1)),inverse(X2)),multiply(X4,X0))),multiply(X6,multiply(inverse(multiply(X2,X6)),X4))) [forward demodulation 19128,15183]
19564. multiply(multiply(multiply(X10,inverse(X10)),inverse(multiply(X11,X2))),multiply(X12,inverse(X12))) = multiply(inverse(multiply(multiply(multiply(multiply(X5,inverse(X5)),inverse(X6)),multiply(X7,inverse(X7))),multiply(multiply(X8,X0),inverse(multiply(inverse(inverse(inverse(X2))),multiply(X4,X0)))))),inverse(multiply(multiply(X11,X4),inverse(multiply(X13,multiply(inverse(multiply(X6,X13)),X8)))))) [forward demodulation 19139,15599]
19566. inverse(multiply(X10,multiply(multiply(multiply(X11,inverse(X11)),inverse(multiply(X12,X10))),X2))) = multiply(inverse(multiply(multiply(multiply(multiply(X5,inverse(X5)),inverse(X6)),multiply(X7,inverse(X7))),multiply(multiply(X8,X0),inverse(multiply(multiply(multiply(multiply(X1,inverse(X1)),inverse(X2)),multiply(X3,inverse(X3))),multiply(X4,X0)))))),inverse(multiply(multiply(inverse(X12),X4),inverse(multiply(X14,multiply(inverse(multiply(X6,X14)),X8)))))) [forward demodulation 19141,16559]
19785. inverse(X2) = multiply(multiply(multiply(X1,inverse(X1)),inverse(X2)),multiply(X3,inverse(X3))) [forward demodulation 19360,412]
19796. multiply(inverse(multiply(multiply(multiply(multiply(X5,inverse(X5)),inverse(X2)),multiply(X6,inverse(X6))),multiply(X3,multiply(inverse(multiply(X9,inverse(X9))),inverse(X8))))),multiply(X0,multiply(inverse(multiply(X2,X0)),X3))) = X8 [forward demodulation 19371,16117]
19970. inverse(X0) = multiply(inverse(multiply(inverse(inverse(inverse(X2))),multiply(X4,X0))),multiply(X6,multiply(inverse(multiply(X2,X6)),X4))) [forward demodulation 19553,15599]
19981. multiply(multiply(multiply(X10,inverse(X10)),inverse(multiply(X11,X2))),multiply(X12,inverse(X12))) = multiply(inverse(multiply(multiply(multiply(multiply(X5,inverse(X5)),inverse(X6)),multiply(X7,inverse(X7))),multiply(multiply(X8,X0),multiply(inverse(multiply(X4,X0)),inverse(inverse(X2)))))),inverse(multiply(multiply(X11,X4),inverse(multiply(X13,multiply(inverse(multiply(X6,X13)),X8)))))) [forward demodulation 19564,16569]
19983. inverse(multiply(X10,multiply(multiply(multiply(X11,inverse(X11)),inverse(multiply(X12,X10))),X2))) = multiply(inverse(multiply(multiply(multiply(multiply(X5,inverse(X5)),inverse(X6)),multiply(X7,inverse(X7))),multiply(multiply(X8,X0),inverse(multiply(multiply(multiply(X1,inverse(X1)),inverse(X2)),multiply(X4,X0)))))),inverse(multiply(multiply(inverse(X12),X4),inverse(multiply(X14,multiply(inverse(multiply(X6,X14)),X8)))))) [forward demodulation 19566,15183]
20201. inverse(X2) = multiply(multiply(X1,inverse(X1)),inverse(X2)) [forward demodulation 19785,15183]
20212. multiply(inverse(multiply(multiply(multiply(multiply(X5,inverse(X5)),inverse(X2)),multiply(X6,inverse(X6))),multiply(X3,inverse(inverse(inverse(X8)))))),multiply(X0,multiply(inverse(multiply(X2,X0)),X3))) = X8 [forward demodulation 19796,15600]
20381. inverse(X0) = multiply(multiply(inverse(multiply(X4,X0)),inverse(inverse(X2))),multiply(X6,multiply(inverse(multiply(X2,X6)),X4))) [forward demodulation 19970,16569]
20392. multiply(multiply(multiply(X10,inverse(X10)),inverse(multiply(X11,X2))),multiply(X12,inverse(X12))) = multiply(inverse(multiply(multiply(multiply(multiply(X5,inverse(X5)),inverse(X6)),multiply(X7,inverse(X7))),multiply(multiply(X8,X0),multiply(inverse(multiply(X4,X0)),X2)))),inverse(multiply(multiply(X11,X4),inverse(multiply(X13,multiply(inverse(multiply(X6,X13)),X8)))))) [forward demodulation 19981,16487]
20394. inverse(multiply(X10,multiply(multiply(multiply(X11,inverse(X11)),inverse(multiply(X12,X10))),X2))) = multiply(inverse(multiply(multiply(multiply(multiply(X5,inverse(X5)),inverse(X6)),multiply(X7,inverse(X7))),multiply(multiply(X8,X0),inverse(multiply(inverse(inverse(inverse(X2))),multiply(X4,X0)))))),inverse(multiply(multiply(inverse(X12),X4),inverse(multiply(X14,multiply(inverse(multiply(X6,X14)),X8)))))) [forward demodulation 19983,15599]
20605. inverse(X2) = inverse(inverse(inverse(X2))) [forward demodulation 20201,15599]
20613. multiply(inverse(multiply(multiply(multiply(X5,inverse(X5)),inverse(X2)),multiply(X3,inverse(inverse(inverse(X8)))))),multiply(X0,multiply(inverse(multiply(X2,X0)),X3))) = X8 [forward demodulation 20212,15183]
20775. inverse(X0) = multiply(multiply(inverse(multiply(X4,X0)),X2),multiply(X6,multiply(inverse(multiply(X2,X6)),X4))) [forward demodulation 20381,16487]
20786. multiply(multiply(multiply(X10,inverse(X10)),inverse(multiply(X11,X2))),multiply(X12,inverse(X12))) = multiply(inverse(multiply(multiply(multiply(X5,inverse(X5)),inverse(X6)),multiply(multiply(X8,X0),multiply(inverse(multiply(X4,X0)),X2)))),inverse(multiply(multiply(X11,X4),inverse(multiply(X13,multiply(inverse(multiply(X6,X13)),X8)))))) [forward demodulation 20392,15183]
20788. inverse(multiply(X10,multiply(multiply(multiply(X11,inverse(X11)),inverse(multiply(X12,X10))),X2))) = multiply(inverse(multiply(multiply(multiply(multiply(X5,inverse(X5)),inverse(X6)),multiply(X7,inverse(X7))),multiply(multiply(X8,X0),multiply(inverse(multiply(X4,X0)),inverse(inverse(X2)))))),inverse(multiply(multiply(inverse(X12),X4),inverse(multiply(X14,multiply(inverse(multiply(X6,X14)),X8)))))) [forward demodulation 20394,16569]
20988. multiply(inverse(multiply(multiply(multiply(X5,inverse(X5)),inverse(X2)),multiply(X3,inverse(X8)))),multiply(X0,multiply(inverse(multiply(X2,X0)),X3))) = X8 [forward demodulation 20613,20605]
21140. multiply(multiply(multiply(X10,inverse(X10)),inverse(multiply(X11,X2))),multiply(X12,inverse(X12))) = multiply(inverse(multiply(inverse(inverse(inverse(X6))),multiply(multiply(X8,X0),multiply(inverse(multiply(X4,X0)),X2)))),inverse(multiply(multiply(X11,X4),inverse(multiply(X13,multiply(inverse(multiply(X6,X13)),X8)))))) [forward demodulation 20786,15599]
21142. inverse(multiply(X10,multiply(multiply(multiply(X11,inverse(X11)),inverse(multiply(X12,X10))),X2))) = multiply(inverse(multiply(multiply(multiply(multiply(X5,inverse(X5)),inverse(X6)),multiply(X7,inverse(X7))),multiply(multiply(X8,X0),multiply(inverse(multiply(X4,X0)),X2)))),inverse(multiply(multiply(inverse(X12),X4),inverse(multiply(X14,multiply(inverse(multiply(X6,X14)),X8)))))) [forward demodulation 20788,16487]
21291. multiply(inverse(multiply(inverse(inverse(inverse(X2))),multiply(X3,inverse(X8)))),multiply(X0,multiply(inverse(multiply(X2,X0)),X3))) = X8 [forward demodulation 20988,15599]
21412. multiply(multiply(multiply(X10,inverse(X10)),inverse(multiply(X11,X2))),multiply(X12,inverse(X12))) = multiply(multiply(inverse(multiply(multiply(X8,X0),multiply(inverse(multiply(X4,X0)),X2))),inverse(inverse(X6))),inverse(multiply(multiply(X11,X4),inverse(multiply(X13,multiply(inverse(multiply(X6,X13)),X8)))))) [forward demodulation 21140,16569]
21414. inverse(multiply(X10,multiply(multiply(multiply(X11,inverse(X11)),inverse(multiply(X12,X10))),X2))) = multiply(inverse(multiply(multiply(multiply(X5,inverse(X5)),inverse(X6)),multiply(multiply(X8,X0),multiply(inverse(multiply(X4,X0)),X2)))),inverse(multiply(multiply(inverse(X12),X4),inverse(multiply(X14,multiply(inverse(multiply(X6,X14)),X8)))))) [forward demodulation 21142,15183]
21545. multiply(multiply(inverse(multiply(X3,inverse(X8))),inverse(inverse(X2))),multiply(X0,multiply(inverse(multiply(X2,X0)),X3))) = X8 [forward demodulation 21291,16569]
21655. multiply(multiply(multiply(X10,inverse(X10)),inverse(multiply(X11,X2))),multiply(X12,inverse(X12))) = multiply(multiply(inverse(multiply(multiply(X8,X0),multiply(inverse(multiply(X4,X0)),X2))),X6),inverse(multiply(multiply(X11,X4),inverse(multiply(X13,multiply(inverse(multiply(X6,X13)),X8)))))) [forward demodulation 21412,16487]
21656. inverse(multiply(X10,multiply(multiply(multiply(X11,inverse(X11)),inverse(multiply(X12,X10))),X2))) = multiply(inverse(multiply(inverse(inverse(inverse(X6))),multiply(multiply(X8,X0),multiply(inverse(multiply(X4,X0)),X2)))),inverse(multiply(multiply(inverse(X12),X4),inverse(multiply(X14,multiply(inverse(multiply(X6,X14)),X8)))))) [forward demodulation 21414,15599]
21773. multiply(multiply(inverse(multiply(X3,inverse(X8))),X2),multiply(X0,multiply(inverse(multiply(X2,X0)),X3))) = X8 [forward demodulation 21545,16487]
21870. multiply(multiply(X10,inverse(X10)),inverse(multiply(X11,X2))) = multiply(multiply(inverse(multiply(multiply(X8,X0),multiply(inverse(multiply(X4,X0)),X2))),X6),inverse(multiply(multiply(X11,X4),inverse(multiply(X13,multiply(inverse(multiply(X6,X13)),X8)))))) [forward demodulation 21655,15183]
21871. inverse(multiply(X10,multiply(multiply(multiply(X11,inverse(X11)),inverse(multiply(X12,X10))),X2))) = multiply(multiply(inverse(multiply(multiply(X8,X0),multiply(inverse(multiply(X4,X0)),X2))),inverse(inverse(X6))),inverse(multiply(multiply(inverse(X12),X4),inverse(multiply(X14,multiply(inverse(multiply(X6,X14)),X8)))))) [forward demodulation 21656,16569]
21978. inverse(inverse(X8)) = X8 [forward demodulation 21773,20775]
22061. multiply(multiply(inverse(multiply(multiply(X8,X0),multiply(inverse(multiply(X4,X0)),X2))),X6),inverse(multiply(multiply(X11,X4),inverse(multiply(X13,multiply(inverse(multiply(X6,X13)),X8)))))) = inverse(inverse(inverse(multiply(X11,X2)))) [forward demodulation 21870,15599]
22062. inverse(multiply(X10,multiply(multiply(multiply(X11,inverse(X11)),inverse(multiply(X12,X10))),X2))) = multiply(multiply(inverse(multiply(multiply(X8,X0),multiply(inverse(multiply(X4,X0)),X2))),X6),inverse(multiply(multiply(inverse(X12),X4),inverse(multiply(X14,multiply(inverse(multiply(X6,X14)),X8)))))) [forward demodulation 21871,16487]
22225. multiply(multiply(inverse(multiply(multiply(X8,X0),multiply(inverse(multiply(X4,X0)),X2))),X6),inverse(multiply(multiply(X11,X4),inverse(multiply(X13,multiply(inverse(multiply(X6,X13)),X8)))))) = multiply(inverse(X2),inverse(X11)) [forward demodulation 22061,16117]
22226. multiply(multiply(inverse(multiply(multiply(X8,X0),multiply(inverse(multiply(X4,X0)),X2))),X6),inverse(multiply(multiply(inverse(X12),X4),inverse(multiply(X14,multiply(inverse(multiply(X6,X14)),X8)))))) = inverse(multiply(X10,multiply(inverse(inverse(inverse(multiply(X12,X10)))),X2))) [forward demodulation 22062,15599]
22355. multiply(multiply(inverse(multiply(multiply(X8,X0),multiply(inverse(multiply(X4,X0)),X2))),X6),inverse(multiply(multiply(inverse(X12),X4),inverse(multiply(X14,multiply(inverse(multiply(X6,X14)),X8)))))) = inverse(multiply(X10,multiply(inverse(multiply(X12,X10)),X2))) [forward demodulation 22226,16537]
22452. inverse(multiply(X10,multiply(inverse(multiply(X12,X10)),X2))) = multiply(inverse(X2),inverse(inverse(X12))) [forward demodulation 22355,22225]
22514. inverse(multiply(X10,multiply(inverse(multiply(X12,X10)),X2))) = multiply(inverse(X2),X12) [forward demodulation 22452,16487]
22685. multiply(X6,inverse(multiply(inverse(multiply(X5,X3)),multiply(multiply(multiply(X7,inverse(X7)),inverse(X4)),X6)))) = inverse(multiply(X1,multiply(multiply(multiply(X2,inverse(X2)),inverse(multiply(X3,X1))),multiply(multiply(inverse(X0),X0),inverse(multiply(X4,X5)))))) [superposition 21,21978]
22786. multiply(multiply(inverse(X0),X0),multiply(inverse(multiply(X1,inverse(X1))),X2)) = X2 [superposition 5913,21978]
22802. multiply(multiply(inverse(X0),X0),inverse(inverse(X2))) = X2 [forward demodulation 22786,15600]
22900. multiply(X6,inverse(multiply(inverse(multiply(X5,X3)),multiply(multiply(multiply(X7,inverse(X7)),inverse(X4)),X6)))) = inverse(multiply(X1,multiply(inverse(inverse(inverse(multiply(X3,X1)))),multiply(multiply(inverse(X0),X0),inverse(multiply(X4,X5)))))) [forward demodulation 22685,15599]
22975. multiply(multiply(inverse(X0),X0),X2) = X2 [forward demodulation 22802,21978]
23066. multiply(X6,inverse(multiply(inverse(multiply(X5,X3)),multiply(multiply(multiply(X7,inverse(X7)),inverse(X4)),X6)))) = inverse(multiply(X1,multiply(inverse(multiply(X3,X1)),multiply(multiply(inverse(X0),X0),inverse(multiply(X4,X5)))))) [forward demodulation 22900,16537]
23213. multiply(X6,inverse(multiply(inverse(multiply(X5,X3)),multiply(multiply(multiply(X7,inverse(X7)),inverse(X4)),X6)))) = multiply(inverse(multiply(multiply(inverse(X0),X0),inverse(multiply(X4,X5)))),X3) [forward demodulation 23066,22514]
23343. multiply(X6,inverse(multiply(inverse(multiply(X5,X3)),multiply(multiply(multiply(X7,inverse(X7)),inverse(X4)),X6)))) = multiply(inverse(inverse(multiply(X4,X5))),X3) [forward demodulation 23213,22975]
23467. multiply(X6,inverse(multiply(inverse(multiply(X5,X3)),multiply(multiply(multiply(X7,inverse(X7)),inverse(X4)),X6)))) = multiply(multiply(X4,X5),X3) [forward demodulation 23343,16537]
23590. multiply(multiply(X4,X5),X3) = inverse(inverse(inverse(multiply(inverse(multiply(X5,X3)),multiply(multiply(X7,inverse(X7)),inverse(X4)))))) [forward demodulation 23467,16031]
23704. multiply(multiply(X4,X5),X3) = multiply(inverse(multiply(multiply(X7,inverse(X7)),inverse(X4))),inverse(inverse(multiply(X5,X3)))) [forward demodulation 23590,16117]
23810. multiply(multiply(X4,X5),X3) = multiply(inverse(multiply(multiply(X7,inverse(X7)),inverse(X4))),multiply(X5,X3)) [forward demodulation 23704,16487]
23899. multiply(multiply(X4,X5),X3) = multiply(inverse(inverse(inverse(inverse(X4)))),multiply(X5,X3)) [forward demodulation 23810,15599]
23969. multiply(multiply(X4,X5),X3) = multiply(inverse(inverse(X4)),multiply(X5,X3)) [forward demodulation 23899,16537]
24022. multiply(X4,multiply(X5,X3)) = multiply(multiply(X4,X5),X3) [forward demodulation 23969,16537]
306571. multiply(a3,multiply(b3,c3)) != multiply(a3,multiply(b3,c3)) [superposition 2,24022]
306669. $false [trivial inequality removal 306571]
% SZS output end Proof for GRP432-1_clausified
% ------------------------------
% Version: Vampire 5.0.0 (Release build, commit 2e2c9b7b8 on 2026-01-17 12:24:14 +0100)
% Linked with Z3 4.14.0.0 3c47fd96cf5645d0c42b2c819d9e9a84380aa721 z3-4.8.4-9178-g3c47fd96c
% CaDiCaL version: 2.1.3
% Termination reason: Refutation
% Time elapsed: 3.281 s
% Peak memory usage: 163 MB
% Instructions burned: 14067 (million)
% ------------------------------
% ------------------------------
