% Running in auto input_syntax mode. Trying TPTP
% Refutation found. Thanks to Tanya!
% SZS status Unsatisfiable for GRP562-1
% SZS output start Proof for GRP562-1
1. divide(divide(divide(X0,inverse(X1)),X2),divide(X0,X2)) = X1 [input(axiom)]
2. multiply(X0,X1) = divide(X0,inverse(X1)) [input(axiom)]
3. divide(X0,inverse(X1)) = multiply(X0,X1) [reorient equations 2]
4. multiply(multiply(inverse(b2),b2),a2) != a2 [input(negated conjecture)]
5. a2 != multiply(multiply(inverse(b2),b2),a2) [reorient equations 4]
6. a2 != divide(divide(inverse(b2),inverse(b2)),inverse(a2)) [definition unfolding 5,3,3]
8. divide(divide(divide(divide(divide(X1,inverse(X0)),X2),inverse(X3)),divide(X1,X2)),X0) = X3 [superposition 1,1]
14. divide(divide(X0,divide(divide(divide(X1,inverse(inverse(X2))),X3),divide(X1,X3))),X0) = X2 [superposition 8,8]
22. divide(divide(X0,inverse(X2)),X0) = X2 [forward demodulation 14,1]
28. divide(X0,divide(X1,X1)) = X0 [superposition 1,22]
62. divide(divide(X0,X0),inverse(X1)) = X1 [superposition 22,28]
90. a2 != a2 [superposition 6,62]
107. $false [trivial inequality removal 90]
% SZS output end Proof for GRP562-1
% ------------------------------
% Version: Vampire 5.0.0 (Release build, commit 2e2c9b7b8 on 2026-01-17 12:24:14 +0100)
% Linked with Z3 4.14.0.0 3c47fd96cf5645d0c42b2c819d9e9a84380aa721 z3-4.8.4-9178-g3c47fd96c
% CaDiCaL version: 2.1.3
% Termination reason: Refutation
% Time elapsed: 0.003 s
% Peak memory usage: 59 MB
% Instructions burned: 9 (million)
% ------------------------------
% ------------------------------
