% Running in auto input_syntax mode. Trying TPTP
% Refutation found. Thanks to Tanya!
% SZS status Unsatisfiable for GRP665-11_clausified
% SZS output start Proof for GRP665-11_clausified
2. ld(X0,mult(X0,X1)) = X1 [input(axiom)]
4. rd(mult(X0,X1),X1) = X0 [input(axiom)]
7. mult(X0,mult(X1,X2)) = mult(rd(mult(X0,X1),X0),mult(X0,X2)) [input(axiom)]
8. mult(mult(X0,X1),X2) = mult(mult(X0,X2),ld(X2,mult(X1,X2))) [input(axiom)]
9. mult(op_c,X0) = mult(X0,op_c) [input(axiom)]
10. mult(mult(x0,op_c),x1) != mult(x0,mult(op_c,x1)) [input(negated conjecture)]
44. mult(op_c,mult(X0,X1)) = mult(rd(mult(X0,op_c),op_c),mult(op_c,X1)) [superposition 7,9]
59. mult(X0,mult(op_c,X1)) = mult(op_c,mult(X0,X1)) [forward demodulation 44,4]
87. mult(mult(X1,op_c),X0) = mult(mult(X1,X0),ld(X0,mult(X0,op_c))) [superposition 8,9]
96. mult(mult(X1,X0),op_c) = mult(mult(X1,op_c),X0) [forward demodulation 87,2]
105. mult(op_c,mult(X1,X0)) = mult(mult(X1,op_c),X0) [forward demodulation 96,9]
318. mult(x0,mult(op_c,x1)) != mult(op_c,mult(x0,x1)) [superposition 10,105]
340. $false [forward subsumption resolution 318,59]
% SZS output end Proof for GRP665-11_clausified
% ------------------------------
% Version: Vampire 5.0.0 (Release build, commit 2e2c9b7b8 on 2026-01-17 12:24:14 +0100)
% Linked with Z3 4.14.0.0 3c47fd96cf5645d0c42b2c819d9e9a84380aa721 z3-4.8.4-9178-g3c47fd96c
% CaDiCaL version: 2.1.3
% Termination reason: Refutation
% Time elapsed: 0.007 s
% Peak memory usage: 59 MB
% Instructions burned: 16 (million)
% ------------------------------
% ------------------------------
