% Running in auto input_syntax mode. Trying TPTP
% Refutation found. Thanks to Tanya!
% SZS status Unsatisfiable for GRP698-1_clausified
% SZS output start Proof for GRP698-1_clausified
1. mult(X0,ld(X0,X1)) = X1 [input(axiom)]
2. ld(X0,mult(X0,X1)) = X1 [input(axiom)]
3. mult(rd(X0,X1),X1) = X0 [input(axiom)]
4. rd(mult(X0,X1),X1) = X0 [input(axiom)]
5. mult(X0,unit) = X0 [input(axiom)]
7. mult(mult(mult(X0,X1),X0),mult(X0,X2)) = mult(X0,mult(mult(mult(X1,X0),X0),X2)) [input(axiom)]
9. mult(a,mult(b,c)) != mult(rd(mult(a,b),a),mult(a,c)) [input(negated conjecture)]
35. mult(X0,mult(mult(mult(X1,X0),X0),unit)) = mult(mult(mult(X0,X1),X0),X0) [superposition 7,5]
36. mult(X1,mult(mult(mult(X2,X1),X1),ld(X1,X0))) = mult(mult(mult(X1,X2),X1),X0) [superposition 7,1]
43. mult(mult(mult(X0,X1),X0),X0) = mult(X0,mult(mult(X1,X0),X0)) [forward demodulation 35,5]
118. mult(mult(X0,X1),X0) = rd(mult(X0,mult(mult(X1,X0),X0)),X0) [superposition 4,43]
468. mult(mult(X1,rd(X0,X1)),X1) = rd(mult(X1,mult(X0,X1)),X1) [superposition 118,3]
526. mult(mult(mult(X1,rd(X0,X1)),X1),X2) = mult(X1,mult(mult(X0,X1),ld(X1,X2))) [superposition 36,3]
33361. mult(mult(X1,rd(rd(X0,X1),X1)),X1) = rd(mult(X1,X0),X1) [superposition 468,3]
81524. mult(X0,mult(mult(rd(X1,X0),X0),ld(X0,X2))) = mult(rd(mult(X0,X1),X0),X2) [superposition 526,33361]
81834. mult(rd(mult(X0,X1),X0),X2) = mult(X0,mult(X1,ld(X0,X2))) [forward demodulation 81524,3]
636565. mult(a,mult(b,c)) != mult(a,mult(b,ld(a,mult(a,c)))) [superposition 9,81834]
636588. mult(a,mult(b,c)) != mult(a,mult(b,c)) [forward demodulation 636565,2]
636589. $false [trivial inequality removal 636588]
% SZS output end Proof for GRP698-1_clausified
% ------------------------------
% Version: Vampire 5.0.0 (Release build, commit 2e2c9b7b8 on 2026-01-17 12:24:14 +0100)
% Linked with Z3 4.14.0.0 3c47fd96cf5645d0c42b2c819d9e9a84380aa721 z3-4.8.4-9178-g3c47fd96c
% CaDiCaL version: 2.1.3
% Termination reason: Refutation
% Time elapsed: 15.072 s
% Peak memory usage: 409 MB
% Instructions burned: 54449 (million)
% ------------------------------
% ------------------------------
