% Running in auto input_syntax mode. Trying TPTP
% Refutation found. Thanks to Tanya!
% SZS status Unsatisfiable for GRP465-1
% SZS output start Proof for GRP465-1
1. divide(X0,divide(divide(divide(divide(X0,X0),X1),X2),divide(divide(identity,X0),X2))) = X1 [input(axiom)]
2. multiply(X0,X1) = divide(X0,divide(identity,X1)) [input(axiom)]
5. identity = divide(X0,X0) [input(axiom)]
6. divide(X0,X0) = identity [reorient equations 5]
7. multiply(multiply(a3,b3),c3) != multiply(a3,multiply(b3,c3)) [input(negated conjecture)]
8. divide(divide(a3,divide(identity,b3)),divide(identity,c3)) != divide(a3,divide(identity,divide(b3,divide(identity,c3)))) [definition unfolding 7,2,2,2,2]
9. divide(X0,divide(divide(divide(identity,X1),X2),divide(divide(identity,X0),X2))) = X1 [forward demodulation 1,6]
12. divide(X0,divide(identity,divide(divide(identity,X0),divide(identity,X1)))) = X1 [superposition 9,6]
13. divide(X1,divide(X0,divide(divide(identity,X1),divide(divide(divide(identity,X0),X3),divide(divide(identity,divide(identity,X2)),X3))))) = X2 [superposition 9,9]
15. divide(divide(divide(divide(identity,X0),X1),divide(divide(identity,identity),X1)),divide(divide(divide(identity,X2),X3),divide(X0,X3))) = X2 [superposition 9,9]
16. divide(X0,divide(divide(divide(identity,X1),divide(identity,X0)),identity)) = X1 [superposition 9,6]
17. divide(X1,divide(divide(divide(identity,X2),divide(divide(divide(identity,X0),X3),divide(divide(identity,divide(identity,X1)),X3))),X0)) = X2 [superposition 9,9]
18. divide(X0,identity) = X0 [superposition 9,6]
19. divide(X0,divide(divide(identity,X1),divide(identity,X0))) = X1 [forward demodulation 16,18]
20. divide(divide(divide(divide(identity,X0),X1),divide(identity,X1)),divide(divide(divide(identity,X2),X3),divide(X0,X3))) = X2 [forward demodulation 15,6]
30. divide(X1,divide(X0,divide(identity,X1))) = divide(divide(identity,X0),divide(identity,identity)) [superposition 19,19]
34. divide(divide(divide(identity,X0),divide(identity,identity)),divide(divide(identity,X1),X0)) = X1 [superposition 19,19]
35. divide(identity,divide(divide(identity,X0),identity)) = X0 [superposition 19,18]
39. divide(divide(divide(identity,X0),divide(identity,identity)),divide(divide(divide(identity,X1),X2),divide(X0,X2))) = X1 [superposition 9,19]
42. divide(divide(divide(identity,X0),identity),divide(divide(divide(identity,X1),X2),divide(X0,X2))) = X1 [forward demodulation 39,6]
43. divide(identity,divide(identity,X0)) = X0 [forward demodulation 35,18]
44. divide(divide(divide(identity,X0),identity),divide(divide(identity,X1),X0)) = X1 [forward demodulation 34,6]
47. divide(divide(identity,X0),identity) = divide(X1,divide(X0,divide(identity,X1))) [forward demodulation 30,6]
50. divide(divide(identity,X0),divide(divide(divide(identity,X1),X2),divide(X0,X2))) = X1 [forward demodulation 42,18]
51. divide(divide(identity,X0),divide(divide(identity,X1),X0)) = X1 [forward demodulation 44,18]
52. divide(identity,X0) = divide(X1,divide(X0,divide(identity,X1))) [forward demodulation 47,18]
103. divide(identity,X0) = divide(divide(divide(identity,X0),X1),divide(divide(identity,identity),X1)) [superposition 43,9]
116. divide(identity,X0) = divide(divide(divide(identity,X0),X1),divide(identity,X1)) [forward demodulation 103,6]
135. divide(divide(divide(identity,divide(identity,X1)),divide(identity,X0)),X0) = X1 [superposition 19,12]
158. divide(divide(X1,divide(identity,X0)),X0) = X1 [forward demodulation 135,43]
329. divide(divide(X1,X0),divide(identity,X0)) = X1 [superposition 158,43]
915. divide(divide(identity,divide(divide(identity,X0),X1)),X0) = X1 [superposition 51,51]
1433. divide(X1,X0) = divide(identity,divide(X0,X1)) [superposition 52,329]
1684. divide(X0,divide(identity,X1)) = divide(identity,divide(divide(divide(identity,X1),X2),divide(divide(identity,divide(identity,X0)),X2))) [superposition 17,158]
1777. divide(X0,divide(identity,X1)) = divide(divide(divide(identity,divide(identity,X0)),X2),divide(divide(identity,X1),X2)) [forward demodulation 1684,1433]
1889. divide(X0,divide(identity,X1)) = divide(divide(X0,X2),divide(divide(identity,X1),X2)) [forward demodulation 1777,43]
2118. divide(divide(X2,divide(X1,X0)),divide(X0,X1)) = X2 [superposition 329,1433]
2950. divide(divide(identity,divide(divide(divide(identity,X2),X3),divide(divide(identity,divide(identity,X1)),X3))),X0) = divide(X1,divide(X0,X2)) [superposition 17,915]
2959. divide(divide(identity,X3),X0) = divide(divide(divide(divide(identity,X1),X2),divide(identity,X2)),divide(X0,divide(X1,X3))) [superposition 20,915]
2980. divide(divide(identity,X3),X0) = divide(divide(identity,X1),divide(X0,divide(X1,X3))) [forward demodulation 2959,116]
2984. divide(X1,divide(X0,X2)) = divide(divide(divide(divide(identity,divide(identity,X1)),X3),divide(divide(identity,X2),X3)),X0) [forward demodulation 2950,1433]
3022. divide(X1,divide(X0,X2)) = divide(divide(divide(identity,divide(identity,X1)),divide(identity,X2)),X0) [forward demodulation 2984,1889]
3041. divide(X1,divide(X0,X2)) = divide(divide(X1,divide(identity,X2)),X0) [forward demodulation 3022,43]
3768. divide(divide(identity,X1),divide(X0,divide(X1,divide(X3,divide(divide(identity,divide(identity,X2)),divide(divide(divide(identity,X3),X4),divide(divide(identity,divide(identity,X0)),X4))))))) = X2 [superposition 50,13]
3820. divide(divide(identity,X0),X1) = divide(divide(divide(identity,X0),X2),divide(X1,X2)) [superposition 915,50]
3878. divide(divide(identity,divide(X3,divide(divide(identity,divide(identity,X2)),divide(divide(divide(identity,X3),X4),divide(divide(identity,divide(identity,X0)),X4))))),X0) = X2 [forward demodulation 3768,2980]
3940. divide(divide(divide(divide(identity,divide(identity,X2)),divide(divide(divide(identity,X3),X4),divide(divide(identity,divide(identity,X0)),X4))),X3),X0) = X2 [forward demodulation 3878,1433]
3972. divide(divide(divide(identity,divide(divide(divide(divide(identity,X3),X4),divide(divide(identity,divide(identity,X0)),X4)),X2)),X3),X0) = X2 [forward demodulation 3940,3041]
3994. divide(divide(divide(X2,divide(divide(divide(identity,X3),X4),divide(divide(identity,divide(identity,X0)),X4))),X3),X0) = X2 [forward demodulation 3972,1433]
4006. divide(divide(divide(X2,divide(divide(identity,X3),divide(identity,divide(identity,X0)))),X3),X0) = X2 [forward demodulation 3994,3820]
4012. divide(divide(divide(X2,divide(divide(identity,X3),X0)),X3),X0) = X2 [forward demodulation 4006,43]
9465. divide(X0,divide(X1,divide(identity,X2))) = divide(divide(X0,X2),X1) [superposition 4012,2118]
15907. divide(a3,divide(identity,divide(b3,divide(identity,c3)))) != divide(a3,divide(divide(identity,c3),b3)) [superposition 8,3041]
16019. divide(a3,divide(divide(identity,c3),b3)) != divide(a3,divide(divide(identity,c3),b3)) [forward demodulation 15907,9465]
16020. $false [trivial inequality removal 16019]
% SZS output end Proof for GRP465-1
% ------------------------------
% Version: Vampire 5.0.0 (Release build, commit 2e2c9b7b8 on 2026-01-17 12:24:14 +0100)
% Linked with Z3 4.14.0.0 3c47fd96cf5645d0c42b2c819d9e9a84380aa721 z3-4.8.4-9178-g3c47fd96c
% CaDiCaL version: 2.1.3
% Termination reason: Refutation
% Time elapsed: 0.118 s
% Peak memory usage: 59 MB
% Instructions burned: 482 (million)
% ------------------------------
% ------------------------------
