% Running in auto input_syntax mode. Trying TPTP
% Refutation found. Thanks to Tanya!
% SZS status Unsatisfiable for GRP448-1
% SZS output start Proof for GRP448-1
1. divide(X0,divide(divide(divide(divide(X1,X1),X1),X2),divide(divide(divide(X1,X1),X0),X2))) = X1 [input(axiom)]
2. multiply(X0,X1) = divide(X0,divide(divide(X2,X2),X1)) [input(axiom)]
3. inverse(X0) = divide(divide(X1,X1),X0) [input(axiom)]
4. divide(divide(X1,X1),X0) = inverse(X0) [reorient equations 3]
5. multiply(inverse(a1),a1) != multiply(inverse(b1),b1) [input(negated conjecture)]
6. multiply(X0,X1) = divide(X0,inverse(X1)) [forward demodulation 2,4]
7. divide(X0,divide(divide(divide(divide(X1,X1),X1),X2),divide(inverse(X0),X2))) = X1 [forward demodulation 1,4]
8. divide(X0,divide(divide(inverse(X1),X2),divide(inverse(X0),X2))) = X1 [forward demodulation 7,4]
9. inverse(X1) = divide(inverse(divide(X0,X0)),X1) [superposition 4,4]
12. multiply(divide(X0,X0),X1) = inverse(inverse(X1)) [superposition 4,6]
14. divide(X1,divide(X0,divide(inverse(X1),divide(divide(inverse(X0),X3),divide(inverse(inverse(X2)),X3))))) = X2 [superposition 8,8]
17. divide(X0,inverse(divide(inverse(X0),inverse(X1)))) = X1 [superposition 8,4]
22. multiply(X0,divide(inverse(X0),inverse(X1))) = X1 [forward demodulation 17,6]
27. multiply(X0,multiply(inverse(X0),X1)) = X1 [forward demodulation 22,6]
28. multiply(inverse(inverse(X1)),X0) = multiply(X1,X0) [superposition 27,27]
37. inverse(inverse(X0)) = multiply(inverse(divide(X1,X1)),X0) [superposition 6,9]
56. inverse(inverse(multiply(inverse(divide(X0,X0)),X1))) = X1 [superposition 27,12]
57. inverse(inverse(inverse(inverse(X1)))) = X1 [forward demodulation 56,37]
61. multiply(inverse(inverse(inverse(X0))),multiply(X0,X1)) = X1 [superposition 27,57]
65. multiply(inverse(X0),multiply(X0,X1)) = X1 [forward demodulation 61,28]
169. divide(X1,divide(X0,X0)) = X1 [superposition 14,8]
364. divide(X1,inverse(divide(X0,X0))) = X1 [superposition 169,4]
403. multiply(X1,divide(X0,X0)) = X1 [forward demodulation 364,6]
564. divide(X1,X1) = multiply(inverse(X0),X0) [superposition 65,403]
2787. multiply(inverse(a1),a1) != divide(X0,X0) [superposition 5,564]
2797. $false [forward subsumption resolution 2787,564]
% SZS output end Proof for GRP448-1
% ------------------------------
% Version: Vampire 5.0.0 (Release build, commit 2e2c9b7b8 on 2026-01-17 12:24:14 +0100)
% Linked with Z3 4.14.0.0 3c47fd96cf5645d0c42b2c819d9e9a84380aa721 z3-4.8.4-9178-g3c47fd96c
% CaDiCaL version: 2.1.3
% Termination reason: Refutation
% Time elapsed: 0.032 s
% Peak memory usage: 65 MB
% Instructions burned: 83 (million)
% ------------------------------
% ------------------------------
