% Running in auto input_syntax mode. Trying TPTP
% Refutation found. Thanks to Tanya!
% SZS status Unsatisfiable for GRP488-1_clausified
% SZS output start Proof for GRP488-1_clausified
1. double_divide(X0,double_divide(double_divide(double_divide(identity,double_divide(double_divide(X0,identity),double_divide(X1,X2))),X1),identity)) = X2 [input(axiom)]
2. identity = double_divide(X0,double_divide(X0,identity)) [input(axiom)]
3. a2 != double_divide(double_divide(a2,identity),identity) [input(negated conjecture)]
4. double_divide(X1,identity) = double_divide(X0,double_divide(double_divide(double_divide(identity,double_divide(double_divide(X0,identity),identity)),X1),identity)) [superposition 1,2]
6. identity = double_divide(X0,double_divide(double_divide(double_divide(identity,identity),double_divide(X0,identity)),identity)) [superposition 1,2]
8. identity = double_divide(double_divide(identity,identity),double_divide(identity,identity)) [superposition 6,2]
12. double_divide(X0,double_divide(double_divide(double_divide(identity,double_divide(double_divide(X0,identity),identity)),X1),identity)) = double_divide(double_divide(double_divide(identity,identity),double_divide(X1,identity)),identity) [superposition 1,6]
13. double_divide(X1,identity) = double_divide(double_divide(double_divide(identity,identity),double_divide(X1,identity)),identity) [forward demodulation 12,4]
15. identity = double_divide(identity,double_divide(double_divide(double_divide(identity,identity),identity),identity)) [superposition 1,8]
17. double_divide(identity,identity) = double_divide(X0,double_divide(double_divide(double_divide(identity,double_divide(double_divide(X0,identity),identity)),double_divide(identity,identity)),identity)) [superposition 1,8]
18. double_divide(identity,identity) = double_divide(double_divide(identity,identity),identity) [forward demodulation 17,4]
20. double_divide(X0,identity) = double_divide(double_divide(identity,double_divide(double_divide(identity,identity),identity)),double_divide(double_divide(double_divide(identity,identity),X0),identity)) [superposition 4,4]
30. double_divide(X0,identity) = double_divide(double_divide(identity,double_divide(identity,identity)),double_divide(double_divide(double_divide(identity,identity),X0),identity)) [forward demodulation 20,18]
31. double_divide(X0,identity) = double_divide(identity,double_divide(double_divide(double_divide(identity,identity),X0),identity)) [forward demodulation 30,2]
32. double_divide(X0,identity) = double_divide(identity,double_divide(double_divide(double_divide(identity,double_divide(identity,identity)),X0),identity)) [superposition 4,18]
41. double_divide(X0,identity) = double_divide(identity,double_divide(double_divide(identity,X0),identity)) [forward demodulation 32,2]
213. identity = double_divide(identity,double_divide(double_divide(identity,identity),identity)) [superposition 15,18]
227. identity = double_divide(identity,identity) [forward demodulation 213,41]
239. double_divide(X0,identity) = double_divide(double_divide(double_divide(identity,double_divide(double_divide(double_divide(identity,identity),identity),double_divide(X1,X0))),X1),identity) [superposition 13,1]
272. double_divide(X0,identity) = double_divide(double_divide(double_divide(identity,double_divide(double_divide(identity,identity),double_divide(X1,X0))),X1),identity) [forward demodulation 239,18]
279. double_divide(X0,identity) = double_divide(double_divide(double_divide(identity,double_divide(identity,double_divide(X1,X0))),X1),identity) [forward demodulation 272,227]
290. double_divide(identity,double_divide(double_divide(double_divide(identity,double_divide(identity,double_divide(X0,X1))),X0),identity)) = X1 [superposition 1,227]
311. double_divide(identity,double_divide(X1,identity)) = X1 [forward demodulation 290,279]
329. double_divide(double_divide(X0,identity),identity) = double_divide(identity,double_divide(X0,identity)) [superposition 31,13]
351. double_divide(double_divide(X0,identity),identity) = X0 [forward demodulation 329,311]
399. a2 != a2 [superposition 3,351]
414. $false [trivial inequality removal 399]
% SZS output end Proof for GRP488-1_clausified
% ------------------------------
% Version: Vampire 5.0.0 (Release build, commit 2e2c9b7b8 on 2026-01-17 12:24:14 +0100)
% Linked with Z3 4.14.0.0 3c47fd96cf5645d0c42b2c819d9e9a84380aa721 z3-4.8.4-9178-g3c47fd96c
% CaDiCaL version: 2.1.3
% Termination reason: Refutation
% Time elapsed: 0.006 s
% Peak memory usage: 48 MB
% Instructions burned: 27 (million)
% ------------------------------
% ------------------------------
