% Running in auto input_syntax mode. Trying TPTP
% Refutation found. Thanks to Tanya!
% SZS status Unsatisfiable for GRP542-1
% SZS output start Proof for GRP542-1
1. divide(divide(identity,divide(divide(divide(X0,X1),X2),X0)),X2) = X1 [input(axiom)]
2. multiply(X0,X1) = divide(X0,divide(identity,X1)) [input(axiom)]
3. inverse(X0) = divide(identity,X0) [input(axiom)]
4. identity = divide(X0,X0) [input(axiom)]
5. multiply(multiply(inverse(b2),b2),a2) != a2 [input(negated conjecture)]
6. a2 != multiply(multiply(inverse(b2),b2),a2) [reorient equations 5]
7. a2 != divide(divide(divide(identity,b2),divide(identity,b2)),divide(identity,a2)) [definition unfolding 6,2,2,3]
8. a2 != divide(identity,divide(identity,a2)) [superposition 7,4]
9. divide(divide(identity,divide(divide(identity,X1),X0)),X1) = X0 [superposition 1,4]
11. divide(divide(divide(X1,X0),X2),X1) = divide(divide(identity,divide(X0,identity)),X2) [superposition 1,1]
12. divide(divide(identity,divide(identity,X0)),divide(X0,X1)) = X1 [superposition 1,4]
18. divide(divide(identity,X1),X0) = divide(divide(identity,divide(X0,identity)),X1) [superposition 1,9]
22. divide(divide(identity,identity),divide(identity,X0)) = X0 [superposition 12,4]
28. divide(X1,X0) = divide(divide(identity,X0),divide(identity,X1)) [superposition 9,12]
34. divide(X0,identity) = X0 [forward demodulation 22,28]
67. divide(X0,identity) = divide(divide(identity,divide(divide(identity,X1),identity)),divide(X1,X0)) [superposition 11,12]
84. divide(X0,identity) = divide(divide(identity,divide(X1,X0)),divide(identity,X1)) [forward demodulation 67,18]
96. divide(X0,identity) = divide(X1,divide(X1,X0)) [forward demodulation 84,28]
103. divide(X1,divide(X1,X0)) = X0 [forward demodulation 96,34]
111. a2 != a2 [superposition 8,103]
121. $false [trivial inequality removal 111]
% SZS output end Proof for GRP542-1
% ------------------------------
% Version: Vampire 5.0.0 (Release build, commit 2e2c9b7b8 on 2026-01-17 12:24:14 +0100)
% Linked with Z3 4.14.0.0 3c47fd96cf5645d0c42b2c819d9e9a84380aa721 z3-4.8.4-9178-g3c47fd96c
% CaDiCaL version: 2.1.3
% Termination reason: Refutation
% Time elapsed: 0.003 s
% Peak memory usage: 60 MB
% Instructions burned: 6 (million)
% ------------------------------
% ------------------------------
