% Running in auto input_syntax mode. Trying TPTP
% Refutation found. Thanks to Tanya!
% SZS status Unsatisfiable for GRP542-1_clausified
% SZS output start Proof for GRP542-1_clausified
1. divide(divide(identity,divide(divide(divide(X0,X1),X2),X0)),X2) = X1 [input(axiom)]
2. identity = divide(X0,X0) [input(axiom)]
3. a2 != divide(divide(divide(identity,b2),divide(identity,b2)),divide(identity,a2)) [input(negated conjecture)]
4. a2 != divide(identity,divide(identity,a2)) [superposition 3,2]
5. divide(divide(identity,divide(divide(identity,X1),X0)),X1) = X0 [superposition 1,2]
7. divide(divide(divide(X1,X0),X2),X1) = divide(divide(identity,divide(X0,identity)),X2) [superposition 1,1]
8. divide(divide(identity,divide(identity,X0)),divide(X0,X1)) = X1 [superposition 1,2]
14. divide(divide(identity,X1),X0) = divide(divide(identity,divide(X0,identity)),X1) [superposition 1,5]
18. divide(divide(identity,identity),divide(identity,X0)) = X0 [superposition 8,2]
24. divide(X1,X0) = divide(divide(identity,X0),divide(identity,X1)) [superposition 5,8]
30. divide(X0,identity) = X0 [forward demodulation 18,24]
63. divide(X0,identity) = divide(divide(identity,divide(divide(identity,X1),identity)),divide(X1,X0)) [superposition 7,8]
80. divide(X0,identity) = divide(divide(identity,divide(X1,X0)),divide(identity,X1)) [forward demodulation 63,14]
92. divide(X0,identity) = divide(X1,divide(X1,X0)) [forward demodulation 80,24]
99. divide(X1,divide(X1,X0)) = X0 [forward demodulation 92,30]
107. a2 != a2 [superposition 4,99]
117. $false [trivial inequality removal 107]
% SZS output end Proof for GRP542-1_clausified
% ------------------------------
% Version: Vampire 5.0.0 (Release build, commit 2e2c9b7b8 on 2026-01-17 12:24:14 +0100)
% Linked with Z3 4.14.0.0 3c47fd96cf5645d0c42b2c819d9e9a84380aa721 z3-4.8.4-9178-g3c47fd96c
% CaDiCaL version: 2.1.3
% Termination reason: Refutation
% Time elapsed: 0.002 s
% Peak memory usage: 60 MB
% Instructions burned: 6 (million)
% ------------------------------
% ------------------------------
