% Running in auto input_syntax mode. Trying TPTP
% Refutation found. Thanks to Tanya!
% SZS status Unsatisfiable for GRP710-11_clausified
% SZS output start Proof for GRP710-11_clausified
1. mult(X0,unit) = X0 [input(axiom)]
2. mult(unit,X0) = X0 [input(axiom)]
3. mult(X0,mult(X1,mult(X1,X2))) = mult(mult(mult(X0,X1),X1),X2) [input(axiom)]
5. unit = mult(i(X0),X0) [input(axiom)]
6. mult(X0,x4) != x3 [input(negated conjecture)]
22. mult(mult(X0,X1),X1) = mult(X0,mult(X1,mult(X1,unit))) [superposition 1,3]
25. mult(mult(X0,X1),X1) = mult(X0,mult(X1,X1)) [forward demodulation 22,1]
59. mult(unit,X0) = mult(i(X0),mult(X0,X0)) [superposition 25,5]
69. x3 != mult(X0,mult(x4,x4)) [superposition 6,25]
70. mult(i(X0),mult(X0,X0)) = X0 [forward demodulation 59,2]
141. x3 != mult(X0,mult(X1,mult(X1,mult(x4,x4)))) [superposition 69,3]
1601. x3 != mult(X0,mult(i(x4),x4)) [superposition 141,70]
1623. mult(X0,unit) != x3 [forward demodulation 1601,5]
1630. x3 != X0 [forward demodulation 1623,1]
1708. $false [equality resolution 1630]
% SZS output end Proof for GRP710-11_clausified
% ------------------------------
% Version: Vampire 5.0.0 (Release build, commit 2e2c9b7b8 on 2026-01-17 12:24:14 +0100)
% Linked with Z3 4.14.0.0 3c47fd96cf5645d0c42b2c819d9e9a84380aa721 z3-4.8.4-9178-g3c47fd96c
% CaDiCaL version: 2.1.3
% Termination reason: Refutation
% Time elapsed: 0.026 s
% Peak memory usage: 64 MB
% Instructions burned: 84 (million)
% ------------------------------
% ------------------------------
