% Running in auto input_syntax mode. Trying TPTP
% Refutation found. Thanks to Tanya!
% SZS status Unsatisfiable for GRP092-1_clausified
% SZS output start Proof for GRP092-1_clausified
1. divide(divide(X0,X1),divide(divide(X0,X2),X1)) = X2 [input(axiom)]
2. multiply(X0,X1) = divide(X0,divide(divide(X2,X2),X1)) [input(axiom)]
3. inverse(X0) = divide(divide(X1,X1),X0) [input(axiom)]
4. identity = divide(X0,X0) [input(axiom)]
5. multiply(inverse(a1),a1) != multiply(inverse(b1),b1) | a2 != multiply(multiply(inverse(b2),b2),a2) | multiply(multiply(a3,b3),c3) != multiply(a3,multiply(b3,c3)) | multiply(a4,b4) != multiply(b4,a4) [input(negated conjecture)]
7. 1 <=> multiply(a4,b4) = multiply(b4,a4) [avatar definition]
9. multiply(a4,b4) != multiply(b4,a4) <- (~1) [avatar component clause 7]
11. 2 <=> multiply(multiply(a3,b3),c3) = multiply(a3,multiply(b3,c3)) [avatar definition]
13. multiply(multiply(a3,b3),c3) != multiply(a3,multiply(b3,c3)) <- (~2) [avatar component clause 11]
15. 3 <=> a2 = multiply(multiply(inverse(b2),b2),a2) [avatar definition]
17. a2 != multiply(multiply(inverse(b2),b2),a2) <- (~3) [avatar component clause 15]
19. 4 <=> multiply(inverse(a1),a1) = multiply(inverse(b1),b1) [avatar definition]
21. multiply(inverse(a1),a1) != multiply(inverse(b1),b1) <- (~4) [avatar component clause 19]
22. ~1 | ~2 | ~3 | ~4 [avatar split clause 5,19,15,11,7]
23. inverse(X0) = divide(identity,X0) [forward demodulation 3,4]
24. multiply(X0,X1) = divide(X0,divide(identity,X1)) [forward demodulation 2,4]
25. multiply(X0,X1) = divide(X0,inverse(X1)) [forward demodulation 24,23]
27. identity = inverse(identity) [superposition 4,23]
30. identity = multiply(inverse(X0),X0) [superposition 4,25]
31. inverse(inverse(X0)) = multiply(identity,X0) [superposition 23,25]
32. multiply(X0,identity) = divide(X0,identity) [superposition 25,27]
33. divide(identity,divide(divide(X0,X1),X0)) = X1 [superposition 1,4]
36. divide(X0,divide(divide(divide(X1,X2),X3),divide(divide(X1,X0),X2))) = X3 [superposition 1,1]
37. divide(divide(X0,X1),divide(identity,X1)) = X0 [superposition 1,4]
38. divide(divide(identity,X1),divide(inverse(X0),X1)) = X0 [superposition 1,23]
39. inverse(X1) = divide(divide(X0,X2),divide(multiply(X0,X1),X2)) [superposition 1,25]
40. divide(divide(X1,X0),X2) = divide(divide(divide(X1,X2),X3),divide(X0,X3)) [superposition 1,1]
41. divide(divide(X0,divide(X0,X1)),identity) = X1 [superposition 1,4]
42. divide(divide(X0,inverse(X2)),multiply(divide(X0,X1),X2)) = X1 [superposition 1,25]
43. divide(divide(X1,divide(divide(X1,X0),X2)),X0) = X2 [superposition 1,1]
44. divide(multiply(X0,X2),multiply(divide(X0,X1),X2)) = X1 [forward demodulation 42,25]
45. multiply(divide(X0,divide(X0,X1)),identity) = X1 [forward demodulation 41,32]
46. divide(inverse(X1),divide(inverse(X0),X1)) = X0 [forward demodulation 38,23]
47. divide(divide(X0,X1),inverse(X1)) = X0 [forward demodulation 37,23]
50. inverse(divide(divide(X0,X1),X0)) = X1 [forward demodulation 33,23]
51. multiply(divide(X0,X1),X1) = X0 [forward demodulation 47,25]
58. multiply(identity,X0) = X0 [superposition 51,4]
61. divide(X1,X2) = multiply(X0,divide(divide(X1,X0),X2)) [superposition 51,1]
62. inverse(divide(identity,X0)) = X0 [superposition 50,4]
67. inverse(X0) = multiply(identity,divide(divide(X1,X0),X1)) [superposition 31,50]
69. divide(X1,X0) = multiply(X1,divide(divide(X2,X0),X2)) [superposition 25,50]
71. inverse(X0) = divide(divide(X1,X0),X1) [forward demodulation 67,58]
73. inverse(inverse(X0)) = X0 [forward demodulation 62,23]
81. divide(X1,X0) = multiply(X1,inverse(X0)) [superposition 25,73]
85. inverse(X1) = multiply(divide(X0,multiply(X0,X1)),identity) [superposition 45,25]
86. divide(divide(X1,X0),X2) = multiply(divide(divide(X1,X2),X0),identity) [superposition 45,1]
87. multiply(X0,identity) = X0 [superposition 45,1]
90. divide(divide(X1,X0),X2) = divide(divide(X1,X2),X0) [forward demodulation 86,87]
91. inverse(X1) = divide(X0,multiply(X0,X1)) [forward demodulation 85,87]
98. divide(X0,divide(X0,X1)) = X1 [superposition 45,87]
111. divide(inverse(divide(inverse(X0),X1)),X0) = X1 [superposition 46,46]
113. divide(inverse(X0),X1) = multiply(divide(inverse(X1),X0),identity) [superposition 45,46]
114. divide(inverse(X0),X1) = inverse(divide(X0,inverse(X1))) [superposition 50,46]
118. divide(inverse(X0),X1) = inverse(multiply(X0,X1)) [forward demodulation 114,25]
119. divide(inverse(X0),X1) = divide(inverse(X1),X0) [forward demodulation 113,87]
170. multiply(X0,X2) = divide(X1,divide(divide(X1,X2),X0)) [superposition 51,43]
173. multiply(divide(X1,divide(divide(X1,inverse(X2)),X0)),X2) = X0 [superposition 25,43]
176. multiply(divide(X1,divide(multiply(X1,X2),X0)),X2) = X0 [forward demodulation 173,25]
256. divide(multiply(X0,X1),X0) = X1 [superposition 44,51]
262. multiply(divide(X1,X0),X2) = multiply(divide(multiply(X1,X2),X0),identity) [superposition 45,44]
264. multiply(X1,X2) = multiply(X0,multiply(divide(X1,X0),X2)) [superposition 51,44]
265. divide(multiply(X1,X2),X0) = multiply(divide(X1,X0),X2) [forward demodulation 262,87]
319. inverse(X2) = divide(multiply(X0,X1),divide(multiply(X0,X2),inverse(X1))) [superposition 39,25]
363. inverse(X2) = multiply(divide(X0,divide(multiply(X0,X2),inverse(X1))),X1) [forward demodulation 319,265]
381. inverse(X2) = multiply(divide(X0,multiply(multiply(X0,X2),X1)),X1) [forward demodulation 363,25]
411. multiply(X0,X1) = multiply(X1,X0) [superposition 51,256]
452. divide(divide(X2,X0),X3) = divide(X1,divide(X0,divide(divide(X2,X1),X3))) [superposition 36,1]
485. divide(divide(divide(X3,X4),X0),divide(divide(X3,X1),X4)) = divide(divide(X1,X2),divide(X0,X2)) [superposition 1,36]
488. divide(divide(divide(X3,X4),X0),divide(divide(X3,X1),X4)) = divide(multiply(X1,X2),multiply(X0,X2)) [superposition 44,36]
490. divide(divide(divide(X2,X3),X0),divide(divide(X2,X1),X3)) = inverse(divide(X0,X1)) [superposition 50,36]
501. divide(divide(divide(X3,X4),X0),divide(divide(X3,X1),X4)) = multiply(divide(X1,multiply(X0,X2)),X2) [forward demodulation 488,265]
504. divide(divide(X1,X2),divide(X0,X2)) = inverse(divide(X0,X1)) [forward demodulation 485,490]
548. divide(divide(divide(X3,X4),X0),divide(divide(X3,X1),X4)) = multiply(X2,divide(X1,multiply(X0,X2))) [forward demodulation 501,411]
581. inverse(divide(X0,X1)) = multiply(X2,divide(X1,multiply(X0,X2))) [forward demodulation 548,490]
648. divide(X1,X0) = inverse(divide(X0,X1)) [superposition 50,98]
677. divide(divide(multiply(X1,X0),X2),X1) = divide(divide(X0,X3),divide(X2,X3)) [superposition 40,256]
784. divide(divide(multiply(X1,X0),X2),X1) = inverse(divide(X2,X0)) [forward demodulation 677,504]
812. divide(X0,X2) = divide(divide(multiply(X1,X0),X2),X1) [forward demodulation 784,648]
829. divide(X0,X2) = divide(multiply(divide(X1,X2),X0),X1) [forward demodulation 812,265]
841. divide(X0,X2) = multiply(divide(divide(X1,X2),X1),X0) [forward demodulation 829,265]
844. divide(X0,X2) = multiply(inverse(X2),X0) [forward demodulation 841,71]
867. multiply(a4,b4) != multiply(a4,b4) <- (~1) [superposition 9,411]
870. inverse(X0) = divide(divide(X1,X2),divide(multiply(X0,X1),X2)) [superposition 39,411]
881. $false <- (~1) [trivial inequality removal 867]
882. 1 [avatar contradiction clause 881]
888. inverse(X0) = inverse(divide(multiply(X0,X1),X1)) [forward demodulation 870,504]
904. inverse(X0) = divide(X1,multiply(X0,X1)) [forward demodulation 888,648]
909. multiply(a3,multiply(b3,c3)) != multiply(c3,multiply(a3,b3)) <- (~2) [forward demodulation 13,411]
1060. divide(X0,divide(X1,X2)) = inverse(divide(divide(X1,X0),X2)) [superposition 71,1]
1063. divide(X0,inverse(X1)) = inverse(divide(inverse(X0),X1)) [superposition 71,46]
1066. divide(X0,multiply(X1,X2)) = inverse(multiply(divide(X1,X0),X2)) [superposition 71,44]
1126. divide(X0,multiply(X1,X2)) = divide(inverse(divide(X1,X0)),X2) [forward demodulation 1066,118]
1128. divide(X0,inverse(X1)) = divide(X1,inverse(X0)) [forward demodulation 1063,648]
1131. divide(X0,divide(X1,X2)) = divide(X2,divide(X1,X0)) [forward demodulation 1060,648]
1147. divide(divide(X0,X1),X2) = divide(X0,multiply(X1,X2)) [forward demodulation 1126,648]
1149. divide(X0,inverse(X1)) = multiply(X1,X0) [forward demodulation 1128,25]
1197. divide(divide(X1,inverse(X0)),X2) = multiply(divide(X1,X2),X0) [superposition 43,91]
1202. multiply(divide(X1,X2),X0) = divide(X1,multiply(inverse(X0),X2)) [forward demodulation 1197,1147]
1225. multiply(divide(X1,X2),X0) = divide(X1,divide(X2,X0)) [forward demodulation 1202,844]
2477. multiply(X2,multiply(X0,X1)) = divide(X2,divide(inverse(X0),X1)) [superposition 25,118]
2494. multiply(multiply(X0,X1),X2) = divide(X2,divide(inverse(X0),X1)) [superposition 1149,118]
2495. multiply(multiply(X0,X1),X2) = multiply(divide(X2,inverse(X0)),X1) [forward demodulation 2494,1225]
2510. multiply(X2,multiply(X0,X1)) = multiply(divide(X2,inverse(X0)),X1) [forward demodulation 2477,1225]
2526. multiply(multiply(X0,X1),X2) = multiply(multiply(X2,X0),X1) [forward demodulation 2495,25]
2536. multiply(multiply(X2,X0),X1) = multiply(X2,multiply(X0,X1)) [forward demodulation 2510,25]
3717. divide(X1,inverse(X0)) = multiply(X2,multiply(X0,divide(X1,X2))) [superposition 61,1149]
3763. multiply(X1,X0) = multiply(X2,multiply(X0,divide(X1,X2))) [forward demodulation 3717,25]
3882. divide(X1,divide(divide(X2,X0),X3)) = multiply(X1,divide(X0,divide(X2,X3))) [superposition 69,1]
3889. divide(X1,multiply(divide(X2,X0),X3)) = multiply(X1,divide(X0,multiply(X2,X3))) [superposition 69,44]
3990. divide(X1,divide(divide(X2,X0),X3)) = multiply(X1,multiply(divide(X0,X2),X3)) [forward demodulation 3882,1225]
4030. multiply(X1,multiply(divide(X0,X2),X3)) = multiply(divide(X1,divide(X2,X0)),X3) [forward demodulation 3990,1225]
4055. multiply(X1,multiply(divide(X0,X2),X3)) = multiply(multiply(divide(X1,X2),X0),X3) [forward demodulation 4030,1225]
4072. multiply(X1,multiply(divide(X0,X2),X3)) = multiply(divide(X1,X2),multiply(X0,X3)) [forward demodulation 4055,2536]
4586. multiply(X3,divide(X1,X4)) = divide(divide(divide(X0,X2),X4),divide(divide(divide(X0,X1),X2),X3)) [superposition 170,40]
4645. divide(multiply(X0,X1),X3) = divide(divide(X2,X3),divide(divide(X2,X1),X0)) [superposition 90,170]
4674. divide(multiply(X0,X1),X3) = multiply(divide(divide(X2,X3),divide(X2,X1)),X0) [forward demodulation 4645,1225]
4727. multiply(X3,divide(X1,X4)) = multiply(divide(divide(divide(X0,X2),X4),divide(divide(X0,X1),X2)),X3) [forward demodulation 4586,1225]
4752. divide(multiply(X0,X1),X3) = multiply(multiply(divide(divide(X2,X3),X2),X1),X0) [forward demodulation 4674,1225]
4790. multiply(X3,divide(X1,X4)) = multiply(divide(X2,divide(divide(X0,X1),divide(divide(X0,X2),X4))),X3) [forward demodulation 4727,1131]
4814. divide(multiply(X0,X1),X3) = multiply(divide(divide(X2,X3),X2),multiply(X1,X0)) [forward demodulation 4752,2536]
4842. multiply(X3,divide(X1,X4)) = multiply(divide(divide(X0,divide(X0,X1)),X4),X3) [forward demodulation 4790,452]
4863. divide(multiply(X0,X1),X3) = multiply(divide(X2,X3),multiply(divide(X1,X2),X0)) [forward demodulation 4814,4072]
4880. multiply(X3,divide(X1,X4)) = multiply(divide(X0,multiply(divide(X0,X1),X4)),X3) [forward demodulation 4842,1147]
4895. divide(multiply(X0,X1),X3) = multiply(X2,multiply(divide(divide(X1,X2),X3),X0)) [forward demodulation 4863,4072]
4906. multiply(X3,divide(X1,X4)) = multiply(multiply(X0,divide(X1,multiply(X0,X4))),X3) [forward demodulation 4880,3889]
4917. divide(multiply(X0,X1),X3) = multiply(X2,multiply(divide(X1,multiply(X2,X3)),X0)) [forward demodulation 4895,1147]
4928. multiply(X3,divide(X1,X4)) = multiply(X0,multiply(divide(X1,multiply(X0,X4)),X3)) [forward demodulation 4906,2536]
4937. multiply(divide(X0,X3),X1) = multiply(X2,multiply(divide(X1,multiply(X2,X3)),X0)) [forward demodulation 4917,265]
4949. multiply(divide(X0,X3),X1) = multiply(X0,divide(X1,X3)) [forward demodulation 4937,4928]
5007. multiply(divide(X1,inverse(X0)),X2) = multiply(X0,multiply(X1,X2)) [superposition 176,904]
5064. multiply(X0,multiply(X1,X2)) = multiply(X1,divide(X2,inverse(X0))) [forward demodulation 5007,4949]
5113. multiply(X0,multiply(X1,X2)) = multiply(X1,multiply(X2,X0)) [forward demodulation 5064,25]
6329. multiply(X1,multiply(X0,X2)) = multiply(inverse(divide(inverse(X1),X0)),X2) [superposition 264,111]
6440. multiply(X1,multiply(X0,X2)) = divide(X2,divide(inverse(X1),X0)) [forward demodulation 6329,844]
6487. multiply(X1,multiply(X0,X2)) = multiply(divide(X2,inverse(X1)),X0) [forward demodulation 6440,1225]
6518. multiply(X1,multiply(X0,X2)) = multiply(X2,divide(X0,inverse(X1))) [forward demodulation 6487,4949]
6542. multiply(X1,multiply(X0,X2)) = multiply(X2,multiply(X0,X1)) [forward demodulation 6518,25]
14687. multiply(divide(X2,inverse(X1)),X0) = divide(X2,divide(inverse(X0),X1)) [superposition 1225,119]
14960. multiply(divide(X2,inverse(X1)),X0) = multiply(divide(X2,inverse(X0)),X1) [forward demodulation 14687,1225]
15077. multiply(divide(X2,inverse(X1)),X0) = multiply(X2,divide(X1,inverse(X0))) [forward demodulation 14960,4949]
15166. multiply(X2,multiply(X1,X0)) = multiply(divide(X2,inverse(X1)),X0) [forward demodulation 15077,25]
15235. multiply(X2,multiply(X1,X0)) = multiply(X2,divide(X0,inverse(X1))) [forward demodulation 15166,4949]
15288. multiply(X2,multiply(X1,X0)) = multiply(X2,multiply(X0,X1)) [forward demodulation 15235,25]
16197. inverse(divide(divide(X1,multiply(multiply(X1,X0),X2)),X3)) = multiply(X2,divide(X3,inverse(X0))) [superposition 581,381]
16362. multiply(X2,multiply(X3,X0)) = inverse(divide(divide(X1,multiply(multiply(X1,X0),X2)),X3)) [forward demodulation 16197,25]
16441. multiply(X2,multiply(X3,X0)) = divide(X3,divide(X1,multiply(multiply(X1,X0),X2))) [forward demodulation 16362,648]
16503. multiply(X2,multiply(X3,X0)) = multiply(divide(X3,X1),multiply(multiply(X1,X0),X2)) [forward demodulation 16441,1225]
16543. multiply(X2,multiply(X3,X0)) = multiply(X3,multiply(divide(multiply(X1,X0),X1),X2)) [forward demodulation 16503,4072]
16573. multiply(X2,multiply(X3,X0)) = multiply(X3,multiply(multiply(X1,X0),divide(X2,X1))) [forward demodulation 16543,4949]
16594. multiply(X2,multiply(X3,X0)) = multiply(X3,multiply(X1,multiply(X0,divide(X2,X1)))) [forward demodulation 16573,2536]
16613. multiply(X3,multiply(X2,X0)) = multiply(X2,multiply(X3,X0)) [forward demodulation 16594,3763]
33332. multiply(a3,multiply(b3,c3)) != multiply(b3,multiply(a3,c3)) <- (~2) [superposition 909,6542]
33449. $false <- (~2) [forward subsumption resolution 33332,16613]
33450. 2 [avatar contradiction clause 33449]
33970. a2 != multiply(multiply(a2,inverse(b2)),b2) <- (~3) [forward demodulation 17,2526]
33971. a2 != multiply(multiply(b2,a2),inverse(b2)) <- (~3) [forward demodulation 33970,2526]
33972. a2 != multiply(b2,multiply(a2,inverse(b2))) <- (~3) [forward demodulation 33971,2536]
33973. a2 != multiply(a2,multiply(inverse(b2),b2)) <- (~3) [forward demodulation 33972,5113]
33974. a2 != multiply(a2,multiply(b2,inverse(b2))) <- (~3) [forward demodulation 33973,15288]
33975. a2 != multiply(a2,divide(b2,b2)) <- (~3) [forward demodulation 33974,81]
33976. a2 != multiply(a2,identity) <- (~3) [forward demodulation 33975,4]
33977. $false <- (~3) [forward subsumption resolution 33976,87]
33978. 3 [avatar contradiction clause 33977]
33980. identity != multiply(inverse(a1),a1) <- (~4) [forward demodulation 21,30]
33982. $false <- (~4) [forward subsumption resolution 33980,30]
33983. 4 [avatar contradiction clause 33982]
s1. ~4 | ~3 | ~2 | ~1 [sat_conversion 22]
s3. 1 [sat_conversion 882]
s5. 2 [sat_conversion 33450]
s6. 3 [sat_conversion 33978]
s7. 4 [sat_conversion 33983]
s8. # [rat s1,s3,s5,s6,s7]
33989. $false [avatar sat refutation s8]
% SZS output end Proof for GRP092-1_clausified
% ------------------------------
% Version: Vampire 5.0.0 (Release build, commit 2e2c9b7b8 on 2026-01-17 12:24:14 +0100)
% Linked with Z3 4.14.0.0 3c47fd96cf5645d0c42b2c819d9e9a84380aa721 z3-4.8.4-9178-g3c47fd96c
% CaDiCaL version: 2.1.3
% Termination reason: Refutation
% Time elapsed: 0.235 s
% Peak memory usage: 57 MB
% Instructions burned: 842 (million)
% ------------------------------
% ------------------------------
