% Running in auto input_syntax mode. Trying TPTP
% Refutation found. Thanks to Tanya!
% SZS status Unsatisfiable for GRP417-1
% SZS output start Proof for GRP417-1
1. inverse(multiply(X0,inverse(multiply(inverse(multiply(inverse(multiply(X1,X0)),multiply(X1,inverse(X2)))),inverse(multiply(inverse(X0),X0)))))) = X2 [input(axiom)]
2. multiply(multiply(a3,b3),c3) != multiply(a3,multiply(b3,c3)) [input(negated conjecture)]
4. multiply(X3,inverse(multiply(inverse(multiply(inverse(multiply(X4,X3)),multiply(X4,inverse(X0)))),inverse(multiply(inverse(X3),X3))))) = inverse(multiply(X1,inverse(multiply(inverse(multiply(inverse(multiply(X2,X1)),multiply(X2,X0))),inverse(multiply(inverse(X1),X1)))))) [superposition 1,1]
24. inverse(inverse(multiply(X0,inverse(multiply(inverse(multiply(inverse(multiply(X1,X0)),multiply(X1,X2))),inverse(multiply(inverse(X0),X0))))))) = X2 [superposition 1,4]
27. multiply(X0,inverse(multiply(inverse(multiply(inverse(multiply(X1,X0)),multiply(X1,inverse(inverse(X2))))),inverse(multiply(inverse(X0),X0))))) = X2 [superposition 1,4]
144. multiply(inverse(multiply(inverse(multiply(X3,X2)),multiply(X3,inverse(inverse(X0))))),inverse(multiply(inverse(X2),X2))) = inverse(multiply(X1,inverse(multiply(inverse(multiply(inverse(multiply(X2,X1)),X0)),inverse(multiply(inverse(X1),X1)))))) [superposition 1,27]
329. multiply(X1,inverse(inverse(multiply(X0,inverse(multiply(inverse(multiply(inverse(multiply(X1,X0)),X2)),inverse(multiply(inverse(X0),X0)))))))) = X2 [superposition 27,144]
333. inverse(X2) = inverse(multiply(X1,inverse(inverse(multiply(X0,inverse(multiply(inverse(multiply(inverse(multiply(X1,X0)),X2)),inverse(multiply(inverse(X0),X0))))))))) [superposition 1,144]
357. multiply(inverse(multiply(inverse(multiply(X0,X1)),multiply(X0,inverse(inverse(multiply(X1,inverse(X2))))))),inverse(multiply(inverse(X1),X1))) = X2 [superposition 1,144]
360. inverse(multiply(inverse(multiply(inverse(multiply(X0,X1)),multiply(X0,inverse(inverse(multiply(X1,X2)))))),inverse(multiply(inverse(X1),X1)))) = X2 [superposition 24,144]
561. multiply(X1,inverse(inverse(multiply(X2,inverse(multiply(inverse(X0),inverse(multiply(inverse(X2),X2)))))))) = inverse(inverse(multiply(X3,inverse(multiply(inverse(multiply(inverse(multiply(inverse(multiply(X1,X2)),X3)),X0)),inverse(multiply(inverse(X3),X3))))))) [superposition 329,329]
887. multiply(inverse(X3),X3) = multiply(inverse(multiply(inverse(multiply(X1,inverse(multiply(inverse(multiply(X2,X3)),multiply(X2,inverse(inverse(multiply(X3,inverse(X0))))))))),multiply(X1,inverse(inverse(X0))))),inverse(multiply(inverse(inverse(multiply(inverse(multiply(X2,X3)),multiply(X2,inverse(inverse(multiply(X3,inverse(X0)))))))),inverse(multiply(inverse(multiply(X2,X3)),multiply(X2,inverse(inverse(multiply(X3,inverse(X0)))))))))) [superposition 357,357]
952. multiply(inverse(multiply(inverse(multiply(X1,inverse(multiply(inverse(multiply(X2,X3)),multiply(X2,inverse(inverse(multiply(X3,inverse(X0))))))))),multiply(X1,inverse(inverse(X4))))),inverse(multiply(inverse(inverse(multiply(inverse(multiply(X2,X3)),multiply(X2,inverse(inverse(multiply(X3,inverse(X0)))))))),inverse(multiply(inverse(multiply(X2,X3)),multiply(X2,inverse(inverse(multiply(X3,inverse(X0)))))))))) = inverse(multiply(inverse(multiply(inverse(X3),X3)),inverse(multiply(inverse(multiply(inverse(X0),X4)),inverse(multiply(inverse(inverse(multiply(inverse(X3),X3))),inverse(multiply(inverse(X3),X3)))))))) [superposition 144,357]
966. multiply(inverse(X3),X3) = inverse(multiply(inverse(multiply(inverse(X3),X3)),inverse(multiply(inverse(multiply(inverse(X0),X0)),inverse(multiply(inverse(inverse(multiply(inverse(X3),X3))),inverse(multiply(inverse(X3),X3)))))))) [forward demodulation 887,952]
1329. inverse(multiply(inverse(multiply(inverse(multiply(X1,X2)),multiply(X1,X0))),inverse(multiply(inverse(X2),X2)))) = inverse(multiply(inverse(multiply(inverse(multiply(X3,X2)),multiply(X3,X0))),inverse(multiply(inverse(X2),X2)))) [superposition 360,24]
17799. multiply(inverse(multiply(X0,X1)),multiply(X0,inverse(inverse(multiply(X1,inverse(multiply(inverse(X2),inverse(multiply(inverse(X1),X1))))))))) = X2 [superposition 329,561]
20260. multiply(inverse(X2),X2) = multiply(inverse(multiply(X1,inverse(multiply(inverse(X0),X0)))),multiply(X1,inverse(multiply(inverse(X0),X0)))) [superposition 17799,966]
20284. multiply(inverse(multiply(X1,X2)),multiply(X1,X0)) = multiply(inverse(multiply(X3,X2)),multiply(X3,X0)) [superposition 17799,24]
24443. multiply(inverse(X0),X0) = multiply(inverse(X1),X1) [superposition 20260,20260]
27403. inverse(multiply(inverse(X1),inverse(multiply(inverse(multiply(inverse(X0),X0)),inverse(multiply(inverse(inverse(X1)),inverse(X1))))))) = X1 [superposition 1,24443]
27455. inverse(inverse(multiply(X1,inverse(multiply(inverse(multiply(inverse(X0),X0)),inverse(multiply(inverse(X1),X1))))))) = X1 [superposition 24,24443]
27491. multiply(inverse(X1),X1) = inverse(multiply(inverse(multiply(inverse(X1),X1)),inverse(multiply(inverse(multiply(inverse(X2),X2)),inverse(multiply(inverse(X0),X0)))))) [superposition 966,24443]
27619. multiply(inverse(multiply(X1,X2)),multiply(X1,X3)) = multiply(inverse(multiply(inverse(X0),X0)),multiply(inverse(X2),X3)) [superposition 20284,24443]
27620. multiply(inverse(multiply(X1,X2)),multiply(X1,X3)) = multiply(inverse(multiply(inverse(X3),X2)),multiply(inverse(X0),X0)) [superposition 20284,24443]
29564. inverse(inverse(multiply(X1,inverse(multiply(inverse(multiply(inverse(X2),X2)),inverse(multiply(inverse(X0),X0))))))) = X1 [superposition 27455,24443]
34020. multiply(inverse(X2),X2) = multiply(inverse(multiply(inverse(X0),X0)),multiply(inverse(X1),X1)) [superposition 24443,27619]
36837. inverse(multiply(inverse(X1),X1)) = inverse(multiply(inverse(X2),inverse(inverse(multiply(X2,inverse(multiply(inverse(multiply(inverse(X0),X0)),inverse(multiply(inverse(X2),X2))))))))) [superposition 333,34020]
37017. inverse(multiply(inverse(X1),X1)) = inverse(multiply(inverse(X2),X2)) [forward demodulation 36837,27455]
64032. inverse(multiply(inverse(X1),inverse(multiply(inverse(multiply(inverse(X2),X2)),inverse(multiply(inverse(X0),X0)))))) = X1 [superposition 27403,37017]
64875. inverse(multiply(inverse(X2),inverse(multiply(inverse(multiply(inverse(X3),X3)),inverse(multiply(inverse(multiply(inverse(X0),X0)),inverse(multiply(inverse(X1),X1)))))))) = X2 [superposition 64032,64032]
64927. inverse(inverse(multiply(X2,inverse(multiply(inverse(multiply(inverse(X3),X3)),inverse(multiply(inverse(multiply(inverse(X0),X0)),inverse(multiply(inverse(X1),X1))))))))) = X2 [superposition 29564,64032]
65018. inverse(inverse(multiply(X2,multiply(inverse(X3),X3)))) = X2 [forward demodulation 64927,27491]
65023. inverse(multiply(inverse(X2),multiply(inverse(X3),X3))) = X2 [forward demodulation 64875,27491]
66192. inverse(inverse(X0)) = inverse(multiply(inverse(inverse(inverse(multiply(X1,inverse(multiply(inverse(X0),inverse(multiply(inverse(X1),X1)))))))),X1)) [superposition 65018,17799]
67479. inverse(multiply(inverse(multiply(inverse(X0),X0)),multiply(inverse(X1),X2))) = multiply(inverse(X2),X1) [superposition 65023,27619]
67481. inverse(multiply(inverse(multiply(X0,X1)),multiply(X0,X2))) = multiply(inverse(X2),X1) [superposition 65023,20284]
67515. inverse(multiply(inverse(multiply(inverse(multiply(X2,X1)),multiply(X2,X0))),inverse(multiply(inverse(X1),X1)))) = inverse(multiply(multiply(inverse(X0),X1),inverse(multiply(inverse(X1),X1)))) [superposition 1329,65023]
67554. multiply(inverse(X0),X0) = inverse(multiply(inverse(X1),X1)) [superposition 37017,65023]
68545. inverse(inverse(multiply(X1,inverse(multiply(inverse(X0),X0))))) = X1 [superposition 65018,67554]
68546. inverse(multiply(inverse(X1),inverse(multiply(inverse(X0),X0)))) = X1 [superposition 65023,67554]
68609. multiply(inverse(multiply(inverse(inverse(inverse(multiply(X1,inverse(multiply(inverse(X2),inverse(multiply(inverse(X1),X1)))))))),X1)),inverse(multiply(inverse(X0),X0))) = X2 [superposition 17799,67554]
68833. multiply(inverse(inverse(X2)),inverse(multiply(inverse(X0),X0))) = X2 [forward demodulation 68609,66192]
71466. inverse(X0) = inverse(multiply(inverse(multiply(X1,X2)),multiply(X1,inverse(inverse(multiply(X2,X0)))))) [superposition 68545,360]
71570. inverse(X0) = multiply(inverse(inverse(inverse(multiply(X2,X0)))),X2) [forward demodulation 71466,67481]
73997. multiply(inverse(inverse(X1)),multiply(inverse(X0),X0)) = X1 [superposition 68833,65023]
76548. inverse(multiply(inverse(X1),X2)) = multiply(inverse(inverse(inverse(multiply(inverse(multiply(X0,X1)),multiply(X0,X2))))),inverse(multiply(inverse(X3),X3))) [superposition 71570,27619]
76598. inverse(X0) = inverse(multiply(multiply(inverse(X1),X1),X0)) [superposition 73997,71570]
76691. inverse(multiply(inverse(multiply(X0,X1)),multiply(X0,X2))) = inverse(multiply(inverse(X1),X2)) [forward demodulation 76548,68833]
76705. multiply(inverse(X2),X1) = inverse(multiply(inverse(X1),X2)) [forward demodulation 76691,67481]
78072. inverse(multiply(inverse(multiply(inverse(multiply(X1,multiply(inverse(X2),X2))),multiply(X1,inverse(inverse(X0))))),inverse(multiply(inverse(multiply(inverse(X2),X2)),multiply(inverse(X2),X2))))) = X0 [superposition 360,76598]
78077. multiply(inverse(X0),multiply(multiply(inverse(X1),X1),X2)) = multiply(inverse(multiply(inverse(X2),X0)),multiply(inverse(X3),X3)) [superposition 27620,76598]
78102. multiply(inverse(multiply(X1,multiply(multiply(inverse(X2),X2),X0))),multiply(X1,X3)) = multiply(inverse(multiply(inverse(X4),X4)),multiply(inverse(X0),X3)) [superposition 27619,76598]
78154. multiply(multiply(inverse(X1),X1),X0) = multiply(inverse(inverse(X0)),multiply(inverse(X2),X2)) [superposition 73997,76598]
78155. multiply(multiply(inverse(X1),X1),X0) = X0 [forward demodulation 78154,73997]
78200. multiply(inverse(multiply(X1,multiply(multiply(inverse(X2),X2),X0))),multiply(X1,X3)) = multiply(multiply(inverse(X4),X4),multiply(inverse(X0),X3)) [forward demodulation 78102,76705]
78218. multiply(inverse(X0),multiply(multiply(inverse(X1),X1),X2)) = multiply(multiply(inverse(X0),X2),multiply(inverse(X3),X3)) [forward demodulation 78077,76705]
78221. inverse(multiply(multiply(inverse(inverse(inverse(X0))),multiply(inverse(X2),X2)),inverse(multiply(inverse(multiply(inverse(X2),X2)),multiply(inverse(X2),X2))))) = X0 [forward demodulation 78072,67515]
78294. multiply(inverse(X0),X3) = multiply(inverse(multiply(X1,multiply(multiply(inverse(X2),X2),X0))),multiply(X1,X3)) [forward demodulation 78200,78155]
78303. multiply(inverse(X0),X2) = multiply(multiply(inverse(X0),X2),multiply(inverse(X3),X3)) [forward demodulation 78218,78155]
78306. inverse(multiply(multiply(inverse(inverse(inverse(X0))),multiply(inverse(X2),X2)),multiply(inverse(X2),X2))) = X0 [forward demodulation 78221,67479]
78343. multiply(inverse(X0),X3) = multiply(inverse(multiply(X1,X0)),multiply(X1,X3)) [forward demodulation 78294,78155]
78347. inverse(multiply(inverse(inverse(inverse(X0))),multiply(inverse(X2),X2))) = X0 [forward demodulation 78306,78303]
78362. inverse(inverse(X0)) = X0 [forward demodulation 78347,65023]
79394. multiply(inverse(multiply(X2,X0)),multiply(X2,multiply(X0,inverse(multiply(inverse(X1),inverse(multiply(inverse(X0),X0))))))) = X1 [superposition 17799,78362]
79548. multiply(inverse(X0),multiply(X0,inverse(multiply(inverse(X1),inverse(multiply(inverse(X0),X0)))))) = X1 [forward demodulation 79394,78343]
79629. multiply(inverse(X0),multiply(X0,X1)) = X1 [forward demodulation 79548,68546]
86922. multiply(X1,inverse(inverse(multiply(X2,inverse(multiply(inverse(X0),inverse(multiply(inverse(X2),X2)))))))) = multiply(multiply(X1,X2),X0) [superposition 329,79629]
86971. multiply(multiply(X1,X2),X0) = multiply(X1,multiply(X2,inverse(multiply(inverse(X0),inverse(multiply(inverse(X2),X2)))))) [forward demodulation 86922,78362]
87050. multiply(multiply(X1,X2),X0) = multiply(X1,multiply(X2,X0)) [forward demodulation 86971,68546]
110865. multiply(a3,multiply(b3,c3)) != multiply(a3,multiply(b3,c3)) [superposition 2,87050]
110932. $false [trivial inequality removal 110865]
% SZS output end Proof for GRP417-1
% ------------------------------
% Version: Vampire 5.0.0 (Release build, commit 2e2c9b7b8 on 2026-01-17 12:24:14 +0100)
% Linked with Z3 4.14.0.0 3c47fd96cf5645d0c42b2c819d9e9a84380aa721 z3-4.8.4-9178-g3c47fd96c
% CaDiCaL version: 2.1.3
% Termination reason: Refutation
% Time elapsed: 5.866 s
% Peak memory usage: 193 MB
% Instructions burned: 30461 (million)
% ------------------------------
% ------------------------------
