% Running in auto input_syntax mode. Trying TPTP
% Refutation found. Thanks to Tanya!
% SZS status Unsatisfiable for GRP612-1_clausified
% SZS output start Proof for GRP612-1_clausified
1. inverse(double_divide(inverse(double_divide(inverse(double_divide(X0,X1)),X2)),double_divide(X0,X2))) = X1 [input(axiom)]
2. inverse(double_divide(b,a)) != inverse(double_divide(a,b)) [input(negated conjecture)]
3. double_divide(X1,X2) = inverse(double_divide(inverse(double_divide(X0,X3)),double_divide(inverse(double_divide(inverse(double_divide(X1,X0)),X2)),X3))) [superposition 1,1]
4. inverse(double_divide(X0,double_divide(inverse(double_divide(X1,X0)),double_divide(X1,X2)))) = X2 [superposition 1,1]
5. inverse(double_divide(double_divide(X1,X2),double_divide(X0,double_divide(inverse(double_divide(inverse(double_divide(X1,X0)),X2)),X3)))) = X3 [superposition 4,1]
6. inverse(double_divide(double_divide(inverse(double_divide(X1,X2)),double_divide(X1,X0)),double_divide(X0,double_divide(X2,X3)))) = X3 [superposition 4,4]
7. double_divide(inverse(double_divide(X2,X1)),double_divide(X2,X0)) = inverse(double_divide(inverse(double_divide(X0,X3)),double_divide(X1,X3))) [superposition 1,4]
11. double_divide(X1,X2) = inverse(double_divide(X0,double_divide(inverse(double_divide(inverse(double_divide(X1,X3)),X2)),double_divide(inverse(double_divide(X4,X3)),double_divide(X4,X0))))) [superposition 3,4]
16. double_divide(X2,double_divide(inverse(double_divide(inverse(double_divide(X0,X2)),X1)),X3)) = inverse(double_divide(inverse(double_divide(X3,X4)),double_divide(double_divide(X0,X1),X4))) [superposition 3,3]
17. double_divide(X1,double_divide(inverse(double_divide(X2,inverse(double_divide(X1,X3)))),double_divide(X2,X0))) = inverse(double_divide(inverse(double_divide(X3,X4)),double_divide(X0,X4))) [superposition 3,4]
20. double_divide(X0,inverse(double_divide(X1,double_divide(inverse(double_divide(X0,X1)),X2)))) = X2 [superposition 4,3]
22. double_divide(inverse(double_divide(inverse(double_divide(X0,X2)),X1)),X3) = inverse(double_divide(inverse(double_divide(double_divide(X0,X1),X4)),double_divide(inverse(double_divide(X2,X3)),X4))) [superposition 1,3]
30. double_divide(inverse(double_divide(X0,X1)),double_divide(X0,inverse(double_divide(X1,X2)))) = X2 [superposition 20,3]
67. inverse(double_divide(inverse(X0),double_divide(X1,double_divide(X1,inverse(double_divide(X2,X0)))))) = X2 [superposition 1,30]
95. double_divide(inverse(double_divide(X1,X3)),inverse(double_divide(X2,X0))) = inverse(double_divide(double_divide(X1,X2),double_divide(X3,X0))) [superposition 5,30]
128. double_divide(X1,X0) = double_divide(inverse(double_divide(X1,inverse(X2))),inverse(double_divide(X0,X2))) [superposition 20,67]
139. double_divide(X1,X0) = inverse(double_divide(double_divide(X1,X0),double_divide(inverse(X2),X2))) [forward demodulation 128,95]
160. double_divide(inverse(double_divide(X1,X2)),double_divide(X1,inverse(double_divide(inverse(double_divide(X3,X0)),X4)))) = inverse(double_divide(X0,double_divide(X2,double_divide(X3,X4)))) [superposition 7,1]
243. inverse(double_divide(X0,double_divide(inverse(X3),X3))) = X0 [superposition 139,30]
345. inverse(double_divide(inverse(X0),X2)) = inverse(inverse(double_divide(inverse(double_divide(X0,X1)),double_divide(X2,X1)))) [superposition 243,7]
365. double_divide(X1,X2) = inverse(double_divide(X0,double_divide(inverse(double_divide(X1,X0)),X2))) [superposition 3,243]
427. double_divide(X0,double_divide(X0,X1)) = X1 [superposition 243,11]
443. double_divide(X1,X2) = double_divide(X0,double_divide(X0,double_divide(X1,X2))) [superposition 139,11]
528. double_divide(X2,X3) = inverse(double_divide(inverse(double_divide(X0,X1)),double_divide(X0,inverse(double_divide(inverse(double_divide(X2,X1)),X3))))) [superposition 11,427]
533. inverse(double_divide(inverse(double_divide(inverse(double_divide(X1,X2)),double_divide(X1,X0))),X0)) = X2 [superposition 1,427]
534. double_divide(X1,X2) = inverse(double_divide(inverse(double_divide(double_divide(X1,X0),X3)),double_divide(inverse(double_divide(inverse(X0),X2)),X3))) [superposition 3,427]
545. double_divide(inverse(X0),double_divide(X1,X2)) = inverse(double_divide(inverse(double_divide(X2,X3)),double_divide(double_divide(X1,X0),X3))) [superposition 7,427]
562. double_divide(inverse(double_divide(X1,X2)),X0) = double_divide(X1,inverse(double_divide(X2,X0))) [superposition 20,427]
581. double_divide(inverse(X0),double_divide(X1,X2)) = inverse(double_divide(X2,inverse(double_divide(X3,double_divide(double_divide(X1,X0),X3))))) [forward demodulation 545,562]
589. double_divide(X1,X2) = double_divide(inverse(double_divide(inverse(double_divide(X1,inverse(X0))),X0)),X2) [forward demodulation 534,22]
590. inverse(double_divide(inverse(double_divide(X1,X2)),inverse(double_divide(double_divide(X1,X0),X0)))) = X2 [forward demodulation 533,562]
594. double_divide(X2,X3) = inverse(inverse(double_divide(X1,double_divide(X1,double_divide(X2,X3))))) [forward demodulation 528,160]
609. double_divide(X1,X2) = double_divide(inverse(double_divide(X1,inverse(X0))),inverse(double_divide(X0,X2))) [forward demodulation 589,562]
610. inverse(inverse(double_divide(double_divide(X1,double_divide(X1,X0)),double_divide(X2,X0)))) = X2 [forward demodulation 590,95]
612. double_divide(X2,X3) = inverse(inverse(double_divide(X2,X3))) [forward demodulation 594,443]
618. double_divide(X1,X2) = inverse(double_divide(double_divide(X1,X0),double_divide(inverse(X0),X2))) [forward demodulation 609,95]
619. inverse(inverse(double_divide(X0,double_divide(X2,X0)))) = X2 [forward demodulation 610,427]
621. double_divide(X0,double_divide(X2,X0)) = X2 [forward demodulation 619,612]
622. inverse(double_divide(inverse(double_divide(X4,X5)),double_divide(double_divide(X2,X3),X5))) = double_divide(inverse(double_divide(X1,double_divide(inverse(double_divide(X2,X1)),X0))),double_divide(inverse(double_divide(inverse(X0),X3)),X4)) [superposition 16,20]
679. double_divide(X1,double_divide(inverse(double_divide(inverse(double_divide(inverse(double_divide(X2,X3)),X1)),double_divide(X2,inverse(double_divide(X3,X0))))),X4)) = inverse(double_divide(inverse(double_divide(X4,X5)),double_divide(X0,X5))) [superposition 16,30]
826. double_divide(X1,double_divide(inverse(double_divide(inverse(double_divide(inverse(double_divide(X2,X3)),X1)),double_divide(X2,inverse(double_divide(X3,X0))))),X4)) = inverse(double_divide(X4,inverse(double_divide(X5,double_divide(X0,X5))))) [forward demodulation 679,562]
875. inverse(double_divide(inverse(double_divide(X4,X5)),double_divide(double_divide(X2,X3),X5))) = double_divide(X1,inverse(double_divide(double_divide(inverse(double_divide(X2,X1)),X0),double_divide(inverse(double_divide(inverse(X0),X3)),X4)))) [forward demodulation 622,562]
938. double_divide(X1,double_divide(inverse(double_divide(inverse(double_divide(inverse(double_divide(X2,X3)),X1)),double_divide(X2,inverse(double_divide(X3,X0))))),X4)) = inverse(double_divide(X4,inverse(X0))) [forward demodulation 826,621]
986. inverse(double_divide(inverse(double_divide(X4,X5)),double_divide(double_divide(X2,X3),X5))) = double_divide(X1,inverse(double_divide(double_divide(inverse(double_divide(X2,X1)),X0),double_divide(inverse(X0),inverse(double_divide(X3,X4)))))) [forward demodulation 875,562]
1048. inverse(double_divide(X4,inverse(X0))) = double_divide(X1,double_divide(inverse(double_divide(inverse(double_divide(X2,X3)),X1)),inverse(double_divide(double_divide(X2,inverse(double_divide(X3,X0))),X4)))) [forward demodulation 938,562]
1092. inverse(double_divide(inverse(double_divide(X4,X5)),double_divide(double_divide(X2,X3),X5))) = double_divide(X1,double_divide(inverse(double_divide(X2,X1)),inverse(double_divide(X3,X4)))) [forward demodulation 986,618]
1148. inverse(double_divide(X4,inverse(X0))) = double_divide(X1,inverse(double_divide(double_divide(inverse(double_divide(X2,X3)),double_divide(X2,inverse(double_divide(X3,X0)))),double_divide(X1,X4)))) [forward demodulation 1048,95]
1184. inverse(double_divide(inverse(double_divide(X4,X5)),double_divide(double_divide(X2,X3),X5))) = double_divide(X1,inverse(double_divide(double_divide(X2,X3),double_divide(X1,X4)))) [forward demodulation 1092,95]
1229. inverse(double_divide(X4,inverse(X0))) = double_divide(X1,inverse(double_divide(X0,double_divide(X1,X4)))) [forward demodulation 1148,30]
1255. double_divide(X1,inverse(double_divide(double_divide(X2,X3),double_divide(X1,X4)))) = inverse(double_divide(X4,inverse(double_divide(X5,double_divide(double_divide(X2,X3),X5))))) [forward demodulation 1184,562]
1310. double_divide(X1,inverse(double_divide(double_divide(X2,X3),double_divide(X1,X4)))) = double_divide(inverse(X3),double_divide(X2,X4)) [forward demodulation 1255,581]
1352. inverse(double_divide(X4,inverse(double_divide(X2,X3)))) = double_divide(inverse(X3),double_divide(X2,X4)) [forward demodulation 1310,1229]
1577. double_divide(X2,inverse(double_divide(X3,X0))) = inverse(inverse(double_divide(inverse(double_divide(X0,X1)),double_divide(double_divide(X2,X3),X1)))) [superposition 11,17]
1581. double_divide(X4,X2) = inverse(double_divide(double_divide(inverse(double_divide(X3,inverse(double_divide(X4,inverse(double_divide(X5,X0)))))),double_divide(X3,X5)),inverse(double_divide(inverse(double_divide(X0,X1)),double_divide(X2,X1))))) [superposition 6,17]
1587. double_divide(inverse(double_divide(X5,inverse(double_divide(X4,X0)))),double_divide(X5,X2)) = inverse(double_divide(X3,double_divide(inverse(double_divide(X4,X3)),inverse(double_divide(inverse(double_divide(X0,X1)),double_divide(X2,X1)))))) [superposition 4,17]
1719. double_divide(X4,inverse(double_divide(inverse(double_divide(X0,X1)),double_divide(X2,X1)))) = double_divide(inverse(double_divide(X5,inverse(double_divide(X4,X0)))),double_divide(X5,X2)) [forward demodulation 1587,365]
1725. double_divide(X4,X2) = double_divide(inverse(double_divide(X2,X1)),double_divide(inverse(double_divide(X0,X1)),double_divide(inverse(double_divide(X3,inverse(double_divide(X4,inverse(double_divide(X5,X0)))))),double_divide(X3,X5)))) [forward demodulation 1581,1352]
1729. double_divide(X2,inverse(double_divide(X3,X0))) = inverse(double_divide(inverse(X0),double_divide(X2,X3))) [forward demodulation 1577,345]
1850. double_divide(X4,inverse(double_divide(inverse(double_divide(X0,X1)),double_divide(X2,X1)))) = double_divide(X5,inverse(double_divide(inverse(double_divide(X4,X0)),double_divide(X5,X2)))) [forward demodulation 1719,562]
1856. double_divide(X4,X2) = double_divide(X2,inverse(double_divide(X1,double_divide(inverse(double_divide(X0,X1)),double_divide(inverse(double_divide(X3,inverse(double_divide(X4,inverse(double_divide(X5,X0)))))),double_divide(X3,X5)))))) [forward demodulation 1725,562]
1976. double_divide(X4,inverse(double_divide(inverse(double_divide(X0,X1)),double_divide(X2,X1)))) = inverse(double_divide(X2,inverse(inverse(double_divide(X4,X0))))) [forward demodulation 1850,1229]
1982. double_divide(X4,X2) = double_divide(X2,double_divide(X0,double_divide(inverse(double_divide(X3,inverse(double_divide(X4,inverse(double_divide(X5,X0)))))),double_divide(X3,X5)))) [forward demodulation 1856,365]
2100. double_divide(X4,inverse(double_divide(inverse(double_divide(X0,X1)),double_divide(X2,X1)))) = inverse(double_divide(X2,double_divide(X4,X0))) [forward demodulation 1976,612]
2106. double_divide(X4,X2) = double_divide(X2,double_divide(X0,double_divide(X3,inverse(double_divide(inverse(double_divide(X4,inverse(double_divide(X5,X0)))),double_divide(X3,X5)))))) [forward demodulation 1982,562]
2219. inverse(double_divide(X2,double_divide(X4,X0))) = double_divide(X4,double_divide(X2,inverse(double_divide(X1,double_divide(X0,X1))))) [forward demodulation 2100,1729]
2225. double_divide(X4,X2) = double_divide(X2,double_divide(X0,inverse(double_divide(X5,inverse(inverse(double_divide(X4,inverse(double_divide(X5,X0))))))))) [forward demodulation 2106,1229]
2333. inverse(double_divide(X2,double_divide(X4,X0))) = double_divide(X4,double_divide(X2,inverse(X0))) [forward demodulation 2219,621]
2339. double_divide(X4,X2) = double_divide(X2,double_divide(X0,inverse(double_divide(X5,double_divide(X4,inverse(double_divide(X5,X0))))))) [forward demodulation 2225,612]
2434. double_divide(X4,X2) = double_divide(X2,double_divide(X0,double_divide(X4,double_divide(X5,inverse(inverse(double_divide(X5,X0))))))) [forward demodulation 2339,2333]
2518. double_divide(X4,X2) = double_divide(X2,double_divide(X0,double_divide(X4,double_divide(X5,double_divide(X5,X0))))) [forward demodulation 2434,612]
2581. double_divide(X4,X2) = double_divide(X2,double_divide(X0,double_divide(X4,X0))) [forward demodulation 2518,427]
2635. double_divide(X4,X2) = double_divide(X2,X4) [forward demodulation 2581,621]
2943. inverse(double_divide(b,a)) != inverse(double_divide(b,a)) [superposition 2,2635]
2944. $false [trivial inequality removal 2943]
% SZS output end Proof for GRP612-1_clausified
% ------------------------------
% Version: Vampire 5.0.0 (Release build, commit 2e2c9b7b8 on 2026-01-17 12:24:14 +0100)
% Linked with Z3 4.14.0.0 3c47fd96cf5645d0c42b2c819d9e9a84380aa721 z3-4.8.4-9178-g3c47fd96c
% CaDiCaL version: 2.1.3
% Termination reason: Refutation
% Time elapsed: 0.054 s
% Peak memory usage: 61 MB
% Instructions burned: 140 (million)
% ------------------------------
% ------------------------------
