% Running in auto input_syntax mode. Trying TPTP
% Refutation found. Thanks to Tanya!
% SZS status Unsatisfiable for GRP769-1
% SZS output start Proof for GRP769-1
1. product(X0,one) = X0 [input(axiom)]
2. product(one,X0) = X0 [input(axiom)]
3. product(X0,difference(X0,X1)) = X1 [input(axiom)]
4. difference(X0,product(X0,X1)) = X1 [input(axiom)]
5. quotient(product(X0,X1),X1) = X0 [input(axiom)]
6. product(quotient(X0,X1),X1) = X0 [input(axiom)]
7. difference(X0,product(product(X0,X1),X2)) = quotient(product(X1,product(X2,X0)),X0) [input(axiom)]
8. difference(product(X0,X1),product(X0,product(X1,X2))) = quotient(quotient(product(X2,product(X0,X1)),X1),X0) [input(axiom)]
9. i(X0) = difference(X0,one) [input(axiom)]
10. j(X0) = quotient(one,X0) [input(axiom)]
11. product(i(X0),X0) = product(X0,j(X0)) [input(axiom)]
12. eta(X0) = product(i(X0),X0) [input(axiom)]
13. product(i(X0),X0) = eta(X0) [reorient equations 12]
14. product(i(i(X0)),X1) = product(eta(X0),product(X0,X1)) [input(axiom)]
17. product(eta(X0),product(X1,X2)) = product(product(eta(X0),X1),X2) [input(axiom)]
22. product(i(product(X0,X1)),i(i(X0))) = i(X1) [input(axiom)]
23. product(j(j(X0)),j(product(X1,X0))) = j(X1) [input(axiom)]
24. product(X0,i(product(X1,X0))) = i(X1) [input(axiom)]
25. i(X1) = product(X0,i(product(X1,X0))) [reorient equations 24]
26. product(j(product(X0,X1)),X0) = j(X1) [input(axiom)]
27. j(X1) = product(j(product(X0,X1)),X0) [reorient equations 26]
28. product(product(x0,x1),x2) != product(product(x0,x2),difference(x2,product(x1,x2))) [input(negated conjecture)]
29. eta(X0) = product(difference(X0,one),X0) [definition unfolding 13,9]
30. product(difference(X0,one),X0) = product(X0,quotient(one,X0)) [definition unfolding 11,9,10]
31. product(difference(difference(X0,one),one),X1) = product(product(difference(X0,one),X0),product(X0,X1)) [definition unfolding 14,9,9,29]
34. product(product(difference(X0,one),X0),product(X1,X2)) = product(product(product(difference(X0,one),X0),X1),X2) [definition unfolding 17,29,29]
38. product(difference(product(X0,X1),one),difference(difference(X0,one),one)) = difference(X1,one) [definition unfolding 22,9,9,9,9]
39. product(quotient(one,quotient(one,X0)),quotient(one,product(X1,X0))) = quotient(one,X1) [definition unfolding 23,10,10,10,10]
40. difference(X1,one) = product(X0,difference(product(X1,X0),one)) [definition unfolding 25,9,9]
41. quotient(one,X1) = product(quotient(one,product(X0,X1)),X0) [definition unfolding 27,10,10]
43. difference(one,X0) = X0 [superposition 2,3]
45. one = difference(X0,X0) [superposition 4,1]
51. quotient(X0,difference(X1,X0)) = X1 [superposition 5,3]
52. one = quotient(X0,X0) [superposition 5,2]
57. difference(quotient(X0,X1),X0) = X1 [superposition 4,6]
83. difference(quotient(X0,X1),one) = product(X1,difference(X0,one)) [superposition 40,6]
97. product(X0,quotient(one,X0)) = product(quotient(one,X0),quotient(one,quotient(one,X0))) [superposition 30,57]
99. quotient(one,difference(X1,X0)) = product(quotient(one,X0),X1) [superposition 41,3]
103. quotient(one,X1) = product(quotient(one,X0),quotient(X0,X1)) [superposition 41,6]
107. quotient(one,product(X1,X0)) = quotient(quotient(one,X0),X1) [superposition 5,41]
224. difference(difference(X1,X0),one) = product(difference(X0,one),difference(difference(X1,one),one)) [superposition 38,3]
319. quotient(one,quotient(X0,X1)) = product(quotient(one,quotient(one,X1)),quotient(one,X0)) [superposition 39,6]
328. quotient(one,quotient(one,product(X0,X1))) = product(quotient(one,quotient(one,X0)),quotient(one,quotient(one,X1))) [superposition 41,39]
389. product(difference(difference(X0,one),one),X1) = product(product(X0,quotient(one,X0)),product(X0,X1)) [superposition 31,30]
402. product(difference(difference(quotient(one,quotient(one,X1)),one),one),quotient(one,product(X0,X1))) = product(product(difference(quotient(one,quotient(one,X1)),one),quotient(one,quotient(one,X1))),quotient(one,X0)) [superposition 31,39]
419. product(difference(difference(quotient(one,quotient(one,X1)),one),one),quotient(one,product(X0,X1))) = product(product(quotient(one,quotient(one,X1)),quotient(one,quotient(one,quotient(one,X1)))),quotient(one,X0)) [forward demodulation 402,30]
439. product(difference(difference(quotient(one,quotient(one,X1)),one),one),quotient(one,product(X0,X1))) = product(quotient(one,quotient(one,product(X1,quotient(one,X1)))),quotient(one,X0)) [forward demodulation 419,328]
454. product(difference(difference(quotient(one,quotient(one,X1)),one),one),quotient(one,product(X0,X1))) = quotient(one,quotient(X0,product(X1,quotient(one,X1)))) [forward demodulation 439,319]
465. quotient(one,quotient(X0,product(X1,quotient(one,X1)))) = product(difference(quotient(one,X1),one),quotient(one,product(X0,X1))) [forward demodulation 454,57]
472. quotient(one,quotient(X0,product(X1,quotient(one,X1)))) = product(X1,quotient(one,product(X0,X1))) [forward demodulation 465,57]
622. quotient(X1,X0) = quotient(one,product(X0,difference(X1,one))) [superposition 51,83]
643. difference(product(difference(difference(X0,one),one),X1),product(product(difference(X0,one),X0),product(product(X0,X1),X2))) = quotient(quotient(product(X2,product(difference(difference(X0,one),one),X1)),product(X0,X1)),product(difference(X0,one),X0)) [superposition 8,31]
659. difference(product(X2,X0),product(X2,product(X0,X1))) = quotient(difference(X0,product(product(X0,X1),X2)),X2) [superposition 8,7]
681. difference(product(difference(difference(X0,one),one),X1),product(product(X0,quotient(one,X0)),product(product(X0,X1),X2))) = quotient(quotient(product(X2,product(difference(difference(X0,one),one),X1)),product(X0,X1)),product(X0,quotient(one,X0))) [forward demodulation 643,30]
943. product(product(difference(X0,one),X0),product(product(X0,X1),X2)) = product(product(difference(difference(X0,one),one),X1),X2) [superposition 34,31]
1001. product(product(X0,quotient(one,X0)),product(product(X0,X1),X2)) = product(product(difference(difference(X0,one),one),X1),X2) [forward demodulation 943,30]
1701. quotient(one,X1) = product(X0,quotient(difference(X0,one),X1)) [superposition 103,51]
1720. quotient(X1,X0) = difference(quotient(one,X1),quotient(one,X0)) [superposition 4,103]
1724. product(difference(difference(quotient(one,X1),one),one),quotient(X1,X0)) = product(product(difference(quotient(one,X1),one),quotient(one,X1)),quotient(one,X0)) [superposition 31,103]
1736. product(difference(difference(quotient(one,X1),one),one),quotient(X1,X0)) = product(product(quotient(one,X1),quotient(one,quotient(one,X1))),quotient(one,X0)) [forward demodulation 1724,30]
1753. product(difference(difference(quotient(one,X1),one),one),quotient(X1,X0)) = product(product(X1,quotient(one,X1)),quotient(one,X0)) [forward demodulation 1736,97]
1763. product(product(X1,quotient(one,X1)),quotient(one,X0)) = product(difference(X1,one),quotient(X1,X0)) [forward demodulation 1753,57]
2275. quotient(X2,product(product(difference(X0,one),X0),X1)) = quotient(one,product(product(difference(X0,one),X0),product(X1,difference(X2,one)))) [superposition 622,34]
2295. quotient(one,product(X2,product(X1,difference(X0,one)))) = quotient(quotient(X0,X1),X2) [superposition 107,622]
2327. quotient(X2,product(product(difference(X0,one),X0),X1)) = quotient(quotient(X2,X1),product(difference(X0,one),X0)) [forward demodulation 2275,2295]
2344. quotient(X2,product(product(X0,quotient(one,X0)),X1)) = quotient(quotient(X2,X1),product(X0,quotient(one,X0))) [forward demodulation 2327,30]
3608. quotient(X2,difference(X1,X0)) = difference(quotient(one,X2),product(quotient(one,X0),X1)) [superposition 1720,99]
3610. quotient(X2,product(X1,difference(X0,one))) = difference(quotient(one,X2),quotient(X0,X1)) [superposition 1720,622]
4471. difference(difference(quotient(one,X0),X1),one) = product(difference(X1,one),difference(X0,one)) [superposition 224,57]
5206. quotient(one,quotient(difference(X1,X0),X2)) = product(quotient(one,quotient(one,X2)),product(quotient(one,X0),X1)) [superposition 319,99]
6179. product(difference(difference(quotient(one,X1),one),one),quotient(X1,X0)) = product(product(quotient(one,X1),quotient(one,quotient(one,X1))),quotient(one,X0)) [superposition 389,103]
6245. product(difference(difference(quotient(one,X1),one),one),quotient(X1,X0)) = product(difference(quotient(one,X1),one),quotient(quotient(one,X1),X0)) [forward demodulation 6179,1763]
6317. product(difference(quotient(one,X1),one),quotient(one,product(X0,X1))) = product(difference(difference(quotient(one,X1),one),one),quotient(X1,X0)) [forward demodulation 6245,107]
6376. product(difference(quotient(one,X1),one),quotient(one,product(X0,X1))) = product(product(difference(one,one),difference(X1,one)),quotient(X1,X0)) [forward demodulation 6317,4471]
6427. product(difference(quotient(one,X1),one),quotient(one,product(X0,X1))) = product(product(one,difference(X1,one)),quotient(X1,X0)) [forward demodulation 6376,45]
6462. product(difference(quotient(one,X1),one),quotient(one,product(X0,X1))) = product(difference(X1,one),quotient(X1,X0)) [forward demodulation 6427,2]
6490. product(X1,quotient(one,product(X0,X1))) = product(difference(X1,one),quotient(X1,X0)) [forward demodulation 6462,57]
21306. difference(product(X1,quotient(one,X2)),product(X1,quotient(one,X0))) = quotient(difference(quotient(one,X2),product(quotient(one,X0),X1)),X1) [superposition 659,103]
21400. quotient(quotient(X2,difference(X1,X0)),X1) = difference(product(X1,quotient(one,X2)),product(X1,quotient(one,X0))) [forward demodulation 21306,3608]
37750. product(product(difference(difference(quotient(one,X1),one),one),quotient(X1,X0)),X2) = product(product(quotient(one,X1),quotient(one,quotient(one,X1))),product(quotient(one,X0),X2)) [superposition 1001,103]
37752. product(product(difference(difference(quotient(one,quotient(one,X1)),one),one),quotient(one,product(X0,X1))),X2) = product(product(quotient(one,quotient(one,X1)),quotient(one,quotient(one,quotient(one,X1)))),product(quotient(one,X0),X2)) [superposition 1001,39]
37974. product(product(difference(difference(quotient(one,quotient(one,X1)),one),one),quotient(one,product(X0,X1))),X2) = product(quotient(one,quotient(one,product(X1,quotient(one,X1)))),product(quotient(one,X0),X2)) [forward demodulation 37752,328]
37976. product(product(X1,quotient(one,X1)),product(quotient(one,X0),X2)) = product(product(difference(difference(quotient(one,X1),one),one),quotient(X1,X0)),X2) [forward demodulation 37750,97]
38155. product(product(difference(difference(quotient(one,quotient(one,X1)),one),one),quotient(one,product(X0,X1))),X2) = quotient(one,quotient(difference(X2,X0),product(X1,quotient(one,X1)))) [forward demodulation 37974,5206]
38157. product(product(X1,quotient(one,X1)),product(quotient(one,X0),X2)) = product(product(product(difference(one,one),difference(X1,one)),quotient(X1,X0)),X2) [forward demodulation 37976,4471]
38309. product(product(difference(difference(quotient(one,quotient(one,X1)),one),one),quotient(one,product(X0,X1))),X2) = product(X1,quotient(one,product(difference(X2,X0),X1))) [forward demodulation 38155,472]
38311. product(product(X1,quotient(one,X1)),product(quotient(one,X0),X2)) = product(product(product(one,difference(X1,one)),quotient(X1,X0)),X2) [forward demodulation 38157,45]
38442. product(X1,quotient(one,product(difference(X2,X0),X1))) = product(product(product(difference(one,one),difference(quotient(one,X1),one)),quotient(one,product(X0,X1))),X2) [forward demodulation 38309,4471]
38444. product(product(X1,quotient(one,X1)),product(quotient(one,X0),X2)) = product(product(difference(X1,one),quotient(X1,X0)),X2) [forward demodulation 38311,2]
38550. product(X1,quotient(one,product(difference(X2,X0),X1))) = product(product(product(difference(one,one),X1),quotient(one,product(X0,X1))),X2) [forward demodulation 38442,57]
38552. product(product(X1,quotient(one,X1)),product(quotient(one,X0),X2)) = product(product(X1,quotient(one,product(X0,X1))),X2) [forward demodulation 38444,6490]
38644. product(X1,quotient(one,product(difference(X2,X0),X1))) = product(product(product(one,X1),quotient(one,product(X0,X1))),X2) [forward demodulation 38550,45]
38720. product(X1,quotient(one,product(difference(X2,X0),X1))) = product(product(X1,quotient(one,product(X0,X1))),X2) [forward demodulation 38644,2]
107362. difference(product(difference(difference(X1,one),one),quotient(difference(X1,one),X0)),product(product(X1,quotient(one,X1)),product(quotient(one,X0),X2))) = quotient(quotient(product(X2,product(difference(difference(X1,one),one),quotient(difference(X1,one),X0))),quotient(one,X0)),product(X1,quotient(one,X1))) [superposition 681,1701]
107641. difference(product(difference(difference(X1,one),one),quotient(difference(X1,one),X0)),product(product(X1,quotient(one,X1)),product(quotient(one,X0),X2))) = quotient(product(X2,product(difference(difference(X1,one),one),quotient(difference(X1,one),X0))),product(product(X1,quotient(one,X1)),quotient(one,X0))) [forward demodulation 107362,2344]
107893. difference(product(difference(difference(X1,one),one),quotient(difference(X1,one),X0)),product(product(X1,quotient(one,X1)),product(quotient(one,X0),X2))) = quotient(product(X2,product(difference(difference(X1,one),one),quotient(difference(X1,one),X0))),product(difference(X1,one),quotient(X1,X0))) [forward demodulation 107641,1763]
108144. difference(product(difference(difference(X1,one),one),quotient(difference(X1,one),X0)),product(product(X1,quotient(one,X1)),product(quotient(one,X0),X2))) = quotient(product(X2,product(difference(difference(X1,one),one),quotient(difference(X1,one),X0))),product(X1,quotient(one,product(X0,X1)))) [forward demodulation 107893,6490]
108392. difference(product(difference(X1,one),quotient(one,product(X0,difference(X1,one)))),product(product(X1,quotient(one,X1)),product(quotient(one,X0),X2))) = quotient(product(X2,product(difference(X1,one),quotient(one,product(X0,difference(X1,one))))),product(X1,quotient(one,product(X0,X1)))) [forward demodulation 108144,6490]
108634. difference(product(difference(X1,one),difference(quotient(one,one),quotient(X1,X0))),product(product(X1,quotient(one,X1)),product(quotient(one,X0),X2))) = quotient(product(X2,product(difference(X1,one),difference(quotient(one,one),quotient(X1,X0)))),product(X1,quotient(one,product(X0,X1)))) [forward demodulation 108392,3610]
108859. difference(product(difference(X1,one),difference(one,quotient(X1,X0))),product(product(X1,quotient(one,X1)),product(quotient(one,X0),X2))) = quotient(product(X2,product(difference(X1,one),difference(one,quotient(X1,X0)))),product(X1,quotient(one,product(X0,X1)))) [forward demodulation 108634,52]
109073. quotient(product(X2,product(difference(X1,one),quotient(X1,X0))),product(X1,quotient(one,product(X0,X1)))) = difference(product(difference(X1,one),quotient(X1,X0)),product(product(X1,quotient(one,X1)),product(quotient(one,X0),X2))) [forward demodulation 108859,43]
109251. quotient(product(X2,product(difference(X1,one),quotient(X1,X0))),product(X1,quotient(one,product(X0,X1)))) = difference(product(difference(X1,one),quotient(X1,X0)),product(product(X1,quotient(one,product(X0,X1))),X2)) [forward demodulation 109073,38552]
109416. quotient(product(X2,product(difference(X1,one),quotient(X1,X0))),product(X1,quotient(one,product(X0,X1)))) = difference(product(difference(X1,one),quotient(X1,X0)),product(X1,quotient(one,product(difference(X2,X0),X1)))) [forward demodulation 109251,38720]
109567. quotient(product(X2,product(X1,quotient(one,product(X0,X1)))),product(X1,quotient(one,product(X0,X1)))) = difference(product(X1,quotient(one,product(X0,X1))),product(X1,quotient(one,product(difference(X2,X0),X1)))) [forward demodulation 109416,6490]
109703. quotient(product(X2,product(X1,quotient(one,product(X0,X1)))),product(X1,quotient(one,product(X0,X1)))) = quotient(quotient(product(X0,X1),difference(X1,product(difference(X2,X0),X1))),X1) [forward demodulation 109567,21400]
109829. quotient(quotient(product(X0,X1),difference(X1,product(difference(X2,X0),X1))),X1) = X2 [forward demodulation 109703,5]
394317. product(X0,X2) = quotient(product(X1,X2),difference(X2,product(difference(X0,X1),X2))) [superposition 6,109829]
460077. product(X2,X1) = product(product(X0,X1),difference(X1,product(difference(X0,X2),X1))) [superposition 6,394317]
512863. product(product(X1,X0),X2) = product(product(X1,X2),difference(X2,product(X0,X2))) [superposition 460077,4]
608704. product(product(x0,x1),x2) != product(product(x0,x1),x2) [superposition 28,512863]
608750. $false [trivial inequality removal 608704]
% SZS output end Proof for GRP769-1
% ------------------------------
% Version: Vampire 5.0.0 (Release build, commit 2e2c9b7b8 on 2026-01-17 12:24:14 +0100)
% Linked with Z3 4.14.0.0 3c47fd96cf5645d0c42b2c819d9e9a84380aa721 z3-4.8.4-9178-g3c47fd96c
% CaDiCaL version: 2.1.3
% Termination reason: Refutation
% Time elapsed: 11.256 s
% Peak memory usage: 238 MB
% Instructions burned: 34601 (million)
% ------------------------------
% ------------------------------
