% Running in auto input_syntax mode. Trying TPTP
% Refutation found. Thanks to Tanya!
% SZS status Unsatisfiable for GRP701-1
% SZS output start Proof for GRP701-1
1. mult(X0,ld(X0,X1)) = X1 [input(axiom)]
2. ld(X0,mult(X0,X1)) = X1 [input(axiom)]
3. mult(rd(X0,X1),X1) = X0 [input(axiom)]
4. rd(mult(X0,X1),X1) = X0 [input(axiom)]
5. mult(X0,unit) = X0 [input(axiom)]
6. mult(unit,X0) = X0 [input(axiom)]
7. mult(mult(mult(X0,X1),X0),mult(X0,X2)) = mult(X0,mult(mult(mult(X1,X0),X0),X2)) [input(axiom)]
8. mult(mult(X0,X1),mult(X1,mult(X2,X1))) = mult(mult(X0,mult(X1,mult(X1,X2))),X1) [input(axiom)]
9. unit = mult(X0,i(X0)) [input(axiom)]
10. unit = mult(i(X0),X0) [input(axiom)]
11. mult(a,i(mult(b,a))) != i(b) [input(negated conjecture)]
22. i(X0) = ld(X0,unit) [superposition 2,9]
24. ld(i(X0),unit) = X0 [superposition 2,10]
29. ld(rd(X0,X1),X0) = X1 [superposition 2,3]
33. rd(unit,i(X0)) = X0 [superposition 4,9]
34. rd(X0,ld(X1,X0)) = X1 [superposition 4,1]
35. unit = rd(X0,X0) [superposition 4,6]
45. mult(X0,mult(mult(mult(unit,X0),X0),X1)) = mult(mult(X0,X0),mult(X0,X1)) [superposition 7,5]
54. mult(X0,mult(mult(mult(X1,X0),X0),unit)) = mult(mult(mult(X0,X1),X0),X0) [superposition 7,5]
55. mult(X0,mult(mult(mult(X1,X0),X0),i(X0))) = mult(mult(mult(X0,X1),X0),unit) [superposition 7,9]
56. mult(X1,mult(mult(mult(X2,X1),X1),ld(X1,X0))) = mult(mult(mult(X1,X2),X1),X0) [superposition 7,1]
60. mult(i(X0),mult(mult(mult(X1,i(X0)),i(X0)),X0)) = mult(mult(mult(i(X0),X1),i(X0)),unit) [superposition 7,10]
61. mult(mult(X0,X1),X0) = rd(mult(X0,mult(mult(mult(X1,X0),X0),X2)),mult(X0,X2)) [superposition 4,7]
62. mult(X0,X2) = ld(mult(mult(X0,X1),X0),mult(X0,mult(mult(mult(X1,X0),X0),X2))) [superposition 2,7]
63. mult(mult(X0,X0),mult(X0,X1)) = mult(X0,mult(mult(X0,X0),X1)) [forward demodulation 45,6]
75. mult(mult(mult(X0,X1),X0),X0) = mult(X0,mult(mult(X1,X0),X0)) [forward demodulation 54,5]
76. mult(mult(X0,X1),X0) = mult(X0,mult(mult(mult(X1,X0),X0),i(X0))) [forward demodulation 55,5]
81. mult(mult(i(X0),X1),i(X0)) = mult(i(X0),mult(mult(mult(X1,i(X0)),i(X0)),X0)) [forward demodulation 60,5]
83. i(i(X0)) = X0 [superposition 24,22]
86. mult(mult(X1,X0),mult(X0,mult(unit,X0))) = mult(mult(X1,mult(X0,X0)),X0) [superposition 8,5]
88. mult(mult(X1,X2),mult(X2,mult(ld(X2,X0),X2))) = mult(mult(X1,mult(X2,X0)),X2) [superposition 8,1]
97. mult(X0,X1) = mult(mult(rd(X0,mult(X1,mult(X1,X2))),X1),mult(X1,mult(X2,X1))) [superposition 8,3]
98. mult(mult(unit,X0),mult(X0,mult(X1,X0))) = mult(mult(X0,mult(X0,X1)),X0) [superposition 8,6]
99. mult(unit,X0) = mult(mult(i(mult(X0,mult(X0,X1))),X0),mult(X0,mult(X1,X0))) [superposition 8,10]
104. mult(X0,mult(X1,mult(X1,X2))) = rd(mult(mult(X0,X1),mult(X1,mult(X2,X1))),X1) [superposition 4,8]
107. mult(mult(X1,mult(X0,X0)),X0) = mult(mult(X1,X0),mult(X0,X0)) [forward demodulation 86,6]
122. mult(mult(X0,mult(X0,X1)),X0) = mult(X0,mult(X0,mult(X1,X0))) [forward demodulation 98,6]
123. mult(mult(i(mult(X0,mult(X0,X1))),X0),mult(X0,mult(X1,X0))) = X0 [forward demodulation 99,6]
170. mult(mult(X0,X0),X0) = mult(X0,mult(mult(X0,X0),unit)) [superposition 63,5]
171. mult(mult(X0,X0),unit) = mult(X0,mult(mult(X0,X0),i(X0))) [superposition 63,9]
172. mult(X1,mult(mult(X1,X1),ld(X1,X0))) = mult(mult(X1,X1),X0) [superposition 63,1]
176. mult(rd(X0,X1),mult(mult(rd(X0,X1),rd(X0,X1)),X1)) = mult(mult(rd(X0,X1),rd(X0,X1)),X0) [superposition 63,3]
184. mult(X0,X1) = ld(mult(X0,X0),mult(X0,mult(mult(X0,X0),X1))) [superposition 2,63]
185. mult(mult(X0,X0),X0) = mult(X0,mult(X0,X0)) [forward demodulation 170,5]
187. mult(X0,X0) = mult(X0,mult(mult(X0,X0),i(X0))) [forward demodulation 171,5]
236. mult(mult(X0,X1),X1) = mult(X1,mult(mult(ld(X1,X0),X1),X1)) [superposition 75,1]
251. mult(mult(X0,X1),X0) = rd(mult(X0,mult(mult(X1,X0),X0)),X0) [superposition 4,75]
302. mult(X0,X1) = mult(mult(rd(X0,mult(X1,X1)),X1),mult(X1,X1)) [superposition 107,3]
304. mult(unit,X0) = mult(mult(i(mult(X0,X0)),X0),mult(X0,X0)) [superposition 107,10]
309. mult(X0,mult(X1,X1)) = rd(mult(mult(X0,X1),mult(X1,X1)),X1) [superposition 4,107]
341. mult(mult(i(mult(X0,X0)),X0),mult(X0,X0)) = X0 [forward demodulation 304,6]
367. mult(mult(X1,X0),X1) = mult(X1,mult(X1,mult(ld(X1,X0),X1))) [superposition 122,1]
380. mult(mult(X0,X0),mult(X0,X0)) = mult(X0,mult(X0,mult(X0,X0))) [superposition 122,107]
387. mult(X0,mult(X0,X1)) = rd(mult(X0,mult(X0,mult(X1,X0))),X0) [superposition 4,122]
435. mult(mult(X0,X0),i(X0)) = ld(X0,mult(X0,X0)) [superposition 2,187]
449. mult(mult(X0,X0),i(X0)) = X0 [forward demodulation 435,2]
469. mult(mult(X1,rd(X0,X1)),X1) = mult(X1,mult(mult(X0,X1),i(X1))) [superposition 76,3]
478. mult(mult(mult(X1,X0),X0),i(X0)) = ld(X0,mult(mult(X0,X1),X0)) [superposition 2,76]
534. mult(X0,X0) = rd(X0,i(X0)) [superposition 4,449]
559. mult(mult(i(mult(X1,X0)),X1),mult(X1,mult(ld(X1,X0),X1))) = X1 [superposition 123,1]
596. mult(i(mult(X0,mult(X0,X1))),X0) = rd(X0,mult(X0,mult(X1,X0))) [superposition 4,123]
779. mult(i(X0),i(X0)) = rd(i(X0),X0) [superposition 534,83]
802. mult(mult(mult(X1,rd(X0,X1)),X1),X2) = mult(X1,mult(mult(X0,X1),ld(X1,X2))) [superposition 56,3]
885. mult(rd(i(X0),X0),mult(i(X0),X1)) = mult(i(X0),mult(rd(i(X0),X0),X1)) [superposition 63,779]
887. mult(rd(i(X0),X0),i(X0)) = mult(i(X0),rd(i(X0),X0)) [superposition 185,779]
892. i(X0) = ld(i(X0),rd(i(X0),X0)) [superposition 2,779]
918. mult(mult(i(X0),mult(X0,X0)),i(X0)) = rd(mult(i(X0),mult(mult(X0,i(X0)),X1)),mult(i(X0),X1)) [superposition 61,449]
919. mult(mult(X1,rd(X0,X1)),X1) = rd(mult(X1,mult(mult(X0,X1),X2)),mult(X1,X2)) [superposition 61,3]
964. mult(mult(i(X0),mult(X0,X0)),i(X0)) = rd(mult(i(X0),mult(unit,X1)),mult(i(X0),X1)) [forward demodulation 918,9]
965. mult(mult(i(X0),mult(X0,X0)),i(X0)) = rd(mult(i(X0),X1),mult(i(X0),X1)) [forward demodulation 964,6]
966. unit = mult(mult(i(X0),mult(X0,X0)),i(X0)) [forward demodulation 965,35]
1046. mult(X1,X2) = ld(mult(mult(X1,rd(X0,X1)),X1),mult(X1,mult(mult(X0,X1),X2))) [superposition 62,3]
1059. mult(X0,i(mult(mult(X1,X0),X0))) = ld(mult(mult(X0,X1),X0),mult(X0,unit)) [superposition 62,9]
1133. mult(X0,i(mult(mult(X1,X0),X0))) = ld(mult(mult(X0,X1),X0),X0) [forward demodulation 1059,5]
1164. mult(mult(i(X0),mult(X0,X1)),X0) = mult(unit,mult(X0,mult(ld(X0,X1),X0))) [superposition 88,10]
1165. mult(mult(i(X0),mult(i(X0),X1)),i(X0)) = mult(rd(i(X0),X0),mult(i(X0),mult(ld(i(X0),X1),i(X0)))) [superposition 88,779]
1188. mult(X0,X1) = rd(mult(mult(X0,mult(X1,X2)),X1),mult(X1,mult(ld(X1,X2),X1))) [superposition 4,88]
1206. mult(X0,mult(ld(X0,X1),X0)) = mult(mult(i(X0),mult(X0,X1)),X0) [forward demodulation 1164,6]
1207. mult(rd(i(X0),X0),mult(i(X0),mult(ld(i(X0),X1),i(X0)))) = mult(i(X0),mult(i(X0),mult(X1,i(X0)))) [forward demodulation 1165,122]
1256. rd(unit,i(X0)) = mult(i(X0),mult(X0,X0)) [superposition 4,966]
1286. mult(i(X0),mult(X0,X0)) = X0 [forward demodulation 1256,33]
1463. mult(X0,X0) = ld(i(X0),X0) [superposition 2,1286]
1464. i(X0) = rd(X0,mult(X0,X0)) [superposition 4,1286]
1474. mult(mult(i(X0),mult(mult(X0,X0),X1)),mult(X0,X0)) = mult(X0,mult(mult(X0,X0),mult(ld(mult(X0,X0),X1),mult(X0,X0)))) [superposition 88,1286]
1515. mult(X0,mult(i(X0),mult(i(X0),X1))) = rd(mult(unit,mult(i(X0),mult(X1,i(X0)))),i(X0)) [superposition 104,9]
1525. mult(mult(X0,X0),mult(i(X0),mult(i(X0),X1))) = rd(mult(X0,mult(i(X0),mult(X1,i(X0)))),i(X0)) [superposition 104,449]
1528. mult(i(X0),mult(X0,mult(X0,X1))) = rd(mult(unit,mult(X0,mult(X1,X0))),X0) [superposition 104,10]
1566. mult(X0,mult(i(X0),mult(i(X0),X1))) = rd(mult(i(X0),mult(X1,i(X0))),i(X0)) [forward demodulation 1515,6]
1572. mult(i(X0),mult(X0,mult(X0,X1))) = rd(mult(X0,mult(X1,X0)),X0) [forward demodulation 1528,6]
1614. mult(i(X0),i(X0)) = ld(X0,i(X0)) [superposition 1463,83]
1623. rd(i(X0),X0) = ld(X0,i(X0)) [backward demodulation 779,1614]
1624. mult(ld(X0,i(X0)),mult(i(X0),X1)) = mult(i(X0),mult(ld(X0,i(X0)),X1)) [backward demodulation 885,1623]
1626. mult(ld(X0,i(X0)),i(X0)) = mult(i(X0),ld(X0,i(X0))) [backward demodulation 887,1623]
1629. i(X0) = ld(i(X0),ld(X0,i(X0))) [backward demodulation 892,1623]
1638. mult(i(X0),mult(i(X0),mult(X1,i(X0)))) = mult(ld(X0,i(X0)),mult(i(X0),mult(ld(i(X0),X1),i(X0)))) [backward demodulation 1207,1623]
1836. mult(mult(mult(X1,i(X0)),i(X0)),X0) = ld(i(X0),mult(mult(i(X0),X1),i(X0))) [superposition 2,81]
3132. mult(i(mult(X0,X0)),X0) = rd(X0,mult(X0,X0)) [superposition 4,341]
3160. i(X0) = mult(i(mult(X0,X0)),X0) [forward demodulation 3132,1464]
3552. ld(i(mult(X0,X0)),i(X0)) = X0 [superposition 2,3160]
3553. i(mult(X0,X0)) = rd(i(X0),X0) [superposition 4,3160]
3592. i(mult(X0,X0)) = ld(X0,i(X0)) [backward demodulation 1623,3553]
3593. mult(i(X0),i(X0)) = i(mult(X0,X0)) [backward demodulation 1614,3592]
3594. mult(i(mult(X0,X0)),mult(i(X0),X1)) = mult(i(X0),mult(i(mult(X0,X0)),X1)) [backward demodulation 1624,3592]
3596. mult(i(mult(X0,X0)),i(X0)) = mult(i(X0),i(mult(X0,X0))) [backward demodulation 1626,3592]
3599. i(X0) = ld(i(X0),i(mult(X0,X0))) [backward demodulation 1629,3592]
3608. mult(i(X0),mult(i(X0),mult(X1,i(X0)))) = mult(i(mult(X0,X0)),mult(i(X0),mult(ld(i(X0),X1),i(X0)))) [backward demodulation 1638,3592]
4623. i(X0) = mult(X0,i(mult(X0,X0))) [superposition 1,3592]
6214. mult(mult(X0,X0),ld(X0,X1)) = ld(X0,mult(mult(X0,X0),X1)) [superposition 2,172]
6700. mult(X1,ld(mult(X1,X1),X0)) = ld(mult(X1,X1),mult(X1,X0)) [superposition 184,1]
6703. mult(X0,i(mult(mult(X0,X0),mult(X0,X0)))) = ld(mult(X0,X0),mult(X0,i(mult(X0,X0)))) [superposition 184,4623]
6735. mult(X0,i(mult(mult(X0,X0),mult(X0,X0)))) = ld(mult(X0,X0),i(X0)) [forward demodulation 6703,4623]
6736. mult(X0,i(mult(X0,mult(mult(X0,X0),X0)))) = ld(mult(X0,X0),i(X0)) [forward demodulation 6735,63]
6737. mult(X0,i(mult(X0,mult(X0,mult(X0,X0))))) = ld(mult(X0,X0),i(X0)) [forward demodulation 6736,185]
6765. mult(mult(ld(X1,X0),X1),X1) = ld(X1,mult(mult(X0,X1),X1)) [superposition 2,236]
7208. mult(mult(i(mult(X0,X0)),X0),i(mult(X0,X0))) = rd(mult(i(mult(X0,X0)),mult(i(X0),i(mult(X0,X0)))),i(mult(X0,X0))) [superposition 251,4623]
7230. mult(mult(X1,rd(X0,X1)),X1) = rd(mult(X1,mult(X0,X1)),X1) [superposition 251,3]
7257. mult(mult(i(mult(X0,X0)),X0),i(mult(X0,X0))) = rd(mult(i(X0),mult(i(mult(X0,X0)),i(mult(X0,X0)))),i(mult(X0,X0))) [forward demodulation 7208,3594]
7258. mult(mult(i(mult(X0,X0)),X0),i(mult(X0,X0))) = rd(mult(i(X0),i(mult(mult(X0,X0),mult(X0,X0)))),i(mult(X0,X0))) [forward demodulation 7257,3593]
7259. mult(mult(i(mult(X0,X0)),X0),i(mult(X0,X0))) = rd(mult(i(X0),i(mult(X0,mult(mult(X0,X0),X0)))),i(mult(X0,X0))) [forward demodulation 7258,63]
7260. mult(mult(i(mult(X0,X0)),X0),i(mult(X0,X0))) = rd(mult(i(X0),i(mult(X0,mult(X0,mult(X0,X0))))),i(mult(X0,X0))) [forward demodulation 7259,185]
7261. mult(i(X0),i(mult(X0,X0))) = rd(mult(i(X0),i(mult(X0,mult(X0,mult(X0,X0))))),i(mult(X0,X0))) [forward demodulation 7260,3160]
7286. mult(mult(X0,rd(X1,X0)),X0) = mult(i(X0),mult(X0,mult(X0,X1))) [backward demodulation 1572,7230]
7573. rd(mult(i(X0),mult(i(mult(X0,X0)),i(mult(X0,X0)))),i(mult(X0,X0))) = mult(X0,mult(i(mult(X0,X0)),i(mult(X0,X0)))) [superposition 309,4623]
7627. mult(X0,i(mult(mult(X0,X0),mult(X0,X0)))) = rd(mult(i(X0),i(mult(mult(X0,X0),mult(X0,X0)))),i(mult(X0,X0))) [forward demodulation 7573,3593]
7628. mult(X0,i(mult(X0,mult(mult(X0,X0),X0)))) = rd(mult(i(X0),i(mult(X0,mult(mult(X0,X0),X0)))),i(mult(X0,X0))) [forward demodulation 7627,63]
7629. mult(X0,i(mult(X0,mult(X0,mult(X0,X0))))) = rd(mult(i(X0),i(mult(X0,mult(X0,mult(X0,X0))))),i(mult(X0,X0))) [forward demodulation 7628,185]
7630. mult(i(X0),i(mult(X0,X0))) = mult(X0,i(mult(X0,mult(X0,mult(X0,X0))))) [forward demodulation 7629,7261]
7631. mult(i(X0),i(mult(X0,X0))) = ld(mult(X0,X0),i(X0)) [forward demodulation 7630,6737]
7632. mult(i(mult(X0,X0)),i(X0)) = ld(mult(X0,X0),i(X0)) [backward demodulation 3596,7631]
7731. mult(i(i(mult(X0,X0))),i(i(X0))) = ld(i(mult(X0,X0)),i(i(X0))) [superposition 7632,3593]
7786. mult(i(i(mult(X0,X0))),X0) = ld(i(mult(X0,X0)),X0) [forward demodulation 7731,83]
7787. mult(mult(X0,X0),X0) = ld(i(mult(X0,X0)),X0) [forward demodulation 7786,83]
7788. mult(X0,mult(X0,X0)) = ld(i(mult(X0,X0)),X0) [forward demodulation 7787,185]
7995. mult(mult(X2,X0),mult(X0,mult(mult(ld(X0,X1),X0),X0))) = mult(mult(X2,mult(mult(X0,X1),X0)),X0) [superposition 8,367]
8003. mult(X0,mult(ld(X0,X1),X0)) = ld(X0,mult(mult(X0,X1),X0)) [superposition 2,367]
8115. mult(mult(X2,mult(mult(X0,X1),X0)),X0) = mult(mult(X2,X0),mult(X0,ld(X0,mult(mult(X1,X0),X0)))) [forward demodulation 7995,6765]
8116. mult(mult(X2,mult(mult(X0,X1),X0)),X0) = mult(mult(X2,X0),mult(mult(X1,X0),X0)) [forward demodulation 8115,1]
8159. mult(mult(X1,mult(X2,X0)),X2) = mult(mult(X1,X2),ld(X2,mult(mult(X2,X0),X2))) [backward demodulation 88,8003]
8161. mult(mult(i(mult(X1,X0)),X1),ld(X1,mult(mult(X1,X0),X1))) = X1 [backward demodulation 559,8003]
8168. mult(X0,X1) = rd(mult(mult(X0,mult(X1,X2)),X1),ld(X1,mult(mult(X1,X2),X1))) [backward demodulation 1188,8003]
8177. ld(X0,mult(mult(X0,X1),X0)) = mult(mult(i(X0),mult(X0,X1)),X0) [backward demodulation 1206,8003]
8222. mult(mult(i(X0),mult(mult(X0,X0),X1)),mult(X0,X0)) = mult(X0,ld(mult(X0,X0),mult(mult(mult(X0,X0),X1),mult(X0,X0)))) [backward demodulation 1474,8003]
8244. mult(i(X0),mult(i(X0),mult(X1,i(X0)))) = mult(i(mult(X0,X0)),ld(i(X0),mult(mult(i(X0),X1),i(X0)))) [backward demodulation 3608,8003]
8253. mult(i(X0),mult(i(X0),mult(X1,i(X0)))) = mult(i(mult(X0,X0)),mult(mult(mult(X1,i(X0)),i(X0)),X0)) [forward demodulation 8244,1836]
8412. i(mult(X0,X0)) = rd(X0,mult(X0,mult(X0,X0))) [superposition 34,7788]
8413. mult(i(mult(X0,X0)),mult(X0,mult(X0,X0))) = X0 [superposition 1,7788]
8460. mult(mult(X1,X0),X2) = mult(mult(X1,X2),ld(X2,mult(X0,X2))) [superposition 8159,1]
8699. mult(X0,X0) = mult(mult(i(mult(X0,X0)),X0),mult(X0,mult(X0,X0))) [superposition 97,8412]
8712. mult(X0,X0) = mult(i(X0),mult(X0,mult(X0,X0))) [forward demodulation 8699,3160]
9553. mult(i(X0),mult(mult(mult(mult(X0,mult(X0,X0)),i(X0)),i(X0)),X1)) = mult(mult(mult(X0,X0),i(X0)),mult(i(X0),X1)) [superposition 7,8712]
9573. mult(X1,i(X0)) = mult(mult(rd(X1,mult(i(X0),mult(X0,X0))),i(X0)),mult(i(X0),mult(mult(X0,mult(X0,X0)),i(X0)))) [superposition 97,8712]
9644. mult(X0,mult(i(X0),X1)) = mult(i(X0),mult(mult(mult(mult(X0,mult(X0,X0)),i(X0)),i(X0)),X1)) [forward demodulation 9553,449]
9690. mult(X1,i(X0)) = mult(mult(rd(X1,X0),i(X0)),mult(i(X0),mult(mult(X0,mult(X0,X0)),i(X0)))) [forward demodulation 9573,1286]
10806. mult(mult(X0,X1),i(mult(X0,X0))) = mult(i(X0),ld(i(mult(X0,X0)),mult(X1,i(mult(X0,X0))))) [superposition 8460,4623]
10818. mult(mult(mult(X0,X0),X1),mult(X0,X0)) = mult(mult(X0,mult(X0,mult(X0,X0))),ld(mult(X0,X0),mult(X1,mult(X0,X0)))) [superposition 8460,380]
10831. mult(mult(rd(X0,X1),X2),X1) = mult(X0,ld(X1,mult(X2,X1))) [superposition 8460,3]
10835. mult(mult(i(X0),X1),X0) = mult(unit,ld(X0,mult(X1,X0))) [superposition 8460,10]
10839. mult(mult(i(X0),X1),i(X0)) = mult(i(mult(X0,X0)),ld(i(X0),mult(X1,i(X0)))) [superposition 8460,3593]
10844. mult(mult(X0,X1),i(X1)) = mult(mult(X0,i(X1)),ld(i(X1),unit)) [superposition 8460,9]
10845. mult(mult(X1,X0),i(mult(X0,X0))) = mult(mult(X1,i(mult(X0,X0))),ld(i(mult(X0,X0)),i(X0))) [superposition 8460,4623]
10869. mult(mult(X1,mult(X0,X0)),i(X0)) = mult(mult(X1,i(X0)),ld(i(X0),X0)) [superposition 8460,449]
10870. mult(mult(X1,X2),ld(X2,X0)) = mult(mult(X1,rd(X0,X2)),X2) [superposition 8460,3]
10974. mult(mult(rd(X0,X1),rd(X0,X1)),X0) = mult(rd(X0,X1),mult(X0,ld(X1,mult(rd(X0,X1),X1)))) [backward demodulation 176,10831]
10981. mult(mult(rd(X0,X1),rd(X0,X1)),X0) = mult(rd(X0,X1),mult(X0,ld(X1,X0))) [forward demodulation 10974,3]
10985. ld(X0,mult(X1,X0)) = mult(mult(i(X0),X1),X0) [forward demodulation 10835,6]
10998. mult(mult(X0,X1),i(X1)) = mult(mult(X0,i(X1)),i(i(X1))) [forward demodulation 10844,22]
10999. mult(mult(X0,X1),i(X1)) = mult(mult(X0,i(X1)),X1) [forward demodulation 10998,83]
11000. mult(mult(i(X0),X1),i(X0)) = mult(i(X0),mult(mult(mult(X1,i(X0)),X0),i(X0))) [backward demodulation 81,10999]
11001. ld(i(X0),mult(mult(i(X0),X1),i(X0))) = mult(mult(mult(X1,i(X0)),X0),i(X0)) [backward demodulation 1836,10999]
11034. mult(i(X0),mult(i(X0),mult(X1,i(X0)))) = mult(i(mult(X0,X0)),mult(mult(mult(X1,i(X0)),X0),i(X0))) [backward demodulation 8253,10999]
11051. mult(mult(i(X0),X1),i(X0)) = mult(i(X0),mult(mult(mult(X1,X0),i(X0)),i(X0))) [forward demodulation 11000,10999]
11052. ld(i(X0),mult(mult(i(X0),X1),i(X0))) = mult(mult(mult(X1,X0),i(X0)),i(X0)) [forward demodulation 11001,10999]
11087. mult(i(X0),mult(i(X0),mult(X1,i(X0)))) = mult(i(mult(X0,X0)),mult(mult(mult(X1,X0),i(X0)),i(X0))) [forward demodulation 11034,10999]
11102. mult(mult(X1,X0),i(mult(X0,X0))) = mult(mult(X1,i(mult(X0,X0))),X0) [forward demodulation 10845,3552]
11174. mult(mult(X1,mult(X0,X0)),i(X0)) = mult(mult(X1,i(X0)),mult(X0,X0)) [forward demodulation 10869,1463]
11177. mult(X0,mult(i(X0),X1)) = mult(i(X0),mult(mult(mult(mult(X0,i(X0)),mult(X0,X0)),i(X0)),X1)) [backward demodulation 9644,11174]
11181. mult(X1,i(X0)) = mult(mult(rd(X1,X0),i(X0)),mult(i(X0),mult(mult(X0,i(X0)),mult(X0,X0)))) [backward demodulation 9690,11174]
11194. mult(X0,mult(i(X0),X1)) = mult(i(X0),mult(mult(mult(mult(X0,i(X0)),i(X0)),mult(X0,X0)),X1)) [forward demodulation 11177,11174]
11195. mult(X0,mult(i(X0),X1)) = mult(i(X0),mult(mult(mult(unit,i(X0)),mult(X0,X0)),X1)) [forward demodulation 11194,9]
11196. mult(X0,mult(i(X0),X1)) = mult(i(X0),mult(mult(i(X0),mult(X0,X0)),X1)) [forward demodulation 11195,6]
11197. mult(X0,mult(i(X0),X1)) = mult(i(X0),mult(X0,X1)) [forward demodulation 11196,1286]
11198. ld(X0,mult(mult(X0,X1),X0)) = mult(mult(X0,mult(i(X0),X1)),X0) [backward demodulation 8177,11197]
11219. mult(X1,i(X0)) = mult(mult(rd(X1,X0),i(X0)),mult(i(X0),mult(unit,mult(X0,X0)))) [forward demodulation 11181,9]
11220. mult(X1,i(X0)) = mult(mult(rd(X1,X0),i(X0)),mult(i(X0),mult(X0,X0))) [forward demodulation 11219,6]
11221. mult(X1,i(X0)) = mult(mult(rd(X1,X0),i(X0)),X0) [forward demodulation 11220,1286]
11242. mult(mult(X1,X1),ld(X1,X0)) = mult(X1,mult(mult(X0,X1),i(X1))) [backward demodulation 469,10870]
11243. mult(X1,mult(mult(X0,X1),ld(X1,X2))) = mult(mult(mult(X1,X1),ld(X1,X0)),X2) [backward demodulation 802,10870]
11244. mult(mult(X1,X1),ld(X1,X0)) = rd(mult(X1,mult(mult(X0,X1),X2)),mult(X1,X2)) [backward demodulation 919,10870]
11245. mult(X1,X2) = ld(mult(mult(X1,X1),ld(X1,X0)),mult(X1,mult(mult(X0,X1),X2))) [backward demodulation 1046,10870]
11250. mult(mult(X1,X1),ld(X1,X0)) = rd(mult(X1,mult(X0,X1)),X1) [backward demodulation 7230,10870]
11251. mult(mult(X0,X0),ld(X0,X1)) = mult(i(X0),mult(X0,mult(X0,X1))) [backward demodulation 7286,10870]
11297. mult(X1,mult(mult(X0,X1),i(X1))) = ld(X1,mult(mult(X1,X1),X0)) [forward demodulation 11242,6214]
11298. mult(X1,mult(mult(X0,X1),ld(X1,X2))) = mult(ld(X1,mult(mult(X1,X1),X0)),X2) [forward demodulation 11243,6214]
11302. rd(mult(X1,mult(mult(X0,X1),X2)),mult(X1,X2)) = ld(X1,mult(mult(X1,X1),X0)) [forward demodulation 11244,6214]
11303. mult(X1,X2) = ld(ld(X1,mult(mult(X1,X1),X0)),mult(X1,mult(mult(X0,X1),X2))) [forward demodulation 11245,6214]
11308. ld(X1,mult(mult(X1,X1),X0)) = rd(mult(X1,mult(X0,X1)),X1) [forward demodulation 11250,6214]
11309. mult(i(X0),mult(X0,mult(X0,X1))) = ld(X0,mult(mult(X0,X0),X1)) [forward demodulation 11251,6214]
11418. mult(mult(X0,X1),i(X0)) = ld(i(X0),mult(X1,i(X0))) [superposition 10985,83]
11425. mult(X0,X1) = ld(X1,mult(ld(i(X1),X0),X1)) [superposition 10985,1]
11467. mult(i(X0),X1) = rd(ld(X0,mult(X1,X0)),X0) [superposition 4,10985]
11508. mult(mult(X0,mult(i(X0),X1)),X0) = rd(mult(X0,mult(ld(X0,mult(X1,X0)),X0)),X0) [superposition 251,10985]
11534. mult(mult(i(X0),X1),i(X0)) = mult(i(mult(X0,X0)),mult(mult(X0,X1),i(X0))) [backward demodulation 10839,11418]
11537. mult(mult(X0,mult(i(X0),X1)),i(X0)) = mult(mult(mult(X1,X0),i(X0)),i(X0)) [backward demodulation 11052,11418]
11538. mult(mult(X0,X1),i(mult(X0,X0))) = mult(i(X0),mult(mult(mult(X0,X0),X1),i(mult(X0,X0)))) [backward demodulation 10806,11418]
11540. mult(mult(i(X0),X1),i(X0)) = mult(i(X0),mult(mult(X0,mult(i(X0),X1)),i(X0))) [backward demodulation 11051,11537]
11568. mult(i(X0),mult(i(X0),mult(X1,i(X0)))) = mult(i(mult(X0,X0)),mult(mult(X0,mult(i(X0),X1)),i(X0))) [backward demodulation 11087,11537]
11709. mult(mult(X0,mult(i(X0),X1)),X0) = rd(ld(X0,mult(mult(X0,mult(X1,X0)),X0)),X0) [forward demodulation 11508,8003]
11710. mult(i(X0),mult(X0,mult(X1,X0))) = mult(mult(X0,mult(i(X0),X1)),X0) [forward demodulation 11709,11467]
11711. ld(X0,mult(mult(X0,X1),X0)) = mult(i(X0),mult(X0,mult(X1,X0))) [forward demodulation 11710,11198]
11750. mult(X0,i(X1)) = mult(i(X1),mult(mult(X1,X0),i(X1))) [superposition 11540,1]
11759. mult(mult(mult(i(X0),X1),i(X0)),X0) = ld(X0,mult(mult(mult(X0,mult(i(X0),X1)),i(X0)),X0)) [superposition 10985,11540]
11859. mult(mult(mult(i(X0),X1),i(X0)),X0) = ld(X0,mult(mult(mult(X0,mult(i(X0),X1)),X0),i(X0))) [forward demodulation 11759,10999]
11860. mult(mult(mult(i(X0),X1),i(X0)),X0) = ld(X0,mult(ld(X0,mult(mult(X0,X1),X0)),i(X0))) [forward demodulation 11859,11198]
11861. mult(mult(mult(i(X0),X1),X0),i(X0)) = ld(X0,mult(ld(X0,mult(mult(X0,X1),X0)),i(X0))) [forward demodulation 11860,10999]
11862. mult(ld(X0,mult(X1,X0)),i(X0)) = ld(X0,mult(ld(X0,mult(mult(X0,X1),X0)),i(X0))) [forward demodulation 11861,10985]
11940. mult(X1,mult(X0,X1)) = mult(ld(i(X1),X0),X1) [superposition 1,11425]
12364. mult(i(X1),mult(X0,i(X1))) = mult(ld(X1,X0),i(X1)) [superposition 11750,1]
12401. mult(mult(mult(X1,X0),i(X1)),i(i(X1))) = mult(i(i(X1)),mult(mult(X0,i(X1)),i(i(X1)))) [superposition 11750,11750]
12412. mult(mult(X0,i(X1)),X1) = ld(X1,mult(mult(mult(X1,X0),i(X1)),X1)) [superposition 10985,11750]
12438. mult(i(X1),mult(mult(i(X1),i(X1)),mult(mult(X1,X0),i(X1)))) = mult(mult(i(X1),i(X1)),mult(X0,i(X1))) [superposition 63,11750]
12479. mult(mult(X0,X0),mult(i(X0),mult(i(X0),X1))) = rd(mult(X0,mult(ld(X0,X1),i(X0))),i(X0)) [backward demodulation 1525,12364]
12480. mult(X0,mult(i(X0),mult(i(X0),X1))) = rd(mult(ld(X0,X1),i(X0)),i(X0)) [backward demodulation 1566,12364]
12497. mult(i(mult(X0,X0)),mult(mult(X0,mult(i(X0),X1)),i(X0))) = mult(i(X0),mult(ld(X0,X1),i(X0))) [backward demodulation 11568,12364]
12535. ld(X0,X1) = mult(X0,mult(i(X0),mult(i(X0),X1))) [forward demodulation 12480,4]
12558. mult(i(mult(X0,X0)),mult(mult(X0,mult(i(X0),X1)),i(X0))) = mult(ld(X0,ld(X0,X1)),i(X0)) [forward demodulation 12497,12364]
12620. mult(mult(mult(X1,X0),i(X1)),X1) = mult(X1,mult(mult(X0,i(X1)),X1)) [forward demodulation 12401,83]
12621. mult(X1,mult(mult(X0,X1),i(X1))) = mult(mult(mult(X1,X0),i(X1)),X1) [forward demodulation 12620,10999]
12622. ld(X1,mult(mult(X1,X1),X0)) = mult(mult(mult(X1,X0),i(X1)),X1) [forward demodulation 12621,11297]
12645. mult(mult(X0,i(X1)),X1) = ld(X1,ld(X1,mult(mult(X1,X1),X0))) [forward demodulation 12412,12622]
12646. mult(mult(X0,X1),i(X1)) = ld(X1,ld(X1,mult(mult(X1,X1),X0))) [forward demodulation 12645,10999]
12686. mult(i(X1),mult(i(mult(X1,X1)),mult(mult(X1,X0),i(X1)))) = mult(i(mult(X1,X1)),mult(X0,i(X1))) [forward demodulation 12438,3593]
12687. mult(i(mult(X1,X1)),mult(X0,i(X1))) = mult(i(X1),mult(mult(i(X1),X0),i(X1))) [forward demodulation 12686,11534]
12760. mult(i(X1),rd(X0,X1)) = rd(ld(X1,X0),X1) [superposition 11467,3]
12844. ld(i(X0),X1) = mult(i(X0),mult(X0,mult(X0,X1))) [superposition 12535,83]
12848. ld(X0,mult(mult(X0,mult(i(X0),X1)),i(X0))) = mult(X0,mult(i(X0),mult(mult(i(X0),X1),i(X0)))) [superposition 12535,11540]
12849. ld(X1,mult(mult(X1,X0),i(X1))) = mult(X1,mult(i(X1),mult(X0,i(X1)))) [superposition 12535,11750]
12853. mult(X1,mult(i(X1),X0)) = ld(X1,ld(i(X1),X0)) [superposition 12535,1]
12867. mult(i(X0),mult(i(X0),X1)) = ld(X0,ld(X0,X1)) [superposition 2,12535]
12945. ld(i(X0),X1) = ld(X0,mult(mult(X0,X0),X1)) [backward demodulation 11309,12844]
12946. mult(mult(X0,X0),ld(X0,X1)) = ld(i(X0),X1) [backward demodulation 6214,12945]
12948. mult(X1,mult(mult(X0,X1),ld(X1,X2))) = mult(ld(i(X1),X0),X2) [backward demodulation 11298,12945]
12949. rd(mult(X1,mult(mult(X0,X1),X2)),mult(X1,X2)) = ld(i(X1),X0) [backward demodulation 11302,12945]
12950. mult(X1,X2) = ld(ld(i(X1),X0),mult(X1,mult(mult(X0,X1),X2))) [backward demodulation 11303,12945]
12955. rd(mult(X1,mult(X0,X1)),X1) = ld(i(X1),X0) [backward demodulation 11308,12945]
12959. ld(i(X1),X0) = mult(mult(mult(X1,X0),i(X1)),X1) [backward demodulation 12622,12945]
12960. mult(mult(X0,X1),i(X1)) = ld(X1,ld(i(X1),X0)) [backward demodulation 12646,12945]
13021. mult(mult(X0,i(X1)),X1) = ld(X1,ld(i(X1),X0)) [backward demodulation 10999,12960]
13022. mult(mult(X0,mult(i(X0),X1)),i(X0)) = mult(ld(X0,ld(i(X0),X1)),i(X0)) [backward demodulation 11537,12960]
13039. mult(mult(i(X0),X1),i(X0)) = mult(i(X0),mult(ld(X0,ld(i(X0),X1)),i(X0))) [backward demodulation 11540,13022]
13070. mult(ld(X0,ld(X0,X1)),i(X0)) = mult(i(mult(X0,X0)),mult(ld(X0,ld(i(X0),X1)),i(X0))) [backward demodulation 12558,13022]
13105. ld(X0,mult(mult(X0,mult(i(X0),X1)),i(X0))) = mult(X0,mult(i(mult(X0,X0)),mult(X1,i(X0)))) [forward demodulation 12848,12687]
13106. ld(X0,mult(ld(X0,ld(i(X0),X1)),i(X0))) = mult(X0,mult(i(mult(X0,X0)),mult(X1,i(X0)))) [forward demodulation 13105,13022]
13107. ld(X1,mult(mult(X1,X0),i(X1))) = mult(X1,mult(ld(X1,X0),i(X1))) [forward demodulation 12849,12364]
13112. mult(mult(X0,X0),mult(i(X0),mult(i(X0),X1))) = rd(ld(X0,mult(mult(X0,X1),i(X0))),i(X0)) [backward demodulation 12479,13107]
13120. ld(X0,mult(mult(X0,X1),X0)) = mult(ld(X0,ld(i(X0),X1)),X0) [backward demodulation 11198,12853]
13192. rd(ld(X0,mult(mult(X0,X1),i(X0))),i(X0)) = mult(mult(X0,X0),ld(X0,ld(X0,X1))) [backward demodulation 13112,12867]
13225. rd(ld(X0,mult(mult(X0,X1),i(X0))),i(X0)) = ld(i(X0),ld(X0,X1)) [forward demodulation 13192,12946]
13433. ld(X0,mult(mult(X0,mult(X0,X1)),X0)) = ld(i(X0),ld(X0,mult(mult(X0,X1),X0))) [superposition 12945,8159]
13435. ld(i(X0),mult(X0,X1)) = ld(X0,mult(X0,mult(mult(X0,X0),X1))) [superposition 12945,63]
13441. ld(X1,X0) = ld(i(X1),ld(mult(X1,X1),X0)) [superposition 12945,1]
13452. mult(mult(X0,X0),X1) = mult(X0,ld(i(X0),X1)) [superposition 1,12945]
13471. ld(X0,mult(X0,mult(X0,mult(X1,X0)))) = ld(i(X0),ld(X0,mult(mult(X0,X1),X0))) [forward demodulation 13433,122]
13472. mult(X0,mult(X1,X0)) = ld(i(X0),ld(X0,mult(mult(X0,X1),X0))) [forward demodulation 13471,2]
13473. mult(mult(X0,X0),X1) = ld(i(X0),mult(X0,X1)) [forward demodulation 13435,2]
13529. rd(mult(i(X0),mult(mult(i(X0),X1),i(X0))),i(X0)) = mult(i(X0),mult(i(X0),ld(X0,ld(i(X0),X1)))) [superposition 387,13039]
13530. ld(i(X0),mult(mult(i(X0),X1),i(X0))) = mult(ld(X0,ld(i(X0),X1)),i(X0)) [superposition 2,13039]
13656. rd(mult(i(X0),mult(mult(i(X0),X1),i(X0))),i(X0)) = ld(X0,ld(X0,ld(X0,ld(i(X0),X1)))) [forward demodulation 13529,12867]
13657. ld(i(i(X0)),mult(i(X0),X1)) = ld(X0,ld(X0,ld(X0,ld(i(X0),X1)))) [forward demodulation 13656,12955]
13658. mult(mult(i(X0),i(X0)),X1) = ld(X0,ld(X0,ld(X0,ld(i(X0),X1)))) [forward demodulation 13657,13473]
13659. mult(i(mult(X0,X0)),X1) = ld(X0,ld(X0,ld(X0,ld(i(X0),X1)))) [forward demodulation 13658,3593]
13752. ld(i(mult(X0,X0)),X1) = mult(mult(X0,mult(mult(X0,X0),X0)),ld(mult(X0,X0),X1)) [superposition 12946,63]
13780. mult(mult(X0,X1),X0) = ld(i(X0),mult(X1,X0)) [superposition 12946,8460]
13784. ld(X0,ld(i(X0),X1)) = ld(i(X0),ld(X0,X1)) [superposition 12945,12946]
13849. ld(i(mult(X0,X0)),X1) = mult(mult(X0,mult(X0,mult(X0,X0))),ld(mult(X0,X0),X1)) [forward demodulation 13752,185]
13931. ld(X0,ld(i(X0),X1)) = rd(ld(X0,mult(mult(X0,X1),i(X0))),i(X0)) [backward demodulation 13225,13784]
13991. mult(mult(mult(X0,mult(mult(X1,X0),X0)),X0),i(X0)) = ld(X0,mult(mult(X0,mult(mult(X0,X1),X0)),X0)) [superposition 478,75]
14016. ld(i(X0),mult(mult(i(X0),mult(mult(X1,X0),X0)),i(X0))) = mult(mult(ld(X0,mult(mult(X0,X1),X0)),i(X0)),i(i(X0))) [superposition 478,478]
14029. mult(mult(X0,mult(X0,X0)),i(X0)) = ld(X0,mult(X0,mult(X0,X0))) [superposition 478,185]
14030. mult(mult(X0,mult(mult(X1,X0),X0)),i(X0)) = ld(X0,mult(mult(X0,mult(X0,X1)),X0)) [superposition 478,75]
14035. mult(mult(mult(X1,i(X0)),i(X0)),X0) = ld(i(X0),mult(mult(i(X0),X1),i(X0))) [superposition 478,83]
14060. mult(mult(i(X0),mult(mult(X1,X0),X0)),i(X0)) = rd(mult(i(X0),mult(mult(ld(X0,mult(mult(X0,X1),X0)),i(X0)),X2)),mult(i(X0),X2)) [superposition 61,478]
14129. mult(mult(mult(X0,mult(mult(X1,X0),X0)),X0),i(X0)) = ld(X0,mult(mult(X0,X0),mult(mult(X1,X0),X0))) [forward demodulation 13991,8116]
14130. mult(mult(mult(X0,mult(mult(X1,X0),X0)),X0),i(X0)) = ld(i(X0),mult(mult(X1,X0),X0)) [forward demodulation 14129,12945]
14131. mult(mult(mult(X0,mult(mult(X1,X0),X0)),X0),i(X0)) = mult(mult(X0,mult(X1,X0)),X0) [forward demodulation 14130,13780]
14165. ld(i(X0),mult(mult(i(X0),mult(mult(X1,X0),X0)),i(X0))) = ld(i(X0),ld(i(i(X0)),ld(X0,mult(mult(X0,X1),X0)))) [forward demodulation 14016,12960]
14166. ld(i(X0),mult(mult(i(X0),mult(mult(X1,X0),X0)),i(X0))) = ld(i(X0),ld(X0,ld(X0,mult(mult(X0,X1),X0)))) [forward demodulation 14165,83]
14167. ld(i(X0),mult(mult(i(X0),mult(mult(X1,X0),X0)),i(X0))) = ld(X0,ld(i(X0),ld(X0,mult(mult(X0,X1),X0)))) [forward demodulation 14166,13784]
14168. ld(i(X0),mult(mult(i(X0),mult(mult(X1,X0),X0)),i(X0))) = ld(X0,mult(X0,mult(X1,X0))) [forward demodulation 14167,13472]
14169. mult(X1,X0) = ld(i(X0),mult(mult(i(X0),mult(mult(X1,X0),X0)),i(X0))) [forward demodulation 14168,2]
14214. mult(X0,X0) = mult(mult(X0,mult(X0,X0)),i(X0)) [forward demodulation 14029,2]
14215. mult(mult(X0,mult(mult(X1,X0),X0)),i(X0)) = ld(X0,mult(X0,mult(X0,mult(X1,X0)))) [forward demodulation 14030,122]
14216. mult(X0,mult(X1,X0)) = mult(mult(X0,mult(mult(X1,X0),X0)),i(X0)) [forward demodulation 14215,2]
14229. mult(mult(mult(X1,i(X0)),i(X0)),X0) = mult(mult(X0,mult(i(X0),X1)),i(X0)) [forward demodulation 14035,11418]
14230. mult(mult(mult(X1,i(X0)),i(X0)),X0) = mult(ld(X0,ld(i(X0),X1)),i(X0)) [forward demodulation 14229,12853]
14231. mult(ld(X0,ld(i(X0),X1)),i(X0)) = ld(X0,ld(i(X0),mult(X1,i(X0)))) [forward demodulation 14230,13021]
14232. ld(X0,mult(mult(X0,X1),i(X0))) = mult(ld(X0,ld(i(X0),X1)),i(X0)) [forward demodulation 14231,11418]
14233. mult(mult(i(X0),X1),i(X0)) = mult(i(X0),ld(X0,mult(mult(X0,X1),i(X0)))) [backward demodulation 13039,14232]
14262. mult(ld(X0,ld(X0,X1)),i(X0)) = mult(i(mult(X0,X0)),ld(X0,mult(mult(X0,X1),i(X0)))) [backward demodulation 13070,14232]
14268. mult(X0,mult(i(mult(X0,X0)),mult(X1,i(X0)))) = ld(X0,ld(X0,mult(mult(X0,X1),i(X0)))) [backward demodulation 13106,14232]
14269. ld(i(X0),mult(mult(i(X0),X1),i(X0))) = ld(X0,mult(mult(X0,X1),i(X0))) [backward demodulation 13530,14232]
14324. mult(mult(i(X0),mult(mult(X1,X0),X0)),i(X0)) = ld(i(i(X0)),ld(X0,mult(mult(X0,X1),X0))) [forward demodulation 14060,12949]
14325. mult(mult(i(X0),mult(mult(X1,X0),X0)),i(X0)) = ld(X0,ld(X0,mult(mult(X0,X1),X0))) [forward demodulation 14324,83]
14328. mult(X1,X0) = ld(i(X0),ld(X0,ld(X0,mult(mult(X0,X1),X0)))) [backward demodulation 14169,14325]
14669. mult(i(i(X0)),mult(mult(mult(i(X0),X1),i(X0)),i(i(X0)))) = mult(ld(X0,mult(mult(X0,X1),i(X0))),i(i(X0))) [superposition 11750,14233]
14832. mult(X0,mult(mult(mult(i(X0),X1),i(X0)),X0)) = mult(ld(X0,mult(mult(X0,X1),i(X0))),X0) [forward demodulation 14669,83]
14833. mult(X0,ld(X0,ld(i(X0),mult(i(X0),X1)))) = mult(ld(X0,mult(mult(X0,X1),i(X0))),X0) [forward demodulation 14832,13021]
14834. ld(i(X0),mult(i(X0),X1)) = mult(ld(X0,mult(mult(X0,X1),i(X0))),X0) [forward demodulation 14833,1]
14835. mult(ld(X0,mult(mult(X0,X1),i(X0))),X0) = X1 [forward demodulation 14834,2]
14867. rd(mult(X1,X0),X1) = ld(i(X1),rd(X0,X1)) [superposition 12955,3]
14991. mult(i(mult(X1,X0)),X1) = rd(X1,mult(X1,mult(ld(X1,X0),X1))) [superposition 596,1]
15114. mult(i(mult(X1,X0)),X1) = rd(X1,ld(X1,mult(mult(X1,X0),X1))) [forward demodulation 14991,8003]
15283. ld(mult(X0,X0),X1) = mult(i(X0),ld(X0,X1)) [superposition 1,13441]
15436. ld(mult(mult(X1,rd(X0,X1)),X1),X1) = mult(X1,i(mult(X0,X1))) [superposition 1133,3]
15455. i(mult(mult(X1,X0),X0)) = ld(X0,ld(mult(mult(X0,X1),X0),X0)) [superposition 2,1133]
15587. mult(X1,i(mult(X0,X1))) = ld(mult(mult(X1,X1),ld(X1,X0)),X1) [forward demodulation 15436,10870]
15588. mult(X1,i(mult(X0,X1))) = ld(ld(i(X1),X0),X1) [forward demodulation 15587,12946]
15870. mult(mult(i(X0),X1),ld(X1,mult(X0,X1))) = X1 [superposition 8161,1]
16121. mult(mult(i(X0),i(X0)),X1) = mult(i(X0),ld(X0,X1)) [superposition 13452,83]
16130. mult(X1,X0) = mult(mult(X1,X1),mult(i(X1),X0)) [superposition 13452,2]
16220. ld(mult(X0,X0),X1) = mult(mult(i(X0),i(X0)),X1) [forward demodulation 16121,15283]
16221. ld(mult(X0,X0),X1) = mult(i(mult(X0,X0)),X1) [forward demodulation 16220,3593]
16245. ld(mult(X0,X0),X1) = ld(X0,ld(X0,ld(X0,ld(i(X0),X1)))) [backward demodulation 13659,16221]
16275. ld(X0,ld(X0,mult(mult(X0,X1),i(X0)))) = mult(X0,ld(mult(X0,X0),mult(X1,i(X0)))) [backward demodulation 14268,16221]
16543. mult(ld(i(X0),i(mult(X0,X0))),X1) = mult(X0,mult(i(X0),ld(X0,X1))) [superposition 12948,3160]
16584. mult(mult(X1,X0),ld(X0,X2)) = ld(X0,mult(ld(i(X0),X1),X2)) [superposition 2,12948]
16709. mult(ld(i(X0),i(mult(X0,X0))),X1) = ld(X0,ld(i(X0),ld(X0,X1))) [forward demodulation 16543,12853]
16710. ld(X0,ld(X0,ld(i(X0),X1))) = mult(ld(i(X0),i(mult(X0,X0))),X1) [forward demodulation 16709,13784]
16711. mult(i(X0),X1) = ld(X0,ld(X0,ld(i(X0),X1))) [forward demodulation 16710,3599]
16716. ld(mult(X0,X0),X1) = ld(X0,mult(i(X0),X1)) [backward demodulation 16245,16711]
16944. i(X0) = rd(mult(X0,X1),mult(mult(X0,X0),X1)) [superposition 34,13473]
16945. mult(X0,X1) = mult(i(X0),mult(mult(X0,X0),X1)) [superposition 1,13473]
17017. mult(mult(X0,X1),mult(X0,X0)) = mult(X0,ld(mult(X0,X0),mult(mult(mult(X0,X0),X1),mult(X0,X0)))) [backward demodulation 8222,16945]
17168. mult(mult(X0,mult(mult(X1,X0),X0)),X0) = mult(mult(ld(i(X0),X1),X0),mult(X0,X0)) [superposition 302,12949]
17296. mult(mult(X0,mult(mult(X1,X0),X0)),X0) = mult(mult(X0,mult(X1,X0)),mult(X0,X0)) [forward demodulation 17168,11940]
17317. mult(mult(X0,mult(X1,X0)),X0) = mult(mult(mult(X0,mult(X1,X0)),mult(X0,X0)),i(X0)) [backward demodulation 14131,17296]
17995. mult(i(X0),X1) = ld(ld(i(i(X0)),mult(X0,mult(X0,X0))),mult(i(X0),mult(mult(X0,X0),X1))) [superposition 12950,14214]
18039. mult(X1,ld(mult(X2,X1),X0)) = ld(ld(i(X1),X2),mult(X1,X0)) [superposition 12950,1]
18107. mult(i(X0),X1) = ld(ld(i(i(X0)),mult(X0,mult(X0,X0))),mult(X0,X1)) [forward demodulation 17995,16945]
18108. mult(i(X0),X1) = ld(ld(X0,mult(X0,mult(X0,X0))),mult(X0,X1)) [forward demodulation 18107,83]
18109. mult(i(X0),X1) = ld(mult(X0,X0),mult(X0,X1)) [forward demodulation 18108,2]
18110. mult(i(X1),X0) = mult(X1,ld(mult(X1,X1),X0)) [backward demodulation 6700,18109]
18125. mult(i(X0),mult(X1,i(X0))) = ld(X0,ld(X0,mult(mult(X0,X1),i(X0)))) [backward demodulation 16275,18110]
18128. mult(ld(X0,X1),i(X0)) = ld(X0,ld(X0,mult(mult(X0,X1),i(X0)))) [forward demodulation 18125,12364]
18245. mult(ld(i(X0),mult(mult(i(X0),X1),X0)),i(X0)) = X1 [superposition 14835,83]
18254. rd(X0,X1) = ld(X1,mult(mult(X1,X0),i(X1))) [superposition 4,14835]
18391. mult(mult(mult(X0,mult(i(X0),X1)),X0),i(X0)) = X1 [forward demodulation 18245,13780]
18392. mult(mult(ld(X0,ld(i(X0),X1)),X0),i(X0)) = X1 [forward demodulation 18391,12853]
18393. mult(ld(X0,mult(mult(X0,X1),X0)),i(X0)) = X1 [forward demodulation 18392,13120]
18394. ld(X0,X1) = mult(ld(X0,mult(X1,X0)),i(X0)) [backward demodulation 11862,18393]
18423. ld(X0,ld(i(X0),X1)) = rd(rd(X1,X0),i(X0)) [backward demodulation 13931,18254]
18429. mult(mult(i(X0),X1),i(X0)) = mult(i(X0),rd(X1,X0)) [backward demodulation 14233,18254]
18457. mult(ld(X0,ld(X0,X1)),i(X0)) = mult(i(mult(X0,X0)),rd(X1,X0)) [backward demodulation 14262,18254]
18460. rd(X1,X0) = ld(i(X0),mult(mult(i(X0),X1),i(X0))) [backward demodulation 14269,18254]
18475. mult(ld(X0,X1),i(X0)) = ld(X0,rd(X1,X0)) [backward demodulation 18128,18254]
18489. mult(mult(i(X0),X1),i(X0)) = rd(ld(X0,X1),X0) [forward demodulation 18429,12760]
18621. mult(ld(X0,ld(X0,X1)),i(X0)) = ld(mult(X0,X0),rd(X1,X0)) [forward demodulation 18457,16221]
18627. rd(X1,X0) = ld(i(X0),rd(ld(X0,X1),X0)) [forward demodulation 18460,18489]
18645. mult(i(X1),mult(X0,i(X1))) = ld(X1,rd(X0,X1)) [backward demodulation 12364,18475]
18666. ld(mult(X0,X0),rd(X1,X0)) = ld(X0,rd(ld(X0,X1),X0)) [backward demodulation 18621,18475]
18929. mult(mult(X0,i(X1)),i(X1)) = rd(ld(X1,mult(mult(X1,X0),i(X1))),X1) [superposition 18489,11750]
18934. mult(X0,i(X1)) = rd(ld(X1,ld(i(X1),X0)),X1) [superposition 18489,1]
18942. mult(mult(X0,X1),X0) = rd(ld(i(X0),X1),i(X0)) [superposition 18489,83]
18944. mult(i(X0),mult(i(X0),mult(X1,i(X0)))) = rd(ld(X0,mult(i(X0),X1)),X0) [superposition 18489,122]
18951. mult(i(X0),X2) = ld(rd(ld(X0,X1),X0),mult(i(X0),mult(mult(mult(X1,i(X0)),i(X0)),X2))) [superposition 62,18489]
18959. mult(i(X0),mult(i(X0),mult(X1,i(X0)))) = rd(ld(X0,mult(i(X0),X1)),X0) [superposition 122,18489]
18984. mult(i(X0),X1) = rd(rd(ld(X0,X1),X0),i(X0)) [superposition 4,18489]
19058. mult(mult(X0,i(X1)),i(X1)) = rd(rd(X0,X1),X1) [forward demodulation 18929,18254]
19140. mult(i(X0),mult(i(X0),mult(X1,i(X0)))) = rd(ld(mult(X0,X0),X1),X0) [forward demodulation 18944,16716]
19141. rd(ld(mult(X0,X0),X1),X0) = mult(i(X0),ld(X0,rd(X1,X0))) [forward demodulation 19140,18645]
19142. ld(mult(X0,X0),rd(X1,X0)) = rd(ld(mult(X0,X0),X1),X0) [forward demodulation 19141,15283]
19143. ld(X0,rd(ld(X0,X1),X0)) = rd(ld(mult(X0,X0),X1),X0) [forward demodulation 19142,18666]
19166. mult(i(X0),X2) = ld(rd(ld(X0,X1),X0),mult(i(X0),mult(rd(rd(X1,X0),X0),X2))) [forward demodulation 18951,19058]
19182. mult(i(X0),mult(i(X0),mult(X1,i(X0)))) = rd(ld(mult(X0,X0),X1),X0) [forward demodulation 18959,16716]
19183. mult(i(X0),mult(i(X0),mult(X1,i(X0)))) = ld(X0,rd(ld(X0,X1),X0)) [forward demodulation 19182,19143]
19184. ld(X0,rd(ld(X0,X1),X0)) = mult(i(X0),ld(X0,rd(X1,X0))) [forward demodulation 19183,18645]
19598. rd(X1,i(X0)) = ld(X0,rd(ld(i(X0),X1),i(X0))) [superposition 18627,83]
19641. ld(X0,mult(mult(X0,X1),X0)) = rd(X1,i(X0)) [forward demodulation 19598,18942]
19642. mult(mult(mult(X1,X0),X0),i(X0)) = rd(X1,i(X0)) [backward demodulation 478,19641]
19643. mult(X0,mult(ld(X0,X1),X0)) = rd(X1,i(X0)) [backward demodulation 8003,19641]
19644. mult(mult(X1,mult(X2,X0)),X2) = mult(mult(X1,X2),rd(X0,i(X2))) [backward demodulation 8159,19641]
19645. mult(mult(i(mult(X1,X0)),X1),rd(X0,i(X1))) = X1 [backward demodulation 8161,19641]
19651. mult(X0,X1) = rd(mult(mult(X0,mult(X1,X2)),X1),rd(X2,i(X1))) [backward demodulation 8168,19641]
19696. rd(X1,i(X0)) = mult(i(X0),mult(X0,mult(X1,X0))) [backward demodulation 11711,19641]
19701. rd(X1,i(X0)) = mult(ld(X0,ld(i(X0),X1)),X0) [backward demodulation 13120,19641]
19706. mult(X0,mult(X1,X0)) = ld(i(X0),rd(X1,i(X0))) [backward demodulation 13472,19641]
19718. mult(mult(i(X0),mult(mult(X1,X0),X0)),i(X0)) = ld(X0,rd(X1,i(X0))) [backward demodulation 14325,19641]
19719. mult(X1,X0) = ld(i(X0),ld(X0,rd(X1,i(X0)))) [backward demodulation 14328,19641]
19736. mult(i(mult(X1,X0)),X1) = rd(X1,rd(X0,i(X1))) [backward demodulation 15114,19641]
19828. mult(mult(X0,X1),mult(X0,X0)) = mult(X0,rd(X1,i(mult(X0,X0)))) [backward demodulation 17017,19641]
20074. mult(mult(X0,X1),ld(X1,mult(i(X0),X1))) = X1 [superposition 15870,83]
20124. mult(mult(i(rd(X0,X1)),X1),ld(X1,X0)) = X1 [superposition 15870,3]
20159. mult(i(X1),X0) = rd(X0,ld(X0,mult(X1,X0))) [superposition 4,15870]
20444. mult(mult(mult(X0,X0),mult(i(X0),X1)),i(X0)) = mult(X0,rd(X1,i(i(X0)))) [superposition 19644,449]
20450. mult(mult(unit,mult(X0,X1)),X0) = mult(X0,rd(X1,i(X0))) [superposition 19644,6]
20585. mult(X0,rd(X1,X0)) = mult(mult(mult(X0,X0),mult(i(X0),X1)),i(X0)) [forward demodulation 20444,83]
20586. mult(X0,rd(X1,X0)) = mult(mult(X0,X1),i(X0)) [forward demodulation 20585,16130]
20587. mult(X0,rd(X1,X0)) = ld(i(X0),mult(X1,i(X0))) [backward demodulation 11418,20586]
20602. mult(mult(X1,rd(X0,X1)),X1) = ld(i(X1),X0) [backward demodulation 12959,20586]
20642. mult(mult(X0,X1),i(mult(X0,X0))) = mult(i(X0),mult(mult(X0,X0),rd(X1,mult(X0,X0)))) [backward demodulation 11538,20586]
20670. mult(X0,rd(X1,mult(X0,X0))) = mult(mult(X0,X1),i(mult(X0,X0))) [forward demodulation 20642,16945]
20696. mult(mult(X0,X1),X0) = mult(X0,rd(X1,i(X0))) [forward demodulation 20450,6]
20811. mult(X1,X0) = mult(mult(X1,mult(X0,i(X1))),X1) [superposition 20696,4]
20813. mult(X0,mult(mult(i(X0),X1),i(X0))) = mult(mult(X0,mult(i(X0),mult(mult(X1,i(X0)),i(X0)))),X0) [superposition 20696,251]
20892. ld(mult(X0,X0),mult(X0,mult(mult(mult(X0,X0),X1),mult(X0,X0)))) = mult(X0,rd(X1,i(mult(X0,X0)))) [superposition 184,20696]
20925. mult(X0,mult(mult(i(X0),X1),i(X0))) = mult(ld(X0,ld(i(X0),mult(mult(X1,i(X0)),i(X0)))),X0) [forward demodulation 20813,12853]
20926. mult(X0,mult(mult(i(X0),X1),i(X0))) = mult(ld(X0,mult(X0,rd(mult(X1,i(X0)),X0))),X0) [forward demodulation 20925,20587]
20927. mult(X0,mult(mult(i(X0),X1),i(X0))) = mult(rd(mult(X1,i(X0)),X0),X0) [forward demodulation 20926,2]
20928. mult(X1,i(X0)) = mult(X0,mult(mult(i(X0),X1),i(X0))) [forward demodulation 20927,3]
20929. mult(X1,i(X0)) = mult(X0,rd(ld(X0,X1),X0)) [forward demodulation 20928,18489]
21058. mult(mult(X0,X1),mult(X0,X0)) = ld(mult(X0,X0),mult(X0,mult(mult(mult(X0,X0),X1),mult(X0,X0)))) [forward demodulation 20892,19828]
21110. mult(mult(X0,X1),i(X0)) = rd(ld(X0,mult(mult(X0,X0),X1)),X0) [superposition 18934,13473]
21143. mult(mult(X0,X1),i(X0)) = rd(ld(i(X0),X1),X0) [forward demodulation 21110,12945]
21144. mult(X0,rd(X1,X0)) = rd(ld(i(X0),X1),X0) [forward demodulation 21143,20586]
21209. ld(i(X0),mult(X0,X1)) = ld(mult(i(X0),i(X0)),X1) [superposition 16716,83]
21246. ld(i(mult(X0,X0)),X1) = ld(i(X0),mult(X0,X1)) [forward demodulation 21209,3593]
21247. mult(mult(X0,X0),X1) = ld(i(mult(X0,X0)),X1) [forward demodulation 21246,13473]
21250. mult(mult(X0,X0),X1) = mult(mult(X0,mult(X0,mult(X0,X0))),ld(mult(X0,X0),X1)) [backward demodulation 13849,21247]
21286. mult(mult(mult(X0,X0),X1),mult(X0,X0)) = mult(mult(X0,X0),mult(X1,mult(X0,X0))) [backward demodulation 10818,21250]
21311. mult(mult(X0,X1),mult(X0,X0)) = ld(mult(X0,X0),mult(X0,mult(mult(X0,X0),mult(X1,mult(X0,X0))))) [backward demodulation 21058,21286]
21324. mult(mult(X0,X1),mult(X0,X0)) = mult(X0,mult(X1,mult(X0,X0))) [forward demodulation 21311,184]
21365. mult(mult(X0,mult(mult(X1,X0),X0)),X0) = mult(X0,mult(mult(X1,X0),mult(X0,X0))) [backward demodulation 17296,21324]
21386. mult(mult(X0,mult(X1,X0)),X0) = mult(mult(X0,mult(mult(X1,X0),mult(X0,X0))),i(X0)) [backward demodulation 17317,21324]
22840. mult(X0,i(X1)) = ld(X1,rd(mult(X1,X0),X1)) [superposition 18475,2]
22871. ld(X0,X1) = rd(ld(X0,rd(X1,X0)),i(X0)) [superposition 4,18475]
23236. mult(i(X0),mult(X1,X0)) = rd(mult(i(X0),X1),i(X0)) [superposition 18984,11467]
23652. mult(mult(mult(X0,mult(mult(X1,X0),X0)),X0),i(X0)) = rd(mult(mult(X0,X1),X0),i(X0)) [superposition 19642,75]
23692. mult(mult(X0,mult(mult(X1,X0),X0)),i(X0)) = rd(mult(X0,X1),i(X0)) [superposition 19642,75]
23725. mult(mult(i(X1),mult(mult(X0,X1),X1)),i(X1)) = rd(mult(i(X1),mult(mult(rd(X0,i(X1)),i(X1)),X2)),mult(i(X1),X2)) [superposition 61,19642]
23796. mult(mult(X0,mult(mult(X1,X0),mult(X0,X0))),i(X0)) = rd(mult(mult(X0,X1),X0),i(X0)) [forward demodulation 23652,21365]
23797. mult(mult(X0,mult(X1,X0)),X0) = rd(mult(mult(X0,X1),X0),i(X0)) [forward demodulation 23796,21386]
23846. mult(X0,mult(X1,X0)) = rd(mult(X0,X1),i(X0)) [forward demodulation 23692,14216]
24117. mult(mult(i(X1),mult(mult(X0,X1),X1)),i(X1)) = ld(i(i(X1)),rd(X0,i(X1))) [forward demodulation 23725,12949]
24118. mult(mult(i(X1),mult(mult(X0,X1),X1)),i(X1)) = rd(mult(i(X1),X0),i(X1)) [forward demodulation 24117,14867]
24119. mult(i(X1),mult(X0,X1)) = mult(mult(i(X1),mult(mult(X0,X1),X1)),i(X1)) [forward demodulation 24118,23236]
24120. mult(i(X1),mult(X0,X1)) = ld(X1,rd(X0,i(X1))) [forward demodulation 24119,19718]
24126. ld(X0,rd(X1,i(X0))) = rd(mult(i(X0),X1),i(X0)) [backward demodulation 23236,24120]
25186. mult(ld(X1,X0),X1) = rd(mult(i(X1),X0),i(X1)) [superposition 19701,2]
25303. mult(ld(X0,X1),X0) = ld(X0,rd(X1,i(X0))) [backward demodulation 24126,25186]
25304. mult(X1,X0) = ld(i(X0),mult(ld(X0,X1),X0)) [backward demodulation 19719,25303]
25312. mult(ld(X1,X0),X1) = mult(i(X1),mult(X0,X1)) [backward demodulation 24120,25303]
25515. mult(X1,mult(rd(X0,i(X1)),X1)) = rd(mult(mult(X1,X0),X1),i(X1)) [superposition 19643,19641]
25648. rd(ld(X1,mult(ld(i(X1),X0),i(X1))),X1) = mult(rd(X0,i(i(X1))),i(X1)) [superposition 18489,19643]
25659. mult(X1,mult(rd(X0,i(X1)),X1)) = mult(mult(X1,mult(X0,X1)),X1) [forward demodulation 25515,23797]
25911. mult(rd(X0,X1),i(X1)) = rd(ld(X1,mult(ld(i(X1),X0),i(X1))),X1) [forward demodulation 25648,83]
25912. mult(rd(X0,X1),i(X1)) = rd(mult(mult(X0,X1),ld(X1,i(X1))),X1) [forward demodulation 25911,16584]
25913. mult(rd(X0,X1),i(X1)) = rd(mult(mult(X0,X1),i(mult(X1,X1))),X1) [forward demodulation 25912,3592]
26860. mult(i(X0),X1) = mult(mult(i(X0),mult(X1,X0)),i(X0)) [superposition 20811,83]
26898. mult(mult(X0,X1),mult(X0,X2)) = mult(X0,mult(mult(mult(mult(X1,i(X0)),X0),X0),X2)) [superposition 7,20811]
26915. rd(mult(X0,X1),X0) = mult(X0,mult(X1,i(X0))) [superposition 4,20811]
26961. mult(X0,i(mult(mult(X0,X1),X0))) = ld(mult(mult(X0,mult(X0,mult(X1,i(X0)))),X0),X0) [superposition 1133,20811]
27001. mult(i(X0),X1) = mult(mult(ld(X0,X1),X0),i(X0)) [forward demodulation 26860,25312]
27076. mult(mult(X0,X1),mult(X0,X2)) = mult(X0,mult(mult(ld(X0,ld(i(X0),X1)),X0),X2)) [forward demodulation 26898,13021]
27077. mult(mult(X0,X1),mult(X0,X2)) = mult(X0,mult(rd(X1,i(X0)),X2)) [forward demodulation 27076,19701]
27078. mult(mult(X1,mult(X0,X1)),X1) = mult(mult(X1,X0),mult(X1,X1)) [backward demodulation 25659,27077]
27095. mult(X1,mult(X0,mult(X1,X1))) = mult(mult(X1,mult(X0,X1)),X1) [forward demodulation 27078,21324]
27491. mult(X0,i(mult(mult(X0,X1),X0))) = ld(mult(X0,mult(X0,mult(mult(X1,i(X0)),X0))),X0) [forward demodulation 26961,122]
27492. mult(X0,i(mult(mult(X0,X1),X0))) = ld(mult(X0,mult(X0,ld(X0,ld(i(X0),X1)))),X0) [forward demodulation 27491,13021]
27493. mult(X0,i(mult(mult(X0,X1),X0))) = ld(mult(X0,ld(i(X0),X1)),X0) [forward demodulation 27492,1]
27494. mult(X0,i(mult(mult(X0,X1),X0))) = ld(mult(mult(X0,X0),X1),X0) [forward demodulation 27493,13452]
28998. mult(i(mult(X1,mult(X0,i(X1)))),X1) = rd(X1,mult(X1,mult(rd(ld(X1,X0),X1),X1))) [superposition 596,20929]
29241. mult(i(mult(X1,mult(X0,i(X1)))),X1) = rd(X1,mult(X1,ld(X1,X0))) [forward demodulation 28998,3]
29242. rd(X1,X0) = mult(i(mult(X1,mult(X0,i(X1)))),X1) [forward demodulation 29241,1]
29243. rd(X1,X0) = mult(i(rd(mult(X1,X0),X1)),X1) [forward demodulation 29242,26915]
31363. mult(ld(X0,mult(mult(X0,X1),X0)),X0) = mult(i(X0),mult(X0,mult(mult(X1,X0),X0))) [superposition 25312,75]
31520. i(X0) = mult(mult(i(mult(ld(X0,X1),X0)),i(X0)),rd(mult(X1,X0),i(i(X0)))) [superposition 19645,25312]
31551. mult(ld(X0,mult(mult(X0,X1),X0)),X0) = rd(mult(X1,X0),i(X0)) [forward demodulation 31363,19696]
31552. mult(rd(X1,i(X0)),X0) = rd(mult(X1,X0),i(X0)) [forward demodulation 31551,19641]
31893. i(X0) = mult(mult(i(mult(ld(X0,X1),X0)),i(X0)),rd(mult(X1,X0),X0)) [forward demodulation 31520,83]
31894. i(X0) = mult(mult(i(mult(ld(X0,X1),X0)),i(X0)),X1) [forward demodulation 31893,4]
31976. mult(X1,i(mult(X0,X0))) = rd(mult(mult(X1,X0),i(mult(X0,X0))),rd(mult(X0,mult(X0,X0)),i(i(mult(X0,X0))))) [superposition 19651,8413]
32110. mult(X1,i(mult(X0,X0))) = rd(mult(mult(X1,X0),i(mult(X0,X0))),rd(mult(X0,mult(X0,X0)),mult(X0,X0))) [forward demodulation 31976,83]
32111. mult(X1,i(mult(X0,X0))) = rd(mult(mult(X1,X0),i(mult(X0,X0))),X0) [forward demodulation 32110,4]
32112. mult(X0,i(mult(X1,X1))) = mult(rd(X0,X1),i(X1)) [backward demodulation 25913,32111]
32113. mult(X1,i(X0)) = mult(mult(X1,i(mult(X0,X0))),X0) [backward demodulation 11221,32112]
32138. mult(X1,i(X0)) = mult(mult(X1,X0),i(mult(X0,X0))) [backward demodulation 11102,32113]
32139. mult(X1,i(mult(X0,X0))) = rd(mult(X1,i(X0)),X0) [backward demodulation 32111,32138]
32988. rd(mult(X1,X0),i(X0)) = ld(i(i(X0)),rd(mult(mult(X0,X1),X0),i(X0))) [superposition 18627,13780]
33098. rd(mult(X1,X0),i(X0)) = ld(i(i(X0)),mult(rd(mult(X0,X1),i(X0)),X0)) [forward demodulation 32988,31552]
33099. rd(mult(X1,X0),i(X0)) = ld(i(i(X0)),mult(mult(X0,mult(X1,X0)),X0)) [forward demodulation 33098,23846]
33100. rd(mult(X1,X0),i(X0)) = ld(i(i(X0)),mult(X0,mult(X1,mult(X0,X0)))) [forward demodulation 33099,27095]
33101. rd(mult(X1,X0),i(X0)) = ld(X0,mult(X0,mult(X1,mult(X0,X0)))) [forward demodulation 33100,83]
33102. mult(X1,mult(X0,X0)) = rd(mult(X1,X0),i(X0)) [forward demodulation 33101,2]
33103. mult(X1,mult(X0,X0)) = mult(rd(X1,i(X0)),X0) [backward demodulation 31552,33102]
34605. mult(rd(X1,X0),i(X0)) = ld(i(i(X0)),mult(rd(mult(X0,X1),X0),i(X0))) [superposition 25304,14867]
34718. mult(rd(X1,X0),i(X0)) = ld(i(i(X0)),mult(mult(X0,X1),i(mult(X0,X0)))) [forward demodulation 34605,32112]
34719. mult(rd(X1,X0),i(X0)) = ld(i(i(X0)),mult(X0,rd(X1,mult(X0,X0)))) [forward demodulation 34718,20670]
34720. mult(rd(X1,X0),i(X0)) = ld(X0,mult(X0,rd(X1,mult(X0,X0)))) [forward demodulation 34719,83]
34721. rd(X1,mult(X0,X0)) = mult(rd(X1,X0),i(X0)) [forward demodulation 34720,2]
34722. rd(X0,mult(X1,X1)) = mult(X0,i(mult(X1,X1))) [backward demodulation 32112,34721]
34779. rd(X1,mult(X0,X0)) = rd(mult(X1,i(X0)),X0) [backward demodulation 32139,34722]
42482. i(rd(X0,X1)) = rd(X0,mult(mult(rd(X0,X1),rd(X0,X1)),X1)) [superposition 16944,3]
42633. i(rd(X0,X1)) = rd(X0,mult(mult(rd(X0,X1),X1),ld(X1,X0))) [forward demodulation 42482,10870]
42634. i(rd(X0,X1)) = rd(X0,mult(X0,ld(X1,X0))) [forward demodulation 42633,3]
49888. mult(X0,ld(X0,mult(i(X1),X0))) = ld(ld(i(X0),X1),mult(X0,X0)) [superposition 12950,20074]
49890. ld(mult(X1,X0),X0) = ld(X0,mult(i(X1),X0)) [superposition 2,20074]
50050. mult(X0,ld(X0,mult(i(X1),X0))) = mult(X0,ld(mult(X1,X0),X0)) [forward demodulation 49888,18039]
50051. mult(i(X1),X0) = mult(X0,ld(mult(X1,X0),X0)) [forward demodulation 50050,1]
50173. ld(i(rd(X0,X1)),X0) = ld(rd(X0,X1),mult(rd(X0,X1),mult(X0,ld(X1,X0)))) [superposition 12945,10981]
50393. mult(X0,ld(X1,X0)) = ld(i(rd(X0,X1)),X0) [forward demodulation 50173,2]
50511. ld(i(X0),X1) = mult(X1,ld(ld(X0,X1),X1)) [superposition 50393,34]
52024. rd(X0,ld(X0,X1)) = mult(i(rd(X1,X0)),X0) [superposition 4,20124]
52932. rd(X0,ld(X0,ld(i(X0),X1))) = mult(i(mult(X0,rd(X1,X0))),X0) [superposition 20159,20602]
52949. mult(i(mult(i(X0),X1)),i(X0)) = rd(i(X0),ld(i(X0),rd(ld(X0,X1),X0))) [superposition 20159,18489]
52984. ld(i(mult(i(X0),X1)),X1) = mult(X1,ld(ld(X1,mult(X0,X1)),X1)) [superposition 50393,20159]
53032. mult(i(mult(i(X0),X1)),i(X0)) = rd(i(X0),rd(mult(X0,ld(X0,X1)),X0)) [forward demodulation 52949,14867]
53033. mult(i(mult(i(X0),X1)),i(X0)) = rd(i(X0),rd(X1,X0)) [forward demodulation 53032,1]
63434. mult(i(X0),i(rd(rd(X1,X0),X0))) = ld(rd(ld(X0,X1),X0),mult(i(X0),unit)) [superposition 19166,9]
63631. ld(rd(ld(X0,X1),X0),i(X0)) = mult(i(X0),i(rd(rd(X1,X0),X0))) [forward demodulation 63434,5]
66256. rd(i(X0),ld(X0,rd(X1,X0))) = mult(i(rd(ld(X0,rd(ld(X0,X1),X0)),i(X0))),i(X0)) [superposition 29243,19184]
66290. i(rd(mult(X0,X1),X0)) = rd(rd(X0,X1),X0) [superposition 4,29243]
66326. mult(mult(i(i(rd(mult(X0,X1),X0))),X0),ld(X0,rd(X0,X1))) = X0 [superposition 15870,29243]
66332. mult(i(i(rd(mult(X0,X1),X0))),X0) = rd(X0,ld(X0,rd(X0,X1))) [superposition 20159,29243]
66387. rd(i(X0),ld(X0,rd(X1,X0))) = mult(i(ld(X0,ld(X0,X1))),i(X0)) [forward demodulation 66256,22871]
66533. mult(mult(rd(mult(X0,X1),X0),X0),ld(X0,rd(X0,X1))) = X0 [forward demodulation 66326,83]
66534. mult(mult(X0,X1),ld(X0,rd(X0,X1))) = X0 [forward demodulation 66533,3]
66544. mult(rd(mult(X0,X1),X0),X0) = rd(X0,ld(X0,rd(X0,X1))) [forward demodulation 66332,83]
66545. mult(X0,X1) = rd(X0,ld(X0,rd(X0,X1))) [forward demodulation 66544,3]
66972. mult(mult(X1,ld(X0,X1)),ld(X1,X0)) = X1 [superposition 66534,34]
67026. ld(mult(X0,X1),X0) = ld(X0,rd(X0,X1)) [superposition 2,66534]
68678. mult(X1,ld(X0,X1)) = rd(X1,ld(X1,X0)) [superposition 66545,34]
68720. mult(X0,ld(X1,X0)) = mult(i(rd(X1,X0)),X0) [backward demodulation 52024,68678]
68730. mult(i(mult(X0,rd(X1,X0))),X0) = mult(X0,ld(ld(i(X0),X1),X0)) [backward demodulation 52932,68678]
70241. ld(X0,X1) = ld(mult(X0,ld(X1,X0)),X0) [superposition 2,66972]
70921. ld(mult(mult(X0,X0),X1),X0) = ld(X0,rd(X0,ld(i(X0),X1))) [superposition 67026,13452]
70928. ld(mult(X0,i(X1)),X1) = ld(X1,rd(X1,rd(ld(X1,X0),X1))) [superposition 67026,20929]
71736. rd(i(X1),rd(X0,X1)) = mult(i(X1),ld(rd(ld(X1,X0),X1),i(X1))) [superposition 68678,18627]
73614. rd(X0,i(X1)) = rd(mult(X0,mult(X1,X1)),X1) [superposition 4,33103]
77335. rd(X0,mult(X0,mult(i(mult(X1,X1)),X0))) = mult(i(mult(X0,rd(X0,mult(X1,X1)))),X0) [superposition 596,34722]
77468. mult(i(mult(X0,rd(X0,mult(X1,X1)))),X0) = rd(X0,mult(X0,ld(mult(X1,X1),X0))) [forward demodulation 77335,16221]
77469. i(rd(X0,mult(X1,X1))) = mult(i(mult(X0,rd(X0,mult(X1,X1)))),X0) [forward demodulation 77468,42634]
78957. ld(ld(i(X0),X1),X1) = ld(X1,ld(X0,X1)) [superposition 70241,50511]
78959. ld(ld(X0,X1),X1) = ld(X1,ld(i(X0),X1)) [superposition 2,50511]
90621. ld(ld(i(X1),X0),X0) = ld(mult(X1,ld(i(X1),X0)),ld(i(X1),X0)) [superposition 49890,1]
90633. ld(X1,i(X0)) = mult(ld(mult(X0,X1),X1),i(X1)) [superposition 18394,49890]
90637. rd(mult(i(X0),X1),ld(mult(X0,X1),X1)) = X1 [superposition 34,49890]
90662. mult(X1,mult(mult(i(X0),i(X1)),X1)) = mult(ld(mult(X0,i(X1)),i(X1)),X1) [superposition 11940,49890]
90684. ld(ld(i(X1),X0),X0) = ld(mult(mult(X1,X1),X0),ld(i(X1),X0)) [forward demodulation 90621,13452]
90685. ld(X0,ld(X1,X0)) = ld(mult(mult(X1,X1),X0),ld(i(X1),X0)) [forward demodulation 90684,78957]
90737. mult(ld(mult(X0,i(X1)),i(X1)),X1) = mult(X1,ld(X1,ld(i(X1),i(X0)))) [forward demodulation 90662,13021]
90738. ld(i(X1),i(X0)) = mult(ld(mult(X0,i(X1)),i(X1)),X1) [forward demodulation 90737,1]
90765. mult(i(ld(X0,X1)),i(X0)) = mult(i(X0),ld(ld(X0,rd(X1,X0)),i(X0))) [superposition 50051,18475]
90770. mult(i(mult(i(X0),X1)),X0) = mult(X0,ld(ld(X0,mult(X1,X0)),X0)) [superposition 50051,10985]
90857. mult(i(mult(i(X0),X1)),X0) = ld(i(mult(i(X1),X0)),X0) [forward demodulation 90770,52984]
91905. i(rd(X0,X1)) = rd(rd(X1,ld(X1,X0)),X1) [superposition 66290,1]
91913. i(rd(mult(X0,i(X1)),X1)) = rd(rd(X1,rd(ld(X1,X0),X1)),X1) [superposition 66290,20929]
91955. i(rd(X0,X1)) = rd(mult(X1,ld(X0,X1)),X1) [forward demodulation 91905,68678]
91970. i(rd(X0,mult(X1,X1))) = rd(rd(X1,rd(ld(X1,X0),X1)),X1) [forward demodulation 91913,34779]
92230. mult(i(X0),i(rd(X1,X0))) = rd(ld(X0,mult(X0,ld(X1,X0))),X0) [superposition 11467,68720]
92235. ld(X0,i(rd(X1,X0))) = mult(ld(X0,mult(X0,ld(X1,X0))),i(X0)) [superposition 18394,68720]
92305. mult(i(X0),i(rd(X1,X0))) = rd(ld(X1,X0),X0) [forward demodulation 92230,2]
92306. ld(rd(ld(X0,X1),X0),i(X0)) = rd(ld(rd(X1,X0),X0),X0) [backward demodulation 63631,92305]
92309. rd(i(X1),rd(X0,X1)) = mult(i(X1),rd(ld(rd(X0,X1),X1),X1)) [backward demodulation 71736,92306]
92317. ld(X0,i(rd(X1,X0))) = mult(ld(X1,X0),i(X0)) [forward demodulation 92235,2]
96285. rd(ld(i(X0),X1),X1) = ld(i(X1),rd(ld(ld(X0,X1),X1),X1)) [superposition 18627,78959]
100721. ld(i(X1),X0) = rd(X0,ld(mult(X1,ld(i(X1),X0)),ld(i(X1),X0))) [superposition 90637,1]
100785. ld(i(X1),X0) = rd(X0,ld(mult(mult(X1,X1),X0),ld(i(X1),X0))) [forward demodulation 100721,13452]
100786. ld(i(X1),X0) = rd(X0,ld(X0,ld(X1,X0))) [forward demodulation 100785,90685]
102391. rd(ld(i(X0),X1),X1) = i(rd(ld(X0,X1),X1)) [superposition 91955,50511]
102475. i(rd(ld(X0,X1),X1)) = ld(i(X1),rd(ld(ld(X0,X1),X1),X1)) [backward demodulation 96285,102391]
112566. mult(X0,i(ld(X0,mult(X1,X0)))) = ld(ld(i(X0),mult(i(X0),X1)),X0) [superposition 15588,10985]
112570. mult(X1,i(X0)) = ld(ld(i(X1),rd(X0,X1)),X1) [superposition 15588,3]
112587. i(mult(X1,X0)) = ld(X0,ld(ld(i(X0),X1),X0)) [superposition 2,15588]
112602. mult(i(mult(X1,X0)),i(X0)) = ld(X0,rd(ld(ld(i(X0),X1),X0),X0)) [superposition 22840,15588]
112633. ld(X1,X0) = mult(X0,i(ld(X0,mult(X1,X0)))) [forward demodulation 112566,2]
112643. mult(X1,i(X0)) = ld(rd(mult(X1,X0),X1),X1) [forward demodulation 112570,14867]
113852. ld(rd(X0,X1),X1) = mult(X1,i(ld(X1,X0))) [superposition 112633,3]
113862. ld(i(rd(X1,X0)),X0) = mult(X0,i(ld(X0,mult(X0,ld(X1,X0))))) [superposition 112633,68720]
113959. ld(i(rd(X1,X0)),X0) = mult(X0,i(ld(X1,X0))) [forward demodulation 113862,2]
115636. mult(mult(X1,X1),i(ld(X1,X0))) = ld(i(X1),ld(rd(X0,X1),X1)) [superposition 13473,113852]
115647. mult(i(ld(X1,X0)),i(X1)) = ld(X1,rd(ld(rd(X0,X1),X1),X1)) [superposition 22840,113852]
115656. mult(X1,i(i(ld(X1,X0)))) = ld(rd(ld(rd(X0,X1),X1),X1),X1) [superposition 112643,113852]
115730. mult(X1,ld(X1,X0)) = ld(rd(ld(rd(X0,X1),X1),X1),X1) [forward demodulation 115656,83]
115731. ld(rd(ld(rd(X0,X1),X1),X1),X1) = X0 [forward demodulation 115730,1]
115760. mult(X0,X1) = ld(rd(ld(X0,X1),X1),X1) [superposition 115731,4]
115782. rd(X1,X0) = rd(ld(rd(X0,X1),X1),X1) [superposition 34,115731]
115846. rd(X0,X1) = ld(rd(ld(X0,X1),X0),i(X0)) [backward demodulation 92306,115782]
115847. rd(i(X1),rd(X0,X1)) = mult(i(X1),rd(X1,X0)) [backward demodulation 92309,115782]
115850. ld(X1,rd(X1,X0)) = mult(i(ld(X1,X0)),i(X1)) [backward demodulation 115647,115782]
115856. mult(i(X0),rd(X0,X1)) = mult(i(mult(i(X0),X1)),i(X0)) [backward demodulation 53033,115847]
115878. ld(X0,rd(X0,X1)) = mult(i(X0),ld(ld(X0,rd(X1,X0)),i(X0))) [backward demodulation 90765,115850]
115881. rd(i(X0),ld(X0,rd(X1,X0))) = ld(X0,rd(X0,ld(X0,X1))) [backward demodulation 66387,115850]
115884. rd(i(X0),ld(X0,rd(X1,X0))) = ld(X0,mult(X0,ld(X1,X0))) [forward demodulation 115881,68678]
115885. ld(X1,X0) = rd(i(X0),ld(X0,rd(X1,X0))) [forward demodulation 115884,2]
116777. mult(ld(i(X1),X0),X0) = ld(rd(ld(X0,ld(X1,X0)),X0),X0) [superposition 115760,78957]
116784. mult(rd(X1,X0),X1) = ld(rd(X0,X1),X1) [superposition 115760,29]
116801. rd(X1,mult(X0,X1)) = rd(ld(X0,X1),X1) [superposition 34,115760]
116928. mult(i(mult(X1,X0)),i(X0)) = ld(X0,rd(X0,mult(ld(i(X0),X1),X0))) [backward demodulation 112602,116801]
116936. rd(X0,mult(X1,X0)) = mult(i(X0),i(rd(X1,X0))) [backward demodulation 92305,116801]
116939. i(rd(X1,mult(X0,X1))) = ld(i(X1),rd(ld(ld(X0,X1),X1),X1)) [backward demodulation 102475,116801]
116972. ld(X0,rd(X0,mult(X0,mult(X1,X0)))) = mult(i(mult(X1,X0)),i(X0)) [forward demodulation 116928,11940]
116984. i(rd(X1,mult(X0,X1))) = ld(i(X1),rd(X1,mult(ld(X0,X1),X1))) [forward demodulation 116939,116801]
117062. rd(X1,ld(X1,ld(i(X1),X0))) = rd(ld(mult(X0,i(X1)),X1),X1) [superposition 115782,18934]
117065. rd(X0,ld(i(X0),X1)) = rd(ld(mult(X0,rd(X1,X0)),X0),X0) [superposition 115782,21144]
117074. rd(X1,mult(X1,ld(X0,X1))) = rd(ld(i(rd(X0,X1)),X1),X1) [superposition 115782,91955]
117102. mult(mult(X0,rd(X0,X1)),X0) = ld(i(X0),ld(rd(X1,X0),X0)) [superposition 20602,115782]
117132. mult(X1,ld(ld(i(X1),X0),X1)) = rd(ld(mult(X0,i(X1)),X1),X1) [forward demodulation 117062,68678]
117134. rd(X0,ld(i(X0),X1)) = rd(ld(X0,rd(X0,rd(X1,X0))),X0) [forward demodulation 117065,67026]
117154. i(rd(X1,X0)) = rd(ld(i(rd(X0,X1)),X1),X1) [forward demodulation 117074,42634]
117190. mult(mult(X1,rd(X1,X0)),X1) = mult(mult(X1,X1),i(ld(X1,X0))) [backward demodulation 115636,117102]
117760. rd(mult(X1,rd(i(X1),X0)),X1) = mult(X1,ld(rd(X0,i(X1)),i(X1))) [superposition 26915,116784]
118182. ld(X1,X0) = mult(rd(X0,mult(X1,X0)),X0) [superposition 3,116801]
118883. ld(ld(X0,X1),i(X0)) = mult(rd(i(X0),ld(X0,rd(X1,X0))),i(X0)) [superposition 118182,18475]
118890. ld(mult(X0,rd(X1,X0)),X0) = mult(rd(X0,ld(i(X0),X1)),X0) [superposition 118182,20602]
118976. ld(ld(X0,X1),i(X0)) = mult(ld(X1,X0),i(X0)) [forward demodulation 118883,115885]
118977. ld(ld(X0,X1),i(X0)) = ld(X0,i(rd(X1,X0))) [forward demodulation 118976,92317]
118985. ld(X0,rd(X0,X1)) = mult(i(X0),ld(X0,i(rd(rd(X1,X0),X0)))) [backward demodulation 115878,118977]
118993. ld(X0,rd(X0,rd(X1,X0))) = mult(rd(X0,ld(i(X0),X1)),X0) [forward demodulation 118890,67026]
120384. rd(X0,rd(X1,i(X0))) = ld(rd(mult(ld(X0,X1),X0),X0),i(X0)) [superposition 115846,25303]
120398. rd(i(X0),rd(X1,X0)) = ld(rd(rd(mult(X0,X1),X0),i(X0)),i(i(X0))) [superposition 115846,14867]
120402. ld(mult(X0,i(X1)),i(X1)) = rd(X1,ld(i(X1),X0)) [superposition 115846,18934]
120408. rd(i(X0),X1) = ld(rd(ld(i(X0),X1),i(X0)),X0) [superposition 115846,83]
120410. rd(ld(X0,X1),X0) = rd(i(X0),rd(X0,X1)) [superposition 34,115846]
120418. i(rd(rd(ld(X0,X1),X0),i(X0))) = rd(mult(i(X0),rd(X0,X1)),i(X0)) [superposition 91955,115846]
120439. rd(X0,rd(X1,i(X0))) = ld(ld(X0,X1),i(X0)) [forward demodulation 120384,4]
120440. rd(X0,rd(X1,i(X0))) = ld(X0,i(rd(X1,X0))) [forward demodulation 120439,118977]
120441. mult(i(mult(X1,X0)),X1) = ld(X1,i(rd(X0,X1))) [backward demodulation 19736,120440]
120448. ld(X0,i(rd(rd(X1,X0),X0))) = mult(X0,ld(ld(i(X0),X1),X0)) [backward demodulation 68730,120441]
120459. ld(X1,i(rd(rd(X0,X1),X1))) = rd(ld(mult(X0,i(X1)),X1),X1) [backward demodulation 117132,120448]
120495. rd(i(X0),rd(X1,X0)) = ld(rd(rd(mult(X0,X1),X0),i(X0)),X0) [forward demodulation 120398,83]
120496. rd(i(X0),rd(X1,X0)) = ld(ld(X0,ld(i(X0),mult(X0,X1))),X0) [forward demodulation 120495,18423]
120497. rd(i(X0),rd(X1,X0)) = ld(ld(X0,mult(mult(X0,X0),X1)),X0) [forward demodulation 120496,13473]
120498. ld(ld(i(X0),X1),X0) = rd(i(X0),rd(X1,X0)) [forward demodulation 120497,12945]
120499. ld(ld(i(X1),X0),X1) = mult(i(X1),rd(X1,X0)) [backward demodulation 115847,120498]
120501. ld(ld(i(X0),X1),X0) = mult(i(mult(i(X0),X1)),i(X0)) [backward demodulation 115856,120499]
120516. ld(i(X1),i(X0)) = mult(rd(X1,ld(i(X1),X0)),X1) [backward demodulation 90738,120402]
120526. ld(i(X0),i(X1)) = ld(X0,rd(X0,rd(X1,X0))) [backward demodulation 118993,120516]
120529. rd(X0,ld(i(X0),X1)) = rd(ld(i(X0),i(X1)),X0) [backward demodulation 117134,120526]
120535. rd(X0,ld(i(X0),X1)) = mult(X0,rd(i(X1),X0)) [forward demodulation 120529,21144]
120537. ld(mult(mult(X0,X0),X1),X0) = ld(X0,mult(X0,rd(i(X1),X0))) [backward demodulation 70921,120535]
120543. ld(mult(mult(X0,X0),X1),X0) = rd(i(X1),X0) [forward demodulation 120537,2]
120547. mult(X0,i(mult(mult(X0,X1),X0))) = rd(i(X1),X0) [backward demodulation 27494,120543]
120567. ld(mult(mult(X0,X1),X0),X0) = rd(i(X0),X1) [forward demodulation 120408,18942]
120568. mult(X0,i(mult(mult(X1,X0),X0))) = rd(i(X0),X1) [backward demodulation 1133,120567]
120569. i(mult(mult(X1,X0),X0)) = ld(X0,rd(i(X0),X1)) [backward demodulation 15455,120567]
120599. i(rd(rd(ld(X0,X1),X0),i(X0))) = mult(ld(X0,rd(X0,X1)),X0) [forward demodulation 120418,25186]
120600. mult(ld(X0,rd(X0,X1)),X0) = i(ld(X0,ld(i(X0),ld(X0,X1)))) [forward demodulation 120599,18423]
120601. mult(ld(X0,rd(X0,X1)),X0) = i(ld(X0,ld(X0,ld(i(X0),X1)))) [forward demodulation 120600,13784]
120602. i(mult(i(X0),X1)) = mult(ld(X0,rd(X0,X1)),X0) [forward demodulation 120601,16711]
121179. ld(X0,rd(X0,i(mult(mult(X1,X0),X0)))) = ld(rd(i(X0),X1),X0) [superposition 67026,120568]
121468. rd(ld(i(X0),X1),i(X0)) = rd(X0,rd(i(X0),X1)) [superposition 120410,83]
121470. rd(i(X1),X0) = rd(ld(X1,ld(X0,X1)),X1) [superposition 120410,34]
121498. mult(mult(X0,X1),X0) = rd(X0,rd(i(X0),X1)) [forward demodulation 121468,18942]
121505. mult(ld(i(X1),X0),X0) = ld(rd(i(X0),X1),X0) [backward demodulation 116777,121470]
121600. mult(i(mult(X0,X1)),X0) = mult(X0,rd(i(X0),X1)) [superposition 50051,120567]
121610. i(rd(mult(mult(X0,X1),X0),X0)) = rd(mult(X0,rd(i(X0),X1)),X0) [superposition 91955,120567]
121612. ld(i(mult(mult(X0,X1),X0)),X0) = rd(X0,ld(X0,rd(i(X0),X1))) [superposition 100786,120567]
121678. ld(X0,i(rd(X1,X0))) = mult(X0,rd(i(X0),X1)) [forward demodulation 121600,120441]
121680. mult(X1,ld(rd(X0,i(X1)),i(X1))) = rd(ld(X1,i(rd(X0,X1))),X1) [backward demodulation 117760,121678]
121689. rd(ld(X0,i(rd(X1,X0))),X0) = i(rd(mult(mult(X0,X1),X0),X0)) [forward demodulation 121610,121678]
121690. i(mult(X0,X1)) = rd(ld(X0,i(rd(X1,X0))),X0) [forward demodulation 121689,4]
121691. i(mult(X1,X0)) = mult(X1,ld(rd(X0,i(X1)),i(X1))) [backward demodulation 121680,121690]
121695. ld(i(mult(mult(X0,X1),X0)),X0) = rd(X0,i(mult(mult(X1,X0),X0))) [forward demodulation 121612,120569]
121696. ld(rd(i(X0),X1),X0) = ld(X0,ld(i(mult(mult(X0,X1),X0)),X0)) [backward demodulation 121179,121695]
125168. ld(X1,i(X0)) = rd(X0,ld(i(X0),rd(X1,i(X0)))) [superposition 115885,83]
125203. rd(X0,mult(X0,mult(X1,X0))) = ld(X1,i(X0)) [forward demodulation 125168,19706]
125204. mult(i(mult(X0,mult(X0,X1))),X0) = ld(X1,i(X0)) [backward demodulation 596,125203]
125209. mult(i(mult(X1,X0)),i(X0)) = ld(X0,ld(X1,i(X0))) [backward demodulation 116972,125203]
125238. i(X0) = mult(ld(X0,ld(ld(X0,X1),i(X0))),X1) [backward demodulation 31894,125209]
125239. i(X0) = mult(ld(X0,ld(X0,i(rd(X1,X0)))),X1) [forward demodulation 125238,118977]
125312. mult(i(mult(X0,rd(X0,mult(X1,X1)))),X0) = ld(i(mult(X1,X1)),i(X0)) [superposition 125204,34722]
125733. mult(mult(X1,X1),i(X0)) = mult(i(mult(X0,rd(X0,mult(X1,X1)))),X0) [forward demodulation 125312,21247]
125734. i(rd(X0,mult(X1,X1))) = mult(mult(X1,X1),i(X0)) [forward demodulation 125733,77469]
127132. rd(X0,ld(X0,ld(X1,X0))) = rd(ld(rd(i(X0),X1),X0),X0) [superposition 115782,121470]
127229. ld(i(X1),X0) = rd(ld(rd(i(X0),X1),X0),X0) [forward demodulation 127132,100786]
127978. mult(mult(X0,rd(X0,X1)),X0) = rd(X0,rd(ld(X0,X1),X0)) [superposition 121498,120410]
128012. ld(mult(X0,i(X1)),X1) = ld(X1,mult(mult(X1,rd(X1,X0)),X1)) [backward demodulation 70928,127978]
128014. i(rd(X0,mult(X1,X1))) = rd(mult(mult(X1,rd(X1,X0)),X1),X1) [backward demodulation 91970,127978]
128018. mult(X1,rd(X1,X0)) = i(rd(X0,mult(X1,X1))) [forward demodulation 128014,4]
128021. mult(X1,rd(X1,X0)) = mult(mult(X1,X1),i(X0)) [backward demodulation 125734,128018]
128025. mult(mult(X1,rd(X1,X0)),X1) = mult(X1,rd(X1,ld(X1,X0))) [backward demodulation 117190,128021]
128026. mult(mult(X1,rd(X1,X0)),X1) = mult(X1,mult(X1,ld(X0,X1))) [forward demodulation 128025,68678]
128030. ld(mult(X0,i(X1)),X1) = ld(X1,mult(X1,mult(X1,ld(X0,X1)))) [backward demodulation 128012,128026]
128032. mult(X1,ld(X0,X1)) = ld(mult(X0,i(X1)),X1) [forward demodulation 128030,2]
128034. rd(mult(X1,ld(X0,X1)),X1) = ld(X1,i(rd(rd(X0,X1),X1))) [backward demodulation 120459,128032]
128043. i(rd(X0,X1)) = ld(X1,i(rd(rd(X0,X1),X1))) [forward demodulation 128034,91955]
128045. mult(i(X0),i(rd(X1,X0))) = ld(X0,rd(X0,X1)) [backward demodulation 118985,128043]
128049. rd(X0,mult(X1,X0)) = ld(X0,rd(X0,X1)) [backward demodulation 116936,128045]
128073. i(ld(X1,rd(X1,X0))) = ld(i(X1),rd(X1,mult(ld(X0,X1),X1))) [backward demodulation 116984,128049]
128077. ld(X1,X0) = mult(ld(X0,rd(X0,X1)),X0) [backward demodulation 118182,128049]
128141. i(ld(X1,rd(X1,X0))) = ld(i(X1),ld(X1,rd(X1,ld(X0,X1)))) [forward demodulation 128073,128049]
128142. ld(i(X1),ld(X1,X0)) = i(ld(X1,rd(X1,X0))) [forward demodulation 128141,34]
128143. ld(X0,ld(i(X0),X1)) = i(ld(X0,rd(X0,X1))) [backward demodulation 13784,128142]
128144. mult(X1,mult(i(X1),X0)) = i(ld(X1,rd(X1,X0))) [backward demodulation 12853,128143]
128159. mult(X0,i(X1)) = rd(i(ld(X1,rd(X1,X0))),X1) [backward demodulation 18934,128143]
128384. ld(X1,X0) = i(mult(i(X0),X1)) [backward demodulation 120602,128077]
128386. mult(ld(X1,X0),X0) = ld(i(mult(i(X1),X0)),X0) [backward demodulation 90857,128384]
128391. ld(ld(i(X0),X1),X0) = mult(ld(X1,X0),i(X0)) [backward demodulation 120501,128384]
128402. mult(ld(X1,X0),X0) = ld(ld(X0,X1),X0) [forward demodulation 128386,128384]
128440. ld(rd(i(X0),X1),X0) = ld(ld(X0,i(X1)),X0) [backward demodulation 121505,128402]
128463. ld(X0,ld(i(mult(mult(X0,X1),X0)),X0)) = ld(ld(X0,i(X1)),X0) [backward demodulation 121696,128440]
128464. ld(i(X1),X0) = rd(ld(ld(X0,i(X1)),X0),X0) [backward demodulation 127229,128440]
128470. ld(ld(i(X0),X1),X0) = ld(X0,i(rd(X1,X0))) [forward demodulation 128391,92317]
128472. i(mult(X1,X0)) = ld(X0,ld(X0,i(rd(X1,X0)))) [backward demodulation 112587,128470]
128492. i(X0) = mult(i(mult(X1,X0)),X1) [backward demodulation 125239,128472]
128493. i(X0) = ld(X1,i(rd(X0,X1))) [backward demodulation 120441,128492]
128497. i(X1) = mult(ld(X1,X0),i(X0)) [backward demodulation 92317,128493]
128522. i(mult(X0,X1)) = ld(X1,i(X0)) [backward demodulation 90633,128497]
128566. ld(i(mult(X1,X0)),X0) = ld(X0,ld(i(mult(mult(X0,X1),X0)),X0)) [backward demodulation 128463,128522]
128567. ld(i(X1),X0) = rd(ld(i(mult(X1,X0)),X0),X0) [backward demodulation 128464,128522]
128624. i(mult(X1,X0)) = mult(X1,i(mult(X1,rd(X0,i(X1))))) [backward demodulation 121691,128522]
128769. i(mult(X1,X0)) = mult(X1,i(mult(mult(X1,X0),X1))) [forward demodulation 128624,20696]
128770. i(mult(X0,X1)) = rd(i(X1),X0) [backward demodulation 120547,128769]
128787. mult(mult(X0,X1),X0) = rd(X0,i(mult(X1,X0))) [backward demodulation 121498,128770]
128875. mult(mult(X0,mult(X1,X0)),X0) = ld(i(mult(mult(X0,X1),X0)),X0) [backward demodulation 121695,128787]
128876. mult(X0,mult(X1,mult(X0,X0))) = ld(i(mult(mult(X0,X1),X0)),X0) [forward demodulation 128875,27095]
128877. ld(X0,mult(X0,mult(X1,mult(X0,X0)))) = ld(i(mult(X1,X0)),X0) [backward demodulation 128566,128876]
128881. mult(X1,mult(X0,X0)) = ld(i(mult(X1,X0)),X0) [forward demodulation 128877,2]
128882. ld(i(X1),X0) = rd(mult(X1,mult(X0,X0)),X0) [backward demodulation 128567,128881]
128888. ld(i(X0),X1) = rd(X0,i(X1)) [backward demodulation 73614,128882]
128941. mult(ld(X0,X1),X0) = ld(X0,ld(i(X1),X0)) [backward demodulation 25303,128888]
129138. mult(ld(X0,X1),X0) = ld(ld(X1,X0),X0) [forward demodulation 128941,78959]
129159. mult(i(X0),X1) = mult(ld(ld(X1,X0),X0),i(X0)) [backward demodulation 27001,129138]
129212. mult(i(X0),X1) = i(ld(X1,X0)) [forward demodulation 129159,128497]
129316. mult(X1,i(ld(X0,X1))) = i(ld(X1,rd(X1,X0))) [backward demodulation 128144,129212]
129505. ld(i(rd(X1,X0)),X0) = i(ld(X0,rd(X0,X1))) [backward demodulation 113959,129316]
129514. i(rd(X1,X0)) = rd(i(ld(X1,rd(X1,X0))),X1) [backward demodulation 117154,129505]
129523. mult(X0,i(X1)) = i(rd(X1,X0)) [backward demodulation 128159,129514]
133894. i(b) != i(rd(mult(b,a),a)) [superposition 11,129523]
135228. i(b) != i(b) [forward demodulation 133894,4]
135229. $false [trivial inequality removal 135228]
% SZS output end Proof for GRP701-1
% ------------------------------
% Version: Vampire 4.9 (Release build, commit 0accf6da4 on 2024-12-10 11:55:58 +0000)
% Termination reason: Refutation

% Time elapsed: 9.430 s
% Instructions burned: 20988 (million)
% ------------------------------
% ------------------------------
