% Running in auto input_syntax mode. Trying TPTP
% Refutation found. Thanks to Tanya!
% SZS status Unsatisfiable for GRP563-1
% SZS output start Proof for GRP563-1
1. divide(divide(divide(X0,inverse(X1)),X2),divide(X0,X2)) = X1 [input(axiom)]
2. multiply(X0,X1) = divide(X0,inverse(X1)) [input(axiom)]
3. divide(X0,inverse(X1)) = multiply(X0,X1) [reorient equations 2]
4. multiply(multiply(a3,b3),c3) != multiply(a3,multiply(b3,c3)) [input(negated conjecture)]
5. divide(divide(a3,inverse(b3)),inverse(c3)) != divide(a3,inverse(divide(b3,inverse(c3)))) [definition unfolding 4,3,3,3,3]
6. divide(X0,divide(divide(X1,inverse(X0)),divide(X1,inverse(X2)))) = X2 [superposition 1,1]
7. divide(divide(divide(divide(divide(X1,inverse(X0)),X2),inverse(X3)),divide(X1,X2)),X0) = X3 [superposition 1,1]
9. divide(X0,divide(X1,divide(divide(X3,inverse(divide(X1,inverse(X2)))),divide(X3,inverse(X0))))) = X2 [superposition 1,6]
13. divide(divide(X0,divide(divide(divide(X1,inverse(inverse(X2))),X3),divide(X1,X3))),X0) = X2 [superposition 7,7]
20. divide(divide(X0,X4),divide(divide(divide(divide(divide(X1,inverse(inverse(X2))),X3),inverse(X0)),divide(X1,X3)),X4)) = X2 [superposition 1,7]
21. divide(divide(X0,inverse(X2)),X0) = X2 [forward demodulation 13,1]
27. divide(X0,divide(X1,X1)) = X0 [superposition 1,21]
61. divide(divide(X0,X0),inverse(X1)) = X1 [superposition 21,27]
92. divide(X1,divide(divide(divide(X2,X2),inverse(X1)),X0)) = X0 [superposition 6,61]
102. divide(divide(divide(divide(X1,X1),inverse(X2)),inverse(X0)),X0) = X2 [superposition 1,61]
105. divide(divide(X2,inverse(X0)),X0) = X2 [forward demodulation 102,61]
111. divide(X1,divide(X1,X0)) = X0 [forward demodulation 92,61]
174. inverse(X0) = divide(divide(X1,X1),X0) [superposition 111,61]
176. divide(divide(X2,inverse(X1)),divide(X2,inverse(X0))) = divide(X1,X0) [superposition 111,6]
177. divide(X1,X1) = divide(X0,X0) [superposition 111,27]
178. divide(X2,divide(divide(X3,inverse(divide(X2,inverse(X0)))),divide(X3,inverse(X1)))) = divide(X1,X0) [superposition 111,9]
212. divide(divide(X1,X2),divide(divide(divide(X0,inverse(X1)),divide(X3,divide(divide(X5,inverse(divide(X3,inverse(inverse(X4))))),divide(X5,inverse(X0))))),X2)) = X4 [superposition 20,6]
266. divide(divide(X1,X2),divide(divide(divide(X0,inverse(X1)),divide(X0,inverse(X4))),X2)) = X4 [forward demodulation 212,178]
286. divide(divide(X1,X2),divide(divide(X1,X4),X2)) = X4 [forward demodulation 266,176]
345. divide(divide(X0,X0),divide(X1,divide(X1,inverse(X2)))) = X2 [superposition 1,177]
381. inverse(divide(X1,divide(X1,inverse(X2)))) = X2 [forward demodulation 345,174]
416. inverse(inverse(X2)) = X2 [forward demodulation 381,111]
612. inverse(X0) = divide(divide(X1,X0),X1) [superposition 21,416]
1159. divide(X3,inverse(divide(divide(X0,inverse(divide(divide(X1,X1),inverse(X2)))),divide(X0,inverse(X3))))) = X2 [superposition 9,174]
1167. divide(X3,inverse(divide(divide(divide(X1,X1),inverse(X2)),X3))) = X2 [forward demodulation 1159,176]
1217. divide(X3,inverse(divide(X2,X3))) = X2 [forward demodulation 1167,61]
2849. divide(X0,inverse(X1)) = divide(X1,inverse(X0)) [superposition 1217,105]
2915. divide(X1,X0) = inverse(divide(X0,X1)) [superposition 111,1217]
3248. divide(inverse(X1),X0) = divide(inverse(X0),X1) [superposition 105,612]
3601. divide(X0,divide(X1,X2)) = inverse(divide(divide(X1,X0),X2)) [superposition 612,286]
3621. divide(X0,divide(X1,X2)) = divide(X2,divide(X1,X0)) [forward demodulation 3601,2915]
9988. divide(a3,inverse(divide(b3,inverse(c3)))) != divide(c3,inverse(divide(a3,inverse(b3)))) [superposition 5,2849]
10134. divide(a3,inverse(divide(b3,inverse(c3)))) != divide(c3,divide(inverse(b3),a3)) [forward demodulation 9988,2915]
10392. divide(a3,inverse(divide(b3,inverse(c3)))) != divide(a3,divide(inverse(b3),c3)) [forward demodulation 10134,3621]
10593. divide(a3,divide(inverse(b3),c3)) != divide(a3,divide(inverse(c3),b3)) [forward demodulation 10392,2915]
10754. divide(a3,divide(inverse(b3),c3)) != divide(a3,divide(inverse(b3),c3)) [forward demodulation 10593,3248]
10755. $false [trivial inequality removal 10754]
% SZS output end Proof for GRP563-1
% ------------------------------
% Version: Vampire 5.0.0 (Release build, commit 2e2c9b7b8 on 2026-01-17 12:24:14 +0100)
% Linked with Z3 4.14.0.0 3c47fd96cf5645d0c42b2c819d9e9a84380aa721 z3-4.8.4-9178-g3c47fd96c
% CaDiCaL version: 2.1.3
% Termination reason: Refutation
% Time elapsed: 0.142 s
% Peak memory usage: 57 MB
% Instructions burned: 380 (million)
% ------------------------------
% ------------------------------
