% Running in auto input_syntax mode. Trying TPTP
% Refutation found. Thanks to Tanya!
% SZS status Unsatisfiable for GRP433-1
% SZS output start Proof for GRP433-1
1. inverse(multiply(multiply(multiply(inverse(multiply(multiply(X0,X1),X2)),X0),X1),multiply(X3,inverse(X3)))) = X2 [input(axiom)]
2. multiply(inverse(a1),a1) != multiply(inverse(b1),b1) [input(negated conjecture)]
3. multiply(X3,inverse(X3)) = inverse(multiply(multiply(multiply(X0,multiply(inverse(multiply(multiply(X1,X2),X0)),X1)),X2),multiply(X4,inverse(X4)))) [superposition 1,1]
4. inverse(multiply(multiply(multiply(inverse(multiply(multiply(X1,X2),X3)),X1),X2),multiply(multiply(multiply(multiply(inverse(multiply(multiply(X4,X5),X0)),X4),X5),multiply(X6,inverse(X6))),X0))) = X3 [superposition 1,1]
9. multiply(X4,inverse(X4)) = inverse(multiply(multiply(multiply(inverse(multiply(X5,X6)),multiply(inverse(inverse(multiply(multiply(multiply(X0,multiply(inverse(multiply(multiply(X1,X2),X0)),X1)),X2),multiply(X3,inverse(X3))))),X5)),X6),multiply(X7,inverse(X7)))) [superposition 3,3]
15. multiply(X0,inverse(X0)) = multiply(X1,inverse(X1)) [superposition 3,3]
18. inverse(multiply(X4,X5)) = inverse(multiply(multiply(multiply(inverse(inverse(multiply(multiply(multiply(X0,multiply(inverse(multiply(multiply(X1,X2),X0)),X1)),X2),multiply(X3,inverse(X3))))),X4),X5),multiply(X6,inverse(X6)))) [superposition 1,3]
33. inverse(multiply(multiply(multiply(inverse(multiply(multiply(X1,X2),X3)),X1),X2),multiply(multiply(multiply(multiply(inverse(multiply(multiply(X4,X5),X6)),X4),X5),multiply(multiply(multiply(multiply(inverse(multiply(multiply(X7,X8),X0)),X7),X8),multiply(multiply(multiply(multiply(inverse(multiply(multiply(X9,X10),X11)),X9),X10),multiply(X12,inverse(X12))),X11)),X0)),X6))) = X3 [superposition 4,4]
37. multiply(X1,inverse(X1)) = inverse(multiply(multiply(multiply(X2,multiply(inverse(multiply(multiply(X3,X4),X2)),X3)),X4),multiply(multiply(multiply(multiply(inverse(multiply(multiply(X5,X6),X0)),X5),X6),multiply(multiply(multiply(multiply(inverse(multiply(multiply(X7,X8),X9)),X7),X8),multiply(X10,inverse(X10))),X9)),X0))) [superposition 3,4]
39. inverse(multiply(multiply(multiply(inverse(multiply(multiply(X1,X2),X3)),X1),X2),multiply(multiply(multiply(multiply(inverse(multiply(multiply(X4,X5),X0)),X4),X5),multiply(multiply(multiply(multiply(inverse(multiply(multiply(X6,X7),X8)),X6),X7),multiply(X9,inverse(X9))),X8)),X0))) = X3 [superposition 1,4]
71. inverse(multiply(multiply(multiply(inverse(multiply(multiply(X0,inverse(X0)),X2)),X1),inverse(X1)),multiply(X3,inverse(X3)))) = X2 [superposition 1,15]
75. inverse(multiply(X1,X2)) = inverse(multiply(multiply(multiply(inverse(multiply(X0,inverse(X0))),X1),X2),multiply(X3,inverse(X3)))) [superposition 1,15]
149. inverse(multiply(X4,inverse(X4))) = inverse(multiply(multiply(multiply(inverse(inverse(multiply(multiply(multiply(X0,multiply(inverse(multiply(multiply(X1,X2),X0)),X1)),X2),multiply(X3,inverse(X3))))),X5),inverse(X5)),multiply(X6,inverse(X6)))) [superposition 71,3]
182. inverse(multiply(X5,inverse(X5))) = inverse(multiply(X4,inverse(X4))) [forward demodulation 149,18]
263. inverse(multiply(X1,inverse(X1))) = inverse(multiply(multiply(X2,inverse(X2)),inverse(multiply(X0,inverse(X0))))) [superposition 182,182]
304. multiply(X1,inverse(X1)) = multiply(multiply(X2,inverse(X2)),inverse(multiply(X0,inverse(X0)))) [superposition 15,182]
538. multiply(X1,inverse(X1)) = inverse(multiply(multiply(multiply(inverse(multiply(X2,inverse(X2))),multiply(inverse(multiply(X0,inverse(X0))),X3)),inverse(X3)),multiply(X4,inverse(X4)))) [superposition 3,304]
574. multiply(X1,inverse(X1)) = inverse(multiply(multiply(inverse(multiply(X0,inverse(X0))),X3),inverse(X3))) [forward demodulation 538,75]
743. multiply(X1,inverse(X1)) = inverse(multiply(multiply(X0,inverse(X0)),inverse(inverse(inverse(multiply(X2,inverse(X2))))))) [superposition 574,15]
805. inverse(X2) = inverse(multiply(multiply(multiply(multiply(X0,inverse(X0)),inverse(multiply(X1,inverse(X1)))),X2),multiply(X3,inverse(X3)))) [superposition 1,574]
901. inverse(multiply(inverse(inverse(inverse(multiply(multiply(multiply(X2,multiply(inverse(multiply(multiply(X3,X4),X2)),X3)),X4),multiply(X5,inverse(X5)))))),X6)) = inverse(multiply(multiply(multiply(multiply(X0,inverse(X0)),inverse(multiply(X1,inverse(X1)))),X6),multiply(X7,inverse(X7)))) [superposition 18,304]
973. inverse(X6) = inverse(multiply(inverse(inverse(inverse(multiply(multiply(multiply(X2,multiply(inverse(multiply(multiply(X3,X4),X2)),X3)),X4),multiply(X5,inverse(X5)))))),X6)) [forward demodulation 901,805]
1438. inverse(multiply(inverse(inverse(inverse(multiply(multiply(multiply(X2,multiply(inverse(multiply(multiply(X3,X4),X2)),X3)),X4),multiply(X5,inverse(X5)))))),X6)) = inverse(multiply(multiply(inverse(multiply(multiply(X0,inverse(X0)),inverse(inverse(inverse(multiply(X1,inverse(X1))))))),X6),multiply(X7,inverse(X7)))) [superposition 18,743]
1550. inverse(X6) = inverse(multiply(multiply(inverse(multiply(multiply(X0,inverse(X0)),inverse(inverse(inverse(multiply(X1,inverse(X1))))))),X6),multiply(X7,inverse(X7)))) [forward demodulation 1438,973]
2263. inverse(multiply(inverse(inverse(multiply(X2,inverse(X2)))),X3)) = inverse(multiply(multiply(inverse(multiply(multiply(X0,inverse(X0)),inverse(inverse(inverse(multiply(X1,inverse(X1))))))),X3),multiply(X4,inverse(X4)))) [superposition 75,743]
2378. inverse(X3) = inverse(multiply(inverse(inverse(multiply(X2,inverse(X2)))),X3)) [forward demodulation 2263,1550]
2728. inverse(X2) = inverse(multiply(inverse(inverse(multiply(multiply(X0,inverse(X0)),inverse(multiply(X1,inverse(X1)))))),X2)) [superposition 2378,263]
2731. inverse(X1) = inverse(multiply(inverse(inverse(inverse(inverse(inverse(multiply(X0,inverse(X0))))))),X1)) [superposition 2378,2378]
3895. inverse(X1) = inverse(multiply(inverse(inverse(inverse(inverse(inverse(inverse(inverse(inverse(multiply(X0,inverse(X0)))))))))),X1)) [superposition 2378,2731]
4152. multiply(X1,inverse(X1)) = inverse(multiply(multiply(multiply(inverse(multiply(inverse(inverse(inverse(multiply(multiply(multiply(X2,multiply(inverse(multiply(multiply(X3,X4),X2)),X3)),X4),multiply(X5,inverse(X5)))))),X6)),multiply(X0,inverse(X0))),X6),multiply(X7,inverse(X7)))) [superposition 9,15]
4408. multiply(X1,inverse(X1)) = inverse(multiply(multiply(multiply(inverse(X6),multiply(X0,inverse(X0))),X6),multiply(X7,inverse(X7)))) [forward demodulation 4152,973]
16025. multiply(X0,inverse(X0)) = inverse(multiply(multiply(X1,inverse(X1)),multiply(X2,inverse(X2)))) [superposition 75,4408]
16929. multiply(X1,inverse(X1)) = inverse(multiply(multiply(multiply(multiply(X2,inverse(X2)),inverse(multiply(X3,inverse(X3)))),inverse(multiply(X0,inverse(X0)))),multiply(X4,inverse(X4)))) [superposition 16025,263]
17502. multiply(X1,inverse(X1)) = inverse(inverse(multiply(X0,inverse(X0)))) [forward demodulation 16929,805]
18362. inverse(multiply(multiply(inverse(inverse(multiply(X0,inverse(X0)))),inverse(inverse(inverse(multiply(multiply(X1,inverse(X1)),X2))))),multiply(X3,inverse(X3)))) = X2 [superposition 71,17502]
18373. inverse(multiply(inverse(inverse(inverse(multiply(multiply(multiply(X1,multiply(inverse(multiply(multiply(X2,X3),X1)),X2)),X3),multiply(X4,inverse(X4)))))),X5)) = inverse(multiply(multiply(inverse(inverse(multiply(X0,inverse(X0)))),X5),multiply(X6,inverse(X6)))) [superposition 18,17502]
18549. inverse(multiply(multiply(multiply(inverse(multiply(inverse(inverse(multiply(X0,inverse(X0)))),X2)),X1),inverse(X1)),multiply(multiply(multiply(multiply(inverse(multiply(multiply(X3,X4),X5)),X3),X4),multiply(multiply(multiply(multiply(inverse(multiply(multiply(X6,X7),X8)),X6),X7),multiply(X9,inverse(X9))),X8)),X5))) = X2 [superposition 39,17502]
18617. inverse(X1) = inverse(multiply(multiply(X0,inverse(X0)),X1)) [superposition 2378,17502]
18769. inverse(multiply(multiply(multiply(inverse(X2),X1),inverse(X1)),multiply(multiply(multiply(multiply(inverse(multiply(multiply(X3,X4),X5)),X3),X4),multiply(multiply(multiply(multiply(inverse(multiply(multiply(X6,X7),X8)),X6),X7),multiply(X9,inverse(X9))),X8)),X5))) = X2 [forward demodulation 18549,2378]
18836. inverse(X5) = inverse(multiply(multiply(inverse(inverse(multiply(X0,inverse(X0)))),X5),multiply(X6,inverse(X6)))) [forward demodulation 18373,973]
18844. inverse(multiply(multiply(inverse(inverse(multiply(X0,inverse(X0)))),inverse(inverse(inverse(X2)))),multiply(X3,inverse(X3)))) = X2 [forward demodulation 18362,18617]
18879. inverse(inverse(inverse(inverse(X2)))) = X2 [forward demodulation 18844,18836]
19405. inverse(multiply(inverse(inverse(inverse(multiply(multiply(multiply(X10,multiply(inverse(multiply(multiply(X11,X12),X10)),X11)),X12),multiply(X13,inverse(X13)))))),X14)) = inverse(multiply(multiply(inverse(multiply(multiply(multiply(X0,multiply(inverse(multiply(multiply(X1,X2),X0)),X1)),X2),multiply(multiply(multiply(multiply(inverse(multiply(multiply(X3,X4),X5)),X3),X4),multiply(multiply(multiply(multiply(inverse(multiply(multiply(X6,X7),X8)),X6),X7),multiply(X9,inverse(X9))),X8)),X5))),X14),multiply(X15,inverse(X15)))) [superposition 18,37]
19583. inverse(multiply(multiply(multiply(inverse(multiply(inverse(multiply(multiply(multiply(X0,multiply(inverse(multiply(multiply(X1,X2),X0)),X1)),X2),multiply(multiply(multiply(multiply(inverse(multiply(multiply(X3,X4),X5)),X3),X4),multiply(multiply(multiply(multiply(inverse(multiply(multiply(X6,X7),X8)),X6),X7),multiply(X9,inverse(X9))),X8)),X5))),X11)),X10),inverse(X10)),multiply(multiply(multiply(multiply(inverse(multiply(multiply(X12,X13),X14)),X12),X13),multiply(multiply(multiply(multiply(inverse(multiply(multiply(X15,X16),X17)),X15),X16),multiply(X18,inverse(X18))),X17)),X14))) = X11 [superposition 39,37]
19875. multiply(inverse(multiply(multiply(multiply(X0,multiply(inverse(multiply(multiply(X1,X2),X0)),X1)),X2),multiply(multiply(multiply(multiply(inverse(multiply(multiply(X3,X4),X5)),X3),X4),multiply(multiply(multiply(multiply(inverse(multiply(multiply(X6,X7),X8)),X6),X7),multiply(X9,inverse(X9))),X8)),X5))),X11) = X11 [forward demodulation 19583,18769]
19913. inverse(X14) = inverse(multiply(multiply(inverse(multiply(multiply(multiply(X0,multiply(inverse(multiply(multiply(X1,X2),X0)),X1)),X2),multiply(multiply(multiply(multiply(inverse(multiply(multiply(X3,X4),X5)),X3),X4),multiply(multiply(multiply(multiply(inverse(multiply(multiply(X6,X7),X8)),X6),X7),multiply(X9,inverse(X9))),X8)),X5))),X14),multiply(X15,inverse(X15)))) [forward demodulation 19405,973]
20061. inverse(X14) = inverse(multiply(X14,multiply(X15,inverse(X15)))) [forward demodulation 19913,19875]
20120. multiply(multiply(multiply(inverse(multiply(multiply(X1,X2),X0)),X1),X2),multiply(multiply(multiply(multiply(inverse(multiply(multiply(X3,X4),X5)),X3),X4),multiply(multiply(multiply(multiply(inverse(multiply(multiply(X6,X7),X8)),X6),X7),multiply(X9,inverse(X9))),X8)),X5)) = inverse(inverse(inverse(X0))) [superposition 18879,39]
20140. multiply(inverse(inverse(inverse(inverse(inverse(multiply(X1,inverse(X1))))))),X0) = inverse(inverse(inverse(inverse(X0)))) [superposition 18879,2731]
20141. multiply(inverse(inverse(inverse(inverse(inverse(inverse(inverse(inverse(multiply(X1,inverse(X1)))))))))),X0) = inverse(inverse(inverse(inverse(X0)))) [superposition 18879,3895]
20142. multiply(inverse(inverse(multiply(multiply(X1,inverse(X1)),inverse(multiply(X2,inverse(X2)))))),X0) = inverse(inverse(inverse(inverse(X0)))) [superposition 18879,2728]
20393. multiply(inverse(inverse(multiply(multiply(X1,inverse(X1)),inverse(multiply(X2,inverse(X2)))))),X0) = X0 [forward demodulation 20142,18879]
20394. multiply(inverse(inverse(inverse(inverse(inverse(inverse(inverse(inverse(multiply(X1,inverse(X1)))))))))),X0) = X0 [forward demodulation 20141,18879]
20395. multiply(inverse(inverse(inverse(inverse(inverse(multiply(X1,inverse(X1))))))),X0) = X0 [forward demodulation 20140,18879]
20438. multiply(inverse(inverse(inverse(multiply(X2,inverse(X2))))),X0) = X0 [forward demodulation 20393,18617]
20439. multiply(inverse(inverse(inverse(inverse(multiply(X1,inverse(X1)))))),X0) = X0 [forward demodulation 20394,18879]
20440. multiply(inverse(multiply(X1,inverse(X1))),X0) = X0 [forward demodulation 20395,18879]
20451. multiply(multiply(X1,inverse(X1)),X0) = X0 [forward demodulation 20439,18879]
24073. inverse(multiply(X1,X2)) = inverse(multiply(multiply(multiply(inverse(multiply(X3,inverse(X3))),X1),X2),inverse(multiply(X0,inverse(X0))))) [superposition 75,20451]
24228. inverse(multiply(X1,X2)) = inverse(multiply(multiply(X1,X2),inverse(multiply(X0,inverse(X0))))) [forward demodulation 24073,20440]
24625. inverse(multiply(multiply(multiply(inverse(multiply(multiply(X0,inverse(X0)),X3)),multiply(X1,inverse(X1))),inverse(multiply(X2,inverse(X2)))),multiply(multiply(multiply(multiply(inverse(multiply(multiply(X4,X5),X6)),X4),X5),multiply(multiply(multiply(multiply(inverse(multiply(multiply(X7,X8),X9)),X7),X8),multiply(multiply(multiply(multiply(inverse(multiply(multiply(X10,X11),X12)),X10),X11),multiply(X13,inverse(X13))),X12)),X9)),X6))) = X3 [superposition 33,304]
24662. inverse(multiply(X1,X2)) = inverse(multiply(multiply(multiply(inverse(inverse(inverse(multiply(X0,inverse(X0))))),X1),X2),multiply(multiply(multiply(multiply(inverse(multiply(multiply(X3,X4),X5)),X3),X4),multiply(multiply(multiply(multiply(inverse(multiply(multiply(X6,X7),X8)),X6),X7),multiply(multiply(multiply(multiply(inverse(multiply(multiply(X9,X10),X11)),X9),X10),multiply(X12,inverse(X12))),X11)),X8)),X5))) [superposition 33,17502]
25956. inverse(multiply(X1,X2)) = inverse(multiply(multiply(multiply(inverse(inverse(inverse(multiply(X0,inverse(X0))))),X1),X2),multiply(inverse(inverse(inverse(X5))),X5))) [forward demodulation 24662,20120]
25990. inverse(multiply(multiply(multiply(inverse(multiply(multiply(X0,inverse(X0)),X3)),multiply(X1,inverse(X1))),inverse(multiply(X2,inverse(X2)))),multiply(inverse(inverse(inverse(X6))),X6))) = X3 [forward demodulation 24625,20120]
26547. inverse(multiply(X1,X2)) = inverse(multiply(multiply(X1,X2),multiply(inverse(inverse(inverse(X5))),X5))) [forward demodulation 25956,20438]
26572. inverse(multiply(multiply(multiply(inverse(X3),multiply(X1,inverse(X1))),inverse(multiply(X2,inverse(X2)))),multiply(inverse(inverse(inverse(X6))),X6))) = X3 [forward demodulation 25990,18617]
26972. inverse(multiply(multiply(inverse(X3),multiply(X1,inverse(X1))),inverse(multiply(X2,inverse(X2))))) = X3 [forward demodulation 26572,26547]
27158. inverse(multiply(inverse(X3),multiply(X1,inverse(X1)))) = X3 [forward demodulation 26972,24228]
27215. inverse(inverse(X3)) = X3 [forward demodulation 27158,20061]
27383. multiply(X1,inverse(X1)) = multiply(inverse(X0),X0) [superposition 15,27215]
40150. multiply(inverse(a1),a1) != multiply(X0,inverse(X0)) [superposition 2,27383]
40288. $false [forward subsumption resolution 40150,27383]
% SZS output end Proof for GRP433-1
% ------------------------------
% Version: Vampire 5.0.0 (Release build, commit 2e2c9b7b8 on 2026-01-17 12:24:14 +0100)
% Linked with Z3 4.14.0.0 3c47fd96cf5645d0c42b2c819d9e9a84380aa721 z3-4.8.4-9178-g3c47fd96c
% CaDiCaL version: 2.1.3
% Termination reason: Refutation
% Time elapsed: 0.692 s
% Peak memory usage: 57 MB
% Instructions burned: 4035 (million)
% ------------------------------
% ------------------------------
