% Running in auto input_syntax mode. Trying TPTP
% Refutation found. Thanks to Tanya!
% SZS status Unsatisfiable for GRP471-1
% SZS output start Proof for GRP471-1
1. divide(inverse(divide(X0,divide(X1,divide(X2,X3)))),divide(divide(X3,X2),X0)) = X1 [input(axiom)]
2. multiply(X0,X1) = divide(X0,inverse(X1)) [input(axiom)]
3. multiply(multiply(a3,b3),c3) != multiply(a3,multiply(b3,c3)) [input(negated conjecture)]
4. divide(divide(a3,inverse(b3)),inverse(c3)) != divide(a3,inverse(divide(b3,inverse(c3)))) [definition unfolding 3,2,2,2,2]
6. inverse(divide(X2,divide(X0,divide(X3,X4)))) = divide(inverse(divide(X1,X0)),divide(divide(X2,divide(X4,X3)),X1)) [superposition 1,1]
7. divide(X4,X3) = divide(inverse(X0),divide(divide(X2,X1),inverse(divide(divide(X1,X2),divide(X0,divide(X3,X4)))))) [superposition 1,1]
8. divide(inverse(divide(X1,divide(X2,divide(divide(divide(X3,X4),X5),inverse(divide(X5,divide(X0,divide(X4,X3)))))))),divide(X0,X1)) = X2 [superposition 1,1]
11. inverse(divide(X1,divide(X2,divide(divide(divide(X3,X4),X5),inverse(divide(X5,divide(X0,divide(X4,X3)))))))) = divide(inverse(divide(X6,X2)),divide(divide(X1,X0),X6)) [superposition 6,1]
13. inverse(divide(inverse(divide(X1,divide(X0,divide(X2,X3)))),divide(X4,divide(X1,divide(X3,X2))))) = divide(inverse(divide(X5,X4)),divide(X0,X5)) [superposition 6,1]
14. inverse(divide(inverse(divide(X4,X1)),divide(X5,divide(X4,divide(X0,divide(X3,X2)))))) = divide(inverse(divide(X6,X5)),divide(inverse(divide(X0,divide(X1,divide(X2,X3)))),X6)) [superposition 6,6]
16. inverse(divide(X0,divide(divide(X1,divide(divide(X2,X3),X0)),divide(X3,X2)))) = X1 [superposition 1,6]
18. divide(X0,divide(X3,X2)) = divide(inverse(inverse(divide(X0,divide(X1,divide(X2,X3))))),divide(divide(X5,X4),inverse(divide(divide(X4,X5),X1)))) [superposition 1,6]
19. divide(inverse(divide(X4,divide(X5,divide(divide(divide(X0,divide(X3,X2)),X6),inverse(divide(X6,X1)))))),divide(inverse(divide(X0,divide(X1,divide(X2,X3)))),X4)) = X5 [superposition 1,6]
22. divide(X1,X2) = divide(inverse(X3),divide(X0,inverse(divide(divide(divide(divide(X6,X5),X4),inverse(divide(X4,divide(X0,divide(X5,X6))))),divide(X3,divide(X2,X1)))))) [superposition 7,1]
30. divide(divide(divide(X2,X3),inverse(divide(divide(X3,X2),divide(X4,divide(X1,X0))))),inverse(X4)) = divide(inverse(X5),divide(divide(X6,X7),inverse(divide(divide(X7,X6),divide(X5,divide(X0,X1)))))) [superposition 7,7]
32. divide(X4,divide(X0,divide(X3,X2))) = divide(inverse(inverse(divide(X4,X1))),divide(divide(X5,X6),inverse(divide(divide(X6,X5),inverse(divide(X0,divide(X1,divide(X2,X3)))))))) [superposition 7,6]
42. divide(X1,X0) = divide(divide(divide(X2,X3),inverse(divide(divide(X3,X2),divide(X4,divide(X1,X0))))),inverse(X4)) [forward demodulation 30,7]
51. inverse(inverse(divide(X0,divide(X1,divide(inverse(divide(divide(X2,X3),X1)),divide(X3,X2)))))) = X0 [superposition 16,6]
166. inverse(divide(X1,divide(X0,divide(divide(divide(X2,X3),X4),inverse(divide(X4,divide(divide(X5,X6),divide(X3,X2)))))))) = inverse(divide(X1,divide(X0,divide(X6,X5)))) [superposition 16,8]
209. divide(divide(divide(X6,X7),inverse(divide(divide(X7,X6),divide(X8,X0)))),inverse(X8)) = X0 [superposition 42,8]
216. divide(X1,X2) = divide(divide(divide(X3,X4),X0),inverse(divide(X0,divide(divide(X2,X1),divide(X4,X3))))) [superposition 42,16]
298. divide(inverse(divide(X0,X1)),divide(X2,X0)) = divide(inverse(divide(X6,X1)),divide(X2,X6)) [superposition 13,13]
615. divide(inverse(divide(X1,X2)),divide(inverse(divide(X3,divide(X0,divide(X4,X5)))),X1)) = divide(inverse(divide(divide(divide(X5,X4),X3),X2)),X0) [superposition 298,1]
620. divide(inverse(divide(X1,X2)),divide(inverse(divide(X3,divide(X0,divide(divide(divide(X4,X5),X6),inverse(divide(X6,divide(X7,divide(X5,X4)))))))),X1)) = divide(inverse(divide(divide(X7,X3),X2)),X0) [superposition 298,8]
1548. inverse(divide(inverse(divide(X6,X1)),divide(X7,divide(divide(divide(X8,X9),X10),inverse(divide(X10,divide(divide(divide(X0,X5),X6),divide(X9,X8)))))))) = divide(inverse(divide(X11,X7)),divide(inverse(divide(X0,divide(X1,divide(divide(divide(X2,X3),X4),inverse(divide(X4,divide(X5,divide(X3,X2)))))))),X11)) [superposition 11,11]
1574. divide(divide(inverse(divide(X0,X1)),divide(divide(X2,X3),X0)),divide(X3,X2)) = X1 [superposition 8,11]
1584. divide(X2,X1) = divide(divide(divide(inverse(divide(X5,divide(X4,divide(X6,X7)))),divide(divide(X7,X6),X5)),X3),divide(inverse(divide(X0,divide(X1,X2))),divide(divide(X3,X4),X0))) [superposition 216,11]
1712. divide(X2,X1) = divide(divide(X4,X3),divide(inverse(divide(X0,divide(X1,X2))),divide(divide(X3,X4),X0))) [forward demodulation 1584,1]
1731. inverse(divide(inverse(divide(X6,X1)),divide(X7,divide(divide(divide(X8,X9),X10),inverse(divide(X10,divide(divide(divide(X0,X5),X6),divide(X9,X8)))))))) = divide(inverse(divide(divide(X5,X0),X7)),X1) [forward demodulation 1548,620]
1776. inverse(divide(inverse(divide(X6,X1)),divide(X7,divide(X6,divide(X0,X5))))) = divide(inverse(divide(divide(X5,X0),X7)),X1) [forward demodulation 1731,166]
1854. divide(divide(divide(divide(divide(X1,X2),X3),inverse(divide(X3,X0))),inverse(X0)),inverse(X2)) = X1 [superposition 209,1574]
2465. divide(divide(X0,divide(inverse(X1),X2)),X3) = divide(divide(X0,inverse(X2)),inverse(inverse(divide(X3,X1)))) [superposition 1854,1854]
3005. divide(inverse(inverse(divide(X3,X1))),divide(X0,inverse(X2))) = divide(divide(divide(X4,X5),X6),inverse(divide(X6,divide(divide(divide(X0,divide(inverse(X1),X2)),X3),divide(X5,X4))))) [superposition 216,2465]
3035. divide(inverse(inverse(divide(X3,X1))),divide(X0,inverse(X2))) = divide(X3,divide(X0,divide(inverse(X1),X2))) [forward demodulation 3005,216]
4077. divide(X1,divide(X2,X3)) = divide(divide(X4,X5),divide(inverse(X0),divide(divide(X5,X4),inverse(divide(X1,divide(X0,divide(X3,X2))))))) [superposition 1712,1]
4136. divide(X2,divide(X3,X4)) = divide(inverse(inverse(divide(X2,divide(X1,X0)))),divide(divide(X3,X4),inverse(divide(X0,X1)))) [superposition 7,1712]
4140. divide(X2,divide(inverse(divide(X3,divide(X4,divide(X5,X6)))),divide(divide(X6,X5),X3))) = divide(inverse(inverse(divide(X2,divide(X1,X0)))),divide(X4,inverse(divide(X0,X1)))) [superposition 22,1712]
4338. divide(X2,divide(inverse(divide(X3,divide(X4,divide(X5,X6)))),divide(divide(X6,X5),X3))) = divide(X2,divide(X4,divide(inverse(divide(X1,X0)),divide(X0,X1)))) [forward demodulation 4140,3035]
4340. divide(X2,divide(X3,X4)) = divide(X2,divide(divide(X3,X4),divide(inverse(divide(X1,X0)),divide(X0,X1)))) [forward demodulation 4136,3035]
4404. divide(X2,X4) = divide(X2,divide(X4,divide(inverse(divide(X1,X0)),divide(X0,X1)))) [forward demodulation 4338,1]
5345. divide(X1,divide(inverse(divide(X2,X3)),divide(X3,X2))) = divide(divide(inverse(divide(X0,X1)),divide(divide(X4,X5),X0)),divide(X5,X4)) [superposition 1574,4404]
5381. divide(X1,divide(inverse(divide(X2,X3)),divide(X3,X2))) = X1 [forward demodulation 5345,1574]
6290. inverse(divide(X1,X2)) = divide(inverse(X0),divide(divide(X1,X2),X0)) [superposition 1,5381]
6297. divide(X0,divide(X1,X2)) = divide(inverse(inverse(X0)),divide(divide(X3,X4),inverse(divide(divide(X4,X3),inverse(divide(X1,X2)))))) [superposition 18,5381]
6308. inverse(divide(inverse(divide(X1,X2)),divide(divide(X3,divide(X4,X5)),X1))) = divide(inverse(X0),divide(inverse(divide(X3,divide(X2,divide(X5,X4)))),X0)) [superposition 19,5381]
6448. inverse(inverse(divide(X2,divide(divide(inverse(divide(X3,X4)),divide(X4,X3)),divide(inverse(divide(X0,X1)),divide(X1,X0)))))) = X2 [superposition 51,5381]
6464. inverse(inverse(divide(X2,divide(inverse(divide(X3,X4)),divide(X4,X3))))) = X2 [forward demodulation 6448,4340]
6505. divide(inverse(X0),divide(inverse(divide(X3,divide(X2,divide(X5,X4)))),X0)) = inverse(inverse(divide(X3,divide(X2,divide(X5,X4))))) [forward demodulation 6308,6]
6549. inverse(inverse(X2)) = X2 [forward demodulation 6464,5381]
7384. divide(divide(X0,X1),divide(X2,inverse(X3))) = divide(X0,divide(X2,divide(inverse(X1),X3))) [superposition 3035,6549]
7385. divide(divide(X2,divide(inverse(X1),X3)),X0) = divide(divide(X2,inverse(X3)),divide(X0,X1)) [superposition 2465,6549]
7571. inverse(divide(inverse(divide(X1,X2)),divide(divide(inverse(divide(X3,X4)),divide(X4,X3)),divide(X1,divide(X5,divide(X6,X7)))))) = divide(inverse(X0),divide(inverse(divide(X5,divide(X2,divide(X7,X6)))),X0)) [superposition 14,5381]
8171. inverse(divide(inverse(divide(X1,X2)),divide(divide(inverse(divide(X3,X4)),divide(X4,X3)),divide(X1,divide(X5,divide(X6,X7)))))) = inverse(inverse(divide(X5,divide(X2,divide(X7,X6))))) [forward demodulation 7571,6505]
8554. divide(X5,divide(X2,divide(X7,X6))) = inverse(divide(inverse(divide(X1,X2)),divide(divide(inverse(divide(X3,X4)),divide(X4,X3)),divide(X1,divide(X5,divide(X6,X7)))))) [forward demodulation 8171,6549]
8776. divide(X5,divide(X2,divide(X7,X6))) = divide(inverse(divide(divide(divide(X6,X7),X5),divide(inverse(divide(X3,X4)),divide(X4,X3)))),X2) [forward demodulation 8554,1776]
8901. divide(X5,divide(X2,divide(X7,X6))) = divide(inverse(divide(divide(X6,X7),X5)),X2) [forward demodulation 8776,5381]
9157. inverse(inverse(divide(X0,divide(divide(X1,X2),inverse(divide(X2,X1)))))) = X0 [superposition 16,6290]
9202. inverse(divide(inverse(divide(X2,divide(X0,X1))),divide(X3,divide(X2,divide(inverse(divide(X4,X5)),divide(X5,X4)))))) = divide(inverse(divide(X6,X3)),divide(inverse(inverse(divide(X0,X1))),X6)) [superposition 14,6290]
9288. divide(divide(X0,X1),X4) = divide(divide(divide(X2,X3),inverse(divide(divide(X3,X2),inverse(divide(X0,X1))))),inverse(inverse(X4))) [superposition 209,6290]
9314. inverse(divide(inverse(divide(X2,X3)),divide(X4,divide(X2,divide(X5,divide(X6,X7)))))) = divide(inverse(divide(divide(divide(X0,X1),divide(X5,divide(X3,divide(X7,X6)))),X4)),inverse(divide(X0,X1))) [superposition 14,6290]
9317. inverse(divide(inverse(divide(X2,X3)),divide(X4,divide(X2,divide(X5,divide(X6,X7)))))) = divide(X4,divide(inverse(divide(X0,X1)),divide(divide(X5,divide(X3,divide(X7,X6))),divide(X0,X1)))) [forward demodulation 9314,8901]
9334. divide(divide(X0,X1),X4) = divide(divide(divide(X2,X3),inverse(divide(divide(X3,X2),inverse(divide(X0,X1))))),X4) [forward demodulation 9288,6549]
9395. divide(inverse(divide(X6,X3)),divide(divide(X0,X1),X6)) = inverse(divide(inverse(divide(X2,divide(X0,X1))),divide(X3,divide(X2,divide(inverse(divide(X4,X5)),divide(X5,X4)))))) [forward demodulation 9202,6549]
9433. divide(X0,divide(divide(X1,X2),inverse(divide(X2,X1)))) = X0 [forward demodulation 9157,6549]
9450. inverse(divide(inverse(divide(X2,X3)),divide(X4,divide(X2,divide(X5,divide(X6,X7)))))) = divide(X4,inverse(divide(X5,divide(X3,divide(X7,X6))))) [forward demodulation 9317,6290]
9492. divide(inverse(divide(X6,X3)),divide(divide(X0,X1),X6)) = divide(inverse(divide(divide(divide(X5,X4),inverse(divide(X4,X5))),X3)),divide(X0,X1)) [forward demodulation 9395,1776]
9520. divide(inverse(divide(divide(divide(X6,X7),X5),X4)),X3) = divide(X4,inverse(divide(X5,divide(X3,divide(X7,X6))))) [forward demodulation 9450,1776]
9539. divide(inverse(divide(X6,X3)),divide(divide(X0,X1),X6)) = divide(X3,divide(divide(X0,X1),divide(inverse(divide(X4,X5)),divide(X5,X4)))) [forward demodulation 9492,8901]
9549. divide(X4,inverse(divide(X5,divide(X3,divide(X7,X6))))) = divide(X4,divide(X3,divide(X5,divide(X6,X7)))) [forward demodulation 9520,8901]
9560. divide(inverse(divide(X6,X3)),divide(divide(X0,X1),X6)) = divide(X3,divide(X0,X1)) [forward demodulation 9539,4340]
9599. divide(divide(X0,inverse(X2)),divide(X4,divide(X5,X6))) = divide(inverse(inverse(divide(divide(X0,divide(inverse(X1),X2)),X3))),divide(divide(X7,X8),inverse(divide(divide(X8,X7),inverse(divide(X4,divide(inverse(inverse(divide(X3,X1))),divide(X6,X5)))))))) [superposition 32,2465]
9604. divide(divide(inverse(divide(X1,X0)),divide(divide(X2,X3),X1)),divide(X4,divide(X5,X6))) = divide(inverse(inverse(X0)),divide(divide(X7,X8),inverse(divide(divide(X8,X7),inverse(divide(X4,divide(divide(X3,X2),divide(X6,X5)))))))) [superposition 32,1574]
9686. divide(X5,divide(X6,divide(divide(X1,X7),inverse(divide(X7,X4))))) = divide(inverse(inverse(divide(X5,X8))),divide(divide(X9,X10),inverse(divide(divide(X10,X9),inverse(divide(X6,divide(X8,inverse(divide(inverse(divide(X0,divide(X1,divide(X2,X3)))),divide(X4,divide(X0,divide(X3,X2)))))))))))) [superposition 32,13]
9838. divide(inverse(divide(X4,divide(X5,divide(divide(divide(X6,divide(X0,divide(X1,divide(X2,X3)))),X10),inverse(divide(X10,X11)))))),divide(inverse(divide(X6,divide(X11,divide(divide(divide(X8,X9),inverse(divide(divide(X9,X8),inverse(divide(X1,divide(X7,divide(X3,X2))))))),inverse(inverse(divide(X0,X7))))))),X4)) = X5 [superposition 19,32]
9959. divide(inverse(divide(divide(divide(inverse(inverse(divide(X0,X7))),divide(divide(X8,X9),inverse(divide(divide(X9,X8),inverse(divide(X1,divide(X7,divide(X3,X2)))))))),X6),divide(X5,divide(divide(divide(X6,divide(X0,divide(X1,divide(X2,X3)))),X10),inverse(divide(X10,X11)))))),X11) = X5 [forward demodulation 9838,615]
10102. divide(X5,divide(X6,divide(divide(X1,X7),inverse(divide(X7,X4))))) = divide(X5,divide(divide(X9,X10),divide(inverse(X8),divide(divide(X10,X9),inverse(divide(X6,divide(X8,inverse(divide(inverse(divide(X0,divide(X1,divide(X2,X3)))),divide(X4,divide(X0,divide(X3,X2)))))))))))) [forward demodulation 9686,3035]
10184. divide(divide(inverse(divide(X1,X0)),divide(divide(X2,X3),X1)),divide(X4,divide(X5,X6))) = divide(X0,divide(X4,divide(divide(X3,X2),divide(X6,X5)))) [forward demodulation 9604,6297]
10189. divide(divide(X0,inverse(X2)),divide(X4,divide(X5,X6))) = divide(divide(X0,divide(inverse(X1),X2)),divide(divide(X7,X8),divide(inverse(X3),divide(divide(X8,X7),inverse(divide(X4,divide(inverse(inverse(divide(X3,X1))),divide(X6,X5)))))))) [forward demodulation 9599,3035]
10266. divide(divide(X5,divide(divide(divide(X6,divide(X0,divide(X1,divide(X2,X3)))),X10),inverse(divide(X10,X11)))),divide(X11,divide(X6,divide(inverse(inverse(divide(X0,X7))),divide(divide(X8,X9),inverse(divide(divide(X9,X8),inverse(divide(X1,divide(X7,divide(X3,X2))))))))))) = X5 [forward demodulation 9959,8901]
10381. divide(X5,divide(X6,divide(divide(X1,X7),inverse(divide(X7,X4))))) = divide(X5,divide(divide(X9,X10),divide(inverse(X8),divide(divide(X10,X9),inverse(divide(X6,divide(X8,divide(X4,divide(inverse(divide(X0,divide(X1,divide(X2,X3)))),divide(divide(X3,X2),X0)))))))))) [forward demodulation 10102,9549]
10444. divide(X0,divide(X4,divide(divide(X3,X2),divide(X6,X5)))) = divide(divide(X0,divide(X2,X3)),divide(X4,divide(X5,X6))) [forward demodulation 10184,9560]
10449. divide(divide(X0,inverse(X2)),divide(X4,divide(X5,X6))) = divide(divide(X0,inverse(X2)),divide(divide(divide(X7,X8),divide(inverse(X3),divide(divide(X8,X7),inverse(divide(X4,divide(inverse(inverse(divide(X3,X1))),divide(X6,X5))))))),X1)) [forward demodulation 10189,7385]
10507. divide(divide(X5,divide(divide(divide(X6,divide(X0,divide(X1,divide(X2,X3)))),X10),inverse(divide(X10,X11)))),divide(X11,divide(X6,divide(X0,divide(X1,divide(X2,X3)))))) = X5 [forward demodulation 10266,32]
10600. divide(X5,divide(X6,divide(divide(X1,X7),inverse(divide(X7,X4))))) = divide(X5,divide(X6,divide(divide(inverse(divide(X0,divide(X1,divide(X2,X3)))),divide(divide(X3,X2),X0)),X4))) [forward demodulation 10381,4077]
10654. divide(divide(X0,inverse(X2)),divide(X4,divide(X5,X6))) = divide(divide(X0,inverse(X2)),divide(divide(divide(X7,X8),inverse(divide(divide(X8,X7),inverse(divide(X4,divide(inverse(inverse(divide(X3,X1))),divide(X6,X5))))))),divide(X1,X3))) [forward demodulation 10449,7385]
10702. divide(X5,divide(X11,divide(divide(inverse(divide(X10,X11)),divide(divide(X6,divide(X0,divide(X1,divide(X2,X3)))),X10)),divide(divide(X0,divide(X1,divide(X2,X3))),X6)))) = X5 [forward demodulation 10507,10444]
10781. divide(X5,divide(X6,divide(divide(X1,X7),inverse(divide(X7,X4))))) = divide(X5,divide(X6,divide(X1,X4))) [forward demodulation 10600,1]
10813. divide(divide(X0,inverse(X2)),divide(X4,divide(X5,X6))) = divide(divide(X0,inverse(X2)),divide(divide(X4,divide(inverse(inverse(divide(X3,X1))),divide(X6,X5))),divide(X1,X3))) [forward demodulation 10654,9334]
10849. divide(X5,divide(X11,X11)) = X5 [forward demodulation 10702,1574]
10923. divide(divide(X0,inverse(X2)),divide(X4,divide(X5,X6))) = divide(divide(X0,inverse(X2)),divide(divide(X4,inverse(divide(X6,X5))),divide(divide(X1,X3),inverse(divide(X3,X1))))) [forward demodulation 10813,7385]
11008. divide(divide(X0,inverse(X2)),divide(X4,divide(X5,X6))) = divide(divide(X0,inverse(X2)),divide(divide(X4,inverse(divide(X6,X5))),divide(X1,X1))) [forward demodulation 10923,10781]
11079. divide(divide(X0,inverse(X2)),divide(X4,divide(X5,X6))) = divide(divide(X0,inverse(X2)),divide(X4,inverse(divide(X6,X5)))) [forward demodulation 11008,10849]
11142. divide(divide(X0,inverse(X2)),divide(X4,divide(X5,X6))) = divide(X0,divide(X4,divide(inverse(inverse(X2)),divide(X6,X5)))) [forward demodulation 11079,7384]
11189. divide(divide(X0,inverse(X2)),divide(X4,divide(X5,X6))) = divide(X0,divide(X4,divide(X2,divide(X6,X5)))) [forward demodulation 11142,6549]
11458. divide(X2,X3) = divide(inverse(divide(X3,X2)),divide(divide(X1,X0),inverse(divide(X0,X1)))) [superposition 7,10849]
11559. divide(divide(X1,inverse(X3)),inverse(inverse(X0))) = divide(divide(X1,divide(inverse(divide(X2,X2)),X3)),X0) [superposition 2465,10849]
11622. divide(divide(X1,inverse(X3)),inverse(inverse(X0))) = divide(divide(X1,inverse(X3)),divide(X0,divide(X2,X2))) [forward demodulation 11559,7385]
11715. divide(X2,X3) = inverse(divide(X3,X2)) [forward demodulation 11458,9433]
11835. divide(divide(X1,inverse(X3)),inverse(inverse(X0))) = divide(X1,divide(X0,divide(X3,divide(X2,X2)))) [forward demodulation 11622,11189]
12003. divide(divide(X1,inverse(X3)),inverse(inverse(X0))) = divide(X1,divide(X0,X3)) [forward demodulation 11835,10849]
12120. divide(X1,divide(X0,X3)) = divide(divide(X1,inverse(X3)),X0) [forward demodulation 12003,6549]
253046. divide(a3,inverse(divide(b3,inverse(c3)))) != divide(a3,divide(inverse(c3),b3)) [superposition 4,12120]
253067. divide(a3,divide(inverse(c3),b3)) != divide(a3,divide(inverse(c3),b3)) [forward demodulation 253046,11715]
253068. $false [trivial inequality removal 253067]
% SZS output end Proof for GRP471-1
% ------------------------------
% Version: Vampire 5.0.0 (Release build, commit 2e2c9b7b8 on 2026-01-17 12:24:14 +0100)
% Linked with Z3 4.14.0.0 3c47fd96cf5645d0c42b2c819d9e9a84380aa721 z3-4.8.4-9178-g3c47fd96c
% CaDiCaL version: 2.1.3
% Termination reason: Refutation
% Time elapsed: 2.363 s
% Peak memory usage: 115 MB
% Instructions burned: 10157 (million)
% ------------------------------
% ------------------------------
