% Running in auto input_syntax mode. Trying TPTP
% Refutation found. Thanks to Tanya!
% SZS status Unsatisfiable for GRP124-3.004_clausified
% SZS output start Proof for GRP124-3.004_clausified
3. next(e_2,e_3) [input(axiom)]
5. greater(e_1,e_0) [input(axiom)]
6. greater(e_2,e_0) [input(axiom)]
7. greater(e_3,e_0) [input(axiom)]
12. greater(e_3,e_2) [input(axiom)]
13. greater(e_4,e_2) [input(axiom)]
16. cycle(X0,e_0) | ~group_element(X0) | cycle(X0,e_1) | cycle(X0,e_2) | cycle(X0,e_3) [input(axiom)]
20. ~product(X0,e_1,X1) | ~cycle(X0,e_0) | ~greater(X1,X0) [input(axiom)]
21. ~product(X0,e_1,X2) | ~cycle(X0,X1) | ~greater(X1,e_0) | ~next(X0,X3) | equalish(X2,X3) [input(axiom)]
22. group_element(e_1) [input(axiom)]
23. group_element(e_2) [input(axiom)]
24. group_element(e_3) [input(axiom)]
25. group_element(e_4) [input(axiom)]
26. ~equalish(e_1,e_2) [input(axiom)]
27. ~equalish(e_1,e_3) [input(axiom)]
28. ~equalish(e_1,e_4) [input(axiom)]
29. ~equalish(e_2,e_1) [input(axiom)]
32. ~equalish(e_3,e_1) [input(axiom)]
33. ~equalish(e_3,e_2) [input(axiom)]
34. ~equalish(e_3,e_4) [input(axiom)]
35. ~equalish(e_4,e_1) [input(axiom)]
36. ~equalish(e_4,e_2) [input(axiom)]
37. ~equalish(e_4,e_3) [input(axiom)]
38. product(X0,X1,e_4) | ~group_element(X1) | product(X0,X1,e_1) | product(X0,X1,e_2) | product(X0,X1,e_3) | ~group_element(X0) [input(axiom)]
40. ~product(X0,X3,X2) | ~product(X0,X1,X2) | equalish(X1,X3) [input(axiom)]
41. ~product(X3,X1,X2) | ~product(X0,X1,X2) | equalish(X0,X3) [input(axiom)]
42. product(X0,X0,X0) [input(axiom)]
43. ~product(X5,X3,X4) | ~product(X3,X4,X2) | ~product(X5,X0,X1) | ~product(X0,X1,X2) | equalish(X0,X3) [input(negated conjecture)]
46. ~product(X2,X3,X1) | ~product(X0,X2,X3) | ~product(X0,X0,X1) | equalish(X2,X0) [resolution 42,43]
62. ~product(X0,X1,X0) | equalish(X1,X0) [resolution 40,42]
63. ~product(X0,X1,X1) | equalish(X0,X1) [resolution 41,42]
102. ~product(X1,X2,e_4) | product(X1,X0,e_1) | product(X1,X0,e_2) | product(X1,X0,e_3) | ~group_element(X1) | ~group_element(X0) | equalish(X2,X0) [resolution 38,40]
103. ~product(X2,X0,e_4) | product(X1,X0,e_1) | product(X1,X0,e_2) | product(X1,X0,e_3) | ~group_element(X1) | ~group_element(X0) | equalish(X2,X1) [resolution 38,41]
107. ~product(X2,X2,e_4) | product(X1,X0,e_1) | product(X1,X0,e_2) | product(X1,X0,e_3) | ~group_element(X1) | ~product(X2,X1,X0) | ~group_element(X0) | equalish(X1,X2) [resolution 38,46]
108. ~group_element(e_1) | product(X0,e_1,e_1) | product(X0,e_1,e_2) | product(X0,e_1,e_3) | ~group_element(X0) | ~cycle(X0,X1) | ~greater(X1,e_0) | ~next(X0,X2) | equalish(e_4,X2) [resolution 38,21]
109. ~group_element(e_1) | product(X0,e_1,e_1) | product(X0,e_1,e_2) | product(X0,e_1,e_3) | ~group_element(X0) | ~cycle(X0,e_0) | ~greater(e_4,X0) [resolution 38,20]
112. product(X0,e_1,e_3) | product(X0,e_1,e_2) | product(X0,e_1,e_1) | ~group_element(X0) | ~cycle(X0,e_0) | ~greater(e_4,X0) [forward subsumption resolution 109,22]
113. ~cycle(X0,X1) | product(X0,e_1,e_2) | product(X0,e_1,e_3) | ~group_element(X0) | product(X0,e_1,e_1) | ~greater(X1,e_0) | ~next(X0,X2) | equalish(e_4,X2) [forward subsumption resolution 108,22]
125. ~product(e_4,X0,X1) | product(X0,X1,e_2) | product(X0,X1,e_3) | ~group_element(X0) | product(X0,X1,e_1) | ~group_element(X1) | equalish(X0,e_4) [resolution 107,42]
161. product(X0,e_1,e_2) | product(X0,e_1,e_1) | ~group_element(X0) | ~cycle(X0,e_0) | ~greater(e_4,X0) | ~cycle(X0,e_0) | ~greater(e_3,X0) [resolution 112,20]
179. product(X0,e_1,e_2) | product(X0,e_1,e_1) | ~group_element(X0) | ~cycle(X0,e_0) | ~greater(e_4,X0) | ~greater(e_3,X0) [duplicate literal removal 161]
213. 12 <=> product(e_1,e_3,e_1) [avatar definition]
214. ~product(e_1,e_3,e_1) <- (~12) [avatar component clause 213]
215. product(e_1,e_3,e_1) <- (12) [avatar component clause 213]
217. 13 <=> product(e_1,e_3,e_3) [avatar definition]
218. ~product(e_1,e_3,e_3) <- (~13) [avatar component clause 217]
219. product(e_1,e_3,e_3) <- (13) [avatar component clause 217]
221. 14 <=> product(e_1,e_3,e_2) [avatar definition]
222. ~product(e_1,e_3,e_2) <- (~14) [avatar component clause 221]
223. product(e_1,e_3,e_2) <- (14) [avatar component clause 221]
243. 19 <=> product(e_4,e_1,e_2) [avatar definition]
244. ~product(e_4,e_1,e_2) <- (~19) [avatar component clause 243]
245. product(e_4,e_1,e_2) <- (19) [avatar component clause 243]
259. equalish(e_3,e_1) <- (12) [resolution 215,62]
262. $false <- (12) [forward subsumption resolution 259,32]
263. ~12 [avatar contradiction clause 262]
272. product(e_4,X0,e_1) | product(e_4,X0,e_2) | product(e_4,X0,e_3) | ~group_element(e_4) | ~group_element(X0) | equalish(e_4,X0) [resolution 102,42]
275. product(e_4,X0,e_3) | product(e_4,X0,e_2) | product(e_4,X0,e_1) | ~group_element(X0) | equalish(e_4,X0) [forward subsumption resolution 272,25]
276. equalish(e_1,e_3) <- (13) [resolution 219,63]
293. $false <- (13) [forward subsumption resolution 276,27]
294. ~13 [avatar contradiction clause 293]
295. product(X0,e_4,e_1) | product(X0,e_4,e_2) | product(X0,e_4,e_3) | ~group_element(X0) | ~group_element(e_4) | equalish(e_4,X0) [resolution 103,42]
296. product(X0,X1,e_1) | product(X0,X1,e_2) | product(X0,X1,e_3) | ~group_element(X0) | ~group_element(X1) | equalish(X2,X0) | ~group_element(X1) | product(X2,X1,e_1) | product(X2,X1,e_2) | product(X2,X1,e_3) | ~group_element(X2) [resolution 103,38]
297. product(X2,X1,e_3) | product(X0,X1,e_3) | equalish(X2,X0) | ~group_element(X0) | ~group_element(X1) | product(X0,X1,e_2) | product(X2,X1,e_1) | product(X2,X1,e_2) | product(X0,X1,e_1) | ~group_element(X2) [duplicate literal removal 296]
298. product(X0,e_4,e_3) | product(X0,e_4,e_2) | product(X0,e_4,e_1) | ~group_element(X0) | equalish(e_4,X0) [forward subsumption resolution 295,25]
511. 30 <=> product(e_1,e_2,e_1) [avatar definition]
513. product(e_1,e_2,e_1) <- (30) [avatar component clause 511]
515. 31 <=> product(e_1,e_2,e_3) [avatar definition]
517. product(e_1,e_2,e_3) <- (31) [avatar component clause 515]
519. 32 <=> product(e_1,e_2,e_2) [avatar definition]
521. product(e_1,e_2,e_2) <- (32) [avatar component clause 519]
535. ~product(e_1,X0,e_2) | equalish(X0,e_3) <- (14) [resolution 223,40]
815. product(e_1,e_2,e_2) | product(e_1,e_2,e_3) | ~group_element(e_1) | product(e_1,e_2,e_1) | ~group_element(e_2) | equalish(e_1,e_4) <- (19) [resolution 245,125]
841. product(e_1,e_2,e_2) | product(e_1,e_2,e_3) | product(e_1,e_2,e_1) | ~group_element(e_2) | equalish(e_1,e_4) <- (19) [forward subsumption resolution 815,22]
845. product(e_1,e_2,e_2) | product(e_1,e_2,e_3) | product(e_1,e_2,e_1) | equalish(e_1,e_4) <- (19) [forward subsumption resolution 841,23]
849. product(e_1,e_2,e_2) | product(e_1,e_2,e_3) | product(e_1,e_2,e_1) <- (19) [forward subsumption resolution 845,28]
853. 30 | 31 | 32 | ~19 [avatar split clause 849,243,519,515,511]
960. 47 <=> product(e_2,e_1,e_2) [avatar definition]
962. product(e_2,e_1,e_2) <- (47) [avatar component clause 960]
964. 48 <=> product(e_2,e_1,e_1) [avatar definition]
965. ~product(e_2,e_1,e_1) <- (~48) [avatar component clause 964]
966. product(e_2,e_1,e_1) <- (48) [avatar component clause 964]
968. 49 <=> cycle(e_2,e_0) [avatar definition]
969. cycle(e_2,e_0) <- (49) [avatar component clause 968]
970. ~cycle(e_2,e_0) <- (~49) [avatar component clause 968]
975. product(e_2,e_1,e_1) | ~group_element(e_2) | ~cycle(e_2,e_0) | ~greater(e_4,e_2) | ~greater(e_3,e_2) | equalish(e_1,e_2) [resolution 179,62]
1012. ~group_element(e_2) | cycle(e_2,e_1) | cycle(e_2,e_2) | cycle(e_2,e_3) <- (~49) [resolution 970,16]
1013. cycle(e_2,e_1) | cycle(e_2,e_2) | cycle(e_2,e_3) <- (~49) [forward subsumption resolution 1012,23]
1015. 52 <=> cycle(e_2,e_3) [avatar definition]
1017. cycle(e_2,e_3) <- (52) [avatar component clause 1015]
1019. 53 <=> cycle(e_2,e_2) [avatar definition]
1021. cycle(e_2,e_2) <- (53) [avatar component clause 1019]
1023. 54 <=> cycle(e_2,e_1) [avatar definition]
1025. cycle(e_2,e_1) <- (54) [avatar component clause 1023]
1026. 52 | 53 | 54 | 49 [avatar split clause 1013,968,1023,1019,1015]
1027. product(e_2,e_1,e_1) | ~cycle(e_2,e_0) | ~greater(e_4,e_2) | ~greater(e_3,e_2) | equalish(e_1,e_2) [forward subsumption resolution 975,23]
1028. product(e_2,e_1,e_1) | ~greater(e_4,e_2) | ~greater(e_3,e_2) | equalish(e_1,e_2) <- (49) [forward subsumption resolution 1027,969]
1029. product(e_2,e_1,e_1) | ~greater(e_3,e_2) | equalish(e_1,e_2) <- (49) [forward subsumption resolution 1028,13]
1030. product(e_2,e_1,e_1) | equalish(e_1,e_2) <- (49) [forward subsumption resolution 1029,12]
1031. product(e_2,e_1,e_1) <- (49) [forward subsumption resolution 1030,26]
1032. 48 | ~49 [avatar split clause 1031,968,964]
1074. equalish(e_2,e_1) <- (30) [resolution 513,62]
1091. $false <- (30) [forward subsumption resolution 1074,29]
1092. ~30 [avatar contradiction clause 1091]
1112. ~product(e_1,X0,e_3) | equalish(X0,e_2) <- (31) [resolution 517,40]
1323. product(X0,e_3,e_3) | equalish(X0,e_1) | ~group_element(e_1) | ~group_element(e_3) | product(e_1,e_3,e_2) | product(X0,e_3,e_1) | product(X0,e_3,e_2) | product(e_1,e_3,e_1) | ~group_element(X0) <- (~13) [resolution 297,218]
1408. equalish(e_2,e_1) <- (48) [resolution 966,63]
1425. $false <- (48) [forward subsumption resolution 1408,29]
1426. ~48 [avatar contradiction clause 1425]
1488. product(e_2,e_1,e_2) | product(e_2,e_1,e_3) | ~group_element(e_2) | product(e_2,e_1,e_1) | ~greater(e_3,e_0) | ~next(e_2,X0) | equalish(e_4,X0) <- (52) [resolution 1017,113]
1489. product(e_2,e_1,e_2) | product(e_2,e_1,e_3) | product(e_2,e_1,e_1) | ~greater(e_3,e_0) | ~next(e_2,X0) | equalish(e_4,X0) <- (52) [forward subsumption resolution 1488,23]
1494. product(e_2,e_1,e_2) | product(e_2,e_1,e_3) | ~greater(e_3,e_0) | ~next(e_2,X0) | equalish(e_4,X0) <- (~48, 52) [forward subsumption resolution 1489,965]
1507. product(e_2,e_1,e_2) | product(e_2,e_1,e_3) | ~next(e_2,X0) | equalish(e_4,X0) <- (~48, 52) [forward subsumption resolution 1494,7]
1509. 60 <=> ! [X0] : (~next(e_2,X0) | equalish(e_4,X0)) [avatar definition]
1510. ~next(e_2,X0) | equalish(e_4,X0) <- (60) [avatar component clause 1509]
1512. 61 <=> product(e_2,e_1,e_3) [avatar definition]
1514. product(e_2,e_1,e_3) <- (61) [avatar component clause 1512]
1515. 60 | 61 | 47 | 48 | ~52 [avatar split clause 1507,1015,964,960,1512,1509]
1573. product(e_2,e_1,e_2) | product(e_2,e_1,e_3) | ~group_element(e_2) | product(e_2,e_1,e_1) | ~greater(e_2,e_0) | ~next(e_2,X0) | equalish(e_4,X0) <- (53) [resolution 1021,113]
1574. product(e_2,e_1,e_2) | product(e_2,e_1,e_3) | product(e_2,e_1,e_1) | ~greater(e_2,e_0) | ~next(e_2,X0) | equalish(e_4,X0) <- (53) [forward subsumption resolution 1573,23]
1579. product(e_2,e_1,e_2) | product(e_2,e_1,e_3) | ~greater(e_2,e_0) | ~next(e_2,X0) | equalish(e_4,X0) <- (~48, 53) [forward subsumption resolution 1574,965]
1585. product(e_2,e_1,e_2) | product(e_2,e_1,e_3) | ~next(e_2,X0) | equalish(e_4,X0) <- (~48, 53) [forward subsumption resolution 1579,6]
1586. 60 | 61 | 47 | 48 | ~53 [avatar split clause 1585,1019,964,960,1512,1509]
1639. product(e_2,e_1,e_2) | product(e_2,e_1,e_3) | ~group_element(e_2) | product(e_2,e_1,e_1) | ~greater(e_1,e_0) | ~next(e_2,X0) | equalish(e_4,X0) <- (54) [resolution 1025,113]
1640. product(e_2,e_1,e_2) | product(e_2,e_1,e_3) | product(e_2,e_1,e_1) | ~greater(e_1,e_0) | ~next(e_2,X0) | equalish(e_4,X0) <- (54) [forward subsumption resolution 1639,23]
1645. product(e_2,e_1,e_2) | product(e_2,e_1,e_3) | ~greater(e_1,e_0) | ~next(e_2,X0) | equalish(e_4,X0) <- (~48, 54) [forward subsumption resolution 1640,965]
1651. product(e_2,e_1,e_2) | product(e_2,e_1,e_3) | ~next(e_2,X0) | equalish(e_4,X0) <- (~48, 54) [forward subsumption resolution 1645,5]
1652. 60 | 61 | 47 | 48 | ~54 [avatar split clause 1651,1023,964,960,1512,1509]
1726. equalish(e_1,e_2) <- (47) [resolution 962,62]
1743. $false <- (47) [forward subsumption resolution 1726,26]
1744. ~47 [avatar contradiction clause 1743]
1859. equalish(e_4,e_3) <- (60) [resolution 1510,3]
1860. $false <- (60) [forward subsumption resolution 1859,37]
1861. ~60 [avatar contradiction clause 1860]
1885. ~product(e_2,X0,e_3) | equalish(X0,e_1) <- (61) [resolution 1514,40]
1886. ~product(X0,e_1,e_3) | equalish(X0,e_2) <- (61) [resolution 1514,41]
2057. equalish(e_4,e_2) | product(e_1,e_4,e_2) | product(e_1,e_4,e_1) | ~group_element(e_1) | equalish(e_4,e_1) <- (31) [resolution 1112,298]
2060. product(e_1,e_4,e_2) | product(e_1,e_4,e_1) | ~group_element(e_1) | equalish(e_4,e_1) <- (31) [forward subsumption resolution 2057,36]
2066. product(e_1,e_4,e_2) | ~group_element(e_1) | equalish(e_4,e_1) <- (31) [forward subsumption resolution 2060,62]
2068. product(e_1,e_4,e_2) | equalish(e_4,e_1) <- (31) [forward subsumption resolution 2066,22]
2070. 66 <=> product(e_1,e_4,e_2) [avatar definition]
2072. product(e_1,e_4,e_2) <- (66) [avatar component clause 2070]
2078. product(e_1,e_4,e_2) <- (31) [forward subsumption resolution 2068,35]
2079. 66 | ~31 [avatar split clause 2078,515,2070]
2087. equalish(e_4,e_3) <- (14, 66) [resolution 2072,535]
2120. $false <- (14, 66) [forward subsumption resolution 2087,37]
2121. ~14 | ~66 [avatar contradiction clause 2120]
2186. equalish(e_1,e_2) <- (32) [resolution 521,63]
2211. $false <- (32) [forward subsumption resolution 2186,26]
2212. ~32 [avatar contradiction clause 2211]
2323. equalish(e_4,e_1) | product(e_2,e_4,e_2) | product(e_2,e_4,e_1) | ~group_element(e_2) | equalish(e_4,e_2) <- (61) [resolution 1885,298]
2326. product(e_2,e_4,e_2) | product(e_2,e_4,e_1) | ~group_element(e_2) | equalish(e_4,e_2) <- (61) [forward subsumption resolution 2323,35]
2332. product(e_2,e_4,e_1) | ~group_element(e_2) | equalish(e_4,e_2) <- (61) [forward subsumption resolution 2326,62]
2334. product(e_2,e_4,e_1) | equalish(e_4,e_2) <- (61) [forward subsumption resolution 2332,23]
2340. 75 <=> product(e_2,e_4,e_1) [avatar definition]
2342. product(e_2,e_4,e_1) <- (75) [avatar component clause 2340]
2344. product(e_2,e_4,e_1) <- (61) [forward subsumption resolution 2334,36]
2345. 75 | ~61 [avatar split clause 2344,1512,2340]
2353. ~product(e_2,X0,e_1) | equalish(X0,e_4) <- (75) [resolution 2342,40]
2440. equalish(e_4,e_2) | product(e_4,e_1,e_2) | product(e_4,e_1,e_1) | ~group_element(e_1) | equalish(e_4,e_1) <- (61) [resolution 1886,275]
2443. product(e_4,e_1,e_2) | product(e_4,e_1,e_1) | ~group_element(e_1) | equalish(e_4,e_1) <- (61) [forward subsumption resolution 2440,36]
2449. product(e_4,e_1,e_1) | ~group_element(e_1) | equalish(e_4,e_1) <- (~19, 61) [forward subsumption resolution 2443,244]
2451. ~group_element(e_1) | equalish(e_4,e_1) <- (~19, 61) [forward subsumption resolution 2449,63]
2453. equalish(e_4,e_1) <- (~19, 61) [forward subsumption resolution 2451,22]
2456. $false <- (~19, 61) [forward subsumption resolution 2453,35]
2457. 19 | ~61 [avatar contradiction clause 2456]
2476. product(X0,e_3,e_3) | equalish(X0,e_1) | ~group_element(e_3) | product(e_1,e_3,e_2) | product(X0,e_3,e_1) | product(X0,e_3,e_2) | product(e_1,e_3,e_1) | ~group_element(X0) <- (~13) [forward subsumption resolution 1323,22]
2498. product(X0,e_3,e_3) | equalish(X0,e_1) | product(e_1,e_3,e_2) | product(X0,e_3,e_1) | product(X0,e_3,e_2) | product(e_1,e_3,e_1) | ~group_element(X0) <- (~13) [forward subsumption resolution 2476,24]
2520. product(X0,e_3,e_3) | equalish(X0,e_1) | product(X0,e_3,e_1) | product(X0,e_3,e_2) | product(e_1,e_3,e_1) | ~group_element(X0) <- (~13, ~14) [forward subsumption resolution 2498,222]
2540. product(X0,e_3,e_3) | equalish(X0,e_1) | product(X0,e_3,e_1) | product(X0,e_3,e_2) | ~group_element(X0) <- (~12, ~13, ~14) [forward subsumption resolution 2520,214]
2589. 86 <=> ! [X0] : (product(X0,e_3,e_3) | ~group_element(X0) | product(X0,e_3,e_2) | product(X0,e_3,e_1) | equalish(X0,e_1)) [avatar definition]
2590. product(X0,e_3,e_3) | ~group_element(X0) | product(X0,e_3,e_2) | product(X0,e_3,e_1) | equalish(X0,e_1) <- (86) [avatar component clause 2589]
2593. 86 | 12 | 13 | 14 [avatar split clause 2540,221,217,213,2589]
2755. ~group_element(e_2) | product(e_2,e_3,e_2) | product(e_2,e_3,e_1) | equalish(e_2,e_1) | equalish(e_3,e_1) <- (61, 86) [resolution 2590,1885]
2774. product(e_2,e_3,e_2) | product(e_2,e_3,e_1) | equalish(e_2,e_1) | equalish(e_3,e_1) <- (61, 86) [forward subsumption resolution 2755,23]
2778. product(e_2,e_3,e_2) | product(e_2,e_3,e_1) | equalish(e_3,e_1) <- (61, 86) [forward subsumption resolution 2774,29]
2780. product(e_2,e_3,e_2) | product(e_2,e_3,e_1) <- (61, 86) [forward subsumption resolution 2778,32]
2782. 88 <=> product(e_2,e_3,e_1) [avatar definition]
2784. product(e_2,e_3,e_1) <- (88) [avatar component clause 2782]
2786. 89 <=> product(e_2,e_3,e_2) [avatar definition]
2788. product(e_2,e_3,e_2) <- (89) [avatar component clause 2786]
2789. 88 | 89 | ~61 | ~86 [avatar split clause 2780,2589,1512,2786,2782]
3435. equalish(e_3,e_4) <- (75, 88) [resolution 2353,2784]
3436. $false <- (75, 88) [forward subsumption resolution 3435,34]
3437. ~75 | ~88 [avatar contradiction clause 3436]
3486. equalish(e_3,e_2) <- (89) [resolution 2788,62]
3511. $false <- (89) [forward subsumption resolution 3486,33]
3512. ~89 [avatar contradiction clause 3511]
s10. ~12 [sat_conversion 263]
s11. ~13 [sat_conversion 294]
s29. ~19 | 30 | 31 | 32 [sat_conversion 853]
s35. 49 | 52 | 53 | 54 [sat_conversion 1026]
s36. ~49 | 48 [sat_conversion 1032]
s37. ~30 [sat_conversion 1092]
s38. ~48 [sat_conversion 1426]
s42. ~52 | 47 | 48 | 60 | 61 [sat_conversion 1515]
s45. ~53 | 47 | 48 | 60 | 61 [sat_conversion 1586]
s48. ~54 | 47 | 48 | 60 | 61 [sat_conversion 1652]
s49. ~47 [sat_conversion 1744]
s52. ~60 [sat_conversion 1861]
s55. ~31 | 66 [sat_conversion 2079]
s56. ~66 | ~14 [sat_conversion 2121]
s61. ~32 [sat_conversion 2212]
s67. ~61 | 75 [sat_conversion 2345]
s72. ~61 | 19 [sat_conversion 2457]
s90. 12 | 13 | 14 | 86 [sat_conversion 2593]
s96. ~86 | ~61 | 88 | 89 [sat_conversion 2789]
s103. ~88 | ~75 [sat_conversion 3437]
s104. ~89 [sat_conversion 3512]
s105. ~86 | ~61 | 88 [rat s96,s104]
s108. ~54 | 48 | 61 [rat s48,s52,s49]
s109. ~53 | 48 | 61 [rat s45,s52,s49]
s112. ~52 | 48 | 61 [rat s42,s52,s49]
s115. ~49 [rat s36,s38]
s116. 52 | 53 | 54 [rat s35,s115]
s121. ~19 | 31 [rat s29,s61,s37]
s135. 61 [rat s116,s112,s109,s108,s38]
s136. 19 [rat s72,s135]
s137. 75 [rat s67,s135]
s138. 31 [rat s121,s136]
s139. ~88 [rat s103,s137]
s141. 66 [rat s55,s138]
s142. ~86 [rat s105,s135,s139]
s143. ~14 [rat s56,s141]
s144. # [rat s90,s10,s11,s142,s143]
3513. $false [avatar sat refutation s144]
% SZS output end Proof for GRP124-3.004_clausified
% ------------------------------
% Version: Vampire 5.0.0 (Release build, commit 2e2c9b7b8 on 2026-01-17 12:24:14 +0100)
% Linked with Z3 4.14.0.0 3c47fd96cf5645d0c42b2c819d9e9a84380aa721 z3-4.8.4-9178-g3c47fd96c
% CaDiCaL version: 2.1.3
% Termination reason: Refutation
% Time elapsed: 0.129 s
% Peak memory usage: 63 MB
% Instructions burned: 358 (million)
% ------------------------------
% ------------------------------
