% Running in auto input_syntax mode. Trying TPTP
% Refutation found. Thanks to Tanya!
% SZS status Unsatisfiable for GRP461-1
% SZS output start Proof for GRP461-1
1. divide(X0,divide(divide(divide(identity,X1),X2),divide(divide(divide(X0,X0),X0),X2))) = X1 [input(axiom)]
2. multiply(X0,X1) = divide(X0,divide(identity,X1)) [input(axiom)]
4. identity = divide(X0,X0) [input(axiom)]
5. multiply(identity,a2) != a2 [input(negated conjecture)]
6. a2 != multiply(identity,a2) [reorient equations 5]
7. a2 != divide(identity,divide(identity,a2)) [definition unfolding 6,2]
8. divide(X0,divide(divide(divide(identity,X1),X2),divide(divide(identity,X0),X2))) = X1 [forward demodulation 1,4]
15. divide(X0,divide(divide(divide(identity,X1),divide(identity,X0)),identity)) = X1 [superposition 8,4]
17. divide(X0,identity) = X0 [superposition 8,4]
18. divide(X0,divide(divide(identity,X1),divide(identity,X0))) = X1 [forward demodulation 15,17]
34. divide(identity,divide(divide(identity,X0),identity)) = X0 [superposition 18,17]
42. divide(identity,divide(identity,X0)) = X0 [forward demodulation 34,17]
106. a2 != a2 [superposition 7,42]
113. $false [trivial inequality removal 106]
% SZS output end Proof for GRP461-1
% ------------------------------
% Version: Vampire 5.0.0 (Release build, commit 2e2c9b7b8 on 2026-01-17 12:24:14 +0100)
% Linked with Z3 4.14.0.0 3c47fd96cf5645d0c42b2c819d9e9a84380aa721 z3-4.8.4-9178-g3c47fd96c
% CaDiCaL version: 2.1.3
% Termination reason: Refutation
% Time elapsed: 0.002 s
% Peak memory usage: 58 MB
% Instructions burned: 5 (million)
% ------------------------------
% ------------------------------
