% Running in auto input_syntax mode. Trying TPTP
% Refutation found. Thanks to Tanya!
% SZS status Unsatisfiable for GRP490-1_clausified
% SZS output start Proof for GRP490-1_clausified
1. double_divide(double_divide(identity,X0),double_divide(identity,double_divide(double_divide(double_divide(X0,X1),identity),double_divide(X2,X1)))) = X2 [input(axiom)]
2. identity = double_divide(X0,double_divide(X0,identity)) [input(axiom)]
3. identity != double_divide(double_divide(a1,double_divide(a1,identity)),identity) [input(negated conjecture)]
4. identity != double_divide(identity,identity) [superposition 3,2]
5. double_divide(identity,double_divide(identity,double_divide(double_divide(double_divide(double_divide(identity,identity),X0),identity),double_divide(X1,X0)))) = X1 [superposition 1,2]
10. double_divide(double_divide(X0,identity),identity) = double_divide(double_divide(identity,X0),double_divide(identity,identity)) [superposition 1,2]
20. double_divide(identity,X0) = double_divide(identity,double_divide(identity,double_divide(double_divide(double_divide(double_divide(identity,identity),double_divide(identity,identity)),identity),double_divide(double_divide(X0,identity),identity)))) [superposition 5,10]
29. double_divide(identity,X0) = double_divide(identity,double_divide(identity,double_divide(double_divide(double_divide(double_divide(identity,identity),identity),identity),double_divide(double_divide(X0,identity),identity)))) [forward demodulation 20,10]
31. double_divide(identity,X0) = double_divide(X0,identity) [forward demodulation 29,5]
37. identity = double_divide(X0,double_divide(identity,X0)) [superposition 2,31]
87. double_divide(identity,double_divide(identity,identity)) = double_divide(double_divide(double_divide(identity,identity),identity),identity) [superposition 10,37]
92. double_divide(identity,double_divide(identity,identity)) = double_divide(identity,double_divide(double_divide(identity,identity),identity)) [forward demodulation 87,31]
99. double_divide(identity,double_divide(identity,identity)) = double_divide(identity,double_divide(identity,double_divide(identity,identity))) [forward demodulation 92,31]
103. identity = double_divide(identity,identity) [forward demodulation 99,2]
105. $false [forward subsumption resolution 103,4]
% SZS output end Proof for GRP490-1_clausified
% ------------------------------
% Version: Vampire 5.0.0 (Release build, commit 2e2c9b7b8 on 2026-01-17 12:24:14 +0100)
% Linked with Z3 4.14.0.0 3c47fd96cf5645d0c42b2c819d9e9a84380aa721 z3-4.8.4-9178-g3c47fd96c
% CaDiCaL version: 2.1.3
% Termination reason: Refutation
% Time elapsed: 0.002 s
% Peak memory usage: 69 MB
% Instructions burned: 7 (million)
% ------------------------------
% ------------------------------
