% Running in auto input_syntax mode. Trying TPTP
% Refutation found. Thanks to Tanya!
% SZS status Unsatisfiable for GRP594-1_clausified
% SZS output start Proof for GRP594-1_clausified
1. inverse(double_divide(double_divide(X0,X1),inverse(double_divide(X0,inverse(double_divide(X2,X1)))))) = X2 [input(axiom)]
2. a2 != inverse(double_divide(a2,inverse(double_divide(b2,inverse(b2))))) [input(negated conjecture)]
3. double_divide(X2,X3) = inverse(double_divide(double_divide(X1,inverse(double_divide(X2,inverse(double_divide(X0,X3))))),inverse(double_divide(X1,X0)))) [superposition 1,1]
4. inverse(double_divide(double_divide(double_divide(X1,X2),inverse(double_divide(X0,X2))),X0)) = X1 [superposition 1,1]
5. inverse(double_divide(double_divide(double_divide(X1,inverse(double_divide(X2,inverse(double_divide(X0,X3))))),X0),double_divide(X2,X3))) = X1 [superposition 4,1]
6. inverse(double_divide(double_divide(double_divide(X1,X2),X0),double_divide(double_divide(X0,X3),inverse(double_divide(X2,X3))))) = X1 [superposition 4,4]
8. double_divide(double_divide(X0,X3),inverse(double_divide(X2,X3))) = inverse(double_divide(double_divide(X1,X2),inverse(double_divide(X1,X0)))) [superposition 1,4]
13. double_divide(double_divide(X2,inverse(double_divide(X0,inverse(double_divide(X3,X1))))),X3) = inverse(double_divide(double_divide(X4,double_divide(X0,X1)),inverse(double_divide(X4,X2)))) [superposition 3,3]
14. double_divide(double_divide(double_divide(X0,X1),inverse(double_divide(inverse(double_divide(X2,X3)),X1))),X3) = inverse(double_divide(double_divide(X4,X0),inverse(double_divide(X4,X2)))) [superposition 3,4]
15. double_divide(X1,X2) = inverse(double_divide(double_divide(double_divide(X3,X4),inverse(double_divide(X1,inverse(double_divide(inverse(double_divide(X3,inverse(double_divide(X0,X4)))),X2))))),X0)) [superposition 3,1]
16. double_divide(X2,X3) = inverse(double_divide(double_divide(double_divide(X4,inverse(double_divide(X0,inverse(double_divide(X5,X1))))),inverse(double_divide(X2,inverse(double_divide(inverse(double_divide(X4,X5)),X3))))),double_divide(X0,X1))) [superposition 3,3]
17. double_divide(X1,X2) = inverse(double_divide(double_divide(double_divide(double_divide(X0,X3),inverse(double_divide(X4,X3))),inverse(double_divide(X1,inverse(double_divide(X4,X2))))),X0)) [superposition 3,4]
20. inverse(double_divide(double_divide(double_divide(X2,inverse(double_divide(X3,X4))),double_divide(X0,X1)),double_divide(X3,inverse(double_divide(X0,inverse(double_divide(X4,X1))))))) = X2 [superposition 4,3]
21. double_divide(X3,inverse(double_divide(X0,inverse(double_divide(X4,X1))))) = inverse(double_divide(double_divide(X2,inverse(double_divide(X3,X4))),inverse(double_divide(X2,double_divide(X0,X1))))) [superposition 1,3]
22. double_divide(inverse(double_divide(double_divide(X0,inverse(double_divide(X1,X2))),X1)),X2) = X0 [superposition 4,3]
30. double_divide(double_divide(inverse(double_divide(X0,X1)),X2),inverse(double_divide(X1,X2))) = X0 [superposition 22,3]
58. double_divide(double_divide(X0,X1),X2) = double_divide(double_divide(X0,X4),inverse(double_divide(double_divide(double_divide(X2,X3),inverse(double_divide(X1,X3))),X4))) [superposition 30,6]
67. inverse(double_divide(double_divide(double_divide(inverse(double_divide(X0,X1)),X2),X2),inverse(X0))) = X1 [superposition 1,30]
94. double_divide(inverse(double_divide(X0,X1)),inverse(double_divide(X2,X3))) = inverse(double_divide(double_divide(X0,X2),double_divide(X1,X3))) [superposition 5,30]
127. double_divide(X0,X2) = double_divide(inverse(double_divide(X1,X0)),inverse(double_divide(inverse(X1),X2))) [superposition 22,67]
138. double_divide(X0,X2) = inverse(double_divide(double_divide(X1,inverse(X1)),double_divide(X0,X2))) [forward demodulation 127,94]
196. inverse(double_divide(double_divide(X3,inverse(X3)),X0)) = X0 [superposition 138,30]
214. double_divide(X0,inverse(double_divide(X3,X2))) = inverse(double_divide(double_divide(X4,X3),inverse(double_divide(X4,inverse(double_divide(double_divide(X0,inverse(double_divide(X1,X2))),X1)))))) [superposition 8,22]
346. inverse(double_divide(X1,inverse(X2))) = inverse(inverse(double_divide(double_divide(X0,X1),inverse(double_divide(X0,X2))))) [superposition 196,8]
365. double_divide(X0,X2) = inverse(double_divide(double_divide(X0,inverse(double_divide(X1,X2))),X1)) [superposition 3,196]
366. inverse(double_divide(X0,inverse(double_divide(X1,inverse(X0))))) = X1 [superposition 1,196]
367. inverse(double_divide(X0,X1)) = double_divide(double_divide(X1,X2),inverse(double_divide(inverse(X0),X2))) [superposition 8,196]
438. double_divide(X3,inverse(double_divide(X1,inverse(double_divide(X5,X2))))) = inverse(double_divide(double_divide(X4,X5),inverse(double_divide(X4,inverse(inverse(double_divide(double_divide(X0,double_divide(X1,X2)),inverse(double_divide(X0,X3))))))))) [superposition 1,13]
441. double_divide(X3,inverse(double_divide(X1,inverse(double_divide(X4,X2))))) = inverse(double_divide(double_divide(inverse(double_divide(double_divide(X0,double_divide(X1,X2)),inverse(double_divide(X0,X3)))),inverse(double_divide(X5,X4))),X5)) [superposition 4,13]
527. double_divide(X3,inverse(double_divide(X1,inverse(double_divide(X4,X2))))) = double_divide(inverse(double_divide(double_divide(X0,double_divide(X1,X2)),inverse(double_divide(X0,X3)))),X4) [forward demodulation 441,365]
530. double_divide(X3,inverse(double_divide(X1,inverse(double_divide(X5,X2))))) = inverse(double_divide(double_divide(X4,X5),inverse(double_divide(X4,inverse(double_divide(double_divide(X1,X2),inverse(X3))))))) [forward demodulation 438,346]
584. inverse(double_divide(X1,inverse(X0))) = inverse(double_divide(double_divide(X0,inverse(double_divide(X2,inverse(X1)))),X2)) [superposition 366,22]
585. double_divide(inverse(double_divide(X0,X1)),X2) = inverse(double_divide(double_divide(X1,X2),inverse(X0))) [superposition 366,30]
587. inverse(double_divide(X4,inverse(inverse(double_divide(double_divide(X0,double_divide(X1,X2)),inverse(double_divide(X0,X3))))))) = double_divide(X3,inverse(double_divide(X1,inverse(double_divide(inverse(X4),X2))))) [superposition 366,13]
589. double_divide(X3,X2) = inverse(double_divide(double_divide(X3,X0),double_divide(double_divide(X0,X1),inverse(double_divide(X2,X1))))) [superposition 366,8]
590. double_divide(X2,inverse(double_divide(X0,inverse(double_divide(X3,X1))))) = inverse(double_divide(double_divide(X2,X3),double_divide(X0,X1))) [superposition 366,3]
594. inverse(double_divide(X1,X0)) = double_divide(double_divide(inverse(double_divide(X1,X0)),X2),X2) [superposition 366,67]
596. inverse(double_divide(double_divide(X0,inverse(X1)),X0)) = X1 [superposition 366,366]
621. inverse(double_divide(X0,inverse(double_divide(X1,inverse(X1))))) = X0 [superposition 196,366]
633. inverse(double_divide(X4,inverse(inverse(double_divide(double_divide(X0,double_divide(X1,X2)),inverse(double_divide(X0,X3))))))) = inverse(double_divide(double_divide(X3,inverse(X4)),double_divide(X1,X2))) [forward demodulation 587,590]
635. inverse(double_divide(X1,inverse(X0))) = double_divide(X0,inverse(X1)) [forward demodulation 584,365]
647. inverse(double_divide(X4,inverse(double_divide(double_divide(X1,X2),inverse(X3))))) = inverse(double_divide(double_divide(X3,inverse(X4)),double_divide(X1,X2))) [forward demodulation 633,346]
652. inverse(double_divide(double_divide(X3,inverse(X4)),double_divide(X1,X2))) = double_divide(double_divide(double_divide(X1,X2),inverse(X3)),inverse(X4)) [forward demodulation 647,635]
658. double_divide(double_divide(double_divide(X1,X2),inverse(double_divide(inverse(X0),X2))),X4) = inverse(double_divide(double_divide(X5,X1),inverse(double_divide(X5,inverse(double_divide(double_divide(X0,inverse(double_divide(X3,X4))),X3)))))) [superposition 14,22]
661. double_divide(double_divide(double_divide(X4,X5),inverse(double_divide(inverse(inverse(double_divide(double_divide(X0,double_divide(X1,X2)),inverse(double_divide(X0,X3))))),X5))),X6) = inverse(double_divide(double_divide(X7,X4),inverse(double_divide(X7,double_divide(X3,inverse(double_divide(X1,inverse(double_divide(X6,X2))))))))) [superposition 14,13]
662. inverse(double_divide(double_divide(X7,X3),inverse(double_divide(X7,double_divide(double_divide(X1,X5),inverse(double_divide(inverse(double_divide(X2,X6)),X5))))))) = double_divide(double_divide(double_divide(X3,X4),inverse(double_divide(inverse(inverse(double_divide(double_divide(X0,X1),inverse(double_divide(X0,X2))))),X4))),X6) [superposition 14,14]
673. double_divide(double_divide(double_divide(X1,X2),inverse(double_divide(X0,X2))),inverse(X3)) = inverse(double_divide(double_divide(X5,X1),inverse(double_divide(X5,double_divide(double_divide(inverse(double_divide(X3,X0)),X4),X4))))) [superposition 14,67]
676. double_divide(double_divide(double_divide(X1,X2),inverse(X0)),X3) = inverse(double_divide(double_divide(X4,X1),inverse(double_divide(X4,double_divide(X0,inverse(double_divide(X3,X2))))))) [superposition 14,22]
718. double_divide(double_divide(X1,X5),inverse(double_divide(inverse(double_divide(X2,X4)),X5))) = inverse(double_divide(double_divide(X3,X4),inverse(double_divide(X3,inverse(inverse(double_divide(double_divide(X0,X1),inverse(double_divide(X0,X2))))))))) [superposition 1,14]
725. double_divide(double_divide(X1,X3),inverse(double_divide(inverse(double_divide(X2,X4)),X3))) = inverse(double_divide(double_divide(inverse(double_divide(double_divide(X0,X1),inverse(double_divide(X0,X2)))),X5),double_divide(double_divide(X5,X6),inverse(double_divide(X4,X6))))) [superposition 6,14]
739. double_divide(double_divide(inverse(double_divide(X3,double_divide(double_divide(X1,X4),inverse(double_divide(inverse(double_divide(X2,X5)),X4))))),X5),inverse(inverse(double_divide(double_divide(X0,X1),inverse(double_divide(X0,X2)))))) = X3 [superposition 30,14]
752. double_divide(double_divide(X1,X3),inverse(double_divide(inverse(double_divide(X2,inverse(double_divide(X4,X5)))),X3))) = double_divide(inverse(double_divide(inverse(double_divide(double_divide(X0,X1),inverse(double_divide(X0,X2)))),X4)),X5) [superposition 22,14]
822. double_divide(double_divide(X1,X3),inverse(double_divide(inverse(double_divide(X2,inverse(double_divide(X4,X5)))),X3))) = double_divide(inverse(double_divide(double_divide(inverse(double_divide(double_divide(X0,X2),X0)),X1),X4)),X5) [forward demodulation 752,585]
833. double_divide(double_divide(inverse(double_divide(X3,double_divide(double_divide(X1,X4),inverse(double_divide(inverse(double_divide(X2,X5)),X4))))),X5),inverse(double_divide(X1,inverse(X2)))) = X3 [forward demodulation 739,346]
847. double_divide(double_divide(X1,X3),inverse(double_divide(inverse(double_divide(X2,X4)),X3))) = double_divide(inverse(double_divide(double_divide(X0,X1),inverse(double_divide(X0,X2)))),X4) [forward demodulation 725,589]
854. double_divide(double_divide(X1,X5),inverse(double_divide(inverse(double_divide(X2,X4)),X5))) = double_divide(inverse(double_divide(double_divide(X3,inverse(inverse(double_divide(double_divide(X0,X1),inverse(double_divide(X0,X2)))))),X3)),X4) [forward demodulation 718,585]
891. double_divide(double_divide(double_divide(X1,X2),inverse(X0)),X3) = double_divide(inverse(double_divide(double_divide(X4,double_divide(X0,inverse(double_divide(X3,X2)))),X4)),X1) [forward demodulation 676,585]
894. double_divide(double_divide(double_divide(X1,X2),inverse(double_divide(X0,X2))),inverse(X3)) = double_divide(inverse(double_divide(double_divide(X5,double_divide(double_divide(inverse(double_divide(X3,X0)),X4),X4)),X5)),X1) [forward demodulation 673,585]
905. inverse(double_divide(double_divide(X7,X3),inverse(double_divide(X7,double_divide(double_divide(X1,X5),inverse(double_divide(inverse(double_divide(X2,X6)),X5))))))) = double_divide(inverse(double_divide(inverse(double_divide(double_divide(X0,X1),inverse(double_divide(X0,X2)))),X3)),X6) [forward demodulation 662,367]
906. double_divide(double_divide(double_divide(X4,X5),inverse(double_divide(inverse(inverse(double_divide(double_divide(X0,double_divide(X1,X2)),inverse(double_divide(X0,X3))))),X5))),X6) = double_divide(inverse(double_divide(double_divide(X7,double_divide(X3,inverse(double_divide(X1,inverse(double_divide(X6,X2)))))),X7)),X4) [forward demodulation 661,585]
909. double_divide(double_divide(double_divide(X1,X2),inverse(double_divide(inverse(X0),X2))),X4) = double_divide(X0,inverse(double_divide(X1,X4))) [forward demodulation 658,214]
937. double_divide(inverse(double_divide(double_divide(inverse(double_divide(double_divide(X0,X2),X0)),X1),X4)),X5) = inverse(double_divide(double_divide(X2,inverse(double_divide(X4,X5))),X1)) [forward demodulation 822,367]
947. double_divide(double_divide(inverse(double_divide(X3,double_divide(double_divide(X1,X4),inverse(double_divide(inverse(double_divide(X2,X5)),X4))))),X5),double_divide(X2,inverse(X1))) = X3 [forward demodulation 833,635]
961. double_divide(double_divide(X1,X3),inverse(double_divide(inverse(double_divide(X2,X4)),X3))) = double_divide(double_divide(inverse(double_divide(double_divide(X0,X2),X0)),X1),X4) [forward demodulation 847,585]
968. double_divide(inverse(double_divide(double_divide(X0,X1),inverse(double_divide(X0,X2)))),X4) = double_divide(double_divide(X1,X5),inverse(double_divide(inverse(double_divide(X2,X4)),X5))) [forward demodulation 854,596]
1000. double_divide(double_divide(double_divide(X1,X2),inverse(double_divide(X0,X2))),inverse(X3)) = double_divide(inverse(double_divide(double_divide(X5,inverse(double_divide(X3,X0))),X5)),X1) [forward demodulation 894,594]
1008. inverse(double_divide(double_divide(X7,X3),inverse(double_divide(X7,double_divide(double_divide(X1,X5),inverse(double_divide(inverse(double_divide(X2,X6)),X5))))))) = double_divide(inverse(double_divide(double_divide(inverse(double_divide(double_divide(X0,X2),X0)),X1),X3)),X6) [forward demodulation 905,585]
1009. double_divide(double_divide(double_divide(X4,X5),inverse(double_divide(inverse(inverse(double_divide(double_divide(X0,double_divide(X1,X2)),inverse(double_divide(X0,X3))))),X5))),X6) = double_divide(double_divide(double_divide(X4,inverse(double_divide(X6,X2))),inverse(X3)),X1) [forward demodulation 906,891]
1012. double_divide(X0,inverse(double_divide(X1,X4))) = double_divide(inverse(double_divide(X0,X1)),X4) [forward demodulation 909,367]
1036. double_divide(double_divide(inverse(double_divide(X3,inverse(double_divide(double_divide(X2,X5),X1)))),X5),double_divide(X2,inverse(X1))) = X3 [forward demodulation 947,367]
1049. double_divide(double_divide(inverse(double_divide(double_divide(X0,X2),X0)),X1),X4) = inverse(double_divide(double_divide(X2,X4),X1)) [forward demodulation 961,367]
1056. double_divide(inverse(double_divide(double_divide(X0,X1),inverse(double_divide(X0,X2)))),X4) = inverse(double_divide(double_divide(X2,X4),X1)) [forward demodulation 968,367]
1073. double_divide(double_divide(double_divide(X1,X2),inverse(double_divide(X0,X2))),inverse(X3)) = double_divide(double_divide(X3,X0),X1) [forward demodulation 1000,596]
1075. inverse(double_divide(double_divide(X7,X3),inverse(double_divide(X7,double_divide(double_divide(X1,X5),inverse(double_divide(inverse(double_divide(X2,X6)),X5))))))) = inverse(double_divide(double_divide(X2,inverse(double_divide(X3,X6))),X1)) [forward demodulation 1008,937]
1076. double_divide(double_divide(double_divide(X4,inverse(double_divide(X6,X2))),inverse(X3)),X1) = double_divide(inverse(double_divide(inverse(double_divide(double_divide(X0,double_divide(X1,X2)),inverse(double_divide(X0,X3)))),X4)),X6) [forward demodulation 1009,367]
1100. double_divide(double_divide(X3,inverse(double_divide(inverse(double_divide(double_divide(X2,X5),X1)),X5))),double_divide(X2,inverse(X1))) = X3 [forward demodulation 1036,1012]
1111. inverse(double_divide(double_divide(X2,X4),X1)) = double_divide(double_divide(double_divide(X0,X2),inverse(double_divide(X0,X1))),X4) [forward demodulation 1049,1012]
1118. inverse(double_divide(double_divide(X2,X4),X1)) = double_divide(double_divide(X0,X1),inverse(double_divide(inverse(double_divide(X0,X2)),X4))) [forward demodulation 1056,1012]
1135. inverse(double_divide(double_divide(X2,inverse(double_divide(X3,X6))),X1)) = double_divide(inverse(double_divide(double_divide(X7,double_divide(double_divide(X1,X5),inverse(double_divide(inverse(double_divide(X2,X6)),X5)))),X7)),X3) [forward demodulation 1075,585]
1136. double_divide(double_divide(double_divide(X4,inverse(double_divide(X6,X2))),inverse(X3)),X1) = double_divide(inverse(double_divide(double_divide(X0,double_divide(X1,X2)),inverse(double_divide(X0,X3)))),inverse(double_divide(X4,X6))) [forward demodulation 1076,1012]
1155. double_divide(double_divide(X3,inverse(double_divide(double_divide(X2,X5),inverse(double_divide(X1,X5))))),double_divide(X2,inverse(X1))) = X3 [forward demodulation 1100,1012]
1171. inverse(double_divide(double_divide(X2,X4),X1)) = double_divide(double_divide(X0,X1),inverse(double_divide(X0,inverse(double_divide(X2,X4))))) [forward demodulation 1118,1012]
1183. inverse(double_divide(double_divide(X2,inverse(double_divide(X3,X6))),X1)) = double_divide(double_divide(double_divide(X3,X5),inverse(double_divide(X1,X5))),inverse(double_divide(X2,X6))) [forward demodulation 1135,891]
1184. double_divide(double_divide(double_divide(X4,inverse(double_divide(X6,X2))),inverse(X3)),X1) = double_divide(X3,inverse(double_divide(X1,inverse(double_divide(inverse(double_divide(X4,X6)),X2))))) [forward demodulation 1136,527]
1199. double_divide(inverse(double_divide(double_divide(X3,X1),double_divide(double_divide(X2,X5),X5))),double_divide(X2,inverse(X1))) = X3 [forward demodulation 1155,590]
1209. inverse(double_divide(double_divide(X2,X4),X1)) = inverse(double_divide(double_divide(double_divide(X0,X1),X2),double_divide(X0,X4))) [forward demodulation 1171,590]
1219. inverse(double_divide(double_divide(X2,inverse(double_divide(X3,X6))),X1)) = double_divide(double_divide(double_divide(X2,X6),X1),X3) [forward demodulation 1183,1073]
1220. double_divide(double_divide(double_divide(X4,inverse(double_divide(X6,X2))),inverse(X3)),X1) = inverse(double_divide(double_divide(X3,inverse(double_divide(X4,X6))),double_divide(X1,X2))) [forward demodulation 1184,590]
1233. double_divide(double_divide(X3,X1),inverse(double_divide(double_divide(double_divide(X2,X5),X5),double_divide(X2,inverse(X1))))) = X3 [forward demodulation 1199,1012]
1246. double_divide(double_divide(double_divide(X4,inverse(double_divide(X6,X2))),inverse(X3)),X1) = double_divide(double_divide(double_divide(X3,X6),double_divide(X1,X2)),X4) [forward demodulation 1220,1219]
1256. double_divide(double_divide(X3,X1),inverse(double_divide(double_divide(X5,inverse(X1)),X5))) = X3 [forward demodulation 1233,1209]
1270. double_divide(double_divide(X3,X1),X1) = X3 [forward demodulation 1256,596]
1294. inverse(double_divide(double_divide(double_divide(X1,X2),inverse(X0)),double_divide(X0,X2))) = X1 [superposition 4,1270]
1303. double_divide(X0,inverse(double_divide(X2,X1))) = inverse(double_divide(double_divide(X3,X2),inverse(double_divide(X3,double_divide(X0,X1))))) [superposition 8,1270]
1304. double_divide(double_divide(X1,X2),inverse(X0)) = inverse(double_divide(double_divide(X3,double_divide(X0,X2)),inverse(double_divide(X3,X1)))) [superposition 8,1270]
1309. inverse(double_divide(double_divide(X4,double_divide(X0,X1)),inverse(double_divide(X4,X2)))) = double_divide(double_divide(X0,inverse(double_divide(inverse(double_divide(X2,X3)),X1))),X3) [superposition 14,1270]
1329. inverse(double_divide(double_divide(double_divide(X0,inverse(double_divide(X1,X2))),X2),inverse(X0))) = X1 [superposition 1,1270]
1336. double_divide(inverse(double_divide(X0,double_divide(X0,inverse(double_divide(X1,X2))))),X2) = X1 [forward demodulation 1329,585]
1350. inverse(double_divide(double_divide(X4,double_divide(X0,X1)),inverse(double_divide(X4,X2)))) = double_divide(double_divide(X0,inverse(double_divide(X2,inverse(double_divide(X3,X1))))),X3) [forward demodulation 1309,1012]
1353. double_divide(double_divide(X1,X2),inverse(X0)) = double_divide(inverse(double_divide(double_divide(X3,X1),X3)),double_divide(X0,X2)) [forward demodulation 1304,585]
1354. double_divide(X0,inverse(double_divide(X2,X1))) = double_divide(inverse(double_divide(double_divide(X3,double_divide(X0,X1)),X3)),X2) [forward demodulation 1303,585]
1360. double_divide(double_divide(double_divide(X0,X2),inverse(double_divide(X1,X2))),inverse(X0)) = X1 [forward demodulation 1294,652]
1370. double_divide(X0,inverse(double_divide(double_divide(X0,inverse(double_divide(X1,X2))),X2))) = X1 [forward demodulation 1336,1012]
1381. inverse(double_divide(double_divide(X4,double_divide(X0,X1)),inverse(double_divide(X4,X2)))) = double_divide(inverse(double_divide(double_divide(X0,X3),double_divide(X2,X1))),X3) [forward demodulation 1350,590]
1384. double_divide(double_divide(X1,X2),inverse(X0)) = double_divide(double_divide(X3,X1),inverse(double_divide(X3,double_divide(X0,X2)))) [forward demodulation 1353,1012]
1385. double_divide(X0,inverse(double_divide(X2,X1))) = double_divide(double_divide(X3,double_divide(X0,X1)),inverse(double_divide(X3,X2))) [forward demodulation 1354,1012]
1389. double_divide(double_divide(X0,X1),X0) = X1 [forward demodulation 1360,1073]
1397. double_divide(X0,double_divide(double_divide(double_divide(X0,X2),X2),X1)) = X1 [forward demodulation 1370,1219]
1403. inverse(double_divide(double_divide(X4,double_divide(X0,X1)),inverse(double_divide(X4,X2)))) = double_divide(double_divide(X0,X3),inverse(double_divide(double_divide(X2,X1),X3))) [forward demodulation 1381,1012]
1410. double_divide(X0,double_divide(X0,X1)) = X1 [forward demodulation 1397,1270]
1413. double_divide(double_divide(X0,X3),inverse(double_divide(double_divide(X2,X1),X3))) = double_divide(inverse(double_divide(double_divide(X4,X2),X4)),double_divide(X0,X1)) [forward demodulation 1403,585]
1418. double_divide(double_divide(X0,X3),inverse(double_divide(double_divide(X2,X1),X3))) = double_divide(double_divide(X4,X2),inverse(double_divide(X4,double_divide(X0,X1)))) [forward demodulation 1413,1012]
1420. double_divide(double_divide(X0,X3),inverse(double_divide(double_divide(X2,X1),X3))) = double_divide(double_divide(X2,X1),inverse(X0)) [forward demodulation 1418,1384]
1454. double_divide(X3,inverse(double_divide(X1,X4))) = inverse(double_divide(double_divide(double_divide(double_divide(X5,X6),inverse(double_divide(double_divide(X2,X4),X6))),inverse(double_divide(X3,inverse(inverse(double_divide(double_divide(X0,X1),inverse(double_divide(X0,X2)))))))),X5)) [superposition 17,8]
1462. double_divide(X1,X2) = inverse(double_divide(double_divide(double_divide(double_divide(X3,X4),inverse(double_divide(double_divide(double_divide(X0,X5),inverse(double_divide(X2,X5))),X4))),inverse(double_divide(X1,X0))),X3)) [superposition 17,4]
1465. double_divide(X1,inverse(X2)) = inverse(double_divide(double_divide(double_divide(double_divide(X3,X4),inverse(double_divide(double_divide(double_divide(inverse(double_divide(X2,X0)),X5),X5),X4))),inverse(double_divide(X1,X0))),X3)) [superposition 17,67]
1499. double_divide(double_divide(double_divide(X3,X4),inverse(double_divide(X5,X4))),inverse(double_divide(X0,inverse(double_divide(X5,X1))))) = inverse(double_divide(double_divide(X2,X3),inverse(double_divide(X2,double_divide(X0,X1))))) [superposition 1,17]
1554. double_divide(double_divide(double_divide(X3,X4),inverse(double_divide(X5,X4))),inverse(double_divide(X0,inverse(double_divide(X5,X1))))) = double_divide(inverse(double_divide(double_divide(X2,double_divide(X0,X1)),X2)),X3) [forward demodulation 1499,585]
1582. double_divide(X1,inverse(X2)) = double_divide(double_divide(double_divide(double_divide(double_divide(X3,X4),inverse(double_divide(double_divide(double_divide(inverse(double_divide(X2,X0)),X5),X5),X4))),X0),X3),X1) [forward demodulation 1465,1219]
1585. double_divide(X1,X2) = double_divide(double_divide(double_divide(double_divide(double_divide(X3,X4),inverse(double_divide(double_divide(double_divide(X0,X5),inverse(double_divide(X2,X5))),X4))),X0),X3),X1) [forward demodulation 1462,1219]
1593. double_divide(X3,inverse(double_divide(X1,X4))) = double_divide(double_divide(double_divide(double_divide(double_divide(X5,X6),inverse(double_divide(double_divide(X2,X4),X6))),inverse(inverse(double_divide(double_divide(X0,X1),inverse(double_divide(X0,X2)))))),X5),X3) [forward demodulation 1454,1219]
1645. double_divide(double_divide(double_divide(X3,X4),inverse(double_divide(X5,X4))),inverse(double_divide(X0,inverse(double_divide(X5,X1))))) = double_divide(double_divide(X2,double_divide(X0,X1)),inverse(double_divide(X2,X3))) [forward demodulation 1554,1012]
1669. double_divide(X1,inverse(X2)) = double_divide(double_divide(double_divide(double_divide(double_divide(double_divide(inverse(double_divide(X2,X0)),X5),X5),inverse(X3)),X0),X3),X1) [forward demodulation 1582,1420]
1672. double_divide(X1,X2) = double_divide(double_divide(double_divide(double_divide(double_divide(X3,X2),X0),X0),X3),X1) [forward demodulation 1585,58]
1680. double_divide(X3,inverse(double_divide(X1,X4))) = double_divide(double_divide(double_divide(double_divide(inverse(double_divide(double_divide(X0,X1),inverse(double_divide(X0,X2)))),double_divide(X2,X4)),double_divide(X5,X6)),double_divide(X5,X6)),X3) [forward demodulation 1593,1246]
1725. double_divide(X0,inverse(double_divide(X3,X1))) = double_divide(double_divide(double_divide(X3,X4),inverse(double_divide(X5,X4))),inverse(double_divide(X0,inverse(double_divide(X5,X1))))) [forward demodulation 1645,1385]
1746. double_divide(X1,inverse(X2)) = double_divide(double_divide(double_divide(double_divide(inverse(double_divide(X2,X0)),inverse(X3)),X0),X3),X1) [forward demodulation 1669,594]
1748. double_divide(X1,X2) = double_divide(double_divide(double_divide(X3,X2),X3),X1) [forward demodulation 1672,1270]
1755. double_divide(X3,inverse(double_divide(X1,X4))) = double_divide(double_divide(inverse(double_divide(double_divide(X0,X1),inverse(double_divide(X0,X2)))),double_divide(X2,X4)),X3) [forward demodulation 1680,1270]
1793. double_divide(X0,inverse(double_divide(X3,X1))) = double_divide(double_divide(double_divide(X0,inverse(double_divide(X5,X1))),X5),X3) [forward demodulation 1725,1073]
1813. double_divide(X1,inverse(X2)) = double_divide(double_divide(double_divide(double_divide(X2,inverse(double_divide(X0,inverse(X3)))),X0),X3),X1) [forward demodulation 1746,1012]
1815. double_divide(X2,X1) = double_divide(X1,X2) [forward demodulation 1748,1389]
1820. double_divide(X3,inverse(double_divide(X1,X4))) = double_divide(double_divide(double_divide(X0,X1),inverse(double_divide(inverse(double_divide(X0,X2)),double_divide(X2,X4)))),X3) [forward demodulation 1755,1012]
1863. double_divide(X1,inverse(X2)) = double_divide(double_divide(X2,inverse(double_divide(X3,inverse(X3)))),X1) [forward demodulation 1813,1793]
1867. double_divide(X3,inverse(double_divide(X1,X4))) = double_divide(double_divide(double_divide(X0,X1),inverse(double_divide(X0,inverse(double_divide(X2,double_divide(X2,X4)))))),X3) [forward demodulation 1820,1012]
1904. double_divide(X1,inverse(X2)) = double_divide(double_divide(X2,double_divide(X3,inverse(X3))),X1) [forward demodulation 1863,635]
1907. double_divide(X3,inverse(double_divide(X1,X4))) = inverse(double_divide(double_divide(X1,X3),inverse(double_divide(X2,double_divide(X2,X4))))) [forward demodulation 1867,1111]
1934. double_divide(X3,inverse(double_divide(X1,X4))) = double_divide(inverse(double_divide(double_divide(X2,double_divide(X2,X4)),X1)),X3) [forward demodulation 1907,585]
1948. double_divide(X3,inverse(double_divide(X1,X4))) = double_divide(double_divide(X2,double_divide(X2,X4)),inverse(double_divide(X1,X3))) [forward demodulation 1934,1012]
1958. double_divide(X4,inverse(double_divide(X1,X3))) = double_divide(X3,inverse(double_divide(X1,X4))) [forward demodulation 1948,1410]
2084. double_divide(double_divide(double_divide(X2,X3),inverse(double_divide(inverse(double_divide(X0,X1)),X3))),X0) = inverse(double_divide(double_divide(X4,X2),inverse(double_divide(X4,X1)))) [superposition 14,1815]
2098. double_divide(X0,double_divide(X1,X0)) = X1 [superposition 1270,1815]
2128. double_divide(inverse(double_divide(X0,X1)),double_divide(X2,X1)) = inverse(double_divide(double_divide(X3,X0),inverse(double_divide(X3,X2)))) [superposition 8,1815]
2130. inverse(double_divide(double_divide(inverse(double_divide(X0,X1)),double_divide(X2,X1)),X0)) = X2 [superposition 4,1815]
2131. inverse(double_divide(double_divide(X4,X3),inverse(double_divide(X4,X0)))) = double_divide(double_divide(inverse(double_divide(inverse(double_divide(X0,X1)),X2)),double_divide(X3,X2)),X1) [superposition 14,1815]
2144. inverse(double_divide(double_divide(X4,X3),inverse(double_divide(X4,X0)))) = double_divide(X1,double_divide(inverse(double_divide(inverse(double_divide(X0,X1)),X2)),double_divide(X3,X2))) [forward demodulation 2131,1815]
2145. inverse(double_divide(X0,double_divide(inverse(double_divide(X0,X1)),double_divide(X2,X1)))) = X2 [forward demodulation 2130,1815]
2147. double_divide(inverse(double_divide(X0,X1)),double_divide(X2,X1)) = double_divide(inverse(double_divide(double_divide(X3,X2),X3)),X0) [forward demodulation 2128,585]
2186. double_divide(double_divide(double_divide(X2,X3),inverse(double_divide(inverse(double_divide(X0,X1)),X3))),X0) = double_divide(inverse(double_divide(double_divide(X4,X1),X4)),X2) [forward demodulation 2084,585]
2296. inverse(double_divide(double_divide(X4,X3),inverse(double_divide(X4,X0)))) = double_divide(X1,double_divide(inverse(double_divide(X0,X1)),inverse(double_divide(X2,double_divide(X3,X2))))) [forward demodulation 2144,1012]
2297. inverse(double_divide(X0,double_divide(X0,inverse(double_divide(X1,double_divide(X2,X1)))))) = X2 [forward demodulation 2145,1012]
2299. double_divide(double_divide(X3,X2),inverse(double_divide(X3,X0))) = double_divide(inverse(double_divide(X0,X1)),double_divide(X2,X1)) [forward demodulation 2147,1012]
2331. double_divide(double_divide(X4,X1),inverse(double_divide(X4,X2))) = double_divide(double_divide(double_divide(X2,X3),inverse(double_divide(inverse(double_divide(X0,X1)),X3))),X0) [forward demodulation 2186,1012]
2422. inverse(double_divide(double_divide(X4,X3),inverse(double_divide(X4,X0)))) = double_divide(X1,inverse(double_divide(double_divide(X0,X2),double_divide(X1,double_divide(X3,X2))))) [forward demodulation 2296,94]
2423. inverse(inverse(double_divide(X1,double_divide(X2,X1)))) = X2 [forward demodulation 2297,1410]
2425. double_divide(double_divide(X3,X2),inverse(double_divide(X3,X0))) = double_divide(X0,inverse(double_divide(X1,double_divide(X2,X1)))) [forward demodulation 2299,1012]
2451. double_divide(double_divide(X4,X1),inverse(double_divide(X4,X2))) = double_divide(X0,double_divide(double_divide(X2,X3),inverse(double_divide(inverse(double_divide(X0,X1)),X3)))) [forward demodulation 2331,1815]
2524. double_divide(X1,inverse(double_divide(double_divide(X0,X2),double_divide(X1,double_divide(X3,X2))))) = double_divide(inverse(double_divide(double_divide(X4,X0),X4)),X3) [forward demodulation 2422,585]
2525. inverse(inverse(X2)) = X2 [forward demodulation 2423,2098]
2527. double_divide(double_divide(X3,X2),inverse(double_divide(X3,X0))) = double_divide(X0,inverse(X2)) [forward demodulation 2425,2098]
2546. double_divide(double_divide(X4,X1),inverse(double_divide(X4,X2))) = double_divide(X0,inverse(double_divide(double_divide(X0,X1),X2))) [forward demodulation 2451,367]
2594. double_divide(X1,inverse(double_divide(double_divide(X0,X2),double_divide(X1,double_divide(X3,X2))))) = double_divide(double_divide(X4,X0),inverse(double_divide(X4,X3))) [forward demodulation 2524,1012]
2607. double_divide(X2,inverse(X1)) = double_divide(X0,inverse(double_divide(double_divide(X0,X1),X2))) [forward demodulation 2546,2527]
2635. double_divide(X3,inverse(X0)) = double_divide(X1,inverse(double_divide(double_divide(X0,X2),double_divide(X1,double_divide(X3,X2))))) [forward demodulation 2594,2527]
2690. double_divide(double_divide(X1,X3),inverse(double_divide(inverse(double_divide(X2,inverse(double_divide(X4,X5)))),X3))) = inverse(double_divide(double_divide(inverse(double_divide(double_divide(X0,X1),inverse(double_divide(X0,X2)))),double_divide(X6,X7)),double_divide(X4,inverse(double_divide(X6,inverse(double_divide(X5,X7))))))) [superposition 20,14]
2775. double_divide(double_divide(X0,inverse(double_divide(X1,X2))),double_divide(X3,X4)) = double_divide(double_divide(X0,X5),inverse(double_divide(double_divide(X1,inverse(double_divide(X3,inverse(double_divide(X2,X4))))),X5))) [superposition 30,20]
2788. double_divide(double_divide(X0,inverse(double_divide(X1,X2))),double_divide(X3,X4)) = double_divide(double_divide(X1,inverse(double_divide(X3,inverse(double_divide(X2,X4))))),inverse(X0)) [forward demodulation 2775,1420]
2860. double_divide(double_divide(X1,X3),inverse(double_divide(inverse(double_divide(X2,inverse(double_divide(X4,X5)))),X3))) = inverse(double_divide(double_divide(inverse(double_divide(double_divide(X0,X1),inverse(double_divide(X0,X2)))),double_divide(X6,X7)),inverse(double_divide(double_divide(X4,X5),double_divide(X6,X7))))) [forward demodulation 2690,590]
2895. double_divide(double_divide(X0,inverse(double_divide(X1,X2))),double_divide(X3,X4)) = double_divide(inverse(double_divide(double_divide(X1,X2),double_divide(X3,X4))),inverse(X0)) [forward demodulation 2788,590]
2966. double_divide(double_divide(X1,X3),inverse(double_divide(inverse(double_divide(X2,inverse(double_divide(X4,X5)))),X3))) = double_divide(inverse(double_divide(double_divide(double_divide(X4,X5),double_divide(X6,X7)),inverse(double_divide(double_divide(X0,X1),inverse(double_divide(X0,X2)))))),double_divide(X6,X7)) [forward demodulation 2860,585]
2999. double_divide(double_divide(X0,inverse(double_divide(X1,X2))),double_divide(X3,X4)) = double_divide(double_divide(X1,X2),inverse(double_divide(double_divide(X3,X4),inverse(X0)))) [forward demodulation 2895,1012]
3064. double_divide(double_divide(X1,X3),inverse(double_divide(inverse(double_divide(X2,inverse(double_divide(X4,X5)))),X3))) = double_divide(double_divide(double_divide(X4,X5),double_divide(X6,X7)),inverse(double_divide(inverse(double_divide(double_divide(X0,X1),inverse(double_divide(X0,X2)))),double_divide(X6,X7)))) [forward demodulation 2966,1012]
3093. double_divide(double_divide(X0,inverse(double_divide(X1,X2))),double_divide(X3,X4)) = double_divide(double_divide(X1,X2),double_divide(inverse(double_divide(X0,X3)),X4)) [forward demodulation 2999,585]
3141. double_divide(double_divide(X1,X3),inverse(double_divide(inverse(double_divide(X2,inverse(double_divide(X4,X5)))),X3))) = inverse(double_divide(double_divide(double_divide(X0,X1),inverse(double_divide(X0,X2))),double_divide(X4,X5))) [forward demodulation 3064,367]
3167. double_divide(double_divide(X0,inverse(double_divide(X1,X2))),double_divide(X3,X4)) = double_divide(double_divide(X1,X2),double_divide(X0,inverse(double_divide(X3,X4)))) [forward demodulation 3093,1012]
3201. double_divide(double_divide(X1,X3),inverse(double_divide(inverse(double_divide(X2,inverse(double_divide(X4,X5)))),X3))) = double_divide(double_divide(double_divide(double_divide(X0,X1),X2),double_divide(X4,X5)),X0) [forward demodulation 3141,1219]
3253. double_divide(double_divide(X1,X3),inverse(double_divide(inverse(double_divide(X2,inverse(double_divide(X4,X5)))),X3))) = double_divide(X0,double_divide(double_divide(double_divide(X0,X1),X2),double_divide(X4,X5))) [forward demodulation 3201,1815]
3292. inverse(double_divide(double_divide(X2,inverse(double_divide(X4,X5))),X1)) = double_divide(X0,double_divide(double_divide(double_divide(X0,X1),X2),double_divide(X4,X5))) [forward demodulation 3253,367]
3320. double_divide(double_divide(double_divide(X2,X5),X1),X4) = double_divide(X0,double_divide(double_divide(double_divide(X0,X1),X2),double_divide(X4,X5))) [forward demodulation 3292,1219]
3361. inverse(double_divide(double_divide(X0,X1),inverse(double_divide(X2,X1)))) = double_divide(double_divide(X3,X2),inverse(double_divide(X3,X0))) [superposition 2525,8]
3362. inverse(double_divide(X0,X1)) = double_divide(double_divide(X2,inverse(double_divide(X0,inverse(double_divide(X3,X1))))),inverse(double_divide(X2,X3))) [superposition 2525,3]
3391. inverse(double_divide(X0,X1)) = double_divide(X3,inverse(inverse(double_divide(X0,inverse(double_divide(X3,X1)))))) [forward demodulation 3362,2527]
3392. inverse(double_divide(double_divide(X0,X1),inverse(double_divide(X2,X1)))) = double_divide(X0,inverse(X2)) [forward demodulation 3361,2527]
3404. inverse(double_divide(X0,X1)) = double_divide(X3,double_divide(X0,inverse(double_divide(X3,X1)))) [forward demodulation 3391,2525]
3405. double_divide(X0,inverse(X2)) = double_divide(inverse(double_divide(double_divide(X2,X1),X0)),X1) [forward demodulation 3392,585]
3413. double_divide(X0,inverse(X2)) = double_divide(double_divide(X2,X1),inverse(double_divide(X0,X1))) [forward demodulation 3405,1012]
3418. double_divide(X0,inverse(X2)) = double_divide(X1,inverse(double_divide(X0,double_divide(X2,X1)))) [forward demodulation 3413,1958]
3475. double_divide(X1,inverse(double_divide(X0,inverse(inverse(double_divide(X2,inverse(double_divide(X3,X4)))))))) = inverse(double_divide(double_divide(double_divide(X2,X4),inverse(double_divide(X1,X0))),X3)) [superposition 15,366]
3525. double_divide(double_divide(double_divide(X2,X3),inverse(double_divide(X0,inverse(double_divide(inverse(double_divide(X2,inverse(double_divide(inverse(double_divide(X4,X5)),X3)))),X1))))),X5) = inverse(double_divide(double_divide(X6,double_divide(X0,X1)),inverse(double_divide(X6,X4)))) [superposition 3,15]
3530. inverse(double_divide(X2,double_divide(X0,X1))) = double_divide(double_divide(X3,X4),inverse(double_divide(X0,inverse(double_divide(inverse(double_divide(X3,inverse(double_divide(inverse(X2),X4)))),X1))))) [superposition 366,15]
3541. inverse(double_divide(X2,double_divide(X0,X1))) = inverse(double_divide(double_divide(double_divide(X3,X4),inverse(double_divide(X3,inverse(double_divide(inverse(X2),X4))))),double_divide(X0,X1))) [forward demodulation 3530,590]
3546. double_divide(double_divide(double_divide(X2,X3),inverse(double_divide(X0,inverse(double_divide(inverse(double_divide(X2,inverse(double_divide(inverse(double_divide(X4,X5)),X3)))),X1))))),X5) = double_divide(inverse(double_divide(double_divide(X6,X4),X6)),double_divide(X0,X1)) [forward demodulation 3525,585]
3594. double_divide(X1,inverse(double_divide(X0,inverse(inverse(double_divide(X2,inverse(double_divide(X3,X4)))))))) = double_divide(double_divide(double_divide(double_divide(X2,X4),X0),X3),X1) [forward demodulation 3475,1219]
3646. inverse(double_divide(X2,double_divide(X0,X1))) = double_divide(double_divide(double_divide(double_divide(X3,X4),inverse(double_divide(inverse(X2),X4))),double_divide(X0,X1)),X3) [forward demodulation 3541,1219]
3651. double_divide(double_divide(double_divide(X2,X3),inverse(double_divide(X0,inverse(double_divide(inverse(double_divide(X2,inverse(double_divide(inverse(double_divide(X4,X5)),X3)))),X1))))),X5) = double_divide(double_divide(X6,X4),inverse(double_divide(X6,double_divide(X0,X1)))) [forward demodulation 3546,1012]
3699. double_divide(double_divide(double_divide(double_divide(X2,X4),X0),X3),X1) = double_divide(X1,double_divide(inverse(double_divide(X2,inverse(double_divide(X3,X4)))),inverse(X0))) [forward demodulation 3594,635]
3751. inverse(double_divide(X2,double_divide(X0,X1))) = double_divide(X3,double_divide(double_divide(double_divide(X3,X4),inverse(double_divide(inverse(X2),X4))),double_divide(X0,X1))) [forward demodulation 3646,1815]
3756. double_divide(double_divide(X4,X1),inverse(X0)) = double_divide(double_divide(double_divide(X2,X3),inverse(double_divide(X0,inverse(double_divide(inverse(double_divide(X2,inverse(double_divide(inverse(double_divide(X4,X5)),X3)))),X1))))),X5) [forward demodulation 3651,1384]
3802. double_divide(double_divide(double_divide(double_divide(X2,X4),X0),X3),X1) = double_divide(X1,double_divide(X2,inverse(double_divide(inverse(double_divide(X3,X4)),inverse(X0))))) [forward demodulation 3699,1012]
3852. inverse(double_divide(X2,double_divide(X0,X1))) = double_divide(double_divide(double_divide(inverse(double_divide(inverse(X2),X4)),X1),X4),X0) [forward demodulation 3751,3320]
3857. double_divide(double_divide(X4,X1),inverse(X0)) = double_divide(X5,double_divide(double_divide(X2,X3),inverse(double_divide(X0,inverse(double_divide(inverse(double_divide(X2,inverse(double_divide(inverse(double_divide(X4,X5)),X3)))),X1)))))) [forward demodulation 3756,1815]
3901. double_divide(double_divide(double_divide(double_divide(X2,X4),X0),X3),X1) = double_divide(X1,double_divide(X2,double_divide(X0,inverse(inverse(double_divide(X3,X4)))))) [forward demodulation 3802,635]
3950. inverse(double_divide(X2,double_divide(X0,X1))) = double_divide(double_divide(X4,double_divide(inverse(double_divide(inverse(X2),X4)),X1)),X0) [forward demodulation 3852,1815]
3955. double_divide(double_divide(X4,X1),inverse(X0)) = double_divide(X5,inverse(double_divide(double_divide(double_divide(X2,X3),inverse(double_divide(X2,inverse(double_divide(inverse(double_divide(X4,X5)),X3))))),double_divide(X0,X1)))) [forward demodulation 3857,590]
3996. double_divide(double_divide(double_divide(double_divide(X2,X4),X0),X3),X1) = double_divide(X1,double_divide(X2,double_divide(X0,double_divide(X3,X4)))) [forward demodulation 3901,2525]
4045. inverse(double_divide(X2,double_divide(X0,X1))) = double_divide(double_divide(X4,double_divide(inverse(X2),inverse(double_divide(X4,X1)))),X0) [forward demodulation 3950,1012]
4050. double_divide(double_divide(X4,X1),inverse(X0)) = double_divide(X5,double_divide(double_divide(double_divide(double_divide(X2,X3),inverse(double_divide(inverse(double_divide(X4,X5)),X3))),double_divide(X0,X1)),X2)) [forward demodulation 3955,1219]
4133. inverse(double_divide(X2,double_divide(X0,X1))) = double_divide(inverse(double_divide(inverse(X2),X1)),X0) [forward demodulation 4045,3404]
4138. double_divide(double_divide(X4,X1),inverse(X0)) = double_divide(X5,double_divide(X2,double_divide(X2,double_divide(inverse(double_divide(inverse(double_divide(X4,X5)),X3)),double_divide(double_divide(X0,X1),X3))))) [forward demodulation 4050,3996]
4212. inverse(double_divide(X2,double_divide(X0,X1))) = double_divide(inverse(X2),inverse(double_divide(X1,X0))) [forward demodulation 4133,1012]
4217. double_divide(double_divide(X4,X1),inverse(X0)) = double_divide(X5,double_divide(inverse(double_divide(inverse(double_divide(X4,X5)),X3)),double_divide(double_divide(X0,X1),X3))) [forward demodulation 4138,1410]
4284. double_divide(double_divide(X4,X1),inverse(X0)) = double_divide(X5,double_divide(inverse(double_divide(X4,X5)),inverse(double_divide(X3,double_divide(double_divide(X0,X1),X3))))) [forward demodulation 4217,1012]
4338. double_divide(double_divide(X4,X1),inverse(X0)) = double_divide(X5,inverse(double_divide(double_divide(X4,X3),double_divide(X5,double_divide(double_divide(X0,X1),X3))))) [forward demodulation 4284,94]
4383. double_divide(double_divide(X0,X1),inverse(X4)) = double_divide(double_divide(X4,X1),inverse(X0)) [forward demodulation 4338,2635]
4487. inverse(double_divide(X1,X3)) = double_divide(inverse(double_divide(double_divide(X0,X1),inverse(double_divide(X0,X2)))),double_divide(X2,X3)) [superposition 1389,8]
4512. double_divide(double_divide(X1,X2),inverse(X0)) = inverse(double_divide(double_divide(X3,double_divide(X2,X0)),inverse(double_divide(X3,X1)))) [superposition 8,1389]
4557. double_divide(double_divide(X1,inverse(X0)),X2) = inverse(double_divide(double_divide(X4,double_divide(double_divide(inverse(double_divide(X2,X3)),X0),X3)),inverse(double_divide(X4,X1)))) [superposition 13,1389]
4565. inverse(double_divide(double_divide(X0,X2),double_divide(X1,X3))) = double_divide(inverse(double_divide(X1,inverse(double_divide(X2,X3)))),X0) [superposition 5,1389]
4571. inverse(double_divide(double_divide(X0,X2),double_divide(X1,X3))) = double_divide(X1,inverse(double_divide(inverse(double_divide(X2,X3)),X0))) [forward demodulation 4565,1012]
4579. double_divide(double_divide(X1,inverse(X0)),X2) = double_divide(inverse(double_divide(double_divide(X4,X1),X4)),double_divide(double_divide(inverse(double_divide(X2,X3)),X0),X3)) [forward demodulation 4557,585]
4618. double_divide(double_divide(X1,X2),inverse(X0)) = double_divide(inverse(double_divide(double_divide(X3,X1),X3)),double_divide(X2,X0)) [forward demodulation 4512,585]
4638. inverse(double_divide(X1,X3)) = double_divide(double_divide(X0,X1),inverse(double_divide(inverse(double_divide(X0,X2)),double_divide(X2,X3)))) [forward demodulation 4487,1012]
4645. inverse(double_divide(double_divide(X0,X2),double_divide(X1,X3))) = double_divide(X1,inverse(double_divide(X2,inverse(double_divide(X3,X0))))) [forward demodulation 4571,1012]
4652. double_divide(double_divide(X1,inverse(X0)),X2) = double_divide(double_divide(X4,X1),inverse(double_divide(X4,double_divide(double_divide(inverse(double_divide(X2,X3)),X0),X3)))) [forward demodulation 4579,1012]
4686. double_divide(double_divide(X1,X2),inverse(X0)) = double_divide(double_divide(X3,X1),inverse(double_divide(X3,double_divide(X2,X0)))) [forward demodulation 4618,1012]
4705. inverse(double_divide(X1,X3)) = double_divide(double_divide(X0,X1),inverse(double_divide(X0,inverse(double_divide(X2,double_divide(X2,X3)))))) [forward demodulation 4638,1012]
4711. inverse(double_divide(double_divide(X0,X2),double_divide(X1,X3))) = double_divide(X1,double_divide(double_divide(X3,X0),inverse(X2))) [forward demodulation 4645,635]
4718. double_divide(double_divide(X1,inverse(X0)),X2) = double_divide(double_divide(X1,X3),inverse(double_divide(inverse(double_divide(X2,X3)),X0))) [forward demodulation 4652,1384]
4748. double_divide(double_divide(X1,X2),inverse(X0)) = double_divide(double_divide(X2,X0),inverse(X1)) [forward demodulation 4686,2527]
4765. inverse(double_divide(X1,X3)) = double_divide(inverse(double_divide(X2,double_divide(X2,X3))),inverse(X1)) [forward demodulation 4705,2527]
4775. double_divide(double_divide(X1,inverse(X0)),X2) = double_divide(double_divide(X1,X3),inverse(double_divide(X2,inverse(double_divide(X3,X0))))) [forward demodulation 4718,1012]
4806. inverse(double_divide(X1,X3)) = double_divide(X2,inverse(double_divide(double_divide(X2,X3),inverse(X1)))) [forward demodulation 4765,1012]
4815. double_divide(double_divide(X1,inverse(X0)),X2) = inverse(double_divide(double_divide(double_divide(X1,X3),X3),double_divide(X2,X0))) [forward demodulation 4775,590]
4839. inverse(double_divide(X1,X3)) = double_divide(inverse(X1),inverse(X3)) [forward demodulation 4806,2607]
4847. double_divide(double_divide(X1,inverse(X0)),X2) = double_divide(X2,double_divide(double_divide(X0,double_divide(X1,X3)),inverse(X3))) [forward demodulation 4815,4711]
4870. double_divide(double_divide(X1,inverse(X0)),X2) = double_divide(X2,double_divide(double_divide(X3,X0),inverse(double_divide(X1,X3)))) [forward demodulation 4847,4748]
4887. double_divide(double_divide(X1,inverse(X0)),X2) = double_divide(X2,double_divide(X3,inverse(double_divide(X1,double_divide(X3,X0))))) [forward demodulation 4870,1958]
4905. double_divide(double_divide(X1,X0),inverse(double_divide(X2,inverse(double_divide(X1,X3))))) = inverse(double_divide(double_divide(X4,inverse(X0)),inverse(double_divide(X4,double_divide(X2,X3))))) [superposition 21,1389]
4906. inverse(double_divide(double_divide(X4,inverse(X0)),inverse(double_divide(X4,double_divide(X2,X3))))) = double_divide(double_divide(X0,X1),inverse(double_divide(X2,inverse(double_divide(X1,X3))))) [superposition 21,1270]
4945. double_divide(X3,inverse(double_divide(double_divide(X2,X4),inverse(double_divide(X5,inverse(double_divide(X1,X4))))))) = inverse(double_divide(double_divide(X6,inverse(double_divide(X3,X5))),inverse(double_divide(X6,inverse(double_divide(double_divide(X0,X1),inverse(double_divide(X0,X2)))))))) [superposition 21,8]
4956. double_divide(X2,inverse(double_divide(X0,inverse(double_divide(X3,X1))))) = inverse(double_divide(double_divide(double_divide(X4,inverse(X4)),inverse(double_divide(X2,X3))),double_divide(X0,X1))) [superposition 21,196]
4959. double_divide(X1,inverse(double_divide(double_divide(X2,X3),inverse(double_divide(X4,inverse(double_divide(X5,X3))))))) = inverse(double_divide(double_divide(double_divide(double_divide(X0,X5),X2),inverse(double_divide(X1,X4))),X0)) [superposition 21,6]
5062. double_divide(X1,inverse(double_divide(double_divide(X2,X3),inverse(double_divide(X4,inverse(double_divide(X5,X3))))))) = double_divide(double_divide(double_divide(double_divide(double_divide(X0,X5),X2),X4),X0),X1) [forward demodulation 4959,1219]
5065. double_divide(X2,inverse(double_divide(X0,inverse(double_divide(X3,X1))))) = double_divide(X0,double_divide(double_divide(X1,double_divide(X4,inverse(X4))),inverse(inverse(double_divide(X2,X3))))) [forward demodulation 4956,4711]
5076. double_divide(X3,inverse(double_divide(double_divide(X2,X4),inverse(double_divide(X5,inverse(double_divide(X1,X4))))))) = double_divide(double_divide(X0,X2),inverse(double_divide(X0,inverse(double_divide(inverse(double_divide(X3,X5)),X1))))) [forward demodulation 4945,530]
5115. inverse(double_divide(double_divide(X4,inverse(X0)),inverse(double_divide(X4,double_divide(X2,X3))))) = inverse(double_divide(double_divide(double_divide(X0,X1),X1),double_divide(X2,X3))) [forward demodulation 4906,590]
5116. double_divide(double_divide(X1,X0),inverse(double_divide(X2,inverse(double_divide(X1,X3))))) = double_divide(inverse(double_divide(double_divide(X4,double_divide(X2,X3)),X4)),inverse(X0)) [forward demodulation 4905,585]
5161. double_divide(X1,inverse(double_divide(double_divide(X2,X3),inverse(double_divide(X4,inverse(double_divide(X5,X3))))))) = double_divide(double_divide(X0,double_divide(X0,double_divide(X2,double_divide(X4,X5)))),X1) [forward demodulation 5062,3996]
5164. double_divide(X2,inverse(double_divide(X0,inverse(double_divide(X3,X1))))) = double_divide(X0,double_divide(inverse(inverse(double_divide(X2,X3))),inverse(X1))) [forward demodulation 5065,1904]
5175. double_divide(X3,inverse(double_divide(double_divide(X2,X4),inverse(double_divide(X5,inverse(double_divide(X1,X4))))))) = double_divide(inverse(double_divide(inverse(double_divide(X3,X5)),X1)),inverse(X2)) [forward demodulation 5076,2527]
5214. inverse(double_divide(double_divide(X4,inverse(X0)),inverse(double_divide(X4,double_divide(X2,X3))))) = double_divide(X2,double_divide(double_divide(X3,double_divide(X0,X1)),inverse(X1))) [forward demodulation 5115,4711]
5215. double_divide(double_divide(X1,X0),inverse(double_divide(X2,inverse(double_divide(X1,X3))))) = double_divide(double_divide(X4,double_divide(X2,X3)),inverse(double_divide(X4,inverse(X0)))) [forward demodulation 5116,1012]
5259. double_divide(X1,inverse(double_divide(double_divide(X2,X3),inverse(double_divide(X4,inverse(double_divide(X5,X3))))))) = double_divide(double_divide(X2,double_divide(X4,X5)),X1) [forward demodulation 5161,1410]
5262. double_divide(X2,inverse(double_divide(X0,inverse(double_divide(X3,X1))))) = double_divide(X0,inverse(double_divide(inverse(double_divide(X2,X3)),X1))) [forward demodulation 5164,4839]
5273. double_divide(X3,inverse(double_divide(double_divide(X2,X4),inverse(double_divide(X5,inverse(double_divide(X1,X4))))))) = double_divide(inverse(double_divide(X3,X5)),inverse(double_divide(X1,inverse(X2)))) [forward demodulation 5175,1012]
5312. inverse(double_divide(double_divide(X4,inverse(X0)),inverse(double_divide(X4,double_divide(X2,X3))))) = double_divide(X2,double_divide(double_divide(X1,X3),inverse(double_divide(X0,X1)))) [forward demodulation 5214,4748]
5313. double_divide(double_divide(X1,X0),inverse(double_divide(X2,inverse(double_divide(X1,X3))))) = double_divide(inverse(X0),inverse(double_divide(X2,X3))) [forward demodulation 5215,2527]
5354. double_divide(double_divide(X2,double_divide(X4,X5)),X1) = inverse(double_divide(double_divide(X1,X4),double_divide(double_divide(X2,X3),inverse(double_divide(X5,X3))))) [forward demodulation 5259,590]
5356. double_divide(X2,inverse(double_divide(X0,inverse(double_divide(X3,X1))))) = double_divide(X0,inverse(double_divide(X2,inverse(double_divide(X3,X1))))) [forward demodulation 5262,1012]
5367. double_divide(X3,inverse(double_divide(double_divide(X2,X4),inverse(double_divide(X5,inverse(double_divide(X1,X4))))))) = inverse(double_divide(double_divide(X3,X1),double_divide(X5,inverse(X2)))) [forward demodulation 5273,94]
5406. inverse(double_divide(double_divide(X4,inverse(X0)),inverse(double_divide(X4,double_divide(X2,X3))))) = double_divide(X2,double_divide(X1,inverse(double_divide(X0,double_divide(X1,X3))))) [forward demodulation 5312,1958]
5407. double_divide(double_divide(X1,X0),inverse(double_divide(X2,inverse(double_divide(X1,X3))))) = inverse(double_divide(X0,double_divide(X3,X2))) [forward demodulation 5313,4212]
5446. double_divide(double_divide(X2,double_divide(X4,X5)),X1) = double_divide(double_divide(X2,X3),double_divide(double_divide(inverse(double_divide(X5,X3)),X1),inverse(X4))) [forward demodulation 5354,4711]
5448. double_divide(X2,inverse(double_divide(X0,inverse(double_divide(X3,X1))))) = inverse(double_divide(double_divide(X0,X3),double_divide(X2,X1))) [forward demodulation 5356,590]
5459. double_divide(X3,inverse(double_divide(double_divide(X2,X4),inverse(double_divide(X5,inverse(double_divide(X1,X4))))))) = double_divide(X5,double_divide(double_divide(inverse(X2),X3),inverse(X1))) [forward demodulation 5367,4711]
5496. inverse(double_divide(double_divide(X4,inverse(X0)),inverse(double_divide(X4,double_divide(X2,X3))))) = double_divide(double_divide(X0,inverse(X3)),X2) [forward demodulation 5406,4887]
5497. inverse(double_divide(X0,double_divide(X3,X2))) = inverse(double_divide(double_divide(double_divide(X1,X0),X1),double_divide(X2,X3))) [forward demodulation 5407,590]
5534. double_divide(double_divide(X2,double_divide(X4,X5)),X1) = double_divide(double_divide(X2,X3),double_divide(double_divide(X5,inverse(double_divide(X3,X1))),inverse(X4))) [forward demodulation 5446,1012]
5536. double_divide(X2,inverse(double_divide(X0,inverse(double_divide(X3,X1))))) = double_divide(X2,double_divide(double_divide(X1,X0),inverse(X3))) [forward demodulation 5448,4711]
5541. double_divide(X5,double_divide(double_divide(inverse(X2),X3),inverse(X1))) = inverse(double_divide(double_divide(X3,X5),double_divide(double_divide(X2,X4),inverse(double_divide(X1,X4))))) [forward demodulation 5459,590]
5574. double_divide(inverse(double_divide(double_divide(X4,double_divide(X2,X3)),X4)),inverse(X0)) = double_divide(double_divide(X0,inverse(X3)),X2) [forward demodulation 5496,585]
5575. inverse(double_divide(X0,double_divide(X3,X2))) = double_divide(X2,double_divide(double_divide(X3,double_divide(X1,X0)),inverse(X1))) [forward demodulation 5497,4711]
5607. double_divide(X2,double_divide(double_divide(X3,X1),inverse(X0))) = double_divide(X2,double_divide(double_divide(X1,X0),inverse(X3))) [forward demodulation 5536,635]
5612. double_divide(X5,double_divide(double_divide(inverse(X2),X3),inverse(X1))) = double_divide(double_divide(X2,X4),double_divide(double_divide(inverse(double_divide(X1,X4)),X3),inverse(X5))) [forward demodulation 5541,4711]
5638. double_divide(double_divide(X4,double_divide(X2,X3)),inverse(double_divide(X4,inverse(X0)))) = double_divide(double_divide(X0,inverse(X3)),X2) [forward demodulation 5574,1012]
5639. inverse(double_divide(X0,double_divide(X3,X2))) = double_divide(X2,double_divide(double_divide(X1,X3),inverse(double_divide(X1,X0)))) [forward demodulation 5575,4748]
5667. double_divide(X5,double_divide(double_divide(inverse(X2),X3),inverse(X1))) = double_divide(double_divide(X2,X4),double_divide(double_divide(X1,inverse(double_divide(X4,X3))),inverse(X5))) [forward demodulation 5612,1012]
5691. double_divide(inverse(X0),inverse(double_divide(X2,X3))) = double_divide(double_divide(X0,inverse(X3)),X2) [forward demodulation 5638,2527]
5692. inverse(double_divide(X0,double_divide(X3,X2))) = double_divide(X2,double_divide(X0,inverse(X3))) [forward demodulation 5639,2527]
5715. double_divide(X5,double_divide(double_divide(inverse(X2),X3),inverse(X1))) = double_divide(double_divide(X2,double_divide(X5,X1)),X3) [forward demodulation 5667,5534]
5739. inverse(double_divide(X0,double_divide(X2,X3))) = double_divide(double_divide(X0,inverse(X3)),X2) [forward demodulation 5691,4839]
5779. double_divide(double_divide(X0,inverse(X3)),X2) = double_divide(X3,double_divide(X0,inverse(X2))) [forward demodulation 5739,5692]
6020. inverse(double_divide(X0,inverse(double_divide(X2,X1)))) = double_divide(double_divide(X1,inverse(double_divide(X2,inverse(double_divide(X3,X0))))),X3) [superposition 13,1410]
6036. inverse(double_divide(double_divide(X3,X2),inverse(double_divide(X3,X1)))) = double_divide(double_divide(X1,double_divide(X2,X0)),inverse(X0)) [superposition 8,1410]
6097. inverse(double_divide(double_divide(X3,X2),inverse(double_divide(X3,X1)))) = double_divide(double_divide(X0,X1),inverse(double_divide(X2,X0))) [forward demodulation 6036,4748]
6113. inverse(double_divide(X0,inverse(double_divide(X2,X1)))) = double_divide(double_divide(X2,inverse(double_divide(X3,X0))),double_divide(X1,inverse(X3))) [forward demodulation 6020,5779]
6148. inverse(double_divide(double_divide(X3,X2),inverse(double_divide(X3,X1)))) = double_divide(X0,inverse(double_divide(X2,double_divide(X0,X1)))) [forward demodulation 6097,1958]
6162. inverse(double_divide(X0,inverse(double_divide(X2,X1)))) = double_divide(double_divide(X3,X0),double_divide(X2,inverse(double_divide(X1,inverse(X3))))) [forward demodulation 6113,3167]
6195. inverse(double_divide(double_divide(X3,X2),inverse(double_divide(X3,X1)))) = double_divide(X0,double_divide(X1,double_divide(X2,inverse(X0)))) [forward demodulation 6148,5692]
6207. inverse(double_divide(X0,inverse(double_divide(X2,X1)))) = double_divide(double_divide(X3,X0),double_divide(X2,double_divide(X3,inverse(X1)))) [forward demodulation 6162,635]
6236. double_divide(X0,double_divide(X1,double_divide(X2,inverse(X0)))) = double_divide(inverse(double_divide(double_divide(X3,X1),X3)),X2) [forward demodulation 6195,585]
6246. double_divide(double_divide(X2,X1),inverse(X0)) = double_divide(double_divide(X3,X0),double_divide(X2,double_divide(X3,inverse(X1)))) [forward demodulation 6207,635]
6272. double_divide(double_divide(X3,X1),inverse(double_divide(X3,X2))) = double_divide(X0,double_divide(X1,double_divide(X2,inverse(X0)))) [forward demodulation 6236,1012]
6302. double_divide(X2,inverse(X1)) = double_divide(X0,double_divide(X1,double_divide(X2,inverse(X0)))) [forward demodulation 6272,2527]
6493. double_divide(X2,inverse(X2)) = inverse(double_divide(double_divide(double_divide(X0,inverse(double_divide(X3,inverse(double_divide(X1,X4))))),inverse(double_divide(X0,X1))),double_divide(X3,X4))) [superposition 16,366]
6595. double_divide(X2,inverse(X2)) = double_divide(X3,double_divide(double_divide(X4,double_divide(X0,inverse(double_divide(X3,inverse(double_divide(X1,X4)))))),inverse(inverse(double_divide(X0,X1))))) [forward demodulation 6493,4711]
6753. double_divide(X2,inverse(X2)) = double_divide(X3,double_divide(double_divide(inverse(double_divide(X0,X1)),X4),inverse(double_divide(X0,inverse(double_divide(X3,inverse(double_divide(X1,X4)))))))) [forward demodulation 6595,5607]
6911. double_divide(X2,inverse(X2)) = double_divide(double_divide(double_divide(X0,X1),double_divide(X3,double_divide(X0,inverse(double_divide(X3,inverse(double_divide(X1,X4))))))),X4) [forward demodulation 6753,5715]
7068. double_divide(X2,inverse(X2)) = double_divide(X4,double_divide(double_divide(X0,X1),double_divide(X3,double_divide(X0,inverse(double_divide(X3,inverse(double_divide(X1,X4)))))))) [forward demodulation 6911,1815]
7224. double_divide(X2,inverse(X2)) = double_divide(X4,double_divide(double_divide(X3,double_divide(X3,inverse(double_divide(X1,X4)))),inverse(X1))) [forward demodulation 7068,6246]
7380. double_divide(X2,inverse(X2)) = double_divide(X4,double_divide(double_divide(X1,X3),inverse(double_divide(X3,inverse(double_divide(X1,X4)))))) [forward demodulation 7224,5607]
7536. double_divide(X2,inverse(X2)) = double_divide(X4,inverse(double_divide(double_divide(double_divide(X1,X3),X1),double_divide(X3,X4)))) [forward demodulation 7380,590]
7692. double_divide(X2,inverse(X2)) = double_divide(double_divide(double_divide(X1,X3),X1),inverse(X3)) [forward demodulation 7536,3418]
7848. double_divide(X2,inverse(X2)) = double_divide(double_divide(X3,X1),inverse(double_divide(X1,X3))) [forward demodulation 7692,4383]
8002. double_divide(X2,inverse(X2)) = double_divide(X3,inverse(double_divide(X1,double_divide(X3,X1)))) [forward demodulation 7848,1958]
8152. double_divide(X2,inverse(X2)) = double_divide(X3,double_divide(X1,double_divide(X1,inverse(X3)))) [forward demodulation 8002,5692]
8301. double_divide(X1,inverse(X1)) = double_divide(X2,inverse(X2)) [forward demodulation 8152,6302]
33486. a2 != inverse(double_divide(a2,inverse(double_divide(X0,inverse(X0))))) [superposition 2,8301]
33631. $false [forward subsumption resolution 33486,621]
% SZS output end Proof for GRP594-1_clausified
% ------------------------------
% Version: Vampire 5.0.0 (Release build, commit 2e2c9b7b8 on 2026-01-17 12:24:14 +0100)
% Linked with Z3 4.14.0.0 3c47fd96cf5645d0c42b2c819d9e9a84380aa721 z3-4.8.4-9178-g3c47fd96c
% CaDiCaL version: 2.1.3
% Termination reason: Refutation
% Time elapsed: 0.335 s
% Peak memory usage: 58 MB
% Instructions burned: 1218 (million)
% ------------------------------
% ------------------------------
