% Running in auto input_syntax mode. Trying TPTP
% Refutation found. Thanks to Tanya!
% SZS status Unsatisfiable for GRP567-1_clausified
% SZS output start Proof for GRP567-1_clausified
1. double_divide(double_divide(X0,double_divide(double_divide(X1,double_divide(X0,X2)),double_divide(identity,X2))),double_divide(identity,identity)) = X1 [input(axiom)]
2. identity = double_divide(X0,double_divide(X0,identity)) [input(axiom)]
3. double_divide(double_divide(c3,double_divide(double_divide(b3,a3),identity)),identity) != double_divide(double_divide(double_divide(double_divide(c3,b3),identity),a3),identity) [input(negated conjecture)]
4. double_divide(double_divide(X0,double_divide(double_divide(X1,identity),double_divide(identity,double_divide(X0,identity)))),double_divide(identity,identity)) = X1 [superposition 1,2]
5. double_divide(double_divide(double_divide(X1,double_divide(double_divide(X0,double_divide(X1,X2)),double_divide(identity,X2))),double_divide(double_divide(X3,X0),double_divide(identity,double_divide(identity,identity)))),double_divide(identity,identity)) = X3 [superposition 1,1]
6. double_divide(double_divide(X0,double_divide(identity,double_divide(identity,identity))),double_divide(identity,identity)) = X0 [superposition 1,2]
7. double_divide(X1,double_divide(double_divide(X0,double_divide(X1,X2)),double_divide(identity,X2))) = double_divide(double_divide(identity,double_divide(X0,double_divide(identity,identity))),double_divide(identity,identity)) [superposition 1,1]
8. double_divide(double_divide(X0,double_divide(double_divide(X1,double_divide(X0,double_divide(identity,identity))),identity)),double_divide(identity,identity)) = X1 [superposition 1,2]
9. double_divide(double_divide(X0,identity),double_divide(identity,identity)) = X0 [forward demodulation 6,2]
10. double_divide(double_divide(double_divide(X1,double_divide(double_divide(X0,double_divide(X1,X2)),double_divide(identity,X2))),double_divide(double_divide(X3,X0),identity)),double_divide(identity,identity)) = X3 [forward demodulation 5,2]
11. double_divide(X0,identity) = double_divide(double_divide(identity,double_divide(X0,double_divide(identity,identity))),double_divide(identity,identity)) [superposition 1,9]
14. double_divide(identity,identity) = double_divide(double_divide(identity,identity),double_divide(identity,identity)) [superposition 11,2]
16. double_divide(double_divide(identity,X0),double_divide(identity,identity)) = double_divide(double_divide(X0,identity),identity) [superposition 11,9]
25. identity = double_divide(identity,identity) [forward demodulation 14,9]
40. double_divide(double_divide(X0,double_divide(double_divide(X1,double_divide(X0,identity)),identity)),identity) = X1 [superposition 1,25]
56. double_divide(double_divide(double_divide(X0,double_divide(X1,double_divide(identity,identity))),X0),double_divide(identity,identity)) = X1 [superposition 1,8]
57. double_divide(double_divide(identity,X0),double_divide(identity,identity)) = double_divide(double_divide(X1,double_divide(double_divide(X0,double_divide(X1,double_divide(identity,identity))),identity)),identity) [superposition 11,8]
62. double_divide(double_divide(identity,X0),identity) = double_divide(double_divide(X1,double_divide(double_divide(X0,double_divide(X1,identity)),identity)),identity) [forward demodulation 57,25]
63. double_divide(double_divide(double_divide(X0,double_divide(X1,identity)),X0),identity) = X1 [forward demodulation 56,25]
69. double_divide(double_divide(identity,X0),identity) = X0 [forward demodulation 62,40]
74. double_divide(identity,X0) = double_divide(double_divide(X1,double_divide(X0,double_divide(identity,double_divide(X1,identity)))),double_divide(identity,identity)) [superposition 4,69]
75. double_divide(identity,X0) = double_divide(X0,double_divide(identity,identity)) [superposition 9,69]
79. double_divide(X0,identity) = double_divide(identity,X0) [forward demodulation 75,25]
80. double_divide(identity,X0) = double_divide(double_divide(X1,double_divide(X0,double_divide(identity,double_divide(X1,identity)))),identity) [forward demodulation 74,25]
83. double_divide(identity,X0) = double_divide(identity,double_divide(X1,double_divide(X0,double_divide(identity,double_divide(X1,identity))))) [forward demodulation 80,79]
91. double_divide(double_divide(identity,double_divide(X1,double_divide(identity,identity))),double_divide(identity,identity)) = double_divide(double_divide(X0,identity),double_divide(double_divide(X1,X0),double_divide(identity,double_divide(identity,identity)))) [superposition 7,9]
104. double_divide(double_divide(identity,double_divide(X1,double_divide(identity,identity))),double_divide(identity,identity)) = double_divide(double_divide(X0,double_divide(X1,X2)),double_divide(double_divide(double_divide(identity,double_divide(X0,double_divide(identity,identity))),double_divide(identity,identity)),double_divide(identity,double_divide(identity,X2)))) [superposition 7,7]
105. double_divide(X0,double_divide(double_divide(X1,double_divide(X0,double_divide(identity,identity))),identity)) = double_divide(double_divide(identity,double_divide(X1,double_divide(identity,identity))),double_divide(identity,identity)) [superposition 7,2]
106. double_divide(double_divide(identity,double_divide(X2,double_divide(identity,identity))),double_divide(identity,identity)) = double_divide(X1,double_divide(double_divide(X2,double_divide(X1,double_divide(double_divide(X0,double_divide(identity,X3)),double_divide(identity,X3)))),double_divide(double_divide(identity,double_divide(X0,double_divide(identity,identity))),double_divide(identity,identity)))) [superposition 7,7]
108. double_divide(double_divide(identity,double_divide(X1,double_divide(identity,identity))),double_divide(identity,identity)) = double_divide(double_divide(X0,double_divide(X1,double_divide(identity,identity))),X0) [superposition 7,8]
111. double_divide(double_divide(identity,X0),double_divide(identity,identity)) = double_divide(X1,double_divide(double_divide(double_divide(X2,double_divide(double_divide(X0,identity),double_divide(identity,double_divide(X2,identity)))),double_divide(X1,X3)),double_divide(identity,X3))) [superposition 7,4]
116. double_divide(X0,double_divide(double_divide(X1,double_divide(X0,X2)),double_divide(identity,X2))) = double_divide(double_divide(identity,double_divide(X1,identity)),identity) [superposition 7,25]
125. double_divide(double_divide(X1,double_divide(double_divide(X2,double_divide(X1,double_divide(double_divide(X0,double_divide(identity,X3)),double_divide(identity,X3)))),double_divide(double_divide(identity,double_divide(X0,double_divide(identity,identity))),double_divide(identity,identity)))),double_divide(identity,identity)) = X2 [superposition 1,7]
126. double_divide(X0,double_divide(double_divide(X1,double_divide(X0,X2)),double_divide(identity,X2))) = double_divide(X1,identity) [superposition 11,7]
128. double_divide(double_divide(double_divide(identity,double_divide(X1,double_divide(identity,identity))),double_divide(double_divide(X3,double_divide(X0,double_divide(double_divide(X1,double_divide(X0,X2)),double_divide(identity,X2)))),identity)),double_divide(identity,identity)) = X3 [superposition 8,7]
135. double_divide(double_divide(double_divide(identity,double_divide(X1,identity)),double_divide(double_divide(X3,double_divide(X0,double_divide(double_divide(X1,double_divide(X0,X2)),double_divide(identity,X2)))),identity)),identity) = X3 [forward demodulation 128,25]
137. double_divide(double_divide(X1,double_divide(double_divide(X2,double_divide(X1,double_divide(double_divide(X0,double_divide(identity,X3)),double_divide(identity,X3)))),double_divide(double_divide(identity,double_divide(X0,identity)),identity))),identity) = X2 [forward demodulation 125,25]
145. double_divide(X0,double_divide(double_divide(X1,double_divide(X0,X2)),double_divide(identity,X2))) = double_divide(identity,double_divide(identity,double_divide(X1,identity))) [forward demodulation 116,79]
150. double_divide(double_divide(identity,X0),double_divide(identity,identity)) = double_divide(double_divide(X2,double_divide(double_divide(X0,identity),double_divide(identity,double_divide(X2,identity)))),identity) [forward demodulation 111,126]
153. double_divide(double_divide(X0,double_divide(X1,identity)),X0) = double_divide(double_divide(identity,double_divide(X1,identity)),identity) [forward demodulation 108,25]
155. double_divide(double_divide(identity,double_divide(X2,double_divide(identity,identity))),double_divide(identity,identity)) = double_divide(X1,double_divide(double_divide(X2,double_divide(X1,double_divide(double_divide(X0,double_divide(identity,X3)),double_divide(identity,X3)))),double_divide(X0,identity))) [forward demodulation 106,11]
156. double_divide(X1,identity) = double_divide(X0,double_divide(double_divide(X1,double_divide(X0,double_divide(identity,identity))),identity)) [forward demodulation 105,11]
157. double_divide(double_divide(identity,double_divide(X1,double_divide(identity,identity))),double_divide(identity,identity)) = double_divide(double_divide(X0,double_divide(X1,X2)),double_divide(double_divide(X0,identity),double_divide(identity,double_divide(identity,X2)))) [forward demodulation 104,11]
170. double_divide(double_divide(identity,double_divide(X1,double_divide(identity,identity))),double_divide(identity,identity)) = double_divide(double_divide(X0,identity),double_divide(double_divide(X1,X0),identity)) [forward demodulation 91,2]
178. double_divide(identity,double_divide(double_divide(identity,double_divide(X1,identity)),double_divide(double_divide(X3,double_divide(X0,double_divide(double_divide(X1,double_divide(X0,X2)),double_divide(identity,X2)))),identity))) = X3 [forward demodulation 135,79]
180. double_divide(identity,double_divide(X1,double_divide(double_divide(X2,double_divide(X1,double_divide(double_divide(X0,double_divide(identity,X3)),double_divide(identity,X3)))),double_divide(double_divide(identity,double_divide(X0,identity)),identity)))) = X2 [forward demodulation 137,79]
185. double_divide(X1,identity) = double_divide(identity,double_divide(identity,double_divide(X1,identity))) [forward demodulation 145,126]
188. double_divide(double_divide(identity,X0),double_divide(identity,identity)) = double_divide(identity,double_divide(X2,double_divide(double_divide(X0,identity),double_divide(identity,double_divide(X2,identity))))) [forward demodulation 150,79]
191. double_divide(double_divide(X0,double_divide(X1,identity)),X0) = double_divide(identity,double_divide(identity,double_divide(X1,identity))) [forward demodulation 153,79]
193. double_divide(X2,identity) = double_divide(X1,double_divide(double_divide(X2,double_divide(X1,double_divide(double_divide(X0,double_divide(identity,X3)),double_divide(identity,X3)))),double_divide(X0,identity))) [forward demodulation 155,11]
194. double_divide(X1,identity) = double_divide(X0,double_divide(identity,double_divide(X1,double_divide(X0,double_divide(identity,identity))))) [forward demodulation 156,79]
195. double_divide(X1,identity) = double_divide(double_divide(X0,double_divide(X1,X2)),double_divide(double_divide(X0,identity),double_divide(identity,double_divide(identity,X2)))) [forward demodulation 157,11]
200. double_divide(double_divide(identity,double_divide(X1,double_divide(identity,identity))),double_divide(identity,identity)) = double_divide(double_divide(X0,identity),double_divide(identity,double_divide(X1,X0))) [forward demodulation 170,79]
207. double_divide(identity,double_divide(double_divide(identity,double_divide(X1,identity)),double_divide(identity,double_divide(X3,double_divide(X0,double_divide(double_divide(X1,double_divide(X0,X2)),double_divide(identity,X2))))))) = X3 [forward demodulation 178,79]
208. double_divide(identity,double_divide(X1,double_divide(double_divide(X2,double_divide(X1,double_divide(double_divide(X0,double_divide(identity,X3)),double_divide(identity,X3)))),double_divide(identity,double_divide(identity,double_divide(X0,identity)))))) = X2 [forward demodulation 180,79]
215. double_divide(identity,double_divide(X0,identity)) = double_divide(double_divide(identity,X0),double_divide(identity,identity)) [forward demodulation 188,83]
217. double_divide(X1,identity) = double_divide(double_divide(X0,double_divide(X1,identity)),X0) [forward demodulation 191,185]
218. double_divide(X1,identity) = double_divide(X0,double_divide(identity,double_divide(X1,double_divide(X0,identity)))) [forward demodulation 194,25]
222. double_divide(X1,identity) = double_divide(double_divide(X0,identity),double_divide(identity,double_divide(X1,X0))) [forward demodulation 200,11]
228. double_divide(identity,double_divide(double_divide(identity,double_divide(X1,identity)),double_divide(identity,double_divide(X3,double_divide(X1,identity))))) = X3 [forward demodulation 207,126]
229. double_divide(identity,double_divide(X1,double_divide(double_divide(X2,double_divide(X1,double_divide(double_divide(X0,double_divide(identity,X3)),double_divide(identity,X3)))),double_divide(X0,identity)))) = X2 [forward demodulation 208,185]
236. double_divide(identity,double_divide(X0,identity)) = double_divide(double_divide(identity,X0),identity) [forward demodulation 215,25]
246. double_divide(identity,double_divide(X2,identity)) = X2 [forward demodulation 229,193]
253. double_divide(identity,double_divide(X0,identity)) = double_divide(identity,double_divide(identity,X0)) [forward demodulation 236,79]
263. double_divide(identity,double_divide(identity,X0)) = X0 [forward demodulation 253,246]
282. double_divide(double_divide(identity,double_divide(double_divide(X1,X0),X0)),double_divide(identity,identity)) = X1 [superposition 1,246]
283. double_divide(double_divide(double_divide(double_divide(X1,X0),X0),identity),identity) = X1 [forward demodulation 282,16]
294. double_divide(identity,double_divide(double_divide(double_divide(X1,X0),X0),identity)) = X1 [forward demodulation 283,79]
300. double_divide(double_divide(X1,X0),X0) = X1 [forward demodulation 294,246]
327. double_divide(double_divide(double_divide(double_divide(X0,double_divide(X1,X2)),double_divide(double_divide(double_divide(identity,double_divide(X0,double_divide(identity,identity))),double_divide(identity,identity)),double_divide(identity,double_divide(identity,X2)))),double_divide(double_divide(X3,X1),identity)),double_divide(identity,identity)) = X3 [superposition 10,7]
344. double_divide(double_divide(double_divide(X1,double_divide(double_divide(double_divide(double_divide(X0,double_divide(X2,X3)),double_divide(identity,X3)),double_divide(X1,X4)),double_divide(identity,X4))),double_divide(double_divide(double_divide(identity,double_divide(X0,double_divide(identity,identity))),double_divide(identity,identity)),identity)),double_divide(identity,identity)) = X2 [superposition 10,7]
349. double_divide(double_divide(X0,X1),X0) = double_divide(double_divide(identity,double_divide(double_divide(X2,double_divide(double_divide(X1,double_divide(X2,X3)),double_divide(identity,X3))),double_divide(identity,identity))),double_divide(identity,identity)) [superposition 7,10]
350. double_divide(X2,double_divide(double_divide(X1,double_divide(X2,X3)),double_divide(identity,X3))) = double_divide(double_divide(double_divide(X0,X1),X0),double_divide(identity,identity)) [superposition 1,10]
365. double_divide(X2,double_divide(double_divide(X1,double_divide(X2,X3)),double_divide(identity,X3))) = double_divide(double_divide(double_divide(X0,X1),X0),identity) [forward demodulation 350,25]
366. double_divide(double_divide(X0,X1),X0) = double_divide(double_divide(X2,double_divide(double_divide(X1,double_divide(X2,X3)),double_divide(identity,X3))),identity) [forward demodulation 349,11]
371. double_divide(double_divide(double_divide(X1,double_divide(double_divide(double_divide(double_divide(X0,double_divide(X2,X3)),double_divide(identity,X3)),double_divide(X1,X4)),double_divide(identity,X4))),double_divide(double_divide(double_divide(identity,double_divide(X0,identity)),identity),identity)),identity) = X2 [forward demodulation 344,25]
387. double_divide(double_divide(double_divide(double_divide(X0,double_divide(X1,X2)),double_divide(double_divide(double_divide(identity,double_divide(X0,identity)),identity),double_divide(identity,double_divide(identity,X2)))),double_divide(double_divide(X3,X1),identity)),identity) = X3 [forward demodulation 327,25]
414. double_divide(X2,double_divide(double_divide(X1,double_divide(X2,X3)),double_divide(identity,X3))) = double_divide(identity,double_divide(double_divide(X0,X1),X0)) [forward demodulation 365,79]
415. double_divide(double_divide(X0,X1),X0) = double_divide(identity,double_divide(X2,double_divide(double_divide(X1,double_divide(X2,X3)),double_divide(identity,X3)))) [forward demodulation 366,79]
420. double_divide(identity,double_divide(double_divide(X1,double_divide(double_divide(double_divide(double_divide(X0,double_divide(X2,X3)),double_divide(identity,X3)),double_divide(X1,X4)),double_divide(identity,X4))),double_divide(double_divide(double_divide(identity,double_divide(X0,identity)),identity),identity))) = X2 [forward demodulation 371,79]
435. double_divide(identity,double_divide(double_divide(double_divide(X0,double_divide(X1,X2)),double_divide(double_divide(double_divide(identity,double_divide(X0,identity)),identity),double_divide(identity,double_divide(identity,X2)))),double_divide(double_divide(X3,X1),identity))) = X3 [forward demodulation 387,79]
462. double_divide(X1,identity) = double_divide(identity,double_divide(double_divide(X0,X1),X0)) [forward demodulation 414,126]
463. double_divide(identity,double_divide(X1,identity)) = double_divide(double_divide(X0,X1),X0) [forward demodulation 415,126]
468. double_divide(identity,double_divide(double_divide(X1,double_divide(double_divide(double_divide(double_divide(X0,double_divide(X2,X3)),double_divide(identity,X3)),double_divide(X1,X4)),double_divide(identity,X4))),double_divide(identity,double_divide(double_divide(identity,double_divide(X0,identity)),identity)))) = X2 [forward demodulation 420,79]
482. double_divide(identity,double_divide(double_divide(double_divide(X0,double_divide(X1,X2)),double_divide(double_divide(double_divide(identity,double_divide(X0,identity)),identity),double_divide(identity,double_divide(identity,X2)))),double_divide(identity,double_divide(X3,X1)))) = X3 [forward demodulation 435,79]
508. double_divide(double_divide(X0,X1),X0) = X1 [forward demodulation 463,246]
513. double_divide(identity,double_divide(double_divide(X1,double_divide(double_divide(double_divide(double_divide(X0,double_divide(X2,X3)),double_divide(identity,X3)),double_divide(X1,X4)),double_divide(identity,X4))),double_divide(identity,double_divide(X0,identity)))) = X2 [forward demodulation 468,246]
527. double_divide(identity,double_divide(double_divide(double_divide(X0,double_divide(X1,X2)),double_divide(double_divide(double_divide(identity,double_divide(X0,identity)),identity),X2)),double_divide(identity,double_divide(X3,X1)))) = X3 [forward demodulation 482,263]
555. double_divide(identity,double_divide(double_divide(X1,double_divide(double_divide(double_divide(double_divide(X0,double_divide(X2,X3)),double_divide(identity,X3)),double_divide(X1,X4)),double_divide(identity,X4))),X0)) = X2 [forward demodulation 513,246]
567. double_divide(identity,double_divide(double_divide(double_divide(X0,double_divide(X1,X2)),double_divide(double_divide(identity,double_divide(identity,double_divide(X0,identity))),X2)),double_divide(identity,double_divide(X3,X1)))) = X3 [forward demodulation 527,79]
589. double_divide(identity,double_divide(double_divide(double_divide(double_divide(X0,double_divide(X2,X3)),double_divide(identity,X3)),identity),X0)) = X2 [forward demodulation 555,126]
596. double_divide(identity,double_divide(double_divide(double_divide(X0,double_divide(X1,X2)),double_divide(double_divide(X0,identity),X2)),double_divide(identity,double_divide(X3,X1)))) = X3 [forward demodulation 567,185]
613. double_divide(identity,double_divide(double_divide(identity,double_divide(double_divide(X0,double_divide(X2,X3)),double_divide(identity,X3))),X0)) = X2 [forward demodulation 589,79]
649. double_divide(double_divide(identity,double_divide(identity,double_divide(identity,identity))),double_divide(identity,identity)) = double_divide(identity,double_divide(X0,double_divide(identity,X0))) [superposition 7,263]
662. double_divide(identity,identity) = double_divide(identity,double_divide(X0,double_divide(identity,X0))) [forward demodulation 649,11]
678. identity = double_divide(identity,double_divide(X0,double_divide(identity,X0))) [forward demodulation 662,25]
716. double_divide(X0,double_divide(X1,X0)) = X1 [superposition 508,508]
722. double_divide(X0,double_divide(X0,X1)) = double_divide(double_divide(identity,double_divide(double_divide(identity,X1),double_divide(identity,identity))),double_divide(identity,identity)) [superposition 7,508]
723. double_divide(identity,X1) = double_divide(double_divide(X0,double_divide(X0,X1)),double_divide(identity,identity)) [superposition 1,508]
737. double_divide(X1,double_divide(X0,double_divide(identity,X2))) = double_divide(double_divide(identity,double_divide(double_divide(double_divide(X1,X2),X0),double_divide(identity,identity))),double_divide(identity,identity)) [superposition 7,508]
738. double_divide(double_divide(X1,X2),X0) = double_divide(double_divide(X1,double_divide(X0,double_divide(identity,X2))),double_divide(identity,identity)) [superposition 1,508]
739. double_divide(double_divide(X1,double_divide(X0,identity)),double_divide(identity,identity)) = double_divide(double_divide(X1,double_divide(identity,identity)),X0) [superposition 8,508]
745. double_divide(double_divide(identity,double_divide(X2,double_divide(identity,identity))),double_divide(identity,identity)) = double_divide(double_divide(X1,X0),double_divide(double_divide(X2,X0),double_divide(identity,X1))) [superposition 7,508]
748. double_divide(X2,identity) = double_divide(double_divide(X1,X0),double_divide(double_divide(X2,X0),double_divide(identity,X1))) [forward demodulation 745,11]
754. double_divide(double_divide(X1,double_divide(X0,identity)),identity) = double_divide(double_divide(X1,identity),X0) [forward demodulation 739,25]
755. double_divide(double_divide(X1,X2),X0) = double_divide(double_divide(X1,double_divide(X0,double_divide(identity,X2))),identity) [forward demodulation 738,25]
756. double_divide(X1,double_divide(X0,double_divide(identity,X2))) = double_divide(double_divide(double_divide(X1,X2),X0),identity) [forward demodulation 737,11]
768. double_divide(identity,X1) = double_divide(double_divide(X0,double_divide(X0,X1)),identity) [forward demodulation 723,25]
769. double_divide(X0,double_divide(X0,X1)) = double_divide(double_divide(identity,X1),identity) [forward demodulation 722,11]
787. double_divide(identity,double_divide(X1,double_divide(X0,identity))) = double_divide(double_divide(X1,identity),X0) [forward demodulation 754,79]
788. double_divide(double_divide(X1,X2),X0) = double_divide(identity,double_divide(X1,double_divide(X0,double_divide(identity,X2)))) [forward demodulation 755,79]
789. double_divide(X1,double_divide(X0,double_divide(identity,X2))) = double_divide(identity,double_divide(double_divide(X1,X2),X0)) [forward demodulation 756,79]
797. double_divide(identity,X1) = double_divide(identity,double_divide(X0,double_divide(X0,X1))) [forward demodulation 768,79]
798. double_divide(identity,double_divide(identity,X1)) = double_divide(X0,double_divide(X0,X1)) [forward demodulation 769,79]
815. double_divide(X0,double_divide(X0,X1)) = X1 [forward demodulation 798,263]
836. double_divide(X0,X1) = double_divide(X1,X0) [superposition 300,508]
1152. double_divide(double_divide(X1,X0),double_divide(identity,identity)) = double_divide(double_divide(X1,double_divide(identity,identity)),double_divide(X0,identity)) [superposition 8,63]
1153. double_divide(X2,double_divide(X0,identity)) = double_divide(double_divide(double_divide(X1,double_divide(double_divide(X2,double_divide(X1,X3)),double_divide(identity,X3))),X0),double_divide(identity,identity)) [superposition 10,63]
1179. double_divide(X2,double_divide(X0,identity)) = double_divide(double_divide(identity,identity),double_divide(double_divide(X1,double_divide(double_divide(X2,double_divide(X1,X3)),double_divide(identity,X3))),X0)) [forward demodulation 1153,836]
1180. double_divide(double_divide(X1,X0),identity) = double_divide(double_divide(X1,identity),double_divide(X0,identity)) [forward demodulation 1152,25]
1207. double_divide(X2,double_divide(X0,identity)) = double_divide(double_divide(identity,identity),double_divide(double_divide(X2,identity),X0)) [forward demodulation 1179,126]
1208. double_divide(identity,double_divide(X1,X0)) = double_divide(double_divide(X1,identity),double_divide(X0,identity)) [forward demodulation 1180,79]
1229. double_divide(X2,double_divide(X0,identity)) = double_divide(identity,double_divide(double_divide(X2,identity),X0)) [forward demodulation 1207,25]
1469. double_divide(X2,double_divide(X0,identity)) = double_divide(double_divide(double_divide(X1,double_divide(double_divide(X2,double_divide(X1,X3)),double_divide(identity,X3))),double_divide(double_divide(X0,identity),identity)),double_divide(identity,identity)) [superposition 10,217]
1472. double_divide(X2,double_divide(X0,identity)) = double_divide(double_divide(identity,identity),double_divide(double_divide(X1,double_divide(double_divide(X2,double_divide(X1,X3)),double_divide(identity,X3))),double_divide(double_divide(X0,identity),identity))) [forward demodulation 1469,836]
1501. double_divide(X2,double_divide(X0,identity)) = double_divide(double_divide(identity,identity),double_divide(double_divide(X1,double_divide(double_divide(X2,double_divide(X1,X3)),double_divide(identity,X3))),double_divide(identity,double_divide(X0,identity)))) [forward demodulation 1472,79]
1528. double_divide(X2,double_divide(X0,identity)) = double_divide(identity,double_divide(double_divide(double_divide(identity,identity),double_divide(X0,identity)),double_divide(X1,double_divide(double_divide(X2,double_divide(X1,X3)),double_divide(identity,X3))))) [forward demodulation 1501,789]
1546. double_divide(X2,double_divide(X0,identity)) = double_divide(identity,double_divide(double_divide(double_divide(identity,identity),double_divide(X0,identity)),double_divide(X2,identity))) [forward demodulation 1528,126]
1563. double_divide(X2,double_divide(X0,identity)) = double_divide(double_divide(double_divide(double_divide(identity,identity),double_divide(X0,identity)),identity),X2) [forward demodulation 1546,787]
1576. double_divide(X2,double_divide(X0,identity)) = double_divide(double_divide(identity,double_divide(double_divide(identity,identity),double_divide(X0,identity))),X2) [forward demodulation 1563,79]
1582. double_divide(X2,double_divide(X0,identity)) = double_divide(double_divide(double_divide(double_divide(identity,identity),identity),X0),X2) [forward demodulation 1576,787]
1585. double_divide(X2,double_divide(X0,identity)) = double_divide(double_divide(double_divide(identity,double_divide(identity,identity)),X0),X2) [forward demodulation 1582,79]
1587. double_divide(X2,double_divide(X0,identity)) = double_divide(double_divide(identity,X0),X2) [forward demodulation 1585,2]
1745. double_divide(double_divide(X1,X0),identity) = double_divide(identity,double_divide(X0,X1)) [superposition 462,815]
1841. double_divide(identity,double_divide(X0,X1)) = double_divide(identity,double_divide(X1,X0)) [forward demodulation 1745,79]
2759. double_divide(double_divide(c3,double_divide(double_divide(b3,a3),identity)),identity) != double_divide(double_divide(double_divide(identity,double_divide(c3,b3)),a3),identity) [superposition 3,79]
2793. double_divide(double_divide(c3,double_divide(double_divide(b3,a3),identity)),identity) != double_divide(identity,double_divide(double_divide(identity,double_divide(c3,b3)),a3)) [forward demodulation 2759,79]
2824. double_divide(double_divide(c3,double_divide(double_divide(b3,a3),identity)),identity) != double_divide(identity,double_divide(a3,double_divide(identity,double_divide(c3,b3)))) [forward demodulation 2793,1841]
2849. double_divide(identity,double_divide(a3,double_divide(identity,double_divide(c3,b3)))) != double_divide(identity,double_divide(c3,double_divide(double_divide(b3,a3),identity))) [forward demodulation 2824,79]
2870. double_divide(identity,double_divide(a3,double_divide(identity,double_divide(c3,b3)))) != double_divide(double_divide(c3,identity),double_divide(b3,a3)) [forward demodulation 2849,787]
2885. double_divide(identity,double_divide(a3,double_divide(identity,double_divide(c3,b3)))) != double_divide(double_divide(identity,c3),double_divide(b3,a3)) [forward demodulation 2870,79]
2939. double_divide(double_divide(X0,double_divide(X1,identity)),identity) = double_divide(X1,double_divide(identity,X0)) [superposition 218,300]
2986. double_divide(identity,double_divide(X0,double_divide(X1,identity))) = double_divide(X1,double_divide(identity,X0)) [forward demodulation 2939,79]
3100. double_divide(double_divide(X1,X0),identity) = double_divide(double_divide(X1,identity),double_divide(identity,X0)) [superposition 222,508]
3207. double_divide(double_divide(X1,identity),double_divide(identity,X0)) = double_divide(identity,double_divide(X1,X0)) [forward demodulation 3100,79]
4804. double_divide(X0,double_divide(X1,identity)) = double_divide(identity,double_divide(double_divide(identity,double_divide(X1,identity)),double_divide(identity,X0))) [superposition 228,300]
4861. double_divide(X0,double_divide(X1,identity)) = double_divide(identity,double_divide(X1,double_divide(identity,X0))) [forward demodulation 4804,716]
5224. double_divide(X0,double_divide(X1,X2)) = double_divide(identity,double_divide(double_divide(identity,double_divide(double_divide(double_divide(identity,double_divide(X0,double_divide(identity,identity))),double_divide(identity,identity)),double_divide(identity,double_divide(identity,X2)))),X1)) [superposition 613,7]
5265. double_divide(X0,double_divide(X1,double_divide(identity,identity))) = double_divide(identity,double_divide(double_divide(identity,X0),X1)) [superposition 613,8]
5388. double_divide(X0,double_divide(X1,identity)) = double_divide(identity,double_divide(double_divide(identity,X0),X1)) [forward demodulation 5265,25]
5429. double_divide(X0,double_divide(X1,X2)) = double_divide(identity,double_divide(double_divide(double_divide(identity,X2),double_divide(double_divide(double_divide(identity,double_divide(X0,double_divide(identity,identity))),double_divide(identity,identity)),identity)),X1)) [forward demodulation 5224,4861]
5570. double_divide(X0,double_divide(X1,X2)) = double_divide(identity,double_divide(double_divide(double_divide(identity,X2),double_divide(identity,double_divide(double_divide(identity,double_divide(X0,double_divide(identity,identity))),double_divide(identity,identity)))),X1)) [forward demodulation 5429,79]
5701. double_divide(X0,double_divide(X1,X2)) = double_divide(identity,double_divide(double_divide(double_divide(identity,X2),double_divide(identity,double_divide(double_divide(identity,identity),double_divide(identity,double_divide(X0,double_divide(identity,identity)))))),X1)) [forward demodulation 5570,789]
5819. double_divide(X0,double_divide(X1,X2)) = double_divide(identity,double_divide(double_divide(double_divide(identity,X2),double_divide(double_divide(X0,double_divide(identity,identity)),double_divide(double_divide(identity,identity),identity))),X1)) [forward demodulation 5701,4861]
5915. double_divide(X0,double_divide(X1,X2)) = double_divide(identity,double_divide(double_divide(double_divide(identity,X2),double_divide(double_divide(X0,double_divide(identity,identity)),double_divide(identity,double_divide(identity,identity)))),X1)) [forward demodulation 5819,79]
5986. double_divide(X0,double_divide(X1,X2)) = double_divide(identity,double_divide(double_divide(identity,double_divide(double_divide(double_divide(identity,X2),double_divide(identity,identity)),double_divide(X0,double_divide(identity,identity)))),X1)) [forward demodulation 5915,789]
6039. double_divide(X0,double_divide(X1,X2)) = double_divide(double_divide(double_divide(double_divide(identity,X2),double_divide(identity,identity)),double_divide(X0,double_divide(identity,identity))),double_divide(X1,identity)) [forward demodulation 5986,5388]
6083. double_divide(X0,double_divide(X1,X2)) = double_divide(double_divide(identity,double_divide(double_divide(double_divide(double_divide(identity,X2),double_divide(identity,identity)),identity),X0)),double_divide(X1,identity)) [forward demodulation 6039,789]
6120. double_divide(X0,double_divide(X1,X2)) = double_divide(double_divide(double_divide(double_divide(identity,X2),double_divide(identity,identity)),double_divide(X0,identity)),double_divide(X1,identity)) [forward demodulation 6083,1229]
6142. double_divide(X0,double_divide(X1,X2)) = double_divide(double_divide(double_divide(double_divide(X2,identity),identity),double_divide(X0,identity)),double_divide(X1,identity)) [forward demodulation 6120,16]
6150. double_divide(X0,double_divide(X1,X2)) = double_divide(double_divide(identity,double_divide(double_divide(X2,identity),X0)),double_divide(X1,identity)) [forward demodulation 6142,1208]
6156. double_divide(X0,double_divide(X1,X2)) = double_divide(double_divide(X2,double_divide(X0,identity)),double_divide(X1,identity)) [forward demodulation 6150,1229]
7700. double_divide(double_divide(X0,X1),identity) = double_divide(double_divide(X2,X0),double_divide(double_divide(X2,identity),double_divide(identity,double_divide(identity,X1)))) [superposition 195,300]
7838. double_divide(X1,double_divide(X0,X2)) = double_divide(double_divide(X0,identity),double_divide(double_divide(X1,identity),double_divide(identity,double_divide(identity,X2)))) [superposition 300,195]
7839. double_divide(double_divide(double_divide(X1,identity),double_divide(identity,double_divide(identity,X2))),identity) = double_divide(identity,double_divide(double_divide(X0,identity),double_divide(X1,double_divide(X0,X2)))) [superposition 462,195]
7852. double_divide(double_divide(double_divide(X1,identity),double_divide(identity,double_divide(identity,X2))),identity) = double_divide(X0,double_divide(double_divide(X1,double_divide(X0,X2)),identity)) [forward demodulation 7839,1229]
7853. double_divide(X1,double_divide(X0,X2)) = double_divide(identity,double_divide(double_divide(double_divide(X0,identity),double_divide(identity,X2)),double_divide(X1,identity))) [forward demodulation 7838,789]
7975. double_divide(double_divide(X0,X1),identity) = double_divide(identity,double_divide(double_divide(double_divide(X2,X0),double_divide(identity,X1)),double_divide(X2,identity))) [forward demodulation 7700,789]
7986. double_divide(double_divide(double_divide(X1,identity),double_divide(identity,double_divide(identity,X2))),identity) = double_divide(X0,double_divide(identity,double_divide(X1,double_divide(X0,X2)))) [forward demodulation 7852,79]
7987. double_divide(X1,double_divide(X0,X2)) = double_divide(double_divide(double_divide(double_divide(X0,identity),double_divide(identity,X2)),identity),X1) [forward demodulation 7853,787]
8104. double_divide(double_divide(X0,X1),identity) = double_divide(double_divide(double_divide(double_divide(X2,X0),double_divide(identity,X1)),identity),X2) [forward demodulation 7975,787]
8110. double_divide(identity,double_divide(double_divide(X1,identity),double_divide(identity,double_divide(identity,X2)))) = double_divide(X0,double_divide(identity,double_divide(X1,double_divide(X0,X2)))) [forward demodulation 7986,79]
8111. double_divide(X1,double_divide(X0,X2)) = double_divide(double_divide(identity,double_divide(double_divide(X0,identity),double_divide(identity,X2))),X1) [forward demodulation 7987,79]
8220. double_divide(double_divide(X0,X1),identity) = double_divide(X2,double_divide(double_divide(double_divide(X2,X0),double_divide(identity,X1)),identity)) [forward demodulation 8104,836]
8225. double_divide(X0,double_divide(identity,double_divide(X1,double_divide(X0,X2)))) = double_divide(double_divide(identity,X2),double_divide(double_divide(X1,identity),identity)) [forward demodulation 8110,4861]
8226. double_divide(X1,double_divide(X0,X2)) = double_divide(double_divide(X2,double_divide(double_divide(X0,identity),identity)),X1) [forward demodulation 8111,4861]
8319. double_divide(double_divide(X0,X1),identity) = double_divide(X2,double_divide(identity,double_divide(double_divide(X2,X0),double_divide(identity,X1)))) [forward demodulation 8220,79]
8324. double_divide(X0,double_divide(identity,double_divide(X1,double_divide(X0,X2)))) = double_divide(double_divide(identity,X2),double_divide(identity,double_divide(X1,identity))) [forward demodulation 8225,79]
8325. double_divide(X1,double_divide(X0,X2)) = double_divide(double_divide(X2,double_divide(identity,double_divide(X0,identity))),X1) [forward demodulation 8226,79]
8412. double_divide(double_divide(X0,X1),identity) = double_divide(X2,double_divide(X1,double_divide(double_divide(X2,X0),identity))) [forward demodulation 8319,4861]
8417. double_divide(double_divide(identity,X2),X1) = double_divide(X0,double_divide(identity,double_divide(X1,double_divide(X0,X2)))) [forward demodulation 8324,716]
8418. double_divide(X1,double_divide(X0,X2)) = double_divide(double_divide(X2,X0),X1) [forward demodulation 8325,716]
8490. double_divide(double_divide(X0,X1),identity) = double_divide(X2,double_divide(X1,double_divide(identity,double_divide(X2,X0)))) [forward demodulation 8412,79]
8553. double_divide(identity,double_divide(X0,X1)) = double_divide(X2,double_divide(X1,double_divide(identity,double_divide(X2,X0)))) [forward demodulation 8490,79]
8712. double_divide(identity,double_divide(double_divide(X1,identity),double_divide(identity,double_divide(identity,X2)))) = double_divide(identity,double_divide(double_divide(X1,double_divide(X0,X2)),double_divide(X0,identity))) [superposition 797,195]
8835. double_divide(identity,double_divide(double_divide(X1,identity),double_divide(identity,double_divide(identity,X2)))) = double_divide(double_divide(double_divide(X1,double_divide(X0,X2)),identity),X0) [forward demodulation 8712,787]
8879. double_divide(identity,double_divide(double_divide(X1,identity),double_divide(identity,double_divide(identity,X2)))) = double_divide(X0,double_divide(double_divide(X1,double_divide(X0,X2)),identity)) [forward demodulation 8835,836]
8913. double_divide(identity,double_divide(double_divide(X1,identity),double_divide(identity,double_divide(identity,X2)))) = double_divide(X0,double_divide(identity,double_divide(X1,double_divide(X0,X2)))) [forward demodulation 8879,79]
8943. double_divide(double_divide(identity,X2),X1) = double_divide(identity,double_divide(double_divide(X1,identity),double_divide(identity,double_divide(identity,X2)))) [forward demodulation 8913,8417]
8965. double_divide(double_divide(identity,X2),X1) = double_divide(identity,double_divide(X2,double_divide(X1,identity))) [forward demodulation 8943,8553]
9010. double_divide(identity,double_divide(double_divide(double_divide(X1,X0),double_divide(double_divide(X1,identity),double_divide(double_divide(identity,double_divide(X2,identity)),double_divide(identity,double_divide(X0,double_divide(X2,identity)))))),double_divide(identity,double_divide(X3,identity)))) = X3 [superposition 596,228]
9126. double_divide(X2,double_divide(X0,X3)) = double_divide(identity,double_divide(double_divide(double_divide(X1,double_divide(double_divide(double_divide(X2,identity),double_divide(identity,double_divide(identity,X3))),X4)),double_divide(double_divide(X1,identity),X4)),double_divide(identity,double_divide(X0,identity)))) [superposition 596,195]
9161. double_divide(identity,double_divide(double_divide(double_divide(X0,double_divide(double_divide(identity,X1),X2)),double_divide(double_divide(X0,identity),X2)),identity)) = X1 [superposition 596,678]
9264. double_divide(double_divide(X0,double_divide(double_divide(identity,X1),X2)),double_divide(double_divide(X0,identity),X2)) = X1 [forward demodulation 9161,716]
9299. double_divide(X2,double_divide(X0,X3)) = double_divide(double_divide(X0,identity),double_divide(double_divide(double_divide(X1,double_divide(double_divide(double_divide(X2,identity),double_divide(identity,double_divide(identity,X3))),X4)),double_divide(double_divide(X1,identity),X4)),identity)) [forward demodulation 9126,4861]
9415. double_divide(double_divide(X3,identity),double_divide(double_divide(double_divide(X1,X0),double_divide(double_divide(X1,identity),double_divide(double_divide(identity,double_divide(X2,identity)),double_divide(identity,double_divide(X0,double_divide(X2,identity)))))),identity)) = X3 [forward demodulation 9010,4861]
9479. double_divide(double_divide(X2,double_divide(X0,identity)),double_divide(X0,double_divide(double_divide(identity,X1),X2))) = X1 [forward demodulation 9264,8418]
9514. double_divide(X2,double_divide(X0,X3)) = double_divide(identity,double_divide(X0,double_divide(double_divide(X1,double_divide(double_divide(double_divide(X2,identity),double_divide(identity,double_divide(identity,X3))),X4)),double_divide(double_divide(X1,identity),X4)))) [forward demodulation 9299,1208]
9629. double_divide(identity,double_divide(X3,double_divide(double_divide(X1,X0),double_divide(double_divide(X1,identity),double_divide(double_divide(identity,double_divide(X2,identity)),double_divide(identity,double_divide(X0,double_divide(X2,identity)))))))) = X3 [forward demodulation 9415,1208]
9717. double_divide(X2,double_divide(X0,X3)) = double_divide(identity,double_divide(X0,double_divide(double_divide(X4,double_divide(X1,identity)),double_divide(X1,double_divide(double_divide(double_divide(X2,identity),double_divide(identity,double_divide(identity,X3))),X4))))) [forward demodulation 9514,8418]
9828. double_divide(identity,double_divide(X3,double_divide(double_divide(X1,X0),double_divide(identity,double_divide(double_divide(double_divide(X1,identity),double_divide(X0,double_divide(X2,identity))),double_divide(identity,double_divide(X2,identity))))))) = X3 [forward demodulation 9629,789]
9898. double_divide(X2,double_divide(X0,X3)) = double_divide(identity,double_divide(X0,double_divide(double_divide(X4,double_divide(X1,identity)),double_divide(X1,double_divide(double_divide(identity,double_divide(double_divide(double_divide(X2,identity),X3),identity)),X4))))) [forward demodulation 9717,789]
10002. double_divide(double_divide(X3,double_divide(double_divide(double_divide(X1,identity),double_divide(X0,double_divide(X2,identity))),double_divide(identity,double_divide(X2,identity)))),double_divide(X1,X0)) = X3 [forward demodulation 9828,788]
10056. double_divide(X2,double_divide(X0,X3)) = double_divide(identity,double_divide(X0,double_divide(double_divide(double_divide(X2,identity),X3),identity))) [forward demodulation 9898,9479]
10140. double_divide(double_divide(X0,X1),double_divide(X3,double_divide(double_divide(double_divide(X1,identity),double_divide(X0,double_divide(X2,identity))),double_divide(identity,double_divide(X2,identity))))) = X3 [forward demodulation 10002,8418]
10174. double_divide(X2,double_divide(X0,X3)) = double_divide(double_divide(X0,identity),double_divide(double_divide(X2,identity),X3)) [forward demodulation 10056,787]
10240. double_divide(double_divide(X0,X1),double_divide(X3,double_divide(double_divide(double_divide(X2,identity),identity),double_divide(double_divide(X1,identity),double_divide(X0,double_divide(X2,identity)))))) = X3 [forward demodulation 10140,8418]
10317. double_divide(double_divide(X0,X1),double_divide(X3,double_divide(X1,double_divide(double_divide(X2,identity),double_divide(X0,double_divide(X2,identity)))))) = X3 [forward demodulation 10240,10174]
10376. double_divide(double_divide(X0,X1),double_divide(X3,double_divide(X1,X0))) = X3 [forward demodulation 10317,716]
10562. double_divide(double_divide(X0,identity),double_divide(X1,identity)) = double_divide(double_divide(identity,X0),double_divide(identity,X1)) [superposition 1587,1587]
10852. double_divide(identity,double_divide(X0,X1)) = double_divide(double_divide(identity,X0),double_divide(identity,X1)) [forward demodulation 10562,1208]
14985. double_divide(X0,double_divide(X1,X2)) = double_divide(X0,double_divide(X2,X1)) [superposition 508,10376]
21228. double_divide(double_divide(X0,identity),double_divide(X1,X2)) = double_divide(double_divide(identity,X0),double_divide(X2,X1)) [superposition 1587,8418]
26524. double_divide(identity,double_divide(X0,X1)) = double_divide(double_divide(identity,X1),double_divide(identity,X0)) [superposition 8418,3207]
27080. double_divide(X3,double_divide(X0,double_divide(X1,X2))) = double_divide(X3,double_divide(double_divide(X2,X1),X0)) [superposition 14985,14985]
41537. double_divide(identity,double_divide(double_divide(X0,identity),double_divide(X2,X1))) = double_divide(double_divide(double_divide(X0,X1),double_divide(identity,X2)),identity) [superposition 462,748]
41564. double_divide(identity,double_divide(double_divide(X0,identity),double_divide(X2,X1))) = double_divide(identity,double_divide(double_divide(X0,X1),double_divide(identity,X2))) [forward demodulation 41537,79]
41818. double_divide(X2,double_divide(double_divide(X0,X1),identity)) = double_divide(identity,double_divide(double_divide(X0,identity),double_divide(X2,X1))) [forward demodulation 41564,4861]
42056. double_divide(X2,double_divide(double_divide(X0,X1),identity)) = double_divide(X0,double_divide(double_divide(X2,X1),identity)) [forward demodulation 41818,1229]
42277. double_divide(X0,double_divide(identity,double_divide(X1,X2))) = double_divide(X2,double_divide(double_divide(X0,X1),identity)) [forward demodulation 42056,27080]
42479. double_divide(X2,double_divide(identity,double_divide(X1,X0))) = double_divide(X0,double_divide(identity,double_divide(X1,X2))) [forward demodulation 42277,27080]
47250. double_divide(identity,double_divide(X1,double_divide(X2,X0))) = double_divide(double_divide(X1,double_divide(X0,identity)),X2) [superposition 788,246]
47436. double_divide(identity,double_divide(X3,double_divide(X0,double_divide(X2,double_divide(identity,X1))))) = double_divide(double_divide(X3,identity),double_divide(double_divide(X0,X1),X2)) [superposition 3207,788]
55871. double_divide(identity,double_divide(X2,double_divide(X3,double_divide(X0,double_divide(identity,X1))))) = double_divide(double_divide(X2,double_divide(X1,double_divide(X0,identity))),X3) [superposition 788,2986]
56015. double_divide(double_divide(X2,identity),double_divide(double_divide(X3,X1),X0)) = double_divide(double_divide(X2,double_divide(X1,double_divide(X0,identity))),X3) [forward demodulation 55871,47436]
105932. double_divide(X3,double_divide(X0,double_divide(X1,X2))) = double_divide(double_divide(double_divide(X1,identity),double_divide(X2,double_divide(X0,identity))),X3) [superposition 8418,6156]
105951. double_divide(X3,double_divide(X0,double_divide(X1,X2))) = double_divide(double_divide(double_divide(X1,identity),identity),double_divide(double_divide(X3,X2),X0)) [forward demodulation 105932,56015]
106176. double_divide(X3,double_divide(X0,double_divide(X1,X2))) = double_divide(double_divide(identity,double_divide(X1,identity)),double_divide(X0,double_divide(X3,X2))) [forward demodulation 105951,21228]
106346. double_divide(X3,double_divide(X0,double_divide(X1,X2))) = double_divide(identity,double_divide(identity,double_divide(double_divide(X0,double_divide(X3,X2)),X1))) [forward demodulation 106176,47250]
106473. double_divide(X3,double_divide(X0,double_divide(X1,X2))) = double_divide(double_divide(X0,double_divide(X3,X2)),X1) [forward demodulation 106346,815]
111664. double_divide(identity,double_divide(X3,double_divide(double_divide(X0,X2),X1))) = double_divide(double_divide(X0,double_divide(X1,double_divide(identity,X2))),double_divide(identity,X3)) [superposition 26524,789]
112311. double_divide(identity,double_divide(X3,double_divide(double_divide(X0,X2),X1))) = double_divide(X1,double_divide(X0,double_divide(double_divide(identity,X3),double_divide(identity,X2)))) [forward demodulation 111664,106473]
112561. double_divide(identity,double_divide(X3,double_divide(double_divide(X0,X2),X1))) = double_divide(X1,double_divide(X0,double_divide(identity,double_divide(X3,X2)))) [forward demodulation 112311,10852]
1348482. double_divide(double_divide(identity,c3),double_divide(b3,a3)) != double_divide(identity,double_divide(b3,double_divide(identity,double_divide(c3,a3)))) [superposition 2885,42479]
1348483. double_divide(identity,double_divide(c3,double_divide(double_divide(b3,a3),identity))) != double_divide(double_divide(identity,c3),double_divide(b3,a3)) [forward demodulation 1348482,112561]
1350301. $false [forward subsumption resolution 1348483,8965]
% SZS output end Proof for GRP567-1_clausified
% ------------------------------
% Version: Vampire 5.0.0 (Release build, commit 2e2c9b7b8 on 2026-01-17 12:24:14 +0100)
% Linked with Z3 4.14.0.0 3c47fd96cf5645d0c42b2c819d9e9a84380aa721 z3-4.8.4-9178-g3c47fd96c
% CaDiCaL version: 2.1.3
% Termination reason: Refutation
% Time elapsed: 13.853 s
% Peak memory usage: 371 MB
% Instructions burned: 56508 (million)
% ------------------------------
% ------------------------------
