% Running in auto input_syntax mode. Trying TPTP
% Refutation found. Thanks to Tanya!
% SZS status Unsatisfiable for GRP126-2.004_clausified
% SZS output start Proof for GRP126-2.004_clausified
2. next(e_2,e_3) [input(axiom)]
9. greater(e_4,e_3) [input(axiom)]
10. ~product(X2,e_1,X0) | ~next(X2,X1) | ~greater(X0,X1) [input(axiom)]
11. group_element(e_1) [input(axiom)]
12. group_element(e_2) [input(axiom)]
13. group_element(e_3) [input(axiom)]
14. group_element(e_4) [input(axiom)]
15. ~equalish(e_1,e_2) [input(axiom)]
16. ~equalish(e_1,e_3) [input(axiom)]
17. ~equalish(e_1,e_4) [input(axiom)]
18. ~equalish(e_2,e_1) [input(axiom)]
19. ~equalish(e_2,e_3) [input(axiom)]
20. ~equalish(e_2,e_4) [input(axiom)]
23. ~equalish(e_3,e_4) [input(axiom)]
24. ~equalish(e_4,e_1) [input(axiom)]
25. ~equalish(e_4,e_2) [input(axiom)]
26. ~equalish(e_4,e_3) [input(axiom)]
27. product(X2,X0,e_4) | ~group_element(X0) | product(X2,X0,e_1) | product(X2,X0,e_2) | product(X2,X0,e_3) | ~group_element(X2) [input(axiom)]
28. ~product(X2,X0,X4) | ~product(X2,X0,X3) | equalish(X3,X4) [input(axiom)]
29. ~product(X2,X4,X0) | ~product(X2,X3,X0) | equalish(X3,X4) [input(axiom)]
30. ~product(X4,X0,X2) | ~product(X3,X0,X2) | equalish(X3,X4) [input(axiom)]
31. product(X2,X2,X2) [input(axiom)]
32. ~product(X2,X0,X5) | ~product(X0,X2,X6) | product(X5,X6,X0) [input(negated conjecture)]
34. ~product(X0,X0,X1) | equalish(X1,X0) [resolution 28,31]
35. ~product(X0,X1,X0) | equalish(X1,X0) [resolution 29,31]
37. ~product(X0,X1,X1) | equalish(X0,X1) [resolution 30,31]
40. ~group_element(e_1) | product(X0,e_1,e_1) | product(X0,e_1,e_2) | product(X0,e_1,e_3) | ~group_element(X0) | ~next(X0,X1) | ~greater(e_4,X1) [resolution 27,10]
42. ~product(X2,X0,e_4) | product(X1,X0,e_1) | product(X1,X0,e_2) | product(X1,X0,e_3) | ~group_element(X1) | ~group_element(X0) | equalish(X2,X1) [resolution 27,30]
43. ~product(X1,X2,e_4) | product(X1,X0,e_1) | product(X1,X0,e_2) | product(X1,X0,e_3) | ~group_element(X1) | ~group_element(X0) | equalish(X2,X0) [resolution 27,29]
45. ~group_element(X0) | product(e_4,X0,e_1) | product(e_4,X0,e_2) | product(e_4,X0,e_3) | ~group_element(e_4) | equalish(X0,e_4) [resolution 27,35]
48. ~greater(e_4,X1) | product(X0,e_1,e_2) | product(X0,e_1,e_3) | ~group_element(X0) | ~next(X0,X1) | product(X0,e_1,e_1) [subsumption resolution 40,11]
49. product(e_4,X0,e_3) | product(e_4,X0,e_1) | product(e_4,X0,e_2) | ~group_element(X0) | equalish(X0,e_4) [subsumption resolution 45,14]
67. product(X0,e_1,e_3) | product(X0,e_1,e_2) | ~group_element(X0) | ~next(X0,e_3) | product(X0,e_1,e_1) [resolution 48,9]
77. product(X0,e_4,e_1) | product(X0,e_4,e_2) | product(X0,e_4,e_3) | ~group_element(X0) | ~group_element(e_4) | equalish(e_4,X0) [resolution 42,31]
80. product(X0,e_4,e_3) | product(X0,e_4,e_2) | product(X0,e_4,e_1) | ~group_element(X0) | equalish(e_4,X0) [subsumption resolution 77,14]
90. product(e_4,X0,e_1) | product(e_4,X0,e_2) | product(e_4,X0,e_3) | ~group_element(e_4) | ~group_element(X0) | equalish(e_4,X0) [resolution 43,31]
93. product(e_4,X0,e_3) | product(e_4,X0,e_2) | product(e_4,X0,e_1) | ~group_element(X0) | equalish(e_4,X0) [subsumption resolution 90,14]
171. ~product(X0,e_4,X1) | product(e_4,X0,e_2) | ~group_element(X0) | equalish(X0,e_4) | product(e_4,X0,e_1) | product(e_3,X1,X0) [resolution 49,32]
185. 2 <=> product(e_4,e_1,e_2) [avatar definition]
186. ~product(e_4,e_1,e_2) <- (~2) [avatar component clause 185]
187. product(e_4,e_1,e_2) <- (2) [avatar component clause 185]
189. 3 <=> product(e_4,e_1,e_1) [avatar definition]
190. ~product(e_4,e_1,e_1) <- (~3) [avatar component clause 189]
191. product(e_4,e_1,e_1) <- (3) [avatar component clause 189]
197. 4 <=> product(e_4,e_3,e_2) [avatar definition]
199. product(e_4,e_3,e_2) <- (4) [avatar component clause 197]
201. 5 <=> product(e_4,e_3,e_1) [avatar definition]
203. product(e_4,e_3,e_1) <- (5) [avatar component clause 201]
219. 7 <=> product(e_1,e_4,e_3) [avatar definition]
220. ~product(e_1,e_4,e_3) <- (~7) [avatar component clause 219]
221. product(e_1,e_4,e_3) <- (7) [avatar component clause 219]
223. 8 <=> product(e_1,e_4,e_2) [avatar definition]
225. product(e_1,e_4,e_2) <- (8) [avatar component clause 223]
246. 10 <=> product(e_3,e_4,e_2) [avatar definition]
248. product(e_3,e_4,e_2) <- (10) [avatar component clause 246]
250. 11 <=> product(e_3,e_4,e_1) [avatar definition]
252. product(e_3,e_4,e_1) <- (11) [avatar component clause 250]
258. ~product(e_4,X0,e_2) | equalish(X0,e_3) <- (4) [resolution 199,29]
283. 14 <=> product(e_3,e_1,e_2) [avatar definition]
285. product(e_3,e_1,e_2) <- (14) [avatar component clause 283]
314. ~product(X0,X1,e_3) | ~group_element(X0) | ~next(X0,e_3) | product(X0,e_1,e_1) | product(X0,e_1,e_2) | equalish(X1,e_1) [resolution 67,29]
328. product(e_3,e_4,e_2) | product(e_3,e_4,e_1) | ~group_element(e_3) | equalish(e_4,e_3) | equalish(e_4,e_3) [resolution 80,35]
339. product(e_3,e_4,e_2) | product(e_3,e_4,e_1) | ~group_element(e_3) | equalish(e_4,e_3) [duplicate literal removal 328]
343. ~product(X0,e_4,e_2) | equalish(X0,e_3) <- (10) [resolution 248,30]
351. ~product(X1,X0,e_3) | product(e_4,X0,e_1) | ~group_element(X0) | equalish(e_4,X0) | product(e_4,X0,e_2) | equalish(X1,e_4) [resolution 93,30]
428. equalish(e_4,e_1) <- (3) [resolution 191,37]
435. $false <- (3) [subsumption resolution 428,24]
436. ~3 [avatar contradiction clause 435]
743. 25 <=> product(e_4,e_2,e_2) [avatar definition]
744. ~product(e_4,e_2,e_2) <- (~25) [avatar component clause 743]
745. product(e_4,e_2,e_2) <- (25) [avatar component clause 743]
747. 26 <=> product(e_4,e_2,e_1) [avatar definition]
749. product(e_4,e_2,e_1) <- (26) [avatar component clause 747]
815. 28 <=> product(e_2,e_4,e_3) [avatar definition]
816. ~product(e_2,e_4,e_3) <- (~28) [avatar component clause 815]
817. product(e_2,e_4,e_3) <- (28) [avatar component clause 815]
823. 30 <=> product(e_2,e_4,e_1) [avatar definition]
825. product(e_2,e_4,e_1) <- (30) [avatar component clause 823]
901. equalish(e_4,e_2) <- (25) [resolution 745,37]
908. $false <- (25) [subsumption resolution 901,25]
909. ~25 [avatar contradiction clause 908]
1503. equalish(e_1,e_3) <- (2, 4) [resolution 258,187]
1519. $false <- (2, 4) [subsumption resolution 1503,16]
1520. ~2 | ~4 [avatar contradiction clause 1519]
1547. ~product(e_4,X0,e_1) | equalish(X0,e_3) <- (5) [resolution 203,29]
2156. equalish(e_2,e_3) <- (5, 26) [resolution 1547,749]
2164. $false <- (5, 26) [subsumption resolution 2156,19]
2165. ~5 | ~26 [avatar contradiction clause 2164]
2202. 44 <=> product(e_3,e_3,e_1) [avatar definition]
2204. product(e_3,e_3,e_1) <- (44) [avatar component clause 2202]
2577. ~group_element(e_2) | ~next(e_2,e_3) | product(e_2,e_1,e_1) | product(e_2,e_1,e_2) | equalish(e_4,e_1) <- (28) [resolution 314,817]
2616. ~next(e_2,e_3) | product(e_2,e_1,e_1) | product(e_2,e_1,e_2) | equalish(e_4,e_1) <- (28) [subsumption resolution 2577,12]
2617. product(e_2,e_1,e_1) | product(e_2,e_1,e_2) | equalish(e_4,e_1) <- (28) [subsumption resolution 2616,2]
2618. product(e_2,e_1,e_1) | product(e_2,e_1,e_2) <- (28) [subsumption resolution 2617,24]
2620. 45 <=> product(e_2,e_1,e_2) [avatar definition]
2622. product(e_2,e_1,e_2) <- (45) [avatar component clause 2620]
2624. 46 <=> product(e_2,e_1,e_1) [avatar definition]
2626. product(e_2,e_1,e_1) <- (46) [avatar component clause 2624]
2627. 45 | 46 | ~28 [avatar split clause 2618,815,2624,2620]
2631. equalish(e_2,e_1) <- (46) [resolution 2626,37]
2638. $false <- (46) [subsumption resolution 2631,18]
2639. ~46 [avatar contradiction clause 2638]
2725. equalish(e_1,e_2) <- (45) [resolution 2622,35]
2732. $false <- (45) [subsumption resolution 2725,15]
2733. ~45 [avatar contradiction clause 2732]
2780. product(e_2,e_4,e_2) | product(e_2,e_4,e_1) | ~group_element(e_2) | equalish(e_4,e_2) <- (~28) [resolution 816,80]
2901. product(e_2,e_4,e_1) | ~group_element(e_2) | equalish(e_4,e_2) <- (~28) [subsumption resolution 2780,35]
2902. product(e_2,e_4,e_1) | equalish(e_4,e_2) <- (~28) [subsumption resolution 2901,12]
2903. product(e_2,e_4,e_1) <- (~28) [subsumption resolution 2902,25]
2904. 30 | 28 [avatar split clause 2903,815,823]
2999. product(e_4,e_3,e_1) | ~group_element(e_3) | equalish(e_4,e_3) | product(e_4,e_3,e_2) | equalish(e_3,e_4) [resolution 351,31]
3616. product(e_4,e_1,e_2) | ~group_element(e_1) | equalish(e_1,e_4) | product(e_4,e_1,e_1) | product(e_3,e_3,e_1) <- (7) [resolution 171,221]
3617. product(e_4,e_2,e_2) | ~group_element(e_2) | equalish(e_2,e_4) | product(e_4,e_2,e_1) | product(e_3,e_1,e_2) <- (30) [resolution 171,825]
3662. ~group_element(e_1) | equalish(e_1,e_4) | product(e_4,e_1,e_1) | product(e_3,e_3,e_1) <- (~2, 7) [subsumption resolution 3616,186]
3663. equalish(e_1,e_4) | product(e_4,e_1,e_1) | product(e_3,e_3,e_1) <- (~2, 7) [subsumption resolution 3662,11]
3664. product(e_4,e_1,e_1) | product(e_3,e_3,e_1) <- (~2, 7) [subsumption resolution 3663,17]
3665. product(e_3,e_3,e_1) <- (~2, ~3, 7) [subsumption resolution 3664,190]
3666. 44 | 2 | 3 | ~7 [avatar split clause 3665,219,189,185,2202]
3671. product(e_1,e_4,e_2) | product(e_1,e_4,e_1) | ~group_element(e_1) | equalish(e_4,e_1) <- (~7) [resolution 220,80]
3799. equalish(e_1,e_3) <- (8, 10) [resolution 225,343]
3809. $false <- (8, 10) [subsumption resolution 3799,16]
3810. ~8 | ~10 [avatar contradiction clause 3809]
3842. product(e_1,e_4,e_2) | ~group_element(e_1) | equalish(e_4,e_1) <- (~7) [subsumption resolution 3671,35]
3843. product(e_1,e_4,e_2) | equalish(e_4,e_1) <- (~7) [subsumption resolution 3842,11]
3844. product(e_1,e_4,e_2) <- (~7) [subsumption resolution 3843,24]
3845. 8 | 7 [avatar split clause 3844,219,223]
3919. product(e_3,e_4,e_2) | product(e_3,e_4,e_1) | equalish(e_4,e_3) [subsumption resolution 339,13]
3920. product(e_3,e_4,e_2) | product(e_3,e_4,e_1) [subsumption resolution 3919,26]
3921. 11 | 10 [avatar split clause 3920,246,250]
3928. ~product(X0,e_4,e_1) | equalish(X0,e_3) <- (11) [resolution 252,30]
4296. equalish(e_1,e_3) <- (44) [resolution 2204,34]
4305. $false <- (44) [subsumption resolution 4296,16]
4306. ~44 [avatar contradiction clause 4305]
4798. equalish(e_2,e_3) <- (11, 30) [resolution 3928,825]
4804. $false <- (11, 30) [subsumption resolution 4798,19]
4805. ~11 | ~30 [avatar contradiction clause 4804]
4806. product(e_4,e_3,e_1) | equalish(e_4,e_3) | product(e_4,e_3,e_2) | equalish(e_3,e_4) [subsumption resolution 2999,13]
4807. product(e_4,e_3,e_1) | product(e_4,e_3,e_2) | equalish(e_3,e_4) [subsumption resolution 4806,26]
4808. product(e_4,e_3,e_1) | product(e_4,e_3,e_2) [subsumption resolution 4807,23]
4809. 4 | 5 [avatar split clause 4808,201,197]
4829. ~group_element(e_2) | equalish(e_2,e_4) | product(e_4,e_2,e_1) | product(e_3,e_1,e_2) <- (~25, 30) [subsumption resolution 3617,744]
4830. equalish(e_2,e_4) | product(e_4,e_2,e_1) | product(e_3,e_1,e_2) <- (~25, 30) [subsumption resolution 4829,12]
4831. product(e_4,e_2,e_1) | product(e_3,e_1,e_2) <- (~25, 30) [subsumption resolution 4830,20]
4832. 14 | 26 | 25 | ~30 [avatar split clause 4831,823,743,747,283]
4853. ~product(X0,e_1,e_2) | equalish(X0,e_4) <- (2) [resolution 187,30]
6273. equalish(e_3,e_4) <- (2, 14) [resolution 4853,285]
6283. $false <- (2, 14) [subsumption resolution 6273,23]
6284. ~2 | ~14 [avatar contradiction clause 6283]
6297. $false [avatar sat refutation 436,909,1520,2165,2627,2639,2733,2904,3666,3810,3845,3921,4306,4805,4809,4832,6284]
% SZS output end Proof for GRP126-2.004_clausified
% ------------------------------
% Version: Vampire 4.9 (Release build, commit 0accf6da4 on 2024-12-10 11:55:58 +0000)
% Termination reason: Refutation

% Time elapsed: 0.091 s
% Instructions burned: 299 (million)
% ------------------------------
% ------------------------------
