% Running in auto input_syntax mode. Trying TPTP
% Refutation found. Thanks to Tanya!
% SZS status Unsatisfiable for GRP637+1_clausified
% SZS output start Proof for GRP637+1_clausified
1. ~m1_group_6(sK5,sK1,sK6) [input(negated conjecture)]
2. k2_funct_2(u1_struct_0(sK0),u1_struct_0(sK1),sK2,u1_struct_0(sK3)) = u1_struct_0(sK5) [input(negated conjecture)]
3. k2_funct_2(u1_struct_0(sK0),u1_struct_0(sK1),sK2,u1_struct_0(sK4)) = u1_struct_0(sK6) [input(negated conjecture)]
4. m1_group_6(sK3,sK0,sK4) [input(negated conjecture)]
5. m1_group_2(sK6,sK1) [input(negated conjecture)]
6. m1_group_2(sK5,sK1) [input(negated conjecture)]
7. m1_group_2(sK4,sK0) [input(negated conjecture)]
9. v1_funct_1(sK2) [input(negated conjecture)]
10. v1_funct_2(sK2,u1_struct_0(sK0),u1_struct_0(sK1)) [input(negated conjecture)]
11. m2_relset_1(sK2,u1_struct_0(sK0),u1_struct_0(sK1)) [input(negated conjecture)]
12. ~v3_struct_0(sK1) [input(negated conjecture)]
13. v3_group_1(sK1) [input(negated conjecture)]
14. v4_group_1(sK1) [input(negated conjecture)]
15. l1_group_1(sK1) [input(negated conjecture)]
16. ~v3_struct_0(sK0) [input(negated conjecture)]
17. v3_group_1(sK0) [input(negated conjecture)]
18. v4_group_1(sK0) [input(negated conjecture)]
19. l1_group_1(sK0) [input(negated conjecture)]
22. ~m1_subset_1(X0,k1_zfmisc_1(k2_zfmisc_1(X1,X2))) | v1_relat_1(X0) [input(axiom)]
27. r1_tarski(u1_struct_0(X0),u1_struct_0(X1)) | ~m1_group_2(X0,X1) | v3_struct_0(X0) | ~v3_group_1(X0) | ~l1_group_1(X0) | v3_struct_0(X1) | ~v3_group_1(X1) | ~l1_group_1(X1) [input(axiom)]
31. ~m1_group_2(X0,X1) | ~v3_struct_0(X0) | v3_struct_0(X1) | ~v3_group_1(X1) | ~l1_group_1(X1) [input(axiom)]
32. ~m1_group_2(X0,X1) | v3_group_1(X0) | v3_struct_0(X1) | ~v3_group_1(X1) | ~l1_group_1(X1) [input(axiom)]
33. ~m1_group_2(X0,X1) | l1_group_1(X0) | v3_struct_0(X1) | ~v3_group_1(X1) | ~l1_group_1(X1) [input(axiom)]
35. m1_subset_1(X0,k1_zfmisc_1(k2_zfmisc_1(X1,X2))) | ~m2_relset_1(X0,X1,X2) [input(axiom)]
67. ~m1_relset_1(X2,X0,X1) | ~v1_funct_1(X2) | ~v1_funct_2(X2,X0,X1) | k2_funct_2(X0,X1,X2,X3) = k9_relat_1(X2,X3) [input(axiom)]
68. m1_group_6(X0,X1,X2) | ~m1_group_2(X0,X2) | v3_struct_0(X1) | ~v3_group_1(X1) | ~v4_group_1(X1) | ~l1_group_1(X1) | ~m1_group_2(X2,X1) [input(axiom)]
69. ~m1_group_6(X0,X2,X1) | m1_group_2(X0,X1) | v3_struct_0(X2) | ~v3_group_1(X2) | ~v4_group_1(X2) | ~l1_group_1(X2) | ~m1_group_2(X1,X2) [input(axiom)]
71. ~m2_relset_1(X0,X1,X2) | m1_relset_1(X0,X1,X2) [input(axiom)]
73. r1_tarski(k9_relat_1(X0,X1),k9_relat_1(X0,X2)) | ~r1_tarski(X1,X2) | ~v1_relat_1(X0) [input(axiom)]
80. ~r1_tarski(u1_struct_0(X0),u1_struct_0(X1)) | m1_group_2(X0,X1) | ~m1_group_2(X1,X2) | ~m1_group_2(X0,X2) | v3_struct_0(X2) | ~v3_group_1(X2) | ~v4_group_1(X2) | ~l1_group_1(X2) [input(axiom)]
85. r1_tarski(u1_struct_0(X0),u1_struct_0(X1)) | ~m1_group_2(X0,X1) | ~v3_group_1(X0) | ~l1_group_1(X0) | v3_struct_0(X1) | ~v3_group_1(X1) | ~l1_group_1(X1) [forward subsumption resolution 27,31]
87. r1_tarski(u1_struct_0(X0),u1_struct_0(X1)) | ~m1_group_2(X0,X1) | ~l1_group_1(X0) | v3_struct_0(X1) | ~v3_group_1(X1) | ~l1_group_1(X1) [forward subsumption resolution 85,32]
89. r1_tarski(u1_struct_0(X0),u1_struct_0(X1)) | ~m1_group_2(X0,X1) | v3_struct_0(X1) | ~v3_group_1(X1) | ~l1_group_1(X1) [forward subsumption resolution 87,33]
119. m1_relset_1(sK2,u1_struct_0(sK0),u1_struct_0(sK1)) [resolution 71,11]
149. ~m2_relset_1(X0,X1,X2) | v1_relat_1(X0) [resolution 35,22]
171. ~v3_struct_0(sK4) | v3_struct_0(sK0) | ~v3_group_1(sK0) | ~l1_group_1(sK0) [resolution 31,7]
176. ~v3_struct_0(sK4) | ~v3_group_1(sK0) | ~l1_group_1(sK0) [forward subsumption resolution 171,16]
180. ~v3_struct_0(sK4) | ~l1_group_1(sK0) [forward subsumption resolution 176,17]
184. ~v3_struct_0(sK4) [forward subsumption resolution 180,19]
189. v3_group_1(sK4) | v3_struct_0(sK0) | ~v3_group_1(sK0) | ~l1_group_1(sK0) [resolution 32,7]
194. v3_group_1(sK4) | ~v3_group_1(sK0) | ~l1_group_1(sK0) [forward subsumption resolution 189,16]
198. v3_group_1(sK4) | ~l1_group_1(sK0) [forward subsumption resolution 194,17]
202. v3_group_1(sK4) [forward subsumption resolution 198,19]
207. l1_group_1(sK4) | v3_struct_0(sK0) | ~v3_group_1(sK0) | ~l1_group_1(sK0) [resolution 33,7]
212. l1_group_1(sK4) | ~v3_group_1(sK0) | ~l1_group_1(sK0) [forward subsumption resolution 207,16]
216. l1_group_1(sK4) | ~l1_group_1(sK0) [forward subsumption resolution 212,17]
220. l1_group_1(sK4) [forward subsumption resolution 216,19]
297. ~m1_group_2(sK5,sK6) | v3_struct_0(sK1) | ~v3_group_1(sK1) | ~v4_group_1(sK1) | ~l1_group_1(sK1) | ~m1_group_2(sK6,sK1) [resolution 68,1]
300. ~m1_group_2(sK5,sK6) | ~v3_group_1(sK1) | ~v4_group_1(sK1) | ~l1_group_1(sK1) | ~m1_group_2(sK6,sK1) [forward subsumption resolution 297,12]
301. ~m1_group_2(sK5,sK6) | ~v4_group_1(sK1) | ~l1_group_1(sK1) | ~m1_group_2(sK6,sK1) [forward subsumption resolution 300,13]
302. ~m1_group_2(sK5,sK6) | ~l1_group_1(sK1) | ~m1_group_2(sK6,sK1) [forward subsumption resolution 301,14]
303. ~m1_group_2(sK5,sK6) | ~m1_group_2(sK6,sK1) [forward subsumption resolution 302,15]
304. ~m1_group_2(sK5,sK6) [forward subsumption resolution 303,5]
305. m1_group_2(sK3,sK4) | v3_struct_0(sK0) | ~v3_group_1(sK0) | ~v4_group_1(sK0) | ~l1_group_1(sK0) | ~m1_group_2(sK4,sK0) [resolution 69,4]
310. m1_group_2(sK3,sK4) | ~v3_group_1(sK0) | ~v4_group_1(sK0) | ~l1_group_1(sK0) | ~m1_group_2(sK4,sK0) [forward subsumption resolution 305,16]
311. m1_group_2(sK3,sK4) | ~v4_group_1(sK0) | ~l1_group_1(sK0) | ~m1_group_2(sK4,sK0) [forward subsumption resolution 310,17]
312. m1_group_2(sK3,sK4) | ~l1_group_1(sK0) | ~m1_group_2(sK4,sK0) [forward subsumption resolution 311,18]
313. m1_group_2(sK3,sK4) | ~m1_group_2(sK4,sK0) [forward subsumption resolution 312,19]
314. m1_group_2(sK3,sK4) [forward subsumption resolution 313,7]
318. ~v1_funct_1(sK2) | ~v1_funct_2(sK2,u1_struct_0(sK0),u1_struct_0(sK1)) | k2_funct_2(u1_struct_0(sK0),u1_struct_0(sK1),sK2,X0) = k9_relat_1(sK2,X0) [resolution 67,119]
319. ~v1_funct_2(sK2,u1_struct_0(sK0),u1_struct_0(sK1)) | k2_funct_2(u1_struct_0(sK0),u1_struct_0(sK1),sK2,X0) = k9_relat_1(sK2,X0) [forward subsumption resolution 318,9]
322. k2_funct_2(u1_struct_0(sK0),u1_struct_0(sK1),sK2,X0) = k9_relat_1(sK2,X0) [forward subsumption resolution 319,10]
389. v1_relat_1(sK2) [resolution 149,11]
478. u1_struct_0(sK5) = k9_relat_1(sK2,u1_struct_0(sK3)) [superposition 2,322]
479. u1_struct_0(sK6) = k9_relat_1(sK2,u1_struct_0(sK4)) [superposition 3,322]
485. r1_tarski(u1_struct_0(sK5),k9_relat_1(sK2,X0)) | ~r1_tarski(u1_struct_0(sK3),X0) | ~v1_relat_1(sK2) [superposition 73,478]
486. r1_tarski(u1_struct_0(sK5),k9_relat_1(sK2,X0)) | ~r1_tarski(u1_struct_0(sK3),X0) [forward subsumption resolution 485,389]
568. r1_tarski(u1_struct_0(sK5),u1_struct_0(sK6)) | ~r1_tarski(u1_struct_0(sK3),u1_struct_0(sK4)) [superposition 486,479]
570. 13 <=> r1_tarski(u1_struct_0(sK3),u1_struct_0(sK4)) [avatar definition]
572. ~r1_tarski(u1_struct_0(sK3),u1_struct_0(sK4)) <- (~13) [avatar component clause 570]
574. 14 <=> r1_tarski(u1_struct_0(sK5),u1_struct_0(sK6)) [avatar definition]
576. r1_tarski(u1_struct_0(sK5),u1_struct_0(sK6)) <- (14) [avatar component clause 574]
577. ~13 | 14 [avatar split clause 568,574,570]
723. ~m1_group_2(sK3,sK4) | v3_struct_0(sK4) | ~v3_group_1(sK4) | ~l1_group_1(sK4) <- (~13) [resolution 572,89]
724. v3_struct_0(sK4) | ~v3_group_1(sK4) | ~l1_group_1(sK4) <- (~13) [forward subsumption resolution 723,314]
725. ~v3_group_1(sK4) | ~l1_group_1(sK4) <- (~13) [forward subsumption resolution 724,184]
726. ~l1_group_1(sK4) <- (~13) [forward subsumption resolution 725,202]
727. $false <- (~13) [forward subsumption resolution 726,220]
728. 13 [avatar contradiction clause 727]
790. m1_group_2(sK5,sK6) | ~m1_group_2(sK6,X0) | ~m1_group_2(sK5,X0) | v3_struct_0(X0) | ~v3_group_1(X0) | ~v4_group_1(X0) | ~l1_group_1(X0) <- (14) [resolution 576,80]
793. ~m1_group_2(sK6,X0) | ~m1_group_2(sK5,X0) | v3_struct_0(X0) | ~v3_group_1(X0) | ~v4_group_1(X0) | ~l1_group_1(X0) <- (14) [forward subsumption resolution 790,304]
880379. ~m1_group_2(sK5,sK1) | v3_struct_0(sK1) | ~v3_group_1(sK1) | ~v4_group_1(sK1) | ~l1_group_1(sK1) <- (14) [resolution 793,5]
880381. v3_struct_0(sK1) | ~v3_group_1(sK1) | ~v4_group_1(sK1) | ~l1_group_1(sK1) <- (14) [forward subsumption resolution 880379,6]
880382. ~v3_group_1(sK1) | ~v4_group_1(sK1) | ~l1_group_1(sK1) <- (14) [forward subsumption resolution 880381,12]
880383. ~v4_group_1(sK1) | ~l1_group_1(sK1) <- (14) [forward subsumption resolution 880382,13]
880384. ~l1_group_1(sK1) <- (14) [forward subsumption resolution 880383,14]
880385. $false <- (14) [forward subsumption resolution 880384,15]
880386. ~14 [avatar contradiction clause 880385]
s12. ~13 | 14 [sat_conversion 577]
s18. 13 [sat_conversion 728]
s4006. ~14 [sat_conversion 880386]
s4754. # [rat s12,s4006,s18]
880387. $false [avatar sat refutation s4754]
% SZS output end Proof for GRP637+1_clausified
% ------------------------------
% Version: Vampire 5.0.0 (Release build, commit 2e2c9b7b8 on 2026-01-17 12:24:14 +0100)
% Linked with Z3 4.14.0.0 3c47fd96cf5645d0c42b2c819d9e9a84380aa721 z3-4.8.4-9178-g3c47fd96c
% CaDiCaL version: 2.1.3
% Termination reason: Refutation
% Time elapsed: 20.676 s
% Peak memory usage: 328 MB
% Instructions burned: 60711 (million)
% ------------------------------
% ------------------------------
