% Running in auto input_syntax mode. Trying TPTP
% Refutation found. Thanks to Tanya!
% SZS status Unsatisfiable for GRP130-1.003
% SZS output start Proof for GRP130-1.003
1. group_element(e_1) [input(axiom)]
2. group_element(e_2) [input(axiom)]
3. group_element(e_3) [input(axiom)]
4. ~equalish(e_1,e_2) [input(axiom)]
5. ~equalish(e_1,e_3) [input(axiom)]
7. ~equalish(e_2,e_3) [input(axiom)]
8. ~equalish(e_3,e_1) [input(axiom)]
9. ~equalish(e_3,e_2) [input(axiom)]
10. product(X0,X1,e_3) | ~group_element(X1) | product(X0,X1,e_1) | product(X0,X1,e_2) | ~group_element(X0) [input(axiom)]
11. ~product(X0,X1,X3) | ~product(X0,X1,X2) | equalish(X2,X3) [input(axiom)]
12. ~product(X0,X3,X2) | ~product(X0,X1,X2) | equalish(X1,X3) [input(axiom)]
13. ~product(X3,X1,X2) | ~product(X0,X1,X2) | equalish(X0,X3) [input(axiom)]
14. ~product(X0,X2,X3) | ~product(X0,X1,X2) | product(X3,X1,X0) [input(negated conjecture)]
15. ~product(X2,X0,e_3) | product(X1,X0,e_1) | product(X1,X0,e_2) | ~group_element(X1) | ~group_element(X0) | equalish(X2,X1) [resolution 10,13]
16. ~product(X1,X2,e_3) | product(X1,X0,e_1) | product(X1,X0,e_2) | ~group_element(X1) | ~group_element(X0) | equalish(X2,X0) [resolution 10,12]
18. ~product(X1,X2,X0) | product(X1,X0,e_1) | product(X1,X0,e_2) | ~group_element(X1) | ~group_element(X0) | product(e_3,X2,X1) [resolution 10,14]
19. product(X0,e_3,e_1) | product(X0,e_3,e_2) | ~group_element(X0) | ~group_element(e_3) | product(e_3,X1,X0) | ~group_element(X1) | product(X0,X1,e_1) | product(X0,X1,e_2) | ~group_element(X0) [resolution 18,10]
20. product(X0,e_3,e_1) | product(X0,e_3,e_2) | ~group_element(X0) | ~group_element(e_3) | product(e_3,X1,X0) | ~group_element(X1) | product(X0,X1,e_1) | product(X0,X1,e_2) [duplicate literal removal 19]
21. product(e_3,X1,X0) | product(X0,e_3,e_2) | product(X0,X1,e_2) | ~group_element(X0) | ~group_element(X1) | product(X0,X1,e_1) | product(X0,e_3,e_1) [forward subsumption resolution 20,3]
22. product(X0,X1,e_1) | product(X0,X1,e_2) | ~group_element(X0) | ~group_element(X1) | equalish(X2,X0) | ~group_element(X1) | product(X2,X1,e_1) | product(X2,X1,e_2) | ~group_element(X2) [resolution 15,10]
23. product(X2,X1,e_2) | product(X0,X1,e_2) | equalish(X2,X0) | ~group_element(X1) | ~group_element(X0) | product(X2,X1,e_1) | product(X0,X1,e_1) | ~group_element(X2) [duplicate literal removal 22]
39. ~product(X0,X2,X1) | product(X0,e_3,e_2) | ~group_element(X0) | ~group_element(X1) | product(X0,X1,e_1) | product(X0,e_3,e_1) | product(e_3,X1,X0) | product(e_2,X2,X0) [resolution 21,14]
40. product(e_3,e_3,X0) | product(X0,e_3,e_2) | ~group_element(X0) | ~group_element(e_3) | product(X0,e_3,e_1) | product(X0,e_3,e_1) [factoring 21]
41. product(e_3,e_3,X0) | product(X0,e_3,e_2) | ~group_element(X0) | ~group_element(e_3) | product(X0,e_3,e_1) [duplicate literal removal 40]
46. product(e_3,e_3,X0) | product(X0,e_3,e_2) | ~group_element(X0) | product(X0,e_3,e_1) [forward subsumption resolution 41,3]
51. product(X0,X1,e_1) | product(X0,X1,e_2) | ~group_element(X0) | ~group_element(X1) | equalish(X2,X1) | ~group_element(X2) | product(X0,X2,e_1) | product(X0,X2,e_2) | ~group_element(X0) [resolution 16,10]
54. product(X0,X2,e_2) | product(X0,X1,e_2) | equalish(X2,X1) | ~group_element(X1) | ~group_element(X0) | ~group_element(X2) | product(X0,X2,e_1) | product(X0,X1,e_1) [duplicate literal removal 51]
57. 1 <=> product(e_3,e_3,e_1) [avatar definition]
58. ~product(e_3,e_3,e_1) <- (~1) [avatar component clause 57]
59. product(e_3,e_3,e_1) <- (1) [avatar component clause 57]
61. 2 <=> product(e_3,e_3,e_2) [avatar definition]
62. ~product(e_3,e_3,e_2) <- (~2) [avatar component clause 61]
63. product(e_3,e_3,e_2) <- (2) [avatar component clause 61]
68. product(e_3,e_2,e_1) | product(e_3,e_2,e_2) | ~group_element(e_3) | ~group_element(e_2) | product(e_3,e_3,e_3) <- (2) [resolution 63,18]
73. product(e_3,e_2,e_1) | product(e_3,e_2,e_2) | ~group_element(e_2) | product(e_3,e_3,e_3) <- (2) [forward subsumption resolution 68,3]
74. product(e_3,e_2,e_1) | product(e_3,e_2,e_2) | product(e_3,e_3,e_3) <- (2) [forward subsumption resolution 73,2]
76. 4 <=> product(e_3,e_3,e_3) [avatar definition]
77. ~product(e_3,e_3,e_3) <- (~4) [avatar component clause 76]
78. product(e_3,e_3,e_3) <- (4) [avatar component clause 76]
80. 5 <=> product(e_3,e_2,e_2) [avatar definition]
81. ~product(e_3,e_2,e_2) <- (~5) [avatar component clause 80]
82. product(e_3,e_2,e_2) <- (5) [avatar component clause 80]
84. 6 <=> product(e_3,e_2,e_1) [avatar definition]
85. ~product(e_3,e_2,e_1) <- (~6) [avatar component clause 84]
86. product(e_3,e_2,e_1) <- (6) [avatar component clause 84]
87. 4 | 5 | 6 | ~2 [avatar split clause 74,61,84,80,76]
123. product(X2,X1,e_2) | equalish(X0,X2) | ~group_element(X1) | ~group_element(X2) | product(X0,X1,e_1) | product(X2,X1,e_1) | ~group_element(X0) | product(X0,e_2,e_1) | product(X0,e_2,e_2) | ~group_element(X0) | ~group_element(e_2) | product(e_3,X1,X0) [resolution 23,18]
140. product(X2,X1,e_2) | equalish(X0,X2) | ~group_element(X1) | ~group_element(X2) | product(X0,X1,e_1) | product(X2,X1,e_1) | ~group_element(X0) | product(X0,e_2,e_1) | product(X0,e_2,e_2) | ~group_element(e_2) | product(e_3,X1,X0) [duplicate literal removal 123]
145. product(e_3,X1,X0) | product(X2,X1,e_2) | product(X0,e_2,e_2) | product(X0,X1,e_1) | equalish(X0,X2) | product(X2,X1,e_1) | ~group_element(X0) | product(X0,e_2,e_1) | ~group_element(X2) | ~group_element(X1) [forward subsumption resolution 140,2]
155. 9 <=> product(e_2,e_3,e_1) [avatar definition]
156. ~product(e_2,e_3,e_1) <- (~9) [avatar component clause 155]
157. product(e_2,e_3,e_1) <- (9) [avatar component clause 155]
159. 10 <=> product(e_2,e_3,e_2) [avatar definition]
161. product(e_2,e_3,e_2) <- (10) [avatar component clause 159]
186. product(e_2,e_3,e_2) | product(e_2,e_3,e_2) | ~group_element(e_2) | ~group_element(e_3) | product(e_2,e_3,e_1) | product(e_2,e_3,e_1) <- (~2) [resolution 62,21]
188. product(e_3,X0,e_2) | equalish(X0,e_3) | ~group_element(e_3) | ~group_element(e_3) | ~group_element(X0) | product(e_3,X0,e_1) | product(e_3,e_3,e_1) <- (~2) [resolution 62,54]
195. product(e_3,X0,e_2) | equalish(X0,e_3) | ~group_element(e_3) | ~group_element(X0) | product(e_3,X0,e_1) | product(e_3,e_3,e_1) <- (~2) [duplicate literal removal 188]
196. product(e_2,e_3,e_2) | ~group_element(e_2) | ~group_element(e_3) | product(e_2,e_3,e_1) <- (~2) [duplicate literal removal 186]
198. product(e_3,X0,e_2) | equalish(X0,e_3) | ~group_element(X0) | product(e_3,X0,e_1) | product(e_3,e_3,e_1) <- (~2) [forward subsumption resolution 195,3]
199. product(e_2,e_3,e_2) | ~group_element(e_3) | product(e_2,e_3,e_1) <- (~2) [forward subsumption resolution 196,2]
205. 13 <=> ! [X0] : (product(e_3,X0,e_2) | product(e_3,X0,e_1) | ~group_element(X0) | equalish(X0,e_3)) [avatar definition]
206. product(e_3,X0,e_2) | product(e_3,X0,e_1) | ~group_element(X0) | equalish(X0,e_3) <- (13) [avatar component clause 205]
207. 1 | 13 | 2 [avatar split clause 198,61,205,57]
208. product(e_2,e_3,e_2) | product(e_2,e_3,e_1) <- (~2) [forward subsumption resolution 199,3]
209. 9 | 10 | 2 [avatar split clause 208,61,159,155]
214. ~product(e_3,e_3,X0) | equalish(X0,e_2) <- (2) [resolution 63,11]
234. ~product(X0,X1,e_2) | ~group_element(X0) | product(X0,e_3,e_1) | product(e_3,e_3,X0) | equalish(X1,e_3) [resolution 46,12]
285. product(e_3,e_1,e_1) | product(e_3,e_1,e_2) | ~group_element(e_3) | ~group_element(e_1) | product(e_3,e_2,e_3) <- (6) [resolution 86,18]
290. product(e_3,e_1,e_1) | product(e_3,e_1,e_2) | ~group_element(e_1) | product(e_3,e_2,e_3) <- (6) [forward subsumption resolution 285,3]
291. product(e_3,e_1,e_1) | product(e_3,e_1,e_2) | product(e_3,e_2,e_3) <- (6) [forward subsumption resolution 290,1]
293. 15 <=> product(e_3,e_2,e_3) [avatar definition]
294. ~product(e_3,e_2,e_3) <- (~15) [avatar component clause 293]
295. product(e_3,e_2,e_3) <- (15) [avatar component clause 293]
297. 16 <=> product(e_3,e_1,e_2) [avatar definition]
299. product(e_3,e_1,e_2) <- (16) [avatar component clause 297]
301. 17 <=> product(e_3,e_1,e_1) [avatar definition]
303. product(e_3,e_1,e_1) <- (17) [avatar component clause 301]
304. 15 | 16 | 17 | ~6 [avatar split clause 291,84,301,297,293]
370. ~product(e_3,e_2,X0) | equalish(X0,e_1) <- (6) [resolution 86,11]
851. 32 <=> product(e_2,e_2,e_2) [avatar definition]
852. ~product(e_2,e_2,e_2) <- (~32) [avatar component clause 851]
853. product(e_2,e_2,e_2) <- (32) [avatar component clause 851]
855. 33 <=> product(e_2,e_2,e_1) [avatar definition]
856. ~product(e_2,e_2,e_1) <- (~33) [avatar component clause 855]
857. product(e_2,e_2,e_1) <- (33) [avatar component clause 855]
864. ~product(e_2,X0,e_1) | equalish(X0,e_3) <- (9) [resolution 157,12]
868. product(e_2,e_1,e_1) | product(e_2,e_1,e_2) | ~group_element(e_2) | ~group_element(e_1) | product(e_3,e_3,e_2) <- (9) [resolution 157,18]
981. equalish(e_3,e_2) <- (2, 4) [resolution 214,78]
1005. $false <- (2, 4) [forward subsumption resolution 981,9]
1006. ~2 | ~4 [avatar contradiction clause 1005]
1010. product(e_2,e_1,e_1) | product(e_2,e_1,e_2) | ~group_element(e_1) | product(e_3,e_3,e_2) <- (9) [forward subsumption resolution 868,2]
1012. product(e_2,e_1,e_1) | product(e_2,e_1,e_2) | product(e_3,e_3,e_2) <- (9) [forward subsumption resolution 1010,1]
1013. product(e_2,e_1,e_1) | product(e_2,e_1,e_2) <- (~2, 9) [forward subsumption resolution 1012,62]
1015. 35 <=> product(e_2,e_1,e_2) [avatar definition]
1017. product(e_2,e_1,e_2) <- (35) [avatar component clause 1015]
1019. 36 <=> product(e_2,e_1,e_1) [avatar definition]
1021. product(e_2,e_1,e_1) <- (36) [avatar component clause 1019]
1022. 35 | 36 | 2 | ~9 [avatar split clause 1013,155,61,1019,1015]
1031. ~product(e_3,e_3,X0) | equalish(X0,e_1) <- (1) [resolution 59,11]
1036. product(e_3,e_1,e_1) | product(e_3,e_1,e_2) | ~group_element(e_3) | ~group_element(e_1) | product(e_3,e_3,e_3) <- (1) [resolution 59,18]
1044. product(e_3,e_1,e_1) | product(e_3,e_1,e_2) | ~group_element(e_1) | product(e_3,e_3,e_3) <- (1) [forward subsumption resolution 1036,3]
1047. product(e_3,e_1,e_1) | product(e_3,e_1,e_2) | product(e_3,e_3,e_3) <- (1) [forward subsumption resolution 1044,1]
1048. product(e_3,e_1,e_1) | product(e_3,e_1,e_2) <- (1, ~4) [forward subsumption resolution 1047,77]
1049. 16 | 17 | ~1 | 4 [avatar split clause 1048,76,57,301,297]
1142. 40 <=> product(e_2,e_2,e_3) [avatar definition]
1144. product(e_2,e_2,e_3) <- (40) [avatar component clause 1142]
1265. ~product(e_2,X0,e_1) | product(e_2,X0,e_2) <- (35) [resolution 1017,14]
1267. product(e_2,e_2,e_1) | product(e_2,e_2,e_2) | ~group_element(e_2) | ~group_element(e_2) | product(e_3,e_1,e_2) <- (35) [resolution 1017,18]
1276. product(e_2,e_2,e_1) | product(e_2,e_2,e_2) | ~group_element(e_2) | product(e_3,e_1,e_2) <- (35) [duplicate literal removal 1267]
1277. product(e_2,e_2,e_1) | product(e_2,e_2,e_2) | product(e_3,e_1,e_2) <- (35) [forward subsumption resolution 1276,2]
1280. product(e_2,e_2,e_2) | product(e_3,e_1,e_2) <- (35) [forward subsumption resolution 1277,1265]
1282. 16 | 32 | ~35 [avatar split clause 1280,1015,851,297]
1592. equalish(e_3,e_1) <- (1, 4) [resolution 1031,78]
1614. $false <- (1, 4) [forward subsumption resolution 1592,8]
1615. ~1 | ~4 [avatar contradiction clause 1614]
1861. ~group_element(e_3) | product(e_3,e_3,e_1) | product(e_3,e_3,e_2) | ~group_element(e_3) <- (~4) [resolution 77,10]
1862. ~group_element(e_3) | product(e_3,e_3,e_1) | product(e_3,e_3,e_2) <- (~4) [duplicate literal removal 1861]
2234. ~product(e_2,e_2,X0) | equalish(X0,e_3) <- (40) [resolution 1144,11]
2696. equalish(e_3,e_1) <- (6, 15) [resolution 370,295]
2729. $false <- (6, 15) [forward subsumption resolution 2696,8]
2730. ~6 | ~15 [avatar contradiction clause 2729]
2783. product(e_3,e_3,e_1) | product(e_3,e_3,e_2) <- (~4) [forward subsumption resolution 1862,3]
2803. product(e_3,e_3,e_2) <- (~1, ~4) [forward subsumption resolution 2783,58]
2860. ~product(e_3,X0,e_2) | equalish(X0,e_3) <- (2) [resolution 63,12]
2889. ~product(X0,e_2,e_2) | equalish(X0,e_3) <- (5) [resolution 82,13]
2895. product(e_3,e_3,e_2) | ~group_element(e_3) | ~group_element(e_2) | product(e_3,e_2,e_1) | product(e_3,e_3,e_1) | product(e_3,e_2,e_3) | product(e_2,e_2,e_3) <- (5) [resolution 82,39]
3213. equalish(e_2,e_3) <- (2, 5) [resolution 2860,82]
3238. $false <- (2, 5) [forward subsumption resolution 3213,7]
3239. ~2 | ~5 [avatar contradiction clause 3238]
3314. product(X0,e_3,e_2) | product(e_2,e_2,e_2) | product(e_2,e_3,e_1) | equalish(e_2,X0) | product(X0,e_3,e_1) | ~group_element(e_2) | product(e_2,e_2,e_1) | ~group_element(X0) | ~group_element(e_3) <- (~2) [resolution 62,145]
3349. ~product(e_3,X0,e_3) | equalish(X0,e_3) <- (4) [resolution 78,12]
3869. equalish(e_2,e_3) <- (5, 32) [resolution 2889,853]
3888. $false <- (5, 32) [forward subsumption resolution 3869,7]
3889. ~5 | ~32 [avatar contradiction clause 3888]
4739. equalish(e_1,e_3) <- (9, 36) [resolution 864,1021]
4743. $false <- (9, 36) [forward subsumption resolution 4739,5]
4744. ~9 | ~36 [avatar contradiction clause 4743]
4902. product(e_2,e_2,e_1) | product(e_2,e_2,e_2) | ~group_element(e_2) | ~group_element(e_2) | product(e_3,e_3,e_2) <- (10) [resolution 161,18]
4921. product(e_2,e_2,e_1) | product(e_2,e_2,e_2) | ~group_element(e_2) | product(e_3,e_3,e_2) <- (10) [duplicate literal removal 4902]
4992. equalish(e_1,e_3) <- (33, 40) [resolution 2234,857]
5012. $false <- (33, 40) [forward subsumption resolution 4992,5]
5013. ~33 | ~40 [avatar contradiction clause 5012]
5018. ~group_element(e_3) | ~group_element(e_2) | product(e_3,e_2,e_1) | product(e_3,e_3,e_1) | product(e_3,e_2,e_3) | product(e_2,e_2,e_3) <- (~2, 5) [forward subsumption resolution 2895,62]
5022. ~group_element(e_2) | product(e_3,e_2,e_1) | product(e_3,e_3,e_1) | product(e_3,e_2,e_3) | product(e_2,e_2,e_3) <- (~2, 5) [forward subsumption resolution 5018,3]
5023. product(e_3,e_2,e_1) | product(e_3,e_3,e_1) | product(e_3,e_2,e_3) | product(e_2,e_2,e_3) <- (~2, 5) [forward subsumption resolution 5022,2]
5024. product(e_3,e_3,e_1) | product(e_3,e_2,e_3) | product(e_2,e_2,e_3) <- (~2, 5, ~6) [forward subsumption resolution 5023,85]
5025. product(e_3,e_2,e_3) | product(e_2,e_2,e_3) <- (~1, ~2, 5, ~6) [forward subsumption resolution 5024,58]
5026. product(e_2,e_2,e_3) <- (~1, ~2, 5, ~6, ~15) [forward subsumption resolution 5025,294]
5058. product(X0,e_3,e_2) | product(e_2,e_3,e_1) | equalish(e_2,X0) | product(X0,e_3,e_1) | ~group_element(e_2) | product(e_2,e_2,e_1) | ~group_element(X0) | ~group_element(e_3) <- (~2, ~32) [forward subsumption resolution 3314,852]
5062. product(e_2,e_2,e_2) | ~group_element(e_2) | product(e_3,e_3,e_2) <- (10, ~33) [forward subsumption resolution 4921,856]
5090. product(X0,e_3,e_2) | equalish(e_2,X0) | product(X0,e_3,e_1) | ~group_element(e_2) | product(e_2,e_2,e_1) | ~group_element(X0) | ~group_element(e_3) <- (~2, ~9, ~32) [forward subsumption resolution 5058,156]
5091. ~group_element(e_2) | product(e_3,e_3,e_2) <- (10, ~32, ~33) [forward subsumption resolution 5062,852]
5116. product(X0,e_3,e_2) | equalish(e_2,X0) | product(X0,e_3,e_1) | product(e_2,e_2,e_1) | ~group_element(X0) | ~group_element(e_3) <- (~2, ~9, ~32) [forward subsumption resolution 5090,2]
5117. product(e_3,e_3,e_2) <- (10, ~32, ~33) [forward subsumption resolution 5091,2]
5138. product(X0,e_3,e_2) | equalish(e_2,X0) | product(X0,e_3,e_1) | ~group_element(X0) | ~group_element(e_3) <- (~2, ~9, ~32, ~33) [forward subsumption resolution 5116,856]
5139. $false <- (~2, 10, ~32, ~33) [forward subsumption resolution 5117,62]
5140. 2 | ~10 | 32 | 33 [avatar contradiction clause 5139]
5161. product(X0,e_3,e_2) | equalish(e_2,X0) | product(X0,e_3,e_1) | ~group_element(X0) <- (~2, ~9, ~32, ~33) [forward subsumption resolution 5138,3]
5193. 101 <=> ! [X0] : (product(X0,e_3,e_2) | ~group_element(X0) | product(X0,e_3,e_1) | equalish(e_2,X0)) [avatar definition]
5194. product(X0,e_3,e_2) | ~group_element(X0) | product(X0,e_3,e_1) | equalish(e_2,X0) <- (101) [avatar component clause 5193]
5201. 101 | 2 | 9 | 32 | 33 [avatar split clause 5161,855,851,155,61,5193]
5325. product(e_3,e_2,e_1) | ~group_element(e_2) | equalish(e_2,e_3) <- (~5, 13) [resolution 81,206]
5357. equalish(e_2,e_3) <- (4, 15) [resolution 295,3349]
5392. $false <- (4, 15) [forward subsumption resolution 5357,7]
5393. ~4 | ~15 [avatar contradiction clause 5392]
5398. 40 | 1 | 2 | ~5 | 6 | 15 [avatar split clause 5026,293,84,80,61,57,1142]
5437. ~product(e_3,X0,e_2) | equalish(X0,e_2) <- (5) [resolution 82,12]
5756. ~product(e_3,e_1,X0) | equalish(X0,e_2) <- (16) [resolution 299,11]
5761. product(e_3,e_2,e_1) | product(e_3,e_2,e_2) | ~group_element(e_3) | ~group_element(e_2) | product(e_3,e_1,e_3) <- (16) [resolution 299,18]
6329. equalish(e_1,e_2) <- (5, 16) [resolution 5437,299]
6353. $false <- (5, 16) [forward subsumption resolution 6329,4]
6354. ~5 | ~16 [avatar contradiction clause 6353]
6371. ~group_element(e_2) | equalish(e_2,e_3) <- (~5, ~6, 13) [forward subsumption resolution 5325,85]
6430. product(e_3,e_2,e_2) | ~group_element(e_3) | ~group_element(e_2) | product(e_3,e_1,e_3) <- (~6, 16) [forward subsumption resolution 5761,85]
6443. equalish(e_2,e_3) <- (~5, ~6, 13) [forward subsumption resolution 6371,2]
6477. ~group_element(e_3) | ~group_element(e_2) | product(e_3,e_1,e_3) <- (~5, ~6, 16) [forward subsumption resolution 6430,81]
6484. $false <- (~5, ~6, 13) [forward subsumption resolution 6443,7]
6485. 5 | 6 | ~13 [avatar contradiction clause 6484]
6497. ~group_element(e_2) | product(e_3,e_1,e_3) <- (~5, ~6, 16) [forward subsumption resolution 6477,3]
6506. product(e_3,e_1,e_3) <- (~5, ~6, 16) [forward subsumption resolution 6497,2]
6517. ~product(e_3,X0,e_1) | equalish(X0,e_3) <- (1) [resolution 59,12]
6518. ~product(X0,e_3,e_1) | equalish(X0,e_3) <- (1) [resolution 59,13]
6717. ~group_element(e_2) | product(e_2,e_3,e_1) | product(e_3,e_3,e_2) | equalish(e_2,e_3) <- (32) [resolution 853,234]
6817. equalish(e_2,e_3) <- (1, 9) [resolution 6518,157]
6830. $false <- (1, 9) [forward subsumption resolution 6817,7]
6831. ~1 | ~9 [avatar contradiction clause 6830]
6946. product(e_2,e_3,e_1) | product(e_3,e_3,e_2) | equalish(e_2,e_3) <- (32) [forward subsumption resolution 6717,2]
6995. product(e_3,e_3,e_2) | equalish(e_2,e_3) <- (1, 32) [forward subsumption resolution 6946,6518]
6999. equalish(e_2,e_3) <- (1, ~2, 32) [forward subsumption resolution 6995,62]
7004. $false <- (1, ~2, 32) [forward subsumption resolution 6999,7]
7005. ~1 | 2 | ~32 [avatar contradiction clause 7004]
9271. equalish(e_3,e_2) <- (~5, ~6, 16) [resolution 5756,6506]
9306. $false <- (~5, ~6, 16) [forward subsumption resolution 9271,9]
9307. 5 | 6 | ~16 [avatar contradiction clause 9306]
9730. equalish(e_1,e_3) <- (1, 17) [resolution 303,6517]
9755. $false <- (1, 17) [forward subsumption resolution 9730,5]
9756. ~1 | ~17 [avatar contradiction clause 9755]
9757. 2 | 1 | 4 [avatar split clause 2803,76,57,61]
10185. ~product(e_3,X0,e_2) | equalish(X0,e_3) <- (2) [resolution 63,12]
10218. ~product(e_3,X0,e_1) | equalish(X0,e_2) <- (6) [resolution 86,12]
10219. ~product(X0,e_2,e_1) | equalish(X0,e_3) <- (6) [resolution 86,13]
10626. equalish(e_1,e_2) <- (6, 17) [resolution 10218,303]
10632. $false <- (6, 17) [forward subsumption resolution 10626,4]
10633. ~6 | ~17 [avatar contradiction clause 10632]
10716. equalish(e_1,e_3) <- (2, 16) [resolution 299,10185]
10735. ~product(X0,e_1,e_2) | equalish(X0,e_3) <- (16) [resolution 299,13]
10761. $false <- (2, 16) [forward subsumption resolution 10716,5]
10762. ~2 | ~16 [avatar contradiction clause 10761]
10882. ~group_element(e_3) | product(e_3,e_3,e_1) | equalish(e_2,e_3) <- (~2, 101) [resolution 62,5194]
10909. product(e_3,e_3,e_1) | equalish(e_2,e_3) <- (~2, 101) [forward subsumption resolution 10882,3]
10910. equalish(e_2,e_3) <- (~1, ~2, 101) [forward subsumption resolution 10909,58]
10911. $false <- (~1, ~2, 101) [forward subsumption resolution 10910,7]
10912. 1 | 2 | ~101 [avatar contradiction clause 10911]
11529. equalish(e_2,e_3) <- (6, 33) [resolution 10219,857]
11549. $false <- (6, 33) [forward subsumption resolution 11529,7]
11550. ~6 | ~33 [avatar contradiction clause 11549]
11911. ~group_element(e_2) | product(e_2,e_3,e_1) | product(e_3,e_3,e_2) | equalish(e_2,e_3) <- (32) [resolution 853,234]
11946. product(e_2,e_3,e_1) | product(e_3,e_3,e_2) | equalish(e_2,e_3) <- (32) [forward subsumption resolution 11911,2]
11957. product(e_3,e_3,e_2) | equalish(e_2,e_3) <- (~9, 32) [forward subsumption resolution 11946,156]
11959. equalish(e_2,e_3) <- (~2, ~9, 32) [forward subsumption resolution 11957,62]
11961. $false <- (~2, ~9, 32) [forward subsumption resolution 11959,7]
11962. 2 | 9 | ~32 [avatar contradiction clause 11961]
14058. equalish(e_2,e_3) <- (16, 35) [resolution 10735,1017]
14080. $false <- (16, 35) [forward subsumption resolution 14058,7]
14081. ~16 | ~35 [avatar contradiction clause 14080]
s2. ~2 | 4 | 5 | 6 [sat_conversion 87]
s6. 1 | 2 | 13 [sat_conversion 207]
s7. 2 | 9 | 10 [sat_conversion 209]
s9. ~6 | 15 | 16 | 17 [sat_conversion 304]
s23. ~4 | ~2 [sat_conversion 1006]
s24. ~9 | 2 | 35 | 36 [sat_conversion 1022]
s25. ~1 | 4 | 16 | 17 [sat_conversion 1049]
s35. ~35 | 16 | 32 [sat_conversion 1282]
s44. ~4 | ~1 [sat_conversion 1615]
s50. ~15 | ~6 [sat_conversion 2730]
s62. ~5 | ~2 [sat_conversion 3239]
s68. ~32 | ~5 [sat_conversion 3889]
s103. ~36 | ~9 [sat_conversion 4744]
s104. ~40 | ~33 [sat_conversion 5013]
s107. ~10 | 2 | 32 | 33 [sat_conversion 5140]
s120. 2 | 9 | 32 | 33 | 101 [sat_conversion 5201]
s131. ~15 | ~4 [sat_conversion 5393]
s133. ~5 | 1 | 2 | 6 | 15 | 40 [sat_conversion 5398]
s135. ~16 | ~5 [sat_conversion 6354]
s137. ~13 | 5 | 6 [sat_conversion 6485]
s148. ~9 | ~1 [sat_conversion 6831]
s151. ~32 | ~1 | 2 [sat_conversion 7005]
s168. ~16 | 5 | 6 [sat_conversion 9307]
s169. ~17 | ~1 [sat_conversion 9756]
s170. 1 | 2 | 4 [sat_conversion 9757]
s207. ~17 | ~6 [sat_conversion 10633]
s208. ~16 | ~2 [sat_conversion 10762]
s213. ~101 | 1 | 2 [sat_conversion 10912]
s216. ~33 | ~6 [sat_conversion 11550]
s226. ~32 | 2 | 9 [sat_conversion 11962]
s234. ~35 | ~16 [sat_conversion 14081]
s236. 9 | 33 | 101 | 2 [rat s226,s120]
s237. ~6 | 15 | 101 | 2 [rat s24,s103,s236,s234,s9,s207,s216]
s238. 2 | 1 [rat s24,s103,s236,s104,s35,s133,s68,s135,s137,s237,s131,s213,s6,s170]
s239. ~2 [rat s9,s50,s207,s2,s23,s62,s208]
s240. 1 [rat s238,s239]
s241. ~17 [rat s169,s240]
s243. ~9 [rat s148,s240]
s244. ~4 [rat s44,s240]
s245. ~32 [rat s151,s239,s240]
s246. 10 [rat s7,s239,s243]
s248. 16 [rat s25,s241,s240,s244]
s249. 33 [rat s107,s239,s245,s246]
s250. ~5 [rat s135,s248]
s251. ~6 [rat s216,s249]
s258. # [rat s168,s248,s251,s250]
14096. $false [avatar sat refutation s258]
% SZS output end Proof for GRP130-1.003
% ------------------------------
% Version: Vampire 5.0.0 (Release build, commit 2e2c9b7b8 on 2026-01-17 12:24:14 +0100)
% Linked with Z3 4.14.0.0 3c47fd96cf5645d0c42b2c819d9e9a84380aa721 z3-4.8.4-9178-g3c47fd96c
% CaDiCaL version: 2.1.3
% Termination reason: Refutation
% Time elapsed: 0.928 s
% Peak memory usage: 55 MB
% Instructions burned: 3644 (million)
% ------------------------------
% ------------------------------
