% Running in auto input_syntax mode. Trying TPTP
% Refutation found. Thanks to Tanya!
% SZS status Unsatisfiable for GRP559-1
% SZS output start Proof for GRP559-1
1. divide(X0,inverse(divide(divide(X1,X2),divide(X0,X2)))) = X1 [input(axiom)]
2. multiply(X0,X1) = divide(X0,inverse(X1)) [input(axiom)]
3. multiply(multiply(a3,b3),c3) != multiply(a3,multiply(b3,c3)) [input(negated conjecture)]
4. divide(divide(a3,inverse(b3)),inverse(c3)) != divide(a3,inverse(divide(b3,inverse(c3)))) [definition unfolding 3,2,2,2,2]
5. divide(X1,inverse(divide(X0,divide(X1,inverse(divide(divide(X0,X3),divide(X2,X3))))))) = X2 [superposition 1,1]
6. divide(X1,inverse(divide(divide(X2,inverse(divide(divide(X0,X3),divide(X1,X3)))),X0))) = X2 [superposition 1,1]
11. divide(X1,inverse(divide(X0,X0))) = X1 [superposition 5,1]
12. divide(X1,inverse(divide(divide(X2,inverse(divide(X3,divide(X1,inverse(divide(divide(X3,X4),divide(X0,X4))))))),X0))) = X2 [superposition 1,5]
13. divide(X1,inverse(divide(X0,divide(X1,inverse(divide(X3,divide(X2,inverse(divide(divide(X3,X4),divide(X0,X4)))))))))) = X2 [superposition 1,5]
15. divide(X1,inverse(divide(divide(X2,inverse(divide(X0,divide(X1,inverse(divide(X4,divide(X3,inverse(divide(divide(X4,X5),divide(X0,X5)))))))))),X3))) = X2 [superposition 6,5]
23. divide(X1,inverse(divide(divide(X2,inverse(divide(divide(X0,inverse(divide(divide(X3,X4),divide(X1,X4)))),X3))),X0))) = X2 [superposition 1,6]
27. divide(X0,inverse(divide(X1,X0))) = X1 [superposition 5,11]
65. divide(inverse(divide(X0,X1)),inverse(X0)) = X1 [superposition 27,27]
104. divide(X1,inverse(divide(divide(X0,X2),divide(X3,X2)))) = divide(X1,inverse(divide(X0,X3))) [superposition 12,27]
220. inverse(divide(X2,divide(X1,inverse(divide(divide(X2,X3),divide(X0,X3)))))) = divide(inverse(X0),inverse(X1)) [superposition 65,5]
222. inverse(divide(X2,divide(X1,inverse(divide(X3,divide(X0,inverse(divide(divide(X3,X4),divide(X2,X4))))))))) = divide(inverse(X0),inverse(X1)) [superposition 65,13]
227. inverse(divide(divide(X1,X1),X0)) = X0 [superposition 11,65]
229. inverse(divide(divide(divide(X3,X4),divide(X2,X4)),X0)) = divide(X1,inverse(divide(X2,divide(X1,inverse(divide(X3,X0)))))) [superposition 13,65]
232. divide(X1,inverse(divide(X0,X2))) = inverse(divide(divide(divide(X2,X3),divide(X1,X3)),X0)) [superposition 6,65]
237. inverse(divide(X2,X0)) = divide(X1,inverse(divide(X0,divide(X1,inverse(X2))))) [superposition 1,65]
249. inverse(divide(X1,X0)) = divide(inverse(X1),inverse(X0)) [superposition 27,65]
257. inverse(divide(divide(divide(X3,X4),divide(X2,X4)),X0)) = inverse(divide(divide(X3,X0),X2)) [forward demodulation 229,237]
261. inverse(divide(X0,X1)) = inverse(divide(X2,divide(X1,inverse(divide(X3,divide(X0,inverse(divide(divide(X3,X4),divide(X2,X4))))))))) [forward demodulation 222,249]
263. inverse(divide(X2,divide(X1,inverse(divide(divide(X2,X3),divide(X0,X3)))))) = inverse(divide(X0,X1)) [forward demodulation 220,249]
270. divide(X2,inverse(divide(X0,X3))) = inverse(divide(divide(X3,X0),X2)) [forward demodulation 257,232]
272. inverse(divide(X0,X1)) = inverse(divide(X2,divide(X1,inverse(divide(X3,divide(X0,inverse(divide(X3,X2)))))))) [forward demodulation 261,104]
274. inverse(divide(X0,X1)) = inverse(divide(X2,divide(X1,inverse(divide(X2,X0))))) [forward demodulation 263,104]
315. divide(X1,inverse(divide(X0,X2))) = inverse(divide(divide(divide(X2,inverse(divide(divide(X3,X4),divide(X1,X4)))),X3),X0)) [superposition 23,65]
349. divide(X1,inverse(divide(X0,X2))) = divide(X0,inverse(divide(X3,divide(X2,inverse(divide(divide(X3,X4),divide(X1,X4))))))) [forward demodulation 315,270]
389. divide(X1,inverse(divide(X0,X2))) = divide(X0,inverse(divide(X3,divide(X2,inverse(divide(X3,X1)))))) [forward demodulation 349,104]
423. divide(X0,inverse(divide(X1,X2))) = divide(X1,inverse(divide(X0,X2))) [forward demodulation 389,274]
581. divide(X1,divide(X0,X0)) = X1 [superposition 11,227]
587. divide(X0,X0) = divide(X1,X1) [superposition 27,227]
589. divide(X0,divide(X0,X1)) = X1 [superposition 1,227]
601. divide(inverse(divide(divide(divide(X1,X1),X0),X2)),X0) = X2 [superposition 65,227]
602. divide(divide(X2,inverse(divide(X0,divide(X1,X1)))),X0) = X2 [forward demodulation 601,270]
625. divide(divide(X2,inverse(X0)),X0) = X2 [forward demodulation 602,581]
1960. divide(X1,inverse(divide(divide(X0,X0),X4))) = inverse(divide(X2,divide(X1,inverse(divide(X3,divide(X4,inverse(divide(divide(X3,X5),divide(X2,X5))))))))) [superposition 15,587]
2014. divide(X1,inverse(divide(divide(X0,X0),X4))) = inverse(divide(X2,divide(X1,inverse(divide(X3,divide(X4,inverse(divide(X3,X2)))))))) [forward demodulation 1960,104]
2091. inverse(divide(X4,X1)) = divide(X1,inverse(divide(divide(X0,X0),X4))) [forward demodulation 2014,272]
2159. divide(X1,X4) = inverse(divide(X4,X1)) [forward demodulation 2091,227]
2531. inverse(X1) = divide(inverse(divide(X1,X0)),X0) [superposition 589,65]
2620. inverse(X1) = divide(divide(X0,X1),X0) [forward demodulation 2531,2159]
3768. divide(X0,inverse(X1)) = divide(X1,inverse(X0)) [superposition 27,625]
13346. divide(inverse(X0),X1) = divide(inverse(X1),X0) [superposition 625,2620]
27740. divide(a3,inverse(divide(b3,inverse(c3)))) != divide(c3,inverse(divide(a3,inverse(b3)))) [superposition 4,3768]
27951. divide(a3,inverse(divide(b3,inverse(c3)))) != divide(a3,inverse(divide(c3,inverse(b3)))) [forward demodulation 27740,423]
28259. divide(a3,inverse(divide(b3,inverse(c3)))) != divide(a3,divide(inverse(b3),c3)) [forward demodulation 27951,2159]
28521. divide(a3,divide(inverse(b3),c3)) != divide(a3,divide(inverse(c3),b3)) [forward demodulation 28259,2159]
28745. divide(a3,divide(inverse(b3),c3)) != divide(a3,divide(inverse(b3),c3)) [forward demodulation 28521,13346]
28746. $false [trivial inequality removal 28745]
% SZS output end Proof for GRP559-1
% ------------------------------
% Version: Vampire 5.0.0 (Release build, commit 2e2c9b7b8 on 2026-01-17 12:24:14 +0100)
% Linked with Z3 4.14.0.0 3c47fd96cf5645d0c42b2c819d9e9a84380aa721 z3-4.8.4-9178-g3c47fd96c
% CaDiCaL version: 2.1.3
% Termination reason: Refutation
% Time elapsed: 0.260 s
% Peak memory usage: 62 MB
% Instructions burned: 1035 (million)
% ------------------------------
% ------------------------------
