% Running in auto input_syntax mode. Trying TPTP
% Refutation found. Thanks to Tanya!
% SZS status Unsatisfiable for GRP560-1_clausified
% SZS output start Proof for GRP560-1_clausified
1. divide(X0,inverse(divide(divide(X1,X2),divide(X0,X2)))) = X1 [input(axiom)]
2. divide(a,inverse(b)) != divide(b,inverse(a)) [input(negated conjecture)]
3. divide(X1,inverse(divide(X0,divide(X1,inverse(divide(divide(X0,X3),divide(X2,X3))))))) = X2 [superposition 1,1]
4. divide(X1,inverse(divide(divide(X2,inverse(divide(divide(X0,X3),divide(X1,X3)))),X0))) = X2 [superposition 1,1]
9. divide(X1,inverse(divide(X0,X0))) = X1 [superposition 3,1]
11. divide(X1,inverse(divide(X0,divide(X1,inverse(divide(X3,divide(X2,inverse(divide(divide(X3,X4),divide(X0,X4)))))))))) = X2 [superposition 1,3]
25. divide(X0,inverse(divide(X1,X0))) = X1 [superposition 3,9]
63. divide(inverse(divide(X0,X1)),inverse(X0)) = X1 [superposition 25,25]
225. inverse(divide(divide(X1,X1),X0)) = X0 [superposition 9,63]
227. inverse(divide(divide(divide(X3,X4),divide(X2,X4)),X0)) = divide(X1,inverse(divide(X2,divide(X1,inverse(divide(X3,X0)))))) [superposition 11,63]
230. divide(X1,inverse(divide(X0,X2))) = inverse(divide(divide(divide(X2,X3),divide(X1,X3)),X0)) [superposition 4,63]
235. inverse(divide(X2,X0)) = divide(X1,inverse(divide(X0,divide(X1,inverse(X2))))) [superposition 1,63]
255. inverse(divide(divide(divide(X3,X4),divide(X2,X4)),X0)) = inverse(divide(divide(X3,X0),X2)) [forward demodulation 227,235]
268. divide(X2,inverse(divide(X0,X3))) = inverse(divide(divide(X3,X0),X2)) [forward demodulation 255,230]
579. divide(X1,divide(X0,X0)) = X1 [superposition 9,225]
599. divide(inverse(divide(divide(divide(X1,X1),X0),X2)),X0) = X2 [superposition 63,225]
600. divide(divide(X2,inverse(divide(X0,divide(X1,X1)))),X0) = X2 [forward demodulation 599,268]
623. divide(divide(X2,inverse(X0)),X0) = X2 [forward demodulation 600,579]
3766. divide(X0,inverse(X1)) = divide(X1,inverse(X0)) [superposition 25,623]
27846. divide(a,inverse(b)) != divide(a,inverse(b)) [superposition 2,3766]
27847. $false [trivial inequality removal 27846]
% SZS output end Proof for GRP560-1_clausified
% ------------------------------
% Version: Vampire 5.0.0 (Release build, commit 2e2c9b7b8 on 2026-01-17 12:24:14 +0100)
% Linked with Z3 4.14.0.0 3c47fd96cf5645d0c42b2c819d9e9a84380aa721 z3-4.8.4-9178-g3c47fd96c
% CaDiCaL version: 2.1.3
% Termination reason: Refutation
% Time elapsed: 0.252 s
% Peak memory usage: 62 MB
% Instructions burned: 1012 (million)
% ------------------------------
% ------------------------------
