% Running in auto input_syntax mode. Trying TPTP
% Refutation found. Thanks to Tanya!
% SZS status Unsatisfiable for GRP441-1_clausified
% SZS output start Proof for GRP441-1_clausified
1. inverse(multiply(X0,multiply(X1,multiply(multiply(inverse(X1),X2),inverse(multiply(X3,multiply(X0,X2))))))) = X3 [input(axiom)]
2. multiply(multiply(a3,b3),c3) != multiply(a3,multiply(b3,c3)) [input(negated conjecture)]
3. inverse(multiply(X1,multiply(multiply(X2,multiply(X3,multiply(multiply(inverse(X3),X4),inverse(multiply(X0,multiply(X2,X4)))))),multiply(multiply(X0,X5),inverse(multiply(X6,multiply(X1,X5))))))) = X6 [superposition 1,1]
4. inverse(multiply(X1,multiply(X2,multiply(multiply(inverse(X2),multiply(multiply(inverse(X1),X3),inverse(multiply(X0,multiply(X4,X3))))),X0)))) = X4 [superposition 1,1]
5. inverse(multiply(X1,multiply(multiply(X2,multiply(X3,multiply(multiply(inverse(X3),X4),inverse(multiply(X0,multiply(X2,X4)))))),multiply(multiply(X0,multiply(multiply(inverse(X1),X5),inverse(multiply(X6,multiply(X7,X5))))),X6)))) = X7 [superposition 4,1]
6. inverse(multiply(X1,multiply(multiply(X2,multiply(X3,multiply(multiply(inverse(X3),multiply(multiply(inverse(X2),X4),inverse(multiply(X5,multiply(X0,X4))))),X5))),multiply(multiply(X0,multiply(multiply(inverse(X1),X6),inverse(multiply(X7,multiply(X8,X6))))),X7)))) = X8 [superposition 4,4]
7. inverse(multiply(multiply(X1,multiply(X2,multiply(multiply(inverse(X2),X3),inverse(multiply(X0,multiply(X1,X3)))))),multiply(X4,multiply(multiply(inverse(X4),multiply(multiply(X0,X5),inverse(multiply(X6,multiply(X7,X5))))),X6)))) = X7 [superposition 4,1]
9. inverse(multiply(X1,multiply(X2,multiply(multiply(inverse(X2),multiply(multiply(inverse(X1),multiply(multiply(inverse(X3),X4),inverse(multiply(X0,multiply(X5,X4))))),X0)),X5)))) = X3 [superposition 4,1]
10. inverse(multiply(X1,multiply(X2,multiply(multiply(inverse(X2),multiply(multiply(inverse(X1),multiply(multiply(inverse(X3),multiply(multiply(inverse(X4),X5),inverse(multiply(X6,multiply(X0,X5))))),X6)),X0)),X4)))) = X3 [superposition 4,4]
12. inverse(multiply(X1,multiply(multiply(X2,multiply(X3,multiply(multiply(inverse(X3),multiply(multiply(inverse(X2),X4),inverse(multiply(X5,multiply(X0,X4))))),X5))),multiply(multiply(X0,X6),inverse(multiply(X7,multiply(X1,X6))))))) = X7 [superposition 1,4]
20. inverse(multiply(X1,multiply(multiply(X2,multiply(X3,multiply(multiply(inverse(X3),X4),inverse(multiply(X5,multiply(X2,X4)))))),multiply(multiply(X5,multiply(multiply(inverse(X1),multiply(multiply(inverse(X6),X7),inverse(multiply(X8,multiply(X0,X7))))),X8)),X0)))) = X6 [superposition 3,4]
21. inverse(multiply(multiply(X1,multiply(X2,multiply(multiply(inverse(X2),X3),inverse(multiply(X4,multiply(X1,X3)))))),multiply(multiply(X5,multiply(X6,multiply(multiply(inverse(X6),X7),inverse(multiply(X8,multiply(X5,X7)))))),multiply(multiply(X8,multiply(multiply(X4,X9),inverse(multiply(X0,multiply(X10,X9))))),X0)))) = X10 [superposition 3,3]
22. multiply(X6,multiply(X7,multiply(multiply(inverse(X7),X8),inverse(multiply(X3,multiply(X6,X8)))))) = inverse(multiply(X1,multiply(X2,multiply(multiply(inverse(X2),multiply(multiply(inverse(X1),multiply(multiply(X3,X4),inverse(multiply(X0,multiply(X5,X4))))),X0)),X5)))) [superposition 4,3]
61. multiply(X3,multiply(X4,multiply(multiply(inverse(X4),X5),inverse(multiply(X0,multiply(X3,X5)))))) = inverse(multiply(X1,multiply(X2,multiply(multiply(inverse(X2),multiply(multiply(inverse(X1),multiply(multiply(X0,multiply(multiply(inverse(X6),X7),inverse(multiply(X8,multiply(X9,X7))))),X8)),X9)),X6)))) [superposition 10,1]
64. multiply(X3,multiply(X4,multiply(multiply(inverse(X4),multiply(multiply(inverse(X3),multiply(multiply(inverse(X0),X5),inverse(multiply(X6,multiply(X7,X5))))),X6)),X7))) = inverse(multiply(X1,multiply(X2,multiply(multiply(inverse(X2),multiply(multiply(inverse(X1),multiply(multiply(X0,multiply(multiply(inverse(X8),X9),inverse(multiply(X10,multiply(X11,X9))))),X10)),X11)),X8)))) [superposition 10,9]
117. inverse(multiply(X1,multiply(X2,multiply(multiply(inverse(X2),multiply(multiply(inverse(X1),multiply(multiply(inverse(X3),multiply(multiply(inverse(X4),multiply(multiply(X5,multiply(multiply(inverse(X6),X7),inverse(multiply(X8,multiply(X0,X7))))),X8)),X0)),X6)),multiply(X9,multiply(X10,multiply(multiply(inverse(X10),X11),inverse(multiply(X5,multiply(X9,X11)))))))),X4)))) = X3 [superposition 10,5]
152. inverse(multiply(multiply(X1,multiply(X2,multiply(multiply(inverse(X2),X3),inverse(multiply(X4,multiply(X1,X3)))))),multiply(X5,multiply(multiply(inverse(X5),multiply(multiply(X4,multiply(multiply(inverse(X6),multiply(multiply(inverse(X7),multiply(multiply(inverse(X0),multiply(multiply(inverse(X8),X9),inverse(multiply(X10,multiply(X11,X9))))),X10)),X11)),X8)),X0)),X7)))) = X6 [superposition 7,10]
209. multiply(X10,multiply(X11,multiply(multiply(inverse(X11),X12),inverse(multiply(X7,multiply(X10,X12)))))) = inverse(multiply(X1,multiply(multiply(X2,multiply(X3,multiply(multiply(inverse(X3),multiply(multiply(inverse(X2),X4),inverse(multiply(X5,multiply(X6,X4))))),X5))),multiply(multiply(X6,multiply(multiply(inverse(X1),multiply(multiply(X7,X8),inverse(multiply(X9,multiply(X0,X8))))),X9)),X0)))) [superposition 12,7]
277. inverse(multiply(X1,multiply(multiply(X2,multiply(X3,multiply(multiply(inverse(X3),multiply(multiply(inverse(X2),X4),inverse(multiply(X5,multiply(X6,X4))))),X5))),multiply(multiply(X6,multiply(multiply(inverse(X1),multiply(multiply(X7,X8),inverse(multiply(X0,multiply(X9,X8))))),X0)),X9)))) = multiply(X10,multiply(X11,multiply(multiply(inverse(X11),multiply(multiply(inverse(X10),X12),inverse(multiply(X13,multiply(X7,X12))))),X13))) [superposition 6,12]
743. multiply(multiply(X1,multiply(X2,multiply(multiply(inverse(X2),X3),inverse(multiply(X4,multiply(X1,X3)))))),multiply(X5,multiply(multiply(inverse(X5),multiply(multiply(X4,multiply(multiply(inverse(X6),multiply(multiply(inverse(X0),X7),inverse(multiply(X8,multiply(X9,X7))))),X8)),X9)),X0))) = inverse(multiply(X10,multiply(X11,multiply(multiply(inverse(X11),multiply(multiply(inverse(X10),multiply(multiply(X6,X12),inverse(multiply(X13,multiply(X14,X12))))),X13)),X14)))) [superposition 22,20]
793. multiply(X1,multiply(X2,multiply(multiply(inverse(X2),X3),inverse(multiply(X4,multiply(X1,X3)))))) = inverse(multiply(X5,multiply(X6,multiply(multiply(inverse(X6),multiply(multiply(inverse(X5),multiply(multiply(X4,multiply(multiply(inverse(X7),multiply(multiply(X8,X9),inverse(multiply(X10,multiply(X0,X9))))),X10)),X0)),multiply(X11,multiply(X12,multiply(multiply(inverse(X12),X13),inverse(multiply(X8,multiply(X11,X13)))))))),X7)))) [superposition 22,7]
795. multiply(X1,multiply(X2,multiply(multiply(inverse(X2),X3),inverse(multiply(inverse(X0),multiply(X1,X3)))))) = X0 [superposition 22,9]
796. multiply(X0,multiply(X1,multiply(multiply(inverse(X1),X2),inverse(multiply(X3,multiply(X0,X2)))))) = multiply(X4,multiply(X5,multiply(multiply(inverse(X5),X6),inverse(multiply(X3,multiply(X4,X6)))))) [superposition 22,22]
801. inverse(inverse(multiply(X0,multiply(X1,multiply(multiply(inverse(X1),multiply(multiply(inverse(X0),multiply(multiply(X2,X3),inverse(multiply(X4,multiply(X5,X3))))),X4)),X5))))) = X2 [superposition 1,22]
1093. multiply(X1,multiply(X2,multiply(X0,inverse(multiply(inverse(X5),multiply(X1,multiply(X3,multiply(multiply(inverse(X3),X4),inverse(multiply(inverse(X0),multiply(inverse(X2),X4))))))))))) = X5 [superposition 795,795]
1114. multiply(X1,multiply(X2,multiply(multiply(inverse(X2),multiply(multiply(inverse(X1),multiply(multiply(inverse(inverse(X3)),X4),inverse(multiply(X5,multiply(X0,X4))))),X5)),X0))) = X3 [superposition 795,4]
1996. multiply(multiply(X1,multiply(X2,multiply(multiply(inverse(X2),X3),inverse(multiply(X4,multiply(X1,X3)))))),multiply(X5,multiply(multiply(inverse(X5),multiply(multiply(X4,multiply(multiply(X6,X7),inverse(multiply(X8,multiply(X0,X7))))),X8)),X0))) = inverse(multiply(X12,multiply(X13,multiply(multiply(inverse(X13),multiply(multiply(inverse(X12),multiply(multiply(multiply(X9,multiply(X10,multiply(multiply(inverse(X10),X11),inverse(multiply(X6,multiply(X9,X11)))))),X14),inverse(multiply(X15,multiply(X16,X14))))),X15)),X16)))) [superposition 22,21]
2588. multiply(inverse(X1),multiply(X1,multiply(X0,inverse(multiply(inverse(X2),X0))))) = X2 [superposition 1093,795]
2993. multiply(X3,multiply(X4,multiply(multiply(inverse(X4),multiply(multiply(inverse(X3),X5),inverse(multiply(X6,multiply(X0,X5))))),X6))) = multiply(inverse(X1),multiply(X1,multiply(X2,inverse(multiply(X0,X2))))) [superposition 2588,4]
3013. multiply(inverse(X1),multiply(X1,multiply(multiply(X2,multiply(X3,inverse(multiply(inverse(X0),X3)))),inverse(X0)))) = X2 [superposition 2588,2588]
3014. multiply(inverse(X6),multiply(X6,multiply(multiply(X7,multiply(multiply(inverse(X7),X8),inverse(multiply(X2,multiply(inverse(X9),X8))))),inverse(inverse(multiply(X0,multiply(X1,multiply(multiply(inverse(X1),multiply(multiply(inverse(X0),multiply(multiply(X2,X3),inverse(multiply(X4,multiply(X5,X3))))),X4)),X5)))))))) = X9 [superposition 2588,22]
3036. multiply(X1,multiply(X2,multiply(multiply(inverse(X2),multiply(X3,inverse(multiply(inverse(X0),X3)))),inverse(X0)))) = X1 [superposition 795,2588]
3037. multiply(X1,multiply(X2,multiply(inverse(X2),inverse(multiply(inverse(X3),multiply(X1,multiply(X4,multiply(multiply(inverse(X4),multiply(X5,inverse(multiply(inverse(X0),X5)))),inverse(X0))))))))) = X3 [superposition 1093,2588]
3197. multiply(inverse(X6),multiply(X6,multiply(multiply(X7,multiply(multiply(inverse(X7),X8),inverse(multiply(X2,multiply(inverse(X9),X8))))),X2))) = X9 [forward demodulation 3014,801]
3198. multiply(X1,multiply(X2,multiply(inverse(X2),inverse(multiply(inverse(X3),X1))))) = X3 [forward demodulation 3037,3036]
3573. multiply(multiply(X1,multiply(X2,inverse(multiply(inverse(X0),X2)))),multiply(X3,multiply(inverse(X3),inverse(X0)))) = X1 [superposition 3198,2588]
3574. multiply(multiply(X6,multiply(multiply(inverse(X6),X7),inverse(multiply(X2,multiply(inverse(X8),X7))))),multiply(X9,multiply(inverse(X9),inverse(inverse(multiply(X0,multiply(X1,multiply(multiply(inverse(X1),multiply(multiply(inverse(X0),multiply(multiply(X2,X3),inverse(multiply(X4,multiply(X5,X3))))),X4)),X5)))))))) = X8 [superposition 3198,22]
3748. multiply(multiply(X6,multiply(multiply(inverse(X6),X7),inverse(multiply(X2,multiply(inverse(X8),X7))))),multiply(X9,multiply(inverse(X9),X2))) = X8 [forward demodulation 3574,801]
4398. multiply(inverse(X1),multiply(X1,multiply(multiply(X2,multiply(X3,inverse(multiply(X0,X3)))),X0))) = X2 [superposition 3013,1]
5003. multiply(inverse(inverse(multiply(X1,multiply(X2,inverse(multiply(multiply(X3,inverse(multiply(inverse(X0),X3))),X2)))))),X0) = X1 [superposition 4398,2588]
5056. multiply(multiply(X1,multiply(multiply(X0,multiply(X2,inverse(multiply(X3,X2)))),X3)),multiply(X4,multiply(inverse(X4),inverse(X0)))) = X1 [superposition 3198,4398]
5598. multiply(X1,multiply(X2,multiply(multiply(inverse(X2),multiply(X3,inverse(multiply(X0,X3)))),X0))) = X1 [superposition 3036,1]
5680. inverse(multiply(X0,multiply(X1,multiply(multiply(inverse(X1),multiply(X2,multiply(multiply(inverse(X2),multiply(X3,inverse(multiply(inverse(X4),X3)))),inverse(X4)))),inverse(multiply(X5,X0)))))) = X5 [superposition 1,3036]
5684. inverse(multiply(X1,multiply(X2,multiply(multiply(inverse(X2),multiply(multiply(inverse(X1),multiply(X3,multiply(multiply(inverse(X3),multiply(X4,inverse(multiply(inverse(X5),X4)))),inverse(X5)))),inverse(multiply(X6,X0)))),X6)))) = X0 [superposition 4,3036]
5849. inverse(multiply(X0,multiply(X1,multiply(inverse(X1),inverse(multiply(X5,X0)))))) = X5 [forward demodulation 5680,5598]
5853. inverse(multiply(X1,multiply(X2,multiply(multiply(inverse(X2),multiply(inverse(X1),inverse(multiply(X6,X0)))),X6)))) = X0 [forward demodulation 5684,5598]
6395. inverse(multiply(multiply(X1,multiply(inverse(X1),inverse(multiply(X0,X2)))),multiply(X3,multiply(inverse(X3),X0)))) = X2 [superposition 5849,5849]
6455. multiply(multiply(X1,multiply(inverse(X1),inverse(multiply(X0,inverse(X2))))),multiply(X3,multiply(inverse(X3),X0))) = X2 [superposition 3198,5849]
6535. multiply(inverse(X1),multiply(X1,multiply(X2,inverse(multiply(X0,X2))))) = multiply(X3,multiply(X4,multiply(inverse(X4),inverse(multiply(X0,X3))))) [superposition 2588,5849]
6976. multiply(X1,multiply(multiply(X2,multiply(X3,multiply(inverse(X3),inverse(multiply(X0,X2))))),multiply(multiply(X0,multiply(X4,inverse(multiply(X5,X4)))),X5))) = X1 [superposition 5598,5849]
7018. multiply(X5,multiply(X0,multiply(inverse(X0),multiply(X1,inverse(multiply(multiply(X2,multiply(multiply(inverse(X2),multiply(X3,inverse(multiply(X4,X3)))),X4)),X1)))))) = X5 [superposition 5598,5598]
7866. multiply(multiply(X1,multiply(X2,inverse(multiply(X0,X2)))),multiply(X6,multiply(inverse(X6),X0))) = X1 [superposition 3573,1]
7894. multiply(X0,multiply(X4,inverse(multiply(inverse(X3),X4)))) = inverse(multiply(X1,multiply(X2,multiply(multiply(inverse(X2),multiply(inverse(X1),inverse(X3))),inverse(X0))))) [superposition 1,3573]
8885. multiply(X0,multiply(X4,inverse(multiply(X3,X4)))) = inverse(multiply(X1,multiply(X2,multiply(multiply(inverse(X2),multiply(inverse(X1),X3)),inverse(X0))))) [superposition 1,7866]
9582. multiply(X7,multiply(multiply(inverse(X7),X8),inverse(multiply(X3,multiply(X6,X8))))) = inverse(multiply(X4,multiply(X5,multiply(multiply(inverse(X5),multiply(inverse(X4),inverse(multiply(X0,multiply(X1,multiply(multiply(inverse(X1),X2),inverse(multiply(X3,multiply(X0,X2))))))))),X6)))) [superposition 5853,796]
9607. inverse(multiply(X1,multiply(X2,multiply(multiply(inverse(X2),multiply(inverse(X1),X0)),X3)))) = multiply(X4,multiply(multiply(inverse(X4),multiply(inverse(X3),inverse(multiply(X5,X0)))),X5)) [superposition 5853,5853]
9810. multiply(X7,multiply(multiply(inverse(X7),X8),inverse(multiply(X3,multiply(X6,X8))))) = inverse(multiply(X4,multiply(X5,multiply(multiply(inverse(X5),multiply(inverse(X4),X3)),X6)))) [forward demodulation 9582,1]
13292. inverse(multiply(X0,multiply(X3,inverse(multiply(multiply(X4,inverse(multiply(inverse(X2),X4))),X3))))) = multiply(inverse(X1),multiply(X1,multiply(X2,inverse(X0)))) [superposition 2588,5003]
13300. inverse(multiply(X0,multiply(X4,inverse(multiply(multiply(X5,inverse(multiply(inverse(multiply(X1,X3)),X5))),X4))))) = multiply(X1,multiply(X2,multiply(multiply(inverse(X2),X3),inverse(X0)))) [superposition 795,5003]
14634. multiply(X2,multiply(inverse(X2),inverse(inverse(X1)))) = inverse(inverse(multiply(X1,multiply(X0,inverse(X0))))) [superposition 801,5056]
14664. inverse(inverse(multiply(X0,multiply(X1,inverse(X1))))) = inverse(inverse(multiply(X0,multiply(X3,inverse(X3))))) [superposition 14634,14634]
14672. multiply(X2,multiply(inverse(X2),inverse(inverse(X0)))) = inverse(inverse(inverse(inverse(multiply(X0,multiply(X1,inverse(X1))))))) [superposition 14634,14634]
14673. inverse(inverse(X0)) = multiply(X1,multiply(inverse(X1),inverse(inverse(inverse(inverse(multiply(X0,multiply(X2,inverse(multiply(multiply(X3,inverse(multiply(inverse(multiply(X4,inverse(X4))),X3))),X2)))))))))) [superposition 14634,5003]
14675. multiply(X0,multiply(inverse(X0),inverse(inverse(X1)))) = multiply(X2,multiply(inverse(X2),inverse(inverse(X1)))) [superposition 14634,14634]
14786. inverse(inverse(multiply(X2,multiply(X4,inverse(X4))))) = inverse(inverse(multiply(X2,multiply(inverse(multiply(X0,multiply(X3,inverse(X3)))),inverse(inverse(multiply(X0,multiply(X1,inverse(X1))))))))) [superposition 14664,14664]
14823. multiply(X2,multiply(inverse(multiply(X0,multiply(X3,inverse(X3)))),multiply(inverse(inverse(multiply(X0,multiply(X1,inverse(X1))))),inverse(multiply(inverse(X4),X2))))) = X4 [superposition 3198,14664]
14865. multiply(X2,multiply(inverse(X2),inverse(inverse(X3)))) = inverse(inverse(multiply(X3,multiply(inverse(multiply(X0,multiply(X4,inverse(X4)))),inverse(inverse(multiply(X0,multiply(X1,inverse(X1))))))))) [superposition 14634,14664]
14924. multiply(multiply(X1,multiply(X2,multiply(multiply(inverse(X2),X3),inverse(multiply(X0,multiply(X1,X3)))))),multiply(X0,inverse(inverse(X4)))) = multiply(X5,multiply(inverse(X5),inverse(inverse(X4)))) [superposition 14675,1]
14975. multiply(inverse(X3),inverse(inverse(X1))) = inverse(multiply(multiply(X2,multiply(inverse(X2),inverse(multiply(X0,multiply(inverse(X0),inverse(inverse(X1))))))),multiply(X4,multiply(inverse(X4),X3)))) [superposition 6395,14675]
15064. inverse(inverse(inverse(inverse(X0)))) = multiply(X1,multiply(inverse(X1),inverse(inverse(inverse(inverse(multiply(X0,multiply(X2,inverse(multiply(multiply(X3,inverse(multiply(inverse(multiply(X4,inverse(X4))),X3))),X2)))))))))) [superposition 14672,5003]
15134. inverse(inverse(X0)) = inverse(inverse(inverse(inverse(X0)))) [forward demodulation 15064,14673]
15193. inverse(inverse(X0)) = multiply(X1,multiply(X2,multiply(multiply(inverse(X2),multiply(multiply(inverse(X1),multiply(multiply(inverse(inverse(X0)),X3),inverse(multiply(X4,multiply(X5,X3))))),X4)),X5))) [superposition 1114,15134]
15276. inverse(inverse(X0)) = X0 [forward demodulation 15193,1114]
15319. inverse(inverse(multiply(X2,multiply(X4,inverse(X4))))) = inverse(inverse(multiply(X2,multiply(inverse(multiply(X0,multiply(X3,inverse(X3)))),multiply(X0,multiply(X1,inverse(X1))))))) [backward demodulation 14786,15276]
15331. multiply(X2,multiply(inverse(multiply(X0,multiply(X3,inverse(X3)))),multiply(multiply(X0,multiply(X1,inverse(X1))),inverse(multiply(inverse(X4),X2))))) = X4 [backward demodulation 14823,15276]
15354. multiply(X2,multiply(inverse(X2),inverse(inverse(X3)))) = inverse(inverse(multiply(X3,multiply(inverse(multiply(X0,multiply(X4,inverse(X4)))),multiply(X0,multiply(X1,inverse(X1))))))) [backward demodulation 14865,15276]
15394. multiply(multiply(X1,multiply(X2,inverse(multiply(multiply(X3,inverse(multiply(inverse(X0),X3))),X2)))),X0) = X1 [backward demodulation 5003,15276]
15454. multiply(X1,multiply(X2,multiply(multiply(inverse(X2),multiply(multiply(inverse(X1),multiply(multiply(X3,X4),inverse(multiply(X5,multiply(X0,X4))))),X5)),X0))) = X3 [backward demodulation 1114,15276]
15559. multiply(X0,multiply(inverse(X0),X1)) = multiply(X2,multiply(inverse(X2),X1)) [backward demodulation 14675,15276]
15590. multiply(X5,multiply(inverse(X5),X4)) = multiply(multiply(X1,multiply(X2,multiply(multiply(inverse(X2),X3),inverse(multiply(X0,multiply(X1,X3)))))),multiply(X0,X4)) [backward demodulation 14924,15276]
15611. multiply(inverse(X3),X1) = inverse(multiply(multiply(X2,multiply(inverse(X2),inverse(multiply(X0,multiply(inverse(X0),X1))))),multiply(X4,multiply(inverse(X4),X3)))) [backward demodulation 14975,15276]
15677. multiply(X2,multiply(inverse(X2),X3)) = inverse(inverse(multiply(X3,multiply(inverse(multiply(X0,multiply(X4,inverse(X4)))),multiply(X0,multiply(X1,inverse(X1))))))) [forward demodulation 15354,15276]
15748. inverse(X0) = inverse(multiply(X1,multiply(X2,multiply(multiply(inverse(X2),multiply(multiply(inverse(X1),multiply(multiply(X0,multiply(multiply(inverse(X8),X9),inverse(multiply(X10,multiply(X11,X9))))),X10)),X11)),X8)))) [backward demodulation 64,15454]
15898. inverse(X6) = multiply(multiply(X1,multiply(X2,multiply(multiply(inverse(X2),X3),inverse(multiply(X4,multiply(X1,X3)))))),multiply(X5,multiply(multiply(inverse(X5),multiply(multiply(X4,multiply(multiply(inverse(X6),multiply(multiply(inverse(X0),X7),inverse(multiply(X8,multiply(X9,X7))))),X8)),X9)),X0))) [backward demodulation 743,15454]
16080. multiply(multiply(X1,multiply(X2,multiply(multiply(inverse(X2),X3),inverse(multiply(X4,multiply(X1,X3)))))),multiply(X5,multiply(multiply(inverse(X5),multiply(multiply(X4,multiply(multiply(X6,X7),inverse(multiply(X8,multiply(X0,X7))))),X8)),X0))) = inverse(multiply(X9,multiply(X10,multiply(multiply(inverse(X10),X11),inverse(multiply(X6,multiply(X9,X11))))))) [backward demodulation 1996,15454]
16081. inverse(X0) = multiply(X3,multiply(X4,multiply(multiply(inverse(X4),X5),inverse(multiply(X0,multiply(X3,X5)))))) [backward demodulation 61,15748]
16134. inverse(multiply(X1,multiply(X2,multiply(multiply(inverse(X2),multiply(multiply(inverse(X1),multiply(multiply(inverse(X3),multiply(multiply(inverse(X4),multiply(multiply(X5,multiply(multiply(inverse(X6),X7),inverse(multiply(X8,multiply(X0,X7))))),X8)),X0)),X6)),inverse(X5))),X4)))) = X3 [backward demodulation 117,16081]
16154. inverse(multiply(inverse(X4),multiply(X5,multiply(multiply(inverse(X5),multiply(multiply(X4,multiply(multiply(inverse(X6),multiply(multiply(inverse(X7),multiply(multiply(inverse(X0),multiply(multiply(inverse(X8),X9),inverse(multiply(X10,multiply(X11,X9))))),X10)),X11)),X8)),X0)),X7)))) = X6 [backward demodulation 152,16081]
16178. inverse(X7) = inverse(multiply(X1,multiply(multiply(X2,multiply(X3,multiply(multiply(inverse(X3),multiply(multiply(inverse(X2),X4),inverse(multiply(X5,multiply(X6,X4))))),X5))),multiply(multiply(X6,multiply(multiply(inverse(X1),multiply(multiply(X7,X8),inverse(multiply(X9,multiply(X0,X8))))),X9)),X0)))) [backward demodulation 209,16081]
16316. inverse(X4) = inverse(multiply(X5,multiply(X6,multiply(multiply(inverse(X6),multiply(multiply(inverse(X5),multiply(multiply(X4,multiply(multiply(inverse(X7),multiply(multiply(X8,X9),inverse(multiply(X10,multiply(X0,X9))))),X10)),X0)),multiply(X11,multiply(X12,multiply(multiply(inverse(X12),X13),inverse(multiply(X8,multiply(X11,X13)))))))),X7)))) [backward demodulation 793,16081]
16953. inverse(X7) = multiply(X10,multiply(X11,multiply(multiply(inverse(X11),multiply(multiply(inverse(X10),X12),inverse(multiply(X13,multiply(X7,X12))))),X13))) [backward demodulation 277,16178]
17118. inverse(X0) = multiply(inverse(X1),multiply(X1,multiply(X2,inverse(multiply(X0,X2))))) [backward demodulation 2993,16953]
17257. inverse(X0) = multiply(X3,multiply(X4,multiply(inverse(X4),inverse(multiply(X0,X3))))) [backward demodulation 6535,17118]
17274. multiply(X1,multiply(inverse(X0),multiply(multiply(X0,multiply(X4,inverse(multiply(X5,X4)))),X5))) = X1 [backward demodulation 6976,17257]
17688. inverse(X4) = inverse(multiply(X5,multiply(X6,multiply(multiply(inverse(X6),multiply(multiply(inverse(X5),multiply(multiply(X4,multiply(multiply(inverse(X7),multiply(multiply(X8,X9),inverse(multiply(X10,multiply(X0,X9))))),X10)),X0)),inverse(X8))),X7)))) [forward demodulation 16316,16081]
19792. inverse(X6) = multiply(inverse(X4),multiply(X5,multiply(multiply(inverse(X5),multiply(multiply(X4,multiply(multiply(inverse(X6),multiply(multiply(inverse(X0),X7),inverse(multiply(X8,multiply(X9,X7))))),X8)),X9)),X0))) [forward demodulation 15898,16081]
20241. inverse(inverse(X6)) = multiply(multiply(X1,multiply(X2,multiply(multiply(inverse(X2),X3),inverse(multiply(X4,multiply(X1,X3)))))),multiply(X5,multiply(multiply(inverse(X5),multiply(multiply(X4,multiply(multiply(X6,X7),inverse(multiply(X8,multiply(X0,X7))))),X8)),X0))) [forward demodulation 16080,16081]
20242. inverse(inverse(X6)) = multiply(inverse(X4),multiply(X5,multiply(multiply(inverse(X5),multiply(multiply(X4,multiply(multiply(X6,X7),inverse(multiply(X8,multiply(X0,X7))))),X8)),X0))) [forward demodulation 20241,16081]
20243. multiply(inverse(X4),multiply(X5,multiply(multiply(inverse(X5),multiply(multiply(X4,multiply(multiply(X6,X7),inverse(multiply(X8,multiply(X0,X7))))),X8)),X0))) = X6 [forward demodulation 20242,15276]
20319. multiply(X5,multiply(inverse(X5),X4)) = multiply(inverse(X0),multiply(X0,X4)) [forward demodulation 15590,16081]
20430. inverse(multiply(X0,multiply(X1,inverse(multiply(inverse(X2),X1))))) = multiply(X3,multiply(X4,multiply(multiply(inverse(X4),multiply(inverse(X3),inverse(X2))),inverse(X0)))) [superposition 16081,3573]
20434. inverse(multiply(X0,multiply(multiply(X1,multiply(X2,inverse(multiply(X3,X2)))),X3))) = multiply(X4,multiply(X5,multiply(multiply(inverse(X5),multiply(inverse(X4),inverse(X1))),inverse(X0)))) [superposition 16081,5056]
20784. multiply(X0,inverse(X0)) = multiply(X4,multiply(inverse(X4),multiply(X1,multiply(multiply(inverse(X1),multiply(X2,inverse(multiply(X3,X2)))),X3)))) [superposition 15559,5598]
20785. multiply(X1,X0) = multiply(X4,multiply(inverse(X4),multiply(X2,multiply(multiply(inverse(X2),X3),inverse(multiply(inverse(X0),multiply(inverse(X1),X3))))))) [superposition 15559,795]
20903. multiply(inverse(inverse(X5)),multiply(X4,multiply(X3,inverse(multiply(X0,multiply(inverse(X0),multiply(X1,multiply(multiply(inverse(X1),X2),inverse(multiply(inverse(X3),multiply(inverse(X4),X2))))))))))) = X5 [superposition 1093,15559]
21002. multiply(X0,inverse(X0)) = multiply(X4,inverse(X4)) [forward demodulation 20784,5598]
21069. multiply(inverse(inverse(X5)),multiply(X4,multiply(X3,inverse(multiply(X4,X3))))) = X5 [forward demodulation 20903,20785]
21070. multiply(X5,multiply(X4,multiply(X3,inverse(multiply(X4,X3))))) = X5 [forward demodulation 21069,15276]
21171. inverse(multiply(X0,multiply(X1,inverse(multiply(X2,X1))))) = multiply(X3,multiply(X4,multiply(multiply(inverse(X4),multiply(multiply(inverse(X3),multiply(X5,multiply(inverse(X5),X2))),inverse(multiply(X6,X0)))),X6))) [superposition 16953,7866]
21352. multiply(X1,inverse(X1)) = multiply(inverse(X0),X0) [superposition 21002,15276]
21694. multiply(inverse(X0),X0) = multiply(inverse(X1),X1) [superposition 21352,15276]
21706. multiply(multiply(X1,multiply(inverse(X1),inverse(multiply(inverse(X0),X0)))),multiply(X3,multiply(inverse(X3),X2))) = X2 [superposition 6455,21352]
22158. multiply(multiply(X1,multiply(multiply(X2,multiply(X3,inverse(multiply(X4,X3)))),X4)),multiply(inverse(X2),multiply(inverse(X0),X0))) = X1 [superposition 5056,21694]
22728. multiply(X4,multiply(X0,multiply(inverse(X0),multiply(X1,inverse(multiply(multiply(X2,multiply(X3,inverse(multiply(X2,X3)))),X1)))))) = X4 [superposition 5598,21070]
22773. multiply(inverse(X1),multiply(X2,multiply(multiply(inverse(X2),multiply(multiply(X1,multiply(inverse(X0),inverse(multiply(X7,multiply(X8,multiply(X4,multiply(multiply(inverse(X4),multiply(multiply(inverse(X3),X5),inverse(multiply(X6,multiply(X0,X5))))),X6))))))),X7)),X8))) = X3 [superposition 20243,16953]
23065. multiply(inverse(X4),inverse(X0)) = multiply(X1,multiply(inverse(X1),multiply(X2,multiply(multiply(inverse(X2),X3),inverse(multiply(X0,multiply(X4,X3))))))) [superposition 20319,16081]
23117. inverse(X0) = multiply(X1,multiply(inverse(X1),multiply(X2,inverse(multiply(X0,X2))))) [superposition 20319,21070]
23376. multiply(X5,inverse(multiply(X2,multiply(multiply(inverse(X2),multiply(X3,inverse(multiply(X4,X3)))),X4)))) = X5 [backward demodulation 7018,23117]
23378. multiply(X4,inverse(multiply(X2,multiply(X3,inverse(multiply(X2,X3)))))) = X4 [backward demodulation 22728,23117]
24851. inverse(inverse(multiply(X2,multiply(X3,inverse(X3))))) = inverse(inverse(multiply(X2,multiply(X0,multiply(X1,inverse(multiply(X0,X1))))))) [superposition 14664,23378]
24922. inverse(inverse(X2)) = inverse(inverse(multiply(X2,multiply(X3,inverse(X3))))) [forward demodulation 24851,21070]
24923. inverse(inverse(multiply(X2,multiply(X3,inverse(X3))))) = X2 [forward demodulation 24922,15276]
24925. inverse(inverse(multiply(X2,multiply(inverse(multiply(X0,multiply(X3,inverse(X3)))),multiply(X0,multiply(X1,inverse(X1))))))) = X2 [backward demodulation 15319,24923]
24936. multiply(X2,multiply(inverse(X2),X3)) = X3 [backward demodulation 15677,24925]
24937. multiply(multiply(X6,multiply(multiply(inverse(X6),X7),inverse(multiply(X2,multiply(inverse(X8),X7))))),X2) = X8 [backward demodulation 3748,24936]
24990. multiply(inverse(X3),X1) = inverse(multiply(multiply(X2,multiply(inverse(X2),inverse(X1))),multiply(X4,multiply(inverse(X4),X3)))) [backward demodulation 15611,24936]
25039. inverse(multiply(X0,multiply(X1,inverse(multiply(X2,X1))))) = multiply(X3,multiply(X4,multiply(multiply(inverse(X4),multiply(multiply(inverse(X3),X2),inverse(multiply(X6,X0)))),X6))) [backward demodulation 21171,24936]
25051. multiply(multiply(X1,multiply(inverse(X1),inverse(multiply(inverse(X0),X0)))),X2) = X2 [backward demodulation 21706,24936]
25466. multiply(inverse(X6),multiply(X6,X9)) = X9 [backward demodulation 3197,24937]
25477. multiply(X2,inverse(X0)) = inverse(multiply(X0,multiply(X3,inverse(multiply(multiply(X4,inverse(multiply(inverse(X2),X4))),X3))))) [backward demodulation 13292,25466]
25580. multiply(X1,multiply(X2,multiply(multiply(inverse(X2),X3),inverse(X0)))) = multiply(multiply(X1,X3),inverse(X0)) [backward demodulation 13300,25477]
25692. multiply(X0,multiply(X4,inverse(multiply(inverse(X3),X4)))) = inverse(multiply(multiply(X1,multiply(inverse(X1),inverse(X3))),inverse(X0))) [backward demodulation 7894,25580]
25695. multiply(X0,multiply(X4,inverse(multiply(X3,X4)))) = inverse(multiply(multiply(X1,multiply(inverse(X1),X3)),inverse(X0))) [backward demodulation 8885,25580]
25718. multiply(X1,multiply(multiply(inverse(X1),X3),inverse(multiply(X0,multiply(X4,X3))))) = multiply(inverse(X4),inverse(X0)) [backward demodulation 23065,25580]
25765. multiply(X0,multiply(X4,inverse(multiply(inverse(X3),X4)))) = inverse(multiply(inverse(X3),inverse(X0))) [forward demodulation 25692,24936]
25790. multiply(X3,multiply(X4,multiply(multiply(inverse(X4),multiply(inverse(X3),inverse(X2))),inverse(X0)))) = inverse(inverse(multiply(inverse(X2),inverse(X0)))) [backward demodulation 20430,25765]
25851. multiply(inverse(X2),inverse(X0)) = multiply(X3,multiply(X4,multiply(multiply(inverse(X4),multiply(inverse(X3),inverse(X2))),inverse(X0)))) [forward demodulation 25790,15276]
25852. multiply(inverse(X1),inverse(X0)) = inverse(multiply(X0,multiply(multiply(X1,multiply(X2,inverse(multiply(X3,X2)))),X3))) [backward demodulation 20434,25851]
25853. multiply(X5,multiply(inverse(inverse(X2)),inverse(X2))) = X5 [backward demodulation 23376,25852]
25856. multiply(X5,multiply(X2,inverse(X2))) = X5 [forward demodulation 25853,15276]
25859. multiply(X2,multiply(inverse(multiply(X0,multiply(X3,inverse(X3)))),multiply(X0,inverse(multiply(inverse(X4),X2))))) = X4 [backward demodulation 15331,25856]
25943. multiply(X2,multiply(inverse(X0),multiply(X0,inverse(multiply(inverse(X4),X2))))) = X4 [forward demodulation 25859,25856]
25944. multiply(X2,inverse(multiply(inverse(X4),X2))) = X4 [forward demodulation 25943,25466]
25948. multiply(multiply(X1,multiply(X2,inverse(multiply(X0,X2)))),X0) = X1 [backward demodulation 15394,25944]
26001. multiply(X1,multiply(inverse(X0),X0)) = X1 [backward demodulation 17274,25948]
26039. multiply(multiply(X1,X2),multiply(inverse(X2),multiply(inverse(X0),X0))) = X1 [backward demodulation 22158,25948]
26084. inverse(multiply(X0,X1)) = multiply(inverse(X1),inverse(X0)) [backward demodulation 25852,25948]
26153. multiply(multiply(X1,X2),inverse(X2)) = X1 [forward demodulation 26039,26001]
26326. inverse(multiply(X1,multiply(X2,multiply(multiply(inverse(X2),multiply(inverse(X1),X0)),X3)))) = multiply(X4,multiply(multiply(inverse(X4),inverse(multiply(multiply(X5,X0),X3))),X5)) [backward demodulation 9607,26084]
26417. multiply(inverse(X1),multiply(X2,multiply(multiply(inverse(X2),multiply(multiply(X1,inverse(multiply(multiply(X7,multiply(X8,multiply(X4,multiply(multiply(inverse(X4),multiply(multiply(inverse(X3),X5),inverse(multiply(X6,multiply(X0,X5))))),X6)))),X0))),X7)),X8))) = X3 [backward demodulation 22773,26084]
26512. inverse(multiply(X1,multiply(X2,multiply(multiply(inverse(X2),multiply(inverse(X1),X0)),X3)))) = multiply(X4,multiply(inverse(multiply(multiply(multiply(X5,X0),X3),X4)),X5)) [forward demodulation 26326,26084]
26858. multiply(X0,multiply(X4,inverse(multiply(X3,X4)))) = inverse(multiply(X3,inverse(X0))) [forward demodulation 25695,24936]
26920. inverse(X0) = multiply(X1,inverse(multiply(X0,inverse(inverse(X1))))) [backward demodulation 23117,26858]
26987. inverse(X0) = multiply(X1,inverse(multiply(X0,X1))) [forward demodulation 26920,15276]
27001. multiply(X0,inverse(X3)) = inverse(multiply(X3,inverse(X0))) [backward demodulation 26858,26987]
27167. multiply(X1,multiply(multiply(inverse(X1),X3),inverse(multiply(X0,multiply(X4,X3))))) = inverse(multiply(X0,X4)) [forward demodulation 25718,26084]
27168. inverse(multiply(X3,X6)) = inverse(multiply(X4,multiply(X5,multiply(multiply(inverse(X5),multiply(inverse(X4),X3)),X6)))) [backward demodulation 9810,27167]
27181. inverse(multiply(X0,X3)) = multiply(X4,multiply(inverse(multiply(multiply(multiply(X5,X0),X3),X4)),X5)) [backward demodulation 26512,27168]
27553. multiply(inverse(X3),X1) = inverse(multiply(multiply(X2,multiply(inverse(X2),inverse(X1))),X3)) [forward demodulation 24990,24936]
27554. multiply(inverse(X3),X1) = inverse(multiply(inverse(X1),X3)) [forward demodulation 27553,24936]
27813. inverse(multiply(X0,inverse(X2))) = multiply(X3,multiply(X4,multiply(multiply(inverse(X4),multiply(multiply(inverse(X3),X2),inverse(multiply(X6,X0)))),X6))) [forward demodulation 25039,26987]
27814. multiply(X2,inverse(X0)) = multiply(X3,multiply(X4,multiply(multiply(inverse(X4),multiply(multiply(inverse(X3),X2),inverse(multiply(X6,X0)))),X6))) [forward demodulation 27813,27001]
27849. multiply(inverse(multiply(inverse(X0),X0)),X2) = X2 [forward demodulation 25051,24936]
27850. multiply(multiply(inverse(X0),X0),X2) = X2 [forward demodulation 27849,27554]
29389. multiply(X2,multiply(multiply(inverse(X2),multiply(multiply(inverse(X1),X3),inverse(multiply(X4,multiply(X0,X3))))),X4)) = multiply(inverse(X1),inverse(X0)) [superposition 25466,16953]
29478. multiply(X2,multiply(multiply(inverse(X2),multiply(multiply(inverse(X1),X3),inverse(multiply(X4,multiply(X0,X3))))),X4)) = inverse(multiply(X0,X1)) [forward demodulation 29389,26084]
29480. multiply(inverse(X1),multiply(X2,multiply(multiply(inverse(X2),multiply(multiply(X1,inverse(multiply(multiply(X7,multiply(X8,inverse(multiply(X0,X3)))),X0))),X7)),X8))) = X3 [backward demodulation 26417,29478]
30218. inverse(multiply(multiply(inverse(X1),X2),inverse(multiply(X3,multiply(X4,X2))))) = multiply(inverse(X5),multiply(X6,multiply(multiply(inverse(X6),multiply(multiply(X5,multiply(multiply(inverse(X0),X0),X3)),X4)),X1))) [superposition 19792,21694]
30302. inverse(multiply(multiply(inverse(X1),X2),inverse(multiply(X3,multiply(X4,X2))))) = multiply(inverse(X5),multiply(X6,multiply(multiply(inverse(X6),multiply(multiply(X5,X3),X4)),X1))) [forward demodulation 30218,27850]
31107. inverse(inverse(multiply(inverse(X1),multiply(multiply(X2,X3),inverse(multiply(X0,multiply(X4,X3))))))) = inverse(multiply(X5,multiply(X6,multiply(multiply(inverse(X6),multiply(multiply(inverse(X5),multiply(X0,X4)),inverse(X2))),X1)))) [superposition 17688,25466]
31205. inverse(multiply(X5,multiply(X6,multiply(multiply(inverse(X6),multiply(multiply(inverse(X5),multiply(X0,X4)),inverse(X2))),X1)))) = inverse(multiply(inverse(multiply(multiply(X2,X3),inverse(multiply(X0,multiply(X4,X3))))),X1)) [forward demodulation 31107,27554]
31206. inverse(multiply(X5,multiply(X6,multiply(multiply(inverse(X6),multiply(multiply(inverse(X5),multiply(X0,X4)),inverse(X2))),X1)))) = inverse(multiply(multiply(multiply(X0,multiply(X4,X3)),inverse(multiply(X2,X3))),X1)) [forward demodulation 31205,27001]
32139. inverse(multiply(multiply(X1,inverse(X0)),X2)) = multiply(inverse(X2),multiply(X0,inverse(X1))) [superposition 26084,27001]
32313. inverse(multiply(X1,multiply(X2,multiply(inverse(multiply(multiply(X5,inverse(multiply(inverse(X1),multiply(multiply(inverse(X3),multiply(multiply(inverse(X4),multiply(multiply(X5,multiply(multiply(inverse(X6),X7),inverse(multiply(X8,multiply(X0,X7))))),X8)),X0)),X6)))),X2)),X4)))) = X3 [backward demodulation 16134,32139]
32324. inverse(multiply(multiply(multiply(X0,multiply(X4,X3)),inverse(multiply(X2,X3))),X1)) = inverse(multiply(X5,multiply(X6,multiply(inverse(multiply(multiply(X2,inverse(multiply(inverse(X5),multiply(X0,X4)))),X6)),X1)))) [backward demodulation 31206,32139]
32381. multiply(X2,inverse(X0)) = multiply(X3,multiply(X4,multiply(inverse(multiply(multiply(multiply(X6,X0),inverse(multiply(inverse(X3),X2))),X4)),X6))) [backward demodulation 27814,32139]
32390. inverse(multiply(inverse(X4),multiply(X5,multiply(multiply(inverse(X5),multiply(multiply(X4,multiply(multiply(inverse(X6),multiply(multiply(inverse(X7),multiply(inverse(multiply(multiply(multiply(X10,multiply(X11,X9)),inverse(multiply(inverse(X8),X9))),X0)),X10)),X11)),X8)),X0)),X7)))) = X6 [backward demodulation 16154,32139]
32676. inverse(multiply(X1,multiply(X2,multiply(inverse(multiply(multiply(X5,multiply(inverse(multiply(multiply(inverse(X3),multiply(multiply(inverse(X4),multiply(multiply(X5,multiply(multiply(inverse(X6),X7),inverse(multiply(X8,multiply(X0,X7))))),X8)),X0)),X6)),X1)),X2)),X4)))) = X3 [forward demodulation 32313,27554]
32700. inverse(multiply(multiply(multiply(X0,multiply(X4,X3)),inverse(multiply(X2,X3))),X1)) = inverse(multiply(X5,multiply(X6,multiply(inverse(multiply(multiply(X2,multiply(inverse(multiply(X0,X4)),X5)),X6)),X1)))) [forward demodulation 32324,27554]
32771. multiply(X2,inverse(X0)) = multiply(X3,inverse(multiply(X0,inverse(multiply(inverse(X3),X2))))) [forward demodulation 32381,27181]
32772. multiply(X2,inverse(X0)) = multiply(X3,multiply(multiply(inverse(X3),X2),inverse(X0))) [forward demodulation 32771,27001]
32774. multiply(X1,multiply(X3,inverse(X0))) = multiply(multiply(X1,X3),inverse(X0)) [backward demodulation 25580,32772]
32977. inverse(multiply(X5,multiply(X6,multiply(inverse(multiply(multiply(X2,multiply(inverse(multiply(X0,X4)),X5)),X6)),X1)))) = inverse(multiply(multiply(X0,multiply(multiply(X4,X3),inverse(multiply(X2,X3)))),X1)) [backward demodulation 32700,32774]
33032. multiply(inverse(X5),multiply(X6,multiply(multiply(inverse(X6),multiply(multiply(X5,X3),X4)),X1))) = inverse(multiply(inverse(X1),multiply(X2,inverse(multiply(X3,multiply(X4,X2)))))) [backward demodulation 30302,32774]
33034. inverse(multiply(X1,multiply(X2,multiply(inverse(multiply(multiply(X5,multiply(inverse(multiply(multiply(inverse(X3),multiply(multiply(inverse(X4),multiply(multiply(X5,multiply(inverse(X6),multiply(X7,inverse(multiply(X8,multiply(X0,X7)))))),X8)),X0)),X6)),X1)),X2)),X4)))) = X3 [backward demodulation 32676,32774]
33574. inverse(multiply(X5,multiply(X6,multiply(inverse(multiply(multiply(X2,multiply(inverse(multiply(X0,X4)),X5)),X6)),X1)))) = inverse(multiply(multiply(X0,multiply(X4,multiply(X3,inverse(multiply(X2,X3))))),X1)) [forward demodulation 32977,32774]
33575. inverse(multiply(X5,multiply(X6,multiply(inverse(multiply(multiply(X2,multiply(inverse(multiply(X0,X4)),X5)),X6)),X1)))) = inverse(multiply(multiply(X0,multiply(X4,inverse(X2))),X1)) [forward demodulation 33574,26987]
33800. multiply(inverse(X5),multiply(X6,multiply(multiply(inverse(X6),multiply(multiply(X5,X3),X4)),X1))) = inverse(inverse(multiply(multiply(multiply(X3,multiply(X4,X2)),inverse(X2)),X1))) [forward demodulation 33032,32139]
33801. multiply(inverse(X5),multiply(X6,multiply(multiply(inverse(X6),multiply(multiply(X5,X3),X4)),X1))) = inverse(inverse(multiply(multiply(X3,multiply(multiply(X4,X2),inverse(X2))),X1))) [forward demodulation 33800,32774]
33802. multiply(inverse(X5),multiply(X6,multiply(multiply(inverse(X6),multiply(multiply(X5,X3),X4)),X1))) = inverse(inverse(multiply(multiply(X3,X4),X1))) [forward demodulation 33801,26153]
33803. multiply(inverse(X5),multiply(X6,multiply(multiply(inverse(X6),multiply(multiply(X5,X3),X4)),X1))) = multiply(multiply(X3,X4),X1) [forward demodulation 33802,15276]
33807. inverse(multiply(X1,multiply(X2,multiply(inverse(multiply(multiply(X5,multiply(inverse(multiply(multiply(inverse(X3),multiply(multiply(inverse(X4),multiply(multiply(X5,inverse(multiply(multiply(multiply(X8,multiply(X0,X7)),inverse(X7)),X6))),X8)),X0)),X6)),X1)),X2)),X4)))) = X3 [forward demodulation 33034,32139]
33808. inverse(multiply(X1,multiply(X2,multiply(inverse(multiply(multiply(X5,multiply(inverse(multiply(multiply(inverse(X3),multiply(multiply(inverse(X4),multiply(multiply(X5,inverse(multiply(multiply(X8,multiply(multiply(X0,X7),inverse(X7))),X6))),X8)),X0)),X6)),X1)),X2)),X4)))) = X3 [forward demodulation 33807,32774]
33809. inverse(multiply(X1,multiply(X2,multiply(inverse(multiply(multiply(X5,multiply(inverse(multiply(multiply(inverse(X3),multiply(multiply(inverse(X4),multiply(multiply(X5,inverse(multiply(multiply(X8,X0),X6))),X8)),X0)),X6)),X1)),X2)),X4)))) = X3 [forward demodulation 33808,26153]
33971. inverse(multiply(multiply(multiply(multiply(inverse(X6),multiply(multiply(inverse(X7),multiply(inverse(multiply(multiply(multiply(X10,multiply(X11,X9)),inverse(multiply(inverse(X8),X9))),X0)),X10)),X11)),X8),X0),X7)) = X6 [forward demodulation 32390,33803]
33972. inverse(multiply(multiply(multiply(multiply(inverse(X6),multiply(multiply(inverse(X7),multiply(inverse(multiply(multiply(X10,multiply(multiply(X11,X9),inverse(multiply(inverse(X8),X9)))),X0)),X10)),X11)),X8),X0),X7)) = X6 [forward demodulation 33971,32774]
33973. inverse(multiply(multiply(multiply(multiply(inverse(X6),multiply(multiply(inverse(X7),multiply(inverse(multiply(multiply(X10,multiply(X11,multiply(X9,inverse(multiply(inverse(X8),X9))))),X0)),X10)),X11)),X8),X0),X7)) = X6 [forward demodulation 33972,32774]
33974. inverse(multiply(multiply(multiply(multiply(inverse(X6),multiply(multiply(inverse(X7),multiply(inverse(multiply(multiply(X10,multiply(X11,inverse(inverse(X8)))),X0)),X10)),X11)),X8),X0),X7)) = X6 [forward demodulation 33973,26987]
33975. inverse(multiply(multiply(multiply(multiply(inverse(X6),multiply(multiply(inverse(X7),multiply(inverse(multiply(multiply(X10,multiply(X11,X8)),X0)),X10)),X11)),X8),X0),X7)) = X6 [forward demodulation 33974,15276]
34934. multiply(inverse(X1),multiply(inverse(multiply(multiply(X2,multiply(X0,X3)),X4)),X2)) = inverse(multiply(multiply(multiply(X0,X3),X4),X1)) [superposition 33975,25466]
34935. multiply(multiply(inverse(X1),multiply(inverse(multiply(multiply(X2,multiply(X3,X4)),X5)),X2)),X3) = inverse(multiply(multiply(multiply(multiply(inverse(X0),X0),X4),X5),X1)) [superposition 33975,21694]
35229. inverse(multiply(multiply(X4,X5),X1)) = multiply(multiply(inverse(X1),multiply(inverse(multiply(multiply(X2,multiply(X3,X4)),X5)),X2)),X3) [forward demodulation 34935,27850]
35230. inverse(multiply(multiply(X4,X5),X1)) = multiply(inverse(multiply(multiply(multiply(X3,X4),X5),X1)),X3) [forward demodulation 35229,34934]
36818. multiply(inverse(X4),multiply(multiply(X3,inverse(multiply(multiply(X5,X0),X6))),X5)) = inverse(multiply(X1,multiply(X2,multiply(inverse(multiply(multiply(X3,multiply(inverse(multiply(X0,X6)),X1)),X2)),X4)))) [superposition 33809,25466]
37205. multiply(inverse(X4),multiply(multiply(X3,inverse(multiply(multiply(X5,X0),X6))),X5)) = inverse(multiply(multiply(X0,multiply(X6,inverse(X3))),X4)) [forward demodulation 36818,33575]
37218. multiply(inverse(X1),multiply(X2,multiply(inverse(multiply(multiply(multiply(X8,inverse(multiply(X0,X3))),multiply(X0,inverse(X1))),X2)),X8))) = X3 [backward demodulation 29480,37205]
37233. multiply(inverse(X1),multiply(X2,inverse(multiply(multiply(inverse(multiply(X0,X3)),multiply(X0,inverse(X1))),X2)))) = X3 [forward demodulation 37218,35230]
37234. multiply(inverse(X1),inverse(multiply(inverse(multiply(X0,X3)),multiply(X0,inverse(X1))))) = X3 [forward demodulation 37233,26987]
37235. multiply(inverse(X1),multiply(inverse(multiply(X0,inverse(X1))),multiply(X0,X3))) = X3 [forward demodulation 37234,27554]
37236. multiply(inverse(X1),multiply(multiply(X1,inverse(X0)),multiply(X0,X3))) = X3 [forward demodulation 37235,27001]
42515. multiply(X2,X0) = multiply(inverse(X1),multiply(multiply(X1,inverse(inverse(X2))),X0)) [superposition 37236,25466]
42516. multiply(inverse(X1),multiply(multiply(X1,inverse(inverse(X2))),X0)) = multiply(multiply(X2,inverse(X3)),multiply(X3,X0)) [superposition 37236,37236]
42668. multiply(X2,X0) = multiply(inverse(X1),multiply(multiply(X1,X2),X0)) [forward demodulation 42515,15276]
42832. multiply(inverse(inverse(X2)),X0) = multiply(multiply(X2,inverse(X3)),multiply(X3,X0)) [forward demodulation 42516,42668]
42833. multiply(X2,X0) = multiply(multiply(X2,inverse(X3)),multiply(X3,X0)) [forward demodulation 42832,15276]
42886. multiply(X0,multiply(X1,X2)) = multiply(multiply(X0,X1),X2) [superposition 42833,26153]
45092. multiply(a3,multiply(b3,c3)) != multiply(a3,multiply(b3,c3)) [superposition 2,42886]
45122. $false [trivial inequality removal 45092]
% SZS output end Proof for GRP441-1_clausified
% ------------------------------
% Version: Vampire 4.9 (Release build, commit 0accf6da4 on 2024-12-10 11:55:58 +0000)
% Termination reason: Refutation

% Time elapsed: 4.900 s
% Instructions burned: 23723 (million)
% ------------------------------
% ------------------------------
