% Running in auto input_syntax mode. Trying TPTP
% Refutation found. Thanks to Tanya!
% SZS status Unsatisfiable for GRP111-1_clausified
% SZS output start Proof for GRP111-1_clausified
1. double_divide(inverse(double_divide(inverse(double_divide(X0,inverse(X1))),X2)),double_divide(X0,X2)) = X1 [input(axiom)]
2. inverse(double_divide(a1,inverse(a1))) != inverse(double_divide(b1,inverse(b1))) | a2 != inverse(double_divide(a2,inverse(double_divide(b2,inverse(b2))))) | inverse(double_divide(c3,inverse(double_divide(b3,a3)))) != inverse(double_divide(inverse(double_divide(c3,b3)),a3)) | inverse(double_divide(b4,a4)) != inverse(double_divide(a4,b4)) [input(negated conjecture)]
4. 1 <=> inverse(double_divide(b4,a4)) = inverse(double_divide(a4,b4)) [avatar definition]
6. inverse(double_divide(b4,a4)) != inverse(double_divide(a4,b4)) <- (~1) [avatar component clause 4]
8. 2 <=> inverse(double_divide(c3,inverse(double_divide(b3,a3)))) = inverse(double_divide(inverse(double_divide(c3,b3)),a3)) [avatar definition]
10. inverse(double_divide(c3,inverse(double_divide(b3,a3)))) != inverse(double_divide(inverse(double_divide(c3,b3)),a3)) <- (~2) [avatar component clause 8]
12. 3 <=> a2 = inverse(double_divide(a2,inverse(double_divide(b2,inverse(b2))))) [avatar definition]
14. a2 != inverse(double_divide(a2,inverse(double_divide(b2,inverse(b2))))) <- (~3) [avatar component clause 12]
16. 4 <=> inverse(double_divide(a1,inverse(a1))) = inverse(double_divide(b1,inverse(b1))) [avatar definition]
18. inverse(double_divide(a1,inverse(a1))) != inverse(double_divide(b1,inverse(b1))) <- (~4) [avatar component clause 16]
19. ~1 | ~2 | ~3 | ~4 [avatar split clause 2,16,12,8,4]
20. double_divide(inverse(X0),double_divide(inverse(double_divide(X1,inverse(X0))),double_divide(X1,inverse(X2)))) = X2 [superposition 1,1]
21. double_divide(inverse(double_divide(inverse(double_divide(inverse(double_divide(inverse(double_divide(X1,inverse(X0))),X2)),inverse(X3))),double_divide(X1,X2))),X0) = X3 [superposition 1,1]
23. double_divide(inverse(double_divide(inverse(double_divide(inverse(X1),inverse(X2))),double_divide(inverse(double_divide(X3,inverse(X1))),double_divide(X3,inverse(X0))))),X0) = X2 [superposition 1,20]
27. double_divide(inverse(double_divide(inverse(X0),double_divide(inverse(double_divide(inverse(double_divide(X1,inverse(inverse(X2)))),X3)),double_divide(X1,X3)))),X0) = X2 [superposition 21,21]
28. double_divide(inverse(double_divide(inverse(double_divide(inverse(double_divide(inverse(double_divide(inverse(double_divide(inverse(double_divide(X1,inverse(X0))),X2)),inverse(X3))),double_divide(X1,X2))),inverse(X4))),X0)),X3) = X4 [superposition 21,1]
29. double_divide(inverse(double_divide(inverse(double_divide(inverse(double_divide(inverse(double_divide(inverse(X1),inverse(X2))),double_divide(inverse(double_divide(X3,inverse(X1))),double_divide(X3,inverse(X0))))),inverse(X4))),X0)),X2) = X4 [superposition 21,20]
35. double_divide(inverse(double_divide(inverse(X0),inverse(X2))),X0) = X2 [forward demodulation 27,1]
39. double_divide(inverse(X0),double_divide(inverse(X1),X1)) = X0 [superposition 1,35]
60. double_divide(inverse(double_divide(inverse(X1),X1)),inverse(X0)) = X0 [superposition 39,35]
90. double_divide(inverse(double_divide(inverse(X0),X4)),double_divide(inverse(double_divide(inverse(double_divide(inverse(X1),inverse(X0))),double_divide(inverse(double_divide(X2,inverse(X1))),double_divide(X2,inverse(inverse(X3)))))),X4)) = X3 [superposition 1,23]
91. double_divide(inverse(X1),double_divide(inverse(X0),double_divide(inverse(double_divide(inverse(double_divide(inverse(X2),inverse(X0))),double_divide(inverse(double_divide(X3,inverse(X2))),double_divide(X3,inverse(inverse(X1)))))),inverse(X4)))) = X4 [superposition 20,23]
107. double_divide(inverse(X0),double_divide(inverse(X0),double_divide(inverse(double_divide(inverse(X1),X1)),inverse(X2)))) = X2 [superposition 20,60]
116. double_divide(inverse(double_divide(inverse(double_divide(inverse(double_divide(inverse(X1),X1)),inverse(X2))),inverse(X0))),X0) = X2 [superposition 1,60]
117. double_divide(inverse(X0),double_divide(inverse(X0),X2)) = X2 [forward demodulation 107,60]
124. double_divide(inverse(double_divide(inverse(X2),inverse(X0))),X0) = X2 [forward demodulation 116,60]
170. inverse(X0) = double_divide(inverse(double_divide(inverse(X1),X1)),X0) [superposition 117,60]
172. double_divide(inverse(double_divide(X2,inverse(X1))),double_divide(X2,inverse(X0))) = double_divide(inverse(X1),X0) [superposition 117,20]
174. double_divide(inverse(X1),X1) = double_divide(inverse(X0),X0) [superposition 117,39]
194. double_divide(inverse(double_divide(inverse(double_divide(inverse(double_divide(inverse(double_divide(inverse(X1),inverse(X2))),double_divide(inverse(X1),X0))),inverse(X4))),X0)),X2) = X4 [backward demodulation 29,172]
233. double_divide(inverse(double_divide(inverse(X0),X4)),double_divide(inverse(double_divide(inverse(double_divide(inverse(X1),inverse(X0))),double_divide(inverse(X1),inverse(X3)))),X4)) = X3 [backward demodulation 90,172]
234. double_divide(inverse(X1),double_divide(inverse(X0),double_divide(inverse(double_divide(inverse(double_divide(inverse(X2),inverse(X0))),double_divide(inverse(X2),inverse(X1)))),inverse(X4)))) = X4 [backward demodulation 91,172]
262. double_divide(inverse(double_divide(inverse(X0),X4)),double_divide(inverse(double_divide(inverse(X0),X3)),X4)) = X3 [forward demodulation 233,172]
263. double_divide(inverse(X1),double_divide(inverse(X0),double_divide(inverse(double_divide(inverse(X0),X1)),inverse(X4)))) = X4 [forward demodulation 234,172]
322. double_divide(inverse(double_divide(inverse(double_divide(inverse(double_divide(inverse(X0),double_divide(inverse(double_divide(inverse(inverse(X1)),inverse(X0))),X2))),inverse(X3))),X2)),X1) = X3 [superposition 194,35]
372. double_divide(inverse(double_divide(inverse(double_divide(inverse(X0),X0)),X2)),double_divide(inverse(inverse(X1)),X2)) = X1 [superposition 1,174]
394. double_divide(inverse(inverse(X2)),double_divide(inverse(inverse(X1)),X2)) = X1 [forward demodulation 372,170]
477. double_divide(inverse(X0),X1) = double_divide(inverse(inverse(X1)),inverse(X0)) [superposition 124,35]
482. double_divide(inverse(X0),X1) = double_divide(inverse(X0),inverse(inverse(X1))) [superposition 124,124]
483. double_divide(inverse(X0),X4) = double_divide(inverse(double_divide(inverse(double_divide(inverse(double_divide(inverse(double_divide(inverse(double_divide(X1,inverse(X2))),X3)),inverse(inverse(X4)))),double_divide(X1,X3))),inverse(X0))),X2) [superposition 124,28]
486. inverse(inverse(X0)) = X0 [superposition 124,60]
521. double_divide(inverse(double_divide(inverse(double_divide(inverse(double_divide(inverse(X0),double_divide(inverse(double_divide(inverse(X0),X1)),X2))),inverse(X3))),X2)),X1) = X3 [backward demodulation 322,477]
570. double_divide(inverse(X0),X4) = double_divide(inverse(double_divide(inverse(double_divide(inverse(double_divide(inverse(double_divide(inverse(double_divide(X1,inverse(X2))),X3)),X4)),double_divide(X1,X3))),inverse(X0))),X2) [forward demodulation 483,482]
586. double_divide(X2,double_divide(inverse(inverse(X1)),X2)) = X1 [backward demodulation 394,486]
587. double_divide(X1,inverse(X0)) = double_divide(inverse(X0),X1) [backward demodulation 477,486]
592. double_divide(X2,double_divide(X1,X2)) = X1 [forward demodulation 586,486]
607. double_divide(inverse(double_divide(X2,inverse(double_divide(inverse(double_divide(inverse(X0),double_divide(inverse(double_divide(inverse(X0),X1)),X2))),inverse(X3))))),X1) = X3 [backward demodulation 521,587]
610. double_divide(inverse(double_divide(double_divide(X1,X2),inverse(double_divide(inverse(double_divide(inverse(double_divide(X1,inverse(X0))),X2)),inverse(X3))))),X0) = X3 [backward demodulation 21,587]
613. double_divide(inverse(X0),X4) = double_divide(inverse(double_divide(inverse(double_divide(double_divide(X1,X3),inverse(double_divide(inverse(double_divide(inverse(double_divide(X1,inverse(X2))),X3)),X4)))),inverse(X0))),X2) [backward demodulation 570,587]
667. double_divide(inverse(double_divide(X0,inverse(double_divide(inverse(double_divide(inverse(double_divide(inverse(double_divide(double_divide(X1,X2),inverse(double_divide(inverse(double_divide(inverse(double_divide(X1,inverse(X3))),X2)),inverse(X0))))),inverse(X4))),X3)),inverse(X5))))),X4) = X5 [superposition 610,610]
695. double_divide(inverse(double_divide(X0,inverse(double_divide(inverse(double_divide(inverse(X4),inverse(X0))),inverse(X5))))),X4) = X5 [forward demodulation 667,613]
760. double_divide(inverse(double_divide(double_divide(inverse(double_divide(inverse(inverse(X1)),inverse(inverse(X2)))),inverse(X0)),inverse(X0))),X2) = X1 [superposition 695,695]
776. double_divide(inverse(double_divide(inverse(X0),double_divide(inverse(double_divide(inverse(inverse(X1)),inverse(inverse(X2)))),inverse(X0)))),X2) = X1 [forward demodulation 760,587]
777. double_divide(inverse(inverse(double_divide(inverse(inverse(X1)),inverse(inverse(X2))))),X2) = X1 [forward demodulation 776,592]
778. double_divide(double_divide(inverse(inverse(X1)),inverse(inverse(X2))),X2) = X1 [forward demodulation 777,486]
779. double_divide(double_divide(inverse(inverse(X1)),X2),X2) = X1 [forward demodulation 778,486]
780. double_divide(double_divide(X1,X2),X2) = X1 [forward demodulation 779,486]
796. double_divide(X0,X1) = inverse(double_divide(inverse(X1),inverse(X0))) [superposition 780,35]
797. inverse(X1) = double_divide(double_divide(inverse(X0),X0),X1) [superposition 780,174]
799. double_divide(X0,X1) = inverse(double_divide(inverse(X0),inverse(X1))) [superposition 780,124]
826. double_divide(inverse(double_divide(X2,double_divide(X3,double_divide(inverse(X0),double_divide(inverse(double_divide(inverse(X0),X1)),X2))))),X1) = X3 [backward demodulation 607,796]
829. double_divide(double_divide(X0,X2),X0) = X2 [backward demodulation 124,796]
847. inverse(X1) = double_divide(double_divide(X0,inverse(X0)),X1) [forward demodulation 797,587]
901. double_divide(X0,X1) = double_divide(X1,X0) [superposition 780,829]
907. inverse(double_divide(b4,a4)) != inverse(double_divide(b4,a4)) <- (~1) [backward demodulation 6,901]
908. $false <- (~1) [trivial inequality removal 907]
909. 1 [avatar contradiction clause 908]
911. inverse(double_divide(c3,inverse(double_divide(b3,a3)))) != inverse(double_divide(a3,inverse(double_divide(c3,b3)))) <- (~2) [forward demodulation 10,587]
1003. inverse(X1) = double_divide(X1,double_divide(inverse(X0),X0)) [superposition 592,174]
1023. inverse(X1) = double_divide(X1,double_divide(X0,inverse(X0))) [forward demodulation 1003,587]
1767. double_divide(inverse(double_divide(inverse(X1),X0)),X2) = double_divide(inverse(double_divide(inverse(double_divide(inverse(X1),X2)),X3)),double_divide(inverse(X0),X3)) [superposition 262,262]
1770. double_divide(X0,inverse(X1)) = double_divide(inverse(double_divide(inverse(X1),X2)),double_divide(inverse(X0),X2)) [superposition 262,592]
1822. double_divide(inverse(double_divide(inverse(X1),X0)),X2) = double_divide(X0,inverse(double_divide(inverse(X1),X2))) [backward demodulation 1767,1770]
1826. double_divide(inverse(double_divide(X2,double_divide(X3,double_divide(inverse(X0),double_divide(X1,inverse(double_divide(inverse(X0),X2))))))),X1) = X3 [backward demodulation 826,1822]
1833. double_divide(inverse(X1),double_divide(inverse(X0),double_divide(X1,inverse(double_divide(inverse(X0),inverse(X4)))))) = X4 [backward demodulation 263,1822]
1852. double_divide(inverse(X1),double_divide(inverse(X0),double_divide(X1,double_divide(X4,X0)))) = X4 [forward demodulation 1833,796]
1980. double_divide(inverse(X1),X0) = double_divide(inverse(X2),double_divide(X1,double_divide(X0,X2))) [superposition 117,1852]
2060. inverse(double_divide(X1,inverse(X1))) = inverse(double_divide(X0,inverse(X0))) [superposition 1023,847]
2472. inverse(double_divide(X0,inverse(X1))) = double_divide(X1,inverse(X0)) [superposition 796,486]
2473. inverse(double_divide(double_divide(X0,X1),inverse(X2))) = double_divide(X2,double_divide(inverse(X1),inverse(X0))) [superposition 796,796]
2474. double_divide(inverse(X0),X1) = inverse(double_divide(inverse(X1),X0)) [superposition 796,486]
2491. double_divide(inverse(X1),inverse(X0)) = inverse(double_divide(X0,X1)) [superposition 486,796]
2555. inverse(double_divide(a3,inverse(double_divide(c3,b3)))) != double_divide(double_divide(b3,a3),inverse(c3)) <- (~2) [backward demodulation 911,2472]
2596. inverse(double_divide(a3,inverse(double_divide(c3,b3)))) != double_divide(inverse(c3),double_divide(b3,a3)) <- (~2) [forward demodulation 2555,587]
2597. double_divide(X2,double_divide(inverse(X1),inverse(X0))) = double_divide(X2,inverse(double_divide(X0,X1))) [forward demodulation 2473,2472]
2626. double_divide(inverse(double_divide(X2,double_divide(X3,double_divide(inverse(X0),double_divide(X1,double_divide(inverse(X2),X0)))))),X1) = X3 [backward demodulation 1826,2474]
2771. double_divide(inverse(double_divide(X2,double_divide(X3,double_divide(inverse(X1),inverse(X2))))),X1) = X3 [forward demodulation 2626,1980]
2772. double_divide(inverse(double_divide(X2,double_divide(X3,inverse(double_divide(X2,X1))))),X1) = X3 [forward demodulation 2771,2597]
2802. double_divide(X0,X1) = inverse(inverse(double_divide(X1,X0))) [backward demodulation 799,2491]
2857. inverse(double_divide(X0,X1)) = inverse(double_divide(X1,X0)) [superposition 486,2802]
2930. double_divide(inverse(double_divide(X1,X0)),X2) = double_divide(X0,inverse(double_divide(X1,X2))) [superposition 2772,780]
5580. double_divide(double_divide(X1,X0),inverse(X2)) = inverse(double_divide(X2,inverse(double_divide(X0,X1)))) [superposition 2472,2857]
6126. inverse(double_divide(inverse(double_divide(X0,X1)),X2)) = double_divide(inverse(X2),double_divide(X1,X0)) [superposition 2474,2857]
6190. double_divide(inverse(X2),double_divide(X1,X0)) = inverse(double_divide(X1,inverse(double_divide(X0,X2)))) [forward demodulation 6126,2930]
6192. double_divide(inverse(X1),double_divide(X2,X0)) = double_divide(double_divide(X1,X0),inverse(X2)) [backward demodulation 5580,6190]
40344. double_divide(X0,inverse(double_divide(X1,X2))) = double_divide(X2,inverse(double_divide(X1,X0))) [superposition 2930,587]
40985. double_divide(inverse(c3),double_divide(b3,a3)) != inverse(double_divide(b3,inverse(double_divide(c3,a3)))) <- (~2) [backward demodulation 2596,40344]
41447. double_divide(inverse(c3),double_divide(b3,a3)) != double_divide(double_divide(c3,a3),inverse(b3)) <- (~2) [superposition 40985,2472]
41448. $false <- (~2) [subsumption resolution 41447,6192]
41449. 2 [avatar contradiction clause 41448]
41450. a2 != inverse(double_divide(a2,double_divide(b2,inverse(b2)))) <- (~3) [forward demodulation 14,2472]
41451. a2 != inverse(inverse(a2)) <- (~3) [forward demodulation 41450,1023]
41452. $false <- (~3) [subsumption resolution 41451,486]
41453. 3 [avatar contradiction clause 41452]
41455. $false <- (~4) [subsumption resolution 18,2060]
41456. 4 [avatar contradiction clause 41455]
41459. $false [avatar sat refutation 19,909,41449,41453,41456]
% SZS output end Proof for GRP111-1_clausified
% ------------------------------
% Version: Vampire 4.9 (Release build, commit 0accf6da4 on 2024-12-10 11:55:58 +0000)
% Termination reason: Refutation

% Time elapsed: 1.944 s
% Instructions burned: 7058 (million)
% ------------------------------
% ------------------------------
