% Running in auto input_syntax mode. Trying TPTP
% Refutation found. Thanks to Tanya!
% SZS status Unsatisfiable for GRP480-1
% SZS output start Proof for GRP480-1
1. divide(inverse(divide(divide(divide(X0,X0),X1),divide(X2,divide(X1,X3)))),X3) = X2 [input(axiom)]
2. multiply(X0,X1) = divide(X0,inverse(X1)) [input(axiom)]
3. multiply(multiply(a3,b3),c3) != multiply(a3,multiply(b3,c3)) [input(negated conjecture)]
4. divide(divide(a3,inverse(b3)),inverse(c3)) != divide(a3,inverse(divide(b3,inverse(c3)))) [definition unfolding 3,2,2,2,2]
5. divide(inverse(divide(divide(divide(X1,X1),inverse(divide(divide(divide(X2,X2),X3),divide(X0,divide(X3,X4))))),divide(X5,X0))),X4) = X5 [superposition 1,1]
6. inverse(divide(divide(divide(X3,X3),X4),divide(X0,divide(X4,divide(X2,X5))))) = divide(inverse(divide(divide(divide(X1,X1),X2),X0)),X5) [superposition 1,1]
22. inverse(divide(divide(divide(X1,X1),X2),X0)) = divide(inverse(divide(divide(divide(X7,X7),X5),inverse(divide(divide(divide(X3,X3),X4),divide(X0,divide(X4,divide(X2,divide(X5,X6)))))))),X6) [superposition 6,1]
27. inverse(divide(divide(divide(X4,X4),X5),divide(divide(X2,divide(X6,divide(X1,X3))),divide(X5,divide(X6,X7))))) = divide(divide(inverse(divide(divide(divide(X0,X0),X1),X2)),X3),X7) [superposition 6,6]
29. inverse(divide(divide(divide(X1,X1),X2),divide(divide(X0,X3),divide(X2,divide(inverse(divide(divide(divide(X4,X4),X5),divide(X3,divide(X5,X6)))),X6))))) = X0 [superposition 6,5]
32. divide(divide(inverse(divide(divide(divide(X0,X0),X1),X2)),X3),divide(X1,X3)) = X2 [superposition 1,6]
43. inverse(divide(divide(divide(X1,X1),X2),divide(divide(X0,X3),divide(X2,X3)))) = X0 [forward demodulation 29,1]
46. divide(divide(inverse(divide(X0,X3)),X4),divide(divide(X2,inverse(divide(divide(divide(X1,X1),X2),X0))),X4)) = X3 [superposition 32,32]
76. inverse(divide(divide(divide(X1,X1),X2),X0)) = inverse(divide(divide(divide(X3,X3),X2),X0)) [superposition 43,32]
80. divide(divide(X0,X3),divide(X2,X3)) = divide(divide(X0,X4),divide(X2,X4)) [superposition 32,43]
82. divide(divide(inverse(divide(divide(divide(X1,X1),X2),divide(X0,divide(X2,X3)))),X5),divide(X4,X5)) = divide(X0,divide(X4,X3)) [superposition 80,1]
86. divide(divide(divide(X0,X3),X5),divide(X4,X5)) = divide(divide(divide(X0,X1),divide(X2,X1)),divide(X4,divide(X2,X3))) [superposition 80,80]
138. divide(X2,X3) = divide(divide(inverse(divide(divide(divide(X0,X0),X1),divide(X2,X1))),X4),divide(X3,X4)) [superposition 32,80]
207. inverse(divide(X0,X3)) = inverse(divide(divide(divide(X4,X4),divide(X2,inverse(divide(divide(divide(X1,X1),X2),X0)))),X3)) [superposition 76,32]
831. divide(divide(inverse(divide(divide(divide(X9,X9),inverse(divide(divide(divide(X5,X5),X6),divide(X0,divide(X6,X7))))),X3)),X7),X8) = inverse(divide(divide(divide(X1,X1),X2),divide(divide(X3,divide(X4,X0)),divide(X2,divide(X4,X8))))) [superposition 27,1]
1078. divide(inverse(divide(divide(divide(X1,X1),X2),divide(X0,divide(X2,X3)))),X4) = divide(divide(inverse(divide(divide(divide(X5,X5),X3),X0)),X6),divide(X4,X6)) [superposition 138,1]
1085. divide(divide(inverse(divide(divide(divide(X1,X1),X2),X0)),X3),X4) = divide(divide(inverse(divide(divide(divide(X5,X5),divide(X2,X3)),X0)),X6),divide(X4,X6)) [superposition 138,32]
1736. divide(X0,X4) = divide(X0,divide(X1,inverse(divide(divide(divide(X2,X2),X1),divide(divide(X3,X3),X4))))) [superposition 46,138]
2346. divide(X2,inverse(divide(divide(divide(X3,X3),X2),divide(divide(X4,X4),X1)))) = divide(divide(inverse(divide(X0,X1)),X5),divide(divide(X6,inverse(divide(divide(divide(X7,X7),X6),X0))),X5)) [superposition 46,1736]
2440. divide(X2,inverse(divide(divide(divide(X3,X3),X2),divide(divide(X4,X4),X1)))) = X1 [forward demodulation 2346,46]
2948. inverse(X0) = inverse(divide(divide(divide(X5,X5),X2),inverse(divide(divide(divide(X3,X3),divide(divide(X1,X1),X2)),divide(divide(X4,X4),X0))))) [superposition 76,2440]
3125. divide(inverse(divide(divide(divide(X0,X0),X1),divide(X2,divide(X1,X3)))),X3) = inverse(divide(divide(divide(X4,X4),X2),divide(X5,X5))) [superposition 22,2440]
3261. inverse(divide(divide(divide(X4,X4),X2),divide(X5,X5))) = X2 [forward demodulation 3125,1]
3282. divide(X2,inverse(divide(divide(divide(X1,X1),X2),X0))) = inverse(divide(X0,divide(X3,X3))) [superposition 3261,32]
3289. inverse(divide(divide(divide(X2,X2),divide(X1,X1)),divide(divide(X3,X3),X0))) = inverse(divide(X0,divide(X4,X4))) [superposition 3261,2440]
3298. inverse(divide(divide(divide(X0,X0),X1),divide(X2,X1))) = X2 [superposition 3261,80]
3341. divide(X2,X3) = divide(divide(X2,X4),divide(X3,X4)) [backward demodulation 138,3298]
3486. inverse(divide(divide(X0,X0),X2)) = X2 [backward demodulation 3298,3341]
3489. divide(divide(divide(X0,X1),divide(X2,X1)),divide(X4,divide(X2,X3))) = divide(divide(X0,X3),X4) [backward demodulation 86,3341]
3778. divide(divide(X0,X3),X4) = divide(divide(X0,X2),divide(X4,divide(X2,X3))) [forward demodulation 3489,3341]
3779. divide(inverse(divide(divide(divide(X0,X0),X3),X2)),X3) = X2 [backward demodulation 1,3778]
3795. divide(X0,divide(X4,X3)) = divide(divide(inverse(divide(divide(divide(X1,X1),X3),X0)),X5),divide(X4,X5)) [backward demodulation 82,3778]
3811. inverse(divide(divide(divide(X1,X1),X2),divide(divide(X3,divide(X4,X0)),divide(X2,divide(X4,X8))))) = divide(divide(inverse(divide(divide(divide(X9,X9),inverse(divide(divide(divide(X5,X5),X7),X0))),X3)),X7),X8) [backward demodulation 831,3778]
3818. divide(divide(inverse(divide(divide(divide(X5,X5),X3),X0)),X6),divide(X4,X6)) = divide(inverse(divide(divide(divide(X1,X1),X3),X0)),X4) [backward demodulation 1078,3778]
4534. divide(X0,divide(X4,divide(X2,X3))) = divide(divide(inverse(divide(divide(divide(X1,X1),X2),X0)),X3),X4) [backward demodulation 1085,3795]
4589. divide(divide(inverse(divide(divide(divide(X9,X9),inverse(divide(divide(divide(X5,X5),X7),X0))),X3)),X7),X8) = inverse(divide(divide(divide(X1,X1),divide(X4,X8)),divide(X3,divide(X4,X0)))) [forward demodulation 3811,3778]
4601. divide(X0,divide(X4,X3)) = divide(inverse(divide(divide(divide(X1,X1),X3),X0)),X4) [forward demodulation 3818,3795]
4627. divide(X0,divide(X4,X3)) = divide(divide(X0,divide(X5,X3)),divide(X4,X5)) [backward demodulation 3795,4601]
4631. divide(X0,divide(X4,divide(X2,X3))) = divide(divide(X0,divide(X3,X2)),X4) [backward demodulation 4534,4601]
4648. inverse(divide(divide(divide(X1,X1),divide(X4,X8)),divide(X3,divide(X4,X0)))) = divide(divide(X3,divide(X7,inverse(divide(divide(divide(X5,X5),X7),X0)))),X8) [backward demodulation 4589,4601]
4700. inverse(divide(X0,X3)) = inverse(divide(divide(X4,X4),divide(X3,divide(inverse(divide(divide(divide(X1,X1),X2),X0)),X2)))) [backward demodulation 207,4631]
4725. inverse(divide(X0,divide(X4,X4))) = inverse(divide(divide(X2,X2),divide(divide(divide(X3,X3),X0),divide(X1,X1)))) [backward demodulation 3289,4631]
4727. inverse(X0) = inverse(divide(divide(divide(X5,X5),X2),inverse(divide(divide(X3,X3),divide(divide(divide(X4,X4),X0),divide(X2,divide(X1,X1))))))) [backward demodulation 2948,4631]
4744. inverse(divide(X0,X3)) = inverse(divide(divide(X4,X4),divide(X3,X0))) [forward demodulation 4700,3779]
4745. inverse(divide(X0,X3)) = divide(X3,X0) [forward demodulation 4744,3486]
4782. inverse(divide(X0,divide(X3,X3))) = divide(X2,divide(X0,divide(divide(X1,X1),X2))) [backward demodulation 3282,4745]
4817. divide(divide(a3,inverse(b3)),inverse(c3)) != divide(a3,divide(inverse(c3),b3)) [backward demodulation 4,4745]
5186. inverse(X0) = inverse(divide(divide(divide(X5,X5),X2),divide(divide(divide(X4,X4),X0),divide(X2,divide(X1,X1))))) [forward demodulation 4727,3486]
5187. inverse(X0) = inverse(divide(divide(divide(X5,X5),divide(X1,X1)),divide(divide(X4,X4),X0))) [forward demodulation 5186,3778]
5188. inverse(X0) = inverse(divide(divide(X5,X5),divide(divide(divide(X4,X4),X0),divide(X1,X1)))) [forward demodulation 5187,4631]
5189. inverse(X0) = inverse(divide(X0,divide(X4,X4))) [backward demodulation 4725,5188]
5191. inverse(X0) = divide(X2,divide(X0,divide(divide(X1,X1),X2))) [backward demodulation 4782,5189]
5319. inverse(divide(divide(divide(X1,X1),divide(X4,X8)),divide(X3,divide(X4,X0)))) = divide(divide(X3,divide(X7,divide(X0,divide(divide(X5,X5),X7)))),X8) [forward demodulation 4648,4745]
5320. inverse(divide(divide(divide(X1,X1),divide(X4,X8)),divide(X3,divide(X4,X0)))) = divide(divide(X3,inverse(X0)),X8) [forward demodulation 5319,5191]
5321. divide(divide(X3,inverse(X0)),X8) = inverse(divide(divide(X1,X1),divide(divide(X3,divide(X4,X0)),divide(X8,X4)))) [forward demodulation 5320,4631]
5322. divide(divide(X3,inverse(X0)),X8) = inverse(divide(divide(X1,X1),divide(X3,divide(X8,X0)))) [forward demodulation 5321,4627]
5323. divide(X3,divide(X8,X0)) = divide(divide(X3,inverse(X0)),X8) [forward demodulation 5322,3486]
16263. divide(a3,divide(inverse(c3),b3)) != divide(a3,divide(inverse(c3),b3)) [superposition 4817,5323]
16264. $false [trivial inequality removal 16263]
% SZS output end Proof for GRP480-1
% ------------------------------
% Version: Vampire 4.9 (Release build, commit 0accf6da4 on 2024-12-10 11:55:58 +0000)
% Termination reason: Refutation

% Time elapsed: 0.714 s
% Instructions burned: 1612 (million)
% ------------------------------
% ------------------------------
