% Running in auto input_syntax mode. Trying TPTP
% Refutation found. Thanks to Tanya!
% SZS status Unsatisfiable for GRP576-1
% SZS output start Proof for GRP576-1
1. double_divide(double_divide(X0,double_divide(double_divide(X1,double_divide(X2,X0)),double_divide(X2,identity))),double_divide(identity,identity)) = X1 [input(axiom)]
2. multiply(X0,X1) = double_divide(double_divide(X1,X0),identity) [input(axiom)]
3. inverse(X0) = double_divide(X0,identity) [input(axiom)]
4. identity = double_divide(X0,inverse(X0)) [input(axiom)]
5. multiply(a,b) != multiply(b,a) [input(negated conjecture)]
6. identity = double_divide(X0,double_divide(X0,identity)) [definition unfolding 4,3]
7. double_divide(double_divide(b,a),identity) != double_divide(double_divide(a,b),identity) [definition unfolding 5,2,2]
8. double_divide(double_divide(double_divide(X0,identity),double_divide(double_divide(X1,identity),double_divide(X0,identity))),double_divide(identity,identity)) = X1 [superposition 1,6]
9. double_divide(double_divide(double_divide(identity,identity),double_divide(double_divide(X1,X0),double_divide(double_divide(X2,double_divide(double_divide(X0,double_divide(X3,X2)),double_divide(X3,identity))),identity))),double_divide(identity,identity)) = X1 [superposition 1,1]
10. double_divide(double_divide(identity,double_divide(identity,double_divide(X0,identity))),double_divide(identity,identity)) = X0 [superposition 1,6]
11. double_divide(X1,double_divide(double_divide(X0,double_divide(X2,X1)),double_divide(X2,identity))) = double_divide(double_divide(identity,double_divide(X0,double_divide(identity,identity))),double_divide(identity,identity)) [superposition 1,1]
12. identity = double_divide(double_divide(identity,identity),double_divide(identity,identity)) [superposition 10,6]
14. double_divide(identity,double_divide(identity,double_divide(X0,identity))) = double_divide(double_divide(identity,double_divide(X0,double_divide(identity,identity))),double_divide(identity,identity)) [superposition 1,10]
16. double_divide(identity,identity) = double_divide(double_divide(identity,double_divide(identity,double_divide(identity,identity))),double_divide(identity,identity)) [superposition 1,12]
18. identity = double_divide(identity,identity) [forward demodulation 16,10]
29. double_divide(double_divide(X0,double_divide(double_divide(X1,double_divide(X2,X0)),double_divide(X2,identity))),identity) = X1 [superposition 1,18]
39. double_divide(double_divide(identity,identity),double_divide(double_divide(X1,X0),double_divide(double_divide(X2,double_divide(double_divide(X0,double_divide(X3,X2)),double_divide(X3,identity))),identity))) = double_divide(double_divide(identity,double_divide(X1,double_divide(identity,identity))),double_divide(identity,identity)) [superposition 11,1]
45. double_divide(identity,double_divide(double_divide(X0,identity),identity)) = double_divide(double_divide(identity,double_divide(X0,identity)),identity) [superposition 11,18]
50. double_divide(identity,double_divide(X0,double_divide(identity,identity))) = double_divide(double_divide(identity,X0),double_divide(identity,identity)) [superposition 11,8]
54. double_divide(double_divide(identity,double_divide(identity,double_divide(identity,identity))),double_divide(identity,identity)) = double_divide(double_divide(X0,identity),X0) [superposition 11,10]
62. double_divide(X0,double_divide(double_divide(X1,double_divide(X2,X0)),double_divide(X2,identity))) = double_divide(double_divide(identity,double_divide(X1,identity)),identity) [superposition 11,18]
72. double_divide(identity,double_divide(X1,double_divide(identity,identity))) = double_divide(double_divide(identity,double_divide(double_divide(X0,double_divide(double_divide(X1,double_divide(X2,X0)),double_divide(X2,identity))),double_divide(identity,identity))),double_divide(identity,identity)) [superposition 1,11]
73. double_divide(double_divide(double_divide(identity,identity),double_divide(double_divide(X3,double_divide(X0,double_divide(double_divide(X1,double_divide(X2,X0)),double_divide(X2,identity)))),double_divide(double_divide(identity,double_divide(X1,double_divide(identity,identity))),identity))),double_divide(identity,identity)) = X3 [superposition 1,11]
74. double_divide(double_divide(identity,double_divide(double_divide(X3,double_divide(X0,double_divide(double_divide(X1,double_divide(X2,X0)),double_divide(X2,identity)))),double_divide(double_divide(identity,double_divide(X1,identity)),identity))),identity) = X3 [forward demodulation 73,18]
75. double_divide(identity,double_divide(X1,double_divide(identity,identity))) = double_divide(identity,double_divide(identity,double_divide(double_divide(X0,double_divide(double_divide(X1,double_divide(X2,X0)),double_divide(X2,identity))),identity))) [forward demodulation 72,14]
89. identity = double_divide(double_divide(X0,identity),X0) [forward demodulation 54,10]
92. double_divide(identity,double_divide(X0,identity)) = double_divide(double_divide(identity,X0),identity) [forward demodulation 50,18]
101. double_divide(double_divide(identity,identity),double_divide(double_divide(X1,X0),double_divide(double_divide(X2,double_divide(double_divide(X0,double_divide(X3,X2)),double_divide(X3,identity))),identity))) = double_divide(identity,double_divide(identity,double_divide(X1,identity))) [forward demodulation 39,14]
103. double_divide(double_divide(identity,double_divide(double_divide(X3,double_divide(X0,double_divide(double_divide(X1,double_divide(X2,X0)),double_divide(X2,identity)))),double_divide(identity,double_divide(double_divide(X1,identity),identity)))),identity) = X3 [forward demodulation 74,45]
104. double_divide(identity,double_divide(X1,double_divide(identity,identity))) = double_divide(identity,double_divide(identity,X1)) [forward demodulation 75,29]
125. double_divide(identity,double_divide(identity,double_divide(X1,identity))) = double_divide(double_divide(identity,identity),double_divide(double_divide(X1,X0),X0)) [forward demodulation 101,29]
126. double_divide(identity,double_divide(double_divide(double_divide(X3,double_divide(X0,double_divide(double_divide(X1,double_divide(X2,X0)),double_divide(X2,identity)))),double_divide(identity,double_divide(double_divide(X1,identity),identity))),identity)) = X3 [forward demodulation 103,92]
127. double_divide(identity,double_divide(X1,identity)) = double_divide(identity,double_divide(identity,X1)) [forward demodulation 104,18]
138. double_divide(identity,double_divide(identity,double_divide(X1,identity))) = double_divide(identity,double_divide(double_divide(X1,X0),X0)) [forward demodulation 125,18]
139. double_divide(identity,double_divide(double_divide(double_divide(X3,double_divide(double_divide(identity,double_divide(X1,identity)),identity)),double_divide(identity,double_divide(double_divide(X1,identity),identity))),identity)) = X3 [forward demodulation 126,62]
150. double_divide(identity,double_divide(identity,double_divide(double_divide(X3,double_divide(double_divide(identity,double_divide(X1,identity)),identity)),double_divide(identity,double_divide(double_divide(X1,identity),identity))))) = X3 [forward demodulation 139,127]
155. double_divide(identity,double_divide(identity,double_divide(double_divide(X3,double_divide(double_divide(identity,double_divide(X1,identity)),identity)),double_divide(identity,double_divide(identity,double_divide(X1,identity)))))) = X3 [forward demodulation 150,127]
159. double_divide(identity,double_divide(identity,double_divide(double_divide(X3,double_divide(identity,double_divide(double_divide(X1,identity),identity))),double_divide(identity,double_divide(identity,double_divide(X1,identity)))))) = X3 [forward demodulation 155,45]
163. double_divide(identity,double_divide(identity,double_divide(double_divide(X3,double_divide(identity,double_divide(identity,double_divide(X1,identity)))),double_divide(identity,double_divide(identity,double_divide(X1,identity)))))) = X3 [forward demodulation 159,127]
166. double_divide(identity,double_divide(identity,double_divide(identity,double_divide(X3,identity)))) = X3 [forward demodulation 163,138]
180. double_divide(double_divide(identity,double_divide(double_divide(double_divide(X1,X0),identity),double_divide(identity,identity))),double_divide(identity,identity)) = double_divide(X0,double_divide(identity,double_divide(X1,identity))) [superposition 11,89]
181. double_divide(double_divide(X1,X0),identity) = double_divide(double_divide(X0,double_divide(identity,double_divide(X1,identity))),double_divide(identity,identity)) [superposition 1,89]
188. double_divide(double_divide(X1,X0),identity) = double_divide(double_divide(X0,double_divide(identity,double_divide(X1,identity))),identity) [forward demodulation 181,18]
189. double_divide(X0,double_divide(identity,double_divide(X1,identity))) = double_divide(identity,double_divide(identity,double_divide(double_divide(double_divide(X1,X0),identity),identity))) [forward demodulation 180,14]
197. double_divide(X0,double_divide(identity,double_divide(X1,identity))) = double_divide(identity,double_divide(identity,double_divide(identity,double_divide(double_divide(X1,X0),identity)))) [forward demodulation 189,127]
199. double_divide(X1,X0) = double_divide(X0,double_divide(identity,double_divide(X1,identity))) [forward demodulation 197,166]
203. double_divide(double_divide(double_divide(identity,identity),double_divide(identity,double_divide(double_divide(X1,double_divide(double_divide(double_divide(X0,identity),double_divide(X2,X1)),double_divide(X2,identity))),identity))),double_divide(identity,identity)) = X0 [superposition 9,6]
206. double_divide(identity,double_divide(X1,double_divide(identity,identity))) = double_divide(double_divide(double_divide(identity,identity),double_divide(double_divide(X0,double_divide(double_divide(X1,double_divide(X2,X0)),double_divide(X2,identity))),double_divide(double_divide(X3,double_divide(double_divide(double_divide(identity,identity),double_divide(X4,X3)),double_divide(X4,identity))),identity))),double_divide(identity,identity)) [superposition 9,11]
239. double_divide(double_divide(identity,X0),double_divide(identity,identity)) = double_divide(X1,double_divide(double_divide(double_divide(double_divide(identity,identity),double_divide(double_divide(X0,X2),double_divide(double_divide(X3,double_divide(double_divide(X2,double_divide(X4,X3)),double_divide(X4,identity))),identity))),double_divide(X5,X1)),double_divide(X5,identity))) [superposition 11,9]
248. double_divide(double_divide(identity,X0),double_divide(identity,identity)) = double_divide(double_divide(identity,double_divide(double_divide(double_divide(identity,identity),double_divide(double_divide(X0,X2),double_divide(double_divide(X3,double_divide(double_divide(X2,double_divide(X4,X3)),double_divide(X4,identity))),identity))),identity)),identity) [forward demodulation 239,62]
280. double_divide(identity,double_divide(X1,identity)) = double_divide(double_divide(identity,double_divide(double_divide(X0,double_divide(double_divide(X1,double_divide(X2,X0)),double_divide(X2,identity))),double_divide(double_divide(X3,double_divide(double_divide(identity,double_divide(X4,X3)),double_divide(X4,identity))),identity))),identity) [forward demodulation 206,18]
283. double_divide(double_divide(identity,double_divide(identity,double_divide(double_divide(X1,double_divide(double_divide(double_divide(X0,identity),double_divide(X2,X1)),double_divide(X2,identity))),identity))),identity) = X0 [forward demodulation 203,18]
287. double_divide(double_divide(identity,X0),double_divide(identity,identity)) = double_divide(identity,double_divide(double_divide(double_divide(double_divide(identity,identity),double_divide(double_divide(X0,X2),double_divide(double_divide(X3,double_divide(double_divide(X2,double_divide(X4,X3)),double_divide(X4,identity))),identity))),identity),identity)) [forward demodulation 248,45]
317. double_divide(identity,double_divide(X1,identity)) = double_divide(identity,double_divide(double_divide(double_divide(X0,double_divide(double_divide(X1,double_divide(X2,X0)),double_divide(X2,identity))),double_divide(double_divide(X3,double_divide(double_divide(identity,double_divide(X4,X3)),double_divide(X4,identity))),identity)),identity)) [forward demodulation 280,92]
320. double_divide(double_divide(double_divide(X1,double_divide(double_divide(double_divide(X0,identity),double_divide(X2,X1)),double_divide(X2,identity))),identity),identity) = X0 [forward demodulation 283,188]
324. double_divide(double_divide(identity,X0),double_divide(identity,identity)) = double_divide(identity,double_divide(identity,double_divide(double_divide(double_divide(identity,identity),double_divide(double_divide(X0,X2),double_divide(double_divide(X3,double_divide(double_divide(X2,double_divide(X4,X3)),double_divide(X4,identity))),identity))),identity))) [forward demodulation 287,127]
352. double_divide(identity,double_divide(X1,identity)) = double_divide(identity,double_divide(identity,double_divide(double_divide(X0,double_divide(double_divide(X1,double_divide(X2,X0)),double_divide(X2,identity))),double_divide(double_divide(X3,double_divide(double_divide(identity,double_divide(X4,X3)),double_divide(X4,identity))),identity)))) [forward demodulation 317,127]
355. double_divide(double_divide(X0,identity),identity) = X0 [forward demodulation 320,29]
359. double_divide(double_divide(identity,X0),double_divide(identity,identity)) = double_divide(double_divide(double_divide(identity,identity),double_divide(double_divide(X0,X2),double_divide(double_divide(X3,double_divide(double_divide(X2,double_divide(X4,X3)),double_divide(X4,identity))),identity))),identity) [forward demodulation 324,199]
386. double_divide(identity,double_divide(X1,identity)) = double_divide(identity,double_divide(identity,double_divide(double_divide(X0,double_divide(double_divide(X1,double_divide(X2,X0)),double_divide(X2,identity))),identity))) [forward demodulation 352,29]
390. double_divide(double_divide(identity,X0),double_divide(identity,identity)) = double_divide(double_divide(double_divide(identity,identity),double_divide(double_divide(X0,X2),X2)),identity) [forward demodulation 359,29]
414. double_divide(identity,double_divide(X1,identity)) = double_divide(double_divide(X0,double_divide(double_divide(X1,double_divide(X2,X0)),double_divide(X2,identity))),identity) [forward demodulation 386,199]
418. double_divide(double_divide(identity,X0),identity) = double_divide(double_divide(identity,double_divide(double_divide(X0,X2),X2)),identity) [forward demodulation 390,18]
437. double_divide(identity,double_divide(X1,identity)) = X1 [forward demodulation 414,29]
439. double_divide(double_divide(identity,X0),identity) = double_divide(identity,double_divide(double_divide(double_divide(X0,X2),X2),identity)) [forward demodulation 418,92]
449. double_divide(double_divide(identity,X0),identity) = double_divide(identity,double_divide(identity,double_divide(double_divide(X0,X2),X2))) [forward demodulation 439,127]
455. double_divide(double_divide(identity,X0),identity) = double_divide(identity,double_divide(identity,double_divide(identity,double_divide(X0,identity)))) [forward demodulation 449,138]
458. double_divide(double_divide(identity,X0),identity) = X0 [forward demodulation 455,166]
502. double_divide(X0,identity) = double_divide(identity,X0) [superposition 437,355]
699. double_divide(double_divide(double_divide(identity,identity),double_divide(double_divide(X3,X1),double_divide(identity,double_divide(X0,double_divide(double_divide(X1,double_divide(X2,X0)),double_divide(X2,identity)))))),double_divide(identity,identity)) = X3 [superposition 9,502]
701. double_divide(identity,double_divide(identity,X0)) = X0 [superposition 458,502]
705. double_divide(double_divide(double_divide(identity,identity),double_divide(double_divide(X1,X2),double_divide(double_divide(X0,double_divide(double_divide(X2,double_divide(X0,identity)),double_divide(identity,identity))),identity))),double_divide(identity,identity)) = X1 [superposition 9,502]
708. double_divide(double_divide(X0,double_divide(double_divide(X1,double_divide(X0,identity)),double_divide(identity,identity))),double_divide(identity,identity)) = X1 [superposition 1,502]
709. double_divide(double_divide(X0,double_divide(double_divide(X1,double_divide(X0,identity)),identity)),identity) = X1 [forward demodulation 708,18]
712. double_divide(double_divide(identity,double_divide(double_divide(X1,X2),double_divide(double_divide(X0,double_divide(double_divide(X2,double_divide(X0,identity)),identity)),identity))),identity) = X1 [forward demodulation 705,18]
713. double_divide(double_divide(identity,double_divide(double_divide(X3,X1),double_divide(identity,double_divide(X0,double_divide(double_divide(X1,double_divide(X2,X0)),double_divide(X2,identity)))))),identity) = X3 [forward demodulation 699,18]
726. double_divide(identity,double_divide(X0,double_divide(double_divide(X1,double_divide(X0,identity)),identity))) = X1 [forward demodulation 709,502]
729. double_divide(identity,double_divide(identity,double_divide(double_divide(X1,X2),double_divide(double_divide(X0,double_divide(double_divide(X2,double_divide(X0,identity)),identity)),identity)))) = X1 [forward demodulation 712,502]
730. double_divide(identity,double_divide(identity,double_divide(double_divide(X3,X1),double_divide(identity,double_divide(X0,double_divide(double_divide(X1,double_divide(X2,X0)),double_divide(X2,identity))))))) = X3 [forward demodulation 713,502]
740. double_divide(identity,double_divide(X0,double_divide(identity,double_divide(X1,double_divide(X0,identity))))) = X1 [forward demodulation 726,502]
743. double_divide(double_divide(X1,X2),double_divide(double_divide(X0,double_divide(double_divide(X2,double_divide(X0,identity)),identity)),identity)) = X1 [forward demodulation 729,701]
744. double_divide(double_divide(X3,X1),double_divide(identity,double_divide(X0,double_divide(double_divide(X1,double_divide(X2,X0)),double_divide(X2,identity))))) = X3 [forward demodulation 730,701]
754. double_divide(double_divide(X1,X2),double_divide(identity,double_divide(X0,double_divide(double_divide(X2,double_divide(X0,identity)),identity)))) = X1 [forward demodulation 743,502]
755. double_divide(double_divide(X3,X1),double_divide(identity,double_divide(double_divide(identity,double_divide(X1,identity)),identity))) = X3 [forward demodulation 744,62]
761. double_divide(double_divide(X1,X2),double_divide(identity,double_divide(X0,double_divide(identity,double_divide(X2,double_divide(X0,identity)))))) = X1 [forward demodulation 754,502]
762. double_divide(double_divide(identity,double_divide(X1,identity)),double_divide(X3,X1)) = X3 [forward demodulation 755,199]
767. double_divide(double_divide(X1,X2),X2) = X1 [forward demodulation 761,740]
768. double_divide(X1,double_divide(X3,X1)) = X3 [forward demodulation 762,437]
1900. double_divide(X1,X0) = double_divide(X0,X1) [superposition 768,767]
3680. double_divide(double_divide(a,b),identity) != double_divide(double_divide(a,b),identity) [superposition 7,1900]
3681. $false [trivial inequality removal 3680]
% SZS output end Proof for GRP576-1
% ------------------------------
% Version: Vampire 5.0.0 (Release build, commit 2e2c9b7b8 on 2026-01-17 12:24:14 +0100)
% Linked with Z3 4.14.0.0 3c47fd96cf5645d0c42b2c819d9e9a84380aa721 z3-4.8.4-9178-g3c47fd96c
% CaDiCaL version: 2.1.3
% Termination reason: Refutation
% Time elapsed: 0.046 s
% Peak memory usage: 59 MB
% Instructions burned: 114 (million)
% ------------------------------
% ------------------------------
