% Running in auto input_syntax mode. Trying TPTP
% Refutation found. Thanks to Tanya!
% SZS status Unsatisfiable for GRP598-1
% SZS output start Proof for GRP598-1
1. double_divide(double_divide(X0,X1),inverse(double_divide(X0,inverse(double_divide(inverse(X2),X1))))) = X2 [input(axiom)]
2. multiply(X0,X1) = inverse(double_divide(X1,X0)) [input(axiom)]
3. multiply(multiply(inverse(b2),b2),a2) != a2 [input(negated conjecture)]
4. a2 != multiply(multiply(inverse(b2),b2),a2) [reorient equations 3]
5. a2 != inverse(double_divide(a2,inverse(double_divide(b2,inverse(b2))))) [definition unfolding 4,2,2]
6. double_divide(X0,inverse(double_divide(double_divide(X1,X2),inverse(double_divide(inverse(X3),inverse(double_divide(X1,inverse(double_divide(inverse(X0),X2))))))))) = X3 [superposition 1,1]
7. double_divide(double_divide(double_divide(inverse(X1),X2),inverse(double_divide(inverse(X0),X2))),inverse(X0)) = X1 [superposition 1,1]
16. double_divide(X0,inverse(double_divide(double_divide(double_divide(X1,X2),inverse(double_divide(X1,inverse(double_divide(inverse(inverse(X3)),X2))))),inverse(X0)))) = X3 [superposition 6,6]
20. double_divide(double_divide(X1,inverse(double_divide(double_divide(X2,X3),inverse(double_divide(inverse(X0),inverse(double_divide(X2,inverse(double_divide(inverse(inverse(X4)),X3))))))))),inverse(double_divide(X1,inverse(X0)))) = X4 [superposition 1,6]
21. double_divide(X0,inverse(double_divide(inverse(X3),inverse(X0)))) = X3 [forward demodulation 16,1]
25. double_divide(double_divide(X1,inverse(X1)),inverse(X0)) = X0 [superposition 1,21]
53. double_divide(inverse(X0),inverse(double_divide(X1,inverse(X1)))) = X0 [superposition 21,25]
95. double_divide(double_divide(double_divide(inverse(X1),inverse(double_divide(X2,inverse(X2)))),inverse(X0)),inverse(X0)) = X1 [superposition 7,53]
109. double_divide(double_divide(X1,inverse(X0)),inverse(X0)) = X1 [forward demodulation 95,53]
153. double_divide(X1,inverse(X1)) = double_divide(X0,inverse(X0)) [superposition 109,25]
160. inverse(X0) = double_divide(X0,inverse(double_divide(X1,inverse(X1)))) [superposition 109,53]
300. a2 != inverse(double_divide(a2,inverse(double_divide(X0,inverse(X0))))) [superposition 5,153]
333. a2 != inverse(inverse(a2)) [forward demodulation 300,160]
435. double_divide(double_divide(X1,inverse(double_divide(double_divide(X2,X3),inverse(double_divide(inverse(X1),inverse(double_divide(X2,inverse(double_divide(inverse(inverse(X4)),X3))))))))),inverse(double_divide(X0,inverse(X0)))) = X4 [superposition 20,153]
442. double_divide(X1,inverse(double_divide(double_divide(X2,X3),inverse(double_divide(inverse(X4),inverse(double_divide(X2,inverse(double_divide(inverse(inverse(X0)),X3))))))))) = double_divide(X0,inverse(double_divide(X1,inverse(X4)))) [superposition 109,20]
448. inverse(double_divide(X1,inverse(double_divide(double_divide(X2,X3),inverse(double_divide(inverse(X1),inverse(double_divide(X2,inverse(double_divide(inverse(inverse(X4)),X3)))))))))) = X4 [forward demodulation 435,160]
493. inverse(double_divide(X4,inverse(double_divide(X1,inverse(X1))))) = X4 [forward demodulation 448,442]
511. inverse(inverse(X4)) = X4 [forward demodulation 493,160]
691. a2 != a2 [superposition 333,511]
723. $false [trivial inequality removal 691]
% SZS output end Proof for GRP598-1
% ------------------------------
% Version: Vampire 5.0.0 (Release build, commit 2e2c9b7b8 on 2026-01-17 12:24:14 +0100)
% Linked with Z3 4.14.0.0 3c47fd96cf5645d0c42b2c819d9e9a84380aa721 z3-4.8.4-9178-g3c47fd96c
% CaDiCaL version: 2.1.3
% Termination reason: Refutation
% Time elapsed: 0.018 s
% Peak memory usage: 62 MB
% Instructions burned: 63 (million)
% ------------------------------
% ------------------------------
