% Running in auto input_syntax mode. Trying TPTP
% Refutation found. Thanks to Tanya!
% SZS status Unsatisfiable for GRP598-1_clausified
% SZS output start Proof for GRP598-1_clausified
1. double_divide(double_divide(X0,X1),inverse(double_divide(X0,inverse(double_divide(inverse(X2),X1))))) = X2 [input(axiom)]
2. a2 != inverse(double_divide(a2,inverse(double_divide(b2,inverse(b2))))) [input(negated conjecture)]
3. double_divide(X0,inverse(double_divide(double_divide(X1,X2),inverse(double_divide(inverse(X3),inverse(double_divide(X1,inverse(double_divide(inverse(X0),X2))))))))) = X3 [superposition 1,1]
4. double_divide(double_divide(double_divide(inverse(X1),X2),inverse(double_divide(inverse(X0),X2))),inverse(X0)) = X1 [superposition 1,1]
13. double_divide(X0,inverse(double_divide(double_divide(double_divide(X1,X2),inverse(double_divide(X1,inverse(double_divide(inverse(inverse(X3)),X2))))),inverse(X0)))) = X3 [superposition 3,3]
17. double_divide(double_divide(X1,inverse(double_divide(double_divide(X2,X3),inverse(double_divide(inverse(X0),inverse(double_divide(X2,inverse(double_divide(inverse(inverse(X4)),X3))))))))),inverse(double_divide(X1,inverse(X0)))) = X4 [superposition 1,3]
18. double_divide(X0,inverse(double_divide(inverse(X3),inverse(X0)))) = X3 [forward demodulation 13,1]
22. double_divide(double_divide(X1,inverse(X1)),inverse(X0)) = X0 [superposition 1,18]
50. double_divide(inverse(X0),inverse(double_divide(X1,inverse(X1)))) = X0 [superposition 18,22]
92. double_divide(double_divide(double_divide(inverse(X1),inverse(double_divide(X2,inverse(X2)))),inverse(X0)),inverse(X0)) = X1 [superposition 4,50]
106. double_divide(double_divide(X1,inverse(X0)),inverse(X0)) = X1 [forward demodulation 92,50]
150. double_divide(X1,inverse(X1)) = double_divide(X0,inverse(X0)) [superposition 106,22]
157. inverse(X0) = double_divide(X0,inverse(double_divide(X1,inverse(X1)))) [superposition 106,50]
297. a2 != inverse(double_divide(a2,inverse(double_divide(X0,inverse(X0))))) [superposition 2,150]
330. a2 != inverse(inverse(a2)) [forward demodulation 297,157]
432. double_divide(double_divide(X1,inverse(double_divide(double_divide(X2,X3),inverse(double_divide(inverse(X1),inverse(double_divide(X2,inverse(double_divide(inverse(inverse(X4)),X3))))))))),inverse(double_divide(X0,inverse(X0)))) = X4 [superposition 17,150]
439. double_divide(X1,inverse(double_divide(double_divide(X2,X3),inverse(double_divide(inverse(X4),inverse(double_divide(X2,inverse(double_divide(inverse(inverse(X0)),X3))))))))) = double_divide(X0,inverse(double_divide(X1,inverse(X4)))) [superposition 106,17]
445. inverse(double_divide(X1,inverse(double_divide(double_divide(X2,X3),inverse(double_divide(inverse(X1),inverse(double_divide(X2,inverse(double_divide(inverse(inverse(X4)),X3)))))))))) = X4 [forward demodulation 432,157]
490. inverse(double_divide(X4,inverse(double_divide(X1,inverse(X1))))) = X4 [forward demodulation 445,439]
508. inverse(inverse(X4)) = X4 [forward demodulation 490,157]
688. a2 != a2 [superposition 330,508]
720. $false [trivial inequality removal 688]
% SZS output end Proof for GRP598-1_clausified
% ------------------------------
% Version: Vampire 5.0.0 (Release build, commit 2e2c9b7b8 on 2026-01-17 12:24:14 +0100)
% Linked with Z3 4.14.0.0 3c47fd96cf5645d0c42b2c819d9e9a84380aa721 z3-4.8.4-9178-g3c47fd96c
% CaDiCaL version: 2.1.3
% Termination reason: Refutation
% Time elapsed: 0.018 s
% Peak memory usage: 62 MB
% Instructions burned: 63 (million)
% ------------------------------
% ------------------------------
