% Running in auto input_syntax mode. Trying TPTP
% Refutation found. Thanks to Tanya!
% SZS status Unsatisfiable for GRP446-1
% SZS output start Proof for GRP446-1
1. divide(X0,divide(divide(divide(divide(X0,X0),X1),X2),divide(divide(divide(X0,X0),X0),X2))) = X1 [input(axiom)]
2. multiply(X0,X1) = divide(X0,divide(divide(X2,X2),X1)) [input(axiom)]
3. inverse(X0) = divide(divide(X1,X1),X0) [input(axiom)]
4. multiply(multiply(inverse(b2),b2),a2) != a2 [input(negated conjecture)]
5. a2 != multiply(multiply(inverse(b2),b2),a2) [reorient equations 4]
6. multiply(X0,X1) = divide(X0,inverse(X1)) [forward demodulation 2,3]
7. divide(X0,divide(divide(divide(divide(X0,X0),X1),X2),divide(inverse(X0),X2))) = X1 [forward demodulation 1,3]
8. divide(X0,divide(divide(inverse(X1),X2),divide(inverse(X0),X2))) = X1 [forward demodulation 7,3]
11. inverse(X1) = divide(multiply(inverse(X0),X0),X1) [superposition 3,6]
14. divide(X1,divide(X0,divide(inverse(X1),divide(divide(inverse(X0),X3),divide(inverse(inverse(X2)),X3))))) = X2 [superposition 8,8]
15. divide(X0,divide(divide(inverse(X2),inverse(X1)),multiply(inverse(X0),X1))) = X2 [superposition 8,6]
17. divide(X0,inverse(divide(inverse(X0),inverse(X1)))) = X1 [superposition 8,3]
22. multiply(X0,divide(inverse(X0),inverse(X1))) = X1 [forward demodulation 17,6]
23. divide(X0,divide(multiply(inverse(X2),X1),multiply(inverse(X0),X1))) = X2 [forward demodulation 15,6]
27. multiply(X0,multiply(inverse(X0),X1)) = X1 [forward demodulation 22,6]
28. multiply(inverse(inverse(X1)),X0) = multiply(X1,X0) [superposition 27,27]
45. inverse(inverse(X0)) = multiply(multiply(inverse(X1),X1),X0) [superposition 6,11]
111. divide(X1,divide(X0,divide(inverse(X1),divide(multiply(inverse(X0),X3),multiply(inverse(inverse(X2)),X3))))) = X2 [superposition 8,23]
114. divide(X1,divide(X0,divide(inverse(X1),divide(multiply(inverse(X0),X3),multiply(X2,X3))))) = X2 [forward demodulation 111,28]
156. divide(X2,divide(X0,divide(inverse(X2),divide(multiply(inverse(X0),X1),divide(inverse(inverse(X3)),inverse(X1)))))) = X3 [superposition 14,6]
197. divide(X2,divide(X0,divide(inverse(X2),divide(multiply(inverse(X0),X1),multiply(inverse(inverse(X3)),X1))))) = X3 [forward demodulation 156,6]
213. inverse(inverse(X3)) = X3 [forward demodulation 197,114]
1174. a2 != inverse(inverse(a2)) [superposition 5,45]
1183. $false [forward subsumption resolution 1174,213]
% SZS output end Proof for GRP446-1
% ------------------------------
% Version: Vampire 5.0.0 (Release build, commit 2e2c9b7b8 on 2026-01-17 12:24:14 +0100)
% Linked with Z3 4.14.0.0 3c47fd96cf5645d0c42b2c819d9e9a84380aa721 z3-4.8.4-9178-g3c47fd96c
% CaDiCaL version: 2.1.3
% Termination reason: Refutation
% Time elapsed: 0.010 s
% Peak memory usage: 67 MB
% Instructions burned: 40 (million)
% ------------------------------
% ------------------------------
