% Running in auto input_syntax mode. Trying TPTP
% Refutation found. Thanks to Tanya!
% SZS status Unsatisfiable for GRP667-2_clausified
% SZS output start Proof for GRP667-2_clausified
1. mult(X0,ld(X0,X1)) = X1 [input(axiom)]
2. ld(X0,mult(X0,X1)) = X1 [input(axiom)]
3. mult(rd(X0,X1),X1) = X0 [input(axiom)]
4. rd(mult(X0,X1),X1) = X0 [input(axiom)]
5. mult(X0,unit) = X0 [input(axiom)]
6. mult(unit,X0) = X0 [input(axiom)]
7. mult(mult(X0,X1),mult(mult(X2,X1),X2)) = mult(mult(X0,mult(mult(X1,X2),X1)),X2) [input(axiom)]
8. mult(mult(X0,X1),X0) = mult(X0,mult(X1,X0)) [input(axiom)]
9. mult(f(X0),f(X0)) = X0 [input(axiom)]
10. mult(a,mult(b,mult(a,c))) != mult(mult(mult(a,b),a),c) [input(negated conjecture)]
11. mult(mult(X0,X1),mult(mult(X2,X1),X2)) = mult(mult(X0,mult(X1,mult(X2,X1))),X2) [forward demodulation 7,8]
12. mult(mult(X0,mult(X1,mult(X2,X1))),X2) = mult(mult(X0,X1),mult(X2,mult(X1,X2))) [forward demodulation 11,8]
14. ld(unit,X0) = X0 [superposition 6,1]
23. ld(rd(X0,X1),X0) = X1 [superposition 2,3]
26. rd(X0,ld(X1,X0)) = X1 [superposition 4,1]
38. mult(X0,X1) = mult(X1,mult(ld(X1,X0),X1)) [superposition 8,1]
40. mult(rd(X0,X1),mult(X1,rd(X0,X1))) = mult(X0,rd(X0,X1)) [superposition 8,3]
42. mult(X0,f(X0)) = mult(f(X0),X0) [superposition 8,9]
44. mult(a,mult(b,mult(a,c))) != mult(mult(a,mult(b,a)),c) [superposition 10,8]
46. mult(X0,X1) = rd(mult(X0,mult(X1,X0)),X0) [superposition 4,8]
47. ld(mult(X0,X1),mult(X0,mult(X1,X0))) = X0 [superposition 2,8]
52. mult(mult(X1,unit),mult(X0,mult(unit,X0))) = mult(mult(X1,mult(unit,X0)),X0) [superposition 12,5]
53. mult(mult(X1,ld(X2,X0)),mult(X2,mult(ld(X2,X0),X2))) = mult(mult(X1,mult(ld(X2,X0),X0)),X2) [superposition 12,1]
56. mult(mult(X1,X2),mult(rd(X0,X2),mult(X2,rd(X0,X2)))) = mult(mult(X1,mult(X2,X0)),rd(X0,X2)) [superposition 12,3]
62. mult(mult(rd(X0,mult(X1,mult(X2,X1))),X1),mult(X2,mult(X1,X2))) = mult(X0,X2) [superposition 12,3]
66. mult(X0,mult(mult(X1,mult(X0,X1)),X0)) = mult(mult(X0,X1),mult(X0,mult(X1,X0))) [superposition 8,12]
68. mult(X0,mult(X1,mult(X2,X1))) = rd(mult(mult(X0,X1),mult(X2,mult(X1,X2))),X2) [superposition 4,12]
77. mult(mult(X1,mult(X2,X0)),rd(X0,X2)) = mult(mult(X1,X2),mult(X0,rd(X0,X2))) [forward demodulation 56,40]
78. mult(mult(X1,mult(ld(X2,X0),X0)),X2) = mult(mult(X1,ld(X2,X0)),mult(X0,X2)) [forward demodulation 53,38]
79. mult(mult(X1,X0),X0) = mult(mult(X1,unit),mult(X0,X0)) [forward demodulation 52,6]
84. mult(X1,mult(X0,X0)) = mult(mult(X1,X0),X0) [forward demodulation 79,5]
99. mult(f(X0),mult(X0,f(X0))) = mult(mult(X0,f(X0)),f(X0)) [superposition 8,42]
104. mult(f(X0),mult(X0,f(X0))) = mult(X0,mult(f(X0),f(X0))) [forward demodulation 99,84]
105. mult(X0,X0) = mult(f(X0),mult(X0,f(X0))) [forward demodulation 104,9]
118. mult(mult(X2,X1),mult(ld(X1,X0),mult(X1,ld(X1,X0)))) = mult(mult(X2,mult(X0,X1)),ld(X1,X0)) [superposition 12,38]
121. rd(mult(X0,X1),mult(ld(X1,X0),X1)) = X1 [superposition 4,38]
122. mult(ld(X1,X0),X1) = ld(X1,mult(X0,X1)) [superposition 2,38]
127. mult(mult(X2,mult(X0,X1)),ld(X1,X0)) = mult(mult(X2,X1),mult(ld(X1,X0),X0)) [forward demodulation 118,1]
146. mult(X1,rd(X0,X1)) = rd(mult(X1,X0),X1) [superposition 46,3]
177. f(X0) = ld(mult(X0,f(X0)),mult(f(X0),mult(X0,f(X0)))) [superposition 47,42]
185. f(X0) = ld(X0,mult(f(X0),X0)) [superposition 47,9]
195. f(X0) = mult(ld(X0,f(X0)),X0) [forward demodulation 185,122]
198. f(X0) = mult(ld(mult(X0,f(X0)),f(X0)),mult(X0,f(X0))) [forward demodulation 177,122]
219. mult(X0,X1) = rd(mult(X0,mult(X1,X1)),X1) [superposition 4,84]
236. ld(X0,f(X0)) = rd(f(X0),X0) [superposition 4,195]
262. mult(mult(X2,rd(X0,X1)),mult(X1,mult(rd(X0,X1),X1))) = mult(mult(X2,mult(X0,rd(X0,X1))),X1) [superposition 12,40]
277. mult(mult(X2,mult(X0,rd(X0,X1))),X1) = mult(mult(X2,rd(X0,X1)),mult(X1,X0)) [forward demodulation 262,3]
530. mult(X1,X2) = mult(mult(rd(X1,mult(ld(X2,X0),X0)),ld(X2,X0)),mult(X2,mult(ld(X2,X0),X2))) [superposition 62,1]
556. mult(X1,ld(X2,X0)) = mult(mult(rd(X1,mult(X2,mult(ld(X2,X0),X2))),X2),mult(ld(X2,X0),X0)) [superposition 62,1]
606. mult(X1,ld(X2,X0)) = mult(mult(rd(X1,mult(X0,X2)),X2),mult(ld(X2,X0),X0)) [forward demodulation 556,38]
624. mult(X1,X2) = mult(mult(rd(X1,mult(ld(X2,X0),X0)),ld(X2,X0)),mult(X0,X2)) [forward demodulation 530,38]
691. unit = rd(mult(X0,unit),ld(unit,X0)) [superposition 121,5]
696. unit = rd(mult(X0,unit),X0) [forward demodulation 691,14]
712. unit = mult(X0,rd(unit,X0)) [forward demodulation 696,146]
940. unit = mult(ld(X0,unit),X0) [superposition 712,26]
945. ld(X0,unit) = rd(unit,X0) [superposition 2,712]
1035. mult(X2,mult(ld(X1,X0),mult(X1,ld(X1,X0)))) = rd(mult(mult(X2,ld(X1,X0)),mult(X0,X1)),X1) [superposition 68,38]
1056. rd(mult(mult(X2,ld(X1,X0)),mult(X0,X1)),X1) = mult(X2,mult(ld(X1,X0),X0)) [forward demodulation 1035,1]
1127. mult(unit,X0) = mult(ld(X0,unit),mult(X0,X0)) [superposition 84,940]
1133. mult(ld(X0,unit),mult(X0,X0)) = X0 [forward demodulation 1127,6]
1474. mult(mult(X1,rd(X0,X2)),mult(X2,rd(X2,rd(X0,X2)))) = mult(mult(X1,X0),rd(X2,rd(X0,X2))) [superposition 77,3]
1626. mult(mult(mult(X0,mult(X1,mult(mult(ld(X2,X3),X3),X1))),ld(X2,X3)),mult(X3,X2)) = mult(mult(mult(X0,X1),mult(mult(ld(X2,X3),X3),mult(X1,mult(ld(X2,X3),X3)))),X2) [superposition 78,12]
1953. f(X0) = mult(ld(f(X0),unit),X0) [superposition 1133,9]
2228. rd(f(X0),X0) = ld(f(X0),unit) [superposition 4,1953]
3244. ld(X0,f(X0)) = ld(f(X0),unit) [superposition 236,2228]
3245. mult(mult(X1,mult(X0,f(X0))),ld(f(X0),unit)) = mult(mult(X1,X0),mult(f(X0),ld(f(X0),unit))) [superposition 77,2228]
3253. mult(mult(X1,X0),unit) = mult(mult(X1,mult(X0,f(X0))),ld(f(X0),unit)) [forward demodulation 3245,1]
3254. mult(X1,X0) = mult(mult(X1,mult(X0,f(X0))),ld(f(X0),unit)) [forward demodulation 3253,5]
3278. ld(X1,X0) = mult(ld(X1,rd(X0,X1)),X1) [superposition 122,3]
3534. unit = mult(f(X0),ld(X0,f(X0))) [superposition 1,3244]
4012. mult(X1,f(X0)) = rd(mult(X1,X0),f(X0)) [superposition 219,9]
4029. rd(X0,X1) = mult(rd(X0,mult(X1,X1)),X1) [superposition 219,3]
5149. ld(ld(X0,rd(X1,X0)),ld(X0,X1)) = X0 [superposition 2,3278]
5150. ld(X0,rd(X1,X0)) = rd(ld(X0,X1),X0) [superposition 4,3278]
5313. mult(f(X0),rd(f(X0),X0)) = mult(mult(ld(mult(X0,f(X0)),f(X0)),X0),mult(f(X0),rd(f(X0),X0))) [superposition 77,198]
5383. mult(f(X0),ld(X0,f(X0))) = mult(mult(ld(mult(X0,f(X0)),f(X0)),X0),mult(f(X0),ld(X0,f(X0)))) [forward demodulation 5313,236]
5413. unit = mult(mult(ld(mult(X0,f(X0)),f(X0)),X0),unit) [forward demodulation 5383,3534]
5438. unit = mult(ld(mult(X0,f(X0)),f(X0)),X0) [forward demodulation 5413,5]
9120. rd(unit,f(X0)) = mult(ld(X0,unit),f(X0)) [superposition 4012,940]
9195. ld(f(X0),unit) = mult(ld(X0,unit),f(X0)) [forward demodulation 9120,945]
10289. ld(mult(X0,f(X0)),f(X0)) = rd(unit,X0) [superposition 4,5438]
10428. ld(mult(X0,f(X0)),f(X0)) = ld(X0,unit) [forward demodulation 10289,945]
18401. mult(X1,ld(X0,unit)) = mult(mult(rd(X1,mult(f(X0),mult(X0,f(X0)))),mult(X0,f(X0))),mult(ld(X0,unit),f(X0))) [superposition 606,10428]
18410. mult(X1,ld(X0,unit)) = mult(mult(rd(X1,mult(f(X0),mult(X0,f(X0)))),mult(X0,f(X0))),ld(f(X0),unit)) [forward demodulation 18401,9195]
18425. mult(rd(X1,mult(f(X0),mult(X0,f(X0)))),X0) = mult(X1,ld(X0,unit)) [forward demodulation 18410,3254]
18438. mult(rd(X1,mult(X0,X0)),X0) = mult(X1,ld(X0,unit)) [forward demodulation 18425,105]
18447. rd(X1,X0) = mult(X1,ld(X0,unit)) [forward demodulation 18438,4029]
18577. mult(X1,X0) = mult(mult(rd(X1,mult(ld(X0,unit),unit)),ld(X0,unit)),X0) [superposition 624,6]
18762. mult(X1,X0) = mult(rd(rd(X1,mult(ld(X0,unit),unit)),X0),X0) [forward demodulation 18577,18447]
18922. mult(X1,X0) = rd(X1,mult(ld(X0,unit),unit)) [forward demodulation 18762,3]
19014. mult(X1,X0) = rd(X1,ld(X0,unit)) [forward demodulation 18922,5]
19078. ld(X1,unit) = ld(mult(X0,X1),X0) [superposition 23,19014]
19103. mult(ld(X0,unit),rd(X1,ld(X0,unit))) = mult(mult(ld(X0,unit),X1),X0) [superposition 146,19014]
19127. mult(mult(ld(X0,unit),X1),X0) = mult(ld(X0,unit),mult(X1,X0)) [forward demodulation 19103,19014]
19446. ld(X0,X1) = ld(ld(X1,X0),unit) [superposition 19078,1]
19457. ld(X0,unit) = ld(ld(X0,X1),ld(X0,rd(X1,X0))) [superposition 19078,3278]
19503. ld(X1,unit) = ld(X0,rd(X0,X1)) [superposition 19078,3]
20123. mult(rd(X0,X1),X0) = mult(X0,mult(ld(X1,unit),X0)) [superposition 8,18447]
20772. mult(X2,ld(X1,X0)) = rd(X2,ld(X0,X1)) [superposition 19014,19446]
20773. unit = mult(ld(X1,X0),ld(X0,X1)) [superposition 1,19446]
23860. mult(ld(X0,X1),mult(ld(X1,X0),X0)) = rd(mult(unit,mult(X0,X1)),X1) [superposition 1056,20773]
24104. rd(mult(X0,X1),X1) = mult(ld(X0,X1),mult(ld(X1,X0),X0)) [forward demodulation 23860,6]
24193. mult(ld(X0,X1),mult(ld(X1,X0),X0)) = X0 [forward demodulation 24104,4]
49305. ld(X0,X1) = mult(ld(ld(X0,X1),ld(X0,rd(X1,X0))),mult(X0,ld(X0,X1))) [superposition 24193,5149]
49320. mult(ld(X1,mult(X1,X0)),mult(ld(X0,unit),X1)) = X1 [superposition 24193,19078]
49357. mult(ld(X1,rd(X1,X0)),mult(X0,X1)) = X1 [superposition 24193,23]
49577. mult(ld(X0,unit),mult(X0,X1)) = X1 [forward demodulation 49357,19503]
49614. mult(X0,mult(ld(X0,unit),X1)) = X1 [forward demodulation 49320,2]
49629. ld(X0,X1) = mult(ld(ld(X0,X1),ld(X0,rd(X1,X0))),X1) [forward demodulation 49305,1]
49804. ld(X0,X1) = mult(ld(X0,unit),X1) [forward demodulation 49629,19457]
50837. mult(X1,X0) = ld(ld(X1,unit),X0) [superposition 2,49577]
50838. ld(X1,unit) = rd(X0,mult(X1,X0)) [superposition 4,49577]
50856. mult(ld(X1,unit),mult(mult(mult(X1,X0),X0),ld(X1,unit))) = mult(X0,mult(ld(X1,unit),mult(mult(X1,X0),ld(X1,unit)))) [superposition 66,49577]
51014. mult(ld(X1,unit),mult(mult(mult(X1,X0),X0),ld(X1,unit))) = mult(X0,ld(X1,mult(mult(X1,X0),ld(X1,unit)))) [forward demodulation 50856,49804]
51279. mult(ld(X1,unit),mult(mult(mult(X1,X0),X0),ld(X1,unit))) = mult(X0,ld(X1,rd(mult(X1,X0),X1))) [forward demodulation 51014,18447]
51434. mult(ld(X1,unit),mult(mult(mult(X1,X0),X0),ld(X1,unit))) = mult(X0,ld(X1,mult(X1,rd(X0,X1)))) [forward demodulation 51279,146]
51541. mult(X0,rd(X0,X1)) = mult(ld(X1,unit),mult(mult(mult(X1,X0),X0),ld(X1,unit))) [forward demodulation 51434,2]
51616. mult(X0,rd(X0,X1)) = ld(X1,mult(mult(mult(X1,X0),X0),ld(X1,unit))) [forward demodulation 51541,49804]
51672. mult(X0,rd(X0,X1)) = ld(X1,rd(mult(mult(X1,X0),X0),X1)) [forward demodulation 51616,18447]
51709. mult(X0,rd(X0,X1)) = ld(X1,rd(mult(X1,mult(X0,X0)),X1)) [forward demodulation 51672,84]
51731. mult(X0,rd(X0,X1)) = ld(X1,mult(X1,rd(mult(X0,X0),X1))) [forward demodulation 51709,146]
51741. mult(X0,rd(X0,X1)) = rd(mult(X0,X0),X1) [forward demodulation 51731,2]
52611. mult(X1,mult(mult(mult(ld(X1,unit),X0),X0),X1)) = mult(X0,mult(X1,mult(mult(ld(X1,unit),X0),X1))) [superposition 66,49614]
52810. mult(X1,mult(mult(mult(ld(X1,unit),X0),X0),X1)) = mult(X0,mult(X1,mult(ld(X1,unit),mult(X0,X1)))) [forward demodulation 52611,19127]
53017. mult(X0,mult(X0,X1)) = mult(X1,mult(mult(mult(ld(X1,unit),X0),X0),X1)) [forward demodulation 52810,49614]
53157. mult(X0,mult(X0,X1)) = mult(X1,mult(mult(ld(X1,unit),mult(X0,X0)),X1)) [forward demodulation 53017,84]
53255. mult(X0,mult(X0,X1)) = mult(X1,mult(ld(X1,unit),mult(mult(X0,X0),X1))) [forward demodulation 53157,19127]
53333. mult(X0,mult(X0,X1)) = mult(mult(X0,X0),X1) [forward demodulation 53255,49614]
55819. mult(ld(X0,X1),X2) = ld(ld(X1,X0),X2) [superposition 49804,19446]
55957. ld(mult(X1,ld(X0,unit)),mult(X1,ld(X0,X1))) = X1 [superposition 47,49804]
55979. mult(mult(X2,ld(X0,unit)),mult(X1,rd(X1,ld(X0,unit)))) = mult(mult(X2,ld(X0,X1)),rd(X1,ld(X0,unit))) [superposition 77,49804]
56051. mult(ld(X0,unit),f(X1)) = rd(ld(X0,X1),f(X1)) [superposition 4012,49804]
56418. ld(X0,f(X1)) = rd(ld(X0,X1),f(X1)) [forward demodulation 56051,49804]
56488. mult(mult(X2,ld(X0,X1)),mult(X1,X0)) = mult(mult(X2,ld(X0,unit)),mult(X1,mult(X1,X0))) [forward demodulation 55979,19014]
56510. ld(rd(X1,X0),mult(X1,ld(X0,X1))) = X1 [forward demodulation 55957,18447]
56809. mult(rd(X2,X0),mult(X1,mult(X1,X0))) = mult(mult(X2,ld(X0,X1)),mult(X1,X0)) [forward demodulation 56488,18447]
58723. mult(mult(X2,mult(X1,ld(X0,unit))),mult(X0,X1)) = mult(mult(X2,ld(X0,unit)),mult(mult(X0,X1),X1)) [superposition 127,50837]
58867. mult(mult(X2,mult(X1,ld(X0,unit))),mult(X0,X1)) = mult(mult(X2,ld(X0,unit)),mult(X0,mult(X1,X1))) [forward demodulation 58723,84]
58941. mult(rd(X2,X0),mult(X0,mult(X1,X1))) = mult(mult(X2,mult(X1,ld(X0,unit))),mult(X0,X1)) [forward demodulation 58867,18447]
58987. mult(mult(X2,rd(X1,X0)),mult(X0,X1)) = mult(rd(X2,X0),mult(X0,mult(X1,X1))) [forward demodulation 58941,18447]
59891. rd(X0,ld(X0,X1)) = ld(ld(X0,rd(X1,X0)),unit) [superposition 50838,3278]
59967. rd(X1,X0) = ld(rd(X0,X1),unit) [superposition 50838,3]
60172. rd(X0,ld(X0,X1)) = ld(rd(X1,X0),X0) [forward demodulation 59891,19446]
60258. mult(X0,ld(X1,X0)) = ld(rd(X1,X0),X0) [forward demodulation 60172,20772]
64053. mult(rd(X1,X0),X2) = ld(rd(X0,X1),X2) [superposition 50837,59967]
109759. rd(X0,X1) = mult(f(X0),rd(f(X0),X1)) [superposition 51741,9]
120164. mult(X0,X1) = mult(f(X0),mult(f(X0),X1)) [superposition 53333,9]
149737. mult(mult(X2,ld(X0,f(X1))),mult(f(X1),rd(f(X1),ld(X0,f(X1))))) = mult(mult(X2,ld(X0,X1)),rd(f(X1),ld(X0,f(X1)))) [superposition 1474,56418]
149771. mult(mult(X2,ld(X0,X1)),X0) = mult(mult(X2,ld(X0,f(X1))),mult(f(X1),X0)) [forward demodulation 149737,26]
149865. mult(mult(X2,ld(X0,X1)),X0) = mult(rd(X2,X0),mult(f(X1),mult(f(X1),X0))) [forward demodulation 149771,56809]
149898. mult(mult(X2,ld(X0,X1)),X0) = mult(rd(X2,X0),mult(X1,X0)) [forward demodulation 149865,120164]
154270. mult(X0,ld(X1,X0)) = mult(rd(X0,X1),X0) [superposition 1,56510]
168884. mult(X2,ld(X0,rd(X1,X0))) = rd(X2,mult(X0,ld(X1,X0))) [superposition 20772,60258]
177791. mult(mult(X2,rd(X0,X1)),X1) = mult(mult(X2,rd(f(X0),X1)),mult(X1,f(X0))) [superposition 277,109759]
177883. mult(mult(X2,rd(X0,X1)),X1) = mult(rd(X2,X1),mult(X1,mult(f(X0),f(X0)))) [forward demodulation 177791,58987]
177953. mult(rd(X2,X1),mult(X1,X0)) = mult(mult(X2,rd(X0,X1)),X1) [forward demodulation 177883,9]
193021. mult(ld(X2,rd(X1,X0)),X3) = ld(mult(rd(X0,X1),X2),X3) [superposition 55819,64053]
261637. mult(mult(mult(X1,X2),mult(ld(X0,unit),mult(X2,ld(X0,unit)))),X0) = mult(mult(mult(X1,mult(X2,mult(ld(X0,unit),X2))),ld(X0,unit)),mult(unit,X0)) [superposition 1626,5]
262194. mult(mult(mult(X1,X2),mult(ld(X0,unit),mult(X2,ld(X0,unit)))),X0) = mult(rd(mult(X1,mult(X2,mult(ld(X0,unit),X2))),X0),mult(unit,mult(unit,X0))) [forward demodulation 261637,56809]
262198. mult(mult(mult(X1,X2),mult(ld(X0,unit),mult(X2,ld(X0,unit)))),X0) = mult(rd(mult(X1,mult(X2,mult(ld(X0,unit),X2))),X0),mult(unit,X0)) [forward demodulation 262194,6]
262202. mult(mult(mult(X1,X2),mult(ld(X0,unit),mult(X2,ld(X0,unit)))),X0) = mult(rd(mult(X1,mult(X2,mult(ld(X0,unit),X2))),X0),X0) [forward demodulation 262198,6]
262205. mult(X1,mult(X2,mult(ld(X0,unit),X2))) = mult(mult(mult(X1,X2),mult(ld(X0,unit),mult(X2,ld(X0,unit)))),X0) [forward demodulation 262202,3]
262207. mult(X1,mult(X2,mult(ld(X0,unit),X2))) = mult(mult(mult(X1,X2),ld(X0,mult(X2,ld(X0,unit)))),X0) [forward demodulation 262205,49804]
262209. mult(X1,mult(X2,mult(ld(X0,unit),X2))) = mult(rd(mult(X1,X2),X0),mult(mult(X2,ld(X0,unit)),X0)) [forward demodulation 262207,149898]
262211. mult(X1,mult(X2,mult(ld(X0,unit),X2))) = mult(rd(mult(X1,X2),X0),mult(rd(X2,X0),mult(unit,X0))) [forward demodulation 262209,149898]
262213. mult(X1,mult(X2,mult(ld(X0,unit),X2))) = mult(rd(mult(X1,X2),X0),mult(rd(X2,X0),X0)) [forward demodulation 262211,6]
262215. mult(X1,mult(X2,mult(ld(X0,unit),X2))) = mult(rd(mult(X1,X2),X0),X2) [forward demodulation 262213,3]
262216. mult(X1,mult(rd(X2,X0),X2)) = mult(rd(mult(X1,X2),X0),X2) [forward demodulation 262215,20123]
262217. mult(X1,mult(X2,ld(X0,X2))) = mult(rd(mult(X1,X2),X0),X2) [forward demodulation 262216,154270]
953101. mult(rd(X0,X2),X1) = mult(rd(X0,X1),mult(X1,ld(X2,X1))) [superposition 262217,3]
1125938. rd(X0,X2) = rd(mult(rd(X0,X1),X2),mult(X2,ld(X1,X2))) [superposition 4,953101]
1125939. rd(X0,X2) = mult(mult(rd(X0,X1),X2),ld(X2,rd(X1,X2))) [forward demodulation 1125938,168884]
1167656. ld(X1,rd(X2,X1)) = ld(mult(rd(X0,X2),X1),rd(X0,X1)) [superposition 2,1125939]
1167659. ld(X1,rd(X2,X1)) = mult(ld(X1,rd(X2,X0)),rd(X0,X1)) [forward demodulation 1167656,193021]
1173723. ld(X1,rd(mult(X0,X2),X1)) = mult(ld(X1,X0),rd(X2,X1)) [superposition 1167659,4]
1179220. ld(X0,mult(X1,X2)) = mult(mult(ld(X0,X1),rd(X2,X0)),X0) [superposition 3278,1173723]
1179230. mult(rd(ld(X0,X1),X0),mult(X0,X2)) = ld(X0,mult(X1,X2)) [forward demodulation 1179220,177953]
1179253. mult(ld(X0,rd(X1,X0)),mult(X0,X2)) = ld(X0,mult(X1,X2)) [forward demodulation 1179230,5150]
1184711. ld(X1,mult(mult(X0,X1),X2)) = mult(ld(X1,X0),mult(X1,X2)) [superposition 1179253,4]
1195083. mult(mult(X1,X0),X2) = mult(X0,mult(ld(X0,X1),mult(X0,X2))) [superposition 1,1184711]
1219211. mult(X1,mult(X0,mult(X1,X2))) = mult(mult(mult(X1,X0),X1),X2) [superposition 1195083,2]
1219339. mult(mult(X1,mult(X0,X1)),X2) = mult(X1,mult(X0,mult(X1,X2))) [forward demodulation 1219211,8]
1243261. mult(a,mult(b,mult(a,c))) != mult(a,mult(b,mult(a,c))) [superposition 44,1219339]
1243267. $false [trivial inequality removal 1243261]
% SZS output end Proof for GRP667-2_clausified
% ------------------------------
% Version: Vampire 5.0.0 (Release build, commit 2e2c9b7b8 on 2026-01-17 12:24:14 +0100)
% Linked with Z3 4.14.0.0 3c47fd96cf5645d0c42b2c819d9e9a84380aa721 z3-4.8.4-9178-g3c47fd96c
% CaDiCaL version: 2.1.3
% Termination reason: Refutation
% Time elapsed: 56.935 s
% Peak memory usage: 1008 MB
% Instructions burned: 201777 (million)
% ------------------------------
% ------------------------------
