% Running in auto input_syntax mode. Trying TPTP
% Refutation found. Thanks to Tanya!
% SZS status Unsatisfiable for GRP100-1
% SZS output start Proof for GRP100-1
1. double_divide(double_divide(X0,double_divide(double_divide(X1,double_divide(X0,X2)),double_divide(X2,identity))),double_divide(identity,identity)) = X1 [input(axiom)]
2. multiply(X0,X1) = double_divide(double_divide(X1,X0),identity) [input(axiom)]
3. inverse(X0) = double_divide(X0,identity) [input(axiom)]
4. identity = double_divide(X0,inverse(X0)) [input(axiom)]
5. multiply(inverse(a1),a1) != identity | multiply(identity,a2) != a2 | multiply(multiply(a3,b3),c3) != multiply(a3,multiply(b3,c3)) | multiply(a4,b4) != multiply(b4,a4) [input(negated conjecture)]
6. identity != multiply(inverse(a1),a1) | a2 != multiply(identity,a2) | multiply(multiply(a3,b3),c3) != multiply(a3,multiply(b3,c3)) | multiply(a4,b4) != multiply(b4,a4) [reorient equations 5]
7. identity = double_divide(X0,double_divide(X0,identity)) [definition unfolding 4,3]
8. identity != double_divide(double_divide(a1,double_divide(a1,identity)),identity) | a2 != double_divide(double_divide(a2,identity),identity) | double_divide(double_divide(c3,double_divide(double_divide(b3,a3),identity)),identity) != double_divide(double_divide(double_divide(double_divide(c3,b3),identity),a3),identity) | double_divide(double_divide(b4,a4),identity) != double_divide(double_divide(a4,b4),identity) [definition unfolding 6,2,3,2,2,2,2,2,2,2]
10. 1 <=> double_divide(double_divide(b4,a4),identity) = double_divide(double_divide(a4,b4),identity) [avatar definition]
12. double_divide(double_divide(b4,a4),identity) != double_divide(double_divide(a4,b4),identity) <- (~1) [avatar component clause 10]
14. 2 <=> double_divide(double_divide(c3,double_divide(double_divide(b3,a3),identity)),identity) = double_divide(double_divide(double_divide(double_divide(c3,b3),identity),a3),identity) [avatar definition]
16. double_divide(double_divide(c3,double_divide(double_divide(b3,a3),identity)),identity) != double_divide(double_divide(double_divide(double_divide(c3,b3),identity),a3),identity) <- (~2) [avatar component clause 14]
18. 3 <=> a2 = double_divide(double_divide(a2,identity),identity) [avatar definition]
20. a2 != double_divide(double_divide(a2,identity),identity) <- (~3) [avatar component clause 18]
22. 4 <=> identity = double_divide(double_divide(a1,double_divide(a1,identity)),identity) [avatar definition]
24. identity != double_divide(double_divide(a1,double_divide(a1,identity)),identity) <- (~4) [avatar component clause 22]
25. ~1 | ~2 | ~3 | ~4 [avatar split clause 8,22,18,14,10]
26. double_divide(double_divide(X0,double_divide(double_divide(X1,identity),double_divide(double_divide(X0,identity),identity))),double_divide(identity,identity)) = X1 [superposition 1,7]
27. double_divide(double_divide(double_divide(X1,double_divide(double_divide(X0,double_divide(X1,X2)),double_divide(X2,identity))),double_divide(double_divide(X3,X0),double_divide(double_divide(identity,identity),identity))),double_divide(identity,identity)) = X3 [superposition 1,1]
28. double_divide(double_divide(X0,double_divide(identity,double_divide(identity,identity))),double_divide(identity,identity)) = X0 [superposition 1,7]
29. double_divide(X1,double_divide(double_divide(X0,double_divide(X1,X2)),double_divide(X2,identity))) = double_divide(double_divide(identity,double_divide(X0,double_divide(identity,identity))),double_divide(identity,identity)) [superposition 1,1]
30. double_divide(double_divide(X0,identity),double_divide(identity,identity)) = X0 [forward demodulation 28,7]
31. double_divide(X0,identity) = double_divide(double_divide(identity,double_divide(X0,double_divide(identity,identity))),double_divide(identity,identity)) [superposition 1,30]
33. double_divide(identity,identity) = double_divide(double_divide(identity,identity),double_divide(identity,identity)) [superposition 31,7]
35. double_divide(double_divide(X0,identity),identity) = double_divide(double_divide(identity,X0),double_divide(identity,identity)) [superposition 31,30]
43. identity = double_divide(identity,identity) [forward demodulation 33,30]
46. double_divide(double_divide(identity,double_divide(X0,double_divide(identity,identity))),double_divide(identity,identity)) = double_divide(X1,double_divide(double_divide(X0,identity),double_divide(double_divide(X1,identity),identity))) [superposition 1,26]
47. double_divide(double_divide(double_divide(X1,double_divide(double_divide(X0,identity),double_divide(double_divide(X1,identity),identity))),double_divide(double_divide(X2,X0),double_divide(double_divide(identity,identity),identity))),double_divide(identity,identity)) = X2 [superposition 1,26]
48. double_divide(double_divide(double_divide(X1,double_divide(double_divide(X0,identity),double_divide(double_divide(X1,identity),identity))),double_divide(double_divide(X2,X0),double_divide(identity,identity))),identity) = X2 [forward demodulation 47,43]
49. double_divide(X0,identity) = double_divide(X1,double_divide(double_divide(X0,identity),double_divide(double_divide(X1,identity),identity))) [forward demodulation 46,31]
51. double_divide(double_divide(double_divide(X1,double_divide(double_divide(X0,identity),double_divide(double_divide(X1,identity),identity))),double_divide(double_divide(X2,X0),identity)),identity) = X2 [forward demodulation 48,43]
52. double_divide(double_divide(double_divide(X0,identity),double_divide(double_divide(X2,X0),identity)),identity) = X2 [forward demodulation 51,49]
54. double_divide(X0,identity) = double_divide(double_divide(identity,double_divide(X0,identity)),identity) [superposition 31,43]
55. double_divide(double_divide(X0,identity),identity) = X0 [superposition 30,43]
70. double_divide(double_divide(identity,double_divide(X1,double_divide(identity,identity))),double_divide(identity,identity)) = double_divide(double_divide(X0,identity),double_divide(double_divide(X1,X0),double_divide(double_divide(identity,identity),identity))) [superposition 29,30]
81. double_divide(double_divide(identity,double_divide(X1,double_divide(identity,identity))),double_divide(identity,identity)) = double_divide(double_divide(X0,double_divide(X1,X2)),double_divide(double_divide(double_divide(identity,double_divide(X0,double_divide(identity,identity))),double_divide(identity,identity)),double_divide(double_divide(X2,identity),identity))) [superposition 29,29]
93. double_divide(double_divide(double_divide(identity,double_divide(X0,double_divide(identity,identity))),double_divide(identity,identity)),double_divide(identity,identity)) = X0 [superposition 1,29]
94. double_divide(double_divide(double_divide(X0,double_divide(X1,X2)),double_divide(double_divide(double_divide(identity,double_divide(X0,double_divide(identity,identity))),double_divide(identity,identity)),double_divide(double_divide(X2,identity),identity))),double_divide(identity,identity)) = X1 [superposition 1,29]
96. double_divide(X0,double_divide(double_divide(X1,double_divide(X0,X2)),double_divide(X2,identity))) = double_divide(X1,identity) [superposition 31,29]
106. double_divide(double_divide(double_divide(X0,double_divide(X1,X2)),double_divide(double_divide(double_divide(identity,double_divide(X0,identity)),identity),double_divide(double_divide(X2,identity),identity))),identity) = X1 [forward demodulation 94,43]
107. double_divide(double_divide(double_divide(identity,double_divide(X0,identity)),identity),identity) = X0 [forward demodulation 93,43]
118. double_divide(double_divide(identity,double_divide(X1,double_divide(identity,identity))),double_divide(identity,identity)) = double_divide(double_divide(X0,double_divide(X1,X2)),double_divide(double_divide(double_divide(identity,double_divide(X0,double_divide(identity,identity))),double_divide(identity,identity)),X2)) [forward demodulation 81,55]
129. double_divide(double_divide(identity,double_divide(X1,double_divide(identity,identity))),double_divide(identity,identity)) = double_divide(double_divide(X0,identity),double_divide(double_divide(X1,X0),identity)) [forward demodulation 70,55]
138. double_divide(double_divide(double_divide(X0,double_divide(X1,X2)),double_divide(double_divide(double_divide(identity,double_divide(X0,identity)),identity),X2)),identity) = X1 [forward demodulation 106,55]
139. double_divide(identity,double_divide(X0,identity)) = X0 [forward demodulation 107,55]
144. double_divide(double_divide(identity,double_divide(X1,double_divide(identity,identity))),double_divide(identity,identity)) = double_divide(double_divide(X0,double_divide(X1,X2)),double_divide(double_divide(X0,identity),X2)) [forward demodulation 118,31]
148. double_divide(X1,identity) = double_divide(double_divide(X0,identity),double_divide(double_divide(X1,X0),identity)) [forward demodulation 129,31]
153. double_divide(double_divide(double_divide(X0,double_divide(X1,X2)),double_divide(double_divide(X0,identity),X2)),identity) = X1 [forward demodulation 138,54]
155. double_divide(X1,identity) = double_divide(double_divide(X0,double_divide(X1,X2)),double_divide(double_divide(X0,identity),X2)) [forward demodulation 144,31]
174. double_divide(double_divide(identity,double_divide(double_divide(X1,X0),double_divide(double_divide(X0,identity),identity))),double_divide(identity,identity)) = X1 [superposition 1,139]
175. double_divide(double_divide(double_divide(double_divide(X1,X0),double_divide(double_divide(X0,identity),identity)),identity),identity) = X1 [forward demodulation 174,35]
181. double_divide(double_divide(X1,X0),double_divide(double_divide(X0,identity),identity)) = X1 [forward demodulation 175,55]
186. double_divide(double_divide(X1,X0),X0) = X1 [forward demodulation 181,55]
394. double_divide(X0,identity) = double_divide(identity,X0) [superposition 139,186]
396. double_divide(X1,double_divide(X0,double_divide(X2,identity))) = double_divide(double_divide(identity,double_divide(double_divide(X0,double_divide(X1,X2)),double_divide(identity,identity))),double_divide(identity,identity)) [superposition 29,186]
397. double_divide(X0,double_divide(X1,X2)) = double_divide(double_divide(X1,double_divide(X0,double_divide(X2,identity))),double_divide(identity,identity)) [superposition 1,186]
400. double_divide(X0,X2) = double_divide(double_divide(double_divide(X1,double_divide(double_divide(X2,double_divide(X1,X3)),double_divide(X3,identity))),double_divide(X0,double_divide(double_divide(identity,identity),identity))),double_divide(identity,identity)) [superposition 27,186]
407. double_divide(X0,X2) = double_divide(double_divide(double_divide(X1,double_divide(double_divide(X2,double_divide(X1,X3)),double_divide(X3,identity))),double_divide(X0,double_divide(identity,identity))),identity) [forward demodulation 400,43]
410. double_divide(X0,double_divide(X1,X2)) = double_divide(double_divide(X1,double_divide(X0,double_divide(X2,identity))),identity) [forward demodulation 397,43]
411. double_divide(X1,double_divide(X0,double_divide(X2,identity))) = double_divide(double_divide(X0,double_divide(X1,X2)),identity) [forward demodulation 396,31]
431. double_divide(X0,X2) = double_divide(identity,double_divide(double_divide(X1,double_divide(double_divide(X2,double_divide(X1,X3)),double_divide(X3,identity))),double_divide(X0,double_divide(identity,identity)))) [forward demodulation 407,394]
434. double_divide(X0,double_divide(X1,X2)) = double_divide(identity,double_divide(X1,double_divide(X0,double_divide(X2,identity)))) [forward demodulation 410,394]
435. double_divide(X1,double_divide(X0,double_divide(X2,identity))) = double_divide(identity,double_divide(X0,double_divide(X1,X2))) [forward demodulation 411,394]
450. double_divide(X0,X2) = double_divide(identity,double_divide(double_divide(X1,double_divide(double_divide(X2,double_divide(X1,X3)),double_divide(X3,identity))),double_divide(X0,identity))) [forward demodulation 431,43]
463. double_divide(X0,X2) = double_divide(identity,double_divide(double_divide(X2,identity),double_divide(X0,identity))) [forward demodulation 450,96]
712. double_divide(double_divide(X1,identity),double_divide(X0,identity)) = double_divide(double_divide(X0,X1),identity) [superposition 148,186]
713. double_divide(double_divide(X1,identity),identity) = double_divide(double_divide(double_divide(double_divide(X0,X1),identity),identity),X0) [superposition 148,52]
743. double_divide(double_divide(X1,identity),identity) = double_divide(double_divide(identity,double_divide(double_divide(X0,X1),identity)),X0) [forward demodulation 713,394]
744. double_divide(identity,double_divide(X0,X1)) = double_divide(double_divide(X1,identity),double_divide(X0,identity)) [forward demodulation 712,394]
768. double_divide(double_divide(X1,identity),identity) = double_divide(double_divide(X0,X1),X0) [forward demodulation 743,139]
787. double_divide(identity,double_divide(X1,identity)) = double_divide(double_divide(X0,X1),X0) [forward demodulation 768,394]
802. double_divide(double_divide(X0,X1),X0) = X1 [forward demodulation 787,139]
856. double_divide(double_divide(X0,double_divide(double_divide(identity,identity),X1)),double_divide(X1,identity)) = X0 [superposition 1,802]
886. double_divide(X1,X0) = double_divide(X0,X1) [superposition 186,802]
914. double_divide(double_divide(X1,identity),double_divide(X0,double_divide(double_divide(identity,identity),X1))) = X0 [forward demodulation 856,886]
952. double_divide(double_divide(X1,identity),double_divide(X0,double_divide(identity,X1))) = X0 [forward demodulation 914,43]
1064. double_divide(double_divide(X0,identity),double_divide(double_divide(X1,identity),identity)) = double_divide(double_divide(X0,identity),X1) [superposition 802,49]
1067. double_divide(double_divide(X0,identity),X1) = double_divide(identity,double_divide(double_divide(X1,identity),X0)) [forward demodulation 1064,744]
1291. double_divide(X1,double_divide(X0,X2)) = double_divide(double_divide(double_divide(double_divide(double_divide(X1,identity),X2),identity),X0),identity) [superposition 52,153]
1304. double_divide(X1,identity) = double_divide(X0,double_divide(double_divide(X1,double_divide(double_divide(X2,double_divide(X0,X3)),double_divide(double_divide(X2,identity),X3))),identity)) [superposition 148,153]
1320. double_divide(X1,identity) = double_divide(X0,double_divide(identity,double_divide(X1,double_divide(double_divide(X2,double_divide(X0,X3)),double_divide(double_divide(X2,identity),X3))))) [forward demodulation 1304,394]
1331. double_divide(X1,double_divide(X0,X2)) = double_divide(identity,double_divide(double_divide(double_divide(double_divide(X1,identity),X2),identity),X0)) [forward demodulation 1291,394]
1384. double_divide(X1,identity) = double_divide(X0,double_divide(identity,double_divide(X1,double_divide(X0,identity)))) [forward demodulation 1320,155]
1394. double_divide(X1,double_divide(X0,X2)) = double_divide(double_divide(X0,identity),double_divide(double_divide(X1,identity),X2)) [forward demodulation 1331,1067]
1818. double_divide(X1,double_divide(X0,X2)) = double_divide(double_divide(double_divide(X1,identity),double_divide(double_divide(X0,identity),double_divide(X2,identity))),double_divide(identity,identity)) [superposition 1,155]
1824. double_divide(double_divide(X1,double_divide(X0,X2)),identity) = double_divide(double_divide(double_divide(double_divide(X1,identity),X2),identity),double_divide(double_divide(X0,identity),identity)) [superposition 148,155]
1829. double_divide(double_divide(X1,double_divide(X0,X2)),identity) = double_divide(X0,double_divide(double_divide(double_divide(X1,identity),X2),identity)) [forward demodulation 1824,1394]
1835. double_divide(X1,double_divide(X0,X2)) = double_divide(double_divide(identity,identity),double_divide(double_divide(X1,identity),double_divide(double_divide(X0,identity),double_divide(X2,identity)))) [forward demodulation 1818,886]
1889. double_divide(double_divide(X1,double_divide(X0,X2)),identity) = double_divide(X0,double_divide(identity,double_divide(double_divide(X1,identity),X2))) [forward demodulation 1829,394]
1895. double_divide(X1,double_divide(X0,X2)) = double_divide(X1,double_divide(identity,double_divide(double_divide(X0,identity),double_divide(X2,identity)))) [forward demodulation 1835,1394]
1939. double_divide(double_divide(X1,double_divide(X0,X2)),identity) = double_divide(X0,double_divide(double_divide(X2,identity),X1)) [forward demodulation 1889,1067]
1945. double_divide(X1,double_divide(X0,X2)) = double_divide(X1,double_divide(X2,X0)) [forward demodulation 1895,463]
1979. double_divide(identity,double_divide(X1,double_divide(X0,X2))) = double_divide(X0,double_divide(double_divide(X2,identity),X1)) [forward demodulation 1939,394]
2124. double_divide(double_divide(a4,b4),identity) != double_divide(identity,double_divide(b4,a4)) <- (~1) [superposition 12,394]
2151. double_divide(double_divide(a4,b4),identity) != double_divide(identity,double_divide(a4,b4)) <- (~1) [forward demodulation 2124,1945]
2188. $false <- (~1) [forward subsumption resolution 2151,394]
2189. 1 [avatar contradiction clause 2188]
2284. double_divide(double_divide(c3,double_divide(double_divide(b3,a3),identity)),identity) != double_divide(identity,double_divide(double_divide(double_divide(c3,b3),identity),a3)) <- (~2) [forward demodulation 16,394]
2286. double_divide(double_divide(c3,double_divide(double_divide(b3,a3),identity)),identity) != double_divide(identity,double_divide(a3,double_divide(identity,double_divide(c3,b3)))) <- (~2) [forward demodulation 2284,1979]
2287. double_divide(double_divide(c3,double_divide(double_divide(b3,a3),identity)),identity) != double_divide(identity,double_divide(a3,double_divide(identity,double_divide(b3,c3)))) <- (~2) [forward demodulation 2286,1945]
2288. double_divide(identity,double_divide(a3,double_divide(identity,double_divide(b3,c3)))) != double_divide(identity,double_divide(c3,double_divide(double_divide(b3,a3),identity))) <- (~2) [forward demodulation 2287,394]
2289. double_divide(identity,double_divide(a3,double_divide(identity,double_divide(b3,c3)))) != double_divide(identity,double_divide(c3,double_divide(identity,double_divide(b3,a3)))) <- (~2) [forward demodulation 2288,435]
2290. double_divide(identity,double_divide(a3,double_divide(identity,double_divide(b3,c3)))) != double_divide(identity,double_divide(c3,double_divide(identity,double_divide(a3,b3)))) <- (~2) [forward demodulation 2289,1945]
7732. double_divide(X0,double_divide(X1,X2)) = double_divide(double_divide(X2,X1),X0) [superposition 886,1945]
10995. double_divide(X1,double_divide(X0,identity)) = double_divide(double_divide(X0,double_divide(identity,X1)),identity) [superposition 1384,96]
11006. double_divide(X1,double_divide(X0,identity)) = double_divide(identity,double_divide(X0,double_divide(identity,X1))) [forward demodulation 10995,394]
15446. double_divide(double_divide(X1,identity),X0) = double_divide(double_divide(identity,X1),X0) [superposition 952,802]
23831. double_divide(double_divide(identity,X0),double_divide(X1,X2)) = double_divide(double_divide(X1,identity),double_divide(double_divide(double_divide(X0,identity),identity),X2)) [superposition 1394,15446]
23978. double_divide(double_divide(identity,X0),double_divide(X1,X2)) = double_divide(identity,double_divide(X2,double_divide(double_divide(X1,identity),double_divide(X0,identity)))) [forward demodulation 23831,1979]
24220. double_divide(double_divide(identity,X0),double_divide(X1,X2)) = double_divide(double_divide(X1,identity),double_divide(X2,X0)) [forward demodulation 23978,434]
105426. double_divide(identity,double_divide(a3,double_divide(identity,double_divide(b3,c3)))) != double_divide(double_divide(a3,b3),double_divide(c3,identity)) <- (~2) [superposition 2290,11006]
105698. double_divide(identity,double_divide(a3,double_divide(identity,double_divide(b3,c3)))) != double_divide(double_divide(a3,b3),double_divide(identity,c3)) <- (~2) [forward demodulation 105426,1945]
105969. double_divide(identity,double_divide(a3,double_divide(identity,double_divide(b3,c3)))) != double_divide(double_divide(identity,c3),double_divide(a3,b3)) <- (~2) [forward demodulation 105698,886]
106173. double_divide(double_divide(identity,c3),double_divide(a3,b3)) != double_divide(double_divide(b3,c3),double_divide(a3,identity)) <- (~2) [forward demodulation 105969,11006]
106347. double_divide(double_divide(identity,c3),double_divide(a3,b3)) != double_divide(double_divide(b3,c3),double_divide(identity,a3)) <- (~2) [forward demodulation 106173,1945]
106480. double_divide(double_divide(identity,c3),double_divide(a3,b3)) != double_divide(double_divide(a3,identity),double_divide(b3,c3)) <- (~2) [forward demodulation 106347,7732]
106578. $false <- (~2) [forward subsumption resolution 106480,24220]
106579. 2 [avatar contradiction clause 106578]
106828. $false <- (~3) [forward subsumption resolution 20,55]
106829. 3 [avatar contradiction clause 106828]
106845. identity != double_divide(identity,double_divide(a1,double_divide(a1,identity))) <- (~4) [forward demodulation 24,394]
106846. identity != double_divide(identity,double_divide(a1,double_divide(identity,a1))) <- (~4) [forward demodulation 106845,435]
106847. identity != double_divide(a1,double_divide(a1,identity)) <- (~4) [forward demodulation 106846,11006]
106848. $false <- (~4) [forward subsumption resolution 106847,7]
106849. 4 [avatar contradiction clause 106848]
s1. ~4 | ~3 | ~2 | ~1 [sat_conversion 25]
s2. 1 [sat_conversion 2189]
s3. 2 [sat_conversion 106579]
s4. 3 [sat_conversion 106829]
s5. 4 [sat_conversion 106849]
s6. # [rat s1,s2,s3,s4,s5]
106850. $false [avatar sat refutation s6]
% SZS output end Proof for GRP100-1
% ------------------------------
% Version: Vampire 5.0.0 (Release build, commit 2e2c9b7b8 on 2026-01-17 12:24:14 +0100)
% Linked with Z3 4.14.0.0 3c47fd96cf5645d0c42b2c819d9e9a84380aa721 z3-4.8.4-9178-g3c47fd96c
% CaDiCaL version: 2.1.3
% Termination reason: Refutation
% Time elapsed: 0.984 s
% Peak memory usage: 59 MB
% Instructions burned: 3642 (million)
% ------------------------------
% ------------------------------
