% Running in auto input_syntax mode. Trying TPTP
% Refutation found. Thanks to Tanya!
% SZS status Unsatisfiable for GRP752-1_clausified
% SZS output start Proof for GRP752-1_clausified
1. mult(X0,ld(X0,X1)) = X1 [input(axiom)]
2. ld(X0,mult(X0,X1)) = X1 [input(axiom)]
3. mult(rd(X0,X1),X1) = X0 [input(axiom)]
4. rd(mult(X0,X1),X1) = X0 [input(axiom)]
5. mult(mult(X0,mult(X0,X0)),mult(X1,X2)) = mult(mult(X0,X1),mult(mult(X0,X0),X2)) [input(axiom)]
6. mult(mult(X0,X0),mult(X1,X2)) = mult(mult(X0,X1),mult(X0,X2)) [input(axiom)]
7. mult(mult(X0,X1),mult(X2,X2)) = mult(mult(X0,X2),mult(X1,X2)) [input(axiom)]
8. mult(mult(a,b),c) != mult(mult(a,c),mult(b,ld(c,c))) [input(negated conjecture)]
10. rd(X0,ld(X1,X0)) = X1 [superposition 4,1]
12. mult(mult(X1,X2),mult(X1,ld(X2,X0))) = mult(mult(X1,X1),X0) [superposition 6,1]
13. mult(mult(X1,X1),X0) = mult(mult(X1,rd(X0,X2)),mult(X1,X2)) [superposition 6,3]
16. mult(mult(X1,X1),mult(ld(X1,X0),X2)) = mult(X0,mult(X1,X2)) [superposition 6,1]
19. mult(mult(X1,X1),mult(X2,ld(X1,X0))) = mult(mult(X1,X2),X0) [superposition 6,1]
29. mult(mult(X1,X2),mult(ld(X1,X0),X2)) = mult(X0,mult(X2,X2)) [superposition 7,1]
30. mult(X0,mult(X2,X2)) = mult(mult(rd(X0,X1),X2),mult(X1,X2)) [superposition 7,3]
38. mult(mult(rd(X0,X1),X2),mult(X1,X1)) = mult(X0,mult(X2,X1)) [superposition 7,3]
54. mult(X0,X2) = rd(mult(mult(X0,X1),mult(X2,X2)),mult(X1,X2)) [superposition 4,7]
79. mult(mult(X0,mult(X0,X0)),mult(X3,mult(X1,X2))) = mult(mult(X0,X3),mult(mult(X0,X1),mult(X0,X2))) [superposition 5,6]
85. mult(X1,X2) = ld(mult(X0,mult(X0,X0)),mult(mult(X0,X1),mult(mult(X0,X0),X2))) [superposition 2,5]
104. mult(mult(X1,X1),X2) = mult(X0,mult(X1,ld(ld(X1,X0),X2))) [superposition 12,1]
121. mult(X0,ld(X2,X1)) = ld(mult(X0,X2),mult(mult(X0,X0),X1)) [superposition 2,12]
152. mult(X0,rd(X1,X2)) = rd(mult(mult(X0,X0),X1),mult(X0,X2)) [superposition 4,13]
451. mult(X2,mult(X1,X1)) = mult(X0,mult(ld(rd(X0,X1),X2),X1)) [superposition 29,3]
531. mult(rd(X0,X2),X1) = rd(mult(X0,mult(X1,X1)),mult(X2,X1)) [superposition 4,30]
581. mult(rd(X0,X2),X1) = rd(mult(X0,mult(X1,X2)),mult(X2,X2)) [superposition 4,38]
1062. mult(X0,ld(ld(X0,X2),X1)) = ld(X2,mult(mult(X0,X0),X1)) [superposition 2,104]
1266. mult(X1,ld(X3,mult(ld(X1,X0),X2))) = ld(mult(X1,X3),mult(X0,mult(X1,X2))) [superposition 121,16]
1905. mult(X1,rd(mult(ld(X1,X0),X2),X3)) = rd(mult(X0,mult(X1,X2)),mult(X1,X3)) [superposition 152,16]
3315. ld(X2,mult(X0,mult(X1,X1))) = mult(ld(rd(X2,X1),X0),X1) [superposition 2,451]
6314. mult(rd(mult(rd(X0,X2),X1),X3),X2) = rd(mult(X0,mult(X1,X2)),mult(X3,X2)) [superposition 531,38]
8569. mult(rd(X1,X2),rd(X0,X2)) = rd(mult(X1,X0),mult(X2,X2)) [superposition 581,3]
12521. ld(X3,mult(mult(X0,X1),mult(X0,X2))) = mult(X0,ld(ld(X0,X3),mult(X1,X2))) [superposition 1062,6]
16104. mult(X0,mult(X0,X2)) = rd(mult(mult(X0,mult(X0,X0)),mult(X1,mult(X2,X2))),mult(X1,mult(X0,X2))) [superposition 54,79]
16290. mult(X0,mult(X0,X2)) = mult(X1,rd(mult(ld(X1,mult(X0,mult(X0,X0))),mult(X2,X2)),mult(X0,X2))) [forward demodulation 16104,1905]
16475. mult(X0,mult(X0,X2)) = mult(X1,mult(rd(mult(rd(ld(X1,mult(X0,mult(X0,X0))),X2),X2),X0),X2)) [forward demodulation 16290,6314]
16556. mult(X0,mult(X0,X2)) = mult(X1,mult(rd(ld(X1,mult(X0,mult(X0,X0))),X0),X2)) [forward demodulation 16475,3]
16606. mult(X0,mult(X0,X2)) = mult(X1,mult(rd(mult(ld(rd(X1,X0),X0),X0),X0),X2)) [forward demodulation 16556,3315]
16641. mult(X0,mult(X0,X2)) = mult(X1,mult(ld(rd(X1,X0),X0),X2)) [forward demodulation 16606,4]
16692. mult(X1,mult(X1,X2)) = mult(mult(X0,X1),mult(ld(X0,X1),X2)) [superposition 16641,4]
74085. mult(X2,mult(ld(X0,X0),X1)) = ld(mult(X0,mult(X0,X0)),mult(mult(X0,X2),mult(X0,mult(X0,X1)))) [superposition 85,16692]
74146. mult(X2,mult(ld(X0,X0),X1)) = mult(X0,ld(ld(X0,mult(X0,mult(X0,X0))),mult(X2,mult(X0,X1)))) [forward demodulation 74085,12521]
74189. mult(X2,mult(ld(X0,X0),X1)) = mult(X0,ld(mult(X0,X0),mult(X2,mult(X0,X1)))) [forward demodulation 74146,2]
74205. mult(X2,mult(ld(X0,X0),X1)) = mult(X0,mult(X0,ld(X0,mult(ld(X0,X2),X1)))) [forward demodulation 74189,1266]
74211. mult(X2,mult(ld(X0,X0),X1)) = mult(X0,mult(ld(X0,X2),X1)) [forward demodulation 74205,1]
119570. mult(X1,ld(X0,X0)) = rd(mult(X0,mult(ld(X0,mult(X1,X2)),ld(X0,X0))),mult(X2,ld(X0,X0))) [superposition 54,74211]
119651. mult(rd(X1,X2),ld(X1,X0)) = rd(mult(X0,mult(ld(X1,X1),X2)),mult(X2,X2)) [superposition 581,74211]
119747. mult(rd(X1,X2),ld(X1,X0)) = mult(rd(X0,X2),rd(mult(ld(X1,X1),X2),X2)) [forward demodulation 119651,8569]
119779. mult(X1,ld(X0,X0)) = mult(rd(mult(rd(X0,ld(X0,X0)),ld(X0,mult(X1,X2))),X2),ld(X0,X0)) [forward demodulation 119570,6314]
119875. mult(rd(X1,X2),ld(X1,X0)) = mult(rd(X0,X2),ld(X1,X1)) [forward demodulation 119747,4]
119884. mult(X1,ld(X0,X0)) = mult(rd(mult(X0,ld(X0,mult(X1,X2))),X2),ld(X0,X0)) [forward demodulation 119779,10]
119935. mult(X1,ld(X0,X0)) = mult(rd(X0,X2),ld(X0,mult(X0,ld(X0,mult(X1,X2))))) [forward demodulation 119884,119875]
119948. mult(X1,ld(X0,X0)) = mult(rd(X0,X2),ld(X0,mult(X1,X2))) [forward demodulation 119935,2]
162969. mult(X1,ld(X2,X2)) = mult(X0,ld(X2,mult(X1,ld(X0,X2)))) [superposition 119948,10]
192192. mult(mult(X2,X2),mult(X0,ld(X2,X1))) = mult(mult(X2,X1),mult(X0,ld(X1,X1))) [superposition 12,162969]
192246. mult(mult(X2,X0),X1) = mult(mult(X2,X1),mult(X0,ld(X1,X1))) [forward demodulation 192192,19]
270173. mult(mult(a,b),c) != mult(mult(a,b),c) [superposition 8,192246]
270213. $false [trivial inequality removal 270173]
% SZS output end Proof for GRP752-1_clausified
% ------------------------------
% Version: Vampire 5.0.0 (Release build, commit 2e2c9b7b8 on 2026-01-17 12:24:14 +0100)
% Linked with Z3 4.14.0.0 3c47fd96cf5645d0c42b2c819d9e9a84380aa721 z3-4.8.4-9178-g3c47fd96c
% CaDiCaL version: 2.1.3
% Termination reason: Refutation
% Time elapsed: 21.107 s
% Peak memory usage: 162 MB
% Instructions burned: 80747 (million)
% ------------------------------
% ------------------------------
