% Running in auto input_syntax mode. Trying TPTP
% Refutation found. Thanks to Tanya!
% SZS status Unsatisfiable for GRP126-3.004_clausified
% SZS output start Proof for GRP126-3.004_clausified
3. next(e_2,e_3) [input(axiom)]
5. greater(e_1,e_0) [input(axiom)]
6. greater(e_2,e_0) [input(axiom)]
7. greater(e_3,e_0) [input(axiom)]
12. greater(e_3,e_2) [input(axiom)]
13. greater(e_4,e_2) [input(axiom)]
16. cycle(X0,e_0) | ~group_element(X0) | cycle(X0,e_1) | cycle(X0,e_2) | cycle(X0,e_3) [input(axiom)]
20. ~product(X0,e_1,X1) | ~cycle(X0,e_0) | ~greater(X1,X0) [input(axiom)]
21. ~product(X0,e_1,X2) | ~cycle(X0,X1) | ~greater(X1,e_0) | ~next(X0,X3) | equalish(X2,X3) [input(axiom)]
22. group_element(e_1) [input(axiom)]
23. group_element(e_2) [input(axiom)]
24. group_element(e_3) [input(axiom)]
25. group_element(e_4) [input(axiom)]
26. ~equalish(e_1,e_2) [input(axiom)]
27. ~equalish(e_1,e_3) [input(axiom)]
28. ~equalish(e_1,e_4) [input(axiom)]
29. ~equalish(e_2,e_1) [input(axiom)]
30. ~equalish(e_2,e_3) [input(axiom)]
31. ~equalish(e_2,e_4) [input(axiom)]
32. ~equalish(e_3,e_1) [input(axiom)]
34. ~equalish(e_3,e_4) [input(axiom)]
35. ~equalish(e_4,e_1) [input(axiom)]
36. ~equalish(e_4,e_2) [input(axiom)]
37. ~equalish(e_4,e_3) [input(axiom)]
38. product(X0,X1,e_4) | ~group_element(X1) | product(X0,X1,e_1) | product(X0,X1,e_2) | product(X0,X1,e_3) | ~group_element(X0) [input(axiom)]
39. ~product(X0,X1,X3) | ~product(X0,X1,X2) | equalish(X2,X3) [input(axiom)]
40. ~product(X0,X3,X2) | ~product(X0,X1,X2) | equalish(X1,X3) [input(axiom)]
41. ~product(X3,X1,X2) | ~product(X0,X1,X2) | equalish(X0,X3) [input(axiom)]
42. product(X0,X0,X0) [input(axiom)]
43. ~product(X1,X0,X3) | ~product(X0,X1,X2) | product(X2,X3,X1) [input(negated conjecture)]
44. ~product(X0,X0,X1) | product(X1,X0,X0) [resolution 42,43]
57. ~product(X0,X0,X1) | equalish(X1,X0) [resolution 39,42]
59. ~product(X0,X1,X0) | equalish(X1,X0) [resolution 40,42]
60. ~product(X0,X1,X1) | equalish(X0,X1) [resolution 41,42]
99. ~product(X1,X2,e_4) | product(X1,X0,e_1) | product(X1,X0,e_2) | product(X1,X0,e_3) | ~group_element(X1) | ~group_element(X0) | equalish(X2,X0) [resolution 38,40]
101. ~product(X0,X1,X2) | product(X1,X0,e_1) | product(X1,X0,e_2) | product(X1,X0,e_3) | ~group_element(X1) | ~group_element(X0) | product(X2,e_4,X1) [resolution 38,43]
103. ~group_element(X0) | product(X0,X0,e_1) | product(X0,X0,e_2) | product(X0,X0,e_3) | ~group_element(X0) | product(e_4,X0,X0) [resolution 38,44]
104. ~group_element(e_1) | product(X0,e_1,e_1) | product(X0,e_1,e_2) | product(X0,e_1,e_3) | ~group_element(X0) | ~cycle(X0,X1) | ~greater(X1,e_0) | ~next(X0,X2) | equalish(e_4,X2) [resolution 38,21]
105. ~group_element(e_1) | product(X0,e_1,e_1) | product(X0,e_1,e_2) | product(X0,e_1,e_3) | ~group_element(X0) | ~cycle(X0,e_0) | ~greater(e_4,X0) [resolution 38,20]
106. product(e_4,X0,X0) | product(X0,X0,e_3) | product(X0,X0,e_2) | product(X0,X0,e_1) | ~group_element(X0) [duplicate literal removal 103]
108. product(X0,e_1,e_3) | product(X0,e_1,e_2) | product(X0,e_1,e_1) | ~group_element(X0) | ~cycle(X0,e_0) | ~greater(e_4,X0) [forward subsumption resolution 105,22]
109. ~cycle(X0,X1) | product(X0,e_1,e_2) | product(X0,e_1,e_3) | ~group_element(X0) | product(X0,e_1,e_1) | ~greater(X1,e_0) | ~next(X0,X2) | equalish(e_4,X2) [forward subsumption resolution 104,22]
122. product(e_4,X0,X0) | product(X0,X0,e_2) | product(X0,X0,e_1) | ~group_element(X0) | equalish(e_3,X0) [resolution 106,57]
126. product(X0,X1,e_1) | product(X0,X1,e_2) | product(X0,X1,e_3) | ~group_element(X0) | ~group_element(X1) | product(e_4,e_4,X0) | ~group_element(X0) | product(X1,X0,e_1) | product(X1,X0,e_2) | product(X1,X0,e_3) | ~group_element(X1) [resolution 101,38]
129. product(e_4,e_4,X0) | product(X1,X0,e_3) | product(X0,X1,e_3) | ~group_element(X0) | ~group_element(X1) | product(X0,X1,e_2) | product(X1,X0,e_1) | product(X1,X0,e_2) | product(X0,X1,e_1) [duplicate literal removal 126]
147. product(e_4,X0,X0) | product(X0,X0,e_1) | ~group_element(X0) | equalish(e_3,X0) | equalish(e_2,X0) [resolution 122,57]
153. equalish(X0,e_4) | ~group_element(X0) | product(e_4,X0,e_1) | product(e_4,X0,e_2) | product(e_4,X0,e_3) | ~group_element(e_4) [resolution 59,38]
156. product(e_4,X0,e_3) | ~group_element(X0) | product(e_4,X0,e_1) | product(e_4,X0,e_2) | equalish(X0,e_4) [forward subsumption resolution 153,25]
233. product(X0,e_1,e_2) | product(X0,e_1,e_1) | ~group_element(X0) | ~cycle(X0,e_0) | ~greater(e_4,X0) | ~cycle(X0,e_0) | ~greater(e_3,X0) [resolution 108,20]
243. product(X0,e_1,e_2) | product(X0,e_1,e_1) | ~group_element(X0) | ~cycle(X0,e_0) | ~greater(e_4,X0) | ~greater(e_3,X0) [duplicate literal removal 233]
248. 9 <=> product(e_3,e_4,e_1) [avatar definition]
249. ~product(e_3,e_4,e_1) <- (~9) [avatar component clause 248]
250. product(e_3,e_4,e_1) <- (9) [avatar component clause 248]
261. 12 <=> product(e_3,e_1,e_1) [avatar definition]
262. ~product(e_3,e_1,e_1) <- (~12) [avatar component clause 261]
263. product(e_3,e_1,e_1) <- (12) [avatar component clause 261]
265. 13 <=> product(e_3,e_1,e_2) [avatar definition]
266. ~product(e_3,e_1,e_2) <- (~13) [avatar component clause 265]
267. product(e_3,e_1,e_2) <- (13) [avatar component clause 265]
269. product(e_4,e_3,e_1) | product(e_4,e_3,e_2) | product(e_4,e_3,e_3) | ~group_element(e_4) | ~group_element(e_3) | product(e_1,e_4,e_4) <- (9) [resolution 250,101]
274. product(e_4,e_3,e_1) | product(e_4,e_3,e_2) | product(e_4,e_3,e_3) | ~group_element(e_3) | product(e_1,e_4,e_4) <- (9) [forward subsumption resolution 269,25]
275. product(e_4,e_3,e_1) | product(e_4,e_3,e_2) | product(e_4,e_3,e_3) | product(e_1,e_4,e_4) <- (9) [forward subsumption resolution 274,24]
277. 14 <=> product(e_1,e_4,e_4) [avatar definition]
279. product(e_1,e_4,e_4) <- (14) [avatar component clause 277]
281. 15 <=> product(e_4,e_3,e_3) [avatar definition]
283. product(e_4,e_3,e_3) <- (15) [avatar component clause 281]
285. 16 <=> product(e_4,e_3,e_2) [avatar definition]
286. ~product(e_4,e_3,e_2) <- (~16) [avatar component clause 285]
287. product(e_4,e_3,e_2) <- (16) [avatar component clause 285]
289. 17 <=> product(e_4,e_3,e_1) [avatar definition]
291. product(e_4,e_3,e_1) <- (17) [avatar component clause 289]
292. 14 | 15 | 16 | 17 | ~9 [avatar split clause 275,248,289,285,281,277]
312. 18 <=> product(e_4,e_4,e_1) [avatar definition]
314. product(e_4,e_4,e_1) <- (18) [avatar component clause 312]
320. 20 <=> product(e_4,e_4,e_3) [avatar definition]
322. product(e_4,e_4,e_3) <- (20) [avatar component clause 320]
340. product(e_4,X0,e_1) | product(e_4,X0,e_2) | product(e_4,X0,e_3) | ~group_element(e_4) | ~group_element(X0) | equalish(e_4,X0) | product(e_4,e_4,e_1) | ~group_element(e_4) | equalish(e_3,e_4) | equalish(e_2,e_4) [resolution 99,147]
345. product(e_4,X0,e_1) | product(e_4,X0,e_2) | product(e_4,X0,e_3) | ~group_element(e_4) | ~group_element(X0) | equalish(e_4,X0) | product(e_4,e_4,e_1) | equalish(e_3,e_4) | equalish(e_2,e_4) [duplicate literal removal 340]
350. product(e_4,X0,e_1) | product(e_4,X0,e_2) | product(e_4,X0,e_3) | ~group_element(X0) | equalish(e_4,X0) | product(e_4,e_4,e_1) | equalish(e_3,e_4) | equalish(e_2,e_4) [forward subsumption resolution 345,25]
354. 22 <=> ! [X0] : (product(e_4,X0,e_1) | equalish(e_4,X0) | ~group_element(X0) | product(e_4,X0,e_3) | product(e_4,X0,e_2)) [avatar definition]
355. product(e_4,X0,e_3) | equalish(e_4,X0) | ~group_element(X0) | product(e_4,X0,e_1) | product(e_4,X0,e_2) <- (22) [avatar component clause 354]
358. product(e_4,X0,e_1) | product(e_4,X0,e_2) | product(e_4,X0,e_3) | ~group_element(X0) | equalish(e_4,X0) | product(e_4,e_4,e_1) | equalish(e_2,e_4) [forward subsumption resolution 350,34]
362. product(e_4,X0,e_1) | product(e_4,X0,e_2) | product(e_4,X0,e_3) | ~group_element(X0) | equalish(e_4,X0) | product(e_4,e_4,e_1) [forward subsumption resolution 358,31]
364. 18 | 22 [avatar split clause 362,354,312]
615. 28 <=> product(e_2,e_4,e_1) [avatar definition]
617. product(e_2,e_4,e_1) <- (28) [avatar component clause 615]
626. 30 <=> product(e_2,e_1,e_1) [avatar definition]
627. ~product(e_2,e_1,e_1) <- (~30) [avatar component clause 626]
628. product(e_2,e_1,e_1) <- (30) [avatar component clause 626]
630. 31 <=> cycle(e_2,e_0) [avatar definition]
632. ~cycle(e_2,e_0) <- (~31) [avatar component clause 630]
634. 32 <=> product(e_1,e_2,e_1) [avatar definition]
636. product(e_1,e_2,e_1) <- (32) [avatar component clause 634]
638. 33 <=> product(e_1,e_2,e_3) [avatar definition]
640. product(e_1,e_2,e_3) <- (33) [avatar component clause 638]
648. ~product(e_4,e_3,X0) | product(X0,e_1,e_3) <- (9) [resolution 250,43]
667. equalish(e_1,e_4) <- (14) [resolution 279,60]
674. $false <- (14) [forward subsumption resolution 667,28]
675. ~14 [avatar contradiction clause 674]
708. product(e_4,e_4,e_3) | product(e_3,X0,e_3) | ~group_element(e_3) | ~group_element(X0) | product(e_3,X0,e_2) | product(X0,e_3,e_1) | product(X0,e_3,e_2) | product(e_3,X0,e_1) | equalish(X0,e_3) [resolution 129,60]
745. product(e_4,e_4,e_3) | product(e_3,X0,e_3) | ~group_element(X0) | product(e_3,X0,e_2) | product(X0,e_3,e_1) | product(X0,e_3,e_2) | product(e_3,X0,e_1) | equalish(X0,e_3) [forward subsumption resolution 708,24]
756. product(e_4,e_4,e_3) | ~group_element(X0) | product(e_3,X0,e_2) | product(X0,e_3,e_1) | product(X0,e_3,e_2) | product(e_3,X0,e_1) | equalish(X0,e_3) [forward subsumption resolution 745,59]
758. 40 <=> ! [X0] : (~group_element(X0) | equalish(X0,e_3) | product(e_3,X0,e_1) | product(X0,e_3,e_2) | product(X0,e_3,e_1) | product(e_3,X0,e_2)) [avatar definition]
759. product(e_3,X0,e_2) | product(X0,e_3,e_2) | product(e_3,X0,e_1) | equalish(X0,e_3) | product(X0,e_3,e_1) | ~group_element(X0) <- (40) [avatar component clause 758]
761. 40 | 20 [avatar split clause 756,320,758]
762. equalish(e_4,e_3) <- (15) [resolution 283,60]
770. $false <- (15) [forward subsumption resolution 762,37]
771. ~15 [avatar contradiction clause 770]
774. equalish(e_3,e_1) <- (12) [resolution 263,60]
782. $false <- (12) [forward subsumption resolution 774,32]
783. ~12 [avatar contradiction clause 782]
794. 43 <=> product(e_1,e_3,e_3) [avatar definition]
796. product(e_1,e_3,e_3) <- (43) [avatar component clause 794]
798. 44 <=> product(e_1,e_3,e_2) [avatar definition]
799. ~product(e_1,e_3,e_2) <- (~44) [avatar component clause 798]
800. product(e_1,e_3,e_2) <- (44) [avatar component clause 798]
802. 45 <=> product(e_1,e_3,e_1) [avatar definition]
804. product(e_1,e_3,e_1) <- (45) [avatar component clause 802]
820. product(e_1,e_3,e_1) | product(e_1,e_3,e_2) | product(e_1,e_3,e_3) | ~group_element(e_1) | ~group_element(e_3) | product(e_2,e_4,e_1) <- (13) [resolution 267,101]
825. product(e_1,e_3,e_1) | product(e_1,e_3,e_2) | product(e_1,e_3,e_3) | ~group_element(e_3) | product(e_2,e_4,e_1) <- (13) [forward subsumption resolution 820,22]
831. product(e_1,e_3,e_1) | product(e_1,e_3,e_2) | product(e_1,e_3,e_3) | product(e_2,e_4,e_1) <- (13) [forward subsumption resolution 825,24]
832. 28 | 43 | 44 | 45 | ~13 [avatar split clause 831,265,802,798,794,615]
839. equalish(e_1,e_4) <- (18) [resolution 314,57]
845. $false <- (18) [forward subsumption resolution 839,28]
846. ~18 [avatar contradiction clause 845]
858. equalish(e_3,e_4) <- (20) [resolution 322,57]
862. $false <- (20) [forward subsumption resolution 858,34]
863. ~20 [avatar contradiction clause 862]
886. ~group_element(e_3) | product(e_4,e_3,e_1) | product(e_4,e_3,e_2) | equalish(e_3,e_4) | equalish(e_4,e_3) [resolution 156,60]
984. product(e_2,e_1,e_1) | ~group_element(e_2) | ~cycle(e_2,e_0) | ~greater(e_4,e_2) | ~greater(e_3,e_2) | equalish(e_1,e_2) [resolution 243,59]
1000. product(e_2,e_1,e_1) | ~cycle(e_2,e_0) | ~greater(e_4,e_2) | ~greater(e_3,e_2) | equalish(e_1,e_2) [forward subsumption resolution 984,23]
1005. product(e_2,e_1,e_1) | ~cycle(e_2,e_0) | ~greater(e_3,e_2) | equalish(e_1,e_2) [forward subsumption resolution 1000,13]
1006. product(e_2,e_1,e_1) | ~cycle(e_2,e_0) | equalish(e_1,e_2) [forward subsumption resolution 1005,12]
1007. product(e_2,e_1,e_1) | ~cycle(e_2,e_0) [forward subsumption resolution 1006,26]
1008. ~31 | 30 [avatar split clause 1007,626,630]
1009. ~group_element(e_2) | cycle(e_2,e_1) | cycle(e_2,e_2) | cycle(e_2,e_3) <- (~31) [resolution 632,16]
1010. cycle(e_2,e_1) | cycle(e_2,e_2) | cycle(e_2,e_3) <- (~31) [forward subsumption resolution 1009,23]
1012. 55 <=> cycle(e_2,e_3) [avatar definition]
1014. cycle(e_2,e_3) <- (55) [avatar component clause 1012]
1016. 56 <=> cycle(e_2,e_2) [avatar definition]
1018. cycle(e_2,e_2) <- (56) [avatar component clause 1016]
1020. 57 <=> cycle(e_2,e_1) [avatar definition]
1022. cycle(e_2,e_1) <- (57) [avatar component clause 1020]
1023. 55 | 56 | 57 | 31 [avatar split clause 1010,630,1020,1016,1012]
1127. 59 <=> product(e_4,e_2,e_3) [avatar definition]
1129. product(e_4,e_2,e_3) <- (59) [avatar component clause 1127]
1131. 60 <=> product(e_4,e_2,e_2) [avatar definition]
1133. product(e_4,e_2,e_2) <- (60) [avatar component clause 1131]
1135. 61 <=> product(e_4,e_2,e_1) [avatar definition]
1137. product(e_4,e_2,e_1) <- (61) [avatar component clause 1135]
1212. equalish(e_2,e_1) <- (30) [resolution 628,60]
1219. $false <- (30) [forward subsumption resolution 1212,29]
1220. ~30 [avatar contradiction clause 1219]
1307. product(e_2,e_1,e_2) | product(e_2,e_1,e_3) | ~group_element(e_2) | product(e_2,e_1,e_1) | ~greater(e_3,e_0) | ~next(e_2,X0) | equalish(e_4,X0) <- (55) [resolution 1014,109]
1308. product(e_2,e_1,e_2) | product(e_2,e_1,e_3) | product(e_2,e_1,e_1) | ~greater(e_3,e_0) | ~next(e_2,X0) | equalish(e_4,X0) <- (55) [forward subsumption resolution 1307,23]
1313. product(e_2,e_1,e_2) | product(e_2,e_1,e_3) | ~greater(e_3,e_0) | ~next(e_2,X0) | equalish(e_4,X0) <- (~30, 55) [forward subsumption resolution 1308,627]
1326. product(e_2,e_1,e_2) | product(e_2,e_1,e_3) | ~next(e_2,X0) | equalish(e_4,X0) <- (~30, 55) [forward subsumption resolution 1313,7]
1328. 67 <=> ! [X0] : (~next(e_2,X0) | equalish(e_4,X0)) [avatar definition]
1329. ~next(e_2,X0) | equalish(e_4,X0) <- (67) [avatar component clause 1328]
1331. 68 <=> product(e_2,e_1,e_3) [avatar definition]
1333. product(e_2,e_1,e_3) <- (68) [avatar component clause 1331]
1335. 69 <=> product(e_2,e_1,e_2) [avatar definition]
1337. product(e_2,e_1,e_2) <- (69) [avatar component clause 1335]
1338. 67 | 68 | 69 | 30 | ~55 [avatar split clause 1326,1012,626,1335,1331,1328]
1355. product(e_2,e_1,e_2) | product(e_2,e_1,e_3) | ~group_element(e_2) | product(e_2,e_1,e_1) | ~greater(e_2,e_0) | ~next(e_2,X0) | equalish(e_4,X0) <- (56) [resolution 1018,109]
1356. product(e_2,e_1,e_2) | product(e_2,e_1,e_3) | product(e_2,e_1,e_1) | ~greater(e_2,e_0) | ~next(e_2,X0) | equalish(e_4,X0) <- (56) [forward subsumption resolution 1355,23]
1361. product(e_2,e_1,e_2) | product(e_2,e_1,e_3) | ~greater(e_2,e_0) | ~next(e_2,X0) | equalish(e_4,X0) <- (~30, 56) [forward subsumption resolution 1356,627]
1367. product(e_2,e_1,e_2) | product(e_2,e_1,e_3) | ~next(e_2,X0) | equalish(e_4,X0) <- (~30, 56) [forward subsumption resolution 1361,6]
1368. 67 | 68 | 69 | 30 | ~56 [avatar split clause 1367,1016,626,1335,1331,1328]
1399. product(e_2,e_1,e_2) | product(e_2,e_1,e_3) | ~group_element(e_2) | product(e_2,e_1,e_1) | ~greater(e_1,e_0) | ~next(e_2,X0) | equalish(e_4,X0) <- (57) [resolution 1022,109]
1400. product(e_2,e_1,e_2) | product(e_2,e_1,e_3) | product(e_2,e_1,e_1) | ~greater(e_1,e_0) | ~next(e_2,X0) | equalish(e_4,X0) <- (57) [forward subsumption resolution 1399,23]
1405. product(e_2,e_1,e_2) | product(e_2,e_1,e_3) | ~greater(e_1,e_0) | ~next(e_2,X0) | equalish(e_4,X0) <- (~30, 57) [forward subsumption resolution 1400,627]
1411. product(e_2,e_1,e_2) | product(e_2,e_1,e_3) | ~next(e_2,X0) | equalish(e_4,X0) <- (~30, 57) [forward subsumption resolution 1405,5]
1412. 67 | 68 | 69 | 30 | ~57 [avatar split clause 1411,1020,626,1335,1331,1328]
1424. product(e_1,e_1,e_3) <- (9, 17) [resolution 291,648]
1682. equalish(e_3,e_1) <- (9, 17) [resolution 1424,57]
1695. $false <- (9, 17) [forward subsumption resolution 1682,32]
1696. ~9 | ~17 [avatar contradiction clause 1695]
1702. product(e_4,e_3,e_1) | product(e_4,e_3,e_2) | equalish(e_3,e_4) | equalish(e_4,e_3) [forward subsumption resolution 886,24]
1714. product(e_4,e_3,e_1) | equalish(e_3,e_4) | equalish(e_4,e_3) <- (~16) [forward subsumption resolution 1702,286]
1722. product(e_4,e_3,e_1) | equalish(e_4,e_3) <- (~16) [forward subsumption resolution 1714,34]
1730. product(e_4,e_3,e_1) <- (~16) [forward subsumption resolution 1722,37]
1750. 17 | 16 [avatar split clause 1730,285,289]
1754. ~product(e_4,X0,e_1) | equalish(X0,e_3) <- (17) [resolution 291,40]
1834. equalish(e_4,e_3) <- (67) [resolution 1329,3]
1835. $false <- (67) [forward subsumption resolution 1834,37]
1836. ~67 [avatar contradiction clause 1835]
1903. equalish(e_1,e_2) <- (69) [resolution 1337,59]
1911. $false <- (69) [forward subsumption resolution 1903,26]
1912. ~69 [avatar contradiction clause 1911]
1921. 77 <=> product(e_1,e_2,e_2) [avatar definition]
1923. product(e_1,e_2,e_2) <- (77) [avatar component clause 1921]
1981. product(e_1,e_2,e_1) | product(e_1,e_2,e_2) | product(e_1,e_2,e_3) | ~group_element(e_1) | ~group_element(e_2) | product(e_3,e_4,e_1) <- (68) [resolution 1333,101]
1986. product(e_1,e_2,e_1) | product(e_1,e_2,e_2) | product(e_1,e_2,e_3) | ~group_element(e_2) | product(e_3,e_4,e_1) <- (68) [forward subsumption resolution 1981,22]
1991. product(e_1,e_2,e_1) | product(e_1,e_2,e_2) | product(e_1,e_2,e_3) | product(e_3,e_4,e_1) <- (68) [forward subsumption resolution 1986,23]
1992. product(e_1,e_2,e_1) | product(e_1,e_2,e_2) | product(e_1,e_2,e_3) <- (~9, 68) [forward subsumption resolution 1991,249]
1993. 33 | 77 | 32 | 9 | ~68 [avatar split clause 1992,1331,248,634,1921,638]
1995. equalish(e_2,e_1) <- (32) [resolution 636,59]
2003. $false <- (32) [forward subsumption resolution 1995,29]
2004. ~32 [avatar contradiction clause 2003]
2147. equalish(e_1,e_2) <- (77) [resolution 1923,60]
2154. $false <- (77) [forward subsumption resolution 2147,26]
2155. ~77 [avatar contradiction clause 2154]
2161. ~product(X0,e_2,e_3) | equalish(X0,e_1) <- (33) [resolution 640,41]
2614. equalish(e_4,e_1) | equalish(e_4,e_2) | ~group_element(e_2) | product(e_4,e_2,e_1) | product(e_4,e_2,e_2) <- (22, 33) [resolution 2161,355]
2617. equalish(e_4,e_2) | ~group_element(e_2) | product(e_4,e_2,e_1) | product(e_4,e_2,e_2) <- (22, 33) [forward subsumption resolution 2614,35]
2625. ~group_element(e_2) | product(e_4,e_2,e_1) | product(e_4,e_2,e_2) <- (22, 33) [forward subsumption resolution 2617,36]
2629. product(e_4,e_2,e_1) | product(e_4,e_2,e_2) <- (22, 33) [forward subsumption resolution 2625,23]
2635. 60 | 61 | ~22 | ~33 [avatar split clause 2629,638,354,1135,1131]
2698. equalish(e_4,e_2) <- (60) [resolution 1133,60]
2707. $false <- (60) [forward subsumption resolution 2698,36]
2708. ~60 [avatar contradiction clause 2707]
2813. product(e_1,e_3,e_2) | product(e_3,e_1,e_1) | equalish(e_1,e_3) | product(e_1,e_3,e_1) | ~group_element(e_1) <- (~13, 40) [resolution 759,266]
2847. product(e_1,e_3,e_2) | equalish(e_1,e_3) | product(e_1,e_3,e_1) | ~group_element(e_1) <- (~12, ~13, 40) [forward subsumption resolution 2813,262]
2852. product(e_1,e_3,e_2) | product(e_1,e_3,e_1) | ~group_element(e_1) <- (~12, ~13, 40) [forward subsumption resolution 2847,27]
2859. product(e_1,e_3,e_2) | product(e_1,e_3,e_1) <- (~12, ~13, 40) [forward subsumption resolution 2852,22]
2862. 45 | 44 | 12 | 13 | ~40 [avatar split clause 2859,758,265,261,798,802]
2875. ~product(X0,e_3,e_2) | equalish(X0,e_1) <- (44) [resolution 800,41]
2970. equalish(e_2,e_3) <- (17, 61) [resolution 1137,1754]
2979. $false <- (17, 61) [forward subsumption resolution 2970,30]
2980. ~17 | ~61 [avatar contradiction clause 2979]
3712. equalish(e_4,e_1) <- (16, 44) [resolution 2875,287]
3713. $false <- (16, 44) [forward subsumption resolution 3712,35]
3714. ~16 | ~44 [avatar contradiction clause 3713]
3723. ~product(e_1,e_3,X0) | product(X0,e_2,e_3) <- (13) [resolution 267,43]
3739. product(e_4,e_2,e_3) | ~group_element(e_3) | product(e_1,e_3,e_1) | product(e_1,e_3,e_2) | product(e_1,e_3,e_3) | ~group_element(e_1) <- (13) [resolution 3723,38]
3748. product(e_4,e_2,e_3) | product(e_1,e_3,e_1) | product(e_1,e_3,e_2) | product(e_1,e_3,e_3) | ~group_element(e_1) <- (13) [forward subsumption resolution 3739,24]
3753. product(e_4,e_2,e_3) | product(e_1,e_3,e_1) | product(e_1,e_3,e_3) | ~group_element(e_1) <- (13, ~44) [forward subsumption resolution 3748,799]
3758. product(e_4,e_2,e_3) | product(e_1,e_3,e_1) | product(e_1,e_3,e_3) <- (13, ~44) [forward subsumption resolution 3753,22]
3775. 43 | 45 | 59 | ~13 | 44 [avatar split clause 3758,798,265,1127,802,794]
3786. equalish(e_1,e_3) <- (43) [resolution 796,60]
3793. $false <- (43) [forward subsumption resolution 3786,27]
3794. ~43 [avatar contradiction clause 3793]
3820. equalish(e_3,e_1) <- (45) [resolution 804,59]
3828. $false <- (45) [forward subsumption resolution 3820,32]
3829. ~45 [avatar contradiction clause 3828]
3834. equalish(e_4,e_1) <- (33, 59) [resolution 1129,2161]
3846. $false <- (33, 59) [forward subsumption resolution 3834,35]
3847. ~33 | ~59 [avatar contradiction clause 3846]
3856. ~product(X0,e_4,e_1) | equalish(X0,e_3) <- (9) [resolution 250,41]
3884. equalish(e_2,e_3) <- (9, 28) [resolution 3856,617]
3888. $false <- (9, 28) [forward subsumption resolution 3884,30]
3889. ~9 | ~28 [avatar contradiction clause 3888]
s7. ~9 | 14 | 15 | 16 | 17 [sat_conversion 292]
s16. 18 | 22 [sat_conversion 364]
s22. ~14 [sat_conversion 675]
s27. 20 | 40 [sat_conversion 761]
s28. ~15 [sat_conversion 771]
s29. ~12 [sat_conversion 783]
s33. ~13 | 28 | 43 | 44 | 45 [sat_conversion 832]
s35. ~18 [sat_conversion 846]
s36. ~20 [sat_conversion 863]
s42. ~31 | 30 [sat_conversion 1008]
s43. 31 | 55 | 56 | 57 [sat_conversion 1023]
s46. ~30 [sat_conversion 1220]
s50. ~55 | 30 | 67 | 68 | 69 [sat_conversion 1338]
s53. ~56 | 30 | 67 | 68 | 69 [sat_conversion 1368]
s57. ~57 | 30 | 67 | 68 | 69 [sat_conversion 1412]
s61. ~17 | ~9 [sat_conversion 1696]
s70. 16 | 17 [sat_conversion 1750]
s71. ~67 [sat_conversion 1836]
s72. ~69 [sat_conversion 1912]
s76. ~68 | 9 | 32 | 33 | 77 [sat_conversion 1993]
s77. ~32 [sat_conversion 2004]
s78. ~77 [sat_conversion 2155]
s81. ~33 | ~22 | 60 | 61 [sat_conversion 2635]
s82. ~60 [sat_conversion 2708]
s86. ~40 | 12 | 13 | 44 | 45 [sat_conversion 2862]
s88. ~61 | ~17 [sat_conversion 2980]
s101. ~44 | ~16 [sat_conversion 3714]
s106. ~13 | 43 | 44 | 45 | 59 [sat_conversion 3775]
s107. ~43 [sat_conversion 3794]
s112. ~45 [sat_conversion 3829]
s113. ~59 | ~33 [sat_conversion 3847]
s114. ~28 | ~9 [sat_conversion 3889]
s115. ~13 | 44 | 59 [rat s106,s112,s107]
s126. ~40 | 12 | 13 | 44 [rat s86,s112]
s128. ~33 | ~22 | 61 [rat s81,s82]
s130. ~68 | 9 | 33 [rat s76,s78,s77]
s132. ~57 | 30 | 68 [rat s57,s72,s71]
s133. ~56 | 30 | 68 [rat s53,s72,s71]
s134. ~55 | 30 | 68 [rat s50,s72,s71]
s136. ~31 [rat s42,s46]
s137. ~13 | 28 | 44 [rat s33,s112,s107]
s139. 40 [rat s27,s36]
s144. 22 [rat s16,s35]
s147. ~9 | 16 | 17 [rat s7,s28,s22]
s150. 68 [rat s43,s134,s133,s132,s136,s46]
s151. ~33 [rat s115,s126,s101,s70,s88,s128,s113,s29,s139,s144]
s152. 9 [rat s130,s150,s151]
s153. ~28 [rat s114,s152]
s154. ~17 [rat s61,s152]
s155. 16 [rat s147,s154,s152]
s157. ~44 [rat s101,s155]
s158. 13 [rat s126,s139,s29,s157]
s159. # [rat s137,s153,s157,s158]
3890. $false [avatar sat refutation s159]
% SZS output end Proof for GRP126-3.004_clausified
% ------------------------------
% Version: Vampire 5.0.0 (Release build, commit 2e2c9b7b8 on 2026-01-17 12:24:14 +0100)
% Linked with Z3 4.14.0.0 3c47fd96cf5645d0c42b2c819d9e9a84380aa721 z3-4.8.4-9178-g3c47fd96c
% CaDiCaL version: 2.1.3
% Termination reason: Refutation
% Time elapsed: 0.068 s
% Peak memory usage: 70 MB
% Instructions burned: 226 (million)
% ------------------------------
% ------------------------------
