% Running in auto input_syntax mode. Trying TPTP
% Refutation found. Thanks to Tanya!
% SZS status Theorem for GRP644+1
% SZS output start Proof for GRP644+1
1. ! [X0] : ((l1_group_1(X0) & v4_group_1(X0) & v3_group_1(X0) & ~v3_struct_0(X0)) => ! [X1] : ((m1_group_2(X1,X0) & v1_group_1(X1)) => ! [X2] : (m1_subset_1(X2,u1_struct_0(X0)) => (r2_hidden(X2,k1_funct_1(k1_latsubgr(X0),X1)) => r2_hidden(k3_group_1(X0,X2),k1_funct_1(k1_latsubgr(X0),X1)))))) [input(conjecture)]
2. ~! [X0] : ((l1_group_1(X0) & v4_group_1(X0) & v3_group_1(X0) & ~v3_struct_0(X0)) => ! [X1] : ((m1_group_2(X1,X0) & v1_group_1(X1)) => ! [X2] : (m1_subset_1(X2,u1_struct_0(X0)) => (r2_hidden(X2,k1_funct_1(k1_latsubgr(X0),X1)) => r2_hidden(k3_group_1(X0,X2),k1_funct_1(k1_latsubgr(X0),X1)))))) [negated conjecture 1]
16. ! [X0,X1] : ((m1_subset_1(X1,u1_struct_0(X0)) & l1_group_1(X0) & v4_group_1(X0) & v3_group_1(X0) & ~v3_struct_0(X0)) => m1_subset_1(k3_group_1(X0,X1),u1_struct_0(X0))) [input(axiom)]
47. ! [X0] : ((l1_group_1(X0) & v4_group_1(X0) & v3_group_1(X0) & ~v3_struct_0(X0)) => ! [X1] : ((m1_group_2(X1,X0) & v1_group_1(X1)) => ! [X2] : (m1_subset_1(X2,u1_struct_0(X0)) => (r2_hidden(X2,k1_funct_1(k1_latsubgr(X0),X1)) <=> r1_rlvect_1(X1,X2))))) [input(axiom)]
53. ! [X0] : ((l1_group_1(X0) & v4_group_1(X0) & v3_group_1(X0) & ~v3_struct_0(X0)) => ! [X1] : (m1_subset_1(X1,u1_struct_0(X0)) => ! [X2] : (m1_group_2(X2,X0) => (r1_rlvect_1(X2,X1) => r1_rlvect_1(X2,k3_group_1(X0,X1)))))) [input(axiom)]
62. ? [X0] : (? [X1] : (? [X2] : ((~r2_hidden(k3_group_1(X0,X2),k1_funct_1(k1_latsubgr(X0),X1)) & r2_hidden(X2,k1_funct_1(k1_latsubgr(X0),X1))) & m1_subset_1(X2,u1_struct_0(X0))) & (m1_group_2(X1,X0) & v1_group_1(X1))) & (l1_group_1(X0) & v4_group_1(X0) & v3_group_1(X0) & ~v3_struct_0(X0))) [ennf transformation 2]
63. ? [X0] : (? [X1] : (? [X2] : (~r2_hidden(k3_group_1(X0,X2),k1_funct_1(k1_latsubgr(X0),X1)) & r2_hidden(X2,k1_funct_1(k1_latsubgr(X0),X1)) & m1_subset_1(X2,u1_struct_0(X0))) & m1_group_2(X1,X0) & v1_group_1(X1)) & l1_group_1(X0) & v4_group_1(X0) & v3_group_1(X0) & ~v3_struct_0(X0)) [flattening 62]
77. ! [X0,X1] : (m1_subset_1(k3_group_1(X0,X1),u1_struct_0(X0)) | (~m1_subset_1(X1,u1_struct_0(X0)) | ~l1_group_1(X0) | ~v4_group_1(X0) | ~v3_group_1(X0) | v3_struct_0(X0))) [ennf transformation 16]
78. ! [X0,X1] : (m1_subset_1(k3_group_1(X0,X1),u1_struct_0(X0)) | ~m1_subset_1(X1,u1_struct_0(X0)) | ~l1_group_1(X0) | ~v4_group_1(X0) | ~v3_group_1(X0) | v3_struct_0(X0)) [flattening 77]
97. ! [X0] : (! [X1] : (! [X2] : ((r2_hidden(X2,k1_funct_1(k1_latsubgr(X0),X1)) <=> r1_rlvect_1(X1,X2)) | ~m1_subset_1(X2,u1_struct_0(X0))) | (~m1_group_2(X1,X0) | ~v1_group_1(X1))) | (~l1_group_1(X0) | ~v4_group_1(X0) | ~v3_group_1(X0) | v3_struct_0(X0))) [ennf transformation 47]
98. ! [X0] : (! [X1] : (! [X2] : ((r2_hidden(X2,k1_funct_1(k1_latsubgr(X0),X1)) <=> r1_rlvect_1(X1,X2)) | ~m1_subset_1(X2,u1_struct_0(X0))) | ~m1_group_2(X1,X0) | ~v1_group_1(X1)) | ~l1_group_1(X0) | ~v4_group_1(X0) | ~v3_group_1(X0) | v3_struct_0(X0)) [flattening 97]
106. ! [X0] : (! [X1] : (! [X2] : ((r1_rlvect_1(X2,k3_group_1(X0,X1)) | ~r1_rlvect_1(X2,X1)) | ~m1_group_2(X2,X0)) | ~m1_subset_1(X1,u1_struct_0(X0))) | (~l1_group_1(X0) | ~v4_group_1(X0) | ~v3_group_1(X0) | v3_struct_0(X0))) [ennf transformation 53]
107. ! [X0] : (! [X1] : (! [X2] : (r1_rlvect_1(X2,k3_group_1(X0,X1)) | ~r1_rlvect_1(X2,X1) | ~m1_group_2(X2,X0)) | ~m1_subset_1(X1,u1_struct_0(X0))) | ~l1_group_1(X0) | ~v4_group_1(X0) | ~v3_group_1(X0) | v3_struct_0(X0)) [flattening 106]
111. ? [X0] : (? [X1] : (? [X2] : (~r2_hidden(k3_group_1(X0,X2),k1_funct_1(k1_latsubgr(X0),X1)) & r2_hidden(X2,k1_funct_1(k1_latsubgr(X0),X1)) & m1_subset_1(X2,u1_struct_0(X0))) & m1_group_2(X1,X0) & v1_group_1(X1)) & l1_group_1(X0) & v4_group_1(X0) & v3_group_1(X0) & ~v3_struct_0(X0)) => (? [X1] : (? [X2] : (~r2_hidden(k3_group_1(sK0,X2),k1_funct_1(k1_latsubgr(sK0),X1)) & r2_hidden(X2,k1_funct_1(k1_latsubgr(sK0),X1)) & m1_subset_1(X2,u1_struct_0(sK0))) & m1_group_2(X1,sK0) & v1_group_1(X1)) & l1_group_1(sK0) & v4_group_1(sK0) & v3_group_1(sK0) & ~v3_struct_0(sK0)) [choice axiom]
112. ? [X1] : (? [X2] : (~r2_hidden(k3_group_1(sK0,X2),k1_funct_1(k1_latsubgr(sK0),X1)) & r2_hidden(X2,k1_funct_1(k1_latsubgr(sK0),X1)) & m1_subset_1(X2,u1_struct_0(sK0))) & m1_group_2(X1,sK0) & v1_group_1(X1)) => (? [X2] : (~r2_hidden(k3_group_1(sK0,X2),k1_funct_1(k1_latsubgr(sK0),sK1)) & r2_hidden(X2,k1_funct_1(k1_latsubgr(sK0),sK1)) & m1_subset_1(X2,u1_struct_0(sK0))) & m1_group_2(sK1,sK0) & v1_group_1(sK1)) [choice axiom]
113. ? [X2] : (~r2_hidden(k3_group_1(sK0,X2),k1_funct_1(k1_latsubgr(sK0),sK1)) & r2_hidden(X2,k1_funct_1(k1_latsubgr(sK0),sK1)) & m1_subset_1(X2,u1_struct_0(sK0))) => (~r2_hidden(k3_group_1(sK0,sK2),k1_funct_1(k1_latsubgr(sK0),sK1)) & r2_hidden(sK2,k1_funct_1(k1_latsubgr(sK0),sK1)) & m1_subset_1(sK2,u1_struct_0(sK0))) [choice axiom]
114. ((~r2_hidden(k3_group_1(sK0,sK2),k1_funct_1(k1_latsubgr(sK0),sK1)) & r2_hidden(sK2,k1_funct_1(k1_latsubgr(sK0),sK1)) & m1_subset_1(sK2,u1_struct_0(sK0))) & m1_group_2(sK1,sK0) & v1_group_1(sK1)) & l1_group_1(sK0) & v4_group_1(sK0) & v3_group_1(sK0) & ~v3_struct_0(sK0) [skolemisation 63,113,112,111]
144. ! [X0] : (! [X1] : (! [X2] : (((r2_hidden(X2,k1_funct_1(k1_latsubgr(X0),X1)) | ~r1_rlvect_1(X1,X2)) & (r1_rlvect_1(X1,X2) | ~r2_hidden(X2,k1_funct_1(k1_latsubgr(X0),X1)))) | ~m1_subset_1(X2,u1_struct_0(X0))) | ~m1_group_2(X1,X0) | ~v1_group_1(X1)) | ~l1_group_1(X0) | ~v4_group_1(X0) | ~v3_group_1(X0) | v3_struct_0(X0)) [nnf transformation 98]
145. ~v3_struct_0(sK0) [cnf transformation 114]
146. v3_group_1(sK0) [cnf transformation 114]
147. v4_group_1(sK0) [cnf transformation 114]
148. l1_group_1(sK0) [cnf transformation 114]
149. v1_group_1(sK1) [cnf transformation 114]
150. m1_group_2(sK1,sK0) [cnf transformation 114]
151. m1_subset_1(sK2,u1_struct_0(sK0)) [cnf transformation 114]
152. r2_hidden(sK2,k1_funct_1(k1_latsubgr(sK0),sK1)) [cnf transformation 114]
153. ~r2_hidden(k3_group_1(sK0,sK2),k1_funct_1(k1_latsubgr(sK0),sK1)) [cnf transformation 114]
170. m1_subset_1(k3_group_1(X0,X1),u1_struct_0(X0)) | ~m1_subset_1(X1,u1_struct_0(X0)) | ~l1_group_1(X0) | ~v4_group_1(X0) | ~v3_group_1(X0) | v3_struct_0(X0) [cnf transformation 78]
210. ~r2_hidden(X2,k1_funct_1(k1_latsubgr(X0),X1)) | r1_rlvect_1(X1,X2) | ~m1_subset_1(X2,u1_struct_0(X0)) | ~m1_group_2(X1,X0) | ~v1_group_1(X1) | ~l1_group_1(X0) | ~v4_group_1(X0) | ~v3_group_1(X0) | v3_struct_0(X0) [cnf transformation 144]
211. r2_hidden(X2,k1_funct_1(k1_latsubgr(X0),X1)) | ~r1_rlvect_1(X1,X2) | ~m1_subset_1(X2,u1_struct_0(X0)) | ~m1_group_2(X1,X0) | ~v1_group_1(X1) | ~l1_group_1(X0) | ~v4_group_1(X0) | ~v3_group_1(X0) | v3_struct_0(X0) [cnf transformation 144]
217. r1_rlvect_1(X2,k3_group_1(X0,X1)) | ~r1_rlvect_1(X2,X1) | ~m1_group_2(X2,X0) | ~m1_subset_1(X1,u1_struct_0(X0)) | ~l1_group_1(X0) | ~v4_group_1(X0) | ~v3_group_1(X0) | v3_struct_0(X0) [cnf transformation 107]
410. r1_rlvect_1(sK1,sK2) | ~m1_subset_1(sK2,u1_struct_0(sK0)) | ~m1_group_2(sK1,sK0) | ~v1_group_1(sK1) | ~l1_group_1(sK0) | ~v4_group_1(sK0) | ~v3_group_1(sK0) | v3_struct_0(sK0) [resolution 210,152]
412. r1_rlvect_1(sK1,sK2) | ~m1_group_2(sK1,sK0) | ~v1_group_1(sK1) | ~l1_group_1(sK0) | ~v4_group_1(sK0) | ~v3_group_1(sK0) | v3_struct_0(sK0) [subsumption resolution 410,151]
413. r1_rlvect_1(sK1,sK2) | ~v1_group_1(sK1) | ~l1_group_1(sK0) | ~v4_group_1(sK0) | ~v3_group_1(sK0) | v3_struct_0(sK0) [subsumption resolution 412,150]
414. r1_rlvect_1(sK1,sK2) | ~l1_group_1(sK0) | ~v4_group_1(sK0) | ~v3_group_1(sK0) | v3_struct_0(sK0) [subsumption resolution 413,149]
415. r1_rlvect_1(sK1,sK2) | ~v4_group_1(sK0) | ~v3_group_1(sK0) | v3_struct_0(sK0) [subsumption resolution 414,148]
416. r1_rlvect_1(sK1,sK2) | ~v3_group_1(sK0) | v3_struct_0(sK0) [subsumption resolution 415,147]
417. r1_rlvect_1(sK1,sK2) | v3_struct_0(sK0) [subsumption resolution 416,146]
418. r1_rlvect_1(sK1,sK2) [subsumption resolution 417,145]
423. ~r1_rlvect_1(sK1,k3_group_1(sK0,sK2)) | ~m1_subset_1(k3_group_1(sK0,sK2),u1_struct_0(sK0)) | ~m1_group_2(sK1,sK0) | ~v1_group_1(sK1) | ~l1_group_1(sK0) | ~v4_group_1(sK0) | ~v3_group_1(sK0) | v3_struct_0(sK0) [resolution 211,153]
426. ~r1_rlvect_1(sK1,k3_group_1(sK0,sK2)) | ~m1_subset_1(k3_group_1(sK0,sK2),u1_struct_0(sK0)) | ~v1_group_1(sK1) | ~l1_group_1(sK0) | ~v4_group_1(sK0) | ~v3_group_1(sK0) | v3_struct_0(sK0) [subsumption resolution 423,150]
427. ~r1_rlvect_1(sK1,k3_group_1(sK0,sK2)) | ~m1_subset_1(k3_group_1(sK0,sK2),u1_struct_0(sK0)) | ~l1_group_1(sK0) | ~v4_group_1(sK0) | ~v3_group_1(sK0) | v3_struct_0(sK0) [subsumption resolution 426,149]
428. ~r1_rlvect_1(sK1,k3_group_1(sK0,sK2)) | ~m1_subset_1(k3_group_1(sK0,sK2),u1_struct_0(sK0)) | ~v4_group_1(sK0) | ~v3_group_1(sK0) | v3_struct_0(sK0) [subsumption resolution 427,148]
429. ~r1_rlvect_1(sK1,k3_group_1(sK0,sK2)) | ~m1_subset_1(k3_group_1(sK0,sK2),u1_struct_0(sK0)) | ~v3_group_1(sK0) | v3_struct_0(sK0) [subsumption resolution 428,147]
430. ~r1_rlvect_1(sK1,k3_group_1(sK0,sK2)) | ~m1_subset_1(k3_group_1(sK0,sK2),u1_struct_0(sK0)) | v3_struct_0(sK0) [subsumption resolution 429,146]
431. ~r1_rlvect_1(sK1,k3_group_1(sK0,sK2)) | ~m1_subset_1(k3_group_1(sK0,sK2),u1_struct_0(sK0)) [subsumption resolution 430,145]
433. 11 <=> m1_subset_1(k3_group_1(sK0,sK2),u1_struct_0(sK0)) [avatar definition]
435. ~m1_subset_1(k3_group_1(sK0,sK2),u1_struct_0(sK0)) <- (~11) [avatar component clause 433]
437. 12 <=> r1_rlvect_1(sK1,k3_group_1(sK0,sK2)) [avatar definition]
439. ~r1_rlvect_1(sK1,k3_group_1(sK0,sK2)) <- (~12) [avatar component clause 437]
440. ~11 | ~12 [avatar split clause 431,437,433]
446. ~m1_subset_1(sK2,u1_struct_0(sK0)) | ~l1_group_1(sK0) | ~v4_group_1(sK0) | ~v3_group_1(sK0) | v3_struct_0(sK0) <- (~11) [resolution 435,170]
447. ~l1_group_1(sK0) | ~v4_group_1(sK0) | ~v3_group_1(sK0) | v3_struct_0(sK0) <- (~11) [subsumption resolution 446,151]
448. ~v4_group_1(sK0) | ~v3_group_1(sK0) | v3_struct_0(sK0) <- (~11) [subsumption resolution 447,148]
449. ~v3_group_1(sK0) | v3_struct_0(sK0) <- (~11) [subsumption resolution 448,147]
450. v3_struct_0(sK0) <- (~11) [subsumption resolution 449,146]
451. $false <- (~11) [subsumption resolution 450,145]
452. 11 [avatar contradiction clause 451]
453. ~r1_rlvect_1(sK1,sK2) | ~m1_group_2(sK1,sK0) | ~m1_subset_1(sK2,u1_struct_0(sK0)) | ~l1_group_1(sK0) | ~v4_group_1(sK0) | ~v3_group_1(sK0) | v3_struct_0(sK0) <- (~12) [resolution 439,217]
454. ~m1_group_2(sK1,sK0) | ~m1_subset_1(sK2,u1_struct_0(sK0)) | ~l1_group_1(sK0) | ~v4_group_1(sK0) | ~v3_group_1(sK0) | v3_struct_0(sK0) <- (~12) [subsumption resolution 453,418]
455. ~m1_subset_1(sK2,u1_struct_0(sK0)) | ~l1_group_1(sK0) | ~v4_group_1(sK0) | ~v3_group_1(sK0) | v3_struct_0(sK0) <- (~12) [subsumption resolution 454,150]
456. ~l1_group_1(sK0) | ~v4_group_1(sK0) | ~v3_group_1(sK0) | v3_struct_0(sK0) <- (~12) [subsumption resolution 455,151]
457. ~v4_group_1(sK0) | ~v3_group_1(sK0) | v3_struct_0(sK0) <- (~12) [subsumption resolution 456,148]
458. ~v3_group_1(sK0) | v3_struct_0(sK0) <- (~12) [subsumption resolution 457,147]
459. v3_struct_0(sK0) <- (~12) [subsumption resolution 458,146]
460. $false <- (~12) [subsumption resolution 459,145]
461. 12 [avatar contradiction clause 460]
462. $false [avatar sat refutation 440,452,461]
% SZS output end Proof for GRP644+1
% ------------------------------
% Version: Vampire 4.9 (Release build, commit 0accf6da4 on 2024-12-10 11:55:58 +0000)
% Termination reason: Refutation

% Time elapsed: 0.008 s
% Instructions burned: 21 (million)
% ------------------------------
% ------------------------------
