% Running in auto input_syntax mode. Trying TPTP
% Refutation found. Thanks to Tanya!
% SZS status Unsatisfiable for GRP104-1
% SZS output start Proof for GRP104-1
1. double_divide(X0,inverse(double_divide(inverse(double_divide(double_divide(X0,X1),inverse(X2))),X1))) = X2 [input(axiom)]
2. multiply(X0,X1) = inverse(double_divide(X1,X0)) [input(axiom)]
3. multiply(a4,b4) != multiply(b4,a4) | multiply(multiply(a3,b3),c3) != multiply(a3,multiply(b3,c3)) | a2 != multiply(multiply(inverse(b2),b2),a2) | multiply(inverse(a1),a1) != multiply(inverse(b1),b1) [input(negated conjecture)]
4. inverse(double_divide(b4,a4)) != inverse(double_divide(a4,b4)) | inverse(double_divide(c3,inverse(double_divide(b3,a3)))) != inverse(double_divide(inverse(double_divide(c3,b3)),a3)) | a2 != inverse(double_divide(a2,inverse(double_divide(b2,inverse(b2))))) | inverse(double_divide(a1,inverse(a1))) != inverse(double_divide(b1,inverse(b1))) [definition unfolding 3,2,2,2,2,2,2,2,2,2,2]
6. 1 <=> inverse(double_divide(a1,inverse(a1))) = inverse(double_divide(b1,inverse(b1))) [avatar definition]
8. inverse(double_divide(a1,inverse(a1))) != inverse(double_divide(b1,inverse(b1))) <- (~1) [avatar component clause 6]
10. 2 <=> a2 = inverse(double_divide(a2,inverse(double_divide(b2,inverse(b2))))) [avatar definition]
12. a2 != inverse(double_divide(a2,inverse(double_divide(b2,inverse(b2))))) <- (~2) [avatar component clause 10]
14. 3 <=> inverse(double_divide(c3,inverse(double_divide(b3,a3)))) = inverse(double_divide(inverse(double_divide(c3,b3)),a3)) [avatar definition]
16. inverse(double_divide(c3,inverse(double_divide(b3,a3)))) != inverse(double_divide(inverse(double_divide(c3,b3)),a3)) <- (~3) [avatar component clause 14]
18. 4 <=> inverse(double_divide(b4,a4)) = inverse(double_divide(a4,b4)) [avatar definition]
20. inverse(double_divide(b4,a4)) != inverse(double_divide(a4,b4)) <- (~4) [avatar component clause 18]
21. ~1 | ~2 | ~3 | ~4 [avatar split clause 4,18,14,10,6]
22. double_divide(X1,inverse(double_divide(inverse(double_divide(X0,inverse(X3))),inverse(double_divide(inverse(double_divide(double_divide(X1,X2),inverse(X0))),X2))))) = X3 [superposition 1,1]
23. double_divide(inverse(double_divide(double_divide(double_divide(X1,X2),X3),inverse(X0))),X3) = double_divide(X1,inverse(double_divide(inverse(X0),X2))) [superposition 1,1]
24. double_divide(X1,inverse(double_divide(inverse(X4),inverse(double_divide(inverse(double_divide(double_divide(X1,X2),inverse(X0))),X2))))) = double_divide(inverse(double_divide(double_divide(X0,X3),inverse(X4))),X3) [superposition 23,1]
28. double_divide(double_divide(X0,X2),inverse(double_divide(X0,inverse(double_divide(inverse(X1),X2))))) = X1 [superposition 1,23]
34. double_divide(inverse(double_divide(X3,inverse(X0))),inverse(double_divide(inverse(double_divide(double_divide(X2,X4),inverse(X3))),X4))) = double_divide(X1,inverse(double_divide(inverse(X0),inverse(double_divide(inverse(double_divide(double_divide(X1,X5),inverse(X2))),X5))))) [superposition 22,22]
42. double_divide(inverse(double_divide(X0,inverse(X1))),inverse(X0)) = X1 [superposition 22,1]
57. double_divide(inverse(double_divide(double_divide(X1,X2),inverse(X0))),X2) = double_divide(inverse(X0),inverse(X1)) [superposition 42,1]
65. double_divide(X0,inverse(double_divide(inverse(X2),inverse(X0)))) = X2 [backward demodulation 1,57]
67. double_divide(inverse(double_divide(double_divide(X0,X3),inverse(X4))),X3) = double_divide(X1,inverse(double_divide(inverse(X4),inverse(double_divide(inverse(X0),inverse(X1)))))) [backward demodulation 24,57]
68. double_divide(X1,inverse(double_divide(inverse(X0),inverse(double_divide(inverse(double_divide(double_divide(X1,X5),inverse(X2))),X5))))) = double_divide(inverse(double_divide(X3,inverse(X0))),inverse(double_divide(inverse(X3),inverse(X2)))) [backward demodulation 34,57]
73. double_divide(X1,inverse(double_divide(inverse(X4),inverse(double_divide(inverse(X0),inverse(X1)))))) = double_divide(inverse(X4),inverse(X0)) [forward demodulation 67,57]
74. double_divide(inverse(double_divide(X3,inverse(X0))),inverse(double_divide(inverse(X3),inverse(X2)))) = double_divide(X1,inverse(double_divide(inverse(X0),inverse(double_divide(inverse(X2),inverse(X1)))))) [forward demodulation 68,57]
75. double_divide(inverse(double_divide(X3,inverse(X0))),inverse(double_divide(inverse(X3),inverse(X2)))) = double_divide(inverse(X0),inverse(X2)) [forward demodulation 74,73]
87. double_divide(double_divide(double_divide(X0,X2),inverse(X3)),inverse(X1)) = double_divide(X3,inverse(double_divide(X0,inverse(double_divide(inverse(X1),X2))))) [superposition 65,23]
88. double_divide(double_divide(inverse(X0),inverse(inverse(X1))),inverse(X0)) = X1 [superposition 65,65]
110. double_divide(double_divide(X1,inverse(X1)),inverse(X0)) = X0 [superposition 28,65]
115. double_divide(X1,inverse(double_divide(inverse(X0),X2))) = double_divide(inverse(X0),inverse(double_divide(X1,X2))) [superposition 42,28]
130. double_divide(inverse(X0),inverse(double_divide(X1,inverse(X1)))) = X0 [superposition 110,65]
179. double_divide(inverse(double_divide(double_divide(X0,X2),inverse(X3))),X2) = double_divide(inverse(X0),inverse(double_divide(inverse(X3),inverse(double_divide(X1,inverse(X1)))))) [superposition 23,130]
181. double_divide(inverse(double_divide(double_divide(X0,X2),inverse(X3))),X2) = double_divide(inverse(X0),inverse(X3)) [forward demodulation 179,130]
195. double_divide(inverse(double_divide(X1,inverse(X2))),inverse(X0)) = double_divide(inverse(X2),inverse(double_divide(inverse(X0),inverse(inverse(X1))))) [superposition 75,65]
197. double_divide(X0,inverse(X1)) = double_divide(inverse(X1),inverse(inverse(X0))) [superposition 75,130]
222. double_divide(double_divide(X1,inverse(X0)),inverse(X0)) = X1 [backward demodulation 88,197]
228. double_divide(inverse(double_divide(X1,inverse(X2))),inverse(X0)) = double_divide(inverse(X2),inverse(double_divide(X1,inverse(X0)))) [backward demodulation 195,197]
241. double_divide(X0,inverse(X1)) = inverse(double_divide(X1,inverse(X0))) [superposition 222,42]
248. double_divide(X1,inverse(X1)) = double_divide(X0,inverse(X0)) [superposition 222,110]
249. double_divide(inverse(double_divide(X0,inverse(X2))),inverse(X1)) = double_divide(X0,inverse(double_divide(inverse(X2),inverse(X1)))) [superposition 23,222]
269. double_divide(inverse(X2),inverse(double_divide(X1,inverse(X0)))) = double_divide(double_divide(X2,inverse(X1)),inverse(X0)) [backward demodulation 228,241]
274. double_divide(double_divide(X0,X2),double_divide(double_divide(inverse(X1),X2),inverse(X0))) = X1 [backward demodulation 28,241]
276. double_divide(double_divide(double_divide(X0,X2),inverse(X3)),inverse(X1)) = double_divide(X3,double_divide(double_divide(inverse(X1),X2),inverse(X0))) [backward demodulation 87,241]
290. double_divide(inverse(X0),inverse(X3)) = double_divide(double_divide(X3,inverse(double_divide(X0,X2))),X2) [backward demodulation 181,241]
293. double_divide(X1,inverse(double_divide(inverse(X0),X2))) = double_divide(double_divide(X0,inverse(double_divide(double_divide(X1,X2),X3))),X3) [backward demodulation 23,241]
305. double_divide(inverse(X4),inverse(X0)) = double_divide(X1,double_divide(double_divide(inverse(X0),inverse(X1)),inverse(inverse(X4)))) [backward demodulation 73,241]
309. double_divide(X0,double_divide(X0,inverse(inverse(X2)))) = X2 [backward demodulation 65,241]
315. double_divide(a1,inverse(a1)) != inverse(double_divide(b1,inverse(b1))) <- (~1) [backward demodulation 8,241]
334. double_divide(double_divide(X2,inverse(X1)),inverse(X0)) = double_divide(inverse(X2),double_divide(X0,inverse(X1))) [forward demodulation 269,241]
400. double_divide(inverse(X4),inverse(X0)) = double_divide(X1,double_divide(inverse(inverse(X0)),double_divide(inverse(X4),inverse(X1)))) [forward demodulation 305,334]
418. double_divide(inverse(double_divide(X0,inverse(X2))),inverse(X1)) = double_divide(X0,double_divide(X1,inverse(inverse(X2)))) [forward demodulation 249,241]
419. double_divide(double_divide(X2,inverse(X0)),inverse(X1)) = double_divide(X0,double_divide(X1,inverse(inverse(X2)))) [forward demodulation 418,241]
420. double_divide(X3,double_divide(double_divide(inverse(X1),X2),inverse(X0))) = double_divide(X3,double_divide(X1,inverse(inverse(double_divide(X0,X2))))) [backward demodulation 276,419]
436. double_divide(double_divide(X0,inverse(inverse(X1))),X0) = X1 [superposition 309,222]
440. inverse(inverse(X0)) = X0 [superposition 436,222]
448. double_divide(X0,double_divide(X0,X2)) = X2 [backward demodulation 309,440]
470. double_divide(inverse(X4),inverse(X0)) = double_divide(X1,double_divide(X0,double_divide(inverse(X4),inverse(X1)))) [backward demodulation 400,440]
475. double_divide(double_divide(X2,inverse(X0)),inverse(X1)) = double_divide(X0,double_divide(X1,X2)) [backward demodulation 419,440]
478. double_divide(double_divide(X0,X1),X0) = X1 [backward demodulation 436,440]
480. double_divide(X3,double_divide(double_divide(inverse(X1),X2),inverse(X0))) = double_divide(X3,double_divide(X1,double_divide(X0,X2))) [backward demodulation 420,440]
505. inverse(X0) = double_divide(double_divide(X1,inverse(X1)),X0) [superposition 448,110]
523. double_divide(double_divide(X1,inverse(X1)),inverse(double_divide(inverse(X2),inverse(X0)))) = double_divide(double_divide(X2,inverse(double_divide(X0,X3))),X3) [superposition 293,110]
527. double_divide(double_divide(X2,inverse(double_divide(X0,X3))),X3) = double_divide(X1,inverse(double_divide(inverse(X2),double_divide(X1,X0)))) [superposition 293,448]
530. double_divide(X1,inverse(double_divide(inverse(X2),X0))) = double_divide(double_divide(X2,inverse(X0)),X1) [superposition 293,478]
544. double_divide(inverse(X0),inverse(X2)) = double_divide(double_divide(X1,inverse(X1)),inverse(double_divide(inverse(X2),inverse(X0)))) [forward demodulation 523,290]
545. double_divide(inverse(X0),inverse(X2)) = double_divide(double_divide(X1,inverse(X1)),double_divide(X0,inverse(inverse(X2)))) [forward demodulation 544,241]
546. double_divide(inverse(X0),inverse(X2)) = double_divide(double_divide(X1,inverse(X1)),double_divide(X0,X2)) [forward demodulation 545,440]
547. double_divide(inverse(X0),inverse(X2)) = inverse(double_divide(X0,X2)) [forward demodulation 546,505]
552. double_divide(X1,inverse(double_divide(inverse(X0),X2))) = inverse(double_divide(X0,double_divide(X1,X2))) [backward demodulation 115,547]
555. double_divide(double_divide(X3,inverse(double_divide(X0,X2))),X2) = inverse(double_divide(X0,X3)) [backward demodulation 290,547]
566. double_divide(inverse(X4),inverse(X0)) = double_divide(X1,double_divide(X0,inverse(double_divide(X4,X1)))) [backward demodulation 470,547]
593. double_divide(X1,double_divide(X0,inverse(double_divide(X4,X1)))) = inverse(double_divide(X4,X0)) [forward demodulation 566,547]
607. inverse(double_divide(X0,X2)) = double_divide(X1,inverse(double_divide(inverse(X2),double_divide(X1,X0)))) [forward demodulation 527,555]
613. double_divide(double_divide(X2,inverse(X0)),X1) = inverse(double_divide(X2,double_divide(X1,X0))) [forward demodulation 530,552]
764. double_divide(double_divide(inverse(X0),X2),inverse(X1)) = double_divide(double_divide(X1,X2),X0) [superposition 448,274]
784. double_divide(X3,double_divide(X1,double_divide(X0,X2))) = double_divide(X3,double_divide(double_divide(X0,X2),X1)) [backward demodulation 480,764]
810. double_divide(inverse(X0),double_divide(X2,X1)) = double_divide(double_divide(X1,X0),inverse(X2)) [superposition 475,440]
814. double_divide(X0,inverse(X2)) = double_divide(X1,double_divide(X2,double_divide(inverse(X1),X0))) [superposition 475,478]
819. double_divide(X2,double_divide(inverse(X0),X1)) = double_divide(double_divide(X1,inverse(X2)),X0) [superposition 475,440]
851. inverse(double_divide(X1,double_divide(X0,X2))) = double_divide(X2,double_divide(inverse(X0),X1)) [forward demodulation 819,613]
852. double_divide(X0,inverse(X2)) = double_divide(X1,inverse(double_divide(X0,double_divide(X1,X2)))) [backward demodulation 814,851]
1010. double_divide(X1,double_divide(X2,inverse(X0))) = inverse(double_divide(double_divide(X1,X0),X2)) [superposition 593,478]
1028. double_divide(X1,X0) = inverse(double_divide(X2,double_divide(inverse(double_divide(X2,X1)),X0))) [superposition 593,478]
1035. double_divide(X1,inverse(double_divide(X0,X2))) = double_divide(X2,inverse(double_divide(X0,X1))) [superposition 448,593]
1037. double_divide(X1,inverse(double_divide(X0,X2))) = double_divide(inverse(double_divide(X0,X1)),X2) [superposition 478,593]
1087. double_divide(X1,X0) = inverse(inverse(double_divide(X0,double_divide(double_divide(X2,X1),X2)))) [forward demodulation 1028,851]
1088. double_divide(X1,X0) = inverse(inverse(double_divide(X0,double_divide(X2,double_divide(X2,X1))))) [forward demodulation 1087,784]
1089. double_divide(X1,X0) = inverse(inverse(double_divide(X0,X1))) [forward demodulation 1088,448]
1133. inverse(double_divide(X1,X0)) = inverse(double_divide(X0,X1)) [superposition 440,1089]
1162. inverse(double_divide(X2,inverse(double_divide(X1,X0)))) = double_divide(X3,inverse(double_divide(double_divide(X0,X1),double_divide(X3,X2)))) [superposition 607,1089]
1167. inverse(double_divide(inverse(X0),X1)) = double_divide(double_divide(X2,inverse(X2)),inverse(double_divide(inverse(X1),X0))) [superposition 607,110]
1204. double_divide(double_divide(X0,X1),inverse(X2)) = inverse(double_divide(X2,inverse(double_divide(X1,X0)))) [forward demodulation 1162,852]
1205. double_divide(inverse(X1),double_divide(X2,X0)) = inverse(double_divide(X2,inverse(double_divide(X1,X0)))) [forward demodulation 1204,810]
1214. inverse(double_divide(inverse(X0),X1)) = double_divide(inverse(X1),X0) [forward demodulation 1167,110]
1222. inverse(double_divide(X0,X2)) = double_divide(X1,double_divide(inverse(double_divide(X1,X0)),X2)) [backward demodulation 607,1214]
1224. inverse(double_divide(X0,X2)) = double_divide(X1,double_divide(X0,inverse(double_divide(X1,X2)))) [forward demodulation 1222,1037]
1390. double_divide(X0,inverse(double_divide(X2,X1))) = double_divide(X2,inverse(double_divide(X0,X1))) [superposition 448,1224]
3891. double_divide(a1,inverse(a1)) != double_divide(b1,inverse(b1)) <- (~1) [superposition 315,241]
3946. $false <- (~1) [subsumption resolution 3891,248]
3947. 1 [avatar contradiction clause 3946]
3961. a2 != inverse(double_divide(b2,inverse(double_divide(a2,inverse(b2))))) <- (~2) [forward demodulation 12,1390]
3962. a2 != inverse(double_divide(b2,double_divide(b2,inverse(a2)))) <- (~2) [forward demodulation 3961,241]
3963. a2 != inverse(inverse(double_divide(double_divide(b2,a2),b2))) <- (~2) [forward demodulation 3962,1010]
3964. a2 != inverse(inverse(double_divide(b2,double_divide(b2,a2)))) <- (~2) [forward demodulation 3963,1133]
3965. a2 != inverse(inverse(a2)) <- (~2) [forward demodulation 3964,448]
3966. $false <- (~2) [subsumption resolution 3965,440]
3967. 2 [avatar contradiction clause 3966]
3968. inverse(double_divide(c3,inverse(double_divide(b3,a3)))) != inverse(double_divide(a3,inverse(double_divide(c3,b3)))) <- (~3) [forward demodulation 16,1133]
3969. inverse(double_divide(c3,inverse(double_divide(b3,a3)))) != double_divide(double_divide(c3,b3),inverse(a3)) <- (~3) [forward demodulation 3968,241]
3970. inverse(double_divide(c3,inverse(double_divide(b3,a3)))) != double_divide(inverse(b3),double_divide(a3,c3)) <- (~3) [forward demodulation 3969,810]
3971. double_divide(inverse(b3),double_divide(a3,c3)) != inverse(double_divide(a3,inverse(double_divide(b3,c3)))) <- (~3) [forward demodulation 3970,1035]
3972. $false <- (~3) [subsumption resolution 3971,1205]
3973. 3 [avatar contradiction clause 3972]
3979. $false <- (~4) [subsumption resolution 20,1133]
3980. 4 [avatar contradiction clause 3979]
3985. $false [avatar sat refutation 21,3947,3967,3973,3980]
% SZS output end Proof for GRP104-1
% ------------------------------
% Version: Vampire 4.9 (Release build, commit 0accf6da4 on 2024-12-10 11:55:58 +0000)
% Termination reason: Refutation

% Time elapsed: 0.095 s
% Instructions burned: 296 (million)
% ------------------------------
% ------------------------------
