% Running in auto input_syntax mode. Trying TPTP
% Refutation found. Thanks to Tanya!
% SZS status Unsatisfiable for GRP098-1_clausified
% SZS output start Proof for GRP098-1_clausified
1. divide(divide(divide(X0,inverse(X1)),X2),divide(X0,X2)) = X1 [input(axiom)]
2. divide(inverse(a1),inverse(a1)) != divide(inverse(b1),inverse(b1)) | a2 != divide(divide(inverse(b2),inverse(b2)),inverse(a2)) | divide(divide(a3,inverse(b3)),inverse(c3)) != divide(a3,inverse(divide(b3,inverse(c3)))) | divide(a4,inverse(b4)) != divide(b4,inverse(a4)) [input(negated conjecture)]
4. 1 <=> divide(a4,inverse(b4)) = divide(b4,inverse(a4)) [avatar definition]
6. divide(a4,inverse(b4)) != divide(b4,inverse(a4)) <- (~1) [avatar component clause 4]
8. 2 <=> divide(divide(a3,inverse(b3)),inverse(c3)) = divide(a3,inverse(divide(b3,inverse(c3)))) [avatar definition]
10. divide(divide(a3,inverse(b3)),inverse(c3)) != divide(a3,inverse(divide(b3,inverse(c3)))) <- (~2) [avatar component clause 8]
12. 3 <=> a2 = divide(divide(inverse(b2),inverse(b2)),inverse(a2)) [avatar definition]
14. a2 != divide(divide(inverse(b2),inverse(b2)),inverse(a2)) <- (~3) [avatar component clause 12]
16. 4 <=> divide(inverse(a1),inverse(a1)) = divide(inverse(b1),inverse(b1)) [avatar definition]
18. divide(inverse(a1),inverse(a1)) != divide(inverse(b1),inverse(b1)) <- (~4) [avatar component clause 16]
19. ~1 | ~2 | ~3 | ~4 [avatar split clause 2,16,12,8,4]
20. divide(X0,divide(divide(X1,inverse(X0)),divide(X1,inverse(X2)))) = X2 [superposition 1,1]
21. divide(divide(divide(divide(divide(X1,inverse(X0)),X2),inverse(X3)),divide(X1,X2)),X0) = X3 [superposition 1,1]
23. divide(X0,divide(X1,divide(divide(X3,inverse(divide(X1,inverse(X2)))),divide(X3,inverse(X0))))) = X2 [superposition 1,20]
26. divide(divide(divide(X0,inverse(X4)),divide(X1,divide(divide(X3,inverse(divide(X1,inverse(X2)))),divide(X3,inverse(X0))))),X2) = X4 [superposition 21,20]
27. divide(divide(X0,divide(divide(divide(X1,inverse(inverse(X2))),X3),divide(X1,X3))),X0) = X2 [superposition 21,21]
30. divide(divide(divide(divide(divide(divide(divide(divide(divide(X1,inverse(X2)),X3),inverse(X0)),divide(X1,X3)),inverse(X4)),X2),inverse(X5)),X0),X4) = X5 [superposition 21,21]
31. divide(divide(divide(divide(divide(divide(divide(X1,inverse(X2)),X3),inverse(X0)),divide(X1,X3)),inverse(X4)),X2),X0) = X4 [superposition 1,21]
35. divide(divide(X0,inverse(X2)),X0) = X2 [forward demodulation 27,1]
41. divide(X0,divide(X1,X1)) = X0 [superposition 1,35]
75. divide(divide(X0,X0),inverse(X1)) = X1 [superposition 35,41]
106. divide(X1,divide(divide(divide(X2,X2),inverse(X1)),X0)) = X0 [superposition 20,75]
116. divide(divide(divide(divide(X1,X1),inverse(X2)),inverse(X0)),X0) = X2 [superposition 1,75]
119. divide(divide(X2,inverse(X0)),X0) = X2 [forward demodulation 116,75]
125. divide(X1,divide(X1,X0)) = X0 [forward demodulation 106,75]
188. inverse(X0) = divide(divide(X1,X1),X0) [superposition 125,75]
190. divide(divide(X2,inverse(X1)),divide(X2,inverse(X0))) = divide(X1,X0) [superposition 125,20]
191. divide(X1,X1) = divide(X0,X0) [superposition 125,41]
192. divide(X2,divide(divide(X3,inverse(divide(X2,inverse(X0)))),divide(X3,inverse(X1)))) = divide(X1,X0) [superposition 125,23]
359. divide(divide(X0,X0),divide(X1,divide(X1,inverse(X2)))) = X2 [superposition 1,191]
395. inverse(divide(X1,divide(X1,inverse(X2)))) = X2 [forward demodulation 359,188]
430. inverse(inverse(X2)) = X2 [forward demodulation 395,125]
450. divide(divide(X0,divide(X2,divide(divide(X3,inverse(divide(X2,inverse(X4)))),divide(X3,inverse(divide(inverse(X1),inverse(X0))))))),X4) = X1 [superposition 26,35]
498. divide(X1,divide(divide(divide(divide(X2,inverse(X0)),divide(X3,divide(divide(X4,inverse(divide(X3,inverse(inverse(X5))))),divide(X4,inverse(X2))))),inverse(X1)),X0)) = X5 [superposition 20,26]
521. divide(X1,divide(divide(divide(divide(X2,inverse(X0)),divide(X2,inverse(X5))),inverse(X1)),X0)) = X5 [forward demodulation 498,192]
564. divide(divide(X0,divide(divide(inverse(X1),inverse(X0)),X4)),X4) = X1 [forward demodulation 450,192]
576. divide(X1,divide(divide(divide(X0,X5),inverse(X1)),X0)) = X5 [forward demodulation 521,190]
626. inverse(X0) = divide(divide(X1,X0),X1) [superposition 35,430]
804. divide(X0,X1) = divide(inverse(X1),inverse(X0)) [superposition 119,35]
811. divide(X0,X4) = divide(divide(divide(divide(divide(divide(X1,inverse(X2)),X3),inverse(inverse(X4))),divide(X1,X3)),inverse(X0)),X2) [superposition 119,31]
903. divide(X0,X4) = divide(divide(divide(divide(divide(divide(X1,inverse(X2)),X3),X4),divide(X1,X3)),inverse(X0)),X2) [forward demodulation 811,430]
1173. divide(X3,inverse(divide(divide(X0,inverse(divide(divide(X1,X1),inverse(X2)))),divide(X0,inverse(X3))))) = X2 [superposition 23,188]
1181. divide(X3,inverse(divide(divide(divide(X1,X1),inverse(X2)),X3))) = X2 [forward demodulation 1173,190]
1231. divide(X3,inverse(divide(X2,X3))) = X2 [forward demodulation 1181,75]
2863. divide(X0,inverse(X1)) = divide(X1,inverse(X0)) [superposition 1231,119]
2918. divide(divide(X0,X4),X5) = divide(X0,divide(divide(divide(divide(divide(divide(X1,inverse(X2)),X3),inverse(X4)),divide(X1,X3)),inverse(X5)),X2)) [superposition 30,1231]
2929. divide(X1,X0) = inverse(divide(X0,X1)) [superposition 125,1231]
2957. divide(divide(X0,X4),X5) = divide(X0,divide(X5,inverse(X4))) [forward demodulation 2918,903]
3313. divide(inverse(X1),X0) = divide(inverse(X0),X1) [superposition 119,626]
5612. divide(divide(X0,X1),inverse(X2)) = divide(X2,divide(X1,X0)) [superposition 804,2929]
9716. divide(X1,divide(X0,X2)) = divide(divide(inverse(X0),inverse(X2)),inverse(X1)) [superposition 576,564]
9789. divide(X1,divide(X0,X2)) = divide(X1,divide(inverse(X2),inverse(X0))) [forward demodulation 9716,5612]
9893. divide(divide(X1,X0),inverse(X2)) = divide(X1,divide(X0,X2)) [forward demodulation 9789,2957]
10427. divide(a4,inverse(b4)) != divide(a4,inverse(b4)) <- (~1) [superposition 6,2863]
10627. $false <- (~1) [trivial inequality removal 10427]
10628. 1 [avatar contradiction clause 10627]
11968. divide(divide(a3,inverse(b3)),inverse(c3)) != divide(a3,divide(inverse(c3),b3)) <- (~2) [forward demodulation 10,2929]
11969. divide(divide(a3,inverse(b3)),inverse(c3)) != divide(a3,divide(inverse(b3),c3)) <- (~2) [forward demodulation 11968,3313]
11970. $false <- (~2) [forward subsumption resolution 11969,9893]
11971. 2 [avatar contradiction clause 11970]
11973. $false <- (~3) [forward subsumption resolution 14,75]
11974. 3 [avatar contradiction clause 11973]
11976. $false <- (~4) [forward subsumption resolution 18,191]
11977. 4 [avatar contradiction clause 11976]
s1. ~4 | ~3 | ~2 | ~1 [sat_conversion 19]
s3. 1 [sat_conversion 10628]
s4. 2 [sat_conversion 11971]
s5. 3 [sat_conversion 11974]
s6. 4 [sat_conversion 11977]
s7. # [rat s1,s3,s4,s5,s6]
11978. $false [avatar sat refutation s7]
% SZS output end Proof for GRP098-1_clausified
% ------------------------------
% Version: Vampire 5.0.0 (Release build, commit 2e2c9b7b8 on 2026-01-17 12:24:14 +0100)
% Linked with Z3 4.14.0.0 3c47fd96cf5645d0c42b2c819d9e9a84380aa721 z3-4.8.4-9178-g3c47fd96c
% CaDiCaL version: 2.1.3
% Termination reason: Refutation
% Time elapsed: 0.115 s
% Peak memory usage: 61 MB
% Instructions burned: 408 (million)
% ------------------------------
% ------------------------------
