% Running in auto input_syntax mode. Trying TPTP
% Refutation found. Thanks to Tanya!
% SZS status Unsatisfiable for GRP053-1
% SZS output start Proof for GRP053-1
1. inverse(multiply(X0,inverse(multiply(inverse(multiply(inverse(multiply(X1,X0)),multiply(X1,inverse(X2)))),inverse(multiply(inverse(X0),X0)))))) = X2 [input(axiom)]
2. multiply(inverse(a1),a1) != multiply(inverse(b1),b1) | multiply(multiply(inverse(b2),b2),a2) != a2 | multiply(multiply(a3,b3),c3) != multiply(a3,multiply(b3,c3)) [input(negated conjecture)]
3. multiply(inverse(a1),a1) != multiply(inverse(b1),b1) | a2 != multiply(multiply(inverse(b2),b2),a2) | multiply(multiply(a3,b3),c3) != multiply(a3,multiply(b3,c3)) [reorient equations 2]
5. 1 <=> multiply(multiply(a3,b3),c3) = multiply(a3,multiply(b3,c3)) [avatar definition]
7. multiply(multiply(a3,b3),c3) != multiply(a3,multiply(b3,c3)) <- (~1) [avatar component clause 5]
9. 2 <=> a2 = multiply(multiply(inverse(b2),b2),a2) [avatar definition]
11. a2 != multiply(multiply(inverse(b2),b2),a2) <- (~2) [avatar component clause 9]
13. 3 <=> multiply(inverse(a1),a1) = multiply(inverse(b1),b1) [avatar definition]
15. multiply(inverse(a1),a1) != multiply(inverse(b1),b1) <- (~3) [avatar component clause 13]
16. ~1 | ~2 | ~3 [avatar split clause 3,13,9,5]
18. multiply(X3,inverse(multiply(inverse(multiply(inverse(multiply(X4,X3)),multiply(X4,inverse(X0)))),inverse(multiply(inverse(X3),X3))))) = inverse(multiply(X1,inverse(multiply(inverse(multiply(inverse(multiply(X2,X1)),multiply(X2,X0))),inverse(multiply(inverse(X1),X1)))))) [superposition 1,1]
38. inverse(inverse(multiply(X0,inverse(multiply(inverse(multiply(inverse(multiply(X1,X0)),multiply(X1,X2))),inverse(multiply(inverse(X0),X0))))))) = X2 [superposition 1,18]
41. multiply(X0,inverse(multiply(inverse(multiply(inverse(multiply(X1,X0)),multiply(X1,inverse(inverse(X2))))),inverse(multiply(inverse(X0),X0))))) = X2 [superposition 1,18]
158. multiply(inverse(multiply(inverse(multiply(X3,X2)),multiply(X3,inverse(inverse(X0))))),inverse(multiply(inverse(X2),X2))) = inverse(multiply(X1,inverse(multiply(inverse(multiply(inverse(multiply(X2,X1)),X0)),inverse(multiply(inverse(X1),X1)))))) [superposition 1,41]
343. multiply(X1,inverse(inverse(multiply(X0,inverse(multiply(inverse(multiply(inverse(multiply(X1,X0)),X2)),inverse(multiply(inverse(X0),X0)))))))) = X2 [superposition 41,158]
347. inverse(X2) = inverse(multiply(X1,inverse(inverse(multiply(X0,inverse(multiply(inverse(multiply(inverse(multiply(X1,X0)),X2)),inverse(multiply(inverse(X0),X0))))))))) [superposition 1,158]
371. multiply(inverse(multiply(inverse(multiply(X0,X1)),multiply(X0,inverse(inverse(multiply(X1,inverse(X2))))))),inverse(multiply(inverse(X1),X1))) = X2 [superposition 1,158]
374. inverse(multiply(inverse(multiply(inverse(multiply(X0,X1)),multiply(X0,inverse(inverse(multiply(X1,X2)))))),inverse(multiply(inverse(X1),X1)))) = X2 [superposition 38,158]
575. multiply(X1,inverse(inverse(multiply(X2,inverse(multiply(inverse(X0),inverse(multiply(inverse(X2),X2)))))))) = inverse(inverse(multiply(X3,inverse(multiply(inverse(multiply(inverse(multiply(inverse(multiply(X1,X2)),X3)),X0)),inverse(multiply(inverse(X3),X3))))))) [superposition 343,343]
901. multiply(inverse(X3),X3) = multiply(inverse(multiply(inverse(multiply(X1,inverse(multiply(inverse(multiply(X2,X3)),multiply(X2,inverse(inverse(multiply(X3,inverse(X0))))))))),multiply(X1,inverse(inverse(X0))))),inverse(multiply(inverse(inverse(multiply(inverse(multiply(X2,X3)),multiply(X2,inverse(inverse(multiply(X3,inverse(X0)))))))),inverse(multiply(inverse(multiply(X2,X3)),multiply(X2,inverse(inverse(multiply(X3,inverse(X0)))))))))) [superposition 371,371]
966. multiply(inverse(multiply(inverse(multiply(X1,inverse(multiply(inverse(multiply(X2,X3)),multiply(X2,inverse(inverse(multiply(X3,inverse(X0))))))))),multiply(X1,inverse(inverse(X4))))),inverse(multiply(inverse(inverse(multiply(inverse(multiply(X2,X3)),multiply(X2,inverse(inverse(multiply(X3,inverse(X0)))))))),inverse(multiply(inverse(multiply(X2,X3)),multiply(X2,inverse(inverse(multiply(X3,inverse(X0)))))))))) = inverse(multiply(inverse(multiply(inverse(X3),X3)),inverse(multiply(inverse(multiply(inverse(X0),X4)),inverse(multiply(inverse(inverse(multiply(inverse(X3),X3))),inverse(multiply(inverse(X3),X3)))))))) [superposition 158,371]
980. multiply(inverse(X3),X3) = inverse(multiply(inverse(multiply(inverse(X3),X3)),inverse(multiply(inverse(multiply(inverse(X0),X0)),inverse(multiply(inverse(inverse(multiply(inverse(X3),X3))),inverse(multiply(inverse(X3),X3)))))))) [forward demodulation 901,966]
1343. inverse(multiply(inverse(multiply(inverse(multiply(X1,X2)),multiply(X1,X0))),inverse(multiply(inverse(X2),X2)))) = inverse(multiply(inverse(multiply(inverse(multiply(X3,X2)),multiply(X3,X0))),inverse(multiply(inverse(X2),X2)))) [superposition 374,38]
17813. multiply(inverse(multiply(X0,X1)),multiply(X0,inverse(inverse(multiply(X1,inverse(multiply(inverse(X2),inverse(multiply(inverse(X1),X1))))))))) = X2 [superposition 343,575]
20274. multiply(inverse(X2),X2) = multiply(inverse(multiply(X1,inverse(multiply(inverse(X0),X0)))),multiply(X1,inverse(multiply(inverse(X0),X0)))) [superposition 17813,980]
20298. multiply(inverse(multiply(X1,X2)),multiply(X1,X0)) = multiply(inverse(multiply(X3,X2)),multiply(X3,X0)) [superposition 17813,38]
24457. multiply(inverse(X0),X0) = multiply(inverse(X1),X1) [superposition 20274,20274]
27417. inverse(multiply(inverse(X1),inverse(multiply(inverse(multiply(inverse(X0),X0)),inverse(multiply(inverse(inverse(X1)),inverse(X1))))))) = X1 [superposition 1,24457]
27469. inverse(inverse(multiply(X1,inverse(multiply(inverse(multiply(inverse(X0),X0)),inverse(multiply(inverse(X1),X1))))))) = X1 [superposition 38,24457]
27505. multiply(inverse(X1),X1) = inverse(multiply(inverse(multiply(inverse(X1),X1)),inverse(multiply(inverse(multiply(inverse(X2),X2)),inverse(multiply(inverse(X0),X0)))))) [superposition 980,24457]
27633. multiply(inverse(multiply(X1,X2)),multiply(X1,X3)) = multiply(inverse(multiply(inverse(X0),X0)),multiply(inverse(X2),X3)) [superposition 20298,24457]
27634. multiply(inverse(multiply(X1,X2)),multiply(X1,X3)) = multiply(inverse(multiply(inverse(X3),X2)),multiply(inverse(X0),X0)) [superposition 20298,24457]
29578. inverse(inverse(multiply(X1,inverse(multiply(inverse(multiply(inverse(X2),X2)),inverse(multiply(inverse(X0),X0))))))) = X1 [superposition 27469,24457]
34034. multiply(inverse(X2),X2) = multiply(inverse(multiply(inverse(X0),X0)),multiply(inverse(X1),X1)) [superposition 24457,27633]
36851. inverse(multiply(inverse(X1),X1)) = inverse(multiply(inverse(X2),inverse(inverse(multiply(X2,inverse(multiply(inverse(multiply(inverse(X0),X0)),inverse(multiply(inverse(X2),X2))))))))) [superposition 347,34034]
37031. inverse(multiply(inverse(X1),X1)) = inverse(multiply(inverse(X2),X2)) [forward demodulation 36851,27469]
64046. inverse(multiply(inverse(X1),inverse(multiply(inverse(multiply(inverse(X2),X2)),inverse(multiply(inverse(X0),X0)))))) = X1 [superposition 27417,37031]
64889. inverse(multiply(inverse(X2),inverse(multiply(inverse(multiply(inverse(X3),X3)),inverse(multiply(inverse(multiply(inverse(X0),X0)),inverse(multiply(inverse(X1),X1)))))))) = X2 [superposition 64046,64046]
64941. inverse(inverse(multiply(X2,inverse(multiply(inverse(multiply(inverse(X3),X3)),inverse(multiply(inverse(multiply(inverse(X0),X0)),inverse(multiply(inverse(X1),X1))))))))) = X2 [superposition 29578,64046]
65032. inverse(inverse(multiply(X2,multiply(inverse(X3),X3)))) = X2 [forward demodulation 64941,27505]
65037. inverse(multiply(inverse(X2),multiply(inverse(X3),X3))) = X2 [forward demodulation 64889,27505]
66206. inverse(inverse(X0)) = inverse(multiply(inverse(inverse(inverse(multiply(X1,inverse(multiply(inverse(X0),inverse(multiply(inverse(X1),X1)))))))),X1)) [superposition 65032,17813]
67493. inverse(multiply(inverse(multiply(inverse(X0),X0)),multiply(inverse(X1),X2))) = multiply(inverse(X2),X1) [superposition 65037,27633]
67495. inverse(multiply(inverse(multiply(X0,X1)),multiply(X0,X2))) = multiply(inverse(X2),X1) [superposition 65037,20298]
67529. inverse(multiply(inverse(multiply(inverse(multiply(X2,X1)),multiply(X2,X0))),inverse(multiply(inverse(X1),X1)))) = inverse(multiply(multiply(inverse(X0),X1),inverse(multiply(inverse(X1),X1)))) [superposition 1343,65037]
67568. multiply(inverse(X0),X0) = inverse(multiply(inverse(X1),X1)) [superposition 37031,65037]
68559. inverse(inverse(multiply(X1,inverse(multiply(inverse(X0),X0))))) = X1 [superposition 65032,67568]
68560. inverse(multiply(inverse(X1),inverse(multiply(inverse(X0),X0)))) = X1 [superposition 65037,67568]
68623. multiply(inverse(multiply(inverse(inverse(inverse(multiply(X1,inverse(multiply(inverse(X2),inverse(multiply(inverse(X1),X1)))))))),X1)),inverse(multiply(inverse(X0),X0))) = X2 [superposition 17813,67568]
68847. multiply(inverse(inverse(X2)),inverse(multiply(inverse(X0),X0))) = X2 [forward demodulation 68623,66206]
71480. inverse(X0) = inverse(multiply(inverse(multiply(X1,X2)),multiply(X1,inverse(inverse(multiply(X2,X0)))))) [superposition 68559,374]
71584. inverse(X0) = multiply(inverse(inverse(inverse(multiply(X2,X0)))),X2) [forward demodulation 71480,67495]
74011. multiply(inverse(inverse(X1)),multiply(inverse(X0),X0)) = X1 [superposition 68847,65037]
76562. inverse(multiply(inverse(X1),X2)) = multiply(inverse(inverse(inverse(multiply(inverse(multiply(X0,X1)),multiply(X0,X2))))),inverse(multiply(inverse(X3),X3))) [superposition 71584,27633]
76612. inverse(X0) = inverse(multiply(multiply(inverse(X1),X1),X0)) [superposition 74011,71584]
76705. inverse(multiply(inverse(multiply(X0,X1)),multiply(X0,X2))) = inverse(multiply(inverse(X1),X2)) [forward demodulation 76562,68847]
76719. multiply(inverse(X2),X1) = inverse(multiply(inverse(X1),X2)) [forward demodulation 76705,67495]
78086. inverse(multiply(inverse(multiply(inverse(multiply(X1,multiply(inverse(X2),X2))),multiply(X1,inverse(inverse(X0))))),inverse(multiply(inverse(multiply(inverse(X2),X2)),multiply(inverse(X2),X2))))) = X0 [superposition 374,76612]
78091. multiply(inverse(X0),multiply(multiply(inverse(X1),X1),X2)) = multiply(inverse(multiply(inverse(X2),X0)),multiply(inverse(X3),X3)) [superposition 27634,76612]
78116. multiply(inverse(multiply(X1,multiply(multiply(inverse(X2),X2),X0))),multiply(X1,X3)) = multiply(inverse(multiply(inverse(X4),X4)),multiply(inverse(X0),X3)) [superposition 27633,76612]
78168. multiply(multiply(inverse(X1),X1),X0) = multiply(inverse(inverse(X0)),multiply(inverse(X2),X2)) [superposition 74011,76612]
78169. multiply(multiply(inverse(X1),X1),X0) = X0 [forward demodulation 78168,74011]
78214. multiply(inverse(multiply(X1,multiply(multiply(inverse(X2),X2),X0))),multiply(X1,X3)) = multiply(multiply(inverse(X4),X4),multiply(inverse(X0),X3)) [forward demodulation 78116,76719]
78232. multiply(inverse(X0),multiply(multiply(inverse(X1),X1),X2)) = multiply(multiply(inverse(X0),X2),multiply(inverse(X3),X3)) [forward demodulation 78091,76719]
78235. inverse(multiply(multiply(inverse(inverse(inverse(X0))),multiply(inverse(X2),X2)),inverse(multiply(inverse(multiply(inverse(X2),X2)),multiply(inverse(X2),X2))))) = X0 [forward demodulation 78086,67529]
78308. multiply(inverse(X0),X3) = multiply(inverse(multiply(X1,multiply(multiply(inverse(X2),X2),X0))),multiply(X1,X3)) [forward demodulation 78214,78169]
78317. multiply(inverse(X0),X2) = multiply(multiply(inverse(X0),X2),multiply(inverse(X3),X3)) [forward demodulation 78232,78169]
78320. inverse(multiply(multiply(inverse(inverse(inverse(X0))),multiply(inverse(X2),X2)),multiply(inverse(X2),X2))) = X0 [forward demodulation 78235,67493]
78357. multiply(inverse(X0),X3) = multiply(inverse(multiply(X1,X0)),multiply(X1,X3)) [forward demodulation 78308,78169]
78361. inverse(multiply(inverse(inverse(inverse(X0))),multiply(inverse(X2),X2))) = X0 [forward demodulation 78320,78317]
78376. inverse(inverse(X0)) = X0 [forward demodulation 78361,65037]
79408. multiply(inverse(multiply(X2,X0)),multiply(X2,multiply(X0,inverse(multiply(inverse(X1),inverse(multiply(inverse(X0),X0))))))) = X1 [superposition 17813,78376]
79562. multiply(inverse(X0),multiply(X0,inverse(multiply(inverse(X1),inverse(multiply(inverse(X0),X0)))))) = X1 [forward demodulation 79408,78357]
79643. multiply(inverse(X0),multiply(X0,X1)) = X1 [forward demodulation 79562,68560]
86936. multiply(X1,inverse(inverse(multiply(X2,inverse(multiply(inverse(X0),inverse(multiply(inverse(X2),X2)))))))) = multiply(multiply(X1,X2),X0) [superposition 343,79643]
86985. multiply(multiply(X1,X2),X0) = multiply(X1,multiply(X2,inverse(multiply(inverse(X0),inverse(multiply(inverse(X2),X2)))))) [forward demodulation 86936,78376]
87064. multiply(multiply(X1,X2),X0) = multiply(X1,multiply(X2,X0)) [forward demodulation 86985,68560]
110972. multiply(a3,multiply(b3,c3)) != multiply(a3,multiply(b3,c3)) <- (~1) [superposition 7,87064]
111039. $false <- (~1) [trivial inequality removal 110972]
111040. 1 [avatar contradiction clause 111039]
111381. $false <- (~2) [forward subsumption resolution 11,78169]
111382. 2 [avatar contradiction clause 111381]
111383. $false <- (~3) [forward subsumption resolution 15,24457]
111384. 3 [avatar contradiction clause 111383]
s1. ~3 | ~2 | ~1 [sat_conversion 16]
s2. 1 [sat_conversion 111040]
s3. 2 [sat_conversion 111382]
s4. 3 [sat_conversion 111384]
s5. # [rat s1,s2,s3,s4]
111385. $false [avatar sat refutation s5]
% SZS output end Proof for GRP053-1
% ------------------------------
% Version: Vampire 5.0.0 (Release build, commit 2e2c9b7b8 on 2026-01-17 12:24:14 +0100)
% Linked with Z3 4.14.0.0 3c47fd96cf5645d0c42b2c819d9e9a84380aa721 z3-4.8.4-9178-g3c47fd96c
% CaDiCaL version: 2.1.3
% Termination reason: Refutation
% Time elapsed: 5.803 s
% Peak memory usage: 193 MB
% Instructions burned: 30473 (million)
% ------------------------------
% ------------------------------
