% Running in auto input_syntax mode. Trying TPTP
% Refutation found. Thanks to Tanya!
% SZS status Unsatisfiable for GRP403-1_clausified
% SZS output start Proof for GRP403-1_clausified
1. multiply(X0,inverse(multiply(inverse(multiply(inverse(multiply(X0,X1)),X2)),inverse(multiply(X1,multiply(inverse(X1),X1)))))) = X2 [input(axiom)]
2. multiply(inverse(a1),a1) != multiply(inverse(b1),b1) [input(negated conjecture)]
3. multiply(X1,inverse(multiply(inverse(multiply(inverse(X0),X3)),inverse(multiply(inverse(multiply(inverse(multiply(inverse(multiply(X1,X2)),X0)),inverse(multiply(X2,multiply(inverse(X2),X2))))),multiply(inverse(inverse(multiply(inverse(multiply(inverse(multiply(X1,X2)),X0)),inverse(multiply(X2,multiply(inverse(X2),X2)))))),inverse(multiply(inverse(multiply(inverse(multiply(X1,X2)),X0)),inverse(multiply(X2,multiply(inverse(X2),X2))))))))))) = X3 [superposition 1,1]
4. inverse(multiply(inverse(multiply(inverse(multiply(inverse(multiply(X1,X2)),X3)),X0)),inverse(multiply(X3,multiply(inverse(X3),X3))))) = multiply(X1,inverse(multiply(inverse(X0),inverse(multiply(X2,multiply(inverse(X2),X2)))))) [superposition 1,1]
22. multiply(inverse(multiply(X0,X2)),multiply(X0,inverse(multiply(inverse(X1),inverse(multiply(X2,multiply(inverse(X2),X2))))))) = X1 [superposition 1,4]
26. multiply(X3,inverse(multiply(inverse(multiply(inverse(multiply(X3,inverse(multiply(inverse(X0),inverse(multiply(X1,multiply(inverse(X1),X1))))))),X4)),inverse(multiply(inverse(multiply(inverse(X0),inverse(multiply(X1,multiply(inverse(X1),X1))))),inverse(multiply(inverse(multiply(inverse(multiply(inverse(multiply(inverse(inverse(multiply(inverse(X0),inverse(multiply(X1,multiply(inverse(X1),X1)))))),X1)),X2)),X0)),inverse(multiply(X2,multiply(inverse(X2),X2)))))))))) = X4 [superposition 1,4]
51. inverse(multiply(inverse(multiply(inverse(multiply(inverse(multiply(X1,inverse(multiply(inverse(multiply(inverse(multiply(X1,X2)),X3)),inverse(multiply(X2,multiply(inverse(X2),X2))))))),X4)),multiply(inverse(X3),X0))),inverse(multiply(X4,multiply(inverse(X4),X4))))) = X0 [superposition 4,3]
54. inverse(multiply(inverse(multiply(inverse(multiply(inverse(X3),X4)),multiply(inverse(X3),X0))),inverse(multiply(X4,multiply(inverse(X4),X4))))) = X0 [forward demodulation 51,1]
67. multiply(inverse(multiply(inverse(multiply(X0,X2)),X4)),X1) = multiply(inverse(multiply(X3,X4)),multiply(X3,multiply(X0,inverse(multiply(inverse(X1),inverse(multiply(X2,multiply(inverse(X2),X2)))))))) [superposition 22,4]
85. inverse(multiply(inverse(multiply(inverse(multiply(X0,X3)),multiply(X0,X4))),inverse(multiply(X3,multiply(inverse(X3),X3))))) = X4 [superposition 54,54]
100. multiply(inverse(multiply(inverse(X3),X2)),multiply(inverse(X3),X0)) = multiply(inverse(multiply(X1,X2)),multiply(X1,X0)) [superposition 22,54]
133. multiply(inverse(multiply(X0,X1)),multiply(X0,X2)) = multiply(inverse(multiply(X4,X1)),multiply(X4,X2)) [superposition 100,100]
350. multiply(inverse(multiply(X5,multiply(X3,X2))),multiply(X5,X4)) = multiply(inverse(multiply(inverse(multiply(X0,X1)),multiply(X0,X2))),multiply(inverse(multiply(X3,X1)),X4)) [superposition 100,133]
533. inverse(multiply(inverse(multiply(inverse(multiply(X2,multiply(X3,X1))),multiply(X2,X4))),inverse(multiply(multiply(X3,X1),multiply(inverse(multiply(X0,X1)),multiply(X0,X1)))))) = X4 [superposition 85,133]
544. inverse(multiply(X2,multiply(inverse(X2),X2))) = multiply(inverse(multiply(X1,X2)),inverse(multiply(X0,inverse(multiply(multiply(X1,X0),multiply(inverse(multiply(X1,X0)),multiply(X1,X0))))))) [superposition 1,85]
560. multiply(inverse(multiply(X1,inverse(multiply(X2,multiply(inverse(X2),X2))))),multiply(X1,X3)) = multiply(X0,multiply(inverse(multiply(inverse(multiply(X4,X2)),multiply(X4,X0))),X3)) [superposition 133,85]
2762. multiply(inverse(multiply(X1,multiply(X2,X3))),multiply(X1,multiply(X2,inverse(multiply(inverse(X0),inverse(multiply(X4,multiply(inverse(X4),X4)))))))) = multiply(inverse(multiply(inverse(multiply(X5,X4)),multiply(X5,X3))),X0) [superposition 350,22]
2996. multiply(inverse(multiply(inverse(multiply(X5,X4)),multiply(X5,X3))),X0) = multiply(inverse(multiply(inverse(multiply(X2,X4)),multiply(X2,X3))),X0) [forward demodulation 2762,67]
8548. multiply(inverse(multiply(inverse(X0),multiply(X1,X5))),X6) = multiply(inverse(multiply(inverse(multiply(X7,inverse(multiply(inverse(multiply(inverse(multiply(X1,inverse(multiply(inverse(X2),inverse(multiply(X3,multiply(inverse(X3),X3))))))),X0)),inverse(multiply(inverse(multiply(inverse(X2),inverse(multiply(X3,multiply(inverse(X3),X3))))),inverse(multiply(inverse(multiply(inverse(multiply(inverse(multiply(inverse(inverse(multiply(inverse(X2),inverse(multiply(X3,multiply(inverse(X3),X3)))))),X3)),X4)),X2)),inverse(multiply(X4,multiply(inverse(X4),X4))))))))))),multiply(X7,X5))),X6) [superposition 2996,26]
9725. multiply(X0,multiply(inverse(multiply(inverse(multiply(X1,X2)),multiply(X1,X0))),X3)) = multiply(X5,multiply(inverse(multiply(inverse(multiply(X6,X2)),multiply(X6,X5))),X3)) [superposition 560,560]
11242. multiply(X8,multiply(inverse(multiply(inverse(X0),multiply(X3,X8))),X7)) = multiply(X1,multiply(inverse(multiply(inverse(multiply(X2,inverse(multiply(inverse(multiply(inverse(multiply(X3,inverse(multiply(inverse(X4),inverse(multiply(X5,multiply(inverse(X5),X5))))))),X0)),inverse(multiply(inverse(multiply(inverse(X4),inverse(multiply(X5,multiply(inverse(X5),X5))))),inverse(multiply(inverse(multiply(inverse(multiply(inverse(multiply(inverse(inverse(multiply(inverse(X4),inverse(multiply(X5,multiply(inverse(X5),X5)))))),X5)),X6)),X4)),inverse(multiply(X6,multiply(inverse(X6),X6))))))))))),multiply(X2,X1))),X7)) [superposition 9725,26]
11680. multiply(X8,multiply(inverse(multiply(inverse(X0),multiply(X3,X8))),X7)) = multiply(X1,multiply(inverse(multiply(inverse(X0),multiply(X3,X1))),X7)) [forward demodulation 11242,8548]
12463. multiply(X1,multiply(inverse(multiply(X0,multiply(X6,X1))),X7)) = multiply(X8,multiply(inverse(multiply(X0,multiply(X6,X8))),X7)) [superposition 11680,533]
29453. multiply(inverse(multiply(inverse(multiply(X1,X0)),multiply(X1,inverse(X2)))),inverse(multiply(X0,multiply(inverse(X0),X0)))) = X2 [superposition 22,544]
31176. multiply(inverse(X0),X0) = multiply(X3,multiply(inverse(multiply(inverse(multiply(X1,X2)),multiply(X1,X3))),inverse(multiply(X2,multiply(inverse(X2),X2))))) [superposition 12463,29453]
33224. multiply(inverse(X1),X1) = multiply(inverse(X0),X0) [superposition 31176,31176]
36680. multiply(inverse(a1),a1) != multiply(inverse(X0),X0) [superposition 2,33224]
36845. $false [forward subsumption resolution 36680,33224]
% SZS output end Proof for GRP403-1_clausified
% ------------------------------
% Version: Vampire 5.0.0 (Release build, commit 2e2c9b7b8 on 2026-01-17 12:24:14 +0100)
% Linked with Z3 4.14.0.0 3c47fd96cf5645d0c42b2c819d9e9a84380aa721 z3-4.8.4-9178-g3c47fd96c
% CaDiCaL version: 2.1.3
% Termination reason: Refutation
% Time elapsed: 2.355 s
% Peak memory usage: 90 MB
% Instructions burned: 8236 (million)
% ------------------------------
% ------------------------------
