% Running in auto input_syntax mode. Trying TPTP
% Refutation found. Thanks to Tanya!
% SZS status Unsatisfiable for GRP459-1
% SZS output start Proof for GRP459-1
1. divide(divide(divide(X0,X0),divide(X0,divide(X1,divide(divide(identity,X0),X2)))),X2) = X1 [input(axiom)]
2. multiply(X0,X1) = divide(X0,divide(identity,X1)) [input(axiom)]
5. identity = divide(X0,X0) [input(axiom)]
6. divide(X0,X0) = identity [reorient equations 5]
7. multiply(multiply(a3,b3),c3) != multiply(a3,multiply(b3,c3)) [input(negated conjecture)]
8. divide(divide(a3,divide(identity,b3)),divide(identity,c3)) != divide(a3,divide(identity,divide(b3,divide(identity,c3)))) [definition unfolding 7,2,2,2,2]
9. divide(divide(identity,divide(X0,divide(X1,divide(divide(identity,X0),X2)))),X2) = X1 [forward demodulation 1,6]
10. divide(divide(identity,divide(identity,divide(X0,divide(identity,X1)))),X1) = X0 [superposition 9,6]
12. divide(divide(identity,divide(X0,divide(X1,identity))),divide(identity,X0)) = X1 [superposition 9,6]
13. divide(divide(identity,X0),X1) = divide(divide(identity,divide(X0,identity)),X1) [superposition 9,6]
14. divide(identity,divide(X2,divide(X0,divide(divide(identity,X2),divide(divide(identity,X1),X3))))) = divide(divide(identity,divide(X1,X0)),X3) [superposition 9,9]
15. divide(divide(identity,divide(identity,divide(X0,identity))),identity) = X0 [superposition 10,6]
17. divide(identity,divide(X1,divide(X0,divide(divide(identity,X1),divide(identity,X2))))) = divide(divide(identity,divide(identity,X0)),X2) [superposition 10,9]
19. divide(divide(identity,divide(divide(identity,divide(X0,divide(identity,X1))),divide(X2,X0))),X1) = X2 [superposition 9,10]
36. divide(divide(identity,identity),divide(identity,divide(X0,identity))) = X0 [superposition 12,6]
42. divide(divide(identity,divide(identity,X0)),X1) = divide(identity,divide(X1,divide(X0,identity))) [superposition 10,12]
43. divide(identity,divide(identity,divide(X0,identity))) = X0 [forward demodulation 36,6]
52. divide(identity,divide(identity,divide(X0,identity))) = divide(identity,divide(identity,X0)) [superposition 43,15]
53. divide(X0,identity) = X0 [superposition 15,43]
56. divide(divide(identity,divide(divide(identity,divide(X0,identity)),divide(X1,identity))),X0) = X1 [superposition 12,43]
65. divide(divide(identity,divide(divide(identity,X0),divide(X1,identity))),X0) = X1 [forward demodulation 56,13]
68. divide(identity,divide(identity,X0)) = X0 [forward demodulation 52,43]
75. divide(divide(identity,divide(divide(identity,X0),X1)),X0) = X1 [forward demodulation 65,53]
82. divide(divide(identity,X0),X1) = divide(divide(identity,divide(identity,divide(identity,divide(X0,identity)))),X1) [superposition 13,15]
105. divide(divide(identity,X0),X1) = divide(identity,divide(X1,divide(divide(identity,divide(X0,identity)),identity))) [forward demodulation 82,42]
112. divide(divide(identity,X0),X1) = divide(identity,divide(X1,divide(identity,divide(X0,identity)))) [forward demodulation 105,53]
117. divide(divide(identity,X0),X1) = divide(identity,divide(X1,divide(identity,X0))) [forward demodulation 112,53]
230. divide(divide(X0,divide(identity,X1)),X1) = X0 [superposition 10,68]
271. divide(identity,divide(X1,divide(X2,divide(divide(identity,X1),divide(X0,X3))))) = divide(divide(identity,divide(divide(identity,X0),X2)),X3) [superposition 14,68]
282. divide(divide(identity,divide(X0,X2)),identity) = divide(identity,divide(X1,divide(X2,divide(divide(identity,X1),divide(identity,X0))))) [superposition 14,53]
304. divide(X3,divide(X1,divide(divide(identity,X3),divide(divide(identity,X0),X2)))) = divide(identity,divide(divide(identity,divide(X0,X1)),X2)) [superposition 68,14]
336. divide(identity,divide(X0,X2)) = divide(identity,divide(X1,divide(X2,divide(divide(identity,X1),divide(identity,X0))))) [forward demodulation 282,53]
361. divide(identity,divide(X0,X2)) = divide(divide(identity,divide(divide(identity,identity),X2)),X0) [forward demodulation 336,271]
370. divide(identity,divide(X0,X2)) = divide(divide(identity,divide(identity,X2)),X0) [forward demodulation 361,6]
374. divide(X2,X0) = divide(identity,divide(X0,X2)) [forward demodulation 370,68]
678. divide(divide(identity,divide(divide(identity,divide(X0,X1)),X2)),X4) = divide(identity,divide(X4,divide(divide(X3,divide(X1,divide(divide(identity,X3),divide(divide(identity,X0),X2)))),identity))) [superposition 42,14]
697. divide(divide(identity,divide(divide(identity,X1),X3)),X0) = divide(identity,divide(X2,divide(X3,divide(divide(identity,X2),divide(identity,divide(X0,divide(X1,identity))))))) [superposition 14,42]
752. divide(divide(identity,divide(divide(identity,X1),X3)),X0) = divide(divide(identity,divide(identity,X3)),divide(X0,divide(X1,identity))) [forward demodulation 697,17]
768. divide(divide(identity,divide(divide(identity,divide(X0,X1)),X2)),X4) = divide(divide(divide(X3,divide(X1,divide(divide(identity,X3),divide(divide(identity,X0),X2)))),identity),X4) [forward demodulation 678,374]
795. divide(divide(identity,divide(divide(identity,X1),X3)),X0) = divide(identity,divide(divide(X0,divide(X1,identity)),divide(X3,identity))) [forward demodulation 752,42]
806. divide(divide(X3,divide(X1,divide(divide(identity,X3),divide(divide(identity,X0),X2)))),X4) = divide(divide(identity,divide(divide(identity,divide(X0,X1)),X2)),X4) [forward demodulation 768,53]
825. divide(divide(identity,divide(divide(identity,X1),X3)),X0) = divide(divide(X3,identity),divide(X0,divide(X1,identity))) [forward demodulation 795,374]
829. divide(divide(X3,divide(X1,divide(divide(identity,X3),divide(divide(identity,X0),X2)))),X4) = divide(divide(X2,divide(identity,divide(X0,X1))),X4) [forward demodulation 806,374]
843. divide(divide(identity,divide(divide(identity,X1),X3)),X0) = divide(divide(X3,identity),divide(X0,X1)) [forward demodulation 825,53]
846. divide(divide(X3,divide(X1,divide(divide(identity,X3),divide(divide(identity,X0),X2)))),X4) = divide(divide(X2,divide(X1,X0)),X4) [forward demodulation 829,374]
858. divide(divide(identity,divide(divide(identity,X1),X3)),X0) = divide(X3,divide(X0,X1)) [forward demodulation 843,53]
861. divide(divide(identity,divide(divide(identity,divide(X0,X1)),X2)),X4) = divide(divide(X2,divide(X1,X0)),X4) [forward demodulation 846,304]
870. divide(X3,divide(X0,X1)) = divide(divide(X3,divide(identity,X1)),X0) [forward demodulation 858,374]
872. divide(divide(X2,divide(identity,divide(X0,X1))),X4) = divide(divide(X2,divide(X1,X0)),X4) [forward demodulation 861,374]
879. divide(divide(X2,divide(X1,X0)),X4) = divide(X2,divide(X4,divide(X0,X1))) [forward demodulation 872,870]
1197. divide(X1,divide(divide(identity,divide(identity,X3)),divide(divide(identity,X0),X2))) = divide(divide(divide(identity,divide(X0,X1)),X2),X3) [superposition 75,14]
1247. divide(X1,divide(divide(identity,divide(identity,X3)),divide(divide(identity,X0),X2))) = divide(divide(identity,divide(X2,divide(X1,X0))),X3) [forward demodulation 1197,879]
1279. divide(X1,divide(divide(identity,divide(identity,X3)),divide(divide(identity,X0),X2))) = divide(identity,divide(X3,divide(divide(X1,X0),X2))) [forward demodulation 1247,879]
1299. divide(X1,divide(divide(identity,divide(identity,X3)),divide(divide(identity,X0),X2))) = divide(divide(divide(X1,X0),X2),X3) [forward demodulation 1279,374]
1312. divide(X1,divide(identity,divide(divide(divide(identity,X0),X2),divide(X3,identity)))) = divide(divide(divide(X1,X0),X2),X3) [forward demodulation 1299,42]
1317. divide(divide(divide(X1,X0),X2),X3) = divide(X1,divide(divide(X3,identity),divide(divide(identity,X0),X2))) [forward demodulation 1312,374]
1322. divide(divide(divide(X1,X0),X2),X3) = divide(X1,divide(X3,divide(divide(identity,X0),X2))) [forward demodulation 1317,53]
1402. divide(divide(identity,divide(X2,X4)),X3) = divide(identity,divide(divide(divide(identity,divide(X1,divide(identity,divide(divide(identity,X2),X3)))),divide(X0,X1)),divide(X4,X0))) [superposition 14,19]
1411. divide(X0,X2) = divide(identity,divide(divide(identity,divide(X1,divide(identity,divide(identity,X2)))),divide(X0,X1))) [superposition 230,19]
1425. divide(X0,X2) = divide(divide(X0,X1),divide(identity,divide(X1,divide(identity,divide(identity,X2))))) [forward demodulation 1411,374]
1434. divide(divide(identity,divide(X2,X4)),X3) = divide(divide(X4,X0),divide(divide(identity,divide(X1,divide(identity,divide(divide(identity,X2),X3)))),divide(X0,X1))) [forward demodulation 1402,374]
1494. divide(X0,X2) = divide(divide(X0,X1),divide(divide(identity,divide(identity,X2)),X1)) [forward demodulation 1425,117]
1503. divide(divide(identity,divide(X2,X4)),X3) = divide(divide(X4,X0),divide(identity,divide(divide(X0,X1),divide(divide(identity,divide(divide(identity,X2),X3)),X1)))) [forward demodulation 1434,879]
1557. divide(X0,X2) = divide(divide(X0,X1),divide(identity,divide(X1,divide(X2,identity)))) [forward demodulation 1494,42]
1565. divide(divide(identity,divide(X2,X4)),X3) = divide(divide(X4,X0),divide(divide(divide(identity,divide(divide(identity,X2),X3)),X1),divide(X0,X1))) [forward demodulation 1503,1322]
1612. divide(X0,X2) = divide(divide(X0,X1),divide(divide(X2,identity),X1)) [forward demodulation 1557,374]
1619. divide(divide(identity,divide(X2,X4)),X3) = divide(divide(X4,X0),divide(divide(identity,divide(X1,divide(X3,divide(identity,X2)))),divide(X0,X1))) [forward demodulation 1565,879]
1659. divide(X0,X2) = divide(divide(X0,X1),divide(X2,X1)) [forward demodulation 1612,53]
1666. divide(divide(identity,divide(X2,X4)),X3) = divide(divide(X4,X0),divide(identity,divide(divide(X0,X1),divide(divide(X3,divide(identity,X2)),X1)))) [forward demodulation 1619,879]
1704. divide(divide(identity,divide(X2,X4)),X3) = divide(divide(X4,X0),divide(divide(divide(X3,divide(identity,X2)),X1),divide(X0,X1))) [forward demodulation 1666,374]
1734. divide(divide(identity,divide(X2,X4)),X3) = divide(divide(X4,X0),divide(divide(X3,divide(identity,X2)),X0)) [forward demodulation 1704,1659]
1752. divide(divide(identity,divide(X2,X4)),X3) = divide(X4,divide(X3,divide(identity,X2))) [forward demodulation 1734,1659]
1767. divide(X4,divide(X3,divide(identity,X2))) = divide(identity,divide(X3,divide(X4,X2))) [forward demodulation 1752,879]
1779. divide(X4,divide(X3,divide(identity,X2))) = divide(divide(X4,X2),X3) [forward demodulation 1767,374]
15943. divide(a3,divide(identity,divide(b3,divide(identity,c3)))) != divide(a3,divide(divide(identity,c3),b3)) [superposition 8,870]
16094. divide(a3,divide(divide(identity,c3),b3)) != divide(a3,divide(divide(identity,c3),b3)) [forward demodulation 15943,1779]
16095. $false [trivial inequality removal 16094]
% SZS output end Proof for GRP459-1
% ------------------------------
% Version: Vampire 5.0.0 (Release build, commit 2e2c9b7b8 on 2026-01-17 12:24:14 +0100)
% Linked with Z3 4.14.0.0 3c47fd96cf5645d0c42b2c819d9e9a84380aa721 z3-4.8.4-9178-g3c47fd96c
% CaDiCaL version: 2.1.3
% Termination reason: Refutation
% Time elapsed: 0.160 s
% Peak memory usage: 62 MB
% Instructions burned: 435 (million)
% ------------------------------
% ------------------------------
