% Running in auto input_syntax mode. Trying TPTP
% Refutation found. Thanks to Tanya!
% SZS status Unsatisfiable for GRP502-1
% SZS output start Proof for GRP502-1
1. double_divide(double_divide(X0,inverse(double_divide(X1,X2))),double_divide(inverse(X1),inverse(double_divide(X3,double_divide(X0,X3))))) = X2 [input(axiom)]
2. multiply(X0,X1) = inverse(double_divide(X1,X0)) [input(axiom)]
3. multiply(inverse(a1),a1) != multiply(inverse(b1),b1) [input(negated conjecture)]
4. inverse(double_divide(a1,inverse(a1))) != inverse(double_divide(b1,inverse(b1))) [definition unfolding 3,2,2]
5. double_divide(inverse(X3),inverse(double_divide(X4,double_divide(X2,X4)))) = double_divide(double_divide(X1,inverse(X0)),double_divide(inverse(double_divide(X2,inverse(double_divide(X3,X0)))),inverse(double_divide(X5,double_divide(X1,X5))))) [superposition 1,1]
11. double_divide(inverse(X5),inverse(double_divide(X6,double_divide(X7,X6)))) = double_divide(double_divide(double_divide(X0,inverse(X1)),double_divide(inverse(double_divide(X2,inverse(double_divide(X3,X1)))),inverse(double_divide(X4,double_divide(X0,X4))))),double_divide(inverse(double_divide(X7,inverse(double_divide(X5,double_divide(X8,double_divide(X2,X8)))))),inverse(double_divide(X9,double_divide(inverse(X3),X9))))) [superposition 5,5]
22. double_divide(X2,X5) = double_divide(double_divide(double_divide(X0,inverse(X1)),double_divide(inverse(double_divide(X2,inverse(double_divide(X3,X1)))),inverse(double_divide(X4,double_divide(X0,X4))))),double_divide(inverse(X5),inverse(double_divide(X6,double_divide(inverse(X3),X6))))) [superposition 1,5]
27. double_divide(inverse(X5),inverse(double_divide(X6,double_divide(X7,X6)))) = double_divide(X2,double_divide(X7,inverse(double_divide(X5,double_divide(X8,double_divide(X2,X8)))))) [forward demodulation 11,22]
164. double_divide(inverse(double_divide(double_divide(X0,inverse(double_divide(X1,X2))),X0)),inverse(double_divide(X3,double_divide(inverse(X1),X3)))) = X2 [superposition 1,27]
352. double_divide(double_divide(inverse(X1),inverse(double_divide(double_divide(double_divide(X2,inverse(double_divide(X1,X0))),X2),X3))),X0) = X3 [superposition 1,164]
493. double_divide(inverse(X0),inverse(double_divide(X3,double_divide(inverse(double_divide(double_divide(X2,inverse(double_divide(X1,inverse(X1)))),X2)),X3)))) = X0 [superposition 164,352]
16761. double_divide(double_divide(X0,inverse(double_divide(double_divide(double_divide(X1,inverse(double_divide(X2,inverse(X2)))),X1),X3))),X0) = X3 [superposition 164,493]
16791. double_divide(X0,X2) = double_divide(inverse(double_divide(double_divide(X3,inverse(double_divide(X4,inverse(X4)))),X3)),double_divide(double_divide(X1,inverse(double_divide(X0,X2))),X1)) [superposition 352,493]
19607. double_divide(X0,inverse(X0)) = double_divide(inverse(double_divide(double_divide(X3,inverse(double_divide(X4,inverse(X4)))),X3)),double_divide(double_divide(X1,inverse(double_divide(X2,inverse(X2)))),X1)) [superposition 16761,493]
19905. double_divide(X0,inverse(X0)) = double_divide(X2,inverse(X2)) [forward demodulation 19607,16791]
21697. inverse(double_divide(a1,inverse(a1))) != inverse(double_divide(X0,inverse(X0))) [superposition 4,19905]
22559. $false [equality resolution 21697]
% SZS output end Proof for GRP502-1
% ------------------------------
% Version: Vampire 5.0.0 (Release build, commit 2e2c9b7b8 on 2026-01-17 12:24:14 +0100)
% Linked with Z3 4.14.0.0 3c47fd96cf5645d0c42b2c819d9e9a84380aa721 z3-4.8.4-9178-g3c47fd96c
% CaDiCaL version: 2.1.3
% Termination reason: Refutation
% Time elapsed: 0.740 s
% Peak memory usage: 59 MB
% Instructions burned: 3484 (million)
% ------------------------------
% ------------------------------
