% Running in auto input_syntax mode. Trying TPTP
% Refutation found. Thanks to Tanya!
% SZS status Unsatisfiable for GRP699-1_clausified
% SZS output start Proof for GRP699-1_clausified
1. mult(X0,ld(X0,X1)) = X1 [input(axiom)]
2. ld(X0,mult(X0,X1)) = X1 [input(axiom)]
6. mult(unit,X0) = X0 [input(axiom)]
8. mult(mult(X0,X1),mult(X1,mult(X2,X1))) = mult(mult(X0,mult(X1,mult(X1,X2))),X1) [input(axiom)]
9. mult(mult(a,b),c) != mult(mult(a,c),ld(c,mult(b,c))) [input(negated conjecture)]
60. mult(mult(X1,X2),mult(X2,mult(ld(X2,X0),X2))) = mult(mult(X1,mult(X2,X0)),X2) [superposition 8,1]
69. mult(mult(unit,X0),mult(X0,mult(X1,X0))) = mult(mult(X0,mult(X0,X1)),X0) [superposition 8,6]
80. mult(mult(X0,mult(X0,X1)),X0) = mult(X0,mult(X0,mult(X1,X0))) [forward demodulation 69,6]
217. mult(X1,mult(X1,mult(ld(X1,X0),X1))) = mult(mult(X1,X0),X1) [superposition 80,1]
1374. mult(X0,mult(ld(X0,X1),X0)) = ld(X0,mult(mult(X0,X1),X0)) [superposition 2,217]
37567. ld(X1,mult(X0,X1)) = mult(X1,mult(ld(X1,ld(X1,X0)),X1)) [superposition 1374,1]
211422. mult(mult(X2,mult(X0,ld(X0,X1))),X0) = mult(mult(X2,X0),ld(X0,mult(X1,X0))) [superposition 60,37567]
211530. mult(mult(X2,X1),X0) = mult(mult(X2,X0),ld(X0,mult(X1,X0))) [forward demodulation 211422,1]
578579. mult(mult(a,b),c) != mult(mult(a,b),c) [superposition 9,211530]
578615. $false [trivial inequality removal 578579]
% SZS output end Proof for GRP699-1_clausified
% ------------------------------
% Version: Vampire 5.0.0 (Release build, commit 2e2c9b7b8 on 2026-01-17 12:24:14 +0100)
% Linked with Z3 4.14.0.0 3c47fd96cf5645d0c42b2c819d9e9a84380aa721 z3-4.8.4-9178-g3c47fd96c
% CaDiCaL version: 2.1.3
% Termination reason: Refutation
% Time elapsed: 14.982 s
% Peak memory usage: 380 MB
% Instructions burned: 48984 (million)
% ------------------------------
% ------------------------------
