% Running in auto input_syntax mode. Trying TPTP
% Refutation found. Thanks to Tanya!
% SZS status Unsatisfiable for GRP660-13_clausified
% SZS output start Proof for GRP660-13_clausified
1. mult(X0,ld(X0,X1)) = X1 [input(axiom)]
2. ld(X0,mult(X0,X1)) = X1 [input(axiom)]
3. mult(rd(X0,X1),X1) = X0 [input(axiom)]
4. rd(mult(X0,X1),X1) = X0 [input(axiom)]
5. mult(mult(mult(X0,X1),X2),X0) = mult(X0,mult(X1,mult(X2,X0))) [input(axiom)]
6. x0 != mult(x0,ld(x1,x1)) [input(negated conjecture)]
7. ld(rd(X0,X1),X0) = X1 [superposition 2,3]
8. rd(X0,ld(X1,X0)) = X1 [superposition 4,1]
9. mult(X1,mult(ld(X1,X0),mult(X2,X1))) = mult(mult(X0,X2),X1) [superposition 5,1]
12. mult(mult(X0,X1),mult(X2,mult(X0,mult(X0,X1)))) = mult(mult(X0,mult(X1,mult(X2,X0))),mult(X0,X1)) [superposition 5,5]
13. mult(X0,X1) = mult(X1,mult(X2,mult(ld(mult(X1,X2),X0),X1))) [superposition 5,1]
14. mult(mult(X0,X1),X2) = rd(mult(X0,mult(X1,mult(X2,X0))),X0) [superposition 4,5]
15. ld(mult(mult(X0,X1),X2),mult(X0,mult(X1,mult(X2,X0)))) = X0 [superposition 2,5]
24. mult(mult(X2,rd(X0,X1)),X1) = mult(X1,mult(ld(X1,X2),X0)) [superposition 9,3]
28. mult(ld(X2,X0),mult(X1,X2)) = ld(X2,mult(mult(X0,X1),X2)) [superposition 2,9]
41. mult(X2,mult(ld(mult(X1,X2),X0),X1)) = ld(X1,mult(X0,X1)) [superposition 2,13]
56. mult(mult(X1,X2),rd(X0,X1)) = rd(mult(X1,mult(X2,X0)),X1) [superposition 14,3]
58. mult(mult(mult(X1,X2),X2),ld(X2,X0)) = rd(mult(mult(X1,X2),mult(mult(X0,X1),X2)),mult(X1,X2)) [superposition 14,9]
60. mult(mult(X1,rd(X0,mult(X2,X1))),X2) = rd(mult(X1,X0),X1) [superposition 14,3]
84. ld(mult(mult(X1,X2),rd(X0,X1)),mult(X1,mult(X2,X0))) = X1 [superposition 15,3]
111. mult(X0,X2) = mult(X2,mult(ld(X2,rd(X0,rd(X1,X2))),X1)) [superposition 24,3]
116. ld(mult(X1,rd(X2,X0)),mult(X0,mult(ld(X0,X1),X2))) = X0 [superposition 2,24]
124. ld(mult(X0,mult(ld(X0,X1),X2)),mult(X1,mult(rd(X2,X0),mult(X0,X1)))) = X1 [superposition 15,24]
253. ld(X1,mult(X0,X1)) = mult(ld(X1,X2),mult(ld(X2,X0),X1)) [superposition 28,1]
256. ld(X1,mult(X0,X1)) = mult(ld(X1,rd(X0,X2)),mult(X2,X1)) [superposition 28,3]
263. mult(ld(mult(X0,X1),X0),mult(mult(X1,mult(X2,X0)),mult(X0,X1))) = ld(mult(X0,X1),mult(mult(X0,X1),mult(X2,mult(X0,mult(X0,X1))))) [superposition 28,12]
275. mult(X2,mult(X0,mult(X0,X1))) = mult(ld(mult(X0,X1),X0),mult(mult(X1,mult(X2,X0)),mult(X0,X1))) [forward demodulation 263,2]
400. mult(ld(mult(X0,X2),X1),X0) = ld(X2,ld(X0,mult(X1,X0))) [superposition 2,41]
401. rd(ld(X0,mult(X1,X0)),mult(ld(mult(X0,X2),X1),X0)) = X2 [superposition 4,41]
443. rd(mult(X1,X0),X1) = mult(mult(X1,X2),rd(ld(X2,X0),X1)) [superposition 56,1]
447. rd(mult(X1,X0),X1) = mult(mult(X1,rd(X0,X2)),rd(X2,X1)) [superposition 56,3]
455. mult(mult(X2,ld(mult(X0,X2),X1)),rd(X0,X2)) = rd(ld(X0,mult(X1,X0)),X2) [superposition 56,41]
486. rd(mult(ld(X1,X0),X2),ld(X1,X0)) = mult(mult(ld(X1,X0),rd(X2,X0)),X1) [superposition 60,1]
574. ld(mult(mult(X2,ld(mult(X0,X2),X1)),rd(X0,X2)),ld(X0,mult(X1,X0))) = X2 [superposition 84,41]
593. mult(ld(mult(X0,mult(mult(X2,ld(mult(X0,X2),X1)),rd(X0,X2))),X1),X0) = X2 [forward demodulation 574,400]
610. mult(ld(mult(X0,rd(ld(X0,mult(X1,X0)),X2)),X1),X0) = X2 [forward demodulation 593,455]
638. ld(X1,mult(X0,X1)) = mult(ld(X1,rd(X0,rd(X2,X1))),X2) [superposition 2,111]
639. rd(mult(X0,X1),mult(ld(X1,rd(X0,rd(X2,X1))),X2)) = X1 [superposition 4,111]
764. ld(mult(X1,rd(ld(ld(X2,X1),X0),X2)),mult(X2,X0)) = X2 [superposition 116,1]
1250. ld(X0,X2) = rd(ld(X0,mult(X1,X0)),mult(ld(X2,X1),X0)) [superposition 4,253]
1471. ld(ld(X1,X0),mult(X2,ld(X1,X0))) = mult(ld(ld(X1,X0),rd(X2,X1)),X0) [superposition 256,1]
1501. ld(X0,rd(X1,X2)) = rd(ld(X0,mult(X1,X0)),mult(X2,X0)) [superposition 4,256]
2002. mult(ld(mult(X1,X2),rd(X0,X1)),X1) = ld(X2,ld(X1,X0)) [superposition 400,3]
2004. ld(X1,X0) = mult(ld(mult(X0,X1),X0),X0) [superposition 400,2]
2218. ld(ld(X1,X0),X1) = mult(ld(X0,X1),X1) [superposition 2004,1]
2240. ld(ld(mult(X1,X0),X1),ld(X0,X1)) = X1 [superposition 2,2004]
2241. ld(mult(X1,X0),X1) = rd(ld(X0,X1),X1) [superposition 4,2004]
2538. ld(X1,X0) = rd(X1,mult(ld(X0,X1),X1)) [superposition 8,2218]
2698. mult(X1,X0) = ld(ld(mult(mult(X1,X0),X1),mult(X1,X0)),X0) [superposition 2240,2]
2710. ld(ld(mult(X1,rd(X1,X0)),X1),X0) = X1 [superposition 2240,7]
3254. rd(X1,mult(X0,X1)) = ld(X1,rd(X1,X0)) [superposition 2538,7]
5483. rd(mult(X1,X2),X1) = mult(X0,rd(ld(ld(X1,X0),X2),X1)) [superposition 443,1]
5505. rd(mult(rd(X0,X1),X2),rd(X0,X1)) = mult(X0,rd(ld(X1,X2),rd(X0,X1))) [superposition 443,3]
8157. rd(X0,X1) = ld(mult(X1,rd(ld(X1,mult(X2,X1)),X0)),X2) [superposition 4,610]
9141. ld(X1,X0) = rd(X0,mult(ld(ld(X1,X0),rd(X1,rd(X2,ld(X1,X0)))),X2)) [superposition 639,1]
9291. ld(X1,X0) = rd(X0,ld(ld(X1,X0),mult(X1,ld(X1,X0)))) [forward demodulation 9141,638]
9327. ld(X1,X0) = rd(X0,mult(ld(ld(X1,X0),rd(X1,X1)),X0)) [forward demodulation 9291,1471]
9348. ld(X1,X0) = ld(X0,rd(X0,ld(ld(X1,X0),rd(X1,X1)))) [forward demodulation 9327,3254]
9944. rd(X0,X2) = ld(mult(X1,rd(ld(ld(rd(X0,X2),X1),X2),rd(X0,X2))),X0) [superposition 764,3]
9950. mult(X0,mult(X0,X1)) = ld(rd(ld(ld(X0,mult(X0,X1)),X1),X0),mult(X0,X1)) [superposition 2004,764]
9954. rd(ld(ld(X0,X1),X2),X0) = rd(ld(X1,mult(mult(X0,X2),X1)),mult(X0,X1)) [superposition 401,764]
9998. rd(ld(ld(X0,X1),X2),X0) = ld(X1,rd(mult(X0,X2),X0)) [forward demodulation 9954,1501]
10001. mult(X0,mult(X0,X1)) = ld(rd(ld(X1,X1),X0),mult(X0,X1)) [forward demodulation 9950,2]
10007. rd(X0,X2) = ld(rd(mult(rd(X0,X2),X2),rd(X0,X2)),X0) [forward demodulation 9944,5483]
10060. rd(X0,X2) = ld(mult(X0,rd(ld(X2,X2),rd(X0,X2))),X0) [forward demodulation 10007,5505]
11025. ld(X1,X2) = rd(ld(X1,X0),mult(ld(X2,rd(X0,X1)),X1)) [superposition 1250,3]
13576. ld(ld(X1,X0),ld(X1,X2)) = mult(ld(X0,rd(X2,X1)),X1) [superposition 2002,1]
20065. mult(X1,ld(X0,X1)) = rd(X1,ld(ld(X0,X1),rd(X0,X0))) [superposition 1,9348]
20496. ld(ld(X1,X0),X2) = mult(ld(X0,rd(mult(X1,X2),X1)),X1) [superposition 3,9998]
21154. mult(X0,X1) = mult(rd(ld(X1,X1),X0),mult(X0,mult(X0,X1))) [superposition 1,10001]
22083. ld(X0,X0) = ld(rd(ld(X0,X0),X0),rd(ld(X0,X0),X0)) [superposition 2710,10060]
22153. ld(X0,X0) = ld(ld(mult(X0,X0),X0),ld(mult(X0,X0),X0)) [forward demodulation 22083,2241]
22187. ld(X0,X0) = mult(ld(X0,rd(X0,mult(X0,X0))),mult(X0,X0)) [forward demodulation 22153,13576]
22208. ld(X0,X0) = mult(ld(X0,ld(X0,rd(X0,X0))),mult(X0,X0)) [forward demodulation 22187,3254]
25346. rd(mult(mult(ld(X1,rd(X2,X0)),X0),X2),mult(ld(X1,rd(X2,X0)),X0)) = mult(mult(mult(ld(X1,rd(X2,X0)),X0),X0),ld(X0,X1)) [superposition 443,11025]
37595. ld(ld(X1,X0),rd(X1,X1)) = ld(mult(X0,ld(X1,X0)),X0) [superposition 7,20065]
58718. mult(X0,ld(X0,X0)) = mult(mult(ld(X0,rd(X0,X0)),X0),X0) [superposition 9,22208]
58729. mult(mult(X0,ld(X0,ld(X0,rd(X0,X0)))),X0) = rd(mult(X0,ld(X0,X0)),X0) [superposition 14,22208]
59057. rd(X0,X0) = mult(mult(X0,ld(X0,ld(X0,rd(X0,X0)))),X0) [forward demodulation 58729,1]
59065. mult(mult(ld(X0,rd(X0,X0)),X0),X0) = X0 [forward demodulation 58718,1]
59135. rd(X0,X0) = mult(ld(X0,rd(X0,X0)),X0) [forward demodulation 59057,1]
60927. mult(ld(X0,rd(X0,X0)),X0) = ld(mult(X1,rd(ld(ld(mult(ld(X0,rd(X0,X0)),X0),X1),X0),mult(ld(X0,rd(X0,X0)),X0))),X0) [superposition 764,59065]
60954. mult(rd(ld(X0,X0),mult(ld(X0,rd(X0,X0)),X0)),mult(mult(ld(X0,rd(X0,X0)),X0),X0)) = X0 [superposition 21154,59065]
61248. mult(rd(ld(X0,X0),mult(ld(X0,rd(X0,X0)),X0)),X0) = X0 [forward demodulation 60954,59065]
61275. mult(ld(X0,rd(X0,X0)),X0) = ld(rd(mult(mult(ld(X0,rd(X0,X0)),X0),X0),mult(ld(X0,rd(X0,X0)),X0)),X0) [forward demodulation 60927,5483]
61500. mult(ld(X0,X0),X0) = X0 [forward demodulation 61248,11025]
61512. mult(ld(X0,rd(X0,X0)),X0) = ld(mult(mult(mult(ld(X0,rd(X0,X0)),X0),X0),ld(X0,X0)),X0) [forward demodulation 61275,25346]
61635. mult(ld(X0,rd(X0,X0)),X0) = ld(mult(X0,ld(X0,X0)),X0) [forward demodulation 61512,59065]
61681. ld(ld(X0,X0),rd(X0,X0)) = mult(ld(X0,rd(X0,X0)),X0) [forward demodulation 61635,37595]
61694. rd(X0,X0) = ld(ld(X0,X0),rd(X0,X0)) [forward demodulation 61681,59135]
63115. ld(X0,X0) = rd(X0,X0) [superposition 4,61500]
63137. ld(ld(X0,X0),mult(X1,ld(X0,X0))) = mult(X0,mult(ld(X0,X1),ld(X0,X0))) [superposition 41,61500]
63492. mult(ld(ld(X0,X0),rd(X1,X0)),X0) = mult(X0,mult(ld(X0,X1),ld(X0,X0))) [forward demodulation 63137,1471]
71606. mult(ld(X0,X0),rd(X0,X0)) = ld(X0,mult(rd(X0,X0),X0)) [superposition 253,59135]
71871. ld(X0,X0) = mult(ld(X0,X0),rd(X0,X0)) [forward demodulation 71606,3]
72089. ld(X0,X0) = mult(ld(X0,X0),ld(X0,X0)) [forward demodulation 71871,63115]
72906. rd(X0,X0) = ld(mult(ld(X0,X0),mult(rd(X0,X0),X1)),mult(rd(X0,X0),mult(rd(X1,ld(X0,X0)),mult(ld(X0,X0),rd(X0,X0))))) [superposition 124,61694]
72975. ld(X0,X0) = ld(mult(ld(X0,X0),mult(ld(X0,X0),X1)),mult(ld(X0,X0),mult(rd(X1,ld(X0,X0)),mult(ld(X0,X0),ld(X0,X0))))) [forward demodulation 72906,63115]
73031. ld(X0,X0) = ld(mult(ld(X0,X0),mult(ld(X0,X0),X1)),mult(ld(X0,X0),mult(rd(X1,ld(X0,X0)),ld(X0,X0)))) [forward demodulation 72975,72089]
73074. ld(X0,X0) = ld(mult(ld(X0,X0),mult(ld(X0,X0),X1)),mult(ld(X0,X0),X1)) [forward demodulation 73031,3]
74028. mult(mult(ld(X0,X0),ld(X0,X0)),ld(ld(X0,X0),X1)) = rd(mult(ld(X0,X0),mult(mult(X1,ld(X0,X0)),ld(X0,X0))),ld(X0,X0)) [superposition 58,72089]
74330. mult(mult(ld(X0,X0),ld(X0,X0)),ld(ld(X0,X0),X1)) = mult(mult(ld(X0,X0),mult(X1,ld(X0,X0))),rd(ld(X0,X0),ld(X0,X0))) [forward demodulation 74028,56]
74424. mult(mult(ld(X0,X0),ld(X0,X0)),ld(ld(X0,X0),X1)) = mult(mult(ld(X0,X0),mult(X1,ld(X0,X0))),ld(ld(X0,X0),ld(X0,X0))) [forward demodulation 74330,63115]
74488. mult(mult(ld(X0,X0),ld(X0,X0)),ld(ld(X0,X0),X1)) = mult(mult(ld(X0,X0),mult(X1,ld(X0,X0))),mult(ld(X0,rd(X0,X0)),X0)) [forward demodulation 74424,13576]
74538. mult(mult(ld(X0,X0),ld(X0,X0)),ld(ld(X0,X0),X1)) = mult(mult(ld(X0,X0),mult(X1,ld(X0,X0))),rd(X0,X0)) [forward demodulation 74488,59135]
74569. mult(mult(ld(X0,X0),ld(X0,X0)),ld(ld(X0,X0),X1)) = mult(mult(ld(X0,X0),mult(X1,ld(X0,X0))),ld(X0,X0)) [forward demodulation 74538,63115]
74584. mult(ld(X0,X0),ld(ld(X0,X0),X1)) = mult(mult(ld(X0,X0),mult(X1,ld(X0,X0))),ld(X0,X0)) [forward demodulation 74569,72089]
74592. mult(mult(ld(X0,X0),mult(X1,ld(X0,X0))),ld(X0,X0)) = X1 [forward demodulation 74584,1]
82474. mult(X1,mult(ld(X0,X0),ld(X0,X0))) = mult(ld(ld(X0,X0),ld(X0,X0)),mult(mult(ld(X0,X0),mult(X1,ld(X0,X0))),ld(X0,X0))) [superposition 275,72089]
82508. mult(X1,mult(ld(X0,X0),ld(X0,X0))) = mult(ld(ld(X0,X0),ld(X0,X0)),X1) [forward demodulation 82474,74592]
82541. mult(mult(ld(X0,rd(X0,X0)),X0),X1) = mult(X1,mult(ld(X0,X0),ld(X0,X0))) [forward demodulation 82508,13576]
82556. mult(X1,ld(X0,X0)) = mult(mult(ld(X0,rd(X0,X0)),X0),X1) [forward demodulation 82541,72089]
82564. mult(X1,ld(X0,X0)) = mult(rd(X0,X0),X1) [forward demodulation 82556,59135]
82567. mult(X1,ld(X0,X0)) = mult(ld(X0,X0),X1) [forward demodulation 82564,63115]
82596. ld(ld(X0,X0),mult(X2,ld(X0,X0))) = mult(X1,mult(ld(X0,X0),ld(mult(ld(X0,X0),X1),X2))) [superposition 41,82567]
82613. mult(ld(X0,X0),X1) = ld(ld(mult(ld(X0,X0),mult(ld(X0,X0),X1)),mult(ld(X0,X0),X1)),X1) [superposition 2698,82567]
82619. ld(X0,X0) = ld(X1,mult(ld(X0,X0),X1)) [superposition 2,82567]
82663. mult(ld(mult(ld(X0,X0),X2),X1),ld(X0,X0)) = ld(X2,ld(ld(X0,X0),mult(ld(X0,X0),X1))) [superposition 400,82567]
82718. mult(ld(X0,X0),rd(X1,ld(X0,X0))) = X1 [superposition 3,82567]
82859. ld(ld(ld(X1,X1),X2),X0) = mult(ld(X2,rd(mult(X0,ld(X1,X1)),ld(X1,X1))),ld(X1,X1)) [superposition 20496,82567]
82877. rd(mult(X0,ld(X1,X1)),ld(X1,X1)) = mult(mult(ld(X1,X1),rd(X0,X1)),X1) [superposition 486,82567]
82941. mult(X1,mult(ld(X1,ld(X1,X1)),X0)) = rd(mult(X0,ld(X1,X1)),ld(X1,X1)) [forward demodulation 82877,24]
82949. ld(ld(ld(X1,X1),X2),X0) = mult(ld(X1,X1),ld(X2,rd(mult(X0,ld(X1,X1)),ld(X1,X1)))) [forward demodulation 82859,82567]
83061. ld(X2,X1) = mult(ld(mult(ld(X0,X0),X2),X1),ld(X0,X0)) [forward demodulation 82663,2]
83081. ld(ld(X0,X0),X1) = mult(ld(X0,X0),X1) [forward demodulation 82613,73074]
83092. mult(X1,mult(ld(X0,X0),ld(mult(ld(X0,X0),X1),X2))) = mult(ld(ld(X0,X0),rd(X2,X0)),X0) [forward demodulation 82596,1471]
83107. mult(X1,mult(ld(X1,ld(X1,X1)),X0)) = X0 [forward demodulation 82941,4]
83110. ld(ld(ld(X1,X1),X2),X0) = mult(ld(X1,X1),ld(X2,X0)) [forward demodulation 82949,4]
83174. ld(X2,X1) = mult(ld(X0,X0),ld(mult(ld(X0,X0),X2),X1)) [forward demodulation 83061,82567]
83190. mult(X0,mult(ld(X0,X2),ld(X0,X0))) = mult(X1,mult(ld(X0,X0),ld(mult(ld(X0,X0),X1),X2))) [forward demodulation 83092,63492]
83199. ld(mult(ld(X1,X1),X2),X0) = mult(ld(X1,X1),ld(X2,X0)) [forward demodulation 83110,83081]
83253. mult(X1,ld(X1,X2)) = mult(X0,mult(ld(X0,X2),ld(X0,X0))) [forward demodulation 83190,83174]
83293. mult(X0,mult(ld(X0,X2),ld(X0,X0))) = X2 [forward demodulation 83253,1]
83436. ld(X1,X1) = ld(ld(ld(X1,X1),X0),X0) [superposition 82619,1]
83581. ld(X1,X1) = ld(mult(ld(X1,X1),X0),X0) [forward demodulation 83436,83081]
83625. ld(X1,X1) = mult(ld(X1,X1),ld(X0,X0)) [forward demodulation 83581,83199]
83782. rd(mult(ld(X1,X1),X0),ld(X1,X1)) = mult(X0,rd(ld(X1,X1),ld(X1,X1))) [superposition 447,82718]
83788. rd(ld(X0,X0),ld(X0,X0)) = ld(ld(ld(X0,X0),mult(X1,ld(X0,X0))),X1) [superposition 8157,82718]
83792. ld(ld(X1,X1),X0) = rd(X0,ld(X1,X1)) [superposition 2,82718]
83904. mult(ld(X1,X1),X0) = rd(X0,ld(X1,X1)) [forward demodulation 83792,83081]
83907. rd(ld(X0,X0),ld(X0,X0)) = ld(mult(ld(ld(X0,X0),rd(X1,X0)),X0),X1) [forward demodulation 83788,1471]
83912. rd(mult(ld(X1,X1),X0),ld(X1,X1)) = mult(X0,ld(ld(X1,X1),ld(X1,X1))) [forward demodulation 83782,63115]
83952. rd(ld(X0,X0),ld(X0,X0)) = ld(mult(X0,mult(ld(X0,X1),ld(X0,X0))),X1) [forward demodulation 83907,63492]
83956. mult(X0,mult(ld(X1,rd(X1,X1)),X1)) = rd(mult(ld(X1,X1),X0),ld(X1,X1)) [forward demodulation 83912,13576]
83981. ld(X1,X1) = rd(ld(X0,X0),ld(X0,X0)) [forward demodulation 83952,83293]
83985. mult(X0,mult(ld(X1,rd(X1,X1)),X1)) = mult(mult(ld(X1,X1),rd(X0,X1)),X1) [forward demodulation 83956,486]
84009. ld(X1,X1) = mult(ld(X0,X0),ld(X0,X0)) [forward demodulation 83981,83904]
84012. mult(X0,mult(ld(X1,rd(X1,X1)),X1)) = mult(X1,mult(ld(X1,ld(X1,X1)),X0)) [forward demodulation 83985,24]
84026. ld(X1,X1) = ld(X0,X0) [forward demodulation 84009,83625]
84028. mult(X0,mult(ld(X1,rd(X1,X1)),X1)) = X0 [forward demodulation 84012,83107]
84037. mult(X0,rd(X1,X1)) = X0 [forward demodulation 84028,59135]
84043. mult(X0,ld(X1,X1)) = X0 [forward demodulation 84037,63115]
84391. x0 != mult(x0,ld(X0,X0)) [superposition 6,84026]
84392. $false [forward subsumption resolution 84391,84043]
% SZS output end Proof for GRP660-13_clausified
% ------------------------------
% Version: Vampire 5.0.0 (Release build, commit 2e2c9b7b8 on 2026-01-17 12:24:14 +0100)
% Linked with Z3 4.14.0.0 3c47fd96cf5645d0c42b2c819d9e9a84380aa721 z3-4.8.4-9178-g3c47fd96c
% CaDiCaL version: 2.1.3
% Termination reason: Refutation
% Time elapsed: 3.263 s
% Peak memory usage: 110 MB
% Instructions burned: 10342 (million)
% ------------------------------
% ------------------------------
