% Running in auto input_syntax mode. Trying TPTP
% Refutation found. Thanks to Tanya!
% SZS status Unsatisfiable for GRP546-1
% SZS output start Proof for GRP546-1
1. divide(divide(identity,divide(X0,X1)),divide(divide(X1,X2),X0)) = X2 [input(axiom)]
2. multiply(X0,X1) = divide(X0,divide(identity,X1)) [input(axiom)]
3. inverse(X0) = divide(identity,X0) [input(axiom)]
4. identity = divide(X0,X0) [input(axiom)]
5. multiply(multiply(inverse(b2),b2),a2) != a2 [input(negated conjecture)]
6. a2 != multiply(multiply(inverse(b2),b2),a2) [reorient equations 5]
7. a2 != divide(divide(divide(identity,b2),divide(identity,b2)),divide(identity,a2)) [definition unfolding 6,2,2,3]
8. a2 != divide(identity,divide(identity,a2)) [superposition 7,4]
9. divide(divide(identity,identity),divide(divide(X0,X1),X0)) = X1 [superposition 1,4]
15. divide(identity,divide(divide(X0,X1),X0)) = X1 [forward demodulation 9,4]
16. divide(identity,divide(identity,X0)) = X0 [superposition 15,4]
44. a2 != a2 [superposition 8,16]
52. $false [trivial inequality removal 44]
% SZS output end Proof for GRP546-1
% ------------------------------
% Version: Vampire 5.0.0 (Release build, commit 2e2c9b7b8 on 2026-01-17 12:24:14 +0100)
% Linked with Z3 4.14.0.0 3c47fd96cf5645d0c42b2c819d9e9a84380aa721 z3-4.8.4-9178-g3c47fd96c
% CaDiCaL version: 2.1.3
% Termination reason: Refutation
% Time elapsed: 0.002 s
% Peak memory usage: 53 MB
% Instructions burned: 3 (million)
% ------------------------------
% ------------------------------
