% Running in auto input_syntax mode. Trying TPTP
% Refutation found. Thanks to Tanya!
% SZS status Unsatisfiable for GRP596-1_clausified
% SZS output start Proof for GRP596-1_clausified
1. inverse(double_divide(double_divide(X0,X1),inverse(double_divide(X0,inverse(double_divide(X2,X1)))))) = X2 [input(axiom)]
2. inverse(double_divide(b,a)) != inverse(double_divide(a,b)) [input(negated conjecture)]
3. double_divide(X2,X3) = inverse(double_divide(double_divide(X1,inverse(double_divide(X2,inverse(double_divide(X0,X3))))),inverse(double_divide(X1,X0)))) [superposition 1,1]
4. inverse(double_divide(double_divide(double_divide(X1,X2),inverse(double_divide(X0,X2))),X0)) = X1 [superposition 1,1]
5. inverse(double_divide(double_divide(double_divide(X1,inverse(double_divide(X2,inverse(double_divide(X0,X3))))),X0),double_divide(X2,X3))) = X1 [superposition 4,1]
6. inverse(double_divide(double_divide(double_divide(X1,X2),X0),double_divide(double_divide(X0,X3),inverse(double_divide(X2,X3))))) = X1 [superposition 4,4]
7. double_divide(double_divide(X0,X3),inverse(double_divide(X2,X3))) = inverse(double_divide(double_divide(X1,X2),inverse(double_divide(X1,X0)))) [superposition 1,4]
13. double_divide(double_divide(X2,inverse(double_divide(X0,inverse(double_divide(X3,X1))))),X3) = inverse(double_divide(double_divide(X4,double_divide(X0,X1)),inverse(double_divide(X4,X2)))) [superposition 3,3]
14. double_divide(double_divide(double_divide(X0,X1),inverse(double_divide(inverse(double_divide(X2,X3)),X1))),X3) = inverse(double_divide(double_divide(X4,X0),inverse(double_divide(X4,X2)))) [superposition 3,4]
17. double_divide(X1,X2) = inverse(double_divide(double_divide(double_divide(double_divide(X0,X3),inverse(double_divide(X4,X3))),inverse(double_divide(X1,inverse(double_divide(X4,X2))))),X0)) [superposition 3,4]
19. double_divide(inverse(double_divide(double_divide(X0,inverse(double_divide(X1,X2))),X1)),X2) = X0 [superposition 4,3]
30. double_divide(double_divide(inverse(double_divide(X0,X1)),X2),inverse(double_divide(X1,X2))) = X0 [superposition 19,3]
58. double_divide(double_divide(X0,X1),X2) = double_divide(double_divide(X0,X4),inverse(double_divide(double_divide(double_divide(X2,X3),inverse(double_divide(X1,X3))),X4))) [superposition 30,6]
68. inverse(double_divide(double_divide(double_divide(inverse(double_divide(X0,X1)),X2),X2),inverse(X0))) = X1 [superposition 1,30]
94. double_divide(inverse(double_divide(X0,X1)),inverse(double_divide(X2,X3))) = inverse(double_divide(double_divide(X0,X2),double_divide(X1,X3))) [superposition 5,30]
124. double_divide(X0,X2) = double_divide(inverse(double_divide(X1,X0)),inverse(double_divide(inverse(X1),X2))) [superposition 19,68]
138. double_divide(X0,X2) = inverse(double_divide(double_divide(X1,inverse(X1)),double_divide(X0,X2))) [forward demodulation 124,94]
141. double_divide(X0,inverse(double_divide(X3,X2))) = inverse(double_divide(double_divide(X4,X3),inverse(double_divide(X4,inverse(double_divide(double_divide(X0,inverse(double_divide(X1,X2))),X1)))))) [superposition 7,19]
251. inverse(double_divide(double_divide(X3,inverse(X3)),X0)) = X0 [superposition 138,30]
344. inverse(double_divide(X1,inverse(X2))) = inverse(inverse(double_divide(double_divide(X0,X1),inverse(double_divide(X0,X2))))) [superposition 251,7]
350. double_divide(X0,X2) = inverse(double_divide(double_divide(X0,inverse(double_divide(X1,X2))),X1)) [superposition 3,251]
351. inverse(double_divide(X0,inverse(double_divide(X1,inverse(X0))))) = X1 [superposition 1,251]
352. inverse(double_divide(X0,X1)) = double_divide(double_divide(X1,X2),inverse(double_divide(inverse(X0),X2))) [superposition 7,251]
582. inverse(double_divide(X1,inverse(X0))) = inverse(double_divide(double_divide(X0,inverse(double_divide(X2,inverse(X1)))),X2)) [superposition 351,19]
583. double_divide(inverse(double_divide(X0,X1)),X2) = inverse(double_divide(double_divide(X1,X2),inverse(X0))) [superposition 351,30]
585. inverse(double_divide(X4,inverse(inverse(double_divide(double_divide(X0,double_divide(X1,X2)),inverse(double_divide(X0,X3))))))) = double_divide(X3,inverse(double_divide(X1,inverse(double_divide(inverse(X4),X2))))) [superposition 351,13]
588. double_divide(X2,inverse(double_divide(X0,inverse(double_divide(X3,X1))))) = inverse(double_divide(double_divide(X2,X3),double_divide(X0,X1))) [superposition 351,3]
592. inverse(double_divide(X1,X0)) = double_divide(double_divide(inverse(double_divide(X1,X0)),X2),X2) [superposition 351,68]
594. inverse(double_divide(double_divide(X0,inverse(X1)),X0)) = X1 [superposition 351,351]
631. inverse(double_divide(X4,inverse(inverse(double_divide(double_divide(X0,double_divide(X1,X2)),inverse(double_divide(X0,X3))))))) = inverse(double_divide(double_divide(X3,inverse(X4)),double_divide(X1,X2))) [forward demodulation 585,588]
633. inverse(double_divide(X1,inverse(X0))) = double_divide(X0,inverse(X1)) [forward demodulation 582,350]
645. inverse(double_divide(X4,inverse(double_divide(double_divide(X1,X2),inverse(X3))))) = inverse(double_divide(double_divide(X3,inverse(X4)),double_divide(X1,X2))) [forward demodulation 631,344]
650. inverse(double_divide(double_divide(X3,inverse(X4)),double_divide(X1,X2))) = double_divide(double_divide(double_divide(X1,X2),inverse(X3)),inverse(X4)) [forward demodulation 645,633]
656. double_divide(double_divide(double_divide(X1,X2),inverse(double_divide(inverse(X0),X2))),X4) = inverse(double_divide(double_divide(X5,X1),inverse(double_divide(X5,inverse(double_divide(double_divide(X0,inverse(double_divide(X3,X4))),X3)))))) [superposition 14,19]
660. inverse(double_divide(double_divide(X7,X3),inverse(double_divide(X7,double_divide(double_divide(X1,X5),inverse(double_divide(inverse(double_divide(X2,X6)),X5))))))) = double_divide(double_divide(double_divide(X3,X4),inverse(double_divide(inverse(inverse(double_divide(double_divide(X0,X1),inverse(double_divide(X0,X2))))),X4))),X6) [superposition 14,14]
671. double_divide(double_divide(double_divide(X1,X2),inverse(double_divide(X0,X2))),inverse(X3)) = inverse(double_divide(double_divide(X5,X1),inverse(double_divide(X5,double_divide(double_divide(inverse(double_divide(X3,X0)),X4),X4))))) [superposition 14,68]
674. double_divide(double_divide(double_divide(X1,X2),inverse(X0)),X3) = inverse(double_divide(double_divide(X4,X1),inverse(double_divide(X4,double_divide(X0,inverse(double_divide(X3,X2))))))) [superposition 14,19]
723. double_divide(double_divide(X1,X5),inverse(double_divide(inverse(double_divide(X2,X4)),X5))) = inverse(double_divide(double_divide(X3,X4),inverse(double_divide(X3,inverse(inverse(double_divide(double_divide(X0,X1),inverse(double_divide(X0,X2))))))))) [superposition 1,14]
744. double_divide(double_divide(inverse(double_divide(X3,double_divide(double_divide(X1,X4),inverse(double_divide(inverse(double_divide(X2,X5)),X4))))),X5),inverse(inverse(double_divide(double_divide(X0,X1),inverse(double_divide(X0,X2)))))) = X3 [superposition 30,14]
749. double_divide(double_divide(X1,X3),inverse(double_divide(inverse(double_divide(X2,inverse(double_divide(X4,X5)))),X3))) = double_divide(inverse(double_divide(inverse(double_divide(double_divide(X0,X1),inverse(double_divide(X0,X2)))),X4)),X5) [superposition 19,14]
821. double_divide(double_divide(X1,X3),inverse(double_divide(inverse(double_divide(X2,inverse(double_divide(X4,X5)))),X3))) = double_divide(inverse(double_divide(double_divide(inverse(double_divide(double_divide(X0,X2),X0)),X1),X4)),X5) [forward demodulation 749,583]
825. double_divide(double_divide(inverse(double_divide(X3,double_divide(double_divide(X1,X4),inverse(double_divide(inverse(double_divide(X2,X5)),X4))))),X5),inverse(double_divide(X1,inverse(X2)))) = X3 [forward demodulation 744,344]
846. double_divide(double_divide(X1,X5),inverse(double_divide(inverse(double_divide(X2,X4)),X5))) = double_divide(inverse(double_divide(double_divide(X3,inverse(inverse(double_divide(double_divide(X0,X1),inverse(double_divide(X0,X2)))))),X3)),X4) [forward demodulation 723,583]
889. double_divide(double_divide(double_divide(X1,X2),inverse(X0)),X3) = double_divide(inverse(double_divide(double_divide(X4,double_divide(X0,inverse(double_divide(X3,X2)))),X4)),X1) [forward demodulation 674,583]
892. double_divide(double_divide(double_divide(X1,X2),inverse(double_divide(X0,X2))),inverse(X3)) = double_divide(inverse(double_divide(double_divide(X5,double_divide(double_divide(inverse(double_divide(X3,X0)),X4),X4)),X5)),X1) [forward demodulation 671,583]
903. inverse(double_divide(double_divide(X7,X3),inverse(double_divide(X7,double_divide(double_divide(X1,X5),inverse(double_divide(inverse(double_divide(X2,X6)),X5))))))) = double_divide(inverse(double_divide(inverse(double_divide(double_divide(X0,X1),inverse(double_divide(X0,X2)))),X3)),X6) [forward demodulation 660,352]
907. double_divide(double_divide(double_divide(X1,X2),inverse(double_divide(inverse(X0),X2))),X4) = double_divide(X0,inverse(double_divide(X1,X4))) [forward demodulation 656,141]
936. double_divide(inverse(double_divide(double_divide(inverse(double_divide(double_divide(X0,X2),X0)),X1),X4)),X5) = inverse(double_divide(double_divide(X2,inverse(double_divide(X4,X5))),X1)) [forward demodulation 821,352]
940. double_divide(double_divide(inverse(double_divide(X3,double_divide(double_divide(X1,X4),inverse(double_divide(inverse(double_divide(X2,X5)),X4))))),X5),double_divide(X2,inverse(X1))) = X3 [forward demodulation 825,633]
961. double_divide(inverse(double_divide(double_divide(X0,X1),inverse(double_divide(X0,X2)))),X4) = double_divide(double_divide(X1,X5),inverse(double_divide(inverse(double_divide(X2,X4)),X5))) [forward demodulation 846,594]
998. double_divide(double_divide(double_divide(X1,X2),inverse(double_divide(X0,X2))),inverse(X3)) = double_divide(inverse(double_divide(double_divide(X5,inverse(double_divide(X3,X0))),X5)),X1) [forward demodulation 892,592]
1006. inverse(double_divide(double_divide(X7,X3),inverse(double_divide(X7,double_divide(double_divide(X1,X5),inverse(double_divide(inverse(double_divide(X2,X6)),X5))))))) = double_divide(inverse(double_divide(double_divide(inverse(double_divide(double_divide(X0,X2),X0)),X1),X3)),X6) [forward demodulation 903,583]
1010. double_divide(X0,inverse(double_divide(X1,X4))) = double_divide(inverse(double_divide(X0,X1)),X4) [forward demodulation 907,352]
1030. double_divide(double_divide(inverse(double_divide(X3,inverse(double_divide(double_divide(X2,X5),X1)))),X5),double_divide(X2,inverse(X1))) = X3 [forward demodulation 940,352]
1050. double_divide(inverse(double_divide(double_divide(X0,X1),inverse(double_divide(X0,X2)))),X4) = inverse(double_divide(double_divide(X2,X4),X1)) [forward demodulation 961,352]
1071. double_divide(double_divide(double_divide(X1,X2),inverse(double_divide(X0,X2))),inverse(X3)) = double_divide(double_divide(X3,X0),X1) [forward demodulation 998,594]
1073. inverse(double_divide(double_divide(X7,X3),inverse(double_divide(X7,double_divide(double_divide(X1,X5),inverse(double_divide(inverse(double_divide(X2,X6)),X5))))))) = inverse(double_divide(double_divide(X2,inverse(double_divide(X3,X6))),X1)) [forward demodulation 1006,936]
1095. double_divide(double_divide(X3,inverse(double_divide(inverse(double_divide(double_divide(X2,X5),X1)),X5))),double_divide(X2,inverse(X1))) = X3 [forward demodulation 1030,1010]
1113. inverse(double_divide(double_divide(X2,X4),X1)) = double_divide(double_divide(X0,X1),inverse(double_divide(inverse(double_divide(X0,X2)),X4))) [forward demodulation 1050,1010]
1133. inverse(double_divide(double_divide(X2,inverse(double_divide(X3,X6))),X1)) = double_divide(inverse(double_divide(double_divide(X7,double_divide(double_divide(X1,X5),inverse(double_divide(inverse(double_divide(X2,X6)),X5)))),X7)),X3) [forward demodulation 1073,583]
1150. double_divide(double_divide(X3,inverse(double_divide(double_divide(X2,X5),inverse(double_divide(X1,X5))))),double_divide(X2,inverse(X1))) = X3 [forward demodulation 1095,1010]
1166. inverse(double_divide(double_divide(X2,X4),X1)) = double_divide(double_divide(X0,X1),inverse(double_divide(X0,inverse(double_divide(X2,X4))))) [forward demodulation 1113,1010]
1181. inverse(double_divide(double_divide(X2,inverse(double_divide(X3,X6))),X1)) = double_divide(double_divide(double_divide(X3,X5),inverse(double_divide(X1,X5))),inverse(double_divide(X2,X6))) [forward demodulation 1133,889]
1196. double_divide(inverse(double_divide(double_divide(X3,X1),double_divide(double_divide(X2,X5),X5))),double_divide(X2,inverse(X1))) = X3 [forward demodulation 1150,588]
1206. inverse(double_divide(double_divide(X2,X4),X1)) = inverse(double_divide(double_divide(double_divide(X0,X1),X2),double_divide(X0,X4))) [forward demodulation 1166,588]
1217. inverse(double_divide(double_divide(X2,inverse(double_divide(X3,X6))),X1)) = double_divide(double_divide(double_divide(X2,X6),X1),X3) [forward demodulation 1181,1071]
1230. double_divide(double_divide(X3,X1),inverse(double_divide(double_divide(double_divide(X2,X5),X5),double_divide(X2,inverse(X1))))) = X3 [forward demodulation 1196,1010]
1254. double_divide(double_divide(X3,X1),inverse(double_divide(double_divide(X5,inverse(X1)),X5))) = X3 [forward demodulation 1230,1206]
1268. double_divide(double_divide(X3,X1),X1) = X3 [forward demodulation 1254,594]
1298. inverse(double_divide(double_divide(double_divide(X1,X2),inverse(X0)),double_divide(X0,X2))) = X1 [superposition 4,1268]
1353. double_divide(double_divide(double_divide(X0,X2),inverse(double_divide(X1,X2))),inverse(X0)) = X1 [forward demodulation 1298,650]
1385. double_divide(double_divide(X0,X1),X0) = X1 [forward demodulation 1353,1071]
1460. double_divide(X1,X2) = inverse(double_divide(double_divide(double_divide(double_divide(X3,X4),inverse(double_divide(double_divide(double_divide(X0,X5),inverse(double_divide(X2,X5))),X4))),inverse(double_divide(X1,X0))),X3)) [superposition 17,4]
1582. double_divide(X1,X2) = double_divide(double_divide(double_divide(double_divide(double_divide(X3,X4),inverse(double_divide(double_divide(double_divide(X0,X5),inverse(double_divide(X2,X5))),X4))),X0),X3),X1) [forward demodulation 1460,1217]
1668. double_divide(X1,X2) = double_divide(double_divide(double_divide(double_divide(double_divide(X3,X2),X0),X0),X3),X1) [forward demodulation 1582,58]
1743. double_divide(X1,X2) = double_divide(double_divide(double_divide(X3,X2),X3),X1) [forward demodulation 1668,1268]
1809. double_divide(X2,X1) = double_divide(X1,X2) [forward demodulation 1743,1385]
2133. inverse(double_divide(b,a)) != inverse(double_divide(b,a)) [superposition 2,1809]
2134. $false [trivial inequality removal 2133]
% SZS output end Proof for GRP596-1_clausified
% ------------------------------
% Version: Vampire 5.0.0 (Release build, commit 2e2c9b7b8 on 2026-01-17 12:24:14 +0100)
% Linked with Z3 4.14.0.0 3c47fd96cf5645d0c42b2c819d9e9a84380aa721 z3-4.8.4-9178-g3c47fd96c
% CaDiCaL version: 2.1.3
% Termination reason: Refutation
% Time elapsed: 0.048 s
% Peak memory usage: 59 MB
% Instructions burned: 117 (million)
% ------------------------------
% ------------------------------
