% Running in auto input_syntax mode. Trying TPTP
% Refutation found. Thanks to Tanya!
% SZS status Unsatisfiable for GRP466-1
% SZS output start Proof for GRP466-1
1. divide(divide(X0,X0),divide(X1,divide(divide(X2,divide(X3,X1)),inverse(X3)))) = X2 [input(axiom)]
2. multiply(X0,X1) = divide(X0,inverse(X1)) [input(axiom)]
3. multiply(inverse(a1),a1) != multiply(inverse(b1),b1) [input(negated conjecture)]
4. divide(inverse(a1),inverse(a1)) != divide(inverse(b1),inverse(b1)) [definition unfolding 3,2,2]
6. divide(X4,X4) = divide(divide(X1,X1),divide(divide(divide(X0,divide(X2,X3)),inverse(X2)),divide(X0,inverse(X3)))) [superposition 1,1]
16. divide(X0,X0) = divide(X1,X1) [superposition 6,6]
61. divide(X0,X0) != divide(inverse(a1),inverse(a1)) [superposition 4,16]
76. $false [forward subsumption resolution 61,16]
% SZS output end Proof for GRP466-1
% ------------------------------
% Version: Vampire 5.0.0 (Release build, commit 2e2c9b7b8 on 2026-01-17 12:24:14 +0100)
% Linked with Z3 4.14.0.0 3c47fd96cf5645d0c42b2c819d9e9a84380aa721 z3-4.8.4-9178-g3c47fd96c
% CaDiCaL version: 2.1.3
% Termination reason: Refutation
% Time elapsed: 0.003 s
% Peak memory usage: 62 MB
% Instructions burned: 7 (million)
% ------------------------------
% ------------------------------
