% Running in auto input_syntax mode. Trying TPTP
% Refutation found. Thanks to Tanya!
% SZS status Unsatisfiable for GRP656-10_clausified
% SZS output start Proof for GRP656-10_clausified
1. mult(X0,ld(X0,X1)) = X1 [input(axiom)]
2. ld(X0,mult(X0,X1)) = X1 [input(axiom)]
3. mult(rd(X0,X1),X1) = X0 [input(axiom)]
4. rd(mult(X0,X1),X1) = X0 [input(axiom)]
5. mult(mult(X0,X1),mult(X2,X0)) = mult(mult(X0,mult(X1,X2)),X0) [input(axiom)]
6. tuple(mult(X0,x1(X0)),mult(x1_2(X0),X0)) != tuple(x1(X0),x1_2(X0)) [input(negated conjecture)]
9. mult(mult(X1,X2),mult(ld(X2,X0),X1)) = mult(mult(X1,X0),X1) [superposition 5,1]
10. mult(mult(X1,X0),X1) = mult(mult(X1,rd(X0,X2)),mult(X2,X1)) [superposition 5,3]
14. mult(X0,mult(X1,X2)) = rd(mult(mult(X0,X1),mult(X2,X0)),X0) [superposition 4,5]
15. ld(mult(X0,mult(X1,X2)),mult(mult(X0,X1),mult(X2,X0))) = X0 [superposition 2,5]
31. mult(ld(X2,X1),X0) = ld(mult(X0,X2),mult(mult(X0,X1),X0)) [superposition 2,9]
90. ld(mult(X0,mult(rd(X1,X2),X2)),mult(mult(X0,X1),X0)) = X0 [superposition 15,10]
95. mult(ld(mult(rd(X1,X2),X2),X1),X0) = X0 [forward demodulation 90,31]
105. mult(ld(X1,X1),X0) = X0 [forward demodulation 95,3]
111. mult(mult(ld(X1,X1),X2),ld(X1,X1)) = mult(X0,mult(ld(X0,X2),ld(X1,X1))) [superposition 9,105]
114. rd(mult(mult(X0,X1),X0),X0) = mult(X0,mult(X1,ld(X2,X2))) [superposition 14,105]
122. tuple(x1(ld(X0,X0)),x1_2(ld(X0,X0))) != tuple(x1(ld(X0,X0)),mult(x1_2(ld(X0,X0)),ld(X0,X0))) [superposition 6,105]
128. mult(X0,X1) = mult(X0,mult(X1,ld(X2,X2))) [forward demodulation 114,4]
130. mult(X0,mult(ld(X0,X2),ld(X1,X1))) = mult(X2,ld(X1,X1)) [forward demodulation 111,105]
132. mult(X2,ld(X1,X1)) = mult(X0,ld(X0,X2)) [forward demodulation 130,128]
134. mult(X2,ld(X1,X1)) = X2 [forward demodulation 132,1]
518. tuple(x1(ld(X0,X0)),x1_2(ld(X0,X0))) != tuple(x1(ld(X0,X0)),x1_2(ld(X0,X0))) [superposition 122,134]
520. $false [trivial inequality removal 518]
% SZS output end Proof for GRP656-10_clausified
% ------------------------------
% Version: Vampire 5.0.0 (Release build, commit 2e2c9b7b8 on 2026-01-17 12:24:14 +0100)
% Linked with Z3 4.14.0.0 3c47fd96cf5645d0c42b2c819d9e9a84380aa721 z3-4.8.4-9178-g3c47fd96c
% CaDiCaL version: 2.1.3
% Termination reason: Refutation
% Time elapsed: 0.011 s
% Peak memory usage: 58 MB
% Instructions burned: 35 (million)
% ------------------------------
% ------------------------------
