% Running in auto input_syntax mode. Trying TPTP
% Refutation found. Thanks to Tanya!
% SZS status Unsatisfiable for GRP657-10_clausified
% SZS output start Proof for GRP657-10_clausified
1. mult(X0,ld(X0,X1)) = X1 [input(axiom)]
2. ld(X0,mult(X0,X1)) = X1 [input(axiom)]
3. mult(rd(X0,X1),X1) = X0 [input(axiom)]
4. rd(mult(X0,X1),X1) = X0 [input(axiom)]
5. mult(mult(X0,X1),mult(X2,X0)) = mult(X0,mult(mult(X1,X2),X0)) [input(axiom)]
6. tuple(mult(X0,x1(X0)),mult(x1_2(X0),X0)) != tuple(x1(X0),x1_2(X0)) [input(negated conjecture)]
9. mult(X1,mult(mult(ld(X1,X0),X2),X1)) = mult(X0,mult(X2,X1)) [superposition 5,1]
15. mult(X0,X1) = rd(mult(X0,mult(mult(X1,X2),X0)),mult(X2,X0)) [superposition 4,5]
23. mult(X2,mult(ld(ld(X1,X2),X0),X1)) = mult(X1,mult(X0,X1)) [superposition 9,1]
27. rd(mult(X0,mult(X1,X2)),mult(mult(ld(X2,X0),X1),X2)) = X2 [superposition 4,9]
45. mult(X1,rd(X0,X2)) = rd(mult(X1,mult(X0,X1)),mult(X2,X1)) [superposition 15,3]
175. rd(mult(X0,mult(X1,X0)),mult(mult(ld(X0,X2),ld(ld(X0,X2),X1)),X0)) = X0 [superposition 27,23]
197. mult(X0,rd(X1,mult(ld(X0,X2),ld(ld(X0,X2),X1)))) = X0 [forward demodulation 175,45]
199. mult(X0,rd(X1,X1)) = X0 [forward demodulation 197,1]
244. ld(X0,X0) = rd(X1,X1) [superposition 2,199]
265. tuple(x1(rd(X0,X0)),x1_2(rd(X0,X0))) != tuple(mult(rd(X0,X0),x1(rd(X0,X0))),x1_2(rd(X0,X0))) [superposition 6,199]
560. tuple(x1(ld(X0,X0)),x1_2(ld(X0,X0))) != tuple(mult(ld(X0,X0),x1(ld(X0,X0))),x1_2(ld(X0,X0))) [superposition 265,244]
565. mult(ld(X0,X0),X1) = X1 [superposition 3,244]
568. tuple(x1(ld(X0,X0)),x1_2(ld(X0,X0))) != tuple(x1(ld(X0,X0)),x1_2(ld(X0,X0))) [forward demodulation 560,565]
569. $false [trivial inequality removal 568]
% SZS output end Proof for GRP657-10_clausified
% ------------------------------
% Version: Vampire 5.0.0 (Release build, commit 2e2c9b7b8 on 2026-01-17 12:24:14 +0100)
% Linked with Z3 4.14.0.0 3c47fd96cf5645d0c42b2c819d9e9a84380aa721 z3-4.8.4-9178-g3c47fd96c
% CaDiCaL version: 2.1.3
% Termination reason: Refutation
% Time elapsed: 0.010 s
% Peak memory usage: 45 MB
% Instructions burned: 38 (million)
% ------------------------------
% ------------------------------
