% Running in auto input_syntax mode. Trying TPTP
% Refutation found. Thanks to Tanya!
% SZS status Unsatisfiable for GRP058-1
% SZS output start Proof for GRP058-1
1. multiply(X0,inverse(multiply(X1,multiply(multiply(multiply(X2,inverse(X2)),inverse(multiply(X3,X1))),X0)))) = X3 [input(axiom)]
2. multiply(inverse(a1),a1) != multiply(inverse(b1),b1) | multiply(multiply(inverse(b2),b2),a2) != a2 | multiply(multiply(a3,b3),c3) != multiply(a3,multiply(b3,c3)) [input(negated conjecture)]
3. multiply(inverse(a1),a1) != multiply(inverse(b1),b1) | a2 != multiply(multiply(inverse(b2),b2),a2) | multiply(multiply(a3,b3),c3) != multiply(a3,multiply(b3,c3)) [reorient equations 2]
5. 1 <=> multiply(multiply(a3,b3),c3) = multiply(a3,multiply(b3,c3)) [avatar definition]
7. multiply(multiply(a3,b3),c3) != multiply(a3,multiply(b3,c3)) <- (~1) [avatar component clause 5]
9. 2 <=> a2 = multiply(multiply(inverse(b2),b2),a2) [avatar definition]
11. a2 != multiply(multiply(inverse(b2),b2),a2) <- (~2) [avatar component clause 9]
13. 3 <=> multiply(inverse(a1),a1) = multiply(inverse(b1),b1) [avatar definition]
15. multiply(inverse(a1),a1) != multiply(inverse(b1),b1) <- (~3) [avatar component clause 13]
16. ~1 | ~2 | ~3 [avatar split clause 3,13,9,5]
17. multiply(X1,inverse(multiply(inverse(multiply(X2,multiply(multiply(multiply(X3,inverse(X3)),inverse(multiply(X0,X2))),X4))),multiply(multiply(multiply(X5,inverse(X5)),inverse(X0)),X1)))) = X4 [superposition 1,1]
18. multiply(X1,inverse(multiply(multiply(multiply(multiply(X2,inverse(X2)),inverse(multiply(X0,X3))),multiply(X4,inverse(X4))),multiply(X0,X1)))) = X3 [superposition 1,1]
19. multiply(inverse(multiply(X1,multiply(multiply(multiply(X2,inverse(X2)),inverse(multiply(X0,X1))),multiply(multiply(X3,inverse(X3)),inverse(multiply(X4,X5)))))),inverse(multiply(X5,X0))) = X4 [superposition 1,1]
20. inverse(multiply(X4,multiply(multiply(multiply(X5,inverse(X5)),inverse(multiply(X0,X4))),X3))) = multiply(X1,inverse(multiply(multiply(multiply(multiply(X2,inverse(X2)),inverse(X0)),multiply(X6,inverse(X6))),multiply(X3,X1)))) [superposition 18,1]
21. inverse(multiply(multiply(multiply(multiply(X4,inverse(X4)),inverse(multiply(X5,X0))),multiply(X6,inverse(X6))),multiply(X5,X3))) = multiply(X1,inverse(multiply(multiply(multiply(multiply(X2,inverse(X2)),inverse(X0)),multiply(X7,inverse(X7))),multiply(X3,X1)))) [superposition 18,18]
23. multiply(X4,multiply(X2,inverse(X2))) = multiply(X1,inverse(multiply(multiply(X0,multiply(X6,inverse(X6))),multiply(multiply(multiply(multiply(X3,inverse(X3)),inverse(multiply(X4,X0))),multiply(X5,inverse(X5))),X1)))) [superposition 18,18]
26. multiply(multiply(multiply(X4,inverse(X4)),inverse(multiply(X2,X0))),multiply(X5,inverse(X5))) = multiply(X1,inverse(multiply(multiply(X2,multiply(X3,inverse(X3))),multiply(X0,X1)))) [superposition 1,18]
27. multiply(inverse(multiply(multiply(multiply(multiply(X1,inverse(X1)),inverse(multiply(X2,X0))),multiply(X3,inverse(X3))),multiply(X2,multiply(multiply(X4,inverse(X4)),inverse(multiply(X5,X6)))))),inverse(multiply(X6,X0))) = X5 [superposition 1,18]
35. inverse(multiply(X5,multiply(multiply(multiply(X6,inverse(X6)),inverse(multiply(X0,X5))),multiply(multiply(X3,inverse(X3)),inverse(multiply(X4,X2)))))) = multiply(X1,inverse(multiply(inverse(multiply(X2,X0)),multiply(multiply(multiply(X7,inverse(X7)),inverse(X4)),X1)))) [superposition 17,1]
36. inverse(multiply(multiply(multiply(multiply(X5,inverse(X5)),inverse(multiply(X6,X0))),multiply(X7,inverse(X7))),multiply(X6,multiply(multiply(X3,inverse(X3)),inverse(multiply(X4,X2)))))) = multiply(X1,inverse(multiply(inverse(multiply(X2,X0)),multiply(multiply(multiply(X8,inverse(X8)),inverse(X4)),X1)))) [superposition 17,18]
38. multiply(X1,inverse(multiply(inverse(multiply(X2,multiply(multiply(multiply(X3,inverse(X3)),inverse(multiply(multiply(X4,multiply(multiply(multiply(X5,inverse(X5)),inverse(multiply(X0,X4))),multiply(X6,inverse(X6)))),X2))),X7))),multiply(X0,X1)))) = X7 [superposition 17,1]
45. inverse(multiply(inverse(multiply(X4,multiply(multiply(multiply(X5,inverse(X5)),inverse(multiply(X6,X4))),X0))),multiply(multiply(multiply(X7,inverse(X7)),inverse(X6)),X3))) = multiply(X1,inverse(multiply(multiply(multiply(multiply(X2,inverse(X2)),inverse(X0)),multiply(X8,inverse(X8))),multiply(X3,X1)))) [superposition 18,17]
47. multiply(multiply(multiply(X6,inverse(X6)),inverse(X5)),multiply(X2,inverse(X2))) = multiply(X1,inverse(multiply(multiply(X0,multiply(X7,inverse(X7))),multiply(inverse(multiply(X3,multiply(multiply(multiply(X4,inverse(X4)),inverse(multiply(X5,X3))),X0))),X1)))) [superposition 18,17]
101. multiply(inverse(multiply(multiply(multiply(multiply(X1,inverse(X1)),inverse(X2)),multiply(X3,inverse(X3))),multiply(X0,multiply(multiply(X6,inverse(X6)),inverse(multiply(X7,X8)))))),inverse(multiply(X8,inverse(multiply(X4,multiply(multiply(multiply(X5,inverse(X5)),inverse(multiply(X2,X4))),X0)))))) = X7 [superposition 19,17]
103. multiply(inverse(multiply(X1,multiply(multiply(multiply(X2,inverse(X2)),inverse(multiply(X3,X1))),multiply(multiply(X4,inverse(X4)),inverse(X0))))),inverse(multiply(inverse(multiply(multiply(multiply(multiply(X6,inverse(X6)),inverse(multiply(X7,X0))),multiply(X8,inverse(X8))),multiply(X7,X5))),X3))) = X5 [superposition 19,18]
111. inverse(multiply(X5,multiply(multiply(multiply(X6,inverse(X6)),inverse(multiply(X7,X5))),X0))) = multiply(inverse(multiply(X1,multiply(multiply(multiply(X2,inverse(X2)),inverse(multiply(X3,X1))),X0))),inverse(multiply(multiply(multiply(multiply(X8,inverse(X8)),inverse(X7)),multiply(X4,inverse(X4))),X3))) [superposition 19,17]
114. multiply(inverse(multiply(X1,multiply(multiply(multiply(X2,inverse(X2)),inverse(multiply(inverse(multiply(multiply(multiply(multiply(X3,inverse(X3)),inverse(multiply(X4,X0))),multiply(X5,inverse(X5))),multiply(X4,X6))),X1))),multiply(multiply(X7,inverse(X7)),inverse(multiply(X8,X6)))))),inverse(X0)) = X8 [superposition 19,18]
192. multiply(X0,multiply(X1,inverse(X1))) = multiply(X0,multiply(X2,inverse(X2))) [superposition 23,23]
312. multiply(X5,inverse(X5)) = multiply(X4,inverse(multiply(inverse(multiply(X2,multiply(multiply(multiply(X0,inverse(X0)),inverse(multiply(X1,X2))),multiply(X3,inverse(X3))))),multiply(multiply(multiply(X6,inverse(X6)),inverse(X1)),X4)))) [superposition 17,192]
315. multiply(X3,inverse(X3)) = multiply(X5,inverse(X5)) [forward demodulation 312,17]
422. inverse(multiply(X0,multiply(multiply(multiply(X1,inverse(X1)),inverse(multiply(multiply(X2,X3),X0))),X2))) = X3 [superposition 18,20]
426. inverse(multiply(X0,multiply(multiply(multiply(X1,inverse(X1)),inverse(multiply(X2,X0))),multiply(multiply(X3,inverse(X3)),inverse(multiply(X4,multiply(multiply(multiply(X5,inverse(X5)),inverse(X2)),multiply(X6,inverse(X6))))))))) = X4 [superposition 1,20]
1061. inverse(multiply(inverse(multiply(X1,X2)),multiply(multiply(X0,inverse(X0)),X1))) = X2 [superposition 422,315]
1320. inverse(X1) = inverse(multiply(inverse(multiply(X0,inverse(X0))),multiply(multiply(X2,inverse(X2)),X1))) [superposition 1061,315]
1350. inverse(multiply(inverse(multiply(inverse(multiply(X0,inverse(X0))),X1)),multiply(X2,inverse(X2)))) = X1 [superposition 1061,192]
5063. multiply(multiply(X2,inverse(X2)),X0) = inverse(multiply(inverse(X0),multiply(X3,inverse(X3)))) [superposition 1350,1320]
5682. inverse(multiply(inverse(multiply(X0,X2)),inverse(multiply(inverse(X0),multiply(X1,inverse(X1)))))) = X2 [superposition 422,5063]
5927. multiply(multiply(X0,inverse(X0)),multiply(inverse(multiply(X1,inverse(X1))),X2)) = X2 [superposition 1061,5063]
7700. inverse(X2) = multiply(X1,inverse(multiply(inverse(inverse(multiply(X0,inverse(X0)))),multiply(X2,X1)))) [superposition 18,5927]
7729. multiply(multiply(inverse(multiply(X1,inverse(X1))),X0),inverse(multiply(inverse(X2),X0))) = X2 [superposition 1,5927]
11636. inverse(X0) = inverse(multiply(X0,inverse(multiply(X1,inverse(X1))))) [superposition 5682,1]
12677. multiply(multiply(inverse(multiply(X1,inverse(X1))),X2),inverse(multiply(inverse(X0),X2))) = multiply(X0,inverse(multiply(X3,inverse(X3)))) [superposition 7729,11636]
12679. multiply(X0,inverse(multiply(X3,inverse(X3)))) = X0 [forward demodulation 12677,7729]
13919. inverse(multiply(X2,inverse(X2))) = multiply(multiply(X1,inverse(X1)),inverse(multiply(X0,inverse(X0)))) [superposition 5927,12679]
13931. inverse(multiply(multiply(multiply(multiply(X0,inverse(X0)),inverse(multiply(X1,inverse(X2)))),multiply(X3,inverse(X3))),multiply(X1,multiply(multiply(X4,inverse(X4)),inverse(multiply(X5,X2)))))) = X5 [superposition 27,12679]
14068. multiply(X1,inverse(X1)) = inverse(multiply(X2,inverse(X2))) [forward demodulation 13919,12679]
14891. multiply(X5,inverse(multiply(multiply(X2,multiply(X6,inverse(X6))),multiply(X3,X5)))) = multiply(multiply(inverse(multiply(X0,inverse(X0))),inverse(multiply(X2,X3))),multiply(X4,inverse(X4))) [superposition 26,14068]
14984. inverse(multiply(inverse(X2),multiply(X3,inverse(X3)))) = multiply(inverse(multiply(X0,inverse(X0))),X2) [superposition 5063,14068]
14985. multiply(multiply(X1,inverse(X1)),X2) = inverse(multiply(inverse(X2),inverse(multiply(X0,inverse(X0))))) [superposition 5063,14068]
14994. multiply(X1,inverse(inverse(multiply(X0,inverse(X0))))) = X1 [superposition 12679,14068]
14999. multiply(inverse(X1),inverse(multiply(multiply(multiply(multiply(X2,inverse(X2)),inverse(multiply(X1,X3))),multiply(X4,inverse(X4))),inverse(multiply(X0,inverse(X0)))))) = X3 [superposition 18,14068]
15000. inverse(X3) = multiply(X1,inverse(multiply(multiply(multiply(multiply(X2,inverse(X2)),inverse(inverse(multiply(X0,inverse(X0))))),multiply(X4,inverse(X4))),multiply(X3,X1)))) [superposition 18,14068]
15004. inverse(multiply(X1,multiply(multiply(multiply(X2,inverse(X2)),inverse(multiply(X3,X1))),X4))) = multiply(inverse(X4),inverse(multiply(multiply(multiply(multiply(X5,inverse(X5)),inverse(X3)),multiply(X6,inverse(X6))),inverse(multiply(X0,inverse(X0)))))) [superposition 20,14068]
15008. multiply(X5,inverse(multiply(multiply(multiply(multiply(X6,inverse(X6)),inverse(X3)),multiply(X7,inverse(X7))),multiply(inverse(X2),X5)))) = inverse(multiply(multiply(multiply(multiply(X1,inverse(X1)),inverse(multiply(X2,X3))),multiply(X4,inverse(X4))),inverse(multiply(X0,inverse(X0))))) [superposition 21,14068]
15015. multiply(multiply(multiply(X1,inverse(X1)),inverse(multiply(X2,X3))),multiply(X4,inverse(X4))) = multiply(inverse(X3),inverse(multiply(multiply(X2,multiply(X5,inverse(X5))),inverse(multiply(X0,inverse(X0)))))) [superposition 26,14068]
15031. inverse(multiply(multiply(multiply(multiply(X1,inverse(X1)),inverse(multiply(X2,inverse(X3)))),multiply(X4,inverse(X4))),multiply(X2,multiply(multiply(X5,inverse(X5)),inverse(multiply(X6,X3)))))) = multiply(X7,inverse(multiply(inverse(inverse(multiply(X0,inverse(X0)))),multiply(multiply(multiply(X8,inverse(X8)),inverse(X6)),X7)))) [superposition 36,14068]
15032. multiply(X7,inverse(multiply(inverse(multiply(X6,inverse(X2))),multiply(multiply(multiply(X8,inverse(X8)),inverse(X5)),X7)))) = inverse(multiply(multiply(multiply(multiply(X1,inverse(X1)),inverse(inverse(multiply(X0,inverse(X0))))),multiply(X3,inverse(X3))),multiply(X2,multiply(multiply(X4,inverse(X4)),inverse(multiply(X5,X6)))))) [superposition 36,14068]
15152. multiply(X6,inverse(multiply(multiply(multiply(multiply(X7,inverse(X7)),inverse(X4)),multiply(X8,inverse(X8))),multiply(inverse(multiply(multiply(X5,inverse(X5)),inverse(X3))),X6)))) = inverse(multiply(inverse(multiply(X1,multiply(multiply(multiply(X2,inverse(X2)),inverse(multiply(X3,X1))),X4))),inverse(multiply(X0,inverse(X0))))) [superposition 45,14068]
15159. multiply(X4,inverse(multiply(multiply(multiply(multiply(X5,inverse(X5)),inverse(X3)),multiply(X6,inverse(X6))),multiply(inverse(multiply(multiply(X2,inverse(X2)),inverse(multiply(X3,X1)))),X4)))) = inverse(multiply(X1,inverse(multiply(X0,inverse(X0))))) [superposition 20,14068]
15178. inverse(multiply(multiply(X3,inverse(X3)),inverse(multiply(multiply(X4,multiply(multiply(multiply(X5,inverse(X5)),inverse(multiply(X6,X4))),multiply(X7,inverse(X7)))),X2)))) = multiply(X1,inverse(multiply(inverse(multiply(X2,inverse(multiply(X0,inverse(X0))))),multiply(X6,X1)))) [superposition 38,14068]
15197. multiply(X1,multiply(X0,inverse(X0))) = X1 [superposition 12679,14068]
15460. inverse(multiply(multiply(X3,inverse(X3)),inverse(multiply(multiply(X4,multiply(multiply(multiply(X5,inverse(X5)),inverse(multiply(X6,X4))),multiply(X7,inverse(X7)))),X2)))) = multiply(X1,inverse(multiply(inverse(X2),multiply(X6,X1)))) [forward demodulation 15178,11636]
15479. inverse(X1) = multiply(X4,inverse(multiply(multiply(multiply(multiply(X5,inverse(X5)),inverse(X3)),multiply(X6,inverse(X6))),multiply(inverse(multiply(multiply(X2,inverse(X2)),inverse(multiply(X3,X1)))),X4)))) [forward demodulation 15159,11636]
15484. inverse(inverse(multiply(X1,multiply(multiply(multiply(X2,inverse(X2)),inverse(multiply(X3,X1))),X4)))) = multiply(X6,inverse(multiply(multiply(multiply(multiply(X7,inverse(X7)),inverse(X4)),multiply(X8,inverse(X8))),multiply(inverse(multiply(multiply(X5,inverse(X5)),inverse(X3))),X6)))) [forward demodulation 15152,11636]
15582. multiply(X7,inverse(multiply(inverse(multiply(X6,inverse(X2))),multiply(multiply(multiply(X8,inverse(X8)),inverse(X5)),X7)))) = inverse(multiply(multiply(multiply(X1,inverse(X1)),inverse(inverse(multiply(X0,inverse(X0))))),multiply(X2,multiply(multiply(X4,inverse(X4)),inverse(multiply(X5,X6)))))) [forward demodulation 15032,15197]
15583. inverse(multiply(multiply(multiply(multiply(X1,inverse(X1)),inverse(multiply(X2,inverse(X3)))),multiply(X4,inverse(X4))),multiply(X2,multiply(multiply(X5,inverse(X5)),inverse(multiply(X6,X3)))))) = inverse(multiply(multiply(X8,inverse(X8)),inverse(X6))) [forward demodulation 15031,7700]
15597. multiply(multiply(multiply(X1,inverse(X1)),inverse(multiply(X2,X3))),multiply(X4,inverse(X4))) = multiply(inverse(X3),inverse(multiply(X2,multiply(X5,inverse(X5))))) [forward demodulation 15015,11636]
15604. inverse(multiply(multiply(multiply(X1,inverse(X1)),inverse(multiply(X2,X3))),multiply(X4,inverse(X4)))) = multiply(X5,inverse(multiply(multiply(multiply(multiply(X6,inverse(X6)),inverse(X3)),multiply(X7,inverse(X7))),multiply(inverse(X2),X5)))) [forward demodulation 15008,11636]
15608. inverse(multiply(X1,multiply(multiply(multiply(X2,inverse(X2)),inverse(multiply(X3,X1))),X4))) = multiply(inverse(X4),inverse(multiply(multiply(multiply(X5,inverse(X5)),inverse(X3)),multiply(X6,inverse(X6))))) [forward demodulation 15004,11636]
15610. inverse(X3) = multiply(X1,inverse(multiply(multiply(multiply(X2,inverse(X2)),inverse(inverse(multiply(X0,inverse(X0))))),multiply(X3,X1)))) [forward demodulation 15000,15197]
15611. multiply(inverse(X1),inverse(multiply(multiply(multiply(X2,inverse(X2)),inverse(multiply(X1,X3))),multiply(X4,inverse(X4))))) = X3 [forward demodulation 14999,11636]
15613. multiply(multiply(X1,inverse(X1)),X2) = inverse(inverse(X2)) [forward demodulation 14985,11636]
15614. inverse(inverse(X2)) = multiply(inverse(multiply(X0,inverse(X0))),X2) [forward demodulation 14984,15197]
15681. multiply(X5,inverse(multiply(multiply(X2,multiply(X6,inverse(X6))),multiply(X3,X5)))) = multiply(inverse(multiply(X0,inverse(X0))),inverse(multiply(X2,X3))) [forward demodulation 14891,15197]
15750. multiply(X1,inverse(multiply(inverse(X2),multiply(X6,X1)))) = inverse(multiply(multiply(X3,inverse(X3)),inverse(multiply(multiply(X4,multiply(multiply(X5,inverse(X5)),inverse(multiply(X6,X4)))),X2)))) [forward demodulation 15460,15197]
15763. inverse(X1) = multiply(X4,inverse(multiply(multiply(multiply(X5,inverse(X5)),inverse(X3)),multiply(inverse(multiply(multiply(X2,inverse(X2)),inverse(multiply(X3,X1)))),X4)))) [forward demodulation 15479,15197]
15764. inverse(inverse(multiply(X1,multiply(multiply(multiply(X2,inverse(X2)),inverse(multiply(X3,X1))),X4)))) = multiply(X6,inverse(multiply(multiply(multiply(X7,inverse(X7)),inverse(X4)),multiply(inverse(multiply(multiply(X5,inverse(X5)),inverse(X3))),X6)))) [forward demodulation 15484,15197]
15815. multiply(X7,inverse(multiply(inverse(multiply(X6,inverse(X2))),multiply(multiply(multiply(X8,inverse(X8)),inverse(X5)),X7)))) = inverse(multiply(multiply(X1,inverse(X1)),multiply(X2,multiply(multiply(X4,inverse(X4)),inverse(multiply(X5,X6)))))) [forward demodulation 15582,14994]
15816. inverse(multiply(multiply(X8,inverse(X8)),inverse(X6))) = X6 [forward demodulation 15583,13931]
15828. multiply(multiply(multiply(X1,inverse(X1)),inverse(multiply(X2,X3))),multiply(X4,inverse(X4))) = multiply(inverse(X3),inverse(X2)) [forward demodulation 15597,15197]
15834. inverse(multiply(multiply(multiply(X1,inverse(X1)),inverse(multiply(X2,X3))),multiply(X4,inverse(X4)))) = multiply(X5,inverse(multiply(multiply(multiply(X6,inverse(X6)),inverse(X3)),multiply(inverse(X2),X5)))) [forward demodulation 15604,15197]
15838. inverse(multiply(X1,multiply(multiply(multiply(X2,inverse(X2)),inverse(multiply(X3,X1))),X4))) = multiply(inverse(X4),inverse(multiply(multiply(X5,inverse(X5)),inverse(X3)))) [forward demodulation 15608,15197]
15839. inverse(X3) = multiply(X1,inverse(multiply(multiply(X2,inverse(X2)),multiply(X3,X1)))) [forward demodulation 15610,14994]
15840. multiply(inverse(X1),inverse(multiply(multiply(X2,inverse(X2)),inverse(multiply(X1,X3))))) = X3 [forward demodulation 15611,15197]
15886. multiply(X5,inverse(multiply(multiply(X2,multiply(X6,inverse(X6))),multiply(X3,X5)))) = inverse(inverse(inverse(multiply(X2,X3)))) [forward demodulation 15681,15614]
15922. multiply(X1,inverse(multiply(inverse(X2),multiply(X6,X1)))) = inverse(inverse(inverse(inverse(multiply(multiply(X4,multiply(multiply(X5,inverse(X5)),inverse(multiply(X6,X4)))),X2))))) [forward demodulation 15750,15613]
15935. inverse(X1) = multiply(X4,inverse(multiply(multiply(multiply(X5,inverse(X5)),inverse(X3)),multiply(inverse(inverse(inverse(inverse(multiply(X3,X1))))),X4)))) [forward demodulation 15763,15613]
15936. inverse(inverse(multiply(X1,multiply(multiply(multiply(X2,inverse(X2)),inverse(multiply(X3,X1))),X4)))) = multiply(X6,inverse(multiply(multiply(multiply(X7,inverse(X7)),inverse(X4)),multiply(inverse(inverse(inverse(inverse(X3)))),X6)))) [forward demodulation 15764,15613]
15977. multiply(X7,inverse(multiply(inverse(multiply(X6,inverse(X2))),multiply(multiply(multiply(X8,inverse(X8)),inverse(X5)),X7)))) = inverse(inverse(inverse(multiply(X2,multiply(multiply(X4,inverse(X4)),inverse(multiply(X5,X6))))))) [forward demodulation 15815,15613]
15978. inverse(inverse(inverse(inverse(X6)))) = X6 [forward demodulation 15816,15613]
15987. multiply(multiply(X1,inverse(X1)),inverse(multiply(X2,X3))) = multiply(inverse(X3),inverse(X2)) [forward demodulation 15828,15197]
15993. inverse(multiply(multiply(multiply(X1,inverse(X1)),inverse(multiply(X2,X3))),multiply(X4,inverse(X4)))) = multiply(X5,inverse(multiply(inverse(inverse(inverse(X3))),multiply(inverse(X2),X5)))) [forward demodulation 15834,15613]
15997. inverse(multiply(X1,multiply(multiply(multiply(X2,inverse(X2)),inverse(multiply(X3,X1))),X4))) = multiply(inverse(X4),inverse(inverse(inverse(inverse(X3))))) [forward demodulation 15838,15613]
15998. inverse(X3) = multiply(X1,inverse(inverse(inverse(multiply(X3,X1))))) [forward demodulation 15839,15613]
15999. multiply(inverse(X1),inverse(inverse(inverse(inverse(multiply(X1,X3)))))) = X3 [forward demodulation 15840,15613]
16045. multiply(X5,inverse(multiply(X2,multiply(X3,X5)))) = inverse(inverse(inverse(multiply(X2,X3)))) [forward demodulation 15886,15197]
16075. multiply(X1,inverse(multiply(inverse(X2),multiply(X6,X1)))) = inverse(inverse(inverse(inverse(multiply(multiply(X4,inverse(inverse(inverse(multiply(X6,X4))))),X2))))) [forward demodulation 15922,15613]
16088. inverse(X1) = multiply(X4,inverse(multiply(inverse(inverse(inverse(X3))),multiply(inverse(inverse(inverse(inverse(multiply(X3,X1))))),X4)))) [forward demodulation 15935,15613]
16089. inverse(inverse(multiply(X1,multiply(multiply(multiply(X2,inverse(X2)),inverse(multiply(X3,X1))),X4)))) = multiply(X6,inverse(multiply(inverse(inverse(inverse(X4))),multiply(inverse(inverse(inverse(inverse(X3)))),X6)))) [forward demodulation 15936,15613]
16124. multiply(X7,inverse(multiply(inverse(multiply(X6,inverse(X2))),multiply(multiply(multiply(X8,inverse(X8)),inverse(X5)),X7)))) = inverse(inverse(inverse(multiply(X2,inverse(inverse(inverse(multiply(X5,X6)))))))) [forward demodulation 15977,15613]
16131. multiply(inverse(X3),inverse(X2)) = inverse(inverse(inverse(multiply(X2,X3)))) [forward demodulation 15987,15613]
16137. inverse(multiply(multiply(X1,inverse(X1)),inverse(multiply(X2,X3)))) = multiply(X5,inverse(multiply(inverse(inverse(inverse(X3))),multiply(inverse(X2),X5)))) [forward demodulation 15993,15197]
16141. inverse(multiply(X1,multiply(multiply(multiply(X2,inverse(X2)),inverse(multiply(X3,X1))),X4))) = multiply(inverse(X4),X3) [forward demodulation 15997,15978]
16142. multiply(inverse(X1),multiply(X1,X3)) = X3 [forward demodulation 15999,15978]
16209. multiply(X1,inverse(multiply(inverse(X2),multiply(X6,X1)))) = multiply(multiply(X4,inverse(inverse(inverse(multiply(X6,X4))))),X2) [forward demodulation 16075,15978]
16220. inverse(X1) = inverse(inverse(inverse(multiply(inverse(inverse(inverse(X3))),inverse(inverse(inverse(inverse(multiply(X3,X1))))))))) [forward demodulation 16088,16045]
16221. inverse(inverse(multiply(X1,multiply(multiply(multiply(X2,inverse(X2)),inverse(multiply(X3,X1))),X4)))) = inverse(inverse(inverse(multiply(inverse(inverse(inverse(X4))),inverse(inverse(inverse(inverse(X3)))))))) [forward demodulation 16089,16045]
16247. inverse(inverse(inverse(multiply(X2,inverse(inverse(inverse(multiply(X5,X6)))))))) = inverse(inverse(inverse(multiply(inverse(multiply(X6,inverse(X2))),multiply(multiply(X8,inverse(X8)),inverse(X5)))))) [forward demodulation 16124,16045]
16255. inverse(multiply(multiply(X1,inverse(X1)),inverse(multiply(X2,X3)))) = inverse(inverse(inverse(multiply(inverse(inverse(inverse(X3))),inverse(X2))))) [forward demodulation 16137,16045]
16259. multiply(inverse(X4),X3) = inverse(multiply(X1,multiply(inverse(inverse(inverse(multiply(X3,X1)))),X4))) [forward demodulation 16141,15613]
16321. multiply(inverse(X6),X2) = multiply(X1,inverse(multiply(inverse(X2),multiply(X6,X1)))) [forward demodulation 16209,15998]
16332. inverse(X1) = multiply(inverse(inverse(inverse(inverse(inverse(multiply(X3,X1)))))),inverse(inverse(inverse(inverse(X3))))) [forward demodulation 16220,16131]
16333. inverse(inverse(multiply(X1,multiply(multiply(multiply(X2,inverse(X2)),inverse(multiply(X3,X1))),X4)))) = multiply(inverse(inverse(inverse(inverse(inverse(X3))))),inverse(inverse(inverse(inverse(X4))))) [forward demodulation 16221,16131]
16357. inverse(inverse(inverse(multiply(X2,inverse(inverse(inverse(multiply(X5,X6)))))))) = multiply(inverse(multiply(multiply(X8,inverse(X8)),inverse(X5))),inverse(inverse(multiply(X6,inverse(X2))))) [forward demodulation 16247,16131]
16361. inverse(multiply(multiply(X1,inverse(X1)),inverse(multiply(X2,X3)))) = multiply(inverse(inverse(X2)),inverse(inverse(inverse(inverse(X3))))) [forward demodulation 16255,16131]
16365. multiply(inverse(X4),X3) = inverse(multiply(X1,multiply(multiply(inverse(X1),inverse(X3)),X4))) [forward demodulation 16259,16131]
16424. multiply(inverse(X6),X2) = inverse(inverse(inverse(multiply(inverse(X2),X6)))) [forward demodulation 16321,16045]
16433. inverse(X1) = multiply(inverse(inverse(inverse(inverse(inverse(multiply(X3,X1)))))),X3) [forward demodulation 16332,15978]
16434. inverse(inverse(multiply(X1,multiply(multiply(multiply(X2,inverse(X2)),inverse(multiply(X3,X1))),X4)))) = multiply(inverse(inverse(inverse(inverse(inverse(X3))))),X4) [forward demodulation 16333,15978]
16450. inverse(inverse(inverse(multiply(X2,inverse(inverse(inverse(multiply(X5,X6)))))))) = multiply(inverse(inverse(inverse(inverse(X5)))),inverse(inverse(multiply(X6,inverse(X2))))) [forward demodulation 16357,15613]
16453. inverse(multiply(multiply(X1,inverse(X1)),inverse(multiply(X2,X3)))) = multiply(inverse(inverse(X2)),X3) [forward demodulation 16361,15978]
16501. multiply(inverse(X6),X2) = multiply(inverse(X6),inverse(inverse(X2))) [forward demodulation 16424,16131]
16506. inverse(X1) = multiply(inverse(multiply(X3,X1)),X3) [forward demodulation 16433,15978]
16507. inverse(inverse(multiply(X1,multiply(multiply(multiply(X2,inverse(X2)),inverse(multiply(X3,X1))),X4)))) = multiply(inverse(X3),X4) [forward demodulation 16434,15978]
16517. inverse(inverse(inverse(multiply(X2,inverse(inverse(inverse(multiply(X5,X6)))))))) = multiply(X5,inverse(inverse(multiply(X6,inverse(X2))))) [forward demodulation 16450,15978]
16518. inverse(inverse(inverse(inverse(multiply(X2,X3))))) = multiply(inverse(inverse(X2)),X3) [forward demodulation 16453,15613]
16543. multiply(inverse(X3),X4) = inverse(inverse(multiply(X1,multiply(inverse(inverse(inverse(multiply(X3,X1)))),X4)))) [forward demodulation 16507,15613]
16550. multiply(X5,inverse(inverse(multiply(X6,inverse(X2))))) = multiply(inverse(inverse(inverse(inverse(multiply(X5,X6))))),inverse(X2)) [forward demodulation 16517,16131]
16551. multiply(X2,X3) = multiply(inverse(inverse(X2)),X3) [forward demodulation 16518,15978]
16569. multiply(inverse(X3),X4) = inverse(inverse(multiply(X1,multiply(multiply(inverse(X1),inverse(X3)),X4)))) [forward demodulation 16543,16131]
16573. multiply(X5,inverse(inverse(multiply(X6,inverse(X2))))) = multiply(multiply(X5,X6),inverse(X2)) [forward demodulation 16550,15978]
16583. inverse(multiply(inverse(X4),X3)) = multiply(inverse(X3),X4) [forward demodulation 16569,16365]
16794. inverse(multiply(X10,multiply(multiply(multiply(X11,inverse(X11)),inverse(multiply(X12,X10))),X2))) = multiply(inverse(multiply(multiply(multiply(multiply(X5,inverse(X5)),inverse(X6)),multiply(X7,inverse(X7))),multiply(X8,multiply(multiply(X9,inverse(X9)),multiply(X0,inverse(multiply(multiply(multiply(multiply(X1,inverse(X1)),inverse(X2)),multiply(X3,inverse(X3))),multiply(X4,X0)))))))),inverse(multiply(multiply(multiply(multiply(X13,inverse(X13)),inverse(X12)),X4),inverse(multiply(X14,multiply(multiply(multiply(X15,inverse(X15)),inverse(multiply(X6,X14))),X8)))))) [superposition 101,45]
16796. multiply(multiply(multiply(X10,inverse(X10)),inverse(multiply(X11,X2))),multiply(X12,inverse(X12))) = multiply(inverse(multiply(multiply(multiply(multiply(X5,inverse(X5)),inverse(X6)),multiply(X7,inverse(X7))),multiply(X8,multiply(multiply(X9,inverse(X9)),multiply(X0,inverse(multiply(multiply(multiply(multiply(X1,inverse(X1)),inverse(X2)),multiply(X3,inverse(X3))),multiply(X4,X0)))))))),inverse(multiply(multiply(X11,X4),inverse(multiply(X13,multiply(multiply(multiply(X14,inverse(X14)),inverse(multiply(X6,X13))),X8)))))) [superposition 101,21]
16807. inverse(X0) = multiply(inverse(multiply(multiply(multiply(multiply(X1,inverse(X1)),inverse(X2)),multiply(X3,inverse(X3))),multiply(X4,X0))),inverse(multiply(inverse(inverse(multiply(X5,inverse(X5)))),inverse(multiply(X6,multiply(multiply(multiply(X7,inverse(X7)),inverse(multiply(X2,X6))),X4)))))) [superposition 101,7729]
17066. multiply(inverse(multiply(multiply(multiply(multiply(X5,inverse(X5)),inverse(X2)),multiply(X6,inverse(X6))),multiply(X3,multiply(multiply(X7,inverse(X7)),inverse(multiply(X8,multiply(X9,inverse(X9)))))))),inverse(inverse(multiply(inverse(inverse(multiply(X0,multiply(multiply(multiply(X1,inverse(X1)),inverse(multiply(X2,X0))),X3)))),multiply(X4,inverse(X4)))))) = X8 [superposition 101,5063]
17077. multiply(multiply(multiply(X1,inverse(X1)),inverse(X2)),multiply(X3,inverse(X3))) = multiply(inverse(multiply(X4,inverse(multiply(X5,multiply(multiply(multiply(X6,inverse(X6)),inverse(multiply(X7,X5))),multiply(multiply(X8,inverse(X8)),inverse(multiply(X2,multiply(multiply(multiply(X9,inverse(X9)),inverse(X7)),multiply(X10,inverse(X10))))))))))),inverse(multiply(multiply(multiply(multiply(X11,inverse(X11)),inverse(multiply(X0,X4))),multiply(X12,inverse(X12))),X0))) [superposition 47,101]
17202. multiply(multiply(multiply(X1,inverse(X1)),inverse(X2)),multiply(X3,inverse(X3))) = multiply(inverse(multiply(X4,inverse(multiply(X5,multiply(multiply(multiply(X6,inverse(X6)),inverse(multiply(X7,X5))),multiply(multiply(X8,inverse(X8)),inverse(multiply(X2,multiply(multiply(multiply(X9,inverse(X9)),inverse(X7)),multiply(X10,inverse(X10))))))))))),inverse(multiply(multiply(multiply(X11,inverse(X11)),inverse(multiply(X0,X4))),X0))) [forward demodulation 17077,15197]
17213. multiply(inverse(multiply(multiply(multiply(multiply(X5,inverse(X5)),inverse(X2)),multiply(X6,inverse(X6))),multiply(X3,multiply(multiply(X7,inverse(X7)),inverse(multiply(X8,multiply(X9,inverse(X9)))))))),multiply(inverse(inverse(multiply(X0,multiply(multiply(multiply(X1,inverse(X1)),inverse(multiply(X2,X0))),X3)))),multiply(X4,inverse(X4)))) = X8 [forward demodulation 17066,16501]
17417. inverse(X0) = multiply(inverse(multiply(multiply(multiply(multiply(X1,inverse(X1)),inverse(X2)),multiply(X3,inverse(X3))),multiply(X4,X0))),multiply(inverse(inverse(multiply(X6,multiply(multiply(multiply(X7,inverse(X7)),inverse(multiply(X2,X6))),X4)))),inverse(multiply(X5,inverse(X5))))) [forward demodulation 16807,16583]
17428. multiply(multiply(multiply(X10,inverse(X10)),inverse(multiply(X11,X2))),multiply(X12,inverse(X12))) = multiply(inverse(multiply(multiply(multiply(multiply(X5,inverse(X5)),inverse(X6)),multiply(X7,inverse(X7))),multiply(X8,multiply(multiply(X9,inverse(X9)),multiply(X0,inverse(multiply(multiply(multiply(multiply(X1,inverse(X1)),inverse(X2)),multiply(X3,inverse(X3))),multiply(X4,X0)))))))),inverse(multiply(multiply(X11,X4),inverse(multiply(X13,multiply(inverse(inverse(inverse(multiply(X6,X13)))),X8)))))) [forward demodulation 16796,15613]
17430. inverse(multiply(X10,multiply(multiply(multiply(X11,inverse(X11)),inverse(multiply(X12,X10))),X2))) = multiply(inverse(multiply(multiply(multiply(multiply(X5,inverse(X5)),inverse(X6)),multiply(X7,inverse(X7))),multiply(X8,multiply(multiply(X9,inverse(X9)),multiply(X0,inverse(multiply(multiply(multiply(multiply(X1,inverse(X1)),inverse(X2)),multiply(X3,inverse(X3))),multiply(X4,X0)))))))),inverse(multiply(multiply(multiply(multiply(X13,inverse(X13)),inverse(X12)),X4),inverse(multiply(X14,multiply(inverse(inverse(inverse(multiply(X6,X14)))),X8)))))) [forward demodulation 16794,15613]
17665. multiply(multiply(multiply(X1,inverse(X1)),inverse(X2)),multiply(X3,inverse(X3))) = multiply(inverse(multiply(X4,inverse(multiply(X5,multiply(multiply(multiply(X6,inverse(X6)),inverse(multiply(X7,X5))),multiply(multiply(X8,inverse(X8)),inverse(multiply(X2,multiply(multiply(multiply(X9,inverse(X9)),inverse(X7)),multiply(X10,inverse(X10))))))))))),inverse(multiply(inverse(inverse(inverse(multiply(X0,X4)))),X0))) [forward demodulation 17202,15613]
17676. multiply(inverse(multiply(multiply(multiply(multiply(X5,inverse(X5)),inverse(X2)),multiply(X6,inverse(X6))),multiply(X3,multiply(multiply(X7,inverse(X7)),inverse(multiply(X8,multiply(X9,inverse(X9)))))))),inverse(inverse(multiply(X0,multiply(multiply(multiply(X1,inverse(X1)),inverse(multiply(X2,X0))),X3))))) = X8 [forward demodulation 17213,15197]
17861. inverse(X0) = multiply(inverse(multiply(multiply(multiply(multiply(X1,inverse(X1)),inverse(X2)),multiply(X3,inverse(X3))),multiply(X4,X0))),inverse(inverse(multiply(X6,multiply(multiply(multiply(X7,inverse(X7)),inverse(multiply(X2,X6))),X4))))) [forward demodulation 17417,12679]
17872. multiply(multiply(multiply(X10,inverse(X10)),inverse(multiply(X11,X2))),multiply(X12,inverse(X12))) = multiply(inverse(multiply(multiply(multiply(multiply(X5,inverse(X5)),inverse(X6)),multiply(X7,inverse(X7))),multiply(X8,multiply(multiply(X9,inverse(X9)),multiply(X0,inverse(multiply(multiply(multiply(multiply(X1,inverse(X1)),inverse(X2)),multiply(X3,inverse(X3))),multiply(X4,X0)))))))),inverse(multiply(multiply(X11,X4),inverse(multiply(X13,multiply(inverse(multiply(X6,X13)),X8)))))) [forward demodulation 17428,16551]
17874. inverse(multiply(X10,multiply(multiply(multiply(X11,inverse(X11)),inverse(multiply(X12,X10))),X2))) = multiply(inverse(multiply(multiply(multiply(multiply(X5,inverse(X5)),inverse(X6)),multiply(X7,inverse(X7))),multiply(X8,multiply(multiply(X9,inverse(X9)),multiply(X0,inverse(multiply(multiply(multiply(multiply(X1,inverse(X1)),inverse(X2)),multiply(X3,inverse(X3))),multiply(X4,X0)))))))),inverse(multiply(multiply(multiply(multiply(X13,inverse(X13)),inverse(X12)),X4),inverse(multiply(X14,multiply(inverse(multiply(X6,X14)),X8)))))) [forward demodulation 17430,16551]
18093. multiply(multiply(multiply(X1,inverse(X1)),inverse(X2)),multiply(X3,inverse(X3))) = multiply(inverse(multiply(X4,inverse(multiply(X5,multiply(multiply(multiply(X6,inverse(X6)),inverse(multiply(X7,X5))),multiply(multiply(X8,inverse(X8)),inverse(multiply(X2,multiply(multiply(multiply(X9,inverse(X9)),inverse(X7)),multiply(X10,inverse(X10))))))))))),multiply(inverse(X0),inverse(inverse(multiply(X0,X4))))) [forward demodulation 17665,16583]
18104. multiply(inverse(multiply(multiply(multiply(multiply(X5,inverse(X5)),inverse(X2)),multiply(X6,inverse(X6))),multiply(X3,multiply(multiply(X7,inverse(X7)),inverse(multiply(X8,multiply(X9,inverse(X9)))))))),multiply(X0,multiply(multiply(multiply(X1,inverse(X1)),inverse(multiply(X2,X0))),X3))) = X8 [forward demodulation 17676,16501]
18288. inverse(X0) = multiply(inverse(multiply(multiply(multiply(multiply(X1,inverse(X1)),inverse(X2)),multiply(X3,inverse(X3))),multiply(X4,X0))),multiply(X6,multiply(multiply(multiply(X7,inverse(X7)),inverse(multiply(X2,X6))),X4))) [forward demodulation 17861,16501]
18299. multiply(multiply(multiply(X10,inverse(X10)),inverse(multiply(X11,X2))),multiply(X12,inverse(X12))) = multiply(inverse(multiply(multiply(multiply(multiply(X5,inverse(X5)),inverse(X6)),multiply(X7,inverse(X7))),multiply(X8,inverse(inverse(multiply(X0,inverse(multiply(multiply(multiply(multiply(X1,inverse(X1)),inverse(X2)),multiply(X3,inverse(X3))),multiply(X4,X0))))))))),inverse(multiply(multiply(X11,X4),inverse(multiply(X13,multiply(inverse(multiply(X6,X13)),X8)))))) [forward demodulation 17872,15613]
18301. inverse(multiply(X10,multiply(multiply(multiply(X11,inverse(X11)),inverse(multiply(X12,X10))),X2))) = multiply(inverse(multiply(multiply(multiply(multiply(X5,inverse(X5)),inverse(X6)),multiply(X7,inverse(X7))),multiply(X8,multiply(multiply(X9,inverse(X9)),multiply(X0,inverse(multiply(multiply(multiply(multiply(X1,inverse(X1)),inverse(X2)),multiply(X3,inverse(X3))),multiply(X4,X0)))))))),inverse(multiply(multiply(inverse(inverse(inverse(X12))),X4),inverse(multiply(X14,multiply(inverse(multiply(X6,X14)),X8)))))) [forward demodulation 17874,15613]
18520. multiply(multiply(multiply(X1,inverse(X1)),inverse(X2)),multiply(X3,inverse(X3))) = multiply(inverse(multiply(X4,inverse(multiply(X5,multiply(multiply(multiply(X6,inverse(X6)),inverse(multiply(X7,X5))),multiply(multiply(X8,inverse(X8)),inverse(multiply(X2,multiply(multiply(multiply(X9,inverse(X9)),inverse(X7)),multiply(X10,inverse(X10))))))))))),multiply(inverse(X0),multiply(X0,X4))) [forward demodulation 18093,16501]
18531. multiply(inverse(multiply(multiply(multiply(multiply(X5,inverse(X5)),inverse(X2)),multiply(X6,inverse(X6))),multiply(X3,multiply(multiply(X7,inverse(X7)),inverse(multiply(X8,multiply(X9,inverse(X9)))))))),multiply(X0,multiply(inverse(inverse(inverse(multiply(X2,X0)))),X3))) = X8 [forward demodulation 18104,15613]
18715. inverse(X0) = multiply(inverse(multiply(multiply(multiply(multiply(X1,inverse(X1)),inverse(X2)),multiply(X3,inverse(X3))),multiply(X4,X0))),multiply(X6,multiply(inverse(inverse(inverse(multiply(X2,X6)))),X4))) [forward demodulation 18288,15613]
18726. multiply(multiply(multiply(X10,inverse(X10)),inverse(multiply(X11,X2))),multiply(X12,inverse(X12))) = multiply(inverse(multiply(multiply(multiply(multiply(X5,inverse(X5)),inverse(X6)),multiply(X7,inverse(X7))),multiply(multiply(X8,X0),inverse(multiply(multiply(multiply(multiply(X1,inverse(X1)),inverse(X2)),multiply(X3,inverse(X3))),multiply(X4,X0)))))),inverse(multiply(multiply(X11,X4),inverse(multiply(X13,multiply(inverse(multiply(X6,X13)),X8)))))) [forward demodulation 18299,16573]
18728. inverse(multiply(X10,multiply(multiply(multiply(X11,inverse(X11)),inverse(multiply(X12,X10))),X2))) = multiply(inverse(multiply(multiply(multiply(multiply(X5,inverse(X5)),inverse(X6)),multiply(X7,inverse(X7))),multiply(X8,multiply(multiply(X9,inverse(X9)),multiply(X0,inverse(multiply(multiply(multiply(multiply(X1,inverse(X1)),inverse(X2)),multiply(X3,inverse(X3))),multiply(X4,X0)))))))),inverse(multiply(multiply(inverse(X12),X4),inverse(multiply(X14,multiply(inverse(multiply(X6,X14)),X8)))))) [forward demodulation 18301,16551]
18947. multiply(multiply(multiply(X1,inverse(X1)),inverse(X2)),multiply(X3,inverse(X3))) = multiply(inverse(multiply(X4,inverse(multiply(X5,multiply(multiply(multiply(X6,inverse(X6)),inverse(multiply(X7,X5))),multiply(multiply(X8,inverse(X8)),inverse(multiply(X2,multiply(multiply(multiply(X9,inverse(X9)),inverse(X7)),multiply(X10,inverse(X10))))))))))),X4) [forward demodulation 18520,16142]
18958. multiply(inverse(multiply(multiply(multiply(multiply(X5,inverse(X5)),inverse(X2)),multiply(X6,inverse(X6))),multiply(X3,multiply(multiply(X7,inverse(X7)),inverse(multiply(X8,multiply(X9,inverse(X9)))))))),multiply(X0,multiply(inverse(multiply(X2,X0)),X3))) = X8 [forward demodulation 18531,16551]
19142. inverse(X0) = multiply(inverse(multiply(multiply(multiply(multiply(X1,inverse(X1)),inverse(X2)),multiply(X3,inverse(X3))),multiply(X4,X0))),multiply(X6,multiply(inverse(multiply(X2,X6)),X4))) [forward demodulation 18715,16551]
19153. multiply(multiply(multiply(X10,inverse(X10)),inverse(multiply(X11,X2))),multiply(X12,inverse(X12))) = multiply(inverse(multiply(multiply(multiply(multiply(X5,inverse(X5)),inverse(X6)),multiply(X7,inverse(X7))),multiply(multiply(X8,X0),inverse(multiply(multiply(multiply(X1,inverse(X1)),inverse(X2)),multiply(X4,X0)))))),inverse(multiply(multiply(X11,X4),inverse(multiply(X13,multiply(inverse(multiply(X6,X13)),X8)))))) [forward demodulation 18726,15197]
19155. inverse(multiply(X10,multiply(multiply(multiply(X11,inverse(X11)),inverse(multiply(X12,X10))),X2))) = multiply(inverse(multiply(multiply(multiply(multiply(X5,inverse(X5)),inverse(X6)),multiply(X7,inverse(X7))),multiply(X8,inverse(inverse(multiply(X0,inverse(multiply(multiply(multiply(multiply(X1,inverse(X1)),inverse(X2)),multiply(X3,inverse(X3))),multiply(X4,X0))))))))),inverse(multiply(multiply(inverse(X12),X4),inverse(multiply(X14,multiply(inverse(multiply(X6,X14)),X8)))))) [forward demodulation 18728,15613]
19374. multiply(multiply(multiply(X1,inverse(X1)),inverse(X2)),multiply(X3,inverse(X3))) = inverse(inverse(multiply(X5,multiply(multiply(multiply(X6,inverse(X6)),inverse(multiply(X7,X5))),multiply(multiply(X8,inverse(X8)),inverse(multiply(X2,multiply(multiply(multiply(X9,inverse(X9)),inverse(X7)),multiply(X10,inverse(X10)))))))))) [forward demodulation 18947,16506]
19385. multiply(inverse(multiply(multiply(multiply(multiply(X5,inverse(X5)),inverse(X2)),multiply(X6,inverse(X6))),multiply(X3,inverse(inverse(inverse(multiply(X8,multiply(X9,inverse(X9))))))))),multiply(X0,multiply(inverse(multiply(X2,X0)),X3))) = X8 [forward demodulation 18958,15613]
19567. inverse(X0) = multiply(inverse(multiply(multiply(multiply(X1,inverse(X1)),inverse(X2)),multiply(X4,X0))),multiply(X6,multiply(inverse(multiply(X2,X6)),X4))) [forward demodulation 19142,15197]
19578. multiply(multiply(multiply(X10,inverse(X10)),inverse(multiply(X11,X2))),multiply(X12,inverse(X12))) = multiply(inverse(multiply(multiply(multiply(multiply(X5,inverse(X5)),inverse(X6)),multiply(X7,inverse(X7))),multiply(multiply(X8,X0),inverse(multiply(inverse(inverse(inverse(X2))),multiply(X4,X0)))))),inverse(multiply(multiply(X11,X4),inverse(multiply(X13,multiply(inverse(multiply(X6,X13)),X8)))))) [forward demodulation 19153,15613]
19580. inverse(multiply(X10,multiply(multiply(multiply(X11,inverse(X11)),inverse(multiply(X12,X10))),X2))) = multiply(inverse(multiply(multiply(multiply(multiply(X5,inverse(X5)),inverse(X6)),multiply(X7,inverse(X7))),multiply(multiply(X8,X0),inverse(multiply(multiply(multiply(multiply(X1,inverse(X1)),inverse(X2)),multiply(X3,inverse(X3))),multiply(X4,X0)))))),inverse(multiply(multiply(inverse(X12),X4),inverse(multiply(X14,multiply(inverse(multiply(X6,X14)),X8)))))) [forward demodulation 19155,16573]
19799. inverse(X2) = multiply(multiply(multiply(X1,inverse(X1)),inverse(X2)),multiply(X3,inverse(X3))) [forward demodulation 19374,426]
19810. multiply(inverse(multiply(multiply(multiply(multiply(X5,inverse(X5)),inverse(X2)),multiply(X6,inverse(X6))),multiply(X3,multiply(inverse(multiply(X9,inverse(X9))),inverse(X8))))),multiply(X0,multiply(inverse(multiply(X2,X0)),X3))) = X8 [forward demodulation 19385,16131]
19984. inverse(X0) = multiply(inverse(multiply(inverse(inverse(inverse(X2))),multiply(X4,X0))),multiply(X6,multiply(inverse(multiply(X2,X6)),X4))) [forward demodulation 19567,15613]
19995. multiply(multiply(multiply(X10,inverse(X10)),inverse(multiply(X11,X2))),multiply(X12,inverse(X12))) = multiply(inverse(multiply(multiply(multiply(multiply(X5,inverse(X5)),inverse(X6)),multiply(X7,inverse(X7))),multiply(multiply(X8,X0),multiply(inverse(multiply(X4,X0)),inverse(inverse(X2)))))),inverse(multiply(multiply(X11,X4),inverse(multiply(X13,multiply(inverse(multiply(X6,X13)),X8)))))) [forward demodulation 19578,16583]
19997. inverse(multiply(X10,multiply(multiply(multiply(X11,inverse(X11)),inverse(multiply(X12,X10))),X2))) = multiply(inverse(multiply(multiply(multiply(multiply(X5,inverse(X5)),inverse(X6)),multiply(X7,inverse(X7))),multiply(multiply(X8,X0),inverse(multiply(multiply(multiply(X1,inverse(X1)),inverse(X2)),multiply(X4,X0)))))),inverse(multiply(multiply(inverse(X12),X4),inverse(multiply(X14,multiply(inverse(multiply(X6,X14)),X8)))))) [forward demodulation 19580,15197]
20215. inverse(X2) = multiply(multiply(X1,inverse(X1)),inverse(X2)) [forward demodulation 19799,15197]
20226. multiply(inverse(multiply(multiply(multiply(multiply(X5,inverse(X5)),inverse(X2)),multiply(X6,inverse(X6))),multiply(X3,inverse(inverse(inverse(X8)))))),multiply(X0,multiply(inverse(multiply(X2,X0)),X3))) = X8 [forward demodulation 19810,15614]
20395. inverse(X0) = multiply(multiply(inverse(multiply(X4,X0)),inverse(inverse(X2))),multiply(X6,multiply(inverse(multiply(X2,X6)),X4))) [forward demodulation 19984,16583]
20406. multiply(multiply(multiply(X10,inverse(X10)),inverse(multiply(X11,X2))),multiply(X12,inverse(X12))) = multiply(inverse(multiply(multiply(multiply(multiply(X5,inverse(X5)),inverse(X6)),multiply(X7,inverse(X7))),multiply(multiply(X8,X0),multiply(inverse(multiply(X4,X0)),X2)))),inverse(multiply(multiply(X11,X4),inverse(multiply(X13,multiply(inverse(multiply(X6,X13)),X8)))))) [forward demodulation 19995,16501]
20408. inverse(multiply(X10,multiply(multiply(multiply(X11,inverse(X11)),inverse(multiply(X12,X10))),X2))) = multiply(inverse(multiply(multiply(multiply(multiply(X5,inverse(X5)),inverse(X6)),multiply(X7,inverse(X7))),multiply(multiply(X8,X0),inverse(multiply(inverse(inverse(inverse(X2))),multiply(X4,X0)))))),inverse(multiply(multiply(inverse(X12),X4),inverse(multiply(X14,multiply(inverse(multiply(X6,X14)),X8)))))) [forward demodulation 19997,15613]
20619. inverse(X2) = inverse(inverse(inverse(X2))) [forward demodulation 20215,15613]
20627. multiply(inverse(multiply(multiply(multiply(X5,inverse(X5)),inverse(X2)),multiply(X3,inverse(inverse(inverse(X8)))))),multiply(X0,multiply(inverse(multiply(X2,X0)),X3))) = X8 [forward demodulation 20226,15197]
20789. inverse(X0) = multiply(multiply(inverse(multiply(X4,X0)),X2),multiply(X6,multiply(inverse(multiply(X2,X6)),X4))) [forward demodulation 20395,16501]
20800. multiply(multiply(multiply(X10,inverse(X10)),inverse(multiply(X11,X2))),multiply(X12,inverse(X12))) = multiply(inverse(multiply(multiply(multiply(X5,inverse(X5)),inverse(X6)),multiply(multiply(X8,X0),multiply(inverse(multiply(X4,X0)),X2)))),inverse(multiply(multiply(X11,X4),inverse(multiply(X13,multiply(inverse(multiply(X6,X13)),X8)))))) [forward demodulation 20406,15197]
20802. inverse(multiply(X10,multiply(multiply(multiply(X11,inverse(X11)),inverse(multiply(X12,X10))),X2))) = multiply(inverse(multiply(multiply(multiply(multiply(X5,inverse(X5)),inverse(X6)),multiply(X7,inverse(X7))),multiply(multiply(X8,X0),multiply(inverse(multiply(X4,X0)),inverse(inverse(X2)))))),inverse(multiply(multiply(inverse(X12),X4),inverse(multiply(X14,multiply(inverse(multiply(X6,X14)),X8)))))) [forward demodulation 20408,16583]
21002. multiply(inverse(multiply(multiply(multiply(X5,inverse(X5)),inverse(X2)),multiply(X3,inverse(X8)))),multiply(X0,multiply(inverse(multiply(X2,X0)),X3))) = X8 [forward demodulation 20627,20619]
21154. multiply(multiply(multiply(X10,inverse(X10)),inverse(multiply(X11,X2))),multiply(X12,inverse(X12))) = multiply(inverse(multiply(inverse(inverse(inverse(X6))),multiply(multiply(X8,X0),multiply(inverse(multiply(X4,X0)),X2)))),inverse(multiply(multiply(X11,X4),inverse(multiply(X13,multiply(inverse(multiply(X6,X13)),X8)))))) [forward demodulation 20800,15613]
21156. inverse(multiply(X10,multiply(multiply(multiply(X11,inverse(X11)),inverse(multiply(X12,X10))),X2))) = multiply(inverse(multiply(multiply(multiply(multiply(X5,inverse(X5)),inverse(X6)),multiply(X7,inverse(X7))),multiply(multiply(X8,X0),multiply(inverse(multiply(X4,X0)),X2)))),inverse(multiply(multiply(inverse(X12),X4),inverse(multiply(X14,multiply(inverse(multiply(X6,X14)),X8)))))) [forward demodulation 20802,16501]
21305. multiply(inverse(multiply(inverse(inverse(inverse(X2))),multiply(X3,inverse(X8)))),multiply(X0,multiply(inverse(multiply(X2,X0)),X3))) = X8 [forward demodulation 21002,15613]
21426. multiply(multiply(multiply(X10,inverse(X10)),inverse(multiply(X11,X2))),multiply(X12,inverse(X12))) = multiply(multiply(inverse(multiply(multiply(X8,X0),multiply(inverse(multiply(X4,X0)),X2))),inverse(inverse(X6))),inverse(multiply(multiply(X11,X4),inverse(multiply(X13,multiply(inverse(multiply(X6,X13)),X8)))))) [forward demodulation 21154,16583]
21428. inverse(multiply(X10,multiply(multiply(multiply(X11,inverse(X11)),inverse(multiply(X12,X10))),X2))) = multiply(inverse(multiply(multiply(multiply(X5,inverse(X5)),inverse(X6)),multiply(multiply(X8,X0),multiply(inverse(multiply(X4,X0)),X2)))),inverse(multiply(multiply(inverse(X12),X4),inverse(multiply(X14,multiply(inverse(multiply(X6,X14)),X8)))))) [forward demodulation 21156,15197]
21559. multiply(multiply(inverse(multiply(X3,inverse(X8))),inverse(inverse(X2))),multiply(X0,multiply(inverse(multiply(X2,X0)),X3))) = X8 [forward demodulation 21305,16583]
21669. multiply(multiply(multiply(X10,inverse(X10)),inverse(multiply(X11,X2))),multiply(X12,inverse(X12))) = multiply(multiply(inverse(multiply(multiply(X8,X0),multiply(inverse(multiply(X4,X0)),X2))),X6),inverse(multiply(multiply(X11,X4),inverse(multiply(X13,multiply(inverse(multiply(X6,X13)),X8)))))) [forward demodulation 21426,16501]
21670. inverse(multiply(X10,multiply(multiply(multiply(X11,inverse(X11)),inverse(multiply(X12,X10))),X2))) = multiply(inverse(multiply(inverse(inverse(inverse(X6))),multiply(multiply(X8,X0),multiply(inverse(multiply(X4,X0)),X2)))),inverse(multiply(multiply(inverse(X12),X4),inverse(multiply(X14,multiply(inverse(multiply(X6,X14)),X8)))))) [forward demodulation 21428,15613]
21787. multiply(multiply(inverse(multiply(X3,inverse(X8))),X2),multiply(X0,multiply(inverse(multiply(X2,X0)),X3))) = X8 [forward demodulation 21559,16501]
21884. multiply(multiply(X10,inverse(X10)),inverse(multiply(X11,X2))) = multiply(multiply(inverse(multiply(multiply(X8,X0),multiply(inverse(multiply(X4,X0)),X2))),X6),inverse(multiply(multiply(X11,X4),inverse(multiply(X13,multiply(inverse(multiply(X6,X13)),X8)))))) [forward demodulation 21669,15197]
21885. inverse(multiply(X10,multiply(multiply(multiply(X11,inverse(X11)),inverse(multiply(X12,X10))),X2))) = multiply(multiply(inverse(multiply(multiply(X8,X0),multiply(inverse(multiply(X4,X0)),X2))),inverse(inverse(X6))),inverse(multiply(multiply(inverse(X12),X4),inverse(multiply(X14,multiply(inverse(multiply(X6,X14)),X8)))))) [forward demodulation 21670,16583]
21992. inverse(inverse(X8)) = X8 [forward demodulation 21787,20789]
22075. multiply(multiply(inverse(multiply(multiply(X8,X0),multiply(inverse(multiply(X4,X0)),X2))),X6),inverse(multiply(multiply(X11,X4),inverse(multiply(X13,multiply(inverse(multiply(X6,X13)),X8)))))) = inverse(inverse(inverse(multiply(X11,X2)))) [forward demodulation 21884,15613]
22076. inverse(multiply(X10,multiply(multiply(multiply(X11,inverse(X11)),inverse(multiply(X12,X10))),X2))) = multiply(multiply(inverse(multiply(multiply(X8,X0),multiply(inverse(multiply(X4,X0)),X2))),X6),inverse(multiply(multiply(inverse(X12),X4),inverse(multiply(X14,multiply(inverse(multiply(X6,X14)),X8)))))) [forward demodulation 21885,16501]
22239. multiply(multiply(inverse(multiply(multiply(X8,X0),multiply(inverse(multiply(X4,X0)),X2))),X6),inverse(multiply(multiply(X11,X4),inverse(multiply(X13,multiply(inverse(multiply(X6,X13)),X8)))))) = multiply(inverse(X2),inverse(X11)) [forward demodulation 22075,16131]
22240. multiply(multiply(inverse(multiply(multiply(X8,X0),multiply(inverse(multiply(X4,X0)),X2))),X6),inverse(multiply(multiply(inverse(X12),X4),inverse(multiply(X14,multiply(inverse(multiply(X6,X14)),X8)))))) = inverse(multiply(X10,multiply(inverse(inverse(inverse(multiply(X12,X10)))),X2))) [forward demodulation 22076,15613]
22369. multiply(multiply(inverse(multiply(multiply(X8,X0),multiply(inverse(multiply(X4,X0)),X2))),X6),inverse(multiply(multiply(inverse(X12),X4),inverse(multiply(X14,multiply(inverse(multiply(X6,X14)),X8)))))) = inverse(multiply(X10,multiply(inverse(multiply(X12,X10)),X2))) [forward demodulation 22240,16551]
22466. inverse(multiply(X10,multiply(inverse(multiply(X12,X10)),X2))) = multiply(inverse(X2),inverse(inverse(X12))) [forward demodulation 22369,22239]
22528. inverse(multiply(X10,multiply(inverse(multiply(X12,X10)),X2))) = multiply(inverse(X2),X12) [forward demodulation 22466,16501]
22622. multiply(X5,multiply(multiply(multiply(X6,inverse(X6)),inverse(multiply(X2,X5))),X4)) = inverse(multiply(X0,inverse(multiply(multiply(multiply(multiply(X1,inverse(X1)),inverse(X2)),multiply(X3,inverse(X3))),multiply(X4,X0))))) [superposition 21992,20]
22649. multiply(X1,inverse(multiply(inverse(multiply(X2,multiply(multiply(multiply(X3,inverse(X3)),inverse(multiply(X4,X2))),X5))),multiply(multiply(multiply(inverse(X0),X0),inverse(X4)),X1)))) = X5 [superposition 17,21992]
22676. multiply(X4,inverse(multiply(multiply(X1,multiply(X5,inverse(X5))),multiply(X2,X4)))) = multiply(multiply(multiply(inverse(X0),X0),inverse(multiply(X1,X2))),multiply(X3,inverse(X3))) [superposition 26,21992]
22699. multiply(X6,inverse(multiply(inverse(multiply(X5,X3)),multiply(multiply(multiply(X7,inverse(X7)),inverse(X4)),X6)))) = inverse(multiply(X1,multiply(multiply(multiply(X2,inverse(X2)),inverse(multiply(X3,X1))),multiply(multiply(inverse(X0),X0),inverse(multiply(X4,X5)))))) [superposition 35,21992]
22800. multiply(multiply(inverse(X0),X0),multiply(inverse(multiply(X1,inverse(X1))),X2)) = X2 [superposition 5927,21992]
22816. multiply(multiply(inverse(X0),X0),inverse(inverse(X2))) = X2 [forward demodulation 22800,15614]
22914. multiply(X6,inverse(multiply(inverse(multiply(X5,X3)),multiply(multiply(multiply(X7,inverse(X7)),inverse(X4)),X6)))) = inverse(multiply(X1,multiply(inverse(inverse(inverse(multiply(X3,X1)))),multiply(multiply(inverse(X0),X0),inverse(multiply(X4,X5)))))) [forward demodulation 22699,15613]
22937. multiply(X4,inverse(multiply(multiply(X1,multiply(X5,inverse(X5))),multiply(X2,X4)))) = multiply(multiply(inverse(X0),X0),inverse(multiply(X1,X2))) [forward demodulation 22676,15197]
22964. inverse(inverse(inverse(multiply(inverse(multiply(X2,multiply(multiply(multiply(X3,inverse(X3)),inverse(multiply(X4,X2))),X5))),multiply(multiply(inverse(X0),X0),inverse(X4)))))) = X5 [forward demodulation 22649,16045]
22984. multiply(X5,multiply(multiply(multiply(X6,inverse(X6)),inverse(multiply(X2,X5))),X4)) = inverse(inverse(inverse(inverse(multiply(multiply(multiply(multiply(X1,inverse(X1)),inverse(X2)),multiply(X3,inverse(X3))),X4))))) [forward demodulation 22622,16045]
22989. multiply(multiply(inverse(X0),X0),X2) = X2 [forward demodulation 22816,21992]
23080. multiply(X6,inverse(multiply(inverse(multiply(X5,X3)),multiply(multiply(multiply(X7,inverse(X7)),inverse(X4)),X6)))) = inverse(multiply(X1,multiply(inverse(multiply(X3,X1)),multiply(multiply(inverse(X0),X0),inverse(multiply(X4,X5)))))) [forward demodulation 22914,16551]
23103. multiply(multiply(inverse(X0),X0),inverse(multiply(X1,X2))) = inverse(inverse(inverse(multiply(multiply(X1,multiply(X5,inverse(X5))),X2)))) [forward demodulation 22937,16045]
23130. multiply(inverse(multiply(multiply(inverse(X0),X0),inverse(X4))),inverse(inverse(multiply(X2,multiply(multiply(multiply(X3,inverse(X3)),inverse(multiply(X4,X2))),X5))))) = X5 [forward demodulation 22964,16131]
23146. multiply(X5,multiply(multiply(multiply(X6,inverse(X6)),inverse(multiply(X2,X5))),X4)) = multiply(multiply(multiply(multiply(X1,inverse(X1)),inverse(X2)),multiply(X3,inverse(X3))),X4) [forward demodulation 22984,15978]
23227. multiply(X6,inverse(multiply(inverse(multiply(X5,X3)),multiply(multiply(multiply(X7,inverse(X7)),inverse(X4)),X6)))) = multiply(inverse(multiply(multiply(inverse(X0),X0),inverse(multiply(X4,X5)))),X3) [forward demodulation 23080,22528]
23250. multiply(multiply(inverse(X0),X0),inverse(multiply(X1,X2))) = multiply(inverse(X2),inverse(multiply(X1,multiply(X5,inverse(X5))))) [forward demodulation 23103,16131]
23277. multiply(inverse(multiply(multiply(inverse(X0),X0),inverse(X4))),multiply(X2,multiply(multiply(multiply(X3,inverse(X3)),inverse(multiply(X4,X2))),X5))) = X5 [forward demodulation 23130,16501]
23287. multiply(X5,multiply(multiply(multiply(X6,inverse(X6)),inverse(multiply(X2,X5))),X4)) = multiply(multiply(multiply(X1,inverse(X1)),inverse(X2)),X4) [forward demodulation 23146,15197]
23357. multiply(X6,inverse(multiply(inverse(multiply(X5,X3)),multiply(multiply(multiply(X7,inverse(X7)),inverse(X4)),X6)))) = multiply(inverse(inverse(multiply(X4,X5))),X3) [forward demodulation 23227,22989]
23380. multiply(inverse(X2),inverse(X1)) = multiply(multiply(inverse(X0),X0),inverse(multiply(X1,X2))) [forward demodulation 23250,15197]
23407. multiply(inverse(multiply(multiply(inverse(X0),X0),inverse(X4))),multiply(X2,multiply(inverse(inverse(inverse(multiply(X4,X2)))),X5))) = X5 [forward demodulation 23277,15613]
23416. multiply(X5,multiply(multiply(multiply(X6,inverse(X6)),inverse(multiply(X2,X5))),X4)) = multiply(inverse(inverse(inverse(X2))),X4) [forward demodulation 23287,15613]
23481. multiply(X6,inverse(multiply(inverse(multiply(X5,X3)),multiply(multiply(multiply(X7,inverse(X7)),inverse(X4)),X6)))) = multiply(multiply(X4,X5),X3) [forward demodulation 23357,16551]
23504. inverse(multiply(X1,X2)) = multiply(inverse(X2),inverse(X1)) [forward demodulation 23380,22989]
23531. multiply(inverse(multiply(multiply(inverse(X0),X0),inverse(X4))),multiply(X2,multiply(inverse(multiply(X4,X2)),X5))) = X5 [forward demodulation 23407,16551]
23539. multiply(X5,multiply(multiply(multiply(X6,inverse(X6)),inverse(multiply(X2,X5))),X4)) = multiply(inverse(X2),X4) [forward demodulation 23416,16551]
23604. multiply(multiply(X4,X5),X3) = inverse(inverse(inverse(multiply(inverse(multiply(X5,X3)),multiply(multiply(X7,inverse(X7)),inverse(X4)))))) [forward demodulation 23481,16045]
23646. multiply(inverse(inverse(X4)),multiply(X2,multiply(inverse(multiply(X4,X2)),X5))) = X5 [forward demodulation 23531,22989]
23654. multiply(inverse(X2),X4) = multiply(X5,multiply(inverse(inverse(inverse(multiply(X2,X5)))),X4)) [forward demodulation 23539,15613]
23718. multiply(multiply(X4,X5),X3) = multiply(inverse(multiply(multiply(X7,inverse(X7)),inverse(X4))),inverse(inverse(multiply(X5,X3)))) [forward demodulation 23604,16131]
23756. multiply(X4,multiply(X2,multiply(inverse(multiply(X4,X2)),X5))) = X5 [forward demodulation 23646,16551]
23764. multiply(inverse(X2),X4) = multiply(X5,multiply(inverse(multiply(X2,X5)),X4)) [forward demodulation 23654,16551]
23824. multiply(multiply(X4,X5),X3) = multiply(inverse(multiply(multiply(X7,inverse(X7)),inverse(X4))),multiply(X5,X3)) [forward demodulation 23718,16501]
23913. multiply(multiply(X4,X5),X3) = multiply(inverse(inverse(inverse(inverse(X4)))),multiply(X5,X3)) [forward demodulation 23824,15613]
23983. multiply(multiply(X4,X5),X3) = multiply(inverse(inverse(X4)),multiply(X5,X3)) [forward demodulation 23913,16551]
24036. multiply(X4,multiply(X5,X3)) = multiply(multiply(X4,X5),X3) [forward demodulation 23983,16551]
24569. inverse(multiply(X12,inverse(multiply(X14,multiply(multiply(multiply(X15,inverse(X15)),inverse(multiply(X8,X14))),X10))))) = multiply(inverse(multiply(X1,multiply(multiply(multiply(X2,inverse(X2)),inverse(multiply(X3,X1))),multiply(multiply(X4,inverse(X4)),inverse(X5))))),inverse(multiply(inverse(multiply(multiply(multiply(multiply(X6,inverse(X6)),inverse(multiply(inverse(multiply(multiply(multiply(multiply(X7,inverse(X7)),inverse(X8)),multiply(X9,inverse(X9))),multiply(X10,multiply(multiply(X11,inverse(X11)),inverse(multiply(X0,X12)))))),X5))),multiply(X13,inverse(X13))),X0)),X3))) [superposition 103,101]
24890. inverse(multiply(X12,inverse(multiply(X14,multiply(multiply(multiply(X15,inverse(X15)),inverse(multiply(X8,X14))),X10))))) = inverse(multiply(multiply(inverse(multiply(multiply(multiply(multiply(X6,inverse(X6)),inverse(multiply(inverse(multiply(multiply(multiply(multiply(X7,inverse(X7)),inverse(X8)),multiply(X9,inverse(X9))),multiply(X10,multiply(multiply(X11,inverse(X11)),inverse(multiply(X0,X12)))))),X5))),multiply(X13,inverse(X13))),X0)),X3),multiply(X1,multiply(multiply(multiply(X2,inverse(X2)),inverse(multiply(X3,X1))),multiply(multiply(X4,inverse(X4)),inverse(X5)))))) [forward demodulation 24569,23504]
25387. inverse(multiply(X12,inverse(multiply(X14,multiply(multiply(multiply(X15,inverse(X15)),inverse(multiply(X8,X14))),X10))))) = inverse(multiply(inverse(multiply(multiply(multiply(multiply(X6,inverse(X6)),inverse(multiply(inverse(multiply(multiply(multiply(multiply(X7,inverse(X7)),inverse(X8)),multiply(X9,inverse(X9))),multiply(X10,multiply(multiply(X11,inverse(X11)),inverse(multiply(X0,X12)))))),X5))),multiply(X13,inverse(X13))),X0)),multiply(X3,multiply(X1,multiply(multiply(multiply(X2,inverse(X2)),inverse(multiply(X3,X1))),multiply(multiply(X4,inverse(X4)),inverse(X5))))))) [forward demodulation 24890,24036]
25863. inverse(multiply(X12,inverse(multiply(X14,multiply(multiply(multiply(X15,inverse(X15)),inverse(multiply(X8,X14))),X10))))) = multiply(inverse(multiply(X3,multiply(X1,multiply(multiply(multiply(X2,inverse(X2)),inverse(multiply(X3,X1))),multiply(multiply(X4,inverse(X4)),inverse(X5)))))),multiply(multiply(multiply(multiply(X6,inverse(X6)),inverse(multiply(inverse(multiply(multiply(multiply(multiply(X7,inverse(X7)),inverse(X8)),multiply(X9,inverse(X9))),multiply(X10,multiply(multiply(X11,inverse(X11)),inverse(multiply(X0,X12)))))),X5))),multiply(X13,inverse(X13))),X0)) [forward demodulation 25387,16583]
26339. inverse(multiply(X12,inverse(multiply(X14,multiply(multiply(multiply(X15,inverse(X15)),inverse(multiply(X8,X14))),X10))))) = multiply(inverse(multiply(X3,multiply(X1,multiply(multiply(multiply(X2,inverse(X2)),inverse(multiply(X3,X1))),multiply(multiply(X4,inverse(X4)),inverse(X5)))))),multiply(multiply(multiply(X6,inverse(X6)),inverse(multiply(inverse(multiply(multiply(multiply(multiply(X7,inverse(X7)),inverse(X8)),multiply(X9,inverse(X9))),multiply(X10,multiply(multiply(X11,inverse(X11)),inverse(multiply(X0,X12)))))),X5))),multiply(multiply(X13,inverse(X13)),X0))) [forward demodulation 25863,24036]
26815. inverse(multiply(X12,inverse(multiply(X14,multiply(multiply(multiply(X15,inverse(X15)),inverse(multiply(X8,X14))),X10))))) = multiply(inverse(multiply(X3,multiply(X1,multiply(multiply(multiply(X2,inverse(X2)),inverse(multiply(X3,X1))),multiply(multiply(X4,inverse(X4)),inverse(X5)))))),multiply(multiply(X6,inverse(X6)),multiply(inverse(multiply(inverse(multiply(multiply(multiply(multiply(X7,inverse(X7)),inverse(X8)),multiply(X9,inverse(X9))),multiply(X10,multiply(multiply(X11,inverse(X11)),inverse(multiply(X0,X12)))))),X5)),multiply(multiply(X13,inverse(X13)),X0)))) [forward demodulation 26339,24036]
27290. inverse(multiply(X12,inverse(multiply(X14,multiply(multiply(multiply(X15,inverse(X15)),inverse(multiply(X8,X14))),X10))))) = multiply(inverse(multiply(X3,multiply(X1,multiply(multiply(multiply(X2,inverse(X2)),inverse(multiply(X3,X1))),multiply(multiply(X4,inverse(X4)),inverse(X5)))))),inverse(inverse(multiply(inverse(multiply(inverse(multiply(multiply(multiply(multiply(X7,inverse(X7)),inverse(X8)),multiply(X9,inverse(X9))),multiply(X10,multiply(multiply(X11,inverse(X11)),inverse(multiply(X0,X12)))))),X5)),multiply(multiply(X13,inverse(X13)),X0))))) [forward demodulation 26815,15613]
27764. inverse(multiply(X12,inverse(multiply(X14,multiply(multiply(multiply(X15,inverse(X15)),inverse(multiply(X8,X14))),X10))))) = multiply(inverse(multiply(X3,multiply(X1,multiply(multiply(multiply(X2,inverse(X2)),inverse(multiply(X3,X1))),multiply(multiply(X4,inverse(X4)),inverse(X5)))))),multiply(inverse(multiply(inverse(multiply(multiply(multiply(multiply(X7,inverse(X7)),inverse(X8)),multiply(X9,inverse(X9))),multiply(X10,multiply(multiply(X11,inverse(X11)),inverse(multiply(X0,X12)))))),X5)),multiply(multiply(X13,inverse(X13)),X0))) [forward demodulation 27290,16501]
28238. inverse(multiply(X12,inverse(multiply(X14,multiply(multiply(multiply(X15,inverse(X15)),inverse(multiply(X8,X14))),X10))))) = multiply(inverse(multiply(X3,multiply(X1,multiply(multiply(multiply(X2,inverse(X2)),inverse(multiply(X3,X1))),multiply(multiply(X4,inverse(X4)),inverse(X5)))))),multiply(inverse(multiply(inverse(multiply(multiply(multiply(multiply(X7,inverse(X7)),inverse(X8)),multiply(X9,inverse(X9))),multiply(X10,multiply(multiply(X11,inverse(X11)),inverse(multiply(X0,X12)))))),X5)),inverse(inverse(X0)))) [forward demodulation 27764,15613]
28709. inverse(multiply(X12,inverse(multiply(X14,multiply(multiply(multiply(X15,inverse(X15)),inverse(multiply(X8,X14))),X10))))) = multiply(inverse(multiply(X3,multiply(X1,multiply(multiply(multiply(X2,inverse(X2)),inverse(multiply(X3,X1))),multiply(multiply(X4,inverse(X4)),inverse(X5)))))),multiply(inverse(multiply(inverse(multiply(multiply(multiply(multiply(X7,inverse(X7)),inverse(X8)),multiply(X9,inverse(X9))),multiply(X10,multiply(multiply(X11,inverse(X11)),inverse(multiply(X0,X12)))))),X5)),X0)) [forward demodulation 28238,16501]
29180. inverse(multiply(X12,inverse(multiply(X14,multiply(multiply(multiply(X15,inverse(X15)),inverse(multiply(X8,X14))),X10))))) = multiply(inverse(multiply(X3,multiply(X1,multiply(multiply(multiply(X2,inverse(X2)),inverse(multiply(X3,X1))),multiply(multiply(X4,inverse(X4)),inverse(X5)))))),multiply(multiply(inverse(X5),multiply(multiply(multiply(multiply(X7,inverse(X7)),inverse(X8)),multiply(X9,inverse(X9))),multiply(X10,multiply(multiply(X11,inverse(X11)),inverse(multiply(X0,X12)))))),X0)) [forward demodulation 28709,16583]
29648. inverse(multiply(X12,inverse(multiply(X14,multiply(multiply(multiply(X15,inverse(X15)),inverse(multiply(X8,X14))),X10))))) = multiply(inverse(multiply(X3,multiply(X1,multiply(multiply(multiply(X2,inverse(X2)),inverse(multiply(X3,X1))),multiply(multiply(X4,inverse(X4)),inverse(X5)))))),multiply(inverse(X5),multiply(multiply(multiply(multiply(multiply(X7,inverse(X7)),inverse(X8)),multiply(X9,inverse(X9))),multiply(X10,multiply(multiply(X11,inverse(X11)),inverse(multiply(X0,X12))))),X0))) [forward demodulation 29180,24036]
30113. inverse(multiply(X12,inverse(multiply(X14,multiply(multiply(multiply(X15,inverse(X15)),inverse(multiply(X8,X14))),X10))))) = multiply(inverse(multiply(X3,multiply(X1,multiply(multiply(multiply(X2,inverse(X2)),inverse(multiply(X3,X1))),multiply(multiply(X4,inverse(X4)),inverse(X5)))))),multiply(inverse(X5),multiply(multiply(multiply(multiply(X7,inverse(X7)),inverse(X8)),multiply(X9,inverse(X9))),multiply(multiply(X10,multiply(multiply(X11,inverse(X11)),inverse(multiply(X0,X12)))),X0)))) [forward demodulation 29648,24036]
30576. inverse(multiply(X12,inverse(multiply(X14,multiply(multiply(multiply(X15,inverse(X15)),inverse(multiply(X8,X14))),X10))))) = multiply(inverse(multiply(X3,multiply(X1,multiply(multiply(multiply(X2,inverse(X2)),inverse(multiply(X3,X1))),multiply(multiply(X4,inverse(X4)),inverse(X5)))))),multiply(inverse(X5),multiply(multiply(multiply(X7,inverse(X7)),inverse(X8)),multiply(multiply(X9,inverse(X9)),multiply(multiply(X10,multiply(multiply(X11,inverse(X11)),inverse(multiply(X0,X12)))),X0))))) [forward demodulation 30113,24036]
31037. inverse(multiply(X12,inverse(multiply(X14,multiply(multiply(multiply(X15,inverse(X15)),inverse(multiply(X8,X14))),X10))))) = multiply(inverse(multiply(X3,multiply(X1,multiply(multiply(multiply(X2,inverse(X2)),inverse(multiply(X3,X1))),multiply(multiply(X4,inverse(X4)),inverse(X5)))))),multiply(inverse(X5),multiply(multiply(X7,inverse(X7)),multiply(inverse(X8),multiply(multiply(X9,inverse(X9)),multiply(multiply(X10,multiply(multiply(X11,inverse(X11)),inverse(multiply(X0,X12)))),X0)))))) [forward demodulation 30576,24036]
31486. inverse(multiply(X12,inverse(multiply(X14,multiply(multiply(multiply(X15,inverse(X15)),inverse(multiply(X8,X14))),X10))))) = multiply(inverse(multiply(X3,multiply(X1,multiply(multiply(multiply(X2,inverse(X2)),inverse(multiply(X3,X1))),multiply(multiply(X4,inverse(X4)),inverse(X5)))))),multiply(inverse(X5),inverse(inverse(multiply(inverse(X8),multiply(multiply(X9,inverse(X9)),multiply(multiply(X10,multiply(multiply(X11,inverse(X11)),inverse(multiply(X0,X12)))),X0))))))) [forward demodulation 31037,15613]
31918. inverse(multiply(X12,inverse(multiply(X14,multiply(multiply(multiply(X15,inverse(X15)),inverse(multiply(X8,X14))),X10))))) = multiply(inverse(multiply(X3,multiply(X1,multiply(multiply(multiply(X2,inverse(X2)),inverse(multiply(X3,X1))),multiply(multiply(X4,inverse(X4)),inverse(X5)))))),multiply(inverse(X5),multiply(inverse(X8),multiply(multiply(X9,inverse(X9)),multiply(multiply(X10,multiply(multiply(X11,inverse(X11)),inverse(multiply(X0,X12)))),X0))))) [forward demodulation 31486,16501]
32331. inverse(multiply(X12,inverse(multiply(X14,multiply(multiply(multiply(X15,inverse(X15)),inverse(multiply(X8,X14))),X10))))) = multiply(inverse(multiply(X3,multiply(X1,multiply(multiply(multiply(X2,inverse(X2)),inverse(multiply(X3,X1))),multiply(multiply(X4,inverse(X4)),inverse(X5)))))),multiply(inverse(X5),multiply(inverse(X8),inverse(inverse(multiply(multiply(X10,multiply(multiply(X11,inverse(X11)),inverse(multiply(X0,X12)))),X0)))))) [forward demodulation 31918,15613]
32707. inverse(multiply(X12,inverse(multiply(X14,multiply(multiply(multiply(X15,inverse(X15)),inverse(multiply(X8,X14))),X10))))) = multiply(inverse(multiply(X3,multiply(X1,multiply(multiply(multiply(X2,inverse(X2)),inverse(multiply(X3,X1))),multiply(multiply(X4,inverse(X4)),inverse(X5)))))),multiply(inverse(X5),multiply(inverse(X8),multiply(multiply(X10,multiply(multiply(X11,inverse(X11)),inverse(multiply(X0,X12)))),X0)))) [forward demodulation 32331,16501]
33051. inverse(multiply(X12,inverse(multiply(X14,multiply(multiply(multiply(X15,inverse(X15)),inverse(multiply(X8,X14))),X10))))) = multiply(inverse(multiply(X3,multiply(X1,multiply(multiply(multiply(X2,inverse(X2)),inverse(multiply(X3,X1))),multiply(multiply(X4,inverse(X4)),inverse(X5)))))),multiply(inverse(X5),multiply(inverse(X8),multiply(X10,multiply(multiply(multiply(X11,inverse(X11)),inverse(multiply(X0,X12))),X0))))) [forward demodulation 32707,24036]
33374. inverse(multiply(X12,inverse(multiply(X14,multiply(multiply(multiply(X15,inverse(X15)),inverse(multiply(X8,X14))),X10))))) = multiply(inverse(multiply(X3,multiply(X1,multiply(multiply(multiply(X2,inverse(X2)),inverse(multiply(X3,X1))),multiply(multiply(X4,inverse(X4)),inverse(X5)))))),multiply(inverse(X5),multiply(inverse(X8),multiply(X10,multiply(multiply(X11,inverse(X11)),multiply(inverse(multiply(X0,X12)),X0)))))) [forward demodulation 33051,24036]
33688. inverse(multiply(X12,inverse(multiply(X14,multiply(multiply(multiply(X15,inverse(X15)),inverse(multiply(X8,X14))),X10))))) = multiply(inverse(multiply(X3,multiply(X1,multiply(multiply(multiply(X2,inverse(X2)),inverse(multiply(X3,X1))),multiply(multiply(X4,inverse(X4)),inverse(X5)))))),multiply(inverse(X5),multiply(inverse(X8),multiply(X10,inverse(inverse(multiply(inverse(multiply(X0,X12)),X0))))))) [forward demodulation 33374,15613]
33985. inverse(multiply(X12,inverse(multiply(X14,multiply(multiply(multiply(X15,inverse(X15)),inverse(multiply(X8,X14))),X10))))) = multiply(inverse(multiply(X3,multiply(X1,multiply(multiply(multiply(X2,inverse(X2)),inverse(multiply(X3,X1))),multiply(multiply(X4,inverse(X4)),inverse(X5)))))),multiply(inverse(X5),multiply(inverse(X8),multiply(X10,multiply(inverse(multiply(X0,X12)),X0))))) [forward demodulation 33688,21992]
34270. inverse(multiply(X12,inverse(multiply(X14,multiply(multiply(multiply(X15,inverse(X15)),inverse(multiply(X8,X14))),X10))))) = multiply(inverse(multiply(X3,multiply(X1,multiply(multiply(multiply(X2,inverse(X2)),inverse(multiply(X3,X1))),multiply(multiply(X4,inverse(X4)),inverse(X5)))))),multiply(inverse(X5),multiply(inverse(X8),multiply(X10,inverse(X12))))) [forward demodulation 33985,16506]
34535. inverse(multiply(X12,inverse(multiply(X14,multiply(multiply(multiply(X15,inverse(X15)),inverse(multiply(X8,X14))),X10))))) = multiply(inverse(multiply(X3,multiply(X1,multiply(multiply(X2,inverse(X2)),multiply(inverse(multiply(X3,X1)),multiply(multiply(X4,inverse(X4)),inverse(X5))))))),multiply(inverse(X5),multiply(inverse(X8),multiply(X10,inverse(X12))))) [forward demodulation 34270,24036]
34781. inverse(multiply(X12,inverse(multiply(X14,multiply(multiply(multiply(X15,inverse(X15)),inverse(multiply(X8,X14))),X10))))) = multiply(inverse(multiply(X3,multiply(X1,inverse(inverse(multiply(inverse(multiply(X3,X1)),multiply(multiply(X4,inverse(X4)),inverse(X5)))))))),multiply(inverse(X5),multiply(inverse(X8),multiply(X10,inverse(X12))))) [forward demodulation 34535,15613]
35017. inverse(multiply(X12,inverse(multiply(X14,multiply(multiply(multiply(X15,inverse(X15)),inverse(multiply(X8,X14))),X10))))) = multiply(inverse(multiply(X3,multiply(X1,multiply(inverse(multiply(X3,X1)),multiply(multiply(X4,inverse(X4)),inverse(X5)))))),multiply(inverse(X5),multiply(inverse(X8),multiply(X10,inverse(X12))))) [forward demodulation 34781,21992]
35243. inverse(multiply(X12,inverse(multiply(X14,multiply(multiply(multiply(X15,inverse(X15)),inverse(multiply(X8,X14))),X10))))) = multiply(inverse(multiply(multiply(X4,inverse(X4)),inverse(X5))),multiply(inverse(X5),multiply(inverse(X8),multiply(X10,inverse(X12))))) [forward demodulation 35017,23756]
35459. inverse(multiply(X12,inverse(multiply(X14,multiply(multiply(multiply(X15,inverse(X15)),inverse(multiply(X8,X14))),X10))))) = multiply(inverse(inverse(inverse(inverse(X5)))),multiply(inverse(X5),multiply(inverse(X8),multiply(X10,inverse(X12))))) [forward demodulation 35243,15613]
35668. inverse(multiply(X12,inverse(multiply(X14,multiply(multiply(multiply(X15,inverse(X15)),inverse(multiply(X8,X14))),X10))))) = multiply(inverse(inverse(X5)),multiply(inverse(X5),multiply(inverse(X8),multiply(X10,inverse(X12))))) [forward demodulation 35459,16551]
35871. inverse(multiply(X12,inverse(multiply(X14,multiply(multiply(multiply(X15,inverse(X15)),inverse(multiply(X8,X14))),X10))))) = multiply(inverse(X8),multiply(X10,inverse(X12))) [forward demodulation 35668,16142]
36062. multiply(inverse(X8),multiply(X10,inverse(X12))) = inverse(multiply(X12,inverse(multiply(X14,multiply(multiply(X15,inverse(X15)),multiply(inverse(multiply(X8,X14)),X10)))))) [forward demodulation 35871,24036]
36238. multiply(inverse(X8),multiply(X10,inverse(X12))) = inverse(multiply(X12,inverse(multiply(X14,inverse(inverse(multiply(inverse(multiply(X8,X14)),X10))))))) [forward demodulation 36062,15613]
36403. multiply(inverse(X8),multiply(X10,inverse(X12))) = inverse(multiply(X12,inverse(multiply(X14,multiply(inverse(multiply(X8,X14)),X10))))) [forward demodulation 36238,21992]
36550. multiply(inverse(X8),multiply(X10,inverse(X12))) = inverse(multiply(X12,multiply(inverse(X10),X8))) [forward demodulation 36403,22528]
39987. inverse(multiply(X2,multiply(multiply(multiply(X3,inverse(X3)),inverse(multiply(X4,X2))),inverse(multiply(multiply(X5,inverse(X5)),inverse(multiply(X6,inverse(X1)))))))) = multiply(multiply(multiply(X0,inverse(X0)),X1),inverse(multiply(multiply(multiply(multiply(X7,inverse(X7)),inverse(X4)),multiply(X8,inverse(X8))),X6))) [superposition 111,5063]
41019. inverse(multiply(X2,multiply(multiply(multiply(X3,inverse(X3)),inverse(multiply(X4,X2))),inverse(multiply(multiply(X5,inverse(X5)),inverse(multiply(X6,inverse(X1)))))))) = multiply(multiply(X0,inverse(X0)),multiply(X1,inverse(multiply(multiply(multiply(multiply(X7,inverse(X7)),inverse(X4)),multiply(X8,inverse(X8))),X6)))) [forward demodulation 39987,24036]
41816. inverse(multiply(X2,multiply(multiply(multiply(X3,inverse(X3)),inverse(multiply(X4,X2))),inverse(multiply(multiply(X5,inverse(X5)),inverse(multiply(X6,inverse(X1)))))))) = inverse(inverse(multiply(X1,inverse(multiply(multiply(multiply(multiply(X7,inverse(X7)),inverse(X4)),multiply(X8,inverse(X8))),X6))))) [forward demodulation 41019,15613]
42607. inverse(multiply(X2,multiply(multiply(multiply(X3,inverse(X3)),inverse(multiply(X4,X2))),inverse(multiply(multiply(X5,inverse(X5)),inverse(multiply(X6,inverse(X1)))))))) = multiply(X1,inverse(multiply(multiply(multiply(multiply(X7,inverse(X7)),inverse(X4)),multiply(X8,inverse(X8))),X6))) [forward demodulation 41816,21992]
43398. inverse(multiply(X2,multiply(multiply(multiply(X3,inverse(X3)),inverse(multiply(X4,X2))),inverse(multiply(multiply(X5,inverse(X5)),inverse(multiply(X6,inverse(X1)))))))) = multiply(X1,inverse(multiply(multiply(multiply(X7,inverse(X7)),inverse(X4)),multiply(multiply(X8,inverse(X8)),X6)))) [forward demodulation 42607,24036]
44189. inverse(multiply(X2,multiply(multiply(multiply(X3,inverse(X3)),inverse(multiply(X4,X2))),inverse(multiply(multiply(X5,inverse(X5)),inverse(multiply(X6,inverse(X1)))))))) = multiply(X1,inverse(multiply(multiply(X7,inverse(X7)),multiply(inverse(X4),multiply(multiply(X8,inverse(X8)),X6))))) [forward demodulation 43398,24036]
44980. inverse(multiply(X2,multiply(multiply(multiply(X3,inverse(X3)),inverse(multiply(X4,X2))),inverse(multiply(multiply(X5,inverse(X5)),inverse(multiply(X6,inverse(X1)))))))) = multiply(X1,multiply(inverse(multiply(multiply(X8,inverse(X8)),X6)),multiply(X4,inverse(multiply(X7,inverse(X7)))))) [forward demodulation 44189,36550]
45771. inverse(multiply(X2,multiply(multiply(multiply(X3,inverse(X3)),inverse(multiply(X4,X2))),inverse(multiply(multiply(X5,inverse(X5)),inverse(multiply(X6,inverse(X1)))))))) = multiply(X1,multiply(inverse(multiply(multiply(X8,inverse(X8)),X6)),X4)) [forward demodulation 44980,12679]
46561. inverse(multiply(X2,multiply(multiply(multiply(X3,inverse(X3)),inverse(multiply(X4,X2))),inverse(multiply(multiply(X5,inverse(X5)),inverse(multiply(X6,inverse(X1)))))))) = multiply(X1,multiply(inverse(inverse(inverse(X6))),X4)) [forward demodulation 45771,15613]
47348. inverse(multiply(X2,multiply(multiply(multiply(X3,inverse(X3)),inverse(multiply(X4,X2))),inverse(multiply(multiply(X5,inverse(X5)),inverse(multiply(X6,inverse(X1)))))))) = multiply(X1,multiply(inverse(X6),X4)) [forward demodulation 46561,16551]
48134. multiply(X1,multiply(inverse(X6),X4)) = inverse(multiply(X2,multiply(multiply(X3,inverse(X3)),multiply(inverse(multiply(X4,X2)),inverse(multiply(multiply(X5,inverse(X5)),inverse(multiply(X6,inverse(X1))))))))) [forward demodulation 47348,24036]
48920. multiply(X1,multiply(inverse(X6),X4)) = inverse(multiply(X2,inverse(inverse(multiply(inverse(multiply(X4,X2)),inverse(multiply(multiply(X5,inverse(X5)),inverse(multiply(X6,inverse(X1)))))))))) [forward demodulation 48134,15613]
49696. multiply(X1,multiply(inverse(X6),X4)) = inverse(multiply(multiply(X2,inverse(multiply(X4,X2))),inverse(multiply(multiply(X5,inverse(X5)),inverse(multiply(X6,inverse(X1))))))) [forward demodulation 48920,16573]
50458. multiply(X1,multiply(inverse(X6),X4)) = inverse(multiply(X2,multiply(inverse(multiply(X4,X2)),inverse(multiply(multiply(X5,inverse(X5)),inverse(multiply(X6,inverse(X1)))))))) [forward demodulation 49696,24036]
51210. multiply(X1,multiply(inverse(X6),X4)) = multiply(inverse(inverse(multiply(multiply(X5,inverse(X5)),inverse(multiply(X6,inverse(X1)))))),X4) [forward demodulation 50458,22528]
51956. multiply(X1,multiply(inverse(X6),X4)) = multiply(multiply(multiply(X5,inverse(X5)),inverse(multiply(X6,inverse(X1)))),X4) [forward demodulation 51210,16551]
52674. multiply(X1,multiply(inverse(X6),X4)) = multiply(multiply(X5,inverse(X5)),multiply(inverse(multiply(X6,inverse(X1))),X4)) [forward demodulation 51956,24036]
53353. multiply(X1,multiply(inverse(X6),X4)) = inverse(inverse(multiply(inverse(multiply(X6,inverse(X1))),X4))) [forward demodulation 52674,15613]
54005. multiply(inverse(multiply(X6,inverse(X1))),X4) = multiply(X1,multiply(inverse(X6),X4)) [forward demodulation 53353,21992]
82985. multiply(inverse(X8),X8) = multiply(inverse(multiply(X1,multiply(multiply(multiply(X2,inverse(X2)),inverse(multiply(inverse(multiply(multiply(multiply(multiply(X3,inverse(X3)),inverse(multiply(X4,X5))),multiply(X6,inverse(X6))),multiply(X4,X0))),X1))),multiply(multiply(X7,inverse(X7)),inverse(X0))))),inverse(X5)) [superposition 114,22989]
83070. multiply(inverse(X8),X8) = inverse(multiply(X5,multiply(X1,multiply(multiply(multiply(X2,inverse(X2)),inverse(multiply(inverse(multiply(multiply(multiply(multiply(X3,inverse(X3)),inverse(multiply(X4,X5))),multiply(X6,inverse(X6))),multiply(X4,X0))),X1))),multiply(multiply(X7,inverse(X7)),inverse(X0)))))) [forward demodulation 82985,23504]
83417. multiply(inverse(X8),X8) = inverse(multiply(X5,multiply(X1,multiply(multiply(X2,inverse(X2)),multiply(inverse(multiply(inverse(multiply(multiply(multiply(multiply(X3,inverse(X3)),inverse(multiply(X4,X5))),multiply(X6,inverse(X6))),multiply(X4,X0))),X1)),multiply(multiply(X7,inverse(X7)),inverse(X0))))))) [forward demodulation 83070,24036]
83737. multiply(inverse(X8),X8) = inverse(multiply(X5,multiply(X1,inverse(inverse(multiply(inverse(multiply(inverse(multiply(multiply(multiply(multiply(X3,inverse(X3)),inverse(multiply(X4,X5))),multiply(X6,inverse(X6))),multiply(X4,X0))),X1)),multiply(multiply(X7,inverse(X7)),inverse(X0)))))))) [forward demodulation 83417,15613]
84043. multiply(inverse(X8),X8) = inverse(multiply(X5,multiply(X1,multiply(inverse(multiply(inverse(multiply(multiply(multiply(multiply(X3,inverse(X3)),inverse(multiply(X4,X5))),multiply(X6,inverse(X6))),multiply(X4,X0))),X1)),multiply(multiply(X7,inverse(X7)),inverse(X0)))))) [forward demodulation 83737,21992]
84335. multiply(inverse(X8),X8) = inverse(multiply(X5,multiply(inverse(inverse(multiply(multiply(multiply(multiply(X3,inverse(X3)),inverse(multiply(X4,X5))),multiply(X6,inverse(X6))),multiply(X4,X0)))),multiply(multiply(X7,inverse(X7)),inverse(X0))))) [forward demodulation 84043,23764]
84617. multiply(inverse(X8),X8) = multiply(inverse(multiply(multiply(X7,inverse(X7)),inverse(X0))),multiply(inverse(multiply(multiply(multiply(multiply(X3,inverse(X3)),inverse(multiply(X4,X5))),multiply(X6,inverse(X6))),multiply(X4,X0))),inverse(X5))) [forward demodulation 84335,36550]
84887. multiply(inverse(X8),X8) = multiply(X0,multiply(inverse(multiply(X7,inverse(X7))),multiply(inverse(multiply(multiply(multiply(multiply(X3,inverse(X3)),inverse(multiply(X4,X5))),multiply(X6,inverse(X6))),multiply(X4,X0))),inverse(X5)))) [forward demodulation 84617,54005]
85147. multiply(inverse(X8),X8) = multiply(X0,inverse(inverse(multiply(inverse(multiply(multiply(multiply(multiply(X3,inverse(X3)),inverse(multiply(X4,X5))),multiply(X6,inverse(X6))),multiply(X4,X0))),inverse(X5))))) [forward demodulation 84887,15614]
85398. multiply(inverse(X8),X8) = multiply(multiply(X0,inverse(multiply(multiply(multiply(multiply(X3,inverse(X3)),inverse(multiply(X4,X5))),multiply(X6,inverse(X6))),multiply(X4,X0)))),inverse(X5)) [forward demodulation 85147,16573]
85639. multiply(inverse(X8),X8) = multiply(X0,multiply(inverse(multiply(multiply(multiply(multiply(X3,inverse(X3)),inverse(multiply(X4,X5))),multiply(X6,inverse(X6))),multiply(X4,X0))),inverse(X5))) [forward demodulation 85398,24036]
85871. multiply(inverse(X8),X8) = multiply(X0,inverse(multiply(X5,multiply(multiply(multiply(multiply(X3,inverse(X3)),inverse(multiply(X4,X5))),multiply(X6,inverse(X6))),multiply(X4,X0))))) [forward demodulation 85639,23504]
86089. multiply(inverse(X8),X8) = multiply(X0,inverse(multiply(X5,multiply(multiply(multiply(X3,inverse(X3)),inverse(multiply(X4,X5))),multiply(multiply(X6,inverse(X6)),multiply(X4,X0)))))) [forward demodulation 85871,24036]
86297. multiply(inverse(X8),X8) = multiply(X0,inverse(multiply(X5,multiply(multiply(X3,inverse(X3)),multiply(inverse(multiply(X4,X5)),multiply(multiply(X6,inverse(X6)),multiply(X4,X0))))))) [forward demodulation 86089,24036]
86493. multiply(inverse(X8),X8) = multiply(X0,inverse(multiply(X5,inverse(inverse(multiply(inverse(multiply(X4,X5)),multiply(multiply(X6,inverse(X6)),multiply(X4,X0)))))))) [forward demodulation 86297,15613]
86676. multiply(inverse(X8),X8) = multiply(X0,inverse(multiply(X5,multiply(inverse(multiply(X4,X5)),multiply(multiply(X6,inverse(X6)),multiply(X4,X0)))))) [forward demodulation 86493,21992]
86840. multiply(inverse(X8),X8) = multiply(X0,multiply(inverse(multiply(multiply(X6,inverse(X6)),multiply(X4,X0))),X4)) [forward demodulation 86676,22528]
86985. multiply(inverse(X8),X8) = multiply(X0,multiply(inverse(inverse(inverse(multiply(X4,X0)))),X4)) [forward demodulation 86840,15613]
87112. multiply(inverse(X8),X8) = multiply(X0,multiply(inverse(multiply(X4,X0)),X4)) [forward demodulation 86985,16551]
87215. multiply(inverse(X4),X4) = multiply(inverse(X8),X8) [forward demodulation 87112,23764]
268570. multiply(a3,multiply(b3,c3)) != multiply(a3,multiply(b3,c3)) <- (~1) [superposition 7,24036]
268668. $false <- (~1) [trivial inequality removal 268570]
268669. 1 [avatar contradiction clause 268668]
269300. $false <- (~2) [forward subsumption resolution 11,22989]
269301. 2 [avatar contradiction clause 269300]
269302. $false <- (~3) [forward subsumption resolution 15,87215]
269303. 3 [avatar contradiction clause 269302]
s1. ~3 | ~2 | ~1 [sat_conversion 16]
s2. 1 [sat_conversion 268669]
s3. 2 [sat_conversion 269301]
s4. 3 [sat_conversion 269303]
s5. # [rat s1,s2,s3,s4]
269304. $false [avatar sat refutation s5]
% SZS output end Proof for GRP058-1
% ------------------------------
% Version: Vampire 5.0.0 (Release build, commit 2e2c9b7b8 on 2026-01-17 12:24:14 +0100)
% Linked with Z3 4.14.0.0 3c47fd96cf5645d0c42b2c819d9e9a84380aa721 z3-4.8.4-9178-g3c47fd96c
% CaDiCaL version: 2.1.3
% Termination reason: Refutation
% Time elapsed: 3.336 s
% Peak memory usage: 133 MB
% Instructions burned: 12656 (million)
% ------------------------------
% ------------------------------
