% Running in auto input_syntax mode. Trying TPTP
% Refutation found. Thanks to Tanya!
% SZS status Unsatisfiable for GRP567-1
% SZS output start Proof for GRP567-1
1. double_divide(double_divide(X0,double_divide(double_divide(X1,double_divide(X0,X2)),double_divide(identity,X2))),double_divide(identity,identity)) = X1 [input(axiom)]
2. multiply(X0,X1) = double_divide(double_divide(X1,X0),identity) [input(axiom)]
3. inverse(X0) = double_divide(X0,identity) [input(axiom)]
4. identity = double_divide(X0,inverse(X0)) [input(axiom)]
5. multiply(multiply(a3,b3),c3) != multiply(a3,multiply(b3,c3)) [input(negated conjecture)]
6. identity = double_divide(X0,double_divide(X0,identity)) [definition unfolding 4,3]
7. double_divide(double_divide(c3,double_divide(double_divide(b3,a3),identity)),identity) != double_divide(double_divide(double_divide(double_divide(c3,b3),identity),a3),identity) [definition unfolding 5,2,2,2,2]
8. double_divide(double_divide(X0,double_divide(double_divide(X1,identity),double_divide(identity,double_divide(X0,identity)))),double_divide(identity,identity)) = X1 [superposition 1,6]
9. double_divide(double_divide(double_divide(X1,double_divide(double_divide(X0,double_divide(X1,X2)),double_divide(identity,X2))),double_divide(double_divide(X3,X0),double_divide(identity,double_divide(identity,identity)))),double_divide(identity,identity)) = X3 [superposition 1,1]
10. double_divide(double_divide(X0,double_divide(identity,double_divide(identity,identity))),double_divide(identity,identity)) = X0 [superposition 1,6]
11. double_divide(X1,double_divide(double_divide(X0,double_divide(X1,X2)),double_divide(identity,X2))) = double_divide(double_divide(identity,double_divide(X0,double_divide(identity,identity))),double_divide(identity,identity)) [superposition 1,1]
12. double_divide(double_divide(X0,double_divide(double_divide(X1,double_divide(X0,double_divide(identity,identity))),identity)),double_divide(identity,identity)) = X1 [superposition 1,6]
13. double_divide(double_divide(X0,identity),double_divide(identity,identity)) = X0 [forward demodulation 10,6]
14. double_divide(double_divide(double_divide(X1,double_divide(double_divide(X0,double_divide(X1,X2)),double_divide(identity,X2))),double_divide(double_divide(X3,X0),identity)),double_divide(identity,identity)) = X3 [forward demodulation 9,6]
15. double_divide(X0,identity) = double_divide(double_divide(identity,double_divide(X0,double_divide(identity,identity))),double_divide(identity,identity)) [superposition 1,13]
18. double_divide(identity,identity) = double_divide(double_divide(identity,identity),double_divide(identity,identity)) [superposition 15,6]
20. double_divide(double_divide(identity,X0),double_divide(identity,identity)) = double_divide(double_divide(X0,identity),identity) [superposition 15,13]
24. double_divide(identity,double_divide(X0,double_divide(identity,identity))) = double_divide(double_divide(identity,double_divide(double_divide(X0,identity),double_divide(identity,identity))),double_divide(identity,identity)) [superposition 1,15]
27. double_divide(identity,double_divide(X0,double_divide(identity,identity))) = double_divide(double_divide(X0,identity),identity) [forward demodulation 24,15]
29. identity = double_divide(identity,identity) [forward demodulation 18,13]
41. double_divide(X0,identity) = double_divide(double_divide(identity,double_divide(X0,identity)),identity) [superposition 15,29]
44. double_divide(double_divide(X0,double_divide(double_divide(X1,double_divide(X0,identity)),identity)),identity) = X1 [superposition 1,29]
60. double_divide(double_divide(double_divide(X0,double_divide(X1,double_divide(identity,identity))),X0),double_divide(identity,identity)) = X1 [superposition 1,12]
61. double_divide(double_divide(identity,X0),double_divide(identity,identity)) = double_divide(double_divide(X1,double_divide(double_divide(X0,double_divide(X1,double_divide(identity,identity))),identity)),identity) [superposition 15,12]
62. double_divide(double_divide(identity,double_divide(X0,double_divide(identity,identity))),double_divide(identity,identity)) = double_divide(X1,double_divide(double_divide(X0,double_divide(X1,double_divide(identity,identity))),identity)) [superposition 1,12]
65. double_divide(double_divide(identity,double_divide(X0,identity)),identity) = double_divide(X1,double_divide(double_divide(X0,double_divide(X1,identity)),identity)) [forward demodulation 62,29]
66. double_divide(double_divide(identity,X0),identity) = double_divide(double_divide(X1,double_divide(double_divide(X0,double_divide(X1,identity)),identity)),identity) [forward demodulation 61,29]
67. double_divide(double_divide(double_divide(X0,double_divide(X1,identity)),X0),identity) = X1 [forward demodulation 60,29]
72. double_divide(X0,identity) = double_divide(X1,double_divide(double_divide(X0,double_divide(X1,identity)),identity)) [forward demodulation 65,41]
73. double_divide(double_divide(identity,X0),identity) = X0 [forward demodulation 66,44]
78. double_divide(identity,X0) = double_divide(double_divide(X1,double_divide(X0,double_divide(identity,double_divide(X1,identity)))),double_divide(identity,identity)) [superposition 8,73]
79. double_divide(identity,X0) = double_divide(X0,double_divide(identity,identity)) [superposition 13,73]
83. double_divide(X0,identity) = double_divide(identity,X0) [forward demodulation 79,29]
84. double_divide(identity,X0) = double_divide(double_divide(X1,double_divide(X0,double_divide(identity,double_divide(X1,identity)))),identity) [forward demodulation 78,29]
87. double_divide(identity,X0) = double_divide(identity,double_divide(X1,double_divide(X0,double_divide(identity,double_divide(X1,identity))))) [forward demodulation 84,83]
95. double_divide(double_divide(identity,double_divide(X1,double_divide(identity,identity))),double_divide(identity,identity)) = double_divide(double_divide(X0,identity),double_divide(double_divide(X1,X0),double_divide(identity,double_divide(identity,identity)))) [superposition 11,13]
108. double_divide(double_divide(identity,double_divide(X1,double_divide(identity,identity))),double_divide(identity,identity)) = double_divide(double_divide(X0,double_divide(X1,X2)),double_divide(double_divide(double_divide(identity,double_divide(X0,double_divide(identity,identity))),double_divide(identity,identity)),double_divide(identity,double_divide(identity,X2)))) [superposition 11,11]
109. double_divide(X0,double_divide(double_divide(X1,double_divide(X0,double_divide(identity,identity))),identity)) = double_divide(double_divide(identity,double_divide(X1,double_divide(identity,identity))),double_divide(identity,identity)) [superposition 11,6]
110. double_divide(double_divide(identity,double_divide(X2,double_divide(identity,identity))),double_divide(identity,identity)) = double_divide(X1,double_divide(double_divide(X2,double_divide(X1,double_divide(double_divide(X0,double_divide(identity,X3)),double_divide(identity,X3)))),double_divide(double_divide(identity,double_divide(X0,double_divide(identity,identity))),double_divide(identity,identity)))) [superposition 11,11]
112. double_divide(double_divide(identity,double_divide(X1,double_divide(identity,identity))),double_divide(identity,identity)) = double_divide(double_divide(X0,double_divide(X1,double_divide(identity,identity))),X0) [superposition 11,12]
115. double_divide(double_divide(identity,X0),double_divide(identity,identity)) = double_divide(X1,double_divide(double_divide(double_divide(X2,double_divide(double_divide(X0,identity),double_divide(identity,double_divide(X2,identity)))),double_divide(X1,X3)),double_divide(identity,X3))) [superposition 11,8]
120. double_divide(X0,double_divide(double_divide(X1,double_divide(X0,X2)),double_divide(identity,X2))) = double_divide(double_divide(identity,double_divide(X1,identity)),identity) [superposition 11,29]
128. double_divide(double_divide(double_divide(identity,double_divide(X0,double_divide(identity,identity))),double_divide(identity,identity)),identity) = double_divide(double_divide(X0,double_divide(identity,X1)),double_divide(identity,X1)) [superposition 73,11]
129. double_divide(double_divide(X1,double_divide(double_divide(X2,double_divide(X1,double_divide(double_divide(X0,double_divide(identity,X3)),double_divide(identity,X3)))),double_divide(double_divide(identity,double_divide(X0,double_divide(identity,identity))),double_divide(identity,identity)))),double_divide(identity,identity)) = X2 [superposition 1,11]
130. double_divide(X0,double_divide(double_divide(X1,double_divide(X0,X2)),double_divide(identity,X2))) = double_divide(X1,identity) [superposition 15,11]
132. double_divide(double_divide(double_divide(identity,double_divide(X1,double_divide(identity,identity))),double_divide(double_divide(X3,double_divide(X0,double_divide(double_divide(X1,double_divide(X0,X2)),double_divide(identity,X2)))),identity)),double_divide(identity,identity)) = X3 [superposition 12,11]
139. double_divide(double_divide(double_divide(identity,double_divide(X1,identity)),double_divide(double_divide(X3,double_divide(X0,double_divide(double_divide(X1,double_divide(X0,X2)),double_divide(identity,X2)))),identity)),identity) = X3 [forward demodulation 132,29]
141. double_divide(double_divide(X1,double_divide(double_divide(X2,double_divide(X1,double_divide(double_divide(X0,double_divide(identity,X3)),double_divide(identity,X3)))),double_divide(double_divide(identity,double_divide(X0,identity)),identity))),identity) = X2 [forward demodulation 129,29]
142. double_divide(identity,double_divide(double_divide(identity,double_divide(X0,double_divide(identity,identity))),double_divide(identity,identity))) = double_divide(double_divide(X0,double_divide(identity,X1)),double_divide(identity,X1)) [forward demodulation 128,83]
149. double_divide(X0,double_divide(double_divide(X1,double_divide(X0,X2)),double_divide(identity,X2))) = double_divide(identity,double_divide(identity,double_divide(X1,identity))) [forward demodulation 120,83]
154. double_divide(double_divide(identity,X0),double_divide(identity,identity)) = double_divide(double_divide(X2,double_divide(double_divide(X0,identity),double_divide(identity,double_divide(X2,identity)))),identity) [forward demodulation 115,130]
157. double_divide(double_divide(X0,double_divide(X1,identity)),X0) = double_divide(double_divide(identity,double_divide(X1,identity)),identity) [forward demodulation 112,29]
159. double_divide(double_divide(identity,double_divide(X2,double_divide(identity,identity))),double_divide(identity,identity)) = double_divide(X1,double_divide(double_divide(X2,double_divide(X1,double_divide(double_divide(X0,double_divide(identity,X3)),double_divide(identity,X3)))),double_divide(X0,identity))) [forward demodulation 110,15]
160. double_divide(X1,identity) = double_divide(X0,double_divide(double_divide(X1,double_divide(X0,double_divide(identity,identity))),identity)) [forward demodulation 109,15]
161. double_divide(double_divide(identity,double_divide(X1,double_divide(identity,identity))),double_divide(identity,identity)) = double_divide(double_divide(X0,double_divide(X1,X2)),double_divide(double_divide(X0,identity),double_divide(identity,double_divide(identity,X2)))) [forward demodulation 108,15]
174. double_divide(double_divide(identity,double_divide(X1,double_divide(identity,identity))),double_divide(identity,identity)) = double_divide(double_divide(X0,identity),double_divide(double_divide(X1,X0),identity)) [forward demodulation 95,6]
182. double_divide(identity,double_divide(double_divide(identity,double_divide(X1,identity)),double_divide(double_divide(X3,double_divide(X0,double_divide(double_divide(X1,double_divide(X0,X2)),double_divide(identity,X2)))),identity))) = X3 [forward demodulation 139,83]
184. double_divide(identity,double_divide(X1,double_divide(double_divide(X2,double_divide(X1,double_divide(double_divide(X0,double_divide(identity,X3)),double_divide(identity,X3)))),double_divide(double_divide(identity,double_divide(X0,identity)),identity)))) = X2 [forward demodulation 141,83]
185. double_divide(double_divide(X0,double_divide(identity,X1)),double_divide(identity,X1)) = double_divide(double_divide(double_divide(identity,double_divide(X0,double_divide(identity,identity))),identity),identity) [forward demodulation 142,27]
189. double_divide(X1,identity) = double_divide(identity,double_divide(identity,double_divide(X1,identity))) [forward demodulation 149,130]
192. double_divide(double_divide(identity,X0),double_divide(identity,identity)) = double_divide(identity,double_divide(X2,double_divide(double_divide(X0,identity),double_divide(identity,double_divide(X2,identity))))) [forward demodulation 154,83]
195. double_divide(double_divide(X0,double_divide(X1,identity)),X0) = double_divide(identity,double_divide(identity,double_divide(X1,identity))) [forward demodulation 157,83]
197. double_divide(X2,identity) = double_divide(X1,double_divide(double_divide(X2,double_divide(X1,double_divide(double_divide(X0,double_divide(identity,X3)),double_divide(identity,X3)))),double_divide(X0,identity))) [forward demodulation 159,15]
198. double_divide(X1,identity) = double_divide(X0,double_divide(identity,double_divide(X1,double_divide(X0,double_divide(identity,identity))))) [forward demodulation 160,83]
199. double_divide(X1,identity) = double_divide(double_divide(X0,double_divide(X1,X2)),double_divide(double_divide(X0,identity),double_divide(identity,double_divide(identity,X2)))) [forward demodulation 161,15]
204. double_divide(double_divide(identity,double_divide(X1,double_divide(identity,identity))),double_divide(identity,identity)) = double_divide(double_divide(X0,identity),double_divide(identity,double_divide(X1,X0))) [forward demodulation 174,83]
211. double_divide(identity,double_divide(double_divide(identity,double_divide(X1,identity)),double_divide(identity,double_divide(X3,double_divide(X0,double_divide(double_divide(X1,double_divide(X0,X2)),double_divide(identity,X2))))))) = X3 [forward demodulation 182,83]
212. double_divide(identity,double_divide(X1,double_divide(double_divide(X2,double_divide(X1,double_divide(double_divide(X0,double_divide(identity,X3)),double_divide(identity,X3)))),double_divide(identity,double_divide(identity,double_divide(X0,identity)))))) = X2 [forward demodulation 184,83]
213. double_divide(double_divide(X0,double_divide(identity,X1)),double_divide(identity,X1)) = double_divide(identity,double_divide(double_divide(identity,double_divide(X0,double_divide(identity,identity))),identity)) [forward demodulation 185,83]
219. double_divide(identity,double_divide(X0,identity)) = double_divide(double_divide(identity,X0),double_divide(identity,identity)) [forward demodulation 192,87]
221. double_divide(X1,identity) = double_divide(double_divide(X0,double_divide(X1,identity)),X0) [forward demodulation 195,189]
222. double_divide(X1,identity) = double_divide(X0,double_divide(identity,double_divide(X1,double_divide(X0,identity)))) [forward demodulation 198,29]
226. double_divide(X1,identity) = double_divide(double_divide(X0,identity),double_divide(identity,double_divide(X1,X0))) [forward demodulation 204,15]
232. double_divide(identity,double_divide(double_divide(identity,double_divide(X1,identity)),double_divide(identity,double_divide(X3,double_divide(X1,identity))))) = X3 [forward demodulation 211,130]
233. double_divide(identity,double_divide(X1,double_divide(double_divide(X2,double_divide(X1,double_divide(double_divide(X0,double_divide(identity,X3)),double_divide(identity,X3)))),double_divide(X0,identity)))) = X2 [forward demodulation 212,189]
234. double_divide(double_divide(X0,double_divide(identity,X1)),double_divide(identity,X1)) = double_divide(identity,double_divide(identity,double_divide(identity,double_divide(X0,double_divide(identity,identity))))) [forward demodulation 213,83]
240. double_divide(identity,double_divide(X0,identity)) = double_divide(double_divide(identity,X0),identity) [forward demodulation 219,29]
250. double_divide(identity,double_divide(X2,identity)) = X2 [forward demodulation 233,197]
251. double_divide(identity,double_divide(X0,identity)) = double_divide(double_divide(X0,double_divide(identity,X1)),double_divide(identity,X1)) [forward demodulation 234,222]
257. double_divide(identity,double_divide(X0,identity)) = double_divide(identity,double_divide(identity,X0)) [forward demodulation 240,83]
263. double_divide(double_divide(X0,double_divide(identity,X1)),double_divide(identity,X1)) = X0 [forward demodulation 251,250]
267. double_divide(identity,double_divide(identity,X0)) = X0 [forward demodulation 257,250]
286. double_divide(double_divide(identity,double_divide(double_divide(X1,X0),X0)),double_divide(identity,identity)) = X1 [superposition 1,250]
287. double_divide(double_divide(double_divide(double_divide(X1,X0),X0),identity),identity) = X1 [forward demodulation 286,20]
298. double_divide(identity,double_divide(double_divide(double_divide(X1,X0),X0),identity)) = X1 [forward demodulation 287,83]
304. double_divide(double_divide(X1,X0),X0) = X1 [forward demodulation 298,250]
331. double_divide(double_divide(double_divide(double_divide(X0,double_divide(X1,X2)),double_divide(double_divide(double_divide(identity,double_divide(X0,double_divide(identity,identity))),double_divide(identity,identity)),double_divide(identity,double_divide(identity,X2)))),double_divide(double_divide(X3,X1),identity)),double_divide(identity,identity)) = X3 [superposition 14,11]
348. double_divide(double_divide(double_divide(X1,double_divide(double_divide(double_divide(double_divide(X0,double_divide(X2,X3)),double_divide(identity,X3)),double_divide(X1,X4)),double_divide(identity,X4))),double_divide(double_divide(double_divide(identity,double_divide(X0,double_divide(identity,identity))),double_divide(identity,identity)),identity)),double_divide(identity,identity)) = X2 [superposition 14,11]
353. double_divide(double_divide(X0,X1),X0) = double_divide(double_divide(identity,double_divide(double_divide(X2,double_divide(double_divide(X1,double_divide(X2,X3)),double_divide(identity,X3))),double_divide(identity,identity))),double_divide(identity,identity)) [superposition 11,14]
354. double_divide(X2,double_divide(double_divide(X1,double_divide(X2,X3)),double_divide(identity,X3))) = double_divide(double_divide(double_divide(X0,X1),X0),double_divide(identity,identity)) [superposition 1,14]
369. double_divide(X2,double_divide(double_divide(X1,double_divide(X2,X3)),double_divide(identity,X3))) = double_divide(double_divide(double_divide(X0,X1),X0),identity) [forward demodulation 354,29]
370. double_divide(double_divide(X0,X1),X0) = double_divide(double_divide(X2,double_divide(double_divide(X1,double_divide(X2,X3)),double_divide(identity,X3))),identity) [forward demodulation 353,15]
375. double_divide(double_divide(double_divide(X1,double_divide(double_divide(double_divide(double_divide(X0,double_divide(X2,X3)),double_divide(identity,X3)),double_divide(X1,X4)),double_divide(identity,X4))),double_divide(double_divide(double_divide(identity,double_divide(X0,identity)),identity),identity)),identity) = X2 [forward demodulation 348,29]
391. double_divide(double_divide(double_divide(double_divide(X0,double_divide(X1,X2)),double_divide(double_divide(double_divide(identity,double_divide(X0,identity)),identity),double_divide(identity,double_divide(identity,X2)))),double_divide(double_divide(X3,X1),identity)),identity) = X3 [forward demodulation 331,29]
418. double_divide(X2,double_divide(double_divide(X1,double_divide(X2,X3)),double_divide(identity,X3))) = double_divide(identity,double_divide(double_divide(X0,X1),X0)) [forward demodulation 369,83]
419. double_divide(double_divide(X0,X1),X0) = double_divide(identity,double_divide(X2,double_divide(double_divide(X1,double_divide(X2,X3)),double_divide(identity,X3)))) [forward demodulation 370,83]
424. double_divide(identity,double_divide(double_divide(X1,double_divide(double_divide(double_divide(double_divide(X0,double_divide(X2,X3)),double_divide(identity,X3)),double_divide(X1,X4)),double_divide(identity,X4))),double_divide(double_divide(double_divide(identity,double_divide(X0,identity)),identity),identity))) = X2 [forward demodulation 375,83]
439. double_divide(identity,double_divide(double_divide(double_divide(X0,double_divide(X1,X2)),double_divide(double_divide(double_divide(identity,double_divide(X0,identity)),identity),double_divide(identity,double_divide(identity,X2)))),double_divide(double_divide(X3,X1),identity))) = X3 [forward demodulation 391,83]
466. double_divide(X1,identity) = double_divide(identity,double_divide(double_divide(X0,X1),X0)) [forward demodulation 418,130]
467. double_divide(identity,double_divide(X1,identity)) = double_divide(double_divide(X0,X1),X0) [forward demodulation 419,130]
472. double_divide(identity,double_divide(double_divide(X1,double_divide(double_divide(double_divide(double_divide(X0,double_divide(X2,X3)),double_divide(identity,X3)),double_divide(X1,X4)),double_divide(identity,X4))),double_divide(identity,double_divide(double_divide(identity,double_divide(X0,identity)),identity)))) = X2 [forward demodulation 424,83]
486. double_divide(identity,double_divide(double_divide(double_divide(X0,double_divide(X1,X2)),double_divide(double_divide(double_divide(identity,double_divide(X0,identity)),identity),double_divide(identity,double_divide(identity,X2)))),double_divide(identity,double_divide(X3,X1)))) = X3 [forward demodulation 439,83]
512. double_divide(double_divide(X0,X1),X0) = X1 [forward demodulation 467,250]
517. double_divide(identity,double_divide(double_divide(X1,double_divide(double_divide(double_divide(double_divide(X0,double_divide(X2,X3)),double_divide(identity,X3)),double_divide(X1,X4)),double_divide(identity,X4))),double_divide(identity,double_divide(X0,identity)))) = X2 [forward demodulation 472,250]
531. double_divide(identity,double_divide(double_divide(double_divide(X0,double_divide(X1,X2)),double_divide(double_divide(double_divide(identity,double_divide(X0,identity)),identity),X2)),double_divide(identity,double_divide(X3,X1)))) = X3 [forward demodulation 486,267]
559. double_divide(identity,double_divide(double_divide(X1,double_divide(double_divide(double_divide(double_divide(X0,double_divide(X2,X3)),double_divide(identity,X3)),double_divide(X1,X4)),double_divide(identity,X4))),X0)) = X2 [forward demodulation 517,250]
571. double_divide(identity,double_divide(double_divide(double_divide(X0,double_divide(X1,X2)),double_divide(double_divide(identity,double_divide(identity,double_divide(X0,identity))),X2)),double_divide(identity,double_divide(X3,X1)))) = X3 [forward demodulation 531,83]
593. double_divide(identity,double_divide(double_divide(double_divide(double_divide(X0,double_divide(X2,X3)),double_divide(identity,X3)),identity),X0)) = X2 [forward demodulation 559,130]
600. double_divide(identity,double_divide(double_divide(double_divide(X0,double_divide(X1,X2)),double_divide(double_divide(X0,identity),X2)),double_divide(identity,double_divide(X3,X1)))) = X3 [forward demodulation 571,189]
617. double_divide(identity,double_divide(double_divide(identity,double_divide(double_divide(X0,double_divide(X2,X3)),double_divide(identity,X3))),X0)) = X2 [forward demodulation 593,83]
653. double_divide(double_divide(identity,double_divide(identity,double_divide(identity,identity))),double_divide(identity,identity)) = double_divide(identity,double_divide(X0,double_divide(identity,X0))) [superposition 11,267]
666. double_divide(identity,identity) = double_divide(identity,double_divide(X0,double_divide(identity,X0))) [forward demodulation 653,15]
682. identity = double_divide(identity,double_divide(X0,double_divide(identity,X0))) [forward demodulation 666,29]
716. double_divide(double_divide(X0,double_divide(X1,X2)),double_divide(identity,X2)) = double_divide(double_divide(double_divide(identity,double_divide(X0,double_divide(identity,identity))),double_divide(identity,identity)),X1) [superposition 512,11]
720. double_divide(X0,double_divide(X1,X0)) = X1 [superposition 512,512]
726. double_divide(X0,double_divide(X0,X1)) = double_divide(double_divide(identity,double_divide(double_divide(identity,X1),double_divide(identity,identity))),double_divide(identity,identity)) [superposition 11,512]
727. double_divide(identity,X1) = double_divide(double_divide(X0,double_divide(X0,X1)),double_divide(identity,identity)) [superposition 1,512]
741. double_divide(X1,double_divide(X0,double_divide(identity,X2))) = double_divide(double_divide(identity,double_divide(double_divide(double_divide(X1,X2),X0),double_divide(identity,identity))),double_divide(identity,identity)) [superposition 11,512]
742. double_divide(double_divide(X1,X2),X0) = double_divide(double_divide(X1,double_divide(X0,double_divide(identity,X2))),double_divide(identity,identity)) [superposition 1,512]
743. double_divide(double_divide(X1,double_divide(X0,identity)),double_divide(identity,identity)) = double_divide(double_divide(X1,double_divide(identity,identity)),X0) [superposition 12,512]
758. double_divide(double_divide(X1,double_divide(X0,identity)),identity) = double_divide(double_divide(X1,identity),X0) [forward demodulation 743,29]
759. double_divide(double_divide(X1,X2),X0) = double_divide(double_divide(X1,double_divide(X0,double_divide(identity,X2))),identity) [forward demodulation 742,29]
760. double_divide(X1,double_divide(X0,double_divide(identity,X2))) = double_divide(double_divide(double_divide(X1,X2),X0),identity) [forward demodulation 741,15]
772. double_divide(identity,X1) = double_divide(double_divide(X0,double_divide(X0,X1)),identity) [forward demodulation 727,29]
773. double_divide(X0,double_divide(X0,X1)) = double_divide(double_divide(identity,X1),identity) [forward demodulation 726,15]
778. double_divide(double_divide(X0,double_divide(X1,X2)),double_divide(identity,X2)) = double_divide(double_divide(X0,identity),X1) [forward demodulation 716,15]
791. double_divide(identity,double_divide(X1,double_divide(X0,identity))) = double_divide(double_divide(X1,identity),X0) [forward demodulation 758,83]
792. double_divide(double_divide(X1,X2),X0) = double_divide(identity,double_divide(X1,double_divide(X0,double_divide(identity,X2)))) [forward demodulation 759,83]
793. double_divide(X1,double_divide(X0,double_divide(identity,X2))) = double_divide(identity,double_divide(double_divide(X1,X2),X0)) [forward demodulation 760,83]
801. double_divide(identity,X1) = double_divide(identity,double_divide(X0,double_divide(X0,X1))) [forward demodulation 772,83]
802. double_divide(identity,double_divide(identity,X1)) = double_divide(X0,double_divide(X0,X1)) [forward demodulation 773,83]
819. double_divide(X0,double_divide(X0,X1)) = X1 [forward demodulation 802,267]
840. double_divide(X1,X0) = double_divide(X0,X1) [superposition 304,512]
1156. double_divide(double_divide(X1,X0),double_divide(identity,identity)) = double_divide(double_divide(X1,double_divide(identity,identity)),double_divide(X0,identity)) [superposition 12,67]
1184. double_divide(double_divide(X1,X0),identity) = double_divide(double_divide(X1,identity),double_divide(X0,identity)) [forward demodulation 1156,29]
1212. double_divide(identity,double_divide(X1,X0)) = double_divide(double_divide(X1,identity),double_divide(X0,identity)) [forward demodulation 1184,83]
1473. double_divide(X2,double_divide(X0,identity)) = double_divide(double_divide(double_divide(X1,double_divide(double_divide(X2,double_divide(X1,X3)),double_divide(identity,X3))),double_divide(double_divide(X0,identity),identity)),double_divide(identity,identity)) [superposition 14,221]
1476. double_divide(X2,double_divide(X0,identity)) = double_divide(double_divide(identity,identity),double_divide(double_divide(X1,double_divide(double_divide(X2,double_divide(X1,X3)),double_divide(identity,X3))),double_divide(double_divide(X0,identity),identity))) [forward demodulation 1473,840]
1505. double_divide(X2,double_divide(X0,identity)) = double_divide(double_divide(identity,identity),double_divide(double_divide(X1,double_divide(double_divide(X2,double_divide(X1,X3)),double_divide(identity,X3))),double_divide(identity,double_divide(X0,identity)))) [forward demodulation 1476,83]
1532. double_divide(X2,double_divide(X0,identity)) = double_divide(identity,double_divide(double_divide(double_divide(identity,identity),double_divide(X0,identity)),double_divide(X1,double_divide(double_divide(X2,double_divide(X1,X3)),double_divide(identity,X3))))) [forward demodulation 1505,793]
1550. double_divide(X2,double_divide(X0,identity)) = double_divide(identity,double_divide(double_divide(double_divide(identity,identity),double_divide(X0,identity)),double_divide(X2,identity))) [forward demodulation 1532,130]
1567. double_divide(X2,double_divide(X0,identity)) = double_divide(double_divide(double_divide(double_divide(identity,identity),double_divide(X0,identity)),identity),X2) [forward demodulation 1550,791]
1580. double_divide(X2,double_divide(X0,identity)) = double_divide(double_divide(identity,double_divide(double_divide(identity,identity),double_divide(X0,identity))),X2) [forward demodulation 1567,83]
1586. double_divide(X2,double_divide(X0,identity)) = double_divide(double_divide(double_divide(double_divide(identity,identity),identity),X0),X2) [forward demodulation 1580,791]
1589. double_divide(X2,double_divide(X0,identity)) = double_divide(double_divide(double_divide(identity,double_divide(identity,identity)),X0),X2) [forward demodulation 1586,83]
1591. double_divide(X2,double_divide(X0,identity)) = double_divide(double_divide(identity,X0),X2) [forward demodulation 1589,6]
1602. double_divide(double_divide(X0,double_divide(X1,X2)),double_divide(identity,X2)) = double_divide(X1,double_divide(double_divide(identity,double_divide(X0,double_divide(identity,identity))),double_divide(identity,identity))) [superposition 819,11]
1667. double_divide(double_divide(X0,double_divide(X1,X2)),double_divide(identity,X2)) = double_divide(X1,double_divide(double_divide(identity,identity),double_divide(identity,double_divide(X0,double_divide(identity,identity))))) [forward demodulation 1602,1591]
1691. double_divide(double_divide(X0,double_divide(X1,X2)),double_divide(identity,X2)) = double_divide(X1,double_divide(double_divide(identity,identity),double_divide(double_divide(X0,identity),identity))) [forward demodulation 1667,27]
1709. double_divide(double_divide(X0,double_divide(X1,X2)),double_divide(identity,X2)) = double_divide(X1,double_divide(identity,double_divide(identity,double_divide(X0,identity)))) [forward demodulation 1691,1212]
1720. double_divide(double_divide(X0,double_divide(X1,X2)),double_divide(identity,X2)) = double_divide(X1,double_divide(X0,identity)) [forward demodulation 1709,819]
1727. double_divide(X1,double_divide(X0,identity)) = double_divide(double_divide(identity,X2),double_divide(X0,double_divide(X1,X2))) [forward demodulation 1720,840]
1749. double_divide(double_divide(X1,X0),identity) = double_divide(identity,double_divide(X0,X1)) [superposition 466,819]
1799. double_divide(double_divide(double_divide(identity,double_divide(double_divide(X1,double_divide(X0,identity)),double_divide(X0,identity))),double_divide(double_divide(X3,X1),identity)),double_divide(identity,identity)) = X3 [superposition 14,466]
1810. double_divide(double_divide(identity,identity),double_divide(double_divide(identity,double_divide(double_divide(X1,double_divide(X0,identity)),double_divide(X0,identity))),double_divide(double_divide(X3,X1),identity))) = X3 [forward demodulation 1799,1591]
1845. double_divide(identity,double_divide(X0,X1)) = double_divide(identity,double_divide(X1,X0)) [forward demodulation 1749,83]
1855. double_divide(double_divide(X3,X1),double_divide(double_divide(identity,double_divide(double_divide(X1,double_divide(X0,identity)),double_divide(X0,identity))),identity)) = X3 [forward demodulation 1810,1727]
1890. double_divide(double_divide(X3,X1),double_divide(identity,double_divide(identity,double_divide(double_divide(X1,double_divide(X0,identity)),double_divide(X0,identity))))) = X3 [forward demodulation 1855,83]
1917. double_divide(identity,double_divide(double_divide(double_divide(X3,X1),double_divide(double_divide(X1,double_divide(X0,identity)),double_divide(X0,identity))),identity)) = X3 [forward demodulation 1890,793]
1938. double_divide(double_divide(X3,X1),double_divide(double_divide(X1,double_divide(X0,identity)),double_divide(X0,identity))) = X3 [forward demodulation 1917,720]
1955. double_divide(double_divide(X3,X1),double_divide(double_divide(identity,X0),double_divide(X1,double_divide(X0,identity)))) = X3 [forward demodulation 1938,1591]
2763. double_divide(double_divide(c3,double_divide(double_divide(b3,a3),identity)),identity) != double_divide(double_divide(double_divide(identity,double_divide(c3,b3)),a3),identity) [superposition 7,83]
2797. double_divide(double_divide(c3,double_divide(double_divide(b3,a3),identity)),identity) != double_divide(identity,double_divide(double_divide(identity,double_divide(c3,b3)),a3)) [forward demodulation 2763,83]
2828. double_divide(double_divide(c3,double_divide(double_divide(b3,a3),identity)),identity) != double_divide(identity,double_divide(a3,double_divide(identity,double_divide(c3,b3)))) [forward demodulation 2797,1845]
2853. double_divide(double_divide(c3,double_divide(double_divide(b3,a3),identity)),identity) != double_divide(identity,double_divide(a3,double_divide(identity,double_divide(b3,c3)))) [forward demodulation 2828,1845]
2874. double_divide(identity,double_divide(a3,double_divide(identity,double_divide(b3,c3)))) != double_divide(identity,double_divide(c3,double_divide(double_divide(b3,a3),identity))) [forward demodulation 2853,83]
2889. double_divide(identity,double_divide(a3,double_divide(identity,double_divide(b3,c3)))) != double_divide(double_divide(c3,identity),double_divide(b3,a3)) [forward demodulation 2874,791]
2900. double_divide(identity,double_divide(a3,double_divide(identity,double_divide(b3,c3)))) != double_divide(double_divide(b3,a3),double_divide(c3,identity)) [forward demodulation 2889,840]
2907. double_divide(identity,double_divide(a3,double_divide(identity,double_divide(b3,c3)))) != double_divide(double_divide(identity,c3),double_divide(b3,a3)) [forward demodulation 2900,1591]
2913. double_divide(identity,double_divide(a3,double_divide(identity,double_divide(b3,c3)))) != double_divide(double_divide(identity,c3),double_divide(a3,b3)) [forward demodulation 2907,840]
3109. double_divide(double_divide(X1,X0),identity) = double_divide(double_divide(X1,identity),double_divide(identity,X0)) [superposition 226,512]
3113. double_divide(double_divide(X1,identity),double_divide(identity,X0)) = double_divide(double_divide(X0,X1),identity) [superposition 226,304]
3213. double_divide(double_divide(X1,identity),double_divide(identity,X0)) = double_divide(identity,double_divide(X0,X1)) [forward demodulation 3113,83]
3216. double_divide(double_divide(X1,identity),double_divide(identity,X0)) = double_divide(identity,double_divide(X1,X0)) [forward demodulation 3109,83]
3896. double_divide(double_divide(identity,double_divide(X2,double_divide(identity,identity))),double_divide(identity,identity)) = double_divide(X1,double_divide(double_divide(X2,double_divide(X0,X1)),double_divide(identity,X0))) [superposition 11,840]
3982. double_divide(double_divide(identity,double_divide(X2,double_divide(identity,identity))),double_divide(identity,identity)) = double_divide(X1,double_divide(double_divide(identity,X0),double_divide(X2,double_divide(X0,X1)))) [forward demodulation 3896,840]
4104. double_divide(double_divide(identity,identity),double_divide(identity,double_divide(X2,double_divide(identity,identity)))) = double_divide(X1,double_divide(double_divide(identity,X0),double_divide(X2,double_divide(X0,X1)))) [forward demodulation 3982,1591]
4205. double_divide(identity,double_divide(double_divide(X2,double_divide(identity,identity)),identity)) = double_divide(X1,double_divide(double_divide(identity,X0),double_divide(X2,double_divide(X0,X1)))) [forward demodulation 4104,3213]
4283. double_divide(X2,identity) = double_divide(X1,double_divide(double_divide(identity,X0),double_divide(X2,double_divide(X0,X1)))) [forward demodulation 4205,72]
4847. double_divide(X0,double_divide(X1,identity)) = double_divide(identity,double_divide(double_divide(identity,double_divide(X1,identity)),double_divide(identity,X0))) [superposition 232,304]
4904. double_divide(X0,double_divide(X1,identity)) = double_divide(identity,double_divide(X1,double_divide(identity,X0))) [forward demodulation 4847,720]
5223. double_divide(X2,X0) = double_divide(identity,double_divide(double_divide(identity,double_divide(double_divide(X1,X0),double_divide(identity,X2))),X1)) [superposition 617,512]
5308. double_divide(X0,double_divide(X1,double_divide(identity,identity))) = double_divide(identity,double_divide(double_divide(identity,X0),X1)) [superposition 617,12]
5431. double_divide(X0,double_divide(X1,identity)) = double_divide(identity,double_divide(double_divide(identity,X0),X1)) [forward demodulation 5308,29]
5516. double_divide(X2,X0) = double_divide(identity,double_divide(X1,double_divide(identity,double_divide(double_divide(X1,X0),double_divide(identity,X2))))) [forward demodulation 5223,1845]
5654. double_divide(X2,X0) = double_divide(double_divide(double_divide(X1,X0),double_divide(identity,X2)),double_divide(X1,identity)) [forward demodulation 5516,4904]
5782. double_divide(X2,X0) = double_divide(double_divide(identity,X1),double_divide(double_divide(X1,X0),double_divide(identity,X2))) [forward demodulation 5654,1591]
5898. double_divide(X2,X0) = double_divide(identity,double_divide(double_divide(double_divide(identity,X1),X2),double_divide(X1,X0))) [forward demodulation 5782,793]
7870. double_divide(double_divide(X1,identity),double_divide(double_divide(X0,identity),double_divide(identity,double_divide(identity,double_divide(identity,X2))))) = double_divide(double_divide(identity,double_divide(double_divide(X1,double_divide(X0,X2)),double_divide(identity,identity))),double_divide(identity,identity)) [superposition 11,199]
7881. double_divide(X1,double_divide(X0,X2)) = double_divide(double_divide(X0,identity),double_divide(double_divide(X1,identity),double_divide(identity,double_divide(identity,X2)))) [superposition 304,199]
7896. double_divide(X1,double_divide(X0,X2)) = double_divide(identity,double_divide(double_divide(double_divide(X0,identity),double_divide(identity,X2)),double_divide(X1,identity))) [forward demodulation 7881,793]
7907. double_divide(double_divide(X1,identity),double_divide(double_divide(X0,identity),double_divide(identity,double_divide(identity,double_divide(identity,X2))))) = double_divide(double_divide(identity,identity),double_divide(identity,double_divide(double_divide(X1,double_divide(X0,X2)),double_divide(identity,identity)))) [forward demodulation 7870,1591]
8030. double_divide(X1,double_divide(X0,X2)) = double_divide(double_divide(double_divide(double_divide(X0,identity),double_divide(identity,X2)),identity),X1) [forward demodulation 7896,791]
8041. double_divide(double_divide(X1,identity),double_divide(double_divide(X0,identity),double_divide(identity,double_divide(identity,double_divide(identity,X2))))) = double_divide(identity,double_divide(double_divide(double_divide(X1,double_divide(X0,X2)),double_divide(identity,identity)),identity)) [forward demodulation 7907,3213]
8154. double_divide(X1,double_divide(X0,X2)) = double_divide(double_divide(identity,double_divide(double_divide(X0,identity),double_divide(identity,X2))),X1) [forward demodulation 8030,83]
8165. double_divide(double_divide(X1,double_divide(X0,X2)),identity) = double_divide(double_divide(X1,identity),double_divide(double_divide(X0,identity),double_divide(identity,double_divide(identity,double_divide(identity,X2))))) [forward demodulation 8041,72]
8269. double_divide(X1,double_divide(X0,X2)) = double_divide(double_divide(X2,double_divide(double_divide(X0,identity),identity)),X1) [forward demodulation 8154,4904]
8279. double_divide(double_divide(X1,double_divide(X0,X2)),identity) = double_divide(identity,double_divide(double_divide(double_divide(X1,identity),double_divide(identity,double_divide(identity,X2))),double_divide(X0,identity))) [forward demodulation 8165,793]
8368. double_divide(X1,double_divide(X0,X2)) = double_divide(double_divide(X2,double_divide(identity,double_divide(X0,identity))),X1) [forward demodulation 8269,83]
8377. double_divide(double_divide(X1,double_divide(X0,X2)),identity) = double_divide(double_divide(double_divide(double_divide(X1,identity),double_divide(identity,double_divide(identity,X2))),identity),X0) [forward demodulation 8279,791]
8461. double_divide(X1,double_divide(X0,X2)) = double_divide(double_divide(X2,X0),X1) [forward demodulation 8368,720]
8468. double_divide(double_divide(X1,double_divide(X0,X2)),identity) = double_divide(double_divide(identity,double_divide(double_divide(X1,identity),double_divide(identity,double_divide(identity,X2)))),X0) [forward demodulation 8377,83]
8543. double_divide(double_divide(X1,double_divide(X0,X2)),identity) = double_divide(double_divide(double_divide(identity,X2),double_divide(double_divide(X1,identity),identity)),X0) [forward demodulation 8468,4904]
8606. double_divide(double_divide(X1,double_divide(X0,X2)),identity) = double_divide(double_divide(double_divide(identity,X2),double_divide(identity,double_divide(X1,identity))),X0) [forward demodulation 8543,83]
8645. double_divide(double_divide(X1,double_divide(X0,X2)),identity) = double_divide(double_divide(double_divide(identity,X2),X1),X0) [forward demodulation 8606,720]
8676. double_divide(identity,double_divide(X1,double_divide(X0,X2))) = double_divide(double_divide(double_divide(identity,X2),X1),X0) [forward demodulation 8645,83]
9053. double_divide(identity,double_divide(double_divide(double_divide(X1,X0),double_divide(double_divide(X1,identity),double_divide(double_divide(identity,double_divide(X2,identity)),double_divide(identity,double_divide(X0,double_divide(X2,identity)))))),double_divide(identity,double_divide(X3,identity)))) = X3 [superposition 600,232]
9169. double_divide(X2,double_divide(X0,X3)) = double_divide(identity,double_divide(double_divide(double_divide(X1,double_divide(double_divide(double_divide(X2,identity),double_divide(identity,double_divide(identity,X3))),X4)),double_divide(double_divide(X1,identity),X4)),double_divide(identity,double_divide(X0,identity)))) [superposition 600,199]
9204. double_divide(identity,double_divide(double_divide(double_divide(X0,double_divide(double_divide(identity,X1),X2)),double_divide(double_divide(X0,identity),X2)),identity)) = X1 [superposition 600,682]
9307. double_divide(double_divide(X0,double_divide(double_divide(identity,X1),X2)),double_divide(double_divide(X0,identity),X2)) = X1 [forward demodulation 9204,720]
9342. double_divide(X2,double_divide(X0,X3)) = double_divide(double_divide(X0,identity),double_divide(double_divide(double_divide(X1,double_divide(double_divide(double_divide(X2,identity),double_divide(identity,double_divide(identity,X3))),X4)),double_divide(double_divide(X1,identity),X4)),identity)) [forward demodulation 9169,4904]
9458. double_divide(double_divide(X3,identity),double_divide(double_divide(double_divide(X1,X0),double_divide(double_divide(X1,identity),double_divide(double_divide(identity,double_divide(X2,identity)),double_divide(identity,double_divide(X0,double_divide(X2,identity)))))),identity)) = X3 [forward demodulation 9053,4904]
9522. double_divide(double_divide(X2,double_divide(X0,identity)),double_divide(X0,double_divide(double_divide(identity,X1),X2))) = X1 [forward demodulation 9307,8461]
9557. double_divide(X2,double_divide(X0,X3)) = double_divide(identity,double_divide(X0,double_divide(double_divide(X1,double_divide(double_divide(double_divide(X2,identity),double_divide(identity,double_divide(identity,X3))),X4)),double_divide(double_divide(X1,identity),X4)))) [forward demodulation 9342,1212]
9672. double_divide(identity,double_divide(X3,double_divide(double_divide(X1,X0),double_divide(double_divide(X1,identity),double_divide(double_divide(identity,double_divide(X2,identity)),double_divide(identity,double_divide(X0,double_divide(X2,identity)))))))) = X3 [forward demodulation 9458,1212]
9760. double_divide(X2,double_divide(X0,X3)) = double_divide(identity,double_divide(X0,double_divide(double_divide(X4,double_divide(X1,identity)),double_divide(X1,double_divide(double_divide(double_divide(X2,identity),double_divide(identity,double_divide(identity,X3))),X4))))) [forward demodulation 9557,8461]
9871. double_divide(identity,double_divide(X3,double_divide(double_divide(X1,X0),double_divide(identity,double_divide(double_divide(double_divide(X1,identity),double_divide(X0,double_divide(X2,identity))),double_divide(identity,double_divide(X2,identity))))))) = X3 [forward demodulation 9672,793]
9941. double_divide(X2,double_divide(X0,X3)) = double_divide(identity,double_divide(X0,double_divide(double_divide(X4,double_divide(X1,identity)),double_divide(X1,double_divide(double_divide(identity,double_divide(double_divide(double_divide(X2,identity),X3),identity)),X4))))) [forward demodulation 9760,793]
10045. double_divide(double_divide(X3,double_divide(double_divide(double_divide(X1,identity),double_divide(X0,double_divide(X2,identity))),double_divide(identity,double_divide(X2,identity)))),double_divide(X1,X0)) = X3 [forward demodulation 9871,792]
10099. double_divide(X2,double_divide(X0,X3)) = double_divide(identity,double_divide(X0,double_divide(double_divide(double_divide(X2,identity),X3),identity))) [forward demodulation 9941,9522]
10183. double_divide(double_divide(X0,X1),double_divide(X3,double_divide(double_divide(double_divide(X1,identity),double_divide(X0,double_divide(X2,identity))),double_divide(identity,double_divide(X2,identity))))) = X3 [forward demodulation 10045,8461]
10217. double_divide(X2,double_divide(X0,X3)) = double_divide(double_divide(X0,identity),double_divide(double_divide(X2,identity),X3)) [forward demodulation 10099,791]
10283. double_divide(double_divide(X0,X1),double_divide(X3,double_divide(double_divide(double_divide(X2,identity),identity),double_divide(double_divide(X1,identity),double_divide(X0,double_divide(X2,identity)))))) = X3 [forward demodulation 10183,8461]
10360. double_divide(double_divide(X0,X1),double_divide(X3,double_divide(X1,double_divide(double_divide(X2,identity),double_divide(X0,double_divide(X2,identity)))))) = X3 [forward demodulation 10283,10217]
10419. double_divide(double_divide(X0,X1),double_divide(X3,double_divide(X1,X0))) = X3 [forward demodulation 10360,720]
10605. double_divide(double_divide(X0,identity),double_divide(X1,identity)) = double_divide(double_divide(identity,X0),double_divide(identity,X1)) [superposition 1591,1591]
10765. double_divide(X0,double_divide(X1,identity)) = double_divide(X0,double_divide(identity,X1)) [superposition 840,1591]
10895. double_divide(identity,double_divide(X0,X1)) = double_divide(double_divide(identity,X0),double_divide(identity,X1)) [forward demodulation 10605,1212]
11498. double_divide(X1,double_divide(X0,double_divide(X2,identity))) = double_divide(double_divide(double_divide(X1,double_divide(double_divide(X2,double_divide(identity,X3)),double_divide(identity,X3))),X0),identity) [superposition 197,512]
11649. double_divide(X1,double_divide(X0,double_divide(X2,identity))) = double_divide(identity,double_divide(double_divide(X1,double_divide(double_divide(X2,double_divide(identity,X3)),double_divide(identity,X3))),X0)) [forward demodulation 11498,83]
11791. double_divide(X1,double_divide(X0,double_divide(X2,identity))) = double_divide(identity,double_divide(double_divide(X1,double_divide(double_divide(X3,identity),double_divide(X2,double_divide(identity,X3)))),X0)) [forward demodulation 11649,8461]
11929. double_divide(X1,double_divide(X0,double_divide(X2,identity))) = double_divide(identity,double_divide(double_divide(X1,double_divide(identity,double_divide(double_divide(double_divide(X3,identity),X3),X2))),X0)) [forward demodulation 11791,793]
12054. double_divide(X1,double_divide(X0,double_divide(X2,identity))) = double_divide(identity,double_divide(double_divide(X1,double_divide(identity,double_divide(double_divide(X3,double_divide(X3,identity)),X2))),X0)) [forward demodulation 11929,840]
12163. double_divide(X1,double_divide(X0,double_divide(X2,identity))) = double_divide(identity,double_divide(double_divide(X1,double_divide(identity,double_divide(identity,X2))),X0)) [forward demodulation 12054,6]
12244. double_divide(X1,double_divide(X0,double_divide(X2,identity))) = double_divide(identity,double_divide(double_divide(X1,X2),X0)) [forward demodulation 12163,819]
14980. double_divide(double_divide(X1,X2),X0) = double_divide(double_divide(X2,X1),X0) [superposition 10419,512]
15027. double_divide(double_divide(X0,double_divide(X1,X2)),identity) = double_divide(identity,double_divide(X0,double_divide(X2,X1))) [superposition 466,10419]
15039. double_divide(identity,double_divide(X0,double_divide(X1,X2))) = double_divide(identity,double_divide(X0,double_divide(X2,X1))) [forward demodulation 15027,83]
18618. double_divide(double_divide(X0,double_divide(identity,X1)),identity) = double_divide(double_divide(X2,X0),double_divide(double_divide(X2,identity),double_divide(identity,double_divide(identity,double_divide(identity,X1))))) [superposition 199,263]
18643. double_divide(double_divide(X0,double_divide(identity,X1)),identity) = double_divide(identity,double_divide(double_divide(double_divide(X2,X0),double_divide(identity,double_divide(identity,X1))),double_divide(X2,identity))) [forward demodulation 18618,793]
18701. double_divide(double_divide(X0,double_divide(identity,X1)),identity) = double_divide(identity,double_divide(double_divide(identity,X2),double_divide(double_divide(X2,X0),double_divide(identity,double_divide(identity,X1))))) [forward demodulation 18643,12244]
18738. double_divide(double_divide(X0,double_divide(identity,X1)),identity) = double_divide(double_divide(double_divide(identity,X2),double_divide(identity,X1)),double_divide(X2,X0)) [forward demodulation 18701,792]
18762. double_divide(double_divide(X0,double_divide(identity,X1)),identity) = double_divide(identity,double_divide(double_divide(identity,X1),double_divide(double_divide(X2,X0),X2))) [forward demodulation 18738,8676]
18779. double_divide(double_divide(X0,double_divide(identity,X1)),identity) = double_divide(identity,double_divide(double_divide(identity,X1),double_divide(X2,double_divide(X2,X0)))) [forward demodulation 18762,15039]
18795. double_divide(double_divide(X0,double_divide(identity,X1)),identity) = double_divide(X1,double_divide(double_divide(X2,double_divide(X2,X0)),identity)) [forward demodulation 18779,5431]
18807. double_divide(double_divide(X0,double_divide(identity,X1)),identity) = double_divide(X1,double_divide(identity,double_divide(X2,double_divide(X2,X0)))) [forward demodulation 18795,10765]
18816. double_divide(X1,double_divide(identity,X0)) = double_divide(double_divide(X0,double_divide(identity,X1)),identity) [forward demodulation 18807,801]
18820. double_divide(X1,double_divide(identity,X0)) = double_divide(identity,double_divide(X0,double_divide(identity,X1))) [forward demodulation 18816,83]
24636. double_divide(double_divide(double_divide(identity,X0),X1),X2) = double_divide(double_divide(double_divide(X0,identity),X1),X2) [superposition 14980,1591]
25318. double_divide(identity,double_divide(X1,double_divide(X2,X0))) = double_divide(double_divide(double_divide(X0,identity),X1),X2) [forward demodulation 24636,8676]
32747. double_divide(identity,double_divide(X2,double_divide(double_divide(identity,X0),X1))) = double_divide(double_divide(X2,identity),double_divide(X0,double_divide(X1,identity))) [superposition 3216,5431]
32866. double_divide(identity,double_divide(X2,double_divide(double_divide(identity,X0),X1))) = double_divide(identity,double_divide(double_divide(double_divide(X2,identity),X1),X0)) [forward demodulation 32747,12244]
33022. double_divide(identity,double_divide(X2,double_divide(double_divide(identity,X0),X1))) = double_divide(identity,double_divide(identity,double_divide(X1,double_divide(X0,X2)))) [forward demodulation 32866,25318]
33137. double_divide(X1,double_divide(X0,X2)) = double_divide(identity,double_divide(X2,double_divide(double_divide(identity,X0),X1))) [forward demodulation 33022,819]
47294. double_divide(identity,double_divide(X1,double_divide(X2,X0))) = double_divide(double_divide(X1,double_divide(identity,X0)),X2) [superposition 792,819]
49705. double_divide(X0,double_divide(double_divide(X1,double_divide(identity,X2)),double_divide(identity,X3))) = double_divide(double_divide(double_divide(X0,X3),X2),X1) [superposition 792,793]
49940. double_divide(double_divide(double_divide(X0,X3),X2),X1) = double_divide(X0,double_divide(identity,double_divide(X1,double_divide(double_divide(identity,X3),X2)))) [forward demodulation 49705,47294]
50346. double_divide(double_divide(double_divide(X0,X3),X2),X1) = double_divide(X0,double_divide(X2,double_divide(X3,X1))) [forward demodulation 49940,33137]
57020. double_divide(double_divide(X1,identity),double_divide(X0,X2)) = double_divide(double_divide(X1,X0),double_divide(identity,double_divide(double_divide(identity,X3),double_divide(X2,double_divide(X3,identity))))) [superposition 778,1955]
57061. double_divide(double_divide(X1,identity),double_divide(X0,X2)) = double_divide(double_divide(X1,X0),double_divide(X2,identity)) [forward demodulation 57020,4283]
87144. double_divide(double_divide(identity,X2),double_divide(X0,X1)) = double_divide(identity,double_divide(X2,double_divide(double_divide(double_divide(identity,X3),X0),double_divide(X3,X1)))) [superposition 10895,5898]
87314. double_divide(double_divide(identity,X2),double_divide(X0,X1)) = double_divide(identity,double_divide(X2,double_divide(identity,double_divide(X0,double_divide(X3,double_divide(X3,X1)))))) [forward demodulation 87144,50346]
87737. double_divide(double_divide(identity,X2),double_divide(X0,X1)) = double_divide(double_divide(X0,double_divide(X3,double_divide(X3,X1))),double_divide(X2,identity)) [forward demodulation 87314,4904]
88099. double_divide(double_divide(identity,X2),double_divide(X0,X1)) = double_divide(double_divide(X0,identity),double_divide(double_divide(X3,double_divide(X3,X1)),X2)) [forward demodulation 87737,57061]
88382. double_divide(double_divide(X0,identity),double_divide(X1,X2)) = double_divide(double_divide(identity,X2),double_divide(X0,X1)) [forward demodulation 88099,819]
104262. double_divide(double_divide(identity,c3),double_divide(a3,b3)) != double_divide(double_divide(b3,c3),double_divide(identity,a3)) [superposition 2913,18820]
104569. double_divide(double_divide(a3,identity),double_divide(b3,c3)) != double_divide(double_divide(identity,c3),double_divide(a3,b3)) [forward demodulation 104262,8461]
104856. $false [forward subsumption resolution 104569,88382]
% SZS output end Proof for GRP567-1
% ------------------------------
% Version: Vampire 5.0.0 (Release build, commit 2e2c9b7b8 on 2026-01-17 12:24:14 +0100)
% Linked with Z3 4.14.0.0 3c47fd96cf5645d0c42b2c819d9e9a84380aa721 z3-4.8.4-9178-g3c47fd96c
% CaDiCaL version: 2.1.3
% Termination reason: Refutation
% Time elapsed: 0.996 s
% Peak memory usage: 59 MB
% Instructions burned: 3432 (million)
% ------------------------------
% ------------------------------
