% Running in auto input_syntax mode. Trying TPTP
% Refutation found. Thanks to Tanya!
% SZS status Unsatisfiable for GRP683-10_clausified
% SZS output start Proof for GRP683-10_clausified
1. ld(X0,mult(X0,X0)) = X0 [input(axiom)]
2. rd(mult(X0,X0),X0) = X0 [input(axiom)]
3. mult(X0,ld(X0,X1)) = ld(X0,mult(X0,X1)) [input(axiom)]
4. mult(rd(X0,X1),X1) = rd(mult(X0,X1),X1) [input(axiom)]
5. ld(ld(X0,X1),mult(ld(X0,X1),mult(X2,X3))) = mult(ld(X0,mult(X0,X2)),X3) [input(axiom)]
6. rd(mult(mult(X0,X1),rd(X2,X3)),rd(X2,X3)) = mult(X0,rd(mult(X1,X3),X3)) [input(axiom)]
7. ld(X0,mult(X0,ld(X1,X1))) = rd(mult(rd(X0,X0),X1),X1) [input(axiom)]
8. mult(x3,ld(x4,mult(x4,x5))) != mult(x3,x5) [input(negated conjecture)]
9. mult(rd(X0,X0),X0) = X0 [forward demodulation 2,4]
10. mult(X0,ld(X0,X0)) = X0 [forward demodulation 1,3]
12. ld(X0,X0) = mult(X0,ld(X0,ld(X0,X0))) [superposition 3,10]
13. mult(x3,x5) != mult(x3,mult(x4,ld(x4,x5))) [superposition 8,3]
18. rd(X0,X0) = ld(X0,mult(X0,ld(X0,X0))) [superposition 7,9]
22. ld(X0,mult(X0,ld(X1,X1))) = mult(rd(rd(X0,X0),X1),X1) [superposition 4,7]
23. mult(rd(rd(X0,X0),X1),X1) = mult(X0,ld(X0,ld(X1,X1))) [forward demodulation 22,3]
27. rd(X0,X0) = mult(X0,ld(X0,ld(X0,X0))) [forward demodulation 18,3]
28. rd(X0,X0) = ld(X0,X0) [forward demodulation 27,12]
29. ld(X0,mult(X0,ld(X1,X1))) = rd(mult(ld(X0,X0),X1),X1) [superposition 7,28]
30. mult(ld(X0,X0),X0) = X0 [superposition 9,28]
31. ld(X0,mult(X0,ld(X1,X1))) = mult(rd(ld(X0,X0),X1),X1) [forward demodulation 29,4]
32. mult(X0,ld(X0,ld(X1,X1))) = mult(rd(ld(X0,X0),X1),X1) [forward demodulation 31,3]
33. mult(ld(X0,mult(X0,X2)),X3) = ld(mult(X0,ld(X0,X1)),mult(mult(X0,ld(X0,X1)),mult(X2,X3))) [superposition 5,3]
34. mult(ld(ld(X0,X3),mult(ld(X0,X3),X4)),X5) = ld(mult(ld(X0,mult(X0,X1)),X2),mult(mult(ld(X0,mult(X0,X1)),X2),mult(X4,X5))) [superposition 5,5]
35. mult(ld(X1,mult(X1,rd(X0,X0))),X0) = ld(ld(X1,X2),mult(ld(X1,X2),X0)) [superposition 5,9]
36. ld(ld(X1,X2),mult(ld(X1,X2),X0)) = mult(ld(X1,mult(X1,X0)),ld(X0,X0)) [superposition 5,10]
39. mult(ld(X0,mult(X0,X1)),X2) = mult(ld(X0,X3),ld(ld(X0,X3),mult(X1,X2))) [superposition 3,5]
40. mult(ld(X0,X3),ld(ld(X0,X3),mult(X1,X2))) = mult(mult(X0,ld(X0,X1)),X2) [forward demodulation 39,3]
43. ld(ld(X1,X2),mult(ld(X1,X2),X0)) = mult(mult(X1,ld(X1,X0)),ld(X0,X0)) [forward demodulation 36,3]
44. mult(ld(X1,mult(X1,rd(X0,X0))),X0) = mult(ld(X1,X2),ld(ld(X1,X2),X0)) [forward demodulation 35,3]
45. mult(ld(ld(X0,X3),mult(ld(X0,X3),X4)),X5) = mult(mult(ld(X0,mult(X0,X1)),X2),ld(mult(ld(X0,mult(X0,X1)),X2),mult(X4,X5))) [forward demodulation 34,3]
46. mult(ld(X0,mult(X0,X2)),X3) = mult(mult(X0,ld(X0,X1)),ld(mult(X0,ld(X0,X1)),mult(X2,X3))) [forward demodulation 33,3]
48. mult(mult(X1,ld(X1,X0)),ld(X0,X0)) = mult(ld(X1,X2),ld(ld(X1,X2),X0)) [forward demodulation 43,3]
49. mult(ld(X1,X2),ld(ld(X1,X2),X0)) = mult(mult(X1,ld(X1,rd(X0,X0))),X0) [forward demodulation 44,3]
50. mult(ld(ld(X0,X3),mult(ld(X0,X3),X4)),X5) = mult(mult(mult(X0,ld(X0,X1)),X2),ld(mult(mult(X0,ld(X0,X1)),X2),mult(X4,X5))) [forward demodulation 45,3]
51. mult(mult(X0,ld(X0,X2)),X3) = mult(mult(X0,ld(X0,X1)),ld(mult(X0,ld(X0,X1)),mult(X2,X3))) [forward demodulation 46,3]
52. mult(ld(X1,X2),ld(ld(X1,X2),X0)) = mult(mult(X1,ld(X1,ld(X0,X0))),X0) [forward demodulation 49,28]
53. mult(mult(mult(X0,ld(X0,X1)),X2),ld(mult(mult(X0,ld(X0,X1)),X2),mult(X4,X5))) = mult(mult(ld(X0,X3),ld(ld(X0,X3),X4)),X5) [forward demodulation 50,3]
64. rd(mult(X0,rd(X1,X2)),rd(X1,X2)) = mult(X0,rd(mult(ld(X0,X0),X2),X2)) [superposition 6,10]
65. mult(X0,rd(mult(ld(X0,ld(X0,X0)),X2),X2)) = rd(mult(ld(X0,X0),rd(X1,X2)),rd(X1,X2)) [superposition 6,12]
67. mult(X2,rd(mult(X3,X1),X1)) = rd(mult(mult(X2,X3),mult(rd(X0,X1),X1)),mult(rd(X0,X1),X1)) [superposition 6,4]
68. mult(X2,rd(mult(X3,X1),X1)) = rd(mult(mult(X2,X3),ld(X0,mult(X0,ld(X1,X1)))),ld(X0,mult(X0,ld(X1,X1)))) [superposition 6,7]
69. mult(X3,rd(mult(X4,rd(X5,X2)),rd(X5,X2))) = rd(mult(mult(X3,X4),mult(X0,rd(mult(X1,X2),X2))),mult(X0,rd(mult(X1,X2),X2))) [superposition 6,6]
72. mult(X0,rd(mult(X1,X2),X2)) = mult(rd(mult(X0,X1),rd(X3,X2)),rd(X3,X2)) [superposition 4,6]
73. mult(rd(mult(X0,X1),rd(X3,X2)),rd(X3,X2)) = mult(X0,mult(rd(X1,X2),X2)) [forward demodulation 72,4]
76. mult(X3,rd(mult(X4,rd(X5,X2)),rd(X5,X2))) = mult(rd(mult(X3,X4),mult(X0,rd(mult(X1,X2),X2))),mult(X0,rd(mult(X1,X2),X2))) [forward demodulation 69,4]
77. mult(X2,rd(mult(X3,X1),X1)) = mult(rd(mult(X2,X3),ld(X0,mult(X0,ld(X1,X1)))),ld(X0,mult(X0,ld(X1,X1)))) [forward demodulation 68,4]
78. mult(X2,rd(mult(X3,X1),X1)) = mult(rd(mult(X2,X3),mult(rd(X0,X1),X1)),mult(rd(X0,X1),X1)) [forward demodulation 67,4]
80. mult(X0,rd(mult(ld(X0,ld(X0,X0)),X2),X2)) = mult(rd(ld(X0,X0),rd(X1,X2)),rd(X1,X2)) [forward demodulation 65,4]
81. rd(mult(X0,rd(X1,X2)),rd(X1,X2)) = mult(X0,mult(rd(ld(X0,X0),X2),X2)) [forward demodulation 64,4]
84. mult(X3,rd(mult(X4,rd(X5,X2)),rd(X5,X2))) = mult(rd(mult(X3,X4),mult(X0,mult(rd(X1,X2),X2))),mult(X0,mult(rd(X1,X2),X2))) [forward demodulation 76,4]
85. mult(X2,rd(mult(X3,X1),X1)) = mult(rd(mult(X2,X3),mult(X0,ld(X0,ld(X1,X1)))),mult(X0,ld(X0,ld(X1,X1)))) [forward demodulation 77,3]
86. mult(rd(mult(X2,X3),mult(rd(X0,X1),X1)),mult(rd(X0,X1),X1)) = mult(X2,mult(rd(X3,X1),X1)) [forward demodulation 78,4]
88. mult(X0,rd(mult(ld(X0,ld(X0,X0)),X2),X2)) = mult(X0,ld(X0,ld(rd(X1,X2),rd(X1,X2)))) [forward demodulation 80,32]
89. rd(mult(X0,rd(X1,X2)),rd(X1,X2)) = mult(X0,mult(X0,ld(X0,ld(X2,X2)))) [forward demodulation 81,32]
91. mult(rd(mult(X3,X4),mult(X0,mult(rd(X1,X2),X2))),mult(X0,mult(rd(X1,X2),X2))) = mult(X3,mult(rd(X4,rd(X5,X2)),rd(X5,X2))) [forward demodulation 84,4]
92. mult(rd(mult(X2,X3),mult(X0,ld(X0,ld(X1,X1)))),mult(X0,ld(X0,ld(X1,X1)))) = mult(X2,mult(rd(X3,X1),X1)) [forward demodulation 85,4]
93. mult(X0,ld(X0,ld(rd(X1,X2),rd(X1,X2)))) = mult(X0,mult(rd(ld(X0,ld(X0,X0)),X2),X2)) [forward demodulation 88,4]
94. mult(rd(X0,rd(X1,X2)),rd(X1,X2)) = mult(X0,mult(X0,ld(X0,ld(X2,X2)))) [forward demodulation 89,4]
145. rd(X0,X0) = mult(X0,ld(X0,ld(rd(X0,X0),rd(X0,X0)))) [superposition 9,23]
157. rd(X0,X0) = mult(X0,mult(rd(ld(X0,ld(X0,X0)),X0),X0)) [forward demodulation 145,93]
165. ld(X0,X0) = mult(X0,mult(rd(ld(X0,ld(X0,X0)),X0),X0)) [forward demodulation 157,28]
244. mult(X0,ld(X0,X0)) = mult(ld(X0,X1),ld(ld(X0,X1),X0)) [superposition 48,10]
275. mult(ld(X0,X1),ld(ld(X0,X1),X0)) = X0 [forward demodulation 244,10]
461. mult(X1,mult(X1,ld(X1,ld(X0,X0)))) = mult(rd(X1,ld(X0,X0)),ld(X0,X0)) [superposition 94,28]
465. mult(X0,ld(X0,X0)) = mult(rd(X0,rd(X1,X0)),rd(X1,X0)) [superposition 94,12]
505. mult(rd(X0,rd(X1,X0)),rd(X1,X0)) = X0 [forward demodulation 465,10]
571. mult(mult(X0,ld(X0,X1)),X2) = mult(X0,ld(X0,mult(X1,X2))) [superposition 51,10]
603. mult(mult(X0,ld(X0,mult(X0,ld(X0,X1)))),X2) = mult(mult(X0,ld(X0,X1)),mult(mult(X0,ld(X0,X1)),ld(mult(X0,ld(X0,X1)),X2))) [superposition 51,3]
618. mult(mult(X0,ld(X0,X1)),mult(mult(X0,ld(X0,X1)),ld(mult(X0,ld(X0,X1)),X2))) = mult(mult(X0,mult(X0,ld(X0,ld(X0,X1)))),X2) [forward demodulation 603,3]
640. mult(mult(X0,mult(X0,ld(X0,ld(X0,X1)))),X2) = mult(X0,ld(X0,mult(X1,mult(mult(X0,ld(X0,X1)),ld(mult(X0,ld(X0,X1)),X2))))) [forward demodulation 618,571]
651. mult(mult(X0,mult(X0,ld(X0,ld(X0,X1)))),X2) = mult(X0,ld(X0,mult(X1,mult(X0,ld(X0,mult(X1,ld(mult(X0,ld(X0,X1)),X2))))))) [forward demodulation 640,571]
740. mult(X2,mult(rd(X3,X1),X1)) = mult(rd(mult(X2,X3),mult(ld(X0,mult(X0,ld(X1,X1))),X1)),mult(ld(X0,mult(X0,ld(X1,X1))),X1)) [superposition 86,7]
743. mult(X1,mult(rd(X2,X0),X0)) = mult(rd(mult(X1,X2),X0),X0) [superposition 86,9]
752. mult(rd(mult(X1,X2),X0),X0) = mult(X1,mult(rd(X2,rd(X3,X0)),rd(X3,X0))) [superposition 86,505]
772. mult(X2,mult(rd(X3,X1),X1)) = mult(X2,mult(rd(X3,mult(ld(X0,mult(X0,ld(X1,X1))),X1)),mult(ld(X0,mult(X0,ld(X1,X1))),X1))) [forward demodulation 740,743]
804. mult(X2,mult(rd(X3,X1),X1)) = mult(X2,mult(rd(X3,mult(mult(X0,ld(X0,ld(X1,X1))),X1)),mult(mult(X0,ld(X0,ld(X1,X1))),X1))) [forward demodulation 772,3]
822. mult(X2,mult(rd(X3,X1),X1)) = mult(X2,mult(rd(X3,mult(X0,ld(X0,mult(ld(X1,X1),X1)))),mult(X0,ld(X0,mult(ld(X1,X1),X1))))) [forward demodulation 804,571]
832. mult(X2,mult(rd(X3,X1),X1)) = mult(X2,mult(rd(X3,mult(X0,ld(X0,X1))),mult(X0,ld(X0,X1)))) [forward demodulation 822,30]
839. mult(X0,ld(X0,mult(mult(X0,X1),X2))) = mult(mult(X0,mult(X0,ld(X0,X1))),X2) [superposition 571,3]
842. mult(X0,X1) = mult(X0,ld(X0,mult(X0,X1))) [superposition 571,10]
861. mult(ld(X0,X2),ld(ld(X0,X2),X1)) = mult(X0,ld(X0,mult(X1,ld(X1,X1)))) [superposition 48,571]
872. mult(rd(mult(X0,ld(X0,X1)),X2),X2) = rd(mult(X0,ld(X0,mult(X1,X2))),X2) [superposition 4,571]
878. mult(mult(X0,ld(X0,X1)),mult(rd(X2,X4),X4)) = mult(rd(mult(X0,ld(X0,mult(X1,X2))),mult(rd(X3,X4),X4)),mult(rd(X3,X4),X4)) [superposition 86,571]
880. mult(rd(mult(X0,ld(X0,X1)),rd(X3,X2)),rd(X3,X2)) = mult(X0,ld(X0,mult(X1,mult(mult(X0,ld(X0,X1)),ld(mult(X0,ld(X0,X1)),ld(X2,X2)))))) [superposition 94,571]
881. mult(rd(mult(X0,ld(X0,X1)),rd(X3,X2)),rd(X3,X2)) = mult(X0,ld(X0,mult(X1,mult(X0,ld(X0,mult(X1,ld(mult(X0,ld(X0,X1)),ld(X2,X2)))))))) [forward demodulation 880,571]
883. mult(mult(X0,ld(X0,X1)),mult(rd(X2,X4),X4)) = mult(X0,mult(rd(ld(X0,mult(X1,X2)),X4),X4)) [forward demodulation 878,86]
889. rd(mult(X0,ld(X0,mult(X1,X2))),X2) = mult(X0,mult(rd(ld(X0,X1),X2),X2)) [forward demodulation 872,743]
898. mult(X0,ld(X0,X1)) = mult(ld(X0,X2),ld(ld(X0,X2),X1)) [forward demodulation 861,10]
913. mult(X0,X1) = mult(X0,mult(X0,ld(X0,X1))) [forward demodulation 842,3]
916. mult(rd(mult(X0,ld(X0,X1)),rd(X3,X2)),rd(X3,X2)) = mult(mult(X0,mult(X0,ld(X0,ld(X0,X1)))),ld(X2,X2)) [forward demodulation 881,651]
917. mult(X0,mult(rd(ld(X0,mult(X1,X2)),X4),X4)) = mult(X0,ld(X0,mult(X1,mult(rd(X2,X4),X4)))) [forward demodulation 883,571]
935. mult(rd(mult(X0,ld(X0,X1)),rd(X3,X2)),rd(X3,X2)) = mult(X0,ld(X0,mult(mult(X0,ld(X0,X1)),ld(X2,X2)))) [forward demodulation 916,839]
952. mult(rd(mult(X0,ld(X0,X1)),rd(X3,X2)),rd(X3,X2)) = mult(X0,ld(X0,mult(X0,ld(X0,mult(X1,ld(X2,X2)))))) [forward demodulation 935,571]
962. mult(rd(mult(X0,ld(X0,X1)),rd(X3,X2)),rd(X3,X2)) = mult(X0,mult(X0,ld(X0,ld(X0,mult(X1,ld(X2,X2)))))) [forward demodulation 952,3]
969. mult(rd(mult(X0,ld(X0,X1)),rd(X3,X2)),rd(X3,X2)) = mult(X0,ld(X0,mult(X1,ld(X2,X2)))) [forward demodulation 962,913]
972. mult(X0,mult(rd(ld(X0,X1),X2),X2)) = mult(X0,ld(X0,mult(X1,ld(X2,X2)))) [forward demodulation 969,73]
987. mult(ld(X0,X2),mult(rd(ld(ld(X0,X2),X1),X4),X4)) = mult(rd(mult(mult(X0,ld(X0,X1)),ld(X1,X1)),mult(X3,ld(X3,ld(X4,X4)))),mult(X3,ld(X3,ld(X4,X4)))) [superposition 92,48]
1002. mult(rd(X0,X0),mult(rd(mult(X1,ld(X1,ld(X2,X2))),X2),X2)) = mult(ld(X0,mult(X0,ld(mult(X1,ld(X1,ld(X2,X2))),mult(X1,ld(X1,ld(X2,X2)))))),mult(X1,ld(X1,ld(X2,X2)))) [superposition 92,7]
1013. mult(X0,ld(X0,ld(X1,X1))) = mult(X0,mult(rd(ld(X0,ld(X1,X1)),X1),X1)) [superposition 9,92]
1038. mult(rd(X0,X0),mult(rd(mult(X1,ld(X1,ld(X2,X2))),X2),X2)) = mult(mult(X0,ld(X0,ld(mult(X1,ld(X1,ld(X2,X2))),mult(X1,ld(X1,ld(X2,X2)))))),mult(X1,ld(X1,ld(X2,X2)))) [forward demodulation 1002,3]
1050. mult(mult(X0,ld(X0,X1)),mult(rd(ld(X1,X1),X4),X4)) = mult(ld(X0,X2),mult(rd(ld(ld(X0,X2),X1),X4),X4)) [forward demodulation 987,92]
1075. mult(rd(X0,X0),mult(rd(mult(X1,ld(X1,ld(X2,X2))),X2),X2)) = mult(X0,ld(X0,mult(ld(mult(X1,ld(X1,ld(X2,X2))),mult(X1,ld(X1,ld(X2,X2)))),mult(X1,ld(X1,ld(X2,X2)))))) [forward demodulation 1038,571]
1083. mult(ld(X0,X2),mult(rd(ld(ld(X0,X2),X1),X4),X4)) = mult(X0,ld(X0,mult(X1,mult(rd(ld(X1,X1),X4),X4)))) [forward demodulation 1050,571]
1097. mult(rd(X0,X0),mult(rd(mult(X1,ld(X1,ld(X2,X2))),X2),X2)) = mult(X0,ld(X0,mult(X1,ld(X1,ld(X2,X2))))) [forward demodulation 1075,30]
1101. mult(ld(X0,X2),mult(rd(ld(ld(X0,X2),X1),X4),X4)) = mult(X0,mult(rd(ld(X0,mult(X1,ld(X1,X1))),X4),X4)) [forward demodulation 1083,917]
1109. mult(X0,ld(X0,mult(X1,ld(X1,ld(X2,X2))))) = mult(rd(X0,X0),mult(X1,mult(rd(ld(X1,ld(X2,X2)),X2),X2))) [forward demodulation 1097,743]
1110. mult(ld(X0,X2),mult(rd(ld(ld(X0,X2),X1),X4),X4)) = mult(X0,mult(rd(ld(X0,X1),X4),X4)) [forward demodulation 1101,10]
1115. mult(rd(X0,X0),mult(X1,ld(X1,ld(X2,X2)))) = mult(X0,ld(X0,mult(X1,ld(X1,ld(X2,X2))))) [forward demodulation 1109,1013]
1118. mult(X0,ld(X0,mult(X1,ld(X1,ld(X2,X2))))) = mult(ld(X0,X0),mult(X1,ld(X1,ld(X2,X2)))) [forward demodulation 1115,28]
1131. mult(X0,ld(X1,X1)) = mult(rd(X0,rd(X2,X1)),rd(X2,X1)) [superposition 94,913]
1138. mult(rd(mult(X0,X1),rd(X2,X3)),rd(X2,X3)) = mult(X0,mult(rd(mult(X0,ld(X0,X1)),X3),X3)) [superposition 73,913]
1140. mult(rd(mult(X0,X1),mult(X2,ld(X2,ld(X3,X3)))),mult(X2,ld(X2,ld(X3,X3)))) = mult(X0,mult(rd(mult(X0,ld(X0,X1)),X3),X3)) [superposition 92,913]
1147. mult(rd(mult(X0,X1),mult(X2,ld(X2,ld(X3,X3)))),mult(X2,ld(X2,ld(X3,X3)))) = mult(X0,mult(X0,mult(rd(ld(X0,X1),X3),X3))) [forward demodulation 1140,743]
1149. mult(rd(mult(X0,X1),rd(X2,X3)),rd(X2,X3)) = mult(X0,mult(X0,mult(rd(ld(X0,X1),X3),X3))) [forward demodulation 1138,743]
1167. mult(X0,mult(rd(X1,X3),X3)) = mult(X0,mult(X0,mult(rd(ld(X0,X1),X3),X3))) [forward demodulation 1147,92]
1169. mult(X0,mult(X0,mult(rd(ld(X0,X1),X3),X3))) = mult(mult(X0,X1),ld(X3,X3)) [forward demodulation 1149,1131]
1184. mult(X0,mult(rd(X1,X3),X3)) = mult(mult(X0,X1),ld(X3,X3)) [forward demodulation 1169,1167]
1450. mult(ld(X0,X1),X4) = mult(mult(mult(X0,ld(X0,X2)),X3),ld(mult(mult(X0,ld(X0,X2)),X3),mult(ld(X0,X1),X4))) [superposition 53,10]
1487. mult(ld(X0,X4),ld(ld(X0,X4),X3)) = mult(mult(mult(X0,ld(X0,X1)),X2),ld(mult(mult(X0,ld(X0,X1)),X2),mult(X3,ld(mult(ld(X0,X4),ld(ld(X0,X4),X3)),mult(ld(X0,X4),ld(ld(X0,X4),X3)))))) [superposition 10,53]
1499. mult(rd(mult(ld(X0,X5),ld(ld(X0,X5),X3)),X4),X4) = rd(mult(mult(mult(X0,ld(X0,X1)),X2),ld(mult(mult(X0,ld(X0,X1)),X2),mult(X3,X4))),X4) [superposition 4,53]
1520. mult(rd(mult(ld(X0,X5),ld(ld(X0,X5),X3)),X4),X4) = mult(mult(mult(X0,ld(X0,X1)),X2),mult(rd(ld(mult(mult(X0,ld(X0,X1)),X2),X3),X4),X4)) [forward demodulation 1499,889]
1532. mult(ld(X0,X4),ld(ld(X0,X4),X3)) = mult(mult(mult(X0,ld(X0,X1)),X2),mult(rd(ld(mult(mult(X0,ld(X0,X1)),X2),X3),mult(ld(X0,X4),ld(ld(X0,X4),X3))),mult(ld(X0,X4),ld(ld(X0,X4),X3)))) [forward demodulation 1487,972]
1569. mult(ld(X0,X1),X4) = mult(mult(X0,ld(X0,mult(X2,X3))),ld(mult(X0,ld(X0,mult(X2,X3))),mult(ld(X0,X1),X4))) [forward demodulation 1450,571]
1650. mult(rd(mult(ld(X0,X5),ld(ld(X0,X5),X3)),X4),X4) = mult(mult(X0,ld(X0,mult(X1,X2))),mult(rd(ld(mult(X0,ld(X0,mult(X1,X2))),X3),X4),X4)) [forward demodulation 1520,571]
1662. mult(ld(X0,X4),ld(ld(X0,X4),X3)) = mult(mult(mult(X0,ld(X0,X1)),X2),mult(rd(ld(mult(mult(X0,ld(X0,X1)),X2),X3),X3),X3)) [forward demodulation 1532,832]
1699. mult(ld(X0,X1),X4) = mult(mult(X0,ld(X0,ld(X0,X1))),X4) [forward demodulation 1569,51]
1779. mult(rd(mult(ld(X0,X5),ld(ld(X0,X5),X3)),X4),X4) = mult(X0,ld(X0,mult(mult(X1,X2),mult(rd(ld(mult(X0,ld(X0,mult(X1,X2))),X3),X4),X4)))) [forward demodulation 1650,571]
1790. mult(ld(X0,X4),ld(ld(X0,X4),X3)) = mult(mult(X0,ld(X0,mult(X1,X2))),mult(rd(ld(mult(X0,ld(X0,mult(X1,X2))),X3),X3),X3)) [forward demodulation 1662,571]
1825. mult(ld(X0,X1),X4) = mult(X0,ld(X0,mult(ld(X0,X1),X4))) [forward demodulation 1699,571]
1903. mult(rd(mult(ld(X0,X5),ld(ld(X0,X5),X3)),X4),X4) = mult(X0,mult(rd(ld(X0,mult(mult(X1,X2),ld(mult(X0,ld(X0,mult(X1,X2))),X3))),X4),X4)) [forward demodulation 1779,917]
1912. mult(ld(X0,X4),ld(ld(X0,X4),X3)) = mult(X0,ld(X0,mult(mult(X1,X2),mult(rd(ld(mult(X0,ld(X0,mult(X1,X2))),X3),X3),X3)))) [forward demodulation 1790,571]
2006. mult(X0,mult(rd(ld(X0,mult(mult(X1,X2),ld(mult(X0,ld(X0,mult(X1,X2))),X3))),X4),X4)) = mult(ld(X0,X5),mult(rd(ld(ld(X0,X5),X3),X4),X4)) [forward demodulation 1903,743]
2014. mult(ld(X0,X4),ld(ld(X0,X4),X3)) = mult(X0,mult(rd(ld(X0,mult(mult(X1,X2),ld(mult(X0,ld(X0,mult(X1,X2))),X3))),X3),X3)) [forward demodulation 1912,917]
2092. mult(X0,mult(rd(ld(X0,mult(mult(X1,X2),ld(mult(X0,ld(X0,mult(X1,X2))),X3))),X4),X4)) = mult(X0,mult(rd(ld(X0,X3),X4),X4)) [forward demodulation 2006,1110]
2098. mult(X0,ld(X0,X3)) = mult(X0,mult(rd(ld(X0,mult(mult(X1,X2),ld(mult(X0,ld(X0,mult(X1,X2))),X3))),X3),X3)) [forward demodulation 2014,898]
2167. mult(X0,ld(X0,X3)) = mult(X0,mult(rd(ld(X0,X3),X3),X3)) [forward demodulation 2098,2092]
2290. mult(rd(X0,X1),X1) = mult(X0,mult(rd(ld(X0,X0),X1),X1)) [superposition 743,10]
2291. mult(rd(ld(X0,X0),X1),X1) = mult(X0,mult(rd(ld(X0,ld(X0,X0)),X1),X1)) [superposition 743,12]
2306. mult(ld(X0,X2),mult(rd(ld(ld(X0,X2),X1),X3),X3)) = mult(rd(mult(mult(X0,ld(X0,X1)),ld(X1,X1)),X3),X3) [superposition 743,48]
2307. mult(rd(X0,X2),X2) = mult(ld(X0,X1),mult(rd(ld(ld(X0,X1),X0),X2),X2)) [superposition 743,275]
2321. mult(rd(X0,X2),X2) = mult(rd(X0,rd(X1,X0)),mult(rd(rd(X1,X0),X2),X2)) [superposition 743,505]
2323. mult(ld(X0,mult(X0,ld(X1,X1))),X1) = mult(rd(X0,X0),mult(rd(X1,X1),X1)) [superposition 743,7]
2335. mult(rd(mult(X3,X4),mult(X0,mult(rd(X1,X2),X2))),mult(X0,mult(rd(X1,X2),X2))) = mult(X3,mult(rd(X4,X2),X2)) [superposition 86,743]
2339. mult(X0,mult(rd(X1,X3),X3)) = mult(X0,mult(rd(X1,rd(X2,X3)),rd(X2,X3))) [superposition 73,743]
2362. mult(X0,mult(rd(X1,X3),X3)) = mult(X0,mult(X1,ld(X3,X3))) [forward demodulation 2339,1131]
2365. mult(X3,mult(rd(X4,X2),X2)) = mult(X3,mult(rd(X4,mult(X0,mult(rd(X1,X2),X2))),mult(X0,mult(rd(X1,X2),X2)))) [forward demodulation 2335,743]
2374. mult(rd(X0,X0),X1) = mult(ld(X0,mult(X0,ld(X1,X1))),X1) [forward demodulation 2323,9]
2388. mult(rd(X0,X2),X2) = mult(X0,mult(rd(ld(X0,X0),X2),X2)) [forward demodulation 2307,1110]
2389. mult(ld(X0,X2),mult(rd(ld(ld(X0,X2),X1),X3),X3)) = mult(mult(X0,ld(X0,X1)),mult(rd(ld(X1,X1),X3),X3)) [forward demodulation 2306,743]
2403. mult(X0,ld(X0,ld(X1,X1))) = mult(X0,mult(rd(ld(X0,ld(X0,X0)),X1),X1)) [forward demodulation 2291,32]
2404. mult(rd(X0,X1),X1) = mult(X0,mult(X0,ld(X0,ld(X1,X1)))) [forward demodulation 2290,32]
2415. mult(X3,mult(rd(X4,X2),X2)) = mult(X3,mult(X4,ld(mult(X0,mult(rd(X1,X2),X2)),mult(X0,mult(rd(X1,X2),X2))))) [forward demodulation 2365,2362]
2420. mult(rd(X0,X0),X1) = mult(mult(X0,ld(X0,ld(X1,X1))),X1) [forward demodulation 2374,3]
2428. mult(rd(X0,X2),X2) = mult(X0,mult(ld(X0,X0),ld(X2,X2))) [forward demodulation 2388,2362]
2429. mult(ld(X0,X2),mult(rd(ld(ld(X0,X2),X1),X3),X3)) = mult(mult(X0,ld(X0,X1)),mult(ld(X1,X1),ld(X3,X3))) [forward demodulation 2389,2362]
2438. mult(X0,ld(X0,ld(X1,X1))) = mult(X0,mult(ld(X0,ld(X0,X0)),ld(X1,X1))) [forward demodulation 2403,2362]
2439. mult(rd(X0,X1),X1) = mult(X0,ld(X1,X1)) [forward demodulation 2404,913]
2448. mult(X3,mult(rd(X4,X2),X2)) = mult(X3,mult(X4,ld(mult(X0,mult(X1,ld(X2,X2))),mult(X0,mult(X1,ld(X2,X2)))))) [forward demodulation 2415,2362]
2451. mult(rd(X0,X0),X1) = mult(X0,ld(X0,mult(ld(X1,X1),X1))) [forward demodulation 2420,571]
2458. mult(ld(X0,X2),mult(rd(ld(ld(X0,X2),X1),X3),X3)) = mult(X0,ld(X0,mult(X1,mult(ld(X1,X1),ld(X3,X3))))) [forward demodulation 2429,571]
2473. mult(X3,mult(X4,ld(mult(X0,mult(X1,ld(X2,X2))),mult(X0,mult(X1,ld(X2,X2)))))) = mult(X3,mult(X4,ld(X2,X2))) [forward demodulation 2448,2362]
2475. mult(X0,ld(X0,X1)) = mult(rd(X0,X0),X1) [forward demodulation 2451,30]
2482. mult(ld(X0,X2),mult(rd(ld(ld(X0,X2),X1),X3),X3)) = mult(X0,ld(X0,mult(rd(X1,X3),X3))) [forward demodulation 2458,2428]
2493. mult(X0,ld(X0,X1)) = mult(ld(X0,X0),X1) [forward demodulation 2475,28]
2497. mult(X0,ld(X0,mult(X1,ld(X3,X3)))) = mult(ld(X0,X2),mult(rd(ld(ld(X0,X2),X1),X3),X3)) [forward demodulation 2482,2439]
2509. mult(X0,ld(X0,mult(X1,ld(X3,X3)))) = mult(ld(X0,X2),mult(ld(ld(X0,X2),X1),ld(X3,X3))) [forward demodulation 2497,2362]
2519. mult(X0,mult(rd(ld(X0,X1),X3),X3)) = mult(ld(X0,X2),mult(ld(ld(X0,X2),X1),ld(X3,X3))) [forward demodulation 2509,972]
2526. mult(ld(X0,X2),mult(ld(ld(X0,X2),X1),ld(X3,X3))) = mult(X0,mult(ld(X0,X1),ld(X3,X3))) [forward demodulation 2519,2362]
2570. mult(rd(X0,mult(X2,mult(rd(X3,X4),X4))),mult(X2,mult(rd(X3,X4),X4))) = mult(rd(X0,rd(X1,X0)),mult(rd(rd(X1,X0),rd(X5,X4)),rd(X5,X4))) [superposition 91,505]
2575. mult(X2,mult(rd(X3,rd(X5,X1)),rd(X5,X1))) = mult(rd(mult(X2,X3),mult(X4,mult(ld(X0,mult(X0,ld(X1,X1))),X1))),mult(X4,mult(ld(X0,mult(X0,ld(X1,X1))),X1))) [superposition 91,7]
2589. mult(X2,mult(rd(X3,rd(X6,rd(X5,X1))),rd(X6,rd(X5,X1)))) = mult(rd(mult(X2,X3),mult(X4,mult(X0,mult(X0,ld(X0,ld(X1,X1)))))),mult(X4,mult(X0,mult(X0,ld(X0,ld(X1,X1)))))) [superposition 91,94]
2590. mult(rd(mult(X1,X2),mult(X3,X0)),mult(X3,X0)) = mult(X1,mult(rd(X2,rd(X5,rd(X4,X0))),rd(X5,rd(X4,X0)))) [superposition 91,505]
2778. mult(rd(mult(X1,X2),mult(X3,X0)),mult(X3,X0)) = mult(rd(mult(X1,X2),rd(X4,X0)),rd(X4,X0)) [forward demodulation 2590,752]
2779. mult(X2,mult(rd(X3,rd(X6,rd(X5,X1))),rd(X6,rd(X5,X1)))) = mult(mult(X2,X3),ld(mult(X4,mult(X0,mult(X0,ld(X0,ld(X1,X1))))),mult(X4,mult(X0,mult(X0,ld(X0,ld(X1,X1))))))) [forward demodulation 2589,2439]
2793. mult(X2,mult(rd(X3,rd(X5,X1)),rd(X5,X1))) = mult(mult(X2,X3),ld(mult(X4,mult(ld(X0,mult(X0,ld(X1,X1))),X1)),mult(X4,mult(ld(X0,mult(X0,ld(X1,X1))),X1)))) [forward demodulation 2575,2439]
2798. mult(rd(X0,mult(X2,mult(rd(X3,X4),X4))),mult(X2,mult(rd(X3,X4),X4))) = mult(rd(X0,rd(X5,X4)),rd(X5,X4)) [forward demodulation 2570,2321]
2923. mult(mult(X1,X2),ld(X0,X0)) = mult(rd(mult(X1,X2),mult(X3,X0)),mult(X3,X0)) [forward demodulation 2778,1131]
2924. mult(X2,mult(rd(X3,rd(X6,rd(X5,X1))),rd(X6,rd(X5,X1)))) = mult(X2,mult(rd(X3,mult(X4,mult(X0,mult(X0,ld(X0,ld(X1,X1)))))),mult(X4,mult(X0,mult(X0,ld(X0,ld(X1,X1))))))) [forward demodulation 2779,1184]
2938. mult(X2,mult(rd(X3,rd(X5,X1)),rd(X5,X1))) = mult(X2,mult(rd(X3,mult(X4,mult(ld(X0,mult(X0,ld(X1,X1))),X1))),mult(X4,mult(ld(X0,mult(X0,ld(X1,X1))),X1)))) [forward demodulation 2793,1184]
2943. mult(rd(X0,mult(X2,mult(rd(X3,X4),X4))),mult(X2,mult(rd(X3,X4),X4))) = mult(X0,ld(X4,X4)) [forward demodulation 2798,1131]
3065. mult(mult(X1,X2),ld(X0,X0)) = mult(mult(X1,X2),ld(mult(X3,X0),mult(X3,X0))) [forward demodulation 2923,2439]
3066. mult(X2,mult(rd(X3,rd(X6,rd(X5,X1))),rd(X6,rd(X5,X1)))) = mult(X2,mult(X3,ld(mult(X4,mult(X0,mult(X0,ld(X0,ld(X1,X1))))),mult(X4,mult(X0,mult(X0,ld(X0,ld(X1,X1)))))))) [forward demodulation 2924,2362]
3080. mult(X2,mult(rd(X3,rd(X5,X1)),rd(X5,X1))) = mult(X2,mult(X3,ld(mult(X4,mult(ld(X0,mult(X0,ld(X1,X1))),X1)),mult(X4,mult(ld(X0,mult(X0,ld(X1,X1))),X1))))) [forward demodulation 2938,2362]
3085. mult(X0,ld(mult(X2,mult(rd(X3,X4),X4)),mult(X2,mult(rd(X3,X4),X4)))) = mult(X0,ld(X4,X4)) [forward demodulation 2943,2439]
3204. mult(mult(X1,X2),ld(X0,X0)) = mult(X1,mult(rd(X2,mult(X3,X0)),mult(X3,X0))) [forward demodulation 3065,1184]
3205. mult(X2,mult(rd(X3,rd(X6,rd(X5,X1))),rd(X6,rd(X5,X1)))) = mult(X2,mult(X3,ld(mult(X4,mult(X0,ld(X1,X1))),mult(X4,mult(X0,ld(X1,X1)))))) [forward demodulation 3066,913]
3219. mult(X2,mult(rd(X3,rd(X5,X1)),rd(X5,X1))) = mult(X2,mult(X3,ld(mult(X4,mult(mult(X0,ld(X0,ld(X1,X1))),X1)),mult(X4,mult(mult(X0,ld(X0,ld(X1,X1))),X1))))) [forward demodulation 3080,3]
3224. mult(X0,ld(X4,X4)) = mult(X0,ld(mult(X2,mult(X3,ld(X4,X4))),mult(X2,mult(X3,ld(X4,X4))))) [forward demodulation 3085,2362]
3342. mult(mult(X1,X2),ld(X0,X0)) = mult(X1,mult(X2,ld(mult(X3,X0),mult(X3,X0)))) [forward demodulation 3204,2362]
3343. mult(X2,mult(rd(X3,rd(X6,rd(X5,X1))),rd(X6,rd(X5,X1)))) = mult(X2,mult(X3,ld(X1,X1))) [forward demodulation 3205,2473]
3357. mult(X2,mult(rd(X3,rd(X5,X1)),rd(X5,X1))) = mult(X2,mult(X3,ld(mult(X4,mult(X0,ld(X0,mult(ld(X1,X1),X1)))),mult(X4,mult(X0,ld(X0,mult(ld(X1,X1),X1))))))) [forward demodulation 3219,571]
3469. mult(X1,mult(rd(X2,X0),X0)) = mult(X1,mult(X2,ld(mult(X3,X0),mult(X3,X0)))) [forward demodulation 3342,1184]
3470. mult(X2,mult(X3,ld(X1,X1))) = mult(rd(mult(X2,X3),rd(X5,X1)),rd(X5,X1)) [forward demodulation 3343,752]
3484. mult(X2,mult(rd(X3,rd(X5,X1)),rd(X5,X1))) = mult(X2,mult(X3,ld(mult(X4,mult(X0,ld(X0,X1))),mult(X4,mult(X0,ld(X0,X1)))))) [forward demodulation 3357,30]
3575. mult(X1,mult(X2,ld(mult(X3,X0),mult(X3,X0)))) = mult(X1,mult(X2,ld(X0,X0))) [forward demodulation 3469,2362]
3576. mult(mult(X2,X3),ld(X1,X1)) = mult(X2,mult(X3,ld(X1,X1))) [forward demodulation 3470,1131]
3590. mult(rd(mult(X2,X3),X1),X1) = mult(X2,mult(X3,ld(mult(X4,mult(X0,ld(X0,X1))),mult(X4,mult(X0,ld(X0,X1)))))) [forward demodulation 3484,752]
3679. mult(rd(mult(X2,X3),X1),X1) = mult(X2,mult(X3,ld(mult(X0,ld(X0,X1)),mult(X0,ld(X0,X1))))) [forward demodulation 3590,3575]
3757. mult(rd(mult(X2,X3),X1),X1) = mult(X2,mult(X3,ld(ld(X0,X1),ld(X0,X1)))) [forward demodulation 3679,3575]
3829. mult(mult(X2,X3),ld(X1,X1)) = mult(X2,mult(X3,ld(ld(X0,X1),ld(X0,X1)))) [forward demodulation 3757,2439]
3887. mult(X2,mult(rd(X3,X1),X1)) = mult(X2,mult(X3,ld(ld(X0,X1),ld(X0,X1)))) [forward demodulation 3829,1184]
3940. mult(X2,mult(X3,ld(X1,X1))) = mult(X2,mult(X3,ld(ld(X0,X1),ld(X0,X1)))) [forward demodulation 3887,2362]
4184. ld(X0,X1) = mult(X0,ld(X0,ld(X0,X1))) [superposition 1825,10]
4188. mult(ld(ld(X0,X1),X2),X3) = mult(X0,ld(X0,mult(ld(ld(X0,X1),X2),X3))) [superposition 1825,1825]
4214. mult(X0,mult(rd(ld(X0,mult(ld(X0,X1),X2)),X3),X3)) = mult(rd(mult(ld(X0,X1),X2),X3),X3) [superposition 743,1825]
4233. mult(X0,mult(rd(ld(X0,mult(ld(X0,X1),X2)),X3),X3)) = mult(mult(ld(X0,X1),X2),ld(X3,X3)) [forward demodulation 4214,2439]
4268. mult(X0,mult(rd(ld(X0,mult(ld(X0,X1),X2)),X3),X3)) = mult(ld(X0,X1),mult(rd(X2,X3),X3)) [forward demodulation 4233,1184]
4291. mult(X0,mult(rd(ld(X0,mult(ld(X0,X1),X2)),X3),X3)) = mult(ld(X0,X1),mult(X2,ld(X3,X3))) [forward demodulation 4268,2362]
4309. mult(ld(X0,X1),mult(X2,ld(X3,X3))) = mult(X0,mult(ld(X0,mult(ld(X0,X1),X2)),ld(X3,X3))) [forward demodulation 4291,2362]
4375. mult(X0,ld(rd(X1,X0),rd(X1,X0))) = X0 [superposition 505,2439]
4387. mult(rd(X0,X1),mult(rd(X1,X2),X2)) = mult(rd(mult(X0,ld(X1,X1)),X2),X2) [superposition 743,2439]
4392. mult(rd(X0,X1),mult(rd(X1,X2),X2)) = mult(mult(X0,ld(X1,X1)),ld(X2,X2)) [forward demodulation 4387,2439]
4428. mult(rd(X0,X1),mult(rd(X1,X2),X2)) = mult(X0,mult(rd(ld(X1,X1),X2),X2)) [forward demodulation 4392,1184]
4455. mult(rd(X0,X1),mult(rd(X1,X2),X2)) = mult(X0,mult(ld(X1,X1),ld(X2,X2))) [forward demodulation 4428,2362]
4478. mult(X0,mult(X1,ld(X1,ld(X2,X2)))) = mult(rd(X0,X1),mult(rd(X1,X2),X2)) [forward demodulation 4455,2493]
4498. mult(X0,mult(X1,ld(X1,ld(X2,X2)))) = mult(rd(X0,X1),mult(X1,ld(X2,X2))) [forward demodulation 4478,2362]
4569. mult(ld(X0,mult(X0,rd(ld(ld(X0,X1),X2),X2))),X2) = ld(ld(X0,X1),mult(ld(X0,X1),ld(ld(X0,X1),X2))) [superposition 5,2167]
4575. mult(ld(X0,X1),ld(ld(X0,X1),ld(ld(X0,X1),X2))) = mult(ld(X0,mult(X0,rd(ld(ld(X0,X1),X2),X2))),X2) [forward demodulation 4569,3]
4602. mult(ld(X0,X1),ld(ld(X0,X1),ld(ld(X0,X1),X2))) = mult(mult(X0,ld(X0,rd(ld(ld(X0,X1),X2),X2))),X2) [forward demodulation 4575,3]
4628. mult(ld(X0,X1),ld(ld(X0,X1),ld(ld(X0,X1),X2))) = mult(X0,ld(X0,mult(rd(ld(ld(X0,X1),X2),X2),X2))) [forward demodulation 4602,571]
4650. mult(ld(X0,X1),ld(ld(X0,X1),ld(ld(X0,X1),X2))) = mult(X0,ld(X0,mult(ld(ld(X0,X1),X2),ld(X2,X2)))) [forward demodulation 4628,2439]
4671. mult(ld(X0,X1),ld(ld(X0,X1),ld(ld(X0,X1),X2))) = mult(X0,mult(rd(ld(X0,ld(ld(X0,X1),X2)),X2),X2)) [forward demodulation 4650,972]
4692. mult(ld(X0,X1),ld(ld(X0,X1),ld(ld(X0,X1),X2))) = mult(X0,mult(ld(X0,ld(ld(X0,X1),X2)),ld(X2,X2))) [forward demodulation 4671,2362]
4707. ld(ld(X0,X1),X2) = mult(X0,mult(ld(X0,ld(ld(X0,X1),X2)),ld(X2,X2))) [forward demodulation 4692,4184]
4755. mult(mult(X0,ld(X0,X1)),X2) = mult(X0,ld(X0,ld(ld(X0,X0),mult(X1,X2)))) [superposition 40,2493]
4756. mult(mult(X0,ld(X0,ld(X1,X1))),X1) = mult(X0,ld(X0,ld(ld(X0,X0),X1))) [superposition 52,2493]
4762. mult(ld(X0,X0),ld(ld(X0,X0),mult(X1,X2))) = mult(mult(X0,ld(X0,ld(ld(X0,X0),X1))),X2) [superposition 571,2493]
4764. mult(ld(ld(X0,X0),X2),ld(ld(ld(X0,X0),X2),X1)) = mult(mult(X0,ld(X0,ld(ld(X0,X0),X1))),ld(X1,X1)) [superposition 48,2493]
4813. mult(ld(ld(X0,X0),X2),ld(ld(ld(X0,X0),X2),X1)) = mult(X0,ld(X0,mult(ld(ld(X0,X0),X1),ld(X1,X1)))) [forward demodulation 4764,571]
4815. mult(ld(X0,X0),ld(ld(X0,X0),mult(X1,X2))) = mult(X0,ld(X0,mult(ld(ld(X0,X0),X1),X2))) [forward demodulation 4762,571]
4819. mult(X0,ld(X0,mult(ld(X1,X1),X1))) = mult(X0,ld(X0,ld(ld(X0,X0),X1))) [forward demodulation 4756,571]
4820. mult(X0,ld(X0,mult(X1,X2))) = mult(X0,ld(X0,ld(ld(X0,X0),mult(X1,X2)))) [forward demodulation 4755,571]
4853. mult(ld(ld(X0,X0),X2),ld(ld(ld(X0,X0),X2),X1)) = mult(X0,mult(rd(ld(X0,ld(ld(X0,X0),X1)),X1),X1)) [forward demodulation 4813,972]
4855. mult(ld(X0,X0),ld(ld(X0,X0),mult(X1,X2))) = mult(ld(ld(X0,X0),X1),X2) [forward demodulation 4815,4188]
4859. mult(X0,ld(X0,X1)) = mult(X0,ld(X0,ld(ld(X0,X0),X1))) [forward demodulation 4819,30]
4884. mult(ld(ld(X0,X0),X2),ld(ld(ld(X0,X0),X2),X1)) = mult(X0,mult(ld(X0,ld(ld(X0,X0),X1)),ld(X1,X1))) [forward demodulation 4853,2362]
4885. mult(ld(ld(X0,X0),X1),X2) = mult(X0,ld(X0,ld(ld(X0,X0),mult(X1,X2)))) [forward demodulation 4855,2493]
4907. ld(ld(X0,X0),X1) = mult(ld(ld(X0,X0),X2),ld(ld(ld(X0,X0),X2),X1)) [forward demodulation 4884,4707]
4908. mult(X0,ld(X0,mult(X1,X2))) = mult(ld(ld(X0,X0),X1),X2) [forward demodulation 4885,4820]
4925. ld(ld(X0,X0),X1) = mult(ld(X0,X0),ld(ld(X0,X0),X1)) [forward demodulation 4907,898]
4937. ld(ld(X0,X0),X1) = mult(X0,ld(X0,ld(ld(X0,X0),X1))) [forward demodulation 4925,2493]
4942. mult(X0,ld(X0,X1)) = ld(ld(X0,X0),X1) [forward demodulation 4937,4859]
5309. mult(rd(ld(X0,X0),X1),mult(X1,ld(X2,X2))) = mult(mult(X0,ld(X0,ld(X1,X1))),ld(X2,X2)) [superposition 3576,32]
5393. mult(rd(ld(X0,X0),X1),mult(X1,ld(X2,X2))) = mult(X0,ld(X0,mult(ld(X1,X1),ld(X2,X2)))) [forward demodulation 5309,571]
5456. mult(X0,mult(rd(ld(X0,ld(X1,X1)),X2),X2)) = mult(rd(ld(X0,X0),X1),mult(X1,ld(X2,X2))) [forward demodulation 5393,972]
5512. mult(X0,mult(rd(ld(X0,ld(X1,X1)),X2),X2)) = mult(ld(X0,X0),mult(X1,ld(X1,ld(X2,X2)))) [forward demodulation 5456,4498]
5557. mult(X0,mult(rd(ld(X0,ld(X1,X1)),X2),X2)) = mult(X0,ld(X0,mult(X1,ld(X1,ld(X2,X2))))) [forward demodulation 5512,2493]
5599. mult(X0,ld(X0,mult(X1,ld(X1,ld(X2,X2))))) = mult(X0,mult(ld(X0,ld(X1,X1)),ld(X2,X2))) [forward demodulation 5557,2362]
6425. rd(X3,X2) = mult(rd(X3,X2),ld(mult(X0,rd(mult(X1,X2),X2)),mult(X0,rd(mult(X1,X2),X2)))) [superposition 4375,6]
6481. rd(X3,X2) = mult(rd(X3,X2),ld(mult(X0,mult(rd(X1,X2),X2)),mult(X0,mult(rd(X1,X2),X2)))) [forward demodulation 6425,4]
6503. rd(X3,X2) = mult(rd(X3,X2),ld(mult(X0,mult(X1,ld(X2,X2))),mult(X0,mult(X1,ld(X2,X2))))) [forward demodulation 6481,2362]
6516. rd(X3,X2) = mult(rd(X3,X2),ld(X2,X2)) [forward demodulation 6503,3224]
9091. mult(mult(X2,ld(X2,X0)),mult(X0,ld(X0,ld(X1,X1)))) = mult(ld(X2,X3),ld(ld(X2,X3),mult(rd(X0,ld(X1,X1)),ld(X1,X1)))) [superposition 40,461]
9121. mult(rd(rd(X0,ld(X1,X1)),ld(X1,X1)),ld(X1,X1)) = rd(mult(X0,mult(X0,ld(X0,ld(X1,X1)))),ld(X1,X1)) [superposition 4,461]
9148. rd(mult(X0,ld(X1,X1)),ld(X1,X1)) = mult(rd(rd(X0,ld(X1,X1)),ld(X1,X1)),ld(X1,X1)) [forward demodulation 9121,913]
9177. mult(mult(X2,ld(X2,X0)),mult(X0,ld(X0,ld(X1,X1)))) = mult(ld(X2,X3),mult(rd(ld(ld(X2,X3),rd(X0,ld(X1,X1))),X1),X1)) [forward demodulation 9091,972]
9223. rd(mult(X0,ld(X1,X1)),ld(X1,X1)) = mult(rd(X0,ld(X1,X1)),ld(ld(X1,X1),ld(X1,X1))) [forward demodulation 9148,2439]
9250. mult(mult(X2,ld(X2,X0)),mult(X0,ld(X0,ld(X1,X1)))) = mult(ld(X2,X3),mult(ld(ld(X2,X3),rd(X0,ld(X1,X1))),ld(X1,X1))) [forward demodulation 9177,2362]
9294. rd(X0,ld(X1,X1)) = rd(mult(X0,ld(X1,X1)),ld(X1,X1)) [forward demodulation 9223,6516]
9319. mult(mult(X2,ld(X2,X0)),mult(X0,ld(X0,ld(X1,X1)))) = mult(X2,mult(ld(X2,rd(X0,ld(X1,X1))),ld(X1,X1))) [forward demodulation 9250,2526]
9358. rd(X0,ld(X1,X1)) = mult(rd(X0,ld(X1,X1)),ld(X1,X1)) [forward demodulation 9294,4]
9381. mult(X2,mult(ld(X2,rd(X0,ld(X1,X1))),ld(X1,X1))) = mult(X2,ld(X2,mult(X0,mult(X0,ld(X0,ld(X1,X1)))))) [forward demodulation 9319,571]
9416. rd(X0,ld(X1,X1)) = mult(X0,ld(ld(X1,X1),ld(X1,X1))) [forward demodulation 9358,2439]
9437. mult(X2,ld(X2,mult(X0,ld(X1,X1)))) = mult(X2,mult(ld(X2,rd(X0,ld(X1,X1))),ld(X1,X1))) [forward demodulation 9381,913]
9469. rd(X0,ld(X1,X1)) = mult(X0,mult(X1,ld(X1,ld(X1,X1)))) [forward demodulation 9416,4942]
9488. mult(X2,mult(rd(ld(X2,X0),X1),X1)) = mult(X2,mult(ld(X2,rd(X0,ld(X1,X1))),ld(X1,X1))) [forward demodulation 9437,972]
9519. mult(X0,ld(X1,X1)) = rd(X0,ld(X1,X1)) [forward demodulation 9469,12]
9538. mult(X2,mult(ld(X2,X0),ld(X1,X1))) = mult(X2,mult(ld(X2,rd(X0,ld(X1,X1))),ld(X1,X1))) [forward demodulation 9488,2362]
9582. mult(X2,mult(ld(X2,X0),ld(X1,X1))) = mult(X2,mult(ld(X2,mult(X0,ld(X1,X1))),ld(X1,X1))) [forward demodulation 9538,9519]
13953. mult(X2,mult(ld(ld(ld(X0,X1),ld(X0,X1)),ld(ld(X0,X1),ld(X0,X1))),ld(X1,X1))) = mult(X2,ld(ld(X0,X1),ld(X0,X1))) [superposition 3940,30]
13997. ld(ld(ld(X0,X1),ld(X0,X1)),ld(ld(X0,X1),ld(X0,X1))) = mult(ld(ld(X0,X1),ld(X0,X1)),mult(rd(ld(ld(ld(X0,X1),ld(X0,X1)),ld(ld(ld(X0,X1),ld(X0,X1)),ld(ld(X0,X1),ld(X0,X1)))),ld(ld(X0,X1),ld(X0,X1))),ld(X1,X1))) [superposition 165,3940]
14106. ld(ld(ld(X0,X1),ld(X0,X1)),ld(ld(X0,X1),ld(X0,X1))) = mult(ld(X0,X1),ld(ld(X0,X1),mult(rd(ld(ld(ld(X0,X1),ld(X0,X1)),ld(ld(ld(X0,X1),ld(X0,X1)),ld(ld(X0,X1),ld(X0,X1)))),ld(ld(X0,X1),ld(X0,X1))),ld(X1,X1)))) [forward demodulation 13997,2493]
14145. mult(X2,ld(ld(X0,X1),ld(X0,X1))) = mult(X2,mult(ld(ld(X0,X1),ld(X0,X1)),ld(ld(ld(X0,X1),ld(X0,X1)),ld(X1,X1)))) [forward demodulation 13953,2493]
14203. ld(ld(ld(X0,X1),ld(X0,X1)),ld(ld(X0,X1),ld(X0,X1))) = mult(ld(X0,X1),mult(rd(ld(ld(X0,X1),rd(ld(ld(ld(X0,X1),ld(X0,X1)),ld(ld(ld(X0,X1),ld(X0,X1)),ld(ld(X0,X1),ld(X0,X1)))),ld(ld(X0,X1),ld(X0,X1)))),X1),X1)) [forward demodulation 14106,972]
14239. mult(X2,ld(ld(X0,X1),ld(X0,X1))) = mult(X2,mult(ld(X0,X1),ld(ld(X0,X1),ld(ld(ld(X0,X1),ld(X0,X1)),ld(X1,X1))))) [forward demodulation 14145,2493]
14292. ld(ld(ld(X0,X1),ld(X0,X1)),ld(ld(X0,X1),ld(X0,X1))) = mult(ld(X0,X1),mult(ld(ld(X0,X1),rd(ld(ld(ld(X0,X1),ld(X0,X1)),ld(ld(ld(X0,X1),ld(X0,X1)),ld(ld(X0,X1),ld(X0,X1)))),ld(ld(X0,X1),ld(X0,X1)))),ld(X1,X1))) [forward demodulation 14203,2362]
14325. mult(X2,ld(ld(X0,X1),ld(X0,X1))) = mult(X2,mult(ld(X0,X1),ld(ld(X0,X1),ld(X1,X1)))) [forward demodulation 14239,4859]
14366. ld(ld(ld(X0,X1),ld(X0,X1)),ld(ld(X0,X1),ld(X0,X1))) = mult(X0,mult(ld(X0,rd(ld(ld(ld(X0,X1),ld(X0,X1)),ld(ld(ld(X0,X1),ld(X0,X1)),ld(ld(X0,X1),ld(X0,X1)))),ld(ld(X0,X1),ld(X0,X1)))),ld(X1,X1))) [forward demodulation 14292,2526]
14392. mult(X2,mult(X0,ld(X0,ld(X1,X1)))) = mult(X2,ld(ld(X0,X1),ld(X0,X1))) [forward demodulation 14325,898]
14428. ld(ld(ld(X0,X1),ld(X0,X1)),ld(ld(X0,X1),ld(X0,X1))) = mult(X0,mult(ld(X0,mult(ld(ld(ld(X0,X1),ld(X0,X1)),ld(ld(ld(X0,X1),ld(X0,X1)),ld(ld(X0,X1),ld(X0,X1)))),ld(ld(X0,X1),ld(X0,X1)))),ld(X1,X1))) [forward demodulation 14366,9519]
14478. ld(ld(ld(X0,X1),ld(X0,X1)),ld(ld(X0,X1),ld(X0,X1))) = mult(X0,mult(ld(X0,mult(ld(ld(ld(X0,X1),ld(X0,X1)),ld(ld(ld(X0,X1),ld(X0,X1)),ld(ld(X0,X1),ld(X0,X1)))),mult(X0,ld(X0,ld(X1,X1))))),ld(X1,X1))) [forward demodulation 14428,14392]
14516. ld(ld(ld(X0,X1),ld(X0,X1)),ld(ld(X0,X1),ld(X0,X1))) = mult(X0,mult(ld(X0,mult(ld(X0,X1),ld(ld(X0,X1),mult(ld(ld(ld(X0,X1),ld(X0,X1)),ld(ld(X0,X1),ld(X0,X1))),mult(X0,ld(X0,ld(X1,X1))))))),ld(X1,X1))) [forward demodulation 14478,4908]
14544. ld(ld(ld(X0,X1),ld(X0,X1)),ld(ld(X0,X1),ld(X0,X1))) = mult(ld(X0,X1),mult(ld(ld(X0,X1),mult(ld(ld(ld(X0,X1),ld(X0,X1)),ld(ld(X0,X1),ld(X0,X1))),mult(X0,ld(X0,ld(X1,X1))))),ld(X1,X1))) [forward demodulation 14516,4309]
14567. ld(ld(ld(X0,X1),ld(X0,X1)),ld(ld(X0,X1),ld(X0,X1))) = mult(X0,mult(ld(X0,mult(ld(ld(ld(X0,X1),ld(X0,X1)),ld(ld(X0,X1),ld(X0,X1))),mult(X0,ld(X0,ld(X1,X1))))),ld(X1,X1))) [forward demodulation 14544,2526]
14584. ld(ld(ld(X0,X1),ld(X0,X1)),ld(ld(X0,X1),ld(X0,X1))) = mult(X0,mult(ld(X0,mult(ld(ld(X0,X1),ld(X0,X1)),ld(ld(ld(X0,X1),ld(X0,X1)),mult(X0,ld(X0,ld(X1,X1)))))),ld(X1,X1))) [forward demodulation 14567,1118]
14599. ld(ld(ld(X0,X1),ld(X0,X1)),ld(ld(X0,X1),ld(X0,X1))) = mult(X0,mult(ld(X0,mult(ld(ld(X0,X1),ld(X0,X1)),mult(ld(ld(ld(X0,X1),ld(X0,X1)),ld(X0,X0)),ld(X1,X1)))),ld(X1,X1))) [forward demodulation 14584,5599]
14610. ld(ld(ld(X0,X1),ld(X0,X1)),ld(ld(X0,X1),ld(X0,X1))) = mult(X0,mult(ld(X0,mult(ld(X0,X1),ld(ld(X0,X1),mult(ld(ld(ld(X0,X1),ld(X0,X1)),ld(X0,X0)),ld(X1,X1))))),ld(X1,X1))) [forward demodulation 14599,2493]
14616. ld(ld(ld(X0,X1),ld(X0,X1)),ld(ld(X0,X1),ld(X0,X1))) = mult(ld(X0,X1),mult(ld(ld(X0,X1),mult(ld(ld(ld(X0,X1),ld(X0,X1)),ld(X0,X0)),ld(X1,X1))),ld(X1,X1))) [forward demodulation 14610,4309]
14621. ld(ld(ld(X0,X1),ld(X0,X1)),ld(ld(X0,X1),ld(X0,X1))) = mult(ld(X0,X1),mult(ld(ld(X0,X1),ld(ld(ld(X0,X1),ld(X0,X1)),ld(X0,X0))),ld(X1,X1))) [forward demodulation 14616,9582]
14624. ld(ld(ld(X0,X1),ld(X0,X1)),ld(ld(X0,X1),ld(X0,X1))) = mult(X0,mult(ld(X0,ld(ld(ld(X0,X1),ld(X0,X1)),ld(X0,X0))),ld(X1,X1))) [forward demodulation 14621,2526]
14627. ld(ld(ld(X0,X1),ld(X0,X1)),ld(ld(X0,X1),ld(X0,X1))) = mult(X0,mult(ld(X0,mult(ld(X0,X1),ld(ld(X0,X1),ld(X0,X0)))),ld(X1,X1))) [forward demodulation 14624,4942]
14629. ld(ld(ld(X0,X1),ld(X0,X1)),ld(ld(X0,X1),ld(X0,X1))) = mult(ld(X0,X1),mult(ld(ld(X0,X1),ld(X0,X0)),ld(X1,X1))) [forward demodulation 14627,4309]
14631. ld(ld(ld(X0,X1),ld(X0,X1)),ld(ld(X0,X1),ld(X0,X1))) = mult(X0,mult(ld(X0,ld(X0,X0)),ld(X1,X1))) [forward demodulation 14629,2526]
14633. mult(X0,ld(X0,ld(X1,X1))) = ld(ld(ld(X0,X1),ld(X0,X1)),ld(ld(X0,X1),ld(X0,X1))) [forward demodulation 14631,2438]
14635. mult(X0,ld(X0,ld(X1,X1))) = mult(ld(X0,X1),ld(ld(X0,X1),ld(ld(X0,X1),ld(X0,X1)))) [forward demodulation 14633,4942]
14637. mult(X0,ld(X0,ld(X1,X1))) = ld(ld(X0,X1),ld(X0,X1)) [forward demodulation 14635,12]
37812. mult(ld(X0,X1),ld(ld(X0,X1),X2)) = mult(mult(X0,ld(X0,ld(X1,X1))),X2) [superposition 2493,14637]
37919. mult(ld(X0,X1),ld(ld(X0,X1),X2)) = mult(X0,ld(X0,mult(ld(X1,X1),X2))) [forward demodulation 37812,571]
38027. mult(ld(X0,X1),ld(ld(X0,X1),X2)) = mult(X0,ld(X0,mult(X1,ld(X1,X2)))) [forward demodulation 37919,2493]
38122. mult(X0,ld(X0,X2)) = mult(X0,ld(X0,mult(X1,ld(X1,X2)))) [forward demodulation 38027,898]
133594. mult(X0,mult(X0,ld(X0,X1))) = mult(X0,mult(X2,ld(X2,X1))) [superposition 913,38122]
133788. mult(X0,X1) = mult(X0,mult(X2,ld(X2,X1))) [forward demodulation 133594,913]
136282. mult(x3,x5) != mult(x3,x5) [superposition 13,133788]
136283. $false [trivial inequality removal 136282]
% SZS output end Proof for GRP683-10_clausified
% ------------------------------
% Version: Vampire 5.0.0 (Release build, commit 2e2c9b7b8 on 2026-01-17 12:24:14 +0100)
% Linked with Z3 4.14.0.0 3c47fd96cf5645d0c42b2c819d9e9a84380aa721 z3-4.8.4-9178-g3c47fd96c
% CaDiCaL version: 2.1.3
% Termination reason: Refutation
% Time elapsed: 1.523 s
% Peak memory usage: 68 MB
% Instructions burned: 4759 (million)
% ------------------------------
% ------------------------------
