% Running in auto input_syntax mode. Trying TPTP
% Refutation found. Thanks to Tanya!
% SZS status Unsatisfiable for GRP665-12
% SZS output start Proof for GRP665-12
4. rd(mult(X0,X1),X1) = X0 [input(axiom)]
7. mult(X0,mult(X1,X2)) = mult(rd(mult(X0,X1),X0),mult(X0,X2)) [input(axiom)]
9. mult(op_c,X0) = mult(X0,op_c) [input(axiom)]
10. mult(mult(x0,x1),op_c) != mult(x0,mult(x1,op_c)) [input(negated conjecture)]
35. mult(x0,mult(x1,op_c)) != mult(op_c,mult(x0,x1)) [superposition 10,9]
38. mult(op_c,mult(x0,x1)) != mult(x0,mult(op_c,x1)) [forward demodulation 35,9]
45. mult(op_c,mult(X0,X1)) = mult(rd(mult(X0,op_c),op_c),mult(op_c,X1)) [superposition 7,9]
60. mult(X0,mult(op_c,X1)) = mult(op_c,mult(X0,X1)) [forward demodulation 45,4]
266. mult(op_c,mult(x0,x1)) != mult(op_c,mult(x0,x1)) [superposition 38,60]
277. $false [trivial inequality removal 266]
% SZS output end Proof for GRP665-12
% ------------------------------
% Version: Vampire 5.0.0 (Release build, commit 2e2c9b7b8 on 2026-01-17 12:24:14 +0100)
% Linked with Z3 4.14.0.0 3c47fd96cf5645d0c42b2c819d9e9a84380aa721 z3-4.8.4-9178-g3c47fd96c
% CaDiCaL version: 2.1.3
% Termination reason: Refutation
% Time elapsed: 0.007 s
% Peak memory usage: 65 MB
% Instructions burned: 13 (million)
% ------------------------------
% ------------------------------
