% Running in auto input_syntax mode. Trying TPTP
% Refutation found. Thanks to Tanya!
% SZS status Unsatisfiable for GRP061-1_clausified
% SZS output start Proof for GRP061-1_clausified
1. inverse(multiply(X0,multiply(X1,multiply(multiply(inverse(X1),X2),inverse(multiply(X3,multiply(X0,X2))))))) = X3 [input(axiom)]
2. multiply(inverse(a1),a1) != multiply(inverse(b1),b1) | a2 != multiply(multiply(inverse(b2),b2),a2) | multiply(multiply(a3,b3),c3) != multiply(a3,multiply(b3,c3)) [input(negated conjecture)]
4. 1 <=> multiply(multiply(a3,b3),c3) = multiply(a3,multiply(b3,c3)) [avatar definition]
6. multiply(multiply(a3,b3),c3) != multiply(a3,multiply(b3,c3)) <- (~1) [avatar component clause 4]
8. 2 <=> a2 = multiply(multiply(inverse(b2),b2),a2) [avatar definition]
10. a2 != multiply(multiply(inverse(b2),b2),a2) <- (~2) [avatar component clause 8]
12. 3 <=> multiply(inverse(a1),a1) = multiply(inverse(b1),b1) [avatar definition]
14. multiply(inverse(a1),a1) != multiply(inverse(b1),b1) <- (~3) [avatar component clause 12]
15. ~1 | ~2 | ~3 [avatar split clause 2,12,8,4]
16. inverse(multiply(X1,multiply(multiply(X2,multiply(X3,multiply(multiply(inverse(X3),X4),inverse(multiply(X0,multiply(X2,X4)))))),multiply(multiply(X0,X5),inverse(multiply(X6,multiply(X1,X5))))))) = X6 [superposition 1,1]
17. inverse(multiply(X1,multiply(X2,multiply(multiply(inverse(X2),multiply(multiply(inverse(X1),X3),inverse(multiply(X0,multiply(X4,X3))))),X0)))) = X4 [superposition 1,1]
23. inverse(multiply(X1,multiply(X2,multiply(multiply(inverse(X2),multiply(multiply(inverse(X1),multiply(multiply(inverse(X3),multiply(multiply(inverse(X4),X5),inverse(multiply(X6,multiply(X0,X5))))),X6)),X0)),X4)))) = X3 [superposition 17,17]
24. inverse(multiply(X1,multiply(X2,multiply(multiply(inverse(X2),multiply(multiply(inverse(X1),multiply(multiply(inverse(X3),X4),inverse(multiply(X5,multiply(X0,X4))))),X5)),X0)))) = X3 [superposition 1,17]
35. multiply(X6,multiply(X7,multiply(multiply(inverse(X7),X8),inverse(multiply(X3,multiply(X6,X8)))))) = inverse(multiply(X1,multiply(X2,multiply(multiply(inverse(X2),multiply(multiply(inverse(X1),multiply(multiply(X3,X4),inverse(multiply(X0,multiply(X5,X4))))),X0)),X5)))) [superposition 17,16]
50. multiply(X3,multiply(X4,multiply(multiply(inverse(X4),multiply(multiply(inverse(X3),multiply(multiply(inverse(X0),X5),inverse(multiply(X6,multiply(X7,X5))))),X6)),X7))) = inverse(multiply(X1,multiply(X2,multiply(multiply(inverse(X2),multiply(multiply(inverse(X1),multiply(multiply(X0,X8),inverse(multiply(X9,multiply(X10,X8))))),X9)),X10)))) [superposition 24,24]
58. inverse(multiply(X1,multiply(X2,multiply(multiply(inverse(X2),multiply(multiply(inverse(X1),multiply(multiply(inverse(X3),multiply(multiply(inverse(X4),multiply(multiply(inverse(X0),X5),inverse(multiply(X6,multiply(X7,X5))))),X6)),X7)),X0)),X4)))) = X3 [superposition 17,24]
90. inverse(multiply(X1,multiply(multiply(X2,multiply(X3,multiply(multiply(inverse(X3),X4),inverse(multiply(X5,multiply(X2,X4)))))),multiply(multiply(X5,multiply(multiply(inverse(X1),multiply(multiply(inverse(X6),multiply(multiply(inverse(X0),multiply(multiply(inverse(X7),X8),inverse(multiply(X9,multiply(X10,X8))))),X9)),X10)),X7)),X0)))) = X6 [superposition 16,23]
91. inverse(multiply(X1,multiply(multiply(X2,multiply(X3,multiply(multiply(inverse(X3),multiply(multiply(inverse(X2),multiply(multiply(inverse(X4),multiply(multiply(inverse(X0),multiply(multiply(inverse(X5),X6),inverse(multiply(X7,multiply(X8,X6))))),X7)),X8)),X5)),X0))),multiply(multiply(X4,X9),inverse(multiply(X10,multiply(X1,X9))))))) = X10 [superposition 16,23]
814. inverse(inverse(multiply(X0,multiply(X1,multiply(multiply(inverse(X1),multiply(multiply(inverse(X0),multiply(multiply(X2,X3),inverse(multiply(X4,multiply(X5,X3))))),X4)),X5))))) = X2 [superposition 1,35]
878. multiply(X0,multiply(X1,multiply(multiply(inverse(X1),X2),inverse(multiply(inverse(X3),multiply(X0,X2)))))) = X3 [superposition 24,35]
1085. multiply(X1,multiply(X2,multiply(X0,inverse(multiply(inverse(X5),multiply(X1,multiply(X3,multiply(multiply(inverse(X3),X4),inverse(multiply(inverse(X0),multiply(inverse(X2),X4))))))))))) = X5 [superposition 878,878]
1106. multiply(X1,multiply(X2,multiply(multiply(inverse(X2),multiply(multiply(inverse(X1),multiply(multiply(inverse(inverse(X3)),X4),inverse(multiply(X5,multiply(X0,X4))))),X5)),X0))) = X3 [superposition 878,17]
2580. multiply(inverse(X1),multiply(X1,multiply(X0,inverse(multiply(inverse(X2),X0))))) = X2 [superposition 1085,878]
3005. multiply(inverse(X1),multiply(X1,multiply(multiply(X2,multiply(X3,inverse(multiply(inverse(X0),X3)))),inverse(X0)))) = X2 [superposition 2580,2580]
3028. multiply(X1,multiply(X2,multiply(multiply(inverse(X2),multiply(X3,inverse(multiply(inverse(X0),X3)))),inverse(X0)))) = X1 [superposition 878,2580]
3573. multiply(inverse(X1),multiply(X1,multiply(multiply(X2,multiply(X3,inverse(multiply(X0,X3)))),X0))) = X2 [superposition 3005,814]
4423. multiply(X1,multiply(X2,multiply(multiply(inverse(X2),multiply(multiply(X0,multiply(X3,inverse(multiply(X4,X3)))),X4)),inverse(X0)))) = X1 [superposition 878,3573]
4468. multiply(inverse(X1),multiply(X1,multiply(multiply(X2,multiply(multiply(X0,multiply(X3,inverse(multiply(X4,X3)))),X4)),inverse(X0)))) = X2 [superposition 2580,3573]
4475. inverse(X1) = inverse(multiply(X1,multiply(X2,multiply(multiply(inverse(X2),multiply(multiply(X0,multiply(X3,inverse(multiply(X4,X3)))),X4)),inverse(X0))))) [superposition 1,3573]
5009. multiply(X1,multiply(X2,multiply(multiply(inverse(X2),multiply(X3,inverse(multiply(X0,X3)))),X0))) = X1 [superposition 3028,814]
5136. multiply(X0,multiply(X1,multiply(multiply(inverse(X1),multiply(X2,multiply(multiply(inverse(X2),multiply(X3,inverse(multiply(inverse(X4),X3)))),inverse(X4)))),inverse(multiply(inverse(X5),X0))))) = X5 [superposition 878,3028]
5141. inverse(multiply(X1,multiply(X0,multiply(inverse(X0),inverse(multiply(X5,multiply(X1,multiply(X2,multiply(multiply(inverse(X2),multiply(X3,inverse(multiply(inverse(X4),X3)))),inverse(X4)))))))))) = X5 [superposition 1,3028]
5253. inverse(multiply(X1,multiply(X0,multiply(inverse(X0),inverse(multiply(X5,X1)))))) = X5 [forward demodulation 5141,3028]
5255. multiply(X0,multiply(X1,multiply(inverse(X1),inverse(multiply(inverse(X5),X0))))) = X5 [forward demodulation 5136,3028]
5705. inverse(multiply(multiply(X1,multiply(inverse(X1),inverse(multiply(X0,X2)))),multiply(X3,multiply(inverse(X3),X0)))) = X2 [superposition 5253,5253]
5764. multiply(inverse(X1),multiply(X1,multiply(multiply(X2,multiply(inverse(X2),inverse(multiply(X0,inverse(X3))))),X0))) = X3 [superposition 2580,5253]
5765. multiply(inverse(X1),multiply(X1,multiply(multiply(X2,multiply(multiply(X3,multiply(inverse(X3),inverse(multiply(X0,X4)))),X0)),X4))) = X2 [superposition 3573,5253]
6273. multiply(multiply(X1,multiply(X2,inverse(multiply(inverse(X0),X2)))),multiply(X3,multiply(inverse(X3),inverse(X0)))) = X1 [superposition 5255,2580]
11371. multiply(multiply(X1,multiply(X2,inverse(multiply(X0,X2)))),multiply(X8,multiply(inverse(X8),X0))) = X1 [superposition 6273,814]
22277. multiply(inverse(X7),multiply(X7,multiply(X0,multiply(multiply(X1,multiply(inverse(X1),inverse(multiply(X2,multiply(X3,multiply(multiply(inverse(X3),multiply(multiply(X4,multiply(X5,inverse(multiply(X6,X5)))),X6)),inverse(X4))))))),X2)))) = X0 [superposition 5765,4423]
22666. multiply(inverse(X7),multiply(X7,multiply(X0,multiply(multiply(X1,multiply(inverse(X1),inverse(X2))),X2)))) = X0 [forward demodulation 22277,4475]
23672. multiply(X0,multiply(X1,inverse(multiply(multiply(multiply(X2,multiply(inverse(X2),inverse(X3))),X3),X1)))) = X0 [superposition 3573,22666]
23673. multiply(X0,multiply(multiply(X1,multiply(inverse(X1),inverse(multiply(X2,multiply(multiply(X3,multiply(inverse(X3),inverse(X4))),X4))))),X2)) = X0 [superposition 5765,22666]
25226. multiply(multiply(X1,multiply(inverse(X1),inverse(X2))),X2) = inverse(multiply(inverse(X0),X0)) [superposition 5253,23672]
27331. multiply(inverse(X2),X2) = inverse(inverse(multiply(inverse(X0),X0))) [superposition 5705,25226]
27879. multiply(inverse(X2),multiply(X2,multiply(multiply(X3,multiply(multiply(multiply(inverse(X4),X4),multiply(X5,inverse(multiply(X6,X5)))),X6)),multiply(multiply(X0,multiply(inverse(X0),inverse(X1))),X1)))) = X3 [superposition 4468,25226]
27894. multiply(inverse(X5),X5) = multiply(inverse(X2),multiply(X2,multiply(multiply(X3,multiply(inverse(X3),inverse(multiply(X4,multiply(multiply(X0,multiply(inverse(X0),inverse(X1))),X1))))),X4))) [superposition 5764,25226]
27911. multiply(inverse(X2),X2) = multiply(inverse(X5),X5) [forward demodulation 27894,23673]
27913. multiply(X3,multiply(multiply(multiply(inverse(X4),X4),multiply(X5,inverse(multiply(X6,X5)))),X6)) = X3 [forward demodulation 27879,22666]
34098. multiply(X1,multiply(inverse(multiply(inverse(X2),X2)),multiply(multiply(multiply(inverse(X0),X0),multiply(X3,inverse(multiply(X4,X3)))),X4))) = X1 [superposition 5009,27331]
34136. multiply(X1,inverse(multiply(inverse(X2),X2))) = X1 [forward demodulation 34098,27913]
35338. multiply(X2,multiply(multiply(X0,multiply(inverse(X0),inverse(X1))),X1)) = X2 [superposition 34136,25226]
35346. multiply(inverse(X1),multiply(X1,X0)) = X0 [superposition 2580,34136]
35355. multiply(multiply(X1,X0),multiply(X2,multiply(inverse(X2),inverse(X0)))) = X1 [superposition 11371,34136]
35606. multiply(X2,X1) = multiply(X2,multiply(X0,multiply(inverse(X0),X1))) [superposition 878,34136]
35607. inverse(multiply(X2,X1)) = inverse(multiply(X2,multiply(X0,multiply(inverse(X0),X1)))) [superposition 1,34136]
36071. multiply(multiply(X1,X0),inverse(X0)) = X1 [forward demodulation 35355,35606]
37408. multiply(X2,multiply(multiply(inverse(X2),multiply(multiply(inverse(X1),multiply(multiply(inverse(inverse(X0)),X3),inverse(multiply(X4,multiply(X5,X3))))),X4)),X5)) = multiply(inverse(X1),X0) [superposition 35346,1106]
37430. multiply(X1,X0) = multiply(inverse(inverse(X1)),X0) [superposition 35346,35346]
37827. multiply(inverse(inverse(X2)),multiply(multiply(X0,multiply(inverse(X0),inverse(X1))),X1)) = X2 [superposition 22666,35346]
38139. inverse(inverse(X2)) = X2 [forward demodulation 37827,35338]
38260. multiply(X2,multiply(multiply(inverse(X2),multiply(multiply(inverse(X1),multiply(multiply(X0,X3),inverse(multiply(X4,multiply(X5,X3))))),X4)),X5)) = multiply(inverse(X1),X0) [forward demodulation 37408,37430]
39159. multiply(X1,multiply(X2,multiply(multiply(inverse(X2),multiply(multiply(inverse(X1),multiply(multiply(X0,X13),inverse(multiply(X14,multiply(X15,X13))))),X14)),X15))) = inverse(multiply(X16,multiply(X17,multiply(multiply(inverse(X17),multiply(multiply(inverse(X16),multiply(multiply(multiply(X3,multiply(multiply(X4,multiply(X5,multiply(multiply(inverse(X5),X6),inverse(multiply(X7,multiply(X4,X6)))))),multiply(multiply(X7,multiply(multiply(inverse(X3),multiply(multiply(inverse(X0),multiply(multiply(inverse(X8),multiply(multiply(inverse(X9),X10),inverse(multiply(X11,multiply(X12,X10))))),X11)),X12)),X9)),X8))),X18),inverse(multiply(X19,multiply(X20,X18))))),X19)),X20)))) [superposition 50,90]
39161. multiply(X1,multiply(X2,multiply(multiply(inverse(X2),multiply(multiply(inverse(X1),multiply(multiply(inverse(X3),X4),inverse(multiply(X5,multiply(X6,X4))))),X5)),X6))) = inverse(multiply(X7,multiply(multiply(X8,multiply(multiply(X9,multiply(X10,multiply(multiply(inverse(X10),X11),inverse(multiply(X12,multiply(X9,X11)))))),multiply(multiply(X12,multiply(multiply(inverse(X8),multiply(multiply(inverse(X0),multiply(multiply(inverse(X13),multiply(multiply(inverse(X14),X15),inverse(multiply(X16,multiply(X17,X15))))),X16)),X17)),X14)),X13))),multiply(multiply(X0,multiply(multiply(inverse(X7),multiply(multiply(X3,X18),inverse(multiply(X19,multiply(X20,X18))))),X19)),X20)))) [superposition 50,90]
39162. inverse(multiply(X16,multiply(X17,multiply(multiply(inverse(X17),multiply(multiply(inverse(X16),multiply(multiply(X12,X18),inverse(multiply(X19,multiply(X20,X18))))),X19)),X20)))) = multiply(X1,multiply(multiply(X2,multiply(multiply(X3,multiply(X4,multiply(multiply(inverse(X4),X5),inverse(multiply(X6,multiply(X3,X5)))))),multiply(multiply(X6,multiply(multiply(inverse(X2),multiply(multiply(inverse(X0),multiply(multiply(inverse(X7),multiply(multiply(inverse(X8),X9),inverse(multiply(X10,multiply(X11,X9))))),X10)),X11)),X8)),X7))),multiply(multiply(X0,multiply(multiply(inverse(X1),multiply(multiply(inverse(X12),X13),inverse(multiply(X14,multiply(X15,X13))))),X14)),X15))) [superposition 50,90]
39263. multiply(X1,multiply(multiply(X2,multiply(multiply(X3,multiply(X4,multiply(multiply(inverse(X4),X5),inverse(multiply(X6,multiply(X3,X5)))))),multiply(multiply(X6,multiply(multiply(inverse(X2),multiply(multiply(inverse(X0),multiply(multiply(inverse(X7),multiply(multiply(inverse(X8),X9),inverse(multiply(X10,multiply(X11,X9))))),X10)),X11)),X8)),X7))),multiply(multiply(X0,multiply(multiply(inverse(X1),multiply(multiply(inverse(inverse(X12)),X13),inverse(multiply(X14,multiply(X15,X13))))),X14)),X15))) = X12 [superposition 1106,90]
39348. multiply(X1,multiply(multiply(X2,multiply(multiply(X3,multiply(X4,multiply(multiply(inverse(X4),X5),inverse(multiply(X6,multiply(X3,X5)))))),multiply(multiply(X6,multiply(multiply(inverse(X2),multiply(multiply(inverse(X0),multiply(multiply(inverse(X7),multiply(multiply(inverse(X8),X9),inverse(multiply(X10,multiply(X11,X9))))),X10)),X11)),X8)),X7))),multiply(multiply(X0,multiply(multiply(inverse(X1),multiply(multiply(X12,X13),inverse(multiply(X14,multiply(X15,X13))))),X14)),X15))) = X12 [forward demodulation 39263,37430]
39365. multiply(X1,multiply(multiply(X2,multiply(multiply(X3,multiply(X4,multiply(multiply(inverse(X4),X5),inverse(multiply(X6,multiply(X3,X5)))))),multiply(multiply(X6,multiply(multiply(inverse(X2),multiply(multiply(inverse(X0),multiply(multiply(inverse(X7),multiply(multiply(inverse(X8),X9),inverse(multiply(X10,multiply(X11,X9))))),X10)),X11)),X8)),X7))),multiply(multiply(X0,multiply(multiply(inverse(X1),multiply(multiply(inverse(X12),X13),inverse(multiply(X14,multiply(X15,X13))))),X14)),X15))) = inverse(multiply(X16,multiply(inverse(X16),X12))) [forward demodulation 39162,38260]
39366. multiply(X1,multiply(inverse(X1),inverse(X3))) = inverse(multiply(X7,multiply(multiply(X8,multiply(multiply(X9,multiply(X10,multiply(multiply(inverse(X10),X11),inverse(multiply(X12,multiply(X9,X11)))))),multiply(multiply(X12,multiply(multiply(inverse(X8),multiply(multiply(inverse(X0),multiply(multiply(inverse(X13),multiply(multiply(inverse(X14),X15),inverse(multiply(X16,multiply(X17,X15))))),X16)),X17)),X14)),X13))),multiply(multiply(X0,multiply(multiply(inverse(X7),multiply(multiply(X3,X18),inverse(multiply(X19,multiply(X20,X18))))),X19)),X20)))) [forward demodulation 39161,38260]
39368. multiply(X1,multiply(X2,multiply(multiply(inverse(X2),multiply(multiply(inverse(X1),multiply(multiply(X0,X13),inverse(multiply(X14,multiply(X15,X13))))),X14)),X15))) = inverse(multiply(X16,multiply(inverse(X16),multiply(X3,multiply(multiply(X4,multiply(X5,multiply(multiply(inverse(X5),X6),inverse(multiply(X7,multiply(X4,X6)))))),multiply(multiply(X7,multiply(multiply(inverse(X3),multiply(multiply(inverse(X0),multiply(multiply(inverse(X8),multiply(multiply(inverse(X9),X10),inverse(multiply(X11,multiply(X12,X10))))),X11)),X12)),X9)),X8)))))) [forward demodulation 39159,38260]
39747. inverse(X12) = inverse(multiply(X16,multiply(inverse(X16),X12))) [forward demodulation 39365,39348]
39748. inverse(X3) = multiply(X1,multiply(inverse(X1),inverse(X3))) [forward demodulation 39366,39348]
39750. multiply(X1,multiply(inverse(X1),X0)) = inverse(multiply(X16,multiply(inverse(X16),multiply(X3,multiply(multiply(X4,multiply(X5,multiply(multiply(inverse(X5),X6),inverse(multiply(X7,multiply(X4,X6)))))),multiply(multiply(X7,multiply(multiply(inverse(X3),multiply(multiply(inverse(X0),multiply(multiply(inverse(X8),multiply(multiply(inverse(X9),X10),inverse(multiply(X11,multiply(X12,X10))))),X11)),X12)),X9)),X8)))))) [forward demodulation 39368,38260]
39831. multiply(X1,multiply(inverse(X1),X0)) = inverse(multiply(X3,multiply(multiply(X4,multiply(X5,multiply(multiply(inverse(X5),X6),inverse(multiply(X7,multiply(X4,X6)))))),multiply(multiply(X7,multiply(multiply(inverse(X3),multiply(multiply(inverse(X0),multiply(multiply(inverse(X8),multiply(multiply(inverse(X9),X10),inverse(multiply(X11,multiply(X12,X10))))),X11)),X12)),X9)),X8)))) [forward demodulation 39750,39747]
39852. multiply(X1,multiply(inverse(X1),X0)) = X0 [forward demodulation 39831,90]
39862. inverse(X0) = multiply(X1,multiply(X2,multiply(multiply(inverse(X2),multiply(multiply(inverse(X1),multiply(multiply(inverse(X0),multiply(multiply(inverse(X3),multiply(multiply(inverse(X4),X5),inverse(multiply(X6,multiply(X7,X5))))),X6)),X7)),X4)),X3))) [superposition 38139,58]
43657. inverse(multiply(inverse(X1),multiply(multiply(X2,multiply(X3,multiply(multiply(inverse(X3),multiply(multiply(inverse(X2),multiply(multiply(inverse(X4),multiply(multiply(inverse(X5),multiply(multiply(inverse(X6),X7),inverse(multiply(X8,multiply(X9,X7))))),X8)),X9)),X6)),X5))),multiply(multiply(X4,X0),inverse(X0))))) = X1 [superposition 91,39852]
43907. multiply(inverse(X2),X0) = inverse(multiply(multiply(X1,multiply(inverse(X1),inverse(X0))),multiply(X3,multiply(inverse(X3),X2)))) [superposition 5705,39852]
44138. multiply(inverse(X2),X0) = inverse(multiply(multiply(X1,multiply(inverse(X1),inverse(X0))),X2)) [forward demodulation 43907,35607]
44319. inverse(multiply(inverse(X1),multiply(multiply(X2,multiply(X3,multiply(multiply(inverse(X3),multiply(multiply(inverse(X2),multiply(multiply(inverse(X4),multiply(multiply(inverse(X5),multiply(multiply(inverse(X6),X7),inverse(multiply(X8,multiply(X9,X7))))),X8)),X9)),X6)),X5))),X4))) = X1 [forward demodulation 43657,36071]
44542. multiply(inverse(X2),X0) = inverse(multiply(inverse(X0),X2)) [forward demodulation 44138,39748]
44625. inverse(multiply(inverse(X1),multiply(inverse(X4),X4))) = X1 [forward demodulation 44319,39862]
44780. multiply(inverse(multiply(inverse(X4),X4)),X1) = X1 [forward demodulation 44625,44542]
44836. multiply(multiply(inverse(X4),X4),X1) = X1 [forward demodulation 44780,44542]
49841. multiply(X1,multiply(X2,inverse(multiply(inverse(X0),multiply(X1,X2))))) = X0 [superposition 878,44836]
50904. multiply(X1,multiply(X2,multiply(inverse(multiply(X1,X2)),X0))) = X0 [forward demodulation 49841,44542]
167405. multiply(X1,multiply(X2,X0)) = multiply(multiply(X1,X2),X0) [superposition 50904,35346]
168179. multiply(a3,multiply(b3,c3)) != multiply(a3,multiply(b3,c3)) <- (~1) [superposition 6,167405]
168304. $false <- (~1) [trivial inequality removal 168179]
168305. 1 [avatar contradiction clause 168304]
168895. $false <- (~2) [forward subsumption resolution 10,44836]
168896. 2 [avatar contradiction clause 168895]
168897. $false <- (~3) [forward subsumption resolution 14,27911]
168898. 3 [avatar contradiction clause 168897]
s1. ~3 | ~2 | ~1 [sat_conversion 15]
s2. 1 [sat_conversion 168305]
s3. 2 [sat_conversion 168896]
s4. 3 [sat_conversion 168898]
s5. # [rat s1,s2,s3,s4]
168899. $false [avatar sat refutation s5]
% SZS output end Proof for GRP061-1_clausified
% ------------------------------
% Version: Vampire 5.0.0 (Release build, commit 2e2c9b7b8 on 2026-01-17 12:24:14 +0100)
% Linked with Z3 4.14.0.0 3c47fd96cf5645d0c42b2c819d9e9a84380aa721 z3-4.8.4-9178-g3c47fd96c
% CaDiCaL version: 2.1.3
% Termination reason: Refutation
% Time elapsed: 3.405 s
% Peak memory usage: 170 MB
% Instructions burned: 18979 (million)
% ------------------------------
% ------------------------------
