% Running in auto input_syntax mode. Trying TPTP
% Refutation found. Thanks to Tanya!
% SZS status Unsatisfiable for GRP614-1
% SZS output start Proof for GRP614-1
1. double_divide(inverse(double_divide(inverse(double_divide(X0,inverse(X1))),X2)),double_divide(X0,X2)) = X1 [input(axiom)]
2. multiply(X0,X1) = inverse(double_divide(X1,X0)) [input(axiom)]
3. multiply(multiply(inverse(b2),b2),a2) != a2 [input(negated conjecture)]
4. a2 != multiply(multiply(inverse(b2),b2),a2) [reorient equations 3]
5. a2 != inverse(double_divide(a2,inverse(double_divide(b2,inverse(b2))))) [definition unfolding 4,2,2]
6. double_divide(inverse(X0),double_divide(inverse(double_divide(X1,inverse(X0))),double_divide(X1,inverse(X2)))) = X2 [superposition 1,1]
7. double_divide(inverse(double_divide(inverse(double_divide(inverse(double_divide(inverse(double_divide(X1,inverse(X0))),X2)),inverse(X3))),double_divide(X1,X2))),X0) = X3 [superposition 1,1]
13. double_divide(inverse(double_divide(inverse(X0),double_divide(inverse(double_divide(inverse(double_divide(X1,inverse(inverse(X2)))),X3)),double_divide(X1,X3)))),X0) = X2 [superposition 7,7]
20. double_divide(inverse(double_divide(inverse(X0),X4)),double_divide(inverse(double_divide(inverse(double_divide(inverse(double_divide(inverse(double_divide(X1,inverse(inverse(X2)))),X3)),inverse(X0))),double_divide(X1,X3))),X4)) = X2 [superposition 1,7]
21. double_divide(inverse(double_divide(inverse(X0),inverse(X2))),X0) = X2 [forward demodulation 13,1]
23. double_divide(inverse(X0),double_divide(inverse(inverse(X1)),inverse(X0))) = X1 [superposition 21,21]
27. double_divide(inverse(X0),double_divide(inverse(X1),X1)) = X0 [superposition 1,21]
52. double_divide(inverse(double_divide(inverse(X0),X0)),inverse(X1)) = X1 [superposition 21,27]
92. double_divide(inverse(X1),double_divide(inverse(double_divide(inverse(double_divide(inverse(X2),X2)),inverse(X1))),X0)) = X0 [superposition 6,52]
109. double_divide(inverse(X1),double_divide(inverse(X1),X0)) = X0 [forward demodulation 92,52]
156. inverse(X0) = double_divide(inverse(double_divide(inverse(X1),X1)),X0) [superposition 109,52]
157. double_divide(X1,X2) = double_divide(inverse(double_divide(inverse(double_divide(X1,inverse(X0))),X2)),X0) [superposition 109,1]
160. double_divide(inverse(X1),X1) = double_divide(inverse(X0),X0) [superposition 109,27]
376. double_divide(inverse(double_divide(inverse(X0),X0)),double_divide(inverse(double_divide(inverse(double_divide(inverse(double_divide(inverse(double_divide(X2,inverse(inverse(X3)))),X4)),inverse(X1))),double_divide(X2,X4))),X1)) = X3 [superposition 20,160]
487. inverse(double_divide(inverse(double_divide(inverse(double_divide(inverse(double_divide(inverse(double_divide(X2,inverse(inverse(X3)))),X4)),inverse(X1))),double_divide(X2,X4))),X1)) = X3 [forward demodulation 376,156]
507. inverse(double_divide(inverse(double_divide(inverse(double_divide(X2,inverse(inverse(X3)))),X4)),double_divide(X2,X4))) = X3 [forward demodulation 487,157]
510. inverse(inverse(X3)) = X3 [forward demodulation 507,1]
533. double_divide(inverse(X1),double_divide(X0,inverse(X0))) = X1 [superposition 27,510]
537. double_divide(X0,double_divide(X0,X1)) = X1 [superposition 109,510]
539. double_divide(inverse(X1),X1) = double_divide(X0,inverse(X0)) [superposition 160,510]
2395. double_divide(X0,inverse(X0)) = double_divide(X1,inverse(X1)) [superposition 533,539]
2398. double_divide(inverse(double_divide(inverse(double_divide(inverse(X0),X0)),X2)),double_divide(X1,X2)) = X1 [superposition 1,539]
2401. double_divide(inverse(double_divide(inverse(double_divide(inverse(double_divide(inverse(double_divide(inverse(X0),X0)),X2)),inverse(X3))),double_divide(X1,X2))),X1) = X3 [superposition 7,539]
2427. inverse(double_divide(inverse(double_divide(X1,inverse(X2))),X3)) = double_divide(inverse(double_divide(inverse(double_divide(inverse(X0),X0)),double_divide(X1,X3))),X2) [superposition 7,539]
2490. inverse(double_divide(inverse(double_divide(X1,inverse(X2))),X3)) = double_divide(inverse(inverse(double_divide(X1,X3))),X2) [forward demodulation 2427,156]
2514. double_divide(inverse(double_divide(inverse(double_divide(inverse(inverse(X2)),inverse(X3))),double_divide(X1,X2))),X1) = X3 [forward demodulation 2401,156]
2517. double_divide(inverse(inverse(X2)),double_divide(X1,X2)) = X1 [forward demodulation 2398,156]
2596. inverse(double_divide(inverse(double_divide(X1,inverse(X2))),X3)) = double_divide(double_divide(X1,X3),X2) [forward demodulation 2490,510]
2611. double_divide(inverse(double_divide(inverse(double_divide(X2,inverse(X3))),double_divide(X1,X2))),X1) = X3 [forward demodulation 2514,510]
2612. double_divide(X2,double_divide(X1,X2)) = X1 [forward demodulation 2517,510]
2660. double_divide(double_divide(double_divide(X2,double_divide(X1,X2)),X3),X1) = X3 [forward demodulation 2611,2596]
2698. double_divide(double_divide(X1,X3),X1) = X3 [forward demodulation 2660,2612]
2766. double_divide(inverse(inverse(X0)),inverse(X1)) = double_divide(inverse(X1),X0) [superposition 537,23]
2785. double_divide(X0,inverse(X1)) = double_divide(inverse(X1),X0) [forward demodulation 2766,510]
3407. inverse(X0) = double_divide(X0,inverse(double_divide(inverse(X1),X1))) [superposition 2698,52]
3489. inverse(X0) = double_divide(X0,inverse(double_divide(X1,inverse(X1)))) [forward demodulation 3407,2785]
8183. a2 != inverse(double_divide(a2,inverse(double_divide(X0,inverse(X0))))) [superposition 5,2395]
8246. a2 != inverse(inverse(a2)) [forward demodulation 8183,3489]
8367. $false [forward subsumption resolution 8246,510]
% SZS output end Proof for GRP614-1
% ------------------------------
% Version: Vampire 5.0.0 (Release build, commit 2e2c9b7b8 on 2026-01-17 12:24:14 +0100)
% Linked with Z3 4.14.0.0 3c47fd96cf5645d0c42b2c819d9e9a84380aa721 z3-4.8.4-9178-g3c47fd96c
% CaDiCaL version: 2.1.3
% Termination reason: Refutation
% Time elapsed: 0.167 s
% Peak memory usage: 71 MB
% Instructions burned: 433 (million)
% ------------------------------
% ------------------------------
