% Running in auto input_syntax mode. Trying TPTP
% Refutation found. Thanks to Tanya!
% SZS status Unsatisfiable for GRP073-1
% SZS output start Proof for GRP073-1
1. divide(inverse(divide(divide(divide(X0,X1),X2),divide(X3,X2))),divide(X1,X0)) = X3 [input(axiom)]
2. multiply(X0,X1) = divide(X0,inverse(X1)) [input(axiom)]
3. multiply(inverse(a1),a1) != multiply(inverse(b1),b1) | multiply(multiply(inverse(b2),b2),a2) != a2 | multiply(multiply(a3,b3),c3) != multiply(a3,multiply(b3,c3)) [input(negated conjecture)]
4. multiply(inverse(a1),a1) != multiply(inverse(b1),b1) | a2 != multiply(multiply(inverse(b2),b2),a2) | multiply(multiply(a3,b3),c3) != multiply(a3,multiply(b3,c3)) [reorient equations 3]
5. divide(inverse(a1),inverse(a1)) != divide(inverse(b1),inverse(b1)) | a2 != divide(divide(inverse(b2),inverse(b2)),inverse(a2)) | divide(divide(a3,inverse(b3)),inverse(c3)) != divide(a3,inverse(divide(b3,inverse(c3)))) [definition unfolding 4,2,2,2,2,2,2,2,2]
7. 1 <=> divide(divide(a3,inverse(b3)),inverse(c3)) = divide(a3,inverse(divide(b3,inverse(c3)))) [avatar definition]
9. divide(divide(a3,inverse(b3)),inverse(c3)) != divide(a3,inverse(divide(b3,inverse(c3)))) <- (~1) [avatar component clause 7]
11. 2 <=> a2 = divide(divide(inverse(b2),inverse(b2)),inverse(a2)) [avatar definition]
13. a2 != divide(divide(inverse(b2),inverse(b2)),inverse(a2)) <- (~2) [avatar component clause 11]
15. 3 <=> divide(inverse(a1),inverse(a1)) = divide(inverse(b1),inverse(b1)) [avatar definition]
17. divide(inverse(a1),inverse(a1)) != divide(inverse(b1),inverse(b1)) <- (~3) [avatar component clause 15]
18. ~1 | ~2 | ~3 [avatar split clause 5,15,11,7]
19. divide(inverse(divide(divide(X0,X4),divide(X5,X4))),divide(divide(X2,X1),inverse(divide(divide(divide(X1,X2),X3),divide(X0,X3))))) = X5 [superposition 1,1]
20. inverse(divide(divide(divide(X4,X3),X5),divide(X0,X5))) = divide(inverse(divide(divide(divide(X1,X2),divide(X3,X4)),X0)),divide(X2,X1)) [superposition 1,1]
21. divide(inverse(divide(divide(divide(divide(X1,X2),inverse(divide(divide(divide(X2,X1),X3),divide(X0,X3)))),X4),divide(X5,X4))),X0) = X5 [superposition 1,1]
22. divide(inverse(divide(X0,divide(X4,divide(X2,X1)))),divide(divide(X5,X6),inverse(divide(divide(divide(X6,X5),X7),divide(inverse(divide(divide(divide(X1,X2),X3),divide(X0,X3))),X7))))) = X4 [superposition 19,1]
24. inverse(divide(divide(divide(X3,X2),X4),divide(X0,X4))) = divide(inverse(divide(divide(X1,divide(X2,X3)),X0)),divide(divide(X5,X6),inverse(divide(divide(divide(X6,X5),X7),divide(X1,X7))))) [superposition 19,1]
32. divide(inverse(divide(divide(X0,X6),divide(X7,X6))),divide(divide(divide(X3,X4),inverse(divide(divide(divide(X4,X3),X5),divide(X1,X5)))),inverse(divide(divide(X1,X2),divide(X0,X2))))) = X7 [superposition 1,19]
33. inverse(divide(divide(X6,X7),divide(X0,X7))) = divide(inverse(divide(divide(divide(X1,X2),divide(divide(X3,X4),inverse(divide(divide(divide(X4,X3),X5),divide(X6,X5))))),X0)),divide(X2,X1)) [superposition 1,19]
34. divide(inverse(divide(divide(divide(divide(divide(X1,X2),inverse(divide(divide(divide(X2,X1),X3),divide(X4,X3)))),inverse(divide(divide(X4,X5),divide(X0,X5)))),X6),divide(X7,X6))),X0) = X7 [superposition 1,19]
41. divide(inverse(divide(divide(divide(X0,X1),divide(X2,X3)),X4)),divide(X1,X0)) = divide(inverse(divide(divide(divide(X6,X7),divide(X2,X3)),X4)),divide(X7,X6)) [superposition 20,20]
45. inverse(divide(divide(divide(divide(X1,X2),inverse(divide(divide(divide(X2,X1),X3),divide(X0,X3)))),X4),divide(X5,X4))) = divide(inverse(divide(divide(divide(X6,X7),X0),X5)),divide(X7,X6)) [superposition 20,1]
49. inverse(divide(divide(divide(X1,X2),X3),divide(X4,X3))) = divide(inverse(divide(divide(divide(divide(X5,X6),inverse(divide(divide(divide(X6,X5),X7),divide(X0,X7)))),divide(X2,X1)),X4)),X0) [superposition 20,1]
54. divide(inverse(divide(divide(X4,X5),divide(X6,X5))),divide(divide(X2,X3),divide(inverse(divide(divide(divide(X0,X1),divide(X2,X3)),X4)),divide(X1,X0)))) = X6 [superposition 19,20]
55. divide(divide(inverse(divide(divide(divide(X0,X1),divide(X2,X3)),X4)),divide(X1,X0)),divide(X2,X3)) = X4 [superposition 1,20]
56. divide(divide(inverse(divide(divide(divide(X0,X1),divide(X2,X3)),X4)),divide(X1,X0)),divide(divide(X6,X7),inverse(divide(divide(divide(X7,X6),X8),divide(divide(X3,X2),X8))))) = X4 [superposition 19,20]
57. inverse(divide(divide(divide(X0,X1),X2),divide(divide(X3,divide(X1,X0)),X2))) = X3 [superposition 1,20]
74. inverse(divide(divide(X4,X6),divide(X0,X6))) = inverse(divide(divide(divide(inverse(divide(divide(divide(X1,X2),X3),divide(X4,X3))),divide(X2,X1)),X5),divide(X0,X5))) [superposition 57,19]
75. inverse(divide(divide(divide(X4,X5),divide(X1,X0)),X3)) = inverse(divide(divide(divide(X4,X5),X6),divide(inverse(divide(divide(divide(X0,X1),X2),divide(X3,X2))),X6))) [superposition 57,20]
81. inverse(divide(divide(X4,X5),divide(X0,X5))) = inverse(divide(divide(X4,X6),divide(X0,X6))) [forward demodulation 74,1]
94. divide(inverse(divide(divide(divide(divide(X2,X3),divide(inverse(divide(divide(divide(X0,X1),divide(X2,X3)),X4)),divide(X1,X0))),X6),divide(X7,X6))),X4) = X7 [superposition 21,20]
100. divide(divide(inverse(divide(divide(divide(X0,X1),divide(inverse(divide(divide(divide(X2,X3),X4),divide(X5,X4))),divide(X3,X2))),X6)),divide(X1,X0)),X5) = X6 [superposition 21,20]
106. divide(inverse(divide(divide(inverse(divide(divide(divide(divide(X1,X2),inverse(divide(divide(divide(X2,X1),X3),divide(X4,X3)))),X5),divide(X0,X5))),X6),divide(X7,X6))),divide(divide(X8,X9),inverse(divide(divide(divide(X9,X8),X4),X0)))) = X7 [superposition 19,21]
109. divide(inverse(divide(X0,divide(X6,X4))),divide(divide(X7,X8),inverse(divide(divide(divide(X8,X7),X9),divide(inverse(divide(divide(divide(divide(X1,X2),inverse(divide(divide(divide(X2,X1),X3),divide(X4,X3)))),X5),divide(X0,X5))),X9))))) = X6 [superposition 19,21]
119. divide(inverse(divide(X0,divide(X6,X4))),divide(divide(X7,X8),inverse(divide(divide(divide(X8,X7),divide(inverse(divide(divide(divide(X2,X1),X3),divide(X4,X3))),divide(X1,X2))),X0)))) = X6 [forward demodulation 109,75]
120. divide(divide(inverse(divide(divide(divide(X0,X1),X5),X6)),divide(X1,X0)),X5) = X6 [forward demodulation 100,1]
121. divide(inverse(divide(X0,divide(X6,X4))),divide(divide(X7,X8),inverse(divide(divide(divide(X8,X7),X4),X0)))) = X6 [forward demodulation 119,1]
127. divide(divide(inverse(divide(X0,X4)),divide(divide(X2,X1),inverse(divide(divide(divide(X1,X2),X3),X0)))),X3) = X4 [superposition 120,120]
155. inverse(divide(X0,divide(divide(X4,divide(divide(X2,X1),inverse(divide(divide(divide(X1,X2),X3),X0)))),X3))) = X4 [superposition 57,120]
240. inverse(divide(divide(X1,X2),divide(inverse(divide(divide(divide(X3,X4),X5),divide(X0,X5))),X2))) = inverse(divide(divide(X1,divide(X4,X3)),X0)) [superposition 81,1]
247. inverse(X0) = inverse(divide(divide(inverse(divide(divide(divide(X1,X2),divide(X3,divide(X2,X1))),X0)),X4),divide(X3,X4))) [superposition 81,120]
584. divide(X3,X4) = divide(divide(inverse(X0),divide(divide(X5,X6),inverse(divide(divide(divide(X6,X5),X7),divide(inverse(divide(divide(divide(X1,X2),divide(X3,X4)),X0)),divide(X2,X1)))))),X7) [superposition 127,55]
1287. divide(divide(X5,X6),inverse(divide(divide(divide(X6,X5),X7),divide(divide(X4,X3),X7)))) = divide(divide(inverse(X0),divide(divide(X8,X9),inverse(divide(divide(divide(X9,X8),X10),divide(inverse(divide(divide(divide(X1,X2),divide(X3,X4)),X0)),divide(X2,X1)))))),X10) [superposition 127,56]
1319. divide(X3,X4) = divide(divide(X5,X6),inverse(divide(divide(divide(X6,X5),X7),divide(divide(X4,X3),X7)))) [forward demodulation 1287,584]
1438. divide(X1,X2) = divide(divide(divide(X3,X4),inverse(divide(divide(divide(X4,X3),X5),divide(X0,X5)))),inverse(divide(divide(X0,X6),divide(divide(X2,X1),X6)))) [superposition 1319,1]
1577. divide(inverse(divide(divide(X0,X1),divide(X8,inverse(divide(divide(divide(divide(inverse(divide(divide(divide(X4,X5),divide(X2,X3)),X6)),divide(X5,X4)),divide(X2,X3)),X7),divide(divide(X1,X0),X7)))))),X6) = X8 [superposition 94,1319]
1578. divide(inverse(divide(divide(X0,X1),divide(X8,inverse(divide(divide(X6,X7),divide(divide(X1,X0),X7)))))),X6) = X8 [forward demodulation 1577,55]
2117. divide(X2,X3) = divide(inverse(divide(divide(X0,X1),divide(X0,X1))),divide(X3,X2)) [superposition 1578,1319]
2655. divide(X1,X2) = divide(inverse(divide(X0,X0)),divide(X2,X1)) [superposition 2117,127]
3276. divide(divide(X1,X0),inverse(divide(X2,X2))) = divide(inverse(divide(divide(X3,X4),divide(X3,X4))),divide(X0,X1)) [superposition 2117,2655]
3281. divide(X1,X0) = divide(divide(X1,X0),inverse(divide(X2,X2))) [forward demodulation 3276,2117]
4384. divide(X0,inverse(divide(X5,X5))) = X0 [superposition 3281,127]
4408. divide(X0,X1) = divide(inverse(divide(divide(X2,X3),divide(X0,X1))),divide(X3,X2)) [superposition 1578,3281]
4422. inverse(divide(divide(divide(X2,X3),inverse(divide(X4,X4))),divide(X0,X1))) = divide(inverse(divide(divide(divide(X5,X6),divide(X3,X2)),divide(X0,X1))),divide(X6,X5)) [superposition 20,3281]
4534. divide(inverse(divide(divide(divide(X0,X1),inverse(divide(X2,X2))),X3)),divide(X1,X0)) = X3 [superposition 120,3281]
4564. divide(inverse(divide(divide(X0,X1),X3)),divide(X1,X0)) = X3 [forward demodulation 4534,3281]
4642. inverse(divide(divide(X2,X3),divide(X0,X1))) = divide(inverse(divide(divide(divide(X5,X6),divide(X3,X2)),divide(X0,X1))),divide(X6,X5)) [forward demodulation 4422,3281]
5376. divide(inverse(divide(divide(divide(X4,X5),divide(X2,X1)),X0)),divide(X5,X4)) = inverse(divide(divide(divide(X1,X2),inverse(divide(X3,X3))),X0)) [superposition 20,4384]
5445. inverse(divide(divide(X0,X1),divide(X2,X1))) = inverse(divide(X0,divide(X2,inverse(divide(X3,X3))))) [superposition 81,4384]
5554. inverse(divide(divide(X0,X1),divide(X2,X1))) = inverse(divide(X0,X2)) [forward demodulation 5445,4384]
5593. inverse(divide(divide(X1,X2),X0)) = divide(inverse(divide(divide(divide(X4,X5),divide(X2,X1)),X0)),divide(X5,X4)) [forward demodulation 5376,3281]
5822. inverse(divide(divide(X13,divide(X1,X0)),X3)) = divide(inverse(divide(divide(divide(divide(divide(X4,X5),inverse(divide(divide(divide(X5,X4),X6),divide(X7,X6)))),inverse(divide(divide(X7,X8),divide(X9,X8)))),divide(divide(X10,X11),inverse(divide(divide(divide(X11,X10),X12),divide(X13,X12))))),inverse(divide(divide(divide(X0,X1),X2),divide(X3,X2))))),X9) [superposition 34,24]
5829. inverse(divide(divide(X11,X12),divide(X0,X12))) = divide(inverse(divide(divide(divide(divide(divide(X1,X2),inverse(divide(divide(divide(X2,X1),X3),divide(X4,X3)))),inverse(divide(divide(X4,X5),divide(X6,X5)))),divide(divide(X7,X8),divide(inverse(divide(divide(divide(X9,X10),divide(X7,X8)),X11)),divide(X10,X9)))),X0)),X6) [superposition 34,54]
5974. inverse(X1) = inverse(divide(divide(inverse(divide(divide(divide(X2,X3),X0),X1)),X10),divide(inverse(divide(divide(divide(divide(divide(X4,X5),inverse(divide(divide(divide(X5,X4),X6),divide(X7,X6)))),inverse(divide(divide(X7,X8),divide(divide(X3,X2),X8)))),X9),divide(X0,X9))),X10))) [superposition 247,34]
5978. inverse(divide(divide(divide(divide(divide(X2,X3),inverse(divide(divide(divide(X3,X2),X4),divide(X5,X4)))),inverse(divide(divide(X5,X6),divide(divide(divide(X7,X8),inverse(divide(divide(divide(X8,X7),X9),X1))),X6)))),X10),divide(X0,X10))) = inverse(divide(X1,divide(X0,X9))) [superposition 155,34]
5983. inverse(divide(X1,divide(X0,X9))) = inverse(divide(divide(divide(divide(X2,X3),inverse(divide(divide(divide(X3,X2),X4),divide(X5,X4)))),inverse(divide(divide(X5,X6),divide(divide(divide(X7,X8),inverse(divide(divide(divide(X8,X7),X9),X1))),X6)))),X0)) [forward demodulation 5978,5554]
5987. inverse(X1) = inverse(divide(divide(inverse(divide(divide(divide(X2,X3),X0),X1)),divide(inverse(divide(divide(X7,X8),divide(divide(X3,X2),X8))),divide(divide(X4,X5),inverse(divide(divide(divide(X5,X4),X6),divide(X7,X6)))))),X0)) [forward demodulation 5974,240]
6104. inverse(divide(divide(X11,X12),divide(X0,X12))) = divide(inverse(divide(divide(divide(divide(divide(X1,X2),inverse(divide(divide(divide(X2,X1),X3),divide(X4,X3)))),inverse(divide(divide(X4,X5),divide(X6,X5)))),divide(divide(X7,X8),inverse(divide(divide(X8,X7),X11)))),X0)),X6) [forward demodulation 5829,5593]
6109. inverse(divide(divide(X13,divide(X1,X0)),X3)) = divide(inverse(divide(divide(divide(divide(divide(X4,X5),inverse(divide(divide(divide(X5,X4),X6),divide(X7,X6)))),inverse(divide(divide(X7,X8),divide(X9,X8)))),divide(divide(X10,X11),inverse(divide(divide(divide(X11,X10),X12),divide(X13,X12))))),inverse(divide(divide(X0,X1),X3)))),X9) [forward demodulation 5822,5554]
6256. inverse(divide(X1,divide(X0,X9))) = inverse(divide(divide(inverse(divide(divide(divide(X8,X7),X9),X1)),divide(X7,X8)),X0)) [forward demodulation 5983,1438]
6260. inverse(X1) = inverse(divide(divide(inverse(divide(divide(divide(X2,X3),X0),X1)),divide(X3,X2)),X0)) [forward demodulation 5987,19]
6363. inverse(divide(divide(X11,X12),divide(X0,X12))) = divide(inverse(divide(divide(divide(divide(divide(X1,X2),inverse(divide(divide(divide(X2,X1),X3),divide(X4,X3)))),inverse(divide(X4,X6))),divide(divide(X7,X8),inverse(divide(divide(X8,X7),X11)))),X0)),X6) [forward demodulation 6104,5554]
6368. inverse(divide(divide(X13,divide(X1,X0)),X3)) = divide(inverse(divide(divide(divide(divide(divide(X4,X5),inverse(divide(divide(divide(X5,X4),X6),divide(X7,X6)))),inverse(divide(divide(X7,X8),divide(X9,X8)))),divide(divide(X10,X11),inverse(divide(divide(X11,X10),X13)))),inverse(divide(divide(X0,X1),X3)))),X9) [forward demodulation 6109,5554]
6516. inverse(X1) = inverse(divide(X1,divide(X0,X0))) [forward demodulation 6260,6256]
6603. inverse(divide(divide(X11,X12),divide(X0,X12))) = divide(inverse(divide(divide(divide(divide(divide(X1,X2),inverse(divide(divide(X2,X1),X4))),inverse(divide(X4,X6))),divide(divide(X7,X8),inverse(divide(divide(X8,X7),X11)))),X0)),X6) [forward demodulation 6363,5554]
6608. inverse(divide(divide(X13,divide(X1,X0)),X3)) = divide(inverse(divide(divide(divide(divide(divide(X4,X5),inverse(divide(divide(divide(X5,X4),X6),divide(X7,X6)))),inverse(divide(X7,X9))),divide(divide(X10,X11),inverse(divide(divide(X11,X10),X13)))),inverse(divide(divide(X0,X1),X3)))),X9) [forward demodulation 6368,5554]
6792. divide(inverse(divide(divide(divide(divide(divide(X1,X2),inverse(divide(divide(X2,X1),X4))),inverse(divide(X4,X6))),divide(divide(X7,X8),inverse(divide(divide(X8,X7),X11)))),X0)),X6) = inverse(divide(X11,X0)) [forward demodulation 6603,5554]
6794. inverse(divide(divide(X13,divide(X1,X0)),X3)) = divide(inverse(divide(divide(divide(divide(divide(X4,X5),inverse(divide(divide(X5,X4),X7))),inverse(divide(X7,X9))),divide(divide(X10,X11),inverse(divide(divide(X11,X10),X13)))),inverse(divide(divide(X0,X1),X3)))),X9) [forward demodulation 6608,5554]
6880. inverse(divide(divide(X13,divide(X1,X0)),X3)) = inverse(divide(X13,inverse(divide(divide(X0,X1),X3)))) [forward demodulation 6794,6792]
6979. divide(inverse(divide(X0,X1)),X2) = inverse(divide(divide(X2,X3),divide(divide(X1,X0),X3))) [superposition 1578,6516]
6985. divide(X3,X3) = divide(divide(inverse(divide(divide(X0,X1),X2)),divide(X1,X0)),X2) [superposition 120,6516]
6991. divide(inverse(divide(divide(X0,X1),divide(X2,X3))),divide(X1,X0)) = divide(inverse(divide(divide(divide(X4,X5),divide(X2,X3)),divide(X6,X6))),divide(X5,X4)) [superposition 41,6516]
6996. divide(inverse(divide(divide(X0,X1),divide(divide(X2,X3),inverse(divide(divide(divide(X3,X2),X4),divide(X5,X4)))))),divide(X1,X0)) = inverse(divide(divide(X5,X6),divide(divide(X7,X7),X6))) [superposition 33,6516]
7006. divide(inverse(divide(divide(X0,X1),divide(divide(X2,X3),inverse(divide(divide(divide(X3,X2),X4),divide(X5,X4)))))),divide(X1,X0)) = inverse(divide(X5,divide(X7,X7))) [forward demodulation 6996,5554]
7011. divide(inverse(divide(divide(X0,X1),divide(X2,X3))),divide(X1,X0)) = inverse(divide(divide(X3,X2),divide(X6,X6))) [forward demodulation 6991,4642]
7017. divide(X3,X3) = divide(X2,X2) [forward demodulation 6985,4564]
7018. divide(inverse(divide(X0,X1)),X2) = inverse(divide(X2,divide(X1,X0))) [forward demodulation 6979,5554]
7052. inverse(X5) = divide(inverse(divide(divide(X0,X1),divide(divide(X2,X3),inverse(divide(divide(divide(X3,X2),X4),divide(X5,X4)))))),divide(X1,X0)) [forward demodulation 7006,6516]
7056. divide(inverse(divide(divide(X0,X1),divide(X2,X3))),divide(X1,X0)) = inverse(divide(X3,X2)) [forward demodulation 7011,6516]
7079. divide(divide(X2,X3),inverse(divide(divide(divide(X3,X2),X4),divide(X5,X4)))) = inverse(X5) [forward demodulation 7052,4408]
7081. divide(X2,X3) = inverse(divide(X3,X2)) [forward demodulation 7056,4408]
7088. inverse(X5) = divide(divide(X2,X3),inverse(divide(divide(X3,X2),X5))) [forward demodulation 7079,5554]
7093. inverse(X5) = divide(divide(X2,X3),divide(X5,divide(X3,X2))) [forward demodulation 7088,7081]
7180. inverse(divide(divide(divide(divide(X1,X2),inverse(divide(divide(divide(X2,X1),divide(divide(X3,X4),inverse(divide(divide(divide(X4,X3),X5),X6)))),X0))),X7),divide(X8,X7))) = divide(inverse(divide(divide(divide(X9,X10),inverse(divide(X6,divide(X0,X5)))),X8)),divide(X10,X9)) [superposition 45,121]
7181. inverse(divide(divide(divide(divide(X1,X2),inverse(divide(divide(divide(X2,X1),divide(divide(X3,X4),inverse(divide(divide(divide(X4,X3),X5),divide(inverse(divide(divide(divide(X6,X7),X8),divide(X9,X8))),X5))))),X0))),X10),divide(X11,X10))) = divide(inverse(divide(divide(divide(X12,X13),inverse(divide(X9,divide(X0,divide(X7,X6))))),X11)),divide(X13,X12)) [superposition 45,22]
7195. divide(inverse(divide(divide(divide(X10,X11),X3),X9)),divide(X11,X10)) = inverse(divide(divide(divide(divide(inverse(divide(divide(divide(X4,X5),X6),divide(X2,X6))),divide(X5,X4)),divide(inverse(divide(divide(divide(X0,X1),X2),X3)),divide(X1,X0))),X8),divide(X9,X8))) [superposition 45,45]
7229. inverse(divide(divide(divide(divide(X1,X2),inverse(divide(divide(divide(X2,X1),X3),divide(X4,X3)))),X5),X0)) = divide(inverse(divide(divide(divide(X8,X9),X4),divide(inverse(divide(divide(divide(X6,X7),X5),X0)),divide(X7,X6)))),divide(X9,X8)) [superposition 45,120]
7321. inverse(divide(divide(divide(divide(X1,X2),inverse(divide(divide(divide(X2,X1),X3),divide(X4,X3)))),X5),divide(X6,X5))) = divide(inverse(divide(divide(divide(divide(divide(X7,X8),inverse(divide(divide(divide(X8,X7),X9),divide(divide(X10,X11),X9)))),divide(inverse(divide(divide(divide(X12,X13),divide(X11,X10)),X0)),divide(X13,X12))),X4),X6)),X0) [superposition 45,56]
7383. divide(inverse(divide(divide(divide(X0,X1),X2),X3)),divide(X1,X0)) = inverse(divide(divide(divide(X4,X5),inverse(divide(divide(divide(X5,X4),X6),divide(X2,X6)))),X3)) [superposition 6516,45]
7461. inverse(divide(divide(X6,X7),divide(X8,X7))) = divide(inverse(divide(divide(divide(X9,X10),divide(divide(divide(X11,X12),inverse(divide(divide(divide(X12,X11),X3),X5))),inverse(divide(divide(inverse(divide(divide(divide(divide(X0,X1),inverse(divide(divide(divide(X1,X0),X2),divide(X3,X2)))),X4),divide(X5,X4))),X13),divide(X6,X13))))),X8)),divide(X10,X9)) [superposition 33,45]
7504. divide(divide(inverse(divide(divide(divide(divide(X6,X7),inverse(divide(divide(divide(X7,X6),X3),X5))),X8),X9)),inverse(divide(divide(divide(divide(X0,X1),inverse(divide(divide(divide(X1,X0),X2),divide(X3,X2)))),X4),divide(X5,X4)))),X8) = X9 [superposition 120,45]
7524. divide(divide(X6,X7),inverse(divide(divide(divide(X7,X6),X3),X5))) = divide(inverse(divide(X8,X8)),inverse(divide(divide(divide(divide(X0,X1),inverse(divide(divide(divide(X1,X0),X2),divide(X3,X2)))),X4),divide(X5,X4)))) [superposition 2655,45]
7534. divide(divide(X6,X7),inverse(divide(divide(divide(X7,X6),X3),X5))) = divide(inverse(divide(X8,X8)),inverse(divide(divide(divide(X0,X1),inverse(divide(divide(divide(X1,X0),X2),divide(X3,X2)))),X5))) [forward demodulation 7524,5554]
7553. divide(divide(inverse(divide(divide(divide(divide(X6,X7),inverse(divide(divide(divide(X7,X6),X3),X5))),X8),X9)),inverse(divide(divide(divide(X0,X1),inverse(divide(divide(divide(X1,X0),X2),divide(X3,X2)))),X5))),X8) = X9 [forward demodulation 7504,5554]
7591. inverse(divide(divide(X6,X7),divide(X8,X7))) = inverse(divide(divide(inverse(divide(divide(inverse(divide(divide(divide(divide(X0,X1),inverse(divide(divide(divide(X1,X0),X2),divide(X3,X2)))),X4),divide(X5,X4))),X13),divide(X6,X13))),divide(divide(X11,X12),inverse(divide(divide(divide(X12,X11),X3),X5)))),X8)) [forward demodulation 7461,5593]
7652. divide(inverse(divide(divide(divide(X0,X1),X2),X3)),divide(X1,X0)) = divide(X3,divide(divide(X4,X5),inverse(divide(divide(divide(X5,X4),X6),divide(X2,X6))))) [forward demodulation 7383,7081]
7702. inverse(divide(divide(divide(divide(X1,X2),inverse(divide(divide(divide(X2,X1),X3),divide(X4,X3)))),X5),divide(X6,X5))) = divide(divide(X6,divide(divide(divide(divide(X7,X8),inverse(divide(divide(divide(X8,X7),X9),divide(divide(X10,X11),X9)))),divide(inverse(divide(divide(divide(X12,X13),divide(X11,X10)),X0)),divide(X13,X12))),X4)),X0) [forward demodulation 7321,7081]
7778. inverse(divide(divide(divide(divide(X1,X2),inverse(divide(divide(divide(X2,X1),X3),divide(X4,X3)))),X5),X0)) = divide(divide(inverse(divide(divide(X7,X6),inverse(divide(divide(divide(X6,X7),X5),X0)))),divide(divide(X8,X9),X4)),divide(X9,X8)) [forward demodulation 7229,7018]
7805. divide(inverse(divide(divide(divide(X10,X11),X3),X9)),divide(X11,X10)) = inverse(divide(divide(divide(inverse(divide(divide(divide(X4,X5),X6),divide(X2,X6))),divide(X5,X4)),divide(inverse(divide(divide(divide(X0,X1),X2),X3)),divide(X1,X0))),X9)) [forward demodulation 7195,5554]
7814. inverse(divide(divide(divide(divide(X1,X2),inverse(divide(divide(divide(X2,X1),divide(divide(X3,X4),inverse(divide(divide(divide(X4,X3),X5),divide(inverse(divide(divide(divide(X6,X7),X8),divide(X9,X8))),X5))))),X0))),X10),divide(X11,X10))) = divide(divide(X11,divide(divide(X12,X13),inverse(divide(X9,divide(X0,divide(X7,X6)))))),divide(X13,X12)) [forward demodulation 7181,7081]
7815. inverse(divide(divide(divide(divide(X1,X2),inverse(divide(divide(divide(X2,X1),divide(divide(X3,X4),inverse(divide(divide(divide(X4,X3),X5),X6)))),X0))),X7),divide(X8,X7))) = divide(divide(X8,divide(divide(X9,X10),inverse(divide(X6,divide(X0,X5))))),divide(X10,X9)) [forward demodulation 7180,7081]
7887. divide(divide(X6,X7),inverse(divide(divide(divide(X7,X6),X3),X5))) = divide(inverse(divide(X8,X8)),divide(X5,divide(divide(X0,X1),inverse(divide(divide(divide(X1,X0),X2),divide(X3,X2)))))) [forward demodulation 7534,7081]
7906. divide(divide(inverse(divide(divide(divide(divide(X6,X7),inverse(divide(divide(divide(X7,X6),X3),X5))),X8),X9)),divide(X5,divide(divide(X0,X1),inverse(divide(divide(divide(X1,X0),X2),divide(X3,X2)))))),X8) = X9 [forward demodulation 7553,7081]
7944. inverse(divide(divide(X6,X7),divide(X8,X7))) = divide(X8,divide(inverse(divide(divide(inverse(divide(divide(divide(divide(X0,X1),inverse(divide(divide(divide(X1,X0),X2),divide(X3,X2)))),X4),divide(X5,X4))),X13),divide(X6,X13))),divide(divide(X11,X12),inverse(divide(divide(divide(X12,X11),X3),X5))))) [forward demodulation 7591,7081]
8001. divide(inverse(divide(divide(divide(X0,X1),X2),X3)),divide(X1,X0)) = divide(X3,divide(divide(X4,X5),inverse(divide(divide(X5,X4),X2)))) [forward demodulation 7652,5554]
8047. inverse(divide(divide(divide(divide(X1,X2),inverse(divide(divide(divide(X2,X1),X3),divide(X4,X3)))),X5),divide(X6,X5))) = divide(divide(X6,divide(divide(divide(divide(X7,X8),inverse(divide(divide(divide(X8,X7),X9),divide(divide(X10,X11),X9)))),inverse(divide(divide(X10,X11),X0))),X4)),X0) [forward demodulation 7702,5593]
8109. inverse(divide(divide(divide(divide(X1,X2),inverse(divide(divide(divide(X2,X1),X3),divide(X4,X3)))),X5),X0)) = divide(divide(inverse(divide(divide(divide(X7,X6),divide(X5,divide(X6,X7))),X0)),divide(divide(X8,X9),X4)),divide(X9,X8)) [forward demodulation 7778,6880]
8136. divide(inverse(divide(divide(divide(X10,X11),X3),X9)),divide(X11,X10)) = divide(X9,divide(divide(inverse(divide(divide(divide(X4,X5),X6),divide(X2,X6))),divide(X5,X4)),divide(inverse(divide(divide(divide(X0,X1),X2),X3)),divide(X1,X0)))) [forward demodulation 7805,7081]
8145. inverse(divide(divide(divide(divide(X1,X2),inverse(divide(divide(divide(X2,X1),divide(divide(X3,X4),inverse(divide(divide(divide(X4,X3),X5),divide(inverse(divide(divide(divide(X6,X7),X8),divide(X9,X8))),X5))))),X0))),X10),divide(X11,X10))) = divide(divide(X11,divide(divide(X12,X13),divide(inverse(divide(divide(X7,X6),X0)),X9))),divide(X13,X12)) [forward demodulation 7814,7018]
8146. inverse(divide(divide(divide(divide(X1,X2),inverse(divide(divide(divide(X2,X1),divide(divide(X3,X4),inverse(divide(divide(divide(X4,X3),X5),X6)))),X0))),X7),divide(X8,X7))) = divide(divide(X8,divide(divide(X9,X10),divide(inverse(divide(X5,X0)),X6))),divide(X10,X9)) [forward demodulation 7815,7018]
8218. divide(divide(divide(X0,X1),inverse(divide(divide(divide(X1,X0),X2),divide(X3,X2)))),X5) = divide(divide(X6,X7),inverse(divide(divide(divide(X7,X6),X3),X5))) [forward demodulation 7887,2655]
8237. divide(divide(inverse(divide(divide(divide(divide(X6,X7),inverse(divide(divide(divide(X7,X6),X3),X5))),X8),X9)),divide(X5,divide(divide(X0,X1),inverse(divide(divide(X1,X0),X3))))),X8) = X9 [forward demodulation 7906,5554]
8275. inverse(divide(divide(X6,X7),divide(X8,X7))) = divide(X8,X6) [forward demodulation 7944,106]
8330. divide(inverse(divide(divide(divide(X0,X1),X2),X3)),divide(X1,X0)) = divide(X3,divide(divide(X4,X5),divide(X2,divide(X5,X4)))) [forward demodulation 8001,7081]
8364. inverse(divide(divide(divide(divide(X1,X2),inverse(divide(divide(divide(X2,X1),X3),divide(X4,X3)))),X5),divide(X6,X5))) = divide(divide(X6,divide(divide(divide(divide(X7,X8),inverse(divide(divide(divide(X8,X7),X9),divide(divide(X10,X11),X9)))),divide(X0,divide(X10,X11))),X4)),X0) [forward demodulation 8047,7081]
8425. inverse(divide(divide(divide(divide(X1,X2),inverse(divide(divide(divide(X2,X1),X3),divide(X4,X3)))),X5),X0)) = divide(divide(divide(X0,divide(divide(X7,X6),divide(X5,divide(X6,X7)))),divide(divide(X8,X9),X4)),divide(X9,X8)) [forward demodulation 8109,7081]
8452. divide(inverse(divide(divide(divide(X10,X11),X3),X9)),divide(X11,X10)) = divide(X9,divide(divide(inverse(divide(divide(divide(X4,X5),X6),divide(X2,X6))),divide(X5,X4)),divide(divide(X3,divide(divide(X0,X1),X2)),divide(X1,X0)))) [forward demodulation 8136,7081]
8461. inverse(divide(divide(divide(divide(X1,X2),inverse(divide(divide(divide(X2,X1),divide(divide(X3,X4),inverse(divide(divide(divide(X4,X3),X5),divide(inverse(divide(divide(divide(X6,X7),X8),divide(X9,X8))),X5))))),X0))),X10),divide(X11,X10))) = divide(divide(X11,divide(divide(X12,X13),divide(divide(X0,divide(X7,X6)),X9))),divide(X13,X12)) [forward demodulation 8145,7081]
8462. inverse(divide(divide(divide(divide(X1,X2),inverse(divide(divide(divide(X2,X1),divide(divide(X3,X4),inverse(divide(divide(divide(X4,X3),X5),X6)))),X0))),X7),divide(X8,X7))) = divide(divide(X8,divide(divide(X9,X10),divide(divide(X0,X5),X6))),divide(X10,X9)) [forward demodulation 8146,7081]
8534. divide(divide(divide(X0,X1),inverse(divide(divide(divide(X1,X0),X2),divide(X3,X2)))),X5) = divide(divide(X6,X7),divide(X5,divide(divide(X7,X6),X3))) [forward demodulation 8218,7081]
8552. divide(divide(inverse(divide(divide(divide(divide(X6,X7),inverse(divide(divide(divide(X7,X6),X3),X5))),X8),X9)),divide(X5,divide(divide(X0,X1),divide(X3,divide(X1,X0))))),X8) = X9 [forward demodulation 8237,7081]
8588. divide(X8,X6) = divide(inverse(divide(X7,X8)),divide(X6,X7)) [forward demodulation 8275,7018]
8637. divide(inverse(divide(divide(divide(X0,X1),X2),X3)),divide(X1,X0)) = divide(X3,inverse(X2)) [forward demodulation 8330,7093]
8667. inverse(divide(divide(divide(divide(X1,X2),inverse(divide(divide(divide(X2,X1),X3),divide(X4,X3)))),X5),divide(X6,X5))) = divide(divide(X6,divide(divide(divide(X11,X10),divide(X0,divide(X10,X11))),X4)),X0) [forward demodulation 8364,1319]
8727. inverse(divide(divide(divide(divide(X1,X2),inverse(divide(divide(divide(X2,X1),X3),divide(X4,X3)))),X5),X0)) = divide(divide(divide(X0,inverse(X5)),divide(divide(X8,X9),X4)),divide(X9,X8)) [forward demodulation 8425,7093]
8754. divide(inverse(divide(divide(divide(X10,X11),X3),X9)),divide(X11,X10)) = divide(X9,divide(X2,divide(divide(X3,divide(divide(X0,X1),X2)),divide(X1,X0)))) [forward demodulation 8452,1]
8763. divide(divide(X11,divide(divide(X12,X13),divide(divide(X0,divide(X7,X6)),X9))),divide(X13,X12)) = inverse(divide(divide(divide(X1,X2),inverse(divide(divide(divide(X2,X1),divide(divide(X3,X4),inverse(divide(divide(divide(X4,X3),X5),divide(inverse(divide(divide(divide(X6,X7),X8),divide(X9,X8))),X5))))),X0))),X11)) [forward demodulation 8461,5554]
8764. divide(divide(X8,divide(divide(X9,X10),divide(divide(X0,X5),X6))),divide(X10,X9)) = inverse(divide(divide(divide(X1,X2),inverse(divide(divide(divide(X2,X1),divide(divide(X3,X4),inverse(divide(divide(divide(X4,X3),X5),X6)))),X0))),X8)) [forward demodulation 8462,5554]
8835. divide(divide(X6,X7),divide(X5,divide(divide(X7,X6),X3))) = divide(divide(divide(X0,X1),inverse(divide(divide(X1,X0),X3))),X5) [forward demodulation 8534,5554]
8852. divide(divide(inverse(divide(divide(divide(divide(X6,X7),inverse(divide(divide(divide(X7,X6),X3),X5))),X8),X9)),divide(X5,inverse(X3))),X8) = X9 [forward demodulation 8552,7093]
8888. divide(X8,X6) = divide(divide(X8,X7),divide(X6,X7)) [forward demodulation 8588,7081]
8936. divide(divide(X3,divide(divide(X0,X1),X2)),divide(X1,X0)) = divide(X3,inverse(X2)) [forward demodulation 8637,7081]
8960. inverse(divide(divide(divide(divide(X1,X2),inverse(divide(divide(divide(X2,X1),X3),divide(X4,X3)))),X5),divide(X6,X5))) = divide(divide(X6,divide(inverse(X0),X4)),X0) [forward demodulation 8667,7093]
9016. divide(divide(divide(X0,inverse(X5)),divide(divide(X8,X9),X4)),divide(X9,X8)) = divide(X0,divide(divide(divide(X1,X2),inverse(divide(divide(divide(X2,X1),X3),divide(X4,X3)))),X5)) [forward demodulation 8727,7081]
9042. divide(divide(X9,divide(divide(X10,X11),X3)),divide(X11,X10)) = divide(X9,divide(X2,divide(divide(X3,divide(divide(X0,X1),X2)),divide(X1,X0)))) [forward demodulation 8754,7081]
9050. divide(divide(X11,divide(divide(X12,X13),divide(divide(X0,divide(X7,X6)),X9))),divide(X13,X12)) = divide(X11,divide(divide(X1,X2),inverse(divide(divide(divide(X2,X1),divide(divide(X3,X4),inverse(divide(divide(divide(X4,X3),X5),divide(inverse(divide(divide(divide(X6,X7),X8),divide(X9,X8))),X5))))),X0)))) [forward demodulation 8763,7081]
9051. divide(divide(X8,divide(divide(X9,X10),divide(divide(X0,X5),X6))),divide(X10,X9)) = divide(X8,divide(divide(X1,X2),inverse(divide(divide(divide(X2,X1),divide(divide(X3,X4),inverse(divide(divide(divide(X4,X3),X5),X6)))),X0)))) [forward demodulation 8764,7081]
9121. divide(divide(X6,X7),divide(X5,divide(divide(X7,X6),X3))) = divide(divide(divide(X0,X1),divide(X3,divide(X1,X0))),X5) [forward demodulation 8835,7081]
9137. divide(divide(divide(X9,divide(divide(divide(X6,X7),inverse(divide(divide(divide(X7,X6),X3),X5))),X8)),divide(X5,inverse(X3))),X8) = X9 [forward demodulation 8852,7081]
9236. inverse(divide(divide(divide(X1,X2),inverse(divide(divide(divide(X2,X1),X3),divide(X4,X3)))),X6)) = divide(divide(X6,divide(inverse(X0),X4)),X0) [forward demodulation 8960,5554]
9290. divide(divide(divide(X0,inverse(X5)),divide(divide(X8,X9),X4)),divide(X9,X8)) = divide(X0,divide(divide(divide(X1,X2),inverse(divide(divide(X2,X1),X4))),X5)) [forward demodulation 9016,5554]
9315. divide(divide(X9,divide(divide(X10,X11),X3)),divide(X11,X10)) = divide(X9,divide(X2,divide(X3,inverse(X2)))) [forward demodulation 9042,8936]
9323. divide(divide(X11,divide(divide(X12,X13),divide(divide(X0,divide(X7,X6)),X9))),divide(X13,X12)) = divide(X11,divide(divide(X1,X2),divide(X0,divide(divide(X2,X1),divide(divide(X3,X4),inverse(divide(divide(divide(X4,X3),X5),divide(inverse(divide(divide(divide(X6,X7),X8),divide(X9,X8))),X5)))))))) [forward demodulation 9050,7081]
9324. divide(divide(X8,divide(divide(X9,X10),divide(divide(X0,X5),X6))),divide(X10,X9)) = divide(X8,divide(divide(X1,X2),divide(X0,divide(divide(X2,X1),divide(divide(X3,X4),inverse(divide(divide(divide(X4,X3),X5),X6))))))) [forward demodulation 9051,7081]
9394. divide(divide(X6,X7),divide(X5,divide(divide(X7,X6),X3))) = divide(inverse(X3),X5) [forward demodulation 9121,7093]
9410. divide(divide(divide(X9,divide(divide(divide(X6,X7),divide(X5,divide(divide(X7,X6),X3))),X8)),divide(X5,inverse(X3))),X8) = X9 [forward demodulation 9137,7081]
9503. divide(X6,divide(divide(X1,X2),inverse(divide(divide(divide(X2,X1),X3),divide(X4,X3))))) = divide(divide(X6,divide(inverse(X0),X4)),X0) [forward demodulation 9236,7081]
9554. divide(divide(divide(X0,inverse(X5)),divide(divide(X8,X9),X4)),divide(X9,X8)) = divide(X0,divide(divide(divide(X1,X2),divide(X4,divide(X2,X1))),X5)) [forward demodulation 9290,7081]
9579. divide(X9,divide(X2,divide(X3,inverse(X2)))) = divide(X9,inverse(X3)) [forward demodulation 9315,8936]
9585. divide(divide(X11,divide(divide(X12,X13),divide(divide(X0,divide(X7,X6)),X9))),divide(X13,X12)) = divide(X11,divide(divide(X1,X2),divide(X0,divide(divide(X2,X1),divide(divide(X3,X4),inverse(divide(divide(divide(X4,X3),divide(X7,X6)),X9))))))) [forward demodulation 9323,75]
9586. divide(divide(X8,divide(divide(X9,X10),divide(divide(X0,X5),X6))),divide(X10,X9)) = divide(X8,divide(divide(X1,X2),divide(X0,divide(divide(X2,X1),divide(divide(X3,X4),divide(X6,divide(divide(X4,X3),X5))))))) [forward demodulation 9324,7081]
9667. divide(divide(divide(X9,divide(divide(inverse(X3),X5),X8)),divide(X5,inverse(X3))),X8) = X9 [forward demodulation 9410,9394]
9747. divide(X6,divide(divide(X1,X2),inverse(divide(divide(X2,X1),X4)))) = divide(divide(X6,divide(inverse(X0),X4)),X0) [forward demodulation 9503,5554]
9794. divide(divide(divide(X0,inverse(X5)),divide(divide(X8,X9),X4)),divide(X9,X8)) = divide(X0,divide(inverse(X4),X5)) [forward demodulation 9554,7093]
9818. divide(divide(X11,divide(divide(X12,X13),divide(divide(X0,divide(X7,X6)),X9))),divide(X13,X12)) = divide(X11,divide(inverse(divide(divide(X3,X4),inverse(divide(divide(divide(X4,X3),divide(X7,X6)),X9)))),X0)) [forward demodulation 9585,9394]
9819. divide(divide(X8,divide(divide(X9,X10),divide(divide(X0,X5),X6))),divide(X10,X9)) = divide(X8,divide(inverse(divide(divide(X3,X4),divide(X6,divide(divide(X4,X3),X5)))),X0)) [forward demodulation 9586,9394]
9892. divide(divide(X9,inverse(X8)),X8) = X9 [forward demodulation 9667,8936]
9969. divide(divide(X6,divide(inverse(X0),X4)),X0) = divide(X6,divide(divide(X1,X2),divide(X4,divide(X2,X1)))) [forward demodulation 9747,7081]
10008. divide(X0,divide(inverse(X4),X5)) = divide(divide(X0,inverse(X5)),inverse(X4)) [forward demodulation 9794,8936]
10029. divide(divide(X11,divide(divide(X12,X13),divide(divide(X0,divide(X7,X6)),X9))),divide(X13,X12)) = divide(X11,divide(inverse(divide(divide(divide(X3,X4),divide(divide(X7,X6),divide(X4,X3))),X9)),X0)) [forward demodulation 9818,6880]
10030. divide(divide(X8,divide(divide(X9,X10),divide(divide(X0,X5),X6))),divide(X10,X9)) = divide(X8,divide(divide(inverse(divide(divide(divide(X4,X3),X5),X6)),divide(X3,X4)),X0)) [forward demodulation 9819,7018]
10162. divide(divide(X6,divide(inverse(X0),X4)),X0) = divide(X6,inverse(X4)) [forward demodulation 9969,7093]
10217. divide(divide(X11,divide(divide(X12,X13),divide(divide(X0,divide(X7,X6)),X9))),divide(X13,X12)) = divide(X11,divide(divide(X9,divide(divide(X3,X4),divide(divide(X7,X6),divide(X4,X3)))),X0)) [forward demodulation 10029,7081]
10218. divide(divide(X8,divide(divide(X9,X10),divide(divide(X0,X5),X6))),divide(X10,X9)) = divide(X8,divide(divide(divide(X6,divide(divide(X4,X3),X5)),divide(X3,X4)),X0)) [forward demodulation 10030,7081]
10376. divide(divide(X11,divide(divide(X12,X13),divide(divide(X0,divide(X7,X6)),X9))),divide(X13,X12)) = divide(X11,divide(divide(X9,inverse(divide(X7,X6))),X0)) [forward demodulation 10217,7093]
10377. divide(divide(X8,divide(divide(X9,X10),divide(divide(X0,X5),X6))),divide(X10,X9)) = divide(X8,divide(divide(X6,inverse(X5)),X0)) [forward demodulation 10218,8936]
10504. divide(divide(X11,divide(divide(X12,X13),divide(divide(X0,divide(X7,X6)),X9))),divide(X13,X12)) = divide(X11,divide(divide(X9,divide(X6,X7)),X0)) [forward demodulation 10376,7081]
10505. divide(X8,divide(divide(X6,inverse(X5)),X0)) = divide(X8,inverse(divide(divide(X0,X5),X6))) [forward demodulation 10377,8936]
10594. divide(X11,divide(divide(X9,divide(X6,X7)),X0)) = divide(X11,inverse(divide(divide(X0,divide(X7,X6)),X9))) [forward demodulation 10504,8936]
10595. divide(X8,divide(divide(X6,inverse(X5)),X0)) = divide(X8,divide(X6,divide(X0,X5))) [forward demodulation 10505,7081]
10653. divide(X11,divide(divide(X9,divide(X6,X7)),X0)) = divide(X11,divide(X9,divide(X0,divide(X7,X6)))) [forward demodulation 10594,7081]
10826. inverse(divide(divide(divide(X1,X2),divide(divide(X3,X4),divide(inverse(divide(divide(divide(X5,X6),divide(X3,X4)),X7)),divide(X6,X5)))),X0)) = divide(inverse(divide(divide(divide(divide(X9,X10),inverse(divide(divide(divide(X10,X9),X11),divide(X12,X11)))),divide(X2,X1)),inverse(divide(divide(X7,X8),divide(X0,X8))))),X12) [superposition 49,54]
10827. inverse(divide(divide(divide(X1,X2),divide(divide(divide(X3,X4),inverse(divide(divide(divide(X4,X3),X5),divide(X6,X5)))),inverse(divide(divide(X6,X7),divide(X8,X7))))),X0)) = divide(inverse(divide(divide(divide(divide(X10,X11),inverse(divide(divide(divide(X11,X10),X12),divide(X13,X12)))),divide(X2,X1)),inverse(divide(divide(X8,X9),divide(X0,X9))))),X13) [superposition 49,32]
10831. inverse(divide(divide(divide(X1,X2),divide(divide(X3,X4),inverse(divide(divide(divide(X4,X3),X5),X6)))),X0)) = divide(inverse(divide(divide(divide(divide(X7,X8),inverse(divide(divide(divide(X8,X7),X9),divide(X10,X9)))),divide(X2,X1)),inverse(divide(X6,divide(X0,X5))))),X10) [superposition 49,121]
11054. inverse(divide(X6,divide(X7,divide(X4,X5)))) = inverse(divide(divide(divide(inverse(divide(divide(divide(divide(X0,X1),inverse(divide(divide(divide(X1,X0),X2),divide(X3,X2)))),divide(X4,X5)),X6)),X3),X8),divide(X7,X8))) [superposition 247,49]
11169. inverse(divide(divide(inverse(divide(divide(divide(divide(X4,X5),inverse(divide(divide(divide(X5,X4),X6),divide(X7,X6)))),divide(X1,X0)),X3)),X8),divide(X9,X8))) = inverse(divide(inverse(divide(divide(divide(X0,X1),X2),divide(X3,X2))),divide(X9,X7))) [superposition 81,49]
11254. inverse(divide(divide(inverse(divide(divide(divide(divide(X4,X5),inverse(divide(divide(divide(X5,X4),X6),divide(X7,X6)))),divide(X1,X0)),X3)),X8),divide(X9,X8))) = divide(inverse(divide(X7,X9)),inverse(divide(divide(divide(X0,X1),X2),divide(X3,X2)))) [forward demodulation 11169,7018]
11362. inverse(divide(X6,divide(X7,divide(X4,X5)))) = inverse(divide(divide(inverse(divide(divide(divide(divide(X0,X1),inverse(divide(divide(divide(X1,X0),X2),divide(X3,X2)))),divide(X4,X5)),X6)),X3),X7)) [forward demodulation 11054,5554]
11538. inverse(divide(divide(divide(X1,X2),divide(divide(X3,X4),inverse(divide(divide(divide(X4,X3),X5),X6)))),X0)) = divide(divide(inverse(divide(X6,divide(X0,X5))),divide(divide(divide(X7,X8),inverse(divide(divide(divide(X8,X7),X9),divide(X10,X9)))),divide(X2,X1))),X10) [forward demodulation 10831,7081]
11542. inverse(divide(divide(divide(X1,X2),divide(divide(divide(X3,X4),inverse(divide(divide(divide(X4,X3),X5),divide(X6,X5)))),inverse(divide(divide(X6,X7),divide(X8,X7))))),X0)) = divide(inverse(divide(divide(divide(divide(divide(X10,X11),inverse(divide(divide(divide(X11,X10),X12),divide(X13,X12)))),divide(X2,X1)),divide(X9,X8)),divide(X0,X9))),X13) [forward demodulation 10827,6880]
11543. inverse(divide(divide(divide(X1,X2),divide(divide(X3,X4),divide(inverse(divide(divide(divide(X5,X6),divide(X3,X4)),X7)),divide(X6,X5)))),X0)) = divide(inverse(divide(divide(divide(divide(divide(X9,X10),inverse(divide(divide(divide(X10,X9),X11),divide(X12,X11)))),divide(X2,X1)),divide(X8,X7)),divide(X0,X8))),X12) [forward demodulation 10826,6880]
11620. inverse(divide(divide(inverse(divide(divide(divide(divide(X4,X5),inverse(divide(divide(divide(X5,X4),X6),divide(X7,X6)))),divide(X1,X0)),X3)),X8),divide(X9,X8))) = divide(inverse(divide(X7,X9)),inverse(divide(divide(X0,X1),X3))) [forward demodulation 11254,5554]
11720. inverse(divide(X6,divide(X7,divide(X4,X5)))) = divide(X7,divide(inverse(divide(divide(divide(divide(X0,X1),inverse(divide(divide(divide(X1,X0),X2),divide(X3,X2)))),divide(X4,X5)),X6)),X3)) [forward demodulation 11362,7081]
11881. inverse(divide(divide(divide(X1,X2),divide(divide(X3,X4),inverse(divide(divide(divide(X4,X3),X5),X6)))),X0)) = divide(divide(inverse(divide(X6,divide(X0,X5))),divide(divide(X7,X8),divide(divide(X2,X1),divide(divide(divide(X8,X7),X9),divide(X10,X9))))),X10) [forward demodulation 11538,10595]
11885. inverse(divide(divide(divide(X1,X2),divide(divide(divide(X3,X4),inverse(divide(divide(divide(X4,X3),X5),divide(X6,X5)))),inverse(divide(divide(X6,X7),divide(X8,X7))))),X0)) = divide(divide(inverse(divide(X9,X0)),divide(divide(divide(divide(X10,X11),inverse(divide(divide(divide(X11,X10),X12),divide(X13,X12)))),divide(X2,X1)),divide(X9,X8))),X13) [forward demodulation 11542,7018]
11886. inverse(divide(divide(divide(X1,X2),divide(divide(X3,X4),divide(inverse(divide(divide(divide(X5,X6),divide(X3,X4)),X7)),divide(X6,X5)))),X0)) = divide(divide(inverse(divide(X8,X0)),divide(divide(divide(divide(X9,X10),inverse(divide(divide(divide(X10,X9),X11),divide(X12,X11)))),divide(X2,X1)),divide(X8,X7))),X12) [forward demodulation 11543,7018]
11958. inverse(divide(divide(inverse(divide(divide(divide(divide(X4,X5),inverse(divide(divide(divide(X5,X4),X6),divide(X7,X6)))),divide(X1,X0)),X3)),X8),divide(X9,X8))) = divide(inverse(divide(X7,X9)),divide(X3,divide(X0,X1))) [forward demodulation 11620,7081]
12055. inverse(divide(X6,divide(X7,divide(X4,X5)))) = divide(X7,divide(divide(X6,divide(divide(divide(X0,X1),inverse(divide(divide(divide(X1,X0),X2),divide(X3,X2)))),divide(X4,X5))),X3)) [forward demodulation 11720,7081]
12215. inverse(divide(divide(divide(X1,X2),divide(divide(X3,X4),inverse(divide(divide(divide(X4,X3),X5),X6)))),X0)) = divide(divide(inverse(divide(X6,divide(X0,X5))),divide(divide(X7,X8),divide(divide(X2,X1),divide(divide(X8,X7),X10)))),X10) [forward demodulation 11881,8888]
12219. inverse(divide(divide(divide(X1,X2),divide(divide(divide(X3,X4),inverse(divide(divide(divide(X4,X3),X5),divide(X6,X5)))),inverse(divide(divide(X6,X7),divide(X8,X7))))),X0)) = divide(divide(inverse(divide(X9,X0)),divide(divide(divide(X10,X11),inverse(divide(divide(divide(X11,X10),X12),divide(X13,X12)))),divide(divide(X9,X8),divide(X1,X2)))),X13) [forward demodulation 11885,10653]
12220. inverse(divide(divide(divide(X1,X2),divide(divide(X3,X4),divide(inverse(divide(divide(divide(X5,X6),divide(X3,X4)),X7)),divide(X6,X5)))),X0)) = divide(divide(inverse(divide(X8,X0)),divide(divide(divide(X9,X10),inverse(divide(divide(divide(X10,X9),X11),divide(X12,X11)))),divide(divide(X8,X7),divide(X1,X2)))),X12) [forward demodulation 11886,10653]
12292. inverse(divide(divide(inverse(divide(divide(divide(divide(X4,X5),inverse(divide(divide(divide(X5,X4),X6),divide(X7,X6)))),divide(X1,X0)),X3)),X8),divide(X9,X8))) = divide(divide(X9,X7),divide(X3,divide(X0,X1))) [forward demodulation 11958,7081]
12387. inverse(divide(X6,divide(X7,divide(X4,X5)))) = divide(X7,divide(X6,divide(X3,divide(divide(X4,X5),divide(divide(X0,X1),inverse(divide(divide(divide(X1,X0),X2),divide(X3,X2)))))))) [forward demodulation 12055,10653]
12541. inverse(divide(divide(divide(X1,X2),divide(divide(X3,X4),inverse(divide(divide(divide(X4,X3),X5),X6)))),X0)) = divide(divide(inverse(divide(X6,divide(X0,X5))),divide(inverse(X10),divide(X2,X1))),X10) [forward demodulation 12215,9394]
12545. inverse(divide(divide(divide(X1,X2),divide(divide(divide(X3,X4),inverse(divide(divide(divide(X4,X3),X5),divide(X6,X5)))),inverse(divide(divide(X6,X7),divide(X8,X7))))),X0)) = divide(divide(inverse(divide(X9,X0)),divide(divide(X10,X11),divide(divide(divide(X9,X8),divide(X1,X2)),divide(divide(divide(X11,X10),X12),divide(X13,X12))))),X13) [forward demodulation 12219,10595]
12546. inverse(divide(divide(divide(X1,X2),divide(divide(X3,X4),divide(inverse(divide(divide(divide(X5,X6),divide(X3,X4)),X7)),divide(X6,X5)))),X0)) = divide(divide(inverse(divide(X8,X0)),divide(divide(X9,X10),divide(divide(divide(X8,X7),divide(X1,X2)),divide(divide(divide(X10,X9),X11),divide(X12,X11))))),X12) [forward demodulation 12220,10595]
12614. divide(divide(X9,X7),divide(X3,divide(X0,X1))) = inverse(divide(inverse(divide(divide(divide(divide(X4,X5),inverse(divide(divide(divide(X5,X4),X6),divide(X7,X6)))),divide(X1,X0)),X3)),X9)) [forward demodulation 12292,5554]
12709. inverse(divide(X6,divide(X7,divide(X4,X5)))) = divide(X7,divide(X6,divide(X3,divide(divide(X4,X5),divide(divide(X0,X1),inverse(divide(divide(X1,X0),X3))))))) [forward demodulation 12387,5554]
12861. inverse(divide(divide(divide(X1,X2),divide(divide(X3,X4),inverse(divide(divide(divide(X4,X3),X5),X6)))),X0)) = divide(inverse(divide(X6,divide(X0,X5))),inverse(divide(X2,X1))) [forward demodulation 12541,10162]
12865. inverse(divide(divide(divide(X1,X2),divide(divide(divide(X3,X4),inverse(divide(divide(divide(X4,X3),X5),divide(X6,X5)))),inverse(divide(divide(X6,X7),divide(X8,X7))))),X0)) = divide(divide(inverse(divide(X9,X0)),divide(divide(X10,X11),divide(divide(X9,X8),divide(divide(divide(divide(X11,X10),X12),divide(X13,X12)),divide(X2,X1))))),X13) [forward demodulation 12545,10653]
12866. inverse(divide(divide(divide(X1,X2),divide(divide(X3,X4),divide(inverse(divide(divide(divide(X5,X6),divide(X3,X4)),X7)),divide(X6,X5)))),X0)) = divide(divide(inverse(divide(X8,X0)),divide(divide(X9,X10),divide(divide(X8,X7),divide(divide(divide(divide(X10,X9),X11),divide(X12,X11)),divide(X2,X1))))),X12) [forward demodulation 12546,10653]
12933. divide(divide(X9,X7),divide(X3,divide(X0,X1))) = divide(X9,inverse(divide(divide(divide(divide(X4,X5),inverse(divide(divide(divide(X5,X4),X6),divide(X7,X6)))),divide(X1,X0)),X3))) [forward demodulation 12614,7081]
13028. inverse(divide(X6,divide(X7,divide(X4,X5)))) = divide(X7,divide(X6,divide(X3,divide(divide(X4,X5),divide(divide(X0,X1),divide(X3,divide(X1,X0))))))) [forward demodulation 12709,7081]
13177. inverse(divide(divide(divide(X1,X2),divide(divide(X3,X4),inverse(divide(divide(divide(X4,X3),X5),X6)))),X0)) = divide(inverse(divide(X6,divide(X0,X5))),divide(X1,X2)) [forward demodulation 12861,7081]
13181. inverse(divide(divide(divide(X1,X2),divide(divide(divide(X3,X4),inverse(divide(divide(divide(X4,X3),X5),divide(X6,X5)))),inverse(divide(divide(X6,X7),divide(X8,X7))))),X0)) = divide(divide(inverse(divide(X9,X0)),divide(divide(X10,X11),divide(divide(X9,X8),divide(divide(divide(X11,X10),X12),divide(divide(X2,X1),divide(X12,X13)))))),X13) [forward demodulation 12865,10653]
13182. inverse(divide(divide(divide(X1,X2),divide(divide(X3,X4),divide(inverse(divide(divide(divide(X5,X6),divide(X3,X4)),X7)),divide(X6,X5)))),X0)) = divide(divide(inverse(divide(X8,X0)),divide(divide(X9,X10),divide(divide(X8,X7),divide(divide(divide(X10,X9),X11),divide(divide(X2,X1),divide(X11,X12)))))),X12) [forward demodulation 12866,10653]
13246. divide(divide(X9,X7),divide(X3,divide(X0,X1))) = divide(X9,divide(X3,divide(divide(divide(X4,X5),inverse(divide(divide(divide(X5,X4),X6),divide(X7,X6)))),divide(X1,X0)))) [forward demodulation 12933,7081]
13339. inverse(divide(X6,divide(X7,divide(X4,X5)))) = divide(X7,divide(X6,divide(X3,divide(divide(X4,X5),inverse(X3))))) [forward demodulation 13028,7093]
13483. inverse(divide(divide(divide(X1,X2),divide(divide(X3,X4),inverse(divide(divide(divide(X4,X3),X5),X6)))),X0)) = divide(divide(inverse(divide(X5,X0)),X6),divide(X1,X2)) [forward demodulation 13177,7018]
13487. inverse(divide(divide(divide(X1,X2),divide(divide(divide(X3,X4),inverse(divide(divide(divide(X4,X3),X5),divide(X6,X5)))),inverse(divide(divide(X6,X7),divide(X8,X7))))),X0)) = divide(divide(divide(X0,X9),divide(divide(X10,X11),divide(divide(X9,X8),divide(divide(divide(X11,X10),X12),divide(divide(X2,X1),divide(X12,X13)))))),X13) [forward demodulation 13181,7081]
13488. inverse(divide(divide(divide(X1,X2),divide(divide(X3,X4),divide(inverse(divide(divide(divide(X5,X6),divide(X3,X4)),X7)),divide(X6,X5)))),X0)) = divide(divide(divide(X0,X8),divide(divide(X9,X10),divide(divide(X8,X7),divide(divide(divide(X10,X9),X11),divide(divide(X2,X1),divide(X11,X12)))))),X12) [forward demodulation 13182,7081]
13549. divide(divide(X9,X7),divide(X3,divide(X0,X1))) = divide(X9,divide(X3,divide(divide(X4,X5),divide(divide(X1,X0),divide(divide(divide(X5,X4),X6),divide(X7,X6)))))) [forward demodulation 13246,10595]
13642. inverse(divide(X6,divide(X7,divide(X4,X5)))) = divide(X7,divide(X6,inverse(divide(X4,X5)))) [forward demodulation 13339,9579]
13777. inverse(divide(divide(divide(X1,X2),divide(divide(X3,X4),inverse(divide(divide(divide(X4,X3),X5),X6)))),X0)) = divide(divide(divide(X0,X5),X6),divide(X1,X2)) [forward demodulation 13483,7081]
13781. divide(divide(divide(X0,X9),divide(divide(X10,X11),divide(divide(X9,X8),divide(divide(divide(X11,X10),X12),divide(divide(X2,X1),divide(X12,X13)))))),X13) = divide(X0,divide(divide(X1,X2),divide(divide(divide(X3,X4),inverse(divide(divide(divide(X4,X3),X5),divide(X6,X5)))),inverse(divide(divide(X6,X7),divide(X8,X7)))))) [forward demodulation 13487,7081]
13782. divide(divide(divide(X0,X8),divide(divide(X9,X10),divide(divide(X8,X7),divide(divide(divide(X10,X9),X11),divide(divide(X2,X1),divide(X11,X12)))))),X12) = divide(X0,divide(divide(X1,X2),divide(divide(X3,X4),divide(inverse(divide(divide(divide(X5,X6),divide(X3,X4)),X7)),divide(X6,X5))))) [forward demodulation 13488,7081]
13839. divide(divide(X9,X7),divide(X3,divide(X0,X1))) = divide(X9,divide(X3,divide(divide(X4,X5),divide(divide(X1,X0),divide(divide(X5,X4),X7))))) [forward demodulation 13549,8888]
13929. inverse(divide(X6,divide(X7,divide(X4,X5)))) = divide(X7,divide(X6,divide(X5,X4))) [forward demodulation 13642,7081]
14051. divide(divide(divide(X0,X5),X6),divide(X1,X2)) = divide(X0,divide(divide(X1,X2),divide(divide(X3,X4),inverse(divide(divide(divide(X4,X3),X5),X6))))) [forward demodulation 13777,7081]
14054. divide(divide(divide(X0,X9),divide(divide(X10,X11),divide(divide(X9,X8),divide(divide(divide(X11,X10),X12),divide(divide(X2,X1),divide(X12,X13)))))),X13) = divide(X0,divide(divide(X1,X2),divide(divide(X3,X4),divide(inverse(divide(divide(X6,X7),divide(X8,X7))),divide(divide(divide(X4,X3),X5),divide(X6,X5)))))) [forward demodulation 13781,10595]
14055. divide(divide(divide(X0,X8),divide(divide(X9,X10),divide(divide(X8,X7),divide(divide(divide(X10,X9),X11),divide(divide(X2,X1),divide(X11,X12)))))),X12) = divide(X0,divide(divide(X1,X2),divide(divide(X3,X4),inverse(divide(divide(X4,X3),X7))))) [forward demodulation 13782,5593]
14103. divide(divide(X9,X7),divide(X3,divide(X0,X1))) = divide(X9,divide(X3,divide(inverse(X7),divide(X1,X0)))) [forward demodulation 13839,9394]
14181. divide(X7,divide(X6,divide(X5,X4))) = divide(inverse(divide(divide(X4,X5),X7)),X6) [forward demodulation 13929,7018]
14288. divide(divide(divide(X0,X5),X6),divide(X1,X2)) = divide(X0,divide(divide(X1,X2),divide(divide(X3,X4),divide(X6,divide(divide(X4,X3),X5))))) [forward demodulation 14051,7081]
14291. divide(divide(divide(X0,X9),divide(divide(X10,X11),divide(divide(X9,X8),divide(divide(divide(X11,X10),X12),divide(divide(X2,X1),divide(X12,X13)))))),X13) = divide(X0,divide(divide(X1,X2),divide(divide(X3,X4),divide(inverse(divide(divide(X6,X7),divide(X8,X7))),divide(divide(X4,X3),X6))))) [forward demodulation 14054,8888]
14292. divide(divide(divide(X0,X8),divide(divide(X9,X10),divide(divide(X8,X7),divide(divide(divide(X10,X9),X11),divide(divide(X2,X1),divide(X11,X12)))))),X12) = divide(X0,divide(divide(X1,X2),divide(divide(X3,X4),divide(X7,divide(X4,X3))))) [forward demodulation 14055,7081]
14401. divide(X7,divide(X6,divide(X5,X4))) = divide(divide(X7,divide(X4,X5)),X6) [forward demodulation 14181,7081]
14501. divide(divide(divide(X0,X5),X6),divide(X1,X2)) = divide(X0,divide(divide(X1,X2),divide(inverse(X5),X6))) [forward demodulation 14288,9394]
14504. divide(divide(divide(X0,X9),divide(divide(X10,X11),divide(divide(X9,X8),divide(divide(divide(X11,X10),X12),divide(divide(X2,X1),divide(X12,X13)))))),X13) = divide(X0,divide(divide(divide(X1,X2),divide(divide(X6,X7),divide(X8,X7))),divide(divide(X3,X4),divide(X6,divide(X4,X3))))) [forward demodulation 14291,14103]
14505. divide(divide(divide(X0,X8),divide(divide(X9,X10),divide(divide(X8,X7),divide(divide(divide(X10,X9),X11),divide(divide(X2,X1),divide(X11,X12)))))),X12) = divide(X0,divide(divide(X1,X2),inverse(X7))) [forward demodulation 14292,7093]
14698. divide(divide(divide(X0,X9),divide(divide(X10,X11),divide(divide(X9,X8),divide(divide(divide(X11,X10),X12),divide(divide(X2,X1),divide(X12,X13)))))),X13) = divide(X0,divide(divide(X1,X2),divide(divide(divide(X3,X4),divide(X6,divide(X4,X3))),divide(divide(X8,X7),divide(X6,X7))))) [forward demodulation 14504,10653]
14699. divide(X0,divide(divide(X1,X2),inverse(X7))) = divide(divide(X0,X8),divide(X12,divide(divide(divide(X8,X7),divide(divide(divide(X10,X9),X11),divide(divide(X2,X1),divide(X11,X12)))),divide(X9,X10)))) [forward demodulation 14505,14401]
14859. divide(divide(divide(X0,X9),divide(divide(X10,X11),divide(divide(X9,X8),divide(divide(divide(X11,X10),X12),divide(divide(X2,X1),divide(X12,X13)))))),X13) = divide(X0,divide(divide(X1,X2),divide(divide(X3,X4),divide(divide(divide(X8,X7),divide(X6,X7)),divide(divide(X4,X3),X6))))) [forward demodulation 14698,10653]
14860. divide(X0,divide(divide(X1,X2),inverse(X7))) = divide(divide(X0,X8),divide(X12,divide(divide(X8,X7),divide(divide(X9,X10),divide(divide(divide(X2,X1),divide(X11,X12)),divide(divide(X10,X9),X11)))))) [forward demodulation 14699,10653]
15005. divide(divide(divide(X0,X9),divide(divide(X10,X11),divide(divide(X9,X8),divide(divide(divide(X11,X10),X12),divide(divide(X2,X1),divide(X12,X13)))))),X13) = divide(X0,divide(divide(X1,X2),divide(inverse(X6),divide(divide(X8,X7),divide(X6,X7))))) [forward demodulation 14859,9394]
15006. divide(X0,divide(divide(X1,X2),inverse(X7))) = divide(divide(X0,X8),divide(X12,divide(divide(X8,X7),divide(inverse(X11),divide(divide(X2,X1),divide(X11,X12)))))) [forward demodulation 14860,9394]
15140. divide(divide(divide(X0,X9),divide(divide(X10,X11),divide(divide(X9,X8),divide(divide(divide(X11,X10),X12),divide(divide(X2,X1),divide(X12,X13)))))),X13) = divide(divide(divide(X0,X6),divide(divide(X8,X7),divide(X6,X7))),divide(X1,X2)) [forward demodulation 15005,14501]
15141. divide(X0,divide(divide(X1,X2),inverse(X7))) = divide(divide(X0,X8),divide(divide(divide(X12,X11),divide(divide(X2,X1),divide(X11,X12))),divide(X8,X7))) [forward demodulation 15006,14501]
15267. divide(divide(divide(X0,X9),divide(divide(X10,X11),divide(divide(X9,X8),divide(divide(divide(X11,X10),X12),divide(divide(X2,X1),divide(X12,X13)))))),X13) = divide(divide(X0,X6),divide(divide(X1,X2),divide(divide(X6,X7),divide(X8,X7)))) [forward demodulation 15140,14401]
15268. divide(X0,divide(divide(X1,X2),inverse(X7))) = divide(divide(X0,X8),divide(divide(X12,X11),divide(divide(X8,X7),divide(divide(X11,X12),divide(X2,X1))))) [forward demodulation 15141,10653]
15388. divide(divide(divide(X0,X9),divide(divide(X10,X11),divide(divide(X9,X8),divide(divide(divide(X11,X10),X12),divide(divide(X2,X1),divide(X12,X13)))))),X13) = divide(divide(X0,X6),divide(divide(X1,X2),divide(X6,X8))) [forward demodulation 15267,8888]
15389. divide(X0,divide(divide(X1,X2),inverse(X7))) = divide(divide(X0,X8),divide(inverse(divide(X2,X1)),divide(X8,X7))) [forward demodulation 15268,9394]
15505. divide(divide(X0,X9),divide(X13,divide(divide(divide(X9,X8),divide(divide(divide(X11,X10),X12),divide(divide(X2,X1),divide(X12,X13)))),divide(X10,X11)))) = divide(divide(X0,X6),divide(divide(X1,X2),divide(X6,X8))) [forward demodulation 15388,14401]
15506. divide(X0,divide(divide(X1,X2),inverse(X7))) = divide(divide(X0,X8),divide(divide(X1,X2),divide(X8,X7))) [forward demodulation 15389,7081]
15610. divide(divide(X0,X9),divide(X13,divide(divide(X9,X8),divide(divide(X10,X11),divide(divide(divide(X2,X1),divide(X12,X13)),divide(divide(X11,X10),X12)))))) = divide(divide(X0,X6),divide(divide(X1,X2),divide(X6,X8))) [forward demodulation 15505,10653]
15708. divide(X0,divide(divide(X1,X2),inverse(X8))) = divide(divide(X0,X9),divide(X13,divide(divide(X9,X8),divide(divide(X10,X11),divide(divide(divide(X2,X1),divide(X12,X13)),divide(divide(X11,X10),X12)))))) [forward demodulation 15610,15506]
15797. divide(X0,divide(divide(X1,X2),inverse(X8))) = divide(divide(X0,X9),divide(X13,divide(divide(X9,X8),divide(inverse(X12),divide(divide(X2,X1),divide(X12,X13)))))) [forward demodulation 15708,9394]
15878. divide(X0,divide(divide(X1,X2),inverse(X8))) = divide(divide(X0,X9),divide(divide(divide(X13,X12),divide(divide(X2,X1),divide(X12,X13))),divide(X9,X8))) [forward demodulation 15797,14501]
15947. divide(X0,divide(divide(X1,X2),inverse(X8))) = divide(X0,divide(divide(divide(X13,X12),divide(divide(X2,X1),divide(X12,X13))),inverse(X8))) [forward demodulation 15878,15506]
16002. divide(X0,divide(divide(X1,X2),inverse(X8))) = divide(X0,divide(divide(X13,X12),divide(inverse(X8),divide(divide(X12,X13),divide(X2,X1))))) [forward demodulation 15947,10653]
16051. divide(X0,divide(divide(X1,X2),inverse(X8))) = divide(divide(divide(X0,X8),divide(divide(X12,X13),divide(X2,X1))),divide(X13,X12)) [forward demodulation 16002,14501]
16092. divide(X0,divide(divide(X1,X2),inverse(X8))) = divide(divide(X0,X8),inverse(divide(X2,X1))) [forward demodulation 16051,8936]
16129. divide(X0,divide(divide(X1,X2),inverse(X8))) = divide(divide(X0,X8),divide(X1,X2)) [forward demodulation 16092,7081]
16605. divide(inverse(divide(X1,divide(X0,X0))),divide(divide(X3,X4),inverse(divide(divide(divide(X4,X3),X2),X1)))) = X2 [superposition 121,7017]
16818. divide(divide(inverse(divide(X1,divide(X0,X0))),divide(divide(divide(X4,X3),X2),X1)),divide(X3,X4)) = X2 [forward demodulation 16605,16129]
17053. divide(inverse(divide(X1,divide(X0,X0))),divide(divide(X3,X4),divide(X1,divide(divide(X4,X3),X2)))) = X2 [forward demodulation 16818,14401]
17243. divide(inverse(divide(X1,divide(X0,X0))),divide(inverse(X2),X1)) = X2 [forward demodulation 17053,9394]
17407. divide(inverse(X1),divide(inverse(X2),X1)) = X2 [forward demodulation 17243,6516]
34211. inverse(divide(divide(X1,X2),divide(divide(X0,inverse(X3)),X2))) = inverse(divide(divide(X1,X3),X0)) [superposition 81,9892]
34394. inverse(divide(divide(X1,X2),divide(divide(X0,inverse(X3)),X2))) = divide(X0,divide(X1,X3)) [forward demodulation 34211,7081]
34609. divide(X0,divide(X1,X3)) = inverse(divide(X1,divide(X0,inverse(X3)))) [forward demodulation 34394,5554]
34817. divide(X0,divide(X1,X3)) = divide(inverse(divide(inverse(X3),X0)),X1) [forward demodulation 34609,7018]
35006. divide(X0,divide(X1,X3)) = divide(divide(X0,inverse(X3)),X1) [forward demodulation 34817,7081]
313166. divide(a3,inverse(divide(b3,inverse(c3)))) != divide(a3,divide(inverse(c3),b3)) <- (~1) [superposition 9,35006]
313226. divide(a3,divide(inverse(c3),b3)) != divide(a3,divide(inverse(c3),b3)) <- (~1) [forward demodulation 313166,7081]
313227. $false <- (~1) [trivial inequality removal 313226]
313228. 1 [avatar contradiction clause 313227]
316205. a2 != divide(inverse(b2),divide(inverse(a2),b2)) <- (~2) [forward demodulation 13,10008]
316206. $false <- (~2) [forward subsumption resolution 316205,17407]
316207. 2 [avatar contradiction clause 316206]
316209. $false <- (~3) [forward subsumption resolution 17,7017]
316210. 3 [avatar contradiction clause 316209]
s1. ~3 | ~2 | ~1 [sat_conversion 18]
s2. 1 [sat_conversion 313228]
s3. 2 [sat_conversion 316207]
s4. 3 [sat_conversion 316210]
s5. # [rat s1,s2,s3,s4]
316211. $false [avatar sat refutation s5]
% SZS output end Proof for GRP073-1
% ------------------------------
% Version: Vampire 5.0.0 (Release build, commit 2e2c9b7b8 on 2026-01-17 12:24:14 +0100)
% Linked with Z3 4.14.0.0 3c47fd96cf5645d0c42b2c819d9e9a84380aa721 z3-4.8.4-9178-g3c47fd96c
% CaDiCaL version: 2.1.3
% Termination reason: Refutation
% Time elapsed: 3.287 s
% Peak memory usage: 125 MB
% Instructions burned: 12680 (million)
% ------------------------------
% ------------------------------
