% Running in auto input_syntax mode. Trying TPTP
% Refutation found. Thanks to Tanya!
% SZS status Unsatisfiable for GRP452-1
% SZS output start Proof for GRP452-1
1. divide(divide(divide(X0,X0),divide(X0,divide(X1,divide(divide(divide(X0,X0),X0),X2)))),X2) = X1 [input(axiom)]
2. multiply(X0,X1) = divide(X0,divide(divide(X2,X2),X1)) [input(axiom)]
3. inverse(X0) = divide(divide(X1,X1),X0) [input(axiom)]
4. multiply(multiply(inverse(b2),b2),a2) != a2 [input(negated conjecture)]
5. a2 != multiply(multiply(inverse(b2),b2),a2) [reorient equations 4]
6. multiply(X0,X1) = divide(X0,inverse(X1)) [forward demodulation 2,3]
7. divide(inverse(divide(X0,divide(X1,divide(divide(divide(X0,X0),X0),X2)))),X2) = X1 [forward demodulation 1,3]
8. divide(inverse(divide(X0,divide(X1,divide(inverse(X0),X2)))),X2) = X1 [forward demodulation 7,3]
9. inverse(X1) = divide(inverse(divide(X0,X0)),X1) [superposition 3,3]
12. multiply(divide(X0,X0),X1) = inverse(inverse(X1)) [superposition 3,6]
13. divide(inverse(divide(divide(X1,divide(X0,divide(inverse(X1),X2))),divide(X3,X0))),X2) = X3 [superposition 8,8]
15. divide(X2,X2) = divide(inverse(divide(X0,inverse(divide(inverse(X0),X1)))),X1) [superposition 8,3]
17. divide(inverse(inverse(divide(X0,divide(inverse(divide(X1,X1)),X2)))),X2) = X0 [superposition 8,3]
22. divide(inverse(inverse(divide(X0,inverse(X2)))),X2) = X0 [forward demodulation 17,9]
23. divide(X2,X2) = divide(inverse(multiply(X0,divide(inverse(X0),X1))),X1) [forward demodulation 15,6]
25. divide(inverse(inverse(multiply(X0,X2))),X2) = X0 [forward demodulation 22,6]
131. divide(X0,X0) = divide(X1,X1) [superposition 23,23]
197. divide(inverse(X1),X2) = divide(inverse(divide(X1,divide(X0,X0))),X2) [superposition 8,131]
199. divide(X0,X0) = multiply(inverse(X1),X1) [superposition 6,131]
200. divide(X0,X0) = inverse(divide(X1,X1)) [superposition 3,131]
239. divide(inverse(divide(divide(X2,divide(inverse(X1),divide(inverse(X2),X3))),multiply(X0,X1))),X3) = X0 [superposition 13,6]
248. inverse(inverse(multiply(X0,X2))) = divide(inverse(divide(divide(X1,divide(X2,divide(inverse(X1),X3))),X0)),X3) [superposition 13,25]
251. divide(inverse(divide(divide(X1,divide(X2,divide(inverse(X1),X3))),divide(X0,X0))),X3) = inverse(multiply(X4,divide(inverse(X4),X2))) [superposition 13,23]
260. inverse(multiply(X4,divide(inverse(X4),X2))) = divide(inverse(divide(X1,divide(X2,divide(inverse(X1),X3)))),X3) [forward demodulation 251,197]
271. inverse(inverse(multiply(multiply(X0,X1),inverse(X1)))) = X0 [forward demodulation 239,248]
293. inverse(multiply(X4,divide(inverse(X4),X2))) = X2 [forward demodulation 260,8]
339. a2 != multiply(divide(X0,X0),a2) [superposition 5,199]
341. a2 != inverse(inverse(a2)) [forward demodulation 339,12]
464. inverse(X1) = inverse(multiply(X1,divide(X0,X0))) [superposition 293,131]
903. inverse(inverse(multiply(multiply(X1,divide(X2,X2)),divide(X0,X0)))) = X1 [superposition 271,200]
946. inverse(inverse(multiply(X1,divide(X2,X2)))) = X1 [forward demodulation 903,464]
958. inverse(inverse(X1)) = X1 [forward demodulation 946,464]
977. a2 != a2 [superposition 341,958]
994. $false [trivial inequality removal 977]
% SZS output end Proof for GRP452-1
% ------------------------------
% Version: Vampire 5.0.0 (Release build, commit 2e2c9b7b8 on 2026-01-17 12:24:14 +0100)
% Linked with Z3 4.14.0.0 3c47fd96cf5645d0c42b2c819d9e9a84380aa721 z3-4.8.4-9178-g3c47fd96c
% CaDiCaL version: 2.1.3
% Termination reason: Refutation
% Time elapsed: 0.011 s
% Peak memory usage: 57 MB
% Instructions burned: 42 (million)
% ------------------------------
% ------------------------------
