% Running in auto input_syntax mode. Trying TPTP
% Refutation found. Thanks to Tanya!
% SZS status Unsatisfiable for GRP452-1_clausified
% SZS output start Proof for GRP452-1_clausified
1. divide(divide(divide(X0,X0),divide(X0,divide(X1,divide(divide(divide(X0,X0),X0),X2)))),X2) = X1 [input(axiom)]
2. multiply(X0,X1) = divide(X0,divide(divide(X2,X2),X1)) [input(axiom)]
3. inverse(X0) = divide(divide(X1,X1),X0) [input(axiom)]
4. a2 != multiply(multiply(inverse(b2),b2),a2) [input(negated conjecture)]
5. multiply(X0,X1) = divide(X0,inverse(X1)) [forward demodulation 2,3]
6. divide(inverse(divide(X0,divide(X1,divide(divide(divide(X0,X0),X0),X2)))),X2) = X1 [forward demodulation 1,3]
7. divide(inverse(divide(X0,divide(X1,divide(inverse(X0),X2)))),X2) = X1 [forward demodulation 6,3]
8. inverse(X1) = divide(inverse(divide(X0,X0)),X1) [superposition 3,3]
11. multiply(divide(X0,X0),X1) = inverse(inverse(X1)) [superposition 3,5]
12. divide(inverse(divide(divide(X1,divide(X0,divide(inverse(X1),X2))),divide(X3,X0))),X2) = X3 [superposition 7,7]
14. divide(X2,X2) = divide(inverse(divide(X0,inverse(divide(inverse(X0),X1)))),X1) [superposition 7,3]
16. divide(inverse(inverse(divide(X0,divide(inverse(divide(X1,X1)),X2)))),X2) = X0 [superposition 7,3]
21. divide(inverse(inverse(divide(X0,inverse(X2)))),X2) = X0 [forward demodulation 16,8]
22. divide(X2,X2) = divide(inverse(multiply(X0,divide(inverse(X0),X1))),X1) [forward demodulation 14,5]
24. divide(inverse(inverse(multiply(X0,X2))),X2) = X0 [forward demodulation 21,5]
130. divide(X0,X0) = divide(X1,X1) [superposition 22,22]
196. divide(inverse(X1),X2) = divide(inverse(divide(X1,divide(X0,X0))),X2) [superposition 7,130]
198. divide(X0,X0) = multiply(inverse(X1),X1) [superposition 5,130]
199. divide(X0,X0) = inverse(divide(X1,X1)) [superposition 3,130]
238. divide(inverse(divide(divide(X2,divide(inverse(X1),divide(inverse(X2),X3))),multiply(X0,X1))),X3) = X0 [superposition 12,5]
247. inverse(inverse(multiply(X0,X2))) = divide(inverse(divide(divide(X1,divide(X2,divide(inverse(X1),X3))),X0)),X3) [superposition 12,24]
250. divide(inverse(divide(divide(X1,divide(X2,divide(inverse(X1),X3))),divide(X0,X0))),X3) = inverse(multiply(X4,divide(inverse(X4),X2))) [superposition 12,22]
259. inverse(multiply(X4,divide(inverse(X4),X2))) = divide(inverse(divide(X1,divide(X2,divide(inverse(X1),X3)))),X3) [forward demodulation 250,196]
270. inverse(inverse(multiply(multiply(X0,X1),inverse(X1)))) = X0 [forward demodulation 238,247]
292. inverse(multiply(X4,divide(inverse(X4),X2))) = X2 [forward demodulation 259,7]
338. a2 != multiply(divide(X0,X0),a2) [superposition 4,198]
340. a2 != inverse(inverse(a2)) [forward demodulation 338,11]
463. inverse(X1) = inverse(multiply(X1,divide(X0,X0))) [superposition 292,130]
902. inverse(inverse(multiply(multiply(X1,divide(X2,X2)),divide(X0,X0)))) = X1 [superposition 270,199]
945. inverse(inverse(multiply(X1,divide(X2,X2)))) = X1 [forward demodulation 902,463]
957. inverse(inverse(X1)) = X1 [forward demodulation 945,463]
976. a2 != a2 [superposition 340,957]
993. $false [trivial inequality removal 976]
% SZS output end Proof for GRP452-1_clausified
% ------------------------------
% Version: Vampire 5.0.0 (Release build, commit 2e2c9b7b8 on 2026-01-17 12:24:14 +0100)
% Linked with Z3 4.14.0.0 3c47fd96cf5645d0c42b2c819d9e9a84380aa721 z3-4.8.4-9178-g3c47fd96c
% CaDiCaL version: 2.1.3
% Termination reason: Refutation
% Time elapsed: 0.011 s
% Peak memory usage: 57 MB
% Instructions burned: 41 (million)
% ------------------------------
% ------------------------------
