% Running in auto input_syntax mode. Trying TPTP
% Refutation found. Thanks to Tanya!
% SZS status Unsatisfiable for GRP129-1.003
% SZS output start Proof for GRP129-1.003
1. group_element(e_1) [input(axiom)]
2. group_element(e_2) [input(axiom)]
3. group_element(e_3) [input(axiom)]
4. ~equalish(e_1,e_2) [input(axiom)]
5. ~equalish(e_1,e_3) [input(axiom)]
7. ~equalish(e_2,e_3) [input(axiom)]
8. ~equalish(e_3,e_1) [input(axiom)]
9. ~equalish(e_3,e_2) [input(axiom)]
10. product(X0,X1,e_3) | ~group_element(X1) | product(X0,X1,e_1) | product(X0,X1,e_2) | ~group_element(X0) [input(axiom)]
11. ~product(X0,X1,X3) | ~product(X0,X1,X2) | equalish(X2,X3) [input(axiom)]
12. ~product(X0,X3,X2) | ~product(X0,X1,X2) | equalish(X1,X3) [input(axiom)]
13. ~product(X3,X1,X2) | ~product(X0,X1,X2) | equalish(X0,X3) [input(axiom)]
14. ~product(X1,X2,X3) | ~product(X0,X1,X2) | product(X2,X0,X3) [input(negated conjecture)]
15. ~product(X2,X0,e_3) | product(X1,X0,e_1) | product(X1,X0,e_2) | ~group_element(X1) | ~group_element(X0) | equalish(X2,X1) [resolution 10,13]
16. ~product(X1,X2,e_3) | product(X1,X0,e_1) | product(X1,X0,e_2) | ~group_element(X1) | ~group_element(X0) | equalish(X2,X0) [resolution 10,12]
18. ~product(X2,X1,X0) | product(X1,X0,e_1) | product(X1,X0,e_2) | ~group_element(X1) | ~group_element(X0) | product(X0,X2,e_3) [resolution 10,14]
19. product(X0,e_3,e_1) | product(X0,e_3,e_2) | ~group_element(X0) | ~group_element(e_3) | product(e_3,X1,e_3) | ~group_element(X0) | product(X1,X0,e_1) | product(X1,X0,e_2) | ~group_element(X1) [resolution 18,10]
20. product(X0,e_3,e_1) | product(X0,e_3,e_2) | ~group_element(X0) | ~group_element(e_3) | product(e_3,X1,e_3) | product(X1,X0,e_1) | product(X1,X0,e_2) | ~group_element(X1) [duplicate literal removal 19]
21. product(e_3,X1,e_3) | product(X1,X0,e_2) | product(X0,e_3,e_2) | ~group_element(X0) | product(X1,X0,e_1) | product(X0,e_3,e_1) | ~group_element(X1) [forward subsumption resolution 20,3]
22. product(X0,X1,e_1) | product(X0,X1,e_2) | ~group_element(X0) | ~group_element(X1) | equalish(X2,X0) | ~group_element(X1) | product(X2,X1,e_1) | product(X2,X1,e_2) | ~group_element(X2) [resolution 15,10]
23. product(X2,X1,e_2) | product(X0,X1,e_2) | equalish(X2,X0) | ~group_element(X1) | ~group_element(X0) | product(X2,X1,e_1) | product(X0,X1,e_1) | ~group_element(X2) [duplicate literal removal 22]
25. product(X0,X1,e_2) | product(X1,e_3,e_2) | ~group_element(X1) | product(X0,X1,e_1) | product(X1,e_3,e_1) | ~group_element(X0) | product(X0,e_3,e_1) | product(X0,e_3,e_2) | ~group_element(X0) | ~group_element(e_3) | product(e_3,e_3,e_3) [resolution 21,18]
28. ~product(e_3,X0,X2) | product(X1,e_3,e_2) | ~group_element(X1) | product(X0,X1,e_1) | product(X1,e_3,e_1) | ~group_element(X0) | product(X0,X1,e_2) | equalish(X2,e_3) [resolution 21,11]
34. ~product(X2,X0,X1) | product(X1,e_3,e_2) | ~group_element(X1) | product(X0,X1,e_1) | product(X1,e_3,e_1) | ~group_element(X0) | product(e_3,X0,e_3) | product(X1,X2,e_2) [resolution 21,14]
35. product(e_3,X1,e_3) | product(X1,X0,e_2) | ~group_element(X0) | product(X1,X0,e_1) | product(X0,e_3,e_1) | ~group_element(X1) | product(e_3,e_2,e_1) | product(e_3,e_2,e_2) | ~group_element(e_3) | ~group_element(e_2) | product(e_2,X0,e_3) [resolution 21,18]
39. ~product(X2,X0,e_3) | product(X1,X0,e_2) | ~group_element(X0) | product(X1,X0,e_1) | product(X0,e_3,e_1) | ~group_element(X1) | product(e_3,X1,e_3) | product(e_3,X2,e_2) [resolution 21,14]
41. product(X0,X1,e_2) | product(X1,e_3,e_2) | ~group_element(X1) | product(X0,X1,e_1) | product(X1,e_3,e_1) | ~group_element(X0) | product(X0,e_3,e_1) | product(X0,e_3,e_2) | ~group_element(e_3) | product(e_3,e_3,e_3) [duplicate literal removal 25]
43. product(e_3,X1,e_3) | product(X1,X0,e_2) | ~group_element(X0) | product(X1,X0,e_1) | product(X0,e_3,e_1) | ~group_element(X1) | product(e_3,e_2,e_1) | product(e_3,e_2,e_2) | ~group_element(e_3) | ~group_element(e_2) [forward subsumption resolution 35,39]
45. product(X0,X1,e_2) | product(X1,e_3,e_2) | ~group_element(X1) | product(X0,X1,e_1) | product(X1,e_3,e_1) | ~group_element(X0) | product(X0,e_3,e_1) | product(X0,e_3,e_2) | product(e_3,e_3,e_3) [forward subsumption resolution 41,3]
46. product(e_3,X1,e_3) | product(X1,X0,e_2) | ~group_element(X0) | product(X1,X0,e_1) | product(X0,e_3,e_1) | ~group_element(X1) | product(e_3,e_2,e_1) | product(e_3,e_2,e_2) | ~group_element(e_2) [forward subsumption resolution 43,3]
48. 1 <=> product(e_3,e_3,e_3) [avatar definition]
49. ~product(e_3,e_3,e_3) <- (~1) [avatar component clause 48]
50. product(e_3,e_3,e_3) <- (1) [avatar component clause 48]
52. 2 <=> ! [X0,X1] : (product(X0,X1,e_2) | product(X0,e_3,e_2) | product(X0,e_3,e_1) | ~group_element(X0) | product(X1,e_3,e_1) | product(X0,X1,e_1) | ~group_element(X1) | product(X1,e_3,e_2)) [avatar definition]
53. product(X1,e_3,e_2) | product(X0,e_3,e_2) | product(X0,X1,e_2) | ~group_element(X0) | product(X1,e_3,e_1) | product(X0,X1,e_1) | ~group_element(X1) | product(X0,e_3,e_1) <- (2) [avatar component clause 52]
54. 1 | 2 [avatar split clause 45,52,48]
55. product(e_3,X1,e_3) | product(X1,X0,e_2) | ~group_element(X0) | product(X1,X0,e_1) | product(X0,e_3,e_1) | ~group_element(X1) | product(e_3,e_2,e_1) | product(e_3,e_2,e_2) [forward subsumption resolution 46,2]
57. 3 <=> product(e_3,e_2,e_2) [avatar definition]
58. ~product(e_3,e_2,e_2) <- (~3) [avatar component clause 57]
59. product(e_3,e_2,e_2) <- (3) [avatar component clause 57]
61. 4 <=> product(e_3,e_2,e_1) [avatar definition]
62. ~product(e_3,e_2,e_1) <- (~4) [avatar component clause 61]
63. product(e_3,e_2,e_1) <- (4) [avatar component clause 61]
65. 5 <=> ! [X0,X1] : (product(e_3,X1,e_3) | ~group_element(X1) | product(X0,e_3,e_1) | product(X1,X0,e_1) | ~group_element(X0) | product(X1,X0,e_2)) [avatar definition]
66. product(e_3,X1,e_3) | product(X1,X0,e_2) | product(X0,e_3,e_1) | product(X1,X0,e_1) | ~group_element(X0) | ~group_element(X1) <- (5) [avatar component clause 65]
67. 3 | 4 | 5 [avatar split clause 55,65,61,57]
68. product(X0,X1,e_1) | product(X0,X1,e_2) | ~group_element(X0) | ~group_element(X1) | equalish(X2,X1) | ~group_element(X2) | product(X0,X2,e_1) | product(X0,X2,e_2) | ~group_element(X0) [resolution 16,10]
70. product(X0,X2,e_2) | product(X0,X1,e_2) | equalish(X2,X1) | ~group_element(X1) | ~group_element(X0) | ~group_element(X2) | product(X0,X2,e_1) | product(X0,X1,e_1) [duplicate literal removal 68]
73. ~product(X0,e_2,e_2) | equalish(X0,e_3) <- (3) [resolution 59,13]
80. 6 <=> product(e_2,e_3,e_3) [avatar definition]
81. ~product(e_2,e_3,e_3) <- (~6) [avatar component clause 80]
82. product(e_2,e_3,e_3) <- (6) [avatar component clause 80]
84. 7 <=> product(e_2,e_2,e_2) [avatar definition]
85. ~product(e_2,e_2,e_2) <- (~7) [avatar component clause 84]
86. product(e_2,e_2,e_2) <- (7) [avatar component clause 84]
88. 8 <=> product(e_2,e_2,e_1) [avatar definition]
89. ~product(e_2,e_2,e_1) <- (~8) [avatar component clause 88]
90. product(e_2,e_2,e_1) <- (8) [avatar component clause 88]
112. product(e_3,e_3,e_1) | product(e_3,e_3,e_2) | ~group_element(e_3) | ~group_element(e_3) | product(e_3,e_2,e_3) <- (6) [resolution 82,18]
117. product(e_3,e_3,e_1) | product(e_3,e_3,e_2) | ~group_element(e_3) | product(e_3,e_2,e_3) <- (6) [duplicate literal removal 112]
118. product(e_3,e_3,e_1) | product(e_3,e_3,e_2) | product(e_3,e_2,e_3) <- (6) [forward subsumption resolution 117,3]
122. 11 <=> product(e_3,e_2,e_3) [avatar definition]
123. ~product(e_3,e_2,e_3) <- (~11) [avatar component clause 122]
124. product(e_3,e_2,e_3) <- (11) [avatar component clause 122]
126. 12 <=> product(e_3,e_3,e_2) [avatar definition]
127. ~product(e_3,e_3,e_2) <- (~12) [avatar component clause 126]
128. product(e_3,e_3,e_2) <- (12) [avatar component clause 126]
130. 13 <=> product(e_3,e_3,e_1) [avatar definition]
131. ~product(e_3,e_3,e_1) <- (~13) [avatar component clause 130]
132. product(e_3,e_3,e_1) <- (13) [avatar component clause 130]
133. 11 | 12 | 13 | ~6 [avatar split clause 118,80,130,126,122]
134. ~group_element(e_3) | product(e_2,e_3,e_1) | product(e_2,e_3,e_2) | ~group_element(e_2) <- (~6) [resolution 81,10]
135. product(e_2,e_3,e_1) | product(e_2,e_3,e_2) | ~group_element(e_2) <- (~6) [forward subsumption resolution 134,3]
136. product(e_2,e_3,e_1) | product(e_2,e_3,e_2) <- (~6) [forward subsumption resolution 135,2]
138. 14 <=> product(e_2,e_3,e_2) [avatar definition]
139. ~product(e_2,e_3,e_2) <- (~14) [avatar component clause 138]
140. product(e_2,e_3,e_2) <- (14) [avatar component clause 138]
142. 15 <=> product(e_2,e_3,e_1) [avatar definition]
144. product(e_2,e_3,e_1) <- (15) [avatar component clause 142]
145. 14 | 15 | 6 [avatar split clause 136,80,142,138]
151. ~product(X3,X0,X1) | equalish(X0,X2) | ~group_element(X1) | ~group_element(X2) | product(X0,X1,e_1) | product(X2,X1,e_1) | ~group_element(X0) | product(X2,X1,e_2) | product(X1,X3,e_2) [resolution 23,14]
178. product(X0,X2,e_2) | equalish(X1,X2) | ~group_element(X2) | ~group_element(X0) | ~group_element(X1) | product(X0,X1,e_1) | product(X0,X2,e_1) | product(X1,e_2,e_1) | product(X1,e_2,e_2) | ~group_element(X1) | ~group_element(e_2) | product(e_2,X0,e_3) [resolution 70,18]
188. ~product(X3,X0,X1) | equalish(X2,X1) | ~group_element(X1) | ~group_element(X0) | ~group_element(X2) | product(X0,X2,e_1) | product(X0,X1,e_1) | product(X0,X2,e_2) | product(X1,X3,e_2) [resolution 70,14]
193. product(X0,X2,e_2) | equalish(X1,X2) | ~group_element(X2) | ~group_element(X0) | ~group_element(X1) | product(X0,X1,e_1) | product(X0,X2,e_1) | product(X1,e_2,e_1) | product(X1,e_2,e_2) | ~group_element(e_2) | product(e_2,X0,e_3) [duplicate literal removal 178]
196. product(e_2,X0,e_3) | product(X1,e_2,e_2) | product(X0,X2,e_2) | product(X0,X1,e_1) | equalish(X1,X2) | ~group_element(X1) | product(X0,X2,e_1) | product(X1,e_2,e_1) | ~group_element(X0) | ~group_element(X2) [forward subsumption resolution 193,2]
315. equalish(e_2,e_3) <- (3, 7) [resolution 73,86]
316. $false <- (3, 7) [forward subsumption resolution 315,7]
317. ~3 | ~7 [avatar contradiction clause 316]
340. 19 <=> product(e_2,e_1,e_2) [avatar definition]
341. ~product(e_2,e_1,e_2) <- (~19) [avatar component clause 340]
342. product(e_2,e_1,e_2) <- (19) [avatar component clause 340]
344. 20 <=> product(e_2,e_1,e_1) [avatar definition]
345. ~product(e_2,e_1,e_1) <- (~20) [avatar component clause 344]
346. product(e_2,e_1,e_1) <- (20) [avatar component clause 344]
436. 23 <=> product(e_3,e_1,e_2) [avatar definition]
437. ~product(e_3,e_1,e_2) <- (~23) [avatar component clause 436]
438. product(e_3,e_1,e_2) <- (23) [avatar component clause 436]
440. 24 <=> product(e_3,e_1,e_1) [avatar definition]
441. ~product(e_3,e_1,e_1) <- (~24) [avatar component clause 440]
442. product(e_3,e_1,e_1) <- (24) [avatar component clause 440]
588. ~product(e_3,e_2,X0) | equalish(X0,e_1) <- (4) [resolution 63,11]
589. ~product(e_3,X0,e_1) | equalish(X0,e_2) <- (4) [resolution 63,12]
590. ~product(X0,e_2,e_1) | equalish(X0,e_3) <- (4) [resolution 63,13]
752. product(e_3,e_3,e_2) | product(e_3,e_3,e_2) | ~group_element(e_3) | product(e_3,e_3,e_1) | product(e_3,e_3,e_1) | ~group_element(e_3) | product(e_3,e_3,e_1) <- (2) [factoring 53]
755. product(e_3,e_3,e_2) | ~group_element(e_3) | product(e_3,e_3,e_1) <- (2) [duplicate literal removal 752]
809. 41 <=> product(e_1,e_3,e_1) [avatar definition]
810. ~product(e_1,e_3,e_1) <- (~41) [avatar component clause 809]
811. product(e_1,e_3,e_1) <- (41) [avatar component clause 809]
990. equalish(X0,e_2) | ~group_element(e_2) | ~group_element(e_3) | ~group_element(X0) | product(e_3,X0,e_1) | product(e_3,e_2,e_1) | product(e_3,X0,e_2) | product(e_2,e_2,e_2) <- (14) [resolution 188,140]
1009. ~product(e_2,X0,e_1) | equalish(X0,e_1) <- (20) [resolution 346,12]
1052. 55 <=> product(e_1,e_1,e_2) [avatar definition]
1053. ~product(e_1,e_1,e_2) <- (~55) [avatar component clause 1052]
1054. product(e_1,e_1,e_2) <- (55) [avatar component clause 1052]
2176. equalish(e_3,e_1) <- (4, 11) [resolution 588,124]
2203. $false <- (4, 11) [forward subsumption resolution 2176,8]
2204. ~4 | ~11 [avatar contradiction clause 2203]
2669. equalish(e_3,e_2) <- (4, 13) [resolution 589,132]
2670. $false <- (4, 13) [forward subsumption resolution 2669,9]
2671. ~4 | ~13 [avatar contradiction clause 2670]
2697. ~group_element(e_3) | product(e_3,e_3,e_1) <- (2, ~12) [forward subsumption resolution 755,127]
2728. product(e_3,e_3,e_1) <- (2, ~12) [forward subsumption resolution 2697,3]
2759. $false <- (2, ~12, ~13) [forward subsumption resolution 2728,131]
2760. ~2 | 12 | 13 [avatar contradiction clause 2759]
2867. ~product(X0,e_3,e_3) | product(e_3,X0,e_2) <- (12) [resolution 128,14]
2869. product(e_3,e_2,e_1) | product(e_3,e_2,e_2) | ~group_element(e_3) | ~group_element(e_2) | product(e_2,e_3,e_3) <- (12) [resolution 128,18]
3065. equalish(e_2,e_3) <- (4, 8) [resolution 590,90]
3071. $false <- (4, 8) [forward subsumption resolution 3065,7]
3072. ~4 | ~8 [avatar contradiction clause 3071]
3097. equalish(X0,e_2) | ~group_element(e_3) | ~group_element(X0) | product(e_3,X0,e_1) | product(e_3,e_2,e_1) | product(e_3,X0,e_2) | product(e_2,e_2,e_2) <- (14) [forward subsumption resolution 990,2]
3131. product(e_3,e_2,e_1) | product(e_3,e_2,e_2) | ~group_element(e_3) | ~group_element(e_2) <- (12) [forward subsumption resolution 2869,2867]
3169. equalish(X0,e_2) | ~group_element(X0) | product(e_3,X0,e_1) | product(e_3,e_2,e_1) | product(e_3,X0,e_2) | product(e_2,e_2,e_2) <- (14) [forward subsumption resolution 3097,3]
3212. product(e_3,e_2,e_2) | ~group_element(e_3) | ~group_element(e_2) <- (~4, 12) [forward subsumption resolution 3131,62]
3250. equalish(X0,e_2) | ~group_element(X0) | product(e_3,X0,e_1) | product(e_3,X0,e_2) | product(e_2,e_2,e_2) <- (~4, 14) [forward subsumption resolution 3169,62]
3283. ~group_element(e_3) | ~group_element(e_2) <- (~3, ~4, 12) [forward subsumption resolution 3212,58]
3302. ~group_element(e_2) <- (~3, ~4, 12) [forward subsumption resolution 3283,3]
3316. $false <- (~3, ~4, 12) [forward subsumption resolution 3302,2]
3317. 3 | 4 | ~12 [avatar contradiction clause 3316]
3320. 92 <=> ! [X2] : (~group_element(X2) | product(e_2,X2,e_2) | product(X2,e_3,e_1) | product(e_2,X2,e_1)) [avatar definition]
3321. product(e_2,X2,e_2) | product(X2,e_3,e_1) | ~group_element(X2) | product(e_2,X2,e_1) <- (92) [avatar component clause 3320]
3346. 97 <=> ! [X0] : (equalish(e_2,X0) | product(e_3,X0,e_2) | product(e_3,X0,e_1) | ~group_element(X0)) [avatar definition]
3347. product(e_3,X0,e_2) | equalish(e_2,X0) | product(e_3,X0,e_1) | ~group_element(X0) <- (97) [avatar component clause 3346]
3350. equalish(X0,e_2) | ~group_element(X0) | product(e_3,X0,e_1) | product(e_3,X0,e_2) <- (~4, ~7, 14) [forward subsumption resolution 3250,85]
3352. 98 <=> ! [X0] : (equalish(X0,e_2) | product(e_3,X0,e_2) | product(e_3,X0,e_1) | ~group_element(X0)) [avatar definition]
3353. product(e_3,X0,e_2) | equalish(X0,e_2) | product(e_3,X0,e_1) | ~group_element(X0) <- (98) [avatar component clause 3352]
3380. 98 | 4 | 7 | ~14 [avatar split clause 3350,138,84,61,3352]
3491. 116 <=> ! [X1] : (product(e_3,X1,e_2) | product(e_3,X1,e_1) | ~group_element(X1) | equalish(e_3,X1)) [avatar definition]
3492. product(e_3,X1,e_2) | product(e_3,X1,e_1) | ~group_element(X1) | equalish(e_3,X1) <- (116) [avatar component clause 3491]
3526. product(e_3,X0,e_1) | product(e_3,X0,e_2) | ~group_element(e_3) | ~group_element(X0) | equalish(e_3,X0) <- (1) [resolution 50,16]
3553. product(e_3,X0,e_1) | product(e_3,X0,e_2) | ~group_element(X0) | equalish(e_3,X0) <- (1) [forward subsumption resolution 3526,3]
3555. 116 | ~1 [avatar split clause 3553,48,3491]
3694. product(e_3,X0,e_2) | product(X0,e_3,e_1) | product(e_3,X0,e_1) | ~group_element(X0) | ~group_element(e_3) <- (~1, 5) [resolution 66,49]
3810. product(e_3,X0,e_2) | product(X0,e_3,e_1) | product(e_3,X0,e_1) | ~group_element(X0) <- (~1, 5) [forward subsumption resolution 3694,3]
4543. ~product(e_3,e_2,X0) | equalish(X0,e_2) <- (3) [resolution 59,11]
4544. ~product(e_3,X0,e_2) | equalish(X0,e_2) <- (3) [resolution 59,12]
4574. product(e_2,e_3,e_3) | product(e_2,e_2,e_2) | product(e_3,X0,e_2) | equalish(e_2,X0) | ~group_element(e_2) | product(e_3,X0,e_1) | product(e_2,e_2,e_1) | ~group_element(e_3) | ~group_element(X0) <- (~4) [resolution 62,196]
4641. equalish(e_1,e_2) <- (3, 23) [resolution 4544,438]
4643. equalish(e_3,e_2) <- (3, 12) [resolution 4544,128]
4678. $false <- (3, 12) [forward subsumption resolution 4643,9]
4679. ~3 | ~12 [avatar contradiction clause 4678]
4680. $false <- (3, 23) [forward subsumption resolution 4641,4]
4681. ~3 | ~23 [avatar contradiction clause 4680]
4738. ~product(e_3,e_3,X0) | equalish(X0,e_3) <- (1) [resolution 50,11]
4785. ~product(e_3,X0,e_1) | equalish(X0,e_1) <- (24) [resolution 442,12]
4851. equalish(e_3,e_2) <- (3, 11) [resolution 124,4543]
4874. $false <- (3, 11) [forward subsumption resolution 4851,9]
4875. ~3 | ~11 [avatar contradiction clause 4874]
4899. ~product(e_2,X0,e_1) | equalish(X0,e_2) <- (8) [resolution 90,12]
4983. product(e_3,X0,e_2) | equalish(e_3,X0) | ~group_element(X0) | ~group_element(e_3) | ~group_element(e_3) | product(e_3,e_3,e_1) | product(e_3,X0,e_1) <- (~12) [resolution 127,70]
4996. product(e_3,X0,e_2) | equalish(e_3,X0) | ~group_element(X0) | ~group_element(e_3) | product(e_3,e_3,e_1) | product(e_3,X0,e_1) <- (~12) [duplicate literal removal 4983]
5012. ~product(X0,e_2,e_3) | product(e_3,X0,e_1) <- (15) [resolution 144,14]
5014. product(e_3,e_1,e_1) | product(e_3,e_1,e_2) | ~group_element(e_3) | ~group_element(e_1) | product(e_1,e_2,e_3) <- (15) [resolution 144,18]
5348. equalish(e_2,e_3) | product(e_3,e_3,e_1) | ~group_element(e_3) | equalish(e_2,e_3) <- (1, 97) [resolution 3347,4738]
5401. equalish(e_2,e_3) | product(e_3,e_3,e_1) | ~group_element(e_3) <- (1, 97) [duplicate literal removal 5348]
5413. product(e_3,e_3,e_1) | ~group_element(e_3) <- (1, 97) [forward subsumption resolution 5401,7]
5420. ~group_element(e_3) <- (1, ~13, 97) [forward subsumption resolution 5413,131]
5423. $false <- (1, ~13, 97) [forward subsumption resolution 5420,3]
5424. ~1 | 13 | ~97 [avatar contradiction clause 5423]
5449. equalish(e_3,e_2) | product(e_3,e_3,e_1) | ~group_element(e_3) | equalish(e_2,e_3) <- (1, 98) [resolution 3353,4738]
5514. product(e_3,e_3,e_1) | ~group_element(e_3) | equalish(e_2,e_3) <- (1, 98) [forward subsumption resolution 5449,9]
5517. ~group_element(e_3) | equalish(e_2,e_3) <- (1, ~13, 98) [forward subsumption resolution 5514,131]
5520. equalish(e_2,e_3) <- (1, ~13, 98) [forward subsumption resolution 5517,3]
5525. $false <- (1, ~13, 98) [forward subsumption resolution 5520,7]
5526. ~1 | 13 | ~98 [avatar contradiction clause 5525]
5584. equalish(e_1,e_3) <- (1, 13) [resolution 132,4738]
5591. ~product(X0,e_3,e_3) | product(e_3,X0,e_1) <- (13) [resolution 132,14]
5593. product(e_3,e_1,e_1) | product(e_3,e_1,e_2) | ~group_element(e_3) | ~group_element(e_1) | product(e_1,e_3,e_3) <- (13) [resolution 132,18]
5611. $false <- (1, 13) [forward subsumption resolution 5584,5]
5612. ~1 | ~13 [avatar contradiction clause 5611]
5639. equalish(e_3,e_1) <- (15, 20) [resolution 1009,144]
5640. $false <- (15, 20) [forward subsumption resolution 5639,8]
5641. ~15 | ~20 [avatar contradiction clause 5640]
6024. product(e_3,X0,e_2) | product(e_3,X0,e_1) | ~group_element(X0) | ~product(X1,e_3,e_1) | equalish(X1,X0) <- (~1, 5) [resolution 3810,13]
6231. equalish(e_3,e_1) <- (13, 24) [resolution 4785,132]
6234. $false <- (13, 24) [forward subsumption resolution 6231,8]
6235. ~13 | ~24 [avatar contradiction clause 6234]
6246. product(e_3,e_1,e_1) | product(e_3,e_1,e_2) | ~group_element(e_3) | ~group_element(e_1) <- (15) [forward subsumption resolution 5014,5012]
6248. product(e_3,e_1,e_1) | product(e_3,e_1,e_2) | ~group_element(e_3) | ~group_element(e_1) <- (13) [forward subsumption resolution 5593,5591]
6279. product(e_3,e_1,e_2) | ~group_element(e_3) | ~group_element(e_1) <- (15, ~24) [forward subsumption resolution 6246,441]
6281. product(e_3,e_1,e_2) | ~group_element(e_3) | ~group_element(e_1) <- (13, ~24) [forward subsumption resolution 6248,441]
6299. ~group_element(e_3) | ~group_element(e_1) <- (15, ~23, ~24) [forward subsumption resolution 6279,437]
6301. ~group_element(e_3) | ~group_element(e_1) <- (13, ~23, ~24) [forward subsumption resolution 6281,437]
6312. ~group_element(e_1) <- (15, ~23, ~24) [forward subsumption resolution 6299,3]
6315. ~group_element(e_1) <- (13, ~23, ~24) [forward subsumption resolution 6301,3]
6318. $false <- (15, ~23, ~24) [forward subsumption resolution 6312,1]
6319. ~15 | 23 | 24 [avatar contradiction clause 6318]
6320. $false <- (13, ~23, ~24) [forward subsumption resolution 6315,1]
6321. ~13 | 23 | 24 [avatar contradiction clause 6320]
6534. product(e_2,e_3,e_2) | ~group_element(e_3) | product(e_2,e_3,e_1) <- (~13, 92) [resolution 131,3321]
7289. equalish(e_3,e_2) <- (8, 15) [resolution 4899,144]
7291. $false <- (8, 15) [forward subsumption resolution 7289,9]
7292. ~8 | ~15 [avatar contradiction clause 7291]
7305. product(e_2,e_2,e_2) | product(e_3,X0,e_2) | equalish(e_2,X0) | ~group_element(e_2) | product(e_3,X0,e_1) | product(e_2,e_2,e_1) | ~group_element(e_3) | ~group_element(X0) <- (~4, ~6) [forward subsumption resolution 4574,81]
7378. product(e_3,X0,e_2) | equalish(e_2,X0) | ~group_element(e_2) | product(e_3,X0,e_1) | product(e_2,e_2,e_1) | ~group_element(e_3) | ~group_element(X0) <- (~4, ~6, ~7) [forward subsumption resolution 7305,85]
7425. product(e_3,X0,e_2) | equalish(e_2,X0) | product(e_3,X0,e_1) | product(e_2,e_2,e_1) | ~group_element(e_3) | ~group_element(X0) <- (~4, ~6, ~7) [forward subsumption resolution 7378,2]
7459. product(e_3,X0,e_2) | equalish(e_2,X0) | product(e_3,X0,e_1) | ~group_element(e_3) | ~group_element(X0) <- (~4, ~6, ~7, ~8) [forward subsumption resolution 7425,89]
7483. product(e_3,X0,e_2) | equalish(e_2,X0) | product(e_3,X0,e_1) | ~group_element(X0) <- (~4, ~6, ~7, ~8) [forward subsumption resolution 7459,3]
7492. 97 | 4 | 6 | 7 | 8 [avatar split clause 7483,88,84,80,61,3346]
7508. ~group_element(e_3) | product(e_2,e_3,e_1) <- (~13, ~14, 92) [forward subsumption resolution 6534,139]
7521. product(e_2,e_3,e_1) <- (~13, ~14, 92) [forward subsumption resolution 7508,3]
7560. product(e_3,e_2,e_1) | ~group_element(e_2) | equalish(e_3,e_2) <- (~3, 116) [resolution 58,3492]
7584. ~group_element(e_2) | equalish(e_3,e_2) <- (~3, ~4, 116) [forward subsumption resolution 7560,62]
7588. equalish(e_3,e_2) <- (~3, ~4, 116) [forward subsumption resolution 7584,2]
7591. $false <- (~3, ~4, 116) [forward subsumption resolution 7588,9]
7592. 3 | 4 | ~116 [avatar contradiction clause 7591]
7624. product(e_3,X0,e_2) | equalish(e_3,X0) | ~group_element(X0) | ~group_element(e_3) | product(e_3,X0,e_1) <- (~1, 5, ~12) [forward subsumption resolution 4996,6024]
7653. product(e_3,X0,e_2) | equalish(e_3,X0) | ~group_element(X0) | product(e_3,X0,e_1) <- (~1, 5, ~12) [forward subsumption resolution 7624,3]
7692. 116 | 1 | ~5 | 12 [avatar split clause 7653,126,65,48,3491]
7799. product(X0,e_3,e_2) | ~group_element(X0) | product(e_2,X0,e_1) | product(X0,e_3,e_1) | ~group_element(e_2) | product(e_2,X0,e_2) | equalish(e_1,e_3) <- (4) [resolution 63,28]
7801. ~product(e_3,X0,e_1) | equalish(X0,e_2) <- (4) [resolution 63,12]
7803. ~product(X0,e_3,e_2) | product(e_2,X0,e_1) <- (4) [resolution 63,14]
7807. product(e_1,e_3,e_2) | ~group_element(e_1) | product(e_2,e_1,e_1) | product(e_1,e_3,e_1) | ~group_element(e_2) | product(e_3,e_2,e_3) | product(e_1,e_3,e_2) <- (4) [resolution 63,34]
7818. product(e_1,e_3,e_2) | ~group_element(e_1) | product(e_2,e_1,e_1) | product(e_1,e_3,e_1) | ~group_element(e_2) | product(e_3,e_2,e_3) <- (4) [duplicate literal removal 7807]
7819. ~group_element(X0) | product(e_2,X0,e_1) | product(X0,e_3,e_1) | ~group_element(e_2) | product(e_2,X0,e_2) | equalish(e_1,e_3) <- (4) [forward subsumption resolution 7799,7803]
8134. equalish(e_1,e_2) <- (4, 24) [resolution 7801,442]
8137. $false <- (4, 24) [forward subsumption resolution 8134,4]
8138. ~4 | ~24 [avatar contradiction clause 8137]
8163. 140 <=> ! [X2] : (equalish(e_3,X2) | product(X2,e_1,e_2) | product(X2,e_1,e_1) | ~group_element(X2)) [avatar definition]
8164. product(X2,e_1,e_2) | equalish(e_3,X2) | product(X2,e_1,e_1) | ~group_element(X2) <- (140) [avatar component clause 8163]
8184. ~product(X0,e_1,e_2) | equalish(X0,e_3) <- (23) [resolution 438,13]
8225. equalish(e_3,X0) | ~group_element(e_1) | ~group_element(X0) | product(e_3,e_1,e_1) | product(X0,e_1,e_1) | ~group_element(e_3) | product(X0,e_1,e_2) | product(e_1,e_1,e_2) <- (41) [resolution 811,151]
9080. equalish(e_3,e_2) | product(e_2,e_1,e_1) | ~group_element(e_2) <- (~19, 140) [resolution 341,8164]
9326. product(e_2,e_2,e_1) <- (4, 14) [resolution 140,7803]
9372. $false <- (4, ~8, 14) [forward subsumption resolution 9326,89]
9373. ~4 | 8 | ~14 [avatar contradiction clause 9372]
9377. 15 | 13 | 14 | ~92 [avatar split clause 7521,3320,138,130,142]
10513. equalish(e_1,e_3) <- (23, 55) [resolution 8184,1054]
10514. equalish(e_2,e_3) <- (19, 23) [resolution 8184,342]
10522. $false <- (19, 23) [forward subsumption resolution 10514,7]
10523. ~19 | ~23 [avatar contradiction clause 10522]
10524. $false <- (23, 55) [forward subsumption resolution 10513,5]
10525. ~23 | ~55 [avatar contradiction clause 10524]
10553. product(e_2,e_1,e_1) | ~group_element(e_2) <- (~19, 140) [forward subsumption resolution 9080,9]
10570. ~group_element(e_2) <- (~19, ~20, 140) [forward subsumption resolution 10553,345]
10574. $false <- (~19, ~20, 140) [forward subsumption resolution 10570,2]
10575. 19 | 20 | ~140 [avatar contradiction clause 10574]
10577. equalish(e_3,X0) | ~group_element(X0) | product(e_3,e_1,e_1) | product(X0,e_1,e_1) | ~group_element(e_3) | product(X0,e_1,e_2) | product(e_1,e_1,e_2) <- (41) [forward subsumption resolution 8225,1]
10578. equalish(e_3,X0) | ~group_element(X0) | product(X0,e_1,e_1) | ~group_element(e_3) | product(X0,e_1,e_2) | product(e_1,e_1,e_2) <- (~24, 41) [forward subsumption resolution 10577,441]
10579. equalish(e_3,X0) | ~group_element(X0) | product(X0,e_1,e_1) | product(X0,e_1,e_2) | product(e_1,e_1,e_2) <- (~24, 41) [forward subsumption resolution 10578,3]
10580. equalish(e_3,X0) | ~group_element(X0) | product(X0,e_1,e_1) | product(X0,e_1,e_2) <- (~24, 41, ~55) [forward subsumption resolution 10579,1053]
10581. 140 | 24 | ~41 | 55 [avatar split clause 10580,1052,809,440,8163]
10582. ~group_element(X0) | product(e_2,X0,e_1) | product(X0,e_3,e_1) | product(e_2,X0,e_2) | equalish(e_1,e_3) <- (4) [forward subsumption resolution 7819,2]
10585. ~group_element(e_1) | product(e_2,e_1,e_1) | product(e_1,e_3,e_1) | ~group_element(e_2) | product(e_3,e_2,e_3) <- (4) [forward subsumption resolution 7818,7803]
10613. ~group_element(X0) | product(e_2,X0,e_1) | product(X0,e_3,e_1) | product(e_2,X0,e_2) <- (4) [forward subsumption resolution 10582,5]
10616. product(e_2,e_1,e_1) | product(e_1,e_3,e_1) | ~group_element(e_2) | product(e_3,e_2,e_3) <- (4) [forward subsumption resolution 10585,1]
10627. 92 | ~4 [avatar split clause 10613,61,3320]
10628. product(e_1,e_3,e_1) | ~group_element(e_2) | product(e_3,e_2,e_3) <- (4, ~20) [forward subsumption resolution 10616,345]
10634. ~group_element(e_2) | product(e_3,e_2,e_3) <- (4, ~20, ~41) [forward subsumption resolution 10628,810]
10635. product(e_3,e_2,e_3) <- (4, ~20, ~41) [forward subsumption resolution 10634,2]
10636. $false <- (4, ~11, ~20, ~41) [forward subsumption resolution 10635,123]
10637. ~4 | 11 | 20 | 41 [avatar contradiction clause 10636]
s1. 1 | 2 [sat_conversion 54]
s2. 3 | 4 | 5 [sat_conversion 67]
s5. ~6 | 11 | 12 | 13 [sat_conversion 133]
s6. 6 | 14 | 15 [sat_conversion 145]
s10. ~7 | ~3 [sat_conversion 317]
s62. ~11 | ~4 [sat_conversion 2204]
s71. ~13 | ~4 [sat_conversion 2671]
s73. ~2 | 12 | 13 [sat_conversion 2760]
s79. ~8 | ~4 [sat_conversion 3072]
s99. ~12 | 3 | 4 [sat_conversion 3317]
s128. ~14 | 4 | 7 | 98 [sat_conversion 3380]
s150. ~1 | 116 [sat_conversion 3555]
s159. ~12 | ~3 [sat_conversion 4679]
s160. ~23 | ~3 [sat_conversion 4681]
s163. ~11 | ~3 [sat_conversion 4875]
s167. ~97 | ~1 | 13 [sat_conversion 5424]
s172. ~98 | ~1 | 13 [sat_conversion 5526]
s173. ~13 | ~1 [sat_conversion 5612]
s174. ~20 | ~15 [sat_conversion 5641]
s185. ~24 | ~13 [sat_conversion 6235]
s190. ~15 | 23 | 24 [sat_conversion 6319]
s191. ~13 | 23 | 24 [sat_conversion 6321]
s198. ~15 | ~8 [sat_conversion 7292]
s217. 4 | 6 | 7 | 8 | 97 [sat_conversion 7492]
s223. ~116 | 3 | 4 [sat_conversion 7592]
s232. ~5 | 1 | 12 | 116 [sat_conversion 7692]
s240. ~24 | ~4 [sat_conversion 8138]
s259. ~14 | ~4 | 8 [sat_conversion 9373]
s260. ~92 | 13 | 14 | 15 [sat_conversion 9377]
s269. ~23 | ~19 [sat_conversion 10523]
s270. ~55 | ~23 [sat_conversion 10525]
s274. ~140 | 19 | 20 [sat_conversion 10575]
s275. ~41 | 24 | 55 | 140 [sat_conversion 10581]
s277. ~4 | 92 [sat_conversion 10627]
s280. ~4 | 11 | 20 | 41 [sat_conversion 10637]
s281. 4 | 3 | 1 [rat s232,s99,s223,s2]
s282. ~4 [rat s274,s275,s280,s269,s270,s174,s190,s260,s259,s62,s71,s79,s240,s277]
s283. ~13 | 23 [rat s185,s191]
s284. 1 [rat s283,s73,s159,s160,s281,s1,s282]
s285. ~13 [rat s173,s284]
s287. 116 [rat s150,s284]
s290. ~98 [rat s172,s284,s285]
s291. ~97 [rat s167,s284,s285]
s292. 3 [rat s223,s282,s287]
s298. ~11 [rat s163,s292]
s300. ~12 [rat s159,s292]
s301. ~7 [rat s10,s292]
s306. ~6 [rat s5,s298,s285,s300]
s309. ~14 [rat s128,s290,s282,s301]
s314. 8 [rat s217,s291,s301,s282,s306]
s315. 15 [rat s6,s306,s309]
s318. # [rat s198,s314,s315]
10638. $false [avatar sat refutation s318]
% SZS output end Proof for GRP129-1.003
% ------------------------------
% Version: Vampire 5.0.0 (Release build, commit 2e2c9b7b8 on 2026-01-17 12:24:14 +0100)
% Linked with Z3 4.14.0.0 3c47fd96cf5645d0c42b2c819d9e9a84380aa721 z3-4.8.4-9178-g3c47fd96c
% CaDiCaL version: 2.1.3
% Termination reason: Refutation
% Time elapsed: 0.999 s
% Peak memory usage: 64 MB
% Instructions burned: 2733 (million)
% ------------------------------
% ------------------------------
