% Running in auto input_syntax mode. Trying TPTP
% Refutation found. Thanks to Tanya!
% SZS status Unsatisfiable for GRP135-2.002
% SZS output start Proof for GRP135-2.002
4. group_element(e_1) [input(axiom)]
5. group_element(e_2) [input(axiom)]
6. ~equalish(e_1,e_2) [input(axiom)]
7. ~equalish(e_2,e_1) [input(axiom)]
8. product(X0,X1,e_2) | ~group_element(X1) | product(X0,X1,e_1) | ~group_element(X0) [input(axiom)]
9. ~product(X0,X1,X3) | ~product(X0,X1,X2) | equalish(X2,X3) [input(axiom)]
10. ~product(X0,X3,X2) | ~product(X0,X1,X2) | equalish(X1,X3) [input(axiom)]
11. ~product(X3,X1,X2) | ~product(X0,X1,X2) | equalish(X0,X3) [input(axiom)]
12. ~product(X2,X0,X3) | ~product(X0,X1,X2) | product(X3,X0,X1) [input(negated conjecture)]
15. ~product(X1,X0,X2) | product(X1,X0,e_1) | ~group_element(X1) | ~group_element(X0) | equalish(X2,e_2) [resolution 8,9]
16. ~product(X0,X2,X1) | product(X1,X0,e_1) | ~group_element(X1) | ~group_element(X0) | product(e_2,X0,X2) [resolution 8,12]
19. product(e_2,X0,e_1) | ~group_element(e_2) | ~group_element(X0) | product(e_2,X0,X1) | ~group_element(X1) | product(X0,X1,e_1) | ~group_element(X0) [resolution 16,8]
20. product(e_2,X0,e_1) | ~group_element(e_2) | ~group_element(X0) | product(e_2,X0,X1) | ~group_element(X1) | product(X0,X1,e_1) [duplicate literal removal 19]
21. product(e_2,X0,e_1) | product(e_2,X0,X1) | product(X0,X1,e_1) | ~group_element(X1) | ~group_element(X0) [forward subsumption resolution 20,5]
56. 2 <=> product(e_2,e_1,e_1) [avatar definition]
57. ~product(e_2,e_1,e_1) <- (~2) [avatar component clause 56]
58. product(e_2,e_1,e_1) <- (2) [avatar component clause 56]
69. 5 <=> product(e_1,e_2,e_1) [avatar definition]
70. ~product(e_1,e_2,e_1) <- (~5) [avatar component clause 69]
71. product(e_1,e_2,e_1) <- (5) [avatar component clause 69]
82. product(e_1,e_2,e_1) | ~group_element(e_1) | ~group_element(e_2) | product(e_2,e_2,e_1) <- (2) [resolution 58,16]
83. ~product(X0,e_1,e_1) | equalish(X0,e_2) <- (2) [resolution 58,11]
84. ~product(e_2,X0,e_1) | equalish(X0,e_1) <- (2) [resolution 58,10]
92. product(e_1,e_1,e_1) | ~group_element(e_1) | ~group_element(e_1) | product(e_2,e_1,e_2) <- (5) [resolution 71,16]
97. product(e_1,e_1,e_1) | ~group_element(e_1) | product(e_2,e_1,e_2) <- (5) [duplicate literal removal 92]
98. product(e_1,e_1,e_1) | product(e_2,e_1,e_2) <- (5) [forward subsumption resolution 97,4]
100. 7 <=> product(e_2,e_1,e_2) [avatar definition]
101. ~product(e_2,e_1,e_2) <- (~7) [avatar component clause 100]
102. product(e_2,e_1,e_2) <- (7) [avatar component clause 100]
104. 8 <=> product(e_1,e_1,e_1) [avatar definition]
106. product(e_1,e_1,e_1) <- (8) [avatar component clause 104]
107. 7 | 8 | ~5 [avatar split clause 98,69,104,100]
108. ~group_element(e_1) | ~group_element(e_2) | product(e_2,e_2,e_1) <- (2, ~5) [forward subsumption resolution 82,70]
109. ~group_element(e_2) | product(e_2,e_2,e_1) <- (2, ~5) [forward subsumption resolution 108,4]
110. product(e_2,e_2,e_1) <- (2, ~5) [forward subsumption resolution 109,5]
114. product(e_2,X0,e_1) | ~group_element(e_2) | ~group_element(X0) | equalish(X1,e_2) | product(e_2,X0,e_1) | product(X0,X1,e_1) | ~group_element(X1) | ~group_element(X0) [resolution 15,21]
116. product(e_2,X0,e_1) | ~group_element(e_2) | ~group_element(X0) | equalish(X1,e_2) | product(X0,X1,e_1) | ~group_element(X1) [duplicate literal removal 114]
120. product(e_2,X0,e_1) | product(X0,X1,e_1) | equalish(X1,e_2) | ~group_element(X0) | ~group_element(X1) [forward subsumption resolution 116,5]
132. ~product(e_2,X0,e_1) | equalish(X0,e_2) <- (2, ~5) [resolution 110,10]
226. equalish(X0,e_2) | product(e_2,X0,e_1) | product(e_2,X0,e_1) | ~group_element(e_1) | ~group_element(X0) <- (2) [resolution 83,21]
229. equalish(X0,e_2) | product(e_2,X0,e_1) | ~group_element(e_1) | ~group_element(X0) <- (2) [duplicate literal removal 226]
230. equalish(X0,e_2) | product(e_2,X0,e_1) | ~group_element(X0) <- (2) [forward subsumption resolution 229,4]
235. equalish(X0,e_2) | ~group_element(X0) <- (2, ~5) [forward subsumption resolution 230,132]
259. ~group_element(e_1) <- (2, ~5) [resolution 235,6]
260. $false <- (2, ~5) [forward subsumption resolution 259,4]
261. ~2 | 5 [avatar contradiction clause 260]
264. ~product(X0,e_2,e_1) | equalish(X0,e_1) <- (5) [resolution 71,11]
273. product(e_2,e_2,e_1) | ~group_element(e_2) | ~group_element(e_2) | product(e_2,e_2,e_1) <- (7) [resolution 102,16]
278. product(e_2,e_2,e_1) | ~group_element(e_2) <- (7) [duplicate literal removal 273]
279. product(e_2,e_2,e_1) <- (7) [forward subsumption resolution 278,5]
403. equalish(e_2,e_1) <- (2, 7) [resolution 84,279]
414. $false <- (2, 7) [forward subsumption resolution 403,7]
415. ~2 | ~7 [avatar contradiction clause 414]
418. 19 <=> product(e_2,e_2,e_1) [avatar definition]
420. product(e_2,e_2,e_1) <- (19) [avatar component clause 418]
449. ~group_element(e_1) | product(e_2,e_1,e_1) | ~group_element(e_2) <- (~7) [resolution 101,8]
450. product(e_2,e_1,e_1) | ~group_element(e_2) <- (~7) [forward subsumption resolution 449,4]
451. ~group_element(e_2) <- (~2, ~7) [forward subsumption resolution 450,57]
452. $false <- (~2, ~7) [forward subsumption resolution 451,5]
453. 2 | 7 [avatar contradiction clause 452]
454. 19 | ~7 [avatar split clause 279,100,418]
482. ~product(X0,e_1,e_1) | equalish(X0,e_1) <- (8) [resolution 106,11]
543. 24 <=> product(e_2,e_2,e_2) [avatar definition]
544. ~product(e_2,e_2,e_2) <- (~24) [avatar component clause 543]
545. product(e_2,e_2,e_2) <- (24) [avatar component clause 543]
551. product(e_1,e_2,e_1) | ~group_element(e_1) | ~group_element(e_2) | product(e_2,e_2,e_2) <- (19) [resolution 420,16]
553. ~product(e_2,X0,e_1) | equalish(X0,e_2) <- (19) [resolution 420,10]
592. 26 <=> ! [X2] : (equalish(X2,e_2) | ~group_element(X2)) [avatar definition]
593. equalish(X2,e_2) | ~group_element(X2) <- (26) [avatar component clause 592]
599. ~group_element(e_1) <- (26) [resolution 593,6]
600. $false <- (26) [forward subsumption resolution 599,4]
601. ~26 [avatar contradiction clause 600]
660. equalish(e_2,e_1) | product(e_2,X0,e_1) | equalish(X0,e_2) | ~group_element(e_2) | ~group_element(X0) <- (5) [resolution 264,120]
665. product(e_2,X0,e_1) | equalish(X0,e_2) | ~group_element(e_2) | ~group_element(X0) <- (5) [forward subsumption resolution 660,7]
672. product(e_2,X0,e_1) | equalish(X0,e_2) | ~group_element(X0) <- (5) [forward subsumption resolution 665,5]
673. equalish(X0,e_2) | ~group_element(X0) <- (5, 19) [forward subsumption resolution 672,553]
674. 26 | ~5 | ~19 [avatar split clause 673,418,69,592]
766. ~product(e_2,X0,e_2) | equalish(X0,e_1) <- (7) [resolution 102,10]
1122. equalish(e_2,e_1) <- (7, 24) [resolution 766,545]
1125. $false <- (7, 24) [forward subsumption resolution 1122,7]
1126. ~7 | ~24 [avatar contradiction clause 1125]
1127. ~group_element(e_1) | ~group_element(e_2) | product(e_2,e_2,e_2) <- (~5, 19) [forward subsumption resolution 551,70]
1130. ~group_element(e_2) | product(e_2,e_2,e_2) <- (~5, 19) [forward subsumption resolution 1127,4]
1132. product(e_2,e_2,e_2) <- (~5, 19) [forward subsumption resolution 1130,5]
1134. $false <- (~5, 19, ~24) [forward subsumption resolution 1132,544]
1135. 5 | ~19 | 24 [avatar contradiction clause 1134]
1186. equalish(e_2,e_1) <- (2, 8) [resolution 58,482]
1202. $false <- (2, 8) [forward subsumption resolution 1186,7]
1203. ~2 | ~8 [avatar contradiction clause 1202]
s4. ~5 | 7 | 8 [sat_conversion 107]
s6. ~2 | 5 [sat_conversion 261]
s13. ~7 | ~2 [sat_conversion 415]
s16. 2 | 7 [sat_conversion 453]
s17. ~7 | 19 [sat_conversion 454]
s23. ~26 [sat_conversion 601]
s25. ~19 | ~5 | 26 [sat_conversion 674]
s37. ~24 | ~7 [sat_conversion 1126]
s38. ~19 | 5 | 24 [sat_conversion 1135]
s44. ~8 | ~2 [sat_conversion 1203]
s46. ~2 [rat s4,s6,s13,s44]
s47. 7 [rat s16,s46]
s50. ~24 [rat s37,s47]
s51. 19 [rat s17,s47]
s52. 5 [rat s38,s50,s51]
s53. # [rat s25,s23,s52,s51]
1204. $false [avatar sat refutation s53]
% SZS output end Proof for GRP135-2.002
% ------------------------------
% Version: Vampire 5.0.0 (Release build, commit 2e2c9b7b8 on 2026-01-17 12:24:14 +0100)
% Linked with Z3 4.14.0.0 3c47fd96cf5645d0c42b2c819d9e9a84380aa721 z3-4.8.4-9178-g3c47fd96c
% CaDiCaL version: 2.1.3
% Termination reason: Refutation
% Time elapsed: 0.020 s
% Peak memory usage: 59 MB
% Instructions burned: 57 (million)
% ------------------------------
% ------------------------------
