% Running in auto input_syntax mode. Trying TPTP
% Refutation found. Thanks to Tanya!
% SZS status Unsatisfiable for GRP130-3.003
% SZS output start Proof for GRP130-3.003
1. next(e_0,e_1) [input(axiom)]
2. next(e_1,e_2) [input(axiom)]
3. next(e_2,e_3) [input(axiom)]
4. greater(e_1,e_0) [input(axiom)]
5. greater(e_2,e_0) [input(axiom)]
7. greater(e_2,e_1) [input(axiom)]
8. greater(e_3,e_1) [input(axiom)]
9. greater(e_3,e_2) [input(axiom)]
11. cycle(X0,e_0) | ~group_element(X0) | cycle(X0,e_1) | cycle(X0,e_2) [input(axiom)]
12. cycle(e_3,e_0) [input(axiom)]
13. ~cycle(X2,X3) | ~cycle(X0,X1) | ~next(X0,X2) | ~greater(X1,e_0) | ~next(X3,X4) | equalish(X1,X4) [input(axiom)]
15. ~product(X0,e_1,X1) | ~cycle(X0,e_0) | ~greater(X1,X0) [input(axiom)]
16. ~product(X0,e_1,X2) | ~cycle(X0,X1) | ~greater(X1,e_0) | ~next(X0,X3) | equalish(X2,X3) [input(axiom)]
17. group_element(e_1) [input(axiom)]
18. group_element(e_2) [input(axiom)]
19. group_element(e_3) [input(axiom)]
20. ~equalish(e_1,e_2) [input(axiom)]
21. ~equalish(e_1,e_3) [input(axiom)]
22. ~equalish(e_2,e_1) [input(axiom)]
23. ~equalish(e_2,e_3) [input(axiom)]
24. ~equalish(e_3,e_1) [input(axiom)]
25. ~equalish(e_3,e_2) [input(axiom)]
26. product(X0,X1,e_3) | ~group_element(X1) | product(X0,X1,e_1) | product(X0,X1,e_2) | ~group_element(X0) [input(axiom)]
27. ~product(X0,X1,X3) | ~product(X0,X1,X2) | equalish(X2,X3) [input(axiom)]
28. ~product(X0,X3,X2) | ~product(X0,X1,X2) | equalish(X1,X3) [input(axiom)]
29. ~product(X3,X1,X2) | ~product(X0,X1,X2) | equalish(X0,X3) [input(axiom)]
30. ~product(X0,X2,X3) | ~product(X0,X1,X2) | product(X3,X1,X0) [input(negated conjecture)]
39. ~product(X1,X2,e_3) | product(X1,X0,e_1) | product(X1,X0,e_2) | ~group_element(X1) | ~group_element(X0) | equalish(X2,X0) [resolution 26,28]
41. ~product(X1,X2,X0) | product(X1,X0,e_1) | product(X1,X0,e_2) | ~group_element(X1) | ~group_element(X0) | product(e_3,X2,X1) [resolution 26,30]
42. ~group_element(e_1) | product(X0,e_1,e_1) | product(X0,e_1,e_2) | ~group_element(X0) | ~cycle(X0,X1) | ~greater(X1,e_0) | ~next(X0,X2) | equalish(e_3,X2) [resolution 26,16]
43. ~group_element(e_1) | product(X0,e_1,e_1) | product(X0,e_1,e_2) | ~group_element(X0) | ~cycle(X0,e_0) | ~greater(e_3,X0) [resolution 26,15]
44. product(X0,e_1,e_2) | product(X0,e_1,e_1) | ~group_element(X0) | ~cycle(X0,e_0) | ~greater(e_3,X0) [forward subsumption resolution 43,17]
45. ~cycle(X0,X1) | product(X0,e_1,e_2) | ~group_element(X0) | product(X0,e_1,e_1) | ~greater(X1,e_0) | ~next(X0,X2) | equalish(e_3,X2) [forward subsumption resolution 42,17]
46. ~cycle(X0,X1) | ~next(X0,e_3) | ~greater(X1,e_0) | ~next(e_0,X2) | equalish(X1,X2) [resolution 13,12]
48. product(X0,e_3,e_1) | product(X0,e_3,e_2) | ~group_element(X0) | ~group_element(e_3) | product(e_3,X1,X0) | ~group_element(X1) | product(X0,X1,e_1) | product(X0,X1,e_2) | ~group_element(X0) [resolution 41,26]
49. product(X0,e_3,e_1) | product(X0,e_3,e_2) | ~group_element(X0) | ~group_element(e_3) | product(e_3,X1,X0) | ~group_element(X1) | product(X0,X1,e_1) | product(X0,X1,e_2) [duplicate literal removal 48]
50. product(e_3,X1,X0) | product(X0,e_3,e_2) | product(X0,X1,e_2) | ~group_element(X0) | ~group_element(X1) | product(X0,X1,e_1) | product(X0,e_3,e_1) [forward subsumption resolution 49,19]
69. ~product(X0,X2,X1) | product(X0,e_3,e_2) | ~group_element(X0) | ~group_element(X1) | product(X0,X1,e_1) | product(X0,e_3,e_1) | product(e_3,X1,X0) | product(e_2,X2,X0) [resolution 50,30]
70. product(e_3,e_3,X0) | product(X0,e_3,e_2) | ~group_element(X0) | ~group_element(e_3) | product(X0,e_3,e_1) | product(X0,e_3,e_1) [factoring 50]
71. product(e_3,e_3,X0) | product(X0,e_3,e_2) | ~group_element(X0) | ~group_element(e_3) | product(X0,e_3,e_1) [duplicate literal removal 70]
75. product(e_3,e_3,X0) | product(X0,e_3,e_2) | ~group_element(X0) | product(X0,e_3,e_1) [forward subsumption resolution 71,19]
108. product(X0,e_3,e_2) | ~group_element(X0) | product(X0,e_3,e_1) | product(e_3,X0,e_1) | product(e_3,X0,e_2) | ~group_element(e_3) | ~group_element(X0) | product(e_3,e_3,e_3) [resolution 75,41]
110. ~product(e_3,X1,X0) | ~group_element(X0) | product(X0,e_3,e_1) | product(X0,e_3,e_2) | equalish(X1,e_3) [resolution 75,28]
113. product(e_3,e_3,X0) | ~group_element(X0) | product(X0,e_3,e_1) | product(X0,e_2,e_1) | product(X0,e_2,e_2) | ~group_element(X0) | ~group_element(e_2) | product(e_3,e_3,X0) [resolution 75,41]
115. ~product(X0,X1,e_2) | ~group_element(X0) | product(X0,e_3,e_1) | product(e_3,e_3,X0) | equalish(X1,e_3) [resolution 75,28]
117. ~product(X0,X1,e_3) | ~group_element(X0) | product(X0,e_3,e_1) | product(e_3,e_3,X0) | product(e_2,X1,X0) [resolution 75,30]
118. product(e_3,e_3,X0) | ~group_element(X0) | product(X0,e_3,e_1) | product(X0,e_2,e_1) | product(X0,e_2,e_2) | ~group_element(e_2) [duplicate literal removal 113]
119. product(X0,e_3,e_2) | ~group_element(X0) | product(X0,e_3,e_1) | product(e_3,X0,e_1) | product(e_3,X0,e_2) | ~group_element(e_3) | product(e_3,e_3,e_3) [duplicate literal removal 108]
120. product(e_3,e_3,X0) | product(X0,e_3,e_1) | ~group_element(X0) | product(X0,e_2,e_1) | product(X0,e_2,e_2) [forward subsumption resolution 118,18]
121. product(X0,e_3,e_2) | ~group_element(X0) | product(X0,e_3,e_1) | product(e_3,X0,e_1) | product(e_3,X0,e_2) | product(e_3,e_3,e_3) [forward subsumption resolution 119,19]
123. 7 <=> product(e_3,e_3,e_3) [avatar definition]
124. ~product(e_3,e_3,e_3) <- (~7) [avatar component clause 123]
125. product(e_3,e_3,e_3) <- (7) [avatar component clause 123]
127. 8 <=> ! [X0] : (product(X0,e_3,e_2) | product(e_3,X0,e_2) | product(e_3,X0,e_1) | product(X0,e_3,e_1) | ~group_element(X0)) [avatar definition]
128. product(e_3,X0,e_2) | product(X0,e_3,e_2) | product(e_3,X0,e_1) | product(X0,e_3,e_1) | ~group_element(X0) <- (8) [avatar component clause 127]
129. 7 | 8 [avatar split clause 121,127,123]
139. product(X0,e_1,e_1) | ~group_element(X0) | ~cycle(X0,e_0) | ~greater(e_3,X0) | ~cycle(X0,e_0) | ~greater(e_2,X0) [resolution 44,15]
141. ~product(X1,e_1,e_2) | ~group_element(X0) | ~cycle(X0,e_0) | ~greater(e_3,X0) | product(X0,e_1,e_1) | equalish(X1,X0) [resolution 44,29]
146. product(X0,e_1,e_1) | ~group_element(X0) | ~cycle(X0,e_0) | ~greater(e_3,X0) | ~greater(e_2,X0) [duplicate literal removal 139]
167. 9 <=> product(e_3,e_3,e_1) [avatar definition]
168. ~product(e_3,e_3,e_1) <- (~9) [avatar component clause 167]
169. product(e_3,e_3,e_1) <- (9) [avatar component clause 167]
171. 10 <=> product(e_3,e_3,e_2) [avatar definition]
172. ~product(e_3,e_3,e_2) <- (~10) [avatar component clause 171]
173. product(e_3,e_3,e_2) <- (10) [avatar component clause 171]
194. product(e_3,e_1,e_1) | product(e_3,e_1,e_2) | ~group_element(e_3) | ~group_element(e_1) | product(e_3,e_3,e_3) <- (9) [resolution 169,41]
199. product(e_3,e_1,e_1) | product(e_3,e_1,e_2) | ~group_element(e_1) | product(e_3,e_3,e_3) <- (9) [forward subsumption resolution 194,19]
200. product(e_3,e_1,e_1) | product(e_3,e_1,e_2) | product(e_3,e_3,e_3) <- (9) [forward subsumption resolution 199,17]
201. product(e_3,e_1,e_1) | product(e_3,e_1,e_2) <- (~7, 9) [forward subsumption resolution 200,124]
203. 13 <=> product(e_3,e_1,e_2) [avatar definition]
204. ~product(e_3,e_1,e_2) <- (~13) [avatar component clause 203]
205. product(e_3,e_1,e_2) <- (13) [avatar component clause 203]
207. 14 <=> product(e_3,e_1,e_1) [avatar definition]
208. ~product(e_3,e_1,e_1) <- (~14) [avatar component clause 207]
209. product(e_3,e_1,e_1) <- (14) [avatar component clause 207]
210. 13 | 14 | 7 | ~9 [avatar split clause 201,167,123,207,203]
234. product(e_1,e_3,e_2) | product(e_1,e_3,e_2) | ~group_element(e_1) | ~group_element(e_3) | product(e_1,e_3,e_1) | product(e_1,e_3,e_1) <- (~9) [resolution 168,50]
235. product(e_1,e_3,e_2) | ~group_element(e_1) | ~group_element(e_3) | product(e_1,e_3,e_1) <- (~9) [duplicate literal removal 234]
236. product(e_1,e_3,e_2) | ~group_element(e_3) | product(e_1,e_3,e_1) <- (~9) [forward subsumption resolution 235,17]
238. product(e_1,e_3,e_2) | product(e_1,e_3,e_1) <- (~9) [forward subsumption resolution 236,19]
240. 17 <=> product(e_1,e_3,e_1) [avatar definition]
242. product(e_1,e_3,e_1) <- (17) [avatar component clause 240]
244. 18 <=> product(e_1,e_3,e_2) [avatar definition]
246. product(e_1,e_3,e_2) <- (18) [avatar component clause 244]
248. 17 | 18 | 9 [avatar split clause 238,167,244,240]
275. product(e_3,e_2,e_1) | product(e_3,e_2,e_2) | ~group_element(e_3) | ~group_element(e_2) | product(e_3,e_3,e_3) <- (10) [resolution 173,41]
276. ~product(X0,e_3,e_2) | equalish(X0,e_3) <- (10) [resolution 173,29]
277. ~product(e_3,X0,e_2) | equalish(X0,e_3) <- (10) [resolution 173,28]
278. ~product(e_3,e_3,X0) | equalish(X0,e_2) <- (10) [resolution 173,27]
332. 23 <=> product(e_3,e_1,e_3) [avatar definition]
333. ~product(e_3,e_1,e_3) <- (~23) [avatar component clause 332]
334. product(e_3,e_1,e_3) <- (23) [avatar component clause 332]
379. 28 <=> product(e_3,e_2,e_2) [avatar definition]
380. ~product(e_3,e_2,e_2) <- (~28) [avatar component clause 379]
381. product(e_3,e_2,e_2) <- (28) [avatar component clause 379]
383. 29 <=> product(e_3,e_2,e_1) [avatar definition]
384. ~product(e_3,e_2,e_1) <- (~29) [avatar component clause 383]
385. product(e_3,e_2,e_1) <- (29) [avatar component clause 383]
392. ~product(X1,e_1,e_1) | ~cycle(X0,e_0) | ~greater(e_3,X0) | ~greater(e_2,X0) | ~group_element(X0) | equalish(X1,X0) [resolution 146,29]
408. 30 <=> product(e_2,e_3,e_1) [avatar definition]
409. ~product(e_2,e_3,e_1) <- (~30) [avatar component clause 408]
410. product(e_2,e_3,e_1) <- (30) [avatar component clause 408]
412. 31 <=> product(e_2,e_1,e_1) [avatar definition]
413. ~product(e_2,e_1,e_1) <- (~31) [avatar component clause 412]
414. product(e_2,e_1,e_1) <- (31) [avatar component clause 412]
416. 32 <=> product(e_2,e_1,e_2) [avatar definition]
417. ~product(e_2,e_1,e_2) <- (~32) [avatar component clause 416]
418. product(e_2,e_1,e_2) <- (32) [avatar component clause 416]
420. 33 <=> product(e_2,e_3,e_2) [avatar definition]
421. ~product(e_2,e_3,e_2) <- (~33) [avatar component clause 420]
422. product(e_2,e_3,e_2) <- (33) [avatar component clause 420]
426. 34 <=> cycle(e_2,e_0) [avatar definition]
427. cycle(e_2,e_0) <- (34) [avatar component clause 426]
428. ~cycle(e_2,e_0) <- (~34) [avatar component clause 426]
430. 35 <=> product(e_2,e_2,e_2) [avatar definition]
431. ~product(e_2,e_2,e_2) <- (~35) [avatar component clause 430]
432. product(e_2,e_2,e_2) <- (35) [avatar component clause 430]
442. 36 <=> ! [X0] : (~group_element(X0) | equalish(e_3,X0) | product(X0,e_1,e_1) | ~greater(e_3,X0) | ~cycle(X0,e_0)) [avatar definition]
443. product(X0,e_1,e_1) | equalish(e_3,X0) | ~group_element(X0) | ~greater(e_3,X0) | ~cycle(X0,e_0) <- (36) [avatar component clause 442]
472. ~group_element(e_2) | cycle(e_2,e_1) | cycle(e_2,e_2) <- (~34) [resolution 428,11]
473. cycle(e_2,e_1) | cycle(e_2,e_2) <- (~34) [forward subsumption resolution 472,18]
475. 39 <=> cycle(e_2,e_2) [avatar definition]
477. cycle(e_2,e_2) <- (39) [avatar component clause 475]
479. 40 <=> cycle(e_2,e_1) [avatar definition]
481. cycle(e_2,e_1) <- (40) [avatar component clause 479]
482. 39 | 40 | 34 [avatar split clause 473,426,479,475]
517. ~product(e_3,X0,e_3) | equalish(X0,e_1) <- (23) [resolution 334,28]
683. ~cycle(e_2,X0) | ~greater(X0,e_0) | ~next(e_2,X1) | equalish(e_1,X1) <- (31) [resolution 414,16]
695. 43 <=> ! [X1] : (~next(e_2,X1) | equalish(e_1,X1)) [avatar definition]
696. ~next(e_2,X1) | equalish(e_1,X1) <- (43) [avatar component clause 695]
698. 44 <=> ! [X0] : (~cycle(e_2,X0) | ~greater(X0,e_0)) [avatar definition]
699. ~cycle(e_2,X0) | ~greater(X0,e_0) <- (44) [avatar component clause 698]
700. 43 | 44 | ~31 [avatar split clause 683,412,698,695]
705. 45 <=> ! [X1] : (~next(e_2,X1) | equalish(e_2,X1)) [avatar definition]
706. ~next(e_2,X1) | equalish(e_2,X1) <- (45) [avatar component clause 705]
724. ~next(e_2,e_3) | ~greater(e_2,e_0) | ~next(e_0,X0) | equalish(e_2,X0) <- (39) [resolution 477,46]
731. ~greater(e_2,e_0) | ~next(e_0,X0) | equalish(e_2,X0) <- (39) [forward subsumption resolution 724,3]
734. 46 <=> ! [X1] : (~next(e_0,X1) | equalish(e_2,X1)) [avatar definition]
735. ~next(e_0,X1) | equalish(e_2,X1) <- (46) [avatar component clause 734]
740. ~next(e_0,X0) | equalish(e_2,X0) <- (39) [forward subsumption resolution 731,5]
742. 46 | ~39 [avatar split clause 740,475,734]
805. 50 <=> product(e_1,e_1,e_1) [avatar definition]
806. ~product(e_1,e_1,e_1) <- (~50) [avatar component clause 805]
807. product(e_1,e_1,e_1) <- (50) [avatar component clause 805]
809. 51 <=> product(e_1,e_1,e_2) [avatar definition]
810. ~product(e_1,e_1,e_2) <- (~51) [avatar component clause 809]
811. product(e_1,e_1,e_2) <- (51) [avatar component clause 809]
971. product(e_1,e_2,e_1) | product(e_1,e_2,e_2) | ~group_element(e_1) | ~group_element(e_2) | product(e_3,e_3,e_1) <- (18) [resolution 246,41]
1123. equalish(e_1,e_3) <- (43) [resolution 696,3]
1124. $false <- (43) [forward subsumption resolution 1123,21]
1125. ~43 [avatar contradiction clause 1124]
1295. equalish(e_3,e_1) <- (7, 23) [resolution 517,125]
1300. $false <- (7, 23) [forward subsumption resolution 1295,24]
1301. ~7 | ~23 [avatar contradiction clause 1300]
1303. product(e_3,e_2,e_1) | product(e_3,e_2,e_2) | ~group_element(e_2) | product(e_3,e_3,e_3) <- (10) [forward subsumption resolution 275,19]
1304. product(e_3,e_2,e_1) | product(e_3,e_2,e_2) | product(e_3,e_3,e_3) <- (10) [forward subsumption resolution 1303,18]
1305. product(e_3,e_2,e_1) | product(e_3,e_2,e_2) <- (~7, 10) [forward subsumption resolution 1304,124]
1306. 28 | 29 | 7 | ~10 [avatar split clause 1305,171,123,383,379]
1411. product(e_1,e_2,e_1) | product(e_1,e_2,e_2) | ~group_element(e_2) | product(e_3,e_3,e_1) <- (18) [forward subsumption resolution 971,17]
1412. product(e_1,e_2,e_1) | product(e_1,e_2,e_2) | product(e_3,e_3,e_1) <- (18) [forward subsumption resolution 1411,18]
1413. product(e_1,e_2,e_1) | product(e_1,e_2,e_2) <- (~9, 18) [forward subsumption resolution 1412,168]
1415. 61 <=> product(e_1,e_2,e_2) [avatar definition]
1417. product(e_1,e_2,e_2) <- (61) [avatar component clause 1415]
1419. 62 <=> product(e_1,e_2,e_1) [avatar definition]
1421. product(e_1,e_2,e_1) <- (62) [avatar component clause 1419]
1422. 61 | 62 | 9 | ~18 [avatar split clause 1413,244,167,1419,1415]
1812. ~product(e_1,X0,e_2) | product(e_1,X0,e_1) <- (62) [resolution 1421,30]
1814. product(e_1,e_1,e_1) | product(e_1,e_1,e_2) | ~group_element(e_1) | ~group_element(e_1) | product(e_3,e_2,e_1) <- (62) [resolution 1421,41]
1819. product(e_1,e_1,e_1) | product(e_1,e_1,e_2) | ~group_element(e_1) | product(e_3,e_2,e_1) <- (62) [duplicate literal removal 1814]
1820. product(e_1,e_1,e_1) | product(e_1,e_1,e_2) | product(e_3,e_2,e_1) <- (62) [forward subsumption resolution 1819,17]
1821. product(e_1,e_1,e_1) | product(e_3,e_2,e_1) <- (62) [forward subsumption resolution 1820,1812]
1822. 29 | 50 | ~62 [avatar split clause 1821,1419,805,383]
1903. product(e_3,e_1,e_1) | product(e_3,e_1,e_2) | ~group_element(e_3) | ~group_element(e_1) | product(e_3,e_2,e_3) <- (29) [resolution 385,41]
2006. 65 <=> product(e_2,e_2,e_1) [avatar definition]
2007. ~product(e_2,e_2,e_1) <- (~65) [avatar component clause 2006]
2008. product(e_2,e_2,e_1) <- (65) [avatar component clause 2006]
2117. 67 <=> product(e_2,e_1,e_3) [avatar definition]
2118. ~product(e_2,e_1,e_3) <- (~67) [avatar component clause 2117]
2119. product(e_2,e_1,e_3) <- (67) [avatar component clause 2117]
2486. ~group_element(e_1) | product(e_2,e_1,e_1) | product(e_2,e_1,e_2) | ~group_element(e_2) <- (~67) [resolution 2118,26]
2524. product(e_3,e_1,e_1) | ~group_element(e_3) | ~group_element(e_1) | product(e_3,e_2,e_3) <- (~13, 29) [forward subsumption resolution 1903,204]
2533. product(e_3,e_1,e_1) | ~group_element(e_1) | product(e_3,e_2,e_3) <- (~13, 29) [forward subsumption resolution 2524,19]
2551. 73 <=> product(e_2,e_2,e_3) [avatar definition]
2552. ~product(e_2,e_2,e_3) <- (~73) [avatar component clause 2551]
2553. product(e_2,e_2,e_3) <- (73) [avatar component clause 2551]
2558. product(e_3,e_1,e_1) | product(e_3,e_2,e_3) <- (~13, 29) [forward subsumption resolution 2533,17]
2560. 74 <=> product(e_3,e_2,e_3) [avatar definition]
2561. ~product(e_3,e_2,e_3) <- (~74) [avatar component clause 2560]
2562. product(e_3,e_2,e_3) <- (74) [avatar component clause 2560]
2563. 74 | 14 | 13 | ~29 [avatar split clause 2558,383,203,207,2560]
2564. ~group_element(e_1) | product(e_3,e_1,e_1) | product(e_3,e_1,e_2) | ~group_element(e_3) <- (~23) [resolution 333,26]
2565. product(e_3,e_1,e_1) | product(e_3,e_1,e_2) | ~group_element(e_3) <- (~23) [forward subsumption resolution 2564,17]
2566. product(e_3,e_1,e_1) | ~group_element(e_3) <- (~13, ~23) [forward subsumption resolution 2565,204]
2567. product(e_3,e_1,e_1) <- (~13, ~23) [forward subsumption resolution 2566,19]
2568. 14 | 13 | 23 [avatar split clause 2567,332,203,207]
2777. ~product(e_3,X0,e_1) | equalish(X0,e_1) <- (14) [resolution 209,28]
3454. equalish(e_1,e_3) <- (10, 18) [resolution 276,246]
3470. $false <- (10, 18) [forward subsumption resolution 3454,21]
3471. ~10 | ~18 [avatar contradiction clause 3470]
3776. 84 <=> ! [X0] : (~cycle(e_1,X0) | ~greater(X0,e_0)) [avatar definition]
3777. ~cycle(e_1,X0) | ~greater(X0,e_0) <- (84) [avatar component clause 3776]
3986. 85 <=> cycle(e_1,e_2) [avatar definition]
3987. ~cycle(e_1,e_2) <- (~85) [avatar component clause 3986]
3988. cycle(e_1,e_2) <- (85) [avatar component clause 3986]
3990. 86 <=> cycle(e_1,e_1) [avatar definition]
3991. ~cycle(e_1,e_1) <- (~86) [avatar component clause 3990]
3992. cycle(e_1,e_1) <- (86) [avatar component clause 3990]
4202. equalish(e_2,e_3) <- (10, 33) [resolution 422,276]
4233. $false <- (10, 33) [forward subsumption resolution 4202,23]
4234. ~10 | ~33 [avatar contradiction clause 4233]
4455. ~greater(e_1,e_0) <- (84, 86) [resolution 3777,3992]
4456. $false <- (84, 86) [forward subsumption resolution 4455,4]
4457. ~84 | ~86 [avatar contradiction clause 4456]
4462. 91 <=> ! [X0] : (~next(e_1,X0) | equalish(e_3,X0)) [avatar definition]
4463. ~next(e_1,X0) | equalish(e_3,X0) <- (91) [avatar component clause 4462]
4940. equalish(e_3,e_2) <- (91) [resolution 4463,2]
4941. $false <- (91) [forward subsumption resolution 4940,25]
4942. ~91 [avatar contradiction clause 4941]
5104. product(e_1,e_1,e_2) | ~group_element(e_1) | product(e_1,e_1,e_1) | ~greater(e_2,e_0) | ~next(e_1,X0) | equalish(e_3,X0) <- (85) [resolution 3988,45]
5630. equalish(e_2,e_3) <- (10, 28) [resolution 277,381]
5663. $false <- (10, 28) [forward subsumption resolution 5630,23]
5664. ~10 | ~28 [avatar contradiction clause 5663]
5964. equalish(e_1,e_2) <- (9, 10) [resolution 278,169]
6018. $false <- (9, 10) [forward subsumption resolution 5964,20]
6019. ~9 | ~10 [avatar contradiction clause 6018]
6854. equalish(e_2,e_1) <- (14, 29) [resolution 2777,385]
6863. $false <- (14, 29) [forward subsumption resolution 6854,22]
6864. ~14 | ~29 [avatar contradiction clause 6863]
7199. equalish(e_3,e_1) <- (9, 14) [resolution 169,2777]
7211. ~product(X0,e_3,e_1) | equalish(X0,e_3) <- (9) [resolution 169,29]
7236. $false <- (9, 14) [forward subsumption resolution 7199,24]
7237. ~9 | ~14 [avatar contradiction clause 7236]
7448. ~cycle(e_1,X0) | ~greater(X0,e_0) | ~next(e_1,X1) | equalish(e_1,X1) <- (50) [resolution 807,16]
7484. 103 <=> ! [X1] : (~next(e_1,X1) | equalish(e_1,X1)) [avatar definition]
7485. ~next(e_1,X1) | equalish(e_1,X1) <- (103) [avatar component clause 7484]
7486. 103 | 84 | ~50 [avatar split clause 7448,805,3776,7484]
7540. 104 <=> ! [X0] : (~cycle(X0,e_0) | equalish(e_3,X0) | ~group_element(X0) | ~greater(e_2,X0) | ~greater(e_3,X0)) [avatar definition]
7541. ~cycle(X0,e_0) | equalish(e_3,X0) | ~group_element(X0) | ~greater(e_2,X0) | ~greater(e_3,X0) <- (104) [avatar component clause 7540]
7569. ~group_element(X0) | ~cycle(X0,e_0) | ~greater(e_3,X0) | product(X0,e_1,e_1) | equalish(e_3,X0) <- (13) [resolution 205,141]
7614. 36 | ~13 [avatar split clause 7569,203,442]
7619. ~group_element(e_1) | product(e_1,e_1,e_1) | ~greater(e_2,e_0) | ~next(e_1,X0) | equalish(e_3,X0) <- (~51, 85) [forward subsumption resolution 5104,810]
7622. 106 <=> cycle(e_1,e_0) [avatar definition]
7623. cycle(e_1,e_0) <- (106) [avatar component clause 7622]
7624. ~cycle(e_1,e_0) <- (~106) [avatar component clause 7622]
7637. product(e_1,e_1,e_1) | ~greater(e_2,e_0) | ~next(e_1,X0) | equalish(e_3,X0) <- (~51, 85) [forward subsumption resolution 7619,17]
7653. ~greater(e_2,e_0) | ~next(e_1,X0) | equalish(e_3,X0) <- (~50, ~51, 85) [forward subsumption resolution 7637,806]
7662. ~next(e_1,X0) | equalish(e_3,X0) <- (~50, ~51, 85) [forward subsumption resolution 7653,5]
7669. 91 | 50 | 51 | ~85 [avatar split clause 7662,3986,809,805,4462]
7687. ~product(X0,X1,e_1) | ~group_element(X0) | ~greater(e_3,X0) | ~cycle(X0,e_0) | equalish(e_3,X0) | equalish(X1,e_1) <- (36) [resolution 443,28]
7729. ~group_element(e_1) | cycle(e_1,e_1) | cycle(e_1,e_2) <- (~106) [resolution 7624,11]
7730. cycle(e_1,e_1) | cycle(e_1,e_2) <- (~106) [forward subsumption resolution 7729,17]
7731. cycle(e_1,e_2) <- (~86, ~106) [forward subsumption resolution 7730,3991]
7732. $false <- (~85, ~86, ~106) [forward subsumption resolution 7731,3987]
7733. 85 | 86 | 106 [avatar contradiction clause 7732]
7746. product(e_1,e_1,e_2) | ~group_element(e_1) | product(e_1,e_1,e_1) | ~greater(e_1,e_0) | ~next(e_1,X0) | equalish(e_3,X0) <- (86) [resolution 3992,45]
7758. ~group_element(e_1) | product(e_1,e_1,e_1) | ~greater(e_1,e_0) | ~next(e_1,X0) | equalish(e_3,X0) <- (~51, 86) [forward subsumption resolution 7746,810]
7759. product(e_1,e_1,e_1) | ~greater(e_1,e_0) | ~next(e_1,X0) | equalish(e_3,X0) <- (~51, 86) [forward subsumption resolution 7758,17]
7760. ~greater(e_1,e_0) | ~next(e_1,X0) | equalish(e_3,X0) <- (~50, ~51, 86) [forward subsumption resolution 7759,806]
7761. ~next(e_1,X0) | equalish(e_3,X0) <- (~50, ~51, 86) [forward subsumption resolution 7760,4]
7762. 91 | 50 | 51 | ~86 [avatar split clause 7761,3990,809,805,4462]
8201. equalish(e_1,e_2) <- (103) [resolution 7485,2]
8202. $false <- (103) [forward subsumption resolution 8201,20]
8203. ~103 [avatar contradiction clause 8202]
8220. ~group_element(e_2) | product(e_2,e_3,e_1) | product(e_2,e_3,e_2) | equalish(e_1,e_3) <- (13) [resolution 110,205]
8337. ~greater(e_2,e_0) <- (84, 85) [resolution 3777,3988]
8338. $false <- (84, 85) [forward subsumption resolution 8337,5]
8339. ~84 | ~85 [avatar contradiction clause 8338]
8474. ~group_element(e_2) | product(e_2,e_3,e_1) | product(e_3,e_3,e_2) | equalish(e_2,e_3) <- (35) [resolution 115,432]
8636. ~group_element(e_2) | product(e_2,e_3,e_1) | product(e_3,e_3,e_2) | product(e_2,e_2,e_2) <- (73) [resolution 117,2553]
8708. product(e_2,e_3,e_1) | ~group_element(e_2) | product(e_2,e_2,e_1) | product(e_2,e_2,e_2) <- (~10) [resolution 120,172]
8951. product(e_3,e_3,e_2) | product(e_3,e_3,e_1) | product(e_3,e_3,e_1) | ~group_element(e_3) <- (8) [factoring 128]
8952. product(e_3,e_3,e_2) | product(e_3,e_3,e_1) | ~group_element(e_3) <- (8) [duplicate literal removal 8951]
9120. ~group_element(e_2) | ~greater(e_3,e_2) | ~cycle(e_2,e_0) | equalish(e_3,e_2) | equalish(e_2,e_1) <- (36, 65) [resolution 7687,2008]
9122. ~group_element(e_2) | ~greater(e_3,e_2) | ~cycle(e_2,e_0) | equalish(e_3,e_2) | equalish(e_3,e_1) <- (30, 36) [resolution 7687,410]
9155. ~greater(e_3,e_2) | ~cycle(e_2,e_0) | equalish(e_3,e_2) | equalish(e_3,e_1) <- (30, 36) [forward subsumption resolution 9122,18]
9156. ~greater(e_3,e_2) | ~cycle(e_2,e_0) | equalish(e_3,e_2) | equalish(e_2,e_1) <- (36, 65) [forward subsumption resolution 9120,18]
9158. ~cycle(e_2,e_0) | equalish(e_3,e_2) | equalish(e_3,e_1) <- (30, 36) [forward subsumption resolution 9155,9]
9159. ~cycle(e_2,e_0) | equalish(e_3,e_2) | equalish(e_2,e_1) <- (36, 65) [forward subsumption resolution 9156,9]
9161. equalish(e_3,e_2) | equalish(e_3,e_1) <- (30, 34, 36) [forward subsumption resolution 9158,427]
9162. equalish(e_3,e_2) | equalish(e_2,e_1) <- (34, 36, 65) [forward subsumption resolution 9159,427]
9164. equalish(e_3,e_1) <- (30, 34, 36) [forward subsumption resolution 9161,25]
9165. equalish(e_2,e_1) <- (34, 36, 65) [forward subsumption resolution 9162,25]
9167. $false <- (30, 34, 36) [forward subsumption resolution 9164,24]
9168. ~30 | ~34 | ~36 [avatar contradiction clause 9167]
9169. $false <- (34, 36, 65) [forward subsumption resolution 9165,22]
9170. ~34 | ~36 | ~65 [avatar contradiction clause 9169]
9226. product(e_2,e_3,e_1) | product(e_3,e_3,e_2) | equalish(e_2,e_3) <- (35) [forward subsumption resolution 8474,18]
9240. product(e_3,e_3,e_2) | equalish(e_2,e_3) <- (9, 35) [forward subsumption resolution 9226,7211]
9245. equalish(e_2,e_3) <- (9, ~10, 35) [forward subsumption resolution 9240,172]
9250. $false <- (9, ~10, 35) [forward subsumption resolution 9245,23]
9251. ~9 | 10 | ~35 [avatar contradiction clause 9250]
9323. product(e_2,e_3,e_1) | product(e_3,e_3,e_2) | product(e_2,e_2,e_2) <- (73) [forward subsumption resolution 8636,18]
9332. ~group_element(e_2) | product(e_2,e_2,e_1) | product(e_2,e_2,e_2) <- (~10, ~30) [forward subsumption resolution 8708,409]
9392. product(e_3,e_3,e_2) | product(e_2,e_2,e_2) <- (~30, 73) [forward subsumption resolution 9323,409]
9401. product(e_2,e_2,e_1) | product(e_2,e_2,e_2) <- (~10, ~30) [forward subsumption resolution 9332,18]
9461. product(e_2,e_2,e_2) <- (~10, ~30, 73) [forward subsumption resolution 9392,172]
9470. product(e_2,e_2,e_2) <- (~10, ~30, ~65) [forward subsumption resolution 9401,2007]
9524. $false <- (~10, ~30, ~35, ~65) [forward subsumption resolution 9470,431]
9525. 10 | 30 | 35 | 65 [avatar contradiction clause 9524]
9592. ~greater(e_1,e_0) <- (40, 44) [resolution 481,699]
9609. $false <- (40, 44) [forward subsumption resolution 9592,4]
9610. ~40 | ~44 [avatar contradiction clause 9609]
9800. product(e_2,e_1,e_1) | product(e_2,e_1,e_2) | ~group_element(e_2) <- (~67) [forward subsumption resolution 2486,17]
9805. product(e_2,e_1,e_2) | ~group_element(e_2) <- (~31, ~67) [forward subsumption resolution 9800,413]
9810. product(e_2,e_1,e_2) <- (~31, ~67) [forward subsumption resolution 9805,18]
9811. 32 | 31 | 67 [avatar split clause 9810,2117,412,416]
10464. ~cycle(e_2,X0) | ~greater(X0,e_0) | ~next(e_2,X1) | equalish(e_2,X1) <- (32) [resolution 418,16]
10520. 45 | 44 | ~32 [avatar split clause 10464,416,698,705]
11281. equalish(e_2,e_3) <- (45) [resolution 706,3]
11282. $false <- (45) [forward subsumption resolution 11281,23]
11283. ~45 [avatar contradiction clause 11282]
11367. product(e_2,e_3,e_1) | product(e_2,e_3,e_2) | equalish(e_1,e_3) <- (13) [forward subsumption resolution 8220,18]
11465. product(e_2,e_3,e_2) | equalish(e_1,e_3) <- (13, ~30) [forward subsumption resolution 11367,409]
11550. equalish(e_1,e_3) <- (13, ~30, ~33) [forward subsumption resolution 11465,421]
11622. $false <- (13, ~30, ~33) [forward subsumption resolution 11550,21]
11623. ~13 | 30 | 33 [avatar contradiction clause 11622]
11641. 121 <=> ! [X0] : (equalish(e_2,X0) | product(e_3,X0,e_2) | product(e_3,X0,e_1) | ~group_element(X0)) [avatar definition]
11642. product(e_3,X0,e_2) | equalish(e_2,X0) | product(e_3,X0,e_1) | ~group_element(X0) <- (121) [avatar component clause 11641]
11684. ~group_element(e_2) | product(e_2,e_3,e_1) | product(e_3,e_3,e_2) | product(e_2,e_1,e_2) <- (67) [resolution 2119,117]
11691. ~product(e_2,X0,e_1) | product(e_3,X0,e_2) <- (67) [resolution 2119,30]
11713. ~group_element(e_2) | product(e_3,e_3,e_2) | product(e_2,e_1,e_2) <- (67) [forward subsumption resolution 11684,11691]
11719. product(e_3,e_3,e_2) | product(e_2,e_1,e_2) <- (67) [forward subsumption resolution 11713,18]
11725. product(e_2,e_1,e_2) <- (~10, 67) [forward subsumption resolution 11719,172]
11731. $false <- (~10, ~32, 67) [forward subsumption resolution 11725,417]
11732. 10 | 32 | ~67 [avatar contradiction clause 11731]
11933. ~product(e_3,e_3,X0) | equalish(X0,e_3) <- (7) [resolution 125,27]
12094. ~product(e_1,X0,e_2) | equalish(X0,e_1) <- (51) [resolution 811,28]
12249. ~cycle(X0,e_0) | ~greater(e_3,X0) | ~greater(e_2,X0) | ~group_element(X0) | equalish(e_3,X0) <- (14) [resolution 209,392]
12283. 104 | ~14 [avatar split clause 12249,207,7540]
12366. ~product(X0,e_3,e_1) | equalish(X0,e_1) <- (17) [resolution 242,29]
12740. equalish(e_2,e_1) | product(e_3,e_1,e_1) | ~group_element(e_1) <- (~13, 121) [resolution 11642,204]
13517. ~group_element(e_2) | product(e_3,e_2,e_1) | product(e_3,e_2,e_2) | ~group_element(e_3) <- (~74) [resolution 2561,26]
13522. product(e_3,e_2,e_1) | product(e_3,e_2,e_2) | ~group_element(e_3) <- (~74) [forward subsumption resolution 13517,18]
13523. product(e_3,e_2,e_2) | ~group_element(e_3) <- (~29, ~74) [forward subsumption resolution 13522,384]
13524. ~group_element(e_3) <- (~28, ~29, ~74) [forward subsumption resolution 13523,380]
13525. $false <- (~28, ~29, ~74) [forward subsumption resolution 13524,19]
13526. 28 | 29 | 74 [avatar contradiction clause 13525]
13776. product(e_3,X0,e_1) | product(e_3,X0,e_2) | ~group_element(e_3) | ~group_element(X0) | equalish(e_2,X0) <- (74) [resolution 2562,39]
13878. equalish(e_2,e_1) <- (46) [resolution 735,1]
13879. $false <- (46) [forward subsumption resolution 13878,22]
13880. ~46 [avatar contradiction clause 13879]
15183. equalish(e_2,e_3) <- (7, 10) [resolution 11933,173]
15202. equalish(e_2,e_3) | equalish(e_2,e_3) | product(e_3,e_3,e_1) | ~group_element(e_3) <- (7, 121) [resolution 11933,11642]
15243. equalish(e_2,e_3) | product(e_3,e_3,e_1) | ~group_element(e_3) <- (7, 121) [duplicate literal removal 15202]
15251. product(e_3,e_3,e_1) | ~group_element(e_3) <- (7, 121) [forward subsumption resolution 15243,23]
15255. $false <- (7, 10) [forward subsumption resolution 15183,23]
15256. ~7 | ~10 [avatar contradiction clause 15255]
15259. ~group_element(e_3) <- (7, ~9, 121) [forward subsumption resolution 15251,168]
15262. $false <- (7, ~9, 121) [forward subsumption resolution 15259,19]
15263. ~7 | 9 | ~121 [avatar contradiction clause 15262]
15330. product(e_3,e_1,e_1) | ~group_element(e_1) <- (~13, 121) [forward subsumption resolution 12740,22]
15426. ~group_element(e_1) <- (~13, ~14, 121) [forward subsumption resolution 15330,208]
15504. $false <- (~13, ~14, 121) [forward subsumption resolution 15426,17]
15505. 13 | 14 | ~121 [avatar contradiction clause 15504]
15610. product(e_3,X0,e_1) | product(e_3,X0,e_2) | ~group_element(X0) | equalish(e_2,X0) <- (74) [forward subsumption resolution 13776,19]
15627. 121 | ~74 [avatar split clause 15610,2560,11641]
15664. product(e_3,e_3,e_1) | ~group_element(e_3) <- (8, ~10) [forward subsumption resolution 8952,172]
15701. ~group_element(e_3) <- (8, ~9, ~10) [forward subsumption resolution 15664,168]
15725. $false <- (8, ~9, ~10) [forward subsumption resolution 15701,19]
15726. ~8 | 9 | 10 [avatar contradiction clause 15725]
16301. product(e_3,e_3,e_2) | ~group_element(e_3) | ~group_element(e_2) | product(e_3,e_2,e_1) | product(e_3,e_3,e_1) | product(e_3,e_2,e_3) | product(e_2,e_2,e_3) <- (28) [resolution 381,69]
16315. ~group_element(e_3) | ~group_element(e_2) | product(e_3,e_2,e_1) | product(e_3,e_3,e_1) | product(e_3,e_2,e_3) | product(e_2,e_2,e_3) <- (~10, 28) [forward subsumption resolution 16301,172]
16324. ~group_element(e_2) | product(e_3,e_2,e_1) | product(e_3,e_3,e_1) | product(e_3,e_2,e_3) | product(e_2,e_2,e_3) <- (~10, 28) [forward subsumption resolution 16315,19]
16329. product(e_3,e_2,e_1) | product(e_3,e_3,e_1) | product(e_3,e_2,e_3) | product(e_2,e_2,e_3) <- (~10, 28) [forward subsumption resolution 16324,18]
16332. product(e_3,e_3,e_1) | product(e_3,e_2,e_3) | product(e_2,e_2,e_3) <- (~10, 28, ~29) [forward subsumption resolution 16329,384]
16334. product(e_3,e_2,e_3) | product(e_2,e_2,e_3) <- (~9, ~10, 28, ~29) [forward subsumption resolution 16332,168]
16335. product(e_2,e_2,e_3) <- (~9, ~10, 28, ~29, ~74) [forward subsumption resolution 16334,2561]
16336. $false <- (~9, ~10, 28, ~29, ~73, ~74) [forward subsumption resolution 16335,2552]
16337. 9 | 10 | ~28 | 29 | 73 | 74 [avatar contradiction clause 16336]
18309. equalish(e_2,e_1) <- (51, 61) [resolution 12094,1417]
18335. $false <- (51, 61) [forward subsumption resolution 18309,22]
18336. ~51 | ~61 [avatar contradiction clause 18335]
19657. equalish(e_2,e_1) <- (17, 30) [resolution 12366,410]
19680. $false <- (17, 30) [forward subsumption resolution 19657,22]
19681. ~17 | ~30 [avatar contradiction clause 19680]
19685. 35 | 10 | 30 | ~73 [avatar split clause 9461,2551,408,171,430]
19983. ~group_element(e_2) | product(e_2,e_3,e_1) | product(e_3,e_3,e_2) | equalish(e_2,e_3) <- (35) [resolution 432,115]
20045. product(e_2,e_3,e_1) | product(e_3,e_3,e_2) | equalish(e_2,e_3) <- (35) [forward subsumption resolution 19983,18]
20047. product(e_3,e_3,e_2) | equalish(e_2,e_3) <- (~30, 35) [forward subsumption resolution 20045,409]
20049. equalish(e_2,e_3) <- (~10, ~30, 35) [forward subsumption resolution 20047,172]
20051. $false <- (~10, ~30, 35) [forward subsumption resolution 20049,23]
20052. 10 | 30 | ~35 [avatar contradiction clause 20051]
20116. equalish(e_3,e_1) | ~group_element(e_1) | ~greater(e_2,e_1) | ~greater(e_3,e_1) <- (104, 106) [resolution 7623,7541]
20131. ~group_element(e_1) | ~greater(e_2,e_1) | ~greater(e_3,e_1) <- (104, 106) [forward subsumption resolution 20116,24]
20132. ~greater(e_2,e_1) | ~greater(e_3,e_1) <- (104, 106) [forward subsumption resolution 20131,17]
20133. ~greater(e_3,e_1) <- (104, 106) [forward subsumption resolution 20132,7]
20134. $false <- (104, 106) [forward subsumption resolution 20133,8]
20135. ~104 | ~106 [avatar contradiction clause 20134]
s4. 7 | 8 [sat_conversion 129]
s8. ~9 | 7 | 13 | 14 [sat_conversion 210]
s11. 9 | 17 | 18 [sat_conversion 248]
s26. 34 | 39 | 40 [sat_conversion 482]
s29. ~31 | 43 | 44 [sat_conversion 700]
s32. ~39 | 46 [sat_conversion 742]
s47. ~43 [sat_conversion 1125]
s50. ~23 | ~7 [sat_conversion 1301]
s51. ~10 | 7 | 28 | 29 [sat_conversion 1306]
s53. ~18 | 9 | 61 | 62 [sat_conversion 1422]
s55. ~62 | 29 | 50 [sat_conversion 1822]
s71. ~29 | 13 | 14 | 74 [sat_conversion 2563]
s72. 13 | 14 | 23 [sat_conversion 2568]
s73. ~18 | ~10 [sat_conversion 3471]
s88. ~33 | ~10 [sat_conversion 4234]
s91. ~86 | ~84 [sat_conversion 4457]
s96. ~91 [sat_conversion 4942]
s99. ~28 | ~10 [sat_conversion 5664]
s100. ~10 | ~9 [sat_conversion 6019]
s109. ~29 | ~14 [sat_conversion 6864]
s126. ~14 | ~9 [sat_conversion 7237]
s127. ~50 | 84 | 103 [sat_conversion 7486]
s133. ~13 | 36 [sat_conversion 7614]
s142. ~85 | 50 | 51 | 91 [sat_conversion 7669]
s146. 85 | 86 | 106 [sat_conversion 7733]
s147. ~86 | 50 | 51 | 91 [sat_conversion 7762]
s149. ~103 [sat_conversion 8203]
s150. ~85 | ~84 [sat_conversion 8339]
s153. ~36 | ~34 | ~30 [sat_conversion 9168]
s154. ~65 | ~36 | ~34 [sat_conversion 9170]
s156. ~35 | ~9 | 10 [sat_conversion 9251]
s158. 10 | 30 | 35 | 65 [sat_conversion 9525]
s159. ~44 | ~40 [sat_conversion 9610]
s161. 31 | 32 | 67 [sat_conversion 9811]
s166. ~32 | 44 | 45 [sat_conversion 10520]
s169. ~45 [sat_conversion 11283]
s180. ~13 | 30 | 33 [sat_conversion 11623]
s188. ~67 | 10 | 32 [sat_conversion 11732]
s217. ~14 | 104 [sat_conversion 12283]
s222. 28 | 29 | 74 [sat_conversion 13526]
s223. ~46 [sat_conversion 13880]
s225. ~10 | ~7 [sat_conversion 15256]
s226. ~121 | ~7 | 9 [sat_conversion 15263]
s231. ~121 | 13 | 14 [sat_conversion 15505]
s244. ~74 | 121 [sat_conversion 15627]
s249. ~8 | 9 | 10 [sat_conversion 15726]
s253. ~28 | 9 | 10 | 29 | 73 | 74 [sat_conversion 16337]
s260. ~61 | ~51 [sat_conversion 18336]
s275. ~30 | ~17 [sat_conversion 19681]
s276. ~73 | 10 | 30 | 35 [sat_conversion 19685]
s278. ~35 | 10 | 30 [sat_conversion 20052]
s279. ~106 | ~104 [sat_conversion 20135]
s280. ~32 | 44 [rat s166,s169]
s285. ~50 | 84 [rat s127,s149]
s289. ~39 [rat s32,s223]
s291. ~31 | 44 [rat s29,s47]
s292. 34 | 40 [rat s26,s289]
s293. 9 | 7 [rat s244,s71,s231,s180,s275,s109,s11,s51,s73,s88,s99,s249,s4]
s294. 44 | 10 [rat s161,s188,s291,s280]
s295. 7 [rat s158,s154,s153,s292,s159,s294,s133,s156,s8,s100,s126,s293]
s296. ~10 [rat s225,s295]
s297. ~23 [rat s50,s295]
s299. 44 [rat s294,s296]
s301. ~40 [rat s159,s299]
s302. 34 [rat s292,s301]
s304. ~9 [rat s158,s154,s153,s133,s72,s156,s126,s296,s302,s297]
s307. ~121 [rat s226,s295,s304]
s308. ~74 [rat s244,s307]
s310. 30 | ~73 [rat s276,s278,s296]
s313. 50 | 106 | 29 | ~18 [rat s146,s142,s147,s260,s53,s55,s96,s304]
s314. 106 | 29 | ~18 [rat s146,s91,s150,s285,s313]
s317. ~36 [rat s158,s278,s154,s153,s296,s302]
s318. ~13 [rat s133,s317]
s319. 14 [rat s72,s297,s318]
s321. 104 [rat s217,s319]
s322. ~29 [rat s109,s319]
s323. ~106 [rat s279,s321]
s326. 28 [rat s222,s308,s322]
s328. 73 [rat s253,s308,s326,s304,s296,s322]
s329. ~18 [rat s314,s322,s323]
s331. 30 [rat s310,s328]
s332. 17 [rat s11,s304,s329]
s333. # [rat s275,s332,s331]
20136. $false [avatar sat refutation s333]
% SZS output end Proof for GRP130-3.003
% ------------------------------
% Version: Vampire 5.0.0 (Release build, commit 2e2c9b7b8 on 2026-01-17 12:24:14 +0100)
% Linked with Z3 4.14.0.0 3c47fd96cf5645d0c42b2c819d9e9a84380aa721 z3-4.8.4-9178-g3c47fd96c
% CaDiCaL version: 2.1.3
% Termination reason: Refutation
% Time elapsed: 1.667 s
% Peak memory usage: 61 MB
% Instructions burned: 5827 (million)
% ------------------------------
% ------------------------------
