% Running in auto input_syntax mode. Trying TPTP
% Refutation found. Thanks to Tanya!
% SZS status Unsatisfiable for GRP111-1_clausified
% SZS output start Proof for GRP111-1_clausified
1. double_divide(inverse(double_divide(inverse(double_divide(X0,inverse(X1))),X2)),double_divide(X0,X2)) = X1 [input(axiom)]
2. inverse(double_divide(a1,inverse(a1))) != inverse(double_divide(b1,inverse(b1))) | a2 != inverse(double_divide(a2,inverse(double_divide(b2,inverse(b2))))) | inverse(double_divide(c3,inverse(double_divide(b3,a3)))) != inverse(double_divide(inverse(double_divide(c3,b3)),a3)) | inverse(double_divide(b4,a4)) != inverse(double_divide(a4,b4)) [input(negated conjecture)]
4. 1 <=> inverse(double_divide(b4,a4)) = inverse(double_divide(a4,b4)) [avatar definition]
6. inverse(double_divide(b4,a4)) != inverse(double_divide(a4,b4)) <- (~1) [avatar component clause 4]
8. 2 <=> inverse(double_divide(c3,inverse(double_divide(b3,a3)))) = inverse(double_divide(inverse(double_divide(c3,b3)),a3)) [avatar definition]
10. inverse(double_divide(c3,inverse(double_divide(b3,a3)))) != inverse(double_divide(inverse(double_divide(c3,b3)),a3)) <- (~2) [avatar component clause 8]
12. 3 <=> a2 = inverse(double_divide(a2,inverse(double_divide(b2,inverse(b2))))) [avatar definition]
14. a2 != inverse(double_divide(a2,inverse(double_divide(b2,inverse(b2))))) <- (~3) [avatar component clause 12]
16. 4 <=> inverse(double_divide(a1,inverse(a1))) = inverse(double_divide(b1,inverse(b1))) [avatar definition]
18. inverse(double_divide(a1,inverse(a1))) != inverse(double_divide(b1,inverse(b1))) <- (~4) [avatar component clause 16]
19. ~1 | ~2 | ~3 | ~4 [avatar split clause 2,16,12,8,4]
20. double_divide(inverse(X0),double_divide(inverse(double_divide(X1,inverse(X0))),double_divide(X1,inverse(X2)))) = X2 [superposition 1,1]
21. double_divide(inverse(double_divide(inverse(double_divide(inverse(double_divide(inverse(double_divide(X1,inverse(X0))),X2)),inverse(X3))),double_divide(X1,X2))),X0) = X3 [superposition 1,1]
23. double_divide(inverse(double_divide(inverse(double_divide(inverse(X1),inverse(X2))),double_divide(inverse(double_divide(X3,inverse(X1))),double_divide(X3,inverse(X0))))),X0) = X2 [superposition 1,20]
24. double_divide(inverse(double_divide(inverse(double_divide(inverse(double_divide(inverse(X0),X4)),inverse(X5))),double_divide(inverse(double_divide(inverse(double_divide(inverse(double_divide(inverse(double_divide(X1,inverse(inverse(X2)))),X3)),inverse(X0))),double_divide(X1,X3))),X4))),X2) = X5 [superposition 21,21]
27. double_divide(inverse(double_divide(inverse(X0),double_divide(inverse(double_divide(inverse(double_divide(X1,inverse(inverse(X2)))),X3)),double_divide(X1,X3)))),X0) = X2 [superposition 21,21]
30. double_divide(inverse(double_divide(inverse(double_divide(inverse(double_divide(inverse(double_divide(inverse(double_divide(inverse(double_divide(inverse(double_divide(inverse(double_divide(X1,inverse(X2))),X3)),inverse(X0))),double_divide(X1,X3))),inverse(X4))),X2)),inverse(X5))),X0)),X4) = X5 [superposition 21,21]
31. double_divide(inverse(X1),double_divide(inverse(double_divide(inverse(double_divide(inverse(double_divide(inverse(double_divide(inverse(double_divide(X2,inverse(inverse(X3)))),X4)),inverse(X0))),double_divide(X2,X4))),inverse(X1))),X0)) = X3 [superposition 20,21]
32. double_divide(inverse(X1),double_divide(inverse(X0),double_divide(inverse(double_divide(inverse(double_divide(inverse(double_divide(inverse(double_divide(X2,inverse(inverse(X1)))),X3)),inverse(X0))),double_divide(X2,X3))),inverse(X4)))) = X4 [superposition 20,21]
33. double_divide(inverse(double_divide(inverse(X0),X4)),double_divide(inverse(double_divide(inverse(double_divide(inverse(double_divide(inverse(double_divide(X1,inverse(inverse(X2)))),X3)),inverse(X0))),double_divide(X1,X3))),X4)) = X2 [superposition 1,21]
35. double_divide(inverse(double_divide(inverse(X0),inverse(X2))),X0) = X2 [forward demodulation 27,1]
37. double_divide(inverse(X0),double_divide(inverse(inverse(X1)),inverse(X0))) = X1 [superposition 35,35]
39. double_divide(inverse(X0),double_divide(inverse(X1),X1)) = X0 [superposition 1,35]
65. double_divide(inverse(double_divide(inverse(X0),X0)),inverse(X1)) = X1 [superposition 35,39]
108. double_divide(inverse(X1),double_divide(inverse(double_divide(inverse(double_divide(inverse(X2),X2)),inverse(X1))),X0)) = X0 [superposition 20,65]
123. double_divide(inverse(X1),double_divide(inverse(X1),X0)) = X0 [forward demodulation 108,65]
170. inverse(X0) = double_divide(inverse(double_divide(inverse(X1),X1)),X0) [superposition 123,65]
171. double_divide(X1,X2) = double_divide(inverse(double_divide(inverse(double_divide(X1,inverse(X0))),X2)),X0) [superposition 123,1]
172. double_divide(inverse(double_divide(X2,inverse(X1))),double_divide(X2,inverse(X0))) = double_divide(inverse(X1),X0) [superposition 123,20]
174. double_divide(inverse(X1),X1) = double_divide(inverse(X0),X0) [superposition 123,39]
199. double_divide(inverse(double_divide(inverse(X1),X2)),double_divide(inverse(double_divide(inverse(double_divide(inverse(double_divide(inverse(X0),X6)),inverse(X1))),double_divide(inverse(double_divide(inverse(double_divide(inverse(double_divide(inverse(double_divide(X3,inverse(inverse(inverse(X4))))),X5)),inverse(X0))),double_divide(X3,X5))),X6))),X2)) = X4 [superposition 33,21]
237. double_divide(inverse(double_divide(inverse(double_divide(inverse(double_divide(inverse(double_divide(X3,inverse(inverse(X0)))),X4)),inverse(X1))),double_divide(X3,X4))),X2) = double_divide(inverse(double_divide(inverse(X1),X2)),X0) [superposition 123,33]
260. double_divide(inverse(double_divide(inverse(X1),X2)),double_divide(inverse(double_divide(inverse(double_divide(inverse(double_divide(inverse(X0),X6)),inverse(X1))),double_divide(inverse(double_divide(inverse(X0),X6)),inverse(X4)))),X2)) = X4 [forward demodulation 199,237]
276. double_divide(inverse(double_divide(inverse(X1),X2)),double_divide(inverse(double_divide(inverse(X1),X4)),X2)) = X4 [forward demodulation 260,172]
330. double_divide(inverse(double_divide(inverse(X0),X0)),double_divide(X1,double_divide(X1,inverse(X2)))) = X2 [superposition 1,174]
335. double_divide(inverse(double_divide(inverse(X0),X0)),double_divide(inverse(double_divide(inverse(double_divide(inverse(double_divide(inverse(double_divide(X2,inverse(inverse(X3)))),X4)),inverse(X1))),double_divide(X2,X4))),X1)) = X3 [superposition 33,174]
375. inverse(double_divide(inverse(double_divide(inverse(double_divide(inverse(double_divide(inverse(double_divide(X2,inverse(inverse(X3)))),X4)),inverse(X1))),double_divide(X2,X4))),X1)) = X3 [forward demodulation 335,170]
378. inverse(double_divide(X1,double_divide(X1,inverse(X2)))) = X2 [forward demodulation 330,170]
411. inverse(double_divide(inverse(double_divide(inverse(double_divide(X2,inverse(inverse(X3)))),X4)),double_divide(X2,X4))) = X3 [forward demodulation 375,171]
419. inverse(inverse(X3)) = X3 [forward demodulation 411,1]
573. double_divide(inverse(X1),double_divide(X0,inverse(X0))) = X1 [superposition 39,419]
574. inverse(X0) = double_divide(X0,double_divide(inverse(X1),X1)) [superposition 39,419]
577. double_divide(X0,double_divide(X0,X1)) = X1 [superposition 123,419]
579. double_divide(inverse(X1),X1) = double_divide(X0,inverse(X0)) [superposition 174,419]
813. double_divide(inverse(X1),double_divide(inverse(double_divide(inverse(double_divide(inverse(double_divide(inverse(double_divide(inverse(X0),X5)),inverse(X6))),double_divide(inverse(double_divide(inverse(double_divide(inverse(double_divide(inverse(double_divide(X2,inverse(inverse(inverse(X3))))),X4)),inverse(X0))),double_divide(X2,X4))),X5))),inverse(X1))),X6)) = X3 [superposition 31,21]
924. double_divide(inverse(X1),double_divide(inverse(double_divide(inverse(double_divide(inverse(double_divide(inverse(double_divide(inverse(X0),X5)),inverse(X6))),double_divide(inverse(double_divide(inverse(X0),X5)),inverse(X3)))),inverse(X1))),X6)) = X3 [forward demodulation 813,237]
960. double_divide(inverse(X1),double_divide(inverse(double_divide(inverse(double_divide(inverse(X6),X3)),inverse(X1))),X6)) = X3 [forward demodulation 924,172]
1288. inverse(X0) = double_divide(X0,double_divide(X1,inverse(X1))) [superposition 573,419]
1333. inverse(double_divide(inverse(double_divide(inverse(double_divide(inverse(double_divide(X2,inverse(inverse(X1)))),X3)),inverse(X0))),double_divide(X2,X3))) = double_divide(inverse(X1),X0) [superposition 32,573]
1356. double_divide(inverse(X1),X0) = inverse(double_divide(inverse(double_divide(inverse(double_divide(inverse(double_divide(X2,X1)),X3)),inverse(X0))),double_divide(X2,X3))) [forward demodulation 1333,419]
1507. double_divide(inverse(double_divide(inverse(X0),double_divide(inverse(double_divide(X6,inverse(double_divide(inverse(double_divide(inverse(double_divide(inverse(X1),X2)),inverse(X0))),double_divide(inverse(double_divide(inverse(double_divide(inverse(double_divide(inverse(double_divide(X3,inverse(inverse(inverse(X4))))),X5)),inverse(X1))),double_divide(X3,X5))),X2))))),double_divide(X6,inverse(X7))))),X7) = X4 [superposition 23,24]
1514. double_divide(inverse(double_divide(inverse(double_divide(inverse(double_divide(inverse(X0),X6)),inverse(X7))),double_divide(inverse(double_divide(inverse(double_divide(inverse(double_divide(inverse(X1),X2)),inverse(X0))),double_divide(inverse(double_divide(inverse(double_divide(inverse(double_divide(inverse(double_divide(X3,inverse(inverse(inverse(X4))))),X5)),inverse(X1))),double_divide(X3,X5))),X2))),X6))),X4) = X7 [superposition 21,24]
1558. double_divide(inverse(double_divide(inverse(double_divide(inverse(double_divide(inverse(X0),X6)),inverse(X7))),double_divide(inverse(double_divide(inverse(double_divide(inverse(double_divide(inverse(X1),X2)),inverse(X0))),double_divide(inverse(double_divide(inverse(X1),X2)),inverse(X4)))),X6))),X4) = X7 [forward demodulation 1514,237]
1565. double_divide(inverse(double_divide(inverse(X0),double_divide(inverse(double_divide(inverse(double_divide(inverse(double_divide(inverse(X1),X2)),inverse(X0))),double_divide(inverse(double_divide(inverse(double_divide(inverse(double_divide(inverse(double_divide(X3,inverse(inverse(inverse(X4))))),X5)),inverse(X1))),double_divide(X3,X5))),X2))),X7))),X7) = X4 [forward demodulation 1507,172]
1698. double_divide(inverse(double_divide(inverse(double_divide(inverse(double_divide(inverse(X0),X6)),inverse(X7))),double_divide(inverse(double_divide(inverse(X0),X4)),X6))),X4) = X7 [forward demodulation 1558,172]
1702. double_divide(inverse(double_divide(inverse(X0),double_divide(inverse(double_divide(inverse(double_divide(inverse(double_divide(inverse(X1),X2)),inverse(X0))),double_divide(inverse(double_divide(inverse(X1),X2)),inverse(X4)))),X7))),X7) = X4 [forward demodulation 1565,237]
1787. double_divide(inverse(double_divide(inverse(X0),double_divide(inverse(double_divide(inverse(X0),X4)),X7))),X7) = X4 [forward demodulation 1702,172]
2109. double_divide(inverse(X0),double_divide(inverse(double_divide(inverse(double_divide(inverse(double_divide(inverse(double_divide(inverse(double_divide(inverse(double_divide(inverse(double_divide(X1,inverse(X2))),X3)),inverse(X4))),double_divide(X1,X3))),inverse(inverse(X5)))),X2)),inverse(X0))),X4)) = X5 [superposition 35,30]
2169. double_divide(inverse(X0),double_divide(inverse(double_divide(inverse(double_divide(inverse(double_divide(inverse(double_divide(inverse(double_divide(inverse(double_divide(inverse(double_divide(X1,inverse(X2))),X3)),inverse(X4))),double_divide(X1,X3))),X5)),X2)),inverse(X0))),X4)) = X5 [forward demodulation 2109,419]
2285. double_divide(inverse(X0),double_divide(inverse(double_divide(inverse(double_divide(inverse(double_divide(double_divide(inverse(inverse(X2)),X4),X5)),X2)),inverse(X0))),X4)) = X5 [forward demodulation 2169,1356]
2357. double_divide(inverse(X0),double_divide(inverse(double_divide(inverse(double_divide(inverse(double_divide(double_divide(X2,X4),X5)),X2)),inverse(X0))),X4)) = X5 [forward demodulation 2285,419]
2457. double_divide(inverse(double_divide(inverse(double_divide(inverse(X0),X0)),X2)),double_divide(X1,X2)) = X1 [superposition 1,579]
2460. double_divide(inverse(double_divide(inverse(double_divide(inverse(double_divide(inverse(double_divide(inverse(X0),X0)),X2)),inverse(X3))),double_divide(X1,X2))),X1) = X3 [superposition 21,579]
2492. inverse(double_divide(inverse(double_divide(X1,inverse(X2))),X3)) = double_divide(inverse(double_divide(inverse(double_divide(inverse(X0),X0)),double_divide(X1,X3))),X2) [superposition 21,579]
2543. inverse(double_divide(inverse(double_divide(X1,inverse(X2))),X3)) = double_divide(inverse(inverse(double_divide(X1,X3))),X2) [forward demodulation 2492,170]
2573. double_divide(inverse(double_divide(inverse(double_divide(inverse(inverse(X2)),inverse(X3))),double_divide(X1,X2))),X1) = X3 [forward demodulation 2460,170]
2576. double_divide(inverse(inverse(X2)),double_divide(X1,X2)) = X1 [forward demodulation 2457,170]
2650. inverse(double_divide(inverse(double_divide(X1,inverse(X2))),X3)) = double_divide(double_divide(X1,X3),X2) [forward demodulation 2543,419]
2670. double_divide(inverse(double_divide(inverse(double_divide(X2,inverse(X3))),double_divide(X1,X2))),X1) = X3 [forward demodulation 2573,419]
2671. double_divide(X2,double_divide(X1,X2)) = X1 [forward demodulation 2576,419]
2719. double_divide(double_divide(double_divide(X2,double_divide(X1,X2)),X3),X1) = X3 [forward demodulation 2670,2650]
2754. double_divide(double_divide(X1,X3),X1) = X3 [forward demodulation 2719,2671]
2828. double_divide(inverse(inverse(X0)),inverse(X1)) = double_divide(inverse(X1),X0) [superposition 577,37]
2829. double_divide(X0,inverse(X1)) = double_divide(inverse(X1),X0) [forward demodulation 2828,419]
2927. inverse(X0) = double_divide(double_divide(X1,inverse(X1)),X0) [superposition 2671,573]
2950. double_divide(X0,X1) = double_divide(X1,X0) [superposition 577,2671]
3130. double_divide(inverse(double_divide(inverse(double_divide(inverse(double_divide(inverse(double_divide(X4,inverse(inverse(X0)))),X5)),inverse(X1))),double_divide(X4,X5))),X2) = double_divide(inverse(double_divide(inverse(double_divide(inverse(X1),X2)),X3)),double_divide(inverse(X0),X3)) [superposition 276,33]
3144. double_divide(inverse(X1),inverse(X0)) = double_divide(inverse(double_divide(inverse(X1),X2)),double_divide(X0,X2)) [superposition 276,378]
3205. double_divide(inverse(double_divide(inverse(X1),X2)),double_divide(inverse(double_divide(inverse(double_divide(inverse(double_divide(inverse(double_divide(inverse(double_divide(inverse(X3),X4)),inverse(inverse(X5)))),double_divide(inverse(double_divide(inverse(X3),X0)),X4))),inverse(X1))),X0)),X2)) = X5 [superposition 33,276]
3210. double_divide(inverse(double_divide(inverse(X1),X2)),double_divide(double_divide(double_divide(inverse(double_divide(inverse(double_divide(inverse(double_divide(inverse(X3),X4)),inverse(inverse(X5)))),double_divide(inverse(double_divide(inverse(X3),X0)),X4))),X0),X1),X2)) = X5 [forward demodulation 3205,2650]
3266. double_divide(inverse(double_divide(inverse(double_divide(inverse(double_divide(inverse(double_divide(X4,inverse(inverse(X0)))),X5)),inverse(X1))),double_divide(X4,X5))),X2) = double_divide(inverse(double_divide(inverse(X1),X2)),inverse(inverse(X0))) [forward demodulation 3130,3144]
3300. double_divide(inverse(X1),inverse(double_divide(double_divide(inverse(double_divide(inverse(double_divide(inverse(double_divide(inverse(X3),X4)),inverse(inverse(X5)))),double_divide(inverse(double_divide(inverse(X3),X0)),X4))),X0),X1))) = X5 [forward demodulation 3210,3144]
3336. double_divide(inverse(double_divide(inverse(X1),X2)),X0) = double_divide(inverse(double_divide(inverse(double_divide(inverse(double_divide(inverse(double_divide(X4,X0)),X5)),inverse(X1))),double_divide(X4,X5))),X2) [forward demodulation 3266,419]
3362. double_divide(inverse(X1),inverse(double_divide(inverse(X5),X1))) = X5 [forward demodulation 3300,1698]
3378. double_divide(inverse(double_divide(inverse(X1),X2)),X0) = double_divide(double_divide(inverse(X0),X1),X2) [forward demodulation 3336,1356]
4334. inverse(double_divide(b4,a4)) != inverse(double_divide(b4,a4)) <- (~1) [superposition 6,2950]
4449. $false <- (~1) [trivial inequality removal 4334]
4450. 1 [avatar contradiction clause 4449]
5567. inverse(double_divide(c3,inverse(double_divide(b3,a3)))) != inverse(double_divide(a3,inverse(double_divide(c3,b3)))) <- (~2) [forward demodulation 10,2829]
7078. double_divide(inverse(X2),inverse(X0)) = double_divide(inverse(X1),double_divide(inverse(double_divide(X0,inverse(X1))),X2)) [superposition 960,378]
7085. double_divide(inverse(X1),double_divide(inverse(X0),X2)) = double_divide(inverse(double_divide(inverse(X2),X0)),inverse(X1)) [superposition 960,1787]
7116. double_divide(inverse(X0),X1) = inverse(double_divide(inverse(X1),X0)) [superposition 1787,960]
7184. double_divide(inverse(X1),double_divide(inverse(X0),X2)) = double_divide(double_divide(inverse(inverse(X1)),X2),X0) [forward demodulation 7085,3378]
7263. double_divide(double_divide(X1,X2),X0) = double_divide(inverse(X1),double_divide(inverse(X0),X2)) [forward demodulation 7184,419]
13869. inverse(double_divide(X0,inverse(X0))) = inverse(double_divide(X1,inverse(X1))) [superposition 1288,2927]
15852. double_divide(X0,inverse(X1)) = inverse(double_divide(inverse(X0),X1)) [superposition 2754,3362]
16471. inverse(double_divide(X2,X3)) = double_divide(inverse(X1),double_divide(inverse(double_divide(inverse(double_divide(inverse(double_divide(inverse(X0),X0)),X2)),inverse(X1))),X3)) [superposition 2357,579]
16475. double_divide(double_divide(X2,X3),inverse(X0)) = double_divide(inverse(X1),double_divide(inverse(double_divide(inverse(double_divide(X0,X2)),inverse(X1))),X3)) [superposition 2357,378]
16625. double_divide(double_divide(X2,X3),inverse(X0)) = double_divide(inverse(X3),inverse(inverse(double_divide(X0,X2)))) [forward demodulation 16475,7078]
16629. inverse(double_divide(X2,X3)) = double_divide(inverse(X3),inverse(inverse(double_divide(inverse(double_divide(inverse(X0),X0)),X2)))) [forward demodulation 16471,7078]
16762. double_divide(double_divide(X2,X3),inverse(X0)) = double_divide(inverse(X3),double_divide(X0,X2)) [forward demodulation 16625,419]
16766. inverse(double_divide(X2,X3)) = double_divide(inverse(X3),double_divide(inverse(double_divide(inverse(X0),X0)),X2)) [forward demodulation 16629,419]
16891. inverse(double_divide(X2,X3)) = double_divide(double_divide(X3,X2),double_divide(inverse(X0),X0)) [forward demodulation 16766,7263]
16995. inverse(double_divide(X2,X3)) = inverse(double_divide(X3,X2)) [forward demodulation 16891,574]
20483. inverse(double_divide(inverse(double_divide(X0,X1)),X2)) = double_divide(inverse(X2),double_divide(X1,X0)) [superposition 7116,16995]
20616. inverse(double_divide(X0,inverse(X1))) = double_divide(inverse(X0),X1) [superposition 16995,7116]
20883. double_divide(inverse(X2),double_divide(X0,X1)) = double_divide(inverse(X2),double_divide(X1,X0)) [forward demodulation 20483,7116]
95466. inverse(double_divide(inverse(double_divide(X0,X1)),X2)) = double_divide(double_divide(X1,X0),inverse(X2)) [superposition 15852,16995]
96166. inverse(double_divide(inverse(double_divide(X0,X1)),X2)) = double_divide(inverse(X0),double_divide(X2,X1)) [forward demodulation 95466,16762]
96453. double_divide(inverse(X2),double_divide(X0,X1)) = double_divide(inverse(X0),double_divide(X2,X1)) [forward demodulation 96166,7116]
106481. inverse(double_divide(c3,inverse(double_divide(b3,a3)))) != double_divide(inverse(a3),double_divide(c3,b3)) <- (~2) [superposition 5567,20616]
106774. inverse(double_divide(c3,inverse(double_divide(b3,a3)))) != double_divide(inverse(c3),double_divide(a3,b3)) <- (~2) [forward demodulation 106481,96453]
107060. inverse(double_divide(c3,inverse(double_divide(b3,a3)))) != double_divide(inverse(c3),double_divide(b3,a3)) <- (~2) [forward demodulation 106774,20883]
107318. $false <- (~2) [forward subsumption resolution 107060,20616]
107319. 2 [avatar contradiction clause 107318]
110018. a2 != double_divide(inverse(a2),double_divide(b2,inverse(b2))) <- (~3) [forward demodulation 14,20616]
110020. $false <- (~3) [forward subsumption resolution 110018,573]
110021. 3 [avatar contradiction clause 110020]
110025. $false <- (~4) [forward subsumption resolution 18,13869]
110026. 4 [avatar contradiction clause 110025]
s1. ~4 | ~3 | ~2 | ~1 [sat_conversion 19]
s3. 1 [sat_conversion 4450]
s4. 2 [sat_conversion 107319]
s5. 3 [sat_conversion 110021]
s6. 4 [sat_conversion 110026]
s7. # [rat s1,s3,s4,s5,s6]
110027. $false [avatar sat refutation s7]
% SZS output end Proof for GRP111-1_clausified
% ------------------------------
% Version: Vampire 5.0.0 (Release build, commit 2e2c9b7b8 on 2026-01-17 12:24:14 +0100)
% Linked with Z3 4.14.0.0 3c47fd96cf5645d0c42b2c819d9e9a84380aa721 z3-4.8.4-9178-g3c47fd96c
% CaDiCaL version: 2.1.3
% Termination reason: Refutation
% Time elapsed: 1.380 s
% Peak memory usage: 55 MB
% Instructions burned: 3605 (million)
% ------------------------------
% ------------------------------
