% Running in auto input_syntax mode. Trying TPTP
% Refutation found. Thanks to Tanya!
% SZS status Unsatisfiable for GRP010-4_clausified
% SZS output start Proof for GRP010-4_clausified
1. multiply(multiply(X0,X1),X2) = multiply(X0,multiply(X1,X2)) [input(axiom)]
2. multiply(identity,X0) = X0 [input(axiom)]
3. identity = multiply(inverse(X0),X0) [input(axiom)]
4. identity = multiply(c,b) [input(assumption)]
5. identity != multiply(b,c) [input(negated conjecture)]
8. multiply(inverse(X0),multiply(X0,X1)) = multiply(identity,X1) [superposition 1,3]
9. multiply(identity,X0) = multiply(c,multiply(b,X0)) [superposition 1,4]
10. multiply(c,multiply(b,X0)) = X0 [forward demodulation 9,2]
11. multiply(inverse(X0),multiply(X0,X1)) = X1 [forward demodulation 8,2]
21. multiply(b,X0) = multiply(inverse(c),X0) [superposition 11,10]
50. identity = multiply(b,c) [superposition 3,21]
58. $false [forward subsumption resolution 50,5]
% SZS output end Proof for GRP010-4_clausified
% ------------------------------
% Version: Vampire 5.0.0 (Release build, commit 2e2c9b7b8 on 2026-01-17 12:24:14 +0100)
% Linked with Z3 4.14.0.0 3c47fd96cf5645d0c42b2c819d9e9a84380aa721 z3-4.8.4-9178-g3c47fd96c
% CaDiCaL version: 2.1.3
% Termination reason: Refutation
% Time elapsed: 0.001 s
% Peak memory usage: 60 MB
% Instructions burned: 2 (million)
% ------------------------------
% ------------------------------
