% Running in auto input_syntax mode. Trying TPTP
% Refutation found. Thanks to Tanya!
% SZS status Unsatisfiable for GRP660-11_clausified
% SZS output start Proof for GRP660-11_clausified
1. mult(X0,ld(X0,X1)) = X1 [input(axiom)]
2. ld(X0,mult(X0,X1)) = X1 [input(axiom)]
3. mult(rd(X0,X1),X1) = X0 [input(axiom)]
4. rd(mult(X0,X1),X1) = X0 [input(axiom)]
5. mult(mult(mult(X0,X1),X2),X0) = mult(X0,mult(X1,mult(X2,X0))) [input(axiom)]
6. x0 != mult(x0,rd(x1,x1)) [input(negated conjecture)]
7. ld(rd(X0,X1),X0) = X1 [superposition 2,3]
8. rd(X0,ld(X1,X0)) = X1 [superposition 4,1]
9. mult(X1,mult(ld(X1,X0),mult(X2,X1))) = mult(mult(X0,X2),X1) [superposition 5,1]
13. mult(X0,X1) = mult(X1,mult(X2,mult(ld(mult(X1,X2),X0),X1))) [superposition 5,1]
14. mult(mult(X0,X1),X2) = rd(mult(X0,mult(X1,mult(X2,X0))),X0) [superposition 4,5]
24. mult(mult(X2,rd(X0,X1)),X1) = mult(X1,mult(ld(X1,X2),X0)) [superposition 9,3]
27. rd(mult(mult(X0,X1),X2),mult(ld(X2,X0),mult(X1,X2))) = X2 [superposition 4,9]
28. mult(ld(X2,X0),mult(X1,X2)) = ld(X2,mult(mult(X0,X1),X2)) [superposition 2,9]
41. mult(X2,mult(ld(mult(X1,X2),X0),X1)) = ld(X1,mult(X0,X1)) [superposition 2,13]
56. mult(mult(X1,X2),rd(X0,X1)) = rd(mult(X1,mult(X2,X0)),X1) [superposition 14,3]
60. mult(mult(X1,rd(X0,mult(X2,X1))),X2) = rd(mult(X1,X0),X1) [superposition 14,3]
111. mult(X0,X2) = mult(X2,mult(ld(X2,rd(X0,rd(X1,X2))),X1)) [superposition 24,3]
118. ld(mult(X1,rd(X2,X0)),mult(X0,mult(ld(X0,X1),X2))) = X0 [superposition 2,24]
167. rd(mult(X0,X2),mult(ld(X2,rd(X0,X1)),mult(X1,X2))) = X2 [superposition 27,3]
253. ld(X1,mult(X0,X1)) = mult(ld(X1,X2),mult(ld(X2,X0),X1)) [superposition 28,1]
256. ld(X1,mult(X0,X1)) = mult(ld(X1,rd(X0,X2)),mult(X2,X1)) [superposition 28,3]
379. ld(rd(X0,X1),mult(X2,rd(X0,X1))) = mult(X1,mult(ld(X0,X2),rd(X0,X1))) [superposition 41,3]
398. mult(ld(mult(X0,X2),X1),X0) = ld(X2,ld(X0,mult(X1,X0))) [superposition 2,41]
399. rd(ld(X0,mult(X1,X0)),mult(ld(mult(X0,X2),X1),X0)) = X2 [superposition 4,41]
443. rd(mult(X1,X0),X1) = mult(mult(X1,X2),rd(ld(X2,X0),X1)) [superposition 56,1]
505. mult(ld(X2,X0),mult(rd(X1,mult(X2,X0)),X2)) = ld(X2,rd(mult(X0,X1),X0)) [superposition 28,60]
506. rd(rd(mult(X0,X1),X0),mult(ld(X2,X0),mult(rd(X1,mult(X2,X0)),X2))) = X2 [superposition 27,60]
510. ld(mult(X0,rd(X1,mult(X2,X0))),rd(mult(X0,X1),X0)) = X2 [superposition 2,60]
511. mult(X0,rd(X1,mult(X2,X0))) = rd(rd(mult(X0,X1),X0),X2) [superposition 4,60]
540. mult(X0,rd(X1,mult(mult(ld(X2,X0),mult(rd(X1,mult(X2,X0)),X2)),X0))) = X2 [forward demodulation 506,511]
544. mult(X0,rd(X1,mult(ld(X2,rd(mult(X0,X1),X0)),X0))) = X2 [forward demodulation 540,505]
766. ld(mult(X1,rd(ld(ld(X2,X1),X0),X2)),mult(X2,X0)) = X2 [superposition 118,1]
1255. ld(X0,X2) = rd(ld(X0,mult(X1,X0)),mult(ld(X2,X1),X0)) [superposition 4,253]
1507. ld(X0,rd(X1,X2)) = rd(ld(X0,mult(X1,X0)),mult(X2,X0)) [superposition 4,256]
2004. mult(ld(mult(X1,X2),rd(X0,X1)),X1) = ld(X2,ld(X1,X0)) [superposition 398,3]
2006. ld(X1,X0) = mult(ld(mult(X0,X1),X0),X0) [superposition 398,2]
2220. ld(ld(X1,X0),X1) = mult(ld(X0,X1),X1) [superposition 2006,1]
2247. ld(mult(X1,X0),X1) = rd(ld(X0,X1),X1) [superposition 4,2006]
2552. ld(X1,X0) = rd(X1,mult(ld(X0,X1),X1)) [superposition 8,2220]
2716. ld(X0,rd(X0,X1)) = rd(ld(X1,rd(X0,X1)),rd(X0,X1)) [superposition 2247,3]
2724. mult(X1,X0) = rd(X1,rd(ld(X0,X1),X1)) [superposition 8,2247]
2940. rd(X1,mult(X0,X1)) = ld(X1,rd(X1,X0)) [superposition 2552,7]
3287. mult(X1,rd(X1,X0)) = rd(X1,rd(X0,X1)) [superposition 2724,7]
3748. rd(X0,X1) = mult(X0,rd(X0,mult(X1,X0))) [superposition 1,2940]
5496. rd(mult(X1,X2),X1) = mult(X0,rd(ld(ld(X1,X0),X2),X1)) [superposition 443,1]
5519. rd(mult(rd(X0,X1),X2),rd(X0,X1)) = mult(X0,rd(ld(X1,X2),rd(X0,X1))) [superposition 443,3]
7350. ld(mult(X1,rd(ld(X1,X0),mult(X2,X1))),rd(X0,X1)) = X2 [superposition 510,1]
7947. rd(rd(X0,X1),X2) = mult(X1,rd(ld(X1,X0),mult(X2,X1))) [superposition 511,1]
8300. ld(X1,X0) = rd(X2,mult(ld(X0,rd(mult(X1,X2),X1)),X1)) [superposition 2,544]
8348. rd(X2,mult(ld(X0,rd(mult(X1,X2),X1)),X1)) = rd(X0,mult(ld(rd(X2,mult(ld(X0,rd(mult(X1,X2),X1)),X1)),rd(X1,X3)),mult(X3,rd(X2,mult(ld(X0,rd(mult(X1,X2),X1)),X1))))) [superposition 167,544]
8358. ld(rd(X1,mult(ld(X0,rd(mult(X2,X1),X2)),X2)),mult(X3,rd(X1,mult(ld(X0,rd(mult(X2,X1),X2)),X2)))) = mult(ld(rd(X1,mult(ld(X0,rd(mult(X2,X1),X2)),X2)),rd(X3,X2)),X0) [superposition 256,544]
8401. mult(ld(rd(X1,mult(ld(X0,rd(mult(X2,X1),X2)),X2)),rd(X3,X2)),X0) = mult(mult(ld(X0,rd(mult(X2,X1),X2)),X2),mult(ld(X1,X3),rd(X1,mult(ld(X0,rd(mult(X2,X1),X2)),X2)))) [forward demodulation 8358,379]
8403. rd(X2,mult(ld(X0,rd(mult(X1,X2),X1)),X1)) = rd(X0,ld(rd(X2,mult(ld(X0,rd(mult(X1,X2),X1)),X1)),mult(X1,rd(X2,mult(ld(X0,rd(mult(X1,X2),X1)),X1))))) [forward demodulation 8348,256]
8461. mult(ld(ld(X2,X0),rd(X3,X2)),X0) = mult(mult(ld(X0,rd(mult(X2,X1),X2)),X2),mult(ld(X1,X3),ld(X2,X0))) [forward demodulation 8401,8300]
8462. rd(X2,mult(ld(X0,rd(mult(X1,X2),X1)),X1)) = rd(X0,mult(mult(ld(X0,rd(mult(X1,X2),X1)),X1),mult(ld(X2,X1),rd(X2,mult(ld(X0,rd(mult(X1,X2),X1)),X1))))) [forward demodulation 8403,379]
8490. ld(X1,X0) = rd(X0,mult(mult(ld(X0,rd(mult(X1,X2),X1)),X1),mult(ld(X2,X1),ld(X1,X0)))) [forward demodulation 8462,8300]
8504. ld(X1,X0) = rd(X0,mult(ld(ld(X1,X0),rd(X1,X1)),X0)) [forward demodulation 8490,8461]
10788. rd(X0,X2) = ld(mult(X1,rd(ld(ld(rd(X0,X2),X1),X2),rd(X0,X2))),X0) [superposition 766,3]
10795. mult(X0,mult(X0,X1)) = ld(rd(ld(ld(X0,mult(X0,X1)),X1),X0),mult(X0,X1)) [superposition 2006,766]
10799. rd(ld(ld(X0,X1),X2),X0) = rd(ld(X1,mult(mult(X0,X2),X1)),mult(X0,X1)) [superposition 399,766]
10841. ld(X1,rd(mult(X0,X2),X0)) = rd(ld(ld(X0,X1),X2),X0) [forward demodulation 10799,1507]
10844. mult(X0,mult(X0,X1)) = ld(rd(ld(X1,X1),X0),mult(X0,X1)) [forward demodulation 10795,2]
10851. rd(X0,X2) = ld(rd(mult(rd(X0,X2),X2),rd(X0,X2)),X0) [forward demodulation 10788,5496]
10905. rd(X0,X2) = ld(mult(X0,rd(ld(X2,X2),rd(X0,X2))),X0) [forward demodulation 10851,5519]
10943. rd(X0,X2) = rd(ld(rd(ld(X2,X2),rd(X0,X2)),X0),X0) [forward demodulation 10905,2247]
11212. ld(X1,X2) = rd(ld(X1,X0),mult(ld(X2,rd(X0,X1)),X1)) [superposition 1255,3]
13588. ld(ld(X1,X0),ld(X1,X2)) = mult(ld(X0,rd(X2,X1)),X1) [superposition 2004,1]
13623. ld(X1,ld(rd(X0,X1),X2)) = mult(ld(X0,rd(X2,rd(X0,X1))),rd(X0,X1)) [superposition 2004,3]
13668. ld(mult(X1,X0),rd(X2,X1)) = rd(ld(X0,ld(X1,X2)),X1) [superposition 4,2004]
16960. mult(X2,rd(ld(X2,X1),X0)) = rd(rd(X1,X2),rd(X0,X2)) [superposition 7947,3]
19472. ld(ld(X0,X1),X1) = mult(ld(ld(X0,X1),rd(X0,X0)),X1) [superposition 7,8504]
23635. mult(X0,X1) = mult(rd(ld(X1,X1),X0),mult(X0,mult(X0,X1))) [superposition 1,10844]
24416. rd(X0,rd(X0,X1)) = mult(X0,rd(ld(X1,X1),rd(X0,X1))) [superposition 2724,10943]
31754. ld(X0,ld(X0,X0)) = rd(ld(X0,X0),ld(ld(X0,X0),X0)) [superposition 11212,19472]
32022. ld(X0,ld(X0,X0)) = rd(ld(X0,X0),mult(ld(X0,X0),X0)) [forward demodulation 31754,2220]
45222. mult(ld(X0,X0),X0) = mult(rd(ld(X0,X0),ld(X0,X0)),ld(X0,mult(X0,X0))) [superposition 23635,253]
45604. mult(ld(X0,X0),X0) = mult(rd(ld(X0,X0),ld(X0,X0)),X0) [forward demodulation 45222,2]
47724. rd(rd(X0,X0),ld(X0,X0)) = mult(X0,ld(X0,ld(X0,X0))) [superposition 7947,32022]
47731. rd(mult(X0,ld(X0,X0)),X0) = mult(mult(X0,ld(X0,ld(X0,X0))),ld(X0,X0)) [superposition 60,32022]
47795. rd(mult(X0,ld(X0,X0)),X0) = mult(ld(X0,X0),ld(X0,X0)) [forward demodulation 47731,1]
47800. ld(X0,X0) = rd(rd(X0,X0),ld(X0,X0)) [forward demodulation 47724,1]
47813. rd(X0,X0) = mult(ld(X0,X0),ld(X0,X0)) [forward demodulation 47795,1]
48767. ld(rd(X0,X0),ld(X0,X0)) = rd(ld(ld(X0,X0),ld(X0,X0)),ld(X0,X0)) [superposition 2716,47800]
48795. ld(rd(X0,X0),ld(X0,X0)) = rd(mult(ld(X0,rd(X0,X0)),X0),ld(X0,X0)) [forward demodulation 48767,13588]
48820. ld(rd(X0,X0),ld(X0,X0)) = rd(mult(rd(X0,mult(X0,X0)),X0),ld(X0,X0)) [forward demodulation 48795,2940]
68815. rd(ld(X0,X0),ld(X0,X0)) = ld(mult(X0,rd(ld(X0,X1),mult(ld(X0,X0),X0))),rd(X1,X0)) [superposition 7350,45604]
69098. ld(X0,X0) = rd(ld(X0,X0),ld(X0,X0)) [forward demodulation 68815,7350]
71247. ld(X0,X0) = mult(ld(X0,X0),ld(X0,X0)) [superposition 3,69098]
71250. mult(mult(X1,ld(X0,X0)),ld(X0,X0)) = mult(ld(X0,X0),mult(ld(ld(X0,X0),X1),ld(X0,X0))) [superposition 24,69098]
71279. rd(ld(X0,X0),ld(X0,X0)) = mult(ld(X0,X0),ld(X0,X0)) [superposition 3287,69098]
71293. rd(ld(X0,X0),ld(X0,X0)) = mult(ld(X0,X0),rd(ld(ld(X0,X0),ld(X0,X0)),ld(X0,X0))) [superposition 24416,69098]
71300. rd(ld(X0,X0),ld(X0,X0)) = mult(ld(X0,X0),rd(mult(ld(X0,rd(X0,X0)),X0),ld(X0,X0))) [forward demodulation 71293,13588]
71313. rd(X0,X0) = rd(ld(X0,X0),ld(X0,X0)) [forward demodulation 71279,47813]
71338. ld(X0,X0) = rd(X0,X0) [forward demodulation 71247,47813]
71353. rd(ld(X0,X0),ld(X0,X0)) = mult(ld(X0,X0),rd(mult(rd(X0,mult(X0,X0)),X0),ld(X0,X0))) [forward demodulation 71300,2940]
71386. rd(ld(X0,X0),ld(X0,X0)) = mult(ld(X0,X0),ld(rd(X0,X0),ld(X0,X0))) [forward demodulation 71353,48820]
71412. rd(rd(X0,X0),rd(X0,X0)) = mult(rd(X0,X0),ld(rd(X0,X0),rd(X0,X0))) [forward demodulation 71386,71338]
71427. rd(X0,X0) = rd(rd(X0,X0),rd(X0,X0)) [forward demodulation 71412,1]
71436. rd(X0,X0) = mult(X0,rd(ld(X0,X0),X0)) [forward demodulation 71427,16960]
71442. rd(X0,X0) = mult(X0,rd(rd(X0,X0),X0)) [forward demodulation 71436,71338]
72021. rd(X0,X0) = mult(rd(X0,X0),rd(X0,X0)) [superposition 47813,71338]
72023. mult(X0,rd(X0,X0)) = X0 [superposition 1,71338]
73476. ld(ld(X0,X0),mult(X1,ld(X0,X0))) = mult(ld(X0,X0),mult(ld(ld(X0,X0),X1),ld(X0,X0))) [superposition 379,69098]
73503. mult(X1,mult(ld(X0,mult(X2,rd(X3,rd(X0,X1)))),rd(X0,X1))) = ld(rd(X0,X1),mult(rd(X0,X1),mult(ld(rd(X0,X1),X2),X3))) [superposition 379,24]
73509. mult(ld(rd(X1,X0),X2),mult(X3,rd(X1,X0))) = mult(X0,mult(ld(X1,mult(X2,X3)),rd(X1,X0))) [superposition 28,379]
73563. mult(ld(rd(X0,X1),X2),X3) = mult(X1,mult(ld(X0,mult(X2,rd(X3,rd(X0,X1)))),rd(X0,X1))) [forward demodulation 73503,2]
73585. ld(ld(X0,X0),mult(X1,ld(X0,X0))) = mult(mult(X1,ld(X0,X0)),ld(X0,X0)) [forward demodulation 73476,71250]
73607. mult(mult(X1,rd(X0,X0)),rd(X0,X0)) = ld(rd(X0,X0),mult(X1,rd(X0,X0))) [forward demodulation 73585,71338]
73612. mult(mult(X1,rd(X0,X0)),rd(X0,X0)) = mult(X0,mult(ld(X0,X1),rd(X0,X0))) [forward demodulation 73607,379]
73640. mult(X1,ld(X0,X0)) = mult(ld(X0,X0),mult(ld(ld(X0,X0),rd(X1,rd(X0,X0))),ld(X0,X0))) [superposition 111,71313]
73705. mult(X1,ld(X0,X0)) = mult(mult(rd(X1,rd(X0,X0)),ld(X0,X0)),ld(X0,X0)) [forward demodulation 73640,71250]
73754. mult(X1,rd(X0,X0)) = mult(mult(rd(X1,rd(X0,X0)),rd(X0,X0)),rd(X0,X0)) [forward demodulation 73705,71338]
73791. mult(X1,rd(X0,X0)) = mult(X0,mult(ld(X0,rd(X1,rd(X0,X0))),rd(X0,X0))) [forward demodulation 73754,73612]
73817. mult(X1,rd(X0,X0)) = mult(X0,ld(X0,ld(rd(X0,X0),X1))) [forward demodulation 73791,13623]
73834. ld(rd(X0,X0),X1) = mult(X1,rd(X0,X0)) [forward demodulation 73817,1]
74830. ld(ld(X0,X0),rd(mult(ld(X0,X0),X1),ld(X0,X0))) = mult(ld(ld(X0,X0),ld(X0,X0)),mult(rd(X1,rd(X0,X0)),ld(X0,X0))) [superposition 505,47813]
74960. ld(rd(X0,X0),rd(mult(rd(X0,X0),X1),rd(X0,X0))) = mult(ld(rd(X0,X0),rd(X0,X0)),mult(rd(X1,rd(X0,X0)),rd(X0,X0))) [forward demodulation 74830,71338]
75013. ld(rd(X0,X0),rd(mult(rd(X0,X0),X1),rd(X0,X0))) = mult(X0,mult(ld(X0,mult(rd(X0,X0),rd(X1,rd(X0,X0)))),rd(X0,X0))) [forward demodulation 74960,73509]
75050. mult(ld(rd(X0,X0),rd(X0,X0)),X1) = ld(rd(X0,X0),rd(mult(rd(X0,X0),X1),rd(X0,X0))) [forward demodulation 75013,73563]
75070. mult(ld(rd(X0,X0),rd(X0,X0)),X1) = rd(ld(ld(rd(X0,X0),rd(X0,X0)),X1),rd(X0,X0)) [forward demodulation 75050,10841]
75085. mult(rd(rd(X0,X0),rd(X0,X0)),X1) = rd(ld(rd(rd(X0,X0),rd(X0,X0)),X1),rd(X0,X0)) [forward demodulation 75070,71338]
75094. mult(rd(rd(X0,X0),rd(X0,X0)),X1) = rd(mult(X1,rd(rd(X0,X0),rd(X0,X0))),rd(X0,X0)) [forward demodulation 75085,73834]
75098. mult(mult(X0,rd(ld(X0,X0),X0)),X1) = rd(mult(X1,mult(X0,rd(ld(X0,X0),X0))),rd(X0,X0)) [forward demodulation 75094,16960]
75099. mult(mult(X0,rd(rd(X0,X0),X0)),X1) = rd(mult(X1,mult(X0,rd(rd(X0,X0),X0))),rd(X0,X0)) [forward demodulation 75098,71338]
75100. mult(rd(X0,X0),X1) = rd(mult(X1,rd(X0,X0)),rd(X0,X0)) [forward demodulation 75099,71442]
75101. mult(rd(X0,X0),X1) = X1 [forward demodulation 75100,4]
75142. rd(X1,X1) = rd(X0,X0) [superposition 4,75101]
75143. mult(rd(X1,X1),mult(X0,mult(X2,rd(X1,X1)))) = mult(mult(X0,X2),rd(X1,X1)) [superposition 5,75101]
75208. ld(mult(rd(X1,X1),rd(X0,mult(X2,rd(X1,X1)))),rd(X0,rd(X1,X1))) = X2 [superposition 510,75101]
75220. ld(X0,ld(rd(X1,X1),X2)) = mult(ld(X0,rd(X2,rd(X1,X1))),rd(X1,X1)) [superposition 2004,75101]
75225. rd(X0,rd(X1,X1)) = mult(X0,rd(X0,X0)) [superposition 3748,75101]
75399. rd(X0,rd(X1,X1)) = X0 [forward demodulation 75225,72023]
75400. mult(ld(X0,rd(X2,rd(X1,X1))),rd(X1,X1)) = ld(X0,mult(X2,rd(X1,X1))) [forward demodulation 75220,73834]
75410. rd(ld(rd(X0,mult(X2,rd(X1,X1))),ld(rd(X1,X1),X0)),rd(X1,X1)) = X2 [forward demodulation 75208,13668]
75452. mult(X0,mult(X2,rd(X1,X1))) = mult(mult(X0,X2),rd(X1,X1)) [forward demodulation 75143,75101]
75511. mult(ld(X0,X2),rd(X1,X1)) = ld(X0,mult(X2,rd(X1,X1))) [forward demodulation 75400,75399]
75519. ld(rd(X0,mult(X2,rd(X1,X1))),ld(rd(X1,X1),X0)) = X2 [forward demodulation 75410,75399]
75579. ld(rd(X0,mult(X2,rd(X1,X1))),mult(X0,rd(X1,X1))) = X2 [forward demodulation 75519,73834]
75612. mult(ld(rd(X0,mult(X2,rd(X1,X1))),X0),rd(X1,X1)) = X2 [forward demodulation 75579,75511]
75627. mult(mult(X2,rd(X1,X1)),rd(X1,X1)) = X2 [forward demodulation 75612,7]
75632. mult(X2,mult(rd(X1,X1),rd(X1,X1))) = X2 [forward demodulation 75627,75452]
75636. mult(X2,rd(X1,X1)) = X2 [forward demodulation 75632,72021]
75971. x0 != mult(x0,rd(X0,X0)) [superposition 6,75142]
75972. $false [forward subsumption resolution 75971,75636]
% SZS output end Proof for GRP660-11_clausified
% ------------------------------
% Version: Vampire 5.0.0 (Release build, commit 2e2c9b7b8 on 2026-01-17 12:24:14 +0100)
% Linked with Z3 4.14.0.0 3c47fd96cf5645d0c42b2c819d9e9a84380aa721 z3-4.8.4-9178-g3c47fd96c
% CaDiCaL version: 2.1.3
% Termination reason: Refutation
% Time elapsed: 3.095 s
% Peak memory usage: 107 MB
% Instructions burned: 9671 (million)
% ------------------------------
% ------------------------------
