% Running in auto input_syntax mode. Trying TPTP
% Refutation found. Thanks to Tanya!
% SZS status Unsatisfiable for GRP444-1
% SZS output start Proof for GRP444-1
1. inverse(multiply(X0,multiply(X1,multiply(multiply(X2,inverse(X2)),inverse(multiply(X3,multiply(X0,X1))))))) = X3 [input(axiom)]
2. multiply(multiply(a3,b3),c3) != multiply(a3,multiply(b3,c3)) [input(negated conjecture)]
3. inverse(multiply(X1,multiply(X2,multiply(multiply(multiply(X3,multiply(X4,multiply(multiply(X5,inverse(X5)),inverse(multiply(X0,multiply(X3,X4)))))),X0),inverse(multiply(X6,multiply(X1,X2))))))) = X6 [superposition 1,1]
4. inverse(multiply(X1,multiply(multiply(multiply(X2,inverse(X2)),inverse(multiply(X0,multiply(X3,X1)))),multiply(multiply(X4,inverse(X4)),X0)))) = X3 [superposition 1,1]
8. multiply(multiply(X5,inverse(X5)),inverse(multiply(X2,multiply(X0,X4)))) = inverse(multiply(multiply(multiply(X1,inverse(X1)),X2),multiply(multiply(multiply(X3,inverse(X3)),X0),multiply(multiply(X6,inverse(X6)),X4)))) [superposition 4,4]
10. inverse(multiply(X1,multiply(multiply(multiply(X2,inverse(X2)),inverse(multiply(X3,multiply(X4,X1)))),multiply(multiply(multiply(X5,multiply(multiply(multiply(X6,inverse(X6)),inverse(multiply(X7,multiply(X0,X5)))),multiply(multiply(X8,inverse(X8)),X7))),X0),X3)))) = X4 [superposition 4,4]
11. inverse(multiply(multiply(multiply(X1,inverse(X1)),inverse(multiply(X2,multiply(X0,X3)))),multiply(multiply(multiply(X4,inverse(X4)),X2),multiply(multiply(X5,inverse(X5)),X0)))) = X3 [superposition 1,4]
97. multiply(multiply(X0,inverse(X0)),inverse(multiply(inverse(multiply(X1,multiply(X2,X3))),multiply(X1,X2)))) = X3 [superposition 11,8]
98. multiply(multiply(X0,inverse(X0)),inverse(multiply(X1,multiply(inverse(multiply(X2,multiply(X3,multiply(multiply(X4,inverse(X4)),X1)))),X2)))) = X3 [superposition 4,8]
123. multiply(multiply(X7,inverse(X7)),X3) = multiply(multiply(X4,inverse(X4)),inverse(multiply(multiply(multiply(X0,inverse(X0)),inverse(multiply(X1,multiply(X2,X3)))),multiply(multiply(multiply(X5,inverse(X5)),X1),multiply(multiply(X6,inverse(X6)),X2))))) [superposition 97,8]
144. multiply(multiply(X4,inverse(X4)),X3) = multiply(multiply(X7,inverse(X7)),X3) [forward demodulation 123,11]
328. multiply(X7,inverse(X7)) = inverse(multiply(X1,multiply(X2,multiply(multiply(multiply(X3,multiply(X4,multiply(multiply(X5,inverse(X5)),inverse(multiply(X6,multiply(X3,X4)))))),X6),inverse(multiply(multiply(X0,inverse(X0)),multiply(X1,X2))))))) [superposition 3,144]
345. multiply(X0,inverse(X0)) = multiply(X7,inverse(X7)) [forward demodulation 328,3]
521. inverse(multiply(X1,multiply(inverse(X1),multiply(multiply(X2,inverse(X2)),inverse(multiply(X3,multiply(X0,inverse(X0)))))))) = X3 [superposition 1,345]
531. multiply(multiply(X1,inverse(X1)),inverse(multiply(inverse(multiply(X2,multiply(inverse(X2),X3))),multiply(X0,inverse(X0))))) = X3 [superposition 97,345]
532. inverse(X3) = multiply(multiply(X1,inverse(X1)),inverse(multiply(inverse(multiply(X2,multiply(X0,inverse(X0)))),multiply(X2,X3)))) [superposition 97,345]
1076. inverse(multiply(inverse(X1),multiply(multiply(multiply(X2,inverse(X2)),inverse(multiply(X3,multiply(X0,inverse(X0))))),multiply(multiply(multiply(X4,multiply(multiply(multiply(X5,inverse(X5)),inverse(multiply(X6,multiply(X7,X4)))),multiply(multiply(X8,inverse(X8)),X6))),X7),X3)))) = X1 [superposition 10,345]
2243. inverse(multiply(X3,multiply(inverse(X3),X0))) = inverse(multiply(X1,multiply(inverse(X1),X0))) [superposition 521,97]
2627. inverse(multiply(X2,multiply(X0,inverse(X0)))) = inverse(multiply(X1,multiply(inverse(X1),inverse(inverse(X2))))) [superposition 2243,345]
2720. inverse(multiply(inverse(X2),multiply(X1,multiply(multiply(X3,inverse(X3)),inverse(multiply(X0,multiply(inverse(X0),X1))))))) = X2 [superposition 1,2243]
2787. multiply(X2,inverse(X2)) = multiply(multiply(X3,multiply(inverse(X3),X1)),inverse(multiply(X0,multiply(inverse(X0),X1)))) [superposition 345,2243]
3133. inverse(multiply(X0,multiply(X1,inverse(X1)))) = inverse(multiply(X0,multiply(X2,inverse(X2)))) [superposition 2627,2627]
3249. inverse(inverse(X0)) = multiply(multiply(X2,inverse(X2)),inverse(multiply(inverse(multiply(X0,multiply(X1,inverse(X1)))),multiply(X3,inverse(X3))))) [superposition 97,2627]
3862. multiply(X2,inverse(X2)) = multiply(multiply(X0,multiply(X3,inverse(X3))),inverse(multiply(X0,multiply(X1,inverse(X1))))) [superposition 345,3133]
4532. multiply(X5,multiply(inverse(X5),X2)) = inverse(multiply(inverse(multiply(X1,multiply(inverse(X1),X2))),multiply(multiply(multiply(X3,inverse(X3)),inverse(multiply(X4,multiply(X0,inverse(X0))))),multiply(multiply(multiply(X6,multiply(multiply(multiply(X7,inverse(X7)),inverse(multiply(X8,multiply(X9,X6)))),multiply(multiply(X10,inverse(X10)),X8))),X9),X4)))) [superposition 10,2787]
4558. multiply(X1,multiply(inverse(X1),X2)) = multiply(X5,multiply(inverse(X5),X2)) [forward demodulation 4532,1076]
4978. multiply(X2,multiply(X0,inverse(X0))) = multiply(X1,multiply(inverse(X1),inverse(inverse(X2)))) [superposition 4558,345]
4980. multiply(X2,multiply(inverse(X2),multiply(inverse(inverse(X3)),X1))) = multiply(X3,multiply(X0,multiply(inverse(X0),X1))) [superposition 4558,4558]
5238. multiply(X0,multiply(inverse(X0),X1)) = multiply(multiply(X2,inverse(X2)),multiply(inverse(multiply(X3,inverse(X3))),X1)) [superposition 144,4558]
5729. multiply(X0,multiply(X1,inverse(X1))) = multiply(X0,multiply(X2,inverse(X2))) [superposition 4978,4978]
8327. multiply(X2,multiply(X0,multiply(X1,inverse(X1)))) = multiply(X2,multiply(X3,multiply(inverse(X3),inverse(inverse(X0))))) [superposition 4980,4978]
8337. multiply(X0,multiply(X1,multiply(inverse(X1),X2))) = multiply(X0,multiply(X4,multiply(inverse(X4),X2))) [superposition 4980,4980]
8891. inverse(multiply(inverse(multiply(X1,multiply(X0,multiply(multiply(X2,inverse(X2)),X3)))),multiply(X1,X0))) = X3 [superposition 1,98]
9975. inverse(multiply(X3,inverse(X3))) = inverse(multiply(inverse(multiply(X2,multiply(X0,multiply(X1,inverse(X1))))),multiply(X2,X0))) [superposition 8891,5729]
29144. inverse(multiply(inverse(multiply(X2,inverse(X2))),X1)) = multiply(multiply(X3,inverse(X3)),inverse(multiply(inverse(multiply(multiply(X4,inverse(X4)),multiply(X5,inverse(X5)))),multiply(X0,multiply(inverse(X0),X1))))) [superposition 532,5238]
29148. inverse(inverse(multiply(X1,multiply(inverse(X1),X2)))) = multiply(multiply(X3,inverse(X3)),inverse(multiply(inverse(multiply(multiply(X4,multiply(inverse(X4),X2)),multiply(X5,inverse(X5)))),multiply(X0,inverse(X0))))) [superposition 532,2787]
29149. inverse(inverse(multiply(X1,multiply(X2,inverse(X2))))) = multiply(multiply(X3,inverse(X3)),inverse(multiply(inverse(multiply(multiply(X1,multiply(X4,inverse(X4))),multiply(X5,inverse(X5)))),multiply(X0,inverse(X0))))) [superposition 532,3862]
29184. inverse(multiply(inverse(X0),X3)) = multiply(multiply(X4,inverse(X4)),inverse(multiply(inverse(multiply(X0,multiply(X1,inverse(X1)))),multiply(X2,multiply(inverse(X2),X3))))) [superposition 532,8337]
29420. inverse(inverse(multiply(X1,multiply(X2,inverse(X2))))) = inverse(inverse(multiply(X1,multiply(X4,inverse(X4))))) [forward demodulation 29149,3249]
29421. inverse(inverse(multiply(X1,multiply(inverse(X1),X2)))) = inverse(inverse(multiply(X4,multiply(inverse(X4),X2)))) [forward demodulation 29148,3249]
29424. inverse(multiply(inverse(multiply(X2,inverse(X2))),X1)) = inverse(multiply(inverse(multiply(X4,inverse(X4))),X1)) [forward demodulation 29144,29184]
32471. inverse(inverse(multiply(X2,multiply(inverse(X2),inverse(inverse(X0)))))) = inverse(inverse(multiply(X0,multiply(X1,inverse(X1))))) [superposition 29421,3133]
44467. inverse(multiply(inverse(X1),multiply(inverse(inverse(inverse(multiply(X2,multiply(inverse(X2),X0))))),X0))) = X1 [superposition 2720,531]
46235. inverse(multiply(inverse(X2),multiply(inverse(inverse(inverse(multiply(X0,multiply(X1,inverse(X1)))))),inverse(inverse(X0))))) = X2 [superposition 44467,29420]
46267. multiply(multiply(X3,inverse(X3)),multiply(inverse(inverse(inverse(multiply(X0,multiply(inverse(X0),X1))))),multiply(X1,X2))) = X2 [superposition 97,44467]
46268. multiply(inverse(inverse(inverse(multiply(X0,multiply(inverse(X0),X1))))),multiply(X1,multiply(multiply(X2,inverse(X2)),X3))) = X3 [superposition 8891,44467]
46269. inverse(X1) = multiply(multiply(X3,inverse(X3)),multiply(inverse(inverse(inverse(multiply(X0,multiply(inverse(X0),X1))))),multiply(X2,inverse(X2)))) [superposition 532,44467]
54323. inverse(inverse(multiply(X0,multiply(inverse(inverse(inverse(multiply(X1,multiply(inverse(X1),X2))))),X2)))) = X0 [superposition 1,46268]
62371. multiply(inverse(multiply(X1,multiply(X2,multiply(X3,inverse(X3))))),multiply(X1,X2)) = inverse(multiply(inverse(multiply(X0,inverse(X0))),multiply(inverse(inverse(inverse(multiply(X4,multiply(X5,inverse(X5)))))),inverse(inverse(X4))))) [superposition 46235,9975]
62381. multiply(X0,inverse(X0)) = multiply(inverse(multiply(X1,multiply(X2,multiply(X3,inverse(X3))))),multiply(X1,X2)) [forward demodulation 62371,46235]
65511. multiply(X3,X4) = multiply(multiply(X1,inverse(X1)),multiply(inverse(inverse(inverse(multiply(X2,multiply(inverse(X2),inverse(multiply(X3,multiply(X4,multiply(X5,inverse(X5)))))))))),multiply(X0,inverse(X0)))) [superposition 46267,62381]
65512. multiply(X3,X4) = inverse(inverse(multiply(X3,multiply(X4,multiply(X5,inverse(X5)))))) [forward demodulation 65511,46269]
67303. multiply(X1,X2) = inverse(inverse(multiply(X0,multiply(inverse(X0),multiply(inverse(inverse(X1)),inverse(inverse(X2))))))) [superposition 65512,4980]
67306. multiply(X0,X2) = inverse(inverse(multiply(X0,multiply(X1,multiply(inverse(X1),inverse(inverse(X2))))))) [superposition 65512,8327]
67372. multiply(X0,inverse(inverse(inverse(multiply(X1,multiply(inverse(X1),multiply(X2,inverse(X2)))))))) = X0 [superposition 54323,65512]
67691. multiply(X0,inverse(multiply(X1,inverse(X1)))) = X0 [forward demodulation 67372,65512]
69630. multiply(X2,inverse(multiply(inverse(multiply(X0,inverse(X0))),inverse(inverse(multiply(X1,inverse(X1))))))) = X2 [superposition 67691,29424]
70043. inverse(inverse(multiply(X2,inverse(inverse(inverse(multiply(X0,multiply(inverse(X0),inverse(multiply(X1,inverse(X1))))))))))) = X2 [superposition 54323,67691]
70297. inverse(inverse(multiply(X2,inverse(inverse(inverse(multiply(X0,inverse(X0)))))))) = X2 [forward demodulation 70043,67691]
76623. multiply(X1,inverse(X1)) = multiply(inverse(multiply(X0,inverse(inverse(inverse(multiply(X2,inverse(X2))))))),X0) [superposition 345,70297]
97988. multiply(X1,X2) = inverse(inverse(multiply(X1,multiply(multiply(inverse(inverse(X2)),inverse(inverse(inverse(multiply(X3,inverse(X3)))))),multiply(X0,inverse(X0)))))) [superposition 67306,76623]
98033. multiply(X1,X2) = multiply(X1,multiply(inverse(inverse(X2)),inverse(inverse(inverse(multiply(X3,inverse(X3))))))) [forward demodulation 97988,65512]
98518. multiply(X1,inverse(multiply(X2,inverse(X2)))) = inverse(inverse(multiply(X1,multiply(inverse(X0),X0)))) [superposition 67306,98033]
98590. inverse(inverse(multiply(X0,multiply(inverse(X0),X1)))) = inverse(inverse(multiply(X2,multiply(inverse(X2),multiply(inverse(inverse(X1)),inverse(inverse(inverse(multiply(X3,inverse(X3)))))))))) [superposition 29421,98033]
98617. inverse(inverse(multiply(X0,multiply(inverse(X0),X1)))) = multiply(X1,inverse(multiply(X3,inverse(X3)))) [forward demodulation 98590,67303]
98628. inverse(inverse(multiply(X1,multiply(inverse(X0),X0)))) = X1 [forward demodulation 98518,67691]
98662. inverse(inverse(multiply(X0,multiply(inverse(X0),X1)))) = X1 [forward demodulation 98617,67691]
98716. inverse(inverse(multiply(X2,inverse(inverse(multiply(inverse(multiply(X0,inverse(X0))),inverse(inverse(multiply(X1,inverse(X1)))))))))) = X2 [superposition 98628,69630]
98744. multiply(inverse(inverse(X0)),X2) = inverse(inverse(multiply(X0,multiply(X1,multiply(inverse(X1),X2))))) [superposition 98628,4980]
98747. inverse(inverse(multiply(X0,inverse(inverse(multiply(X1,inverse(X1))))))) = X0 [superposition 98628,98033]
98761. inverse(X0) = multiply(multiply(X1,inverse(X1)),inverse(multiply(X0,multiply(X2,inverse(X2))))) [superposition 98628,521]
98774. inverse(inverse(X0)) = inverse(inverse(multiply(X0,multiply(X1,inverse(X1))))) [superposition 32471,98628]
98975. inverse(inverse(multiply(X2,inverse(multiply(X0,inverse(X0)))))) = X2 [forward demodulation 98716,98747]
99010. inverse(inverse(X2)) = X2 [forward demodulation 98975,67691]
99119. multiply(X0,multiply(inverse(X0),X1)) = inverse(inverse(multiply(X2,multiply(inverse(X2),X1)))) [superposition 29421,99010]
99123. multiply(X0,multiply(inverse(X1),X1)) = X0 [superposition 98628,99010]
99253. inverse(inverse(multiply(X1,multiply(inverse(X1),X2)))) = inverse(inverse(multiply(inverse(X0),multiply(X0,X2)))) [superposition 29421,99010]
99302. inverse(inverse(multiply(X1,multiply(X0,inverse(X0))))) = X1 [superposition 98628,99010]
99303. multiply(X1,multiply(X0,inverse(X0))) = X1 [forward demodulation 99302,99010]
99344. inverse(inverse(multiply(X1,multiply(inverse(X1),X2)))) = multiply(inverse(X0),multiply(X0,X2)) [forward demodulation 99253,99010]
99412. multiply(X0,multiply(inverse(X0),X1)) = X1 [forward demodulation 99119,98662]
99527. multiply(inverse(X0),multiply(X0,X2)) = X2 [forward demodulation 99344,98662]
99733. inverse(multiply(inverse(X0),multiply(X0,inverse(multiply(multiply(X1,inverse(X1)),X2))))) = X2 [superposition 8891,99123]
99755. inverse(X0) = multiply(multiply(X2,inverse(X2)),inverse(inverse(multiply(inverse(X0),multiply(X1,inverse(X1)))))) [superposition 532,99123]
99845. inverse(X0) = multiply(multiply(X2,inverse(X2)),inverse(inverse(inverse(X0)))) [forward demodulation 99755,98774]
99862. inverse(inverse(multiply(multiply(X1,inverse(X1)),X2))) = X2 [forward demodulation 99733,99527]
99992. inverse(X0) = multiply(multiply(X2,inverse(X2)),inverse(X0)) [forward demodulation 99845,99010]
99997. multiply(multiply(X1,inverse(X1)),X2) = X2 [forward demodulation 99862,99010]
100231. multiply(multiply(X1,inverse(X1)),inverse(multiply(inverse(multiply(X0,multiply(multiply(X2,inverse(X2)),X3))),X0))) = X3 [superposition 97,99303]
100272. multiply(inverse(inverse(inverse(multiply(X0,inverse(X0))))),multiply(multiply(X1,inverse(X1)),multiply(multiply(X2,inverse(X2)),X3))) = X3 [superposition 46268,99303]
100327. multiply(inverse(inverse(inverse(multiply(X0,inverse(X0))))),multiply(multiply(X2,inverse(X2)),X3)) = X3 [forward demodulation 100272,99997]
100366. inverse(multiply(inverse(multiply(X0,multiply(multiply(X2,inverse(X2)),X3))),X0)) = X3 [forward demodulation 100231,99992]
100485. multiply(inverse(inverse(inverse(multiply(X0,inverse(X0))))),X3) = X3 [forward demodulation 100327,99997]
100503. inverse(multiply(inverse(multiply(X0,X3)),X0)) = X3 [forward demodulation 100366,99997]
100560. multiply(inverse(multiply(X0,inverse(X0))),X3) = X3 [forward demodulation 100485,99010]
106618. inverse(multiply(X2,multiply(inverse(multiply(X3,multiply(X0,multiply(multiply(X4,inverse(X4)),X2)))),X3))) = inverse(multiply(inverse(X0),multiply(X1,inverse(X1)))) [superposition 100503,98]
106653. multiply(inverse(X1),X0) = inverse(multiply(inverse(X0),X1)) [superposition 100503,99412]
106711. multiply(inverse(X1),multiply(multiply(X2,inverse(X2)),inverse(multiply(X0,multiply(X3,inverse(X3)))))) = inverse(multiply(X0,X1)) [superposition 100503,521]
106919. inverse(inverse(multiply(X1,multiply(X3,multiply(inverse(X3),inverse(X0)))))) = multiply(X1,multiply(inverse(multiply(X2,X0)),X2)) [superposition 67306,100503]
106943. inverse(X0) = multiply(inverse(multiply(X1,X0)),X1) [superposition 99010,100503]
106978. inverse(inverse(multiply(X1,multiply(X3,multiply(inverse(X3),inverse(X0)))))) = multiply(X1,inverse(X0)) [forward demodulation 106919,106943]
107177. multiply(inverse(X1),inverse(X0)) = inverse(multiply(X0,X1)) [forward demodulation 106711,98761]
107260. inverse(multiply(X2,multiply(inverse(multiply(X3,multiply(X0,multiply(multiply(X4,inverse(X4)),X2)))),X3))) = multiply(inverse(multiply(X1,inverse(X1))),X0) [forward demodulation 106618,106653]
107283. multiply(X1,inverse(X0)) = multiply(inverse(inverse(X1)),inverse(X0)) [forward demodulation 106978,98744]
107467. inverse(multiply(X2,multiply(inverse(multiply(X3,multiply(X0,multiply(multiply(X4,inverse(X4)),X2)))),X3))) = X0 [forward demodulation 107260,100560]
107486. multiply(X1,inverse(X0)) = inverse(multiply(X0,inverse(X1))) [forward demodulation 107283,107177]
107589. inverse(multiply(X2,inverse(multiply(X0,multiply(multiply(X4,inverse(X4)),X2))))) = X0 [forward demodulation 107467,106943]
107640. multiply(multiply(X0,multiply(multiply(X4,inverse(X4)),X2)),inverse(X2)) = X0 [forward demodulation 107589,107486]
107662. multiply(multiply(X0,X2),inverse(X2)) = X0 [forward demodulation 107640,99997]
108906. inverse(X1) = multiply(X0,inverse(multiply(X1,X0))) [superposition 107662,99527]
122670. multiply(multiply(X1,X2),X0) = inverse(inverse(multiply(X1,multiply(X2,multiply(multiply(X3,inverse(X3)),X0))))) [superposition 108906,8891]
122849. multiply(X1,multiply(X2,multiply(multiply(X3,inverse(X3)),X0))) = multiply(multiply(X1,X2),X0) [forward demodulation 122670,99010]
122967. multiply(X1,multiply(X2,X0)) = multiply(multiply(X1,X2),X0) [forward demodulation 122849,99997]
174084. multiply(a3,multiply(b3,c3)) != multiply(a3,multiply(b3,c3)) [superposition 2,122967]
174317. $false [trivial inequality removal 174084]
% SZS output end Proof for GRP444-1
% ------------------------------
% Version: Vampire 5.0.0 (Release build, commit 2e2c9b7b8 on 2026-01-17 12:24:14 +0100)
% Linked with Z3 4.14.0.0 3c47fd96cf5645d0c42b2c819d9e9a84380aa721 z3-4.8.4-9178-g3c47fd96c
% CaDiCaL version: 2.1.3
% Termination reason: Refutation
% Time elapsed: 4.328 s
% Peak memory usage: 218 MB
% Instructions burned: 24078 (million)
% ------------------------------
% ------------------------------
