% Running in auto input_syntax mode. Trying TPTP
% Refutation found. Thanks to Tanya!
% SZS status Unsatisfiable for GRP062-1_clausified
% SZS output start Proof for GRP062-1_clausified
1. inverse(multiply(X0,multiply(X1,multiply(multiply(X2,inverse(X2)),inverse(multiply(X3,multiply(X0,X1))))))) = X3 [input(axiom)]
2. multiply(inverse(a1),a1) != multiply(inverse(b1),b1) | a2 != multiply(multiply(inverse(b2),b2),a2) | multiply(multiply(a3,b3),c3) != multiply(a3,multiply(b3,c3)) [input(negated conjecture)]
4. 1 <=> multiply(multiply(a3,b3),c3) = multiply(a3,multiply(b3,c3)) [avatar definition]
6. multiply(multiply(a3,b3),c3) != multiply(a3,multiply(b3,c3)) <- (~1) [avatar component clause 4]
8. 2 <=> a2 = multiply(multiply(inverse(b2),b2),a2) [avatar definition]
10. a2 != multiply(multiply(inverse(b2),b2),a2) <- (~2) [avatar component clause 8]
12. 3 <=> multiply(inverse(a1),a1) = multiply(inverse(b1),b1) [avatar definition]
14. multiply(inverse(a1),a1) != multiply(inverse(b1),b1) <- (~3) [avatar component clause 12]
15. ~1 | ~2 | ~3 [avatar split clause 2,12,8,4]
16. inverse(multiply(X1,multiply(X2,multiply(multiply(multiply(X3,multiply(X4,multiply(multiply(X5,inverse(X5)),inverse(multiply(X0,multiply(X3,X4)))))),X0),inverse(multiply(X6,multiply(X1,X2))))))) = X6 [superposition 1,1]
17. inverse(multiply(X1,multiply(multiply(multiply(X2,inverse(X2)),inverse(multiply(X0,multiply(X3,X1)))),multiply(multiply(X4,inverse(X4)),X0)))) = X3 [superposition 1,1]
20. inverse(multiply(multiply(multiply(X1,inverse(X1)),inverse(multiply(X0,multiply(X2,X3)))),multiply(multiply(multiply(X4,inverse(X4)),X0),multiply(multiply(X5,inverse(X5)),X2)))) = X3 [superposition 17,1]
21. multiply(multiply(X5,inverse(X5)),inverse(multiply(X2,multiply(X0,X4)))) = inverse(multiply(multiply(multiply(X1,inverse(X1)),X2),multiply(multiply(multiply(X3,inverse(X3)),X0),multiply(multiply(X6,inverse(X6)),X4)))) [superposition 17,17]
69. inverse(multiply(multiply(multiply(X9,inverse(X9)),X7),multiply(multiply(multiply(X10,inverse(X10)),multiply(X8,inverse(X8))),multiply(multiply(X11,inverse(X11)),inverse(multiply(X1,multiply(X3,X5))))))) = multiply(multiply(X6,inverse(X6)),inverse(multiply(X7,inverse(multiply(multiply(multiply(X0,inverse(X0)),X1),multiply(multiply(multiply(X2,inverse(X2)),X3),multiply(multiply(X4,inverse(X4)),X5))))))) [superposition 21,21]
94. multiply(multiply(X1,inverse(X1)),inverse(multiply(inverse(multiply(X2,multiply(X3,X0))),multiply(X2,X3)))) = X0 [superposition 21,20]
96. multiply(multiply(X1,inverse(X1)),inverse(multiply(X2,multiply(inverse(multiply(X3,multiply(X0,multiply(multiply(X4,inverse(X4)),X2)))),X3)))) = X0 [superposition 21,17]
109. inverse(multiply(multiply(X6,inverse(X6)),multiply(inverse(multiply(X1,multiply(X3,X5))),multiply(multiply(X7,inverse(X7)),inverse(multiply(X8,inverse(multiply(multiply(multiply(X0,inverse(X0)),X1),multiply(multiply(multiply(X2,inverse(X2)),X3),multiply(multiply(X4,inverse(X4)),X5)))))))))) = X8 [superposition 1,21]
133. multiply(multiply(X5,inverse(X5)),X4) = multiply(multiply(X1,inverse(X1)),inverse(multiply(X0,multiply(X2,multiply(multiply(X3,inverse(X3)),inverse(multiply(X4,multiply(X0,X2)))))))) [superposition 94,17]
156. multiply(multiply(X5,inverse(X5)),X4) = multiply(multiply(X1,inverse(X1)),X4) [forward demodulation 133,1]
218. multiply(multiply(X3,inverse(X3)),X2) = multiply(multiply(multiply(X0,inverse(X0)),inverse(multiply(X1,inverse(X1)))),X2) [superposition 156,156]
268. inverse(multiply(multiply(X2,inverse(X2)),multiply(X1,multiply(multiply(X3,inverse(X3)),inverse(multiply(X4,multiply(multiply(X0,inverse(X0)),X1))))))) = X4 [superposition 1,156]
478. multiply(multiply(X2,inverse(X2)),X3) = multiply(multiply(multiply(X4,inverse(X4)),inverse(multiply(multiply(X0,inverse(X0)),inverse(multiply(X1,inverse(X1)))))),X3) [superposition 218,156]
1081. multiply(X6,inverse(X6)) = multiply(multiply(X4,inverse(X4)),inverse(multiply(X3,multiply(inverse(multiply(X5,multiply(multiply(multiply(X0,inverse(X0)),inverse(multiply(X1,inverse(X1)))),multiply(multiply(X2,inverse(X2)),X3)))),X5)))) [superposition 96,218]
1106. inverse(multiply(inverse(multiply(X1,multiply(X0,multiply(multiply(X2,inverse(X2)),X3)))),multiply(X1,X0))) = X3 [superposition 1,96]
1359. inverse(multiply(X0,multiply(inverse(multiply(X1,multiply(multiply(multiply(X2,inverse(X2)),X3),multiply(multiply(X4,inverse(X4)),X0)))),X1))) = X3 [superposition 1106,1106]
1422. multiply(X6,inverse(X6)) = multiply(multiply(X4,inverse(X4)),inverse(multiply(X1,inverse(X1)))) [backward demodulation 1081,1359]
1666. multiply(X1,inverse(X1)) = multiply(X0,inverse(X0)) [superposition 1422,1422]
1776. inverse(multiply(X4,inverse(X4))) = inverse(multiply(inverse(multiply(X1,multiply(X2,multiply(X0,inverse(X0))))),multiply(X1,X2))) [superposition 1106,1422]
1815. inverse(multiply(multiply(X1,inverse(X1)),multiply(inverse(multiply(X2,inverse(X2))),multiply(multiply(X3,inverse(X3)),inverse(multiply(X4,multiply(X0,inverse(X0)))))))) = X4 [superposition 1,1422]
2138. inverse(multiply(X1,multiply(inverse(X1),multiply(multiply(X2,inverse(X2)),inverse(multiply(X3,multiply(X0,inverse(X0)))))))) = X3 [superposition 1,1666]
2158. inverse(X3) = multiply(multiply(X1,inverse(X1)),inverse(multiply(inverse(multiply(X2,multiply(X0,inverse(X0)))),multiply(X2,X3)))) [superposition 94,1666]
2159. multiply(multiply(X1,inverse(X1)),inverse(multiply(inverse(multiply(X2,multiply(inverse(X2),X3))),multiply(X0,inverse(X0))))) = X3 [superposition 94,1666]
2163. inverse(multiply(X1,multiply(X2,multiply(X0,inverse(X0))))) = multiply(X3,multiply(X4,multiply(multiply(X5,inverse(X5)),inverse(multiply(multiply(X1,X2),multiply(X3,X4)))))) [superposition 16,1666]
2625. inverse(multiply(X1,inverse(X1))) = inverse(multiply(X0,inverse(X0))) [superposition 1776,1106]
3056. inverse(multiply(X2,inverse(X2))) = inverse(multiply(multiply(X1,inverse(X1)),inverse(multiply(X0,inverse(X0))))) [superposition 2625,2625]
4142. inverse(multiply(X3,multiply(inverse(X3),X0))) = inverse(multiply(X1,multiply(inverse(X1),X0))) [superposition 2138,94]
4151. inverse(multiply(X0,multiply(X1,inverse(X1)))) = inverse(multiply(X0,multiply(X3,inverse(X3)))) [superposition 1106,2138]
4594. inverse(multiply(X4,multiply(inverse(X4),X3))) = inverse(multiply(multiply(X2,inverse(X2)),multiply(inverse(multiply(multiply(X0,inverse(X0)),inverse(multiply(X1,inverse(X1))))),X3))) [superposition 4142,3056]
4595. inverse(multiply(X3,multiply(inverse(X3),X2))) = inverse(multiply(multiply(X1,inverse(X1)),multiply(inverse(multiply(X0,inverse(X0))),X2))) [superposition 4142,2625]
4599. inverse(multiply(X2,multiply(inverse(X2),inverse(inverse(X1))))) = inverse(multiply(X1,multiply(X0,inverse(X0)))) [superposition 4142,1666]
4661. inverse(multiply(inverse(X2),multiply(X1,multiply(multiply(X3,inverse(X3)),inverse(multiply(X0,multiply(inverse(X0),X1))))))) = X2 [superposition 1,4142]
4707. inverse(multiply(X2,multiply(inverse(X2),multiply(multiply(X3,inverse(X3)),inverse(multiply(X0,multiply(inverse(X0),inverse(inverse(X1))))))))) = X1 [superposition 2138,4142]
5255. inverse(multiply(X1,multiply(X3,inverse(X3)))) = inverse(multiply(X1,multiply(multiply(X2,inverse(X2)),inverse(multiply(X0,inverse(X0)))))) [superposition 4151,2625]
5437. inverse(multiply(X2,multiply(inverse(X2),X3))) = inverse(multiply(multiply(X0,multiply(X4,inverse(X4))),multiply(inverse(multiply(X0,multiply(X1,inverse(X1)))),X3))) [superposition 4142,4151]
5954. inverse(multiply(X3,multiply(X4,inverse(X4)))) = inverse(multiply(multiply(X0,multiply(X2,inverse(X2))),multiply(inverse(multiply(X0,multiply(X1,inverse(X1)))),inverse(inverse(X3))))) [superposition 4599,4151]
6228. multiply(multiply(X3,inverse(X3)),inverse(multiply(X0,multiply(inverse(X0),inverse(inverse(inverse(multiply(X1,multiply(inverse(X1),X2))))))))) = X2 [superposition 94,4599]
6288. multiply(X3,inverse(X3)) = multiply(multiply(X1,multiply(X2,inverse(X2))),inverse(multiply(X0,multiply(inverse(X0),inverse(inverse(X1)))))) [superposition 1666,4599]
8438. inverse(inverse(X1)) = multiply(multiply(X3,inverse(X3)),inverse(multiply(X0,multiply(inverse(X0),inverse(inverse(inverse(multiply(X1,multiply(X2,inverse(X2)))))))))) [superposition 2158,4599]
9224. inverse(multiply(inverse(multiply(X1,multiply(X2,X0))),multiply(X1,X2))) = inverse(multiply(inverse(multiply(X4,multiply(inverse(X4),X0))),multiply(X5,inverse(X5)))) [superposition 1106,2159]
11273. inverse(multiply(inverse(X1),multiply(inverse(inverse(inverse(multiply(X2,multiply(inverse(X2),X0))))),X0))) = X1 [superposition 4661,2159]
11285. multiply(X1,multiply(multiply(multiply(X2,inverse(X2)),inverse(multiply(X3,multiply(inverse(X3),X1)))),multiply(multiply(X4,inverse(X4)),X0))) = X0 [superposition 4661,1106]
11345. multiply(multiply(X2,inverse(X2)),inverse(multiply(X3,multiply(inverse(X3),inverse(inverse(X0)))))) = multiply(multiply(X1,inverse(X1)),inverse(multiply(X0,multiply(X4,inverse(X4))))) [superposition 2159,4661]
12085. inverse(multiply(inverse(X1),multiply(inverse(inverse(inverse(multiply(X2,multiply(X0,inverse(X0)))))),inverse(inverse(X2))))) = X1 [superposition 11273,1666]
12112. multiply(inverse(inverse(inverse(multiply(X1,multiply(inverse(X1),X2))))),multiply(X2,multiply(multiply(X3,inverse(X3)),X0))) = X0 [superposition 11273,1106]
12118. multiply(multiply(X3,inverse(X3)),multiply(inverse(inverse(inverse(multiply(X0,multiply(inverse(X0),X1))))),multiply(X1,X2))) = X2 [superposition 94,11273]
12832. multiply(X0,multiply(X2,inverse(X2))) = inverse(multiply(inverse(multiply(X0,multiply(X1,inverse(X1)))),multiply(inverse(inverse(inverse(multiply(X3,multiply(X4,inverse(X4)))))),inverse(inverse(X3))))) [superposition 12085,4151]
14504. inverse(inverse(multiply(X0,multiply(inverse(inverse(inverse(multiply(X1,multiply(inverse(X1),X2))))),X2)))) = X0 [superposition 1,12112]
18143. inverse(inverse(multiply(X0,multiply(multiply(X1,inverse(X1)),inverse(inverse(inverse(multiply(X2,multiply(inverse(X2),multiply(X3,inverse(X3))))))))))) = X0 [superposition 1,12118]
19665. inverse(X5) = multiply(multiply(X4,inverse(X4)),inverse(multiply(X3,multiply(inverse(multiply(multiply(X0,inverse(X0)),multiply(inverse(multiply(X1,inverse(X1))),multiply(multiply(X2,inverse(X2)),X3)))),X5)))) [superposition 96,4595]
20849. inverse(multiply(inverse(X1),multiply(inverse(inverse(multiply(X2,multiply(X3,multiply(multiply(X4,inverse(X4)),inverse(multiply(multiply(X5,inverse(X5)),multiply(X2,X3)))))))),multiply(X0,inverse(X0))))) = X1 [superposition 16,6288]
20936. inverse(multiply(inverse(X1),multiply(inverse(multiply(X5,inverse(X5))),multiply(X0,inverse(X0))))) = X1 [forward demodulation 20849,1]
21080. multiply(multiply(X3,inverse(X3)),multiply(inverse(multiply(X0,inverse(X0))),multiply(multiply(X1,inverse(X1)),X2))) = X2 [superposition 94,20936]
21161. inverse(inverse(multiply(X4,multiply(X0,inverse(X0))))) = X4 [backward demodulation 1815,21080]
21163. inverse(X5) = multiply(multiply(X4,inverse(X4)),inverse(multiply(X3,multiply(inverse(X3),X5)))) [backward demodulation 19665,21080]
21167. inverse(inverse(X1)) = multiply(multiply(X3,inverse(X3)),inverse(multiply(X0,multiply(inverse(X0),inverse(X1))))) [backward demodulation 8438,21161]
21170. multiply(X0,multiply(X2,inverse(X2))) = inverse(multiply(inverse(multiply(X0,multiply(X1,inverse(X1)))),multiply(inverse(X3),inverse(inverse(X3))))) [backward demodulation 12832,21161]
21264. inverse(multiply(X2,multiply(inverse(X2),inverse(inverse(inverse(X1)))))) = X1 [backward demodulation 4707,21167]
21266. multiply(multiply(X1,inverse(X1)),inverse(multiply(X0,multiply(X4,inverse(X4))))) = inverse(inverse(inverse(X0))) [backward demodulation 11345,21167]
21273. multiply(multiply(X3,inverse(X3)),multiply(X1,multiply(inverse(X1),X2))) = X2 [backward demodulation 6228,21264]
21344. inverse(multiply(inverse(X2),multiply(X1,inverse(X1)))) = X2 [backward demodulation 4661,21163]
21346. multiply(X1,multiply(inverse(X1),multiply(multiply(X4,inverse(X4)),X0))) = X0 [backward demodulation 11285,21163]
21576. multiply(inverse(multiply(X1,multiply(X2,multiply(multiply(X3,inverse(X3)),X0)))),multiply(X1,X2)) = inverse(multiply(X0,multiply(X4,inverse(X4)))) [superposition 21344,1106]
21588. multiply(X0,multiply(multiply(X2,inverse(X2)),inverse(multiply(X3,inverse(X3))))) = inverse(multiply(inverse(multiply(X0,multiply(X1,inverse(X1)))),multiply(X4,inverse(X4)))) [superposition 21344,5255]
21592. multiply(X1,multiply(X2,multiply(multiply(X3,inverse(X3)),inverse(multiply(X0,multiply(X1,X2)))))) = inverse(multiply(X0,multiply(X4,inverse(X4)))) [superposition 21344,1]
21865. inverse(multiply(X1,multiply(inverse(X1),inverse(X0)))) = multiply(X0,multiply(inverse(inverse(inverse(multiply(X2,multiply(inverse(X2),X3))))),X3)) [superposition 21264,14504]
22426. multiply(multiply(multiply(inverse(X0),multiply(X1,inverse(X1))),X0),multiply(X2,multiply(inverse(X2),X3))) = X3 [superposition 21273,21344]
22496. multiply(multiply(X1,inverse(X1)),X0) = multiply(inverse(inverse(multiply(X2,inverse(X2)))),X0) [superposition 21273,21273]
22530. multiply(inverse(multiply(X3,inverse(X3))),X0) = multiply(inverse(inverse(inverse(multiply(X1,multiply(inverse(X1),multiply(X2,inverse(X2))))))),X0) [superposition 12112,21273]
22553. multiply(X4,multiply(inverse(X4),X0)) = multiply(multiply(X1,inverse(X1)),multiply(inverse(inverse(inverse(multiply(X2,multiply(inverse(X2),multiply(X3,inverse(X3))))))),X0)) [superposition 12118,21273]
22677. multiply(multiply(X3,inverse(X3)),X0) = multiply(multiply(X1,inverse(X1)),inverse(multiply(inverse(X0),multiply(X2,inverse(X2))))) [superposition 94,21346]
22702. multiply(inverse(inverse(X2)),multiply(multiply(X3,inverse(X3)),X0)) = multiply(multiply(X1,inverse(X1)),multiply(X2,X0)) [superposition 21273,21346]
22716. multiply(multiply(X3,inverse(X3)),X0) = inverse(inverse(inverse(inverse(X0)))) [forward demodulation 22677,21266]
22717. inverse(multiply(X1,multiply(multiply(multiply(X2,inverse(X2)),inverse(multiply(X0,multiply(X3,X1)))),inverse(inverse(inverse(inverse(X0))))))) = X3 [backward demodulation 17,22716]
22721. multiply(multiply(X5,inverse(X5)),inverse(multiply(X2,multiply(X0,X4)))) = inverse(multiply(inverse(inverse(inverse(inverse(X2)))),multiply(multiply(multiply(X3,inverse(X3)),X0),multiply(multiply(X6,inverse(X6)),X4)))) [backward demodulation 21,22716]
22752. inverse(multiply(multiply(multiply(X9,inverse(X9)),X7),multiply(multiply(multiply(X10,inverse(X10)),multiply(X8,inverse(X8))),multiply(multiply(X11,inverse(X11)),inverse(multiply(X1,multiply(X3,X5))))))) = multiply(multiply(X6,inverse(X6)),inverse(multiply(X7,inverse(multiply(inverse(inverse(inverse(inverse(X1)))),multiply(multiply(multiply(X2,inverse(X2)),X3),multiply(multiply(X4,inverse(X4)),X5))))))) [backward demodulation 69,22716]
22787. inverse(multiply(multiply(X6,inverse(X6)),multiply(inverse(multiply(X1,multiply(X3,X5))),multiply(multiply(X7,inverse(X7)),inverse(multiply(X8,inverse(multiply(inverse(inverse(inverse(inverse(X1)))),multiply(multiply(multiply(X2,inverse(X2)),X3),multiply(multiply(X4,inverse(X4)),X5)))))))))) = X8 [backward demodulation 109,22716]
22830. multiply(multiply(multiply(X0,inverse(X0)),inverse(multiply(X1,inverse(X1)))),X2) = inverse(inverse(inverse(inverse(X2)))) [backward demodulation 218,22716]
22831. inverse(multiply(multiply(X2,inverse(X2)),multiply(X1,multiply(multiply(X3,inverse(X3)),inverse(multiply(X4,inverse(inverse(inverse(inverse(X1)))))))))) = X4 [backward demodulation 268,22716]
22867. multiply(multiply(multiply(X4,inverse(X4)),inverse(multiply(multiply(X0,inverse(X0)),inverse(multiply(X1,inverse(X1)))))),X3) = inverse(inverse(inverse(inverse(X3)))) [backward demodulation 478,22716]
24051. inverse(multiply(X0,multiply(X4,inverse(X4)))) = multiply(inverse(multiply(X1,multiply(X2,inverse(inverse(inverse(inverse(X0))))))),multiply(X1,X2)) [backward demodulation 21576,22716]
24072. multiply(inverse(inverse(multiply(X2,inverse(X2)))),X0) = inverse(inverse(inverse(inverse(X0)))) [backward demodulation 22496,22716]
24102. inverse(inverse(multiply(X0,inverse(inverse(inverse(inverse(inverse(inverse(inverse(multiply(X2,multiply(inverse(X2),multiply(X3,inverse(X3)))))))))))))) = X0 [backward demodulation 18143,22716]
24136. inverse(multiply(X4,multiply(inverse(X4),X3))) = inverse(multiply(multiply(X2,inverse(X2)),multiply(inverse(inverse(inverse(inverse(inverse(inverse(multiply(X1,inverse(X1)))))))),X3))) [backward demodulation 4594,22716]
24177. inverse(multiply(inverse(multiply(X0,multiply(X1,inverse(X1)))),multiply(X4,inverse(X4)))) = multiply(X0,inverse(inverse(inverse(inverse(inverse(multiply(X3,inverse(X3)))))))) [backward demodulation 21588,22716]
24353. inverse(multiply(X0,multiply(X4,inverse(X4)))) = multiply(X1,multiply(X2,inverse(inverse(inverse(inverse(inverse(multiply(X0,multiply(X1,X2))))))))) [backward demodulation 21592,22716]
24367. inverse(multiply(X1,multiply(X2,multiply(X0,inverse(X0))))) = multiply(X3,multiply(X4,inverse(inverse(inverse(inverse(inverse(multiply(multiply(X1,X2),multiply(X3,X4))))))))) [backward demodulation 2163,22716]
24425. inverse(multiply(X1,multiply(inverse(inverse(inverse(inverse(inverse(multiply(X0,multiply(X3,X1))))))),inverse(inverse(inverse(inverse(X0))))))) = X3 [forward demodulation 22717,22716]
24431. multiply(multiply(X5,inverse(X5)),inverse(multiply(X2,multiply(X0,X4)))) = inverse(multiply(inverse(inverse(inverse(inverse(X2)))),multiply(multiply(multiply(X3,inverse(X3)),X0),inverse(inverse(inverse(inverse(X4))))))) [forward demodulation 22721,22716]
24432. multiply(multiply(X5,inverse(X5)),inverse(multiply(X2,multiply(X0,X4)))) = inverse(multiply(inverse(inverse(inverse(inverse(X2)))),multiply(inverse(inverse(inverse(inverse(X0)))),inverse(inverse(inverse(inverse(X4))))))) [forward demodulation 24431,22716]
24433. inverse(multiply(inverse(inverse(inverse(inverse(X2)))),multiply(inverse(inverse(inverse(inverse(X0)))),inverse(inverse(inverse(inverse(X4))))))) = inverse(inverse(inverse(inverse(inverse(multiply(X2,multiply(X0,X4))))))) [forward demodulation 24432,22716]
24545. inverse(multiply(multiply(multiply(X9,inverse(X9)),X7),multiply(multiply(multiply(X10,inverse(X10)),multiply(X8,inverse(X8))),multiply(multiply(X11,inverse(X11)),inverse(multiply(X1,multiply(X3,X5))))))) = multiply(multiply(X6,inverse(X6)),inverse(multiply(X7,inverse(multiply(inverse(inverse(inverse(inverse(X1)))),multiply(multiply(multiply(X2,inverse(X2)),X3),inverse(inverse(inverse(inverse(X5)))))))))) [forward demodulation 22752,22716]
24546. inverse(multiply(multiply(multiply(X9,inverse(X9)),X7),multiply(multiply(multiply(X10,inverse(X10)),multiply(X8,inverse(X8))),multiply(multiply(X11,inverse(X11)),inverse(multiply(X1,multiply(X3,X5))))))) = multiply(multiply(X6,inverse(X6)),inverse(multiply(X7,inverse(multiply(inverse(inverse(inverse(inverse(X1)))),multiply(inverse(inverse(inverse(inverse(X3)))),inverse(inverse(inverse(inverse(X5)))))))))) [forward demodulation 24545,22716]
24547. inverse(multiply(multiply(multiply(X9,inverse(X9)),X7),multiply(multiply(multiply(X10,inverse(X10)),multiply(X8,inverse(X8))),multiply(multiply(X11,inverse(X11)),inverse(multiply(X1,multiply(X3,X5))))))) = inverse(inverse(inverse(inverse(inverse(multiply(X7,inverse(multiply(inverse(inverse(inverse(inverse(X1)))),multiply(inverse(inverse(inverse(inverse(X3)))),inverse(inverse(inverse(inverse(X5))))))))))))) [forward demodulation 24546,22716]
24548. inverse(multiply(multiply(multiply(X9,inverse(X9)),X7),multiply(multiply(multiply(X10,inverse(X10)),multiply(X8,inverse(X8))),multiply(multiply(X11,inverse(X11)),inverse(multiply(X1,multiply(X3,X5))))))) = inverse(inverse(inverse(inverse(inverse(multiply(X7,inverse(inverse(inverse(inverse(inverse(multiply(X1,multiply(X3,X5))))))))))))) [forward demodulation 24547,24433]
24549. inverse(inverse(inverse(inverse(inverse(multiply(X7,inverse(inverse(inverse(inverse(inverse(multiply(X1,multiply(X3,X5))))))))))))) = inverse(multiply(multiply(multiply(X9,inverse(X9)),X7),multiply(multiply(multiply(X10,inverse(X10)),multiply(X8,inverse(X8))),inverse(inverse(inverse(inverse(inverse(multiply(X1,multiply(X3,X5)))))))))) [forward demodulation 24548,22716]
24550. inverse(inverse(inverse(inverse(inverse(multiply(X7,inverse(inverse(inverse(inverse(inverse(multiply(X1,multiply(X3,X5))))))))))))) = inverse(multiply(multiply(multiply(X9,inverse(X9)),X7),multiply(inverse(inverse(inverse(inverse(multiply(X8,inverse(X8)))))),inverse(inverse(inverse(inverse(inverse(multiply(X1,multiply(X3,X5)))))))))) [forward demodulation 24549,22716]
24551. inverse(inverse(inverse(inverse(inverse(multiply(X7,inverse(inverse(inverse(inverse(inverse(multiply(X1,multiply(X3,X5))))))))))))) = inverse(multiply(inverse(inverse(inverse(inverse(X7)))),multiply(inverse(inverse(inverse(inverse(multiply(X8,inverse(X8)))))),inverse(inverse(inverse(inverse(inverse(multiply(X1,multiply(X3,X5)))))))))) [forward demodulation 24550,22716]
24709. inverse(inverse(inverse(inverse(inverse(multiply(inverse(multiply(X1,multiply(X3,X5))),multiply(multiply(X7,inverse(X7)),inverse(multiply(X8,inverse(multiply(inverse(inverse(inverse(inverse(X1)))),multiply(multiply(multiply(X2,inverse(X2)),X3),multiply(multiply(X4,inverse(X4)),X5))))))))))))) = X8 [forward demodulation 22787,22716]
24710. inverse(inverse(inverse(inverse(inverse(multiply(inverse(multiply(X1,multiply(X3,X5))),inverse(inverse(inverse(inverse(inverse(multiply(X8,inverse(multiply(inverse(inverse(inverse(inverse(X1)))),multiply(multiply(multiply(X2,inverse(X2)),X3),multiply(multiply(X4,inverse(X4)),X5)))))))))))))))) = X8 [forward demodulation 24709,22716]
24711. inverse(inverse(inverse(inverse(inverse(multiply(inverse(multiply(X1,multiply(X3,X5))),inverse(inverse(inverse(inverse(inverse(multiply(X8,inverse(multiply(inverse(inverse(inverse(inverse(X1)))),multiply(multiply(multiply(X2,inverse(X2)),X3),inverse(inverse(inverse(inverse(X5))))))))))))))))))) = X8 [forward demodulation 24710,22716]
24712. inverse(inverse(inverse(inverse(inverse(multiply(inverse(multiply(X1,multiply(X3,X5))),inverse(inverse(inverse(inverse(inverse(multiply(X8,inverse(multiply(inverse(inverse(inverse(inverse(X1)))),multiply(inverse(inverse(inverse(inverse(X3)))),inverse(inverse(inverse(inverse(X5))))))))))))))))))) = X8 [forward demodulation 24711,22716]
24713. inverse(inverse(inverse(inverse(inverse(multiply(inverse(multiply(X1,multiply(X3,X5))),inverse(inverse(inverse(inverse(inverse(multiply(X8,inverse(inverse(inverse(inverse(inverse(multiply(X1,multiply(X3,X5))))))))))))))))))) = X8 [forward demodulation 24712,24433]
24908. inverse(inverse(inverse(inverse(X2)))) = multiply(inverse(inverse(inverse(inverse(inverse(multiply(X1,inverse(X1))))))),X2) [forward demodulation 22830,22716]
24909. inverse(inverse(inverse(inverse(inverse(multiply(X1,multiply(multiply(X3,inverse(X3)),inverse(multiply(X4,inverse(inverse(inverse(inverse(X1))))))))))))) = X4 [forward demodulation 22831,22716]
24910. inverse(inverse(inverse(inverse(inverse(multiply(X1,inverse(inverse(inverse(inverse(inverse(multiply(X4,inverse(inverse(inverse(inverse(X1)))))))))))))))) = X4 [forward demodulation 24909,22716]
25073. inverse(inverse(inverse(inverse(X3)))) = multiply(inverse(inverse(inverse(inverse(inverse(multiply(multiply(X0,inverse(X0)),inverse(multiply(X1,inverse(X1))))))))),X3) [forward demodulation 22867,22716]
25074. inverse(inverse(inverse(inverse(X3)))) = multiply(inverse(inverse(inverse(inverse(inverse(inverse(inverse(inverse(inverse(inverse(multiply(X1,inverse(X1)))))))))))),X3) [forward demodulation 25073,22716]
32328. inverse(multiply(X4,multiply(inverse(X4),X3))) = inverse(inverse(inverse(inverse(inverse(multiply(inverse(inverse(inverse(inverse(inverse(inverse(multiply(X1,inverse(X1)))))))),X3)))))) [forward demodulation 24136,22716]
33157. multiply(inverse(inverse(X2)),multiply(multiply(X3,inverse(X3)),X0)) = inverse(inverse(inverse(inverse(multiply(X2,X0))))) [forward demodulation 22702,22716]
33158. inverse(inverse(inverse(inverse(multiply(X2,X0))))) = multiply(inverse(inverse(X2)),inverse(inverse(inverse(inverse(X0))))) [forward demodulation 33157,22716]
33159. inverse(multiply(X1,inverse(inverse(inverse(inverse(multiply(inverse(inverse(inverse(multiply(X0,multiply(X3,X1))))),X0))))))) = X3 [backward demodulation 24425,33158]
33223. inverse(inverse(inverse(inverse(inverse(multiply(X7,inverse(inverse(inverse(inverse(inverse(multiply(X1,multiply(X3,X5))))))))))))) = inverse(multiply(inverse(inverse(inverse(inverse(X7)))),inverse(inverse(inverse(inverse(multiply(inverse(inverse(multiply(X8,inverse(X8)))),inverse(multiply(X1,multiply(X3,X5)))))))))) [backward demodulation 24551,33158]
33366. inverse(inverse(inverse(inverse(inverse(multiply(X7,inverse(inverse(inverse(inverse(inverse(multiply(X1,multiply(X3,X5))))))))))))) = inverse(inverse(inverse(inverse(inverse(multiply(inverse(inverse(X7)),multiply(inverse(inverse(multiply(X8,inverse(X8)))),inverse(multiply(X1,multiply(X3,X5)))))))))) [forward demodulation 33223,33158]
33367. inverse(inverse(inverse(inverse(inverse(multiply(X7,inverse(inverse(inverse(inverse(inverse(multiply(X1,multiply(X3,X5))))))))))))) = inverse(inverse(inverse(inverse(inverse(multiply(inverse(inverse(X7)),inverse(inverse(inverse(inverse(inverse(multiply(X1,multiply(X3,X5))))))))))))) [forward demodulation 33366,24072]
33368. inverse(inverse(inverse(inverse(inverse(multiply(X7,inverse(inverse(inverse(inverse(inverse(multiply(X1,multiply(X3,X5))))))))))))) = inverse(inverse(inverse(inverse(inverse(inverse(inverse(inverse(inverse(multiply(X7,inverse(multiply(X1,multiply(X3,X5))))))))))))) [forward demodulation 33367,33158]
33370. inverse(inverse(inverse(inverse(inverse(multiply(inverse(multiply(X1,multiply(X3,X5))),inverse(inverse(inverse(inverse(inverse(inverse(inverse(inverse(inverse(multiply(X8,inverse(multiply(X1,multiply(X3,X5))))))))))))))))))) = X8 [backward demodulation 24713,33368]
33424. inverse(X2) = inverse(multiply(inverse(inverse(X0)),inverse(inverse(inverse(inverse(multiply(inverse(inverse(inverse(multiply(X0,multiply(X1,inverse(X1)))))),X2))))))) [superposition 33159,4599]
33435. inverse(multiply(X2,inverse(inverse(inverse(inverse(inverse(multiply(multiply(X0,inverse(X0)),multiply(X1,X2))))))))) = X1 [superposition 33159,21344]
33529. inverse(X2) = inverse(inverse(inverse(inverse(inverse(multiply(X0,multiply(inverse(inverse(inverse(multiply(X0,multiply(X1,inverse(X1)))))),X2))))))) [forward demodulation 33424,33158]
33530. inverse(X2) = inverse(inverse(inverse(inverse(inverse(multiply(X0,multiply(inverse(X0),X2))))))) [forward demodulation 33529,21161]
33531. inverse(inverse(multiply(X0,inverse(inverse(inverse(multiply(X3,inverse(X3)))))))) = X0 [backward demodulation 24102,33530]
33538. inverse(multiply(X2,inverse(inverse(inverse(inverse(inverse(inverse(inverse(inverse(inverse(multiply(X1,X2)))))))))))) = X1 [forward demodulation 33435,22716]
33540. inverse(inverse(inverse(inverse(X8)))) = X8 [backward demodulation 33370,33538]
33582. inverse(multiply(inverse(multiply(X0,multiply(X1,inverse(X1)))),multiply(X4,inverse(X4)))) = multiply(X0,inverse(multiply(X3,inverse(X3)))) [backward demodulation 24177,33540]
33608. multiply(inverse(multiply(X1,inverse(X1))),X2) = inverse(inverse(inverse(inverse(X2)))) [backward demodulation 24908,33540]
33609. inverse(inverse(inverse(inverse(X3)))) = multiply(inverse(inverse(inverse(inverse(inverse(inverse(multiply(X1,inverse(X1)))))))),X3) [backward demodulation 25074,33540]
33623. inverse(multiply(X4,multiply(inverse(X4),X3))) = inverse(inverse(inverse(inverse(inverse(multiply(inverse(inverse(multiply(X1,inverse(X1)))),X3)))))) [backward demodulation 32328,33540]
33646. inverse(multiply(X1,inverse(inverse(inverse(inverse(inverse(multiply(X4,inverse(inverse(inverse(inverse(X1)))))))))))) = X4 [backward demodulation 24910,33540]
33652. inverse(multiply(X0,multiply(X4,inverse(X4)))) = multiply(X1,multiply(X2,inverse(multiply(X0,multiply(X1,X2))))) [backward demodulation 24353,33540]
33720. multiply(X2,X0) = multiply(inverse(inverse(X2)),inverse(inverse(inverse(inverse(X0))))) [backward demodulation 33158,33540]
33807. inverse(multiply(X1,multiply(X2,multiply(X0,inverse(X0))))) = multiply(X3,multiply(X4,inverse(multiply(multiply(X1,X2),multiply(X3,X4))))) [backward demodulation 24367,33540]
33838. multiply(inverse(multiply(X1,multiply(X2,X0))),multiply(X1,X2)) = inverse(multiply(X0,multiply(X4,inverse(X4)))) [backward demodulation 24051,33540]
33887. multiply(inverse(multiply(X1,inverse(X1))),X2) = X2 [forward demodulation 33608,33540]
33890. multiply(inverse(inverse(inverse(multiply(X1,multiply(inverse(X1),multiply(X2,inverse(X2))))))),X0) = X0 [backward demodulation 22530,33887]
33945. multiply(multiply(X1,inverse(X1)),X0) = multiply(X4,multiply(inverse(X4),X0)) [backward demodulation 22553,33890]
33951. inverse(inverse(inverse(inverse(X3)))) = multiply(inverse(inverse(multiply(X1,inverse(X1)))),X3) [forward demodulation 33609,33540]
33952. multiply(inverse(inverse(multiply(X1,inverse(X1)))),X3) = X3 [forward demodulation 33951,33540]
33961. inverse(multiply(X4,multiply(inverse(X4),X3))) = inverse(multiply(inverse(inverse(multiply(X1,inverse(X1)))),X3)) [forward demodulation 33623,33540]
33962. inverse(X3) = inverse(multiply(X4,multiply(inverse(X4),X3))) [forward demodulation 33961,33952]
33980. inverse(X3) = inverse(multiply(multiply(X0,multiply(X4,inverse(X4))),multiply(inverse(multiply(X0,multiply(X1,inverse(X1)))),X3))) [backward demodulation 5437,33962]
33986. inverse(multiply(inverse(multiply(X1,multiply(X2,X0))),multiply(X1,X2))) = inverse(multiply(inverse(X0),multiply(X5,inverse(X5)))) [backward demodulation 9224,33962]
34072. inverse(multiply(X1,multiply(inverse(X1),inverse(X0)))) = multiply(X0,multiply(inverse(inverse(inverse(X3))),X3)) [backward demodulation 21865,33962]
34193. inverse(multiply(X3,multiply(X4,inverse(X4)))) = inverse(inverse(inverse(X3))) [backward demodulation 5954,33980]
34213. multiply(X0,multiply(X2,inverse(X2))) = inverse(multiply(inverse(inverse(inverse(X0))),multiply(inverse(X3),inverse(inverse(X3))))) [backward demodulation 21170,34193]
34298. multiply(X0,inverse(multiply(X3,inverse(X3)))) = inverse(multiply(inverse(inverse(inverse(X0))),multiply(X4,inverse(X4)))) [backward demodulation 33582,34193]
34309. multiply(X0,multiply(X2,inverse(X2))) = inverse(inverse(X0)) [forward demodulation 34213,21344]
34374. multiply(multiply(inverse(inverse(inverse(X0))),X0),multiply(X2,multiply(inverse(X2),X3))) = X3 [backward demodulation 22426,34309]
34535. inverse(inverse(inverse(inverse(inverse(inverse(X0)))))) = multiply(X0,inverse(multiply(X3,inverse(X3)))) [forward demodulation 34298,34309]
34536. inverse(inverse(X0)) = multiply(X0,inverse(multiply(X3,inverse(X3)))) [forward demodulation 34535,33540]
34565. inverse(multiply(inverse(multiply(X1,multiply(X2,X0))),multiply(X1,X2))) = inverse(inverse(inverse(inverse(X0)))) [forward demodulation 33986,34309]
34566. inverse(multiply(inverse(multiply(X1,multiply(X2,X0))),multiply(X1,X2))) = X0 [forward demodulation 34565,33540]
34567. multiply(multiply(X1,inverse(X1)),X0) = X0 [backward demodulation 94,34566]
34573. multiply(X4,multiply(inverse(X4),X0)) = X0 [backward demodulation 33945,34567]
34588. multiply(multiply(inverse(inverse(inverse(X0))),X0),X3) = X3 [backward demodulation 34374,34573]
34739. inverse(inverse(X0)) = multiply(X0,multiply(inverse(inverse(inverse(X3))),X3)) [forward demodulation 34072,34573]
34915. inverse(multiply(X1,inverse(multiply(X4,inverse(inverse(inverse(inverse(X1)))))))) = X4 [forward demodulation 33646,33540]
34916. inverse(multiply(X1,inverse(multiply(X4,X1)))) = X4 [forward demodulation 34915,33540]
34921. inverse(inverse(inverse(X0))) = multiply(X1,multiply(X2,inverse(multiply(X0,multiply(X1,X2))))) [forward demodulation 33652,34309]
35092. multiply(X2,X0) = multiply(inverse(inverse(X2)),X0) [forward demodulation 33720,33540]
35104. multiply(multiply(inverse(X0),X0),X3) = X3 [backward demodulation 34588,35092]
35107. inverse(inverse(X0)) = multiply(X0,multiply(inverse(X3),X3)) [backward demodulation 34739,35092]
35401. inverse(multiply(X1,multiply(X2,multiply(X0,inverse(X0))))) = inverse(inverse(inverse(multiply(X1,X2)))) [forward demodulation 33807,34921]
35402. inverse(inverse(inverse(multiply(X1,X2)))) = inverse(multiply(X1,inverse(inverse(X2)))) [forward demodulation 35401,34309]
35404. inverse(inverse(inverse(inverse(multiply(X0,inverse(multiply(X3,inverse(X3)))))))) = X0 [backward demodulation 33531,35402]
35420. inverse(inverse(inverse(inverse(inverse(inverse(X0)))))) = X0 [forward demodulation 35404,34536]
35421. inverse(inverse(X0)) = X0 [forward demodulation 35420,33540]
35423. multiply(X0,multiply(X2,inverse(X2))) = X0 [backward demodulation 34309,35421]
35442. multiply(X0,multiply(inverse(X3),X3)) = X0 [backward demodulation 35107,35421]
35556. inverse(X0) = multiply(inverse(multiply(X1,multiply(X2,X0))),multiply(X1,X2)) [forward demodulation 33838,35423]
36368. inverse(X0) = multiply(X1,inverse(multiply(X0,X1))) [superposition 35421,34916]
36570. multiply(inverse(X1),X1) = multiply(inverse(X0),X0) [superposition 35442,35104]
41466. inverse(inverse(multiply(X1,multiply(X2,X0)))) = multiply(multiply(X1,X2),inverse(inverse(X0))) [superposition 36368,35556]
41674. inverse(inverse(multiply(X1,multiply(X2,X0)))) = multiply(multiply(X1,X2),X0) [forward demodulation 41466,35421]
41675. multiply(X1,multiply(X2,X0)) = multiply(multiply(X1,X2),X0) [forward demodulation 41674,35421]
43370. multiply(a3,multiply(b3,c3)) != multiply(a3,multiply(b3,c3)) <- (~1) [superposition 6,41675]
43421. $false <- (~1) [trivial inequality removal 43370]
43422. 1 [avatar contradiction clause 43421]
43604. $false <- (~2) [subsumption resolution 10,35104]
43605. 2 [avatar contradiction clause 43604]
43606. $false <- (~3) [subsumption resolution 14,36570]
43607. 3 [avatar contradiction clause 43606]
43608. $false [avatar sat refutation 15,43422,43605,43607]
% SZS output end Proof for GRP062-1_clausified
% ------------------------------
% Version: Vampire 4.9 (Release build, commit 0accf6da4 on 2024-12-10 11:55:58 +0000)
% Termination reason: Refutation

% Time elapsed: 4.446 s
% Instructions burned: 18755 (million)
% ------------------------------
% ------------------------------
