% Running in auto input_syntax mode. Trying TPTP
% Refutation found. Thanks to Tanya!
% SZS status Unsatisfiable for GRP109-1_clausified
% SZS output start Proof for GRP109-1_clausified
1. double_divide(inverse(double_divide(X0,inverse(double_divide(inverse(X1),double_divide(X0,X2))))),X2) = X1 [input(axiom)]
2. inverse(double_divide(a1,inverse(a1))) != inverse(double_divide(b1,inverse(b1))) | a2 != inverse(double_divide(a2,inverse(double_divide(b2,inverse(b2))))) | inverse(double_divide(c3,inverse(double_divide(b3,a3)))) != inverse(double_divide(inverse(double_divide(c3,b3)),a3)) | inverse(double_divide(b4,a4)) != inverse(double_divide(a4,b4)) [input(negated conjecture)]
4. 1 <=> inverse(double_divide(b4,a4)) = inverse(double_divide(a4,b4)) [avatar definition]
6. inverse(double_divide(b4,a4)) != inverse(double_divide(a4,b4)) <- (~1) [avatar component clause 4]
8. 2 <=> inverse(double_divide(c3,inverse(double_divide(b3,a3)))) = inverse(double_divide(inverse(double_divide(c3,b3)),a3)) [avatar definition]
10. inverse(double_divide(c3,inverse(double_divide(b3,a3)))) != inverse(double_divide(inverse(double_divide(c3,b3)),a3)) <- (~2) [avatar component clause 8]
12. 3 <=> a2 = inverse(double_divide(a2,inverse(double_divide(b2,inverse(b2))))) [avatar definition]
14. a2 != inverse(double_divide(a2,inverse(double_divide(b2,inverse(b2))))) <- (~3) [avatar component clause 12]
16. 4 <=> inverse(double_divide(a1,inverse(a1))) = inverse(double_divide(b1,inverse(b1))) [avatar definition]
18. inverse(double_divide(a1,inverse(a1))) != inverse(double_divide(b1,inverse(b1))) <- (~4) [avatar component clause 16]
19. ~1 | ~2 | ~3 | ~4 [avatar split clause 2,16,12,8,4]
20. double_divide(inverse(double_divide(inverse(double_divide(X1,inverse(double_divide(inverse(X0),double_divide(X1,X2))))),inverse(double_divide(inverse(X3),X0)))),X2) = X3 [superposition 1,1]
21. double_divide(X2,inverse(double_divide(inverse(X0),double_divide(X2,double_divide(X1,X3))))) = double_divide(inverse(double_divide(X1,inverse(X0))),X3) [superposition 1,1]
22. double_divide(inverse(double_divide(inverse(double_divide(X3,inverse(double_divide(inverse(X0),double_divide(X3,X4))))),inverse(X2))),X4) = double_divide(X1,inverse(double_divide(inverse(X2),double_divide(X1,X0)))) [superposition 21,1]
23. double_divide(inverse(double_divide(X5,inverse(X4))),inverse(double_divide(inverse(X1),double_divide(X5,double_divide(X0,X2))))) = double_divide(X3,inverse(double_divide(inverse(X4),double_divide(X3,double_divide(inverse(double_divide(X0,inverse(X1))),X2))))) [superposition 21,21]
24. double_divide(inverse(double_divide(X2,inverse(X4))),X3) = double_divide(inverse(double_divide(X1,inverse(double_divide(inverse(X0),double_divide(X1,double_divide(X2,X3)))))),inverse(double_divide(inverse(X4),X0))) [superposition 21,1]
26. double_divide(inverse(double_divide(inverse(double_divide(X0,inverse(X1))),X2)),double_divide(X0,X2)) = X1 [superposition 1,21]
27. double_divide(inverse(double_divide(X3,inverse(double_divide(inverse(X4),double_divide(inverse(double_divide(X0,inverse(X1))),X2))))),inverse(double_divide(inverse(X1),double_divide(X3,double_divide(X0,X2))))) = X4 [superposition 1,21]
29. double_divide(inverse(double_divide(X2,inverse(X4))),X3) = double_divide(inverse(double_divide(inverse(double_divide(X2,inverse(X0))),X3)),inverse(double_divide(inverse(X4),X0))) [forward demodulation 24,21]
30. double_divide(inverse(double_divide(X5,inverse(X4))),inverse(double_divide(inverse(X1),double_divide(X5,double_divide(X0,X2))))) = double_divide(inverse(double_divide(inverse(double_divide(X0,inverse(X1))),inverse(X4))),X2) [forward demodulation 23,21]
38. double_divide(inverse(double_divide(inverse(double_divide(X1,inverse(double_divide(inverse(X2),double_divide(X1,X3))))),inverse(X0))),X3) = double_divide(inverse(double_divide(X4,inverse(double_divide(inverse(X5),double_divide(X4,X2))))),inverse(double_divide(inverse(X0),X5))) [superposition 20,20]
40. double_divide(inverse(X0),inverse(double_divide(inverse(X2),X0))) = X2 [superposition 20,1]
43. double_divide(X1,inverse(double_divide(inverse(X2),double_divide(X1,X0)))) = double_divide(inverse(double_divide(inverse(double_divide(inverse(double_divide(X3,inverse(double_divide(inverse(X4),double_divide(X3,X5))))),inverse(double_divide(inverse(X0),X4)))),inverse(X2))),X5) [superposition 21,20]
44. double_divide(inverse(double_divide(inverse(double_divide(inverse(double_divide(X1,inverse(double_divide(inverse(X2),double_divide(X1,X3))))),inverse(double_divide(inverse(X0),X2)))),inverse(double_divide(inverse(X4),X0)))),X3) = X4 [superposition 1,20]
55. double_divide(X2,inverse(double_divide(inverse(X0),double_divide(X2,X1)))) = double_divide(inverse(X1),inverse(X0)) [superposition 40,1]
56. double_divide(inverse(X1),inverse(X0)) = double_divide(inverse(double_divide(X2,inverse(double_divide(inverse(X3),double_divide(X2,X1))))),inverse(double_divide(inverse(X0),X3))) [superposition 40,20]
57. double_divide(inverse(inverse(double_divide(inverse(X0),X1))),inverse(X0)) = X1 [superposition 40,40]
65. double_divide(inverse(X0),X1) = double_divide(inverse(double_divide(inverse(X0),X2)),double_divide(inverse(X1),X2)) [superposition 26,40]
69. double_divide(inverse(X0),double_divide(X1,inverse(double_divide(inverse(X0),double_divide(X1,inverse(X2)))))) = X2 [superposition 26,40]
94. double_divide(inverse(X0),double_divide(inverse(inverse(X2)),inverse(X0))) = X2 [forward demodulation 69,55]
101. double_divide(inverse(inverse(X0)),inverse(double_divide(inverse(double_divide(X1,inverse(double_divide(inverse(X2),double_divide(X1,X3))))),inverse(double_divide(inverse(X0),X2))))) = X3 [superposition 57,20]
102. double_divide(X1,X2) = double_divide(inverse(inverse(X0)),inverse(double_divide(inverse(double_divide(X1,inverse(X0))),X2))) [superposition 57,26]
105. inverse(double_divide(inverse(X1),double_divide(inverse(X3),double_divide(X0,X2)))) = double_divide(inverse(inverse(double_divide(inverse(double_divide(X0,inverse(X1))),X2))),inverse(X3)) [superposition 57,21]
106. inverse(double_divide(inverse(X1),X0)) = double_divide(inverse(inverse(X1)),inverse(X0)) [superposition 40,57]
107. inverse(double_divide(inverse(X2),X0)) = double_divide(inverse(double_divide(inverse(double_divide(X1,inverse(double_divide(inverse(inverse(X2)),double_divide(X1,X3))))),inverse(X0))),X3) [superposition 20,57]
111. double_divide(X1,inverse(double_divide(inverse(X2),double_divide(X1,X0)))) = double_divide(inverse(double_divide(inverse(inverse(double_divide(inverse(X3),X0))),inverse(X2))),inverse(X3)) [superposition 21,57]
113. double_divide(inverse(X0),inverse(X2)) = double_divide(inverse(double_divide(inverse(inverse(double_divide(inverse(X3),X0))),inverse(X2))),inverse(X3)) [forward demodulation 111,55]
115. inverse(double_divide(inverse(X2),X0)) = double_divide(inverse(double_divide(inverse(double_divide(inverse(X3),inverse(inverse(X2)))),inverse(X0))),X3) [forward demodulation 107,55]
116. inverse(double_divide(inverse(X1),double_divide(inverse(X3),double_divide(X0,X2)))) = inverse(double_divide(inverse(double_divide(inverse(double_divide(X0,inverse(X1))),X2)),X3)) [forward demodulation 105,106]
118. double_divide(X1,X2) = inverse(double_divide(inverse(X0),double_divide(inverse(double_divide(X1,inverse(X0))),X2))) [forward demodulation 102,106]
119. inverse(double_divide(inverse(X0),double_divide(inverse(double_divide(X1,inverse(double_divide(inverse(X2),double_divide(X1,X3))))),inverse(double_divide(inverse(X0),X2))))) = X3 [forward demodulation 101,106]
121. double_divide(inverse(X0),inverse(X2)) = double_divide(inverse(inverse(double_divide(inverse(double_divide(inverse(X3),X0)),X2))),inverse(X3)) [forward demodulation 113,106]
122. inverse(double_divide(inverse(X0),double_divide(inverse(X3),inverse(X0)))) = X3 [forward demodulation 119,56]
124. double_divide(inverse(X0),inverse(X2)) = inverse(double_divide(inverse(double_divide(inverse(double_divide(inverse(X3),X0)),X2)),X3)) [forward demodulation 121,106]
127. double_divide(inverse(double_divide(inverse(double_divide(inverse(double_divide(X0,inverse(X3))),X2)),inverse(X4))),X5) = double_divide(inverse(double_divide(inverse(double_divide(inverse(double_divide(X0,inverse(X1))),X2)),X5)),inverse(double_divide(inverse(X4),double_divide(inverse(X1),X3)))) [superposition 29,29]
128. double_divide(inverse(double_divide(inverse(X1),inverse(X2))),X3) = double_divide(inverse(double_divide(inverse(X0),X3)),inverse(double_divide(inverse(X2),double_divide(inverse(X0),X1)))) [superposition 29,40]
172. double_divide(inverse(double_divide(inverse(double_divide(inverse(double_divide(X0,inverse(X3))),X2)),inverse(X4))),X5) = double_divide(inverse(double_divide(inverse(X1),double_divide(inverse(X5),double_divide(X0,X2)))),inverse(double_divide(inverse(X4),double_divide(inverse(X1),X3)))) [forward demodulation 127,116]
180. double_divide(inverse(double_divide(inverse(double_divide(inverse(double_divide(X0,inverse(X3))),X2)),inverse(X4))),X5) = double_divide(inverse(double_divide(inverse(X3),inverse(X4))),double_divide(inverse(X5),double_divide(X0,X2))) [forward demodulation 172,128]
182. double_divide(inverse(double_divide(inverse(X3),inverse(X4))),double_divide(inverse(X5),double_divide(X0,X2))) = double_divide(inverse(double_divide(inverse(X3),double_divide(inverse(inverse(X4)),double_divide(X0,X2)))),X5) [forward demodulation 180,116]
184. double_divide(inverse(double_divide(inverse(X0),inverse(X1))),X0) = X1 [superposition 94,40]
193. double_divide(inverse(X1),inverse(double_divide(inverse(X2),X0))) = double_divide(inverse(double_divide(inverse(inverse(X0)),inverse(X2))),inverse(X1)) [superposition 21,94]
202. double_divide(inverse(X1),inverse(double_divide(inverse(X2),X0))) = double_divide(inverse(inverse(double_divide(inverse(X0),X2))),inverse(X1)) [forward demodulation 193,106]
212. double_divide(inverse(X1),inverse(double_divide(inverse(X2),X0))) = inverse(double_divide(inverse(double_divide(inverse(X0),X2)),X1)) [forward demodulation 202,106]
227. double_divide(X5,inverse(double_divide(inverse(X4),double_divide(X5,X3)))) = double_divide(inverse(double_divide(inverse(double_divide(inverse(double_divide(inverse(double_divide(X1,inverse(X0))),X2)),inverse(double_divide(inverse(X3),X0)))),inverse(X4))),double_divide(X1,X2)) [superposition 22,26]
256. double_divide(inverse(double_divide(inverse(double_divide(X1,inverse(double_divide(inverse(inverse(double_divide(inverse(X0),X2))),double_divide(X1,X3))))),inverse(X4))),X3) = double_divide(inverse(X2),inverse(double_divide(inverse(X4),X0))) [superposition 22,40]
270. double_divide(inverse(double_divide(X4,inverse(double_divide(inverse(X2),double_divide(X4,X3))))),inverse(X1)) = double_divide(inverse(X3),inverse(double_divide(X0,inverse(double_divide(inverse(X1),double_divide(X0,X2)))))) [superposition 40,22]
288. double_divide(inverse(double_divide(inverse(double_divide(inverse(double_divide(inverse(double_divide(X0,inverse(double_divide(inverse(X1),double_divide(X0,X2))))),inverse(X3))),X2)),inverse(double_divide(inverse(X5),X3)))),X1) = X5 [superposition 20,22]
319. double_divide(inverse(double_divide(inverse(X3),double_divide(inverse(inverse(double_divide(inverse(X5),X3))),double_divide(inverse(double_divide(X0,inverse(double_divide(inverse(X1),double_divide(X0,X2))))),X2)))),X1) = X5 [forward demodulation 288,116]
336. double_divide(inverse(double_divide(X4,inverse(double_divide(inverse(X2),double_divide(X4,X3))))),inverse(X1)) = double_divide(inverse(X3),inverse(double_divide(inverse(X2),inverse(X1)))) [forward demodulation 270,55]
349. double_divide(inverse(double_divide(inverse(double_divide(X1,inverse(double_divide(inverse(inverse(double_divide(inverse(X0),X2))),double_divide(X1,X3))))),inverse(X4))),X3) = inverse(double_divide(inverse(double_divide(inverse(X0),X4)),X2)) [forward demodulation 256,212]
375. double_divide(X5,inverse(double_divide(inverse(X4),double_divide(X5,X3)))) = double_divide(inverse(double_divide(inverse(double_divide(inverse(X0),double_divide(inverse(inverse(double_divide(inverse(X3),X0))),double_divide(X1,X2)))),inverse(X4))),double_divide(X1,X2)) [forward demodulation 227,116]
388. double_divide(inverse(double_divide(inverse(X3),inverse(double_divide(inverse(X5),X3)))),double_divide(inverse(X1),double_divide(inverse(double_divide(X0,inverse(double_divide(inverse(X1),double_divide(X0,X2))))),X2))) = X5 [forward demodulation 319,182]
402. double_divide(inverse(double_divide(X4,inverse(double_divide(inverse(X2),double_divide(X4,X3))))),inverse(X1)) = inverse(double_divide(inverse(double_divide(inverse(inverse(X1)),X2)),X3)) [forward demodulation 336,212]
413. inverse(double_divide(inverse(double_divide(inverse(X0),X4)),X2)) = double_divide(inverse(double_divide(inverse(double_divide(inverse(X3),inverse(inverse(double_divide(inverse(X0),X2))))),inverse(X4))),X3) [forward demodulation 349,55]
433. double_divide(X5,inverse(double_divide(inverse(X4),double_divide(X5,X3)))) = double_divide(inverse(double_divide(inverse(double_divide(inverse(X0),inverse(double_divide(inverse(X3),X0)))),double_divide(inverse(inverse(X4)),double_divide(X1,X2)))),double_divide(X1,X2)) [forward demodulation 375,182]
442. double_divide(inverse(double_divide(inverse(X3),inverse(double_divide(inverse(X5),X3)))),double_divide(inverse(X1),X1)) = X5 [forward demodulation 388,1]
455. inverse(double_divide(inverse(double_divide(inverse(inverse(X1)),X2)),X3)) = double_divide(inverse(double_divide(inverse(X3),inverse(X2))),inverse(X1)) [forward demodulation 402,55]
464. inverse(double_divide(inverse(double_divide(inverse(X0),X4)),X2)) = inverse(double_divide(inverse(double_divide(inverse(X0),X2)),X4)) [forward demodulation 413,115]
483. double_divide(X5,inverse(double_divide(inverse(X4),double_divide(X5,X3)))) = double_divide(inverse(double_divide(inverse(double_divide(inverse(X0),inverse(double_divide(inverse(X3),X0)))),inverse(X4))),double_divide(inverse(double_divide(X1,X2)),double_divide(X1,X2))) [forward demodulation 433,182]
490. double_divide(inverse(X5),double_divide(inverse(X1),X1)) = X5 [forward demodulation 442,40]
525. double_divide(X5,inverse(double_divide(inverse(X4),double_divide(X5,X3)))) = double_divide(inverse(inverse(double_divide(inverse(double_divide(inverse(inverse(X4)),double_divide(inverse(X3),X0))),X0))),double_divide(inverse(double_divide(X1,X2)),double_divide(X1,X2))) [forward demodulation 483,455]
551. double_divide(X5,inverse(double_divide(inverse(X4),double_divide(X5,X3)))) = inverse(double_divide(inverse(double_divide(inverse(inverse(X4)),double_divide(inverse(X3),X0))),X0)) [forward demodulation 525,490]
570. double_divide(X5,inverse(double_divide(inverse(X4),double_divide(X5,X3)))) = inverse(double_divide(inverse(double_divide(inverse(inverse(X4)),X0)),double_divide(inverse(X3),X0))) [forward demodulation 551,464]
581. double_divide(X5,inverse(double_divide(inverse(X4),double_divide(X5,X3)))) = inverse(double_divide(inverse(inverse(X4)),X3)) [forward demodulation 570,65]
588. double_divide(inverse(X3),inverse(X4)) = inverse(double_divide(inverse(inverse(X4)),X3)) [forward demodulation 581,55]
724. double_divide(inverse(double_divide(inverse(X0),inverse(double_divide(inverse(X1),double_divide(inverse(double_divide(inverse(X2),inverse(X3))),X2))))),inverse(double_divide(inverse(X3),X0))) = X1 [superposition 27,490]
764. inverse(double_divide(inverse(double_divide(inverse(inverse(double_divide(inverse(X3),X0))),double_divide(inverse(X1),double_divide(inverse(double_divide(inverse(X2),inverse(X3))),X2)))),X0)) = X1 [forward demodulation 724,455]
831. inverse(double_divide(double_divide(inverse(double_divide(inverse(X1),double_divide(inverse(double_divide(inverse(X2),inverse(X3))),X2))),inverse(double_divide(inverse(X3),X0))),X0)) = X1 [forward demodulation 764,588]
888. inverse(double_divide(inverse(double_divide(inverse(double_divide(inverse(X0),X3)),double_divide(inverse(X1),double_divide(inverse(double_divide(inverse(X2),inverse(X3))),X2)))),X0)) = X1 [forward demodulation 831,212]
937. double_divide(inverse(X3),inverse(double_divide(inverse(X1),double_divide(inverse(double_divide(inverse(X2),inverse(X3))),X2)))) = X1 [forward demodulation 888,124]
979. inverse(double_divide(inverse(double_divide(inverse(double_divide(inverse(double_divide(inverse(X2),inverse(X3))),X2)),X1)),X3)) = X1 [forward demodulation 937,212]
1012. inverse(double_divide(inverse(double_divide(inverse(X3),double_divide(inverse(X1),double_divide(inverse(X2),X2)))),X3)) = X1 [forward demodulation 979,116]
1030. inverse(double_divide(inverse(double_divide(inverse(X3),X1)),X3)) = X1 [forward demodulation 1012,490]
1062. double_divide(inverse(X1),double_divide(inverse(X3),double_divide(X0,X2))) = double_divide(inverse(double_divide(inverse(double_divide(X0,inverse(X1))),X2)),X3) [superposition 184,21]
1076. double_divide(inverse(double_divide(inverse(double_divide(X1,inverse(X0))),inverse(X3))),X2) = double_divide(X4,inverse(double_divide(inverse(X3),double_divide(X4,double_divide(inverse(double_divide(X1,X2)),inverse(X0)))))) [superposition 22,184]
1095. double_divide(inverse(double_divide(X1,inverse(X3))),X2) = double_divide(inverse(double_divide(inverse(double_divide(X1,X2)),inverse(X0))),inverse(double_divide(inverse(X3),X0))) [superposition 21,184]
1096. double_divide(inverse(double_divide(X1,inverse(X3))),X2) = inverse(double_divide(inverse(double_divide(inverse(inverse(double_divide(inverse(X3),X0))),X0)),double_divide(X1,X2))) [forward demodulation 1095,455]
1112. double_divide(inverse(double_divide(inverse(double_divide(X1,inverse(X0))),inverse(X3))),X2) = double_divide(inverse(double_divide(inverse(double_divide(X1,X2)),inverse(X3))),inverse(X0)) [forward demodulation 1076,21]
1124. double_divide(inverse(double_divide(X1,inverse(X3))),X2) = inverse(double_divide(double_divide(inverse(X0),inverse(double_divide(inverse(X3),X0))),double_divide(X1,X2))) [forward demodulation 1096,588]
1137. double_divide(inverse(double_divide(inverse(double_divide(X1,inverse(X0))),inverse(X3))),X2) = inverse(double_divide(inverse(double_divide(inverse(inverse(X0)),X3)),double_divide(X1,X2))) [forward demodulation 1112,455]
1142. double_divide(inverse(double_divide(X1,inverse(X3))),X2) = inverse(double_divide(X3,double_divide(X1,X2))) [forward demodulation 1124,40]
1154. double_divide(inverse(double_divide(inverse(double_divide(X1,inverse(X0))),inverse(X3))),X2) = inverse(double_divide(double_divide(inverse(X3),inverse(X0)),double_divide(X1,X2))) [forward demodulation 1137,588]
1165. inverse(double_divide(double_divide(inverse(X3),inverse(X0)),double_divide(X1,X2))) = inverse(double_divide(X3,double_divide(inverse(double_divide(X1,inverse(X0))),X2))) [forward demodulation 1154,1142]
1173. inverse(double_divide(double_divide(inverse(X3),inverse(X0)),double_divide(X1,X2))) = inverse(double_divide(X3,inverse(double_divide(X0,double_divide(X1,X2))))) [forward demodulation 1165,1142]
1183. double_divide(inverse(double_divide(inverse(double_divide(X3,inverse(X2))),inverse(X1))),X4) = double_divide(inverse(X0),inverse(double_divide(inverse(X2),double_divide(inverse(double_divide(inverse(inverse(X1)),inverse(X0))),double_divide(X3,X4))))) [superposition 30,184]
1200. double_divide(inverse(double_divide(X1,inverse(X2))),inverse(double_divide(inverse(X3),double_divide(X1,X0)))) = double_divide(inverse(double_divide(inverse(double_divide(inverse(inverse(double_divide(inverse(X4),X0))),inverse(X3))),inverse(X2))),inverse(X4)) [superposition 30,57]
1215. double_divide(inverse(double_divide(inverse(double_divide(X1,inverse(X0))),inverse(X3))),X2) = double_divide(inverse(double_divide(inverse(double_divide(X1,X2)),inverse(X3))),inverse(X0)) [superposition 30,490]
1223. inverse(double_divide(inverse(X1),double_divide(X4,double_divide(X0,X3)))) = double_divide(inverse(inverse(double_divide(inverse(double_divide(inverse(double_divide(X0,inverse(X1))),inverse(X2))),X3))),inverse(double_divide(X4,inverse(X2)))) [superposition 57,30]
1234. double_divide(inverse(double_divide(inverse(double_divide(X4,inverse(X2))),inverse(double_divide(inverse(X5),double_divide(inverse(double_divide(inverse(double_divide(X0,inverse(X1))),inverse(X2))),X3))))),inverse(double_divide(inverse(X1),double_divide(X4,double_divide(X0,X3))))) = X5 [superposition 1,30]
1235. double_divide(inverse(double_divide(inverse(double_divide(inverse(double_divide(X4,inverse(X2))),inverse(double_divide(inverse(X5),double_divide(inverse(double_divide(inverse(double_divide(X0,inverse(X1))),inverse(X2))),X3))))),inverse(double_divide(inverse(X6),X5)))),inverse(double_divide(inverse(X1),double_divide(X4,double_divide(X0,X3))))) = X6 [superposition 20,30]
1246. inverse(double_divide(double_divide(inverse(X6),X5),double_divide(inverse(double_divide(inverse(double_divide(X4,inverse(X2))),inverse(double_divide(inverse(X5),double_divide(inverse(double_divide(inverse(double_divide(X0,inverse(X1))),inverse(X2))),X3))))),inverse(double_divide(inverse(X1),double_divide(X4,double_divide(X0,X3))))))) = X6 [forward demodulation 1235,1142]
1247. inverse(double_divide(double_divide(inverse(X5),double_divide(inverse(double_divide(inverse(double_divide(X0,inverse(X1))),inverse(X2))),X3)),double_divide(inverse(double_divide(X4,inverse(X2))),inverse(double_divide(inverse(X1),double_divide(X4,double_divide(X0,X3))))))) = X5 [forward demodulation 1234,1142]
1258. inverse(double_divide(inverse(X1),double_divide(X4,double_divide(X0,X3)))) = inverse(double_divide(inverse(double_divide(inverse(double_divide(inverse(double_divide(X0,inverse(X1))),inverse(X2))),X3)),double_divide(X4,inverse(X2)))) [forward demodulation 1223,106]
1264. double_divide(inverse(double_divide(inverse(double_divide(X1,inverse(X0))),inverse(X3))),X2) = inverse(double_divide(X3,double_divide(inverse(double_divide(X1,X2)),inverse(X0)))) [forward demodulation 1215,1142]
1279. double_divide(inverse(double_divide(X1,inverse(X2))),inverse(double_divide(inverse(X3),double_divide(X1,X0)))) = inverse(double_divide(X2,double_divide(inverse(double_divide(inverse(inverse(double_divide(inverse(X4),X0))),inverse(X3))),inverse(X4)))) [forward demodulation 1200,1142]
1296. double_divide(inverse(double_divide(inverse(double_divide(X3,inverse(X2))),inverse(X1))),X4) = inverse(double_divide(inverse(double_divide(inverse(double_divide(inverse(double_divide(inverse(inverse(X1)),inverse(X0))),double_divide(X3,X4))),X2)),X0)) [forward demodulation 1183,212]
1307. inverse(double_divide(double_divide(inverse(X6),X5),inverse(double_divide(double_divide(inverse(X5),double_divide(inverse(double_divide(inverse(double_divide(X0,inverse(X1))),inverse(X2))),X3)),double_divide(inverse(double_divide(X4,inverse(X2))),inverse(double_divide(inverse(X1),double_divide(X4,double_divide(X0,X3))))))))) = X6 [forward demodulation 1246,1142]
1308. inverse(double_divide(double_divide(inverse(X5),double_divide(inverse(double_divide(inverse(double_divide(X0,inverse(X1))),inverse(X2))),X3)),double_divide(inverse(double_divide(inverse(double_divide(X0,inverse(X1))),inverse(X2))),X3))) = X5 [forward demodulation 1247,30]
1318. inverse(double_divide(inverse(X1),double_divide(X4,double_divide(X0,X3)))) = inverse(double_divide(inverse(X2),double_divide(inverse(double_divide(X4,inverse(X2))),double_divide(inverse(double_divide(X0,inverse(X1))),X3)))) [forward demodulation 1258,116]
1324. inverse(double_divide(X3,double_divide(inverse(double_divide(X1,inverse(X0))),X2))) = inverse(double_divide(X3,double_divide(inverse(double_divide(X1,X2)),inverse(X0)))) [forward demodulation 1264,1142]
1339. double_divide(inverse(double_divide(X1,inverse(X2))),inverse(double_divide(inverse(X3),double_divide(X1,X0)))) = inverse(double_divide(X2,inverse(double_divide(X3,double_divide(inverse(inverse(double_divide(inverse(X4),X0))),inverse(X4)))))) [forward demodulation 1279,1142]
1356. double_divide(inverse(double_divide(inverse(double_divide(X3,inverse(X2))),inverse(X1))),X4) = inverse(double_divide(inverse(double_divide(inverse(X0),double_divide(inverse(X2),double_divide(inverse(inverse(X1)),double_divide(X3,X4))))),X0)) [forward demodulation 1296,116]
1367. inverse(double_divide(double_divide(inverse(X6),X5),inverse(double_divide(double_divide(inverse(X5),double_divide(inverse(double_divide(inverse(double_divide(X0,inverse(X1))),inverse(X2))),X3)),double_divide(inverse(double_divide(inverse(double_divide(X0,inverse(X1))),inverse(X2))),X3))))) = X6 [forward demodulation 1307,30]
1368. inverse(double_divide(double_divide(inverse(X5),inverse(double_divide(X2,double_divide(inverse(double_divide(X0,inverse(X1))),X3)))),inverse(double_divide(X2,double_divide(inverse(double_divide(X0,inverse(X1))),X3))))) = X5 [forward demodulation 1308,1142]
1378. inverse(double_divide(inverse(X1),double_divide(X4,double_divide(X0,X3)))) = double_divide(X4,double_divide(inverse(double_divide(X0,inverse(X1))),X3)) [forward demodulation 1318,118]
1383. inverse(double_divide(X3,inverse(double_divide(X0,double_divide(X1,X2))))) = inverse(double_divide(X3,double_divide(inverse(double_divide(X1,X2)),inverse(X0)))) [forward demodulation 1324,1142]
1396. double_divide(inverse(double_divide(X1,inverse(X2))),inverse(double_divide(inverse(X3),double_divide(X1,X0)))) = inverse(double_divide(X2,inverse(double_divide(X3,X0)))) [forward demodulation 1339,57]
1413. double_divide(inverse(double_divide(inverse(double_divide(X3,inverse(X2))),inverse(X1))),X4) = double_divide(inverse(X2),double_divide(inverse(inverse(X1)),double_divide(X3,X4))) [forward demodulation 1356,1030]
1424. inverse(double_divide(double_divide(inverse(X6),X5),inverse(double_divide(double_divide(inverse(X5),inverse(double_divide(X2,double_divide(inverse(double_divide(X0,inverse(X1))),X3)))),inverse(double_divide(X2,double_divide(inverse(double_divide(X0,inverse(X1))),X3))))))) = X6 [forward demodulation 1367,1142]
1425. inverse(double_divide(double_divide(inverse(X5),inverse(double_divide(X2,inverse(double_divide(X1,double_divide(X0,X3)))))),inverse(double_divide(X2,inverse(double_divide(X1,double_divide(X0,X3))))))) = X5 [forward demodulation 1368,1142]
1433. inverse(double_divide(inverse(X1),double_divide(X4,double_divide(X0,X3)))) = double_divide(X4,inverse(double_divide(X1,double_divide(X0,X3)))) [forward demodulation 1378,1142]
1448. inverse(double_divide(X2,double_divide(X1,inverse(double_divide(inverse(X3),double_divide(X1,X0)))))) = inverse(double_divide(X2,inverse(double_divide(X3,X0)))) [forward demodulation 1396,1142]
1463. double_divide(inverse(X2),double_divide(inverse(inverse(X1)),double_divide(X3,X4))) = inverse(double_divide(X1,double_divide(inverse(double_divide(X3,inverse(X2))),X4))) [forward demodulation 1413,1142]
1473. inverse(double_divide(double_divide(inverse(X6),X5),inverse(double_divide(double_divide(inverse(X5),inverse(double_divide(X2,inverse(double_divide(X1,double_divide(X0,X3)))))),inverse(double_divide(X2,inverse(double_divide(X1,double_divide(X0,X3))))))))) = X6 [forward demodulation 1424,1142]
1490. inverse(double_divide(X2,double_divide(inverse(X0),inverse(X3)))) = inverse(double_divide(X2,inverse(double_divide(X3,X0)))) [forward demodulation 1448,55]
1505. double_divide(inverse(X2),double_divide(inverse(inverse(X1)),double_divide(X3,X4))) = inverse(double_divide(X1,inverse(double_divide(X2,double_divide(X3,X4))))) [forward demodulation 1463,1142]
1514. inverse(double_divide(double_divide(inverse(X6),X5),X5)) = X6 [forward demodulation 1473,1425]
1578. double_divide(inverse(double_divide(X3,inverse(double_divide(inverse(X2),double_divide(X3,X4))))),inverse(X1)) = inverse(double_divide(double_divide(X0,inverse(double_divide(inverse(X1),double_divide(X0,X2)))),X4)) [superposition 1514,22]
1581. double_divide(inverse(X1),inverse(X0)) = inverse(double_divide(X0,X1)) [superposition 1514,184]
1585. inverse(double_divide(X0,double_divide(inverse(inverse(X0)),inverse(X1)))) = X1 [superposition 1514,94]
1586. inverse(double_divide(X0,double_divide(inverse(X1),X1))) = X0 [superposition 1514,490]
1593. double_divide(inverse(double_divide(double_divide(inverse(X0),inverse(X1)),inverse(X2))),X3) = double_divide(inverse(double_divide(X0,X3)),inverse(double_divide(inverse(X2),X1))) [superposition 29,1514]
1605. double_divide(inverse(double_divide(X1,X0)),X3) = double_divide(inverse(double_divide(inverse(double_divide(X1,inverse(X4))),X3)),inverse(double_divide(X0,X4))) [superposition 29,1514]
1610. double_divide(inverse(inverse(double_divide(X0,X2))),X0) = X2 [superposition 57,1514]
1620. double_divide(inverse(double_divide(X1,X0)),X3) = double_divide(inverse(X4),double_divide(inverse(inverse(double_divide(X0,X4))),double_divide(X1,X3))) [forward demodulation 1605,1062]
1629. double_divide(inverse(double_divide(double_divide(inverse(X0),inverse(X1)),inverse(X2))),X3) = inverse(double_divide(inverse(double_divide(inverse(X1),X2)),double_divide(X0,X3))) [forward demodulation 1593,212]
1635. inverse(double_divide(X0,inverse(double_divide(X1,inverse(X0))))) = X1 [forward demodulation 1585,1490]
1639. double_divide(inverse(double_divide(X3,inverse(double_divide(inverse(X2),double_divide(X3,X4))))),inverse(X1)) = inverse(double_divide(double_divide(inverse(X2),inverse(X1)),X4)) [forward demodulation 1578,55]
1643. double_divide(inverse(double_divide(X1,X0)),X3) = inverse(double_divide(double_divide(X0,X4),inverse(double_divide(X4,double_divide(X1,X3))))) [forward demodulation 1620,1505]
1650. inverse(double_divide(inverse(double_divide(inverse(X1),X2)),double_divide(X0,X3))) = inverse(double_divide(X2,double_divide(double_divide(inverse(X0),inverse(X1)),X3))) [forward demodulation 1629,1142]
1659. double_divide(inverse(double_divide(X3,inverse(double_divide(inverse(X2),double_divide(X3,X4))))),inverse(X1)) = inverse(double_divide(inverse(double_divide(X1,X2)),X4)) [forward demodulation 1639,1581]
1664. inverse(double_divide(inverse(double_divide(inverse(X1),X2)),double_divide(X0,X3))) = inverse(double_divide(X2,double_divide(inverse(double_divide(X1,X0)),X3))) [forward demodulation 1650,1581]
1673. inverse(double_divide(inverse(double_divide(X1,X2)),X4)) = inverse(double_divide(double_divide(inverse(X2),double_divide(X3,X4)),double_divide(X3,inverse(X1)))) [forward demodulation 1659,1142]
1730. double_divide(inverse(double_divide(inverse(double_divide(inverse(double_divide(X1,inverse(double_divide(inverse(inverse(X2)),double_divide(X1,X3))))),inverse(X0))),inverse(double_divide(inverse(X4),inverse(double_divide(inverse(X2),X0)))))),X3) = X4 [superposition 44,57]
1858. inverse(double_divide(double_divide(inverse(X4),inverse(double_divide(inverse(X2),X0))),double_divide(inverse(double_divide(inverse(double_divide(X1,inverse(double_divide(inverse(inverse(X2)),double_divide(X1,X3))))),inverse(X0))),X3))) = X4 [forward demodulation 1730,1142]
1956. inverse(double_divide(X4,inverse(double_divide(double_divide(inverse(X2),X0),double_divide(inverse(double_divide(inverse(double_divide(X1,inverse(double_divide(inverse(inverse(X2)),double_divide(X1,X3))))),inverse(X0))),X3))))) = X4 [forward demodulation 1858,1173]
2052. inverse(double_divide(X4,inverse(double_divide(double_divide(inverse(X2),X0),inverse(double_divide(X0,double_divide(inverse(double_divide(X1,inverse(double_divide(inverse(inverse(X2)),double_divide(X1,X3))))),X3))))))) = X4 [forward demodulation 1956,1142]
2145. inverse(double_divide(X4,double_divide(inverse(double_divide(inverse(double_divide(X1,inverse(double_divide(inverse(inverse(X2)),double_divide(X1,X3))))),inverse(X2))),X3))) = X4 [forward demodulation 2052,1643]
2227. inverse(double_divide(X4,inverse(double_divide(X2,double_divide(inverse(double_divide(X1,inverse(double_divide(inverse(inverse(X2)),double_divide(X1,X3))))),X3))))) = X4 [forward demodulation 2145,1142]
2296. inverse(double_divide(X4,inverse(double_divide(X2,inverse(X2))))) = X4 [forward demodulation 2227,1]
2488. double_divide(inverse(inverse(X0)),inverse(X0)) = double_divide(inverse(X1),X1) [superposition 57,1586]
2539. double_divide(inverse(X1),X1) = inverse(double_divide(X0,inverse(X0))) [forward demodulation 2488,1581]
3904. double_divide(X1,X2) = double_divide(inverse(inverse(X0)),inverse(double_divide(inverse(double_divide(X1,inverse(X0))),X2))) [superposition 1610,26]
3912. double_divide(inverse(X0),double_divide(inverse(X0),X1)) = X1 [superposition 1610,1514]
4000. double_divide(X1,X2) = inverse(double_divide(inverse(double_divide(inverse(X2),double_divide(X1,inverse(X0)))),inverse(X0))) [forward demodulation 3904,212]
4049. double_divide(X1,X2) = inverse(double_divide(inverse(double_divide(inverse(X2),inverse(X0))),double_divide(X1,inverse(X0)))) [forward demodulation 4000,464]
4092. double_divide(X1,X2) = inverse(double_divide(inverse(X0),double_divide(inverse(double_divide(X2,X1)),inverse(X0)))) [forward demodulation 4049,1664]
4131. double_divide(X1,X2) = double_divide(X2,X1) [forward demodulation 4092,122]
4282. double_divide(inverse(double_divide(inverse(double_divide(X1,inverse(double_divide(inverse(inverse(X2)),double_divide(X1,X3))))),inverse(X4))),X3) = double_divide(inverse(double_divide(inverse(inverse(X0)),inverse(X0))),inverse(double_divide(inverse(X4),X2))) [superposition 38,94]
4299. double_divide(inverse(double_divide(inverse(double_divide(X1,inverse(double_divide(inverse(X2),double_divide(X1,X3))))),inverse(double_divide(inverse(X4),inverse(X0))))),X3) = double_divide(inverse(double_divide(X5,inverse(double_divide(inverse(X4),double_divide(X5,X2))))),inverse(X0)) [superposition 38,184]
4530. double_divide(inverse(double_divide(inverse(double_divide(X1,inverse(double_divide(inverse(X2),double_divide(X1,X3))))),inverse(double_divide(inverse(X4),inverse(X0))))),X3) = inverse(double_divide(double_divide(inverse(X4),double_divide(X5,X2)),double_divide(X5,inverse(X0)))) [forward demodulation 4299,1142]
4547. double_divide(inverse(double_divide(inverse(double_divide(X1,inverse(double_divide(inverse(inverse(X2)),double_divide(X1,X3))))),inverse(X4))),X3) = inverse(double_divide(X0,double_divide(inverse(inverse(X0)),inverse(double_divide(inverse(X4),X2))))) [forward demodulation 4282,1142]
4737. double_divide(inverse(double_divide(inverse(double_divide(X1,inverse(double_divide(inverse(X2),double_divide(X1,X3))))),inverse(double_divide(inverse(X4),inverse(X0))))),X3) = inverse(double_divide(inverse(double_divide(X0,X4)),X2)) [forward demodulation 4530,1673]
4754. double_divide(inverse(double_divide(inverse(double_divide(X1,inverse(double_divide(inverse(inverse(X2)),double_divide(X1,X3))))),inverse(X4))),X3) = inverse(double_divide(X0,inverse(double_divide(double_divide(inverse(X4),X2),inverse(X0))))) [forward demodulation 4547,1490]
4934. inverse(double_divide(inverse(double_divide(X0,X4)),X2)) = inverse(double_divide(double_divide(inverse(X4),inverse(X0)),double_divide(inverse(double_divide(X1,inverse(double_divide(inverse(X2),double_divide(X1,X3))))),X3))) [forward demodulation 4737,1142]
4951. double_divide(inverse(X4),X2) = double_divide(inverse(double_divide(inverse(double_divide(X1,inverse(double_divide(inverse(inverse(X2)),double_divide(X1,X3))))),inverse(X4))),X3) [forward demodulation 4754,1635]
5127. inverse(double_divide(inverse(double_divide(X0,X4)),X2)) = inverse(double_divide(X4,inverse(double_divide(X0,double_divide(inverse(double_divide(X1,inverse(double_divide(inverse(X2),double_divide(X1,X3))))),X3))))) [forward demodulation 4934,1173]
5143. double_divide(inverse(X4),X2) = inverse(double_divide(X4,double_divide(inverse(double_divide(X1,inverse(double_divide(inverse(inverse(X2)),double_divide(X1,X3))))),X3))) [forward demodulation 4951,1142]
5306. inverse(double_divide(inverse(double_divide(X0,X4)),X2)) = inverse(double_divide(X4,inverse(double_divide(X0,X2)))) [forward demodulation 5127,1]
5318. double_divide(inverse(X4),X2) = inverse(double_divide(X4,inverse(X2))) [forward demodulation 5143,1]
6383. inverse(double_divide(b4,a4)) != inverse(double_divide(b4,a4)) <- (~1) [superposition 6,4131]
6386. double_divide(inverse(double_divide(X1,inverse(X3))),X0) = double_divide(X2,inverse(double_divide(inverse(X3),double_divide(X2,double_divide(X0,X1))))) [superposition 21,4131]
6411. double_divide(X0,inverse(double_divide(inverse(X0),inverse(X1)))) = X1 [superposition 184,4131]
6432. double_divide(inverse(X0),double_divide(inverse(X0),inverse(inverse(X1)))) = X1 [superposition 94,4131]
6464. $false <- (~1) [trivial inequality removal 6383]
6465. 1 [avatar contradiction clause 6464]
6493. inverse(inverse(X1)) = X1 [forward demodulation 6432,3912]
6513. double_divide(X0,double_divide(inverse(inverse(X0)),X1)) = X1 [forward demodulation 6411,5318]
6535. double_divide(inverse(double_divide(X1,inverse(X3))),X0) = double_divide(inverse(double_divide(X0,X1)),inverse(X3)) [forward demodulation 6386,55]
6676. double_divide(X0,double_divide(X0,X1)) = X1 [forward demodulation 6513,6493]
6697. inverse(double_divide(X3,double_divide(X0,X1))) = double_divide(inverse(double_divide(X1,inverse(X3))),X0) [forward demodulation 6535,1581]
6842. inverse(double_divide(X3,double_divide(X0,X1))) = double_divide(double_divide(inverse(X1),X3),X0) [forward demodulation 6697,5318]
7462. inverse(double_divide(c3,inverse(double_divide(b3,a3)))) != inverse(double_divide(b3,inverse(double_divide(c3,a3)))) <- (~2) [forward demodulation 10,5306]
7463. inverse(double_divide(c3,inverse(double_divide(b3,a3)))) != double_divide(inverse(b3),double_divide(c3,a3)) <- (~2) [forward demodulation 7462,5318]
7464. double_divide(inverse(b3),double_divide(c3,a3)) != double_divide(inverse(c3),double_divide(b3,a3)) <- (~2) [forward demodulation 7463,5318]
7497. inverse(X0) = double_divide(inverse(double_divide(inverse(X1),X0)),X1) [superposition 184,6493]
7506. inverse(X0) = double_divide(X1,inverse(double_divide(inverse(X1),X0))) [forward demodulation 7497,4131]
10819. inverse(double_divide(inverse(X0),X1)) = double_divide(inverse(X1),X0) [superposition 6676,40]
10825. inverse(double_divide(inverse(X3),double_divide(X4,X1))) = double_divide(X4,double_divide(inverse(double_divide(inverse(double_divide(X0,inverse(double_divide(inverse(X1),double_divide(X0,X2))))),inverse(X3))),X2)) [superposition 6676,22]
10832. double_divide(X1,inverse(double_divide(inverse(X2),X0))) = double_divide(inverse(double_divide(X1,inverse(X2))),X0) [superposition 21,6676]
10922. double_divide(X1,inverse(double_divide(inverse(X2),X0))) = inverse(double_divide(X2,double_divide(X1,X0))) [forward demodulation 10832,1142]
10926. inverse(double_divide(inverse(X3),double_divide(X4,X1))) = double_divide(X4,inverse(double_divide(X3,double_divide(inverse(double_divide(X0,inverse(double_divide(inverse(X1),double_divide(X0,X2))))),X2)))) [forward demodulation 10825,1142]
10983. inverse(double_divide(X2,double_divide(X1,X0))) = double_divide(X1,double_divide(inverse(X0),X2)) [forward demodulation 10922,10819]
10987. inverse(double_divide(inverse(X3),double_divide(X4,X1))) = double_divide(X4,inverse(double_divide(X3,X1))) [forward demodulation 10926,1]
11039. double_divide(inverse(double_divide(X4,X1)),X3) = double_divide(X4,inverse(double_divide(X3,X1))) [forward demodulation 10987,10819]
11536. double_divide(X1,inverse(double_divide(inverse(X2),double_divide(X1,double_divide(inverse(double_divide(X3,inverse(double_divide(inverse(X4),double_divide(X3,X5))))),inverse(double_divide(inverse(X0),X4))))))) = double_divide(inverse(double_divide(inverse(double_divide(inverse(double_divide(X6,inverse(double_divide(inverse(X5),double_divide(X6,X7))))),inverse(X0))),inverse(X2))),X7) [superposition 43,20]
11552. double_divide(inverse(double_divide(inverse(double_divide(inverse(double_divide(X4,inverse(double_divide(inverse(X3),double_divide(X4,X5))))),inverse(X0))),inverse(X2))),X5) = double_divide(X1,inverse(double_divide(inverse(X2),double_divide(X1,inverse(double_divide(X3,X0)))))) [superposition 43,1610]
11654. double_divide(inverse(double_divide(inverse(double_divide(X3,inverse(double_divide(inverse(X4),double_divide(X3,X5))))),inverse(double_divide(inverse(X2),X4)))),inverse(X1)) = inverse(double_divide(double_divide(X0,inverse(double_divide(inverse(X1),double_divide(X0,X2)))),X5)) [superposition 1514,43]
11781. double_divide(inverse(double_divide(inverse(double_divide(X3,inverse(double_divide(inverse(X4),double_divide(X3,X5))))),inverse(double_divide(inverse(X2),X4)))),inverse(X1)) = inverse(double_divide(double_divide(inverse(X2),inverse(X1)),X5)) [forward demodulation 11654,55]
11881. double_divide(inverse(inverse(double_divide(X3,X0))),inverse(X2)) = double_divide(inverse(double_divide(inverse(double_divide(inverse(double_divide(X4,inverse(double_divide(inverse(X3),double_divide(X4,X5))))),inverse(X0))),inverse(X2))),X5) [forward demodulation 11552,55]
11897. double_divide(X1,inverse(double_divide(inverse(X2),double_divide(X1,double_divide(inverse(double_divide(X3,inverse(double_divide(inverse(X4),double_divide(X3,X5))))),inverse(double_divide(inverse(X0),X4))))))) = inverse(double_divide(X2,double_divide(inverse(double_divide(inverse(double_divide(X6,inverse(double_divide(inverse(X5),double_divide(X6,X7))))),inverse(X0))),X7))) [forward demodulation 11536,1142]
12054. double_divide(inverse(double_divide(inverse(double_divide(X3,inverse(double_divide(inverse(X4),double_divide(X3,X5))))),inverse(double_divide(inverse(X2),X4)))),inverse(X1)) = inverse(inverse(double_divide(inverse(X1),double_divide(X5,X2)))) [forward demodulation 11781,6842]
12152. double_divide(inverse(inverse(double_divide(X3,X0))),inverse(X2)) = inverse(double_divide(X2,double_divide(inverse(double_divide(inverse(double_divide(X4,inverse(double_divide(inverse(X3),double_divide(X4,X5))))),inverse(X0))),X5))) [forward demodulation 11881,1142]
12168. double_divide(X1,inverse(double_divide(inverse(X2),double_divide(X1,double_divide(inverse(double_divide(X3,inverse(double_divide(inverse(X4),double_divide(X3,X5))))),inverse(double_divide(inverse(X0),X4))))))) = inverse(inverse(double_divide(X7,double_divide(X2,double_divide(inverse(double_divide(X6,inverse(double_divide(inverse(X5),double_divide(X6,X7))))),inverse(X0)))))) [forward demodulation 11897,10983]
12325. double_divide(inverse(X1),double_divide(X5,X2)) = double_divide(inverse(double_divide(inverse(double_divide(X3,inverse(double_divide(inverse(X4),double_divide(X3,X5))))),inverse(double_divide(inverse(X2),X4)))),inverse(X1)) [forward demodulation 12054,6493]
12423. double_divide(inverse(inverse(double_divide(X3,X0))),inverse(X2)) = inverse(inverse(double_divide(X5,double_divide(X2,double_divide(inverse(double_divide(X4,inverse(double_divide(inverse(X3),double_divide(X4,X5))))),inverse(X0)))))) [forward demodulation 12152,10983]
12439. double_divide(X1,inverse(double_divide(inverse(X2),double_divide(X1,double_divide(inverse(double_divide(X3,inverse(double_divide(inverse(X4),double_divide(X3,X5))))),inverse(double_divide(inverse(X0),X4))))))) = double_divide(X7,double_divide(X2,double_divide(inverse(double_divide(X6,inverse(double_divide(inverse(X5),double_divide(X6,X7))))),inverse(X0)))) [forward demodulation 12168,6493]
12596. double_divide(inverse(X1),double_divide(X5,X2)) = inverse(double_divide(double_divide(inverse(X2),X4),double_divide(inverse(double_divide(X3,inverse(double_divide(inverse(X4),double_divide(X3,X5))))),inverse(X1)))) [forward demodulation 12325,1142]
12694. double_divide(inverse(inverse(double_divide(X3,X0))),inverse(X2)) = double_divide(X5,double_divide(X2,double_divide(inverse(double_divide(X4,inverse(double_divide(inverse(X3),double_divide(X4,X5))))),inverse(X0)))) [forward demodulation 12423,6493]
12710. double_divide(X1,inverse(double_divide(inverse(X2),double_divide(X1,double_divide(inverse(double_divide(X3,inverse(double_divide(inverse(X4),double_divide(X3,X5))))),inverse(double_divide(inverse(X0),X4))))))) = double_divide(X7,inverse(double_divide(inverse(X0),double_divide(X2,double_divide(X6,inverse(double_divide(inverse(X5),double_divide(X6,X7)))))))) [forward demodulation 12439,10983]
12867. double_divide(inverse(X1),double_divide(X5,X2)) = inverse(double_divide(double_divide(inverse(X2),X4),inverse(double_divide(X1,double_divide(X3,inverse(double_divide(inverse(X4),double_divide(X3,X5)))))))) [forward demodulation 12596,1383]
12965. double_divide(inverse(inverse(double_divide(X3,X0))),inverse(X2)) = double_divide(X5,inverse(double_divide(inverse(X0),double_divide(X2,double_divide(X4,inverse(double_divide(inverse(X3),double_divide(X4,X5)))))))) [forward demodulation 12694,10983]
12981. double_divide(X1,inverse(double_divide(inverse(X2),double_divide(X1,double_divide(inverse(double_divide(X3,inverse(double_divide(inverse(X4),double_divide(X3,X5))))),inverse(double_divide(inverse(X0),X4))))))) = double_divide(X7,double_divide(X2,inverse(double_divide(X0,double_divide(X6,inverse(double_divide(inverse(X5),double_divide(X6,X7)))))))) [forward demodulation 12710,1433]
13138. double_divide(inverse(X1),double_divide(X5,X2)) = double_divide(inverse(double_divide(inverse(X2),X4)),double_divide(X1,double_divide(X3,inverse(double_divide(inverse(X4),double_divide(X3,X5)))))) [forward demodulation 12867,5318]
13236. double_divide(inverse(inverse(double_divide(X3,X0))),inverse(X2)) = double_divide(X5,double_divide(X2,inverse(double_divide(X0,double_divide(X4,inverse(double_divide(inverse(X3),double_divide(X4,X5)))))))) [forward demodulation 12965,1433]
13252. double_divide(X1,inverse(double_divide(inverse(X2),double_divide(X1,double_divide(inverse(double_divide(X3,inverse(double_divide(inverse(X4),double_divide(X3,X5))))),inverse(double_divide(inverse(X0),X4))))))) = double_divide(X7,double_divide(X2,inverse(double_divide(X0,double_divide(inverse(X7),inverse(X5)))))) [forward demodulation 12981,55]
13409. double_divide(inverse(X1),double_divide(X5,X2)) = double_divide(inverse(X2),inverse(double_divide(double_divide(X1,double_divide(X3,inverse(double_divide(inverse(X4),double_divide(X3,X5))))),X4))) [forward demodulation 13138,11039]
13506. double_divide(inverse(inverse(double_divide(X3,X0))),inverse(X2)) = double_divide(X5,double_divide(X2,inverse(double_divide(X0,double_divide(inverse(X5),inverse(X3)))))) [forward demodulation 13236,55]
13522. double_divide(X1,inverse(double_divide(inverse(X2),double_divide(X1,double_divide(inverse(double_divide(X3,inverse(double_divide(inverse(X4),double_divide(X3,X5))))),inverse(double_divide(inverse(X0),X4))))))) = double_divide(X7,double_divide(X2,inverse(double_divide(X0,inverse(double_divide(X5,X7)))))) [forward demodulation 13252,1490]
13679. double_divide(inverse(X1),double_divide(X5,X2)) = inverse(double_divide(double_divide(double_divide(X1,double_divide(X3,inverse(double_divide(inverse(X4),double_divide(X3,X5))))),X4),X2)) [forward demodulation 13409,1581]
13776. double_divide(inverse(inverse(double_divide(X3,X0))),inverse(X2)) = double_divide(X5,double_divide(X2,inverse(double_divide(X0,inverse(double_divide(X3,X5)))))) [forward demodulation 13506,1490]
13792. double_divide(X1,inverse(double_divide(inverse(X2),double_divide(X1,double_divide(inverse(double_divide(X3,inverse(double_divide(inverse(X4),double_divide(X3,X5))))),inverse(double_divide(inverse(X0),X4))))))) = double_divide(X7,double_divide(X2,double_divide(inverse(X0),double_divide(X5,X7)))) [forward demodulation 13522,5318]
13949. double_divide(inverse(X1),double_divide(X5,X2)) = inverse(double_divide(double_divide(X4,double_divide(X1,double_divide(X3,inverse(double_divide(inverse(X4),double_divide(X3,X5)))))),X2)) [forward demodulation 13679,4131]
14045. double_divide(inverse(inverse(double_divide(X3,X0))),inverse(X2)) = double_divide(X5,double_divide(X2,double_divide(inverse(X0),double_divide(X3,X5)))) [forward demodulation 13776,5318]
14061. double_divide(X1,inverse(double_divide(inverse(X2),double_divide(X1,double_divide(inverse(double_divide(X3,inverse(double_divide(inverse(X4),double_divide(X3,X5))))),inverse(double_divide(inverse(X0),X4))))))) = double_divide(X7,inverse(double_divide(double_divide(X5,X7),double_divide(X2,X0)))) [forward demodulation 13792,10983]
14217. double_divide(inverse(X1),double_divide(X5,X2)) = inverse(double_divide(double_divide(X4,double_divide(X1,double_divide(inverse(X5),inverse(X4)))),X2)) [forward demodulation 13949,55]
14312. double_divide(inverse(inverse(double_divide(X3,X0))),inverse(X2)) = double_divide(X5,inverse(double_divide(double_divide(X3,X5),double_divide(X2,X0)))) [forward demodulation 14045,10983]
14328. double_divide(X7,inverse(double_divide(double_divide(X5,X7),double_divide(X2,X0)))) = double_divide(inverse(double_divide(inverse(double_divide(X3,inverse(double_divide(inverse(X4),double_divide(X3,X5))))),inverse(X2))),inverse(double_divide(inverse(X0),X4))) [forward demodulation 14061,21]
14484. double_divide(inverse(X1),double_divide(X5,X2)) = inverse(double_divide(double_divide(X4,inverse(double_divide(inverse(X4),double_divide(X1,X5)))),X2)) [forward demodulation 14217,10983]
14576. inverse(double_divide(X2,inverse(double_divide(X3,X0)))) = double_divide(X5,inverse(double_divide(double_divide(X3,X5),double_divide(X2,X0)))) [forward demodulation 14312,1581]
14592. double_divide(X7,inverse(double_divide(double_divide(X5,X7),double_divide(X2,X0)))) = inverse(double_divide(X2,double_divide(inverse(double_divide(X3,inverse(double_divide(inverse(X4),double_divide(X3,X5))))),inverse(double_divide(inverse(X0),X4))))) [forward demodulation 14328,1142]
14746. double_divide(inverse(X1),double_divide(X5,X2)) = inverse(double_divide(inverse(double_divide(X1,X5)),X2)) [forward demodulation 14484,7506]
14837. double_divide(inverse(X2),double_divide(X3,X0)) = double_divide(X5,inverse(double_divide(double_divide(X3,X5),double_divide(X2,X0)))) [forward demodulation 14576,5318]
14853. double_divide(X7,inverse(double_divide(double_divide(X5,X7),double_divide(X2,X0)))) = inverse(double_divide(X2,inverse(double_divide(double_divide(inverse(X0),X4),double_divide(X3,inverse(double_divide(inverse(X4),double_divide(X3,X5)))))))) [forward demodulation 14592,1383]
15005. double_divide(inverse(X1),double_divide(X5,X2)) = double_divide(inverse(X2),double_divide(X1,X5)) [forward demodulation 14746,10819]
15105. double_divide(X7,inverse(double_divide(double_divide(X5,X7),double_divide(X2,X0)))) = double_divide(inverse(X2),double_divide(double_divide(inverse(X0),X4),double_divide(X3,inverse(double_divide(inverse(X4),double_divide(X3,X5)))))) [forward demodulation 14853,5318]
15355. double_divide(X7,inverse(double_divide(double_divide(X5,X7),double_divide(X2,X0)))) = double_divide(inverse(X2),inverse(double_divide(X4,double_divide(double_divide(X3,inverse(double_divide(inverse(X4),double_divide(X3,X5)))),X0)))) [forward demodulation 15105,6842]
15585. double_divide(X7,inverse(double_divide(double_divide(X5,X7),double_divide(X2,X0)))) = inverse(double_divide(double_divide(X4,double_divide(double_divide(X3,inverse(double_divide(inverse(X4),double_divide(X3,X5)))),X0)),X2)) [forward demodulation 15355,1581]
15808. double_divide(X7,inverse(double_divide(double_divide(X5,X7),double_divide(X2,X0)))) = inverse(double_divide(double_divide(X4,double_divide(double_divide(inverse(X5),inverse(X4)),X0)),X2)) [forward demodulation 15585,55]
16016. double_divide(X7,inverse(double_divide(double_divide(X5,X7),double_divide(X2,X0)))) = inverse(double_divide(double_divide(X4,inverse(double_divide(inverse(X4),double_divide(X0,X5)))),X2)) [forward demodulation 15808,6842]
16209. inverse(double_divide(inverse(double_divide(X0,X5)),X2)) = double_divide(X7,inverse(double_divide(double_divide(X5,X7),double_divide(X2,X0)))) [forward demodulation 16016,7506]
16399. inverse(double_divide(inverse(double_divide(X0,X5)),X2)) = double_divide(inverse(X2),double_divide(X5,X0)) [forward demodulation 16209,14837]
16577. double_divide(inverse(X2),double_divide(X0,X5)) = double_divide(inverse(X2),double_divide(X5,X0)) [forward demodulation 16399,10819]
272136. double_divide(inverse(c3),double_divide(b3,a3)) != double_divide(inverse(c3),double_divide(a3,b3)) <- (~2) [superposition 7464,15005]
272536. $false <- (~2) [forward subsumption resolution 272136,16577]
272537. 2 [avatar contradiction clause 272536]
278840. $false <- (~3) [forward subsumption resolution 14,2296]
278841. 3 [avatar contradiction clause 278840]
278844. inverse(double_divide(a1,inverse(a1))) != double_divide(inverse(b1),b1) <- (~4) [forward demodulation 18,5318]
278845. $false <- (~4) [forward subsumption resolution 278844,2539]
278846. 4 [avatar contradiction clause 278845]
s1. ~4 | ~3 | ~2 | ~1 [sat_conversion 19]
s3. 1 [sat_conversion 6465]
s4. 2 [sat_conversion 272537]
s5. 3 [sat_conversion 278841]
s6. 4 [sat_conversion 278846]
s7. # [rat s1,s3,s4,s5,s6]
278847. $false [avatar sat refutation s7]
% SZS output end Proof for GRP109-1_clausified
% ------------------------------
% Version: Vampire 5.0.0 (Release build, commit 2e2c9b7b8 on 2026-01-17 12:24:14 +0100)
% Linked with Z3 4.14.0.0 3c47fd96cf5645d0c42b2c819d9e9a84380aa721 z3-4.8.4-9178-g3c47fd96c
% CaDiCaL version: 2.1.3
% Termination reason: Refutation
% Time elapsed: 3.345 s
% Peak memory usage: 107 MB
% Instructions burned: 9557 (million)
% ------------------------------
% ------------------------------
