% Running in auto input_syntax mode. Trying TPTP
% Refutation found. Thanks to Tanya!
% SZS status Unsatisfiable for GRP088-1_clausified
% SZS output start Proof for GRP088-1_clausified
1. divide(X0,divide(X1,divide(X2,divide(X0,X1)))) = X2 [input(axiom)]
2. multiply(X0,X1) = divide(X0,divide(divide(X2,X2),X1)) [input(axiom)]
3. inverse(X0) = divide(divide(X1,X1),X0) [input(axiom)]
4. multiply(inverse(a1),a1) != multiply(inverse(b1),b1) | a2 != multiply(multiply(inverse(b2),b2),a2) | multiply(multiply(a3,b3),c3) != multiply(a3,multiply(b3,c3)) | multiply(a4,b4) != multiply(b4,a4) [input(negated conjecture)]
6. 1 <=> multiply(a4,b4) = multiply(b4,a4) [avatar definition]
8. multiply(a4,b4) != multiply(b4,a4) <- (~1) [avatar component clause 6]
10. 2 <=> multiply(multiply(a3,b3),c3) = multiply(a3,multiply(b3,c3)) [avatar definition]
12. multiply(multiply(a3,b3),c3) != multiply(a3,multiply(b3,c3)) <- (~2) [avatar component clause 10]
14. 3 <=> a2 = multiply(multiply(inverse(b2),b2),a2) [avatar definition]
16. a2 != multiply(multiply(inverse(b2),b2),a2) <- (~3) [avatar component clause 14]
18. 4 <=> multiply(inverse(a1),a1) = multiply(inverse(b1),b1) [avatar definition]
20. multiply(inverse(a1),a1) != multiply(inverse(b1),b1) <- (~4) [avatar component clause 18]
21. ~1 | ~2 | ~3 | ~4 [avatar split clause 4,18,14,10,6]
22. multiply(X0,X1) = divide(X0,inverse(X1)) [forward demodulation 2,3]
23. inverse(X1) = divide(inverse(divide(X0,X0)),X1) [superposition 3,3]
25. inverse(X1) = divide(multiply(inverse(X0),X0),X1) [superposition 3,22]
26. multiply(divide(X0,X0),X1) = inverse(inverse(X1)) [superposition 3,22]
28. divide(X0,divide(inverse(X1),divide(X2,multiply(X0,X1)))) = X2 [superposition 1,22]
29. divide(X1,divide(divide(X2,divide(X0,divide(X1,X2))),divide(X3,X0))) = X3 [superposition 1,1]
30. divide(X2,X2) = divide(X0,divide(X1,inverse(divide(X0,X1)))) [superposition 1,3]
31. divide(X1,divide(divide(X0,divide(X2,X1)),X0)) = X2 [superposition 1,1]
32. divide(X1,inverse(divide(X0,divide(X1,divide(X2,X2))))) = X0 [superposition 1,3]
34. inverse(divide(X1,divide(X0,divide(divide(X2,X2),X1)))) = X0 [superposition 3,1]
35. inverse(divide(X1,divide(X0,inverse(X1)))) = X0 [forward demodulation 34,3]
37. multiply(X1,divide(X0,divide(X1,divide(X2,X2)))) = X0 [forward demodulation 32,22]
38. divide(X2,X2) = divide(X0,multiply(X1,divide(X0,X1))) [forward demodulation 30,22]
40. inverse(divide(X1,multiply(X0,X1))) = X0 [forward demodulation 35,22]
43. inverse(inverse(multiply(X0,divide(X1,X1)))) = X0 [superposition 40,3]
110. divide(X1,inverse(divide(X0,X1))) = X0 [superposition 31,3]
115. divide(divide(X1,divide(X0,X2)),divide(X1,X0)) = X2 [superposition 1,31]
116. divide(X1,X0) = divide(divide(X1,X2),divide(X0,X2)) [superposition 1,31]
123. multiply(X1,divide(X0,X1)) = X0 [forward demodulation 110,22]
132. multiply(inverse(X1),X1) = multiply(X0,inverse(X0)) [superposition 123,25]
135. inverse(inverse(X0)) = X0 [superposition 43,123]
146. multiply(divide(divide(X1,X1),divide(X0,X2)),X0) = X2 [superposition 37,31]
153. inverse(inverse(divide(X0,divide(divide(X1,X1),divide(X2,X2))))) = X0 [superposition 26,37]
154. divide(X0,divide(divide(X1,X1),divide(X2,X2))) = X0 [forward demodulation 153,135]
156. multiply(inverse(divide(X0,X2)),X0) = X2 [forward demodulation 146,3]
163. divide(X0,inverse(divide(X2,X2))) = X0 [forward demodulation 154,3]
168. multiply(X0,divide(X2,X2)) = X0 [forward demodulation 163,22]
173. inverse(X0) = divide(X1,multiply(X0,X1)) [superposition 135,40]
178. divide(X1,X0) = multiply(X1,inverse(X0)) [superposition 22,135]
195. divide(X1,X1) = divide(X0,X0) [superposition 38,38]
208. divide(X2,X3) = divide(X2,divide(X3,divide(X0,multiply(X1,divide(X0,X1))))) [superposition 1,38]
231. divide(X2,X3) = divide(X2,divide(X3,divide(X0,X0))) [forward demodulation 208,123]
267. multiply(X1,multiply(inverse(X0),X0)) = X1 [superposition 168,22]
416. divide(X1,divide(divide(X1,divide(X2,divide(X0,X0))),divide(X3,X2))) = X3 [superposition 29,195]
469. inverse(divide(divide(X1,divide(X2,divide(inverse(divide(X3,X3)),X1))),divide(X0,X2))) = X0 [superposition 23,29]
470. inverse(divide(divide(X1,divide(X2,inverse(X1))),divide(X0,X2))) = X0 [forward demodulation 469,23]
499. divide(X1,divide(divide(X1,X2),divide(X3,X2))) = X3 [forward demodulation 416,231]
501. inverse(divide(divide(X1,multiply(X2,X1)),divide(X0,X2))) = X0 [forward demodulation 470,22]
522. divide(X1,divide(X1,X3)) = X3 [forward demodulation 499,116]
524. inverse(divide(inverse(X2),divide(X0,X2))) = X0 [forward demodulation 501,173]
653. multiply(divide(X1,X0),X0) = X1 [superposition 123,522]
654. divide(X1,X0) = multiply(inverse(X0),X1) [superposition 156,522]
658. inverse(X1) = divide(X0,multiply(X0,X1)) [superposition 28,522]
904. multiply(multiply(X0,X1),inverse(X1)) = X0 [superposition 653,22]
912. divide(X0,X1) = inverse(divide(X1,X0)) [superposition 40,653]
917. divide(multiply(X0,X1),X1) = X0 [forward demodulation 904,178]
1099. multiply(X0,X1) = divide(X1,divide(divide(X2,X0),X2)) [superposition 31,917]
1101. multiply(X0,X1) = multiply(X1,X0) [superposition 123,917]
1106. divide(X1,divide(X2,X0)) = multiply(X0,divide(X1,X2)) [superposition 1,917]
1118. multiply(X0,X1) = multiply(X2,divide(X1,divide(X2,X0))) [forward demodulation 1099,1106]
1126. multiply(X0,X1) = multiply(X2,multiply(X0,divide(X1,X2))) [forward demodulation 1118,1106]
1320. multiply(a4,b4) != multiply(a4,b4) <- (~1) [superposition 8,1101]
1336. $false <- (~1) [trivial inequality removal 1320]
1337. 1 [avatar contradiction clause 1336]
1358. multiply(a3,multiply(b3,c3)) != multiply(c3,multiply(a3,b3)) <- (~2) [forward demodulation 12,1101]
1444. inverse(X0) = divide(X1,divide(X0,inverse(X1))) [superposition 524,31]
1451. inverse(X0) = divide(inverse(X1),divide(X0,X1)) [superposition 135,524]
1456. inverse(X0) = multiply(X1,divide(inverse(X1),X0)) [forward demodulation 1451,1106]
1462. inverse(X0) = multiply(inverse(X1),divide(X1,X0)) [forward demodulation 1444,1106]
1494. inverse(X0) = divide(divide(X1,X0),X1) [forward demodulation 1462,654]
4718. divide(inverse(X0),X1) = inverse(multiply(X1,X0)) [superposition 1494,658]
5093. divide(X2,divide(X1,X0)) = multiply(divide(X0,X1),X2) [superposition 654,912]
5094. multiply(X0,divide(X2,X1)) = multiply(divide(X0,X1),X2) [forward demodulation 5093,1106]
5660. divide(X0,X3) = divide(X0,divide(X1,divide(X2,divide(X3,divide(X1,X2))))) [superposition 115,29]
5661. divide(X0,multiply(X1,X2)) = divide(X0,divide(X1,inverse(X2))) [superposition 115,28]
5795. divide(X0,multiply(X1,X2)) = multiply(inverse(X2),divide(X0,X1)) [forward demodulation 5661,1106]
5796. divide(X0,X3) = multiply(divide(X2,divide(X3,divide(X1,X2))),divide(X0,X1)) [forward demodulation 5660,1106]
5878. divide(X0,multiply(X1,X2)) = divide(divide(X0,X1),X2) [forward demodulation 5795,654]
5879. divide(X0,X3) = multiply(X2,divide(divide(X0,X1),divide(X3,divide(X1,X2)))) [forward demodulation 5796,5094]
5944. divide(X0,X3) = multiply(X2,divide(X0,multiply(X1,divide(X3,divide(X1,X2))))) [forward demodulation 5879,5878]
5998. divide(X0,X3) = multiply(X2,divide(X0,multiply(X1,multiply(X2,divide(X3,X1))))) [forward demodulation 5944,1106]
6026. divide(X0,X3) = multiply(X2,divide(X0,multiply(X2,X3))) [forward demodulation 5998,1126]
13592. multiply(X2,multiply(X1,X0)) = divide(X2,divide(inverse(X0),X1)) [superposition 22,4718]
13646. multiply(X2,multiply(X1,X0)) = multiply(X1,divide(X2,inverse(X0))) [forward demodulation 13592,1106]
13696. multiply(X2,multiply(X1,X0)) = multiply(X1,multiply(X2,X0)) [forward demodulation 13646,22]
27638. divide(X1,divide(inverse(X2),X0)) = multiply(X2,divide(X1,inverse(X0))) [superposition 6026,1456]
27845. divide(X1,divide(inverse(X2),X0)) = multiply(X2,multiply(X1,X0)) [forward demodulation 27638,22]
27934. multiply(X0,divide(X1,inverse(X2))) = multiply(X2,multiply(X1,X0)) [forward demodulation 27845,1106]
27994. multiply(X0,multiply(X1,X2)) = multiply(X2,multiply(X1,X0)) [forward demodulation 27934,22]
82736. multiply(a3,multiply(b3,c3)) != multiply(b3,multiply(a3,c3)) <- (~2) [superposition 1358,27994]
82892. $false <- (~2) [forward subsumption resolution 82736,13696]
82893. 2 [avatar contradiction clause 82892]
83743. a2 != multiply(a2,multiply(inverse(b2),b2)) <- (~3) [forward demodulation 16,1101]
83744. $false <- (~3) [forward subsumption resolution 83743,267]
83745. 3 [avatar contradiction clause 83744]
83747. multiply(inverse(a1),a1) != multiply(b1,inverse(b1)) <- (~4) [forward demodulation 20,1101]
83748. $false <- (~4) [forward subsumption resolution 83747,132]
83749. 4 [avatar contradiction clause 83748]
s1. ~4 | ~3 | ~2 | ~1 [sat_conversion 21]
s3. 1 [sat_conversion 1337]
s5. 2 [sat_conversion 82893]
s6. 3 [sat_conversion 83745]
s7. 4 [sat_conversion 83749]
s8. # [rat s1,s3,s5,s6,s7]
83750. $false [avatar sat refutation s8]
% SZS output end Proof for GRP088-1_clausified
% ------------------------------
% Version: Vampire 5.0.0 (Release build, commit 2e2c9b7b8 on 2026-01-17 12:24:14 +0100)
% Linked with Z3 4.14.0.0 3c47fd96cf5645d0c42b2c819d9e9a84380aa721 z3-4.8.4-9178-g3c47fd96c
% CaDiCaL version: 2.1.3
% Termination reason: Refutation
% Time elapsed: 0.475 s
% Peak memory usage: 62 MB
% Instructions burned: 1915 (million)
% ------------------------------
% ------------------------------
