% Running in auto input_syntax mode. Trying TPTP
% Refutation found. Thanks to Tanya!
% SZS status Unsatisfiable for GRP455-1
% SZS output start Proof for GRP455-1
1. divide(divide(identity,divide(X0,divide(X1,divide(divide(divide(X0,X0),X0),X2)))),X2) = X1 [input(axiom)]
2. multiply(X0,X1) = divide(X0,divide(identity,X1)) [input(axiom)]
4. identity = divide(X0,X0) [input(axiom)]
5. multiply(identity,a2) != a2 [input(negated conjecture)]
6. a2 != multiply(identity,a2) [reorient equations 5]
7. a2 != divide(identity,divide(identity,a2)) [definition unfolding 6,2]
8. divide(divide(identity,divide(X0,divide(X1,divide(divide(identity,X0),X2)))),X2) = X1 [forward demodulation 1,4]
9. divide(divide(identity,divide(identity,divide(X0,divide(identity,X1)))),X1) = X0 [superposition 8,4]
11. divide(divide(identity,divide(X0,divide(X1,identity))),divide(identity,X0)) = X1 [superposition 8,4]
14. divide(divide(identity,divide(identity,divide(X0,identity))),identity) = X0 [superposition 9,4]
35. divide(divide(identity,identity),divide(identity,divide(X0,identity))) = X0 [superposition 11,4]
42. divide(identity,divide(identity,divide(X0,identity))) = X0 [forward demodulation 35,4]
51. divide(identity,divide(identity,divide(X0,identity))) = divide(identity,divide(identity,X0)) [superposition 42,14]
67. divide(identity,divide(identity,X0)) = X0 [forward demodulation 51,42]
229. a2 != a2 [superposition 7,67]
248. $false [trivial inequality removal 229]
% SZS output end Proof for GRP455-1
% ------------------------------
% Version: Vampire 5.0.0 (Release build, commit 2e2c9b7b8 on 2026-01-17 12:24:14 +0100)
% Linked with Z3 4.14.0.0 3c47fd96cf5645d0c42b2c819d9e9a84380aa721 z3-4.8.4-9178-g3c47fd96c
% CaDiCaL version: 2.1.3
% Termination reason: Refutation
% Time elapsed: 0.005 s
% Peak memory usage: 59 MB
% Instructions burned: 12 (million)
% ------------------------------
% ------------------------------
