% Running in auto input_syntax mode. Trying TPTP
% Refutation found. Thanks to Tanya!
% SZS status Unsatisfiable for GRP524-1
% SZS output start Proof for GRP524-1
1. divide(X0,divide(X1,divide(X2,divide(X0,X1)))) = X2 [input(axiom)]
2. multiply(X0,X1) = divide(X0,divide(divide(X2,X2),X1)) [input(axiom)]
3. inverse(X0) = divide(divide(X1,X1),X0) [input(axiom)]
4. multiply(a,b) != multiply(b,a) [input(negated conjecture)]
5. multiply(X0,X1) = divide(X0,inverse(X1)) [forward demodulation 2,3]
12. divide(X1,divide(divide(X2,divide(X0,divide(X1,X2))),divide(X3,X0))) = X3 [superposition 1,1]
13. divide(X2,X2) = divide(X0,divide(X1,inverse(divide(X0,X1)))) [superposition 1,3]
14. divide(X1,divide(divide(X0,divide(X2,X1)),X0)) = X2 [superposition 1,1]
17. inverse(divide(X1,divide(X0,divide(divide(X2,X2),X1)))) = X0 [superposition 3,1]
18. inverse(divide(X1,divide(X0,inverse(X1)))) = X0 [forward demodulation 17,3]
21. divide(X2,X2) = divide(X0,multiply(X1,divide(X0,X1))) [forward demodulation 13,5]
23. inverse(divide(X1,multiply(X0,X1))) = X0 [forward demodulation 18,5]
26. inverse(inverse(multiply(X0,divide(X1,X1)))) = X0 [superposition 23,3]
93. divide(X1,inverse(divide(X0,X1))) = X0 [superposition 14,3]
99. divide(X1,X0) = divide(divide(X1,X2),divide(X0,X2)) [superposition 1,14]
106. multiply(X1,divide(X0,X1)) = X0 [forward demodulation 93,5]
118. inverse(inverse(X0)) = X0 [superposition 26,106]
161. divide(X1,X0) = multiply(X1,inverse(X0)) [superposition 5,118]
178. divide(X1,X1) = divide(X0,X0) [superposition 21,21]
191. divide(X2,X3) = divide(X2,divide(X3,divide(X0,multiply(X1,divide(X0,X1))))) [superposition 1,21]
214. divide(X2,X3) = divide(X2,divide(X3,divide(X0,X0))) [forward demodulation 191,106]
399. divide(X1,divide(divide(X1,divide(X2,divide(X0,X0))),divide(X3,X2))) = X3 [superposition 12,178]
482. divide(X1,divide(divide(X1,X2),divide(X3,X2))) = X3 [forward demodulation 399,214]
505. divide(X1,divide(X1,X3)) = X3 [forward demodulation 482,99]
636. multiply(divide(X1,X0),X0) = X1 [superposition 106,505]
887. multiply(multiply(X0,X1),inverse(X1)) = X0 [superposition 636,5]
900. divide(multiply(X0,X1),X1) = X0 [forward demodulation 887,161]
1084. multiply(X0,X1) = multiply(X1,X0) [superposition 106,900]
1297. multiply(a,b) != multiply(a,b) [superposition 4,1084]
1298. $false [trivial inequality removal 1297]
% SZS output end Proof for GRP524-1
% ------------------------------
% Version: Vampire 5.0.0 (Release build, commit 2e2c9b7b8 on 2026-01-17 12:24:14 +0100)
% Linked with Z3 4.14.0.0 3c47fd96cf5645d0c42b2c819d9e9a84380aa721 z3-4.8.4-9178-g3c47fd96c
% CaDiCaL version: 2.1.3
% Termination reason: Refutation
% Time elapsed: 0.011 s
% Peak memory usage: 59 MB
% Instructions burned: 40 (million)
% ------------------------------
% ------------------------------
