% Running in auto input_syntax mode. Trying TPTP
% Refutation found. Thanks to Tanya!
% SZS status Theorem for GRP658+1
% SZS output start Proof for GRP658+1
1. ! [X0,X1] : mult(X1,ld(X1,X0)) = X0 [input(axiom)]
2. ! [X0,X1] : ld(X1,mult(X1,X0)) = X0 [input(axiom)]
3. ! [X0,X1] : mult(rd(X1,X0),X0) = X1 [input(axiom)]
4. ! [X0,X1] : rd(mult(X1,X0),X0) = X1 [input(axiom)]
5. ! [X0,X1,X2] : mult(mult(X2,mult(X1,X1)),X0) = mult(mult(X2,X1),mult(X1,X0)) [input(axiom)]
6. ? [X0] : ! [X1] : (mult(X1,X0) = X1 & mult(X0,X1) = X1) [input(conjecture)]
7. ~? [X0] : ! [X1] : (mult(X1,X0) = X1 & mult(X0,X1) = X1) [negated conjecture 6]
8. ! [X0] : ? [X1] : (mult(X1,X0) != X1 | mult(X0,X1) != X1) [ennf transformation 7]
9. ! [X0] : (? [X1] : (mult(X1,X0) != X1 | mult(X0,X1) != X1) => (sK0(X0) != mult(sK0(X0),X0) | sK0(X0) != mult(X0,sK0(X0)))) [skolem symbol introduction]
10. ! [X0] : (sK0(X0) != mult(sK0(X0),X0) | sK0(X0) != mult(X0,sK0(X0))) [skolemisation 8,9]
11. mult(X1,ld(X1,X0)) = X0 [cnf transformation 1]
12. ld(X1,mult(X1,X0)) = X0 [cnf transformation 2]
13. mult(rd(X1,X0),X0) = X1 [cnf transformation 3]
14. rd(mult(X1,X0),X0) = X1 [cnf transformation 4]
15. mult(mult(X2,mult(X1,X1)),X0) = mult(mult(X2,X1),mult(X1,X0)) [cnf transformation 5]
16. sK0(X0) != mult(sK0(X0),X0) | sK0(X0) != mult(X0,sK0(X0)) [cnf transformation 10]
18. rd(X0,ld(X1,X0)) = X1 [superposition 14,11]
20. mult(mult(rd(X0,mult(X1,X1)),X1),mult(X1,X2)) = mult(X0,X2) [superposition 15,13]
23. mult(X0,mult(X1,X1)) = rd(mult(mult(X0,X1),mult(X1,X2)),X2) [superposition 14,15]
25. mult(mult(X0,X1),mult(X1,ld(mult(X0,mult(X1,X1)),X2))) = X2 [superposition 11,15]
34. mult(X1,ld(X2,X0)) = mult(mult(rd(X1,mult(X2,X2)),X2),X0) [superposition 20,11]
35. mult(X1,X2) = mult(mult(rd(X1,mult(rd(X0,X2),rd(X0,X2))),rd(X0,X2)),X0) [superposition 20,13]
37. mult(X2,mult(X3,X1)) = mult(mult(rd(X2,mult(mult(rd(X0,mult(X3,X3)),X3),mult(rd(X0,mult(X3,X3)),X3))),mult(rd(X0,mult(X3,X3)),X3)),mult(X0,X1)) [superposition 20,20]
41. mult(rd(X0,mult(X2,X2)),X2) = rd(mult(X0,X1),mult(X2,X1)) [superposition 14,20]
42. mult(X2,X1) = ld(mult(rd(X0,mult(X2,X2)),X2),mult(X0,X1)) [superposition 12,20]
48. mult(mult(rd(X0,mult(X2,X2)),X2),mult(mult(X2,X1),mult(X2,X1))) = rd(mult(mult(X0,X1),mult(mult(X2,X1),X3)),X3) [superposition 23,20]
62. rd(mult(mult(X0,X1),mult(mult(X2,X1),X3)),X3) = mult(X0,ld(X2,mult(mult(X2,X1),mult(X2,X1)))) [forward demodulation 48,34]
105. mult(X2,ld(mult(X1,mult(X2,X2)),X0)) = ld(mult(X1,X2),X0) [superposition 12,25]
151. mult(rd(X0,mult(X1,X1)),X1) = rd(mult(X0,ld(X1,X2)),X2) [superposition 14,34]
295. mult(rd(X1,mult(X2,X2)),X2) = rd(X0,mult(X2,ld(X1,X0))) [superposition 41,11]
598. mult(X1,ld(X2,X0)) = ld(mult(rd(X2,mult(X1,X1)),X1),X0) [superposition 42,11]
1210. mult(rd(X1,mult(X1,X1)),X1) = rd(X0,X0) [superposition 151,11]
1607. mult(rd(X1,X2),X2) = mult(rd(X0,X0),X1) [superposition 35,1210]
1680. mult(rd(X0,X0),X1) = X1 [forward demodulation 1607,13]
2141. mult(X0,ld(mult(X0,X0),X2)) = ld(mult(rd(X1,X1),X0),X2) [superposition 105,1680]
2158. ld(X0,X2) = mult(X0,ld(mult(X0,X0),X2)) [forward demodulation 2141,1680]
4036. sK0(ld(X0,mult(mult(X0,X1),mult(X0,X1)))) != rd(mult(mult(sK0(ld(X0,mult(mult(X0,X1),mult(X0,X1)))),X1),mult(mult(X0,X1),X2)),X2) | sK0(ld(X0,mult(mult(X0,X1),mult(X0,X1)))) != mult(ld(X0,mult(mult(X0,X1),mult(X0,X1))),sK0(ld(X0,mult(mult(X0,X1),mult(X0,X1))))) [superposition 16,62]
4320. sK0(ld(rd(X0,X1),mult(X0,X0))) != rd(mult(mult(sK0(ld(rd(X0,X1),mult(X0,X0))),X1),mult(X0,X2)),X2) | sK0(ld(rd(X0,X1),mult(X0,X0))) != mult(ld(rd(X0,X1),mult(X0,X0)),sK0(ld(rd(X0,X1),mult(X0,X0)))) [superposition 4036,13]
5284. sK0(ld(rd(X1,X2),mult(X1,X1))) != rd(mult(mult(sK0(ld(rd(X1,X2),mult(X1,X1))),X2),X0),ld(X1,X0)) | sK0(ld(rd(X1,X2),mult(X1,X1))) != mult(ld(rd(X1,X2),mult(X1,X1)),sK0(ld(rd(X1,X2),mult(X1,X1)))) [superposition 4320,11]
5686. sK0(ld(rd(X1,X2),mult(X1,X1))) != rd(X0,ld(X1,ld(mult(sK0(ld(rd(X1,X2),mult(X1,X1))),X2),X0))) | sK0(ld(rd(X1,X2),mult(X1,X1))) != mult(ld(rd(X1,X2),mult(X1,X1)),sK0(ld(rd(X1,X2),mult(X1,X1)))) [superposition 5284,11]
6652. sK0(ld(X0,mult(X1,X1))) != rd(X2,ld(X1,ld(mult(sK0(ld(X0,mult(X1,X1))),ld(X0,X1)),X2))) | sK0(ld(X0,mult(X1,X1))) != mult(ld(X0,mult(X1,X1)),sK0(ld(X0,mult(X1,X1)))) [superposition 5686,18]
7115. sK0(mult(X0,X1)) != rd(X2,ld(X1,ld(mult(sK0(mult(X0,X1)),ld(mult(rd(X1,mult(X0,X0)),X0),X1)),X2))) | sK0(mult(X0,X1)) != mult(mult(X0,X1),sK0(mult(X0,X1))) [superposition 6652,42]
7153. sK0(mult(X0,X1)) != rd(X2,ld(X1,ld(mult(sK0(mult(X0,X1)),mult(X0,ld(X1,X1))),X2))) | sK0(mult(X0,X1)) != mult(mult(X0,X1),sK0(mult(X0,X1))) [forward demodulation 7115,598]
21491. mult(X2,ld(mult(X0,mult(X1,X2)),X3)) = ld(mult(mult(rd(X0,mult(mult(rd(X2,mult(X1,X1)),X1),mult(rd(X2,mult(X1,X1)),X1))),mult(rd(X2,mult(X1,X1)),X1)),X2),X3) [superposition 105,37]
21693. mult(X2,ld(mult(X0,mult(X1,X2)),X3)) = ld(mult(X0,ld(mult(rd(X2,mult(X1,X1)),X1),X2)),X3) [forward demodulation 21491,34]
21902. mult(X2,ld(mult(X0,mult(X1,X2)),X3)) = ld(mult(X0,mult(X1,ld(X2,X2))),X3) [forward demodulation 21693,598]
24508. sK0(rd(X0,X0)) != rd(X2,ld(X1,ld(mult(sK0(rd(X0,X0)),mult(rd(X1,mult(X1,X1)),ld(X1,X1))),X2))) | sK0(rd(X0,X0)) != mult(rd(X0,X0),sK0(rd(X0,X0))) [superposition 7153,1210]
24600. sK0(rd(X0,X0)) != rd(X2,ld(X1,ld(mult(sK0(rd(X0,X0)),mult(rd(X1,mult(X1,X1)),ld(X1,X1))),X2))) [forward subsumption resolution 24508,1680]
24651. sK0(rd(X0,X0)) != rd(X2,ld(X1,mult(X1,ld(mult(sK0(rd(X0,X0)),mult(rd(X1,mult(X1,X1)),X1)),X2)))) [forward demodulation 24600,21902]
24692. sK0(rd(X0,X0)) != rd(X2,ld(mult(sK0(rd(X0,X0)),mult(rd(X1,mult(X1,X1)),X1)),X2)) [forward demodulation 24651,12]
24732. sK0(rd(X0,X0)) != mult(sK0(rd(X0,X0)),mult(rd(X1,mult(X1,X1)),X1)) [forward demodulation 24692,18]
25400. sK0(rd(X2,X2)) != mult(sK0(rd(X2,X2)),mult(rd(mult(rd(X0,mult(X1,X1)),X1),mult(X0,ld(X1,mult(rd(X0,mult(X1,X1)),X1)))),mult(rd(X0,mult(X1,X1)),X1))) [superposition 24732,34]
25416. sK0(rd(X2,X2)) != mult(sK0(rd(X2,X2)),mult(mult(rd(X1,mult(X0,X0)),X0),mult(rd(X0,mult(X1,X1)),X1))) [forward demodulation 25400,295]
25420. sK0(rd(X2,X2)) != mult(sK0(rd(X2,X2)),mult(X1,ld(X0,mult(rd(X0,mult(X1,X1)),X1)))) [forward demodulation 25416,34]
27797. sK0(rd(X1,X1)) != mult(sK0(rd(X1,X1)),mult(X0,ld(mult(X0,X0),X0))) [superposition 25420,1680]
27833. sK0(rd(X1,X1)) != mult(sK0(rd(X1,X1)),ld(X0,X0)) [forward demodulation 27797,2158]
29740. sK0(rd(X0,X0)) != sK0(rd(X0,X0)) [superposition 27833,11]
29742. $false [trivial inequality removal 29740]
% SZS output end Proof for GRP658+1
% ------------------------------
% Version: Vampire 5.0.0 (Release build, commit 2e2c9b7b8 on 2026-01-17 12:24:14 +0100)
% Linked with Z3 4.14.0.0 3c47fd96cf5645d0c42b2c819d9e9a84380aa721 z3-4.8.4-9178-g3c47fd96c
% CaDiCaL version: 2.1.3
% Termination reason: Refutation
% Time elapsed: 0.762 s
% Peak memory usage: 64 MB
% Instructions burned: 2055 (million)
% ------------------------------
% ------------------------------
