% Running in auto input_syntax mode. Trying TPTP
% Refutation found. Thanks to Tanya!
% SZS status Unsatisfiable for GRP588-1
% SZS output start Proof for GRP588-1
1. double_divide(X0,inverse(double_divide(inverse(double_divide(double_divide(X0,X1),inverse(X2))),X1))) = X2 [input(axiom)]
2. multiply(X0,X1) = inverse(double_divide(X1,X0)) [input(axiom)]
3. multiply(a,b) != multiply(b,a) [input(negated conjecture)]
4. inverse(double_divide(b,a)) != inverse(double_divide(a,b)) [definition unfolding 3,2,2]
5. double_divide(X1,inverse(double_divide(inverse(double_divide(X0,inverse(X3))),inverse(double_divide(inverse(double_divide(double_divide(X1,X2),inverse(X0))),X2))))) = X3 [superposition 1,1]
6. double_divide(inverse(double_divide(double_divide(double_divide(X1,X2),X3),inverse(X0))),X3) = double_divide(X1,inverse(double_divide(inverse(X0),X2))) [superposition 1,1]
7. double_divide(X1,inverse(double_divide(inverse(X4),inverse(double_divide(inverse(double_divide(double_divide(X1,X2),inverse(X0))),X2))))) = double_divide(inverse(double_divide(double_divide(X0,X3),inverse(X4))),X3) [superposition 6,1]
9. double_divide(X1,inverse(double_divide(inverse(X4),X2))) = double_divide(inverse(double_divide(X0,inverse(X4))),inverse(double_divide(inverse(double_divide(double_divide(double_divide(X1,X2),X3),inverse(X0))),X3))) [superposition 6,1]
11. double_divide(double_divide(X0,X2),inverse(double_divide(X0,inverse(double_divide(inverse(X1),X2))))) = X1 [superposition 1,6]
12. double_divide(inverse(double_divide(double_divide(double_divide(X0,X2),X3),inverse(X1))),inverse(double_divide(inverse(double_divide(double_divide(X0,inverse(double_divide(inverse(X1),X2))),inverse(X4))),X3))) = X4 [superposition 1,6]
14. double_divide(X1,inverse(double_divide(inverse(X4),X2))) = double_divide(inverse(double_divide(X0,inverse(X4))),inverse(double_divide(X1,inverse(double_divide(inverse(X0),X2))))) [forward demodulation 9,6]
25. double_divide(inverse(double_divide(X0,inverse(X1))),inverse(X0)) = X1 [superposition 5,1]
27. double_divide(X1,inverse(double_divide(inverse(double_divide(X0,inverse(X4))),inverse(double_divide(inverse(double_divide(X2,inverse(X0))),inverse(double_divide(inverse(double_divide(double_divide(X1,X3),inverse(X2))),X3))))))) = X4 [superposition 1,5]
40. double_divide(inverse(double_divide(double_divide(X1,X2),inverse(X0))),X2) = double_divide(inverse(X0),inverse(X1)) [superposition 25,1]
42. double_divide(inverse(X0),inverse(inverse(double_divide(X1,inverse(X0))))) = X1 [superposition 25,25]
54. double_divide(X2,inverse(X0)) = double_divide(double_divide(X1,inverse(X2)),inverse(double_divide(X1,inverse(X0)))) [superposition 11,25]
58. double_divide(double_divide(inverse(double_divide(double_divide(inverse(X1),X2),inverse(X0))),X2),inverse(X0)) = X1 [superposition 11,25]
66. double_divide(X1,inverse(double_divide(inverse(X0),X2))) = double_divide(inverse(X0),inverse(double_divide(X1,X2))) [superposition 25,11]
75. double_divide(double_divide(inverse(X0),inverse(inverse(X1))),inverse(X0)) = X1 [forward demodulation 58,40]
89. double_divide(X1,X2) = double_divide(inverse(double_divide(X1,inverse(double_divide(inverse(X0),X2)))),inverse(inverse(X0))) [superposition 42,11]
91. inverse(double_divide(X0,inverse(X1))) = double_divide(inverse(X0),inverse(inverse(X1))) [superposition 25,42]
92. inverse(double_divide(X0,inverse(X2))) = double_divide(X1,inverse(double_divide(inverse(X0),inverse(double_divide(inverse(double_divide(double_divide(X1,X3),inverse(inverse(X2)))),X3))))) [superposition 5,42]
98. inverse(double_divide(X0,inverse(X2))) = double_divide(X1,inverse(double_divide(inverse(X0),inverse(double_divide(inverse(inverse(X2)),inverse(X1)))))) [forward demodulation 92,40]
100. double_divide(X1,X2) = inverse(double_divide(double_divide(X1,inverse(double_divide(inverse(X0),X2))),inverse(X0))) [forward demodulation 89,91]
179. double_divide(inverse(double_divide(X0,inverse(X2))),inverse(X1)) = double_divide(inverse(X1),inverse(double_divide(inverse(X2),inverse(inverse(X0))))) [superposition 6,75]
198. double_divide(inverse(double_divide(X0,inverse(X2))),inverse(X1)) = double_divide(inverse(X1),inverse(inverse(double_divide(X2,inverse(X0))))) [forward demodulation 179,91]
204. double_divide(inverse(double_divide(X0,inverse(X2))),inverse(X1)) = inverse(double_divide(X1,inverse(double_divide(X2,inverse(X0))))) [forward demodulation 198,91]
243. double_divide(X3,inverse(double_divide(inverse(X4),inverse(double_divide(inverse(double_divide(double_divide(X3,X5),inverse(inverse(double_divide(double_divide(double_divide(X0,X2),X6),inverse(X1)))))),X5))))) = double_divide(inverse(double_divide(double_divide(X0,inverse(double_divide(inverse(X1),X2))),inverse(X4))),X6) [superposition 7,6]
276. double_divide(double_divide(X3,inverse(double_divide(inverse(X2),inverse(double_divide(inverse(double_divide(double_divide(inverse(X4),X5),inverse(X0))),X5))))),inverse(double_divide(X3,inverse(double_divide(inverse(double_divide(double_divide(X0,X1),inverse(X2))),X1))))) = X4 [superposition 11,7]
309. double_divide(double_divide(inverse(X2),inverse(double_divide(inverse(double_divide(double_divide(inverse(X4),X5),inverse(X0))),X5))),inverse(double_divide(inverse(double_divide(double_divide(X0,X1),inverse(X2))),X1))) = X4 [forward demodulation 276,54]
340. double_divide(inverse(double_divide(double_divide(X0,inverse(double_divide(inverse(X1),X2))),inverse(X4))),X6) = double_divide(X3,inverse(double_divide(inverse(X4),inverse(double_divide(inverse(inverse(double_divide(double_divide(double_divide(X0,X2),X6),inverse(X1)))),inverse(X3)))))) [forward demodulation 243,40]
381. double_divide(double_divide(inverse(X2),inverse(double_divide(inverse(double_divide(double_divide(inverse(X4),X5),inverse(X0))),X5))),inverse(double_divide(inverse(X2),inverse(X0)))) = X4 [forward demodulation 309,40]
409. double_divide(inverse(double_divide(double_divide(X0,inverse(double_divide(inverse(X1),X2))),inverse(X4))),X6) = inverse(double_divide(X4,inverse(double_divide(double_divide(double_divide(X0,X2),X6),inverse(X1))))) [forward demodulation 340,98]
437. double_divide(inverse(X2),inverse(double_divide(double_divide(inverse(X2),inverse(double_divide(inverse(double_divide(double_divide(inverse(X4),X5),inverse(X0))),X5))),inverse(X0)))) = X4 [forward demodulation 381,66]
459. double_divide(inverse(double_divide(double_divide(X0,inverse(double_divide(inverse(X1),X2))),inverse(X4))),X6) = double_divide(inverse(double_divide(X1,inverse(double_divide(double_divide(X0,X2),X6)))),inverse(X4)) [forward demodulation 409,204]
477. double_divide(inverse(X2),inverse(double_divide(double_divide(inverse(X2),inverse(double_divide(inverse(X0),inverse(inverse(X4))))),inverse(X0)))) = X4 [forward demodulation 437,40]
504. double_divide(inverse(X2),double_divide(inverse(X2),inverse(inverse(X4)))) = X4 [forward demodulation 477,100]
522. double_divide(inverse(X2),inverse(double_divide(X2,inverse(X4)))) = X4 [forward demodulation 504,91]
536. double_divide(X2,inverse(double_divide(inverse(X2),inverse(X4)))) = X4 [forward demodulation 522,66]
557. inverse(double_divide(X0,inverse(X1))) = double_divide(X1,inverse(X0)) [superposition 536,42]
560. double_divide(inverse(X2),inverse(double_divide(inverse(double_divide(double_divide(inverse(X3),X4),inverse(X0))),X4))) = double_divide(X3,inverse(double_divide(inverse(double_divide(double_divide(X0,X1),inverse(X2))),X1))) [superposition 536,7]
567. double_divide(inverse(double_divide(X1,inverse(X2))),inverse(X0)) = double_divide(X1,inverse(double_divide(inverse(X2),inverse(X0)))) [superposition 14,536]
568. double_divide(double_divide(X1,inverse(X0)),inverse(X0)) = X1 [superposition 11,536]
573. double_divide(X1,inverse(double_divide(inverse(X2),inverse(double_divide(inverse(double_divide(double_divide(X1,X3),inverse(X4))),X3))))) = double_divide(inverse(double_divide(X0,inverse(X2))),inverse(double_divide(inverse(X4),inverse(X0)))) [superposition 7,536]
577. double_divide(inverse(double_divide(double_divide(X0,X2),inverse(X3))),X2) = double_divide(X1,inverse(double_divide(inverse(X3),inverse(double_divide(inverse(X1),inverse(X0)))))) [superposition 6,536]
580. double_divide(X1,inverse(double_divide(inverse(X2),inverse(double_divide(inverse(X0),X3))))) = double_divide(inverse(double_divide(double_divide(double_divide(inverse(double_divide(X1,X3)),inverse(X0)),X4),inverse(X2))),X4) [superposition 7,536]
582. double_divide(X1,inverse(double_divide(inverse(X0),X2))) = double_divide(inverse(double_divide(X1,X2)),inverse(X0)) [superposition 1,536]
587. double_divide(double_divide(X1,inverse(double_divide(inverse(inverse(X2)),inverse(X0)))),inverse(double_divide(X1,inverse(X0)))) = X2 [superposition 11,536]
588. double_divide(double_divide(inverse(inverse(X2)),inverse(X0)),inverse(X0)) = X2 [forward demodulation 587,54]
593. double_divide(X1,inverse(double_divide(inverse(X2),inverse(double_divide(inverse(X0),X3))))) = double_divide(inverse(double_divide(X1,X3)),inverse(double_divide(inverse(X2),inverse(X0)))) [forward demodulation 580,6]
596. double_divide(inverse(double_divide(double_divide(X0,X2),inverse(X3))),X2) = double_divide(X1,double_divide(inverse(double_divide(X0,inverse(inverse(X1)))),inverse(inverse(X3)))) [forward demodulation 577,204]
600. double_divide(X1,inverse(double_divide(inverse(X2),inverse(double_divide(inverse(double_divide(double_divide(X1,X3),inverse(X4))),X3))))) = double_divide(X0,inverse(double_divide(inverse(double_divide(inverse(X4),inverse(X0))),inverse(X2)))) [forward demodulation 573,582]
603. double_divide(X1,inverse(double_divide(inverse(X2),inverse(X0)))) = double_divide(X1,inverse(double_divide(inverse(X0),inverse(X2)))) [forward demodulation 567,582]
609. double_divide(inverse(X2),inverse(double_divide(inverse(double_divide(double_divide(inverse(X3),X4),inverse(X0))),X4))) = double_divide(X3,inverse(double_divide(inverse(X2),inverse(X0)))) [forward demodulation 560,40]
615. inverse(inverse(X2)) = X2 [forward demodulation 588,568]
620. double_divide(X1,inverse(double_divide(inverse(X2),inverse(double_divide(inverse(X0),X3))))) = double_divide(X1,inverse(double_divide(inverse(double_divide(inverse(X2),inverse(X0))),X3))) [forward demodulation 593,582]
623. double_divide(inverse(double_divide(double_divide(X0,X2),inverse(X3))),X2) = double_divide(X1,double_divide(X0,inverse(double_divide(inverse(inverse(X3)),inverse(inverse(X1)))))) [forward demodulation 596,582]
627. double_divide(X1,inverse(double_divide(inverse(X2),inverse(double_divide(inverse(double_divide(double_divide(X1,X3),inverse(X4))),X3))))) = double_divide(X0,double_divide(X2,inverse(inverse(double_divide(inverse(X4),inverse(X0)))))) [forward demodulation 600,557]
630. double_divide(X1,inverse(double_divide(inverse(X2),inverse(X0)))) = double_divide(X1,double_divide(X2,inverse(inverse(X0)))) [forward demodulation 603,557]
632. double_divide(inverse(X2),inverse(double_divide(inverse(double_divide(double_divide(inverse(X3),X4),inverse(X0))),X4))) = double_divide(X3,double_divide(X0,inverse(inverse(X2)))) [forward demodulation 609,557]
637. double_divide(X1,inverse(double_divide(inverse(X2),inverse(double_divide(inverse(X0),X3))))) = double_divide(X1,inverse(double_divide(double_divide(X0,inverse(inverse(X2))),X3))) [forward demodulation 620,557]
640. double_divide(inverse(double_divide(double_divide(X0,X2),inverse(X3))),X2) = double_divide(X1,double_divide(X0,double_divide(inverse(X1),inverse(inverse(inverse(X3)))))) [forward demodulation 623,557]
644. double_divide(X1,inverse(double_divide(inverse(X2),inverse(double_divide(inverse(double_divide(double_divide(X1,X3),inverse(X4))),X3))))) = double_divide(X0,double_divide(X2,double_divide(inverse(X4),inverse(X0)))) [forward demodulation 627,615]
647. double_divide(X1,inverse(double_divide(inverse(X2),inverse(X0)))) = double_divide(X1,double_divide(X2,X0)) [forward demodulation 630,615]
649. double_divide(inverse(X2),inverse(double_divide(inverse(double_divide(double_divide(inverse(X3),X4),inverse(X0))),X4))) = double_divide(X3,double_divide(X0,X2)) [forward demodulation 632,615]
653. double_divide(X1,inverse(double_divide(inverse(X2),inverse(double_divide(inverse(X0),X3))))) = double_divide(X1,inverse(double_divide(double_divide(X0,X2),X3))) [forward demodulation 637,615]
656. double_divide(inverse(double_divide(double_divide(X0,X2),inverse(X3))),X2) = double_divide(X1,double_divide(X0,inverse(double_divide(X1,inverse(inverse(X3)))))) [forward demodulation 640,91]
660. double_divide(X0,double_divide(X2,double_divide(inverse(X4),inverse(X0)))) = double_divide(X1,double_divide(double_divide(inverse(double_divide(double_divide(X1,X3),inverse(X4))),X3),inverse(inverse(X2)))) [forward demodulation 644,557]
662. double_divide(X1,double_divide(X2,X0)) = double_divide(X1,double_divide(X0,inverse(inverse(X2)))) [forward demodulation 647,557]
663. double_divide(inverse(X2),inverse(double_divide(inverse(X0),inverse(inverse(X3))))) = double_divide(X3,double_divide(X0,X2)) [forward demodulation 649,40]
667. double_divide(X1,inverse(double_divide(double_divide(X0,X2),X3))) = double_divide(X1,double_divide(double_divide(inverse(X0),X3),inverse(inverse(X2)))) [forward demodulation 653,557]
670. double_divide(inverse(double_divide(double_divide(X0,X2),inverse(X3))),X2) = double_divide(X1,double_divide(X0,double_divide(inverse(X3),inverse(X1)))) [forward demodulation 656,557]
674. double_divide(X0,double_divide(X2,double_divide(inverse(X4),inverse(X0)))) = double_divide(X1,double_divide(double_divide(inverse(double_divide(double_divide(X1,X3),inverse(X4))),X3),X2)) [forward demodulation 660,615]
676. double_divide(X1,double_divide(X2,X0)) = double_divide(X1,double_divide(X0,X2)) [forward demodulation 662,615]
677. double_divide(X3,double_divide(X0,X2)) = double_divide(inverse(X2),double_divide(inverse(X3),inverse(inverse(X0)))) [forward demodulation 663,557]
681. double_divide(X1,inverse(double_divide(double_divide(X0,X2),X3))) = double_divide(X1,double_divide(double_divide(inverse(X0),X3),X2)) [forward demodulation 667,615]
684. double_divide(inverse(X3),inverse(X0)) = double_divide(X1,double_divide(X0,double_divide(inverse(X3),inverse(X1)))) [forward demodulation 670,40]
687. double_divide(X0,double_divide(X2,double_divide(inverse(X4),inverse(X0)))) = double_divide(X1,double_divide(double_divide(inverse(X4),inverse(X1)),X2)) [forward demodulation 674,40]
689. double_divide(X3,double_divide(X0,X2)) = double_divide(inverse(X2),inverse(double_divide(X3,inverse(X0)))) [forward demodulation 677,91]
695. double_divide(inverse(X4),inverse(X2)) = double_divide(X1,double_divide(double_divide(inverse(X4),inverse(X1)),X2)) [forward demodulation 687,684]
696. double_divide(X3,double_divide(X0,X2)) = double_divide(inverse(X2),double_divide(X0,inverse(X3))) [forward demodulation 689,557]
725. double_divide(inverse(X0),inverse(double_divide(inverse(double_divide(double_divide(X1,inverse(double_divide(inverse(double_divide(inverse(double_divide(double_divide(double_divide(double_divide(X1,X2),X3),X4),inverse(X0))),X4)),X2))),inverse(X5))),X3))) = X5 [superposition 12,1]
834. double_divide(inverse(X0),inverse(double_divide(inverse(double_divide(double_divide(inverse(double_divide(double_divide(double_divide(double_divide(X1,X2),X3),X4),inverse(X0))),X4),inverse(double_divide(double_divide(X1,X2),X3)))),inverse(X5)))) = X5 [forward demodulation 725,459]
897. double_divide(inverse(X0),double_divide(X5,inverse(inverse(double_divide(double_divide(inverse(double_divide(double_divide(double_divide(double_divide(X1,X2),X3),X4),inverse(X0))),X4),inverse(double_divide(double_divide(X1,X2),X3))))))) = X5 [forward demodulation 834,557]
956. double_divide(inverse(double_divide(double_divide(inverse(double_divide(double_divide(double_divide(double_divide(X1,X2),X3),X4),inverse(X0))),X4),inverse(double_divide(double_divide(X1,X2),X3)))),double_divide(X5,X0)) = X5 [forward demodulation 897,696]
1012. double_divide(double_divide(double_divide(double_divide(X1,X2),X3),inverse(double_divide(inverse(double_divide(double_divide(double_divide(double_divide(X1,X2),X3),X4),inverse(X0))),X4))),double_divide(X5,X0)) = X5 [forward demodulation 956,557]
1068. double_divide(X0,double_divide(X5,X0)) = X5 [forward demodulation 1012,1]
1333. double_divide(inverse(double_divide(double_divide(inverse(X0),X4),inverse(X2))),X4) = double_divide(X1,inverse(double_divide(inverse(X2),inverse(double_divide(inverse(double_divide(double_divide(X1,X3),X0)),X3))))) [superposition 7,615]
1334. double_divide(X1,inverse(double_divide(X0,inverse(double_divide(inverse(double_divide(double_divide(X1,X2),inverse(X3))),X2))))) = double_divide(inverse(double_divide(double_divide(X3,X4),X0)),X4) [superposition 7,615]
1357. double_divide(inverse(double_divide(double_divide(X3,X4),X0)),X4) = double_divide(X1,double_divide(double_divide(inverse(double_divide(double_divide(X1,X2),inverse(X3))),X2),inverse(X0))) [forward demodulation 1334,557]
1358. double_divide(inverse(double_divide(double_divide(inverse(X0),X4),inverse(X2))),X4) = double_divide(X1,double_divide(double_divide(inverse(double_divide(double_divide(X1,X3),X0)),X3),inverse(inverse(X2)))) [forward demodulation 1333,557]
1365. double_divide(inverse(double_divide(double_divide(X3,X4),X0)),X4) = double_divide(X1,double_divide(double_divide(inverse(X3),inverse(X1)),inverse(X0))) [forward demodulation 1357,40]
1366. double_divide(inverse(double_divide(double_divide(inverse(X0),X4),inverse(X2))),X4) = double_divide(X1,double_divide(double_divide(inverse(double_divide(double_divide(X1,X3),X0)),X3),X2)) [forward demodulation 1358,615]
1372. double_divide(inverse(X3),inverse(inverse(X0))) = double_divide(inverse(double_divide(double_divide(X3,X4),X0)),X4) [forward demodulation 1365,695]
1373. double_divide(inverse(X2),inverse(inverse(X0))) = double_divide(X1,double_divide(double_divide(inverse(double_divide(double_divide(X1,X3),X0)),X3),X2)) [forward demodulation 1366,40]
1376. inverse(double_divide(X3,inverse(X0))) = double_divide(inverse(double_divide(double_divide(X3,X4),X0)),X4) [forward demodulation 1372,91]
1377. inverse(double_divide(X2,inverse(X0))) = double_divide(X1,double_divide(double_divide(inverse(double_divide(double_divide(X1,X3),X0)),X3),X2)) [forward demodulation 1373,91]
1379. double_divide(X0,inverse(X3)) = double_divide(inverse(double_divide(double_divide(X3,X4),X0)),X4) [forward demodulation 1376,557]
1380. double_divide(X0,inverse(X2)) = double_divide(X1,double_divide(double_divide(inverse(double_divide(double_divide(X1,X3),X0)),X3),X2)) [forward demodulation 1377,557]
1382. double_divide(X0,inverse(X2)) = double_divide(X1,double_divide(double_divide(X0,inverse(X1)),X2)) [forward demodulation 1380,1379]
2034. inverse(double_divide(double_divide(X3,X4),inverse(X1))) = double_divide(X4,double_divide(X0,inverse(double_divide(inverse(X1),inverse(double_divide(inverse(double_divide(double_divide(X0,X2),inverse(X3))),X2)))))) [superposition 1068,7]
2072. inverse(double_divide(double_divide(X3,X4),inverse(X1))) = double_divide(X4,double_divide(X0,double_divide(double_divide(inverse(double_divide(double_divide(X0,X2),inverse(X3))),X2),inverse(inverse(X1))))) [forward demodulation 2034,557]
2094. inverse(double_divide(double_divide(X3,X4),inverse(X1))) = double_divide(X4,double_divide(X0,double_divide(double_divide(inverse(double_divide(double_divide(X0,X2),inverse(X3))),X2),X1))) [forward demodulation 2072,615]
2115. inverse(double_divide(double_divide(X3,X4),inverse(X1))) = double_divide(X4,double_divide(X0,double_divide(double_divide(inverse(X3),inverse(X0)),X1))) [forward demodulation 2094,40]
2131. inverse(double_divide(double_divide(X3,X4),inverse(X1))) = double_divide(X4,double_divide(inverse(X3),inverse(X1))) [forward demodulation 2115,695]
2141. double_divide(X4,double_divide(inverse(X3),inverse(X1))) = double_divide(X1,inverse(double_divide(X3,X4))) [forward demodulation 2131,557]
2227. double_divide(inverse(double_divide(X2,inverse(X3))),inverse(double_divide(inverse(double_divide(double_divide(X0,X1),inverse(double_divide(X0,inverse(X2))))),X1))) = X3 [superposition 27,7]
2299. double_divide(X2,inverse(double_divide(inverse(double_divide(inverse(double_divide(double_divide(X0,X1),inverse(double_divide(X0,inverse(X2))))),X1)),inverse(X3)))) = X3 [forward demodulation 2227,582]
2392. double_divide(X2,double_divide(X3,inverse(inverse(double_divide(inverse(double_divide(double_divide(X0,X1),inverse(double_divide(X0,inverse(X2))))),X1))))) = X3 [forward demodulation 2299,557]
2483. double_divide(X2,double_divide(X3,double_divide(inverse(double_divide(double_divide(X0,X1),inverse(double_divide(X0,inverse(X2))))),X1))) = X3 [forward demodulation 2392,615]
2574. double_divide(X2,double_divide(X3,double_divide(X1,inverse(double_divide(double_divide(X0,X1),inverse(double_divide(X0,inverse(X2)))))))) = X3 [forward demodulation 2483,676]
2665. double_divide(X2,double_divide(X3,double_divide(X1,double_divide(double_divide(inverse(X0),inverse(double_divide(X0,inverse(X2)))),X1)))) = X3 [forward demodulation 2574,681]
2756. double_divide(X2,double_divide(X3,double_divide(inverse(X0),inverse(double_divide(X0,inverse(X2)))))) = X3 [forward demodulation 2665,1068]
2844. double_divide(X2,double_divide(double_divide(X0,inverse(X2)),inverse(double_divide(X0,X3)))) = X3 [forward demodulation 2756,2141]
2929. double_divide(X0,inverse(inverse(double_divide(X0,X3)))) = X3 [forward demodulation 2844,1382]
3008. double_divide(X0,double_divide(X0,X3)) = X3 [forward demodulation 2929,615]
3444. double_divide(X0,X1) = double_divide(X1,X0) [superposition 3008,1068]
7445. inverse(double_divide(a,b)) != inverse(double_divide(a,b)) [superposition 4,3444]
7446. $false [trivial inequality removal 7445]
% SZS output end Proof for GRP588-1
% ------------------------------
% Version: Vampire 5.0.0 (Release build, commit 2e2c9b7b8 on 2026-01-17 12:24:14 +0100)
% Linked with Z3 4.14.0.0 3c47fd96cf5645d0c42b2c819d9e9a84380aa721 z3-4.8.4-9178-g3c47fd96c
% CaDiCaL version: 2.1.3
% Termination reason: Refutation
% Time elapsed: 0.094 s
% Peak memory usage: 68 MB
% Instructions burned: 347 (million)
% ------------------------------
% ------------------------------
