% Running in auto input_syntax mode. Trying TPTP
% Refutation found. Thanks to Tanya!
% SZS status Unsatisfiable for GRP059-1_clausified
% SZS output start Proof for GRP059-1_clausified
1. inverse(multiply(multiply(multiply(inverse(multiply(multiply(X0,X1),X2)),X0),X1),multiply(X3,inverse(X3)))) = X2 [input(axiom)]
2. multiply(inverse(a1),a1) != multiply(inverse(b1),b1) | a2 != multiply(multiply(inverse(b2),b2),a2) | multiply(multiply(a3,b3),c3) != multiply(a3,multiply(b3,c3)) [input(negated conjecture)]
4. 1 <=> multiply(multiply(a3,b3),c3) = multiply(a3,multiply(b3,c3)) [avatar definition]
6. multiply(multiply(a3,b3),c3) != multiply(a3,multiply(b3,c3)) <- (~1) [avatar component clause 4]
8. 2 <=> a2 = multiply(multiply(inverse(b2),b2),a2) [avatar definition]
10. a2 != multiply(multiply(inverse(b2),b2),a2) <- (~2) [avatar component clause 8]
12. 3 <=> multiply(inverse(a1),a1) = multiply(inverse(b1),b1) [avatar definition]
14. multiply(inverse(a1),a1) != multiply(inverse(b1),b1) <- (~3) [avatar component clause 12]
15. ~1 | ~2 | ~3 [avatar split clause 2,12,8,4]
16. multiply(X3,inverse(X3)) = inverse(multiply(multiply(multiply(X0,multiply(inverse(multiply(multiply(X1,X2),X0)),X1)),X2),multiply(X4,inverse(X4)))) [superposition 1,1]
17. inverse(multiply(multiply(multiply(inverse(multiply(multiply(X1,X2),X3)),X1),X2),multiply(multiply(multiply(multiply(inverse(multiply(multiply(X4,X5),X0)),X4),X5),multiply(X6,inverse(X6))),X0))) = X3 [superposition 1,1]
18. inverse(multiply(multiply(multiply(X4,multiply(inverse(multiply(multiply(X5,X6),X4)),X5)),X6),multiply(X7,inverse(X7)))) = multiply(multiply(multiply(multiply(inverse(multiply(multiply(X1,X2),X0)),X1),X2),multiply(X3,inverse(X3))),X0) [superposition 16,1]
21. multiply(X4,inverse(X4)) = inverse(multiply(multiply(multiply(X5,multiply(inverse(multiply(inverse(multiply(multiply(multiply(X0,multiply(inverse(multiply(multiply(X1,X2),X0)),X1)),X2),multiply(X3,inverse(X3)))),X5)),X6)),inverse(X6)),multiply(X7,inverse(X7)))) [superposition 16,16]
22. multiply(X4,inverse(X4)) = inverse(multiply(multiply(multiply(inverse(multiply(X5,X6)),multiply(inverse(inverse(multiply(multiply(multiply(X0,multiply(inverse(multiply(multiply(X1,X2),X0)),X1)),X2),multiply(X3,inverse(X3))))),X5)),X6),multiply(X7,inverse(X7)))) [superposition 16,16]
28. multiply(X0,inverse(X0)) = multiply(X1,inverse(X1)) [superposition 16,16]
31. inverse(multiply(X4,X5)) = inverse(multiply(multiply(multiply(inverse(inverse(multiply(multiply(multiply(X0,multiply(inverse(multiply(multiply(X1,X2),X0)),X1)),X2),multiply(X3,inverse(X3))))),X4),X5),multiply(X6,inverse(X6)))) [superposition 1,16]
34. inverse(multiply(multiply(multiply(inverse(multiply(inverse(multiply(multiply(multiply(X0,multiply(inverse(multiply(multiply(X1,X2),X0)),X1)),X2),multiply(X3,inverse(X3)))),X5)),X4),inverse(X4)),multiply(multiply(multiply(multiply(inverse(multiply(multiply(X6,X7),X8)),X6),X7),multiply(X9,inverse(X9))),X8))) = X5 [superposition 17,16]
35. inverse(multiply(X4,X5)) = inverse(multiply(multiply(multiply(inverse(inverse(multiply(multiply(multiply(X0,multiply(inverse(multiply(multiply(X1,X2),X0)),X1)),X2),multiply(X3,inverse(X3))))),X4),X5),multiply(multiply(multiply(multiply(inverse(multiply(multiply(X6,X7),X8)),X6),X7),multiply(X9,inverse(X9))),X8))) [superposition 17,16]
38. multiply(multiply(multiply(multiply(inverse(multiply(multiply(X3,X4),X5)),X3),X4),multiply(X6,inverse(X6))),X5) = inverse(multiply(multiply(multiply(X0,multiply(inverse(multiply(multiply(X1,X2),X0)),X1)),X2),multiply(multiply(multiply(multiply(inverse(multiply(multiply(X7,X8),X9)),X7),X8),multiply(X10,inverse(X10))),X9))) [superposition 17,17]
46. inverse(multiply(multiply(multiply(inverse(multiply(multiply(X1,X2),X3)),X1),X2),multiply(multiply(multiply(multiply(inverse(multiply(multiply(X4,X5),X6)),X4),X5),multiply(multiply(multiply(multiply(inverse(multiply(multiply(X7,X8),X0)),X7),X8),multiply(multiply(multiply(multiply(inverse(multiply(multiply(X9,X10),X11)),X9),X10),multiply(X12,inverse(X12))),X11)),X0)),X6))) = X3 [superposition 17,17]
51. inverse(multiply(multiply(multiply(X7,multiply(inverse(multiply(multiply(X8,X9),X7)),X8)),X9),multiply(X10,inverse(X10)))) = multiply(multiply(multiply(multiply(inverse(multiply(multiply(X1,X2),X0)),X1),X2),multiply(multiply(multiply(multiply(inverse(multiply(multiply(X3,X4),X5)),X3),X4),multiply(X6,inverse(X6))),X5)),X0) [superposition 16,17]
52. inverse(multiply(multiply(multiply(inverse(multiply(multiply(X1,X2),X3)),X1),X2),multiply(multiply(multiply(multiply(inverse(multiply(multiply(X4,X5),X0)),X4),X5),multiply(multiply(multiply(multiply(inverse(multiply(multiply(X6,X7),X8)),X6),X7),multiply(X9,inverse(X9))),X8)),X0))) = X3 [superposition 1,17]
84. inverse(multiply(multiply(multiply(inverse(multiply(multiply(X0,inverse(X0)),X2)),X1),inverse(X1)),multiply(X3,inverse(X3)))) = X2 [superposition 1,28]
88. inverse(multiply(X1,X2)) = inverse(multiply(multiply(multiply(inverse(multiply(X0,inverse(X0))),X1),X2),multiply(X3,inverse(X3)))) [superposition 1,28]
162. inverse(multiply(X4,inverse(X4))) = inverse(multiply(multiply(multiply(inverse(inverse(multiply(multiply(multiply(X0,multiply(inverse(multiply(multiply(X1,X2),X0)),X1)),X2),multiply(X3,inverse(X3))))),X5),inverse(X5)),multiply(X6,inverse(X6)))) [superposition 84,16]
195. inverse(multiply(X5,inverse(X5))) = inverse(multiply(X4,inverse(X4))) [forward demodulation 162,31]
276. inverse(multiply(X1,inverse(X1))) = inverse(multiply(multiply(X2,inverse(X2)),inverse(multiply(X0,inverse(X0))))) [superposition 195,195]
317. multiply(X1,inverse(X1)) = multiply(multiply(X2,inverse(X2)),inverse(multiply(X0,inverse(X0)))) [superposition 28,195]
551. multiply(X1,inverse(X1)) = inverse(multiply(multiply(multiply(inverse(multiply(X2,inverse(X2))),multiply(inverse(multiply(X0,inverse(X0))),X3)),inverse(X3)),multiply(X4,inverse(X4)))) [superposition 16,317]
587. multiply(X1,inverse(X1)) = inverse(multiply(multiply(inverse(multiply(X0,inverse(X0))),X3),inverse(X3))) [forward demodulation 551,88]
756. multiply(X1,inverse(X1)) = inverse(multiply(multiply(X0,inverse(X0)),inverse(inverse(inverse(multiply(X2,inverse(X2))))))) [superposition 587,28]
818. inverse(X2) = inverse(multiply(multiply(multiply(multiply(X0,inverse(X0)),inverse(multiply(X1,inverse(X1)))),X2),multiply(X3,inverse(X3)))) [superposition 1,587]
913. inverse(multiply(inverse(inverse(inverse(multiply(multiply(multiply(X2,multiply(inverse(multiply(multiply(X3,X4),X2)),X3)),X4),multiply(X5,inverse(X5)))))),X6)) = inverse(multiply(multiply(multiply(multiply(X0,inverse(X0)),inverse(multiply(X1,inverse(X1)))),X6),multiply(X7,inverse(X7)))) [superposition 31,317]
985. inverse(X6) = inverse(multiply(inverse(inverse(inverse(multiply(multiply(multiply(X2,multiply(inverse(multiply(multiply(X3,X4),X2)),X3)),X4),multiply(X5,inverse(X5)))))),X6)) [forward demodulation 913,818]
1511. inverse(multiply(inverse(inverse(inverse(multiply(multiply(multiply(X2,multiply(inverse(multiply(multiply(X3,X4),X2)),X3)),X4),multiply(X5,inverse(X5)))))),X6)) = inverse(multiply(multiply(inverse(multiply(multiply(X0,inverse(X0)),inverse(inverse(inverse(multiply(X1,inverse(X1))))))),X6),multiply(X7,inverse(X7)))) [superposition 31,756]
1561. inverse(X6) = inverse(multiply(multiply(inverse(multiply(multiply(X0,inverse(X0)),inverse(inverse(inverse(multiply(X1,inverse(X1))))))),X6),multiply(X7,inverse(X7)))) [forward demodulation 1511,985]
2273. inverse(multiply(inverse(inverse(multiply(X2,inverse(X2)))),X3)) = inverse(multiply(multiply(inverse(multiply(multiply(X0,inverse(X0)),inverse(inverse(inverse(multiply(X1,inverse(X1))))))),X3),multiply(X4,inverse(X4)))) [superposition 88,756]
2388. inverse(X3) = inverse(multiply(inverse(inverse(multiply(X2,inverse(X2)))),X3)) [forward demodulation 2273,1561]
2741. inverse(X1) = inverse(multiply(inverse(inverse(inverse(inverse(inverse(multiply(X0,inverse(X0))))))),X1)) [superposition 2388,2388]
3905. inverse(X1) = inverse(multiply(inverse(inverse(inverse(inverse(inverse(inverse(inverse(inverse(multiply(X0,inverse(X0)))))))))),X1)) [superposition 2388,2741]
4162. multiply(X1,inverse(X1)) = inverse(multiply(multiply(multiply(inverse(multiply(inverse(inverse(inverse(multiply(multiply(multiply(X2,multiply(inverse(multiply(multiply(X3,X4),X2)),X3)),X4),multiply(X5,inverse(X5)))))),X6)),multiply(X0,inverse(X0))),X6),multiply(X7,inverse(X7)))) [superposition 22,28]
4418. multiply(X1,inverse(X1)) = inverse(multiply(multiply(multiply(inverse(X6),multiply(X0,inverse(X0))),X6),multiply(X7,inverse(X7)))) [forward demodulation 4162,985]
16031. multiply(X0,inverse(X0)) = inverse(multiply(multiply(X1,inverse(X1)),multiply(X2,inverse(X2)))) [superposition 88,4418]
16933. multiply(X1,inverse(X1)) = inverse(multiply(multiply(multiply(multiply(X2,inverse(X2)),inverse(multiply(X3,inverse(X3)))),inverse(multiply(X0,inverse(X0)))),multiply(X4,inverse(X4)))) [superposition 16031,276]
17504. multiply(X1,inverse(X1)) = inverse(inverse(multiply(X0,inverse(X0)))) [forward demodulation 16933,818]
18469. inverse(multiply(multiply(multiply(inverse(multiply(inverse(inverse(multiply(X0,inverse(X0)))),X2)),X1),inverse(X1)),multiply(X3,inverse(X3)))) = X2 [superposition 1,17504]
18471. inverse(multiply(multiply(multiply(inverse(multiply(inverse(inverse(multiply(X0,inverse(X0)))),X2)),X1),inverse(X1)),multiply(multiply(multiply(multiply(inverse(multiply(multiply(X3,X4),X5)),X3),X4),multiply(X6,inverse(X6))),X5))) = X2 [superposition 17,17504]
18589. inverse(multiply(multiply(inverse(inverse(multiply(X0,inverse(X0)))),inverse(inverse(inverse(multiply(multiply(X1,inverse(X1)),X2))))),multiply(X3,inverse(X3)))) = X2 [superposition 84,17504]
18605. inverse(multiply(inverse(inverse(inverse(multiply(multiply(multiply(X1,multiply(inverse(multiply(multiply(X2,X3),X1)),X2)),X3),multiply(X4,inverse(X4)))))),X5)) = inverse(multiply(multiply(inverse(inverse(multiply(X0,inverse(X0)))),X5),multiply(X6,inverse(X6)))) [superposition 31,17504]
18619. inverse(X1) = inverse(multiply(multiply(X0,inverse(X0)),X1)) [superposition 2388,17504]
18769. inverse(X5) = inverse(multiply(multiply(inverse(inverse(multiply(X0,inverse(X0)))),X5),multiply(X6,inverse(X6)))) [forward demodulation 18605,985]
18778. inverse(multiply(multiply(inverse(inverse(multiply(X0,inverse(X0)))),inverse(inverse(inverse(X2)))),multiply(X3,inverse(X3)))) = X2 [forward demodulation 18589,18619]
18836. inverse(multiply(multiply(multiply(inverse(X2),X1),inverse(X1)),multiply(multiply(multiply(multiply(inverse(multiply(multiply(X3,X4),X5)),X3),X4),multiply(X6,inverse(X6))),X5))) = X2 [forward demodulation 18471,2388]
18838. inverse(multiply(multiply(multiply(inverse(X2),X1),inverse(X1)),multiply(X3,inverse(X3)))) = X2 [forward demodulation 18469,2388]
18879. inverse(inverse(inverse(inverse(X2)))) = X2 [forward demodulation 18778,18769]
20082. multiply(multiply(multiply(inverse(multiply(multiply(X1,X2),X0)),X1),X2),multiply(X3,inverse(X3))) = inverse(inverse(inverse(X0))) [superposition 18879,1]
20097. multiply(multiply(multiply(inverse(multiply(multiply(X1,X2),X0)),X1),X2),multiply(multiply(multiply(multiply(inverse(multiply(multiply(X3,X4),X5)),X3),X4),multiply(X6,inverse(X6))),X5)) = inverse(inverse(inverse(X0))) [superposition 18879,17]
20109. multiply(multiply(multiply(inverse(multiply(multiply(X1,X2),X0)),X1),X2),multiply(multiply(multiply(multiply(inverse(multiply(multiply(X3,X4),X5)),X3),X4),multiply(multiply(multiply(multiply(inverse(multiply(multiply(X6,X7),X8)),X6),X7),multiply(X9,inverse(X9))),X8)),X5)) = inverse(inverse(inverse(X0))) [superposition 18879,52]
20128. multiply(inverse(inverse(multiply(X1,inverse(X1)))),X0) = inverse(inverse(inverse(inverse(X0)))) [superposition 18879,2388]
20129. multiply(inverse(inverse(inverse(inverse(inverse(multiply(X1,inverse(X1))))))),X0) = inverse(inverse(inverse(inverse(X0)))) [superposition 18879,2741]
20130. multiply(inverse(inverse(inverse(inverse(inverse(inverse(inverse(inverse(multiply(X1,inverse(X1)))))))))),X0) = inverse(inverse(inverse(inverse(X0)))) [superposition 18879,3905]
20243. inverse(multiply(multiply(multiply(inverse(multiply(multiply(X1,inverse(X1)),X2)),X3),inverse(X3)),multiply(inverse(inverse(inverse(X0))),X0))) = X2 [superposition 84,18879]
20244. inverse(multiply(multiply(multiply(inverse(multiply(multiply(inverse(inverse(inverse(X0))),X0),X1)),X2),inverse(X2)),multiply(X3,inverse(X3)))) = X1 [superposition 84,18879]
20332. multiply(multiply(inverse(inverse(inverse(X0))),X0),X1) = X1 [forward demodulation 20244,18838]
20333. inverse(multiply(multiply(multiply(inverse(X2),X3),inverse(X3)),multiply(inverse(inverse(inverse(X0))),X0))) = X2 [forward demodulation 20243,18619]
20342. multiply(inverse(inverse(inverse(inverse(inverse(inverse(inverse(inverse(multiply(X1,inverse(X1)))))))))),X0) = X0 [forward demodulation 20130,18879]
20343. multiply(inverse(inverse(inverse(inverse(inverse(multiply(X1,inverse(X1))))))),X0) = X0 [forward demodulation 20129,18879]
20344. multiply(inverse(inverse(multiply(X1,inverse(X1)))),X0) = X0 [forward demodulation 20128,18879]
20365. multiply(inverse(inverse(inverse(inverse(multiply(X1,inverse(X1)))))),X0) = X0 [forward demodulation 20342,18879]
20366. multiply(inverse(multiply(X1,inverse(X1))),X0) = X0 [forward demodulation 20343,18879]
20368. multiply(multiply(X1,inverse(X1)),X0) = X0 [forward demodulation 20365,18879]
20917. inverse(multiply(multiply(multiply(inverse(multiply(inverse(multiply(multiply(multiply(multiply(X7,inverse(X7)),multiply(multiply(multiply(multiply(multiply(inverse(multiply(multiply(X0,X1),X2)),X0),X1),multiply(multiply(multiply(multiply(inverse(multiply(multiply(X3,X4),X5)),X3),X4),multiply(X6,inverse(X6))),X5)),X2),multiply(X8,multiply(inverse(multiply(multiply(X9,X10),X8)),X9)))),X10),multiply(X11,inverse(X11)))),X12)),X13),inverse(X13)),multiply(multiply(multiply(multiply(inverse(multiply(multiply(X14,X15),X16)),X14),X15),multiply(X17,inverse(X17))),X16))) = X12 [superposition 34,51]
20950. multiply(multiply(multiply(multiply(inverse(multiply(multiply(X0,X1),X2)),X0),X1),multiply(multiply(multiply(multiply(inverse(multiply(multiply(X3,X4),X5)),X3),X4),multiply(X6,inverse(X6))),X5)),X2) = multiply(multiply(multiply(multiply(inverse(multiply(multiply(X11,X12),X13)),X11),X12),multiply(X14,inverse(X14))),X13) [superposition 18,51]
21040. inverse(multiply(multiply(multiply(inverse(multiply(multiply(X7,inverse(X7)),X8)),X9),inverse(X9)),multiply(multiply(multiply(multiply(X10,multiply(inverse(multiply(multiply(X11,X12),X10)),X11)),X12),multiply(X13,inverse(X13))),multiply(multiply(multiply(multiply(inverse(multiply(multiply(X0,X1),X2)),X0),X1),multiply(multiply(multiply(multiply(inverse(multiply(multiply(X3,X4),X5)),X3),X4),multiply(X6,inverse(X6))),X5)),X2)))) = X8 [superposition 84,51]
21043. inverse(multiply(X7,X8)) = inverse(multiply(multiply(multiply(inverse(multiply(X9,inverse(X9))),X7),X8),multiply(multiply(multiply(multiply(X10,multiply(inverse(multiply(multiply(X11,X12),X10)),X11)),X12),multiply(X13,inverse(X13))),multiply(multiply(multiply(multiply(inverse(multiply(multiply(X0,X1),X2)),X0),X1),multiply(multiply(multiply(multiply(inverse(multiply(multiply(X3,X4),X5)),X3),X4),multiply(X6,inverse(X6))),X5)),X2)))) [superposition 88,51]
21398. inverse(multiply(X7,X8)) = inverse(multiply(multiply(multiply(inverse(multiply(X9,inverse(X9))),X7),X8),multiply(multiply(multiply(multiply(X10,multiply(inverse(multiply(multiply(X11,X12),X10)),X11)),X12),multiply(X13,inverse(X13))),multiply(inverse(inverse(inverse(X2))),X2)))) [forward demodulation 21043,20097]
21401. inverse(multiply(multiply(multiply(inverse(multiply(multiply(X7,inverse(X7)),X8)),X9),inverse(X9)),multiply(multiply(multiply(multiply(X10,multiply(inverse(multiply(multiply(X11,X12),X10)),X11)),X12),multiply(X13,inverse(X13))),multiply(inverse(inverse(inverse(X2))),X2)))) = X8 [forward demodulation 21040,20097]
21472. multiply(multiply(multiply(multiply(inverse(multiply(multiply(X0,X1),X2)),X0),X1),multiply(multiply(multiply(multiply(inverse(multiply(multiply(X3,X4),X5)),X3),X4),multiply(X6,inverse(X6))),X5)),X2) = multiply(inverse(inverse(inverse(X13))),X13) [forward demodulation 20950,20082]
21502. multiply(inverse(multiply(multiply(multiply(multiply(X7,inverse(X7)),multiply(multiply(multiply(multiply(multiply(inverse(multiply(multiply(X0,X1),X2)),X0),X1),multiply(multiply(multiply(multiply(inverse(multiply(multiply(X3,X4),X5)),X3),X4),multiply(X6,inverse(X6))),X5)),X2),multiply(X8,multiply(inverse(multiply(multiply(X9,X10),X8)),X9)))),X10),multiply(X11,inverse(X11)))),X12) = X12 [forward demodulation 20917,18836]
22039. inverse(multiply(X7,X8)) = inverse(multiply(multiply(X7,X8),multiply(multiply(multiply(multiply(X10,multiply(inverse(multiply(multiply(X11,X12),X10)),X11)),X12),multiply(X13,inverse(X13))),multiply(inverse(inverse(inverse(X2))),X2)))) [forward demodulation 21398,20366]
22042. inverse(multiply(multiply(multiply(inverse(X8),X9),inverse(X9)),multiply(multiply(multiply(multiply(X10,multiply(inverse(multiply(multiply(X11,X12),X10)),X11)),X12),multiply(X13,inverse(X13))),multiply(inverse(inverse(inverse(X2))),X2)))) = X8 [forward demodulation 21401,18619]
22068. multiply(inverse(inverse(inverse(X2))),X2) = multiply(inverse(inverse(inverse(X13))),X13) [forward demodulation 21472,20097]
22091. multiply(inverse(multiply(multiply(multiply(multiply(multiply(multiply(multiply(inverse(multiply(multiply(X0,X1),X2)),X0),X1),multiply(multiply(multiply(multiply(inverse(multiply(multiply(X3,X4),X5)),X3),X4),multiply(X6,inverse(X6))),X5)),X2),multiply(X8,multiply(inverse(multiply(multiply(X9,X10),X8)),X9))),X10),multiply(X11,inverse(X11)))),X12) = X12 [forward demodulation 21502,20368]
22429. inverse(multiply(multiply(inverse(X8),X9),inverse(X9))) = X8 [forward demodulation 22042,22039]
22454. multiply(inverse(multiply(multiply(multiply(multiply(inverse(inverse(inverse(X2))),X2),multiply(X8,multiply(inverse(multiply(multiply(X9,X10),X8)),X9))),X10),multiply(X11,inverse(X11)))),X12) = X12 [forward demodulation 22091,20097]
22615. multiply(inverse(multiply(multiply(multiply(X8,multiply(inverse(multiply(multiply(X9,X10),X8)),X9)),X10),multiply(X11,inverse(X11)))),X12) = X12 [forward demodulation 22454,20332]
22833. inverse(multiply(inverse(inverse(inverse(multiply(multiply(multiply(X1,multiply(inverse(multiply(multiply(X2,X3),X1)),X2)),X3),multiply(X4,inverse(X4)))))),X0)) = inverse(multiply(X0,multiply(multiply(multiply(multiply(inverse(multiply(multiply(X5,X6),X7)),X5),X6),multiply(X8,inverse(X8))),X7))) [superposition 35,20368]
22834. inverse(multiply(inverse(inverse(inverse(multiply(multiply(multiply(X1,multiply(inverse(multiply(multiply(X2,X3),X1)),X2)),X3),multiply(X4,inverse(X4)))))),X0)) = inverse(multiply(X0,multiply(X5,inverse(X5)))) [superposition 31,20368]
22996. inverse(multiply(X1,X2)) = inverse(multiply(multiply(multiply(inverse(multiply(X3,inverse(X3))),X1),X2),inverse(multiply(X0,inverse(X0))))) [superposition 88,20368]
22997. inverse(multiply(X1,X2)) = inverse(multiply(multiply(multiply(inverse(inverse(multiply(X0,inverse(X0)))),X1),X2),multiply(X3,inverse(X3)))) [superposition 88,20368]
23148. inverse(multiply(X1,X2)) = inverse(multiply(multiply(X1,X2),multiply(X3,inverse(X3)))) [forward demodulation 22997,20344]
23149. inverse(multiply(X1,X2)) = inverse(multiply(multiply(X1,X2),inverse(multiply(X0,inverse(X0))))) [forward demodulation 22996,20366]
23218. inverse(X0) = inverse(multiply(X0,multiply(X5,inverse(X5)))) [forward demodulation 22834,985]
23219. inverse(multiply(inverse(inverse(inverse(multiply(multiply(multiply(X1,multiply(inverse(multiply(multiply(X2,X3),X1)),X2)),X3),multiply(X4,inverse(X4)))))),X0)) = inverse(multiply(X0,multiply(inverse(inverse(inverse(X7))),X7))) [forward demodulation 22833,20082]
23350. inverse(X0) = inverse(multiply(X0,multiply(inverse(inverse(inverse(X7))),X7))) [forward demodulation 23219,985]
23409. inverse(multiply(multiply(multiply(inverse(multiply(inverse(multiply(multiply(multiply(X0,multiply(inverse(multiply(inverse(multiply(multiply(multiply(X1,multiply(inverse(multiply(multiply(X2,X3),X1)),X2)),X3),multiply(X4,inverse(X4)))),X0)),X5)),inverse(X5)),multiply(X6,inverse(X6)))),X8)),X7),inverse(X7)),multiply(multiply(multiply(multiply(inverse(multiply(multiply(X9,X10),X11)),X9),X10),multiply(multiply(multiply(multiply(inverse(multiply(multiply(X12,X13),X14)),X12),X13),multiply(multiply(multiply(multiply(inverse(multiply(multiply(X15,X16),X17)),X15),X16),multiply(X18,inverse(X18))),X17)),X14)),X11))) = X8 [superposition 46,21]
23432. inverse(multiply(multiply(multiply(inverse(multiply(multiply(X0,inverse(X0)),X3)),multiply(X1,inverse(X1))),inverse(multiply(X2,inverse(X2)))),multiply(multiply(multiply(multiply(inverse(multiply(multiply(X4,X5),X6)),X4),X5),multiply(multiply(multiply(multiply(inverse(multiply(multiply(X7,X8),X9)),X7),X8),multiply(multiply(multiply(multiply(inverse(multiply(multiply(X10,X11),X12)),X10),X11),multiply(X13,inverse(X13))),X12)),X9)),X6))) = X3 [superposition 46,317]
23438. inverse(multiply(multiply(multiply(inverse(inverse(multiply(multiply(multiply(X0,multiply(inverse(multiply(multiply(X1,X2),X0)),X1)),X2),multiply(multiply(multiply(multiply(inverse(multiply(multiply(X3,X4),X5)),X3),X4),multiply(X6,inverse(X6))),X5)))),multiply(multiply(inverse(multiply(multiply(X7,X8),X9)),X7),X8)),multiply(X10,inverse(X10))),multiply(multiply(multiply(multiply(inverse(multiply(multiply(X11,X12),X13)),X11),X12),multiply(multiply(multiply(multiply(inverse(multiply(multiply(X14,X15),X16)),X14),X15),multiply(multiply(multiply(multiply(inverse(multiply(multiply(X17,X18),X19)),X17),X18),multiply(X20,inverse(X20))),X19)),X16)),X13))) = X9 [superposition 46,38]
23987. inverse(multiply(X1,X2)) = inverse(multiply(multiply(multiply(inverse(inverse(multiply(multiply(multiply(X3,multiply(inverse(multiply(multiply(X4,X5),X3)),X4)),X5),multiply(X6,inverse(X6))))),X1),X2),multiply(multiply(multiply(multiply(X0,multiply(inverse(multiply(multiply(X7,X8),X0)),X7)),X8),multiply(X19,inverse(X19))),multiply(multiply(multiply(multiply(inverse(multiply(multiply(X9,X10),X11)),X9),X10),multiply(multiply(multiply(multiply(inverse(multiply(multiply(X12,X13),X14)),X12),X13),multiply(multiply(multiply(multiply(inverse(multiply(multiply(X15,X16),X17)),X15),X16),multiply(X18,inverse(X18))),X17)),X14)),X11)))) [superposition 35,46]
24318. inverse(multiply(X1,X2)) = inverse(multiply(multiply(multiply(inverse(inverse(multiply(multiply(multiply(X3,multiply(inverse(multiply(multiply(X4,X5),X3)),X4)),X5),multiply(X6,inverse(X6))))),X1),X2),multiply(multiply(multiply(multiply(X0,multiply(inverse(multiply(multiply(X7,X8),X0)),X7)),X8),multiply(X19,inverse(X19))),multiply(inverse(inverse(inverse(X11))),X11)))) [forward demodulation 23987,20109]
24791. inverse(multiply(multiply(multiply(inverse(inverse(multiply(multiply(multiply(X0,multiply(inverse(multiply(multiply(X1,X2),X0)),X1)),X2),multiply(multiply(multiply(multiply(inverse(multiply(multiply(X3,X4),X5)),X3),X4),multiply(X6,inverse(X6))),X5)))),multiply(multiply(inverse(multiply(multiply(X7,X8),X9)),X7),X8)),multiply(X10,inverse(X10))),multiply(inverse(inverse(inverse(X13))),X13))) = X9 [forward demodulation 23438,20109]
24797. inverse(multiply(multiply(multiply(inverse(multiply(multiply(X0,inverse(X0)),X3)),multiply(X1,inverse(X1))),inverse(multiply(X2,inverse(X2)))),multiply(inverse(inverse(inverse(X6))),X6))) = X3 [forward demodulation 23432,20109]
24818. inverse(multiply(multiply(multiply(inverse(multiply(inverse(multiply(multiply(multiply(X0,multiply(inverse(multiply(inverse(multiply(multiply(multiply(X1,multiply(inverse(multiply(multiply(X2,X3),X1)),X2)),X3),multiply(X4,inverse(X4)))),X0)),X5)),inverse(X5)),multiply(X6,inverse(X6)))),X8)),X7),inverse(X7)),multiply(inverse(inverse(inverse(X11))),X11))) = X8 [forward demodulation 23409,20109]
24973. inverse(multiply(X1,X2)) = inverse(multiply(multiply(inverse(inverse(multiply(multiply(multiply(X3,multiply(inverse(multiply(multiply(X4,X5),X3)),X4)),X5),multiply(X6,inverse(X6))))),X1),X2)) [forward demodulation 24318,22039]
25360. inverse(multiply(multiply(inverse(inverse(multiply(multiply(multiply(X0,multiply(inverse(multiply(multiply(X1,X2),X0)),X1)),X2),multiply(multiply(multiply(multiply(inverse(multiply(multiply(X3,X4),X5)),X3),X4),multiply(X6,inverse(X6))),X5)))),multiply(multiply(inverse(multiply(multiply(X7,X8),X9)),X7),X8)),multiply(X10,inverse(X10)))) = X9 [forward demodulation 24791,23350]
25365. inverse(multiply(multiply(inverse(multiply(multiply(X0,inverse(X0)),X3)),multiply(X1,inverse(X1))),inverse(multiply(X2,inverse(X2))))) = X3 [forward demodulation 24797,23350]
25386. multiply(inverse(multiply(multiply(multiply(X0,multiply(inverse(multiply(inverse(multiply(multiply(multiply(X1,multiply(inverse(multiply(multiply(X2,X3),X1)),X2)),X3),multiply(X4,inverse(X4)))),X0)),X5)),inverse(X5)),multiply(X6,inverse(X6)))),X8) = X8 [forward demodulation 24818,20333]
25484. inverse(multiply(X1,X2)) = inverse(multiply(multiply(inverse(inverse(multiply(multiply(X3,multiply(inverse(multiply(multiply(X4,X5),X3)),X4)),X5))),X1),X2)) [forward demodulation 24973,23148]
25720. inverse(multiply(inverse(inverse(multiply(multiply(multiply(X0,multiply(inverse(multiply(multiply(X1,X2),X0)),X1)),X2),multiply(multiply(multiply(multiply(inverse(multiply(multiply(X3,X4),X5)),X3),X4),multiply(X6,inverse(X6))),X5)))),multiply(multiply(inverse(multiply(multiply(X7,X8),X9)),X7),X8))) = X9 [forward demodulation 25360,23148]
25725. inverse(multiply(inverse(multiply(multiply(X0,inverse(X0)),X3)),multiply(X1,inverse(X1)))) = X3 [forward demodulation 25365,23149]
25740. multiply(inverse(multiply(multiply(X0,multiply(inverse(multiply(inverse(multiply(multiply(multiply(X1,multiply(inverse(multiply(multiply(X2,X3),X1)),X2)),X3),multiply(X4,inverse(X4)))),X0)),X5)),inverse(X5))),X8) = X8 [forward demodulation 25386,23148]
25867. inverse(multiply(inverse(inverse(multiply(multiply(multiply(X0,multiply(inverse(multiply(multiply(X1,X2),X0)),X1)),X2),multiply(inverse(inverse(inverse(X5))),X5)))),multiply(multiply(inverse(multiply(multiply(X7,X8),X9)),X7),X8))) = X9 [forward demodulation 25720,20082]
25872. inverse(inverse(multiply(multiply(X0,inverse(X0)),X3))) = X3 [forward demodulation 25725,23218]
25880. multiply(inverse(multiply(multiply(X0,multiply(inverse(X0),X5)),inverse(X5))),X8) = X8 [forward demodulation 25740,22615]
25918. inverse(multiply(inverse(inverse(multiply(multiply(X0,multiply(inverse(multiply(multiply(X1,X2),X0)),X1)),X2))),multiply(multiply(inverse(multiply(multiply(X7,X8),X9)),X7),X8))) = X9 [forward demodulation 25867,23350]
25921. inverse(inverse(X3)) = X3 [forward demodulation 25872,18619]
26192. multiply(multiply(inverse(X0),X0),X1) = X1 [superposition 20368,25921]
26621. multiply(inverse(inverse(inverse(X1))),X1) = multiply(inverse(X0),X0) [superposition 22068,25921]
26914. multiply(inverse(X0),X0) = multiply(inverse(X1),X1) [forward demodulation 26621,25921]
28806. inverse(X1) = inverse(multiply(multiply(X0,multiply(inverse(X0),X1)),multiply(X2,inverse(X2)))) [superposition 1,25880]
29374. inverse(X1) = inverse(multiply(X0,multiply(inverse(X0),X1))) [forward demodulation 28806,23148]
48035. multiply(inverse(multiply(X1,X2)),X0) = inverse(multiply(multiply(multiply(inverse(X0),X1),X2),multiply(X3,inverse(X3)))) [superposition 1,29374]
48301. inverse(inverse(X0)) = multiply(X1,multiply(inverse(X1),X0)) [superposition 25921,29374]
48308. multiply(X1,multiply(inverse(X1),X0)) = X0 [forward demodulation 48301,25921]
48539. multiply(inverse(multiply(X1,X2)),X0) = inverse(multiply(multiply(inverse(X0),X1),X2)) [forward demodulation 48035,23148]
51233. multiply(inverse(X0),multiply(X0,X1)) = X1 [superposition 48308,25921]
51531. inverse(multiply(X0,inverse(multiply(inverse(inverse(X1)),X0)))) = X1 [superposition 22429,48308]
51536. inverse(multiply(X0,inverse(multiply(X1,X0)))) = X1 [forward demodulation 51531,25921]
68894. multiply(inverse(X0),X1) = inverse(multiply(inverse(X1),X0)) [superposition 51536,22429]
68934. inverse(multiply(X0,multiply(X1,X2))) = inverse(multiply(multiply(multiply(X0,X1),X2),multiply(X3,inverse(X3)))) [superposition 1,51536]
69184. inverse(X0) = multiply(X1,inverse(multiply(X0,X1))) [superposition 25921,51536]
69439. inverse(multiply(multiply(X0,X1),X2)) = inverse(multiply(X0,multiply(X1,X2))) [forward demodulation 68934,23148]
91704. inverse(multiply(X0,X1)) = multiply(inverse(X1),inverse(X0)) [superposition 51233,69184]
275860. multiply(multiply(inverse(X0),X1),inverse(X2)) = inverse(multiply(X2,multiply(inverse(X1),X0))) [superposition 91704,68894]
276107. inverse(multiply(X3,X4)) = inverse(multiply(multiply(inverse(inverse(multiply(multiply(X2,inverse(multiply(X0,multiply(multiply(inverse(X0),X1),X2)))),X1))),X3),X4)) [superposition 25484,91704]
276115. inverse(multiply(inverse(inverse(multiply(multiply(X2,inverse(multiply(X0,multiply(multiply(inverse(X0),X1),X2)))),X1))),multiply(multiply(inverse(multiply(multiply(X3,X4),X5)),X3),X4))) = X5 [superposition 25918,91704]
276795. multiply(inverse(multiply(multiply(inverse(multiply(multiply(X3,X4),X5)),X3),X4)),inverse(multiply(multiply(X2,inverse(multiply(X0,multiply(multiply(inverse(X0),X1),X2)))),X1))) = X5 [forward demodulation 276115,68894]
276803. inverse(multiply(X3,X4)) = multiply(inverse(multiply(X3,X4)),inverse(multiply(multiply(X2,inverse(multiply(X0,multiply(multiply(inverse(X0),X1),X2)))),X1))) [forward demodulation 276107,48539]
277393. inverse(multiply(multiply(multiply(X2,inverse(multiply(X0,multiply(multiply(inverse(X0),X1),X2)))),X1),multiply(multiply(inverse(multiply(multiply(X3,X4),X5)),X3),X4))) = X5 [forward demodulation 276795,91704]
277401. inverse(multiply(X3,X4)) = inverse(multiply(multiply(multiply(X2,inverse(multiply(X0,multiply(multiply(inverse(X0),X1),X2)))),X1),multiply(X3,X4))) [forward demodulation 276803,91704]
277902. inverse(multiply(multiply(X2,inverse(multiply(X0,multiply(multiply(inverse(X0),X1),X2)))),multiply(X1,multiply(multiply(inverse(multiply(multiply(X3,X4),X5)),X3),X4)))) = X5 [forward demodulation 277393,69439]
277909. inverse(multiply(X3,X4)) = inverse(multiply(multiply(X2,inverse(multiply(X0,multiply(multiply(inverse(X0),X1),X2)))),multiply(X1,multiply(X3,X4)))) [forward demodulation 277401,69439]
278332. inverse(multiply(X2,multiply(inverse(multiply(X0,multiply(multiply(inverse(X0),X1),X2))),multiply(X1,multiply(multiply(inverse(multiply(multiply(X3,X4),X5)),X3),X4))))) = X5 [forward demodulation 277902,69439]
278339. inverse(multiply(X3,X4)) = inverse(multiply(X2,multiply(inverse(multiply(X0,multiply(multiply(inverse(X0),X1),X2))),multiply(X1,multiply(X3,X4))))) [forward demodulation 277909,69439]
278669. multiply(multiply(inverse(multiply(X1,multiply(multiply(inverse(multiply(multiply(X3,X4),X5)),X3),X4))),multiply(X0,multiply(multiply(inverse(X0),X1),X2))),inverse(X2)) = X5 [forward demodulation 278332,275860]
278674. inverse(multiply(X3,X4)) = multiply(multiply(inverse(multiply(X1,multiply(X3,X4))),multiply(X0,multiply(multiply(inverse(X0),X1),X2))),inverse(X2)) [forward demodulation 278339,275860]
278946. multiply(multiply(inverse(multiply(X1,multiply(multiply(inverse(multiply(X3,multiply(X4,X5))),X3),X4))),multiply(X0,multiply(multiply(inverse(X0),X1),X2))),inverse(X2)) = X5 [forward demodulation 278669,69439]
279158. inverse(multiply(multiply(inverse(multiply(X3,multiply(X4,X5))),X3),X4)) = X5 [forward demodulation 278946,278674]
279318. multiply(inverse(multiply(X3,X4)),multiply(X3,multiply(X4,X5))) = X5 [forward demodulation 279158,48539]
333969. multiply(multiply(X1,X2),X0) = multiply(X1,multiply(X2,X0)) [superposition 48308,279318]
335021. multiply(a3,multiply(b3,c3)) != multiply(a3,multiply(b3,c3)) <- (~1) [superposition 6,333969]
335177. $false <- (~1) [trivial inequality removal 335021]
335178. 1 [avatar contradiction clause 335177]
336242. $false <- (~2) [forward subsumption resolution 10,26192]
336243. 2 [avatar contradiction clause 336242]
336244. $false <- (~3) [forward subsumption resolution 14,26914]
336245. 3 [avatar contradiction clause 336244]
s1. ~3 | ~2 | ~1 [sat_conversion 15]
s2. 1 [sat_conversion 335178]
s3. 2 [sat_conversion 336243]
s4. 3 [sat_conversion 336245]
s5. # [rat s1,s2,s3,s4]
336246. $false [avatar sat refutation s5]
% SZS output end Proof for GRP059-1_clausified
% ------------------------------
% Version: Vampire 5.0.0 (Release build, commit 2e2c9b7b8 on 2026-01-17 12:24:14 +0100)
% Linked with Z3 4.14.0.0 3c47fd96cf5645d0c42b2c819d9e9a84380aa721 z3-4.8.4-9178-g3c47fd96c
% CaDiCaL version: 2.1.3
% Termination reason: Refutation
% Time elapsed: 3.360 s
% Peak memory usage: 125 MB
% Instructions burned: 15605 (million)
% ------------------------------
% ------------------------------
