% Running in auto input_syntax mode. Trying TPTP
% Refutation found. Thanks to Tanya!
% SZS status Unsatisfiable for GRP107-1_clausified
% SZS output start Proof for GRP107-1_clausified
1. double_divide(double_divide(X0,X1),inverse(double_divide(X0,inverse(double_divide(inverse(X2),X1))))) = X2 [input(axiom)]
2. inverse(double_divide(a1,inverse(a1))) != inverse(double_divide(b1,inverse(b1))) | a2 != inverse(double_divide(a2,inverse(double_divide(b2,inverse(b2))))) | inverse(double_divide(c3,inverse(double_divide(b3,a3)))) != inverse(double_divide(inverse(double_divide(c3,b3)),a3)) | inverse(double_divide(b4,a4)) != inverse(double_divide(a4,b4)) [input(negated conjecture)]
4. 1 <=> inverse(double_divide(b4,a4)) = inverse(double_divide(a4,b4)) [avatar definition]
6. inverse(double_divide(b4,a4)) != inverse(double_divide(a4,b4)) <- (~1) [avatar component clause 4]
8. 2 <=> inverse(double_divide(c3,inverse(double_divide(b3,a3)))) = inverse(double_divide(inverse(double_divide(c3,b3)),a3)) [avatar definition]
10. inverse(double_divide(c3,inverse(double_divide(b3,a3)))) != inverse(double_divide(inverse(double_divide(c3,b3)),a3)) <- (~2) [avatar component clause 8]
12. 3 <=> a2 = inverse(double_divide(a2,inverse(double_divide(b2,inverse(b2))))) [avatar definition]
14. a2 != inverse(double_divide(a2,inverse(double_divide(b2,inverse(b2))))) <- (~3) [avatar component clause 12]
16. 4 <=> inverse(double_divide(a1,inverse(a1))) = inverse(double_divide(b1,inverse(b1))) [avatar definition]
18. inverse(double_divide(a1,inverse(a1))) != inverse(double_divide(b1,inverse(b1))) <- (~4) [avatar component clause 16]
19. ~1 | ~2 | ~3 | ~4 [avatar split clause 2,16,12,8,4]
20. double_divide(X0,inverse(double_divide(double_divide(X1,X2),inverse(double_divide(inverse(X3),inverse(double_divide(X1,inverse(double_divide(inverse(X0),X2))))))))) = X3 [superposition 1,1]
21. double_divide(double_divide(double_divide(inverse(X1),X2),inverse(double_divide(inverse(X0),X2))),inverse(X0)) = X1 [superposition 1,1]
22. double_divide(double_divide(double_divide(double_divide(inverse(X0),X1),inverse(double_divide(inverse(double_divide(inverse(X2),X3)),X1))),X3),inverse(X0)) = X2 [superposition 1,21]
23. double_divide(X0,inverse(double_divide(double_divide(double_divide(inverse(X0),X1),inverse(double_divide(inverse(X2),X1))),inverse(double_divide(inverse(X3),inverse(X2)))))) = X3 [superposition 1,21]
25. double_divide(X1,inverse(double_divide(X0,inverse(double_divide(inverse(X4),inverse(double_divide(double_divide(double_divide(inverse(X0),X2),inverse(double_divide(inverse(X3),X2))),inverse(double_divide(inverse(X1),inverse(X3)))))))))) = X4 [superposition 20,21]
26. double_divide(X1,inverse(double_divide(X0,inverse(double_divide(inverse(X5),inverse(double_divide(X2,inverse(double_divide(inverse(X1),inverse(double_divide(double_divide(X3,X4),inverse(double_divide(inverse(X0),inverse(double_divide(X3,inverse(double_divide(inverse(X2),X4))))))))))))))))) = X5 [superposition 20,20]
27. double_divide(X1,inverse(double_divide(double_divide(X2,inverse(double_divide(double_divide(X3,X4),inverse(double_divide(inverse(X0),inverse(double_divide(X3,inverse(double_divide(inverse(inverse(X1)),X4))))))))),inverse(double_divide(inverse(X5),inverse(double_divide(X2,inverse(X0)))))))) = X5 [superposition 20,20]
29. double_divide(X1,inverse(double_divide(double_divide(double_divide(double_divide(inverse(X0),X2),inverse(double_divide(inverse(double_divide(inverse(X1),X3)),X2))),X3),inverse(double_divide(inverse(X4),inverse(X0)))))) = X4 [superposition 20,21]
30. double_divide(X0,inverse(double_divide(double_divide(double_divide(X1,X2),inverse(double_divide(X1,inverse(double_divide(inverse(inverse(X3)),X2))))),inverse(X0)))) = X3 [superposition 20,20]
31. double_divide(X0,inverse(double_divide(X1,inverse(double_divide(inverse(X4),inverse(double_divide(double_divide(X2,X3),inverse(double_divide(inverse(X0),inverse(double_divide(X2,inverse(double_divide(inverse(X1),X3))))))))))))) = X4 [superposition 1,20]
32. double_divide(double_divide(double_divide(inverse(X1),inverse(double_divide(double_divide(X2,X3),inverse(double_divide(inverse(X0),inverse(double_divide(X2,inverse(double_divide(inverse(inverse(X4)),X3))))))))),inverse(X0)),inverse(X4)) = X1 [superposition 21,20]
33. double_divide(double_divide(X0,inverse(double_divide(inverse(X4),inverse(double_divide(double_divide(X2,X3),inverse(double_divide(inverse(X0),inverse(double_divide(X2,inverse(double_divide(inverse(inverse(X1)),X3))))))))))),inverse(X4)) = X1 [superposition 21,20]
34. double_divide(double_divide(X1,inverse(double_divide(double_divide(X2,X3),inverse(double_divide(inverse(X0),inverse(double_divide(X2,inverse(double_divide(inverse(inverse(X4)),X3))))))))),inverse(double_divide(X1,inverse(X0)))) = X4 [superposition 1,20]
35. double_divide(X0,inverse(double_divide(inverse(X3),inverse(X0)))) = X3 [forward demodulation 30,1]
39. double_divide(double_divide(X1,inverse(X1)),inverse(X0)) = X0 [superposition 1,35]
68. double_divide(inverse(X0),inverse(double_divide(X1,inverse(X1)))) = X0 [superposition 35,39]
107. double_divide(double_divide(double_divide(inverse(X1),inverse(double_divide(X2,inverse(X2)))),inverse(X0)),inverse(X0)) = X1 [superposition 21,68]
116. double_divide(X0,inverse(double_divide(inverse(X0),inverse(double_divide(inverse(X2),inverse(double_divide(X1,inverse(X1)))))))) = X2 [superposition 1,68]
117. double_divide(X0,inverse(double_divide(inverse(X0),inverse(X2)))) = X2 [forward demodulation 116,68]
123. double_divide(double_divide(X1,inverse(X0)),inverse(X0)) = X1 [forward demodulation 107,68]
166. double_divide(X1,X2) = double_divide(X0,inverse(double_divide(X1,inverse(double_divide(inverse(X0),X2))))) [superposition 123,1]
167. double_divide(X1,inverse(X1)) = double_divide(X0,inverse(X0)) [superposition 123,39]
168. double_divide(double_divide(inverse(X0),X1),inverse(double_divide(inverse(X2),X1))) = double_divide(X0,inverse(X2)) [superposition 123,21]
169. double_divide(double_divide(double_divide(inverse(X1),X2),inverse(double_divide(inverse(double_divide(inverse(X0),X3)),X2))),X3) = double_divide(X0,inverse(X1)) [superposition 123,22]
174. inverse(X0) = double_divide(X0,inverse(double_divide(X1,inverse(X1)))) [superposition 123,68]
222. double_divide(X2,inverse(double_divide(inverse(X0),inverse(double_divide(double_divide(X3,X4),inverse(double_divide(inverse(double_divide(X1,inverse(X1))),inverse(double_divide(X3,inverse(double_divide(inverse(X2),X4))))))))))) = X0 [superposition 39,31]
301. double_divide(double_divide(double_divide(inverse(X1),X2),X2),inverse(double_divide(X0,inverse(X0)))) = X1 [superposition 1,167]
348. inverse(double_divide(double_divide(inverse(X1),X2),X2)) = X1 [forward demodulation 301,174]
400. double_divide(double_divide(X1,inverse(double_divide(double_divide(X2,inverse(double_divide(double_divide(X3,X4),inverse(double_divide(inverse(X0),inverse(double_divide(X3,inverse(double_divide(inverse(inverse(inverse(X5))),X4))))))))),inverse(double_divide(inverse(X6),inverse(double_divide(X2,inverse(X0)))))))),inverse(double_divide(X1,inverse(X6)))) = X5 [superposition 34,20]
445. double_divide(double_divide(X1,inverse(double_divide(double_divide(X2,X3),inverse(double_divide(inverse(X1),inverse(double_divide(X2,inverse(double_divide(inverse(inverse(X4)),X3))))))))),inverse(double_divide(X0,inverse(X0)))) = X4 [superposition 34,167]
452. double_divide(X1,inverse(double_divide(double_divide(X2,X3),inverse(double_divide(inverse(X4),inverse(double_divide(X2,inverse(double_divide(inverse(inverse(X0)),X3))))))))) = double_divide(X0,inverse(double_divide(X1,inverse(X4)))) [superposition 123,34]
458. inverse(double_divide(X1,inverse(double_divide(double_divide(X2,X3),inverse(double_divide(inverse(X1),inverse(double_divide(X2,inverse(double_divide(inverse(inverse(X4)),X3)))))))))) = X4 [forward demodulation 445,174]
491. double_divide(double_divide(X1,inverse(double_divide(double_divide(inverse(X5),inverse(double_divide(X2,inverse(X0)))),inverse(double_divide(inverse(X6),inverse(double_divide(X2,inverse(X0)))))))),inverse(double_divide(X1,inverse(X6)))) = X5 [forward demodulation 400,452]
503. inverse(double_divide(X4,inverse(double_divide(X1,inverse(X1))))) = X4 [forward demodulation 458,452]
517. double_divide(double_divide(X1,inverse(double_divide(X5,inverse(X6)))),inverse(double_divide(X1,inverse(X6)))) = X5 [forward demodulation 491,168]
521. inverse(inverse(X4)) = X4 [forward demodulation 503,174]
544. inverse(X0) = double_divide(X1,inverse(double_divide(X0,inverse(X1)))) [superposition 35,521]
549. double_divide(double_divide(X1,X0),X0) = X1 [superposition 123,521]
795. double_divide(double_divide(double_divide(inverse(X1),inverse(double_divide(double_divide(X2,inverse(double_divide(double_divide(X3,X4),inverse(double_divide(inverse(X0),inverse(double_divide(X3,inverse(double_divide(inverse(inverse(inverse(X5))),X4))))))))),inverse(double_divide(inverse(X6),inverse(double_divide(X2,inverse(X0)))))))),inverse(X6)),inverse(X5)) = X1 [superposition 32,20]
883. double_divide(double_divide(double_divide(inverse(X1),inverse(double_divide(double_divide(inverse(X5),inverse(double_divide(X2,inverse(X0)))),inverse(double_divide(inverse(X6),inverse(double_divide(X2,inverse(X0)))))))),inverse(X6)),inverse(X5)) = X1 [forward demodulation 795,452]
926. double_divide(double_divide(double_divide(inverse(X1),inverse(double_divide(X5,inverse(X6)))),inverse(X6)),inverse(X5)) = X1 [forward demodulation 883,168]
1112. double_divide(double_divide(X1,inverse(double_divide(inverse(X2),inverse(double_divide(double_divide(X3,inverse(double_divide(double_divide(double_divide(inverse(X3),X4),inverse(double_divide(inverse(X5),X4))),inverse(double_divide(inverse(inverse(X1)),inverse(X5)))))),inverse(inverse(X0))))))),inverse(X2)) = X0 [superposition 33,25]
1146. double_divide(double_divide(X1,inverse(double_divide(inverse(X2),inverse(double_divide(double_divide(X3,inverse(double_divide(double_divide(double_divide(inverse(X3),X4),inverse(double_divide(inverse(X5),X4))),inverse(double_divide(inverse(inverse(X1)),inverse(X5)))))),X0))))),inverse(X2)) = X0 [forward demodulation 1112,521]
1205. double_divide(double_divide(X1,inverse(double_divide(inverse(X2),inverse(double_divide(inverse(X1),X0))))),inverse(X2)) = X0 [forward demodulation 1146,23]
1246. double_divide(double_divide(inverse(X2),X0),inverse(X2)) = X0 [forward demodulation 1205,166]
1269. double_divide(X0,inverse(X0)) = inverse(double_divide(X1,inverse(X1))) [superposition 1246,68]
1272. double_divide(X0,inverse(X1)) = inverse(double_divide(double_divide(double_divide(double_divide(inverse(X2),X3),inverse(double_divide(inverse(double_divide(inverse(inverse(X1)),X4)),X3))),X4),inverse(double_divide(inverse(X0),inverse(X2))))) [superposition 1246,29]
1273. inverse(double_divide(inverse(X0),inverse(inverse(X1)))) = double_divide(X0,inverse(X1)) [superposition 1246,35]
1274. double_divide(X0,inverse(X1)) = inverse(double_divide(X2,inverse(double_divide(inverse(X0),inverse(double_divide(double_divide(X3,X4),inverse(double_divide(inverse(inverse(X1)),inverse(double_divide(X3,inverse(double_divide(inverse(X2),X4)))))))))))) [superposition 1246,31]
1279. double_divide(double_divide(X0,X2),X0) = X2 [superposition 1246,348]
1306. double_divide(X0,inverse(X1)) = double_divide(inverse(X1),X0) [superposition 549,1246]
1320. double_divide(X0,inverse(X1)) = inverse(double_divide(X2,inverse(double_divide(inverse(X0),inverse(double_divide(double_divide(X3,X4),inverse(double_divide(X1,inverse(double_divide(X3,inverse(double_divide(inverse(X2),X4)))))))))))) [forward demodulation 1274,521]
1321. inverse(double_divide(inverse(X0),X1)) = double_divide(X0,inverse(X1)) [forward demodulation 1273,521]
1322. double_divide(X0,inverse(X1)) = inverse(double_divide(double_divide(inverse(X1),inverse(X2)),inverse(double_divide(inverse(X0),inverse(X2))))) [forward demodulation 1272,169]
1336. inverse(double_divide(X1,inverse(X0))) = double_divide(X0,inverse(X1)) [forward demodulation 1322,168]
1438. double_divide(X2,inverse(double_divide(inverse(X0),inverse(double_divide(X1,inverse(double_divide(inverse(X2),inverse(double_divide(double_divide(X3,X4),inverse(double_divide(inverse(double_divide(X5,inverse(X5))),inverse(double_divide(X3,inverse(double_divide(inverse(X1),X4))))))))))))))) = X0 [superposition 26,39]
1457. double_divide(X0,inverse(double_divide(double_divide(X1,inverse(double_divide(X2,inverse(double_divide(inverse(inverse(X3)),inverse(double_divide(double_divide(X4,X5),inverse(double_divide(inverse(X1),inverse(double_divide(X4,inverse(double_divide(inverse(X2),X5))))))))))))),inverse(X0)))) = X3 [superposition 20,26]
1458. double_divide(double_divide(X1,inverse(double_divide(inverse(X2),inverse(double_divide(double_divide(X3,inverse(double_divide(X4,inverse(double_divide(inverse(inverse(X1)),inverse(double_divide(double_divide(X5,X6),inverse(double_divide(inverse(X3),inverse(double_divide(X5,inverse(double_divide(inverse(X4),X6))))))))))))),inverse(inverse(X0))))))),inverse(X2)) = X0 [superposition 33,26]
1460. double_divide(double_divide(X1,inverse(double_divide(double_divide(X2,inverse(double_divide(X3,inverse(double_divide(inverse(inverse(X4)),inverse(double_divide(double_divide(X5,X6),inverse(double_divide(inverse(X2),inverse(double_divide(X5,inverse(double_divide(inverse(X3),X6))))))))))))),inverse(inverse(X0))))),inverse(double_divide(X1,inverse(X4)))) = X0 [superposition 34,26]
1470. double_divide(double_divide(double_divide(double_divide(inverse(X1),X2),inverse(double_divide(inverse(X0),X2))),inverse(double_divide(X4,inverse(double_divide(inverse(X0),inverse(double_divide(X5,inverse(double_divide(inverse(inverse(X3)),inverse(double_divide(double_divide(X6,X7),inverse(double_divide(inverse(X4),inverse(double_divide(X6,inverse(double_divide(inverse(X5),X7))))))))))))))))),inverse(X1)) = X3 [superposition 22,26]
1479. double_divide(X0,inverse(X1)) = inverse(double_divide(X2,inverse(double_divide(inverse(X0),inverse(double_divide(X3,inverse(double_divide(inverse(inverse(X1)),inverse(double_divide(double_divide(X4,X5),inverse(double_divide(inverse(X2),inverse(double_divide(X4,inverse(double_divide(inverse(X3),X5)))))))))))))))) [superposition 1246,26]
1481. double_divide(double_divide(double_divide(double_divide(inverse(X1),inverse(double_divide(X2,inverse(double_divide(inverse(X0),inverse(double_divide(X3,inverse(double_divide(inverse(inverse(double_divide(inverse(X4),X5))),inverse(double_divide(double_divide(X6,X7),inverse(double_divide(inverse(X2),inverse(double_divide(X6,inverse(double_divide(inverse(X3),X7))))))))))))))))),inverse(X0)),X5),inverse(X1)) = X4 [superposition 22,26]
1482. double_divide(double_divide(X1,inverse(double_divide(inverse(X2),inverse(double_divide(double_divide(X3,inverse(double_divide(X4,inverse(double_divide(inverse(X0),inverse(double_divide(X5,inverse(double_divide(inverse(inverse(inverse(X6))),inverse(double_divide(double_divide(X7,X8),inverse(double_divide(inverse(X4),inverse(double_divide(X7,inverse(double_divide(inverse(X5),X8))))))))))))))))),inverse(double_divide(inverse(X1),inverse(double_divide(X3,inverse(X0)))))))))),inverse(X2)) = X6 [superposition 33,26]
1487. double_divide(inverse(X2),double_divide(X1,inverse(double_divide(inverse(X2),inverse(double_divide(double_divide(X3,inverse(double_divide(X4,inverse(double_divide(inverse(X0),inverse(double_divide(X5,inverse(double_divide(inverse(inverse(inverse(X6))),inverse(double_divide(double_divide(X7,X8),inverse(double_divide(inverse(X4),inverse(double_divide(X7,inverse(double_divide(inverse(X5),X8))))))))))))))))),inverse(double_divide(inverse(X1),inverse(double_divide(X3,inverse(X0))))))))))) = X6 [forward demodulation 1482,1306]
1488. double_divide(inverse(X1),double_divide(double_divide(double_divide(inverse(X1),inverse(double_divide(X2,inverse(double_divide(inverse(X0),inverse(double_divide(X3,inverse(double_divide(inverse(inverse(double_divide(inverse(X4),X5))),inverse(double_divide(double_divide(X6,X7),inverse(double_divide(inverse(X2),inverse(double_divide(X6,inverse(double_divide(inverse(X3),X7))))))))))))))))),inverse(X0)),X5)) = X4 [forward demodulation 1481,1306]
1490. double_divide(X0,inverse(X1)) = double_divide(double_divide(inverse(X0),inverse(double_divide(X3,inverse(double_divide(inverse(inverse(X1)),inverse(double_divide(double_divide(X4,X5),inverse(double_divide(inverse(X2),inverse(double_divide(X4,inverse(double_divide(inverse(X3),X5))))))))))))),inverse(X2)) [forward demodulation 1479,1336]
1499. double_divide(inverse(X1),double_divide(double_divide(double_divide(inverse(X1),X2),inverse(double_divide(inverse(X0),X2))),inverse(double_divide(X4,inverse(double_divide(inverse(X0),inverse(double_divide(X5,inverse(double_divide(inverse(inverse(X3)),inverse(double_divide(double_divide(X6,X7),inverse(double_divide(inverse(X4),inverse(double_divide(X6,inverse(double_divide(inverse(X5),X7)))))))))))))))))) = X3 [forward demodulation 1470,1306]
1508. double_divide(inverse(double_divide(X1,inverse(X4))),double_divide(X1,inverse(double_divide(double_divide(X2,inverse(double_divide(X3,inverse(double_divide(inverse(inverse(X4)),inverse(double_divide(double_divide(X5,X6),inverse(double_divide(inverse(X2),inverse(double_divide(X5,inverse(double_divide(inverse(X3),X6))))))))))))),inverse(inverse(X0)))))) = X0 [forward demodulation 1460,1306]
1510. double_divide(inverse(X2),double_divide(X1,inverse(double_divide(inverse(X2),inverse(double_divide(double_divide(X3,inverse(double_divide(X4,inverse(double_divide(inverse(inverse(X1)),inverse(double_divide(double_divide(X5,X6),inverse(double_divide(inverse(X3),inverse(double_divide(X5,inverse(double_divide(inverse(X4),X6))))))))))))),inverse(inverse(X0)))))))) = X0 [forward demodulation 1458,1306]
1511. inverse(double_divide(X1,inverse(double_divide(X2,inverse(double_divide(inverse(inverse(X3)),inverse(double_divide(double_divide(X4,X5),inverse(double_divide(inverse(X1),inverse(double_divide(X4,inverse(double_divide(inverse(X2),X5)))))))))))))) = X3 [forward demodulation 1457,544]
1526. double_divide(X2,double_divide(double_divide(X1,inverse(double_divide(inverse(X2),inverse(double_divide(double_divide(X3,X4),inverse(double_divide(inverse(double_divide(X5,inverse(X5))),inverse(double_divide(X3,inverse(double_divide(inverse(X1),X4))))))))))),inverse(inverse(X0)))) = X0 [forward demodulation 1438,1336]
1588. double_divide(inverse(X2),double_divide(X1,double_divide(double_divide(double_divide(X3,inverse(double_divide(X4,inverse(double_divide(inverse(X0),inverse(double_divide(X5,inverse(double_divide(inverse(inverse(inverse(X6))),inverse(double_divide(double_divide(X7,X8),inverse(double_divide(inverse(X4),inverse(double_divide(X7,inverse(double_divide(inverse(X5),X8))))))))))))))))),inverse(double_divide(inverse(X1),inverse(double_divide(X3,inverse(X0)))))),inverse(inverse(X2))))) = X6 [forward demodulation 1487,1336]
1589. double_divide(inverse(X1),double_divide(double_divide(inverse(X0),double_divide(inverse(X1),inverse(double_divide(X2,inverse(double_divide(inverse(X0),inverse(double_divide(X3,inverse(double_divide(inverse(inverse(double_divide(inverse(X4),X5))),inverse(double_divide(double_divide(X6,X7),inverse(double_divide(inverse(X2),inverse(double_divide(X6,inverse(double_divide(inverse(X3),X7)))))))))))))))))),X5)) = X4 [forward demodulation 1488,1306]
1591. double_divide(X0,inverse(X1)) = double_divide(inverse(X2),double_divide(inverse(X0),inverse(double_divide(X3,inverse(double_divide(inverse(inverse(X1)),inverse(double_divide(double_divide(X4,X5),inverse(double_divide(inverse(X2),inverse(double_divide(X4,inverse(double_divide(inverse(X3),X5)))))))))))))) [forward demodulation 1490,1306]
1600. double_divide(inverse(X1),double_divide(double_divide(double_divide(inverse(X1),X2),inverse(double_divide(inverse(X0),X2))),double_divide(double_divide(inverse(X0),inverse(double_divide(X5,inverse(double_divide(inverse(inverse(X3)),inverse(double_divide(double_divide(X6,X7),inverse(double_divide(inverse(X4),inverse(double_divide(X6,inverse(double_divide(inverse(X5),X7))))))))))))),inverse(X4)))) = X3 [forward demodulation 1499,1336]
1608. double_divide(inverse(double_divide(X1,inverse(X4))),double_divide(X1,double_divide(inverse(X0),inverse(double_divide(X2,inverse(double_divide(X3,inverse(double_divide(inverse(inverse(X4)),inverse(double_divide(double_divide(X5,X6),inverse(double_divide(inverse(X2),inverse(double_divide(X5,inverse(double_divide(inverse(X3),X6))))))))))))))))) = X0 [forward demodulation 1508,1336]
1610. double_divide(inverse(X2),double_divide(X1,double_divide(double_divide(double_divide(X3,inverse(double_divide(X4,inverse(double_divide(inverse(inverse(X1)),inverse(double_divide(double_divide(X5,X6),inverse(double_divide(inverse(X3),inverse(double_divide(X5,inverse(double_divide(inverse(X4),X6))))))))))))),inverse(inverse(X0))),inverse(inverse(X2))))) = X0 [forward demodulation 1510,1336]
1611. double_divide(double_divide(X2,inverse(double_divide(inverse(inverse(X3)),inverse(double_divide(double_divide(X4,X5),inverse(double_divide(inverse(X1),inverse(double_divide(X4,inverse(double_divide(inverse(X2),X5))))))))))),inverse(X1)) = X3 [forward demodulation 1511,1336]
1624. double_divide(X2,double_divide(double_divide(X1,inverse(double_divide(inverse(X2),inverse(double_divide(double_divide(X3,X4),inverse(double_divide(inverse(double_divide(X5,inverse(X5))),inverse(double_divide(X3,inverse(double_divide(inverse(X1),X4))))))))))),X0)) = X0 [forward demodulation 1526,521]
1686. double_divide(inverse(X2),double_divide(X1,double_divide(double_divide(double_divide(X3,inverse(double_divide(X4,inverse(double_divide(inverse(X0),inverse(double_divide(X5,inverse(double_divide(inverse(inverse(inverse(X6))),inverse(double_divide(double_divide(X7,X8),inverse(double_divide(inverse(X4),inverse(double_divide(X7,inverse(double_divide(inverse(X5),X8))))))))))))))))),inverse(double_divide(inverse(X1),inverse(double_divide(X3,inverse(X0)))))),X2))) = X6 [forward demodulation 1588,521]
1687. double_divide(inverse(X1),double_divide(double_divide(inverse(X0),double_divide(inverse(X1),double_divide(double_divide(inverse(X0),inverse(double_divide(X3,inverse(double_divide(inverse(inverse(double_divide(inverse(X4),X5))),inverse(double_divide(double_divide(X6,X7),inverse(double_divide(inverse(X2),inverse(double_divide(X6,inverse(double_divide(inverse(X3),X7))))))))))))),inverse(X2)))),X5)) = X4 [forward demodulation 1589,1336]
1689. double_divide(X0,inverse(X1)) = double_divide(inverse(X2),double_divide(inverse(X0),double_divide(inverse(X1),inverse(inverse(X2))))) [forward demodulation 1591,1320]
1698. double_divide(inverse(X1),double_divide(double_divide(double_divide(inverse(X1),X2),inverse(double_divide(inverse(X0),X2))),double_divide(inverse(X4),double_divide(inverse(X0),inverse(double_divide(X5,inverse(double_divide(inverse(inverse(X3)),inverse(double_divide(double_divide(X6,X7),inverse(double_divide(inverse(X4),inverse(double_divide(X6,inverse(double_divide(inverse(X5),X7)))))))))))))))) = X3 [forward demodulation 1600,1306]
1706. double_divide(inverse(double_divide(X1,inverse(X4))),double_divide(X1,double_divide(inverse(X0),double_divide(double_divide(X3,inverse(double_divide(inverse(inverse(X4)),inverse(double_divide(double_divide(X5,X6),inverse(double_divide(inverse(X2),inverse(double_divide(X5,inverse(double_divide(inverse(X3),X6))))))))))),inverse(X2))))) = X0 [forward demodulation 1608,1336]
1708. double_divide(inverse(X2),double_divide(X1,double_divide(double_divide(double_divide(X3,inverse(double_divide(X4,inverse(double_divide(inverse(inverse(X1)),inverse(double_divide(double_divide(X5,X6),inverse(double_divide(inverse(X3),inverse(double_divide(X5,inverse(double_divide(inverse(X4),X6))))))))))))),inverse(inverse(X0))),X2))) = X0 [forward demodulation 1610,521]
1709. double_divide(inverse(X1),double_divide(X2,inverse(double_divide(inverse(inverse(X3)),inverse(double_divide(double_divide(X4,X5),inverse(double_divide(inverse(X1),inverse(double_divide(X4,inverse(double_divide(inverse(X2),X5)))))))))))) = X3 [forward demodulation 1611,1306]
1722. double_divide(X2,double_divide(X2,X0)) = X0 [forward demodulation 1624,222]
1784. double_divide(inverse(X2),double_divide(X1,double_divide(double_divide(double_divide(X3,inverse(double_divide(X4,inverse(double_divide(inverse(X0),inverse(double_divide(X5,inverse(double_divide(inverse(inverse(inverse(X6))),inverse(double_divide(double_divide(X7,X8),inverse(double_divide(inverse(X4),inverse(double_divide(X7,inverse(double_divide(inverse(X5),X8))))))))))))))))),double_divide(double_divide(X3,inverse(X0)),inverse(inverse(X1)))),X2))) = X6 [forward demodulation 1686,1336]
1785. double_divide(inverse(X1),double_divide(double_divide(inverse(X0),double_divide(inverse(X1),double_divide(inverse(X2),double_divide(inverse(X0),inverse(double_divide(X3,inverse(double_divide(inverse(inverse(double_divide(inverse(X4),X5))),inverse(double_divide(double_divide(X6,X7),inverse(double_divide(inverse(X2),inverse(double_divide(X6,inverse(double_divide(inverse(X3),X7)))))))))))))))),X5)) = X4 [forward demodulation 1687,1306]
1787. double_divide(X0,inverse(X1)) = double_divide(inverse(X2),double_divide(inverse(X0),double_divide(inverse(X1),X2))) [forward demodulation 1689,521]
1796. double_divide(inverse(X1),double_divide(double_divide(double_divide(inverse(X1),X2),inverse(double_divide(inverse(X0),X2))),double_divide(inverse(X4),double_divide(inverse(X0),double_divide(inverse(X3),inverse(inverse(X4))))))) = X3 [forward demodulation 1698,1320]
1804. double_divide(inverse(double_divide(X1,inverse(X4))),double_divide(X1,double_divide(inverse(X0),double_divide(inverse(X2),double_divide(X3,inverse(double_divide(inverse(inverse(X4)),inverse(double_divide(double_divide(X5,X6),inverse(double_divide(inverse(X2),inverse(double_divide(X5,inverse(double_divide(inverse(X3),X6))))))))))))))) = X0 [forward demodulation 1706,1306]
1806. double_divide(inverse(X2),double_divide(X1,double_divide(double_divide(double_divide(X3,inverse(double_divide(X4,inverse(double_divide(inverse(inverse(X1)),inverse(double_divide(double_divide(X5,X6),inverse(double_divide(inverse(X3),inverse(double_divide(X5,inverse(double_divide(inverse(X4),X6))))))))))))),X0),X2))) = X0 [forward demodulation 1708,521]
1807. double_divide(inverse(X1),double_divide(X2,double_divide(double_divide(double_divide(X4,X5),inverse(double_divide(inverse(X1),inverse(double_divide(X4,inverse(double_divide(inverse(X2),X5))))))),inverse(inverse(inverse(X3)))))) = X3 [forward demodulation 1709,1336]
1880. double_divide(inverse(X2),double_divide(X1,double_divide(double_divide(double_divide(X3,inverse(double_divide(X4,inverse(double_divide(inverse(X0),inverse(double_divide(X5,inverse(double_divide(inverse(inverse(inverse(X6))),inverse(double_divide(double_divide(X7,X8),inverse(double_divide(inverse(X4),inverse(double_divide(X7,inverse(double_divide(inverse(X5),X8))))))))))))))))),double_divide(double_divide(X3,inverse(X0)),X1)),X2))) = X6 [forward demodulation 1784,521]
1881. double_divide(inverse(X1),double_divide(double_divide(inverse(X0),double_divide(inverse(X1),double_divide(inverse(X2),double_divide(inverse(X0),double_divide(inverse(double_divide(inverse(X4),X5)),inverse(inverse(X2))))))),X5)) = X4 [forward demodulation 1785,1320]
1891. double_divide(inverse(X1),double_divide(double_divide(double_divide(inverse(X1),X2),inverse(double_divide(inverse(X0),X2))),double_divide(inverse(X4),double_divide(inverse(X0),double_divide(inverse(X3),X4))))) = X3 [forward demodulation 1796,521]
1899. double_divide(inverse(double_divide(X1,inverse(X4))),double_divide(X1,double_divide(inverse(X0),double_divide(inverse(X2),double_divide(X3,double_divide(double_divide(double_divide(X5,X6),inverse(double_divide(inverse(X2),inverse(double_divide(X5,inverse(double_divide(inverse(X3),X6))))))),inverse(inverse(inverse(X4))))))))) = X0 [forward demodulation 1804,1336]
1901. double_divide(inverse(X2),double_divide(X1,double_divide(double_divide(inverse(X1),X0),X2))) = X0 [forward demodulation 1806,31]
1902. double_divide(inverse(X1),double_divide(X2,double_divide(double_divide(double_divide(X4,X5),inverse(double_divide(inverse(X1),inverse(double_divide(X4,inverse(double_divide(inverse(X2),X5))))))),inverse(X3)))) = X3 [forward demodulation 1807,521]
1973. double_divide(inverse(X2),double_divide(X1,double_divide(double_divide(double_divide(X3,double_divide(double_divide(inverse(X0),inverse(double_divide(X5,inverse(double_divide(inverse(inverse(inverse(X6))),inverse(double_divide(double_divide(X7,X8),inverse(double_divide(inverse(X4),inverse(double_divide(X7,inverse(double_divide(inverse(X5),X8))))))))))))),inverse(X4))),double_divide(double_divide(X3,inverse(X0)),X1)),X2))) = X6 [forward demodulation 1880,1336]
1974. double_divide(inverse(X1),double_divide(double_divide(inverse(X0),double_divide(inverse(X1),double_divide(inverse(X2),double_divide(inverse(X0),double_divide(inverse(double_divide(inverse(X4),X5)),X2))))),X5)) = X4 [forward demodulation 1881,521]
1984. double_divide(inverse(X1),double_divide(double_divide(double_divide(inverse(X1),X2),inverse(double_divide(inverse(X0),X2))),double_divide(X0,inverse(X3)))) = X3 [forward demodulation 1891,1787]
1992. double_divide(inverse(double_divide(X1,inverse(X4))),double_divide(X1,double_divide(inverse(X0),double_divide(inverse(X2),double_divide(X3,double_divide(double_divide(double_divide(X5,X6),inverse(double_divide(inverse(X2),inverse(double_divide(X5,inverse(double_divide(inverse(X3),X6))))))),inverse(X4))))))) = X0 [forward demodulation 1899,521]
1994. double_divide(inverse(X1),double_divide(X2,double_divide(double_divide(double_divide(X4,X5),double_divide(double_divide(X4,inverse(double_divide(inverse(X2),X5))),inverse(inverse(X1)))),inverse(X3)))) = X3 [forward demodulation 1902,1336]
2063. double_divide(inverse(X2),double_divide(X1,double_divide(double_divide(double_divide(X3,double_divide(inverse(X4),double_divide(inverse(X0),inverse(double_divide(X5,inverse(double_divide(inverse(inverse(inverse(X6))),inverse(double_divide(double_divide(X7,X8),inverse(double_divide(inverse(X4),inverse(double_divide(X7,inverse(double_divide(inverse(X5),X8))))))))))))))),double_divide(double_divide(X3,inverse(X0)),X1)),X2))) = X6 [forward demodulation 1973,1306]
2064. double_divide(inverse(X1),double_divide(double_divide(inverse(X0),double_divide(inverse(X1),double_divide(X0,inverse(double_divide(inverse(X4),X5))))),X5)) = X4 [forward demodulation 1974,1787]
2074. double_divide(inverse(X1),double_divide(double_divide(X1,inverse(X0)),double_divide(X0,inverse(X3)))) = X3 [forward demodulation 1984,168]
2082. double_divide(inverse(double_divide(X1,inverse(X4))),double_divide(X1,double_divide(inverse(X0),double_divide(inverse(X2),double_divide(X3,double_divide(double_divide(double_divide(X5,X6),double_divide(double_divide(X5,inverse(double_divide(inverse(X3),X6))),inverse(inverse(X2)))),inverse(X4))))))) = X0 [forward demodulation 1992,1336]
2084. double_divide(inverse(X1),double_divide(X2,double_divide(double_divide(double_divide(X4,X5),double_divide(double_divide(X4,inverse(double_divide(inverse(X2),X5))),X1)),inverse(X3)))) = X3 [forward demodulation 1994,521]
2148. double_divide(inverse(X2),double_divide(X1,double_divide(double_divide(double_divide(X3,double_divide(inverse(X4),double_divide(inverse(X0),double_divide(inverse(inverse(X6)),inverse(inverse(X4)))))),double_divide(double_divide(X3,inverse(X0)),X1)),X2))) = X6 [forward demodulation 2063,1320]
2149. double_divide(inverse(X1),double_divide(double_divide(inverse(X0),double_divide(inverse(X1),double_divide(X0,double_divide(X4,inverse(X5))))),X5)) = X4 [forward demodulation 2064,1321]
2165. double_divide(inverse(double_divide(X1,inverse(X4))),double_divide(X1,double_divide(inverse(X0),double_divide(inverse(X2),double_divide(X3,double_divide(double_divide(double_divide(X5,X6),double_divide(double_divide(X5,inverse(double_divide(inverse(X3),X6))),X2)),inverse(X4))))))) = X0 [forward demodulation 2082,521]
2167. double_divide(inverse(X1),double_divide(X2,double_divide(double_divide(double_divide(X4,X5),double_divide(double_divide(X4,double_divide(X2,inverse(X5))),X1)),inverse(X3)))) = X3 [forward demodulation 2084,1321]
2223. double_divide(inverse(X2),double_divide(X1,double_divide(double_divide(double_divide(X3,double_divide(inverse(X4),double_divide(inverse(X0),double_divide(inverse(inverse(X6)),X4)))),double_divide(double_divide(X3,inverse(X0)),X1)),X2))) = X6 [forward demodulation 2148,521]
2236. double_divide(inverse(double_divide(X1,inverse(X4))),double_divide(X1,double_divide(inverse(X0),double_divide(inverse(X2),double_divide(X3,double_divide(double_divide(double_divide(X5,X6),double_divide(double_divide(X5,double_divide(X3,inverse(X6))),X2)),inverse(X4))))))) = X0 [forward demodulation 2165,1321]
2278. double_divide(inverse(X2),double_divide(X1,double_divide(double_divide(double_divide(X3,double_divide(X0,inverse(inverse(X6)))),double_divide(double_divide(X3,inverse(X0)),X1)),X2))) = X6 [forward demodulation 2223,1787]
2290. double_divide(inverse(double_divide(X1,inverse(X4))),double_divide(X1,double_divide(inverse(X0),X4))) = X0 [forward demodulation 2236,2167]
2325. double_divide(inverse(X2),double_divide(X1,double_divide(double_divide(double_divide(X3,double_divide(X0,X6)),double_divide(double_divide(X3,inverse(X0)),X1)),X2))) = X6 [forward demodulation 2278,521]
2331. double_divide(double_divide(X4,inverse(X1)),double_divide(X1,double_divide(inverse(X0),X4))) = X0 [forward demodulation 2290,1336]
2382. inverse(double_divide(X1,inverse(double_divide(inverse(X0),X2)))) = double_divide(double_divide(X1,X2),X0) [superposition 1722,1]
2395. inverse(double_divide(X2,inverse(double_divide(inverse(X0),inverse(double_divide(double_divide(X3,X4),inverse(double_divide(inverse(X1),inverse(double_divide(X3,inverse(double_divide(inverse(X2),X4)))))))))))) = double_divide(X1,X0) [superposition 1722,31]
2396. double_divide(X1,X0) = inverse(double_divide(X2,inverse(double_divide(inverse(X0),inverse(double_divide(double_divide(double_divide(inverse(X2),X3),inverse(double_divide(inverse(X4),X3))),inverse(double_divide(inverse(X1),inverse(X4))))))))) [superposition 1722,25]
2399. inverse(X1) = double_divide(X1,double_divide(X0,inverse(X0))) [superposition 1722,167]
2409. double_divide(X0,double_divide(X1,X0)) = X1 [superposition 549,1722]
2458. double_divide(X1,X0) = double_divide(double_divide(inverse(X0),inverse(double_divide(double_divide(double_divide(inverse(X2),X3),inverse(double_divide(inverse(X4),X3))),inverse(double_divide(inverse(X1),inverse(X4)))))),inverse(X2)) [forward demodulation 2396,1336]
2459. double_divide(X0,inverse(inverse(X1))) = double_divide(X1,X0) [forward demodulation 2395,1320]
2469. double_divide(double_divide(X1,X2),X0) = double_divide(double_divide(inverse(X0),X2),inverse(X1)) [forward demodulation 2382,1336]
2496. double_divide(X1,X0) = double_divide(inverse(X2),double_divide(inverse(X0),inverse(double_divide(double_divide(double_divide(inverse(X2),X3),inverse(double_divide(inverse(X4),X3))),inverse(double_divide(inverse(X1),inverse(X4))))))) [forward demodulation 2458,1306]
2497. double_divide(X0,X1) = double_divide(X1,X0) [forward demodulation 2459,521]
2527. double_divide(X1,X0) = double_divide(inverse(X2),double_divide(inverse(X0),double_divide(double_divide(inverse(X1),inverse(X4)),inverse(double_divide(double_divide(inverse(X2),X3),inverse(double_divide(inverse(X4),X3))))))) [forward demodulation 2496,1336]
2555. double_divide(X1,X0) = double_divide(inverse(X2),double_divide(inverse(X0),double_divide(double_divide(double_divide(double_divide(inverse(X2),X3),inverse(double_divide(inverse(X4),X3))),inverse(X4)),X1))) [forward demodulation 2527,2469]
2577. double_divide(X1,X0) = double_divide(inverse(X2),double_divide(inverse(X0),double_divide(X2,X1))) [forward demodulation 2555,21]
2718. double_divide(X1,inverse(double_divide(double_divide(inverse(X0),inverse(double_divide(double_divide(X2,X3),inverse(double_divide(inverse(inverse(X4)),inverse(double_divide(X2,inverse(double_divide(inverse(inverse(X1)),X3))))))))),inverse(X0)))) = X4 [superposition 27,35]
2763. double_divide(double_divide(double_divide(double_divide(inverse(X1),inverse(double_divide(double_divide(X2,inverse(double_divide(double_divide(X3,X4),inverse(double_divide(inverse(X5),inverse(double_divide(X3,inverse(double_divide(inverse(inverse(inverse(double_divide(inverse(X6),X7)))),X4))))))))),inverse(double_divide(inverse(X0),inverse(double_divide(X2,inverse(X5)))))))),inverse(X0)),X7),inverse(X1)) = X6 [superposition 22,27]
2770. double_divide(inverse(X1),double_divide(double_divide(double_divide(inverse(X1),inverse(double_divide(double_divide(X2,inverse(double_divide(double_divide(X3,X4),inverse(double_divide(inverse(X5),inverse(double_divide(X3,inverse(double_divide(inverse(inverse(inverse(double_divide(inverse(X6),X7)))),X4))))))))),inverse(double_divide(inverse(X0),inverse(double_divide(X2,inverse(X5)))))))),inverse(X0)),X7)) = X6 [forward demodulation 2763,1306]
2813. double_divide(X1,double_divide(X0,inverse(double_divide(inverse(X0),inverse(double_divide(double_divide(X2,X3),inverse(double_divide(inverse(inverse(X4)),inverse(double_divide(X2,inverse(double_divide(inverse(inverse(X1)),X3)))))))))))) = X4 [forward demodulation 2718,1336]
2920. double_divide(inverse(X1),double_divide(X7,double_divide(double_divide(inverse(X1),inverse(double_divide(double_divide(X2,inverse(double_divide(double_divide(X3,X4),inverse(double_divide(inverse(X5),inverse(double_divide(X3,inverse(double_divide(inverse(inverse(inverse(double_divide(inverse(X6),X7)))),X4))))))))),inverse(double_divide(inverse(X0),inverse(double_divide(X2,inverse(X5)))))))),inverse(X0)))) = X6 [forward demodulation 2770,2497]
2961. double_divide(X1,double_divide(double_divide(X2,X3),inverse(double_divide(inverse(inverse(X4)),inverse(double_divide(X2,inverse(double_divide(inverse(inverse(X1)),X3)))))))) = X4 [forward demodulation 2813,117]
3068. double_divide(inverse(X1),double_divide(X7,double_divide(double_divide(X0,inverse(double_divide(double_divide(X2,inverse(double_divide(double_divide(X3,X4),inverse(double_divide(inverse(X5),inverse(double_divide(X3,inverse(double_divide(inverse(inverse(inverse(double_divide(inverse(X6),X7)))),X4))))))))),inverse(double_divide(inverse(X0),inverse(double_divide(X2,inverse(X5)))))))),X1))) = X6 [forward demodulation 2920,2469]
3108. double_divide(X1,double_divide(double_divide(X2,X3),double_divide(double_divide(X2,inverse(double_divide(inverse(inverse(X1)),X3))),inverse(inverse(inverse(X4)))))) = X4 [forward demodulation 2961,1336]
3215. double_divide(inverse(X1),double_divide(X7,double_divide(double_divide(double_divide(X2,inverse(double_divide(double_divide(X3,X4),inverse(double_divide(inverse(X5),inverse(double_divide(X3,inverse(double_divide(inverse(inverse(inverse(double_divide(inverse(X6),X7)))),X4))))))))),inverse(double_divide(X2,inverse(X5)))),X1))) = X6 [forward demodulation 3068,166]
3252. double_divide(X1,double_divide(double_divide(X2,X3),double_divide(double_divide(X2,inverse(double_divide(inverse(inverse(X1)),X3))),inverse(X4)))) = X4 [forward demodulation 3108,521]
3343. double_divide(inverse(X1),double_divide(X7,double_divide(inverse(double_divide(inverse(X6),X7)),X1))) = X6 [forward demodulation 3215,34]
3376. double_divide(X1,double_divide(double_divide(X2,X3),double_divide(double_divide(X2,double_divide(inverse(X1),inverse(X3))),inverse(X4)))) = X4 [forward demodulation 3252,1321]
3460. double_divide(inverse(X1),double_divide(X7,double_divide(double_divide(X6,inverse(X7)),X1))) = X6 [forward demodulation 3343,1321]
3988. inverse(double_divide(b4,a4)) != inverse(double_divide(b4,a4)) <- (~1) [superposition 6,2497]
4078. $false <- (~1) [trivial inequality removal 3988]
4079. 1 [avatar contradiction clause 4078]
4876. inverse(double_divide(c3,inverse(double_divide(b3,a3)))) != double_divide(double_divide(c3,b3),inverse(a3)) <- (~2) [forward demodulation 10,1321]
4877. inverse(double_divide(c3,inverse(double_divide(b3,a3)))) != double_divide(inverse(a3),double_divide(c3,b3)) <- (~2) [forward demodulation 4876,1306]
4878. double_divide(inverse(a3),double_divide(c3,b3)) != double_divide(double_divide(b3,a3),inverse(c3)) <- (~2) [forward demodulation 4877,1336]
4879. double_divide(inverse(a3),double_divide(c3,b3)) != double_divide(inverse(c3),double_divide(b3,a3)) <- (~2) [forward demodulation 4878,1306]
5308. double_divide(X1,inverse(double_divide(double_divide(X3,X4),inverse(double_divide(inverse(X2),inverse(double_divide(X3,inverse(double_divide(inverse(inverse(X0)),X4))))))))) = double_divide(inverse(double_divide(X1,inverse(X2))),X0) [superposition 2409,34]
5311. double_divide(double_divide(double_divide(inverse(X1),X2),inverse(double_divide(inverse(double_divide(inverse(X0),X3)),X2))),X3) = double_divide(inverse(X1),X0) [superposition 2409,22]
5395. double_divide(inverse(X1),X0) = double_divide(X3,double_divide(double_divide(inverse(X1),X2),inverse(double_divide(inverse(double_divide(inverse(X0),X3)),X2)))) [forward demodulation 5311,2497]
5398. double_divide(double_divide(X2,inverse(X1)),X0) = double_divide(X1,inverse(double_divide(double_divide(X3,X4),inverse(double_divide(inverse(X2),inverse(double_divide(X3,inverse(double_divide(inverse(inverse(X0)),X4))))))))) [forward demodulation 5308,1336]
5433. double_divide(inverse(X1),X0) = double_divide(X3,double_divide(X1,inverse(double_divide(inverse(X0),X3)))) [forward demodulation 5395,168]
5435. double_divide(double_divide(X2,inverse(X1)),X0) = double_divide(X1,double_divide(double_divide(inverse(X2),inverse(double_divide(X3,inverse(double_divide(inverse(inverse(X0)),X4))))),inverse(double_divide(X3,X4)))) [forward demodulation 5398,1336]
5463. double_divide(inverse(X1),X0) = double_divide(X3,double_divide(X1,double_divide(X0,inverse(X3)))) [forward demodulation 5433,1321]
5464. double_divide(double_divide(X2,inverse(X1)),X0) = double_divide(X1,double_divide(double_divide(double_divide(X3,X4),inverse(double_divide(X3,inverse(double_divide(inverse(inverse(X0)),X4))))),X2)) [forward demodulation 5435,2469]
5489. double_divide(double_divide(X2,inverse(X1)),X0) = double_divide(X1,double_divide(inverse(X0),X2)) [forward demodulation 5464,1]
5589. double_divide(X0,inverse(X2)) = double_divide(inverse(X1),double_divide(X2,double_divide(X0,X1))) [superposition 1901,2409]
6605. double_divide(X1,inverse(X2)) = double_divide(X0,double_divide(X2,double_divide(inverse(X0),X1))) [superposition 549,2331]
6606. double_divide(X0,double_divide(X1,inverse(X2))) = double_divide(X2,double_divide(inverse(X0),X1)) [superposition 1279,2331]
8811. double_divide(X2,inverse(double_divide(inverse(X0),X3))) = double_divide(inverse(X1),double_divide(double_divide(X1,inverse(double_divide(X2,X3))),X0)) [superposition 2074,1]
8942. double_divide(X2,inverse(double_divide(inverse(X0),X3))) = double_divide(inverse(X1),double_divide(double_divide(X2,X3),double_divide(inverse(X0),X1))) [forward demodulation 8811,5489]
9032. double_divide(X2,inverse(double_divide(inverse(X0),X3))) = double_divide(inverse(X0),inverse(double_divide(X2,X3))) [forward demodulation 8942,5589]
9107. double_divide(inverse(X0),inverse(double_divide(X2,X3))) = double_divide(X2,double_divide(X0,inverse(X3))) [forward demodulation 9032,1321]
10476. double_divide(X0,inverse(double_divide(inverse(inverse(X2)),X1))) = double_divide(X2,inverse(double_divide(X0,X1))) [superposition 27,517]
10555. double_divide(X2,inverse(double_divide(X0,X1))) = double_divide(X0,double_divide(inverse(X2),inverse(X1))) [forward demodulation 10476,1321]
17556. double_divide(inverse(X0),inverse(double_divide(X1,inverse(X2)))) = double_divide(inverse(inverse(X1)),double_divide(X2,X0)) [superposition 3460,926]
17632. double_divide(inverse(X0),inverse(double_divide(X1,inverse(X2)))) = double_divide(X1,double_divide(X2,X0)) [forward demodulation 17556,521]
17731. double_divide(X1,double_divide(X2,X0)) = double_divide(X1,double_divide(X0,inverse(inverse(X2)))) [forward demodulation 17632,9107]
17820. double_divide(X1,double_divide(X2,X0)) = double_divide(X1,double_divide(X0,X2)) [forward demodulation 17731,521]
18557. double_divide(inverse(X0),inverse(X1)) = inverse(double_divide(X0,X1)) [superposition 1321,521]
18560. double_divide(double_divide(inverse(X0),X1),inverse(X2)) = inverse(double_divide(double_divide(X0,inverse(X1)),X2)) [superposition 1321,1321]
18847. double_divide(double_divide(inverse(X0),X1),inverse(X2)) = inverse(double_divide(X1,double_divide(inverse(X2),X0))) [forward demodulation 18560,5489]
18959. double_divide(double_divide(X2,X1),X0) = inverse(double_divide(X1,double_divide(inverse(X2),X0))) [forward demodulation 18847,2469]
20877. double_divide(inverse(X0),inverse(X1)) = inverse(double_divide(X1,X0)) [superposition 1336,521]
20881. double_divide(double_divide(inverse(X0),X1),inverse(X2)) = inverse(double_divide(X2,double_divide(X0,inverse(X1)))) [superposition 1336,1321]
21222. double_divide(double_divide(X2,X1),X0) = inverse(double_divide(X2,double_divide(X0,inverse(X1)))) [forward demodulation 20881,2469]
32110. double_divide(X2,inverse(double_divide(inverse(X0),double_divide(inverse(X1),inverse(X3))))) = double_divide(X1,double_divide(double_divide(X2,X3),X0)) [superposition 3376,1]
32118. double_divide(X1,double_divide(double_divide(X2,X3),X0)) = double_divide(inverse(X0),inverse(double_divide(X2,double_divide(inverse(X1),inverse(X3))))) [superposition 3376,35]
32248. double_divide(X1,double_divide(double_divide(X2,X3),X0)) = double_divide(X2,double_divide(X0,inverse(double_divide(inverse(X1),inverse(X3))))) [forward demodulation 32118,9107]
32256. double_divide(X1,double_divide(double_divide(X2,X3),X0)) = double_divide(X2,double_divide(double_divide(inverse(X0),X3),inverse(X1))) [forward demodulation 32110,21222]
32420. double_divide(X1,double_divide(double_divide(X2,X3),X0)) = double_divide(X2,double_divide(X0,double_divide(X3,inverse(inverse(X1))))) [forward demodulation 32248,1336]
32427. double_divide(X1,double_divide(double_divide(X2,X3),X0)) = double_divide(X2,double_divide(double_divide(X1,X3),X0)) [forward demodulation 32256,2469]
32581. double_divide(X1,double_divide(double_divide(X2,X3),X0)) = double_divide(X2,double_divide(X0,double_divide(X3,X1))) [forward demodulation 32420,521]
37947. double_divide(X0,inverse(X3)) = double_divide(inverse(X1),double_divide(double_divide(inverse(X2),double_divide(inverse(X1),double_divide(X2,X0))),X3)) [superposition 2149,549]
38116. double_divide(X0,inverse(X3)) = double_divide(inverse(X1),double_divide(double_divide(X0,X1),X3)) [forward demodulation 37947,2577]
45360. double_divide(double_divide(X0,inverse(X1)),inverse(X2)) = inverse(double_divide(X2,double_divide(inverse(X0),X1))) [superposition 20877,1321]
45710. double_divide(double_divide(X0,inverse(X1)),inverse(X2)) = double_divide(double_divide(X0,X2),X1) [forward demodulation 45360,18959]
45853. double_divide(double_divide(X0,X2),X1) = double_divide(X1,double_divide(inverse(inverse(X2)),X0)) [forward demodulation 45710,5489]
45975. double_divide(X1,double_divide(X2,X0)) = double_divide(double_divide(X0,X2),X1) [forward demodulation 45853,521]
46957. double_divide(double_divide(inverse(X4),X0),X3) = double_divide(inverse(X1),double_divide(X2,double_divide(double_divide(X0,double_divide(double_divide(inverse(X3),inverse(X4)),X2)),X1))) [superposition 2325,1901]
47380. double_divide(double_divide(inverse(X4),X0),X3) = double_divide(X1,double_divide(double_divide(inverse(X1),double_divide(X0,double_divide(double_divide(inverse(X3),inverse(X4)),X2))),X2)) [forward demodulation 46957,32581]
47663. double_divide(double_divide(inverse(X4),X0),X3) = double_divide(X1,double_divide(X2,double_divide(inverse(X1),double_divide(X0,double_divide(double_divide(inverse(X3),inverse(X4)),X2))))) [forward demodulation 47380,17820]
47940. double_divide(double_divide(inverse(X4),X0),X3) = double_divide(double_divide(X0,double_divide(double_divide(inverse(X3),inverse(X4)),X2)),inverse(X2)) [forward demodulation 47663,6605]
48213. double_divide(double_divide(inverse(X4),X0),X3) = double_divide(inverse(X2),double_divide(double_divide(double_divide(inverse(X3),inverse(X4)),X2),X0)) [forward demodulation 47940,45975]
48479. double_divide(double_divide(inverse(X4),X0),X3) = double_divide(double_divide(inverse(X3),inverse(X4)),inverse(X0)) [forward demodulation 48213,38116]
48731. double_divide(double_divide(inverse(X4),X0),X3) = double_divide(X4,double_divide(inverse(inverse(X0)),inverse(X3))) [forward demodulation 48479,5489]
48959. double_divide(double_divide(inverse(X4),X0),X3) = double_divide(inverse(X0),inverse(double_divide(X4,X3))) [forward demodulation 48731,10555]
49165. double_divide(double_divide(inverse(X4),X0),X3) = double_divide(X4,double_divide(X0,inverse(X3))) [forward demodulation 48959,9107]
79888. double_divide(inverse(X1),double_divide(X2,X0)) = double_divide(double_divide(X5,X6),inverse(double_divide(inverse(X0),inverse(double_divide(X5,inverse(double_divide(inverse(double_divide(double_divide(X3,X4),double_divide(double_divide(X3,double_divide(X2,inverse(X4))),X1))),X6))))))) [superposition 2167,20]
79910. double_divide(inverse(X1),inverse(X0)) = double_divide(double_divide(X2,X3),double_divide(double_divide(X2,double_divide(X0,inverse(X3))),X1)) [superposition 2167,2399]
80045. double_divide(inverse(X1),inverse(X0)) = double_divide(X2,double_divide(double_divide(double_divide(X2,X3),double_divide(X0,inverse(X3))),X1)) [forward demodulation 79910,32427]
80067. double_divide(inverse(X1),double_divide(X2,X0)) = double_divide(double_divide(X5,X6),double_divide(double_divide(X5,inverse(double_divide(inverse(double_divide(double_divide(X3,X4),double_divide(double_divide(X3,double_divide(X2,inverse(X4))),X1))),X6))),inverse(inverse(X0)))) [forward demodulation 79888,1336]
80340. double_divide(inverse(X1),inverse(X0)) = double_divide(X2,double_divide(double_divide(X3,double_divide(inverse(double_divide(X2,X3)),X0)),X1)) [forward demodulation 80045,6606]
80361. double_divide(inverse(X1),double_divide(X2,X0)) = double_divide(X5,double_divide(double_divide(double_divide(X5,X6),inverse(double_divide(inverse(double_divide(double_divide(X3,X4),double_divide(double_divide(X3,double_divide(X2,inverse(X4))),X1))),X6))),inverse(inverse(X0)))) [forward demodulation 80067,32427]
80617. inverse(double_divide(X1,X0)) = double_divide(X2,double_divide(double_divide(X3,double_divide(inverse(double_divide(X2,X3)),X0)),X1)) [forward demodulation 80340,18557]
80634. double_divide(inverse(X1),double_divide(X2,X0)) = double_divide(X5,double_divide(double_divide(inverse(double_divide(double_divide(X3,X4),double_divide(double_divide(X3,double_divide(X2,inverse(X4))),X1))),X6),double_divide(inverse(inverse(inverse(X0))),double_divide(X5,X6)))) [forward demodulation 80361,5489]
80888. double_divide(inverse(X1),double_divide(X2,X0)) = double_divide(X5,double_divide(double_divide(double_divide(X3,X4),double_divide(double_divide(X3,double_divide(X2,inverse(X4))),X1)),double_divide(X6,inverse(double_divide(inverse(inverse(inverse(X0))),double_divide(X5,X6)))))) [forward demodulation 80634,49165]
81121. double_divide(inverse(X1),double_divide(X2,X0)) = double_divide(X5,double_divide(double_divide(double_divide(X3,X4),double_divide(double_divide(X3,double_divide(X2,inverse(X4))),X1)),double_divide(X6,double_divide(inverse(inverse(X0)),inverse(double_divide(X5,X6)))))) [forward demodulation 80888,1321]
81322. double_divide(inverse(X1),double_divide(X2,X0)) = double_divide(X5,double_divide(double_divide(double_divide(X3,X4),double_divide(double_divide(X3,double_divide(X2,inverse(X4))),X1)),double_divide(inverse(X0),inverse(double_divide(X6,double_divide(X5,X6)))))) [forward demodulation 81121,10555]
81496. double_divide(inverse(X1),double_divide(X2,X0)) = double_divide(X5,double_divide(X0,inverse(double_divide(double_divide(double_divide(X3,X4),double_divide(double_divide(X3,double_divide(X2,inverse(X4))),X1)),double_divide(X6,double_divide(X5,X6)))))) [forward demodulation 81322,10555]
81651. double_divide(inverse(X1),double_divide(X2,X0)) = double_divide(X5,double_divide(X0,inverse(double_divide(double_divide(double_divide(X3,X4),double_divide(double_divide(X3,double_divide(X2,inverse(X4))),X1)),X5)))) [forward demodulation 81496,2409]
81783. double_divide(inverse(X1),double_divide(X2,X0)) = double_divide(X5,double_divide(X0,inverse(double_divide(double_divide(X3,double_divide(double_divide(double_divide(X3,X4),double_divide(X2,inverse(X4))),X1)),X5)))) [forward demodulation 81651,32427]
81902. double_divide(inverse(X1),double_divide(X2,X0)) = double_divide(X5,double_divide(X0,inverse(double_divide(double_divide(X3,double_divide(double_divide(X4,double_divide(inverse(double_divide(X3,X4)),X2)),X1)),X5)))) [forward demodulation 81783,6606]
82013. double_divide(inverse(X1),double_divide(X2,X0)) = double_divide(X5,double_divide(X0,inverse(double_divide(inverse(double_divide(X1,X2)),X5)))) [forward demodulation 81902,80617]
82112. double_divide(inverse(X1),double_divide(X2,X0)) = double_divide(X5,double_divide(X0,double_divide(double_divide(X1,X2),inverse(X5)))) [forward demodulation 82013,1321]
82195. double_divide(inverse(X1),double_divide(X2,X0)) = double_divide(inverse(X0),double_divide(X1,X2)) [forward demodulation 82112,5463]
271735. double_divide(inverse(c3),double_divide(b3,a3)) != double_divide(inverse(b3),double_divide(a3,c3)) <- (~2) [superposition 4879,82195]
272206. $false <- (~2) [forward subsumption resolution 271735,82195]
272207. 2 [avatar contradiction clause 272206]
278208. a2 != double_divide(double_divide(b2,inverse(b2)),inverse(a2)) <- (~3) [forward demodulation 14,1336]
278210. $false <- (~3) [forward subsumption resolution 278208,39]
278211. 3 [avatar contradiction clause 278210]
278214. inverse(double_divide(a1,inverse(a1))) != double_divide(b1,inverse(b1)) <- (~4) [forward demodulation 18,1336]
278215. $false <- (~4) [forward subsumption resolution 278214,1269]
278216. 4 [avatar contradiction clause 278215]
s1. ~4 | ~3 | ~2 | ~1 [sat_conversion 19]
s3. 1 [sat_conversion 4079]
s5. 2 [sat_conversion 272207]
s6. 3 [sat_conversion 278211]
s7. 4 [sat_conversion 278216]
s8. # [rat s1,s3,s5,s6,s7]
278217. $false [avatar sat refutation s8]
% SZS output end Proof for GRP107-1_clausified
% ------------------------------
% Version: Vampire 5.0.0 (Release build, commit 2e2c9b7b8 on 2026-01-17 12:24:14 +0100)
% Linked with Z3 4.14.0.0 3c47fd96cf5645d0c42b2c819d9e9a84380aa721 z3-4.8.4-9178-g3c47fd96c
% CaDiCaL version: 2.1.3
% Termination reason: Refutation
% Time elapsed: 2.434 s
% Peak memory usage: 112 MB
% Instructions burned: 9344 (million)
% ------------------------------
% ------------------------------
