% Running in auto input_syntax mode. Trying TPTP
% Refutation found. Thanks to Tanya!
% SZS status Unsatisfiable for GRP601-1_clausified
% SZS output start Proof for GRP601-1_clausified
1. inverse(double_divide(inverse(double_divide(X0,inverse(double_divide(X1,double_divide(X0,X2))))),X2)) = X1 [input(axiom)]
2. inverse(double_divide(a1,inverse(a1))) != inverse(double_divide(b1,inverse(b1))) [input(negated conjecture)]
3. inverse(double_divide(X2,inverse(double_divide(X0,double_divide(X2,double_divide(X1,X3)))))) = inverse(double_divide(inverse(double_divide(X1,X0)),X3)) [superposition 1,1]
5. inverse(double_divide(inverse(double_divide(inverse(double_divide(X0,X1)),X2)),double_divide(X0,X2))) = X1 [superposition 1,3]
7. inverse(double_divide(inverse(double_divide(X0,X3)),double_divide(inverse(double_divide(X1,inverse(double_divide(X0,double_divide(X1,X2))))),X3))) = X2 [superposition 5,1]
8. double_divide(X1,X2) = inverse(double_divide(inverse(double_divide(X0,X3)),double_divide(inverse(double_divide(inverse(double_divide(X1,X0)),X2)),X3))) [superposition 5,5]
10. inverse(double_divide(X0,double_divide(inverse(double_divide(X1,X0)),double_divide(X1,X2)))) = X2 [superposition 5,5]
13. inverse(double_divide(X1,double_divide(X0,double_divide(inverse(double_divide(X2,inverse(double_divide(X0,double_divide(X2,X1))))),X3)))) = X3 [superposition 10,1]
18. double_divide(inverse(double_divide(X2,X1)),double_divide(X2,X0)) = inverse(double_divide(inverse(double_divide(X0,X3)),double_divide(X1,X3))) [superposition 5,10]
19. inverse(double_divide(X0,double_divide(X1,double_divide(inverse(double_divide(X3,inverse(double_divide(X1,X2)))),double_divide(X3,X0))))) = X2 [superposition 5,10]
24. inverse(double_divide(X0,double_divide(inverse(double_divide(X3,inverse(double_divide(X1,double_divide(X3,X4))))),double_divide(inverse(double_divide(X2,X1)),double_divide(X2,X0))))) = X4 [superposition 7,10]
66. double_divide(X1,double_divide(inverse(double_divide(X2,inverse(double_divide(X1,double_divide(X2,X0))))),X3)) = inverse(double_divide(inverse(double_divide(X3,X4)),double_divide(X0,X4))) [superposition 8,7]
74. double_divide(X0,inverse(double_divide(X1,double_divide(inverse(double_divide(X0,X1)),X2)))) = X2 [superposition 10,8]
96. double_divide(inverse(double_divide(X0,X1)),double_divide(X0,inverse(double_divide(X1,X2)))) = X2 [superposition 74,8]
197. inverse(double_divide(X2,X0)) = inverse(double_divide(inverse(double_divide(inverse(double_divide(X1,X2)),X3)),double_divide(inverse(double_divide(X1,inverse(X0))),X3))) [superposition 7,96]
203. double_divide(X1,inverse(double_divide(X2,X0))) = inverse(double_divide(inverse(double_divide(inverse(X0),X3)),double_divide(inverse(double_divide(X1,X2)),X3))) [superposition 5,96]
218. inverse(double_divide(X2,X0)) = double_divide(X1,inverse(double_divide(inverse(X0),double_divide(X1,X2)))) [forward demodulation 197,203]
359. inverse(double_divide(X1,double_divide(X2,X0))) = double_divide(X3,inverse(double_divide(inverse(double_divide(X2,double_divide(X3,X1))),X0))) [superposition 13,96]
364. double_divide(X1,X0) = double_divide(inverse(double_divide(X3,inverse(double_divide(inverse(double_divide(X1,X2)),double_divide(X3,X2))))),X0) [superposition 74,13]
388. double_divide(X1,X0) = double_divide(inverse(inverse(double_divide(X2,double_divide(X1,X2)))),X0) [forward demodulation 364,218]
398. double_divide(X0,X1) = double_divide(inverse(inverse(X0)),X1) [superposition 388,96]
430. inverse(double_divide(inverse(double_divide(X1,inverse(double_divide(X0,double_divide(X1,X2))))),X2)) = inverse(inverse(double_divide(X3,double_divide(X0,X3)))) [superposition 1,388]
457. inverse(inverse(double_divide(X3,double_divide(X0,X3)))) = X0 [forward demodulation 430,1]
597. inverse(double_divide(inverse(double_divide(X1,inverse(double_divide(X0,double_divide(X1,X2))))),X2)) = inverse(inverse(X0)) [superposition 1,398]
627. inverse(inverse(X0)) = X0 [forward demodulation 597,1]
944. double_divide(inverse(double_divide(X3,X2)),X0) = inverse(double_divide(X1,double_divide(X2,double_divide(inverse(X0),double_divide(X3,X1))))) [superposition 19,74]
1046. inverse(X0) = inverse(double_divide(X1,double_divide(X1,X0))) [superposition 457,10]
1048. double_divide(X1,double_divide(X0,X1)) = X0 [superposition 627,457]
1050. inverse(X0) = inverse(double_divide(X1,double_divide(X0,X1))) [superposition 627,457]
1305. inverse(double_divide(inverse(double_divide(X0,X2)),X1)) = inverse(double_divide(X1,inverse(double_divide(X2,X0)))) [superposition 3,1048]
1308. inverse(double_divide(X0,inverse(X0))) = inverse(double_divide(inverse(double_divide(X1,double_divide(X1,X2))),X2)) [superposition 3,1048]
1312. double_divide(X0,inverse(inverse(double_divide(X0,X1)))) = X1 [superposition 74,1048]
1356. inverse(double_divide(X1,X0)) = inverse(double_divide(X0,X1)) [superposition 10,1048]
1366. double_divide(X1,inverse(double_divide(X2,X0))) = double_divide(X0,inverse(double_divide(X1,X2))) [superposition 74,1048]
1367. inverse(double_divide(X1,double_divide(X2,X0))) = double_divide(X0,inverse(double_divide(X3,inverse(double_divide(X2,double_divide(X3,X1)))))) [superposition 13,1048]
1393. double_divide(X0,double_divide(X0,X1)) = X1 [forward demodulation 1312,627]
1395. inverse(double_divide(X0,inverse(X0))) = inverse(double_divide(X2,inverse(double_divide(X1,double_divide(X1,X2))))) [forward demodulation 1308,1356]
1411. inverse(double_divide(X0,inverse(X0))) = inverse(double_divide(X2,inverse(X2))) [forward demodulation 1395,1046]
1455. inverse(double_divide(X1,double_divide(inverse(double_divide(X2,inverse(double_divide(double_divide(X3,inverse(double_divide(X4,X0))),double_divide(X2,X5))))),double_divide(inverse(X0),double_divide(inverse(double_divide(X3,X4)),X1))))) = X5 [superposition 24,96]
1573. double_divide(inverse(double_divide(inverse(double_divide(X3,X4)),inverse(double_divide(X2,inverse(double_divide(double_divide(X3,inverse(double_divide(X4,X0))),double_divide(X2,X5))))))),X0) = X5 [forward demodulation 1455,944]
1624. double_divide(inverse(inverse(double_divide(X5,double_divide(double_divide(X3,inverse(double_divide(X4,X0))),inverse(double_divide(X3,X4)))))),X0) = X5 [forward demodulation 1573,1367]
1660. double_divide(double_divide(X5,double_divide(double_divide(X3,inverse(double_divide(X4,X0))),inverse(double_divide(X3,X4)))),X0) = X5 [forward demodulation 1624,398]
1684. double_divide(double_divide(X5,double_divide(X4,inverse(double_divide(double_divide(X3,inverse(double_divide(X4,X0))),X3)))),X0) = X5 [forward demodulation 1660,1366]
1696. double_divide(double_divide(X5,double_divide(X4,inverse(double_divide(X3,double_divide(X3,inverse(double_divide(X4,X0))))))),X0) = X5 [forward demodulation 1684,1356]
1704. double_divide(double_divide(X5,double_divide(X4,inverse(inverse(double_divide(X4,X0))))),X0) = X5 [forward demodulation 1696,1046]
1708. double_divide(double_divide(X5,double_divide(X4,double_divide(X4,X0))),X0) = X5 [forward demodulation 1704,627]
1710. double_divide(double_divide(X5,X0),X0) = X5 [forward demodulation 1708,1393]
1757. double_divide(X0,X1) = double_divide(X1,X0) [superposition 1048,1710]
2785. double_divide(inverse(double_divide(X1,X2)),double_divide(X1,X3)) = inverse(double_divide(inverse(double_divide(X3,double_divide(X2,X0))),X0)) [superposition 18,1393]
2786. double_divide(inverse(X0),double_divide(X1,X2)) = inverse(double_divide(inverse(double_divide(X2,X3)),double_divide(double_divide(X1,X0),X3))) [superposition 18,1393]
2824. double_divide(inverse(double_divide(X1,X2)),X0) = double_divide(X1,inverse(double_divide(X2,X0))) [superposition 74,1393]
2872. double_divide(inverse(X0),double_divide(X1,X2)) = inverse(double_divide(X2,inverse(double_divide(X3,double_divide(double_divide(X1,X0),X3))))) [forward demodulation 2786,2824]
2873. double_divide(inverse(double_divide(X1,X2)),double_divide(X1,X3)) = inverse(double_divide(X0,inverse(double_divide(double_divide(X2,X0),X3)))) [forward demodulation 2785,1305]
2941. double_divide(inverse(X0),double_divide(X1,X2)) = inverse(double_divide(X2,inverse(double_divide(X1,X0)))) [forward demodulation 2872,1050]
2942. double_divide(X1,inverse(double_divide(X2,double_divide(X1,X3)))) = inverse(double_divide(X0,inverse(double_divide(double_divide(X2,X0),X3)))) [forward demodulation 2873,2824]
2989. double_divide(X1,inverse(double_divide(X2,double_divide(X1,X3)))) = double_divide(inverse(X3),double_divide(double_divide(X2,X0),X0)) [forward demodulation 2942,2941]
3026. double_divide(X1,inverse(double_divide(X2,double_divide(X1,X3)))) = double_divide(inverse(X3),double_divide(X0,double_divide(X2,X0))) [forward demodulation 2989,1757]
3054. double_divide(X1,inverse(double_divide(X2,double_divide(X1,X3)))) = double_divide(inverse(X3),X2) [forward demodulation 3026,1048]
3181. inverse(inverse(double_divide(inverse(double_divide(X0,X1)),double_divide(X0,X1)))) = double_divide(X2,double_divide(inverse(double_divide(X3,inverse(double_divide(X2,double_divide(X3,X4))))),X4)) [superposition 66,18]
3333. double_divide(inverse(double_divide(X3,X4)),double_divide(X2,X4)) = inverse(double_divide(X0,double_divide(inverse(double_divide(X1,inverse(double_divide(X0,double_divide(X1,X2))))),X3))) [superposition 627,66]
3338. inverse(double_divide(X0,double_divide(X1,inverse(double_divide(inverse(double_divide(X0,double_divide(X1,X2))),X3))))) = double_divide(inverse(double_divide(X3,X4)),double_divide(X2,X4)) [forward demodulation 3333,2824]
3482. inverse(inverse(double_divide(inverse(double_divide(X0,X1)),double_divide(X0,X1)))) = double_divide(X2,double_divide(X4,inverse(double_divide(X3,inverse(double_divide(X2,double_divide(X3,X4))))))) [forward demodulation 3181,1757]
3562. inverse(double_divide(X0,double_divide(X1,inverse(double_divide(inverse(double_divide(X0,double_divide(X1,X2))),X3))))) = double_divide(X3,inverse(double_divide(X4,double_divide(X2,X4)))) [forward demodulation 3338,2824]
3703. inverse(inverse(double_divide(inverse(double_divide(X0,X1)),double_divide(X0,X1)))) = double_divide(X2,inverse(double_divide(X4,double_divide(X2,X4)))) [forward demodulation 3482,1367]
3782. inverse(double_divide(X0,double_divide(X1,inverse(double_divide(inverse(double_divide(X0,double_divide(X1,X2))),X3))))) = double_divide(X3,inverse(X2)) [forward demodulation 3562,1050]
3916. inverse(inverse(double_divide(inverse(double_divide(X0,X1)),double_divide(X0,X1)))) = double_divide(inverse(X4),X4) [forward demodulation 3703,3054]
3992. double_divide(X3,inverse(X2)) = inverse(double_divide(X0,inverse(double_divide(X2,double_divide(X0,X3))))) [forward demodulation 3782,359]
4121. inverse(inverse(double_divide(inverse(double_divide(X0,X1)),double_divide(X0,X1)))) = double_divide(X4,inverse(X4)) [forward demodulation 3916,1757]
4191. double_divide(X3,inverse(X2)) = double_divide(inverse(double_divide(X0,X3)),double_divide(X2,X0)) [forward demodulation 3992,2941]
4297. double_divide(inverse(double_divide(X0,X1)),double_divide(X0,X1)) = double_divide(X4,inverse(X4)) [forward demodulation 4121,627]
4359. double_divide(X3,inverse(X2)) = double_divide(X0,inverse(double_divide(X3,double_divide(X2,X0)))) [forward demodulation 4191,2824]
4451. double_divide(X4,inverse(X4)) = double_divide(double_divide(X0,X1),inverse(double_divide(X0,X1))) [forward demodulation 4297,1757]
4579. double_divide(X4,inverse(X4)) = double_divide(X1,inverse(double_divide(double_divide(X0,X1),X0))) [forward demodulation 4451,1366]
4682. double_divide(X4,inverse(X4)) = double_divide(X1,inverse(double_divide(X0,double_divide(X0,X1)))) [forward demodulation 4579,1356]
4771. double_divide(X0,inverse(X0)) = double_divide(X4,inverse(X4)) [forward demodulation 4682,4359]
10544. inverse(double_divide(a1,inverse(a1))) != inverse(double_divide(X0,inverse(X0))) [superposition 2,4771]
10545. $false [forward subsumption resolution 10544,1411]
% SZS output end Proof for GRP601-1_clausified
% ------------------------------
% Version: Vampire 5.0.0 (Release build, commit 2e2c9b7b8 on 2026-01-17 12:24:14 +0100)
% Linked with Z3 4.14.0.0 3c47fd96cf5645d0c42b2c819d9e9a84380aa721 z3-4.8.4-9178-g3c47fd96c
% CaDiCaL version: 2.1.3
% Termination reason: Refutation
% Time elapsed: 0.127 s
% Peak memory usage: 58 MB
% Instructions burned: 456 (million)
% ------------------------------
% ------------------------------
