% Running in auto input_syntax mode. Trying TPTP
% Refutation found. Thanks to Tanya!
% SZS status Unsatisfiable for GRP055-1_clausified
% SZS output start Proof for GRP055-1_clausified
1. inverse(multiply(inverse(multiply(X0,inverse(multiply(inverse(X1),multiply(inverse(X2),inverse(multiply(inverse(X2),X2))))))),multiply(X0,X2))) = X1 [input(axiom)]
2. multiply(inverse(a1),a1) != multiply(inverse(b1),b1) | a2 != multiply(multiply(inverse(b2),b2),a2) | multiply(multiply(a3,b3),c3) != multiply(a3,multiply(b3,c3)) [input(negated conjecture)]
4. 1 <=> multiply(multiply(a3,b3),c3) = multiply(a3,multiply(b3,c3)) [avatar definition]
6. multiply(multiply(a3,b3),c3) != multiply(a3,multiply(b3,c3)) <- (~1) [avatar component clause 4]
8. 2 <=> a2 = multiply(multiply(inverse(b2),b2),a2) [avatar definition]
10. a2 != multiply(multiply(inverse(b2),b2),a2) <- (~2) [avatar component clause 8]
12. 3 <=> multiply(inverse(a1),a1) = multiply(inverse(b1),b1) [avatar definition]
14. multiply(inverse(a1),a1) != multiply(inverse(b1),b1) <- (~3) [avatar component clause 12]
15. ~1 | ~2 | ~3 [avatar split clause 2,12,8,4]
16. multiply(inverse(multiply(X2,inverse(multiply(inverse(X0),multiply(inverse(X3),inverse(multiply(inverse(X3),X3))))))),multiply(X2,X3)) = inverse(multiply(inverse(multiply(X1,inverse(multiply(X0,multiply(inverse(X4),inverse(multiply(inverse(X4),X4))))))),multiply(X1,X4))) [superposition 1,1]
18. multiply(inverse(X2),inverse(multiply(inverse(X0),multiply(inverse(inverse(multiply(inverse(X2),X2))),inverse(multiply(inverse(inverse(multiply(inverse(X2),X2))),inverse(multiply(inverse(X2),X2)))))))) = inverse(multiply(inverse(multiply(X1,X0)),multiply(X1,X2))) [superposition 1,1]
24. inverse(multiply(inverse(multiply(X2,multiply(inverse(inverse(multiply(inverse(X1),X1))),inverse(multiply(inverse(X0),multiply(inverse(inverse(multiply(inverse(inverse(multiply(inverse(X1),X1))),inverse(multiply(inverse(X1),X1))))),inverse(multiply(inverse(inverse(multiply(inverse(inverse(multiply(inverse(X1),X1))),inverse(multiply(inverse(X1),X1))))),inverse(multiply(inverse(inverse(multiply(inverse(X1),X1))),inverse(multiply(inverse(X1),X1)))))))))))),multiply(X2,X1))) = multiply(inverse(X1),X0) [superposition 18,1]
25. inverse(multiply(inverse(multiply(X0,X1)),multiply(X0,X2))) = inverse(multiply(inverse(multiply(X3,X1)),multiply(X3,X2))) [superposition 18,18]
30. inverse(multiply(inverse(inverse(multiply(inverse(multiply(X0,X1)),multiply(X0,X2)))),multiply(inverse(X2),inverse(multiply(inverse(X2),X2))))) = X1 [superposition 1,18]
32. multiply(inverse(X0),inverse(multiply(inverse(inverse(multiply(inverse(X1),multiply(inverse(X0),inverse(multiply(inverse(X0),X0)))))),multiply(inverse(inverse(multiply(inverse(X0),X0))),inverse(multiply(inverse(inverse(multiply(inverse(X0),X0))),inverse(multiply(inverse(X0),X0)))))))) = X1 [superposition 1,18]
64. inverse(inverse(multiply(inverse(multiply(X0,inverse(multiply(X1,multiply(inverse(X2),inverse(multiply(inverse(X2),X2))))))),multiply(X0,X2)))) = X1 [superposition 1,16]
71. multiply(inverse(multiply(X0,inverse(multiply(inverse(inverse(X1)),multiply(inverse(X2),inverse(multiply(inverse(X2),X2))))))),multiply(X0,X2)) = X1 [superposition 1,16]
109. inverse(multiply(inverse(multiply(X3,multiply(X4,X2))),multiply(X3,X5))) = inverse(multiply(inverse(multiply(inverse(multiply(X0,X1)),multiply(X0,X2))),multiply(inverse(multiply(X4,X1)),X5))) [superposition 25,25]
142. multiply(inverse(X2),X1) = inverse(multiply(inverse(multiply(X3,inverse(multiply(inverse(multiply(X0,X1)),multiply(X0,inverse(multiply(inverse(X2),X2))))))),multiply(X3,X2))) [superposition 1,25]
150. multiply(inverse(multiply(X4,X1)),multiply(X4,X2)) = inverse(multiply(inverse(multiply(X3,inverse(multiply(inverse(multiply(inverse(multiply(X0,X1)),multiply(X0,X2))),multiply(inverse(X5),inverse(multiply(inverse(X5),X5))))))),multiply(X3,X5))) [superposition 1,25]
157. multiply(inverse(multiply(X0,X1)),multiply(X0,X2)) = multiply(inverse(multiply(X4,X1)),multiply(X4,X2)) [forward demodulation 150,1]
244. multiply(inverse(multiply(X1,multiply(X2,X3))),multiply(X1,X4)) = multiply(X0,multiply(inverse(multiply(X2,inverse(multiply(inverse(X0),multiply(inverse(X3),inverse(multiply(inverse(X3),X3))))))),X4)) [superposition 157,1]
247. multiply(inverse(multiply(X3,multiply(X4,X2))),multiply(X3,X5)) = multiply(inverse(multiply(inverse(multiply(X0,X1)),multiply(X0,X2))),multiply(inverse(multiply(X4,X1)),X5)) [superposition 157,25]
253. multiply(inverse(multiply(X3,X4)),multiply(X3,multiply(X5,X2))) = multiply(inverse(multiply(inverse(multiply(X5,X1)),X4)),multiply(inverse(multiply(X0,X1)),multiply(X0,X2))) [superposition 157,157]
354. inverse(multiply(inverse(inverse(multiply(inverse(multiply(X2,X3)),multiply(X2,multiply(X4,X1))))),multiply(inverse(multiply(X4,X1)),inverse(multiply(inverse(multiply(X0,X1)),multiply(X0,X1)))))) = X3 [superposition 30,25]
390. inverse(inverse(multiply(inverse(multiply(X2,inverse(multiply(X3,multiply(inverse(multiply(X4,X1)),inverse(multiply(inverse(multiply(X0,X1)),multiply(X0,X1)))))))),multiply(X2,multiply(X4,X1))))) = X3 [superposition 64,25]
399. inverse(inverse(multiply(inverse(multiply(X2,X0)),multiply(X2,X3)))) = inverse(inverse(multiply(inverse(multiply(X1,X0)),multiply(X1,X3)))) [superposition 64,30]
1166. multiply(inverse(X3),multiply(X4,X2)) = inverse(multiply(inverse(multiply(X5,inverse(multiply(inverse(multiply(inverse(multiply(X0,X1)),multiply(X0,X2))),multiply(inverse(multiply(X4,X1)),inverse(multiply(inverse(X3),X3))))))),multiply(X5,X3))) [superposition 142,25]
1188. multiply(inverse(multiply(X2,X1)),X3) = inverse(multiply(inverse(multiply(X4,inverse(multiply(inverse(multiply(X5,X3)),multiply(X5,inverse(multiply(inverse(multiply(X0,X1)),multiply(X0,X1)))))))),multiply(X4,multiply(X2,X1)))) [superposition 142,25]
1909. multiply(inverse(multiply(X1,multiply(X2,X3))),multiply(X1,inverse(multiply(inverse(inverse(multiply(inverse(X0),multiply(inverse(multiply(X2,X4)),inverse(multiply(inverse(multiply(X2,X4)),multiply(X2,X4))))))),multiply(inverse(inverse(multiply(inverse(multiply(X2,X4)),multiply(X2,X4)))),inverse(multiply(inverse(inverse(multiply(inverse(multiply(X2,X4)),multiply(X2,X4)))),inverse(multiply(inverse(multiply(X2,X4)),multiply(X2,X4)))))))))) = multiply(inverse(multiply(inverse(multiply(X5,X4)),multiply(X5,X3))),X0) [superposition 247,32]
1944. multiply(inverse(multiply(X1,X2)),multiply(X1,inverse(multiply(inverse(inverse(multiply(inverse(X0),multiply(inverse(X3),inverse(multiply(inverse(X3),X3)))))),multiply(inverse(inverse(multiply(inverse(X3),X3))),inverse(multiply(inverse(inverse(multiply(inverse(X3),X3))),inverse(multiply(inverse(X3),X3))))))))) = multiply(inverse(multiply(inverse(X3),X2)),X0) [superposition 157,32]
1956. multiply(inverse(multiply(inverse(multiply(X5,X4)),multiply(X5,X3))),X0) = multiply(inverse(multiply(inverse(multiply(X2,X4)),multiply(X2,X3))),X0) [forward demodulation 1909,1944]
2915. multiply(inverse(X4),multiply(inverse(multiply(X5,X6)),multiply(X5,X3))) = inverse(multiply(inverse(multiply(X7,inverse(multiply(inverse(multiply(inverse(multiply(X0,X1)),multiply(X0,multiply(X2,X3)))),multiply(inverse(multiply(inverse(multiply(X2,X6)),X1)),inverse(multiply(inverse(X4),X4))))))),multiply(X7,X4))) [superposition 142,253]
2935. multiply(inverse(X4),multiply(inverse(multiply(X5,X6)),multiply(X5,X3))) = multiply(inverse(X4),multiply(inverse(multiply(X2,X6)),multiply(X2,X3))) [forward demodulation 2915,1166]
3312. multiply(X0,multiply(inverse(multiply(X6,X4)),multiply(X6,X5))) = multiply(X0,multiply(inverse(multiply(X3,X4)),multiply(X3,X5))) [superposition 2935,64]
8141. inverse(multiply(inverse(multiply(X1,multiply(X2,X3))),multiply(X1,inverse(multiply(inverse(inverse(multiply(inverse(X0),multiply(inverse(multiply(X2,X4)),inverse(multiply(inverse(multiply(X2,X4)),multiply(X2,X4))))))),multiply(inverse(inverse(multiply(inverse(multiply(X2,X4)),multiply(X2,X4)))),inverse(multiply(inverse(inverse(multiply(inverse(multiply(X2,X4)),multiply(X2,X4)))),inverse(multiply(inverse(multiply(X2,X4)),multiply(X2,X4))))))))))) = inverse(multiply(inverse(multiply(inverse(multiply(X5,X4)),multiply(X5,X3))),X0)) [superposition 109,32]
8490. inverse(multiply(inverse(multiply(inverse(multiply(X5,X4)),multiply(X5,X3))),X0)) = inverse(multiply(inverse(multiply(inverse(multiply(X2,X4)),multiply(X2,X3))),X0)) [forward demodulation 8141,1944]
21701. multiply(inverse(X5),multiply(inverse(multiply(inverse(multiply(X6,X1)),multiply(X6,X2))),X3)) = inverse(multiply(inverse(multiply(X4,multiply(inverse(inverse(multiply(inverse(X5),X5))),inverse(multiply(inverse(multiply(inverse(multiply(inverse(multiply(X0,X1)),multiply(X0,X2))),X3)),multiply(inverse(inverse(multiply(inverse(inverse(multiply(inverse(X5),X5))),inverse(multiply(inverse(X5),X5))))),inverse(multiply(inverse(inverse(multiply(inverse(inverse(multiply(inverse(X5),X5))),inverse(multiply(inverse(X5),X5))))),inverse(multiply(inverse(inverse(multiply(inverse(X5),X5))),inverse(multiply(inverse(X5),X5)))))))))))),multiply(X4,X5))) [superposition 24,8490]
21705. multiply(inverse(X4),inverse(multiply(inverse(multiply(X5,X1)),multiply(X5,X2)))) = inverse(multiply(inverse(multiply(X3,multiply(inverse(inverse(multiply(inverse(X4),X4))),inverse(multiply(inverse(inverse(multiply(inverse(multiply(X0,X1)),multiply(X0,X2)))),multiply(inverse(inverse(multiply(inverse(inverse(multiply(inverse(X4),X4))),inverse(multiply(inverse(X4),X4))))),inverse(multiply(inverse(inverse(multiply(inverse(inverse(multiply(inverse(X4),X4))),inverse(multiply(inverse(X4),X4))))),inverse(multiply(inverse(inverse(multiply(inverse(X4),X4))),inverse(multiply(inverse(X4),X4)))))))))))),multiply(X3,X4))) [superposition 24,399]
22196. multiply(inverse(X4),inverse(multiply(inverse(multiply(X5,X1)),multiply(X5,X2)))) = multiply(inverse(X4),inverse(multiply(inverse(multiply(X0,X1)),multiply(X0,X2)))) [forward demodulation 21705,24]
22198. multiply(inverse(X5),multiply(inverse(multiply(inverse(multiply(X6,X1)),multiply(X6,X2))),X3)) = multiply(inverse(X5),multiply(inverse(multiply(inverse(multiply(X0,X1)),multiply(X0,X2))),X3)) [forward demodulation 21701,24]
22449. multiply(X0,inverse(multiply(inverse(multiply(X5,X6)),multiply(X5,X7)))) = multiply(X0,inverse(multiply(inverse(multiply(X8,X6)),multiply(X8,X7)))) [superposition 22196,390]
33759. multiply(X0,multiply(inverse(multiply(inverse(multiply(X5,X6)),multiply(X5,X7))),X8)) = multiply(X0,multiply(inverse(multiply(inverse(multiply(X9,X6)),multiply(X9,X7))),X8)) [superposition 22198,390]
34800. multiply(inverse(multiply(inverse(multiply(inverse(multiply(X5,X2)),multiply(X5,X3))),X4)),X6) = inverse(multiply(inverse(multiply(inverse(X0),inverse(multiply(inverse(multiply(X7,X6)),multiply(X7,inverse(multiply(inverse(multiply(inverse(multiply(inverse(multiply(X5,X2)),multiply(X5,X3))),X4)),multiply(inverse(multiply(inverse(multiply(X5,X2)),multiply(X5,X3))),X4)))))))),multiply(inverse(X0),multiply(inverse(multiply(inverse(multiply(X1,X2)),multiply(X1,X3))),X4)))) [superposition 142,22198]
34892. multiply(inverse(multiply(inverse(multiply(inverse(multiply(X1,X2)),multiply(X1,X3))),X4)),X6) = multiply(inverse(multiply(inverse(multiply(inverse(multiply(X5,X2)),multiply(X5,X3))),X4)),X6) [forward demodulation 34800,1188]
47068. multiply(inverse(X0),X0) = multiply(inverse(multiply(X1,multiply(X2,X3))),multiply(X1,multiply(X2,X3))) [superposition 244,71]
50556. multiply(inverse(X0),X0) = multiply(inverse(X1),X1) [superposition 47068,47068]
54903. multiply(inverse(X1),X2) = inverse(multiply(inverse(multiply(X3,inverse(multiply(inverse(multiply(X4,X2)),multiply(X4,inverse(multiply(inverse(X0),X0))))))),multiply(X3,X1))) [superposition 142,50556]
54972. inverse(multiply(inverse(X0),X0)) = inverse(multiply(inverse(multiply(X1,X2)),multiply(X1,X2))) [superposition 25,50556]
54974. inverse(multiply(inverse(inverse(multiply(inverse(X0),X0))),multiply(inverse(X2),inverse(multiply(inverse(X2),X2))))) = X2 [superposition 30,50556]
54986. inverse(inverse(multiply(inverse(X0),X0))) = inverse(inverse(multiply(inverse(multiply(X1,X2)),multiply(X1,X2)))) [superposition 399,50556]
55171. inverse(multiply(inverse(inverse(multiply(inverse(multiply(inverse(X0),X0)),multiply(inverse(X1),X2)))),multiply(inverse(X2),inverse(multiply(inverse(X2),X2))))) = X1 [superposition 30,50556]
59127. inverse(multiply(inverse(X0),X0)) = inverse(multiply(inverse(X1),X1)) [superposition 54972,54972]
64311. inverse(multiply(inverse(multiply(X1,multiply(inverse(inverse(multiply(inverse(X2),X2))),inverse(multiply(inverse(multiply(inverse(X0),X0)),multiply(inverse(inverse(multiply(inverse(inverse(multiply(inverse(X2),X2))),inverse(multiply(inverse(X2),X2))))),inverse(multiply(inverse(inverse(multiply(inverse(inverse(multiply(inverse(X2),X2))),inverse(multiply(inverse(X2),X2))))),inverse(multiply(inverse(inverse(multiply(inverse(X2),X2))),inverse(multiply(inverse(X2),X2)))))))))))),multiply(X1,X2))) = multiply(inverse(X2),multiply(inverse(X3),X3)) [superposition 24,59127]
64474. multiply(inverse(X2),multiply(inverse(X0),X0)) = multiply(inverse(X2),multiply(inverse(X3),X3)) [forward demodulation 64311,24]
70979. multiply(X0,multiply(inverse(X5),X5)) = multiply(X0,multiply(inverse(X6),X6)) [superposition 64474,390]
72042. multiply(inverse(multiply(inverse(X2),X2)),X3) = inverse(multiply(inverse(multiply(inverse(X0),inverse(multiply(inverse(multiply(X4,X3)),multiply(X4,inverse(multiply(inverse(multiply(inverse(X2),X2)),multiply(inverse(X2),X2)))))))),multiply(inverse(X0),multiply(inverse(X1),X1)))) [superposition 142,64474]
72154. multiply(inverse(multiply(inverse(X2),X2)),X3) = multiply(inverse(multiply(inverse(X1),X1)),X3) [forward demodulation 72042,54903]
87242. inverse(inverse(multiply(inverse(X0),X0))) = inverse(inverse(multiply(inverse(X1),X1))) [superposition 54986,54986]
90454. multiply(inverse(X2),inverse(multiply(inverse(X3),X3))) = inverse(multiply(inverse(multiply(X1,multiply(inverse(inverse(multiply(inverse(X2),X2))),inverse(multiply(inverse(inverse(multiply(inverse(X0),X0))),multiply(inverse(inverse(multiply(inverse(inverse(multiply(inverse(X2),X2))),inverse(multiply(inverse(X2),X2))))),inverse(multiply(inverse(inverse(multiply(inverse(inverse(multiply(inverse(X2),X2))),inverse(multiply(inverse(X2),X2))))),inverse(multiply(inverse(inverse(multiply(inverse(X2),X2))),inverse(multiply(inverse(X2),X2)))))))))))),multiply(X1,X2))) [superposition 24,87242]
90594. multiply(inverse(X2),X2) = multiply(inverse(inverse(multiply(inverse(X0),X0))),inverse(multiply(inverse(X1),X1))) [superposition 50556,87242]
90684. multiply(inverse(X2),inverse(multiply(inverse(X3),X3))) = multiply(inverse(X2),inverse(multiply(inverse(X0),X0))) [forward demodulation 90454,24]
99662. inverse(multiply(inverse(inverse(multiply(inverse(X2),X2))),multiply(inverse(X0),inverse(multiply(inverse(X1),X1))))) = X0 [superposition 54974,90684]
99665. inverse(multiply(inverse(X2),X2)) = inverse(multiply(inverse(inverse(multiply(inverse(X1),X1))),multiply(inverse(X0),X0))) [superposition 54974,90594]
102021. multiply(inverse(X2),X2) = inverse(multiply(inverse(inverse(multiply(inverse(multiply(inverse(X0),X0)),multiply(inverse(inverse(multiply(inverse(X1),X1))),X3)))),multiply(inverse(X3),inverse(multiply(inverse(X3),X3))))) [superposition 30,99665]
102094. multiply(inverse(X2),X2) = inverse(multiply(inverse(X1),X1)) [forward demodulation 102021,55171]
103243. multiply(inverse(X1),X1) = inverse(inverse(multiply(inverse(X0),X0))) [superposition 102094,102094]
103479. multiply(inverse(X1),X2) = inverse(multiply(inverse(multiply(X3,inverse(multiply(inverse(inverse(multiply(inverse(X0),X0))),multiply(inverse(X2),inverse(multiply(inverse(X1),X1))))))),multiply(X3,X1))) [superposition 142,102094]
103588. inverse(multiply(inverse(X2),inverse(multiply(inverse(X2),X2)))) = inverse(inverse(multiply(inverse(multiply(X1,inverse(inverse(multiply(inverse(X0),X0))))),multiply(X1,X2)))) [superposition 64,102094]
103849. multiply(inverse(X1),X2) = inverse(multiply(inverse(multiply(X3,X2)),multiply(X3,X1))) [forward demodulation 103479,99662]
105358. multiply(inverse(X1),X1) = inverse(inverse(inverse(multiply(inverse(X0),X0)))) [superposition 102094,103243]
105378. inverse(multiply(inverse(inverse(multiply(inverse(multiply(X1,X2)),multiply(X1,multiply(X3,X4))))),multiply(inverse(multiply(X3,X4)),inverse(inverse(inverse(multiply(inverse(X0),X0))))))) = X2 [superposition 354,103243]
105755. inverse(multiply(inverse(multiply(inverse(multiply(X3,X4)),X2)),multiply(inverse(multiply(X3,X4)),inverse(inverse(inverse(multiply(inverse(X0),X0))))))) = X2 [forward demodulation 105378,103849]
105857. multiply(inverse(inverse(inverse(inverse(multiply(inverse(X0),X0))))),X2) = X2 [forward demodulation 105755,103849]
109057. multiply(inverse(multiply(inverse(X1),X1)),X2) = multiply(inverse(inverse(inverse(inverse(multiply(inverse(X0),X0))))),X2) [superposition 72154,105358]
109110. multiply(inverse(multiply(inverse(multiply(X1,X2)),multiply(X1,X2))),X3) = multiply(inverse(inverse(inverse(inverse(multiply(inverse(X0),X0))))),X3) [superposition 1956,105358]
109132. multiply(X1,multiply(inverse(multiply(inverse(multiply(X2,X3)),multiply(X2,X3))),X4)) = multiply(X1,multiply(inverse(inverse(inverse(inverse(multiply(inverse(X0),X0))))),X4)) [superposition 33759,105358]
109134. multiply(inverse(multiply(inverse(multiply(inverse(multiply(X1,X2)),multiply(X1,X2))),X3)),X4) = multiply(inverse(multiply(inverse(inverse(inverse(inverse(multiply(inverse(X0),X0))))),X3)),X4) [superposition 34892,105358]
109179. inverse(multiply(inverse(multiply(X1,X2)),multiply(X1,X3))) = inverse(multiply(inverse(inverse(inverse(inverse(multiply(inverse(X0),X0))))),multiply(inverse(X2),X3))) [superposition 25,105358]
109188. multiply(inverse(multiply(X1,X2)),multiply(X1,X3)) = multiply(inverse(inverse(inverse(inverse(multiply(inverse(X0),X0))))),multiply(inverse(X2),X3)) [superposition 157,105358]
109192. inverse(inverse(multiply(inverse(multiply(X3,X1)),multiply(X3,X2)))) = inverse(inverse(multiply(inverse(inverse(inverse(inverse(multiply(inverse(X0),X0))))),multiply(inverse(X1),X2)))) [superposition 399,105358]
109197. multiply(inverse(multiply(inverse(multiply(X4,X1)),multiply(X4,X2))),X3) = multiply(inverse(multiply(inverse(inverse(inverse(inverse(multiply(inverse(X0),X0))))),multiply(inverse(X1),X2))),X3) [superposition 1956,105358]
109209. multiply(X1,multiply(inverse(multiply(X4,X2)),multiply(X4,X3))) = multiply(X1,multiply(inverse(inverse(inverse(inverse(multiply(inverse(X0),X0))))),multiply(inverse(X2),X3))) [superposition 3312,105358]
109230. multiply(X1,inverse(multiply(inverse(multiply(X2,X3)),multiply(X2,X4)))) = multiply(X1,inverse(multiply(inverse(inverse(inverse(inverse(multiply(inverse(X0),X0))))),multiply(inverse(X3),X4)))) [superposition 22449,105358]
109325. multiply(X1,inverse(multiply(inverse(multiply(X2,X3)),multiply(X2,X4)))) = multiply(X1,inverse(multiply(inverse(X3),X4))) [forward demodulation 109230,105857]
109341. multiply(X1,multiply(inverse(X2),X3)) = multiply(X1,multiply(inverse(multiply(X4,X2)),multiply(X4,X3))) [forward demodulation 109209,105857]
109346. multiply(inverse(multiply(inverse(multiply(X4,X1)),multiply(X4,X2))),X3) = multiply(inverse(multiply(inverse(X1),X2)),X3) [forward demodulation 109197,105857]
109350. inverse(inverse(multiply(inverse(multiply(X3,X1)),multiply(X3,X2)))) = inverse(inverse(multiply(inverse(X1),X2))) [forward demodulation 109192,105857]
109353. multiply(inverse(X2),X3) = multiply(inverse(multiply(X1,X2)),multiply(X1,X3)) [forward demodulation 109188,105857]
109357. inverse(multiply(inverse(X2),X3)) = inverse(multiply(inverse(multiply(X1,X2)),multiply(X1,X3))) [forward demodulation 109179,105857]
109382. multiply(inverse(X3),X4) = multiply(inverse(multiply(inverse(multiply(inverse(multiply(X1,X2)),multiply(X1,X2))),X3)),X4) [forward demodulation 109134,105857]
109384. multiply(X1,X4) = multiply(X1,multiply(inverse(multiply(inverse(multiply(X2,X3)),multiply(X2,X3))),X4)) [forward demodulation 109132,105857]
109394. multiply(inverse(multiply(inverse(multiply(X1,X2)),multiply(X1,X2))),X3) = X3 [forward demodulation 109110,105857]
109411. multiply(inverse(multiply(inverse(X1),X1)),X2) = X2 [forward demodulation 109057,105857]
109469. multiply(X1,multiply(inverse(X4),X3)) = multiply(X1,inverse(multiply(inverse(X3),X4))) [forward demodulation 109325,103849]
109475. multiply(inverse(multiply(inverse(X1),X2)),X3) = multiply(multiply(inverse(X2),X1),X3) [forward demodulation 109346,103849]
109477. inverse(multiply(inverse(X2),X1)) = inverse(inverse(multiply(inverse(X1),X2))) [forward demodulation 109350,103849]
109479. inverse(multiply(inverse(X2),X3)) = multiply(inverse(X3),X2) [forward demodulation 109357,103849]
109483. multiply(inverse(X3),X4) = multiply(inverse(multiply(multiply(inverse(X2),X2),X3)),X4) [forward demodulation 109382,103849]
109485. multiply(X1,X4) = multiply(X1,multiply(multiply(inverse(X3),X3),X4)) [forward demodulation 109384,103849]
109491. multiply(multiply(inverse(X2),X2),X3) = X3 [forward demodulation 109394,103849]
110359. inverse(multiply(inverse(multiply(multiply(inverse(X1),X1),inverse(multiply(inverse(X2),multiply(inverse(X0),inverse(multiply(inverse(X0),X0))))))),X0)) = X2 [superposition 1,109491]
110661. multiply(inverse(X0),multiply(multiply(inverse(X1),X1),inverse(multiply(inverse(X2),multiply(inverse(X0),inverse(multiply(inverse(X0),X0))))))) = X2 [forward demodulation 110359,109479]
110854. multiply(inverse(X0),inverse(multiply(inverse(X2),multiply(inverse(X0),inverse(multiply(inverse(X0),X0)))))) = X2 [forward demodulation 110661,109485]
111016. multiply(inverse(X0),multiply(inverse(multiply(inverse(X0),inverse(multiply(inverse(X0),X0)))),X2)) = X2 [forward demodulation 110854,109469]
111108. multiply(inverse(X0),multiply(multiply(inverse(inverse(multiply(inverse(X0),X0))),X0),X2)) = X2 [forward demodulation 111016,109475]
111161. multiply(inverse(X0),multiply(multiply(inverse(multiply(inverse(X0),X0)),X0),X2)) = X2 [forward demodulation 111108,109477]
111177. multiply(inverse(X0),multiply(X0,X2)) = X2 [forward demodulation 111161,109411]
112541. multiply(X0,multiply(multiply(inverse(inverse(multiply(inverse(X1),X1))),multiply(inverse(X0),inverse(multiply(inverse(X2),X2)))),X3)) = X3 [superposition 111177,99662]
112569. multiply(X1,X0) = multiply(inverse(inverse(X1)),X0) [superposition 111177,111177]
112576. multiply(inverse(inverse(X1)),inverse(inverse(multiply(inverse(X0),X0)))) = X1 [superposition 111177,103243]
112675. inverse(inverse(X0)) = inverse(inverse(multiply(inverse(multiply(X1,inverse(inverse(multiply(inverse(X0),X0))))),multiply(X1,X0)))) [superposition 64,111177]
112741. multiply(inverse(multiply(X1,X2)),multiply(X1,multiply(X3,X0))) = multiply(inverse(multiply(inverse(X3),X2)),X0) [superposition 157,111177]
112770. multiply(inverse(multiply(inverse(X0),multiply(inverse(X1),X2))),X3) = multiply(inverse(multiply(inverse(multiply(X4,multiply(X1,X0))),multiply(X4,X2))),X3) [superposition 1956,111177]
112782. multiply(X1,multiply(inverse(X0),multiply(inverse(X2),X3))) = multiply(X1,multiply(inverse(multiply(X4,multiply(X2,X0))),multiply(X4,X3))) [superposition 3312,111177]
112783. multiply(X1,multiply(inverse(multiply(inverse(X2),X3)),X0)) = multiply(X1,multiply(inverse(multiply(X4,X3)),multiply(X4,multiply(X2,X0)))) [superposition 3312,111177]
112892. multiply(X1,multiply(inverse(multiply(inverse(X2),X3)),X0)) = multiply(X1,multiply(inverse(X3),multiply(X2,X0))) [forward demodulation 112783,109341]
112893. multiply(X1,multiply(inverse(X0),multiply(inverse(X2),X3))) = multiply(X1,multiply(inverse(multiply(X2,X0)),X3)) [forward demodulation 112782,109341]
112905. multiply(inverse(multiply(inverse(X0),multiply(inverse(X1),X2))),X3) = multiply(multiply(inverse(multiply(X4,X2)),multiply(X4,multiply(X1,X0))),X3) [forward demodulation 112770,109475]
112928. multiply(inverse(multiply(X1,X2)),multiply(X1,multiply(X3,X0))) = multiply(multiply(inverse(X2),X3),X0) [forward demodulation 112741,109475]
112987. inverse(inverse(X0)) = inverse(multiply(inverse(X0),inverse(multiply(inverse(X0),X0)))) [forward demodulation 112675,103588]
113072. multiply(inverse(inverse(X1)),inverse(multiply(inverse(X0),X0))) = X1 [forward demodulation 112576,109477]
113103. multiply(X0,multiply(multiply(multiply(inverse(X1),X1),multiply(inverse(X0),inverse(multiply(inverse(X2),X2)))),X3)) = X3 [forward demodulation 112541,112569]
113169. multiply(X1,multiply(inverse(X3),multiply(X2,X0))) = multiply(X1,multiply(multiply(inverse(X3),X2),X0)) [forward demodulation 112892,109475]
113178. multiply(inverse(multiply(inverse(X0),multiply(inverse(X1),X2))),X3) = multiply(multiply(inverse(X2),multiply(X1,X0)),X3) [forward demodulation 112905,109353]
113201. multiply(inverse(X2),multiply(X3,X0)) = multiply(multiply(inverse(X2),X3),X0) [forward demodulation 112928,109353]
113256. inverse(inverse(X0)) = multiply(inverse(inverse(multiply(inverse(X0),X0))),X0) [forward demodulation 112987,109479]
113316. multiply(X1,inverse(multiply(inverse(X0),X0))) = X1 [forward demodulation 113072,112569]
113331. multiply(X0,multiply(multiply(inverse(X0),inverse(multiply(inverse(X2),X2))),X3)) = X3 [forward demodulation 113103,109491]
113391. multiply(multiply(inverse(X2),multiply(X1,X0)),X3) = multiply(multiply(inverse(multiply(inverse(X1),X2)),X0),X3) [forward demodulation 113178,109475]
113457. inverse(inverse(X0)) = multiply(multiply(inverse(X0),X0),X0) [forward demodulation 113256,112569]
113500. multiply(X1,multiply(inverse(X0),X0)) = X1 [forward demodulation 113316,109469]
113508. multiply(X0,multiply(inverse(X0),multiply(inverse(multiply(inverse(X2),X2)),X3))) = X3 [forward demodulation 113331,113169]
113559. multiply(multiply(inverse(X2),multiply(X1,X0)),X3) = multiply(inverse(multiply(inverse(X1),X2)),multiply(X0,X3)) [forward demodulation 113391,113201]
113610. inverse(inverse(X0)) = multiply(inverse(X0),multiply(X0,X0)) [forward demodulation 113457,113201]
113654. multiply(X0,multiply(inverse(multiply(multiply(inverse(X2),X2),X0)),X3)) = X3 [forward demodulation 113508,112893]
113697. multiply(multiply(inverse(X2),multiply(X1,X0)),X3) = multiply(multiply(inverse(X2),X1),multiply(X0,X3)) [forward demodulation 113559,109475]
113733. inverse(inverse(X0)) = X0 [forward demodulation 113610,111177]
113750. multiply(X0,multiply(inverse(X0),X3)) = X3 [forward demodulation 113654,109483]
113785. multiply(multiply(inverse(X2),multiply(X1,X0)),X3) = multiply(inverse(X2),multiply(X1,multiply(X0,X3))) [forward demodulation 113697,113201]
113853. multiply(inverse(X2),multiply(X1,multiply(X0,X3))) = multiply(inverse(X2),multiply(multiply(X1,X0),X3)) [forward demodulation 113785,113201]
115565. multiply(X1,multiply(inverse(X2),X2)) = multiply(X1,multiply(X0,inverse(X0))) [superposition 70979,113733]
115615. multiply(X1,multiply(X0,inverse(X0))) = X1 [forward demodulation 115565,113500]
119866. multiply(inverse(multiply(X1,multiply(X2,inverse(X0)))),multiply(X1,X3)) = multiply(X0,multiply(inverse(multiply(X2,inverse(inverse(multiply(inverse(inverse(X0)),inverse(X0)))))),X3)) [superposition 244,113750]
119899. multiply(inverse(multiply(X1,multiply(X2,inverse(X0)))),multiply(X1,X3)) = multiply(X0,multiply(inverse(multiply(X2,inverse(multiply(inverse(inverse(X0)),inverse(X0))))),X3)) [forward demodulation 119866,109477]
120124. multiply(inverse(multiply(X1,multiply(X2,inverse(X0)))),multiply(X1,X3)) = multiply(X0,multiply(inverse(multiply(X2,multiply(inverse(inverse(X0)),inverse(X0)))),X3)) [forward demodulation 119899,109469]
120316. multiply(X0,multiply(inverse(X2),X3)) = multiply(inverse(multiply(X1,multiply(X2,inverse(X0)))),multiply(X1,X3)) [forward demodulation 120124,113500]
120467. multiply(X0,multiply(inverse(X2),X3)) = multiply(inverse(multiply(X2,inverse(X0))),X3) [forward demodulation 120316,109353]
125198. multiply(inverse(multiply(inverse(multiply(X2,X1)),multiply(X2,inverse(X0)))),X3) = multiply(inverse(inverse(multiply(X0,X1))),X3) [superposition 1956,115615]
125281. multiply(multiply(X0,X1),X3) = multiply(inverse(multiply(inverse(multiply(X2,X1)),multiply(X2,inverse(X0)))),X3) [forward demodulation 125198,112569]
125553. multiply(multiply(X0,X1),X3) = multiply(multiply(inverse(multiply(X2,inverse(X0))),multiply(X2,X1)),X3) [forward demodulation 125281,109475]
125806. multiply(multiply(X0,X1),X3) = multiply(inverse(multiply(X2,inverse(X0))),multiply(multiply(X2,X1),X3)) [forward demodulation 125553,113201]
126015. multiply(multiply(X0,X1),X3) = multiply(inverse(multiply(X2,inverse(X0))),multiply(X2,multiply(X1,X3))) [forward demodulation 125806,113853]
126173. multiply(multiply(X0,X1),X3) = multiply(X0,multiply(inverse(X2),multiply(X2,multiply(X1,X3)))) [forward demodulation 126015,120467]
126307. multiply(X0,multiply(X1,X3)) = multiply(multiply(X0,X1),X3) [forward demodulation 126173,111177]
180814. multiply(a3,multiply(b3,c3)) != multiply(a3,multiply(b3,c3)) <- (~1) [superposition 6,126307]
180935. $false <- (~1) [trivial inequality removal 180814]
180936. 1 [avatar contradiction clause 180935]
181744. $false <- (~2) [forward subsumption resolution 10,109491]
181745. 2 [avatar contradiction clause 181744]
181746. $false <- (~3) [forward subsumption resolution 14,50556]
181747. 3 [avatar contradiction clause 181746]
s1. ~3 | ~2 | ~1 [sat_conversion 15]
s2. 1 [sat_conversion 180936]
s3. 2 [sat_conversion 181745]
s4. 3 [sat_conversion 181747]
s5. # [rat s1,s2,s3,s4]
181748. $false [avatar sat refutation s5]
% SZS output end Proof for GRP055-1_clausified
% ------------------------------
% Version: Vampire 5.0.0 (Release build, commit 2e2c9b7b8 on 2026-01-17 12:24:14 +0100)
% Linked with Z3 4.14.0.0 3c47fd96cf5645d0c42b2c819d9e9a84380aa721 z3-4.8.4-9178-g3c47fd96c
% CaDiCaL version: 2.1.3
% Termination reason: Refutation
% Time elapsed: 4.764 s
% Peak memory usage: 182 MB
% Instructions burned: 25758 (million)
% ------------------------------
% ------------------------------
