% Running in auto input_syntax mode. Trying TPTP
% Refutation found. Thanks to Tanya!
% SZS status Unsatisfiable for GRP638+1_clausified
% SZS output start Proof for GRP638+1_clausified
1. ~m1_group_6(sK5,sK0,sK6) [input(negated conjecture)]
2. k3_funct_2(u1_struct_0(sK0),u1_struct_0(sK1),sK2,u1_struct_0(sK3)) = u1_struct_0(sK5) [input(negated conjecture)]
3. k3_funct_2(u1_struct_0(sK0),u1_struct_0(sK1),sK2,u1_struct_0(sK4)) = u1_struct_0(sK6) [input(negated conjecture)]
4. m1_group_6(sK3,sK1,sK4) [input(negated conjecture)]
5. m1_group_2(sK6,sK0) [input(negated conjecture)]
6. m1_group_2(sK5,sK0) [input(negated conjecture)]
7. m1_group_2(sK4,sK1) [input(negated conjecture)]
9. v1_funct_1(sK2) [input(negated conjecture)]
11. m2_relset_1(sK2,u1_struct_0(sK0),u1_struct_0(sK1)) [input(negated conjecture)]
12. ~v3_struct_0(sK1) [input(negated conjecture)]
13. v3_group_1(sK1) [input(negated conjecture)]
14. v4_group_1(sK1) [input(negated conjecture)]
15. l1_group_1(sK1) [input(negated conjecture)]
16. ~v3_struct_0(sK0) [input(negated conjecture)]
17. v3_group_1(sK0) [input(negated conjecture)]
18. v4_group_1(sK0) [input(negated conjecture)]
19. l1_group_1(sK0) [input(negated conjecture)]
22. ~m1_subset_1(X0,k1_zfmisc_1(k2_zfmisc_1(X1,X2))) | v1_relat_1(X0) [input(axiom)]
27. r1_tarski(u1_struct_0(X0),u1_struct_0(X1)) | ~m1_group_2(X0,X1) | v3_struct_0(X0) | ~v3_group_1(X0) | ~l1_group_1(X0) | v3_struct_0(X1) | ~v3_group_1(X1) | ~l1_group_1(X1) [input(axiom)]
31. ~m1_group_2(X0,X1) | ~v3_struct_0(X0) | v3_struct_0(X1) | ~v3_group_1(X1) | ~l1_group_1(X1) [input(axiom)]
32. ~m1_group_2(X0,X1) | v3_group_1(X0) | v3_struct_0(X1) | ~v3_group_1(X1) | ~l1_group_1(X1) [input(axiom)]
33. ~m1_group_2(X0,X1) | l1_group_1(X0) | v3_struct_0(X1) | ~v3_group_1(X1) | ~l1_group_1(X1) [input(axiom)]
35. m1_subset_1(X0,k1_zfmisc_1(k2_zfmisc_1(X1,X2))) | ~m2_relset_1(X0,X1,X2) [input(axiom)]
67. ~m1_relset_1(X2,X0,X1) | ~v1_funct_1(X2) | k3_funct_2(X0,X1,X2,X3) = k10_relat_1(X2,X3) [input(axiom)]
68. m1_group_6(X0,X1,X2) | ~m1_group_2(X0,X2) | v3_struct_0(X1) | ~v3_group_1(X1) | ~v4_group_1(X1) | ~l1_group_1(X1) | ~m1_group_2(X2,X1) [input(axiom)]
69. ~m1_group_6(X0,X2,X1) | m1_group_2(X0,X1) | v3_struct_0(X2) | ~v3_group_1(X2) | ~v4_group_1(X2) | ~l1_group_1(X2) | ~m1_group_2(X1,X2) [input(axiom)]
71. ~m2_relset_1(X0,X1,X2) | m1_relset_1(X0,X1,X2) [input(axiom)]
73. r1_tarski(k10_relat_1(X0,X1),k10_relat_1(X0,X2)) | ~r1_tarski(X1,X2) | ~v1_relat_1(X0) [input(axiom)]
80. ~r1_tarski(u1_struct_0(X0),u1_struct_0(X1)) | m1_group_2(X0,X1) | ~m1_group_2(X1,X2) | ~m1_group_2(X0,X2) | v3_struct_0(X2) | ~v3_group_1(X2) | ~v4_group_1(X2) | ~l1_group_1(X2) [input(axiom)]
85. r1_tarski(u1_struct_0(X0),u1_struct_0(X1)) | ~m1_group_2(X0,X1) | ~v3_group_1(X0) | ~l1_group_1(X0) | v3_struct_0(X1) | ~v3_group_1(X1) | ~l1_group_1(X1) [forward subsumption resolution 27,31]
87. r1_tarski(u1_struct_0(X0),u1_struct_0(X1)) | ~m1_group_2(X0,X1) | ~l1_group_1(X0) | v3_struct_0(X1) | ~v3_group_1(X1) | ~l1_group_1(X1) [forward subsumption resolution 85,32]
89. r1_tarski(u1_struct_0(X0),u1_struct_0(X1)) | ~m1_group_2(X0,X1) | v3_struct_0(X1) | ~v3_group_1(X1) | ~l1_group_1(X1) [forward subsumption resolution 87,33]
119. m1_relset_1(sK2,u1_struct_0(sK0),u1_struct_0(sK1)) [resolution 71,11]
149. ~m2_relset_1(X0,X1,X2) | v1_relat_1(X0) [resolution 35,22]
171. ~v3_struct_0(sK4) | v3_struct_0(sK1) | ~v3_group_1(sK1) | ~l1_group_1(sK1) [resolution 31,7]
176. ~v3_struct_0(sK4) | ~v3_group_1(sK1) | ~l1_group_1(sK1) [forward subsumption resolution 171,12]
180. ~v3_struct_0(sK4) | ~l1_group_1(sK1) [forward subsumption resolution 176,13]
184. ~v3_struct_0(sK4) [forward subsumption resolution 180,15]
189. v3_group_1(sK4) | v3_struct_0(sK1) | ~v3_group_1(sK1) | ~l1_group_1(sK1) [resolution 32,7]
194. v3_group_1(sK4) | ~v3_group_1(sK1) | ~l1_group_1(sK1) [forward subsumption resolution 189,12]
198. v3_group_1(sK4) | ~l1_group_1(sK1) [forward subsumption resolution 194,13]
202. v3_group_1(sK4) [forward subsumption resolution 198,15]
207. l1_group_1(sK4) | v3_struct_0(sK1) | ~v3_group_1(sK1) | ~l1_group_1(sK1) [resolution 33,7]
212. l1_group_1(sK4) | ~v3_group_1(sK1) | ~l1_group_1(sK1) [forward subsumption resolution 207,12]
216. l1_group_1(sK4) | ~l1_group_1(sK1) [forward subsumption resolution 212,13]
220. l1_group_1(sK4) [forward subsumption resolution 216,15]
245. ~v1_funct_1(sK2) | k3_funct_2(u1_struct_0(sK0),u1_struct_0(sK1),sK2,X0) = k10_relat_1(sK2,X0) [resolution 67,119]
246. k3_funct_2(u1_struct_0(sK0),u1_struct_0(sK1),sK2,X0) = k10_relat_1(sK2,X0) [forward subsumption resolution 245,9]
302. ~m1_group_2(sK5,sK6) | v3_struct_0(sK0) | ~v3_group_1(sK0) | ~v4_group_1(sK0) | ~l1_group_1(sK0) | ~m1_group_2(sK6,sK0) [resolution 68,1]
305. ~m1_group_2(sK5,sK6) | ~v3_group_1(sK0) | ~v4_group_1(sK0) | ~l1_group_1(sK0) | ~m1_group_2(sK6,sK0) [forward subsumption resolution 302,16]
306. ~m1_group_2(sK5,sK6) | ~v4_group_1(sK0) | ~l1_group_1(sK0) | ~m1_group_2(sK6,sK0) [forward subsumption resolution 305,17]
307. ~m1_group_2(sK5,sK6) | ~l1_group_1(sK0) | ~m1_group_2(sK6,sK0) [forward subsumption resolution 306,18]
308. ~m1_group_2(sK5,sK6) | ~m1_group_2(sK6,sK0) [forward subsumption resolution 307,19]
309. ~m1_group_2(sK5,sK6) [forward subsumption resolution 308,5]
310. m1_group_2(sK3,sK4) | v3_struct_0(sK1) | ~v3_group_1(sK1) | ~v4_group_1(sK1) | ~l1_group_1(sK1) | ~m1_group_2(sK4,sK1) [resolution 69,4]
315. m1_group_2(sK3,sK4) | ~v3_group_1(sK1) | ~v4_group_1(sK1) | ~l1_group_1(sK1) | ~m1_group_2(sK4,sK1) [forward subsumption resolution 310,12]
316. m1_group_2(sK3,sK4) | ~v4_group_1(sK1) | ~l1_group_1(sK1) | ~m1_group_2(sK4,sK1) [forward subsumption resolution 315,13]
317. m1_group_2(sK3,sK4) | ~l1_group_1(sK1) | ~m1_group_2(sK4,sK1) [forward subsumption resolution 316,14]
318. m1_group_2(sK3,sK4) | ~m1_group_2(sK4,sK1) [forward subsumption resolution 317,15]
319. m1_group_2(sK3,sK4) [forward subsumption resolution 318,7]
389. v1_relat_1(sK2) [resolution 149,11]
478. u1_struct_0(sK5) = k10_relat_1(sK2,u1_struct_0(sK3)) [superposition 2,246]
479. u1_struct_0(sK6) = k10_relat_1(sK2,u1_struct_0(sK4)) [superposition 3,246]
485. r1_tarski(u1_struct_0(sK5),k10_relat_1(sK2,X0)) | ~r1_tarski(u1_struct_0(sK3),X0) | ~v1_relat_1(sK2) [superposition 73,478]
486. r1_tarski(u1_struct_0(sK5),k10_relat_1(sK2,X0)) | ~r1_tarski(u1_struct_0(sK3),X0) [forward subsumption resolution 485,389]
593. r1_tarski(u1_struct_0(sK5),u1_struct_0(sK6)) | ~r1_tarski(u1_struct_0(sK3),u1_struct_0(sK4)) [superposition 486,479]
595. 14 <=> r1_tarski(u1_struct_0(sK3),u1_struct_0(sK4)) [avatar definition]
597. ~r1_tarski(u1_struct_0(sK3),u1_struct_0(sK4)) <- (~14) [avatar component clause 595]
599. 15 <=> r1_tarski(u1_struct_0(sK5),u1_struct_0(sK6)) [avatar definition]
601. r1_tarski(u1_struct_0(sK5),u1_struct_0(sK6)) <- (15) [avatar component clause 599]
602. ~14 | 15 [avatar split clause 593,599,595]
613. ~m1_group_2(sK3,sK4) | v3_struct_0(sK4) | ~v3_group_1(sK4) | ~l1_group_1(sK4) <- (~14) [resolution 597,89]
614. v3_struct_0(sK4) | ~v3_group_1(sK4) | ~l1_group_1(sK4) <- (~14) [forward subsumption resolution 613,319]
615. ~v3_group_1(sK4) | ~l1_group_1(sK4) <- (~14) [forward subsumption resolution 614,184]
616. ~l1_group_1(sK4) <- (~14) [forward subsumption resolution 615,202]
617. $false <- (~14) [forward subsumption resolution 616,220]
618. 14 [avatar contradiction clause 617]
769. m1_group_2(sK5,sK6) | ~m1_group_2(sK6,X0) | ~m1_group_2(sK5,X0) | v3_struct_0(X0) | ~v3_group_1(X0) | ~v4_group_1(X0) | ~l1_group_1(X0) <- (15) [resolution 601,80]
772. ~m1_group_2(sK6,X0) | ~m1_group_2(sK5,X0) | v3_struct_0(X0) | ~v3_group_1(X0) | ~v4_group_1(X0) | ~l1_group_1(X0) <- (15) [forward subsumption resolution 769,309]
660286. ~m1_group_2(sK5,sK0) | v3_struct_0(sK0) | ~v3_group_1(sK0) | ~v4_group_1(sK0) | ~l1_group_1(sK0) <- (15) [resolution 772,5]
660288. v3_struct_0(sK0) | ~v3_group_1(sK0) | ~v4_group_1(sK0) | ~l1_group_1(sK0) <- (15) [forward subsumption resolution 660286,6]
660289. ~v3_group_1(sK0) | ~v4_group_1(sK0) | ~l1_group_1(sK0) <- (15) [forward subsumption resolution 660288,16]
660290. ~v4_group_1(sK0) | ~l1_group_1(sK0) <- (15) [forward subsumption resolution 660289,17]
660291. ~l1_group_1(sK0) <- (15) [forward subsumption resolution 660290,18]
660292. $false <- (15) [forward subsumption resolution 660291,19]
660293. ~15 [avatar contradiction clause 660292]
s13. ~14 | 15 [sat_conversion 602]
s16. 14 [sat_conversion 618]
s3677. ~15 [sat_conversion 660293]
s4428. # [rat s13,s3677,s16]
660294. $false [avatar sat refutation s4428]
% SZS output end Proof for GRP638+1_clausified
% ------------------------------
% Version: Vampire 5.0.0 (Release build, commit 2e2c9b7b8 on 2026-01-17 12:24:14 +0100)
% Linked with Z3 4.14.0.0 3c47fd96cf5645d0c42b2c819d9e9a84380aa721 z3-4.8.4-9178-g3c47fd96c
% CaDiCaL version: 2.1.3
% Termination reason: Refutation
% Time elapsed: 17.671 s
% Peak memory usage: 276 MB
% Instructions burned: 51256 (million)
% ------------------------------
% ------------------------------
