% Running in auto input_syntax mode. Trying TPTP
% Refutation found. Thanks to Tanya!
% SZS status Unsatisfiable for GRP053-1_clausified
% SZS output start Proof for GRP053-1_clausified
1. inverse(multiply(X0,inverse(multiply(inverse(multiply(inverse(multiply(X1,X0)),multiply(X1,inverse(X2)))),inverse(multiply(inverse(X0),X0)))))) = X2 [input(axiom)]
2. multiply(inverse(a1),a1) != multiply(inverse(b1),b1) | a2 != multiply(multiply(inverse(b2),b2),a2) | multiply(multiply(a3,b3),c3) != multiply(a3,multiply(b3,c3)) [input(negated conjecture)]
4. 1 <=> multiply(multiply(a3,b3),c3) = multiply(a3,multiply(b3,c3)) [avatar definition]
6. multiply(multiply(a3,b3),c3) != multiply(a3,multiply(b3,c3)) <- (~1) [avatar component clause 4]
8. 2 <=> a2 = multiply(multiply(inverse(b2),b2),a2) [avatar definition]
10. a2 != multiply(multiply(inverse(b2),b2),a2) <- (~2) [avatar component clause 8]
12. 3 <=> multiply(inverse(a1),a1) = multiply(inverse(b1),b1) [avatar definition]
14. multiply(inverse(a1),a1) != multiply(inverse(b1),b1) <- (~3) [avatar component clause 12]
15. ~1 | ~2 | ~3 [avatar split clause 2,12,8,4]
17. multiply(X3,inverse(multiply(inverse(multiply(inverse(multiply(X4,X3)),multiply(X4,inverse(X0)))),inverse(multiply(inverse(X3),X3))))) = inverse(multiply(X1,inverse(multiply(inverse(multiply(inverse(multiply(X2,X1)),multiply(X2,X0))),inverse(multiply(inverse(X1),X1)))))) [superposition 1,1]
37. inverse(inverse(multiply(X0,inverse(multiply(inverse(multiply(inverse(multiply(X1,X0)),multiply(X1,X2))),inverse(multiply(inverse(X0),X0))))))) = X2 [superposition 1,17]
40. multiply(X0,inverse(multiply(inverse(multiply(inverse(multiply(X1,X0)),multiply(X1,inverse(inverse(X2))))),inverse(multiply(inverse(X0),X0))))) = X2 [superposition 1,17]
157. multiply(inverse(multiply(inverse(multiply(X3,X2)),multiply(X3,inverse(inverse(X0))))),inverse(multiply(inverse(X2),X2))) = inverse(multiply(X1,inverse(multiply(inverse(multiply(inverse(multiply(X2,X1)),X0)),inverse(multiply(inverse(X1),X1)))))) [superposition 1,40]
342. multiply(X1,inverse(inverse(multiply(X0,inverse(multiply(inverse(multiply(inverse(multiply(X1,X0)),X2)),inverse(multiply(inverse(X0),X0)))))))) = X2 [superposition 40,157]
346. inverse(X2) = inverse(multiply(X1,inverse(inverse(multiply(X0,inverse(multiply(inverse(multiply(inverse(multiply(X1,X0)),X2)),inverse(multiply(inverse(X0),X0))))))))) [superposition 1,157]
370. multiply(inverse(multiply(inverse(multiply(X0,X1)),multiply(X0,inverse(inverse(multiply(X1,inverse(X2))))))),inverse(multiply(inverse(X1),X1))) = X2 [superposition 1,157]
373. inverse(multiply(inverse(multiply(inverse(multiply(X0,X1)),multiply(X0,inverse(inverse(multiply(X1,X2)))))),inverse(multiply(inverse(X1),X1)))) = X2 [superposition 37,157]
574. multiply(X1,inverse(inverse(multiply(X2,inverse(multiply(inverse(X0),inverse(multiply(inverse(X2),X2)))))))) = inverse(inverse(multiply(X3,inverse(multiply(inverse(multiply(inverse(multiply(inverse(multiply(X1,X2)),X3)),X0)),inverse(multiply(inverse(X3),X3))))))) [superposition 342,342]
900. multiply(inverse(X3),X3) = multiply(inverse(multiply(inverse(multiply(X1,inverse(multiply(inverse(multiply(X2,X3)),multiply(X2,inverse(inverse(multiply(X3,inverse(X0))))))))),multiply(X1,inverse(inverse(X0))))),inverse(multiply(inverse(inverse(multiply(inverse(multiply(X2,X3)),multiply(X2,inverse(inverse(multiply(X3,inverse(X0)))))))),inverse(multiply(inverse(multiply(X2,X3)),multiply(X2,inverse(inverse(multiply(X3,inverse(X0)))))))))) [superposition 370,370]
965. multiply(inverse(multiply(inverse(multiply(X1,inverse(multiply(inverse(multiply(X2,X3)),multiply(X2,inverse(inverse(multiply(X3,inverse(X0))))))))),multiply(X1,inverse(inverse(X4))))),inverse(multiply(inverse(inverse(multiply(inverse(multiply(X2,X3)),multiply(X2,inverse(inverse(multiply(X3,inverse(X0)))))))),inverse(multiply(inverse(multiply(X2,X3)),multiply(X2,inverse(inverse(multiply(X3,inverse(X0)))))))))) = inverse(multiply(inverse(multiply(inverse(X3),X3)),inverse(multiply(inverse(multiply(inverse(X0),X4)),inverse(multiply(inverse(inverse(multiply(inverse(X3),X3))),inverse(multiply(inverse(X3),X3)))))))) [superposition 157,370]
979. multiply(inverse(X3),X3) = inverse(multiply(inverse(multiply(inverse(X3),X3)),inverse(multiply(inverse(multiply(inverse(X0),X0)),inverse(multiply(inverse(inverse(multiply(inverse(X3),X3))),inverse(multiply(inverse(X3),X3)))))))) [forward demodulation 900,965]
1342. inverse(multiply(inverse(multiply(inverse(multiply(X1,X2)),multiply(X1,X0))),inverse(multiply(inverse(X2),X2)))) = inverse(multiply(inverse(multiply(inverse(multiply(X3,X2)),multiply(X3,X0))),inverse(multiply(inverse(X2),X2)))) [superposition 373,37]
17812. multiply(inverse(multiply(X0,X1)),multiply(X0,inverse(inverse(multiply(X1,inverse(multiply(inverse(X2),inverse(multiply(inverse(X1),X1))))))))) = X2 [superposition 342,574]
20273. multiply(inverse(X2),X2) = multiply(inverse(multiply(X1,inverse(multiply(inverse(X0),X0)))),multiply(X1,inverse(multiply(inverse(X0),X0)))) [superposition 17812,979]
20297. multiply(inverse(multiply(X1,X2)),multiply(X1,X0)) = multiply(inverse(multiply(X3,X2)),multiply(X3,X0)) [superposition 17812,37]
24456. multiply(inverse(X0),X0) = multiply(inverse(X1),X1) [superposition 20273,20273]
27416. inverse(multiply(inverse(X1),inverse(multiply(inverse(multiply(inverse(X0),X0)),inverse(multiply(inverse(inverse(X1)),inverse(X1))))))) = X1 [superposition 1,24456]
27468. inverse(inverse(multiply(X1,inverse(multiply(inverse(multiply(inverse(X0),X0)),inverse(multiply(inverse(X1),X1))))))) = X1 [superposition 37,24456]
27504. multiply(inverse(X1),X1) = inverse(multiply(inverse(multiply(inverse(X1),X1)),inverse(multiply(inverse(multiply(inverse(X2),X2)),inverse(multiply(inverse(X0),X0)))))) [superposition 979,24456]
27632. multiply(inverse(multiply(X1,X2)),multiply(X1,X3)) = multiply(inverse(multiply(inverse(X0),X0)),multiply(inverse(X2),X3)) [superposition 20297,24456]
27633. multiply(inverse(multiply(X1,X2)),multiply(X1,X3)) = multiply(inverse(multiply(inverse(X3),X2)),multiply(inverse(X0),X0)) [superposition 20297,24456]
29577. inverse(inverse(multiply(X1,inverse(multiply(inverse(multiply(inverse(X2),X2)),inverse(multiply(inverse(X0),X0))))))) = X1 [superposition 27468,24456]
34033. multiply(inverse(X2),X2) = multiply(inverse(multiply(inverse(X0),X0)),multiply(inverse(X1),X1)) [superposition 24456,27632]
36850. inverse(multiply(inverse(X1),X1)) = inverse(multiply(inverse(X2),inverse(inverse(multiply(X2,inverse(multiply(inverse(multiply(inverse(X0),X0)),inverse(multiply(inverse(X2),X2))))))))) [superposition 346,34033]
37030. inverse(multiply(inverse(X1),X1)) = inverse(multiply(inverse(X2),X2)) [forward demodulation 36850,27468]
63856. inverse(multiply(inverse(X1),inverse(multiply(inverse(multiply(inverse(X2),X2)),inverse(multiply(inverse(X0),X0)))))) = X1 [superposition 27416,37030]
64699. inverse(multiply(inverse(X2),inverse(multiply(inverse(multiply(inverse(X3),X3)),inverse(multiply(inverse(multiply(inverse(X0),X0)),inverse(multiply(inverse(X1),X1)))))))) = X2 [superposition 63856,63856]
64751. inverse(inverse(multiply(X2,inverse(multiply(inverse(multiply(inverse(X3),X3)),inverse(multiply(inverse(multiply(inverse(X0),X0)),inverse(multiply(inverse(X1),X1))))))))) = X2 [superposition 29577,63856]
64842. inverse(inverse(multiply(X2,multiply(inverse(X3),X3)))) = X2 [forward demodulation 64751,27504]
64847. inverse(multiply(inverse(X2),multiply(inverse(X3),X3))) = X2 [forward demodulation 64699,27504]
66016. inverse(inverse(X0)) = inverse(multiply(inverse(inverse(inverse(multiply(X1,inverse(multiply(inverse(X0),inverse(multiply(inverse(X1),X1)))))))),X1)) [superposition 64842,17812]
67303. inverse(multiply(inverse(multiply(inverse(X0),X0)),multiply(inverse(X1),X2))) = multiply(inverse(X2),X1) [superposition 64847,27632]
67305. inverse(multiply(inverse(multiply(X0,X1)),multiply(X0,X2))) = multiply(inverse(X2),X1) [superposition 64847,20297]
67339. inverse(multiply(inverse(multiply(inverse(multiply(X2,X1)),multiply(X2,X0))),inverse(multiply(inverse(X1),X1)))) = inverse(multiply(multiply(inverse(X0),X1),inverse(multiply(inverse(X1),X1)))) [superposition 1342,64847]
67378. multiply(inverse(X0),X0) = inverse(multiply(inverse(X1),X1)) [superposition 37030,64847]
68369. inverse(inverse(multiply(X1,inverse(multiply(inverse(X0),X0))))) = X1 [superposition 64842,67378]
68370. inverse(multiply(inverse(X1),inverse(multiply(inverse(X0),X0)))) = X1 [superposition 64847,67378]
68433. multiply(inverse(multiply(inverse(inverse(inverse(multiply(X1,inverse(multiply(inverse(X2),inverse(multiply(inverse(X1),X1)))))))),X1)),inverse(multiply(inverse(X0),X0))) = X2 [superposition 17812,67378]
68657. multiply(inverse(inverse(X2)),inverse(multiply(inverse(X0),X0))) = X2 [forward demodulation 68433,66016]
71290. inverse(X0) = inverse(multiply(inverse(multiply(X1,X2)),multiply(X1,inverse(inverse(multiply(X2,X0)))))) [superposition 68369,373]
71394. inverse(X0) = multiply(inverse(inverse(inverse(multiply(X2,X0)))),X2) [forward demodulation 71290,67305]
73821. multiply(inverse(inverse(X1)),multiply(inverse(X0),X0)) = X1 [superposition 68657,64847]
76372. inverse(multiply(inverse(X1),X2)) = multiply(inverse(inverse(inverse(multiply(inverse(multiply(X0,X1)),multiply(X0,X2))))),inverse(multiply(inverse(X3),X3))) [superposition 71394,27632]
76422. inverse(X0) = inverse(multiply(multiply(inverse(X1),X1),X0)) [superposition 73821,71394]
76515. inverse(multiply(inverse(multiply(X0,X1)),multiply(X0,X2))) = inverse(multiply(inverse(X1),X2)) [forward demodulation 76372,68657]
76529. multiply(inverse(X2),X1) = inverse(multiply(inverse(X1),X2)) [forward demodulation 76515,67305]
77896. inverse(multiply(inverse(multiply(inverse(multiply(X1,multiply(inverse(X2),X2))),multiply(X1,inverse(inverse(X0))))),inverse(multiply(inverse(multiply(inverse(X2),X2)),multiply(inverse(X2),X2))))) = X0 [superposition 373,76422]
77901. multiply(inverse(X0),multiply(multiply(inverse(X1),X1),X2)) = multiply(inverse(multiply(inverse(X2),X0)),multiply(inverse(X3),X3)) [superposition 27633,76422]
77926. multiply(inverse(multiply(X1,multiply(multiply(inverse(X2),X2),X0))),multiply(X1,X3)) = multiply(inverse(multiply(inverse(X4),X4)),multiply(inverse(X0),X3)) [superposition 27632,76422]
77978. multiply(multiply(inverse(X1),X1),X0) = multiply(inverse(inverse(X0)),multiply(inverse(X2),X2)) [superposition 73821,76422]
77979. multiply(multiply(inverse(X1),X1),X0) = X0 [forward demodulation 77978,73821]
78024. multiply(inverse(multiply(X1,multiply(multiply(inverse(X2),X2),X0))),multiply(X1,X3)) = multiply(multiply(inverse(X4),X4),multiply(inverse(X0),X3)) [forward demodulation 77926,76529]
78042. multiply(inverse(X0),multiply(multiply(inverse(X1),X1),X2)) = multiply(multiply(inverse(X0),X2),multiply(inverse(X3),X3)) [forward demodulation 77901,76529]
78045. inverse(multiply(multiply(inverse(inverse(inverse(X0))),multiply(inverse(X2),X2)),inverse(multiply(inverse(multiply(inverse(X2),X2)),multiply(inverse(X2),X2))))) = X0 [forward demodulation 77896,67339]
78118. multiply(inverse(X0),X3) = multiply(inverse(multiply(X1,multiply(multiply(inverse(X2),X2),X0))),multiply(X1,X3)) [forward demodulation 78024,77979]
78127. multiply(inverse(X0),X2) = multiply(multiply(inverse(X0),X2),multiply(inverse(X3),X3)) [forward demodulation 78042,77979]
78130. inverse(multiply(multiply(inverse(inverse(inverse(X0))),multiply(inverse(X2),X2)),multiply(inverse(X2),X2))) = X0 [forward demodulation 78045,67303]
78167. multiply(inverse(X0),X3) = multiply(inverse(multiply(X1,X0)),multiply(X1,X3)) [forward demodulation 78118,77979]
78171. inverse(multiply(inverse(inverse(inverse(X0))),multiply(inverse(X2),X2))) = X0 [forward demodulation 78130,78127]
78186. inverse(inverse(X0)) = X0 [forward demodulation 78171,64847]
79218. multiply(inverse(multiply(X2,X0)),multiply(X2,multiply(X0,inverse(multiply(inverse(X1),inverse(multiply(inverse(X0),X0))))))) = X1 [superposition 17812,78186]
79372. multiply(inverse(X0),multiply(X0,inverse(multiply(inverse(X1),inverse(multiply(inverse(X0),X0)))))) = X1 [forward demodulation 79218,78167]
79453. multiply(inverse(X0),multiply(X0,X1)) = X1 [forward demodulation 79372,68370]
86766. multiply(X1,inverse(inverse(multiply(X2,inverse(multiply(inverse(X0),inverse(multiply(inverse(X2),X2)))))))) = multiply(multiply(X1,X2),X0) [superposition 342,79453]
86815. multiply(multiply(X1,X2),X0) = multiply(X1,multiply(X2,inverse(multiply(inverse(X0),inverse(multiply(inverse(X2),X2)))))) [forward demodulation 86766,78186]
86894. multiply(multiply(X1,X2),X0) = multiply(X1,multiply(X2,X0)) [forward demodulation 86815,68370]
110802. multiply(a3,multiply(b3,c3)) != multiply(a3,multiply(b3,c3)) <- (~1) [superposition 6,86894]
110869. $false <- (~1) [trivial inequality removal 110802]
110870. 1 [avatar contradiction clause 110869]
111211. $false <- (~2) [forward subsumption resolution 10,77979]
111212. 2 [avatar contradiction clause 111211]
111213. $false <- (~3) [forward subsumption resolution 14,24456]
111214. 3 [avatar contradiction clause 111213]
s1. ~3 | ~2 | ~1 [sat_conversion 15]
s2. 1 [sat_conversion 110870]
s3. 2 [sat_conversion 111212]
s4. 3 [sat_conversion 111214]
s5. # [rat s1,s2,s3,s4]
111215. $false [avatar sat refutation s5]
% SZS output end Proof for GRP053-1_clausified
% ------------------------------
% Version: Vampire 5.0.0 (Release build, commit 2e2c9b7b8 on 2026-01-17 12:24:14 +0100)
% Linked with Z3 4.14.0.0 3c47fd96cf5645d0c42b2c819d9e9a84380aa721 z3-4.8.4-9178-g3c47fd96c
% CaDiCaL version: 2.1.3
% Termination reason: Refutation
% Time elapsed: 5.782 s
% Peak memory usage: 191 MB
% Instructions burned: 30210 (million)
% ------------------------------
% ------------------------------
