% Running in auto input_syntax mode. Trying TPTP
% Refutation found. Thanks to Tanya!
% SZS status Unsatisfiable for GRP538-1
% SZS output start Proof for GRP538-1
1. divide(divide(X0,X1),divide(divide(X0,X2),X1)) = X2 [input(axiom)]
2. multiply(X0,X1) = divide(X0,divide(divide(X2,X2),X1)) [input(axiom)]
3. inverse(X0) = divide(divide(X1,X1),X0) [input(axiom)]
4. identity = divide(X0,X0) [input(axiom)]
5. multiply(multiply(inverse(b2),b2),a2) != a2 [input(negated conjecture)]
6. a2 != multiply(multiply(inverse(b2),b2),a2) [reorient equations 5]
7. inverse(X0) = divide(identity,X0) [forward demodulation 3,4]
8. multiply(X0,X1) = divide(X0,divide(identity,X1)) [forward demodulation 2,4]
9. multiply(X0,X1) = divide(X0,inverse(X1)) [forward demodulation 8,7]
14. identity = multiply(inverse(X0),X0) [superposition 4,9]
21. divide(divide(X0,X1),divide(identity,X1)) = X0 [superposition 1,4]
30. divide(divide(X0,X1),inverse(X1)) = X0 [forward demodulation 21,7]
34. multiply(divide(X0,X1),X1) = X0 [forward demodulation 30,9]
36. a2 != multiply(identity,a2) [superposition 6,14]
43. multiply(identity,X0) = X0 [superposition 34,4]
47. a2 != a2 [superposition 36,43]
48. $false [trivial inequality removal 47]
% SZS output end Proof for GRP538-1
% ------------------------------
% Version: Vampire 5.0.0 (Release build, commit 2e2c9b7b8 on 2026-01-17 12:24:14 +0100)
% Linked with Z3 4.14.0.0 3c47fd96cf5645d0c42b2c819d9e9a84380aa721 z3-4.8.4-9178-g3c47fd96c
% CaDiCaL version: 2.1.3
% Termination reason: Refutation
% Time elapsed: 0.001 s
% Peak memory usage: 55 MB
% Instructions burned: 3 (million)
% ------------------------------
% ------------------------------
