% Running in auto input_syntax mode. Trying TPTP
% Refutation found. Thanks to Tanya!
% SZS status Unsatisfiable for GRP579-1
% SZS output start Proof for GRP579-1
1. double_divide(double_divide(X0,double_divide(double_divide(double_divide(X1,X0),X2),double_divide(X1,identity))),double_divide(identity,identity)) = X2 [input(axiom)]
2. multiply(X0,X1) = double_divide(double_divide(X1,X0),identity) [input(axiom)]
3. inverse(X0) = double_divide(X0,identity) [input(axiom)]
4. identity = double_divide(X0,inverse(X0)) [input(axiom)]
5. multiply(multiply(a3,b3),c3) != multiply(a3,multiply(b3,c3)) [input(negated conjecture)]
6. identity = double_divide(X0,double_divide(X0,identity)) [definition unfolding 4,3]
7. double_divide(double_divide(c3,double_divide(double_divide(b3,a3),identity)),identity) != double_divide(double_divide(double_divide(double_divide(c3,b3),identity),a3),identity) [definition unfolding 5,2,2,2,2]
8. double_divide(double_divide(double_divide(X0,identity),double_divide(double_divide(identity,X1),double_divide(X0,identity))),double_divide(identity,identity)) = X1 [superposition 1,6]
9. double_divide(double_divide(double_divide(identity,identity),double_divide(double_divide(X0,X3),double_divide(double_divide(X1,double_divide(double_divide(double_divide(X2,X1),X0),double_divide(X2,identity))),identity))),double_divide(identity,identity)) = X3 [superposition 1,1]
10. double_divide(identity,identity) = double_divide(double_divide(double_divide(double_divide(double_divide(X1,X2),X0),double_divide(X1,identity)),double_divide(X0,double_divide(X2,identity))),double_divide(identity,identity)) [superposition 1,1]
11. double_divide(double_divide(X1,X0),identity) = double_divide(double_divide(X0,double_divide(identity,double_divide(X1,identity))),double_divide(identity,identity)) [superposition 1,6]
12. double_divide(double_divide(double_divide(X2,double_divide(identity,X1)),X0),double_divide(X2,identity)) = double_divide(double_divide(X1,X0),double_divide(identity,identity)) [superposition 1,1]
14. double_divide(double_divide(double_divide(X1,identity),X0),double_divide(X1,identity)) = double_divide(double_divide(double_divide(identity,identity),X0),double_divide(identity,identity)) [superposition 8,1]
15. double_divide(double_divide(double_divide(double_divide(identity,X0),identity),identity),double_divide(identity,identity)) = X0 [superposition 8,6]
22. double_divide(double_divide(identity,X0),identity) = double_divide(double_divide(X0,identity),double_divide(identity,identity)) [superposition 11,6]
29. double_divide(double_divide(identity,double_divide(double_divide(identity,X0),identity)),identity) = X0 [superposition 15,22]
36. double_divide(double_divide(X0,X3),double_divide(double_divide(X1,double_divide(double_divide(double_divide(X2,X1),X0),double_divide(X2,identity))),identity)) = double_divide(double_divide(identity,X3),double_divide(identity,identity)) [superposition 12,1]
42. double_divide(double_divide(double_divide(X0,X1),identity),double_divide(X1,identity)) = double_divide(double_divide(double_divide(X0,identity),double_divide(identity,identity)),double_divide(identity,identity)) [superposition 12,11]
48. double_divide(double_divide(double_divide(identity,X0),double_divide(double_divide(X0,X1),double_divide(identity,identity))),double_divide(identity,identity)) = X1 [superposition 1,12]
50. double_divide(double_divide(X0,double_divide(identity,double_divide(X1,identity))),double_divide(identity,identity)) = double_divide(double_divide(X1,double_divide(identity,double_divide(identity,X0))),identity) [superposition 11,12]
55. double_divide(double_divide(X1,X0),identity) = double_divide(double_divide(X1,double_divide(identity,double_divide(identity,X0))),identity) [forward demodulation 50,11]
60. double_divide(double_divide(double_divide(X0,X1),identity),double_divide(X1,identity)) = double_divide(double_divide(double_divide(identity,X0),identity),double_divide(identity,identity)) [forward demodulation 42,22]
61. double_divide(double_divide(double_divide(X0,X1),identity),double_divide(X1,identity)) = double_divide(double_divide(identity,double_divide(identity,X0)),identity) [forward demodulation 60,22]
86. double_divide(identity,identity) = double_divide(double_divide(double_divide(double_divide(double_divide(identity,X0),identity),double_divide(X0,identity)),double_divide(double_divide(identity,identity),double_divide(identity,identity))),double_divide(identity,identity)) [superposition 10,22]
117. double_divide(identity,identity) = double_divide(double_divide(double_divide(double_divide(double_divide(identity,X0),identity),double_divide(X0,identity)),double_divide(double_divide(identity,identity),identity)),double_divide(identity,identity)) [forward demodulation 86,22]
127. double_divide(identity,identity) = double_divide(double_divide(double_divide(double_divide(identity,double_divide(identity,identity)),identity),double_divide(double_divide(identity,identity),identity)),double_divide(identity,identity)) [forward demodulation 117,61]
128. double_divide(identity,identity) = double_divide(double_divide(double_divide(identity,double_divide(identity,identity)),identity),double_divide(identity,identity)) [forward demodulation 127,61]
129. double_divide(identity,identity) = double_divide(double_divide(identity,double_divide(identity,double_divide(identity,identity))),identity) [forward demodulation 128,22]
130. double_divide(identity,identity) = double_divide(double_divide(identity,identity),identity) [forward demodulation 129,55]
131. identity = double_divide(double_divide(identity,double_divide(identity,identity)),identity) [superposition 29,130]
140. double_divide(double_divide(X0,double_divide(identity,double_divide(identity,identity))),double_divide(identity,identity)) = double_divide(double_divide(double_divide(identity,identity),X0),identity) [superposition 11,130]
146. double_divide(double_divide(identity,X0),identity) = double_divide(double_divide(double_divide(identity,identity),X0),identity) [forward demodulation 140,11]
152. identity = double_divide(identity,identity) [forward demodulation 131,6]
198. double_divide(double_divide(double_divide(identity,identity),identity),double_divide(identity,identity)) = double_divide(double_divide(double_divide(X1,X0),X0),double_divide(X1,identity)) [superposition 9,6]
203. double_divide(double_divide(identity,X4),double_divide(identity,identity)) = double_divide(double_divide(X0,X4),double_divide(double_divide(double_divide(identity,identity),double_divide(double_divide(X1,X0),double_divide(double_divide(X2,double_divide(double_divide(double_divide(X3,X2),X1),double_divide(X3,identity))),identity))),identity)) [superposition 12,9]
210. double_divide(double_divide(identity,X4),double_divide(identity,identity)) = double_divide(double_divide(X0,X4),double_divide(double_divide(identity,double_divide(double_divide(X1,X0),double_divide(double_divide(X2,double_divide(double_divide(double_divide(X3,X2),X1),double_divide(X3,identity))),identity))),identity)) [forward demodulation 203,146]
214. double_divide(double_divide(identity,double_divide(identity,identity)),identity) = double_divide(double_divide(double_divide(X1,X0),X0),double_divide(X1,identity)) [forward demodulation 198,22]
254. double_divide(double_divide(identity,X4),double_divide(identity,identity)) = double_divide(double_divide(X0,X4),double_divide(double_divide(identity,double_divide(double_divide(identity,X0),double_divide(identity,identity))),identity)) [forward demodulation 210,36]
258. double_divide(identity,identity) = double_divide(double_divide(double_divide(X1,X0),X0),double_divide(X1,identity)) [forward demodulation 214,6]
278. double_divide(double_divide(X0,X4),double_divide(double_divide(identity,double_divide(double_divide(identity,X0),identity)),identity)) = double_divide(double_divide(identity,X4),identity) [forward demodulation 254,152]
282. identity = double_divide(double_divide(double_divide(X1,X0),X0),double_divide(X1,identity)) [forward demodulation 258,152]
299. double_divide(double_divide(identity,X4),identity) = double_divide(double_divide(X0,X4),X0) [forward demodulation 278,29]
371. double_divide(double_divide(X0,identity),double_divide(identity,identity)) = X0 [superposition 1,282]
377. double_divide(X1,identity) = double_divide(double_divide(X0,double_divide(identity,double_divide(double_divide(X1,X0),identity))),double_divide(identity,identity)) [superposition 1,282]
392. double_divide(X1,identity) = double_divide(double_divide(double_divide(X1,X0),X0),identity) [forward demodulation 377,11]
398. double_divide(double_divide(X0,identity),identity) = X0 [forward demodulation 371,152]
432. double_divide(double_divide(identity,X0),double_divide(identity,identity)) = X0 [superposition 15,398]
468. double_divide(double_divide(identity,X0),identity) = X0 [forward demodulation 432,152]
480. double_divide(double_divide(X0,X1),X0) = double_divide(double_divide(X2,X1),X2) [superposition 299,299]
482. double_divide(identity,X0) = double_divide(double_divide(identity,double_divide(X0,identity)),identity) [superposition 299,6]
496. double_divide(double_divide(identity,X1),identity) = double_divide(double_divide(double_divide(identity,X0),identity),double_divide(X1,X0)) [superposition 299,299]
505. double_divide(double_divide(X0,double_divide(double_divide(identity,X1),identity)),X0) = X1 [superposition 29,299]
513. double_divide(double_divide(X1,identity),double_divide(identity,identity)) = double_divide(double_divide(double_divide(X0,double_divide(identity,X1)),X0),double_divide(identity,identity)) [superposition 12,299]
524. double_divide(identity,X1) = double_divide(double_divide(double_divide(X0,X1),X0),identity) [superposition 398,299]
534. double_divide(double_divide(X0,X1),double_divide(identity,identity)) = double_divide(double_divide(double_divide(identity,double_divide(identity,X0)),identity),double_divide(X1,identity)) [superposition 12,299]
548. identity = double_divide(double_divide(double_divide(double_divide(identity,X0),identity),X1),double_divide(double_divide(X1,X0),identity)) [superposition 282,299]
557. identity = double_divide(double_divide(X0,X1),double_divide(double_divide(X1,X0),identity)) [forward demodulation 548,468]
568. double_divide(double_divide(identity,X0),double_divide(X1,identity)) = double_divide(double_divide(X0,X1),double_divide(identity,identity)) [forward demodulation 534,468]
582. double_divide(double_divide(X1,identity),identity) = double_divide(double_divide(double_divide(X0,double_divide(identity,X1)),X0),identity) [forward demodulation 513,152]
589. double_divide(double_divide(X0,X1),X0) = X1 [forward demodulation 505,468]
596. double_divide(double_divide(identity,X1),identity) = double_divide(X0,double_divide(X1,X0)) [forward demodulation 496,468]
609. double_divide(X0,identity) = double_divide(identity,X0) [forward demodulation 482,468]
625. double_divide(double_divide(identity,X0),double_divide(X1,identity)) = double_divide(double_divide(X0,X1),identity) [forward demodulation 568,152]
633. double_divide(double_divide(X1,identity),identity) = double_divide(identity,double_divide(identity,X1)) [forward demodulation 582,524]
642. double_divide(X0,double_divide(X1,X0)) = X1 [forward demodulation 596,589]
657. double_divide(double_divide(identity,X0),double_divide(X1,identity)) = double_divide(identity,double_divide(X0,X1)) [forward demodulation 625,609]
664. double_divide(identity,double_divide(X1,identity)) = double_divide(identity,double_divide(identity,X1)) [forward demodulation 633,609]
682. double_divide(identity,double_divide(identity,X1)) = X1 [forward demodulation 664,642]
711. double_divide(double_divide(X0,X1),identity) = double_divide(double_divide(X1,double_divide(identity,double_divide(identity,X0))),double_divide(identity,identity)) [superposition 11,609]
731. double_divide(double_divide(c3,double_divide(double_divide(b3,a3),identity)),identity) != double_divide(double_divide(double_divide(identity,double_divide(c3,b3)),a3),identity) [superposition 7,609]
761. double_divide(double_divide(c3,double_divide(double_divide(b3,a3),identity)),identity) != double_divide(identity,double_divide(double_divide(identity,double_divide(c3,b3)),a3)) [forward demodulation 731,609]
774. double_divide(double_divide(X0,X1),identity) = double_divide(double_divide(X1,double_divide(identity,double_divide(identity,X0))),identity) [forward demodulation 711,152]
795. double_divide(identity,double_divide(double_divide(identity,double_divide(c3,b3)),a3)) != double_divide(identity,double_divide(c3,double_divide(double_divide(b3,a3),identity))) [forward demodulation 761,609]
804. double_divide(double_divide(X0,X1),identity) = double_divide(identity,double_divide(X1,double_divide(identity,double_divide(identity,X0)))) [forward demodulation 774,609]
820. double_divide(identity,double_divide(double_divide(identity,double_divide(c3,b3)),a3)) != double_divide(identity,double_divide(c3,double_divide(identity,double_divide(b3,a3)))) [forward demodulation 795,609]
826. double_divide(double_divide(X0,X1),identity) = double_divide(identity,double_divide(X1,X0)) [forward demodulation 804,682]
835. double_divide(identity,double_divide(X0,X1)) = double_divide(identity,double_divide(X1,X0)) [forward demodulation 826,609]
1207. double_divide(X1,double_divide(identity,double_divide(X0,identity))) = double_divide(double_divide(identity,identity),double_divide(double_divide(X0,X1),identity)) [superposition 642,11]
1211. double_divide(double_divide(X2,double_divide(identity,X0)),X1) = double_divide(double_divide(X2,identity),double_divide(double_divide(X0,X1),double_divide(identity,identity))) [superposition 642,12]
1212. double_divide(double_divide(X0,identity),identity) = double_divide(double_divide(X0,X1),X1) [superposition 642,282]
1231. double_divide(double_divide(double_divide(identity,identity),double_divide(double_divide(X1,X2),double_divide(double_divide(double_divide(X0,X3),double_divide(double_divide(X0,X1),double_divide(X3,identity))),identity))),double_divide(identity,identity)) = X2 [superposition 9,642]
1240. double_divide(X0,double_divide(X2,X1)) = double_divide(double_divide(X1,double_divide(X0,double_divide(X2,identity))),double_divide(identity,identity)) [superposition 1,642]
1257. double_divide(X0,double_divide(X2,X1)) = double_divide(double_divide(X1,double_divide(X0,double_divide(X2,identity))),identity) [forward demodulation 1240,152]
1263. double_divide(double_divide(identity,double_divide(double_divide(X1,X2),double_divide(double_divide(double_divide(X0,X3),double_divide(double_divide(X0,X1),double_divide(X3,identity))),identity))),identity) = X2 [forward demodulation 1231,299]
1275. double_divide(identity,double_divide(X0,identity)) = double_divide(double_divide(X0,X1),X1) [forward demodulation 1212,609]
1276. double_divide(double_divide(X2,double_divide(identity,X0)),X1) = double_divide(double_divide(X2,identity),double_divide(double_divide(X0,X1),identity)) [forward demodulation 1211,152]
1280. double_divide(X1,double_divide(identity,double_divide(X0,identity))) = double_divide(identity,double_divide(identity,double_divide(X0,X1))) [forward demodulation 1207,657]
1289. double_divide(X0,double_divide(X2,X1)) = double_divide(identity,double_divide(X1,double_divide(X0,double_divide(X2,identity)))) [forward demodulation 1257,609]
1294. double_divide(identity,double_divide(identity,double_divide(double_divide(X1,X2),double_divide(double_divide(double_divide(X0,X3),double_divide(double_divide(X0,X1),double_divide(X3,identity))),identity)))) = X2 [forward demodulation 1263,609]
1302. double_divide(double_divide(X0,X1),X1) = X0 [forward demodulation 1275,642]
1303. double_divide(double_divide(X2,double_divide(identity,X0)),X1) = double_divide(double_divide(X2,identity),double_divide(identity,double_divide(X0,X1))) [forward demodulation 1276,609]
1306. double_divide(X0,X1) = double_divide(X1,double_divide(identity,double_divide(X0,identity))) [forward demodulation 1280,682]
1314. double_divide(double_divide(X1,X2),double_divide(double_divide(double_divide(X0,X3),double_divide(double_divide(X0,X1),double_divide(X3,identity))),identity)) = X2 [forward demodulation 1294,1289]
1322. double_divide(X1,X0) = double_divide(X0,X1) [forward demodulation 1306,642]
1325. double_divide(double_divide(X1,X2),double_divide(identity,double_divide(double_divide(X0,X3),double_divide(double_divide(X0,X1),double_divide(X3,identity))))) = X2 [forward demodulation 1314,609]
1331. double_divide(double_divide(X1,X2),double_divide(double_divide(X0,X1),double_divide(X3,double_divide(X0,X3)))) = X2 [forward demodulation 1325,1289]
1335. double_divide(double_divide(X1,X2),double_divide(double_divide(X0,X1),X0)) = X2 [forward demodulation 1331,642]
1337. double_divide(double_divide(X1,X2),double_divide(X0,double_divide(X0,X1))) = X2 [forward demodulation 1335,1322]
1709. double_divide(double_divide(double_divide(X1,X0),X2),double_divide(X1,identity)) = double_divide(double_divide(double_divide(identity,X0),X2),double_divide(identity,identity)) [superposition 12,682]
1713. double_divide(X0,identity) = double_divide(double_divide(X1,double_divide(identity,X0)),X1) [superposition 299,682]
1717. double_divide(double_divide(double_divide(identity,identity),double_divide(double_divide(X1,X2),double_divide(double_divide(double_divide(identity,X0),double_divide(double_divide(X0,X1),double_divide(identity,identity))),identity))),double_divide(identity,identity)) = X2 [superposition 9,682]
1728. double_divide(double_divide(identity,identity),double_divide(double_divide(identity,identity),double_divide(double_divide(X1,X2),double_divide(double_divide(double_divide(identity,X0),double_divide(double_divide(X0,X1),double_divide(identity,identity))),identity)))) = X2 [forward demodulation 1717,1322]
1731. double_divide(X0,identity) = double_divide(X1,double_divide(X1,double_divide(identity,X0))) [forward demodulation 1713,1322]
1735. double_divide(double_divide(double_divide(X1,X0),X2),double_divide(X1,identity)) = double_divide(double_divide(identity,identity),double_divide(double_divide(identity,X0),X2)) [forward demodulation 1709,1322]
1741. double_divide(double_divide(identity,identity),double_divide(double_divide(identity,identity),double_divide(double_divide(X1,X2),double_divide(identity,double_divide(double_divide(identity,X0),double_divide(double_divide(X0,X1),double_divide(identity,identity))))))) = X2 [forward demodulation 1728,609]
1747. double_divide(double_divide(double_divide(X1,X0),X2),double_divide(X1,identity)) = double_divide(identity,double_divide(double_divide(identity,X0),X2)) [forward demodulation 1735,152]
1750. double_divide(double_divide(identity,identity),double_divide(double_divide(identity,identity),double_divide(double_divide(X1,X2),double_divide(double_divide(X0,X1),double_divide(identity,double_divide(identity,X0)))))) = X2 [forward demodulation 1741,1289]
1752. double_divide(identity,double_divide(double_divide(identity,X0),X2)) = double_divide(double_divide(X1,identity),double_divide(double_divide(X1,X0),X2)) [forward demodulation 1747,1322]
1754. double_divide(double_divide(identity,identity),double_divide(double_divide(identity,identity),double_divide(double_divide(X1,X2),X1))) = X2 [forward demodulation 1750,1337]
1756. double_divide(identity,double_divide(double_divide(identity,identity),double_divide(double_divide(X1,X2),X1))) = X2 [forward demodulation 1754,1752]
1757. double_divide(identity,double_divide(double_divide(identity,identity),double_divide(X1,double_divide(X1,X2)))) = X2 [forward demodulation 1756,1322]
1758. double_divide(identity,double_divide(identity,double_divide(X1,double_divide(X1,X2)))) = X2 [forward demodulation 1757,152]
1759. double_divide(X1,double_divide(X1,X2)) = X2 [forward demodulation 1758,682]
2053. double_divide(X2,double_divide(X1,identity)) = double_divide(double_divide(double_divide(identity,double_divide(double_divide(double_divide(X0,X1),X2),double_divide(X0,identity))),double_divide(identity,identity)),double_divide(identity,identity)) [superposition 48,10]
2106. double_divide(X2,double_divide(X1,identity)) = double_divide(double_divide(identity,identity),double_divide(double_divide(identity,double_divide(double_divide(double_divide(X0,X1),X2),double_divide(X0,identity))),double_divide(identity,identity))) [forward demodulation 2053,1322]
2160. double_divide(X2,double_divide(X1,identity)) = double_divide(identity,double_divide(double_divide(double_divide(X0,X1),X2),double_divide(X0,identity))) [forward demodulation 2106,642]
2210. double_divide(X2,double_divide(X1,identity)) = double_divide(identity,double_divide(double_divide(X0,identity),double_divide(double_divide(X0,X1),X2))) [forward demodulation 2160,835]
2253. double_divide(X2,double_divide(X1,identity)) = double_divide(identity,double_divide(identity,double_divide(double_divide(identity,X1),X2))) [forward demodulation 2210,1752]
2287. double_divide(X2,double_divide(X1,identity)) = double_divide(double_divide(identity,X1),X2) [forward demodulation 2253,1759]
2529. double_divide(double_divide(identity,double_divide(identity,double_divide(double_divide(X2,double_divide(identity,X0)),X1))),identity) = double_divide(double_divide(double_divide(double_divide(X0,X1),double_divide(identity,identity)),identity),double_divide(double_divide(X2,identity),identity)) [superposition 61,12]
2603. double_divide(double_divide(X0,X1),identity) = double_divide(double_divide(X1,identity),double_divide(double_divide(identity,double_divide(identity,X0)),identity)) [superposition 642,61]
2604. double_divide(double_divide(X0,X1),identity) = double_divide(double_divide(X1,identity),double_divide(identity,double_divide(identity,double_divide(identity,X0)))) [forward demodulation 2603,609]
2672. double_divide(double_divide(identity,double_divide(identity,double_divide(double_divide(X2,double_divide(identity,X0)),X1))),identity) = double_divide(double_divide(double_divide(double_divide(X0,X1),double_divide(identity,identity)),identity),double_divide(identity,double_divide(X2,identity))) [forward demodulation 2529,609]
2682. double_divide(double_divide(X0,X1),identity) = double_divide(double_divide(X1,double_divide(identity,identity)),double_divide(identity,X0)) [forward demodulation 2604,1303]
2747. double_divide(double_divide(identity,double_divide(identity,double_divide(double_divide(X2,double_divide(identity,X0)),X1))),identity) = double_divide(double_divide(double_divide(double_divide(X0,X1),double_divide(identity,identity)),double_divide(identity,X2)),identity) [forward demodulation 2672,1303]
2757. double_divide(double_divide(X0,X1),identity) = double_divide(double_divide(X1,identity),double_divide(identity,X0)) [forward demodulation 2682,152]
2809. double_divide(double_divide(identity,double_divide(identity,double_divide(double_divide(X2,double_divide(identity,X0)),X1))),identity) = double_divide(identity,double_divide(double_divide(double_divide(X0,X1),double_divide(identity,identity)),double_divide(identity,X2))) [forward demodulation 2747,609]
2819. double_divide(identity,double_divide(X0,X1)) = double_divide(double_divide(X1,identity),double_divide(identity,X0)) [forward demodulation 2757,609]
2865. double_divide(double_divide(identity,double_divide(identity,double_divide(double_divide(X2,double_divide(identity,X0)),X1))),identity) = double_divide(identity,double_divide(double_divide(double_divide(X0,X1),identity),double_divide(identity,X2))) [forward demodulation 2809,152]
2908. double_divide(double_divide(identity,double_divide(identity,double_divide(double_divide(X2,double_divide(identity,X0)),X1))),identity) = double_divide(identity,double_divide(identity,double_divide(X2,double_divide(X0,X1)))) [forward demodulation 2865,2819]
2939. double_divide(X2,double_divide(X0,X1)) = double_divide(double_divide(identity,double_divide(identity,double_divide(double_divide(X2,double_divide(identity,X0)),X1))),identity) [forward demodulation 2908,1759]
2959. double_divide(X2,double_divide(X0,X1)) = double_divide(identity,double_divide(identity,double_divide(identity,double_divide(double_divide(X2,double_divide(identity,X0)),X1)))) [forward demodulation 2939,609]
2975. double_divide(double_divide(double_divide(X2,double_divide(identity,X0)),X1),identity) = double_divide(X2,double_divide(X0,X1)) [forward demodulation 2959,1731]
2987. double_divide(X2,double_divide(X0,X1)) = double_divide(identity,double_divide(double_divide(X2,double_divide(identity,X0)),X1)) [forward demodulation 2975,609]
3705. double_divide(double_divide(X0,identity),double_divide(X1,identity)) = double_divide(double_divide(identity,double_divide(identity,double_divide(X1,X0))),identity) [superposition 61,589]
3715. double_divide(double_divide(X0,identity),double_divide(X1,identity)) = double_divide(identity,double_divide(identity,double_divide(identity,double_divide(X1,X0)))) [forward demodulation 3705,609]
3784. double_divide(double_divide(X1,X0),identity) = double_divide(double_divide(X0,identity),double_divide(X1,identity)) [forward demodulation 3715,1731]
3832. double_divide(double_divide(X0,identity),double_divide(X1,identity)) = double_divide(identity,double_divide(X1,X0)) [forward demodulation 3784,609]
5130. double_divide(double_divide(X2,double_divide(identity,X0)),X1) = double_divide(double_divide(double_divide(X0,X1),double_divide(identity,identity)),double_divide(X2,identity)) [superposition 1302,12]
5276. double_divide(double_divide(X2,double_divide(identity,X0)),X1) = double_divide(double_divide(double_divide(X0,X1),identity),double_divide(X2,identity)) [forward demodulation 5130,152]
5336. double_divide(double_divide(X2,double_divide(identity,X0)),X1) = double_divide(identity,double_divide(X2,double_divide(X0,X1))) [forward demodulation 5276,3832]
5508. double_divide(double_divide(identity,double_divide(identity,double_divide(double_divide(X1,identity),X0))),identity) = double_divide(double_divide(double_divide(double_divide(double_divide(identity,identity),X0),double_divide(identity,identity)),identity),double_divide(double_divide(X1,identity),identity)) [superposition 61,14]
5517. double_divide(double_divide(X1,identity),X0) = double_divide(double_divide(double_divide(double_divide(identity,identity),X0),double_divide(identity,identity)),double_divide(X1,identity)) [superposition 1302,14]
5594. double_divide(double_divide(X1,identity),X0) = double_divide(identity,double_divide(double_divide(double_divide(identity,identity),X0),double_divide(identity,double_divide(X1,identity)))) [forward demodulation 5517,5336]
5603. double_divide(double_divide(identity,double_divide(identity,double_divide(double_divide(X1,identity),X0))),identity) = double_divide(identity,double_divide(double_divide(X1,identity),double_divide(double_divide(double_divide(identity,identity),X0),double_divide(identity,identity)))) [forward demodulation 5508,3832]
5679. double_divide(double_divide(X1,identity),X0) = double_divide(identity,double_divide(X1,double_divide(double_divide(identity,identity),X0))) [forward demodulation 5594,1289]
5687. double_divide(double_divide(identity,double_divide(identity,double_divide(double_divide(X1,identity),X0))),identity) = double_divide(double_divide(double_divide(identity,identity),X0),double_divide(identity,double_divide(X1,identity))) [forward demodulation 5603,1289]
5759. double_divide(double_divide(X1,identity),X0) = double_divide(identity,double_divide(X1,double_divide(identity,X0))) [forward demodulation 5679,152]
5766. double_divide(double_divide(double_divide(identity,identity),X0),X1) = double_divide(double_divide(identity,double_divide(identity,double_divide(double_divide(X1,identity),X0))),identity) [forward demodulation 5687,642]
5821. double_divide(double_divide(double_divide(identity,identity),X0),X1) = double_divide(identity,double_divide(identity,double_divide(identity,double_divide(double_divide(X1,identity),X0)))) [forward demodulation 5766,609]
5866. double_divide(double_divide(double_divide(identity,identity),X0),X1) = double_divide(double_divide(double_divide(X1,identity),X0),identity) [forward demodulation 5821,1731]
5904. double_divide(double_divide(double_divide(identity,identity),X0),X1) = double_divide(identity,double_divide(double_divide(X1,identity),X0)) [forward demodulation 5866,609]
5936. double_divide(double_divide(identity,X0),X1) = double_divide(identity,double_divide(double_divide(X1,identity),X0)) [forward demodulation 5904,152]
7902. double_divide(X0,double_divide(X1,identity)) = double_divide(double_divide(X2,double_divide(double_divide(X1,double_divide(identity,X2)),X0)),double_divide(identity,identity)) [superposition 12,1759]
7923. double_divide(X0,double_divide(X1,identity)) = double_divide(double_divide(identity,identity),double_divide(X2,double_divide(double_divide(X1,double_divide(identity,X2)),X0))) [forward demodulation 7902,2287]
7973. double_divide(X0,double_divide(X1,identity)) = double_divide(double_divide(identity,identity),double_divide(X2,double_divide(identity,double_divide(X1,double_divide(X2,X0))))) [forward demodulation 7923,5336]
8015. double_divide(X0,double_divide(X1,identity)) = double_divide(identity,double_divide(X2,double_divide(identity,double_divide(X1,double_divide(X2,X0))))) [forward demodulation 7973,152]
8035. double_divide(X0,double_divide(X1,identity)) = double_divide(double_divide(X2,identity),double_divide(X1,double_divide(X2,X0))) [forward demodulation 8015,5759]
13126. double_divide(double_divide(X1,X0),identity) = double_divide(double_divide(double_divide(double_divide(identity,X0),identity),X1),identity) [superposition 392,299]
13336. double_divide(double_divide(X1,X0),identity) = double_divide(identity,double_divide(double_divide(double_divide(identity,X0),identity),X1)) [forward demodulation 13126,609]
13409. double_divide(double_divide(X1,X0),identity) = double_divide(double_divide(identity,X1),double_divide(identity,X0)) [forward demodulation 13336,5936]
13465. double_divide(identity,double_divide(X1,X0)) = double_divide(double_divide(identity,X1),double_divide(identity,X0)) [forward demodulation 13409,609]
15392. double_divide(double_divide(double_divide(identity,X1),X2),identity) = double_divide(double_divide(X2,double_divide(identity,double_divide(double_divide(X0,X1),X0))),double_divide(identity,identity)) [superposition 11,480]
15485. double_divide(double_divide(double_divide(identity,X1),X2),identity) = double_divide(double_divide(identity,identity),double_divide(X2,double_divide(identity,double_divide(double_divide(X0,X1),X0)))) [forward demodulation 15392,2287]
15827. double_divide(double_divide(double_divide(identity,X1),X2),identity) = double_divide(double_divide(double_divide(X0,X1),X0),double_divide(X2,identity)) [forward demodulation 15485,8035]
16141. double_divide(double_divide(double_divide(identity,X1),X2),identity) = double_divide(double_divide(X0,double_divide(X0,X1)),double_divide(X2,identity)) [forward demodulation 15827,1322]
16391. double_divide(X1,double_divide(X2,identity)) = double_divide(double_divide(double_divide(identity,X1),X2),identity) [forward demodulation 16141,1759]
16584. double_divide(X1,double_divide(X2,identity)) = double_divide(identity,double_divide(double_divide(identity,X1),X2)) [forward demodulation 16391,609]
21155. double_divide(double_divide(double_divide(double_divide(X0,X1),identity),double_divide(double_divide(identity,X2),double_divide(double_divide(X1,X0),identity))),double_divide(identity,identity)) = X2 [superposition 1,557]
21208. double_divide(double_divide(identity,identity),double_divide(double_divide(double_divide(X0,X1),identity),double_divide(double_divide(identity,X2),double_divide(double_divide(X1,X0),identity)))) = X2 [forward demodulation 21155,2287]
21357. double_divide(double_divide(identity,identity),double_divide(double_divide(double_divide(X0,X1),identity),double_divide(identity,double_divide(X2,double_divide(X1,X0))))) = X2 [forward demodulation 21208,657]
21490. double_divide(double_divide(X2,double_divide(X1,X0)),double_divide(double_divide(double_divide(X0,X1),identity),identity)) = X2 [forward demodulation 21357,8035]
21590. double_divide(double_divide(X2,double_divide(X1,X0)),double_divide(identity,double_divide(double_divide(X0,X1),identity))) = X2 [forward demodulation 21490,609]
21673. double_divide(double_divide(X2,double_divide(X1,X0)),double_divide(X0,X1)) = X2 [forward demodulation 21590,642]
21738. double_divide(double_divide(X0,X1),double_divide(X2,double_divide(X1,X0))) = X2 [forward demodulation 21673,1322]
131621. double_divide(X0,double_divide(X1,X2)) = double_divide(X0,double_divide(X2,X1)) [superposition 589,21738]
131631. double_divide(double_divide(X1,X2),X0) = double_divide(X0,double_divide(X2,X1)) [superposition 1759,21738]
445370. double_divide(double_divide(identity,X0),double_divide(X1,X2)) = double_divide(identity,double_divide(double_divide(identity,double_divide(X0,X1)),X2)) [superposition 2987,13465]
446235. double_divide(double_divide(identity,X0),double_divide(X1,X2)) = double_divide(double_divide(X0,X1),double_divide(X2,identity)) [forward demodulation 445370,16584]
458211. double_divide(identity,double_divide(c3,double_divide(identity,double_divide(b3,a3)))) != double_divide(double_divide(c3,b3),double_divide(a3,identity)) [superposition 820,16584]
458620. double_divide(identity,double_divide(c3,double_divide(identity,double_divide(b3,a3)))) != double_divide(double_divide(identity,a3),double_divide(c3,b3)) [forward demodulation 458211,2287]
458978. double_divide(identity,double_divide(c3,double_divide(identity,double_divide(b3,a3)))) != double_divide(double_divide(identity,a3),double_divide(b3,c3)) [forward demodulation 458620,131621]
459276. double_divide(double_divide(identity,a3),double_divide(b3,c3)) != double_divide(double_divide(c3,identity),double_divide(b3,a3)) [forward demodulation 458978,5759]
459523. double_divide(double_divide(identity,a3),double_divide(b3,c3)) != double_divide(double_divide(a3,b3),double_divide(c3,identity)) [forward demodulation 459276,131631]
459730. $false [forward subsumption resolution 459523,446235]
% SZS output end Proof for GRP579-1
% ------------------------------
% Version: Vampire 5.0.0 (Release build, commit 2e2c9b7b8 on 2026-01-17 12:24:14 +0100)
% Linked with Z3 4.14.0.0 3c47fd96cf5645d0c42b2c819d9e9a84380aa721 z3-4.8.4-9178-g3c47fd96c
% CaDiCaL version: 2.1.3
% Termination reason: Refutation
% Time elapsed: 5.074 s
% Peak memory usage: 120 MB
% Instructions burned: 17750 (million)
% ------------------------------
% ------------------------------
