% Running in auto input_syntax mode. Trying TPTP
% Refutation found. Thanks to Tanya!
% SZS status Unsatisfiable for GRP572-1_clausified
% SZS output start Proof for GRP572-1_clausified
1. double_divide(double_divide(X0,double_divide(double_divide(X1,double_divide(X0,X2)),double_divide(X2,identity))),double_divide(identity,identity)) = X1 [input(axiom)]
2. identity = double_divide(X0,double_divide(X0,identity)) [input(axiom)]
3. double_divide(double_divide(b,a),identity) != double_divide(double_divide(a,b),identity) [input(negated conjecture)]
4. double_divide(double_divide(X0,double_divide(double_divide(X1,identity),double_divide(double_divide(X0,identity),identity))),double_divide(identity,identity)) = X1 [superposition 1,2]
5. double_divide(double_divide(double_divide(X1,double_divide(double_divide(X0,double_divide(X1,X2)),double_divide(X2,identity))),double_divide(double_divide(X3,X0),double_divide(double_divide(identity,identity),identity))),double_divide(identity,identity)) = X3 [superposition 1,1]
6. double_divide(double_divide(X0,double_divide(identity,double_divide(identity,identity))),double_divide(identity,identity)) = X0 [superposition 1,2]
7. double_divide(X1,double_divide(double_divide(X0,double_divide(X1,X2)),double_divide(X2,identity))) = double_divide(double_divide(identity,double_divide(X0,double_divide(identity,identity))),double_divide(identity,identity)) [superposition 1,1]
8. double_divide(double_divide(X0,identity),double_divide(identity,identity)) = X0 [forward demodulation 6,2]
9. double_divide(X0,identity) = double_divide(double_divide(identity,double_divide(X0,double_divide(identity,identity))),double_divide(identity,identity)) [superposition 1,8]
11. double_divide(identity,identity) = double_divide(double_divide(identity,identity),double_divide(identity,identity)) [superposition 9,2]
13. double_divide(double_divide(X0,identity),identity) = double_divide(double_divide(identity,X0),double_divide(identity,identity)) [superposition 9,8]
21. identity = double_divide(identity,identity) [forward demodulation 11,8]
24. double_divide(double_divide(identity,double_divide(X0,double_divide(identity,identity))),double_divide(identity,identity)) = double_divide(X1,double_divide(double_divide(X0,identity),double_divide(double_divide(X1,identity),identity))) [superposition 1,4]
25. double_divide(double_divide(double_divide(X1,double_divide(double_divide(X0,identity),double_divide(double_divide(X1,identity),identity))),double_divide(double_divide(X2,X0),double_divide(double_divide(identity,identity),identity))),double_divide(identity,identity)) = X2 [superposition 1,4]
26. double_divide(double_divide(double_divide(X1,double_divide(double_divide(X0,identity),double_divide(double_divide(X1,identity),identity))),double_divide(double_divide(X2,X0),double_divide(identity,identity))),identity) = X2 [forward demodulation 25,21]
27. double_divide(X0,identity) = double_divide(X1,double_divide(double_divide(X0,identity),double_divide(double_divide(X1,identity),identity))) [forward demodulation 24,9]
29. double_divide(double_divide(double_divide(X1,double_divide(double_divide(X0,identity),double_divide(double_divide(X1,identity),identity))),double_divide(double_divide(X2,X0),identity)),identity) = X2 [forward demodulation 26,21]
30. double_divide(double_divide(double_divide(X0,identity),double_divide(double_divide(X2,X0),identity)),identity) = X2 [forward demodulation 29,27]
32. double_divide(X0,identity) = double_divide(double_divide(identity,double_divide(X0,identity)),identity) [superposition 9,21]
33. double_divide(double_divide(X0,identity),identity) = X0 [superposition 8,21]
48. double_divide(double_divide(identity,double_divide(X1,double_divide(identity,identity))),double_divide(identity,identity)) = double_divide(double_divide(X0,identity),double_divide(double_divide(X1,X0),double_divide(double_divide(identity,identity),identity))) [superposition 7,8]
59. double_divide(double_divide(identity,double_divide(X1,double_divide(identity,identity))),double_divide(identity,identity)) = double_divide(double_divide(X0,double_divide(X1,X2)),double_divide(double_divide(double_divide(identity,double_divide(X0,double_divide(identity,identity))),double_divide(identity,identity)),double_divide(double_divide(X2,identity),identity))) [superposition 7,7]
71. double_divide(double_divide(double_divide(identity,double_divide(X0,double_divide(identity,identity))),double_divide(identity,identity)),double_divide(identity,identity)) = X0 [superposition 1,7]
72. double_divide(double_divide(double_divide(X0,double_divide(X1,X2)),double_divide(double_divide(double_divide(identity,double_divide(X0,double_divide(identity,identity))),double_divide(identity,identity)),double_divide(double_divide(X2,identity),identity))),double_divide(identity,identity)) = X1 [superposition 1,7]
74. double_divide(X0,double_divide(double_divide(X1,double_divide(X0,X2)),double_divide(X2,identity))) = double_divide(X1,identity) [superposition 9,7]
84. double_divide(double_divide(double_divide(X0,double_divide(X1,X2)),double_divide(double_divide(double_divide(identity,double_divide(X0,identity)),identity),double_divide(double_divide(X2,identity),identity))),identity) = X1 [forward demodulation 72,21]
85. double_divide(double_divide(double_divide(identity,double_divide(X0,identity)),identity),identity) = X0 [forward demodulation 71,21]
96. double_divide(double_divide(identity,double_divide(X1,double_divide(identity,identity))),double_divide(identity,identity)) = double_divide(double_divide(X0,double_divide(X1,X2)),double_divide(double_divide(double_divide(identity,double_divide(X0,double_divide(identity,identity))),double_divide(identity,identity)),X2)) [forward demodulation 59,33]
107. double_divide(double_divide(identity,double_divide(X1,double_divide(identity,identity))),double_divide(identity,identity)) = double_divide(double_divide(X0,identity),double_divide(double_divide(X1,X0),identity)) [forward demodulation 48,33]
116. double_divide(double_divide(double_divide(X0,double_divide(X1,X2)),double_divide(double_divide(double_divide(identity,double_divide(X0,identity)),identity),X2)),identity) = X1 [forward demodulation 84,33]
117. double_divide(identity,double_divide(X0,identity)) = X0 [forward demodulation 85,33]
122. double_divide(double_divide(identity,double_divide(X1,double_divide(identity,identity))),double_divide(identity,identity)) = double_divide(double_divide(X0,double_divide(X1,X2)),double_divide(double_divide(X0,identity),X2)) [forward demodulation 96,9]
126. double_divide(X1,identity) = double_divide(double_divide(X0,identity),double_divide(double_divide(X1,X0),identity)) [forward demodulation 107,9]
131. double_divide(double_divide(double_divide(X0,double_divide(X1,X2)),double_divide(double_divide(X0,identity),X2)),identity) = X1 [forward demodulation 116,32]
133. double_divide(X1,identity) = double_divide(double_divide(X0,double_divide(X1,X2)),double_divide(double_divide(X0,identity),X2)) [forward demodulation 122,9]
152. double_divide(double_divide(identity,double_divide(double_divide(X1,X0),double_divide(double_divide(X0,identity),identity))),double_divide(identity,identity)) = X1 [superposition 1,117]
153. double_divide(double_divide(double_divide(double_divide(X1,X0),double_divide(double_divide(X0,identity),identity)),identity),identity) = X1 [forward demodulation 152,13]
159. double_divide(double_divide(X1,X0),double_divide(double_divide(X0,identity),identity)) = X1 [forward demodulation 153,33]
164. double_divide(double_divide(X1,X0),X0) = X1 [forward demodulation 159,33]
372. double_divide(X0,identity) = double_divide(identity,X0) [superposition 117,164]
378. double_divide(X0,X2) = double_divide(double_divide(double_divide(X1,double_divide(double_divide(X2,double_divide(X1,X3)),double_divide(X3,identity))),double_divide(X0,double_divide(double_divide(identity,identity),identity))),double_divide(identity,identity)) [superposition 5,164]
385. double_divide(X0,X2) = double_divide(double_divide(double_divide(X1,double_divide(double_divide(X2,double_divide(X1,X3)),double_divide(X3,identity))),double_divide(X0,double_divide(identity,identity))),identity) [forward demodulation 378,21]
409. double_divide(X0,X2) = double_divide(identity,double_divide(double_divide(X1,double_divide(double_divide(X2,double_divide(X1,X3)),double_divide(X3,identity))),double_divide(X0,double_divide(identity,identity)))) [forward demodulation 385,372]
428. double_divide(X0,X2) = double_divide(identity,double_divide(double_divide(X1,double_divide(double_divide(X2,double_divide(X1,X3)),double_divide(X3,identity))),double_divide(X0,identity))) [forward demodulation 409,21]
441. double_divide(X0,X2) = double_divide(identity,double_divide(double_divide(X2,identity),double_divide(X0,identity))) [forward demodulation 428,74]
690. double_divide(double_divide(X1,identity),double_divide(X0,identity)) = double_divide(double_divide(X0,X1),identity) [superposition 126,164]
691. double_divide(double_divide(X1,identity),identity) = double_divide(double_divide(double_divide(double_divide(X0,X1),identity),identity),X0) [superposition 126,30]
721. double_divide(double_divide(X1,identity),identity) = double_divide(double_divide(identity,double_divide(double_divide(X0,X1),identity)),X0) [forward demodulation 691,372]
722. double_divide(identity,double_divide(X0,X1)) = double_divide(double_divide(X1,identity),double_divide(X0,identity)) [forward demodulation 690,372]
746. double_divide(double_divide(X1,identity),identity) = double_divide(double_divide(X0,X1),X0) [forward demodulation 721,117]
765. double_divide(identity,double_divide(X1,identity)) = double_divide(double_divide(X0,X1),X0) [forward demodulation 746,372]
780. double_divide(double_divide(X0,X1),X0) = X1 [forward demodulation 765,117]
864. double_divide(X0,X1) = double_divide(X1,X0) [superposition 164,780]
1042. double_divide(double_divide(X0,identity),double_divide(double_divide(X1,identity),identity)) = double_divide(double_divide(X0,identity),X1) [superposition 780,27]
1045. double_divide(double_divide(X0,identity),X1) = double_divide(identity,double_divide(double_divide(X1,identity),X0)) [forward demodulation 1042,722]
1269. double_divide(X1,double_divide(X0,X2)) = double_divide(double_divide(double_divide(double_divide(double_divide(X1,identity),X2),identity),X0),identity) [superposition 30,131]
1309. double_divide(X1,double_divide(X0,X2)) = double_divide(identity,double_divide(double_divide(double_divide(double_divide(X1,identity),X2),identity),X0)) [forward demodulation 1269,372]
1372. double_divide(X1,double_divide(X0,X2)) = double_divide(double_divide(X0,identity),double_divide(double_divide(X1,identity),X2)) [forward demodulation 1309,1045]
1796. double_divide(X1,double_divide(X0,X2)) = double_divide(double_divide(double_divide(X1,identity),double_divide(double_divide(X0,identity),double_divide(X2,identity))),double_divide(identity,identity)) [superposition 1,133]
1813. double_divide(X1,double_divide(X0,X2)) = double_divide(double_divide(identity,identity),double_divide(double_divide(X1,identity),double_divide(double_divide(X0,identity),double_divide(X2,identity)))) [forward demodulation 1796,864]
1873. double_divide(X1,double_divide(X0,X2)) = double_divide(X1,double_divide(identity,double_divide(double_divide(X0,identity),double_divide(X2,identity)))) [forward demodulation 1813,1372]
1923. double_divide(X1,double_divide(X0,X2)) = double_divide(X1,double_divide(X2,X0)) [forward demodulation 1873,441]
2102. double_divide(double_divide(b,a),identity) != double_divide(identity,double_divide(a,b)) [superposition 3,372]
2129. double_divide(double_divide(b,a),identity) != double_divide(identity,double_divide(b,a)) [forward demodulation 2102,1923]
2166. $false [forward subsumption resolution 2129,372]
% SZS output end Proof for GRP572-1_clausified
% ------------------------------
% Version: Vampire 5.0.0 (Release build, commit 2e2c9b7b8 on 2026-01-17 12:24:14 +0100)
% Linked with Z3 4.14.0.0 3c47fd96cf5645d0c42b2c819d9e9a84380aa721 z3-4.8.4-9178-g3c47fd96c
% CaDiCaL version: 2.1.3
% Termination reason: Refutation
% Time elapsed: 0.025 s
% Peak memory usage: 59 MB
% Instructions burned: 73 (million)
% ------------------------------
% ------------------------------
