% Running in auto input_syntax mode. Trying TPTP
% Refutation found. Thanks to Tanya!
% SZS status Theorem for GRP702+1
% SZS output start Proof for GRP702+1
1. ! [X0,X1] : mult(X1,ld(X1,X0)) = X0 [input(axiom)]
2. ! [X0,X1] : ld(X1,mult(X1,X0)) = X0 [input(axiom)]
8. ! [X0,X1] : mult(op_c,mult(X1,X0)) = mult(mult(op_c,X1),X0) [input(axiom)]
10. ! [X0,X1] : mult(X1,mult(op_c,X0)) = mult(mult(X1,op_c),X0) [input(axiom)]
11. ! [X0] : op_d = ld(X0,mult(op_c,X0)) [input(axiom)]
14. ! [X0,X1] : (mult(op_d,mult(X0,X1)) = mult(mult(op_d,X0),X1) & mult(X0,mult(X1,op_d)) = mult(mult(X0,X1),op_d) & mult(X0,mult(op_d,X1)) = mult(mult(X0,op_d),X1)) [input(conjecture)]
15. ~! [X0,X1] : (mult(op_d,mult(X0,X1)) = mult(mult(op_d,X0),X1) & mult(X0,mult(X1,op_d)) = mult(mult(X0,X1),op_d) & mult(X0,mult(op_d,X1)) = mult(mult(X0,op_d),X1)) [negated conjecture 14]
16. ? [X0,X1] : (mult(op_d,mult(X0,X1)) != mult(mult(op_d,X0),X1) | mult(X0,mult(X1,op_d)) != mult(mult(X0,X1),op_d) | mult(X0,mult(op_d,X1)) != mult(mult(X0,op_d),X1)) [ennf transformation 15]
17. ? [X0,X1] : (mult(op_d,mult(X0,X1)) != mult(mult(op_d,X0),X1) | mult(X0,mult(X1,op_d)) != mult(mult(X0,X1),op_d) | mult(X0,mult(op_d,X1)) != mult(mult(X0,op_d),X1)) => (mult(op_d,mult(sK0,sK1)) != mult(mult(op_d,sK0),sK1) | mult(sK0,mult(sK1,op_d)) != mult(mult(sK0,sK1),op_d) | mult(sK0,mult(op_d,sK1)) != mult(mult(sK0,op_d),sK1)) [skolem symbol introduction]
18. mult(op_d,mult(sK0,sK1)) != mult(mult(op_d,sK0),sK1) | mult(sK0,mult(sK1,op_d)) != mult(mult(sK0,sK1),op_d) | mult(sK0,mult(op_d,sK1)) != mult(mult(sK0,op_d),sK1) [skolemisation 16,17]
19. mult(X1,ld(X1,X0)) = X0 [cnf transformation 1]
20. ld(X1,mult(X1,X0)) = X0 [cnf transformation 2]
26. mult(op_c,mult(X1,X0)) = mult(mult(op_c,X1),X0) [cnf transformation 8]
28. mult(X1,mult(op_c,X0)) = mult(mult(X1,op_c),X0) [cnf transformation 10]
29. op_d = ld(X0,mult(op_c,X0)) [cnf transformation 11]
32. mult(op_d,mult(sK0,sK1)) != mult(mult(op_d,sK0),sK1) | mult(sK0,mult(sK1,op_d)) != mult(mult(sK0,sK1),op_d) | mult(sK0,mult(op_d,sK1)) != mult(mult(sK0,op_d),sK1) [cnf transformation 18]
34. 1 <=> mult(sK0,mult(op_d,sK1)) = mult(mult(sK0,op_d),sK1) [avatar definition]
35. mult(sK0,mult(op_d,sK1)) = mult(mult(sK0,op_d),sK1) <- (1) [avatar component clause 34]
36. mult(sK0,mult(op_d,sK1)) != mult(mult(sK0,op_d),sK1) <- (~1) [avatar component clause 34]
38. 2 <=> mult(sK0,mult(sK1,op_d)) = mult(mult(sK0,sK1),op_d) [avatar definition]
40. mult(sK0,mult(sK1,op_d)) != mult(mult(sK0,sK1),op_d) <- (~2) [avatar component clause 38]
42. 3 <=> mult(op_d,mult(sK0,sK1)) = mult(mult(op_d,sK0),sK1) [avatar definition]
44. mult(op_d,mult(sK0,sK1)) != mult(mult(op_d,sK0),sK1) <- (~3) [avatar component clause 42]
45. ~1 | ~2 | ~3 [avatar split clause 32,42,38,34]
68. op_c = op_d [superposition 20,29]
69. mult(op_c,X0) = mult(X0,op_d) [superposition 19,29]
75. mult(sK0,mult(op_c,sK1)) != mult(mult(sK0,op_c),sK1) <- (~1) [superposition 36,68]
76. $false <- (~1) [forward subsumption resolution 75,28]
77. 1 [avatar contradiction clause 76]
78. mult(sK0,mult(op_d,sK1)) = mult(mult(op_c,sK0),sK1) <- (1) [forward demodulation 35,69]
79. mult(sK0,mult(sK1,op_d)) != mult(op_c,mult(sK0,sK1)) <- (~2) [forward demodulation 40,69]
80. mult(sK0,mult(op_d,sK1)) = mult(op_c,mult(sK0,sK1)) <- (1) [forward demodulation 78,26]
81. mult(sK0,mult(op_c,sK1)) != mult(op_c,mult(sK0,sK1)) <- (~2) [forward demodulation 79,69]
82. mult(sK0,mult(op_c,sK1)) = mult(op_c,mult(sK0,sK1)) <- (1) [forward demodulation 80,68]
83. $false <- (1, ~2) [forward subsumption resolution 82,81]
84. ~1 | 2 [avatar contradiction clause 83]
86. mult(mult(op_c,sK0),sK1) != mult(op_c,mult(sK0,sK1)) <- (~3) [forward demodulation 44,68]
88. $false <- (~3) [forward subsumption resolution 86,26]
89. 3 [avatar contradiction clause 88]
s1. ~3 | ~2 | ~1 [sat_conversion 45]
s2. 1 [sat_conversion 77]
s3. ~1 | 2 [sat_conversion 84]
s4. 3 [sat_conversion 89]
s5. 2 [rat s3,s2]
s6. # [rat s1,s2,s5,s4]
90. $false [avatar sat refutation s6]
% SZS output end Proof for GRP702+1
% ------------------------------
% Version: Vampire 5.0.0 (Release build, commit 2e2c9b7b8 on 2026-01-17 12:24:14 +0100)
% Linked with Z3 4.14.0.0 3c47fd96cf5645d0c42b2c819d9e9a84380aa721 z3-4.8.4-9178-g3c47fd96c
% CaDiCaL version: 2.1.3
% Termination reason: Refutation
% Time elapsed: 0.002 s
% Peak memory usage: 58 MB
% Instructions burned: 5 (million)
% ------------------------------
% ------------------------------
