% Running in auto input_syntax mode. Trying TPTP
% Refutation found. Thanks to Tanya!
% SZS status Unsatisfiable for GRP660+2_clausified
% SZS output start Proof for GRP660+2_clausified
1. mult(X0,ld(X0,X1)) = X1 [input(axiom)]
2. ld(X0,mult(X0,X1)) = X1 [input(axiom)]
3. mult(rd(X0,X1),X1) = X0 [input(axiom)]
4. rd(mult(X0,X1),X1) = X0 [input(axiom)]
5. mult(mult(mult(X0,X1),X2),X0) = mult(X0,mult(X1,mult(X2,X0))) [input(axiom)]
6. sK0 != mult(sK0,rd(sK1,sK1)) | sK0 != mult(rd(sK1,sK1),sK0) [input(negated conjecture)]
8. 1 <=> sK0 = mult(rd(sK1,sK1),sK0) [avatar definition]
10. sK0 != mult(rd(sK1,sK1),sK0) <- (~1) [avatar component clause 8]
12. 2 <=> sK0 = mult(sK0,rd(sK1,sK1)) [avatar definition]
14. sK0 != mult(sK0,rd(sK1,sK1)) <- (~2) [avatar component clause 12]
15. ~1 | ~2 [avatar split clause 6,12,8]
16. ld(rd(X0,X1),X0) = X1 [superposition 2,3]
17. rd(X0,ld(X1,X0)) = X1 [superposition 4,1]
18. mult(X1,mult(ld(X1,X0),mult(X2,X1))) = mult(mult(X0,X2),X1) [superposition 5,1]
22. mult(X0,X1) = mult(X1,mult(X2,mult(ld(mult(X1,X2),X0),X1))) [superposition 5,1]
23. mult(mult(X0,X1),X2) = rd(mult(X0,mult(X1,mult(X2,X0))),X0) [superposition 4,5]
33. mult(mult(X2,rd(X0,X1)),X1) = mult(X1,mult(ld(X1,X2),X0)) [superposition 18,3]
36. rd(mult(mult(X0,X1),X2),mult(ld(X2,X0),mult(X1,X2))) = X2 [superposition 4,18]
37. mult(ld(X2,X0),mult(X1,X2)) = ld(X2,mult(mult(X0,X1),X2)) [superposition 2,18]
50. mult(X2,mult(ld(mult(X1,X2),X0),X1)) = ld(X1,mult(X0,X1)) [superposition 2,22]
65. mult(mult(X1,X2),rd(X0,X1)) = rd(mult(X1,mult(X2,X0)),X1) [superposition 23,3]
69. mult(mult(X1,rd(X0,mult(X2,X1))),X2) = rd(mult(X1,X0),X1) [superposition 23,3]
120. mult(X0,X2) = mult(X2,mult(ld(X2,rd(X0,rd(X1,X2))),X1)) [superposition 33,3]
127. ld(mult(X1,rd(X2,X0)),mult(X0,mult(ld(X0,X1),X2))) = X0 [superposition 2,33]
176. rd(mult(X0,X2),mult(ld(X2,rd(X0,X1)),mult(X1,X2))) = X2 [superposition 36,3]
262. ld(X1,mult(X0,X1)) = mult(ld(X1,X2),mult(ld(X2,X0),X1)) [superposition 37,1]
265. ld(X1,mult(X0,X1)) = mult(ld(X1,rd(X0,X2)),mult(X2,X1)) [superposition 37,3]
388. ld(rd(X0,X1),mult(X2,rd(X0,X1))) = mult(X1,mult(ld(X0,X2),rd(X0,X1))) [superposition 50,3]
407. mult(ld(mult(X0,X2),X1),X0) = ld(X2,ld(X0,mult(X1,X0))) [superposition 2,50]
408. rd(ld(X0,mult(X1,X0)),mult(ld(mult(X0,X2),X1),X0)) = X2 [superposition 4,50]
452. rd(mult(X1,X0),X1) = mult(mult(X1,X2),rd(ld(X2,X0),X1)) [superposition 65,1]
514. mult(ld(X2,X0),mult(rd(X1,mult(X2,X0)),X2)) = ld(X2,rd(mult(X0,X1),X0)) [superposition 37,69]
515. rd(rd(mult(X0,X1),X0),mult(ld(X2,X0),mult(rd(X1,mult(X2,X0)),X2))) = X2 [superposition 36,69]
519. ld(mult(X0,rd(X1,mult(X2,X0))),rd(mult(X0,X1),X0)) = X2 [superposition 2,69]
520. mult(X0,rd(X1,mult(X2,X0))) = rd(rd(mult(X0,X1),X0),X2) [superposition 4,69]
549. mult(X0,rd(X1,mult(mult(ld(X2,X0),mult(rd(X1,mult(X2,X0)),X2)),X0))) = X2 [forward demodulation 515,520]
553. mult(X0,rd(X1,mult(ld(X2,rd(mult(X0,X1),X0)),X0))) = X2 [forward demodulation 549,514]
775. ld(mult(X1,rd(ld(ld(X2,X1),X0),X2)),mult(X2,X0)) = X2 [superposition 127,1]
1264. ld(X0,X2) = rd(ld(X0,mult(X1,X0)),mult(ld(X2,X1),X0)) [superposition 4,262]
1516. ld(X0,rd(X1,X2)) = rd(ld(X0,mult(X1,X0)),mult(X2,X0)) [superposition 4,265]
2013. mult(ld(mult(X1,X2),rd(X0,X1)),X1) = ld(X2,ld(X1,X0)) [superposition 407,3]
2015. ld(X1,X0) = mult(ld(mult(X0,X1),X0),X0) [superposition 407,2]
2229. ld(ld(X1,X0),X1) = mult(ld(X0,X1),X1) [superposition 2015,1]
2256. ld(mult(X1,X0),X1) = rd(ld(X0,X1),X1) [superposition 4,2015]
2561. ld(X1,X0) = rd(X1,mult(ld(X0,X1),X1)) [superposition 17,2229]
2725. ld(X0,rd(X0,X1)) = rd(ld(X1,rd(X0,X1)),rd(X0,X1)) [superposition 2256,3]
2733. mult(X1,X0) = rd(X1,rd(ld(X0,X1),X1)) [superposition 17,2256]
2949. rd(X1,mult(X0,X1)) = ld(X1,rd(X1,X0)) [superposition 2561,16]
3296. mult(X1,rd(X1,X0)) = rd(X1,rd(X0,X1)) [superposition 2733,16]
3757. rd(X0,X1) = mult(X0,rd(X0,mult(X1,X0))) [superposition 1,2949]
5505. rd(mult(X1,X2),X1) = mult(X0,rd(ld(ld(X1,X0),X2),X1)) [superposition 452,1]
5528. rd(mult(rd(X0,X1),X2),rd(X0,X1)) = mult(X0,rd(ld(X1,X2),rd(X0,X1))) [superposition 452,3]
7359. ld(mult(X1,rd(ld(X1,X0),mult(X2,X1))),rd(X0,X1)) = X2 [superposition 519,1]
7956. rd(rd(X0,X1),X2) = mult(X1,rd(ld(X1,X0),mult(X2,X1))) [superposition 520,1]
8309. ld(X1,X0) = rd(X2,mult(ld(X0,rd(mult(X1,X2),X1)),X1)) [superposition 2,553]
8357. rd(X2,mult(ld(X0,rd(mult(X1,X2),X1)),X1)) = rd(X0,mult(ld(rd(X2,mult(ld(X0,rd(mult(X1,X2),X1)),X1)),rd(X1,X3)),mult(X3,rd(X2,mult(ld(X0,rd(mult(X1,X2),X1)),X1))))) [superposition 176,553]
8367. ld(rd(X1,mult(ld(X0,rd(mult(X2,X1),X2)),X2)),mult(X3,rd(X1,mult(ld(X0,rd(mult(X2,X1),X2)),X2)))) = mult(ld(rd(X1,mult(ld(X0,rd(mult(X2,X1),X2)),X2)),rd(X3,X2)),X0) [superposition 265,553]
8410. mult(ld(rd(X1,mult(ld(X0,rd(mult(X2,X1),X2)),X2)),rd(X3,X2)),X0) = mult(mult(ld(X0,rd(mult(X2,X1),X2)),X2),mult(ld(X1,X3),rd(X1,mult(ld(X0,rd(mult(X2,X1),X2)),X2)))) [forward demodulation 8367,388]
8412. rd(X2,mult(ld(X0,rd(mult(X1,X2),X1)),X1)) = rd(X0,ld(rd(X2,mult(ld(X0,rd(mult(X1,X2),X1)),X1)),mult(X1,rd(X2,mult(ld(X0,rd(mult(X1,X2),X1)),X1))))) [forward demodulation 8357,265]
8470. mult(ld(ld(X2,X0),rd(X3,X2)),X0) = mult(mult(ld(X0,rd(mult(X2,X1),X2)),X2),mult(ld(X1,X3),ld(X2,X0))) [forward demodulation 8410,8309]
8471. rd(X2,mult(ld(X0,rd(mult(X1,X2),X1)),X1)) = rd(X0,mult(mult(ld(X0,rd(mult(X1,X2),X1)),X1),mult(ld(X2,X1),rd(X2,mult(ld(X0,rd(mult(X1,X2),X1)),X1))))) [forward demodulation 8412,388]
8499. ld(X1,X0) = rd(X0,mult(mult(ld(X0,rd(mult(X1,X2),X1)),X1),mult(ld(X2,X1),ld(X1,X0)))) [forward demodulation 8471,8309]
8513. ld(X1,X0) = rd(X0,mult(ld(ld(X1,X0),rd(X1,X1)),X0)) [forward demodulation 8499,8470]
10797. rd(X0,X2) = ld(mult(X1,rd(ld(ld(rd(X0,X2),X1),X2),rd(X0,X2))),X0) [superposition 775,3]
10804. mult(X0,mult(X0,X1)) = ld(rd(ld(ld(X0,mult(X0,X1)),X1),X0),mult(X0,X1)) [superposition 2015,775]
10808. rd(ld(ld(X0,X1),X2),X0) = rd(ld(X1,mult(mult(X0,X2),X1)),mult(X0,X1)) [superposition 408,775]
10850. ld(X1,rd(mult(X0,X2),X0)) = rd(ld(ld(X0,X1),X2),X0) [forward demodulation 10808,1516]
10853. mult(X0,mult(X0,X1)) = ld(rd(ld(X1,X1),X0),mult(X0,X1)) [forward demodulation 10804,2]
10860. rd(X0,X2) = ld(rd(mult(rd(X0,X2),X2),rd(X0,X2)),X0) [forward demodulation 10797,5505]
10914. rd(X0,X2) = ld(mult(X0,rd(ld(X2,X2),rd(X0,X2))),X0) [forward demodulation 10860,5528]
10952. rd(X0,X2) = rd(ld(rd(ld(X2,X2),rd(X0,X2)),X0),X0) [forward demodulation 10914,2256]
11221. ld(X1,X2) = rd(ld(X1,X0),mult(ld(X2,rd(X0,X1)),X1)) [superposition 1264,3]
13597. ld(ld(X1,X0),ld(X1,X2)) = mult(ld(X0,rd(X2,X1)),X1) [superposition 2013,1]
13632. ld(X1,ld(rd(X0,X1),X2)) = mult(ld(X0,rd(X2,rd(X0,X1))),rd(X0,X1)) [superposition 2013,3]
13677. ld(mult(X1,X0),rd(X2,X1)) = rd(ld(X0,ld(X1,X2)),X1) [superposition 4,2013]
16969. mult(X2,rd(ld(X2,X1),X0)) = rd(rd(X1,X2),rd(X0,X2)) [superposition 7956,3]
19481. ld(ld(X0,X1),X1) = mult(ld(ld(X0,X1),rd(X0,X0)),X1) [superposition 16,8513]
23644. mult(X0,X1) = mult(rd(ld(X1,X1),X0),mult(X0,mult(X0,X1))) [superposition 1,10853]
24425. rd(X0,rd(X0,X1)) = mult(X0,rd(ld(X1,X1),rd(X0,X1))) [superposition 2733,10952]
31763. ld(X0,ld(X0,X0)) = rd(ld(X0,X0),ld(ld(X0,X0),X0)) [superposition 11221,19481]
32031. ld(X0,ld(X0,X0)) = rd(ld(X0,X0),mult(ld(X0,X0),X0)) [forward demodulation 31763,2229]
45231. mult(ld(X0,X0),X0) = mult(rd(ld(X0,X0),ld(X0,X0)),ld(X0,mult(X0,X0))) [superposition 23644,262]
45613. mult(ld(X0,X0),X0) = mult(rd(ld(X0,X0),ld(X0,X0)),X0) [forward demodulation 45231,2]
47733. rd(rd(X0,X0),ld(X0,X0)) = mult(X0,ld(X0,ld(X0,X0))) [superposition 7956,32031]
47740. rd(mult(X0,ld(X0,X0)),X0) = mult(mult(X0,ld(X0,ld(X0,X0))),ld(X0,X0)) [superposition 69,32031]
47804. rd(mult(X0,ld(X0,X0)),X0) = mult(ld(X0,X0),ld(X0,X0)) [forward demodulation 47740,1]
47809. ld(X0,X0) = rd(rd(X0,X0),ld(X0,X0)) [forward demodulation 47733,1]
47822. rd(X0,X0) = mult(ld(X0,X0),ld(X0,X0)) [forward demodulation 47804,1]
48776. ld(rd(X0,X0),ld(X0,X0)) = rd(ld(ld(X0,X0),ld(X0,X0)),ld(X0,X0)) [superposition 2725,47809]
48804. ld(rd(X0,X0),ld(X0,X0)) = rd(mult(ld(X0,rd(X0,X0)),X0),ld(X0,X0)) [forward demodulation 48776,13597]
48829. ld(rd(X0,X0),ld(X0,X0)) = rd(mult(rd(X0,mult(X0,X0)),X0),ld(X0,X0)) [forward demodulation 48804,2949]
68824. rd(ld(X0,X0),ld(X0,X0)) = ld(mult(X0,rd(ld(X0,X1),mult(ld(X0,X0),X0))),rd(X1,X0)) [superposition 7359,45613]
69107. ld(X0,X0) = rd(ld(X0,X0),ld(X0,X0)) [forward demodulation 68824,7359]
71256. ld(X0,X0) = mult(ld(X0,X0),ld(X0,X0)) [superposition 3,69107]
71259. mult(mult(X1,ld(X0,X0)),ld(X0,X0)) = mult(ld(X0,X0),mult(ld(ld(X0,X0),X1),ld(X0,X0))) [superposition 33,69107]
71288. rd(ld(X0,X0),ld(X0,X0)) = mult(ld(X0,X0),ld(X0,X0)) [superposition 3296,69107]
71302. rd(ld(X0,X0),ld(X0,X0)) = mult(ld(X0,X0),rd(ld(ld(X0,X0),ld(X0,X0)),ld(X0,X0))) [superposition 24425,69107]
71309. rd(ld(X0,X0),ld(X0,X0)) = mult(ld(X0,X0),rd(mult(ld(X0,rd(X0,X0)),X0),ld(X0,X0))) [forward demodulation 71302,13597]
71322. rd(X0,X0) = rd(ld(X0,X0),ld(X0,X0)) [forward demodulation 71288,47822]
71347. ld(X0,X0) = rd(X0,X0) [forward demodulation 71256,47822]
71362. rd(ld(X0,X0),ld(X0,X0)) = mult(ld(X0,X0),rd(mult(rd(X0,mult(X0,X0)),X0),ld(X0,X0))) [forward demodulation 71309,2949]
71395. rd(ld(X0,X0),ld(X0,X0)) = mult(ld(X0,X0),ld(rd(X0,X0),ld(X0,X0))) [forward demodulation 71362,48829]
71421. rd(rd(X0,X0),rd(X0,X0)) = mult(rd(X0,X0),ld(rd(X0,X0),rd(X0,X0))) [forward demodulation 71395,71347]
71436. rd(X0,X0) = rd(rd(X0,X0),rd(X0,X0)) [forward demodulation 71421,1]
71445. rd(X0,X0) = mult(X0,rd(ld(X0,X0),X0)) [forward demodulation 71436,16969]
71451. rd(X0,X0) = mult(X0,rd(rd(X0,X0),X0)) [forward demodulation 71445,71347]
72030. rd(X0,X0) = mult(rd(X0,X0),rd(X0,X0)) [superposition 47822,71347]
72032. mult(X0,rd(X0,X0)) = X0 [superposition 1,71347]
73485. ld(ld(X0,X0),mult(X1,ld(X0,X0))) = mult(ld(X0,X0),mult(ld(ld(X0,X0),X1),ld(X0,X0))) [superposition 388,69107]
73512. mult(X1,mult(ld(X0,mult(X2,rd(X3,rd(X0,X1)))),rd(X0,X1))) = ld(rd(X0,X1),mult(rd(X0,X1),mult(ld(rd(X0,X1),X2),X3))) [superposition 388,33]
73518. mult(ld(rd(X1,X0),X2),mult(X3,rd(X1,X0))) = mult(X0,mult(ld(X1,mult(X2,X3)),rd(X1,X0))) [superposition 37,388]
73572. mult(ld(rd(X0,X1),X2),X3) = mult(X1,mult(ld(X0,mult(X2,rd(X3,rd(X0,X1)))),rd(X0,X1))) [forward demodulation 73512,2]
73594. ld(ld(X0,X0),mult(X1,ld(X0,X0))) = mult(mult(X1,ld(X0,X0)),ld(X0,X0)) [forward demodulation 73485,71259]
73616. mult(mult(X1,rd(X0,X0)),rd(X0,X0)) = ld(rd(X0,X0),mult(X1,rd(X0,X0))) [forward demodulation 73594,71347]
73621. mult(mult(X1,rd(X0,X0)),rd(X0,X0)) = mult(X0,mult(ld(X0,X1),rd(X0,X0))) [forward demodulation 73616,388]
73649. mult(X1,ld(X0,X0)) = mult(ld(X0,X0),mult(ld(ld(X0,X0),rd(X1,rd(X0,X0))),ld(X0,X0))) [superposition 120,71322]
73714. mult(X1,ld(X0,X0)) = mult(mult(rd(X1,rd(X0,X0)),ld(X0,X0)),ld(X0,X0)) [forward demodulation 73649,71259]
73763. mult(X1,rd(X0,X0)) = mult(mult(rd(X1,rd(X0,X0)),rd(X0,X0)),rd(X0,X0)) [forward demodulation 73714,71347]
73800. mult(X1,rd(X0,X0)) = mult(X0,mult(ld(X0,rd(X1,rd(X0,X0))),rd(X0,X0))) [forward demodulation 73763,73621]
73826. mult(X1,rd(X0,X0)) = mult(X0,ld(X0,ld(rd(X0,X0),X1))) [forward demodulation 73800,13632]
73843. ld(rd(X0,X0),X1) = mult(X1,rd(X0,X0)) [forward demodulation 73826,1]
74839. ld(ld(X0,X0),rd(mult(ld(X0,X0),X1),ld(X0,X0))) = mult(ld(ld(X0,X0),ld(X0,X0)),mult(rd(X1,rd(X0,X0)),ld(X0,X0))) [superposition 514,47822]
74969. ld(rd(X0,X0),rd(mult(rd(X0,X0),X1),rd(X0,X0))) = mult(ld(rd(X0,X0),rd(X0,X0)),mult(rd(X1,rd(X0,X0)),rd(X0,X0))) [forward demodulation 74839,71347]
75022. ld(rd(X0,X0),rd(mult(rd(X0,X0),X1),rd(X0,X0))) = mult(X0,mult(ld(X0,mult(rd(X0,X0),rd(X1,rd(X0,X0)))),rd(X0,X0))) [forward demodulation 74969,73518]
75059. mult(ld(rd(X0,X0),rd(X0,X0)),X1) = ld(rd(X0,X0),rd(mult(rd(X0,X0),X1),rd(X0,X0))) [forward demodulation 75022,73572]
75079. mult(ld(rd(X0,X0),rd(X0,X0)),X1) = rd(ld(ld(rd(X0,X0),rd(X0,X0)),X1),rd(X0,X0)) [forward demodulation 75059,10850]
75094. mult(rd(rd(X0,X0),rd(X0,X0)),X1) = rd(ld(rd(rd(X0,X0),rd(X0,X0)),X1),rd(X0,X0)) [forward demodulation 75079,71347]
75103. mult(rd(rd(X0,X0),rd(X0,X0)),X1) = rd(mult(X1,rd(rd(X0,X0),rd(X0,X0))),rd(X0,X0)) [forward demodulation 75094,73843]
75107. mult(mult(X0,rd(ld(X0,X0),X0)),X1) = rd(mult(X1,mult(X0,rd(ld(X0,X0),X0))),rd(X0,X0)) [forward demodulation 75103,16969]
75108. mult(mult(X0,rd(rd(X0,X0),X0)),X1) = rd(mult(X1,mult(X0,rd(rd(X0,X0),X0))),rd(X0,X0)) [forward demodulation 75107,71347]
75109. mult(rd(X0,X0),X1) = rd(mult(X1,rd(X0,X0)),rd(X0,X0)) [forward demodulation 75108,71451]
75110. mult(rd(X0,X0),X1) = X1 [forward demodulation 75109,4]
75148. sK0 != sK0 <- (~1) [superposition 10,75110]
75153. mult(rd(X1,X1),mult(X0,mult(X2,rd(X1,X1)))) = mult(mult(X0,X2),rd(X1,X1)) [superposition 5,75110]
75218. ld(mult(rd(X1,X1),rd(X0,mult(X2,rd(X1,X1)))),rd(X0,rd(X1,X1))) = X2 [superposition 519,75110]
75230. ld(X0,ld(rd(X1,X1),X2)) = mult(ld(X0,rd(X2,rd(X1,X1))),rd(X1,X1)) [superposition 2013,75110]
75235. rd(X0,rd(X1,X1)) = mult(X0,rd(X0,X0)) [superposition 3757,75110]
75342. $false <- (~1) [trivial inequality removal 75148]
75343. 1 [avatar contradiction clause 75342]
75411. rd(X0,rd(X1,X1)) = X0 [forward demodulation 75235,72032]
75412. mult(ld(X0,rd(X2,rd(X1,X1))),rd(X1,X1)) = ld(X0,mult(X2,rd(X1,X1))) [forward demodulation 75230,73843]
75422. rd(ld(rd(X0,mult(X2,rd(X1,X1))),ld(rd(X1,X1),X0)),rd(X1,X1)) = X2 [forward demodulation 75218,13677]
75464. mult(X0,mult(X2,rd(X1,X1))) = mult(mult(X0,X2),rd(X1,X1)) [forward demodulation 75153,75110]
75523. mult(ld(X0,X2),rd(X1,X1)) = ld(X0,mult(X2,rd(X1,X1))) [forward demodulation 75412,75411]
75531. ld(rd(X0,mult(X2,rd(X1,X1))),ld(rd(X1,X1),X0)) = X2 [forward demodulation 75422,75411]
75591. ld(rd(X0,mult(X2,rd(X1,X1))),mult(X0,rd(X1,X1))) = X2 [forward demodulation 75531,73843]
75624. mult(ld(rd(X0,mult(X2,rd(X1,X1))),X0),rd(X1,X1)) = X2 [forward demodulation 75591,75523]
75639. mult(mult(X2,rd(X1,X1)),rd(X1,X1)) = X2 [forward demodulation 75624,16]
75644. mult(X2,mult(rd(X1,X1),rd(X1,X1))) = X2 [forward demodulation 75639,75464]
75648. mult(X2,rd(X1,X1)) = X2 [forward demodulation 75644,72030]
75652. $false <- (~2) [forward subsumption resolution 14,75648]
75653. 2 [avatar contradiction clause 75652]
s1. ~2 | ~1 [sat_conversion 15]
s2. 1 [sat_conversion 75343]
s3. 2 [sat_conversion 75653]
s4. # [rat s1,s2,s3]
75654. $false [avatar sat refutation s4]
% SZS output end Proof for GRP660+2_clausified
% ------------------------------
% Version: Vampire 5.0.0 (Release build, commit 2e2c9b7b8 on 2026-01-17 12:24:14 +0100)
% Linked with Z3 4.14.0.0 3c47fd96cf5645d0c42b2c819d9e9a84380aa721 z3-4.8.4-9178-g3c47fd96c
% CaDiCaL version: 2.1.3
% Termination reason: Refutation
% Time elapsed: 3.096 s
% Peak memory usage: 108 MB
% Instructions burned: 9653 (million)
% ------------------------------
% ------------------------------
