% Running in auto input_syntax mode. Trying TPTP
% Refutation found. Thanks to Tanya!
% SZS status Unsatisfiable for GRP096-1
% SZS output start Proof for GRP096-1
1. divide(divide(X0,inverse(divide(X1,divide(X0,X2)))),X2) = X1 [input(axiom)]
2. multiply(X0,X1) = divide(X0,inverse(X1)) [input(axiom)]
3. multiply(inverse(a1),a1) != multiply(inverse(b1),b1) | multiply(multiply(inverse(b2),b2),a2) != a2 | multiply(multiply(a3,b3),c3) != multiply(a3,multiply(b3,c3)) | multiply(a4,b4) != multiply(b4,a4) [input(negated conjecture)]
4. multiply(inverse(a1),a1) != multiply(inverse(b1),b1) | a2 != multiply(multiply(inverse(b2),b2),a2) | multiply(multiply(a3,b3),c3) != multiply(a3,multiply(b3,c3)) | multiply(a4,b4) != multiply(b4,a4) [reorient equations 3]
5. divide(inverse(a1),inverse(a1)) != divide(inverse(b1),inverse(b1)) | a2 != divide(divide(inverse(b2),inverse(b2)),inverse(a2)) | divide(divide(a3,inverse(b3)),inverse(c3)) != divide(a3,inverse(divide(b3,inverse(c3)))) | divide(a4,inverse(b4)) != divide(b4,inverse(a4)) [definition unfolding 4,2,2,2,2,2,2,2,2,2,2]
7. 1 <=> divide(a4,inverse(b4)) = divide(b4,inverse(a4)) [avatar definition]
9. divide(a4,inverse(b4)) != divide(b4,inverse(a4)) <- (~1) [avatar component clause 7]
11. 2 <=> divide(divide(a3,inverse(b3)),inverse(c3)) = divide(a3,inverse(divide(b3,inverse(c3)))) [avatar definition]
13. divide(divide(a3,inverse(b3)),inverse(c3)) != divide(a3,inverse(divide(b3,inverse(c3)))) <- (~2) [avatar component clause 11]
15. 3 <=> a2 = divide(divide(inverse(b2),inverse(b2)),inverse(a2)) [avatar definition]
17. a2 != divide(divide(inverse(b2),inverse(b2)),inverse(a2)) <- (~3) [avatar component clause 15]
19. 4 <=> divide(inverse(a1),inverse(a1)) = divide(inverse(b1),inverse(b1)) [avatar definition]
21. divide(inverse(a1),inverse(a1)) != divide(inverse(b1),inverse(b1)) <- (~4) [avatar component clause 19]
22. ~1 | ~2 | ~3 | ~4 [avatar split clause 5,19,15,11,7]
23. divide(divide(divide(X1,inverse(divide(X0,divide(X1,X2)))),inverse(divide(X3,X0))),X2) = X3 [superposition 1,1]
24. divide(X2,inverse(divide(X0,divide(X2,divide(X1,X3))))) = divide(divide(X1,inverse(X0)),X3) [superposition 1,1]
29. divide(X4,inverse(divide(X0,divide(X4,X2)))) = divide(divide(divide(X1,inverse(divide(X2,divide(X1,X3)))),inverse(X0)),X3) [superposition 23,1]
31. divide(X0,inverse(divide(X2,X0))) = X2 [superposition 23,1]
32. divide(divide(divide(divide(X1,inverse(divide(X2,divide(X1,X3)))),inverse(divide(X0,X2))),inverse(divide(X4,X0))),X3) = X4 [superposition 1,23]
33. divide(divide(X2,inverse(divide(X3,divide(X2,divide(X1,X4))))),inverse(divide(X0,X3))) = divide(divide(X1,inverse(X0)),X4) [superposition 1,23]
34. divide(divide(X1,inverse(X0)),X4) = divide(divide(divide(X1,inverse(X3)),X4),inverse(divide(X0,X3))) [forward demodulation 33,24]
40. divide(divide(X5,inverse(X4)),inverse(divide(X1,divide(X5,divide(X0,X2))))) = divide(X3,inverse(divide(X4,divide(X3,divide(divide(X0,inverse(X1)),X2))))) [superposition 24,24]
46. divide(divide(divide(X0,inverse(X1)),X2),divide(X0,X2)) = X1 [superposition 1,24]
55. divide(divide(X5,inverse(X4)),inverse(divide(X1,divide(X5,divide(X0,X2))))) = divide(divide(divide(X0,inverse(X1)),inverse(X4)),X2) [forward demodulation 40,24]
58. divide(X1,inverse(X0)) = divide(X2,inverse(divide(X0,divide(X2,X1)))) [superposition 31,1]
61. divide(inverse(divide(X0,X1)),inverse(X0)) = X1 [superposition 31,31]
68. divide(X1,divide(X3,divide(X0,X2))) = divide(divide(divide(divide(X0,inverse(X1)),X2),X4),divide(X3,X4)) [superposition 46,24]
69. divide(X0,X1) = divide(divide(X0,X2),divide(X1,X2)) [superposition 46,31]
84. divide(divide(X1,inverse(X0)),X2) = divide(divide(X1,X2),inverse(X0)) [superposition 31,46]
98. divide(X1,divide(X3,divide(X0,X2))) = divide(divide(divide(X0,inverse(X1)),X2),X3) [forward demodulation 68,69]
115. inverse(divide(X1,X0)) = divide(inverse(X1),inverse(X0)) [superposition 31,61]
116. divide(divide(divide(inverse(divide(X1,X0)),inverse(X2)),inverse(X1)),X0) = X2 [superposition 46,61]
117. divide(X2,divide(X0,divide(inverse(divide(X1,X0)),inverse(X1)))) = X2 [forward demodulation 116,98]
128. divide(X2,divide(X0,X0)) = X2 [forward demodulation 117,61]
141. divide(divide(X1,inverse(X2)),X3) = divide(divide(X0,X3),inverse(divide(X2,divide(X0,X1)))) [superposition 34,31]
149. divide(divide(X1,inverse(divide(X2,inverse(divide(X0,divide(X2,X3)))))),X4) = divide(divide(divide(X1,inverse(X3)),X4),inverse(X0)) [superposition 34,1]
184. divide(divide(X1,inverse(divide(X2,inverse(divide(X0,divide(X2,X3)))))),X4) = divide(X3,divide(inverse(X0),divide(X1,X4))) [forward demodulation 149,98]
202. divide(X3,divide(inverse(X0),divide(X1,X4))) = divide(divide(X1,inverse(divide(X3,inverse(X0)))),X4) [forward demodulation 184,58]
227. divide(divide(X1,X1),inverse(X0)) = X0 [superposition 31,128]
255. divide(divide(divide(X1,inverse(X0)),X2),inverse(divide(X3,X0))) = divide(divide(divide(X4,inverse(divide(divide(X1,X2),divide(X4,X5)))),inverse(X3)),X5) [superposition 29,46]
257. divide(X3,inverse(divide(X4,divide(divide(X0,inverse(X1)),X2)))) = divide(divide(divide(X5,inverse(divide(inverse(divide(X1,divide(X3,divide(X0,X2)))),divide(X5,X6)))),inverse(X4)),X6) [superposition 29,24]
258. divide(divide(divide(X6,inverse(divide(inverse(divide(X3,divide(X4,X1))),divide(X6,X7)))),inverse(X5)),X7) = divide(X4,inverse(divide(X5,divide(divide(divide(X0,inverse(divide(X1,divide(X0,X2)))),inverse(X3)),X2)))) [superposition 29,29]
259. divide(X1,inverse(divide(X2,X0))) = divide(divide(divide(X3,inverse(divide(inverse(divide(X0,X1)),divide(X3,X4)))),inverse(X2)),X4) [superposition 29,31]
266. divide(X1,inverse(X0)) = divide(divide(divide(X2,inverse(divide(X1,divide(X2,X3)))),inverse(X0)),X3) [superposition 29,128]
314. divide(divide(X0,inverse(divide(divide(X1,divide(divide(X2,inverse(divide(X3,divide(X2,inverse(divide(X4,X1)))))),X5)),divide(X0,X3)))),X5) = X4 [superposition 23,29]
317. divide(X0,inverse(divide(X1,divide(X0,X2)))) = divide(X2,divide(X3,divide(X3,inverse(X1)))) [superposition 46,29]
322. divide(X3,inverse(divide(X0,inverse(divide(X1,divide(X0,X2)))))) = divide(divide(X4,inverse(divide(X2,divide(X4,X3)))),inverse(X1)) [superposition 31,29]
328. divide(divide(X4,inverse(divide(X2,divide(X4,divide(X3,X5))))),inverse(X1)) = divide(divide(X3,inverse(divide(X0,inverse(divide(X1,divide(X0,X2)))))),X5) [superposition 1,29]
337. divide(divide(X4,inverse(divide(X2,divide(X4,divide(X3,X5))))),inverse(X1)) = divide(X0,divide(inverse(divide(X1,divide(X0,X2))),divide(X3,X5))) [forward demodulation 328,202]
343. divide(divide(X3,inverse(X2)),inverse(X1)) = divide(X3,inverse(divide(X0,inverse(divide(X1,divide(X0,X2)))))) [forward demodulation 322,58]
348. divide(X2,inverse(X1)) = divide(X2,divide(X3,divide(X3,inverse(X1)))) [forward demodulation 317,58]
350. divide(divide(X0,X5),inverse(divide(divide(X1,divide(divide(X2,inverse(divide(X3,divide(X2,inverse(divide(X4,X1)))))),X5)),divide(X0,X3)))) = X4 [forward demodulation 314,84]
395. divide(X1,inverse(X0)) = divide(divide(X1,divide(X2,X3)),divide(X3,divide(X2,inverse(X0)))) [forward demodulation 266,98]
401. divide(X1,inverse(divide(X2,X0))) = divide(divide(inverse(divide(X0,X1)),divide(X3,X4)),divide(X4,divide(X3,inverse(X2)))) [forward demodulation 259,98]
402. divide(divide(divide(X6,inverse(divide(inverse(divide(X3,divide(X4,X1))),divide(X6,X7)))),inverse(X5)),X7) = divide(X4,inverse(divide(X5,divide(divide(X1,divide(X0,X2)),divide(X2,divide(X0,inverse(X3))))))) [forward demodulation 258,98]
403. divide(X3,inverse(divide(X4,divide(divide(X0,inverse(X1)),X2)))) = divide(divide(inverse(divide(X1,divide(X3,divide(X0,X2)))),divide(X5,X6)),divide(X6,divide(X5,inverse(X4)))) [forward demodulation 257,98]
405. divide(divide(divide(X1,inverse(X0)),X2),inverse(divide(X3,X0))) = divide(divide(divide(X1,X2),divide(X4,X5)),divide(X5,divide(X4,inverse(X3)))) [forward demodulation 255,98]
412. divide(X0,divide(inverse(divide(X1,divide(X0,X2))),divide(X3,X5))) = divide(divide(divide(X3,inverse(X2)),X5),inverse(X1)) [forward demodulation 337,24]
418. divide(divide(X3,inverse(X2)),inverse(X1)) = divide(X3,inverse(divide(X2,inverse(X1)))) [forward demodulation 343,58]
423. divide(divide(X3,inverse(divide(X1,divide(divide(X2,inverse(divide(X3,divide(X2,inverse(divide(X4,X1)))))),X5)))),X5) = X4 [forward demodulation 350,141]
466. divide(X1,inverse(divide(X2,X0))) = divide(inverse(divide(X0,X1)),inverse(X2)) [forward demodulation 401,395]
467. divide(divide(divide(X6,inverse(divide(inverse(divide(X3,divide(X4,X1))),divide(X6,X7)))),inverse(X5)),X7) = divide(X4,inverse(divide(X5,divide(X1,inverse(X3))))) [forward demodulation 402,395]
468. divide(X3,inverse(divide(X4,divide(divide(X0,inverse(X1)),X2)))) = divide(inverse(divide(X1,divide(X3,divide(X0,X2)))),inverse(X4)) [forward demodulation 403,395]
470. divide(divide(divide(X1,inverse(X0)),X2),inverse(divide(X3,X0))) = divide(divide(X1,X2),inverse(X3)) [forward demodulation 405,395]
477. divide(X0,divide(inverse(divide(X1,divide(X0,X2))),divide(X3,X5))) = divide(X2,divide(inverse(X1),divide(X3,X5))) [forward demodulation 412,98]
486. divide(divide(X3,X5),inverse(divide(X1,divide(divide(X2,inverse(divide(X3,divide(X2,inverse(divide(X4,X1)))))),X5)))) = X4 [forward demodulation 423,84]
517. divide(X1,inverse(divide(X2,X0))) = inverse(divide(divide(X0,X1),X2)) [forward demodulation 466,115]
518. divide(X4,inverse(divide(X5,divide(X1,inverse(X3))))) = divide(divide(inverse(divide(X3,divide(X4,X1))),divide(X6,X7)),divide(X7,divide(X6,inverse(X5)))) [forward demodulation 467,98]
519. divide(X3,inverse(divide(X4,divide(divide(X0,inverse(X1)),X2)))) = inverse(divide(divide(X1,divide(X3,divide(X0,X2))),X4)) [forward demodulation 468,115]
521. divide(divide(X1,X2),inverse(X3)) = divide(X0,divide(inverse(divide(X3,X0)),divide(X1,X2))) [forward demodulation 470,98]
533. divide(divide(X3,X5),inverse(divide(X1,divide(divide(inverse(divide(X4,X1)),inverse(X3)),X5)))) = X4 [forward demodulation 486,58]
550. divide(X4,inverse(divide(X5,divide(X1,inverse(X3))))) = divide(inverse(divide(X3,divide(X4,X1))),inverse(X5)) [forward demodulation 518,395]
551. divide(X3,inverse(divide(X4,divide(divide(X0,inverse(X1)),X2)))) = divide(divide(X3,divide(X0,X2)),inverse(divide(X4,X1))) [forward demodulation 519,517]
562. divide(divide(X3,X5),inverse(divide(X1,divide(inverse(divide(divide(X4,X1),X3)),X5)))) = X4 [forward demodulation 533,115]
572. divide(X4,inverse(divide(X5,divide(X1,inverse(X3))))) = inverse(divide(divide(X3,divide(X4,X1)),X5)) [forward demodulation 550,115]
579. divide(divide(X3,X5),inverse(divide(X1,divide(divide(X1,inverse(divide(X3,X4))),X5)))) = X4 [forward demodulation 562,517]
583. divide(X4,inverse(divide(X5,divide(X1,inverse(X3))))) = divide(divide(X4,X1),inverse(divide(X5,X3))) [forward demodulation 572,517]
586. divide(divide(divide(X3,X5),divide(X1,X5)),inverse(divide(X1,divide(X3,X4)))) = X4 [forward demodulation 579,551]
588. divide(divide(X3,X1),inverse(divide(X1,divide(X3,X4)))) = X4 [forward demodulation 586,69]
589. divide(divide(X4,inverse(X1)),X1) = X4 [forward demodulation 588,141]
590. divide(divide(X4,X1),inverse(X1)) = X4 [forward demodulation 589,84]
592. divide(divide(X1,inverse(divide(X2,divide(X1,X3)))),inverse(divide(X0,X2))) = divide(X0,inverse(X3)) [superposition 590,23]
593. divide(divide(X3,inverse(divide(X2,divide(X3,X4)))),inverse(X1)) = divide(divide(X0,inverse(divide(X1,divide(X0,X2)))),inverse(X4)) [superposition 590,29]
594. divide(X0,inverse(divide(X1,X2))) = divide(divide(X1,inverse(X0)),X2) [superposition 590,46]
606. divide(X0,inverse(divide(X1,divide(X0,inverse(inverse(divide(X2,X1))))))) = X2 [superposition 23,590]
612. divide(divide(X0,X2),divide(divide(X0,X1),X2)) = X1 [superposition 46,590]
622. inverse(X1) = divide(inverse(X0),inverse(divide(X0,X1))) [superposition 61,590]
623. inverse(X1) = inverse(divide(X0,divide(X0,X1))) [forward demodulation 622,115]
632. divide(X0,divide(X0,X1)) = X1 [forward demodulation 612,69]
635. divide(inverse(inverse(divide(X2,X1))),inverse(X1)) = X2 [forward demodulation 606,58]
642. divide(divide(X3,inverse(divide(X2,divide(X3,X4)))),inverse(X1)) = divide(X0,inverse(divide(divide(X1,divide(X0,X2)),inverse(X4)))) [forward demodulation 593,418]
643. divide(X0,inverse(X3)) = divide(X1,inverse(divide(divide(X2,divide(X1,X3)),inverse(divide(X0,X2))))) [forward demodulation 592,418]
654. inverse(divide(inverse(divide(X2,X1)),X1)) = X2 [forward demodulation 635,115]
659. divide(divide(X3,inverse(divide(X2,divide(X3,X4)))),inverse(X1)) = divide(X0,divide(divide(X0,X2),inverse(divide(inverse(X4),X1)))) [forward demodulation 642,517]
660. divide(X0,inverse(X3)) = divide(X1,divide(divide(X1,X3),inverse(divide(inverse(divide(X0,X2)),X2)))) [forward demodulation 643,517]
666. divide(X0,divide(divide(X0,X2),inverse(divide(inverse(X4),X1)))) = divide(X3,inverse(divide(divide(X2,divide(X3,X4)),inverse(X1)))) [forward demodulation 659,418]
667. divide(X0,inverse(X3)) = divide(X1,divide(divide(X1,X3),X0)) [forward demodulation 660,654]
670. divide(X0,divide(divide(X0,X2),inverse(divide(inverse(X4),X1)))) = divide(X3,divide(divide(X3,X4),inverse(divide(inverse(X1),X2)))) [forward demodulation 666,517]
673. divide(X0,divide(divide(X0,X2),inverse(divide(inverse(X4),X1)))) = divide(inverse(divide(inverse(X1),X2)),inverse(X4)) [forward demodulation 670,667]
674. divide(X0,divide(divide(X0,X2),inverse(divide(inverse(X4),X1)))) = inverse(divide(divide(inverse(X1),X2),X4)) [forward demodulation 673,115]
675. divide(X0,divide(divide(X0,X2),inverse(divide(inverse(X4),X1)))) = divide(X2,inverse(divide(X4,inverse(X1)))) [forward demodulation 674,517]
676. divide(X2,inverse(divide(X4,inverse(X1)))) = divide(inverse(divide(inverse(X4),X1)),inverse(X2)) [forward demodulation 675,667]
677. divide(X2,inverse(divide(X4,inverse(X1)))) = inverse(divide(divide(inverse(X4),X1),X2)) [forward demodulation 676,115]
678. divide(X2,inverse(divide(X4,inverse(X1)))) = divide(X1,inverse(divide(X2,inverse(X4)))) [forward demodulation 677,517]
717. divide(divide(X7,inverse(divide(X2,divide(X7,X6)))),inverse(X1)) = divide(divide(divide(divide(X3,inverse(divide(X4,divide(X3,X5)))),inverse(divide(X6,X4))),inverse(divide(X0,inverse(divide(X1,divide(X0,X2)))))),X5) [superposition 32,29]
733. divide(X0,X4) = divide(X0,divide(divide(divide(X1,inverse(divide(X2,divide(X1,X3)))),inverse(divide(X4,X2))),X3)) [superposition 46,32]
745. divide(inverse(X0),inverse(divide(divide(divide(X1,inverse(divide(X2,divide(X1,X3)))),inverse(divide(X4,X2))),inverse(divide(X0,X4))))) = X3 [superposition 61,32]
746. divide(X0,inverse(X3)) = divide(divide(divide(X1,inverse(divide(X2,divide(X1,X3)))),inverse(divide(X4,X2))),inverse(divide(X0,X4))) [superposition 590,32]
765. divide(X0,inverse(X3)) = divide(divide(X1,inverse(divide(X2,divide(X1,X3)))),inverse(divide(divide(X4,X2),inverse(divide(X0,X4))))) [forward demodulation 746,418]
766. inverse(divide(X0,divide(divide(divide(X1,inverse(divide(X2,divide(X1,X3)))),inverse(divide(X4,X2))),inverse(divide(X0,X4))))) = X3 [forward demodulation 745,115]
777. divide(X0,X4) = divide(X0,divide(divide(X4,X2),inverse(divide(divide(X1,inverse(divide(X2,divide(X1,X3)))),X3)))) [forward demodulation 733,594]
791. divide(divide(X7,inverse(divide(X2,divide(X7,X6)))),inverse(X1)) = divide(X0,divide(inverse(divide(X1,divide(X0,X2))),divide(divide(divide(X3,inverse(divide(X4,divide(X3,X5)))),inverse(divide(X6,X4))),X5))) [forward demodulation 717,202]
835. divide(X0,inverse(X3)) = divide(X1,inverse(divide(divide(X2,divide(X1,X3)),inverse(divide(divide(X4,X2),inverse(divide(X0,X4))))))) [forward demodulation 765,418]
836. inverse(divide(X0,divide(divide(X1,inverse(divide(X2,divide(X1,X3)))),inverse(divide(divide(X4,X2),inverse(divide(X0,X4))))))) = X3 [forward demodulation 766,418]
847. divide(X0,X4) = divide(X0,divide(divide(X4,X2),divide(inverse(divide(X2,divide(X1,X3))),inverse(divide(X3,X1))))) [forward demodulation 777,517]
861. divide(divide(X7,inverse(divide(X2,divide(X7,X6)))),inverse(X1)) = divide(X2,divide(inverse(X1),divide(divide(divide(X3,inverse(divide(X4,divide(X3,X5)))),inverse(divide(X6,X4))),X5))) [forward demodulation 791,477]
905. divide(X0,inverse(X3)) = divide(X1,divide(divide(X1,X3),inverse(divide(inverse(divide(divide(X4,X2),inverse(divide(X0,X4)))),X2)))) [forward demodulation 835,517]
906. inverse(divide(X0,divide(X1,inverse(divide(divide(X2,divide(X1,X3)),inverse(divide(divide(X4,X2),inverse(divide(X0,X4))))))))) = X3 [forward demodulation 836,418]
916. divide(X0,X4) = divide(X0,divide(divide(X4,X2),inverse(divide(divide(X2,divide(X1,X3)),divide(X3,X1))))) [forward demodulation 847,115]
929. divide(divide(X7,inverse(divide(X2,divide(X7,X6)))),inverse(X1)) = divide(X2,divide(inverse(X1),divide(divide(X6,X4),inverse(divide(divide(X3,inverse(divide(X4,divide(X3,X5)))),X5))))) [forward demodulation 861,594]
973. divide(X0,inverse(X3)) = divide(inverse(divide(inverse(divide(divide(X4,X2),inverse(divide(X0,X4)))),X2)),inverse(X3)) [forward demodulation 905,667]
974. inverse(divide(X0,divide(X1,divide(divide(X1,X3),inverse(divide(inverse(divide(divide(X4,X2),inverse(divide(X0,X4)))),X2)))))) = X3 [forward demodulation 906,517]
984. divide(X0,X4) = divide(X0,divide(divide(X4,X2),divide(divide(X1,X3),inverse(divide(divide(X3,X1),X2))))) [forward demodulation 916,517]
996. divide(divide(X7,inverse(divide(X2,divide(X7,X6)))),inverse(X1)) = divide(X2,divide(inverse(X1),divide(divide(X6,X4),divide(inverse(divide(X4,divide(X3,X5))),inverse(divide(X5,X3)))))) [forward demodulation 929,517]
1037. divide(X0,inverse(X3)) = inverse(divide(divide(inverse(divide(divide(X4,X2),inverse(divide(X0,X4)))),X2),X3)) [forward demodulation 973,115]
1038. inverse(divide(X0,divide(inverse(divide(inverse(divide(divide(X4,X2),inverse(divide(X0,X4)))),X2)),inverse(X3)))) = X3 [forward demodulation 974,667]
1047. divide(X0,X4) = divide(X0,divide(divide(X4,X2),divide(divide(X1,X3),divide(X1,inverse(divide(X2,X3)))))) [forward demodulation 984,517]
1059. divide(divide(X7,inverse(divide(X2,divide(X7,X6)))),inverse(X1)) = divide(X2,divide(inverse(X1),divide(divide(X6,X4),inverse(divide(divide(X4,divide(X3,X5)),divide(X5,X3)))))) [forward demodulation 996,115]
1091. divide(X0,inverse(X3)) = divide(X2,inverse(divide(X3,inverse(divide(divide(X4,X2),inverse(divide(X0,X4))))))) [forward demodulation 1037,517]
1092. inverse(divide(X0,inverse(divide(divide(inverse(divide(divide(X4,X2),inverse(divide(X0,X4)))),X2),X3)))) = X3 [forward demodulation 1038,115]
1107. divide(divide(X7,inverse(divide(X2,divide(X7,X6)))),inverse(X1)) = divide(X2,divide(inverse(X1),divide(divide(X6,X4),divide(divide(X3,X5),inverse(divide(divide(X5,X3),X4)))))) [forward demodulation 1059,517]
1132. divide(X0,inverse(X3)) = divide(X2,inverse(divide(X3,divide(X2,inverse(divide(inverse(divide(X0,X4)),X4)))))) [forward demodulation 1091,517]
1133. inverse(divide(X0,divide(X2,inverse(divide(X3,inverse(divide(divide(X4,X2),inverse(divide(X0,X4))))))))) = X3 [forward demodulation 1092,517]
1145. divide(divide(X7,inverse(divide(X2,divide(X7,X6)))),inverse(X1)) = divide(X2,divide(inverse(X1),divide(divide(X6,X4),divide(divide(X3,X5),divide(X3,inverse(divide(X4,X5))))))) [forward demodulation 1107,517]
1167. divide(X0,inverse(X3)) = divide(inverse(divide(inverse(divide(X0,X4)),X4)),inverse(X3)) [forward demodulation 1132,58]
1168. inverse(divide(X0,divide(X2,inverse(divide(X3,divide(X2,inverse(divide(inverse(divide(X0,X4)),X4)))))))) = X3 [forward demodulation 1133,517]
1179. divide(divide(X7,inverse(divide(X2,divide(X7,X6)))),inverse(X1)) = divide(X2,divide(inverse(X1),X6)) [forward demodulation 1145,1047]
1200. divide(X0,inverse(X3)) = inverse(divide(divide(inverse(divide(X0,X4)),X4),X3)) [forward demodulation 1167,115]
1201. inverse(divide(X0,divide(inverse(divide(inverse(divide(X0,X4)),X4)),inverse(X3)))) = X3 [forward demodulation 1168,58]
1208. divide(X2,divide(inverse(X1),X6)) = divide(X7,inverse(divide(divide(X2,divide(X7,X6)),inverse(X1)))) [forward demodulation 1179,418]
1229. divide(X0,inverse(X3)) = divide(X4,inverse(divide(X3,inverse(divide(X0,X4))))) [forward demodulation 1200,517]
1230. inverse(divide(X0,inverse(divide(divide(inverse(divide(X0,X4)),X4),X3)))) = X3 [forward demodulation 1201,115]
1236. divide(X2,divide(inverse(X1),X6)) = divide(X7,divide(divide(X7,X6),inverse(divide(inverse(X1),X2)))) [forward demodulation 1208,517]
1251. inverse(divide(X0,divide(X4,inverse(divide(X3,inverse(divide(X0,X4))))))) = X3 [forward demodulation 1230,517]
1255. divide(X2,divide(inverse(X1),X6)) = divide(inverse(divide(inverse(X1),X2)),inverse(X6)) [forward demodulation 1236,667]
1266. inverse(divide(X0,divide(X0,inverse(X3)))) = X3 [forward demodulation 1251,1229]
1270. divide(X2,divide(inverse(X1),X6)) = inverse(divide(divide(inverse(X1),X2),X6)) [forward demodulation 1255,115]
1278. inverse(inverse(X3)) = X3 [forward demodulation 1266,623]
1282. divide(X2,divide(inverse(X1),X6)) = divide(X2,inverse(divide(X6,inverse(X1)))) [forward demodulation 1270,517]
1313. divide(divide(X1,inverse(X2)),X3) = divide(divide(divide(X1,X0),X3),inverse(divide(X2,inverse(X0)))) [superposition 34,1278]
1315. inverse(X0) = divide(divide(divide(X1,X0),X2),divide(X1,X2)) [superposition 46,1278]
1316. inverse(X0) = divide(divide(X1,X0),X1) [forward demodulation 1315,69]
1318. divide(divide(X1,inverse(X2)),X3) = divide(X0,inverse(divide(divide(divide(X1,X0),X3),inverse(X2)))) [forward demodulation 1313,678]
1322. divide(divide(X1,inverse(X2)),X3) = divide(X0,divide(inverse(X2),divide(divide(X1,X0),X3))) [forward demodulation 1318,1282]
1324. divide(X2,inverse(divide(X1,X3))) = divide(X0,divide(inverse(X2),divide(divide(X1,X0),X3))) [forward demodulation 1322,594]
1946. divide(X3,divide(divide(X0,inverse(X1)),X2)) = inverse(divide(X1,divide(X3,divide(X0,X2)))) [superposition 632,24]
1947. inverse(divide(X3,divide(X4,X1))) = divide(X4,divide(divide(divide(X0,inverse(divide(X1,divide(X0,X2)))),inverse(X3)),X2)) [superposition 632,29]
1948. inverse(divide(X0,X1)) = divide(X1,X0) [superposition 632,31]
1949. divide(X0,X0) = divide(X1,X1) [superposition 632,128]
2002. inverse(divide(X3,divide(X4,X1))) = divide(X4,divide(X3,inverse(divide(divide(X0,inverse(divide(X1,divide(X0,X2)))),X2)))) [forward demodulation 1947,594]
2003. divide(X3,divide(divide(X0,inverse(X1)),X2)) = divide(divide(X3,divide(X0,X2)),X1) [forward demodulation 1946,1948]
2032. inverse(divide(X3,divide(X4,X1))) = divide(X4,divide(X3,divide(X2,divide(X0,inverse(divide(X1,divide(X0,X2))))))) [forward demodulation 2002,1948]
2033. divide(divide(X3,divide(X0,X2)),X1) = divide(X3,divide(X1,inverse(divide(X0,X2)))) [forward demodulation 2003,594]
2056. inverse(divide(X3,divide(X4,X1))) = divide(X4,divide(X3,divide(X2,divide(X2,inverse(X1))))) [forward demodulation 2032,58]
2057. divide(X3,divide(X1,divide(X2,X0))) = divide(divide(X3,divide(X0,X2)),X1) [forward demodulation 2033,1948]
2073. inverse(divide(X3,divide(X4,X1))) = divide(X4,divide(X3,inverse(X1))) [forward demodulation 2056,348]
2086. divide(X4,divide(X3,inverse(X1))) = divide(divide(X4,X1),X3) [forward demodulation 2073,1948]
2099. divide(divide(X1,X0),inverse(divide(X2,divide(X1,divide(X3,X4))))) = divide(divide(divide(X3,inverse(X2)),X0),X4) [superposition 55,1278]
2102. divide(divide(divide(X4,inverse(X3)),inverse(X2)),X5) = divide(X0,inverse(divide(X3,divide(divide(X1,inverse(divide(X0,divide(X1,inverse(X2))))),divide(X4,X5))))) [superposition 55,1]
2111. divide(divide(divide(X3,inverse(X2)),inverse(X1)),X4) = divide(X0,inverse(divide(X2,divide(inverse(divide(X1,X0)),divide(X3,X4))))) [superposition 55,61]
2128. divide(divide(divide(X3,inverse(X6)),inverse(X5)),X4) = divide(divide(divide(divide(X1,inverse(divide(X2,divide(X1,divide(X3,X4))))),inverse(divide(X0,X2))),inverse(X5)),inverse(divide(X6,X0))) [superposition 55,23]
2169. inverse(divide(X1,divide(X4,divide(X0,X3)))) = divide(inverse(divide(divide(divide(X0,inverse(X1)),inverse(X2)),X3)),inverse(divide(X4,inverse(X2)))) [superposition 61,55]
2174. inverse(divide(X1,divide(X4,divide(X0,X3)))) = divide(X2,inverse(divide(inverse(divide(divide(divide(X0,inverse(X1)),inverse(X2)),X3)),inverse(X4)))) [forward demodulation 2169,678]
2213. divide(divide(divide(X3,inverse(X6)),inverse(X5)),X4) = divide(divide(divide(X1,inverse(divide(X2,divide(X1,divide(X3,X4))))),inverse(divide(X0,X2))),inverse(divide(X5,inverse(divide(X6,X0))))) [forward demodulation 2128,418]
2230. divide(divide(divide(X3,inverse(X2)),inverse(X1)),X4) = divide(X0,divide(divide(inverse(divide(X1,X0)),divide(X3,X4)),X2)) [forward demodulation 2111,1948]
2239. divide(divide(divide(X4,inverse(X3)),inverse(X2)),X5) = divide(divide(X0,divide(X1,divide(X4,X5))),inverse(divide(X3,divide(X0,divide(X1,inverse(X2)))))) [forward demodulation 2102,551]
2242. divide(divide(X1,X0),inverse(divide(X2,divide(X1,divide(X3,X4))))) = divide(X2,divide(X4,divide(X3,X0))) [forward demodulation 2099,98]
2245. inverse(divide(X1,divide(X4,divide(X0,X3)))) = divide(X2,divide(inverse(X4),inverse(divide(divide(divide(X0,inverse(X1)),inverse(X2)),X3)))) [forward demodulation 2174,1282]
2282. divide(divide(divide(X3,inverse(X6)),inverse(X5)),X4) = divide(divide(X1,inverse(divide(X2,divide(X1,divide(X3,X4))))),inverse(divide(divide(X0,X2),inverse(divide(X5,inverse(divide(X6,X0))))))) [forward demodulation 2213,418]
2299. divide(divide(divide(X3,inverse(X2)),inverse(X1)),X4) = divide(X0,divide(inverse(divide(X1,X0)),divide(X2,divide(X4,X3)))) [forward demodulation 2230,2057]
2308. divide(divide(divide(X4,inverse(X3)),inverse(X2)),X5) = divide(divide(divide(X1,inverse(X2)),inverse(X3)),divide(X1,divide(X4,X5))) [forward demodulation 2239,141]
2311. divide(X2,divide(X4,divide(X3,X0))) = divide(divide(divide(X3,X4),inverse(X2)),X0) [forward demodulation 2242,141]
2314. inverse(divide(X1,divide(X4,divide(X0,X3)))) = divide(divide(X2,divide(divide(divide(X0,inverse(X1)),inverse(X2)),X3)),inverse(X4)) [forward demodulation 2245,2086]
2351. divide(divide(divide(X3,inverse(X6)),inverse(X5)),X4) = divide(X1,inverse(divide(divide(X2,divide(X1,divide(X3,X4))),inverse(divide(divide(X0,X2),inverse(divide(X5,inverse(divide(X6,X0))))))))) [forward demodulation 2282,418]
2368. divide(divide(divide(X3,inverse(X2)),inverse(X1)),X4) = divide(divide(X2,divide(X4,X3)),inverse(X1)) [forward demodulation 2299,521]
2377. divide(divide(divide(X4,inverse(X3)),inverse(X2)),X5) = divide(X3,inverse(divide(divide(X1,inverse(X2)),divide(X1,divide(X4,X5))))) [forward demodulation 2308,594]
2380. divide(X2,divide(X4,divide(X3,X0))) = divide(X2,inverse(divide(divide(X3,X4),X0))) [forward demodulation 2311,594]
2383. inverse(divide(X1,divide(X4,divide(X0,X3)))) = divide(X2,divide(inverse(X4),divide(X3,divide(divide(X0,inverse(X1)),inverse(X2))))) [forward demodulation 2314,2057]
2420. divide(divide(divide(X3,inverse(X6)),inverse(X5)),X4) = divide(X1,divide(inverse(divide(divide(X0,X2),inverse(divide(X5,inverse(divide(X6,X0)))))),divide(X2,divide(X1,divide(X3,X4))))) [forward demodulation 2351,1282]
2437. divide(divide(divide(X3,inverse(X2)),inverse(X1)),X4) = divide(X2,divide(inverse(X1),divide(X3,X4))) [forward demodulation 2368,2057]
2446. divide(divide(divide(X4,inverse(X3)),inverse(X2)),X5) = divide(X3,divide(divide(X1,divide(X4,X5)),divide(X1,inverse(X2)))) [forward demodulation 2377,1948]
2449. divide(X2,divide(X0,divide(X3,X4))) = divide(X2,divide(X4,divide(X3,X0))) [forward demodulation 2380,1948]
2451. inverse(divide(X1,divide(X4,divide(X0,X3)))) = divide(X2,divide(inverse(X4),divide(divide(X3,X2),divide(X0,inverse(X1))))) [forward demodulation 2383,2086]
2487. divide(divide(divide(X3,inverse(X6)),inverse(X5)),X4) = divide(X1,divide(divide(inverse(divide(X5,inverse(divide(X6,X0)))),divide(X0,X2)),divide(X2,divide(X1,divide(X3,X4))))) [forward demodulation 2420,1948]
2504. divide(X2,divide(inverse(X1),divide(X3,X4))) = divide(X1,inverse(divide(divide(X3,inverse(X2)),X4))) [forward demodulation 2437,594]
2513. divide(divide(divide(X4,inverse(X3)),inverse(X2)),X5) = divide(X3,divide(X1,divide(divide(X1,inverse(X2)),divide(X5,X4)))) [forward demodulation 2446,2057]
2517. inverse(divide(X1,divide(X4,divide(X0,X3)))) = divide(X4,inverse(divide(X3,divide(X0,inverse(X1))))) [forward demodulation 2451,1324]
2553. divide(divide(divide(X3,inverse(X6)),inverse(X5)),X4) = divide(X1,divide(inverse(divide(X5,inverse(divide(X6,X0)))),divide(divide(X2,divide(X1,divide(X3,X4))),divide(X2,X0)))) [forward demodulation 2487,2057]
2570. divide(X2,divide(inverse(X1),divide(X3,X4))) = divide(X1,divide(X4,divide(X3,inverse(X2)))) [forward demodulation 2504,1948]
2578. divide(divide(divide(X4,inverse(X3)),inverse(X2)),X5) = divide(X3,divide(divide(X5,X4),inverse(inverse(X2)))) [forward demodulation 2513,667]
2582. inverse(divide(X1,divide(X4,divide(X0,X3)))) = divide(divide(X4,X0),inverse(divide(X3,X1))) [forward demodulation 2517,583]
2614. divide(divide(divide(X3,inverse(X6)),inverse(X5)),X4) = divide(X1,divide(inverse(divide(X5,inverse(divide(X6,X0)))),divide(X2,divide(divide(X2,X0),divide(divide(X3,X4),X1))))) [forward demodulation 2553,2057]
2629. divide(X2,divide(inverse(X1),divide(X3,X4))) = divide(X1,divide(divide(X4,X2),X3)) [forward demodulation 2570,2086]
2637. divide(divide(divide(X4,inverse(X3)),inverse(X2)),X5) = divide(divide(X3,inverse(X2)),divide(X5,X4)) [forward demodulation 2578,2086]
2641. inverse(divide(X1,divide(X4,divide(X0,X3)))) = divide(divide(X4,X0),divide(X1,X3)) [forward demodulation 2582,1948]
2671. divide(divide(divide(X3,inverse(X6)),inverse(X5)),X4) = divide(X1,divide(inverse(divide(X5,inverse(divide(X6,X0)))),divide(divide(divide(X3,X4),X1),inverse(X0)))) [forward demodulation 2614,667]
2692. divide(divide(divide(X4,inverse(X3)),inverse(X2)),X5) = divide(X2,inverse(divide(X3,divide(X5,X4)))) [forward demodulation 2637,594]
2695. divide(divide(X4,divide(X0,X3)),X1) = divide(divide(X4,X0),divide(X1,X3)) [forward demodulation 2641,1948]
2724. divide(divide(divide(X3,inverse(X6)),inverse(X5)),X4) = divide(X1,divide(inverse(X0),divide(divide(divide(X3,X4),X1),inverse(divide(X5,inverse(divide(X6,X0))))))) [forward demodulation 2671,2449]
2742. divide(divide(divide(X4,inverse(X3)),inverse(X2)),X5) = divide(X2,divide(divide(X5,X4),X3)) [forward demodulation 2692,1948]
2745. divide(divide(X4,X0),divide(X1,X3)) = divide(X4,divide(X1,divide(X3,X0))) [forward demodulation 2695,2057]
2773. divide(divide(divide(X3,inverse(X6)),inverse(X5)),X4) = divide(X0,inverse(divide(divide(X3,X4),inverse(divide(X5,inverse(divide(X6,X0))))))) [forward demodulation 2724,1324]
2790. divide(X2,divide(divide(X5,X4),X3)) = divide(X2,inverse(divide(divide(X4,inverse(X3)),X5))) [forward demodulation 2742,594]
2819. divide(divide(divide(X3,inverse(X6)),inverse(X5)),X4) = divide(X0,divide(inverse(divide(X5,inverse(divide(X6,X0)))),divide(X3,X4))) [forward demodulation 2773,1282]
2835. divide(X2,divide(divide(X5,X4),X3)) = divide(X2,divide(X5,divide(X4,inverse(X3)))) [forward demodulation 2790,1948]
2863. divide(divide(divide(X3,inverse(X6)),inverse(X5)),X4) = divide(divide(X5,inverse(divide(X6,X0))),divide(divide(X4,X0),X3)) [forward demodulation 2819,2629]
2877. divide(X2,divide(divide(X5,X4),X3)) = divide(X2,divide(divide(X5,X3),X4)) [forward demodulation 2835,2086]
2905. divide(divide(divide(X3,inverse(X6)),inverse(X5)),X4) = divide(divide(X6,X0),inverse(divide(X5,divide(divide(X4,X0),X3)))) [forward demodulation 2863,594]
2942. divide(divide(divide(X3,inverse(X6)),inverse(X5)),X4) = divide(divide(X6,X0),divide(divide(divide(X4,X0),X3),X5)) [forward demodulation 2905,1948]
2974. divide(divide(divide(X3,inverse(X6)),inverse(X5)),X4) = divide(X6,divide(divide(divide(X4,X0),X3),divide(X5,X0))) [forward demodulation 2942,2745]
3000. divide(divide(divide(X3,inverse(X6)),inverse(X5)),X4) = divide(X6,divide(X0,divide(X5,divide(divide(X4,X0),X3)))) [forward demodulation 2974,2449]
3023. divide(X6,divide(X0,divide(X5,divide(divide(X4,X0),X3)))) = divide(X5,inverse(divide(divide(X3,inverse(X6)),X4))) [forward demodulation 3000,594]
3042. divide(X6,divide(X0,divide(X5,divide(divide(X4,X0),X3)))) = divide(X5,divide(X4,divide(X3,inverse(X6)))) [forward demodulation 3023,1948]
3057. divide(X6,divide(X0,divide(X5,divide(divide(X4,X0),X3)))) = divide(X5,divide(divide(X4,X6),X3)) [forward demodulation 3042,2086]
3140. divide(divide(divide(X3,inverse(divide(X1,divide(X3,X4)))),inverse(X2)),X4) = divide(divide(X1,inverse(X2)),inverse(divide(X0,X0))) [superposition 55,1949]
3158. divide(X1,inverse(divide(X2,divide(X1,X3)))) = divide(divide(divide(X4,inverse(divide(X3,divide(X0,X0)))),inverse(X2)),X4) [superposition 29,1949]
3220. divide(X1,inverse(divide(X2,divide(X1,X3)))) = divide(X2,inverse(divide(divide(X4,inverse(divide(X3,divide(X0,X0)))),X4))) [forward demodulation 3158,594]
3236. divide(divide(divide(X3,inverse(divide(X1,divide(X3,X4)))),inverse(X2)),X4) = divide(X1,inverse(divide(X2,inverse(divide(X0,X0))))) [forward demodulation 3140,418]
3281. divide(X1,inverse(divide(X2,divide(X1,X3)))) = divide(X2,divide(X4,divide(X4,inverse(divide(X3,divide(X0,X0)))))) [forward demodulation 3220,1948]
3294. divide(divide(divide(X3,inverse(divide(X1,divide(X3,X4)))),inverse(X2)),X4) = divide(X1,divide(inverse(divide(X0,X0)),X2)) [forward demodulation 3236,1282]
3333. divide(X1,inverse(divide(X2,divide(X1,X3)))) = divide(X2,inverse(divide(X3,divide(X0,X0)))) [forward demodulation 3281,348]
3343. divide(divide(divide(X3,inverse(divide(X1,divide(X3,X4)))),inverse(X2)),X4) = divide(X1,divide(divide(X0,X0),X2)) [forward demodulation 3294,1948]
3379. divide(X1,inverse(divide(X2,divide(X1,X3)))) = divide(X2,divide(divide(X0,X0),X3)) [forward demodulation 3333,1948]
3388. divide(X2,inverse(divide(divide(X3,inverse(divide(X1,divide(X3,X4)))),X4))) = divide(X1,divide(divide(X0,X0),X2)) [forward demodulation 3343,594]
3421. divide(X3,inverse(X2)) = divide(X2,divide(divide(X0,X0),X3)) [forward demodulation 3379,58]
3429. divide(X2,divide(X4,divide(X3,inverse(divide(X1,divide(X3,X4)))))) = divide(X1,divide(divide(X0,X0),X2)) [forward demodulation 3388,1948]
3465. divide(X2,inverse(X1)) = divide(X2,divide(X4,divide(X3,inverse(divide(X1,divide(X3,X4)))))) [forward demodulation 3429,3421]
3491. divide(X2,inverse(X1)) = divide(X2,divide(divide(X4,divide(X1,divide(X3,X4))),X3)) [forward demodulation 3465,2086]
3514. divide(X2,inverse(X1)) = divide(X2,divide(divide(X4,X3),divide(X1,divide(X3,X4)))) [forward demodulation 3491,2877]
3532. divide(X2,inverse(X1)) = divide(X2,divide(X4,divide(X1,divide(divide(X3,X4),X3)))) [forward demodulation 3514,2745]
3546. divide(X2,inverse(X1)) = divide(X1,divide(divide(X3,X2),X3)) [forward demodulation 3532,3057]
3559. divide(X2,inverse(X1)) = divide(X1,inverse(X2)) [forward demodulation 3546,1316]
57658. divide(a4,inverse(b4)) != divide(a4,inverse(b4)) <- (~1) [superposition 9,3559]
57782. $false <- (~1) [trivial inequality removal 57658]
57783. 1 [avatar contradiction clause 57782]
60012. $false <- (~2) [forward subsumption resolution 13,418]
60013. 2 [avatar contradiction clause 60012]
60014. $false <- (~3) [forward subsumption resolution 17,227]
60015. 3 [avatar contradiction clause 60014]
60016. $false <- (~4) [forward subsumption resolution 21,1949]
60017. 4 [avatar contradiction clause 60016]
s1. ~4 | ~3 | ~2 | ~1 [sat_conversion 22]
s3. 1 [sat_conversion 57783]
s4. 2 [sat_conversion 60013]
s5. 3 [sat_conversion 60015]
s6. 4 [sat_conversion 60017]
s7. # [rat s1,s3,s4,s5,s6]
60018. $false [avatar sat refutation s7]
% SZS output end Proof for GRP096-1
% ------------------------------
% Version: Vampire 5.0.0 (Release build, commit 2e2c9b7b8 on 2026-01-17 12:24:14 +0100)
% Linked with Z3 4.14.0.0 3c47fd96cf5645d0c42b2c819d9e9a84380aa721 z3-4.8.4-9178-g3c47fd96c
% CaDiCaL version: 2.1.3
% Termination reason: Refutation
% Time elapsed: 0.438 s
% Peak memory usage: 69 MB
% Instructions burned: 1863 (million)
% ------------------------------
% ------------------------------
