% Running in auto input_syntax mode. Trying TPTP
% Refutation found. Thanks to Tanya!
% SZS status Unsatisfiable for GRP531-1
% SZS output start Proof for GRP531-1
1. divide(divide(X0,divide(X1,X2)),divide(X0,X1)) = X2 [input(axiom)]
2. multiply(X0,X1) = divide(X0,divide(divide(X2,X2),X1)) [input(axiom)]
3. inverse(X0) = divide(divide(X1,X1),X0) [input(axiom)]
4. multiply(multiply(a3,b3),c3) != multiply(a3,multiply(b3,c3)) [input(negated conjecture)]
5. multiply(X0,X1) = divide(X0,inverse(X1)) [forward demodulation 2,3]
6. inverse(X1) = divide(inverse(divide(X0,X0)),X1) [superposition 3,3]
10. divide(divide(X1,inverse(X0)),divide(X1,divide(X2,X2))) = X0 [superposition 1,3]
11. divide(X2,X3) = divide(divide(X1,X0),divide(X1,divide(X2,divide(X3,X0)))) [superposition 1,1]
12. inverse(X1) = divide(divide(X2,multiply(X0,X1)),divide(X2,X0)) [superposition 1,5]
13. divide(X0,divide(divide(X1,divide(X2,X0)),X1)) = X2 [superposition 1,1]
15. divide(divide(divide(X1,X1),divide(X0,X2)),inverse(X0)) = X2 [superposition 1,3]
19. inverse(divide(divide(X1,X0),X1)) = X0 [superposition 3,1]
20. multiply(divide(divide(X1,X1),divide(X0,X2)),X0) = X2 [forward demodulation 15,5]
22. divide(multiply(X1,X0),divide(X1,divide(X2,X2))) = X0 [forward demodulation 10,5]
23. multiply(inverse(divide(X0,X2)),X0) = X2 [forward demodulation 20,3]
28. inverse(inverse(X0)) = X0 [superposition 19,3]
34. multiply(X0,divide(X1,X0)) = X1 [superposition 23,19]
36. inverse(X0) = divide(divide(X1,X0),X1) [superposition 28,19]
37. divide(X1,X0) = multiply(X1,inverse(X0)) [superposition 5,28]
43. multiply(inverse(inverse(X0)),inverse(divide(X1,X1))) = X0 [superposition 23,6]
54. divide(inverse(inverse(X0)),divide(X1,X1)) = X0 [forward demodulation 43,37]
63. divide(X0,divide(X1,X1)) = X0 [forward demodulation 54,28]
66. divide(X1,divide(X2,X0)) = multiply(divide(X1,X2),X0) [superposition 34,1]
144. divide(X0,divide(X0,X1)) = X1 [superposition 1,63]
177. divide(divide(X2,divide(X0,X1)),X2) = multiply(inverse(X0),X1) [superposition 23,13]
180. divide(divide(X3,divide(X0,X2)),X3) = divide(divide(X1,X0),divide(X1,X2)) [superposition 1,13]
187. inverse(divide(X0,X2)) = divide(divide(X1,X0),divide(X1,X2)) [forward demodulation 180,36]
189. inverse(divide(X0,X1)) = multiply(inverse(X0),X1) [forward demodulation 177,36]
370. inverse(X1) = divide(X0,multiply(X0,X1)) [superposition 144,5]
390. divide(X1,X0) = multiply(inverse(X0),X1) [superposition 23,144]
440. divide(multiply(divide(X1,multiply(X1,X0)),X2),inverse(X0)) = X2 [superposition 22,12]
456. multiply(multiply(divide(X1,multiply(X1,X0)),X2),X0) = X2 [forward demodulation 440,5]
483. multiply(divide(X1,divide(multiply(X1,X0),X2)),X0) = X2 [forward demodulation 456,66]
502. divide(X1,divide(divide(multiply(X1,X0),X2),X0)) = X2 [forward demodulation 483,66]
715. divide(divide(X1,multiply(X2,X0)),X1) = divide(divide(X3,X2),divide(X3,inverse(X0))) [superposition 11,12]
782. divide(divide(X1,multiply(X2,X0)),X1) = inverse(divide(X2,inverse(X0))) [forward demodulation 715,187]
840. divide(divide(X1,multiply(X2,X0)),X1) = multiply(inverse(X2),inverse(X0)) [forward demodulation 782,189]
888. divide(divide(X1,multiply(X2,X0)),X1) = divide(inverse(X0),X2) [forward demodulation 840,390]
922. inverse(multiply(X2,X0)) = divide(inverse(X0),X2) [forward demodulation 888,36]
3206. multiply(X2,multiply(X1,X0)) = divide(X2,divide(inverse(X0),X1)) [superposition 5,922]
7175. multiply(multiply(X1,X2),X0) = divide(X1,divide(inverse(X0),X2)) [superposition 502,370]
7271. multiply(multiply(X1,X2),X0) = multiply(X1,multiply(X2,X0)) [forward demodulation 7175,3206]
55426. multiply(a3,multiply(b3,c3)) != multiply(a3,multiply(b3,c3)) [superposition 4,7271]
55495. $false [trivial inequality removal 55426]
% SZS output end Proof for GRP531-1
% ------------------------------
% Version: Vampire 5.0.0 (Release build, commit 2e2c9b7b8 on 2026-01-17 12:24:14 +0100)
% Linked with Z3 4.14.0.0 3c47fd96cf5645d0c42b2c819d9e9a84380aa721 z3-4.8.4-9178-g3c47fd96c
% CaDiCaL version: 2.1.3
% Termination reason: Refutation
% Time elapsed: 0.349 s
% Peak memory usage: 57 MB
% Instructions burned: 1422 (million)
% ------------------------------
% ------------------------------
